45.84.89.2 - - [02/Nov/2024:00:15:26 +0000] "GET / HTTP/1.1" 200 612 "-" "Mozilla/6.0 (Windows NT 10.0; Win64; x64) AppleWebKit/537.36 (KHTML, like Gecko) Chrome/127.0.0.0 Safari/537.36 Inspici (www.inspici.com)"
178.215.236.240 - - [02/Nov/2024:00:15:48 +0000] "GET /.git/config HTTP/1.1" 404 134 "-" "Opera/9.64 (Macintosh; PPC Mac OS X; U; en) Presto/2.1.1"
143.110.222.166 - - [02/Nov/2024:00:16:13 +0000] "GET / HTTP/1.1" 200 396 "-" "Mozilla/5.0 (iPhone; CPU iPhone OS 16_1 like Mac OS X) AppleWebKit/605.1.15 (KHTML, like Gecko) Version/16.1 Mobile/15E148 Safari/604.1"
178.215.238.68 - - [02/Nov/2024:00:34:11 +0000] "GET /login.rsp HTTP/1.1" 404 162 "-" "Hello World"
185.224.128.47 - - [02/Nov/2024:00:39:23 +0000] "GET / HTTP/1.1" 200 612 "-" "Mozilla/5.0 (Macintosh; Intel Mac OS X 10_15_7) AppleWebKit/537.36 (KHTML, like Gecko) Chrome/128.0.0.0 Safari/537.36"
179.43.191.98 - - [02/Nov/2024:00:39:32 +0000] "GET / HTTP/1.1" 200 612 "-" "-"
92.255.57.58 - - [02/Nov/2024:00:40:57 +0000] "\x16\x03\x01\x05\xA8\x01\x00\x05\xA4\x03\x03\xA6\x12\x1A\xADDl?\x80QV+\x7F-\xE7\xC9mr\x08u\xD8D\xCEo\xA3\xDFf\x99S\xDA\xBC\x94( \x91\xB6\xAA\xDC9\x5CD*6lU\xD6+\xA5S\xEFL\x07R\xD9\xEE\xDD/P\xFAH\xB6$\xE3\xBB\xA4\xC7\x00\x1A\xC0+\xC0/\xC0,\xC00\xCC\xA9\xCC\xA8\xC0\x09\xC0\x13\xC0" 400 166 "-" "-"
178.159.37.59 - - [02/Nov/2024:00:49:50 +0000] "GET /.env HTTP/1.1" 404 197 "-" "Mozilla/5.0 (Macintosh; Intel Mac OS X 10_15_7) AppleWebKit/537.36 (KHTML, like Gecko) Chrome/129.0.0.0 Safari/537.36"
87.120.115.119 - - [02/Nov/2024:00:51:40 +0000] "GET /_profiler/phpinfo HTTP/1.1" 404 197 "-" "Mozilla/5.0 (Windows NT 10.0; WOW64) AppleWebKit/537.36 (KHTML, like Gecko) Chrome/76.0.3809.100 Safari/537.36"
157.230.225.34 - - [02/Nov/2024:00:52:46 +0000] "GET / HTTP/1.1" 200 612 "-" "Mozilla/5.0 (Windows NT 10.0; Win64; x64; rv:109.0) Gecko/20100101 Firefox/118.0"
143.110.222.166 - - [02/Nov/2024:01:11:09 +0000] "GET / HTTP/1.1" 200 396 "-" "Mozilla/5.0 (iPhone; CPU iPhone OS 16_1 like Mac OS X) AppleWebKit/605.1.15 (KHTML, like Gecko) Version/16.1 Mobile/15E148 Safari/604.1"
172.169.205.153 - - [02/Nov/2024:01:17:20 +0000] "GET /manager/text/list HTTP/1.1" 404 134 "-" "Mozilla/5.0 zgrab/0.x"
167.94.145.109 - - [02/Nov/2024:01:18:23 +0000] "GET / HTTP/1.1" 200 612 "-" "-"
167.94.145.109 - - [02/Nov/2024:01:18:27 +0000] "GET / HTTP/1.1" 200 396 "-" "Mozilla/5.0 (compatible; CensysInspect/1.1; +https://about.censys.io/)"
167.94.145.109 - - [02/Nov/2024:01:18:27 +0000] "GET /favicon.ico HTTP/1.1" 404 134 "-" "Mozilla/5.0 (compatible; CensysInspect/1.1; +https://about.censys.io/)"
167.94.145.109 - - [02/Nov/2024:01:18:28 +0000] "PRI * HTTP/2.0" 400 166 "-" "-"
95.214.53.91 - - [02/Nov/2024:01:32:34 +0000] "GET / HTTP/1.1" 200 396 "-" "Mozilla/5.0 (Windows NT 10.0; Win64; x64) AppleWebKit/537.36 (KHTML, like Gecko) Chrome/90.0.4430.85 Safari/537.36 Edg/90.0.818.46"
117.235.67.217 - - [02/Nov/2024:01:40:07 +0000] "GET / HTTP/1.1" 200 612 "-" "Mozilla/5.0 (Windows NT 10.0; WOW64) AppleWebKit/537.36 (KHTML, like Gecko) Chrome/52.0.2743.116 Safari/537.36"
141.98.11.79 - - [02/Nov/2024:02:05:04 +0000] "GET / HTTP/1.1" 200 396 "-" "Mozilla/5.0 (Windows NT 10.0; Win64; x64) AppleWebKit/537.36 (KHTML, like Gecko) Chrome/90.0.4430.85 Safari/537.36 Edg/90.0.818.46"
143.110.222.166 - - [02/Nov/2024:02:08:47 +0000] "GET / HTTP/1.1" 200 396 "-" "Mozilla/5.0 (iPhone; CPU iPhone OS 16_1 like Mac OS X) AppleWebKit/605.1.15 (KHTML, like Gecko) Version/16.1 Mobile/15E148 Safari/604.1"
198.44.237.39 - - [02/Nov/2024:02:16:01 +0000] "\x16\x03\x01\x00\xEE\x01\x00\x00\xEA\x03\x03\xF1\xFD\xEE\x87\x84\xEA\xE5\xA0O\xA0\xFF\xE32\xFB\x87\x19c%^R\x85\x9A\xDDw\xBC\x11z\xDE\x0Fn\x9DW \x82\xF0\x01f\x7F\x81\x86s}\xD0\x15\xDC#\x92\x8E\xDA\x9F\x1C\xE8\xA0\xFB0\xDB\xF2\xC4\xE3)w\xB6J\xDB\xCC\x00&\xC0+\xC0/\xC0,\xC00\xCC\xA9\xCC\xA8\xC0\x09\xC0\x13\xC0" 400 166 "-" "-"
198.44.237.39 - - [02/Nov/2024:02:16:01 +0000] "GET / HTTP/1.1" 200 396 "-" "Mozilla/5.0 (Windows NT 10.0; WOW64) AppleWebKit/537.36 (KHTML, like Gecko) Chrome/71.0.3578.98 Safari/537.36"
93.174.93.12 - - [02/Nov/2024:02:22:34 +0000] "\x16\x03\x02\x01o\x01\x00\x01k\x03\x02RH\xC5\x1A#\xF7:N\xDF\xE2\xB4\x82/\xFF\x09T\x9F\xA7\xC4y\xB0h\xC6\x13\x8C\xA4\x1C=\x22\xE1\x1A\x98 \x84\xB4,\x85\xAFn\xE3Y\xBBbhl\xFF(=':\xA9\x82\xD9o\xC8\xA2\xD7\x93\x98\xB4\xEF\x80\xE5\xB9\x90\x00(\xC0" 400 166 "-" "-"
176.240.200.126 - - [02/Nov/2024:02:26:44 +0000] "HEAD / HTTP/1.1" 200 0 "-" "curl/7.81.0"
179.43.191.98 - - [02/Nov/2024:02:30:28 +0000] "GET / HTTP/1.1" 200 612 "-" "-"
178.159.37.59 - - [02/Nov/2024:02:35:43 +0000] "GET /.gitlab-ci.yml HTTP/1.1" 404 197 "-" "Mozilla/5.0 (Macintosh; Intel Mac OS X 10_15_7) AppleWebKit/537.36 (KHTML, like Gecko) Chrome/129.0.0.0 Safari/537.36"
13.91.164.9 - - [02/Nov/2024:02:59:45 +0000] "GET / HTTP/1.1" 200 396 "-" "Mozilla/5.0 zgrab/0.x"
198.44.237.38 - - [02/Nov/2024:03:05:27 +0000] "\x16\x03\x01\x00\xEE\x01\x00\x00\xEA\x03\x03\x18\xEBN\xF5\x96\xD0\x8De\x0E\xBF/\xEE\xB2\x97`j0\xA0\x7F\xCE\xBD7\xC5yq1\xFC\x87\xE8\x96\x1B\x8C 5\xD5\xD1n\x8E`>7DQ\x0FC\xFD5\xF4\x09\xCA\x1F\x22G\x0F\xDB\x82h\x02\xC67\xD0C!\xD7\xE9\x00&\xC0+\xC0/\xC0,\xC00\xCC\xA9\xCC\xA8\xC0\x09\xC0\x13\xC0" 400 166 "-" "-"
198.44.237.38 - - [02/Nov/2024:03:05:27 +0000] "GET / HTTP/1.1" 200 396 "-" "Mozilla/5.0 (Windows NT 10.0; WOW64) AppleWebKit/537.36 (KHTML, like Gecko) Chrome/71.0.3578.98 Safari/537.36"
143.110.222.166 - - [02/Nov/2024:03:05:42 +0000] "GET / HTTP/1.1" 200 396 "-" "Mozilla/5.0 (iPhone; CPU iPhone OS 16_1 like Mac OS X) AppleWebKit/605.1.15 (KHTML, like Gecko) Version/16.1 Mobile/15E148 Safari/604.1"
95.214.55.79 - - [02/Nov/2024:03:10:12 +0000] "GET / HTTP/1.1" 200 396 "-" "Mozilla/5.0 (Windows NT 10.0; Win64; x64) AppleWebKit/537.36 (KHTML, like Gecko) Chrome/90.0.4430.85 Safari/537.36 Edg/90.0.818.46"
45.79.181.179 - - [02/Nov/2024:03:47:09 +0000] "\x16\x03\x01\x00\xEE\x01\x00\x00\xEA\x03\x03#x\x8B\xEA\xCF]u\x16\x9A\xF2\xDF\x84\xC5jle\xC8$\xCD\x94\x95h\x1F\x10\xAD\xA4\xD2\xCFN\xF8\xD1\xF4 \xD7Z\xE0\xCBpXh\xAA\xAF\xD2\xF4\xB7`g'?\xB3\xD4\x9B\xD2\x87\x98\x99\xDB\x19SF\x04\x97?\xF9<\x00&\xC0+\xC0/\xC0,\xC00\xCC\xA9\xCC\xA8\xC0\x09\xC0\x13\xC0" 400 166 "-" "-"
143.110.222.166 - - [02/Nov/2024:04:02:16 +0000] "GET / HTTP/1.1" 200 396 "-" "Mozilla/5.0 (iPhone; CPU iPhone OS 16_1 like Mac OS X) AppleWebKit/605.1.15 (KHTML, like Gecko) Version/16.1 Mobile/15E148 Safari/604.1"
175.107.1.56 - - [02/Nov/2024:04:08:57 +0000] "GET /boaform/admin/formLogin?username=user&psd=user HTTP/1.0" 404 162 "-" "-"
198.235.24.174 - - [02/Nov/2024:04:25:25 +0000] "\x16\x03\x01\x00\xCA\x01\x00\x00\xC6\x03\x03p\xD9\xE7`!Q\x1E\x04M^O\xF3(\xA4\x0C|\xB9\xF6\x8E\x7F\x91M\x01N\xD3\xF7\x15\x96e\xE5\x13U\x00\x00h\xCC\x14\xCC\x13\xC0/\xC0+\xC00\xC0,\xC0\x11\xC0\x07\xC0'\xC0#\xC0\x13\xC0\x09\xC0(\xC0$\xC0\x14\xC0" 400 166 "-" "-"
198.235.24.174 - - [02/Nov/2024:04:25:25 +0000] "\x16\x03\x01\x00\xEE\x01\x00\x00\xEA\x03\x03\xAB}\xE9\xD11\xCA\xCB\x87\xBE\xF3p\xF8a]\x9E\xF9\xE4G\x14\xD6\xCEk\xF5\xC9\xEB\xDB\xE1\x03\xF2%\x06\x8A \x1E\xF6 }\x90|\xDB\x1F\x154c\x228&\x8C\xD58\xF3\x7F\xDD\xBE\xB0\xCD\x0F,\x82s\x9D\xF1wX\x9E\x00&\xC0+\xC0/\xC0,\xC00\xCC\xA9\xCC\xA8\xC0\x09\xC0\x13\xC0" 400 166 "-" "-"
114.41.85.205 - - [02/Nov/2024:04:34:51 +0000] "GET / HTTP/1.0" 200 612 "-" "Mozilla/5.0 (Linux; U; Android 4.0.3; ko-kr; LG-L160L Build/IML74K) AppleWebkit/534.30 (KHTML, like Gecko) Version/4.0 Mobile Safari/534.30"
143.110.222.166 - - [02/Nov/2024:05:13:58 +0000] "GET / HTTP/1.1" 200 396 "-" "Mozilla/5.0 (iPhone; CPU iPhone OS 16_1 like Mac OS X) AppleWebKit/605.1.15 (KHTML, like Gecko) Version/16.1 Mobile/15E148 Safari/604.1"
198.44.237.38 - - [02/Nov/2024:05:15:41 +0000] "\x16\x03\x01\x00\xEE\x01\x00\x00\xEA\x03\x03\xC1\x96\x07\xC6" 400 166 "-" "-"
198.44.237.38 - - [02/Nov/2024:05:15:41 +0000] "GET / HTTP/1.1" 200 396 "-" "Mozilla/5.0 (Windows NT 10.0; WOW64) AppleWebKit/537.36 (KHTML, like Gecko) Chrome/71.0.3578.98 Safari/537.36"
80.82.77.202 - - [02/Nov/2024:05:17:06 +0000] "GET / HTTP/1.0" 200 612 "-" "Mozilla/5.0 (iPhone; U; CPU iPhone OS 4_2_1 like Mac OS X; da-dk) AppleWebKit/533.17.9 (KHTML, like Gecko) Version/5.0.2 Mobile/8C148 Safari/6533.18.5"
104.152.52.241 - - [02/Nov/2024:05:23:51 +0000] "GET / HTTP/1.0" 200 612 "-" "masscan/1.3 (https://github.com/robertdavidgraham/masscan)"
143.110.222.166 - - [02/Nov/2024:05:58:20 +0000] "GET / HTTP/1.1" 200 396 "-" "Mozilla/5.0 (iPhone; CPU iPhone OS 16_1 like Mac OS X) AppleWebKit/605.1.15 (KHTML, like Gecko) Version/16.1 Mobile/15E148 Safari/604.1"
122.116.116.253 - - [02/Nov/2024:06:02:17 +0000] "GET / HTTP/1.0" 200 612 "-" "Mozilla/5.0 (Linux; U; Android 4.0.3; ko-kr; LG-L160L Build/IML74K) AppleWebkit/534.30 (KHTML, like Gecko) Version/4.0 Mobile Safari/534.30"
5.8.11.202 - - [02/Nov/2024:06:03:57 +0000] "GET / HTTP/1.0" 200 612 "-" "Mozilla/5.0 (X11; Linux i686) AppleWebKit/537.36 (KHTML, like Gecko) Ubuntu Chromium/60.0.3112.78 Chrome/60.0.3112.78 Safari/537.36"
216.73.161.108 - - [02/Nov/2024:06:10:37 +0000] "GET /.env HTTP/1.1" 404 197 "-" "Mozilla/5.0 (X11; Linux x86_64) AppleWebKit/537.36 (KHTML, like Gecko) Chrome/81.0.4044.129 Safari/537.36"
216.73.161.100 - - [02/Nov/2024:06:10:37 +0000] "POST / HTTP/1.1" 405 568 "-" "Mozilla/5.0 (X11; Linux x86_64) AppleWebKit/537.36 (KHTML, like Gecko) Chrome/81.0.4044.129 Safari/537.36"
216.73.161.99 - - [02/Nov/2024:06:10:38 +0000] "GET /sendgrid/.env HTTP/1.1" 404 197 "-" "Mozilla/5.0 (X11; Linux x86_64) AppleWebKit/537.36 (KHTML, like Gecko) Chrome/81.0.4044.129 Safari/537.36"
216.73.161.101 - - [02/Nov/2024:06:10:38 +0000] "POST / HTTP/1.1" 405 568 "-" "Mozilla/5.0 (X11; Linux x86_64) AppleWebKit/537.36 (KHTML, like Gecko) Chrome/81.0.4044.129 Safari/537.36"
185.191.126.248 - - [02/Nov/2024:06:15:42 +0000] "GET / HTTP/1.1" 200 612 "-" "-"
46.174.191.31 - - [02/Nov/2024:06:26:49 +0000] "GET / HTTP/1.0" 200 612 "-" "Mozilla/5.0 (Windows NT 6.1; WOW64; Trident/7.0; AS; rv:11.0) like Gecko"
23.94.41.179 - - [02/Nov/2024:06:31:47 +0000] "GET http://ifconfig.me/all.json HTTP/1.1" 404 134 "-" "Go-http-client/1.1"
198.12.108.96 - - [02/Nov/2024:06:31:58 +0000] "GET http://ifconfig.me/all.json HTTP/1.1" 404 134 "-" "Go-http-client/1.1"
141.98.11.79 - - [02/Nov/2024:06:34:34 +0000] "GET / HTTP/1.1" 200 612 "-" "-"
148.153.45.238 - - [02/Nov/2024:06:52:23 +0000] "GET /DemF HTTP/1.1" 404 134 "-" "Mozilla/5.0 (Macintosh; Intel Mac OS X 10.9; rv:32.0) Gecko/20100101 Firefox/32.0"
148.153.45.238 - - [02/Nov/2024:06:52:23 +0000] "GET /NJKz HTTP/1.1" 404 134 "-" "Mozilla/5.0 (Macintosh; Intel Mac OS X 10.9; rv:32.0) Gecko/20100101 Firefox/32.0"
148.153.45.238 - - [02/Nov/2024:06:52:23 +0000] "GET /aab8 HTTP/1.1" 404 134 "-" "Mozilla/5.0 (Macintosh; Intel Mac OS X 10.9; rv:32.0) Gecko/20100101 Firefox/32.0"
148.153.45.238 - - [02/Nov/2024:06:52:23 +0000] "GET /jquery-3.3.1.slim.min.js HTTP/1.1" 404 134 "-" "Mozilla/5.0 (Macintosh; Intel Mac OS X 10.9; rv:32.0) Gecko/20100101 Firefox/32.0"
148.153.45.238 - - [02/Nov/2024:06:52:23 +0000] "GET /aab9 HTTP/1.1" 404 134 "-" "Mozilla/5.0 (Macintosh; Intel Mac OS X 10.9; rv:32.0) Gecko/20100101 Firefox/32.0"
148.153.45.238 - - [02/Nov/2024:06:52:23 +0000] "GET /jquery-3.3.2.slim.min.js HTTP/1.1" 404 134 "-" "Mozilla/5.0 (Macintosh; Intel Mac OS X 10.9; rv:32.0) Gecko/20100101 Firefox/32.0"
185.224.128.47 - - [02/Nov/2024:07:07:59 +0000] "GET / HTTP/1.1" 200 612 "-" "Mozilla/5.0 (Macintosh; Intel Mac OS X 10_15_7) AppleWebKit/537.36 (KHTML, like Gecko) Chrome/128.0.0.0 Safari/537.36"
143.110.222.166 - - [02/Nov/2024:07:13:03 +0000] "GET / HTTP/1.1" 200 396 "-" "Mozilla/5.0 (iPhone; CPU iPhone OS 16_1 like Mac OS X) AppleWebKit/605.1.15 (KHTML, like Gecko) Version/16.1 Mobile/15E148 Safari/604.1"
5.8.11.202 - - [02/Nov/2024:07:25:19 +0000] "\x16\x03\x02\x01o\x01\x00\x01k\x03\x02RH\xC5\x1A#\xF7:N\xDF\xE2\xB4\x82/\xFF\x09T\x9F\xA7\xC4y\xB0h\xC6\x13\x8C\xA4\x1C=\x22\xE1\x1A\x98 \x84\xB4,\x85\xAFn\xE3Y\xBBbhl\xFF(=':\xA9\x82\xD9o\xC8\xA2\xD7\x93\x98\xB4\xEF\x80\xE5\xB9\x90\x00(\xC0" 400 166 "-" "-"
180.149.125.166 - - [02/Nov/2024:07:30:44 +0000] "GET /c/ HTTP/1.1" 404 197 "-" "Mozilla/5.0 (Windows NT 5.1; Win64; x64) AppleWebKit/537.36 (KHTML, like Gecko) Chrome/60.0.3112.90 Safari/537.36"
143.110.222.166 - - [02/Nov/2024:08:10:59 +0000] "GET / HTTP/1.1" 200 396 "-" "Mozilla/5.0 (iPhone; CPU iPhone OS 16_1 like Mac OS X) AppleWebKit/605.1.15 (KHTML, like Gecko) Version/16.1 Mobile/15E148 Safari/604.1"
147.185.132.216 - - [02/Nov/2024:08:15:03 +0000] "GET / HTTP/1.0" 200 612 "-" "Expanse, a Palo Alto Networks company, searches across the global IPv4 space multiple times per day to identify customers&#39; presences on the Internet. If you would like to be excluded from our scans, please send IP addresses/domains to: scaninfo@paloaltonetworks.com"
118.233.220.85 - - [02/Nov/2024:08:27:24 +0000] "GET / HTTP/1.0" 200 612 "-" "Mozilla/5.0 (Linux; U; Android 4.0.3; ko-kr; LG-L160L Build/IML74K) AppleWebkit/534.30 (KHTML, like Gecko) Version/4.0 Mobile Safari/534.30"
198.44.237.38 - - [02/Nov/2024:08:29:14 +0000] "\x16\x03\x01\x00\xEE\x01\x00\x00\xEA\x03\x03\xFAL\xAA\x8E\x9D\xA8-|ZPt W\xD2\x9B\x7F\xD0\xDC\xD2\xED\xD3\x11\x9A\xF1\xE6\xDA\xF5\x8C\xF5\x13#\x14 M'\x09K\x1C\xE6\x87\x16:" 400 166 "-" "-"
198.44.237.38 - - [02/Nov/2024:08:29:14 +0000] "GET / HTTP/1.1" 200 396 "-" "Mozilla/5.0 (Windows NT 10.0; WOW64) AppleWebKit/537.36 (KHTML, like Gecko) Chrome/71.0.3578.98 Safari/537.36"
87.120.113.56 - - [02/Nov/2024:09:06:11 +0000] "GET /.env HTTP/1.1" 404 134 "-" "Mozilla/5.0 (Macintosh; U; Intel Mac OS X 10.5; en-US; rv:1.9.1) Gecko/20090624 Firefox/3.5"
143.110.222.166 - - [02/Nov/2024:09:17:10 +0000] "GET / HTTP/1.1" 200 396 "-" "Mozilla/5.0 (iPhone; CPU iPhone OS 16_1 like Mac OS X) AppleWebKit/605.1.15 (KHTML, like Gecko) Version/16.1 Mobile/15E148 Safari/604.1"
90.194.151.126 - - [02/Nov/2024:09:55:04 +0000] "GET /ws HTTP/1.1" 101 1784 "-" "Mozilla/5.0 (Macintosh; Intel Mac OS X 10_15_7) AppleWebKit/537.36 (KHTML, like Gecko) Chrome/130.0.0.0 Safari/537.36"
143.110.222.166 - - [02/Nov/2024:10:05:52 +0000] "GET / HTTP/1.1" 200 396 "-" "Mozilla/5.0 (iPhone; CPU iPhone OS 16_1 like Mac OS X) AppleWebKit/605.1.15 (KHTML, like Gecko) Version/16.1 Mobile/15E148 Safari/604.1"
87.120.126.202 - - [02/Nov/2024:10:24:25 +0000] "GET /_profiler/phpinfo HTTP/1.1" 404 134 "-" "Mozilla/5.0 (Macintosh; Intel Mac OS X 10_15_7) AppleWebKit/605.1.15 (KHTML, like Gecko) Version/15.5 Safari/605.1.15"
87.121.86.55 - - [02/Nov/2024:10:26:26 +0000] "GET /.env HTTP/1.1" 404 162 "-" "Mozilla/5.0 (X11; Linux x86_64)"
122.118.164.72 - - [02/Nov/2024:10:26:50 +0000] "GET / HTTP/1.0" 200 612 "-" "Mozilla/5.0 (Linux; U; Android 4.0.3; ko-kr; LG-L160L Build/IML74K) AppleWebkit/534.30 (KHTML, like Gecko) Version/4.0 Mobile Safari/534.30"
45.140.188.18 - - [02/Nov/2024:10:39:55 +0000] "POST /boaform/admin/formLogin HTTP/1.1" 404 134 "http://138.197.205.253:80/admin/login.asp" "Mozilla/5.0 (X11; Ubuntu; Linux x86_64; rv:71.0) Gecko/20100101 Firefox/71.0"
45.140.188.18 - - [02/Nov/2024:10:39:55 +0000] "" 400 0 "-" "-"
102.38.13.77 - - [02/Nov/2024:10:40:23 +0000] "GET / HTTP/1.1" 200 612 "-" "Mozilla/5.0 (Windows NT 6.1; WOW64) AppleWebKit/537.36 (KHTML, like Gecko) Chrome/51.0.2704.103 Safari/537.36"
162.216.149.134 - - [02/Nov/2024:10:48:54 +0000] "GET / HTTP/1.1" 200 396 "-" "Expanse, a Palo Alto Networks company, searches across the global IPv4 space multiple times per day to identify customers&#39; presences on the Internet. If you would like to be excluded from our scans, please send IP addresses/domains to: scaninfo@paloaltonetworks.com"
95.214.55.79 - - [02/Nov/2024:10:56:45 +0000] "GET / HTTP/1.1" 200 396 "-" "Mozilla/5.0 (Windows NT 10.0; Win64; x64) AppleWebKit/537.36 (KHTML, like Gecko) Chrome/90.0.4430.85 Safari/537.36 Edg/90.0.818.46"
178.215.238.68 - - [02/Nov/2024:11:07:22 +0000] "GET /login.rsp HTTP/1.1" 404 162 "-" "Hello World"
179.43.191.98 - - [02/Nov/2024:11:07:36 +0000] "GET / HTTP/1.1" 200 612 "-" "-"
143.110.222.166 - - [02/Nov/2024:11:20:15 +0000] "GET / HTTP/1.1" 200 396 "-" "Mozilla/5.0 (iPhone; CPU iPhone OS 16_1 like Mac OS X) AppleWebKit/605.1.15 (KHTML, like Gecko) Version/16.1 Mobile/15E148 Safari/604.1"
64.62.197.105 - - [02/Nov/2024:11:45:34 +0000] "GET / HTTP/1.1" 200 396 "-" "Mozilla/5.0 (X11; Ubuntu; Linux x86_64; rv:125.0) Gecko/20100101 Firefox/125.0"
64.62.197.100 - - [02/Nov/2024:11:46:38 +0000] "GET /webui/ HTTP/1.1" 404 197 "-" "Mozilla/5.0 (Windows NT 6.1; Win64; x64) AppleWebKit/537.36 (KHTML, like Gecko) Chrome/109.0.0.0 Safari/537.36"
64.62.197.101 - - [02/Nov/2024:11:47:29 +0000] "GET /favicon.ico HTTP/1.1" 404 197 "-" "Mozilla/5.0 (Windows NT 10.0; Win64; x64) AppleWebKit/537.36 (KHTML, like Gecko) Chrome/120.0.0.0 YaBrowser/24.1.0.0 Safari/537.36"
64.62.197.102 - - [02/Nov/2024:11:47:51 +0000] "GET /geoserver/web/ HTTP/1.1" 404 134 "-" "Mozilla/5.0 (X11; Ubuntu; Linux x86_64; rv:125.0) Gecko/20100101 Firefox/125.0"
34.140.231.8 - - [02/Nov/2024:12:00:20 +0000] "GET / HTTP/1.1" 200 396 "-" "python-requests/2.32.3"
1.231.222.26 - - [02/Nov/2024:12:08:37 +0000] "GET / HTTP/1.0" 200 612 "-" "Mozilla/5.0 (Linux; U; Android 4.0.3; ko-kr; LG-L160L Build/IML74K) AppleWebkit/534.30 (KHTML, like Gecko) Version/4.0 Mobile Safari/534.30"
143.110.222.166 - - [02/Nov/2024:12:09:05 +0000] "GET / HTTP/1.1" 200 396 "-" "Mozilla/5.0 (iPhone; CPU iPhone OS 16_1 like Mac OS X) AppleWebKit/605.1.15 (KHTML, like Gecko) Version/16.1 Mobile/15E148 Safari/604.1"
141.98.11.178 - - [02/Nov/2024:12:31:47 +0000] "GET /cgi-bin/luci/;stok=/locale HTTP/1.1" 404 162 "-" "Hello"
185.191.126.248 - - [02/Nov/2024:12:39:13 +0000] "GET / HTTP/1.1" 200 612 "-" "-"
168.232.12.228 - - [02/Nov/2024:12:54:50 +0000] "GET / HTTP/1.1" 200 612 "-" "Mozilla/5.0 (Macintosh; Intel Mac OS X 10_11_6) AppleWebKit/601.7.7 (KHTML, like Gecko) Version/9.1.2 Safari/601.7.7"
143.110.222.166 - - [02/Nov/2024:12:59:58 +0000] "GET / HTTP/1.1" 200 396 "-" "Mozilla/5.0 (iPhone; CPU iPhone OS 16_1 like Mac OS X) AppleWebKit/605.1.15 (KHTML, like Gecko) Version/16.1 Mobile/15E148 Safari/604.1"
95.214.53.91 - - [02/Nov/2024:13:07:17 +0000] "GET / HTTP/1.1" 200 396 "-" "Mozilla/5.0 (Windows NT 10.0; Win64; x64) AppleWebKit/537.36 (KHTML, like Gecko) Chrome/90.0.4430.85 Safari/537.36 Edg/90.0.818.46"
185.224.128.47 - - [02/Nov/2024:13:19:12 +0000] "GET / HTTP/1.1" 200 612 "-" "Mozilla/5.0 (Macintosh; Intel Mac OS X 10_15_7) AppleWebKit/537.36 (KHTML, like Gecko) Chrome/128.0.0.0 Safari/537.36"
80.75.212.46 - - [02/Nov/2024:13:29:56 +0000] "GET /login.rsp HTTP/1.1" 404 162 "-" "Hello World"
47.242.231.143 - - [02/Nov/2024:13:41:31 +0000] "\x16\x03\x01\x00\xEE\x01\x00\x00\xEA\x03\x03X\xF4\xB6\xF0\xD9Q\xFC\x1Eb\xE8i\x16\xB8:\xDE\xA1\xC5\xA07\xA3\xE8\x1D\xC2\xDD\xE5\x93N\xB0\xDBK\xED\xE0 kB\x19\x04\x1B\x05\xFE\xC0\x9A\xDE\xE1\xBAovp\xC6\xF4\xBF\xF8\xC6\x9C\xA8\xAD\xD1;\xBA\xD7{\x98g\xEE\xD0\x00&\xC0+\xC0/\xC0,\xC00\xCC\xA9\xCC\xA8\xC0\x09\xC0\x13\xC0" 400 166 "-" "-"
47.242.231.143 - - [02/Nov/2024:13:41:31 +0000] "GET / HTTP/1.1" 200 396 "-" "Mozilla/5.0 (Windows NT 10.0; WOW64) AppleWebKit/537.36 (KHTML, like Gecko) Chrome/71.0.3578.98 Safari/537.36"
46.174.191.32 - - [02/Nov/2024:13:45:30 +0000] "GET / HTTP/1.0" 200 612 "-" "Mozilla/5.0 (Windows NT 6.1; WOW64; Trident/7.0; AS; rv:11.0) like Gecko"
179.43.191.98 - - [02/Nov/2024:13:52:37 +0000] "GET / HTTP/1.1" 200 612 "-" "-"
80.82.77.202 - - [02/Nov/2024:13:57:44 +0000] "\x16\x03\x02\x01o\x01\x00\x01k\x03\x02RH\xC5\x1A#\xF7:N\xDF\xE2\xB4\x82/\xFF\x09T\x9F\xA7\xC4y\xB0h\xC6\x13\x8C\xA4\x1C=\x22\xE1\x1A\x98 \x84\xB4,\x85\xAFn\xE3Y\xBBbhl\xFF(=':\xA9\x82\xD9o\xC8\xA2\xD7\x93\x98\xB4\xEF\x80\xE5\xB9\x90\x00(\xC0" 400 166 "-" "-"
143.110.222.166 - - [02/Nov/2024:14:02:47 +0000] "GET / HTTP/1.1" 200 396 "-" "Mozilla/5.0 (iPhone; CPU iPhone OS 16_1 like Mac OS X) AppleWebKit/605.1.15 (KHTML, like Gecko) Version/16.1 Mobile/15E148 Safari/604.1"
185.191.126.248 - - [02/Nov/2024:14:12:11 +0000] "GET / HTTP/1.1" 200 612 "-" "-"
216.218.206.68 - - [02/Nov/2024:14:19:55 +0000] "\x16\x03\x01\x00{\x01\x00\x00w\x03\x03\x9E\xC4\xFB3\x17\xBD\x9E\xEE\x0C\xE2(\x02\xA9\xE9-\xF2\xB3\xE7\x04\x02+\x80\x96\x1BCD[\x1F\x04=\x139\x00\x00\x1A\xC0/\xC0+\xC0\x11\xC0\x07\xC0\x13\xC0\x09\xC0\x14\xC0" 400 166 "-" "-"
123.58.207.127 - - [02/Nov/2024:14:21:00 +0000] "\x16\x03\x01\x01\x17\x01\x00\x01\x13\x03\x03" 400 166 "-" "-"
123.58.207.127 - - [02/Nov/2024:14:21:10 +0000] "GET / HTTP/1.1" 200 612 "-" "Mozilla/5.0 (Macintosh; Intel Mac OS X 10_15_7) AppleWebKit/537.36 (KHTML, like Gecko) Chrome/120.0.0.0 Safari/537.36 Edg/120.0.0.0"
123.58.207.127 - - [02/Nov/2024:14:21:28 +0000] "GET /favicon.ico HTTP/1.1" 404 197 "-" "Mozilla/5.0 (Macintosh; Intel Mac OS X 10_7_0) AppleWebKit/535.11 (KHTML, like Gecko) Chrome/17.0.963.56 Safari/535.11"
123.58.207.127 - - [02/Nov/2024:14:21:29 +0000] "GET /robots.txt HTTP/1.1" 404 197 "-" "Mozilla/5.0 (Macintosh; Intel Mac OS X 10_7_0) AppleWebKit/535.11 (KHTML, like Gecko) Chrome/17.0.963.56 Safari/535.11"
123.58.207.127 - - [02/Nov/2024:14:21:29 +0000] "GET /sitemap.xml HTTP/1.1" 404 197 "-" "Mozilla/5.0 (Macintosh; Intel Mac OS X 10_7_0) AppleWebKit/535.11 (KHTML, like Gecko) Chrome/17.0.963.56 Safari/535.11"
123.58.207.127 - - [02/Nov/2024:14:21:29 +0000] "GET /config.json HTTP/1.1" 404 197 "-" "Mozilla/5.0 (Macintosh; Intel Mac OS X 10_7_0) AppleWebKit/535.11 (KHTML, like Gecko) Chrome/17.0.963.56 Safari/535.11"
141.98.11.178 - - [02/Nov/2024:14:47:25 +0000] "GET / HTTP/1.1" 200 612 "-" "-"
179.43.191.98 - - [02/Nov/2024:15:12:35 +0000] "GET / HTTP/1.1" 200 612 "-" "-"
185.191.126.248 - - [02/Nov/2024:15:13:39 +0000] "GET / HTTP/1.1" 200 612 "-" "-"
112.254.36.175 - - [02/Nov/2024:15:17:01 +0000] "POST /cgi-bin/.%2e/.%2e/.%2e/.%2e/.%2e/.%2e/.%2e/.%2e/.%2e/.%2e/bin/sh HTTP/1.1" 400 166 "-" "-"
112.254.36.175 - - [02/Nov/2024:15:17:01 +0000] "POST /cgi-bin/%%32%65%%32%65/%%32%65%%32%65/%%32%65%%32%65/%%32%65%%32%65/%%32%65%%32%65/%%32%65%%32%65/%%32%65%%32%65/bin/sh HTTP/1.1" 400 166 "-" "-"
112.254.36.175 - - [02/Nov/2024:15:17:01 +0000] "POST /hello.world?%ADd+allow_url_include%3d1+%ADd+auto_prepend_file%3dphp://input HTTP/1.1" 404 162 "-" "Custom-AsyncHttpClient"
112.254.36.175 - - [02/Nov/2024:15:17:02 +0000] "GET /vendor/phpunit/phpunit/src/Util/PHP/eval-stdin.php HTTP/1.1" 404 162 "-" "Custom-AsyncHttpClient"
112.254.36.175 - - [02/Nov/2024:15:17:02 +0000] "GET /vendor/phpunit/phpunit/Util/PHP/eval-stdin.php HTTP/1.1" 404 162 "-" "Custom-AsyncHttpClient"
112.254.36.175 - - [02/Nov/2024:15:17:02 +0000] "GET /vendor/phpunit/src/Util/PHP/eval-stdin.php HTTP/1.1" 404 162 "-" "Custom-AsyncHttpClient"
112.254.36.175 - - [02/Nov/2024:15:17:02 +0000] "GET /vendor/phpunit/Util/PHP/eval-stdin.php HTTP/1.1" 404 162 "-" "Custom-AsyncHttpClient"
112.254.36.175 - - [02/Nov/2024:15:17:02 +0000] "GET /vendor/phpunit/phpunit/LICENSE/eval-stdin.php HTTP/1.1" 404 162 "-" "Custom-AsyncHttpClient"
112.254.36.175 - - [02/Nov/2024:15:17:03 +0000] "GET /vendor/vendor/phpunit/phpunit/src/Util/PHP/eval-stdin.php HTTP/1.1" 404 162 "-" "Custom-AsyncHttpClient"
112.254.36.175 - - [02/Nov/2024:15:17:03 +0000] "GET /phpunit/phpunit/src/Util/PHP/eval-stdin.php HTTP/1.1" 404 162 "-" "Custom-AsyncHttpClient"
112.254.36.175 - - [02/Nov/2024:15:17:03 +0000] "GET /phpunit/phpunit/Util/PHP/eval-stdin.php HTTP/1.1" 404 162 "-" "Custom-AsyncHttpClient"
112.254.36.175 - - [02/Nov/2024:15:17:03 +0000] "GET /phpunit/src/Util/PHP/eval-stdin.php HTTP/1.1" 404 162 "-" "Custom-AsyncHttpClient"
112.254.36.175 - - [02/Nov/2024:15:17:03 +0000] "GET /phpunit/Util/PHP/eval-stdin.php HTTP/1.1" 404 162 "-" "Custom-AsyncHttpClient"
112.254.36.175 - - [02/Nov/2024:15:17:04 +0000] "GET /lib/phpunit/phpunit/src/Util/PHP/eval-stdin.php HTTP/1.1" 404 162 "-" "Custom-AsyncHttpClient"
112.254.36.175 - - [02/Nov/2024:15:17:04 +0000] "GET /lib/phpunit/phpunit/Util/PHP/eval-stdin.php HTTP/1.1" 404 162 "-" "Custom-AsyncHttpClient"
112.254.36.175 - - [02/Nov/2024:15:17:04 +0000] "GET /lib/phpunit/src/Util/PHP/eval-stdin.php HTTP/1.1" 404 162 "-" "Custom-AsyncHttpClient"
112.254.36.175 - - [02/Nov/2024:15:17:04 +0000] "GET /lib/phpunit/Util/PHP/eval-stdin.php HTTP/1.1" 404 162 "-" "Custom-AsyncHttpClient"
112.254.36.175 - - [02/Nov/2024:15:17:04 +0000] "GET /lib/vendor/phpunit/phpunit/src/Util/PHP/eval-stdin.php HTTP/1.1" 404 162 "-" "Custom-AsyncHttpClient"
112.254.36.175 - - [02/Nov/2024:15:17:05 +0000] "GET /laravel/vendor/phpunit/phpunit/src/Util/PHP/eval-stdin.php HTTP/1.1" 404 162 "-" "Custom-AsyncHttpClient"
112.254.36.175 - - [02/Nov/2024:15:17:05 +0000] "GET /www/vendor/phpunit/phpunit/src/Util/PHP/eval-stdin.php HTTP/1.1" 404 162 "-" "Custom-AsyncHttpClient"
112.254.36.175 - - [02/Nov/2024:15:17:05 +0000] "GET /ws/vendor/phpunit/phpunit/src/Util/PHP/eval-stdin.php HTTP/1.1" 404 162 "-" "Custom-AsyncHttpClient"
112.254.36.175 - - [02/Nov/2024:15:17:05 +0000] "GET /yii/vendor/phpunit/phpunit/src/Util/PHP/eval-stdin.php HTTP/1.1" 404 162 "-" "Custom-AsyncHttpClient"
112.254.36.175 - - [02/Nov/2024:15:17:05 +0000] "GET /zend/vendor/phpunit/phpunit/src/Util/PHP/eval-stdin.php HTTP/1.1" 404 162 "-" "Custom-AsyncHttpClient"
112.254.36.175 - - [02/Nov/2024:15:17:06 +0000] "GET /ws/ec/vendor/phpunit/phpunit/src/Util/PHP/eval-stdin.php HTTP/1.1" 404 162 "-" "Custom-AsyncHttpClient"
112.254.36.175 - - [02/Nov/2024:15:17:06 +0000] "GET /V2/vendor/phpunit/phpunit/src/Util/PHP/eval-stdin.php HTTP/1.1" 404 162 "-" "Custom-AsyncHttpClient"
112.254.36.175 - - [02/Nov/2024:15:17:06 +0000] "GET /tests/vendor/phpunit/phpunit/src/Util/PHP/eval-stdin.php HTTP/1.1" 404 162 "-" "Custom-AsyncHttpClient"
112.254.36.175 - - [02/Nov/2024:15:17:06 +0000] "GET /test/vendor/phpunit/phpunit/src/Util/PHP/eval-stdin.php HTTP/1.1" 404 162 "-" "Custom-AsyncHttpClient"
112.254.36.175 - - [02/Nov/2024:15:17:06 +0000] "GET /testing/vendor/phpunit/phpunit/src/Util/PHP/eval-stdin.php HTTP/1.1" 404 162 "-" "Custom-AsyncHttpClient"
112.254.36.175 - - [02/Nov/2024:15:17:06 +0000] "GET /api/vendor/phpunit/phpunit/src/Util/PHP/eval-stdin.php HTTP/1.1" 404 162 "-" "Custom-AsyncHttpClient"
112.254.36.175 - - [02/Nov/2024:15:17:07 +0000] "GET /demo/vendor/phpunit/phpunit/src/Util/PHP/eval-stdin.php HTTP/1.1" 404 162 "-" "Custom-AsyncHttpClient"
112.254.36.175 - - [02/Nov/2024:15:17:07 +0000] "GET /cms/vendor/phpunit/phpunit/src/Util/PHP/eval-stdin.php HTTP/1.1" 404 162 "-" "Custom-AsyncHttpClient"
112.254.36.175 - - [02/Nov/2024:15:17:07 +0000] "GET /crm/vendor/phpunit/phpunit/src/Util/PHP/eval-stdin.php HTTP/1.1" 404 162 "-" "Custom-AsyncHttpClient"
112.254.36.175 - - [02/Nov/2024:15:17:07 +0000] "GET /admin/vendor/phpunit/phpunit/src/Util/PHP/eval-stdin.php HTTP/1.1" 404 162 "-" "Custom-AsyncHttpClient"
112.254.36.175 - - [02/Nov/2024:15:17:07 +0000] "GET /backup/vendor/phpunit/phpunit/src/Util/PHP/eval-stdin.php HTTP/1.1" 404 162 "-" "Custom-AsyncHttpClient"
112.254.36.175 - - [02/Nov/2024:15:17:08 +0000] "GET /blog/vendor/phpunit/phpunit/src/Util/PHP/eval-stdin.php HTTP/1.1" 404 162 "-" "Custom-AsyncHttpClient"
112.254.36.175 - - [02/Nov/2024:15:17:08 +0000] "GET /workspace/drupal/vendor/phpunit/phpunit/src/Util/PHP/eval-stdin.php HTTP/1.1" 404 162 "-" "Custom-AsyncHttpClient"
112.254.36.175 - - [02/Nov/2024:15:17:08 +0000] "GET /panel/vendor/phpunit/phpunit/src/Util/PHP/eval-stdin.php HTTP/1.1" 404 162 "-" "Custom-AsyncHttpClient"
112.254.36.175 - - [02/Nov/2024:15:17:08 +0000] "GET /public/vendor/phpunit/phpunit/src/Util/PHP/eval-stdin.php HTTP/1.1" 404 162 "-" "Custom-AsyncHttpClient"
112.254.36.175 - - [02/Nov/2024:15:17:08 +0000] "GET /apps/vendor/phpunit/phpunit/src/Util/PHP/eval-stdin.php HTTP/1.1" 404 162 "-" "Custom-AsyncHttpClient"
112.254.36.175 - - [02/Nov/2024:15:17:09 +0000] "GET /app/vendor/phpunit/phpunit/src/Util/PHP/eval-stdin.php HTTP/1.1" 404 162 "-" "Custom-AsyncHttpClient"
112.254.36.175 - - [02/Nov/2024:15:17:09 +0000] "GET /index.php?s=/index/\x5Cthink\x5Capp/invokefunction&function=call_user_func_array&vars[0]=md5&vars[1][]=Hello HTTP/1.1" 404 162 "-" "Custom-AsyncHttpClient"
112.254.36.175 - - [02/Nov/2024:15:17:09 +0000] "GET /public/index.php?s=/index/\x5Cthink\x5Capp/invokefunction&function=call_user_func_array&vars[0]=md5&vars[1][]=Hello HTTP/1.1" 404 162 "-" "Custom-AsyncHttpClient"
112.254.36.175 - - [02/Nov/2024:15:17:09 +0000] "GET /index.php?lang=../../../../../../../../usr/local/lib/php/pearcmd&+config-create+/&/<?echo(md5(\x22hi\x22));?>+/tmp/index1.php HTTP/1.1" 404 162 "-" "Custom-AsyncHttpClient"
112.254.36.175 - - [02/Nov/2024:15:17:09 +0000] "GET /index.php?lang=../../../../../../../../tmp/index1 HTTP/1.1" 404 162 "-" "Custom-AsyncHttpClient"
112.254.36.175 - - [02/Nov/2024:15:17:10 +0000] "GET /containers/json HTTP/1.1" 404 162 "-" "Custom-AsyncHttpClient"
143.110.222.166 - - [02/Nov/2024:15:19:31 +0000] "GET / HTTP/1.1" 200 396 "-" "Mozilla/5.0 (iPhone; CPU iPhone OS 16_1 like Mac OS X) AppleWebKit/605.1.15 (KHTML, like Gecko) Version/16.1 Mobile/15E148 Safari/604.1"
157.131.95.205 - - [02/Nov/2024:15:21:38 +0000] "GET / HTTP/1.1" 200 776 "-" "Mozilla/5.0 (Windows NT 10.0; Win64; x64) AppleWebKit/537.36 (KHTML, like Gecko) Chrome/130.0.0.0 Safari/537.36 Edg/130.0.0.0"
157.131.95.205 - - [02/Nov/2024:15:21:38 +0000] "GET /static/css/main.ff1e0983.css HTTP/1.1" 200 12173 "http://hn.jonudell.info/" "Mozilla/5.0 (Windows NT 10.0; Win64; x64) AppleWebKit/537.36 (KHTML, like Gecko) Chrome/130.0.0.0 Safari/537.36 Edg/130.0.0.0"
157.131.95.205 - - [02/Nov/2024:15:21:39 +0000] "GET /static/js/main.545510b4.js HTTP/1.1" 200 471985 "http://hn.jonudell.info/" "Mozilla/5.0 (Windows NT 10.0; Win64; x64) AppleWebKit/537.36 (KHTML, like Gecko) Chrome/130.0.0.0 Safari/537.36 Edg/130.0.0.0"
157.131.95.205 - - [02/Nov/2024:15:21:39 +0000] "GET /static/js/330.54da5765.chunk.js HTTP/1.1" 200 1739 "http://hn.jonudell.info/" "Mozilla/5.0 (Windows NT 10.0; Win64; x64) AppleWebKit/537.36 (KHTML, like Gecko) Chrome/130.0.0.0 Safari/537.36 Edg/130.0.0.0"
157.131.95.205 - - [02/Nov/2024:15:21:39 +0000] "GET /static/js/393.d2a411df.chunk.js HTTP/1.1" 200 73114 "http://hn.jonudell.info/" "Mozilla/5.0 (Windows NT 10.0; Win64; x64) AppleWebKit/537.36 (KHTML, like Gecko) Chrome/130.0.0.0 Safari/537.36 Edg/130.0.0.0"
157.131.95.205 - - [02/Nov/2024:15:21:39 +0000] "GET /static/js/867.3d8437ff.chunk.js HTTP/1.1" 200 98562 "http://hn.jonudell.info/" "Mozilla/5.0 (Windows NT 10.0; Win64; x64) AppleWebKit/537.36 (KHTML, like Gecko) Chrome/130.0.0.0 Safari/537.36 Edg/130.0.0.0"
157.131.95.205 - - [02/Nov/2024:15:21:39 +0000] "GET /static/js/438.71903d8c.chunk.js HTTP/1.1" 200 1555368 "http://hn.jonudell.info/" "Mozilla/5.0 (Windows NT 10.0; Win64; x64) AppleWebKit/537.36 (KHTML, like Gecko) Chrome/130.0.0.0 Safari/537.36 Edg/130.0.0.0"
157.131.95.205 - - [02/Nov/2024:15:21:39 +0000] "GET /favicon.png HTTP/1.1" 200 1881 "http://hn.jonudell.info/?group_by=tag&tag=service" "Mozilla/5.0 (Windows NT 10.0; Win64; x64) AppleWebKit/537.36 (KHTML, like Gecko) Chrome/130.0.0.0 Safari/537.36 Edg/130.0.0.0"
157.131.95.205 - - [02/Nov/2024:15:21:39 +0000] "GET /favicon.svg HTTP/1.1" 200 1600 "http://hn.jonudell.info/?group_by=tag&tag=service" "Mozilla/5.0 (Windows NT 10.0; Win64; x64) AppleWebKit/537.36 (KHTML, like Gecko) Chrome/130.0.0.0 Safari/537.36 Edg/130.0.0.0"
157.131.95.205 - - [02/Nov/2024:15:21:43 +0000] "GET /ws HTTP/1.1" 101 1782 "-" "Mozilla/5.0 (Windows NT 10.0; Win64; x64) AppleWebKit/537.36 (KHTML, like Gecko) Chrome/130.0.0.0 Safari/537.36 Edg/130.0.0.0"
141.98.11.178 - - [02/Nov/2024:15:37:29 +0000] "GET / HTTP/1.1" 200 396 "-" "Mozilla/5.0 (Windows NT 10.0; Win64; x64) AppleWebKit/537.36 (KHTML, like Gecko) Chrome/90.0.4430.85 Safari/537.36 Edg/90.0.818.46"
93.174.93.12 - - [02/Nov/2024:15:38:39 +0000] "GET / HTTP/1.0" 200 612 "-" "Mozilla/5.0 (Macintosh; Intel Mac OS X 10_13_6) AppleWebKit/605.1.15 (KHTML, like Gecko) Version/12.0.2 Safari/605.1.15"
179.43.191.98 - - [02/Nov/2024:16:04:38 +0000] "GET / HTTP/1.1" 200 612 "-" "-"
143.110.222.166 - - [02/Nov/2024:16:07:55 +0000] "GET / HTTP/1.1" 200 396 "-" "Mozilla/5.0 (iPhone; CPU iPhone OS 16_1 like Mac OS X) AppleWebKit/605.1.15 (KHTML, like Gecko) Version/16.1 Mobile/15E148 Safari/604.1"
5.8.11.202 - - [02/Nov/2024:16:21:29 +0000] "GET / HTTP/1.0" 200 612 "-" "Mozilla/5.0 (Windows NT 10.0; Win64; x64) AppleWebKit/537.36 (KHTML, like Gecko) Chrome/62.0.3191.0 Safari/537.36"
185.191.126.248 - - [02/Nov/2024:16:45:56 +0000] "GET / HTTP/1.1" 200 612 "-" "-"
143.110.222.166 - - [02/Nov/2024:17:07:11 +0000] "GET / HTTP/1.1" 200 396 "-" "Mozilla/5.0 (iPhone; CPU iPhone OS 16_1 like Mac OS X) AppleWebKit/605.1.15 (KHTML, like Gecko) Version/16.1 Mobile/15E148 Safari/604.1"
90.194.151.126 - - [02/Nov/2024:17:12:18 +0000] "GET /ws HTTP/1.1" 101 1784 "-" "Mozilla/5.0 (Macintosh; Intel Mac OS X 10_15_7) AppleWebKit/537.36 (KHTML, like Gecko) Chrome/130.0.0.0 Safari/537.36"
178.215.238.68 - - [02/Nov/2024:17:15:52 +0000] "GET /login.rsp HTTP/1.1" 404 162 "-" "Hello World"
45.149.241.114 - - [02/Nov/2024:17:17:12 +0000] "GET /.git/config HTTP/1.1" 404 134 "-" "Mozilla/5.0 (Debian; Linux x86_64; rv:125.0) Gecko/20100101 Firefox/125.0"
179.43.191.98 - - [02/Nov/2024:17:17:27 +0000] "GET / HTTP/1.1" 200 612 "-" "-"
45.83.65.49 - - [02/Nov/2024:17:24:04 +0000] "GET / HTTP/1.1" 200 396 "-" "Mozilla/5.0 (Windows NT 10.0; Win64; x64; rv:65.0) Gecko/20100101 Firefox/65.0"
45.83.66.234 - - [02/Nov/2024:17:24:04 +0000] "GET /favicon.ico HTTP/1.1" 404 134 "-" "Mozilla/5.0 (Windows NT 10.0; Win64; x64; rv:65.0) Gecko/20100101 Firefox/65.0"
83.77.16.27 - - [02/Nov/2024:17:27:05 +0000] "GET / HTTP/1.0" 200 612 "-" "Mozilla/5.0 (Linux; U; Android 4.0.3; ko-kr; LG-L160L Build/IML74K) AppleWebkit/534.30 (KHTML, like Gecko) Version/4.0 Mobile Safari/534.30"
185.191.126.248 - - [02/Nov/2024:17:27:14 +0000] "GET / HTTP/1.1" 200 612 "-" "-"
141.98.11.178 - - [02/Nov/2024:17:40:32 +0000] "GET / HTTP/1.1" 200 612 "-" "Go-http-client/1.1"
179.43.191.98 - - [02/Nov/2024:17:48:16 +0000] "GET / HTTP/1.1" 200 612 "-" "-"
143.110.222.166 - - [02/Nov/2024:17:58:02 +0000] "GET / HTTP/1.1" 200 396 "-" "Mozilla/5.0 (iPhone; CPU iPhone OS 16_1 like Mac OS X) AppleWebKit/605.1.15 (KHTML, like Gecko) Version/16.1 Mobile/15E148 Safari/604.1"
95.214.55.79 - - [02/Nov/2024:18:02:36 +0000] "GET / HTTP/1.1" 200 396 "-" "Mozilla/5.0 (Windows NT 10.0; Win64; x64) AppleWebKit/537.36 (KHTML, like Gecko) Chrome/90.0.4430.85 Safari/537.36 Edg/90.0.818.46"
185.191.126.248 - - [02/Nov/2024:19:12:43 +0000] "GET / HTTP/1.1" 200 612 "-" "-"
136.144.19.42 - - [02/Nov/2024:19:18:31 +0000] "GET / HTTP/1.1" 200 396 "-" "Mozilla/5.0 (X11; Linux x86_64) AppleWebKit/537.36 (KHTML, like Gecko) Chrome/81.0.4044.129 Safari/537.36"
136.144.19.42 - - [02/Nov/2024:19:18:34 +0000] "GET /mail.php HTTP/1.1" 404 197 "-" "Mozilla/5.0 (X11; Linux x86_64) AppleWebKit/537.36 (KHTML, like Gecko) Chrome/81.0.4044.129 Safari/537.36"
136.144.19.42 - - [02/Nov/2024:19:18:34 +0000] "POST /mail.php HTTP/1.1" 404 197 "-" "Mozilla/5.0 (X11; Linux x86_64) AppleWebKit/537.36 (KHTML, like Gecko) Chrome/81.0.4044.129 Safari/537.36"
136.144.19.42 - - [02/Nov/2024:19:18:36 +0000] "GET /.aws/credentials HTTP/1.1" 404 197 "-" "Mozilla/5.0 (X11; Linux x86_64) AppleWebKit/537.36 (KHTML, like Gecko) Chrome/81.0.4044.129 Safari/537.36"
136.144.19.42 - - [02/Nov/2024:19:18:37 +0000] "POST /.aws/credentials HTTP/1.1" 404 197 "-" "Mozilla/5.0 (X11; Linux x86_64) AppleWebKit/537.36 (KHTML, like Gecko) Chrome/81.0.4044.129 Safari/537.36"
136.144.19.42 - - [02/Nov/2024:19:18:41 +0000] "GET /.aws/config HTTP/1.1" 404 197 "-" "Mozilla/5.0 (X11; Linux x86_64) AppleWebKit/537.36 (KHTML, like Gecko) Chrome/81.0.4044.129 Safari/537.36"
136.144.19.42 - - [02/Nov/2024:19:18:42 +0000] "POST /.aws/config HTTP/1.1" 404 197 "-" "Mozilla/5.0 (X11; Linux x86_64) AppleWebKit/537.36 (KHTML, like Gecko) Chrome/81.0.4044.129 Safari/537.36"
136.144.19.42 - - [02/Nov/2024:19:18:44 +0000] "GET /.env HTTP/1.1" 404 197 "-" "Mozilla/5.0 (X11; Linux x86_64) AppleWebKit/537.36 (KHTML, like Gecko) Chrome/81.0.4044.129 Safari/537.36"
136.144.19.42 - - [02/Nov/2024:19:18:45 +0000] "POST /.env HTTP/1.1" 404 197 "-" "Mozilla/5.0 (X11; Linux x86_64) AppleWebKit/537.36 (KHTML, like Gecko) Chrome/81.0.4044.129 Safari/537.36"
136.144.19.42 - - [02/Nov/2024:19:18:47 +0000] "GET /crm/.env HTTP/1.1" 404 197 "-" "Mozilla/5.0 (X11; Linux x86_64) AppleWebKit/537.36 (KHTML, like Gecko) Chrome/81.0.4044.129 Safari/537.36"
136.144.19.42 - - [02/Nov/2024:19:18:47 +0000] "POST /crm/.env HTTP/1.1" 404 197 "-" "Mozilla/5.0 (X11; Linux x86_64) AppleWebKit/537.36 (KHTML, like Gecko) Chrome/81.0.4044.129 Safari/537.36"
136.144.19.42 - - [02/Nov/2024:19:18:50 +0000] "GET /erp/.env HTTP/1.1" 404 197 "-" "Mozilla/5.0 (X11; Linux x86_64) AppleWebKit/537.36 (KHTML, like Gecko) Chrome/81.0.4044.129 Safari/537.36"
136.144.19.42 - - [02/Nov/2024:19:18:50 +0000] "POST /erp/.env HTTP/1.1" 404 197 "-" "Mozilla/5.0 (X11; Linux x86_64) AppleWebKit/537.36 (KHTML, like Gecko) Chrome/81.0.4044.129 Safari/537.36"
136.144.19.42 - - [02/Nov/2024:19:18:52 +0000] "GET /app/crm/.env HTTP/1.1" 404 197 "-" "Mozilla/5.0 (X11; Linux x86_64) AppleWebKit/537.36 (KHTML, like Gecko) Chrome/81.0.4044.129 Safari/537.36"
136.144.19.42 - - [02/Nov/2024:19:18:52 +0000] "POST /app/crm/.env HTTP/1.1" 404 197 "-" "Mozilla/5.0 (X11; Linux x86_64) AppleWebKit/537.36 (KHTML, like Gecko) Chrome/81.0.4044.129 Safari/537.36"
136.144.19.42 - - [02/Nov/2024:19:18:54 +0000] "GET /services/crm/.env HTTP/1.1" 404 197 "-" "Mozilla/5.0 (X11; Linux x86_64) AppleWebKit/537.36 (KHTML, like Gecko) Chrome/81.0.4044.129 Safari/537.36"
136.144.19.42 - - [02/Nov/2024:19:18:54 +0000] "POST /services/crm/.env HTTP/1.1" 404 197 "-" "Mozilla/5.0 (X11; Linux x86_64) AppleWebKit/537.36 (KHTML, like Gecko) Chrome/81.0.4044.129 Safari/537.36"
136.144.19.42 - - [02/Nov/2024:19:18:56 +0000] "GET /api/.env HTTP/1.1" 404 197 "-" "Mozilla/5.0 (X11; Linux x86_64) AppleWebKit/537.36 (KHTML, like Gecko) Chrome/81.0.4044.129 Safari/537.36"
136.144.19.42 - - [02/Nov/2024:19:18:57 +0000] "POST /api/.env HTTP/1.1" 404 197 "-" "Mozilla/5.0 (X11; Linux x86_64) AppleWebKit/537.36 (KHTML, like Gecko) Chrome/81.0.4044.129 Safari/537.36"
136.144.19.42 - - [02/Nov/2024:19:18:58 +0000] "GET /cms/.env HTTP/1.1" 404 197 "-" "Mozilla/5.0 (X11; Linux x86_64) AppleWebKit/537.36 (KHTML, like Gecko) Chrome/81.0.4044.129 Safari/537.36"
136.144.19.42 - - [02/Nov/2024:19:18:58 +0000] "POST /cms/.env HTTP/1.1" 404 197 "-" "Mozilla/5.0 (X11; Linux x86_64) AppleWebKit/537.36 (KHTML, like Gecko) Chrome/81.0.4044.129 Safari/537.36"
136.144.19.42 - - [02/Nov/2024:19:19:00 +0000] "GET /production/.env HTTP/1.1" 404 197 "-" "Mozilla/5.0 (X11; Linux x86_64) AppleWebKit/537.36 (KHTML, like Gecko) Chrome/81.0.4044.129 Safari/537.36"
136.144.19.42 - - [02/Nov/2024:19:19:00 +0000] "POST /production/.env HTTP/1.1" 404 197 "-" "Mozilla/5.0 (X11; Linux x86_64) AppleWebKit/537.36 (KHTML, like Gecko) Chrome/81.0.4044.129 Safari/537.36"
136.144.19.42 - - [02/Nov/2024:19:19:01 +0000] "GET /settings/.env HTTP/1.1" 404 197 "-" "Mozilla/5.0 (X11; Linux x86_64) AppleWebKit/537.36 (KHTML, like Gecko) Chrome/81.0.4044.129 Safari/537.36"
136.144.19.42 - - [02/Nov/2024:19:19:02 +0000] "POST /settings/.env HTTP/1.1" 404 197 "-" "Mozilla/5.0 (X11; Linux x86_64) AppleWebKit/537.36 (KHTML, like Gecko) Chrome/81.0.4044.129 Safari/537.36"
136.144.19.42 - - [02/Nov/2024:19:19:03 +0000] "GET /admin/.env HTTP/1.1" 404 197 "-" "Mozilla/5.0 (X11; Linux x86_64) AppleWebKit/537.36 (KHTML, like Gecko) Chrome/81.0.4044.129 Safari/537.36"
136.144.19.42 - - [02/Nov/2024:19:19:03 +0000] "POST /admin/.env HTTP/1.1" 404 197 "-" "Mozilla/5.0 (X11; Linux x86_64) AppleWebKit/537.36 (KHTML, like Gecko) Chrome/81.0.4044.129 Safari/537.36"
136.144.19.42 - - [02/Nov/2024:19:19:04 +0000] "GET /services/.env HTTP/1.1" 404 197 "-" "Mozilla/5.0 (X11; Linux x86_64) AppleWebKit/537.36 (KHTML, like Gecko) Chrome/81.0.4044.129 Safari/537.36"
136.144.19.42 - - [02/Nov/2024:19:19:05 +0000] "POST /services/.env HTTP/1.1" 404 197 "-" "Mozilla/5.0 (X11; Linux x86_64) AppleWebKit/537.36 (KHTML, like Gecko) Chrome/81.0.4044.129 Safari/537.36"
136.144.19.42 - - [02/Nov/2024:19:19:06 +0000] "GET /app/.env HTTP/1.1" 404 197 "-" "Mozilla/5.0 (X11; Linux x86_64) AppleWebKit/537.36 (KHTML, like Gecko) Chrome/81.0.4044.129 Safari/537.36"
136.144.19.42 - - [02/Nov/2024:19:19:06 +0000] "POST /app/.env HTTP/1.1" 404 197 "-" "Mozilla/5.0 (X11; Linux x86_64) AppleWebKit/537.36 (KHTML, like Gecko) Chrome/81.0.4044.129 Safari/537.36"
136.144.19.42 - - [02/Nov/2024:19:19:08 +0000] "GET /app/config/.env HTTP/1.1" 404 197 "-" "Mozilla/5.0 (X11; Linux x86_64) AppleWebKit/537.36 (KHTML, like Gecko) Chrome/81.0.4044.129 Safari/537.36"
136.144.19.42 - - [02/Nov/2024:19:19:08 +0000] "POST /app/config/.env HTTP/1.1" 404 197 "-" "Mozilla/5.0 (X11; Linux x86_64) AppleWebKit/537.36 (KHTML, like Gecko) Chrome/81.0.4044.129 Safari/537.36"
136.144.19.42 - - [02/Nov/2024:19:19:10 +0000] "GET /app/smtp/.env HTTP/1.1" 404 197 "-" "Mozilla/5.0 (X11; Linux x86_64) AppleWebKit/537.36 (KHTML, like Gecko) Chrome/81.0.4044.129 Safari/537.36"
136.144.19.42 - - [02/Nov/2024:19:19:10 +0000] "POST /app/smtp/.env HTTP/1.1" 404 197 "-" "Mozilla/5.0 (X11; Linux x86_64) AppleWebKit/537.36 (KHTML, like Gecko) Chrome/81.0.4044.129 Safari/537.36"
136.144.19.175 - - [02/Nov/2024:19:19:50 +0000] "GET /core/.env HTTP/1.1" 404 197 "-" "Mozilla/5.0 (X11; Linux x86_64) AppleWebKit/537.36 (KHTML, like Gecko) Chrome/81.0.4044.129 Safari/537.36"
136.144.19.175 - - [02/Nov/2024:19:19:50 +0000] "POST /core/.env HTTP/1.1" 404 197 "-" "Mozilla/5.0 (X11; Linux x86_64) AppleWebKit/537.36 (KHTML, like Gecko) Chrome/81.0.4044.129 Safari/537.36"
136.144.19.175 - - [02/Nov/2024:19:19:52 +0000] "GET /data/.env HTTP/1.1" 404 197 "-" "Mozilla/5.0 (X11; Linux x86_64) AppleWebKit/537.36 (KHTML, like Gecko) Chrome/81.0.4044.129 Safari/537.36"
136.144.19.175 - - [02/Nov/2024:19:19:53 +0000] "POST /data/.env HTTP/1.1" 404 197 "-" "Mozilla/5.0 (X11; Linux x86_64) AppleWebKit/537.36 (KHTML, like Gecko) Chrome/81.0.4044.129 Safari/537.36"
136.144.19.175 - - [02/Nov/2024:19:19:56 +0000] "GET /system/.env HTTP/1.1" 404 197 "-" "Mozilla/5.0 (X11; Linux x86_64) AppleWebKit/537.36 (KHTML, like Gecko) Chrome/81.0.4044.129 Safari/537.36"
136.144.19.175 - - [02/Nov/2024:19:19:57 +0000] "POST /system/.env HTTP/1.1" 404 197 "-" "Mozilla/5.0 (X11; Linux x86_64) AppleWebKit/537.36 (KHTML, like Gecko) Chrome/81.0.4044.129 Safari/537.36"
136.144.19.175 - - [02/Nov/2024:19:19:58 +0000] "GET /env/.env HTTP/1.1" 404 197 "-" "Mozilla/5.0 (X11; Linux x86_64) AppleWebKit/537.36 (KHTML, like Gecko) Chrome/81.0.4044.129 Safari/537.36"
136.144.19.175 - - [02/Nov/2024:19:19:58 +0000] "POST /env/.env HTTP/1.1" 404 197 "-" "Mozilla/5.0 (X11; Linux x86_64) AppleWebKit/537.36 (KHTML, like Gecko) Chrome/81.0.4044.129 Safari/537.36"
136.144.19.175 - - [02/Nov/2024:19:20:01 +0000] "GET /src/.env HTTP/1.1" 404 197 "-" "Mozilla/5.0 (X11; Linux x86_64) AppleWebKit/537.36 (KHTML, like Gecko) Chrome/81.0.4044.129 Safari/537.36"
136.144.19.175 - - [02/Nov/2024:19:20:01 +0000] "POST /src/.env HTTP/1.1" 404 197 "-" "Mozilla/5.0 (X11; Linux x86_64) AppleWebKit/537.36 (KHTML, like Gecko) Chrome/81.0.4044.129 Safari/537.36"
136.144.19.175 - - [02/Nov/2024:19:20:05 +0000] "GET /backend/config/.env HTTP/1.1" 404 197 "-" "Mozilla/5.0 (X11; Linux x86_64) AppleWebKit/537.36 (KHTML, like Gecko) Chrome/81.0.4044.129 Safari/537.36"
136.144.19.175 - - [02/Nov/2024:19:20:05 +0000] "POST /backend/config/.env HTTP/1.1" 404 197 "-" "Mozilla/5.0 (X11; Linux x86_64) AppleWebKit/537.36 (KHTML, like Gecko) Chrome/81.0.4044.129 Safari/537.36"
136.144.19.175 - - [02/Nov/2024:19:20:08 +0000] "GET /environment/.env HTTP/1.1" 404 197 "-" "Mozilla/5.0 (X11; Linux x86_64) AppleWebKit/537.36 (KHTML, like Gecko) Chrome/81.0.4044.129 Safari/537.36"
136.144.19.175 - - [02/Nov/2024:19:20:09 +0000] "POST /environment/.env HTTP/1.1" 404 197 "-" "Mozilla/5.0 (X11; Linux x86_64) AppleWebKit/537.36 (KHTML, like Gecko) Chrome/81.0.4044.129 Safari/537.36"
136.144.19.175 - - [02/Nov/2024:19:20:14 +0000] "GET /private/.env HTTP/1.1" 404 197 "-" "Mozilla/5.0 (X11; Linux x86_64) AppleWebKit/537.36 (KHTML, like Gecko) Chrome/81.0.4044.129 Safari/537.36"
136.144.19.175 - - [02/Nov/2024:19:20:14 +0000] "POST /private/.env HTTP/1.1" 404 197 "-" "Mozilla/5.0 (X11; Linux x86_64) AppleWebKit/537.36 (KHTML, like Gecko) Chrome/81.0.4044.129 Safari/537.36"
136.144.19.175 - - [02/Nov/2024:19:20:17 +0000] "GET /secure/.env HTTP/1.1" 404 197 "-" "Mozilla/5.0 (X11; Linux x86_64) AppleWebKit/537.36 (KHTML, like Gecko) Chrome/81.0.4044.129 Safari/537.36"
136.144.19.175 - - [02/Nov/2024:19:20:18 +0000] "POST /secure/.env HTTP/1.1" 404 197 "-" "Mozilla/5.0 (X11; Linux x86_64) AppleWebKit/537.36 (KHTML, like Gecko) Chrome/81.0.4044.129 Safari/537.36"
136.144.19.175 - - [02/Nov/2024:19:20:21 +0000] "GET /app/env/.env HTTP/1.1" 404 197 "-" "Mozilla/5.0 (X11; Linux x86_64) AppleWebKit/537.36 (KHTML, like Gecko) Chrome/81.0.4044.129 Safari/537.36"
136.144.19.175 - - [02/Nov/2024:19:20:21 +0000] "POST /app/env/.env HTTP/1.1" 404 197 "-" "Mozilla/5.0 (X11; Linux x86_64) AppleWebKit/537.36 (KHTML, like Gecko) Chrome/81.0.4044.129 Safari/537.36"
136.144.19.175 - - [02/Nov/2024:19:20:24 +0000] "GET /website/.env HTTP/1.1" 404 197 "-" "Mozilla/5.0 (X11; Linux x86_64) AppleWebKit/537.36 (KHTML, like Gecko) Chrome/81.0.4044.129 Safari/537.36"
136.144.19.175 - - [02/Nov/2024:19:20:25 +0000] "POST /website/.env HTTP/1.1" 404 197 "-" "Mozilla/5.0 (X11; Linux x86_64) AppleWebKit/537.36 (KHTML, like Gecko) Chrome/81.0.4044.129 Safari/537.36"
136.144.19.175 - - [02/Nov/2024:19:20:29 +0000] "GET /auth/.env HTTP/1.1" 404 197 "-" "Mozilla/5.0 (X11; Linux x86_64) AppleWebKit/537.36 (KHTML, like Gecko) Chrome/81.0.4044.129 Safari/537.36"
136.144.19.175 - - [02/Nov/2024:19:20:29 +0000] "POST /auth/.env HTTP/1.1" 404 197 "-" "Mozilla/5.0 (X11; Linux x86_64) AppleWebKit/537.36 (KHTML, like Gecko) Chrome/81.0.4044.129 Safari/537.36"
136.144.19.175 - - [02/Nov/2024:19:20:32 +0000] "GET /auth/config/.env HTTP/1.1" 404 197 "-" "Mozilla/5.0 (X11; Linux x86_64) AppleWebKit/537.36 (KHTML, like Gecko) Chrome/81.0.4044.129 Safari/537.36"
136.144.19.175 - - [02/Nov/2024:19:20:32 +0000] "POST /auth/config/.env HTTP/1.1" 404 197 "-" "Mozilla/5.0 (X11; Linux x86_64) AppleWebKit/537.36 (KHTML, like Gecko) Chrome/81.0.4044.129 Safari/537.36"
147.185.132.18 - - [02/Nov/2024:19:25:22 +0000] "GET / HTTP/1.0" 200 612 "-" "Expanse, a Palo Alto Networks company, searches across the global IPv4 space multiple times per day to identify customers&#39; presences on the Internet. If you would like to be excluded from our scans, please send IP addresses/domains to: scaninfo@paloaltonetworks.com"
94.72.101.21 - - [02/Nov/2024:19:29:28 +0000] "GET /config/database/src/Dockerfile HTTP/1.1" 404 564 "-" "Mozilla/5.0 (Macintosh; Intel Mac OS X 10_12_3) AppleWebKit/537.36 (KHTML, like Gecko) Chrome/56.0.2924.87 Safari/537.36"
94.72.101.21 - - [02/Nov/2024:19:29:28 +0000] "GET /config/aws/prod/config.json HTTP/1.1" 404 564 "-" "Mozilla/5.0 (Macintosh; Intel Mac OS X 10_12_3) AppleWebKit/537.36 (KHTML, like Gecko) Chrome/56.0.2924.87 Safari/537.36"
94.72.101.21 - - [02/Nov/2024:19:29:28 +0000] "GET /data/etl_jobs/v1/index.js HTTP/1.1" 404 564 "-" "Mozilla/5.0 (Macintosh; Intel Mac OS X 10_12_3) AppleWebKit/537.36 (KHTML, like Gecko) Chrome/56.0.2924.87 Safari/537.36"
94.72.101.21 - - [02/Nov/2024:19:29:29 +0000] "GET /compliance/reports/dev/main.js HTTP/1.1" 404 564 "-" "Mozilla/5.0 (Macintosh; Intel Mac OS X 10_12_3) AppleWebKit/537.36 (KHTML, like Gecko) Chrome/56.0.2924.87 Safari/537.36"
94.72.101.21 - - [02/Nov/2024:19:29:29 +0000] "GET /backend/express/v1/deployment.yaml HTTP/1.1" 404 564 "-" "Mozilla/5.0 (Macintosh; Intel Mac OS X 10_12_3) AppleWebKit/537.36 (KHTML, like Gecko) Chrome/56.0.2924.87 Safari/537.36"
94.72.101.21 - - [02/Nov/2024:19:29:29 +0000] "GET /data/etl_jobs/v2/requirements.txt HTTP/1.1" 404 564 "-" "Mozilla/5.0 (Macintosh; Intel Mac OS X 10_12_3) AppleWebKit/537.36 (KHTML, like Gecko) Chrome/56.0.2924.87 Safari/537.36"
94.72.101.21 - - [02/Nov/2024:19:29:29 +0000] "GET /microservices/user-service/prod/Dockerfile HTTP/1.1" 404 564 "-" "Mozilla/5.0 (Macintosh; Intel Mac OS X 10_12_3) AppleWebKit/537.36 (KHTML, like Gecko) Chrome/56.0.2924.87 Safari/537.36"
94.72.101.21 - - [02/Nov/2024:19:29:29 +0000] "GET /backend/fastapi/src/swagger.json HTTP/1.1" 404 564 "-" "Mozilla/5.0 (Macintosh; Intel Mac OS X 10_12_3) AppleWebKit/537.36 (KHTML, like Gecko) Chrome/56.0.2924.87 Safari/537.36"
94.72.101.21 - - [02/Nov/2024:19:29:30 +0000] "GET /config/azure/dist/service.yaml HTTP/1.1" 404 564 "-" "Mozilla/5.0 (Macintosh; Intel Mac OS X 10_12_3) AppleWebKit/537.36 (KHTML, like Gecko) Chrome/56.0.2924.87 Safari/537.36"
94.72.101.21 - - [02/Nov/2024:19:29:30 +0000] "GET /frontend/svelte-app/dev/deployment.yaml HTTP/1.1" 404 564 "-" "Mozilla/5.0 (Macintosh; Intel Mac OS X 10_12_3) AppleWebKit/537.36 (KHTML, like Gecko) Chrome/56.0.2924.87 Safari/537.36"
94.72.101.21 - - [02/Nov/2024:19:29:30 +0000] "GET /audit/logs/v1/setup.py HTTP/1.1" 404 564 "-" "Mozilla/5.0 (Macintosh; Intel Mac OS X 10_12_3) AppleWebKit/537.36 (KHTML, like Gecko) Chrome/56.0.2924.87 Safari/537.36"
94.72.101.21 - - [02/Nov/2024:19:29:31 +0000] "GET /docs/readme/v2/.env HTTP/1.1" 404 564 "-" "Mozilla/5.0 (Macintosh; Intel Mac OS X 10_12_3) AppleWebKit/537.36 (KHTML, like Gecko) Chrome/56.0.2924.87 Safari/537.36"
94.72.101.21 - - [02/Nov/2024:19:29:31 +0000] "GET /ci-cd/gitlab/v2/Dockerfile HTTP/1.1" 404 564 "-" "Mozilla/5.0 (Macintosh; Intel Mac OS X 10_12_3) AppleWebKit/537.36 (KHTML, like Gecko) Chrome/56.0.2924.87 Safari/537.36"
94.72.101.21 - - [02/Nov/2024:19:29:31 +0000] "GET /data_sources/dev/requirements.txt HTTP/1.1" 404 564 "-" "Mozilla/5.0 (Macintosh; Intel Mac OS X 10_12_3) AppleWebKit/537.36 (KHTML, like Gecko) Chrome/56.0.2924.87 Safari/537.36"
94.72.101.21 - - [02/Nov/2024:19:29:31 +0000] "GET /data/etl_jobs/dist/secrets.env HTTP/1.1" 404 564 "-" "Mozilla/5.0 (Macintosh; Intel Mac OS X 10_12_3) AppleWebKit/537.36 (KHTML, like Gecko) Chrome/56.0.2924.87 Safari/537.36"
94.72.101.21 - - [02/Nov/2024:19:29:31 +0000] "GET /backend/fastapi/src/Dockerfile HTTP/1.1" 404 564 "-" "Mozilla/5.0 (Macintosh; Intel Mac OS X 10_12_3) AppleWebKit/537.36 (KHTML, like Gecko) Chrome/56.0.2924.87 Safari/537.36"
94.72.101.21 - - [02/Nov/2024:19:29:31 +0000] "GET /ml/models/prod/setup.py HTTP/1.1" 404 564 "-" "Mozilla/5.0 (Macintosh; Intel Mac OS X 10_12_3) AppleWebKit/537.36 (KHTML, like Gecko) Chrome/56.0.2924.87 Safari/537.36"
94.72.101.21 - - [02/Nov/2024:19:29:32 +0000] "GET /docs/api_v2/prod/swagger.json HTTP/1.1" 404 564 "-" "Mozilla/5.0 (Macintosh; Intel Mac OS X 10_12_3) AppleWebKit/537.36 (KHTML, like Gecko) Chrome/56.0.2924.87 Safari/537.36"
94.72.101.21 - - [02/Nov/2024:19:29:32 +0000] "GET /data_sources/dist/requirements.txt HTTP/1.1" 404 564 "-" "Mozilla/5.0 (Macintosh; Intel Mac OS X 10_12_3) AppleWebKit/537.36 (KHTML, like Gecko) Chrome/56.0.2924.87 Safari/537.36"
94.72.101.21 - - [02/Nov/2024:19:29:32 +0000] "GET /config/env/prod/Dockerfile HTTP/1.1" 404 564 "-" "Mozilla/5.0 (Macintosh; Intel Mac OS X 10_12_3) AppleWebKit/537.36 (KHTML, like Gecko) Chrome/56.0.2924.87 Safari/537.36"
94.72.101.21 - - [02/Nov/2024:19:29:32 +0000] "GET /frontend/nextjs/src/swagger.json HTTP/1.1" 404 564 "-" "Mozilla/5.0 (Macintosh; Intel Mac OS X 10_12_3) AppleWebKit/537.36 (KHTML, like Gecko) Chrome/56.0.2924.87 Safari/537.36"
94.72.101.21 - - [02/Nov/2024:19:29:33 +0000] "GET /ci-cd/gitlab/v1/secrets.env HTTP/1.1" 404 564 "-" "Mozilla/5.0 (Macintosh; Intel Mac OS X 10_12_3) AppleWebKit/537.36 (KHTML, like Gecko) Chrome/56.0.2924.87 Safari/537.36"
94.72.101.21 - - [02/Nov/2024:19:29:33 +0000] "GET /ci-cd/github/prod/app.py HTTP/1.1" 404 564 "-" "Mozilla/5.0 (Macintosh; Intel Mac OS X 10_12_3) AppleWebKit/537.36 (KHTML, like Gecko) Chrome/56.0.2924.87 Safari/537.36"
94.72.101.21 - - [02/Nov/2024:19:29:33 +0000] "GET /documentation/architecture/src/policy.json HTTP/1.1" 404 564 "-" "Mozilla/5.0 (Macintosh; Intel Mac OS X 10_12_3) AppleWebKit/537.36 (KHTML, like Gecko) Chrome/56.0.2924.87 Safari/537.36"
94.72.101.21 - - [02/Nov/2024:19:29:33 +0000] "GET /audit/logs/prod/config.json HTTP/1.1" 404 564 "-" "Mozilla/5.0 (Macintosh; Intel Mac OS X 10_12_3) AppleWebKit/537.36 (KHTML, like Gecko) Chrome/56.0.2924.87 Safari/537.36"
94.72.101.21 - - [02/Nov/2024:19:29:34 +0000] "GET /microservices/payment-service/dist/Dockerfile HTTP/1.1" 404 564 "-" "Mozilla/5.0 (Macintosh; Intel Mac OS X 10_12_3) AppleWebKit/537.36 (KHTML, like Gecko) Chrome/56.0.2924.87 Safari/537.36"
94.72.101.21 - - [02/Nov/2024:19:29:34 +0000] "GET /backend/koa/dist/policy.json HTTP/1.1" 404 564 "-" "Mozilla/5.0 (Macintosh; Intel Mac OS X 10_12_3) AppleWebKit/537.36 (KHTML, like Gecko) Chrome/56.0.2924.87 Safari/537.36"
94.72.101.21 - - [02/Nov/2024:19:29:34 +0000] "GET /terraform/environments/prod/src/schema.sql HTTP/1.1" 404 564 "-" "Mozilla/5.0 (Macintosh; Intel Mac OS X 10_12_3) AppleWebKit/537.36 (KHTML, like Gecko) Chrome/56.0.2924.87 Safari/537.36"
94.72.101.21 - - [02/Nov/2024:19:29:34 +0000] "GET /backend/fastapi/prod/index.js HTTP/1.1" 404 564 "-" "Mozilla/5.0 (Macintosh; Intel Mac OS X 10_12_3) AppleWebKit/537.36 (KHTML, like Gecko) Chrome/56.0.2924.87 Safari/537.36"
94.72.101.21 - - [02/Nov/2024:19:29:34 +0000] "GET /backend/fastapi/dist/service.yaml HTTP/1.1" 404 564 "-" "Mozilla/5.0 (Macintosh; Intel Mac OS X 10_12_3) AppleWebKit/537.36 (KHTML, like Gecko) Chrome/56.0.2924.87 Safari/537.36"
94.72.101.21 - - [02/Nov/2024:19:29:35 +0000] "GET /secrets/dev/main.js HTTP/1.1" 404 564 "-" "Mozilla/5.0 (Macintosh; Intel Mac OS X 10_12_3) AppleWebKit/537.36 (KHTML, like Gecko) Chrome/56.0.2924.87 Safari/537.36"
94.72.101.21 - - [02/Nov/2024:19:29:35 +0000] "GET /config/aws/dev/swagger.json HTTP/1.1" 404 564 "-" "Mozilla/5.0 (Macintosh; Intel Mac OS X 10_12_3) AppleWebKit/537.36 (KHTML, like Gecko) Chrome/56.0.2924.87 Safari/537.36"
94.72.101.21 - - [02/Nov/2024:19:29:35 +0000] "GET /frontend/react-app/dev/schema.sql HTTP/1.1" 404 564 "-" "Mozilla/5.0 (Macintosh; Intel Mac OS X 10_12_3) AppleWebKit/537.36 (KHTML, like Gecko) Chrome/56.0.2924.87 Safari/537.36"
94.72.101.21 - - [02/Nov/2024:19:29:35 +0000] "GET /frontend/svelte-app/dist/app.py HTTP/1.1" 404 564 "-" "Mozilla/5.0 (Macintosh; Intel Mac OS X 10_12_3) AppleWebKit/537.36 (KHTML, like Gecko) Chrome/56.0.2924.87 Safari/537.36"
94.72.101.21 - - [02/Nov/2024:19:29:36 +0000] "GET /microservices/inventory/v1/app.py HTTP/1.1" 404 564 "-" "Mozilla/5.0 (Macintosh; Intel Mac OS X 10_12_3) AppleWebKit/537.36 (KHTML, like Gecko) Chrome/56.0.2924.87 Safari/537.36"
94.72.101.21 - - [02/Nov/2024:19:29:36 +0000] "GET /integrations/slack/prod/setup.py HTTP/1.1" 404 564 "-" "Mozilla/5.0 (Macintosh; Intel Mac OS X 10_12_3) AppleWebKit/537.36 (KHTML, like Gecko) Chrome/56.0.2924.87 Safari/537.36"
94.72.101.21 - - [02/Nov/2024:19:29:36 +0000] "GET /ci-cd/gitlab/v1/config.json HTTP/1.1" 404 564 "-" "Mozilla/5.0 (Macintosh; Intel Mac OS X 10_12_3) AppleWebKit/537.36 (KHTML, like Gecko) Chrome/56.0.2924.87 Safari/537.36"
94.72.101.21 - - [02/Nov/2024:19:31:47 +0000] "GET /config/database/src/Dockerfile HTTP/1.1" 404 564 "-" "Mozilla/5.0 (Macintosh; Intel Mac OS X 10_12_3) AppleWebKit/537.36 (KHTML, like Gecko) Chrome/56.0.2924.87 Safari/537.36"
94.72.101.21 - - [02/Nov/2024:19:31:47 +0000] "GET /config/aws/prod/config.json HTTP/1.1" 404 564 "-" "Mozilla/5.0 (Macintosh; Intel Mac OS X 10_12_3) AppleWebKit/537.36 (KHTML, like Gecko) Chrome/56.0.2924.87 Safari/537.36"
94.72.101.21 - - [02/Nov/2024:19:31:47 +0000] "GET /data/etl_jobs/v1/index.js HTTP/1.1" 404 564 "-" "Mozilla/5.0 (Macintosh; Intel Mac OS X 10_12_3) AppleWebKit/537.36 (KHTML, like Gecko) Chrome/56.0.2924.87 Safari/537.36"
94.72.101.21 - - [02/Nov/2024:19:31:48 +0000] "GET /compliance/reports/dev/main.js HTTP/1.1" 404 564 "-" "Mozilla/5.0 (Macintosh; Intel Mac OS X 10_12_3) AppleWebKit/537.36 (KHTML, like Gecko) Chrome/56.0.2924.87 Safari/537.36"
94.72.101.21 - - [02/Nov/2024:19:31:48 +0000] "GET /backend/express/v1/deployment.yaml HTTP/1.1" 404 564 "-" "Mozilla/5.0 (Macintosh; Intel Mac OS X 10_12_3) AppleWebKit/537.36 (KHTML, like Gecko) Chrome/56.0.2924.87 Safari/537.36"
94.72.101.21 - - [02/Nov/2024:19:31:48 +0000] "GET /data/etl_jobs/v2/requirements.txt HTTP/1.1" 404 564 "-" "Mozilla/5.0 (Macintosh; Intel Mac OS X 10_12_3) AppleWebKit/537.36 (KHTML, like Gecko) Chrome/56.0.2924.87 Safari/537.36"
94.72.101.21 - - [02/Nov/2024:19:31:48 +0000] "GET /microservices/user-service/prod/Dockerfile HTTP/1.1" 404 564 "-" "Mozilla/5.0 (Macintosh; Intel Mac OS X 10_12_3) AppleWebKit/537.36 (KHTML, like Gecko) Chrome/56.0.2924.87 Safari/537.36"
94.72.101.21 - - [02/Nov/2024:19:31:49 +0000] "GET /backend/fastapi/src/swagger.json HTTP/1.1" 404 564 "-" "Mozilla/5.0 (Macintosh; Intel Mac OS X 10_12_3) AppleWebKit/537.36 (KHTML, like Gecko) Chrome/56.0.2924.87 Safari/537.36"
94.72.101.21 - - [02/Nov/2024:19:31:49 +0000] "GET /config/azure/dist/service.yaml HTTP/1.1" 404 564 "-" "Mozilla/5.0 (Macintosh; Intel Mac OS X 10_12_3) AppleWebKit/537.36 (KHTML, like Gecko) Chrome/56.0.2924.87 Safari/537.36"
94.72.101.21 - - [02/Nov/2024:19:31:49 +0000] "GET /frontend/svelte-app/dev/deployment.yaml HTTP/1.1" 404 564 "-" "Mozilla/5.0 (Macintosh; Intel Mac OS X 10_12_3) AppleWebKit/537.36 (KHTML, like Gecko) Chrome/56.0.2924.87 Safari/537.36"
94.72.101.21 - - [02/Nov/2024:19:31:49 +0000] "GET /audit/logs/v1/setup.py HTTP/1.1" 404 564 "-" "Mozilla/5.0 (Macintosh; Intel Mac OS X 10_12_3) AppleWebKit/537.36 (KHTML, like Gecko) Chrome/56.0.2924.87 Safari/537.36"
94.72.101.21 - - [02/Nov/2024:19:31:49 +0000] "GET /docs/readme/v2/.env HTTP/1.1" 404 564 "-" "Mozilla/5.0 (Macintosh; Intel Mac OS X 10_12_3) AppleWebKit/537.36 (KHTML, like Gecko) Chrome/56.0.2924.87 Safari/537.36"
94.72.101.21 - - [02/Nov/2024:19:31:50 +0000] "GET /ci-cd/gitlab/v2/Dockerfile HTTP/1.1" 404 564 "-" "Mozilla/5.0 (Macintosh; Intel Mac OS X 10_12_3) AppleWebKit/537.36 (KHTML, like Gecko) Chrome/56.0.2924.87 Safari/537.36"
94.72.101.21 - - [02/Nov/2024:19:31:50 +0000] "GET /data_sources/dev/requirements.txt HTTP/1.1" 404 564 "-" "Mozilla/5.0 (Macintosh; Intel Mac OS X 10_12_3) AppleWebKit/537.36 (KHTML, like Gecko) Chrome/56.0.2924.87 Safari/537.36"
94.72.101.21 - - [02/Nov/2024:19:31:50 +0000] "GET /data/etl_jobs/dist/secrets.env HTTP/1.1" 404 564 "-" "Mozilla/5.0 (Macintosh; Intel Mac OS X 10_12_3) AppleWebKit/537.36 (KHTML, like Gecko) Chrome/56.0.2924.87 Safari/537.36"
94.72.101.21 - - [02/Nov/2024:19:31:50 +0000] "GET /backend/fastapi/src/Dockerfile HTTP/1.1" 404 564 "-" "Mozilla/5.0 (Macintosh; Intel Mac OS X 10_12_3) AppleWebKit/537.36 (KHTML, like Gecko) Chrome/56.0.2924.87 Safari/537.36"
94.72.101.21 - - [02/Nov/2024:19:31:51 +0000] "GET /ml/models/prod/setup.py HTTP/1.1" 404 564 "-" "Mozilla/5.0 (Macintosh; Intel Mac OS X 10_12_3) AppleWebKit/537.36 (KHTML, like Gecko) Chrome/56.0.2924.87 Safari/537.36"
94.72.101.21 - - [02/Nov/2024:19:31:51 +0000] "GET /docs/api_v2/prod/swagger.json HTTP/1.1" 404 564 "-" "Mozilla/5.0 (Macintosh; Intel Mac OS X 10_12_3) AppleWebKit/537.36 (KHTML, like Gecko) Chrome/56.0.2924.87 Safari/537.36"
94.72.101.21 - - [02/Nov/2024:19:31:51 +0000] "GET /data_sources/dist/requirements.txt HTTP/1.1" 404 564 "-" "Mozilla/5.0 (Macintosh; Intel Mac OS X 10_12_3) AppleWebKit/537.36 (KHTML, like Gecko) Chrome/56.0.2924.87 Safari/537.36"
94.72.101.21 - - [02/Nov/2024:19:31:52 +0000] "GET /config/env/prod/Dockerfile HTTP/1.1" 404 564 "-" "Mozilla/5.0 (Macintosh; Intel Mac OS X 10_12_3) AppleWebKit/537.36 (KHTML, like Gecko) Chrome/56.0.2924.87 Safari/537.36"
94.72.101.21 - - [02/Nov/2024:19:31:52 +0000] "GET /frontend/nextjs/src/swagger.json HTTP/1.1" 404 564 "-" "Mozilla/5.0 (Macintosh; Intel Mac OS X 10_12_3) AppleWebKit/537.36 (KHTML, like Gecko) Chrome/56.0.2924.87 Safari/537.36"
94.72.101.21 - - [02/Nov/2024:19:31:52 +0000] "GET /ci-cd/gitlab/v1/secrets.env HTTP/1.1" 404 564 "-" "Mozilla/5.0 (Macintosh; Intel Mac OS X 10_12_3) AppleWebKit/537.36 (KHTML, like Gecko) Chrome/56.0.2924.87 Safari/537.36"
94.72.101.21 - - [02/Nov/2024:19:31:52 +0000] "GET /ci-cd/github/prod/app.py HTTP/1.1" 404 564 "-" "Mozilla/5.0 (Macintosh; Intel Mac OS X 10_12_3) AppleWebKit/537.36 (KHTML, like Gecko) Chrome/56.0.2924.87 Safari/537.36"
94.72.101.21 - - [02/Nov/2024:19:31:52 +0000] "GET /documentation/architecture/src/policy.json HTTP/1.1" 404 564 "-" "Mozilla/5.0 (Macintosh; Intel Mac OS X 10_12_3) AppleWebKit/537.36 (KHTML, like Gecko) Chrome/56.0.2924.87 Safari/537.36"
94.72.101.21 - - [02/Nov/2024:19:31:52 +0000] "GET /audit/logs/prod/config.json HTTP/1.1" 404 564 "-" "Mozilla/5.0 (Macintosh; Intel Mac OS X 10_12_3) AppleWebKit/537.36 (KHTML, like Gecko) Chrome/56.0.2924.87 Safari/537.36"
94.72.101.21 - - [02/Nov/2024:19:31:53 +0000] "GET /microservices/payment-service/dist/Dockerfile HTTP/1.1" 404 564 "-" "Mozilla/5.0 (Macintosh; Intel Mac OS X 10_12_3) AppleWebKit/537.36 (KHTML, like Gecko) Chrome/56.0.2924.87 Safari/537.36"
94.72.101.21 - - [02/Nov/2024:19:31:54 +0000] "GET /backend/koa/dist/policy.json HTTP/1.1" 404 564 "-" "Mozilla/5.0 (Macintosh; Intel Mac OS X 10_12_3) AppleWebKit/537.36 (KHTML, like Gecko) Chrome/56.0.2924.87 Safari/537.36"
94.72.101.21 - - [02/Nov/2024:19:31:54 +0000] "GET /terraform/environments/prod/src/schema.sql HTTP/1.1" 404 564 "-" "Mozilla/5.0 (Macintosh; Intel Mac OS X 10_12_3) AppleWebKit/537.36 (KHTML, like Gecko) Chrome/56.0.2924.87 Safari/537.36"
94.72.101.21 - - [02/Nov/2024:19:31:54 +0000] "GET /backend/fastapi/prod/index.js HTTP/1.1" 404 564 "-" "Mozilla/5.0 (Macintosh; Intel Mac OS X 10_12_3) AppleWebKit/537.36 (KHTML, like Gecko) Chrome/56.0.2924.87 Safari/537.36"
94.72.101.21 - - [02/Nov/2024:19:31:54 +0000] "GET /backend/fastapi/dist/service.yaml HTTP/1.1" 404 564 "-" "Mozilla/5.0 (Macintosh; Intel Mac OS X 10_12_3) AppleWebKit/537.36 (KHTML, like Gecko) Chrome/56.0.2924.87 Safari/537.36"
94.72.101.21 - - [02/Nov/2024:19:31:54 +0000] "GET /secrets/dev/main.js HTTP/1.1" 404 564 "-" "Mozilla/5.0 (Macintosh; Intel Mac OS X 10_12_3) AppleWebKit/537.36 (KHTML, like Gecko) Chrome/56.0.2924.87 Safari/537.36"
94.72.101.21 - - [02/Nov/2024:19:31:54 +0000] "GET /config/aws/dev/swagger.json HTTP/1.1" 404 564 "-" "Mozilla/5.0 (Macintosh; Intel Mac OS X 10_12_3) AppleWebKit/537.36 (KHTML, like Gecko) Chrome/56.0.2924.87 Safari/537.36"
94.72.101.21 - - [02/Nov/2024:19:31:55 +0000] "GET /frontend/react-app/dev/schema.sql HTTP/1.1" 404 564 "-" "Mozilla/5.0 (Macintosh; Intel Mac OS X 10_12_3) AppleWebKit/537.36 (KHTML, like Gecko) Chrome/56.0.2924.87 Safari/537.36"
94.72.101.21 - - [02/Nov/2024:19:31:55 +0000] "GET /frontend/svelte-app/dist/app.py HTTP/1.1" 404 564 "-" "Mozilla/5.0 (Macintosh; Intel Mac OS X 10_12_3) AppleWebKit/537.36 (KHTML, like Gecko) Chrome/56.0.2924.87 Safari/537.36"
94.72.101.21 - - [02/Nov/2024:19:31:55 +0000] "GET /microservices/inventory/v1/app.py HTTP/1.1" 404 564 "-" "Mozilla/5.0 (Macintosh; Intel Mac OS X 10_12_3) AppleWebKit/537.36 (KHTML, like Gecko) Chrome/56.0.2924.87 Safari/537.36"
94.72.101.21 - - [02/Nov/2024:19:31:55 +0000] "GET /integrations/slack/prod/setup.py HTTP/1.1" 404 564 "-" "Mozilla/5.0 (Macintosh; Intel Mac OS X 10_12_3) AppleWebKit/537.36 (KHTML, like Gecko) Chrome/56.0.2924.87 Safari/537.36"
94.72.101.21 - - [02/Nov/2024:19:31:55 +0000] "GET /ci-cd/gitlab/v1/config.json HTTP/1.1" 404 564 "-" "Mozilla/5.0 (Macintosh; Intel Mac OS X 10_12_3) AppleWebKit/537.36 (KHTML, like Gecko) Chrome/56.0.2924.87 Safari/537.36"
94.72.101.21 - - [02/Nov/2024:19:31:55 +0000] "GET /data_sources/prod/setup.py HTTP/1.1" 404 564 "-" "Mozilla/5.0 (Macintosh; Intel Mac OS X 10_12_3) AppleWebKit/537.36 (KHTML, like Gecko) Chrome/56.0.2924.87 Safari/537.36"
94.72.101.21 - - [02/Nov/2024:19:31:56 +0000] "GET /backend/koa/prod/config.json HTTP/1.1" 404 564 "-" "Mozilla/5.0 (Macintosh; Intel Mac OS X 10_12_3) AppleWebKit/537.36 (KHTML, like Gecko) Chrome/56.0.2924.87 Safari/537.36"
94.72.101.21 - - [02/Nov/2024:19:31:56 +0000] "GET /security/vault/dev/README.md HTTP/1.1" 404 564 "-" "Mozilla/5.0 (Macintosh; Intel Mac OS X 10_12_3) AppleWebKit/537.36 (KHTML, like Gecko) Chrome/56.0.2924.87 Safari/537.36"
94.72.101.21 - - [02/Nov/2024:19:31:56 +0000] "GET /config/database/dist/requirements.txt HTTP/1.1" 404 564 "-" "Mozilla/5.0 (Macintosh; Intel Mac OS X 10_12_3) AppleWebKit/537.36 (KHTML, like Gecko) Chrome/56.0.2924.87 Safari/537.36"
94.72.101.21 - - [02/Nov/2024:19:31:57 +0000] "GET /pipelines/dataflow/src/deployment.yaml HTTP/1.1" 404 564 "-" "Mozilla/5.0 (Macintosh; Intel Mac OS X 10_12_3) AppleWebKit/537.36 (KHTML, like Gecko) Chrome/56.0.2924.87 Safari/537.36"
94.72.101.21 - - [02/Nov/2024:19:31:57 +0000] "GET /ci-cd/github/v1/README.md HTTP/1.1" 404 564 "-" "Mozilla/5.0 (Macintosh; Intel Mac OS X 10_12_3) AppleWebKit/537.36 (KHTML, like Gecko) Chrome/56.0.2924.87 Safari/537.36"
94.72.101.21 - - [02/Nov/2024:19:31:57 +0000] "GET /frontend/svelte-app/dev/service.yaml HTTP/1.1" 404 564 "-" "Mozilla/5.0 (Macintosh; Intel Mac OS X 10_12_3) AppleWebKit/537.36 (KHTML, like Gecko) Chrome/56.0.2924.87 Safari/537.36"
94.72.101.21 - - [02/Nov/2024:19:31:57 +0000] "GET /microservices/payment-service/src/config.json HTTP/1.1" 404 564 "-" "Mozilla/5.0 (Macintosh; Intel Mac OS X 10_12_3) AppleWebKit/537.36 (KHTML, like Gecko) Chrome/56.0.2924.87 Safari/537.36"
94.72.101.21 - - [02/Nov/2024:19:31:57 +0000] "GET /integrations/slack/v1/README.md HTTP/1.1" 404 564 "-" "Mozilla/5.0 (Macintosh; Intel Mac OS X 10_12_3) AppleWebKit/537.36 (KHTML, like Gecko) Chrome/56.0.2924.87 Safari/537.36"
94.72.101.21 - - [02/Nov/2024:19:31:57 +0000] "GET /terraform/environments/prod/v1/service.yaml HTTP/1.1" 404 564 "-" "Mozilla/5.0 (Macintosh; Intel Mac OS X 10_12_3) AppleWebKit/537.36 (KHTML, like Gecko) Chrome/56.0.2924.87 Safari/537.36"
94.72.101.21 - - [02/Nov/2024:19:31:58 +0000] "GET /integrations/twilio/prod/variables.tf HTTP/1.1" 404 564 "-" "Mozilla/5.0 (Macintosh; Intel Mac OS X 10_12_3) AppleWebKit/537.36 (KHTML, like Gecko) Chrome/56.0.2924.87 Safari/537.36"
94.72.101.21 - - [02/Nov/2024:19:31:58 +0000] "GET /frontend/vue-app/src/service.yaml HTTP/1.1" 404 564 "-" "Mozilla/5.0 (Macintosh; Intel Mac OS X 10_12_3) AppleWebKit/537.36 (KHTML, like Gecko) Chrome/56.0.2924.87 Safari/537.36"
94.72.101.21 - - [02/Nov/2024:19:31:58 +0000] "GET /ci-cd/github/dev/schema.sql HTTP/1.1" 404 564 "-" "Mozilla/5.0 (Macintosh; Intel Mac OS X 10_12_3) AppleWebKit/537.36 (KHTML, like Gecko) Chrome/56.0.2924.87 Safari/537.36"
94.72.101.21 - - [02/Nov/2024:19:31:58 +0000] "GET /compliance/reports/dist/schema.sql HTTP/1.1" 404 564 "-" "Mozilla/5.0 (Macintosh; Intel Mac OS X 10_12_3) AppleWebKit/537.36 (KHTML, like Gecko) Chrome/56.0.2924.87 Safari/537.36"
94.72.101.21 - - [02/Nov/2024:19:31:58 +0000] "GET /ml/models/v1/.env HTTP/1.1" 404 564 "-" "Mozilla/5.0 (Macintosh; Intel Mac OS X 10_12_3) AppleWebKit/537.36 (KHTML, like Gecko) Chrome/56.0.2924.87 Safari/537.36"
94.72.101.21 - - [02/Nov/2024:19:31:58 +0000] "GET /backend/koa/v2/policy.json HTTP/1.1" 404 564 "-" "Mozilla/5.0 (Macintosh; Intel Mac OS X 10_12_3) AppleWebKit/537.36 (KHTML, like Gecko) Chrome/56.0.2924.87 Safari/537.36"
94.72.101.21 - - [02/Nov/2024:19:31:59 +0000] "GET /data/etl_jobs/v1/app.py HTTP/1.1" 404 564 "-" "Mozilla/5.0 (Macintosh; Intel Mac OS X 10_12_3) AppleWebKit/537.36 (KHTML, like Gecko) Chrome/56.0.2924.87 Safari/537.36"
94.72.101.21 - - [02/Nov/2024:19:31:59 +0000] "GET /ci-cd/github/v2/policy.json HTTP/1.1" 404 564 "-" "Mozilla/5.0 (Macintosh; Intel Mac OS X 10_12_3) AppleWebKit/537.36 (KHTML, like Gecko) Chrome/56.0.2924.87 Safari/537.36"
94.72.101.21 - - [02/Nov/2024:19:31:59 +0000] "GET /backend/fastapi/src/deployment.yaml HTTP/1.1" 404 564 "-" "Mozilla/5.0 (Macintosh; Intel Mac OS X 10_12_3) AppleWebKit/537.36 (KHTML, like Gecko) Chrome/56.0.2924.87 Safari/537.36"
94.72.101.21 - - [02/Nov/2024:19:31:59 +0000] "GET /integrations/twilio/dev/config.json HTTP/1.1" 404 564 "-" "Mozilla/5.0 (Macintosh; Intel Mac OS X 10_12_3) AppleWebKit/537.36 (KHTML, like Gecko) Chrome/56.0.2924.87 Safari/537.36"
94.72.101.21 - - [02/Nov/2024:19:32:00 +0000] "GET /microservices/inventory/v1/secrets.env HTTP/1.1" 404 564 "-" "Mozilla/5.0 (Macintosh; Intel Mac OS X 10_12_3) AppleWebKit/537.36 (KHTML, like Gecko) Chrome/56.0.2924.87 Safari/537.36"
94.72.101.21 - - [02/Nov/2024:19:32:00 +0000] "GET /pipelines/dataflow/prod/requirements.txt HTTP/1.1" 404 564 "-" "Mozilla/5.0 (Macintosh; Intel Mac OS X 10_12_3) AppleWebKit/537.36 (KHTML, like Gecko) Chrome/56.0.2924.87 Safari/537.36"
94.72.101.21 - - [02/Nov/2024:19:32:00 +0000] "GET /microservices/payment-service/src/schema.sql HTTP/1.1" 404 564 "-" "Mozilla/5.0 (Macintosh; Intel Mac OS X 10_12_3) AppleWebKit/537.36 (KHTML, like Gecko) Chrome/56.0.2924.87 Safari/537.36"
94.72.101.21 - - [02/Nov/2024:19:32:00 +0000] "GET /ci-cd/gitlab/src/secrets.env HTTP/1.1" 404 564 "-" "Mozilla/5.0 (Macintosh; Intel Mac OS X 10_12_3) AppleWebKit/537.36 (KHTML, like Gecko) Chrome/56.0.2924.87 Safari/537.36"
94.72.101.21 - - [02/Nov/2024:19:32:00 +0000] "GET /ci-cd/github/v1/index.js HTTP/1.1" 404 564 "-" "Mozilla/5.0 (Macintosh; Intel Mac OS X 10_12_3) AppleWebKit/537.36 (KHTML, like Gecko) Chrome/56.0.2924.87 Safari/537.36"
94.72.101.21 - - [02/Nov/2024:19:32:00 +0000] "GET /config/database/v2/schema.sql HTTP/1.1" 404 564 "-" "Mozilla/5.0 (Macintosh; Intel Mac OS X 10_12_3) AppleWebKit/537.36 (KHTML, like Gecko) Chrome/56.0.2924.87 Safari/537.36"
94.72.101.21 - - [02/Nov/2024:19:32:01 +0000] "GET /config/database/v1/Dockerfile HTTP/1.1" 404 564 "-" "Mozilla/5.0 (Macintosh; Intel Mac OS X 10_12_3) AppleWebKit/537.36 (KHTML, like Gecko) Chrome/56.0.2924.87 Safari/537.36"
94.72.101.21 - - [02/Nov/2024:19:32:01 +0000] "GET /integrations/stripe/dev/schema.sql HTTP/1.1" 404 564 "-" "Mozilla/5.0 (Macintosh; Intel Mac OS X 10_12_3) AppleWebKit/537.36 (KHTML, like Gecko) Chrome/56.0.2924.87 Safari/537.36"
94.72.101.21 - - [02/Nov/2024:19:32:01 +0000] "GET /data_sources/v1/main.js HTTP/1.1" 404 564 "-" "Mozilla/5.0 (Macintosh; Intel Mac OS X 10_12_3) AppleWebKit/537.36 (KHTML, like Gecko) Chrome/56.0.2924.87 Safari/537.36"
94.72.101.21 - - [02/Nov/2024:19:32:02 +0000] "GET /docs/api_v2/v2/README.md HTTP/1.1" 404 564 "-" "Mozilla/5.0 (Macintosh; Intel Mac OS X 10_12_3) AppleWebKit/537.36 (KHTML, like Gecko) Chrome/56.0.2924.87 Safari/537.36"
94.72.101.21 - - [02/Nov/2024:19:32:02 +0000] "GET /frontend/vue-app/src/deployment.yaml HTTP/1.1" 404 564 "-" "Mozilla/5.0 (Macintosh; Intel Mac OS X 10_12_3) AppleWebKit/537.36 (KHTML, like Gecko) Chrome/56.0.2924.87 Safari/537.36"
94.72.101.21 - - [02/Nov/2024:19:32:02 +0000] "GET /backend/nestjs/v1/main.js HTTP/1.1" 404 564 "-" "Mozilla/5.0 (Macintosh; Intel Mac OS X 10_12_3) AppleWebKit/537.36 (KHTML, like Gecko) Chrome/56.0.2924.87 Safari/537.36"
94.72.101.21 - - [02/Nov/2024:19:32:02 +0000] "GET /integrations/slack/prod/service.yaml HTTP/1.1" 404 564 "-" "Mozilla/5.0 (Macintosh; Intel Mac OS X 10_12_3) AppleWebKit/537.36 (KHTML, like Gecko) Chrome/56.0.2924.87 Safari/537.36"
94.72.101.21 - - [02/Nov/2024:19:32:03 +0000] "GET /terraform/environments/prod/dist/README.md HTTP/1.1" 404 564 "-" "Mozilla/5.0 (Macintosh; Intel Mac OS X 10_12_3) AppleWebKit/537.36 (KHTML, like Gecko) Chrome/56.0.2924.87 Safari/537.36"
94.72.101.21 - - [02/Nov/2024:19:32:03 +0000] "GET /microservices/inventory/prod/main.js HTTP/1.1" 404 564 "-" "Mozilla/5.0 (Macintosh; Intel Mac OS X 10_12_3) AppleWebKit/537.36 (KHTML, like Gecko) Chrome/56.0.2924.87 Safari/537.36"
94.72.101.21 - - [02/Nov/2024:19:32:03 +0000] "GET /docs/readme/dist/README.md HTTP/1.1" 404 564 "-" "Mozilla/5.0 (Macintosh; Intel Mac OS X 10_12_3) AppleWebKit/537.36 (KHTML, like Gecko) Chrome/56.0.2924.87 Safari/537.36"
94.72.101.21 - - [02/Nov/2024:19:32:03 +0000] "GET /frontend/react-app/src/service.yaml HTTP/1.1" 404 564 "-" "Mozilla/5.0 (Macintosh; Intel Mac OS X 10_12_3) AppleWebKit/537.36 (KHTML, like Gecko) Chrome/56.0.2924.87 Safari/537.36"
94.72.101.21 - - [02/Nov/2024:19:32:03 +0000] "GET /integrations/stripe/dev/swagger.json HTTP/1.1" 404 564 "-" "Mozilla/5.0 (Macintosh; Intel Mac OS X 10_12_3) AppleWebKit/537.36 (KHTML, like Gecko) Chrome/56.0.2924.87 Safari/537.36"
94.72.101.21 - - [02/Nov/2024:19:32:04 +0000] "GET /frontend/svelte-app/src/secrets.env HTTP/1.1" 404 564 "-" "Mozilla/5.0 (Macintosh; Intel Mac OS X 10_12_3) AppleWebKit/537.36 (KHTML, like Gecko) Chrome/56.0.2924.87 Safari/537.36"
94.72.101.21 - - [02/Nov/2024:19:32:04 +0000] "GET /audit/logs/v1/deployment.yaml HTTP/1.1" 404 564 "-" "Mozilla/5.0 (Macintosh; Intel Mac OS X 10_12_3) AppleWebKit/537.36 (KHTML, like Gecko) Chrome/56.0.2924.87 Safari/537.36"
94.72.101.21 - - [02/Nov/2024:19:32:04 +0000] "GET /ci-cd/gitlab/dist/config.json HTTP/1.1" 404 564 "-" "Mozilla/5.0 (Macintosh; Intel Mac OS X 10_12_3) AppleWebKit/537.36 (KHTML, like Gecko) Chrome/56.0.2924.87 Safari/537.36"
94.72.101.21 - - [02/Nov/2024:19:32:04 +0000] "GET /terraform/environments/prod/dev/index.js HTTP/1.1" 404 564 "-" "Mozilla/5.0 (Macintosh; Intel Mac OS X 10_12_3) AppleWebKit/537.36 (KHTML, like Gecko) Chrome/56.0.2924.87 Safari/537.36"
94.72.101.21 - - [02/Nov/2024:19:32:04 +0000] "GET /ml/models/dev/setup.py HTTP/1.1" 404 564 "-" "Mozilla/5.0 (Macintosh; Intel Mac OS X 10_12_3) AppleWebKit/537.36 (KHTML, like Gecko) Chrome/56.0.2924.87 Safari/537.36"
94.72.101.21 - - [02/Nov/2024:19:32:04 +0000] "GET /frontend/nextjs/dev/.env HTTP/1.1" 404 564 "-" "Mozilla/5.0 (Macintosh; Intel Mac OS X 10_12_3) AppleWebKit/537.36 (KHTML, like Gecko) Chrome/56.0.2924.87 Safari/537.36"
94.72.101.21 - - [02/Nov/2024:19:32:05 +0000] "GET /ci-cd/gitlab/src/schema.sql HTTP/1.1" 404 564 "-" "Mozilla/5.0 (Macintosh; Intel Mac OS X 10_12_3) AppleWebKit/537.36 (KHTML, like Gecko) Chrome/56.0.2924.87 Safari/537.36"
94.72.101.21 - - [02/Nov/2024:19:32:05 +0000] "GET /k8s/v1/.env HTTP/1.1" 404 564 "-" "Mozilla/5.0 (Macintosh; Intel Mac OS X 10_12_3) AppleWebKit/537.36 (KHTML, like Gecko) Chrome/56.0.2924.87 Safari/537.36"
94.72.101.21 - - [02/Nov/2024:19:32:05 +0000] "GET /k8s/prod/index.js HTTP/1.1" 404 564 "-" "Mozilla/5.0 (Macintosh; Intel Mac OS X 10_12_3) AppleWebKit/537.36 (KHTML, like Gecko) Chrome/56.0.2924.87 Safari/537.36"
94.72.101.21 - - [02/Nov/2024:19:32:05 +0000] "GET /docs/api_v2/dev/main.js HTTP/1.1" 404 564 "-" "Mozilla/5.0 (Macintosh; Intel Mac OS X 10_12_3) AppleWebKit/537.36 (KHTML, like Gecko) Chrome/56.0.2924.87 Safari/537.36"
94.72.101.21 - - [02/Nov/2024:19:32:05 +0000] "GET /terraform/environments/prod/v1/app.py HTTP/1.1" 404 564 "-" "Mozilla/5.0 (Macintosh; Intel Mac OS X 10_12_3) AppleWebKit/537.36 (KHTML, like Gecko) Chrome/56.0.2924.87 Safari/537.36"
94.72.101.21 - - [02/Nov/2024:19:32:05 +0000] "GET /backend/express/dist/deployment.yaml HTTP/1.1" 404 564 "-" "Mozilla/5.0 (Macintosh; Intel Mac OS X 10_12_3) AppleWebKit/537.36 (KHTML, like Gecko) Chrome/56.0.2924.87 Safari/537.36"
94.72.101.21 - - [02/Nov/2024:19:32:06 +0000] "GET /frontend/nextjs/v1/deployment.yaml HTTP/1.1" 404 564 "-" "Mozilla/5.0 (Macintosh; Intel Mac OS X 10_12_3) AppleWebKit/537.36 (KHTML, like Gecko) Chrome/56.0.2924.87 Safari/537.36"
94.72.101.21 - - [02/Nov/2024:19:32:06 +0000] "GET /secrets/src/secrets.env HTTP/1.1" 404 564 "-" "Mozilla/5.0 (Macintosh; Intel Mac OS X 10_12_3) AppleWebKit/537.36 (KHTML, like Gecko) Chrome/56.0.2924.87 Safari/537.36"
94.72.101.21 - - [02/Nov/2024:19:32:06 +0000] "GET /ci-cd/github/v2/.env HTTP/1.1" 404 564 "-" "Mozilla/5.0 (Macintosh; Intel Mac OS X 10_12_3) AppleWebKit/537.36 (KHTML, like Gecko) Chrome/56.0.2924.87 Safari/537.36"
94.72.101.21 - - [02/Nov/2024:19:32:06 +0000] "GET /docs/api_v2/v2/schema.sql HTTP/1.1" 404 564 "-" "Mozilla/5.0 (Macintosh; Intel Mac OS X 10_12_3) AppleWebKit/537.36 (KHTML, like Gecko) Chrome/56.0.2924.87 Safari/537.36"
94.72.101.21 - - [02/Nov/2024:19:32:07 +0000] "GET /secrets/dev/secrets.env HTTP/1.1" 404 564 "-" "Mozilla/5.0 (Macintosh; Intel Mac OS X 10_12_3) AppleWebKit/537.36 (KHTML, like Gecko) Chrome/56.0.2924.87 Safari/537.36"
94.72.101.21 - - [02/Nov/2024:19:32:07 +0000] "GET /ml/models/v1/config.json HTTP/1.1" 404 564 "-" "Mozilla/5.0 (Macintosh; Intel Mac OS X 10_12_3) AppleWebKit/537.36 (KHTML, like Gecko) Chrome/56.0.2924.87 Safari/537.36"
94.72.101.21 - - [02/Nov/2024:19:32:07 +0000] "GET /frontend/nextjs/v1/.env HTTP/1.1" 404 564 "-" "Mozilla/5.0 (Macintosh; Intel Mac OS X 10_12_3) AppleWebKit/537.36 (KHTML, like Gecko) Chrome/56.0.2924.87 Safari/537.36"
94.72.101.21 - - [02/Nov/2024:19:32:07 +0000] "GET /frontend/vue-app/dist/main.js HTTP/1.1" 404 564 "-" "Mozilla/5.0 (Macintosh; Intel Mac OS X 10_12_3) AppleWebKit/537.36 (KHTML, like Gecko) Chrome/56.0.2924.87 Safari/537.36"
94.72.101.21 - - [02/Nov/2024:19:32:08 +0000] "GET /secrets/src/policy.json HTTP/1.1" 404 564 "-" "Mozilla/5.0 (Macintosh; Intel Mac OS X 10_12_3) AppleWebKit/537.36 (KHTML, like Gecko) Chrome/56.0.2924.87 Safari/537.36"
94.72.101.21 - - [02/Nov/2024:19:32:08 +0000] "GET /frontend/nextjs/dev/index.js HTTP/1.1" 404 564 "-" "Mozilla/5.0 (Macintosh; Intel Mac OS X 10_12_3) AppleWebKit/537.36 (KHTML, like Gecko) Chrome/56.0.2924.87 Safari/537.36"
94.72.101.21 - - [02/Nov/2024:19:32:08 +0000] "GET /config/azure/src/swagger.json HTTP/1.1" 404 564 "-" "Mozilla/5.0 (Macintosh; Intel Mac OS X 10_12_3) AppleWebKit/537.36 (KHTML, like Gecko) Chrome/56.0.2924.87 Safari/537.36"
94.72.101.21 - - [02/Nov/2024:19:32:09 +0000] "GET /ci-cd/gitlab/dev/Dockerfile HTTP/1.1" 404 564 "-" "Mozilla/5.0 (Macintosh; Intel Mac OS X 10_12_3) AppleWebKit/537.36 (KHTML, like Gecko) Chrome/56.0.2924.87 Safari/537.36"
94.72.101.21 - - [02/Nov/2024:19:32:09 +0000] "GET /documentation/architecture/v2/index.js HTTP/1.1" 404 564 "-" "Mozilla/5.0 (Macintosh; Intel Mac OS X 10_12_3) AppleWebKit/537.36 (KHTML, like Gecko) Chrome/56.0.2924.87 Safari/537.36"
94.72.101.21 - - [02/Nov/2024:19:32:09 +0000] "GET /data/etl_jobs/dev/requirements.txt HTTP/1.1" 404 564 "-" "Mozilla/5.0 (Macintosh; Intel Mac OS X 10_12_3) AppleWebKit/537.36 (KHTML, like Gecko) Chrome/56.0.2924.87 Safari/537.36"
94.72.101.21 - - [02/Nov/2024:19:32:10 +0000] "GET /integrations/slack/dist/README.md HTTP/1.1" 404 564 "-" "Mozilla/5.0 (Macintosh; Intel Mac OS X 10_12_3) AppleWebKit/537.36 (KHTML, like Gecko) Chrome/56.0.2924.87 Safari/537.36"
94.72.101.21 - - [02/Nov/2024:19:32:10 +0000] "GET /backend/nestjs/prod/index.js HTTP/1.1" 404 564 "-" "Mozilla/5.0 (Macintosh; Intel Mac OS X 10_12_3) AppleWebKit/537.36 (KHTML, like Gecko) Chrome/56.0.2924.87 Safari/537.36"
94.72.101.21 - - [02/Nov/2024:19:32:10 +0000] "GET /audit/logs/prod/service.yaml HTTP/1.1" 404 564 "-" "Mozilla/5.0 (Macintosh; Intel Mac OS X 10_12_3) AppleWebKit/537.36 (KHTML, like Gecko) Chrome/56.0.2924.87 Safari/537.36"
94.72.101.21 - - [02/Nov/2024:19:32:11 +0000] "GET /integrations/slack/v1/app.py HTTP/1.1" 404 564 "-" "Mozilla/5.0 (Macintosh; Intel Mac OS X 10_12_3) AppleWebKit/537.36 (KHTML, like Gecko) Chrome/56.0.2924.87 Safari/537.36"
94.72.101.21 - - [02/Nov/2024:19:32:11 +0000] "GET /terraform/environments/prod/src/config.json HTTP/1.1" 404 564 "-" "Mozilla/5.0 (Macintosh; Intel Mac OS X 10_12_3) AppleWebKit/537.36 (KHTML, like Gecko) Chrome/56.0.2924.87 Safari/537.36"
94.72.101.21 - - [02/Nov/2024:19:32:11 +0000] "GET /ci-cd/gitlab/src/README.md HTTP/1.1" 404 564 "-" "Mozilla/5.0 (Macintosh; Intel Mac OS X 10_12_3) AppleWebKit/537.36 (KHTML, like Gecko) Chrome/56.0.2924.87 Safari/537.36"
94.72.101.21 - - [02/Nov/2024:19:32:11 +0000] "GET /terraform/environments/prod/prod/deployment.yaml HTTP/1.1" 404 564 "-" "Mozilla/5.0 (Macintosh; Intel Mac OS X 10_12_3) AppleWebKit/537.36 (KHTML, like Gecko) Chrome/56.0.2924.87 Safari/537.36"
94.72.101.21 - - [02/Nov/2024:19:32:12 +0000] "GET /microservices/inventory/v2/setup.py HTTP/1.1" 404 564 "-" "Mozilla/5.0 (Macintosh; Intel Mac OS X 10_12_3) AppleWebKit/537.36 (KHTML, like Gecko) Chrome/56.0.2924.87 Safari/537.36"
94.72.101.21 - - [02/Nov/2024:19:32:12 +0000] "GET /config/env/dev/service.yaml HTTP/1.1" 404 564 "-" "Mozilla/5.0 (Macintosh; Intel Mac OS X 10_12_3) AppleWebKit/537.36 (KHTML, like Gecko) Chrome/56.0.2924.87 Safari/537.36"
94.72.101.21 - - [02/Nov/2024:19:32:12 +0000] "GET /frontend/nextjs/dev/README.md HTTP/1.1" 404 564 "-" "Mozilla/5.0 (Macintosh; Intel Mac OS X 10_12_3) AppleWebKit/537.36 (KHTML, like Gecko) Chrome/56.0.2924.87 Safari/537.36"
94.72.101.21 - - [02/Nov/2024:19:32:12 +0000] "GET /frontend/react-app/src/requirements.txt HTTP/1.1" 404 564 "-" "Mozilla/5.0 (Macintosh; Intel Mac OS X 10_12_3) AppleWebKit/537.36 (KHTML, like Gecko) Chrome/56.0.2924.87 Safari/537.36"
94.72.101.21 - - [02/Nov/2024:19:32:12 +0000] "GET /ml/models/dist/config.json HTTP/1.1" 404 564 "-" "Mozilla/5.0 (Macintosh; Intel Mac OS X 10_12_3) AppleWebKit/537.36 (KHTML, like Gecko) Chrome/56.0.2924.87 Safari/537.36"
94.72.101.21 - - [02/Nov/2024:19:32:13 +0000] "GET /audit/logs/src/swagger.json HTTP/1.1" 404 564 "-" "Mozilla/5.0 (Macintosh; Intel Mac OS X 10_12_3) AppleWebKit/537.36 (KHTML, like Gecko) Chrome/56.0.2924.87 Safari/537.36"
94.72.101.21 - - [02/Nov/2024:19:32:13 +0000] "GET /frontend/svelte-app/dist/schema.sql HTTP/1.1" 404 564 "-" "Mozilla/5.0 (Macintosh; Intel Mac OS X 10_12_3) AppleWebKit/537.36 (KHTML, like Gecko) Chrome/56.0.2924.87 Safari/537.36"
94.72.101.21 - - [02/Nov/2024:19:32:13 +0000] "GET /pipelines/dataflow/dist/.env HTTP/1.1" 404 564 "-" "Mozilla/5.0 (Macintosh; Intel Mac OS X 10_12_3) AppleWebKit/537.36 (KHTML, like Gecko) Chrome/56.0.2924.87 Safari/537.36"
94.72.101.21 - - [02/Nov/2024:19:32:13 +0000] "GET /frontend/nextjs/v1/policy.json HTTP/1.1" 404 564 "-" "Mozilla/5.0 (Macintosh; Intel Mac OS X 10_12_3) AppleWebKit/537.36 (KHTML, like Gecko) Chrome/56.0.2924.87 Safari/537.36"
94.72.101.21 - - [02/Nov/2024:19:32:14 +0000] "GET /integrations/twilio/v1/config.json HTTP/1.1" 404 564 "-" "Mozilla/5.0 (Macintosh; Intel Mac OS X 10_12_3) AppleWebKit/537.36 (KHTML, like Gecko) Chrome/56.0.2924.87 Safari/537.36"
94.72.101.21 - - [02/Nov/2024:19:32:14 +0000] "GET /config/aws/dist/secrets.env HTTP/1.1" 404 564 "-" "Mozilla/5.0 (Macintosh; Intel Mac OS X 10_12_3) AppleWebKit/537.36 (KHTML, like Gecko) Chrome/56.0.2924.87 Safari/537.36"
94.72.101.21 - - [02/Nov/2024:19:32:14 +0000] "GET /data/etl_jobs/v2/app.py HTTP/1.1" 404 564 "-" "Mozilla/5.0 (Macintosh; Intel Mac OS X 10_12_3) AppleWebKit/537.36 (KHTML, like Gecko) Chrome/56.0.2924.87 Safari/537.36"
94.72.101.21 - - [02/Nov/2024:19:32:15 +0000] "GET /frontend/vue-app/v2/schema.sql HTTP/1.1" 404 564 "-" "Mozilla/5.0 (Macintosh; Intel Mac OS X 10_12_3) AppleWebKit/537.36 (KHTML, like Gecko) Chrome/56.0.2924.87 Safari/537.36"
94.72.101.21 - - [02/Nov/2024:19:32:15 +0000] "GET /ml/models/dist/service.yaml HTTP/1.1" 404 564 "-" "Mozilla/5.0 (Macintosh; Intel Mac OS X 10_12_3) AppleWebKit/537.36 (KHTML, like Gecko) Chrome/56.0.2924.87 Safari/537.36"
94.72.101.21 - - [02/Nov/2024:19:32:15 +0000] "GET /ci-cd/gitlab/dist/secrets.env HTTP/1.1" 404 564 "-" "Mozilla/5.0 (Macintosh; Intel Mac OS X 10_12_3) AppleWebKit/537.36 (KHTML, like Gecko) Chrome/56.0.2924.87 Safari/537.36"
94.72.101.21 - - [02/Nov/2024:19:32:15 +0000] "GET /frontend/svelte-app/prod/index.js HTTP/1.1" 404 564 "-" "Mozilla/5.0 (Macintosh; Intel Mac OS X 10_12_3) AppleWebKit/537.36 (KHTML, like Gecko) Chrome/56.0.2924.87 Safari/537.36"
94.72.101.21 - - [02/Nov/2024:19:32:16 +0000] "GET /config/azure/dist/Dockerfile HTTP/1.1" 404 564 "-" "Mozilla/5.0 (Macintosh; Intel Mac OS X 10_12_3) AppleWebKit/537.36 (KHTML, like Gecko) Chrome/56.0.2924.87 Safari/537.36"
94.72.101.21 - - [02/Nov/2024:19:32:16 +0000] "GET /config/env/dev/Dockerfile HTTP/1.1" 404 564 "-" "Mozilla/5.0 (Macintosh; Intel Mac OS X 10_12_3) AppleWebKit/537.36 (KHTML, like Gecko) Chrome/56.0.2924.87 Safari/537.36"
94.72.101.21 - - [02/Nov/2024:19:32:16 +0000] "GET /docs/api_v2/src/variables.tf HTTP/1.1" 404 564 "-" "Mozilla/5.0 (Macintosh; Intel Mac OS X 10_12_3) AppleWebKit/537.36 (KHTML, like Gecko) Chrome/56.0.2924.87 Safari/537.36"
94.72.101.21 - - [02/Nov/2024:19:32:16 +0000] "GET /backend/express/v2/swagger.json HTTP/1.1" 404 564 "-" "Mozilla/5.0 (Macintosh; Intel Mac OS X 10_12_3) AppleWebKit/537.36 (KHTML, like Gecko) Chrome/56.0.2924.87 Safari/537.36"
94.72.101.21 - - [02/Nov/2024:19:32:16 +0000] "GET /data/etl_jobs/dev/README.md HTTP/1.1" 404 564 "-" "Mozilla/5.0 (Macintosh; Intel Mac OS X 10_12_3) AppleWebKit/537.36 (KHTML, like Gecko) Chrome/56.0.2924.87 Safari/537.36"
94.72.101.21 - - [02/Nov/2024:19:32:16 +0000] "GET /integrations/twilio/prod/service.yaml HTTP/1.1" 404 564 "-" "Mozilla/5.0 (Macintosh; Intel Mac OS X 10_12_3) AppleWebKit/537.36 (KHTML, like Gecko) Chrome/56.0.2924.87 Safari/537.36"
94.72.101.21 - - [02/Nov/2024:19:32:17 +0000] "GET /data_sources/dev/main.js HTTP/1.1" 404 564 "-" "Mozilla/5.0 (Macintosh; Intel Mac OS X 10_12_3) AppleWebKit/537.36 (KHTML, like Gecko) Chrome/56.0.2924.87 Safari/537.36"
94.72.101.21 - - [02/Nov/2024:19:32:17 +0000] "GET /frontend/vue-app/src/Dockerfile HTTP/1.1" 404 564 "-" "Mozilla/5.0 (Macintosh; Intel Mac OS X 10_12_3) AppleWebKit/537.36 (KHTML, like Gecko) Chrome/56.0.2924.87 Safari/537.36"
94.72.101.21 - - [02/Nov/2024:19:32:17 +0000] "GET /config/aws/v2/Dockerfile HTTP/1.1" 404 564 "-" "Mozilla/5.0 (Macintosh; Intel Mac OS X 10_12_3) AppleWebKit/537.36 (KHTML, like Gecko) Chrome/56.0.2924.87 Safari/537.36"
94.72.101.21 - - [02/Nov/2024:19:32:17 +0000] "GET /compliance/reports/v1/requirements.txt HTTP/1.1" 404 564 "-" "Mozilla/5.0 (Macintosh; Intel Mac OS X 10_12_3) AppleWebKit/537.36 (KHTML, like Gecko) Chrome/56.0.2924.87 Safari/537.36"
94.72.101.21 - - [02/Nov/2024:19:32:17 +0000] "GET /security/vault/dist/schema.sql HTTP/1.1" 404 564 "-" "Mozilla/5.0 (Macintosh; Intel Mac OS X 10_12_3) AppleWebKit/537.36 (KHTML, like Gecko) Chrome/56.0.2924.87 Safari/537.36"
94.72.101.21 - - [02/Nov/2024:19:32:18 +0000] "GET /microservices/user-service/v2/schema.sql HTTP/1.1" 404 564 "-" "Mozilla/5.0 (Macintosh; Intel Mac OS X 10_12_3) AppleWebKit/537.36 (KHTML, like Gecko) Chrome/56.0.2924.87 Safari/537.36"
94.72.101.21 - - [02/Nov/2024:19:32:18 +0000] "GET /config/env/dev/index.js HTTP/1.1" 404 564 "-" "Mozilla/5.0 (Macintosh; Intel Mac OS X 10_12_3) AppleWebKit/537.36 (KHTML, like Gecko) Chrome/56.0.2924.87 Safari/537.36"
94.72.101.21 - - [02/Nov/2024:19:32:18 +0000] "GET /docs/api_v2/v1/policy.json HTTP/1.1" 404 564 "-" "Mozilla/5.0 (Macintosh; Intel Mac OS X 10_12_3) AppleWebKit/537.36 (KHTML, like Gecko) Chrome/56.0.2924.87 Safari/537.36"
94.72.101.21 - - [02/Nov/2024:19:32:18 +0000] "GET /integrations/slack/v1/secrets.env HTTP/1.1" 404 564 "-" "Mozilla/5.0 (Macintosh; Intel Mac OS X 10_12_3) AppleWebKit/537.36 (KHTML, like Gecko) Chrome/56.0.2924.87 Safari/537.36"
94.72.101.21 - - [02/Nov/2024:19:32:18 +0000] "GET /config/azure/dist/main.js HTTP/1.1" 404 564 "-" "Mozilla/5.0 (Macintosh; Intel Mac OS X 10_12_3) AppleWebKit/537.36 (KHTML, like Gecko) Chrome/56.0.2924.87 Safari/537.36"
94.72.101.21 - - [02/Nov/2024:19:32:18 +0000] "GET /compliance/reports/v2/service.yaml HTTP/1.1" 404 564 "-" "Mozilla/5.0 (Macintosh; Intel Mac OS X 10_12_3) AppleWebKit/537.36 (KHTML, like Gecko) Chrome/56.0.2924.87 Safari/537.36"
94.72.101.21 - - [02/Nov/2024:19:32:19 +0000] "GET /compliance/reports/prod/README.md HTTP/1.1" 404 564 "-" "Mozilla/5.0 (Macintosh; Intel Mac OS X 10_12_3) AppleWebKit/537.36 (KHTML, like Gecko) Chrome/56.0.2924.87 Safari/537.36"
94.72.101.21 - - [02/Nov/2024:19:32:19 +0000] "GET /ci-cd/gitlab/prod/config.json HTTP/1.1" 404 564 "-" "Mozilla/5.0 (Macintosh; Intel Mac OS X 10_12_3) AppleWebKit/537.36 (KHTML, like Gecko) Chrome/56.0.2924.87 Safari/537.36"
94.72.101.21 - - [02/Nov/2024:19:32:19 +0000] "GET /frontend/nextjs/dist/deployment.yaml HTTP/1.1" 404 564 "-" "Mozilla/5.0 (Macintosh; Intel Mac OS X 10_12_3) AppleWebKit/537.36 (KHTML, like Gecko) Chrome/56.0.2924.87 Safari/537.36"
94.72.101.21 - - [02/Nov/2024:19:32:19 +0000] "GET /microservices/inventory/dev/setup.py HTTP/1.1" 404 564 "-" "Mozilla/5.0 (Macintosh; Intel Mac OS X 10_12_3) AppleWebKit/537.36 (KHTML, like Gecko) Chrome/56.0.2924.87 Safari/537.36"
94.72.101.21 - - [02/Nov/2024:19:32:19 +0000] "GET /pipelines/dataflow/src/requirements.txt HTTP/1.1" 404 564 "-" "Mozilla/5.0 (Macintosh; Intel Mac OS X 10_12_3) AppleWebKit/537.36 (KHTML, like Gecko) Chrome/56.0.2924.87 Safari/537.36"
94.72.101.21 - - [02/Nov/2024:19:32:19 +0000] "GET /audit/logs/src/index.js HTTP/1.1" 404 564 "-" "Mozilla/5.0 (Macintosh; Intel Mac OS X 10_12_3) AppleWebKit/537.36 (KHTML, like Gecko) Chrome/56.0.2924.87 Safari/537.36"
94.72.101.21 - - [02/Nov/2024:19:32:20 +0000] "GET /config/aws/v2/service.yaml HTTP/1.1" 404 564 "-" "Mozilla/5.0 (Macintosh; Intel Mac OS X 10_12_3) AppleWebKit/537.36 (KHTML, like Gecko) Chrome/56.0.2924.87 Safari/537.36"
94.72.101.21 - - [02/Nov/2024:19:32:20 +0000] "GET /config/database/dev/config.json HTTP/1.1" 404 564 "-" "Mozilla/5.0 (Macintosh; Intel Mac OS X 10_12_3) AppleWebKit/537.36 (KHTML, like Gecko) Chrome/56.0.2924.87 Safari/537.36"
94.72.101.21 - - [02/Nov/2024:19:32:20 +0000] "GET /compliance/reports/v1/index.js HTTP/1.1" 404 564 "-" "Mozilla/5.0 (Macintosh; Intel Mac OS X 10_12_3) AppleWebKit/537.36 (KHTML, like Gecko) Chrome/56.0.2924.87 Safari/537.36"
94.72.101.21 - - [02/Nov/2024:19:32:20 +0000] "GET /microservices/inventory/src/README.md HTTP/1.1" 404 564 "-" "Mozilla/5.0 (Macintosh; Intel Mac OS X 10_12_3) AppleWebKit/537.36 (KHTML, like Gecko) Chrome/56.0.2924.87 Safari/537.36"
94.72.101.21 - - [02/Nov/2024:19:32:20 +0000] "GET /config/database/v1/.env HTTP/1.1" 404 564 "-" "Mozilla/5.0 (Macintosh; Intel Mac OS X 10_12_3) AppleWebKit/537.36 (KHTML, like Gecko) Chrome/56.0.2924.87 Safari/537.36"
94.72.101.21 - - [02/Nov/2024:19:32:21 +0000] "GET /integrations/stripe/prod/secrets.env HTTP/1.1" 404 564 "-" "Mozilla/5.0 (Macintosh; Intel Mac OS X 10_12_3) AppleWebKit/537.36 (KHTML, like Gecko) Chrome/56.0.2924.87 Safari/537.36"
94.72.101.21 - - [02/Nov/2024:19:32:21 +0000] "GET /data/etl_jobs/v2/service.yaml HTTP/1.1" 404 564 "-" "Mozilla/5.0 (Macintosh; Intel Mac OS X 10_12_3) AppleWebKit/537.36 (KHTML, like Gecko) Chrome/56.0.2924.87 Safari/537.36"
94.72.101.21 - - [02/Nov/2024:19:32:21 +0000] "GET /frontend/vue-app/dev/index.js HTTP/1.1" 404 564 "-" "Mozilla/5.0 (Macintosh; Intel Mac OS X 10_12_3) AppleWebKit/537.36 (KHTML, like Gecko) Chrome/56.0.2924.87 Safari/537.36"
94.72.101.21 - - [02/Nov/2024:19:32:21 +0000] "GET /docs/readme/dist/Dockerfile HTTP/1.1" 404 564 "-" "Mozilla/5.0 (Macintosh; Intel Mac OS X 10_12_3) AppleWebKit/537.36 (KHTML, like Gecko) Chrome/56.0.2924.87 Safari/537.36"
94.72.101.21 - - [02/Nov/2024:19:32:22 +0000] "GET /integrations/twilio/v1/.env HTTP/1.1" 404 564 "-" "Mozilla/5.0 (Macintosh; Intel Mac OS X 10_12_3) AppleWebKit/537.36 (KHTML, like Gecko) Chrome/56.0.2924.87 Safari/537.36"
94.72.101.21 - - [02/Nov/2024:19:32:22 +0000] "GET /compliance/reports/dev/README.md HTTP/1.1" 404 564 "-" "Mozilla/5.0 (Macintosh; Intel Mac OS X 10_12_3) AppleWebKit/537.36 (KHTML, like Gecko) Chrome/56.0.2924.87 Safari/537.36"
94.72.101.21 - - [02/Nov/2024:19:32:22 +0000] "GET /frontend/react-app/dist/main.js HTTP/1.1" 404 564 "-" "Mozilla/5.0 (Macintosh; Intel Mac OS X 10_12_3) AppleWebKit/537.36 (KHTML, like Gecko) Chrome/56.0.2924.87 Safari/537.36"
94.72.101.21 - - [02/Nov/2024:19:32:22 +0000] "GET /frontend/svelte-app/v2/secrets.env HTTP/1.1" 404 564 "-" "Mozilla/5.0 (Macintosh; Intel Mac OS X 10_12_3) AppleWebKit/537.36 (KHTML, like Gecko) Chrome/56.0.2924.87 Safari/537.36"
94.72.101.21 - - [02/Nov/2024:19:32:22 +0000] "GET /frontend/svelte-app/dev/policy.json HTTP/1.1" 404 564 "-" "Mozilla/5.0 (Macintosh; Intel Mac OS X 10_12_3) AppleWebKit/537.36 (KHTML, like Gecko) Chrome/56.0.2924.87 Safari/537.36"
94.72.101.21 - - [02/Nov/2024:19:32:22 +0000] "GET /k8s/v1/app.py HTTP/1.1" 404 564 "-" "Mozilla/5.0 (Macintosh; Intel Mac OS X 10_12_3) AppleWebKit/537.36 (KHTML, like Gecko) Chrome/56.0.2924.87 Safari/537.36"
94.72.101.21 - - [02/Nov/2024:19:32:23 +0000] "GET /frontend/vue-app/dist/service.yaml HTTP/1.1" 404 564 "-" "Mozilla/5.0 (Macintosh; Intel Mac OS X 10_12_3) AppleWebKit/537.36 (KHTML, like Gecko) Chrome/56.0.2924.87 Safari/537.36"
94.72.101.21 - - [02/Nov/2024:19:32:23 +0000] "GET /terraform/environments/prod/src/app.py HTTP/1.1" 404 564 "-" "Mozilla/5.0 (Macintosh; Intel Mac OS X 10_12_3) AppleWebKit/537.36 (KHTML, like Gecko) Chrome/56.0.2924.87 Safari/537.36"
94.72.101.21 - - [02/Nov/2024:19:32:23 +0000] "GET /terraform/environments/prod/dist/secrets.env HTTP/1.1" 404 564 "-" "Mozilla/5.0 (Macintosh; Intel Mac OS X 10_12_3) AppleWebKit/537.36 (KHTML, like Gecko) Chrome/56.0.2924.87 Safari/537.36"
94.72.101.21 - - [02/Nov/2024:19:32:24 +0000] "GET /k8s/dev/README.md HTTP/1.1" 404 564 "-" "Mozilla/5.0 (Macintosh; Intel Mac OS X 10_12_3) AppleWebKit/537.36 (KHTML, like Gecko) Chrome/56.0.2924.87 Safari/537.36"
94.72.101.21 - - [02/Nov/2024:19:32:24 +0000] "GET /ml/models/v2/.env HTTP/1.1" 404 564 "-" "Mozilla/5.0 (Macintosh; Intel Mac OS X 10_12_3) AppleWebKit/537.36 (KHTML, like Gecko) Chrome/56.0.2924.87 Safari/537.36"
94.72.101.21 - - [02/Nov/2024:19:32:24 +0000] "GET /config/aws/v2/swagger.json HTTP/1.1" 404 564 "-" "Mozilla/5.0 (Macintosh; Intel Mac OS X 10_12_3) AppleWebKit/537.36 (KHTML, like Gecko) Chrome/56.0.2924.87 Safari/537.36"
94.72.101.21 - - [02/Nov/2024:19:32:24 +0000] "GET /config/aws/src/config.json HTTP/1.1" 404 564 "-" "Mozilla/5.0 (Macintosh; Intel Mac OS X 10_12_3) AppleWebKit/537.36 (KHTML, like Gecko) Chrome/56.0.2924.87 Safari/537.36"
94.72.101.21 - - [02/Nov/2024:19:32:24 +0000] "GET /backend/fastapi/v1/app.py HTTP/1.1" 404 564 "-" "Mozilla/5.0 (Macintosh; Intel Mac OS X 10_12_3) AppleWebKit/537.36 (KHTML, like Gecko) Chrome/56.0.2924.87 Safari/537.36"
94.72.101.21 - - [02/Nov/2024:19:32:24 +0000] "GET /microservices/payment-service/dev/Dockerfile HTTP/1.1" 404 564 "-" "Mozilla/5.0 (Macintosh; Intel Mac OS X 10_12_3) AppleWebKit/537.36 (KHTML, like Gecko) Chrome/56.0.2924.87 Safari/537.36"
94.72.101.21 - - [02/Nov/2024:19:32:25 +0000] "GET /ci-cd/github/dev/config.json HTTP/1.1" 404 564 "-" "Mozilla/5.0 (Macintosh; Intel Mac OS X 10_12_3) AppleWebKit/537.36 (KHTML, like Gecko) Chrome/56.0.2924.87 Safari/537.36"
94.72.101.21 - - [02/Nov/2024:19:32:25 +0000] "GET /frontend/svelte-app/v2/config.json HTTP/1.1" 404 564 "-" "Mozilla/5.0 (Macintosh; Intel Mac OS X 10_12_3) AppleWebKit/537.36 (KHTML, like Gecko) Chrome/56.0.2924.87 Safari/537.36"
94.72.101.21 - - [02/Nov/2024:19:32:25 +0000] "GET /microservices/payment-service/dev/app.py HTTP/1.1" 404 564 "-" "Mozilla/5.0 (Macintosh; Intel Mac OS X 10_12_3) AppleWebKit/537.36 (KHTML, like Gecko) Chrome/56.0.2924.87 Safari/537.36"
94.72.101.21 - - [02/Nov/2024:19:32:25 +0000] "GET /config/database/prod/app.py HTTP/1.1" 404 564 "-" "Mozilla/5.0 (Macintosh; Intel Mac OS X 10_12_3) AppleWebKit/537.36 (KHTML, like Gecko) Chrome/56.0.2924.87 Safari/537.36"
94.72.101.21 - - [02/Nov/2024:19:32:25 +0000] "GET /docs/api_v2/src/config.json HTTP/1.1" 404 564 "-" "Mozilla/5.0 (Macintosh; Intel Mac OS X 10_12_3) AppleWebKit/537.36 (KHTML, like Gecko) Chrome/56.0.2924.87 Safari/537.36"
94.72.101.21 - - [02/Nov/2024:19:32:25 +0000] "GET /backend/fastapi/dist/requirements.txt HTTP/1.1" 404 564 "-" "Mozilla/5.0 (Macintosh; Intel Mac OS X 10_12_3) AppleWebKit/537.36 (KHTML, like Gecko) Chrome/56.0.2924.87 Safari/537.36"
94.72.101.21 - - [02/Nov/2024:19:32:26 +0000] "GET /ml/models/v1/schema.sql HTTP/1.1" 404 564 "-" "Mozilla/5.0 (Macintosh; Intel Mac OS X 10_12_3) AppleWebKit/537.36 (KHTML, like Gecko) Chrome/56.0.2924.87 Safari/537.36"
94.72.101.21 - - [02/Nov/2024:19:32:26 +0000] "GET /config/database/prod/variables.tf HTTP/1.1" 404 564 "-" "Mozilla/5.0 (Macintosh; Intel Mac OS X 10_12_3) AppleWebKit/537.36 (KHTML, like Gecko) Chrome/56.0.2924.87 Safari/537.36"
94.72.101.21 - - [02/Nov/2024:19:32:26 +0000] "GET /secrets/prod/policy.json HTTP/1.1" 404 564 "-" "Mozilla/5.0 (Macintosh; Intel Mac OS X 10_12_3) AppleWebKit/537.36 (KHTML, like Gecko) Chrome/56.0.2924.87 Safari/537.36"
94.72.101.21 - - [02/Nov/2024:19:32:26 +0000] "GET /compliance/reports/dev/secrets.env HTTP/1.1" 404 564 "-" "Mozilla/5.0 (Macintosh; Intel Mac OS X 10_12_3) AppleWebKit/537.36 (KHTML, like Gecko) Chrome/56.0.2924.87 Safari/537.36"
94.72.101.21 - - [02/Nov/2024:19:32:26 +0000] "GET /config/azure/prod/index.js HTTP/1.1" 404 564 "-" "Mozilla/5.0 (Macintosh; Intel Mac OS X 10_12_3) AppleWebKit/537.36 (KHTML, like Gecko) Chrome/56.0.2924.87 Safari/537.36"
94.72.101.21 - - [02/Nov/2024:19:32:27 +0000] "GET /backend/nestjs/v1/swagger.json HTTP/1.1" 404 564 "-" "Mozilla/5.0 (Macintosh; Intel Mac OS X 10_12_3) AppleWebKit/537.36 (KHTML, like Gecko) Chrome/56.0.2924.87 Safari/537.36"
94.72.101.21 - - [02/Nov/2024:19:32:27 +0000] "GET /microservices/user-service/dist/Dockerfile HTTP/1.1" 404 564 "-" "Mozilla/5.0 (Macintosh; Intel Mac OS X 10_12_3) AppleWebKit/537.36 (KHTML, like Gecko) Chrome/56.0.2924.87 Safari/537.36"
94.72.101.21 - - [02/Nov/2024:19:32:28 +0000] "GET /documentation/architecture/prod/requirements.txt HTTP/1.1" 404 564 "-" "Mozilla/5.0 (Macintosh; Intel Mac OS X 10_12_3) AppleWebKit/537.36 (KHTML, like Gecko) Chrome/56.0.2924.87 Safari/537.36"
94.72.101.21 - - [02/Nov/2024:19:32:28 +0000] "GET /integrations/twilio/dist/requirements.txt HTTP/1.1" 404 564 "-" "Mozilla/5.0 (Macintosh; Intel Mac OS X 10_12_3) AppleWebKit/537.36 (KHTML, like Gecko) Chrome/56.0.2924.87 Safari/537.36"
94.72.101.21 - - [02/Nov/2024:19:32:28 +0000] "GET /config/aws/v2/.env HTTP/1.1" 404 564 "-" "Mozilla/5.0 (Macintosh; Intel Mac OS X 10_12_3) AppleWebKit/537.36 (KHTML, like Gecko) Chrome/56.0.2924.87 Safari/537.36"
94.72.101.21 - - [02/Nov/2024:19:32:28 +0000] "GET /microservices/payment-service/prod/index.js HTTP/1.1" 404 564 "-" "Mozilla/5.0 (Macintosh; Intel Mac OS X 10_12_3) AppleWebKit/537.36 (KHTML, like Gecko) Chrome/56.0.2924.87 Safari/537.36"
94.72.101.21 - - [02/Nov/2024:19:32:29 +0000] "GET /microservices/user-service/src/index.js HTTP/1.1" 404 564 "-" "Mozilla/5.0 (Macintosh; Intel Mac OS X 10_12_3) AppleWebKit/537.36 (KHTML, like Gecko) Chrome/56.0.2924.87 Safari/537.36"
94.72.101.21 - - [02/Nov/2024:19:32:29 +0000] "GET /frontend/svelte-app/prod/secrets.env HTTP/1.1" 404 564 "-" "Mozilla/5.0 (Macintosh; Intel Mac OS X 10_12_3) AppleWebKit/537.36 (KHTML, like Gecko) Chrome/56.0.2924.87 Safari/537.36"
94.72.101.21 - - [02/Nov/2024:19:32:29 +0000] "GET /data/etl_jobs/prod/secrets.env HTTP/1.1" 404 564 "-" "Mozilla/5.0 (Macintosh; Intel Mac OS X 10_12_3) AppleWebKit/537.36 (KHTML, like Gecko) Chrome/56.0.2924.87 Safari/537.36"
94.72.101.21 - - [02/Nov/2024:19:32:30 +0000] "GET /docs/api_v2/v1/requirements.txt HTTP/1.1" 404 564 "-" "Mozilla/5.0 (Macintosh; Intel Mac OS X 10_12_3) AppleWebKit/537.36 (KHTML, like Gecko) Chrome/56.0.2924.87 Safari/537.36"
94.72.101.21 - - [02/Nov/2024:19:32:30 +0000] "GET /frontend/nextjs/v1/README.md HTTP/1.1" 404 564 "-" "Mozilla/5.0 (Macintosh; Intel Mac OS X 10_12_3) AppleWebKit/537.36 (KHTML, like Gecko) Chrome/56.0.2924.87 Safari/537.36"
94.72.101.21 - - [02/Nov/2024:19:32:30 +0000] "GET /backend/express/v1/swagger.json HTTP/1.1" 404 564 "-" "Mozilla/5.0 (Macintosh; Intel Mac OS X 10_12_3) AppleWebKit/537.36 (KHTML, like Gecko) Chrome/56.0.2924.87 Safari/537.36"
94.72.101.21 - - [02/Nov/2024:19:32:30 +0000] "GET /frontend/svelte-app/v2/Dockerfile HTTP/1.1" 404 564 "-" "Mozilla/5.0 (Macintosh; Intel Mac OS X 10_12_3) AppleWebKit/537.36 (KHTML, like Gecko) Chrome/56.0.2924.87 Safari/537.36"
94.72.101.21 - - [02/Nov/2024:19:32:30 +0000] "GET /docs/readme/dev/swagger.json HTTP/1.1" 404 564 "-" "Mozilla/5.0 (Macintosh; Intel Mac OS X 10_12_3) AppleWebKit/537.36 (KHTML, like Gecko) Chrome/56.0.2924.87 Safari/537.36"
94.72.101.21 - - [02/Nov/2024:19:32:30 +0000] "GET /k8s/dist/Dockerfile HTTP/1.1" 404 564 "-" "Mozilla/5.0 (Macintosh; Intel Mac OS X 10_12_3) AppleWebKit/537.36 (KHTML, like Gecko) Chrome/56.0.2924.87 Safari/537.36"
94.72.101.21 - - [02/Nov/2024:19:32:31 +0000] "GET /ci-cd/github/dev/setup.py HTTP/1.1" 404 564 "-" "Mozilla/5.0 (Macintosh; Intel Mac OS X 10_12_3) AppleWebKit/537.36 (KHTML, like Gecko) Chrome/56.0.2924.87 Safari/537.36"
94.72.101.21 - - [02/Nov/2024:19:32:31 +0000] "GET /frontend/nextjs/prod/Dockerfile HTTP/1.1" 404 564 "-" "Mozilla/5.0 (Macintosh; Intel Mac OS X 10_12_3) AppleWebKit/537.36 (KHTML, like Gecko) Chrome/56.0.2924.87 Safari/537.36"
94.72.101.21 - - [02/Nov/2024:19:32:31 +0000] "GET /frontend/vue-app/v1/secrets.env HTTP/1.1" 404 564 "-" "Mozilla/5.0 (Macintosh; Intel Mac OS X 10_12_3) AppleWebKit/537.36 (KHTML, like Gecko) Chrome/56.0.2924.87 Safari/537.36"
94.72.101.21 - - [02/Nov/2024:19:32:31 +0000] "GET /config/database/prod/setup.py HTTP/1.1" 404 564 "-" "Mozilla/5.0 (Macintosh; Intel Mac OS X 10_12_3) AppleWebKit/537.36 (KHTML, like Gecko) Chrome/56.0.2924.87 Safari/537.36"
94.72.101.21 - - [02/Nov/2024:19:32:31 +0000] "GET /frontend/react-app/v1/app.py HTTP/1.1" 404 564 "-" "Mozilla/5.0 (Macintosh; Intel Mac OS X 10_12_3) AppleWebKit/537.36 (KHTML, like Gecko) Chrome/56.0.2924.87 Safari/537.36"
94.72.101.21 - - [02/Nov/2024:19:32:32 +0000] "GET /ci-cd/gitlab/dev/.env HTTP/1.1" 404 564 "-" "Mozilla/5.0 (Macintosh; Intel Mac OS X 10_12_3) AppleWebKit/537.36 (KHTML, like Gecko) Chrome/56.0.2924.87 Safari/537.36"
94.72.101.21 - - [02/Nov/2024:19:32:32 +0000] "GET /docs/api_v2/src/policy.json HTTP/1.1" 404 564 "-" "Mozilla/5.0 (Macintosh; Intel Mac OS X 10_12_3) AppleWebKit/537.36 (KHTML, like Gecko) Chrome/56.0.2924.87 Safari/537.36"
94.72.101.21 - - [02/Nov/2024:19:32:32 +0000] "GET /integrations/stripe/v1/main.js HTTP/1.1" 404 564 "-" "Mozilla/5.0 (Macintosh; Intel Mac OS X 10_12_3) AppleWebKit/537.36 (KHTML, like Gecko) Chrome/56.0.2924.87 Safari/537.36"
94.72.101.21 - - [02/Nov/2024:19:32:32 +0000] "GET /data/etl_jobs/v2/Dockerfile HTTP/1.1" 404 564 "-" "Mozilla/5.0 (Macintosh; Intel Mac OS X 10_12_3) AppleWebKit/537.36 (KHTML, like Gecko) Chrome/56.0.2924.87 Safari/537.36"
94.72.101.21 - - [02/Nov/2024:19:32:32 +0000] "GET /ci-cd/gitlab/prod/schema.sql HTTP/1.1" 404 564 "-" "Mozilla/5.0 (Macintosh; Intel Mac OS X 10_12_3) AppleWebKit/537.36 (KHTML, like Gecko) Chrome/56.0.2924.87 Safari/537.36"
94.72.101.21 - - [02/Nov/2024:19:32:33 +0000] "GET /backend/nestjs/v1/service.yaml HTTP/1.1" 404 564 "-" "Mozilla/5.0 (Macintosh; Intel Mac OS X 10_12_3) AppleWebKit/537.36 (KHTML, like Gecko) Chrome/56.0.2924.87 Safari/537.36"
94.72.101.21 - - [02/Nov/2024:19:32:33 +0000] "GET /data_sources/prod/service.yaml HTTP/1.1" 404 564 "-" "Mozilla/5.0 (Macintosh; Intel Mac OS X 10_12_3) AppleWebKit/537.36 (KHTML, like Gecko) Chrome/56.0.2924.87 Safari/537.36"
94.72.101.21 - - [02/Nov/2024:19:32:33 +0000] "GET /ci-cd/github/dist/secrets.env HTTP/1.1" 404 564 "-" "Mozilla/5.0 (Macintosh; Intel Mac OS X 10_12_3) AppleWebKit/537.36 (KHTML, like Gecko) Chrome/56.0.2924.87 Safari/537.36"
94.72.101.21 - - [02/Nov/2024:19:32:33 +0000] "GET /integrations/twilio/v2/main.js HTTP/1.1" 404 564 "-" "Mozilla/5.0 (Macintosh; Intel Mac OS X 10_12_3) AppleWebKit/537.36 (KHTML, like Gecko) Chrome/56.0.2924.87 Safari/537.36"
94.72.101.21 - - [02/Nov/2024:19:32:34 +0000] "GET /ci-cd/github/dist/setup.py HTTP/1.1" 404 564 "-" "Mozilla/5.0 (Macintosh; Intel Mac OS X 10_12_3) AppleWebKit/537.36 (KHTML, like Gecko) Chrome/56.0.2924.87 Safari/537.36"
94.72.101.21 - - [02/Nov/2024:19:32:34 +0000] "GET /backend/koa/dev/schema.sql HTTP/1.1" 404 564 "-" "Mozilla/5.0 (Macintosh; Intel Mac OS X 10_12_3) AppleWebKit/537.36 (KHTML, like Gecko) Chrome/56.0.2924.87 Safari/537.36"
94.72.101.21 - - [02/Nov/2024:19:32:34 +0000] "GET /pipelines/dataflow/v1/requirements.txt HTTP/1.1" 404 564 "-" "Mozilla/5.0 (Macintosh; Intel Mac OS X 10_12_3) AppleWebKit/537.36 (KHTML, like Gecko) Chrome/56.0.2924.87 Safari/537.36"
94.72.101.21 - - [02/Nov/2024:19:32:34 +0000] "GET /config/azure/v1/service.yaml HTTP/1.1" 404 564 "-" "Mozilla/5.0 (Macintosh; Intel Mac OS X 10_12_3) AppleWebKit/537.36 (KHTML, like Gecko) Chrome/56.0.2924.87 Safari/537.36"
94.72.101.21 - - [02/Nov/2024:19:32:34 +0000] "GET /config/database/prod/.env HTTP/1.1" 404 564 "-" "Mozilla/5.0 (Macintosh; Intel Mac OS X 10_12_3) AppleWebKit/537.36 (KHTML, like Gecko) Chrome/56.0.2924.87 Safari/537.36"
94.72.101.21 - - [02/Nov/2024:19:32:34 +0000] "GET /data/etl_jobs/v2/variables.tf HTTP/1.1" 404 564 "-" "Mozilla/5.0 (Macintosh; Intel Mac OS X 10_12_3) AppleWebKit/537.36 (KHTML, like Gecko) Chrome/56.0.2924.87 Safari/537.36"
94.72.101.21 - - [02/Nov/2024:19:32:35 +0000] "GET /terraform/environments/prod/v2/Dockerfile HTTP/1.1" 404 564 "-" "Mozilla/5.0 (Macintosh; Intel Mac OS X 10_12_3) AppleWebKit/537.36 (KHTML, like Gecko) Chrome/56.0.2924.87 Safari/537.36"
94.72.101.21 - - [02/Nov/2024:19:32:35 +0000] "GET /docs/readme/src/app.py HTTP/1.1" 404 564 "-" "Mozilla/5.0 (Macintosh; Intel Mac OS X 10_12_3) AppleWebKit/537.36 (KHTML, like Gecko) Chrome/56.0.2924.87 Safari/537.36"
94.72.101.21 - - [02/Nov/2024:19:32:35 +0000] "GET /frontend/svelte-app/src/Dockerfile HTTP/1.1" 404 564 "-" "Mozilla/5.0 (Macintosh; Intel Mac OS X 10_12_3) AppleWebKit/537.36 (KHTML, like Gecko) Chrome/56.0.2924.87 Safari/537.36"
94.72.101.21 - - [02/Nov/2024:19:32:35 +0000] "GET /config/database/prod/deployment.yaml HTTP/1.1" 404 564 "-" "Mozilla/5.0 (Macintosh; Intel Mac OS X 10_12_3) AppleWebKit/537.36 (KHTML, like Gecko) Chrome/56.0.2924.87 Safari/537.36"
94.72.101.21 - - [02/Nov/2024:19:32:35 +0000] "GET /terraform/environments/prod/v1/secrets.env HTTP/1.1" 404 564 "-" "Mozilla/5.0 (Macintosh; Intel Mac OS X 10_12_3) AppleWebKit/537.36 (KHTML, like Gecko) Chrome/56.0.2924.87 Safari/537.36"
94.72.101.21 - - [02/Nov/2024:19:32:36 +0000] "GET /backend/fastapi/dev/main.js HTTP/1.1" 404 564 "-" "Mozilla/5.0 (Macintosh; Intel Mac OS X 10_12_3) AppleWebKit/537.36 (KHTML, like Gecko) Chrome/56.0.2924.87 Safari/537.36"
94.72.101.21 - - [02/Nov/2024:19:32:36 +0000] "GET /microservices/payment-service/v2/policy.json HTTP/1.1" 404 564 "-" "Mozilla/5.0 (Macintosh; Intel Mac OS X 10_12_3) AppleWebKit/537.36 (KHTML, like Gecko) Chrome/56.0.2924.87 Safari/537.36"
94.72.101.21 - - [02/Nov/2024:19:32:36 +0000] "GET /integrations/slack/dev/requirements.txt HTTP/1.1" 404 564 "-" "Mozilla/5.0 (Macintosh; Intel Mac OS X 10_12_3) AppleWebKit/537.36 (KHTML, like Gecko) Chrome/56.0.2924.87 Safari/537.36"
94.72.101.21 - - [02/Nov/2024:19:32:36 +0000] "GET /backend/express/prod/requirements.txt HTTP/1.1" 404 564 "-" "Mozilla/5.0 (Macintosh; Intel Mac OS X 10_12_3) AppleWebKit/537.36 (KHTML, like Gecko) Chrome/56.0.2924.87 Safari/537.36"
94.72.101.21 - - [02/Nov/2024:19:32:36 +0000] "GET /frontend/react-app/v2/variables.tf HTTP/1.1" 404 564 "-" "Mozilla/5.0 (Macintosh; Intel Mac OS X 10_12_3) AppleWebKit/537.36 (KHTML, like Gecko) Chrome/56.0.2924.87 Safari/537.36"
94.72.101.21 - - [02/Nov/2024:19:32:36 +0000] "GET /ci-cd/github/prod/policy.json HTTP/1.1" 404 564 "-" "Mozilla/5.0 (Macintosh; Intel Mac OS X 10_12_3) AppleWebKit/537.36 (KHTML, like Gecko) Chrome/56.0.2924.87 Safari/537.36"
94.72.101.21 - - [02/Nov/2024:19:32:37 +0000] "GET /integrations/twilio/dist/secrets.env HTTP/1.1" 404 564 "-" "Mozilla/5.0 (Macintosh; Intel Mac OS X 10_12_3) AppleWebKit/537.36 (KHTML, like Gecko) Chrome/56.0.2924.87 Safari/537.36"
94.72.101.21 - - [02/Nov/2024:19:32:37 +0000] "GET /frontend/vue-app/v2/deployment.yaml HTTP/1.1" 404 564 "-" "Mozilla/5.0 (Macintosh; Intel Mac OS X 10_12_3) AppleWebKit/537.36 (KHTML, like Gecko) Chrome/56.0.2924.87 Safari/537.36"
94.72.101.21 - - [02/Nov/2024:19:32:37 +0000] "GET /integrations/slack/prod/.env HTTP/1.1" 404 564 "-" "Mozilla/5.0 (Macintosh; Intel Mac OS X 10_12_3) AppleWebKit/537.36 (KHTML, like Gecko) Chrome/56.0.2924.87 Safari/537.36"
94.72.101.21 - - [02/Nov/2024:19:32:37 +0000] "GET /integrations/twilio/dev/index.js HTTP/1.1" 404 564 "-" "Mozilla/5.0 (Macintosh; Intel Mac OS X 10_12_3) AppleWebKit/537.36 (KHTML, like Gecko) Chrome/56.0.2924.87 Safari/537.36"
94.72.101.21 - - [02/Nov/2024:19:32:37 +0000] "GET /backend/nestjs/prod/deployment.yaml HTTP/1.1" 404 564 "-" "Mozilla/5.0 (Macintosh; Intel Mac OS X 10_12_3) AppleWebKit/537.36 (KHTML, like Gecko) Chrome/56.0.2924.87 Safari/537.36"
94.72.101.21 - - [02/Nov/2024:19:32:37 +0000] "GET /config/database/dev/main.js HTTP/1.1" 404 564 "-" "Mozilla/5.0 (Macintosh; Intel Mac OS X 10_12_3) AppleWebKit/537.36 (KHTML, like Gecko) Chrome/56.0.2924.87 Safari/537.36"
94.72.101.21 - - [02/Nov/2024:19:32:38 +0000] "GET /frontend/nextjs/prod/config.json HTTP/1.1" 404 564 "-" "Mozilla/5.0 (Macintosh; Intel Mac OS X 10_12_3) AppleWebKit/537.36 (KHTML, like Gecko) Chrome/56.0.2924.87 Safari/537.36"
94.72.101.21 - - [02/Nov/2024:19:32:38 +0000] "GET /ci-cd/github/dist/deployment.yaml HTTP/1.1" 404 564 "-" "Mozilla/5.0 (Macintosh; Intel Mac OS X 10_12_3) AppleWebKit/537.36 (KHTML, like Gecko) Chrome/56.0.2924.87 Safari/537.36"
94.72.101.21 - - [02/Nov/2024:19:32:38 +0000] "GET /frontend/nextjs/dist/app.py HTTP/1.1" 404 564 "-" "Mozilla/5.0 (Macintosh; Intel Mac OS X 10_12_3) AppleWebKit/537.36 (KHTML, like Gecko) Chrome/56.0.2924.87 Safari/537.36"
94.72.101.21 - - [02/Nov/2024:19:32:38 +0000] "GET /pipelines/dataflow/v1/variables.tf HTTP/1.1" 404 564 "-" "Mozilla/5.0 (Macintosh; Intel Mac OS X 10_12_3) AppleWebKit/537.36 (KHTML, like Gecko) Chrome/56.0.2924.87 Safari/537.36"
94.72.101.21 - - [02/Nov/2024:19:32:38 +0000] "GET /ci-cd/gitlab/dev/README.md HTTP/1.1" 404 564 "-" "Mozilla/5.0 (Macintosh; Intel Mac OS X 10_12_3) AppleWebKit/537.36 (KHTML, like Gecko) Chrome/56.0.2924.87 Safari/537.36"
94.72.101.21 - - [02/Nov/2024:19:32:38 +0000] "GET /frontend/svelte-app/v2/service.yaml HTTP/1.1" 404 564 "-" "Mozilla/5.0 (Macintosh; Intel Mac OS X 10_12_3) AppleWebKit/537.36 (KHTML, like Gecko) Chrome/56.0.2924.87 Safari/537.36"
94.72.101.21 - - [02/Nov/2024:19:32:39 +0000] "GET /k8s/dist/swagger.json HTTP/1.1" 404 564 "-" "Mozilla/5.0 (Macintosh; Intel Mac OS X 10_12_3) AppleWebKit/537.36 (KHTML, like Gecko) Chrome/56.0.2924.87 Safari/537.36"
94.72.101.21 - - [02/Nov/2024:19:32:39 +0000] "GET /backend/koa/prod/setup.py HTTP/1.1" 404 564 "-" "Mozilla/5.0 (Macintosh; Intel Mac OS X 10_12_3) AppleWebKit/537.36 (KHTML, like Gecko) Chrome/56.0.2924.87 Safari/537.36"
94.72.101.21 - - [02/Nov/2024:19:32:39 +0000] "GET /config/database/v1/variables.tf HTTP/1.1" 404 564 "-" "Mozilla/5.0 (Macintosh; Intel Mac OS X 10_12_3) AppleWebKit/537.36 (KHTML, like Gecko) Chrome/56.0.2924.87 Safari/537.36"
94.72.101.21 - - [02/Nov/2024:19:32:39 +0000] "GET /backend/nestjs/src/app.py HTTP/1.1" 404 564 "-" "Mozilla/5.0 (Macintosh; Intel Mac OS X 10_12_3) AppleWebKit/537.36 (KHTML, like Gecko) Chrome/56.0.2924.87 Safari/537.36"
94.72.101.21 - - [02/Nov/2024:19:32:39 +0000] "GET /security/vault/dev/variables.tf HTTP/1.1" 404 564 "-" "Mozilla/5.0 (Macintosh; Intel Mac OS X 10_12_3) AppleWebKit/537.36 (KHTML, like Gecko) Chrome/56.0.2924.87 Safari/537.36"
94.72.101.21 - - [02/Nov/2024:19:32:39 +0000] "GET /config/env/dev/secrets.env HTTP/1.1" 404 564 "-" "Mozilla/5.0 (Macintosh; Intel Mac OS X 10_12_3) AppleWebKit/537.36 (KHTML, like Gecko) Chrome/56.0.2924.87 Safari/537.36"
94.72.101.21 - - [02/Nov/2024:19:32:40 +0000] "GET /ci-cd/gitlab/dev/deployment.yaml HTTP/1.1" 404 564 "-" "Mozilla/5.0 (Macintosh; Intel Mac OS X 10_12_3) AppleWebKit/537.36 (KHTML, like Gecko) Chrome/56.0.2924.87 Safari/537.36"
94.72.101.21 - - [02/Nov/2024:19:32:40 +0000] "GET /integrations/slack/src/Dockerfile HTTP/1.1" 404 564 "-" "Mozilla/5.0 (Macintosh; Intel Mac OS X 10_12_3) AppleWebKit/537.36 (KHTML, like Gecko) Chrome/56.0.2924.87 Safari/537.36"
94.72.101.21 - - [02/Nov/2024:19:32:40 +0000] "GET /microservices/inventory/src/deployment.yaml HTTP/1.1" 404 564 "-" "Mozilla/5.0 (Macintosh; Intel Mac OS X 10_12_3) AppleWebKit/537.36 (KHTML, like Gecko) Chrome/56.0.2924.87 Safari/537.36"
94.72.101.21 - - [02/Nov/2024:19:32:40 +0000] "GET /microservices/inventory/dist/README.md HTTP/1.1" 404 564 "-" "Mozilla/5.0 (Macintosh; Intel Mac OS X 10_12_3) AppleWebKit/537.36 (KHTML, like Gecko) Chrome/56.0.2924.87 Safari/537.36"
94.72.101.21 - - [02/Nov/2024:19:32:40 +0000] "GET /compliance/reports/prod/setup.py HTTP/1.1" 404 564 "-" "Mozilla/5.0 (Macintosh; Intel Mac OS X 10_12_3) AppleWebKit/537.36 (KHTML, like Gecko) Chrome/56.0.2924.87 Safari/537.36"
94.72.101.21 - - [02/Nov/2024:19:32:40 +0000] "GET /docs/readme/prod/requirements.txt HTTP/1.1" 404 564 "-" "Mozilla/5.0 (Macintosh; Intel Mac OS X 10_12_3) AppleWebKit/537.36 (KHTML, like Gecko) Chrome/56.0.2924.87 Safari/537.36"
94.72.101.21 - - [02/Nov/2024:19:32:41 +0000] "GET /frontend/nextjs/src/README.md HTTP/1.1" 404 564 "-" "Mozilla/5.0 (Macintosh; Intel Mac OS X 10_12_3) AppleWebKit/537.36 (KHTML, like Gecko) Chrome/56.0.2924.87 Safari/537.36"
94.72.101.21 - - [02/Nov/2024:19:32:41 +0000] "GET /frontend/react-app/prod/.env HTTP/1.1" 404 564 "-" "Mozilla/5.0 (Macintosh; Intel Mac OS X 10_12_3) AppleWebKit/537.36 (KHTML, like Gecko) Chrome/56.0.2924.87 Safari/537.36"
94.72.101.21 - - [02/Nov/2024:19:32:41 +0000] "GET /config/azure/dev/setup.py HTTP/1.1" 404 564 "-" "Mozilla/5.0 (Macintosh; Intel Mac OS X 10_12_3) AppleWebKit/537.36 (KHTML, like Gecko) Chrome/56.0.2924.87 Safari/537.36"
94.72.101.21 - - [02/Nov/2024:19:32:42 +0000] "GET /frontend/svelte-app/dist/secrets.env HTTP/1.1" 404 564 "-" "Mozilla/5.0 (Macintosh; Intel Mac OS X 10_12_3) AppleWebKit/537.36 (KHTML, like Gecko) Chrome/56.0.2924.87 Safari/537.36"
94.72.101.21 - - [02/Nov/2024:19:32:42 +0000] "GET /frontend/nextjs/v1/setup.py HTTP/1.1" 404 564 "-" "Mozilla/5.0 (Macintosh; Intel Mac OS X 10_12_3) AppleWebKit/537.36 (KHTML, like Gecko) Chrome/56.0.2924.87 Safari/537.36"
94.72.101.21 - - [02/Nov/2024:19:32:42 +0000] "GET /microservices/inventory/dev/swagger.json HTTP/1.1" 404 564 "-" "Mozilla/5.0 (Macintosh; Intel Mac OS X 10_12_3) AppleWebKit/537.36 (KHTML, like Gecko) Chrome/56.0.2924.87 Safari/537.36"
94.72.101.21 - - [02/Nov/2024:19:32:42 +0000] "GET /backend/nestjs/dist/main.js HTTP/1.1" 404 564 "-" "Mozilla/5.0 (Macintosh; Intel Mac OS X 10_12_3) AppleWebKit/537.36 (KHTML, like Gecko) Chrome/56.0.2924.87 Safari/537.36"
94.72.101.21 - - [02/Nov/2024:19:32:43 +0000] "GET /config/database/dist/variables.tf HTTP/1.1" 404 564 "-" "Mozilla/5.0 (Macintosh; Intel Mac OS X 10_12_3) AppleWebKit/537.36 (KHTML, like Gecko) Chrome/56.0.2924.87 Safari/537.36"
94.72.101.21 - - [02/Nov/2024:19:32:43 +0000] "GET /documentation/architecture/dev/swagger.json HTTP/1.1" 404 564 "-" "Mozilla/5.0 (Macintosh; Intel Mac OS X 10_12_3) AppleWebKit/537.36 (KHTML, like Gecko) Chrome/56.0.2924.87 Safari/537.36"
94.72.101.21 - - [02/Nov/2024:19:32:43 +0000] "GET /data/etl_jobs/v1/deployment.yaml HTTP/1.1" 404 564 "-" "Mozilla/5.0 (Macintosh; Intel Mac OS X 10_12_3) AppleWebKit/537.36 (KHTML, like Gecko) Chrome/56.0.2924.87 Safari/537.36"
94.72.101.21 - - [02/Nov/2024:19:32:43 +0000] "GET /integrations/twilio/dist/policy.json HTTP/1.1" 404 564 "-" "Mozilla/5.0 (Macintosh; Intel Mac OS X 10_12_3) AppleWebKit/537.36 (KHTML, like Gecko) Chrome/56.0.2924.87 Safari/537.36"
94.72.101.21 - - [02/Nov/2024:19:32:43 +0000] "GET /config/aws/dev/app.py HTTP/1.1" 404 564 "-" "Mozilla/5.0 (Macintosh; Intel Mac OS X 10_12_3) AppleWebKit/537.36 (KHTML, like Gecko) Chrome/56.0.2924.87 Safari/537.36"
94.72.101.21 - - [02/Nov/2024:19:32:43 +0000] "GET /frontend/nextjs/prod/policy.json HTTP/1.1" 404 564 "-" "Mozilla/5.0 (Macintosh; Intel Mac OS X 10_12_3) AppleWebKit/537.36 (KHTML, like Gecko) Chrome/56.0.2924.87 Safari/537.36"
94.72.101.21 - - [02/Nov/2024:19:32:44 +0000] "GET /terraform/environments/prod/src/.env HTTP/1.1" 404 564 "-" "Mozilla/5.0 (Macintosh; Intel Mac OS X 10_12_3) AppleWebKit/537.36 (KHTML, like Gecko) Chrome/56.0.2924.87 Safari/537.36"
94.72.101.21 - - [02/Nov/2024:19:32:45 +0000] "GET /frontend/vue-app/v1/setup.py HTTP/1.1" 404 564 "-" "Mozilla/5.0 (Macintosh; Intel Mac OS X 10_12_3) AppleWebKit/537.36 (KHTML, like Gecko) Chrome/56.0.2924.87 Safari/537.36"
94.72.101.21 - - [02/Nov/2024:19:32:45 +0000] "GET /compliance/reports/dist/requirements.txt HTTP/1.1" 404 564 "-" "Mozilla/5.0 (Macintosh; Intel Mac OS X 10_12_3) AppleWebKit/537.36 (KHTML, like Gecko) Chrome/56.0.2924.87 Safari/537.36"
94.72.101.21 - - [02/Nov/2024:19:32:45 +0000] "GET /config/aws/v2/schema.sql HTTP/1.1" 404 564 "-" "Mozilla/5.0 (Macintosh; Intel Mac OS X 10_12_3) AppleWebKit/537.36 (KHTML, like Gecko) Chrome/56.0.2924.87 Safari/537.36"
94.72.101.21 - - [02/Nov/2024:19:32:45 +0000] "GET /security/vault/v2/main.js HTTP/1.1" 404 564 "-" "Mozilla/5.0 (Macintosh; Intel Mac OS X 10_12_3) AppleWebKit/537.36 (KHTML, like Gecko) Chrome/56.0.2924.87 Safari/537.36"
94.72.101.21 - - [02/Nov/2024:19:32:46 +0000] "GET /security/vault/v1/index.js HTTP/1.1" 404 564 "-" "Mozilla/5.0 (Macintosh; Intel Mac OS X 10_12_3) AppleWebKit/537.36 (KHTML, like Gecko) Chrome/56.0.2924.87 Safari/537.36"
94.72.101.21 - - [02/Nov/2024:19:32:46 +0000] "GET /backend/nestjs/prod/Dockerfile HTTP/1.1" 404 564 "-" "Mozilla/5.0 (Macintosh; Intel Mac OS X 10_12_3) AppleWebKit/537.36 (KHTML, like Gecko) Chrome/56.0.2924.87 Safari/537.36"
94.72.101.21 - - [02/Nov/2024:19:32:46 +0000] "GET /compliance/reports/prod/config.json HTTP/1.1" 404 564 "-" "Mozilla/5.0 (Macintosh; Intel Mac OS X 10_12_3) AppleWebKit/537.36 (KHTML, like Gecko) Chrome/56.0.2924.87 Safari/537.36"
94.72.101.21 - - [02/Nov/2024:19:32:46 +0000] "GET /audit/logs/v2/deployment.yaml HTTP/1.1" 404 564 "-" "Mozilla/5.0 (Macintosh; Intel Mac OS X 10_12_3) AppleWebKit/537.36 (KHTML, like Gecko) Chrome/56.0.2924.87 Safari/537.36"
94.72.101.21 - - [02/Nov/2024:19:32:46 +0000] "GET /integrations/twilio/dev/deployment.yaml HTTP/1.1" 404 564 "-" "Mozilla/5.0 (Macintosh; Intel Mac OS X 10_12_3) AppleWebKit/537.36 (KHTML, like Gecko) Chrome/56.0.2924.87 Safari/537.36"
94.72.101.21 - - [02/Nov/2024:19:32:47 +0000] "GET /data_sources/v2/app.py HTTP/1.1" 404 564 "-" "Mozilla/5.0 (Macintosh; Intel Mac OS X 10_12_3) AppleWebKit/537.36 (KHTML, like Gecko) Chrome/56.0.2924.87 Safari/537.36"
94.72.101.21 - - [02/Nov/2024:19:32:47 +0000] "GET /frontend/react-app/dev/setup.py HTTP/1.1" 404 564 "-" "Mozilla/5.0 (Macintosh; Intel Mac OS X 10_12_3) AppleWebKit/537.36 (KHTML, like Gecko) Chrome/56.0.2924.87 Safari/537.36"
94.72.101.21 - - [02/Nov/2024:19:32:47 +0000] "GET /config/aws/prod/app.py HTTP/1.1" 404 564 "-" "Mozilla/5.0 (Macintosh; Intel Mac OS X 10_12_3) AppleWebKit/537.36 (KHTML, like Gecko) Chrome/56.0.2924.87 Safari/537.36"
94.72.101.21 - - [02/Nov/2024:19:32:47 +0000] "GET /pipelines/dataflow/v1/swagger.json HTTP/1.1" 404 564 "-" "Mozilla/5.0 (Macintosh; Intel Mac OS X 10_12_3) AppleWebKit/537.36 (KHTML, like Gecko) Chrome/56.0.2924.87 Safari/537.36"
94.72.101.21 - - [02/Nov/2024:19:32:48 +0000] "GET /audit/logs/src/setup.py HTTP/1.1" 404 564 "-" "Mozilla/5.0 (Macintosh; Intel Mac OS X 10_12_3) AppleWebKit/537.36 (KHTML, like Gecko) Chrome/56.0.2924.87 Safari/537.36"
94.72.101.21 - - [02/Nov/2024:19:32:48 +0000] "GET /integrations/twilio/v2/app.py HTTP/1.1" 404 564 "-" "Mozilla/5.0 (Macintosh; Intel Mac OS X 10_12_3) AppleWebKit/537.36 (KHTML, like Gecko) Chrome/56.0.2924.87 Safari/537.36"
94.72.101.21 - - [02/Nov/2024:19:32:48 +0000] "GET /integrations/twilio/dist/app.py HTTP/1.1" 404 564 "-" "Mozilla/5.0 (Macintosh; Intel Mac OS X 10_12_3) AppleWebKit/537.36 (KHTML, like Gecko) Chrome/56.0.2924.87 Safari/537.36"
94.72.101.21 - - [02/Nov/2024:19:32:48 +0000] "GET /compliance/reports/prod/policy.json HTTP/1.1" 404 564 "-" "Mozilla/5.0 (Macintosh; Intel Mac OS X 10_12_3) AppleWebKit/537.36 (KHTML, like Gecko) Chrome/56.0.2924.87 Safari/537.36"
94.72.101.21 - - [02/Nov/2024:19:32:49 +0000] "GET /ml/models/v2/requirements.txt HTTP/1.1" 404 564 "-" "Mozilla/5.0 (Macintosh; Intel Mac OS X 10_12_3) AppleWebKit/537.36 (KHTML, like Gecko) Chrome/56.0.2924.87 Safari/537.36"
94.72.101.21 - - [02/Nov/2024:19:32:49 +0000] "GET /ci-cd/github/src/.env HTTP/1.1" 404 564 "-" "Mozilla/5.0 (Macintosh; Intel Mac OS X 10_12_3) AppleWebKit/537.36 (KHTML, like Gecko) Chrome/56.0.2924.87 Safari/537.36"
94.72.101.21 - - [02/Nov/2024:19:33:47 +0000] "GET /config/database/src/Dockerfile HTTP/1.1" 404 564 "-" "Mozilla/5.0 (Macintosh; Intel Mac OS X 10_12_3) AppleWebKit/537.36 (KHTML, like Gecko) Chrome/56.0.2924.87 Safari/537.36"
94.72.101.21 - - [02/Nov/2024:19:33:47 +0000] "GET /config/aws/prod/config.json HTTP/1.1" 404 564 "-" "Mozilla/5.0 (Macintosh; Intel Mac OS X 10_12_3) AppleWebKit/537.36 (KHTML, like Gecko) Chrome/56.0.2924.87 Safari/537.36"
94.72.101.21 - - [02/Nov/2024:19:33:47 +0000] "GET /data/etl_jobs/v1/index.js HTTP/1.1" 404 564 "-" "Mozilla/5.0 (Macintosh; Intel Mac OS X 10_12_3) AppleWebKit/537.36 (KHTML, like Gecko) Chrome/56.0.2924.87 Safari/537.36"
94.72.101.21 - - [02/Nov/2024:19:33:48 +0000] "GET /compliance/reports/dev/main.js HTTP/1.1" 404 564 "-" "Mozilla/5.0 (Macintosh; Intel Mac OS X 10_12_3) AppleWebKit/537.36 (KHTML, like Gecko) Chrome/56.0.2924.87 Safari/537.36"
94.72.101.21 - - [02/Nov/2024:19:33:48 +0000] "GET /backend/express/v1/deployment.yaml HTTP/1.1" 404 564 "-" "Mozilla/5.0 (Macintosh; Intel Mac OS X 10_12_3) AppleWebKit/537.36 (KHTML, like Gecko) Chrome/56.0.2924.87 Safari/537.36"
94.72.101.21 - - [02/Nov/2024:19:33:48 +0000] "GET /data/etl_jobs/v2/requirements.txt HTTP/1.1" 404 564 "-" "Mozilla/5.0 (Macintosh; Intel Mac OS X 10_12_3) AppleWebKit/537.36 (KHTML, like Gecko) Chrome/56.0.2924.87 Safari/537.36"
94.72.101.21 - - [02/Nov/2024:19:33:48 +0000] "GET /microservices/user-service/prod/Dockerfile HTTP/1.1" 404 564 "-" "Mozilla/5.0 (Macintosh; Intel Mac OS X 10_12_3) AppleWebKit/537.36 (KHTML, like Gecko) Chrome/56.0.2924.87 Safari/537.36"
94.72.101.21 - - [02/Nov/2024:19:34:16 +0000] "GET /backend/fastapi/src/swagger.json HTTP/1.1" 404 564 "-" "Mozilla/5.0 (Macintosh; Intel Mac OS X 10_12_3) AppleWebKit/537.36 (KHTML, like Gecko) Chrome/56.0.2924.87 Safari/537.36"
94.72.101.21 - - [02/Nov/2024:19:34:16 +0000] "GET /config/azure/dist/service.yaml HTTP/1.1" 404 564 "-" "Mozilla/5.0 (Macintosh; Intel Mac OS X 10_12_3) AppleWebKit/537.36 (KHTML, like Gecko) Chrome/56.0.2924.87 Safari/537.36"
94.72.101.21 - - [02/Nov/2024:19:34:17 +0000] "GET /frontend/svelte-app/dev/deployment.yaml HTTP/1.1" 404 564 "-" "Mozilla/5.0 (Macintosh; Intel Mac OS X 10_12_3) AppleWebKit/537.36 (KHTML, like Gecko) Chrome/56.0.2924.87 Safari/537.36"
94.72.101.21 - - [02/Nov/2024:19:34:17 +0000] "GET /audit/logs/v1/setup.py HTTP/1.1" 404 564 "-" "Mozilla/5.0 (Macintosh; Intel Mac OS X 10_12_3) AppleWebKit/537.36 (KHTML, like Gecko) Chrome/56.0.2924.87 Safari/537.36"
94.72.101.21 - - [02/Nov/2024:19:36:43 +0000] "GET /config/database/src/Dockerfile HTTP/1.1" 404 564 "-" "Mozilla/5.0 (Macintosh; Intel Mac OS X 10_12_3) AppleWebKit/537.36 (KHTML, like Gecko) Chrome/56.0.2924.87 Safari/537.36"
94.72.101.21 - - [02/Nov/2024:19:36:44 +0000] "GET /config/aws/prod/config.json HTTP/1.1" 404 564 "-" "Mozilla/5.0 (Macintosh; Intel Mac OS X 10_12_3) AppleWebKit/537.36 (KHTML, like Gecko) Chrome/56.0.2924.87 Safari/537.36"
94.72.101.21 - - [02/Nov/2024:19:36:44 +0000] "GET /data/etl_jobs/v1/index.js HTTP/1.1" 404 564 "-" "Mozilla/5.0 (Macintosh; Intel Mac OS X 10_12_3) AppleWebKit/537.36 (KHTML, like Gecko) Chrome/56.0.2924.87 Safari/537.36"
94.72.101.21 - - [02/Nov/2024:19:36:44 +0000] "GET /compliance/reports/dev/main.js HTTP/1.1" 404 564 "-" "Mozilla/5.0 (Macintosh; Intel Mac OS X 10_12_3) AppleWebKit/537.36 (KHTML, like Gecko) Chrome/56.0.2924.87 Safari/537.36"
94.72.101.21 - - [02/Nov/2024:19:36:45 +0000] "GET /backend/express/v1/deployment.yaml HTTP/1.1" 404 564 "-" "Mozilla/5.0 (Macintosh; Intel Mac OS X 10_12_3) AppleWebKit/537.36 (KHTML, like Gecko) Chrome/56.0.2924.87 Safari/537.36"
94.72.101.21 - - [02/Nov/2024:19:36:45 +0000] "GET /data/etl_jobs/v2/requirements.txt HTTP/1.1" 404 564 "-" "Mozilla/5.0 (Macintosh; Intel Mac OS X 10_12_3) AppleWebKit/537.36 (KHTML, like Gecko) Chrome/56.0.2924.87 Safari/537.36"
94.72.101.21 - - [02/Nov/2024:19:36:45 +0000] "GET /microservices/user-service/prod/Dockerfile HTTP/1.1" 404 564 "-" "Mozilla/5.0 (Macintosh; Intel Mac OS X 10_12_3) AppleWebKit/537.36 (KHTML, like Gecko) Chrome/56.0.2924.87 Safari/537.36"
94.72.101.21 - - [02/Nov/2024:19:36:45 +0000] "GET /backend/fastapi/src/swagger.json HTTP/1.1" 404 564 "-" "Mozilla/5.0 (Macintosh; Intel Mac OS X 10_12_3) AppleWebKit/537.36 (KHTML, like Gecko) Chrome/56.0.2924.87 Safari/537.36"
94.72.101.21 - - [02/Nov/2024:19:36:46 +0000] "GET /config/azure/dist/service.yaml HTTP/1.1" 404 564 "-" "Mozilla/5.0 (Macintosh; Intel Mac OS X 10_12_3) AppleWebKit/537.36 (KHTML, like Gecko) Chrome/56.0.2924.87 Safari/537.36"
94.72.101.21 - - [02/Nov/2024:19:36:46 +0000] "GET /frontend/svelte-app/dev/deployment.yaml HTTP/1.1" 404 564 "-" "Mozilla/5.0 (Macintosh; Intel Mac OS X 10_12_3) AppleWebKit/537.36 (KHTML, like Gecko) Chrome/56.0.2924.87 Safari/537.36"
94.72.101.21 - - [02/Nov/2024:19:36:46 +0000] "GET /audit/logs/v1/setup.py HTTP/1.1" 404 564 "-" "Mozilla/5.0 (Macintosh; Intel Mac OS X 10_12_3) AppleWebKit/537.36 (KHTML, like Gecko) Chrome/56.0.2924.87 Safari/537.36"
94.72.101.21 - - [02/Nov/2024:19:36:46 +0000] "GET /docs/readme/v2/.env HTTP/1.1" 404 564 "-" "Mozilla/5.0 (Macintosh; Intel Mac OS X 10_12_3) AppleWebKit/537.36 (KHTML, like Gecko) Chrome/56.0.2924.87 Safari/537.36"
94.72.101.21 - - [02/Nov/2024:19:36:46 +0000] "GET /ci-cd/gitlab/v2/Dockerfile HTTP/1.1" 404 564 "-" "Mozilla/5.0 (Macintosh; Intel Mac OS X 10_12_3) AppleWebKit/537.36 (KHTML, like Gecko) Chrome/56.0.2924.87 Safari/537.36"
94.72.101.21 - - [02/Nov/2024:19:36:47 +0000] "GET /data_sources/dev/requirements.txt HTTP/1.1" 404 564 "-" "Mozilla/5.0 (Macintosh; Intel Mac OS X 10_12_3) AppleWebKit/537.36 (KHTML, like Gecko) Chrome/56.0.2924.87 Safari/537.36"
94.72.101.21 - - [02/Nov/2024:19:36:47 +0000] "GET /data/etl_jobs/dist/secrets.env HTTP/1.1" 404 564 "-" "Mozilla/5.0 (Macintosh; Intel Mac OS X 10_12_3) AppleWebKit/537.36 (KHTML, like Gecko) Chrome/56.0.2924.87 Safari/537.36"
94.72.101.21 - - [02/Nov/2024:19:36:47 +0000] "GET /backend/fastapi/src/Dockerfile HTTP/1.1" 404 564 "-" "Mozilla/5.0 (Macintosh; Intel Mac OS X 10_12_3) AppleWebKit/537.36 (KHTML, like Gecko) Chrome/56.0.2924.87 Safari/537.36"
94.72.101.21 - - [02/Nov/2024:19:36:47 +0000] "GET /ml/models/prod/setup.py HTTP/1.1" 404 564 "-" "Mozilla/5.0 (Macintosh; Intel Mac OS X 10_12_3) AppleWebKit/537.36 (KHTML, like Gecko) Chrome/56.0.2924.87 Safari/537.36"
94.72.101.21 - - [02/Nov/2024:19:36:48 +0000] "GET /docs/api_v2/prod/swagger.json HTTP/1.1" 404 564 "-" "Mozilla/5.0 (Macintosh; Intel Mac OS X 10_12_3) AppleWebKit/537.36 (KHTML, like Gecko) Chrome/56.0.2924.87 Safari/537.36"
94.72.101.21 - - [02/Nov/2024:19:36:48 +0000] "GET /data_sources/dist/requirements.txt HTTP/1.1" 404 564 "-" "Mozilla/5.0 (Macintosh; Intel Mac OS X 10_12_3) AppleWebKit/537.36 (KHTML, like Gecko) Chrome/56.0.2924.87 Safari/537.36"
94.72.101.21 - - [02/Nov/2024:19:36:48 +0000] "GET /config/env/prod/Dockerfile HTTP/1.1" 404 564 "-" "Mozilla/5.0 (Macintosh; Intel Mac OS X 10_12_3) AppleWebKit/537.36 (KHTML, like Gecko) Chrome/56.0.2924.87 Safari/537.36"
94.72.101.21 - - [02/Nov/2024:19:36:48 +0000] "GET /frontend/nextjs/src/swagger.json HTTP/1.1" 404 564 "-" "Mozilla/5.0 (Macintosh; Intel Mac OS X 10_12_3) AppleWebKit/537.36 (KHTML, like Gecko) Chrome/56.0.2924.87 Safari/537.36"
94.72.101.21 - - [02/Nov/2024:19:36:48 +0000] "GET /ci-cd/gitlab/v1/secrets.env HTTP/1.1" 404 564 "-" "Mozilla/5.0 (Macintosh; Intel Mac OS X 10_12_3) AppleWebKit/537.36 (KHTML, like Gecko) Chrome/56.0.2924.87 Safari/537.36"
94.72.101.21 - - [02/Nov/2024:19:36:48 +0000] "GET /ci-cd/github/prod/app.py HTTP/1.1" 404 564 "-" "Mozilla/5.0 (Macintosh; Intel Mac OS X 10_12_3) AppleWebKit/537.36 (KHTML, like Gecko) Chrome/56.0.2924.87 Safari/537.36"
94.72.101.21 - - [02/Nov/2024:19:36:50 +0000] "GET /documentation/architecture/src/policy.json HTTP/1.1" 404 564 "-" "Mozilla/5.0 (Macintosh; Intel Mac OS X 10_12_3) AppleWebKit/537.36 (KHTML, like Gecko) Chrome/56.0.2924.87 Safari/537.36"
94.72.101.21 - - [02/Nov/2024:19:36:51 +0000] "GET /audit/logs/prod/config.json HTTP/1.1" 404 564 "-" "Mozilla/5.0 (Macintosh; Intel Mac OS X 10_12_3) AppleWebKit/537.36 (KHTML, like Gecko) Chrome/56.0.2924.87 Safari/537.36"
94.72.101.21 - - [02/Nov/2024:19:36:51 +0000] "GET /microservices/payment-service/dist/Dockerfile HTTP/1.1" 404 564 "-" "Mozilla/5.0 (Macintosh; Intel Mac OS X 10_12_3) AppleWebKit/537.36 (KHTML, like Gecko) Chrome/56.0.2924.87 Safari/537.36"
94.72.101.21 - - [02/Nov/2024:19:36:51 +0000] "GET /backend/koa/dist/policy.json HTTP/1.1" 404 564 "-" "Mozilla/5.0 (Macintosh; Intel Mac OS X 10_12_3) AppleWebKit/537.36 (KHTML, like Gecko) Chrome/56.0.2924.87 Safari/537.36"
94.72.101.21 - - [02/Nov/2024:19:36:51 +0000] "GET /terraform/environments/prod/src/schema.sql HTTP/1.1" 404 564 "-" "Mozilla/5.0 (Macintosh; Intel Mac OS X 10_12_3) AppleWebKit/537.36 (KHTML, like Gecko) Chrome/56.0.2924.87 Safari/537.36"
94.72.101.21 - - [02/Nov/2024:19:36:51 +0000] "GET /backend/fastapi/prod/index.js HTTP/1.1" 404 564 "-" "Mozilla/5.0 (Macintosh; Intel Mac OS X 10_12_3) AppleWebKit/537.36 (KHTML, like Gecko) Chrome/56.0.2924.87 Safari/537.36"
94.72.101.21 - - [02/Nov/2024:19:36:52 +0000] "GET /backend/fastapi/dist/service.yaml HTTP/1.1" 404 564 "-" "Mozilla/5.0 (Macintosh; Intel Mac OS X 10_12_3) AppleWebKit/537.36 (KHTML, like Gecko) Chrome/56.0.2924.87 Safari/537.36"
94.72.101.21 - - [02/Nov/2024:19:36:52 +0000] "GET /secrets/dev/main.js HTTP/1.1" 404 564 "-" "Mozilla/5.0 (Macintosh; Intel Mac OS X 10_12_3) AppleWebKit/537.36 (KHTML, like Gecko) Chrome/56.0.2924.87 Safari/537.36"
94.72.101.21 - - [02/Nov/2024:19:36:52 +0000] "GET /config/aws/dev/swagger.json HTTP/1.1" 404 564 "-" "Mozilla/5.0 (Macintosh; Intel Mac OS X 10_12_3) AppleWebKit/537.36 (KHTML, like Gecko) Chrome/56.0.2924.87 Safari/537.36"
94.72.101.21 - - [02/Nov/2024:19:36:52 +0000] "GET /frontend/react-app/dev/schema.sql HTTP/1.1" 404 564 "-" "Mozilla/5.0 (Macintosh; Intel Mac OS X 10_12_3) AppleWebKit/537.36 (KHTML, like Gecko) Chrome/56.0.2924.87 Safari/537.36"
94.72.101.21 - - [02/Nov/2024:19:36:52 +0000] "GET /frontend/svelte-app/dist/app.py HTTP/1.1" 404 564 "-" "Mozilla/5.0 (Macintosh; Intel Mac OS X 10_12_3) AppleWebKit/537.36 (KHTML, like Gecko) Chrome/56.0.2924.87 Safari/537.36"
94.72.101.21 - - [02/Nov/2024:19:36:52 +0000] "GET /microservices/inventory/v1/app.py HTTP/1.1" 404 564 "-" "Mozilla/5.0 (Macintosh; Intel Mac OS X 10_12_3) AppleWebKit/537.36 (KHTML, like Gecko) Chrome/56.0.2924.87 Safari/537.36"
94.72.101.21 - - [02/Nov/2024:19:36:53 +0000] "GET /integrations/slack/prod/setup.py HTTP/1.1" 404 564 "-" "Mozilla/5.0 (Macintosh; Intel Mac OS X 10_12_3) AppleWebKit/537.36 (KHTML, like Gecko) Chrome/56.0.2924.87 Safari/537.36"
94.72.101.21 - - [02/Nov/2024:19:36:53 +0000] "GET /ci-cd/gitlab/v1/config.json HTTP/1.1" 404 564 "-" "Mozilla/5.0 (Macintosh; Intel Mac OS X 10_12_3) AppleWebKit/537.36 (KHTML, like Gecko) Chrome/56.0.2924.87 Safari/537.36"
94.72.101.21 - - [02/Nov/2024:19:36:53 +0000] "GET /data_sources/prod/setup.py HTTP/1.1" 404 564 "-" "Mozilla/5.0 (Macintosh; Intel Mac OS X 10_12_3) AppleWebKit/537.36 (KHTML, like Gecko) Chrome/56.0.2924.87 Safari/537.36"
94.72.101.21 - - [02/Nov/2024:19:36:53 +0000] "GET /backend/koa/prod/config.json HTTP/1.1" 404 564 "-" "Mozilla/5.0 (Macintosh; Intel Mac OS X 10_12_3) AppleWebKit/537.36 (KHTML, like Gecko) Chrome/56.0.2924.87 Safari/537.36"
94.72.101.21 - - [02/Nov/2024:19:36:53 +0000] "GET /security/vault/dev/README.md HTTP/1.1" 404 564 "-" "Mozilla/5.0 (Macintosh; Intel Mac OS X 10_12_3) AppleWebKit/537.36 (KHTML, like Gecko) Chrome/56.0.2924.87 Safari/537.36"
94.72.101.21 - - [02/Nov/2024:19:36:53 +0000] "GET /config/database/dist/requirements.txt HTTP/1.1" 404 564 "-" "Mozilla/5.0 (Macintosh; Intel Mac OS X 10_12_3) AppleWebKit/537.36 (KHTML, like Gecko) Chrome/56.0.2924.87 Safari/537.36"
94.72.101.21 - - [02/Nov/2024:19:36:54 +0000] "GET /pipelines/dataflow/src/deployment.yaml HTTP/1.1" 404 564 "-" "Mozilla/5.0 (Macintosh; Intel Mac OS X 10_12_3) AppleWebKit/537.36 (KHTML, like Gecko) Chrome/56.0.2924.87 Safari/537.36"
94.72.101.21 - - [02/Nov/2024:19:36:54 +0000] "GET /ci-cd/github/v1/README.md HTTP/1.1" 404 564 "-" "Mozilla/5.0 (Macintosh; Intel Mac OS X 10_12_3) AppleWebKit/537.36 (KHTML, like Gecko) Chrome/56.0.2924.87 Safari/537.36"
94.72.101.21 - - [02/Nov/2024:19:36:54 +0000] "GET /frontend/svelte-app/dev/service.yaml HTTP/1.1" 404 564 "-" "Mozilla/5.0 (Macintosh; Intel Mac OS X 10_12_3) AppleWebKit/537.36 (KHTML, like Gecko) Chrome/56.0.2924.87 Safari/537.36"
94.72.101.21 - - [02/Nov/2024:19:36:54 +0000] "GET /microservices/payment-service/src/config.json HTTP/1.1" 404 564 "-" "Mozilla/5.0 (Macintosh; Intel Mac OS X 10_12_3) AppleWebKit/537.36 (KHTML, like Gecko) Chrome/56.0.2924.87 Safari/537.36"
94.72.101.21 - - [02/Nov/2024:19:36:55 +0000] "GET /integrations/slack/v1/README.md HTTP/1.1" 404 564 "-" "Mozilla/5.0 (Macintosh; Intel Mac OS X 10_12_3) AppleWebKit/537.36 (KHTML, like Gecko) Chrome/56.0.2924.87 Safari/537.36"
94.72.101.21 - - [02/Nov/2024:19:36:56 +0000] "GET /terraform/environments/prod/v1/service.yaml HTTP/1.1" 404 564 "-" "Mozilla/5.0 (Macintosh; Intel Mac OS X 10_12_3) AppleWebKit/537.36 (KHTML, like Gecko) Chrome/56.0.2924.87 Safari/537.36"
94.72.101.21 - - [02/Nov/2024:19:36:56 +0000] "GET /integrations/twilio/prod/variables.tf HTTP/1.1" 404 564 "-" "Mozilla/5.0 (Macintosh; Intel Mac OS X 10_12_3) AppleWebKit/537.36 (KHTML, like Gecko) Chrome/56.0.2924.87 Safari/537.36"
94.72.101.21 - - [02/Nov/2024:19:36:56 +0000] "GET /frontend/vue-app/src/service.yaml HTTP/1.1" 404 564 "-" "Mozilla/5.0 (Macintosh; Intel Mac OS X 10_12_3) AppleWebKit/537.36 (KHTML, like Gecko) Chrome/56.0.2924.87 Safari/537.36"
94.72.101.21 - - [02/Nov/2024:19:36:56 +0000] "GET /ci-cd/github/dev/schema.sql HTTP/1.1" 404 564 "-" "Mozilla/5.0 (Macintosh; Intel Mac OS X 10_12_3) AppleWebKit/537.36 (KHTML, like Gecko) Chrome/56.0.2924.87 Safari/537.36"
94.72.101.21 - - [02/Nov/2024:19:36:57 +0000] "GET /compliance/reports/dist/schema.sql HTTP/1.1" 404 564 "-" "Mozilla/5.0 (Macintosh; Intel Mac OS X 10_12_3) AppleWebKit/537.36 (KHTML, like Gecko) Chrome/56.0.2924.87 Safari/537.36"
94.72.101.21 - - [02/Nov/2024:19:36:57 +0000] "GET /ml/models/v1/.env HTTP/1.1" 404 564 "-" "Mozilla/5.0 (Macintosh; Intel Mac OS X 10_12_3) AppleWebKit/537.36 (KHTML, like Gecko) Chrome/56.0.2924.87 Safari/537.36"
94.72.101.21 - - [02/Nov/2024:19:36:57 +0000] "GET /backend/koa/v2/policy.json HTTP/1.1" 404 564 "-" "Mozilla/5.0 (Macintosh; Intel Mac OS X 10_12_3) AppleWebKit/537.36 (KHTML, like Gecko) Chrome/56.0.2924.87 Safari/537.36"
94.72.101.21 - - [02/Nov/2024:19:36:57 +0000] "GET /data/etl_jobs/v1/app.py HTTP/1.1" 404 564 "-" "Mozilla/5.0 (Macintosh; Intel Mac OS X 10_12_3) AppleWebKit/537.36 (KHTML, like Gecko) Chrome/56.0.2924.87 Safari/537.36"
94.72.101.21 - - [02/Nov/2024:19:36:58 +0000] "GET /ci-cd/github/v2/policy.json HTTP/1.1" 404 564 "-" "Mozilla/5.0 (Macintosh; Intel Mac OS X 10_12_3) AppleWebKit/537.36 (KHTML, like Gecko) Chrome/56.0.2924.87 Safari/537.36"
94.72.101.21 - - [02/Nov/2024:19:36:58 +0000] "GET /backend/fastapi/src/deployment.yaml HTTP/1.1" 404 564 "-" "Mozilla/5.0 (Macintosh; Intel Mac OS X 10_12_3) AppleWebKit/537.36 (KHTML, like Gecko) Chrome/56.0.2924.87 Safari/537.36"
94.72.101.21 - - [02/Nov/2024:19:36:58 +0000] "GET /integrations/twilio/dev/config.json HTTP/1.1" 404 564 "-" "Mozilla/5.0 (Macintosh; Intel Mac OS X 10_12_3) AppleWebKit/537.36 (KHTML, like Gecko) Chrome/56.0.2924.87 Safari/537.36"
94.72.101.21 - - [02/Nov/2024:19:36:58 +0000] "GET /microservices/inventory/v1/secrets.env HTTP/1.1" 404 564 "-" "Mozilla/5.0 (Macintosh; Intel Mac OS X 10_12_3) AppleWebKit/537.36 (KHTML, like Gecko) Chrome/56.0.2924.87 Safari/537.36"
94.72.101.21 - - [02/Nov/2024:19:36:58 +0000] "GET /pipelines/dataflow/prod/requirements.txt HTTP/1.1" 404 564 "-" "Mozilla/5.0 (Macintosh; Intel Mac OS X 10_12_3) AppleWebKit/537.36 (KHTML, like Gecko) Chrome/56.0.2924.87 Safari/537.36"
94.72.101.21 - - [02/Nov/2024:19:36:58 +0000] "GET /microservices/payment-service/src/schema.sql HTTP/1.1" 404 564 "-" "Mozilla/5.0 (Macintosh; Intel Mac OS X 10_12_3) AppleWebKit/537.36 (KHTML, like Gecko) Chrome/56.0.2924.87 Safari/537.36"
94.72.101.21 - - [02/Nov/2024:19:36:59 +0000] "GET /ci-cd/gitlab/src/secrets.env HTTP/1.1" 404 564 "-" "Mozilla/5.0 (Macintosh; Intel Mac OS X 10_12_3) AppleWebKit/537.36 (KHTML, like Gecko) Chrome/56.0.2924.87 Safari/537.36"
94.72.101.21 - - [02/Nov/2024:19:36:59 +0000] "GET /ci-cd/github/v1/index.js HTTP/1.1" 404 564 "-" "Mozilla/5.0 (Macintosh; Intel Mac OS X 10_12_3) AppleWebKit/537.36 (KHTML, like Gecko) Chrome/56.0.2924.87 Safari/537.36"
94.72.101.21 - - [02/Nov/2024:19:36:59 +0000] "GET /config/database/v2/schema.sql HTTP/1.1" 404 564 "-" "Mozilla/5.0 (Macintosh; Intel Mac OS X 10_12_3) AppleWebKit/537.36 (KHTML, like Gecko) Chrome/56.0.2924.87 Safari/537.36"
94.72.101.21 - - [02/Nov/2024:19:37:00 +0000] "GET /config/database/v1/Dockerfile HTTP/1.1" 404 564 "-" "Mozilla/5.0 (Macintosh; Intel Mac OS X 10_12_3) AppleWebKit/537.36 (KHTML, like Gecko) Chrome/56.0.2924.87 Safari/537.36"
94.72.101.21 - - [02/Nov/2024:19:37:00 +0000] "GET /integrations/stripe/dev/schema.sql HTTP/1.1" 404 564 "-" "Mozilla/5.0 (Macintosh; Intel Mac OS X 10_12_3) AppleWebKit/537.36 (KHTML, like Gecko) Chrome/56.0.2924.87 Safari/537.36"
94.72.101.21 - - [02/Nov/2024:19:37:00 +0000] "GET /data_sources/v1/main.js HTTP/1.1" 404 564 "-" "Mozilla/5.0 (Macintosh; Intel Mac OS X 10_12_3) AppleWebKit/537.36 (KHTML, like Gecko) Chrome/56.0.2924.87 Safari/537.36"
94.72.101.21 - - [02/Nov/2024:19:37:00 +0000] "GET /docs/api_v2/v2/README.md HTTP/1.1" 404 564 "-" "Mozilla/5.0 (Macintosh; Intel Mac OS X 10_12_3) AppleWebKit/537.36 (KHTML, like Gecko) Chrome/56.0.2924.87 Safari/537.36"
94.72.101.21 - - [02/Nov/2024:19:37:00 +0000] "GET /frontend/vue-app/src/deployment.yaml HTTP/1.1" 404 564 "-" "Mozilla/5.0 (Macintosh; Intel Mac OS X 10_12_3) AppleWebKit/537.36 (KHTML, like Gecko) Chrome/56.0.2924.87 Safari/537.36"
94.72.101.21 - - [02/Nov/2024:19:37:00 +0000] "GET /backend/nestjs/v1/main.js HTTP/1.1" 404 564 "-" "Mozilla/5.0 (Macintosh; Intel Mac OS X 10_12_3) AppleWebKit/537.36 (KHTML, like Gecko) Chrome/56.0.2924.87 Safari/537.36"
94.72.101.21 - - [02/Nov/2024:19:37:01 +0000] "GET /integrations/slack/prod/service.yaml HTTP/1.1" 404 564 "-" "Mozilla/5.0 (Macintosh; Intel Mac OS X 10_12_3) AppleWebKit/537.36 (KHTML, like Gecko) Chrome/56.0.2924.87 Safari/537.36"
94.72.101.21 - - [02/Nov/2024:19:37:01 +0000] "GET /terraform/environments/prod/dist/README.md HTTP/1.1" 404 564 "-" "Mozilla/5.0 (Macintosh; Intel Mac OS X 10_12_3) AppleWebKit/537.36 (KHTML, like Gecko) Chrome/56.0.2924.87 Safari/537.36"
94.72.101.21 - - [02/Nov/2024:19:37:01 +0000] "GET /microservices/inventory/prod/main.js HTTP/1.1" 404 564 "-" "Mozilla/5.0 (Macintosh; Intel Mac OS X 10_12_3) AppleWebKit/537.36 (KHTML, like Gecko) Chrome/56.0.2924.87 Safari/537.36"
94.72.101.21 - - [02/Nov/2024:19:37:01 +0000] "GET /docs/readme/dist/README.md HTTP/1.1" 404 564 "-" "Mozilla/5.0 (Macintosh; Intel Mac OS X 10_12_3) AppleWebKit/537.36 (KHTML, like Gecko) Chrome/56.0.2924.87 Safari/537.36"
94.72.101.21 - - [02/Nov/2024:19:37:01 +0000] "GET /frontend/react-app/src/service.yaml HTTP/1.1" 404 564 "-" "Mozilla/5.0 (Macintosh; Intel Mac OS X 10_12_3) AppleWebKit/537.36 (KHTML, like Gecko) Chrome/56.0.2924.87 Safari/537.36"
94.72.101.21 - - [02/Nov/2024:19:37:01 +0000] "GET /integrations/stripe/dev/swagger.json HTTP/1.1" 404 564 "-" "Mozilla/5.0 (Macintosh; Intel Mac OS X 10_12_3) AppleWebKit/537.36 (KHTML, like Gecko) Chrome/56.0.2924.87 Safari/537.36"
94.72.101.21 - - [02/Nov/2024:19:37:02 +0000] "GET /frontend/svelte-app/src/secrets.env HTTP/1.1" 404 564 "-" "Mozilla/5.0 (Macintosh; Intel Mac OS X 10_12_3) AppleWebKit/537.36 (KHTML, like Gecko) Chrome/56.0.2924.87 Safari/537.36"
94.72.101.21 - - [02/Nov/2024:19:37:02 +0000] "GET /audit/logs/v1/deployment.yaml HTTP/1.1" 404 564 "-" "Mozilla/5.0 (Macintosh; Intel Mac OS X 10_12_3) AppleWebKit/537.36 (KHTML, like Gecko) Chrome/56.0.2924.87 Safari/537.36"
94.72.101.21 - - [02/Nov/2024:19:37:02 +0000] "GET /ci-cd/gitlab/dist/config.json HTTP/1.1" 404 564 "-" "Mozilla/5.0 (Macintosh; Intel Mac OS X 10_12_3) AppleWebKit/537.36 (KHTML, like Gecko) Chrome/56.0.2924.87 Safari/537.36"
94.72.101.21 - - [02/Nov/2024:19:37:02 +0000] "GET /terraform/environments/prod/dev/index.js HTTP/1.1" 404 564 "-" "Mozilla/5.0 (Macintosh; Intel Mac OS X 10_12_3) AppleWebKit/537.36 (KHTML, like Gecko) Chrome/56.0.2924.87 Safari/537.36"
94.72.101.21 - - [02/Nov/2024:19:37:02 +0000] "GET /ml/models/dev/setup.py HTTP/1.1" 404 564 "-" "Mozilla/5.0 (Macintosh; Intel Mac OS X 10_12_3) AppleWebKit/537.36 (KHTML, like Gecko) Chrome/56.0.2924.87 Safari/537.36"
94.72.101.21 - - [02/Nov/2024:19:37:02 +0000] "GET /frontend/nextjs/dev/.env HTTP/1.1" 404 564 "-" "Mozilla/5.0 (Macintosh; Intel Mac OS X 10_12_3) AppleWebKit/537.36 (KHTML, like Gecko) Chrome/56.0.2924.87 Safari/537.36"
94.72.101.21 - - [02/Nov/2024:19:37:03 +0000] "GET /ci-cd/gitlab/src/schema.sql HTTP/1.1" 404 564 "-" "Mozilla/5.0 (Macintosh; Intel Mac OS X 10_12_3) AppleWebKit/537.36 (KHTML, like Gecko) Chrome/56.0.2924.87 Safari/537.36"
94.72.101.21 - - [02/Nov/2024:19:37:03 +0000] "GET /k8s/v1/.env HTTP/1.1" 404 564 "-" "Mozilla/5.0 (Macintosh; Intel Mac OS X 10_12_3) AppleWebKit/537.36 (KHTML, like Gecko) Chrome/56.0.2924.87 Safari/537.36"
94.72.101.21 - - [02/Nov/2024:19:37:03 +0000] "GET /k8s/prod/index.js HTTP/1.1" 404 564 "-" "Mozilla/5.0 (Macintosh; Intel Mac OS X 10_12_3) AppleWebKit/537.36 (KHTML, like Gecko) Chrome/56.0.2924.87 Safari/537.36"
94.72.101.21 - - [02/Nov/2024:19:37:03 +0000] "GET /docs/api_v2/dev/main.js HTTP/1.1" 404 564 "-" "Mozilla/5.0 (Macintosh; Intel Mac OS X 10_12_3) AppleWebKit/537.36 (KHTML, like Gecko) Chrome/56.0.2924.87 Safari/537.36"
94.72.101.21 - - [02/Nov/2024:19:37:03 +0000] "GET /terraform/environments/prod/v1/app.py HTTP/1.1" 404 564 "-" "Mozilla/5.0 (Macintosh; Intel Mac OS X 10_12_3) AppleWebKit/537.36 (KHTML, like Gecko) Chrome/56.0.2924.87 Safari/537.36"
94.72.101.21 - - [02/Nov/2024:19:37:03 +0000] "GET /backend/express/dist/deployment.yaml HTTP/1.1" 404 564 "-" "Mozilla/5.0 (Macintosh; Intel Mac OS X 10_12_3) AppleWebKit/537.36 (KHTML, like Gecko) Chrome/56.0.2924.87 Safari/537.36"
94.72.101.21 - - [02/Nov/2024:19:37:04 +0000] "GET /frontend/nextjs/v1/deployment.yaml HTTP/1.1" 404 564 "-" "Mozilla/5.0 (Macintosh; Intel Mac OS X 10_12_3) AppleWebKit/537.36 (KHTML, like Gecko) Chrome/56.0.2924.87 Safari/537.36"
94.72.101.21 - - [02/Nov/2024:19:37:04 +0000] "GET /secrets/src/secrets.env HTTP/1.1" 404 564 "-" "Mozilla/5.0 (Macintosh; Intel Mac OS X 10_12_3) AppleWebKit/537.36 (KHTML, like Gecko) Chrome/56.0.2924.87 Safari/537.36"
94.72.101.21 - - [02/Nov/2024:19:37:04 +0000] "GET /ci-cd/github/v2/.env HTTP/1.1" 404 564 "-" "Mozilla/5.0 (Macintosh; Intel Mac OS X 10_12_3) AppleWebKit/537.36 (KHTML, like Gecko) Chrome/56.0.2924.87 Safari/537.36"
94.72.101.21 - - [02/Nov/2024:19:37:04 +0000] "GET /docs/api_v2/v2/schema.sql HTTP/1.1" 404 564 "-" "Mozilla/5.0 (Macintosh; Intel Mac OS X 10_12_3) AppleWebKit/537.36 (KHTML, like Gecko) Chrome/56.0.2924.87 Safari/537.36"
94.72.101.21 - - [02/Nov/2024:19:37:04 +0000] "GET /secrets/dev/secrets.env HTTP/1.1" 404 564 "-" "Mozilla/5.0 (Macintosh; Intel Mac OS X 10_12_3) AppleWebKit/537.36 (KHTML, like Gecko) Chrome/56.0.2924.87 Safari/537.36"
94.72.101.21 - - [02/Nov/2024:19:37:04 +0000] "GET /ml/models/v1/config.json HTTP/1.1" 404 564 "-" "Mozilla/5.0 (Macintosh; Intel Mac OS X 10_12_3) AppleWebKit/537.36 (KHTML, like Gecko) Chrome/56.0.2924.87 Safari/537.36"
94.72.101.21 - - [02/Nov/2024:19:37:05 +0000] "GET /frontend/nextjs/v1/.env HTTP/1.1" 404 564 "-" "Mozilla/5.0 (Macintosh; Intel Mac OS X 10_12_3) AppleWebKit/537.36 (KHTML, like Gecko) Chrome/56.0.2924.87 Safari/537.36"
94.72.101.21 - - [02/Nov/2024:19:37:05 +0000] "GET /frontend/vue-app/dist/main.js HTTP/1.1" 404 564 "-" "Mozilla/5.0 (Macintosh; Intel Mac OS X 10_12_3) AppleWebKit/537.36 (KHTML, like Gecko) Chrome/56.0.2924.87 Safari/537.36"
94.72.101.21 - - [02/Nov/2024:19:37:05 +0000] "GET /secrets/src/policy.json HTTP/1.1" 404 564 "-" "Mozilla/5.0 (Macintosh; Intel Mac OS X 10_12_3) AppleWebKit/537.36 (KHTML, like Gecko) Chrome/56.0.2924.87 Safari/537.36"
94.72.101.21 - - [02/Nov/2024:19:37:06 +0000] "GET /frontend/nextjs/dev/index.js HTTP/1.1" 404 564 "-" "Mozilla/5.0 (Macintosh; Intel Mac OS X 10_12_3) AppleWebKit/537.36 (KHTML, like Gecko) Chrome/56.0.2924.87 Safari/537.36"
94.72.101.21 - - [02/Nov/2024:19:37:06 +0000] "GET /config/azure/src/swagger.json HTTP/1.1" 404 564 "-" "Mozilla/5.0 (Macintosh; Intel Mac OS X 10_12_3) AppleWebKit/537.36 (KHTML, like Gecko) Chrome/56.0.2924.87 Safari/537.36"
94.72.101.21 - - [02/Nov/2024:19:37:06 +0000] "GET /ci-cd/gitlab/dev/Dockerfile HTTP/1.1" 404 564 "-" "Mozilla/5.0 (Macintosh; Intel Mac OS X 10_12_3) AppleWebKit/537.36 (KHTML, like Gecko) Chrome/56.0.2924.87 Safari/537.36"
94.72.101.21 - - [02/Nov/2024:19:37:06 +0000] "GET /documentation/architecture/v2/index.js HTTP/1.1" 404 564 "-" "Mozilla/5.0 (Macintosh; Intel Mac OS X 10_12_3) AppleWebKit/537.36 (KHTML, like Gecko) Chrome/56.0.2924.87 Safari/537.36"
94.72.101.21 - - [02/Nov/2024:19:37:06 +0000] "GET /data/etl_jobs/dev/requirements.txt HTTP/1.1" 404 564 "-" "Mozilla/5.0 (Macintosh; Intel Mac OS X 10_12_3) AppleWebKit/537.36 (KHTML, like Gecko) Chrome/56.0.2924.87 Safari/537.36"
94.72.101.21 - - [02/Nov/2024:19:37:07 +0000] "GET /integrations/slack/dist/README.md HTTP/1.1" 404 564 "-" "Mozilla/5.0 (Macintosh; Intel Mac OS X 10_12_3) AppleWebKit/537.36 (KHTML, like Gecko) Chrome/56.0.2924.87 Safari/537.36"
94.72.101.21 - - [02/Nov/2024:19:37:07 +0000] "GET /backend/nestjs/prod/index.js HTTP/1.1" 404 564 "-" "Mozilla/5.0 (Macintosh; Intel Mac OS X 10_12_3) AppleWebKit/537.36 (KHTML, like Gecko) Chrome/56.0.2924.87 Safari/537.36"
94.72.101.21 - - [02/Nov/2024:19:37:07 +0000] "GET /audit/logs/prod/service.yaml HTTP/1.1" 404 564 "-" "Mozilla/5.0 (Macintosh; Intel Mac OS X 10_12_3) AppleWebKit/537.36 (KHTML, like Gecko) Chrome/56.0.2924.87 Safari/537.36"
94.72.101.21 - - [02/Nov/2024:19:37:07 +0000] "GET /integrations/slack/v1/app.py HTTP/1.1" 404 564 "-" "Mozilla/5.0 (Macintosh; Intel Mac OS X 10_12_3) AppleWebKit/537.36 (KHTML, like Gecko) Chrome/56.0.2924.87 Safari/537.36"
94.72.101.21 - - [02/Nov/2024:19:37:07 +0000] "GET /terraform/environments/prod/src/config.json HTTP/1.1" 404 564 "-" "Mozilla/5.0 (Macintosh; Intel Mac OS X 10_12_3) AppleWebKit/537.36 (KHTML, like Gecko) Chrome/56.0.2924.87 Safari/537.36"
94.72.101.21 - - [02/Nov/2024:19:37:07 +0000] "GET /ci-cd/gitlab/src/README.md HTTP/1.1" 404 564 "-" "Mozilla/5.0 (Macintosh; Intel Mac OS X 10_12_3) AppleWebKit/537.36 (KHTML, like Gecko) Chrome/56.0.2924.87 Safari/537.36"
94.72.101.21 - - [02/Nov/2024:19:37:08 +0000] "GET /terraform/environments/prod/prod/deployment.yaml HTTP/1.1" 404 564 "-" "Mozilla/5.0 (Macintosh; Intel Mac OS X 10_12_3) AppleWebKit/537.36 (KHTML, like Gecko) Chrome/56.0.2924.87 Safari/537.36"
94.72.101.21 - - [02/Nov/2024:19:37:08 +0000] "GET /microservices/inventory/v2/setup.py HTTP/1.1" 404 564 "-" "Mozilla/5.0 (Macintosh; Intel Mac OS X 10_12_3) AppleWebKit/537.36 (KHTML, like Gecko) Chrome/56.0.2924.87 Safari/537.36"
94.72.101.21 - - [02/Nov/2024:19:37:08 +0000] "GET /config/env/dev/service.yaml HTTP/1.1" 404 564 "-" "Mozilla/5.0 (Macintosh; Intel Mac OS X 10_12_3) AppleWebKit/537.36 (KHTML, like Gecko) Chrome/56.0.2924.87 Safari/537.36"
94.72.101.21 - - [02/Nov/2024:19:37:09 +0000] "GET /frontend/nextjs/dev/README.md HTTP/1.1" 404 564 "-" "Mozilla/5.0 (Macintosh; Intel Mac OS X 10_12_3) AppleWebKit/537.36 (KHTML, like Gecko) Chrome/56.0.2924.87 Safari/537.36"
94.72.101.21 - - [02/Nov/2024:19:37:09 +0000] "GET /frontend/react-app/src/requirements.txt HTTP/1.1" 404 564 "-" "Mozilla/5.0 (Macintosh; Intel Mac OS X 10_12_3) AppleWebKit/537.36 (KHTML, like Gecko) Chrome/56.0.2924.87 Safari/537.36"
94.72.101.21 - - [02/Nov/2024:19:37:09 +0000] "GET /ml/models/dist/config.json HTTP/1.1" 404 564 "-" "Mozilla/5.0 (Macintosh; Intel Mac OS X 10_12_3) AppleWebKit/537.36 (KHTML, like Gecko) Chrome/56.0.2924.87 Safari/537.36"
94.72.101.21 - - [02/Nov/2024:19:37:09 +0000] "GET /audit/logs/src/swagger.json HTTP/1.1" 404 564 "-" "Mozilla/5.0 (Macintosh; Intel Mac OS X 10_12_3) AppleWebKit/537.36 (KHTML, like Gecko) Chrome/56.0.2924.87 Safari/537.36"
94.72.101.21 - - [02/Nov/2024:19:37:10 +0000] "GET /frontend/svelte-app/dist/schema.sql HTTP/1.1" 404 564 "-" "Mozilla/5.0 (Macintosh; Intel Mac OS X 10_12_3) AppleWebKit/537.36 (KHTML, like Gecko) Chrome/56.0.2924.87 Safari/537.36"
94.72.101.21 - - [02/Nov/2024:19:37:10 +0000] "GET /pipelines/dataflow/dist/.env HTTP/1.1" 404 564 "-" "Mozilla/5.0 (Macintosh; Intel Mac OS X 10_12_3) AppleWebKit/537.36 (KHTML, like Gecko) Chrome/56.0.2924.87 Safari/537.36"
94.72.101.21 - - [02/Nov/2024:19:37:10 +0000] "GET /frontend/nextjs/v1/policy.json HTTP/1.1" 404 564 "-" "Mozilla/5.0 (Macintosh; Intel Mac OS X 10_12_3) AppleWebKit/537.36 (KHTML, like Gecko) Chrome/56.0.2924.87 Safari/537.36"
94.72.101.21 - - [02/Nov/2024:19:37:10 +0000] "GET /integrations/twilio/v1/config.json HTTP/1.1" 404 564 "-" "Mozilla/5.0 (Macintosh; Intel Mac OS X 10_12_3) AppleWebKit/537.36 (KHTML, like Gecko) Chrome/56.0.2924.87 Safari/537.36"
94.72.101.21 - - [02/Nov/2024:19:37:10 +0000] "GET /config/aws/dist/secrets.env HTTP/1.1" 404 564 "-" "Mozilla/5.0 (Macintosh; Intel Mac OS X 10_12_3) AppleWebKit/537.36 (KHTML, like Gecko) Chrome/56.0.2924.87 Safari/537.36"
94.72.101.21 - - [02/Nov/2024:19:37:11 +0000] "GET /data/etl_jobs/v2/app.py HTTP/1.1" 404 564 "-" "Mozilla/5.0 (Macintosh; Intel Mac OS X 10_12_3) AppleWebKit/537.36 (KHTML, like Gecko) Chrome/56.0.2924.87 Safari/537.36"
94.72.101.21 - - [02/Nov/2024:19:37:11 +0000] "GET /frontend/vue-app/v2/schema.sql HTTP/1.1" 404 564 "-" "Mozilla/5.0 (Macintosh; Intel Mac OS X 10_12_3) AppleWebKit/537.36 (KHTML, like Gecko) Chrome/56.0.2924.87 Safari/537.36"
94.72.101.21 - - [02/Nov/2024:19:37:11 +0000] "GET /ml/models/dist/service.yaml HTTP/1.1" 404 564 "-" "Mozilla/5.0 (Macintosh; Intel Mac OS X 10_12_3) AppleWebKit/537.36 (KHTML, like Gecko) Chrome/56.0.2924.87 Safari/537.36"
94.72.101.21 - - [02/Nov/2024:19:37:11 +0000] "GET /ci-cd/gitlab/dist/secrets.env HTTP/1.1" 404 564 "-" "Mozilla/5.0 (Macintosh; Intel Mac OS X 10_12_3) AppleWebKit/537.36 (KHTML, like Gecko) Chrome/56.0.2924.87 Safari/537.36"
94.72.101.21 - - [02/Nov/2024:19:37:12 +0000] "GET /frontend/svelte-app/prod/index.js HTTP/1.1" 404 564 "-" "Mozilla/5.0 (Macintosh; Intel Mac OS X 10_12_3) AppleWebKit/537.36 (KHTML, like Gecko) Chrome/56.0.2924.87 Safari/537.36"
94.72.101.21 - - [02/Nov/2024:19:37:12 +0000] "GET /config/azure/dist/Dockerfile HTTP/1.1" 404 564 "-" "Mozilla/5.0 (Macintosh; Intel Mac OS X 10_12_3) AppleWebKit/537.36 (KHTML, like Gecko) Chrome/56.0.2924.87 Safari/537.36"
94.72.101.21 - - [02/Nov/2024:19:37:12 +0000] "GET /config/env/dev/Dockerfile HTTP/1.1" 404 564 "-" "Mozilla/5.0 (Macintosh; Intel Mac OS X 10_12_3) AppleWebKit/537.36 (KHTML, like Gecko) Chrome/56.0.2924.87 Safari/537.36"
94.72.101.21 - - [02/Nov/2024:19:37:12 +0000] "GET /docs/api_v2/src/variables.tf HTTP/1.1" 404 564 "-" "Mozilla/5.0 (Macintosh; Intel Mac OS X 10_12_3) AppleWebKit/537.36 (KHTML, like Gecko) Chrome/56.0.2924.87 Safari/537.36"
94.72.101.21 - - [02/Nov/2024:19:37:12 +0000] "GET /backend/express/v2/swagger.json HTTP/1.1" 404 564 "-" "Mozilla/5.0 (Macintosh; Intel Mac OS X 10_12_3) AppleWebKit/537.36 (KHTML, like Gecko) Chrome/56.0.2924.87 Safari/537.36"
94.72.101.21 - - [02/Nov/2024:19:37:12 +0000] "GET /data/etl_jobs/dev/README.md HTTP/1.1" 404 564 "-" "Mozilla/5.0 (Macintosh; Intel Mac OS X 10_12_3) AppleWebKit/537.36 (KHTML, like Gecko) Chrome/56.0.2924.87 Safari/537.36"
94.72.101.21 - - [02/Nov/2024:19:37:13 +0000] "GET /integrations/twilio/prod/service.yaml HTTP/1.1" 404 564 "-" "Mozilla/5.0 (Macintosh; Intel Mac OS X 10_12_3) AppleWebKit/537.36 (KHTML, like Gecko) Chrome/56.0.2924.87 Safari/537.36"
94.72.101.21 - - [02/Nov/2024:19:37:13 +0000] "GET /data_sources/dev/main.js HTTP/1.1" 404 564 "-" "Mozilla/5.0 (Macintosh; Intel Mac OS X 10_12_3) AppleWebKit/537.36 (KHTML, like Gecko) Chrome/56.0.2924.87 Safari/537.36"
94.72.101.21 - - [02/Nov/2024:19:37:13 +0000] "GET /frontend/vue-app/src/Dockerfile HTTP/1.1" 404 564 "-" "Mozilla/5.0 (Macintosh; Intel Mac OS X 10_12_3) AppleWebKit/537.36 (KHTML, like Gecko) Chrome/56.0.2924.87 Safari/537.36"
94.72.101.21 - - [02/Nov/2024:19:37:13 +0000] "GET /config/aws/v2/Dockerfile HTTP/1.1" 404 564 "-" "Mozilla/5.0 (Macintosh; Intel Mac OS X 10_12_3) AppleWebKit/537.36 (KHTML, like Gecko) Chrome/56.0.2924.87 Safari/537.36"
94.72.101.21 - - [02/Nov/2024:19:37:13 +0000] "GET /compliance/reports/v1/requirements.txt HTTP/1.1" 404 564 "-" "Mozilla/5.0 (Macintosh; Intel Mac OS X 10_12_3) AppleWebKit/537.36 (KHTML, like Gecko) Chrome/56.0.2924.87 Safari/537.36"
94.72.101.21 - - [02/Nov/2024:19:37:13 +0000] "GET /security/vault/dist/schema.sql HTTP/1.1" 404 564 "-" "Mozilla/5.0 (Macintosh; Intel Mac OS X 10_12_3) AppleWebKit/537.36 (KHTML, like Gecko) Chrome/56.0.2924.87 Safari/537.36"
94.72.101.21 - - [02/Nov/2024:19:37:14 +0000] "GET /microservices/user-service/v2/schema.sql HTTP/1.1" 404 564 "-" "Mozilla/5.0 (Macintosh; Intel Mac OS X 10_12_3) AppleWebKit/537.36 (KHTML, like Gecko) Chrome/56.0.2924.87 Safari/537.36"
94.72.101.21 - - [02/Nov/2024:19:37:14 +0000] "GET /config/env/dev/index.js HTTP/1.1" 404 564 "-" "Mozilla/5.0 (Macintosh; Intel Mac OS X 10_12_3) AppleWebKit/537.36 (KHTML, like Gecko) Chrome/56.0.2924.87 Safari/537.36"
94.72.101.21 - - [02/Nov/2024:19:37:14 +0000] "GET /docs/api_v2/v1/policy.json HTTP/1.1" 404 564 "-" "Mozilla/5.0 (Macintosh; Intel Mac OS X 10_12_3) AppleWebKit/537.36 (KHTML, like Gecko) Chrome/56.0.2924.87 Safari/537.36"
94.72.101.21 - - [02/Nov/2024:19:37:14 +0000] "GET /integrations/slack/v1/secrets.env HTTP/1.1" 404 564 "-" "Mozilla/5.0 (Macintosh; Intel Mac OS X 10_12_3) AppleWebKit/537.36 (KHTML, like Gecko) Chrome/56.0.2924.87 Safari/537.36"
94.72.101.21 - - [02/Nov/2024:19:37:14 +0000] "GET /config/azure/dist/main.js HTTP/1.1" 404 564 "-" "Mozilla/5.0 (Macintosh; Intel Mac OS X 10_12_3) AppleWebKit/537.36 (KHTML, like Gecko) Chrome/56.0.2924.87 Safari/537.36"
94.72.101.21 - - [02/Nov/2024:19:37:15 +0000] "GET /compliance/reports/v2/service.yaml HTTP/1.1" 404 564 "-" "Mozilla/5.0 (Macintosh; Intel Mac OS X 10_12_3) AppleWebKit/537.36 (KHTML, like Gecko) Chrome/56.0.2924.87 Safari/537.36"
94.72.101.21 - - [02/Nov/2024:19:37:15 +0000] "GET /compliance/reports/prod/README.md HTTP/1.1" 404 564 "-" "Mozilla/5.0 (Macintosh; Intel Mac OS X 10_12_3) AppleWebKit/537.36 (KHTML, like Gecko) Chrome/56.0.2924.87 Safari/537.36"
94.72.101.21 - - [02/Nov/2024:19:37:15 +0000] "GET /ci-cd/gitlab/prod/config.json HTTP/1.1" 404 564 "-" "Mozilla/5.0 (Macintosh; Intel Mac OS X 10_12_3) AppleWebKit/537.36 (KHTML, like Gecko) Chrome/56.0.2924.87 Safari/537.36"
94.72.101.21 - - [02/Nov/2024:19:37:15 +0000] "GET /frontend/nextjs/dist/deployment.yaml HTTP/1.1" 404 564 "-" "Mozilla/5.0 (Macintosh; Intel Mac OS X 10_12_3) AppleWebKit/537.36 (KHTML, like Gecko) Chrome/56.0.2924.87 Safari/537.36"
94.72.101.21 - - [02/Nov/2024:19:37:15 +0000] "GET /microservices/inventory/dev/setup.py HTTP/1.1" 404 564 "-" "Mozilla/5.0 (Macintosh; Intel Mac OS X 10_12_3) AppleWebKit/537.36 (KHTML, like Gecko) Chrome/56.0.2924.87 Safari/537.36"
94.72.101.21 - - [02/Nov/2024:19:37:16 +0000] "GET /pipelines/dataflow/src/requirements.txt HTTP/1.1" 404 564 "-" "Mozilla/5.0 (Macintosh; Intel Mac OS X 10_12_3) AppleWebKit/537.36 (KHTML, like Gecko) Chrome/56.0.2924.87 Safari/537.36"
94.72.101.21 - - [02/Nov/2024:19:37:16 +0000] "GET /audit/logs/src/index.js HTTP/1.1" 404 564 "-" "Mozilla/5.0 (Macintosh; Intel Mac OS X 10_12_3) AppleWebKit/537.36 (KHTML, like Gecko) Chrome/56.0.2924.87 Safari/537.36"
94.72.101.21 - - [02/Nov/2024:19:37:16 +0000] "GET /config/aws/v2/service.yaml HTTP/1.1" 404 564 "-" "Mozilla/5.0 (Macintosh; Intel Mac OS X 10_12_3) AppleWebKit/537.36 (KHTML, like Gecko) Chrome/56.0.2924.87 Safari/537.36"
94.72.101.21 - - [02/Nov/2024:19:37:16 +0000] "GET /config/database/dev/config.json HTTP/1.1" 404 564 "-" "Mozilla/5.0 (Macintosh; Intel Mac OS X 10_12_3) AppleWebKit/537.36 (KHTML, like Gecko) Chrome/56.0.2924.87 Safari/537.36"
94.72.101.21 - - [02/Nov/2024:19:37:16 +0000] "GET /compliance/reports/v1/index.js HTTP/1.1" 404 564 "-" "Mozilla/5.0 (Macintosh; Intel Mac OS X 10_12_3) AppleWebKit/537.36 (KHTML, like Gecko) Chrome/56.0.2924.87 Safari/537.36"
94.72.101.21 - - [02/Nov/2024:19:37:17 +0000] "GET /microservices/inventory/src/README.md HTTP/1.1" 404 564 "-" "Mozilla/5.0 (Macintosh; Intel Mac OS X 10_12_3) AppleWebKit/537.36 (KHTML, like Gecko) Chrome/56.0.2924.87 Safari/537.36"
94.72.101.21 - - [02/Nov/2024:19:37:17 +0000] "GET /config/database/v1/.env HTTP/1.1" 404 564 "-" "Mozilla/5.0 (Macintosh; Intel Mac OS X 10_12_3) AppleWebKit/537.36 (KHTML, like Gecko) Chrome/56.0.2924.87 Safari/537.36"
94.72.101.21 - - [02/Nov/2024:19:37:17 +0000] "GET /integrations/stripe/prod/secrets.env HTTP/1.1" 404 564 "-" "Mozilla/5.0 (Macintosh; Intel Mac OS X 10_12_3) AppleWebKit/537.36 (KHTML, like Gecko) Chrome/56.0.2924.87 Safari/537.36"
94.72.101.21 - - [02/Nov/2024:19:37:17 +0000] "GET /data/etl_jobs/v2/service.yaml HTTP/1.1" 404 564 "-" "Mozilla/5.0 (Macintosh; Intel Mac OS X 10_12_3) AppleWebKit/537.36 (KHTML, like Gecko) Chrome/56.0.2924.87 Safari/537.36"
94.72.101.21 - - [02/Nov/2024:19:37:17 +0000] "GET /frontend/vue-app/dev/index.js HTTP/1.1" 404 564 "-" "Mozilla/5.0 (Macintosh; Intel Mac OS X 10_12_3) AppleWebKit/537.36 (KHTML, like Gecko) Chrome/56.0.2924.87 Safari/537.36"
94.72.101.21 - - [02/Nov/2024:19:37:18 +0000] "GET /docs/readme/dist/Dockerfile HTTP/1.1" 404 564 "-" "Mozilla/5.0 (Macintosh; Intel Mac OS X 10_12_3) AppleWebKit/537.36 (KHTML, like Gecko) Chrome/56.0.2924.87 Safari/537.36"
94.72.101.21 - - [02/Nov/2024:19:37:18 +0000] "GET /integrations/twilio/v1/.env HTTP/1.1" 404 564 "-" "Mozilla/5.0 (Macintosh; Intel Mac OS X 10_12_3) AppleWebKit/537.36 (KHTML, like Gecko) Chrome/56.0.2924.87 Safari/537.36"
94.72.101.21 - - [02/Nov/2024:19:37:18 +0000] "GET /compliance/reports/dev/README.md HTTP/1.1" 404 564 "-" "Mozilla/5.0 (Macintosh; Intel Mac OS X 10_12_3) AppleWebKit/537.36 (KHTML, like Gecko) Chrome/56.0.2924.87 Safari/537.36"
94.72.101.21 - - [02/Nov/2024:19:37:18 +0000] "GET /frontend/react-app/dist/main.js HTTP/1.1" 404 564 "-" "Mozilla/5.0 (Macintosh; Intel Mac OS X 10_12_3) AppleWebKit/537.36 (KHTML, like Gecko) Chrome/56.0.2924.87 Safari/537.36"
94.72.101.21 - - [02/Nov/2024:19:37:18 +0000] "GET /frontend/svelte-app/v2/secrets.env HTTP/1.1" 404 564 "-" "Mozilla/5.0 (Macintosh; Intel Mac OS X 10_12_3) AppleWebKit/537.36 (KHTML, like Gecko) Chrome/56.0.2924.87 Safari/537.36"
94.72.101.21 - - [02/Nov/2024:19:37:19 +0000] "GET /frontend/svelte-app/dev/policy.json HTTP/1.1" 404 564 "-" "Mozilla/5.0 (Macintosh; Intel Mac OS X 10_12_3) AppleWebKit/537.36 (KHTML, like Gecko) Chrome/56.0.2924.87 Safari/537.36"
94.72.101.21 - - [02/Nov/2024:19:37:19 +0000] "GET /k8s/v1/app.py HTTP/1.1" 404 564 "-" "Mozilla/5.0 (Macintosh; Intel Mac OS X 10_12_3) AppleWebKit/537.36 (KHTML, like Gecko) Chrome/56.0.2924.87 Safari/537.36"
94.72.101.21 - - [02/Nov/2024:19:37:19 +0000] "GET /frontend/vue-app/dist/service.yaml HTTP/1.1" 404 564 "-" "Mozilla/5.0 (Macintosh; Intel Mac OS X 10_12_3) AppleWebKit/537.36 (KHTML, like Gecko) Chrome/56.0.2924.87 Safari/537.36"
94.72.101.21 - - [02/Nov/2024:19:37:19 +0000] "GET /terraform/environments/prod/src/app.py HTTP/1.1" 404 564 "-" "Mozilla/5.0 (Macintosh; Intel Mac OS X 10_12_3) AppleWebKit/537.36 (KHTML, like Gecko) Chrome/56.0.2924.87 Safari/537.36"
94.72.101.21 - - [02/Nov/2024:19:37:19 +0000] "GET /terraform/environments/prod/dist/secrets.env HTTP/1.1" 404 564 "-" "Mozilla/5.0 (Macintosh; Intel Mac OS X 10_12_3) AppleWebKit/537.36 (KHTML, like Gecko) Chrome/56.0.2924.87 Safari/537.36"
94.72.101.21 - - [02/Nov/2024:19:37:20 +0000] "GET /k8s/dev/README.md HTTP/1.1" 404 564 "-" "Mozilla/5.0 (Macintosh; Intel Mac OS X 10_12_3) AppleWebKit/537.36 (KHTML, like Gecko) Chrome/56.0.2924.87 Safari/537.36"
94.72.101.21 - - [02/Nov/2024:19:37:20 +0000] "GET /ml/models/v2/.env HTTP/1.1" 404 564 "-" "Mozilla/5.0 (Macintosh; Intel Mac OS X 10_12_3) AppleWebKit/537.36 (KHTML, like Gecko) Chrome/56.0.2924.87 Safari/537.36"
94.72.101.21 - - [02/Nov/2024:19:37:20 +0000] "GET /config/aws/v2/swagger.json HTTP/1.1" 404 564 "-" "Mozilla/5.0 (Macintosh; Intel Mac OS X 10_12_3) AppleWebKit/537.36 (KHTML, like Gecko) Chrome/56.0.2924.87 Safari/537.36"
94.72.101.21 - - [02/Nov/2024:19:37:21 +0000] "GET /config/aws/src/config.json HTTP/1.1" 404 564 "-" "Mozilla/5.0 (Macintosh; Intel Mac OS X 10_12_3) AppleWebKit/537.36 (KHTML, like Gecko) Chrome/56.0.2924.87 Safari/537.36"
94.72.101.21 - - [02/Nov/2024:19:37:21 +0000] "GET /backend/fastapi/v1/app.py HTTP/1.1" 404 564 "-" "Mozilla/5.0 (Macintosh; Intel Mac OS X 10_12_3) AppleWebKit/537.36 (KHTML, like Gecko) Chrome/56.0.2924.87 Safari/537.36"
94.72.101.21 - - [02/Nov/2024:19:37:21 +0000] "GET /microservices/payment-service/dev/Dockerfile HTTP/1.1" 404 564 "-" "Mozilla/5.0 (Macintosh; Intel Mac OS X 10_12_3) AppleWebKit/537.36 (KHTML, like Gecko) Chrome/56.0.2924.87 Safari/537.36"
94.72.101.21 - - [02/Nov/2024:19:37:21 +0000] "GET /ci-cd/github/dev/config.json HTTP/1.1" 404 564 "-" "Mozilla/5.0 (Macintosh; Intel Mac OS X 10_12_3) AppleWebKit/537.36 (KHTML, like Gecko) Chrome/56.0.2924.87 Safari/537.36"
94.72.101.21 - - [02/Nov/2024:19:37:21 +0000] "GET /frontend/svelte-app/v2/config.json HTTP/1.1" 404 564 "-" "Mozilla/5.0 (Macintosh; Intel Mac OS X 10_12_3) AppleWebKit/537.36 (KHTML, like Gecko) Chrome/56.0.2924.87 Safari/537.36"
94.72.101.21 - - [02/Nov/2024:19:37:22 +0000] "GET /microservices/payment-service/dev/app.py HTTP/1.1" 404 564 "-" "Mozilla/5.0 (Macintosh; Intel Mac OS X 10_12_3) AppleWebKit/537.36 (KHTML, like Gecko) Chrome/56.0.2924.87 Safari/537.36"
94.72.101.21 - - [02/Nov/2024:19:37:22 +0000] "GET /config/database/prod/app.py HTTP/1.1" 404 564 "-" "Mozilla/5.0 (Macintosh; Intel Mac OS X 10_12_3) AppleWebKit/537.36 (KHTML, like Gecko) Chrome/56.0.2924.87 Safari/537.36"
94.72.101.21 - - [02/Nov/2024:19:37:22 +0000] "GET /docs/api_v2/src/config.json HTTP/1.1" 404 564 "-" "Mozilla/5.0 (Macintosh; Intel Mac OS X 10_12_3) AppleWebKit/537.36 (KHTML, like Gecko) Chrome/56.0.2924.87 Safari/537.36"
94.72.101.21 - - [02/Nov/2024:19:37:22 +0000] "GET /backend/fastapi/dist/requirements.txt HTTP/1.1" 404 564 "-" "Mozilla/5.0 (Macintosh; Intel Mac OS X 10_12_3) AppleWebKit/537.36 (KHTML, like Gecko) Chrome/56.0.2924.87 Safari/537.36"
94.72.101.21 - - [02/Nov/2024:19:37:22 +0000] "GET /ml/models/v1/schema.sql HTTP/1.1" 404 564 "-" "Mozilla/5.0 (Macintosh; Intel Mac OS X 10_12_3) AppleWebKit/537.36 (KHTML, like Gecko) Chrome/56.0.2924.87 Safari/537.36"
94.72.101.21 - - [02/Nov/2024:19:37:22 +0000] "GET /config/database/prod/variables.tf HTTP/1.1" 404 564 "-" "Mozilla/5.0 (Macintosh; Intel Mac OS X 10_12_3) AppleWebKit/537.36 (KHTML, like Gecko) Chrome/56.0.2924.87 Safari/537.36"
94.72.101.21 - - [02/Nov/2024:19:37:23 +0000] "GET /secrets/prod/policy.json HTTP/1.1" 404 564 "-" "Mozilla/5.0 (Macintosh; Intel Mac OS X 10_12_3) AppleWebKit/537.36 (KHTML, like Gecko) Chrome/56.0.2924.87 Safari/537.36"
94.72.101.21 - - [02/Nov/2024:19:37:23 +0000] "GET /compliance/reports/dev/secrets.env HTTP/1.1" 404 564 "-" "Mozilla/5.0 (Macintosh; Intel Mac OS X 10_12_3) AppleWebKit/537.36 (KHTML, like Gecko) Chrome/56.0.2924.87 Safari/537.36"
94.72.101.21 - - [02/Nov/2024:19:37:23 +0000] "GET /config/azure/prod/index.js HTTP/1.1" 404 564 "-" "Mozilla/5.0 (Macintosh; Intel Mac OS X 10_12_3) AppleWebKit/537.36 (KHTML, like Gecko) Chrome/56.0.2924.87 Safari/537.36"
94.72.101.21 - - [02/Nov/2024:19:37:23 +0000] "GET /backend/nestjs/v1/swagger.json HTTP/1.1" 404 564 "-" "Mozilla/5.0 (Macintosh; Intel Mac OS X 10_12_3) AppleWebKit/537.36 (KHTML, like Gecko) Chrome/56.0.2924.87 Safari/537.36"
94.72.101.21 - - [02/Nov/2024:19:37:23 +0000] "GET /microservices/user-service/dist/Dockerfile HTTP/1.1" 404 564 "-" "Mozilla/5.0 (Macintosh; Intel Mac OS X 10_12_3) AppleWebKit/537.36 (KHTML, like Gecko) Chrome/56.0.2924.87 Safari/537.36"
94.72.101.21 - - [02/Nov/2024:19:37:24 +0000] "GET /documentation/architecture/prod/requirements.txt HTTP/1.1" 404 564 "-" "Mozilla/5.0 (Macintosh; Intel Mac OS X 10_12_3) AppleWebKit/537.36 (KHTML, like Gecko) Chrome/56.0.2924.87 Safari/537.36"
94.72.101.21 - - [02/Nov/2024:19:37:24 +0000] "GET /integrations/twilio/dist/requirements.txt HTTP/1.1" 404 564 "-" "Mozilla/5.0 (Macintosh; Intel Mac OS X 10_12_3) AppleWebKit/537.36 (KHTML, like Gecko) Chrome/56.0.2924.87 Safari/537.36"
94.72.101.21 - - [02/Nov/2024:19:37:24 +0000] "GET /config/aws/v2/.env HTTP/1.1" 404 564 "-" "Mozilla/5.0 (Macintosh; Intel Mac OS X 10_12_3) AppleWebKit/537.36 (KHTML, like Gecko) Chrome/56.0.2924.87 Safari/537.36"
94.72.101.21 - - [02/Nov/2024:19:37:24 +0000] "GET /microservices/payment-service/prod/index.js HTTP/1.1" 404 564 "-" "Mozilla/5.0 (Macintosh; Intel Mac OS X 10_12_3) AppleWebKit/537.36 (KHTML, like Gecko) Chrome/56.0.2924.87 Safari/537.36"
94.72.101.21 - - [02/Nov/2024:19:37:24 +0000] "GET /microservices/user-service/src/index.js HTTP/1.1" 404 564 "-" "Mozilla/5.0 (Macintosh; Intel Mac OS X 10_12_3) AppleWebKit/537.36 (KHTML, like Gecko) Chrome/56.0.2924.87 Safari/537.36"
94.72.101.21 - - [02/Nov/2024:19:37:25 +0000] "GET /frontend/svelte-app/prod/secrets.env HTTP/1.1" 404 564 "-" "Mozilla/5.0 (Macintosh; Intel Mac OS X 10_12_3) AppleWebKit/537.36 (KHTML, like Gecko) Chrome/56.0.2924.87 Safari/537.36"
94.72.101.21 - - [02/Nov/2024:19:37:25 +0000] "GET /data/etl_jobs/prod/secrets.env HTTP/1.1" 404 564 "-" "Mozilla/5.0 (Macintosh; Intel Mac OS X 10_12_3) AppleWebKit/537.36 (KHTML, like Gecko) Chrome/56.0.2924.87 Safari/537.36"
94.72.101.21 - - [02/Nov/2024:19:37:25 +0000] "GET /docs/api_v2/v1/requirements.txt HTTP/1.1" 404 564 "-" "Mozilla/5.0 (Macintosh; Intel Mac OS X 10_12_3) AppleWebKit/537.36 (KHTML, like Gecko) Chrome/56.0.2924.87 Safari/537.36"
94.72.101.21 - - [02/Nov/2024:19:37:26 +0000] "GET /frontend/nextjs/v1/README.md HTTP/1.1" 404 564 "-" "Mozilla/5.0 (Macintosh; Intel Mac OS X 10_12_3) AppleWebKit/537.36 (KHTML, like Gecko) Chrome/56.0.2924.87 Safari/537.36"
94.72.101.21 - - [02/Nov/2024:19:37:26 +0000] "GET /backend/express/v1/swagger.json HTTP/1.1" 404 564 "-" "Mozilla/5.0 (Macintosh; Intel Mac OS X 10_12_3) AppleWebKit/537.36 (KHTML, like Gecko) Chrome/56.0.2924.87 Safari/537.36"
94.72.101.21 - - [02/Nov/2024:19:37:26 +0000] "GET /frontend/svelte-app/v2/Dockerfile HTTP/1.1" 404 564 "-" "Mozilla/5.0 (Macintosh; Intel Mac OS X 10_12_3) AppleWebKit/537.36 (KHTML, like Gecko) Chrome/56.0.2924.87 Safari/537.36"
94.72.101.21 - - [02/Nov/2024:19:37:26 +0000] "GET /docs/readme/dev/swagger.json HTTP/1.1" 404 564 "-" "Mozilla/5.0 (Macintosh; Intel Mac OS X 10_12_3) AppleWebKit/537.36 (KHTML, like Gecko) Chrome/56.0.2924.87 Safari/537.36"
94.72.101.21 - - [02/Nov/2024:19:37:26 +0000] "GET /k8s/dist/Dockerfile HTTP/1.1" 404 564 "-" "Mozilla/5.0 (Macintosh; Intel Mac OS X 10_12_3) AppleWebKit/537.36 (KHTML, like Gecko) Chrome/56.0.2924.87 Safari/537.36"
94.72.101.21 - - [02/Nov/2024:19:37:27 +0000] "GET /ci-cd/github/dev/setup.py HTTP/1.1" 404 564 "-" "Mozilla/5.0 (Macintosh; Intel Mac OS X 10_12_3) AppleWebKit/537.36 (KHTML, like Gecko) Chrome/56.0.2924.87 Safari/537.36"
94.72.101.21 - - [02/Nov/2024:19:37:27 +0000] "GET /frontend/nextjs/prod/Dockerfile HTTP/1.1" 404 564 "-" "Mozilla/5.0 (Macintosh; Intel Mac OS X 10_12_3) AppleWebKit/537.36 (KHTML, like Gecko) Chrome/56.0.2924.87 Safari/537.36"
94.72.101.21 - - [02/Nov/2024:19:37:27 +0000] "GET /frontend/vue-app/v1/secrets.env HTTP/1.1" 404 564 "-" "Mozilla/5.0 (Macintosh; Intel Mac OS X 10_12_3) AppleWebKit/537.36 (KHTML, like Gecko) Chrome/56.0.2924.87 Safari/537.36"
94.72.101.21 - - [02/Nov/2024:19:37:27 +0000] "GET /config/database/prod/setup.py HTTP/1.1" 404 564 "-" "Mozilla/5.0 (Macintosh; Intel Mac OS X 10_12_3) AppleWebKit/537.36 (KHTML, like Gecko) Chrome/56.0.2924.87 Safari/537.36"
94.72.101.21 - - [02/Nov/2024:19:37:28 +0000] "GET /frontend/react-app/v1/app.py HTTP/1.1" 404 564 "-" "Mozilla/5.0 (Macintosh; Intel Mac OS X 10_12_3) AppleWebKit/537.36 (KHTML, like Gecko) Chrome/56.0.2924.87 Safari/537.36"
94.72.101.21 - - [02/Nov/2024:19:37:28 +0000] "GET /ci-cd/gitlab/dev/.env HTTP/1.1" 404 564 "-" "Mozilla/5.0 (Macintosh; Intel Mac OS X 10_12_3) AppleWebKit/537.36 (KHTML, like Gecko) Chrome/56.0.2924.87 Safari/537.36"
94.72.101.21 - - [02/Nov/2024:19:37:29 +0000] "GET /docs/api_v2/src/policy.json HTTP/1.1" 404 564 "-" "Mozilla/5.0 (Macintosh; Intel Mac OS X 10_12_3) AppleWebKit/537.36 (KHTML, like Gecko) Chrome/56.0.2924.87 Safari/537.36"
94.72.101.21 - - [02/Nov/2024:19:37:29 +0000] "GET /integrations/stripe/v1/main.js HTTP/1.1" 404 564 "-" "Mozilla/5.0 (Macintosh; Intel Mac OS X 10_12_3) AppleWebKit/537.36 (KHTML, like Gecko) Chrome/56.0.2924.87 Safari/537.36"
94.72.101.21 - - [02/Nov/2024:19:37:29 +0000] "GET /data/etl_jobs/v2/Dockerfile HTTP/1.1" 404 564 "-" "Mozilla/5.0 (Macintosh; Intel Mac OS X 10_12_3) AppleWebKit/537.36 (KHTML, like Gecko) Chrome/56.0.2924.87 Safari/537.36"
94.72.101.21 - - [02/Nov/2024:19:37:29 +0000] "GET /ci-cd/gitlab/prod/schema.sql HTTP/1.1" 404 564 "-" "Mozilla/5.0 (Macintosh; Intel Mac OS X 10_12_3) AppleWebKit/537.36 (KHTML, like Gecko) Chrome/56.0.2924.87 Safari/537.36"
94.72.101.21 - - [02/Nov/2024:19:37:30 +0000] "GET /backend/nestjs/v1/service.yaml HTTP/1.1" 404 564 "-" "Mozilla/5.0 (Macintosh; Intel Mac OS X 10_12_3) AppleWebKit/537.36 (KHTML, like Gecko) Chrome/56.0.2924.87 Safari/537.36"
94.72.101.21 - - [02/Nov/2024:19:37:30 +0000] "GET /data_sources/prod/service.yaml HTTP/1.1" 404 564 "-" "Mozilla/5.0 (Macintosh; Intel Mac OS X 10_12_3) AppleWebKit/537.36 (KHTML, like Gecko) Chrome/56.0.2924.87 Safari/537.36"
94.72.101.21 - - [02/Nov/2024:19:37:30 +0000] "GET /ci-cd/github/dist/secrets.env HTTP/1.1" 404 564 "-" "Mozilla/5.0 (Macintosh; Intel Mac OS X 10_12_3) AppleWebKit/537.36 (KHTML, like Gecko) Chrome/56.0.2924.87 Safari/537.36"
94.72.101.21 - - [02/Nov/2024:19:37:30 +0000] "GET /integrations/twilio/v2/main.js HTTP/1.1" 404 564 "-" "Mozilla/5.0 (Macintosh; Intel Mac OS X 10_12_3) AppleWebKit/537.36 (KHTML, like Gecko) Chrome/56.0.2924.87 Safari/537.36"
94.72.101.21 - - [02/Nov/2024:19:37:31 +0000] "GET /ci-cd/github/dist/setup.py HTTP/1.1" 404 564 "-" "Mozilla/5.0 (Macintosh; Intel Mac OS X 10_12_3) AppleWebKit/537.36 (KHTML, like Gecko) Chrome/56.0.2924.87 Safari/537.36"
94.72.101.21 - - [02/Nov/2024:19:37:31 +0000] "GET /backend/koa/dev/schema.sql HTTP/1.1" 404 564 "-" "Mozilla/5.0 (Macintosh; Intel Mac OS X 10_12_3) AppleWebKit/537.36 (KHTML, like Gecko) Chrome/56.0.2924.87 Safari/537.36"
94.72.101.21 - - [02/Nov/2024:19:37:31 +0000] "GET /pipelines/dataflow/v1/requirements.txt HTTP/1.1" 404 564 "-" "Mozilla/5.0 (Macintosh; Intel Mac OS X 10_12_3) AppleWebKit/537.36 (KHTML, like Gecko) Chrome/56.0.2924.87 Safari/537.36"
94.72.101.21 - - [02/Nov/2024:19:37:32 +0000] "GET /config/azure/v1/service.yaml HTTP/1.1" 404 564 "-" "Mozilla/5.0 (Macintosh; Intel Mac OS X 10_12_3) AppleWebKit/537.36 (KHTML, like Gecko) Chrome/56.0.2924.87 Safari/537.36"
94.72.101.21 - - [02/Nov/2024:19:37:32 +0000] "GET /config/database/prod/.env HTTP/1.1" 404 564 "-" "Mozilla/5.0 (Macintosh; Intel Mac OS X 10_12_3) AppleWebKit/537.36 (KHTML, like Gecko) Chrome/56.0.2924.87 Safari/537.36"
94.72.101.21 - - [02/Nov/2024:19:37:32 +0000] "GET /data/etl_jobs/v2/variables.tf HTTP/1.1" 404 564 "-" "Mozilla/5.0 (Macintosh; Intel Mac OS X 10_12_3) AppleWebKit/537.36 (KHTML, like Gecko) Chrome/56.0.2924.87 Safari/537.36"
94.72.101.21 - - [02/Nov/2024:19:37:32 +0000] "GET /terraform/environments/prod/v2/Dockerfile HTTP/1.1" 404 564 "-" "Mozilla/5.0 (Macintosh; Intel Mac OS X 10_12_3) AppleWebKit/537.36 (KHTML, like Gecko) Chrome/56.0.2924.87 Safari/537.36"
94.72.101.21 - - [02/Nov/2024:19:37:32 +0000] "GET /docs/readme/src/app.py HTTP/1.1" 404 564 "-" "Mozilla/5.0 (Macintosh; Intel Mac OS X 10_12_3) AppleWebKit/537.36 (KHTML, like Gecko) Chrome/56.0.2924.87 Safari/537.36"
94.72.101.21 - - [02/Nov/2024:19:37:32 +0000] "GET /frontend/svelte-app/src/Dockerfile HTTP/1.1" 404 564 "-" "Mozilla/5.0 (Macintosh; Intel Mac OS X 10_12_3) AppleWebKit/537.36 (KHTML, like Gecko) Chrome/56.0.2924.87 Safari/537.36"
94.72.101.21 - - [02/Nov/2024:19:37:33 +0000] "GET /config/database/prod/deployment.yaml HTTP/1.1" 404 564 "-" "Mozilla/5.0 (Macintosh; Intel Mac OS X 10_12_3) AppleWebKit/537.36 (KHTML, like Gecko) Chrome/56.0.2924.87 Safari/537.36"
94.72.101.21 - - [02/Nov/2024:19:37:33 +0000] "GET /terraform/environments/prod/v1/secrets.env HTTP/1.1" 404 564 "-" "Mozilla/5.0 (Macintosh; Intel Mac OS X 10_12_3) AppleWebKit/537.36 (KHTML, like Gecko) Chrome/56.0.2924.87 Safari/537.36"
94.72.101.21 - - [02/Nov/2024:19:37:33 +0000] "GET /backend/fastapi/dev/main.js HTTP/1.1" 404 564 "-" "Mozilla/5.0 (Macintosh; Intel Mac OS X 10_12_3) AppleWebKit/537.36 (KHTML, like Gecko) Chrome/56.0.2924.87 Safari/537.36"
94.72.101.21 - - [02/Nov/2024:19:37:33 +0000] "GET /microservices/payment-service/v2/policy.json HTTP/1.1" 404 564 "-" "Mozilla/5.0 (Macintosh; Intel Mac OS X 10_12_3) AppleWebKit/537.36 (KHTML, like Gecko) Chrome/56.0.2924.87 Safari/537.36"
94.72.101.21 - - [02/Nov/2024:19:37:33 +0000] "GET /integrations/slack/dev/requirements.txt HTTP/1.1" 404 564 "-" "Mozilla/5.0 (Macintosh; Intel Mac OS X 10_12_3) AppleWebKit/537.36 (KHTML, like Gecko) Chrome/56.0.2924.87 Safari/537.36"
94.72.101.21 - - [02/Nov/2024:19:37:33 +0000] "GET /backend/express/prod/requirements.txt HTTP/1.1" 404 564 "-" "Mozilla/5.0 (Macintosh; Intel Mac OS X 10_12_3) AppleWebKit/537.36 (KHTML, like Gecko) Chrome/56.0.2924.87 Safari/537.36"
94.72.101.21 - - [02/Nov/2024:19:37:34 +0000] "GET /frontend/react-app/v2/variables.tf HTTP/1.1" 404 564 "-" "Mozilla/5.0 (Macintosh; Intel Mac OS X 10_12_3) AppleWebKit/537.36 (KHTML, like Gecko) Chrome/56.0.2924.87 Safari/537.36"
94.72.101.21 - - [02/Nov/2024:19:37:34 +0000] "GET /ci-cd/github/prod/policy.json HTTP/1.1" 404 564 "-" "Mozilla/5.0 (Macintosh; Intel Mac OS X 10_12_3) AppleWebKit/537.36 (KHTML, like Gecko) Chrome/56.0.2924.87 Safari/537.36"
94.72.101.21 - - [02/Nov/2024:19:37:34 +0000] "GET /integrations/twilio/dist/secrets.env HTTP/1.1" 404 564 "-" "Mozilla/5.0 (Macintosh; Intel Mac OS X 10_12_3) AppleWebKit/537.36 (KHTML, like Gecko) Chrome/56.0.2924.87 Safari/537.36"
94.72.101.21 - - [02/Nov/2024:19:37:35 +0000] "GET /frontend/vue-app/v2/deployment.yaml HTTP/1.1" 404 564 "-" "Mozilla/5.0 (Macintosh; Intel Mac OS X 10_12_3) AppleWebKit/537.36 (KHTML, like Gecko) Chrome/56.0.2924.87 Safari/537.36"
94.72.101.21 - - [02/Nov/2024:19:37:35 +0000] "GET /integrations/slack/prod/.env HTTP/1.1" 404 564 "-" "Mozilla/5.0 (Macintosh; Intel Mac OS X 10_12_3) AppleWebKit/537.36 (KHTML, like Gecko) Chrome/56.0.2924.87 Safari/537.36"
94.72.101.21 - - [02/Nov/2024:19:37:35 +0000] "GET /integrations/twilio/dev/index.js HTTP/1.1" 404 564 "-" "Mozilla/5.0 (Macintosh; Intel Mac OS X 10_12_3) AppleWebKit/537.36 (KHTML, like Gecko) Chrome/56.0.2924.87 Safari/537.36"
94.72.101.21 - - [02/Nov/2024:19:37:36 +0000] "GET /backend/nestjs/prod/deployment.yaml HTTP/1.1" 404 564 "-" "Mozilla/5.0 (Macintosh; Intel Mac OS X 10_12_3) AppleWebKit/537.36 (KHTML, like Gecko) Chrome/56.0.2924.87 Safari/537.36"
94.72.101.21 - - [02/Nov/2024:19:37:36 +0000] "GET /config/database/dev/main.js HTTP/1.1" 404 564 "-" "Mozilla/5.0 (Macintosh; Intel Mac OS X 10_12_3) AppleWebKit/537.36 (KHTML, like Gecko) Chrome/56.0.2924.87 Safari/537.36"
94.72.101.21 - - [02/Nov/2024:19:37:36 +0000] "GET /frontend/nextjs/prod/config.json HTTP/1.1" 404 564 "-" "Mozilla/5.0 (Macintosh; Intel Mac OS X 10_12_3) AppleWebKit/537.36 (KHTML, like Gecko) Chrome/56.0.2924.87 Safari/537.36"
94.72.101.21 - - [02/Nov/2024:19:37:36 +0000] "GET /ci-cd/github/dist/deployment.yaml HTTP/1.1" 404 564 "-" "Mozilla/5.0 (Macintosh; Intel Mac OS X 10_12_3) AppleWebKit/537.36 (KHTML, like Gecko) Chrome/56.0.2924.87 Safari/537.36"
94.72.101.21 - - [02/Nov/2024:19:37:36 +0000] "GET /frontend/nextjs/dist/app.py HTTP/1.1" 404 564 "-" "Mozilla/5.0 (Macintosh; Intel Mac OS X 10_12_3) AppleWebKit/537.36 (KHTML, like Gecko) Chrome/56.0.2924.87 Safari/537.36"
94.72.101.21 - - [02/Nov/2024:19:37:37 +0000] "GET /pipelines/dataflow/v1/variables.tf HTTP/1.1" 404 564 "-" "Mozilla/5.0 (Macintosh; Intel Mac OS X 10_12_3) AppleWebKit/537.36 (KHTML, like Gecko) Chrome/56.0.2924.87 Safari/537.36"
94.72.101.21 - - [02/Nov/2024:19:37:37 +0000] "GET /ci-cd/gitlab/dev/README.md HTTP/1.1" 404 564 "-" "Mozilla/5.0 (Macintosh; Intel Mac OS X 10_12_3) AppleWebKit/537.36 (KHTML, like Gecko) Chrome/56.0.2924.87 Safari/537.36"
94.72.101.21 - - [02/Nov/2024:19:37:37 +0000] "GET /frontend/svelte-app/v2/service.yaml HTTP/1.1" 404 564 "-" "Mozilla/5.0 (Macintosh; Intel Mac OS X 10_12_3) AppleWebKit/537.36 (KHTML, like Gecko) Chrome/56.0.2924.87 Safari/537.36"
94.72.101.21 - - [02/Nov/2024:19:37:38 +0000] "GET /k8s/dist/swagger.json HTTP/1.1" 404 564 "-" "Mozilla/5.0 (Macintosh; Intel Mac OS X 10_12_3) AppleWebKit/537.36 (KHTML, like Gecko) Chrome/56.0.2924.87 Safari/537.36"
94.72.101.21 - - [02/Nov/2024:19:37:38 +0000] "GET /backend/koa/prod/setup.py HTTP/1.1" 404 564 "-" "Mozilla/5.0 (Macintosh; Intel Mac OS X 10_12_3) AppleWebKit/537.36 (KHTML, like Gecko) Chrome/56.0.2924.87 Safari/537.36"
94.72.101.21 - - [02/Nov/2024:19:37:38 +0000] "GET /config/database/v1/variables.tf HTTP/1.1" 404 564 "-" "Mozilla/5.0 (Macintosh; Intel Mac OS X 10_12_3) AppleWebKit/537.36 (KHTML, like Gecko) Chrome/56.0.2924.87 Safari/537.36"
94.72.101.21 - - [02/Nov/2024:19:37:38 +0000] "GET /backend/nestjs/src/app.py HTTP/1.1" 404 564 "-" "Mozilla/5.0 (Macintosh; Intel Mac OS X 10_12_3) AppleWebKit/537.36 (KHTML, like Gecko) Chrome/56.0.2924.87 Safari/537.36"
94.72.101.21 - - [02/Nov/2024:19:37:38 +0000] "GET /security/vault/dev/variables.tf HTTP/1.1" 404 564 "-" "Mozilla/5.0 (Macintosh; Intel Mac OS X 10_12_3) AppleWebKit/537.36 (KHTML, like Gecko) Chrome/56.0.2924.87 Safari/537.36"
94.72.101.21 - - [02/Nov/2024:19:37:38 +0000] "GET /config/env/dev/secrets.env HTTP/1.1" 404 564 "-" "Mozilla/5.0 (Macintosh; Intel Mac OS X 10_12_3) AppleWebKit/537.36 (KHTML, like Gecko) Chrome/56.0.2924.87 Safari/537.36"
94.72.101.21 - - [02/Nov/2024:19:37:39 +0000] "GET /ci-cd/gitlab/dev/deployment.yaml HTTP/1.1" 404 564 "-" "Mozilla/5.0 (Macintosh; Intel Mac OS X 10_12_3) AppleWebKit/537.36 (KHTML, like Gecko) Chrome/56.0.2924.87 Safari/537.36"
94.72.101.21 - - [02/Nov/2024:19:37:39 +0000] "GET /integrations/slack/src/Dockerfile HTTP/1.1" 404 564 "-" "Mozilla/5.0 (Macintosh; Intel Mac OS X 10_12_3) AppleWebKit/537.36 (KHTML, like Gecko) Chrome/56.0.2924.87 Safari/537.36"
94.72.101.21 - - [02/Nov/2024:19:37:39 +0000] "GET /microservices/inventory/src/deployment.yaml HTTP/1.1" 404 564 "-" "Mozilla/5.0 (Macintosh; Intel Mac OS X 10_12_3) AppleWebKit/537.36 (KHTML, like Gecko) Chrome/56.0.2924.87 Safari/537.36"
94.72.101.21 - - [02/Nov/2024:19:37:40 +0000] "GET /microservices/inventory/dist/README.md HTTP/1.1" 404 564 "-" "Mozilla/5.0 (Macintosh; Intel Mac OS X 10_12_3) AppleWebKit/537.36 (KHTML, like Gecko) Chrome/56.0.2924.87 Safari/537.36"
94.72.101.21 - - [02/Nov/2024:19:37:40 +0000] "GET /compliance/reports/prod/setup.py HTTP/1.1" 404 564 "-" "Mozilla/5.0 (Macintosh; Intel Mac OS X 10_12_3) AppleWebKit/537.36 (KHTML, like Gecko) Chrome/56.0.2924.87 Safari/537.36"
94.72.101.21 - - [02/Nov/2024:19:37:40 +0000] "GET /docs/readme/prod/requirements.txt HTTP/1.1" 404 564 "-" "Mozilla/5.0 (Macintosh; Intel Mac OS X 10_12_3) AppleWebKit/537.36 (KHTML, like Gecko) Chrome/56.0.2924.87 Safari/537.36"
94.72.101.21 - - [02/Nov/2024:19:37:40 +0000] "GET /frontend/nextjs/src/README.md HTTP/1.1" 404 564 "-" "Mozilla/5.0 (Macintosh; Intel Mac OS X 10_12_3) AppleWebKit/537.36 (KHTML, like Gecko) Chrome/56.0.2924.87 Safari/537.36"
94.72.101.21 - - [02/Nov/2024:19:37:40 +0000] "GET /frontend/react-app/prod/.env HTTP/1.1" 404 564 "-" "Mozilla/5.0 (Macintosh; Intel Mac OS X 10_12_3) AppleWebKit/537.36 (KHTML, like Gecko) Chrome/56.0.2924.87 Safari/537.36"
94.72.101.21 - - [02/Nov/2024:19:37:41 +0000] "GET /config/azure/dev/setup.py HTTP/1.1" 404 564 "-" "Mozilla/5.0 (Macintosh; Intel Mac OS X 10_12_3) AppleWebKit/537.36 (KHTML, like Gecko) Chrome/56.0.2924.87 Safari/537.36"
94.72.101.21 - - [02/Nov/2024:19:37:41 +0000] "GET /frontend/svelte-app/dist/secrets.env HTTP/1.1" 404 564 "-" "Mozilla/5.0 (Macintosh; Intel Mac OS X 10_12_3) AppleWebKit/537.36 (KHTML, like Gecko) Chrome/56.0.2924.87 Safari/537.36"
94.72.101.21 - - [02/Nov/2024:19:37:42 +0000] "GET /frontend/nextjs/v1/setup.py HTTP/1.1" 404 564 "-" "Mozilla/5.0 (Macintosh; Intel Mac OS X 10_12_3) AppleWebKit/537.36 (KHTML, like Gecko) Chrome/56.0.2924.87 Safari/537.36"
94.72.101.21 - - [02/Nov/2024:19:37:42 +0000] "GET /microservices/inventory/dev/swagger.json HTTP/1.1" 404 564 "-" "Mozilla/5.0 (Macintosh; Intel Mac OS X 10_12_3) AppleWebKit/537.36 (KHTML, like Gecko) Chrome/56.0.2924.87 Safari/537.36"
94.72.101.21 - - [02/Nov/2024:19:37:42 +0000] "GET /backend/nestjs/dist/main.js HTTP/1.1" 404 564 "-" "Mozilla/5.0 (Macintosh; Intel Mac OS X 10_12_3) AppleWebKit/537.36 (KHTML, like Gecko) Chrome/56.0.2924.87 Safari/537.36"
94.72.101.21 - - [02/Nov/2024:19:37:42 +0000] "GET /config/database/dist/variables.tf HTTP/1.1" 404 564 "-" "Mozilla/5.0 (Macintosh; Intel Mac OS X 10_12_3) AppleWebKit/537.36 (KHTML, like Gecko) Chrome/56.0.2924.87 Safari/537.36"
94.72.101.21 - - [02/Nov/2024:19:37:42 +0000] "GET /documentation/architecture/dev/swagger.json HTTP/1.1" 404 564 "-" "Mozilla/5.0 (Macintosh; Intel Mac OS X 10_12_3) AppleWebKit/537.36 (KHTML, like Gecko) Chrome/56.0.2924.87 Safari/537.36"
94.72.101.21 - - [02/Nov/2024:19:37:43 +0000] "GET /data/etl_jobs/v1/deployment.yaml HTTP/1.1" 404 564 "-" "Mozilla/5.0 (Macintosh; Intel Mac OS X 10_12_3) AppleWebKit/537.36 (KHTML, like Gecko) Chrome/56.0.2924.87 Safari/537.36"
94.72.101.21 - - [02/Nov/2024:19:37:43 +0000] "GET /integrations/twilio/dist/policy.json HTTP/1.1" 404 564 "-" "Mozilla/5.0 (Macintosh; Intel Mac OS X 10_12_3) AppleWebKit/537.36 (KHTML, like Gecko) Chrome/56.0.2924.87 Safari/537.36"
94.72.101.21 - - [02/Nov/2024:19:37:43 +0000] "GET /config/aws/dev/app.py HTTP/1.1" 404 564 "-" "Mozilla/5.0 (Macintosh; Intel Mac OS X 10_12_3) AppleWebKit/537.36 (KHTML, like Gecko) Chrome/56.0.2924.87 Safari/537.36"
94.72.101.21 - - [02/Nov/2024:19:37:43 +0000] "GET /frontend/nextjs/prod/policy.json HTTP/1.1" 404 564 "-" "Mozilla/5.0 (Macintosh; Intel Mac OS X 10_12_3) AppleWebKit/537.36 (KHTML, like Gecko) Chrome/56.0.2924.87 Safari/537.36"
94.72.101.21 - - [02/Nov/2024:19:37:44 +0000] "GET /terraform/environments/prod/src/.env HTTP/1.1" 404 564 "-" "Mozilla/5.0 (Macintosh; Intel Mac OS X 10_12_3) AppleWebKit/537.36 (KHTML, like Gecko) Chrome/56.0.2924.87 Safari/537.36"
94.72.101.21 - - [02/Nov/2024:19:37:44 +0000] "GET /frontend/vue-app/v1/setup.py HTTP/1.1" 404 564 "-" "Mozilla/5.0 (Macintosh; Intel Mac OS X 10_12_3) AppleWebKit/537.36 (KHTML, like Gecko) Chrome/56.0.2924.87 Safari/537.36"
94.72.101.21 - - [02/Nov/2024:19:37:44 +0000] "GET /compliance/reports/dist/requirements.txt HTTP/1.1" 404 564 "-" "Mozilla/5.0 (Macintosh; Intel Mac OS X 10_12_3) AppleWebKit/537.36 (KHTML, like Gecko) Chrome/56.0.2924.87 Safari/537.36"
94.72.101.21 - - [02/Nov/2024:19:37:44 +0000] "GET /config/aws/v2/schema.sql HTTP/1.1" 404 564 "-" "Mozilla/5.0 (Macintosh; Intel Mac OS X 10_12_3) AppleWebKit/537.36 (KHTML, like Gecko) Chrome/56.0.2924.87 Safari/537.36"
94.72.101.21 - - [02/Nov/2024:19:37:45 +0000] "GET /security/vault/v2/main.js HTTP/1.1" 404 564 "-" "Mozilla/5.0 (Macintosh; Intel Mac OS X 10_12_3) AppleWebKit/537.36 (KHTML, like Gecko) Chrome/56.0.2924.87 Safari/537.36"
94.72.101.21 - - [02/Nov/2024:19:37:45 +0000] "GET /security/vault/v1/index.js HTTP/1.1" 404 564 "-" "Mozilla/5.0 (Macintosh; Intel Mac OS X 10_12_3) AppleWebKit/537.36 (KHTML, like Gecko) Chrome/56.0.2924.87 Safari/537.36"
94.72.101.21 - - [02/Nov/2024:19:37:45 +0000] "GET /backend/nestjs/prod/Dockerfile HTTP/1.1" 404 564 "-" "Mozilla/5.0 (Macintosh; Intel Mac OS X 10_12_3) AppleWebKit/537.36 (KHTML, like Gecko) Chrome/56.0.2924.87 Safari/537.36"
94.72.101.21 - - [02/Nov/2024:19:37:46 +0000] "GET /compliance/reports/prod/config.json HTTP/1.1" 404 564 "-" "Mozilla/5.0 (Macintosh; Intel Mac OS X 10_12_3) AppleWebKit/537.36 (KHTML, like Gecko) Chrome/56.0.2924.87 Safari/537.36"
94.72.101.21 - - [02/Nov/2024:19:37:46 +0000] "GET /audit/logs/v2/deployment.yaml HTTP/1.1" 404 564 "-" "Mozilla/5.0 (Macintosh; Intel Mac OS X 10_12_3) AppleWebKit/537.36 (KHTML, like Gecko) Chrome/56.0.2924.87 Safari/537.36"
94.72.101.21 - - [02/Nov/2024:19:37:46 +0000] "GET /integrations/twilio/dev/deployment.yaml HTTP/1.1" 404 564 "-" "Mozilla/5.0 (Macintosh; Intel Mac OS X 10_12_3) AppleWebKit/537.36 (KHTML, like Gecko) Chrome/56.0.2924.87 Safari/537.36"
94.72.101.21 - - [02/Nov/2024:19:37:46 +0000] "GET /data_sources/v2/app.py HTTP/1.1" 404 564 "-" "Mozilla/5.0 (Macintosh; Intel Mac OS X 10_12_3) AppleWebKit/537.36 (KHTML, like Gecko) Chrome/56.0.2924.87 Safari/537.36"
94.72.101.21 - - [02/Nov/2024:19:37:46 +0000] "GET /frontend/react-app/dev/setup.py HTTP/1.1" 404 564 "-" "Mozilla/5.0 (Macintosh; Intel Mac OS X 10_12_3) AppleWebKit/537.36 (KHTML, like Gecko) Chrome/56.0.2924.87 Safari/537.36"
94.72.101.21 - - [02/Nov/2024:19:37:46 +0000] "GET /config/aws/prod/app.py HTTP/1.1" 404 564 "-" "Mozilla/5.0 (Macintosh; Intel Mac OS X 10_12_3) AppleWebKit/537.36 (KHTML, like Gecko) Chrome/56.0.2924.87 Safari/537.36"
94.72.101.21 - - [02/Nov/2024:19:37:47 +0000] "GET /pipelines/dataflow/v1/swagger.json HTTP/1.1" 404 564 "-" "Mozilla/5.0 (Macintosh; Intel Mac OS X 10_12_3) AppleWebKit/537.36 (KHTML, like Gecko) Chrome/56.0.2924.87 Safari/537.36"
94.72.101.21 - - [02/Nov/2024:19:37:47 +0000] "GET /audit/logs/src/setup.py HTTP/1.1" 404 564 "-" "Mozilla/5.0 (Macintosh; Intel Mac OS X 10_12_3) AppleWebKit/537.36 (KHTML, like Gecko) Chrome/56.0.2924.87 Safari/537.36"
94.72.101.21 - - [02/Nov/2024:19:37:47 +0000] "GET /integrations/twilio/v2/app.py HTTP/1.1" 404 564 "-" "Mozilla/5.0 (Macintosh; Intel Mac OS X 10_12_3) AppleWebKit/537.36 (KHTML, like Gecko) Chrome/56.0.2924.87 Safari/537.36"
94.72.101.21 - - [02/Nov/2024:19:37:48 +0000] "GET /integrations/twilio/dist/app.py HTTP/1.1" 404 564 "-" "Mozilla/5.0 (Macintosh; Intel Mac OS X 10_12_3) AppleWebKit/537.36 (KHTML, like Gecko) Chrome/56.0.2924.87 Safari/537.36"
94.72.101.21 - - [02/Nov/2024:19:37:48 +0000] "GET /compliance/reports/prod/policy.json HTTP/1.1" 404 564 "-" "Mozilla/5.0 (Macintosh; Intel Mac OS X 10_12_3) AppleWebKit/537.36 (KHTML, like Gecko) Chrome/56.0.2924.87 Safari/537.36"
94.72.101.21 - - [02/Nov/2024:19:37:48 +0000] "GET /ml/models/v2/requirements.txt HTTP/1.1" 404 564 "-" "Mozilla/5.0 (Macintosh; Intel Mac OS X 10_12_3) AppleWebKit/537.36 (KHTML, like Gecko) Chrome/56.0.2924.87 Safari/537.36"
94.72.101.21 - - [02/Nov/2024:19:37:49 +0000] "GET /ci-cd/github/src/.env HTTP/1.1" 404 564 "-" "Mozilla/5.0 (Macintosh; Intel Mac OS X 10_12_3) AppleWebKit/537.36 (KHTML, like Gecko) Chrome/56.0.2924.87 Safari/537.36"
94.72.101.21 - - [02/Nov/2024:19:37:49 +0000] "GET /docs/readme/v2/setup.py HTTP/1.1" 404 564 "-" "Mozilla/5.0 (Macintosh; Intel Mac OS X 10_12_3) AppleWebKit/537.36 (KHTML, like Gecko) Chrome/56.0.2924.87 Safari/537.36"
94.72.101.21 - - [02/Nov/2024:19:37:49 +0000] "GET /backend/fastapi/v2/.env HTTP/1.1" 404 564 "-" "Mozilla/5.0 (Macintosh; Intel Mac OS X 10_12_3) AppleWebKit/537.36 (KHTML, like Gecko) Chrome/56.0.2924.87 Safari/537.36"
94.72.101.21 - - [02/Nov/2024:19:37:49 +0000] "GET /integrations/twilio/v2/setup.py HTTP/1.1" 404 564 "-" "Mozilla/5.0 (Macintosh; Intel Mac OS X 10_12_3) AppleWebKit/537.36 (KHTML, like Gecko) Chrome/56.0.2924.87 Safari/537.36"
94.72.101.21 - - [02/Nov/2024:19:37:50 +0000] "GET /backend/nestjs/dev/README.md HTTP/1.1" 404 564 "-" "Mozilla/5.0 (Macintosh; Intel Mac OS X 10_12_3) AppleWebKit/537.36 (KHTML, like Gecko) Chrome/56.0.2924.87 Safari/537.36"
94.72.101.21 - - [02/Nov/2024:19:37:51 +0000] "GET /docs/readme/prod/Dockerfile HTTP/1.1" 404 564 "-" "Mozilla/5.0 (Macintosh; Intel Mac OS X 10_12_3) AppleWebKit/537.36 (KHTML, like Gecko) Chrome/56.0.2924.87 Safari/537.36"
94.72.101.21 - - [02/Nov/2024:19:37:51 +0000] "GET /config/aws/src/README.md HTTP/1.1" 404 564 "-" "Mozilla/5.0 (Macintosh; Intel Mac OS X 10_12_3) AppleWebKit/537.36 (KHTML, like Gecko) Chrome/56.0.2924.87 Safari/537.36"
94.72.101.21 - - [02/Nov/2024:19:37:51 +0000] "GET /frontend/react-app/dist/swagger.json HTTP/1.1" 404 564 "-" "Mozilla/5.0 (Macintosh; Intel Mac OS X 10_12_3) AppleWebKit/537.36 (KHTML, like Gecko) Chrome/56.0.2924.87 Safari/537.36"
94.72.101.21 - - [02/Nov/2024:19:37:52 +0000] "GET /config/database/v1/schema.sql HTTP/1.1" 404 564 "-" "Mozilla/5.0 (Macintosh; Intel Mac OS X 10_12_3) AppleWebKit/537.36 (KHTML, like Gecko) Chrome/56.0.2924.87 Safari/537.36"
94.72.101.21 - - [02/Nov/2024:19:37:52 +0000] "GET /terraform/environments/prod/v1/policy.json HTTP/1.1" 404 564 "-" "Mozilla/5.0 (Macintosh; Intel Mac OS X 10_12_3) AppleWebKit/537.36 (KHTML, like Gecko) Chrome/56.0.2924.87 Safari/537.36"
94.72.101.21 - - [02/Nov/2024:19:37:53 +0000] "GET /config/azure/src/requirements.txt HTTP/1.1" 404 564 "-" "Mozilla/5.0 (Macintosh; Intel Mac OS X 10_12_3) AppleWebKit/537.36 (KHTML, like Gecko) Chrome/56.0.2924.87 Safari/537.36"
94.72.101.21 - - [02/Nov/2024:19:37:54 +0000] "GET /pipelines/dataflow/dist/setup.py HTTP/1.1" 404 564 "-" "Mozilla/5.0 (Macintosh; Intel Mac OS X 10_12_3) AppleWebKit/537.36 (KHTML, like Gecko) Chrome/56.0.2924.87 Safari/537.36"
94.72.101.21 - - [02/Nov/2024:19:37:54 +0000] "GET /config/database/src/app.py HTTP/1.1" 404 564 "-" "Mozilla/5.0 (Macintosh; Intel Mac OS X 10_12_3) AppleWebKit/537.36 (KHTML, like Gecko) Chrome/56.0.2924.87 Safari/537.36"
94.72.101.21 - - [02/Nov/2024:19:37:54 +0000] "GET /frontend/vue-app/prod/deployment.yaml HTTP/1.1" 404 564 "-" "Mozilla/5.0 (Macintosh; Intel Mac OS X 10_12_3) AppleWebKit/537.36 (KHTML, like Gecko) Chrome/56.0.2924.87 Safari/537.36"
94.72.101.21 - - [02/Nov/2024:19:37:54 +0000] "GET /docs/api_v2/dist/deployment.yaml HTTP/1.1" 404 564 "-" "Mozilla/5.0 (Macintosh; Intel Mac OS X 10_12_3) AppleWebKit/537.36 (KHTML, like Gecko) Chrome/56.0.2924.87 Safari/537.36"
94.72.101.21 - - [02/Nov/2024:19:37:55 +0000] "GET /microservices/user-service/prod/index.js HTTP/1.1" 404 564 "-" "Mozilla/5.0 (Macintosh; Intel Mac OS X 10_12_3) AppleWebKit/537.36 (KHTML, like Gecko) Chrome/56.0.2924.87 Safari/537.36"
94.72.101.21 - - [02/Nov/2024:19:37:55 +0000] "GET /config/aws/src/service.yaml HTTP/1.1" 404 564 "-" "Mozilla/5.0 (Macintosh; Intel Mac OS X 10_12_3) AppleWebKit/537.36 (KHTML, like Gecko) Chrome/56.0.2924.87 Safari/537.36"
94.72.101.21 - - [02/Nov/2024:19:37:56 +0000] "GET /ci-cd/github/prod/config.json HTTP/1.1" 404 564 "-" "Mozilla/5.0 (Macintosh; Intel Mac OS X 10_12_3) AppleWebKit/537.36 (KHTML, like Gecko) Chrome/56.0.2924.87 Safari/537.36"
94.72.101.21 - - [02/Nov/2024:19:37:56 +0000] "GET /config/env/prod/index.js HTTP/1.1" 404 564 "-" "Mozilla/5.0 (Macintosh; Intel Mac OS X 10_12_3) AppleWebKit/537.36 (KHTML, like Gecko) Chrome/56.0.2924.87 Safari/537.36"
94.72.101.21 - - [02/Nov/2024:19:37:56 +0000] "GET /backend/express/v1/.env HTTP/1.1" 404 564 "-" "Mozilla/5.0 (Macintosh; Intel Mac OS X 10_12_3) AppleWebKit/537.36 (KHTML, like Gecko) Chrome/56.0.2924.87 Safari/537.36"
94.72.101.21 - - [02/Nov/2024:19:37:57 +0000] "GET /compliance/reports/v2/swagger.json HTTP/1.1" 404 564 "-" "Mozilla/5.0 (Macintosh; Intel Mac OS X 10_12_3) AppleWebKit/537.36 (KHTML, like Gecko) Chrome/56.0.2924.87 Safari/537.36"
94.72.101.21 - - [02/Nov/2024:19:37:57 +0000] "GET /audit/logs/dist/deployment.yaml HTTP/1.1" 404 564 "-" "Mozilla/5.0 (Macintosh; Intel Mac OS X 10_12_3) AppleWebKit/537.36 (KHTML, like Gecko) Chrome/56.0.2924.87 Safari/537.36"
94.72.101.21 - - [02/Nov/2024:19:37:57 +0000] "GET /security/vault/v1/main.js HTTP/1.1" 404 564 "-" "Mozilla/5.0 (Macintosh; Intel Mac OS X 10_12_3) AppleWebKit/537.36 (KHTML, like Gecko) Chrome/56.0.2924.87 Safari/537.36"
94.72.101.21 - - [02/Nov/2024:19:37:57 +0000] "GET /backend/fastapi/prod/requirements.txt HTTP/1.1" 404 564 "-" "Mozilla/5.0 (Macintosh; Intel Mac OS X 10_12_3) AppleWebKit/537.36 (KHTML, like Gecko) Chrome/56.0.2924.87 Safari/537.36"
94.72.101.21 - - [02/Nov/2024:19:37:57 +0000] "GET /audit/logs/src/main.js HTTP/1.1" 404 564 "-" "Mozilla/5.0 (Macintosh; Intel Mac OS X 10_12_3) AppleWebKit/537.36 (KHTML, like Gecko) Chrome/56.0.2924.87 Safari/537.36"
94.72.101.21 - - [02/Nov/2024:19:37:57 +0000] "GET /ci-cd/github/src/setup.py HTTP/1.1" 404 564 "-" "Mozilla/5.0 (Macintosh; Intel Mac OS X 10_12_3) AppleWebKit/537.36 (KHTML, like Gecko) Chrome/56.0.2924.87 Safari/537.36"
94.72.101.21 - - [02/Nov/2024:19:37:58 +0000] "GET /config/env/v1/swagger.json HTTP/1.1" 404 564 "-" "Mozilla/5.0 (Macintosh; Intel Mac OS X 10_12_3) AppleWebKit/537.36 (KHTML, like Gecko) Chrome/56.0.2924.87 Safari/537.36"
94.72.101.21 - - [02/Nov/2024:19:37:58 +0000] "GET /microservices/payment-service/v2/app.py HTTP/1.1" 404 564 "-" "Mozilla/5.0 (Macintosh; Intel Mac OS X 10_12_3) AppleWebKit/537.36 (KHTML, like Gecko) Chrome/56.0.2924.87 Safari/537.36"
94.72.101.21 - - [02/Nov/2024:19:37:58 +0000] "GET /frontend/svelte-app/v1/secrets.env HTTP/1.1" 404 564 "-" "Mozilla/5.0 (Macintosh; Intel Mac OS X 10_12_3) AppleWebKit/537.36 (KHTML, like Gecko) Chrome/56.0.2924.87 Safari/537.36"
94.72.101.21 - - [02/Nov/2024:19:37:58 +0000] "GET /frontend/react-app/v2/service.yaml HTTP/1.1" 404 564 "-" "Mozilla/5.0 (Macintosh; Intel Mac OS X 10_12_3) AppleWebKit/537.36 (KHTML, like Gecko) Chrome/56.0.2924.87 Safari/537.36"
94.72.101.21 - - [02/Nov/2024:19:37:59 +0000] "GET /frontend/react-app/v2/.env HTTP/1.1" 404 564 "-" "Mozilla/5.0 (Macintosh; Intel Mac OS X 10_12_3) AppleWebKit/537.36 (KHTML, like Gecko) Chrome/56.0.2924.87 Safari/537.36"
94.72.101.21 - - [02/Nov/2024:19:37:59 +0000] "GET /config/aws/prod/swagger.json HTTP/1.1" 404 564 "-" "Mozilla/5.0 (Macintosh; Intel Mac OS X 10_12_3) AppleWebKit/537.36 (KHTML, like Gecko) Chrome/56.0.2924.87 Safari/537.36"
94.72.101.21 - - [02/Nov/2024:19:37:59 +0000] "GET /frontend/react-app/dist/setup.py HTTP/1.1" 404 564 "-" "Mozilla/5.0 (Macintosh; Intel Mac OS X 10_12_3) AppleWebKit/537.36 (KHTML, like Gecko) Chrome/56.0.2924.87 Safari/537.36"
94.72.101.21 - - [02/Nov/2024:19:37:59 +0000] "GET /backend/fastapi/dev/setup.py HTTP/1.1" 404 564 "-" "Mozilla/5.0 (Macintosh; Intel Mac OS X 10_12_3) AppleWebKit/537.36 (KHTML, like Gecko) Chrome/56.0.2924.87 Safari/537.36"
94.72.101.21 - - [02/Nov/2024:19:37:59 +0000] "GET /ci-cd/github/dev/README.md HTTP/1.1" 404 564 "-" "Mozilla/5.0 (Macintosh; Intel Mac OS X 10_12_3) AppleWebKit/537.36 (KHTML, like Gecko) Chrome/56.0.2924.87 Safari/537.36"
94.72.101.21 - - [02/Nov/2024:19:38:00 +0000] "GET /security/vault/dev/config.json HTTP/1.1" 404 564 "-" "Mozilla/5.0 (Macintosh; Intel Mac OS X 10_12_3) AppleWebKit/537.36 (KHTML, like Gecko) Chrome/56.0.2924.87 Safari/537.36"
94.72.101.21 - - [02/Nov/2024:19:38:00 +0000] "GET /backend/nestjs/dev/swagger.json HTTP/1.1" 404 564 "-" "Mozilla/5.0 (Macintosh; Intel Mac OS X 10_12_3) AppleWebKit/537.36 (KHTML, like Gecko) Chrome/56.0.2924.87 Safari/537.36"
94.72.101.21 - - [02/Nov/2024:19:38:00 +0000] "GET /ml/models/src/variables.tf HTTP/1.1" 404 564 "-" "Mozilla/5.0 (Macintosh; Intel Mac OS X 10_12_3) AppleWebKit/537.36 (KHTML, like Gecko) Chrome/56.0.2924.87 Safari/537.36"
94.72.101.21 - - [02/Nov/2024:19:38:00 +0000] "GET /backend/fastapi/prod/Dockerfile HTTP/1.1" 404 564 "-" "Mozilla/5.0 (Macintosh; Intel Mac OS X 10_12_3) AppleWebKit/537.36 (KHTML, like Gecko) Chrome/56.0.2924.87 Safari/537.36"
94.72.101.21 - - [02/Nov/2024:19:38:00 +0000] "GET /k8s/v1/config.json HTTP/1.1" 404 564 "-" "Mozilla/5.0 (Macintosh; Intel Mac OS X 10_12_3) AppleWebKit/537.36 (KHTML, like Gecko) Chrome/56.0.2924.87 Safari/537.36"
94.72.101.21 - - [02/Nov/2024:19:38:00 +0000] "GET /k8s/dist/schema.sql HTTP/1.1" 404 564 "-" "Mozilla/5.0 (Macintosh; Intel Mac OS X 10_12_3) AppleWebKit/537.36 (KHTML, like Gecko) Chrome/56.0.2924.87 Safari/537.36"
94.72.101.21 - - [02/Nov/2024:19:38:01 +0000] "GET /config/database/v1/service.yaml HTTP/1.1" 404 564 "-" "Mozilla/5.0 (Macintosh; Intel Mac OS X 10_12_3) AppleWebKit/537.36 (KHTML, like Gecko) Chrome/56.0.2924.87 Safari/537.36"
94.72.101.21 - - [02/Nov/2024:19:38:01 +0000] "GET /compliance/reports/v1/secrets.env HTTP/1.1" 404 564 "-" "Mozilla/5.0 (Macintosh; Intel Mac OS X 10_12_3) AppleWebKit/537.36 (KHTML, like Gecko) Chrome/56.0.2924.87 Safari/537.36"
94.72.101.21 - - [02/Nov/2024:19:38:01 +0000] "GET /backend/express/v2/service.yaml HTTP/1.1" 404 564 "-" "Mozilla/5.0 (Macintosh; Intel Mac OS X 10_12_3) AppleWebKit/537.36 (KHTML, like Gecko) Chrome/56.0.2924.87 Safari/537.36"
94.72.101.21 - - [02/Nov/2024:19:38:01 +0000] "GET /data/etl_jobs/dist/variables.tf HTTP/1.1" 404 564 "-" "Mozilla/5.0 (Macintosh; Intel Mac OS X 10_12_3) AppleWebKit/537.36 (KHTML, like Gecko) Chrome/56.0.2924.87 Safari/537.36"
94.72.101.21 - - [02/Nov/2024:19:38:02 +0000] "GET /integrations/twilio/src/setup.py HTTP/1.1" 404 564 "-" "Mozilla/5.0 (Macintosh; Intel Mac OS X 10_12_3) AppleWebKit/537.36 (KHTML, like Gecko) Chrome/56.0.2924.87 Safari/537.36"
94.72.101.21 - - [02/Nov/2024:19:38:02 +0000] "GET /backend/koa/v1/index.js HTTP/1.1" 404 564 "-" "Mozilla/5.0 (Macintosh; Intel Mac OS X 10_12_3) AppleWebKit/537.36 (KHTML, like Gecko) Chrome/56.0.2924.87 Safari/537.36"
94.72.101.21 - - [02/Nov/2024:19:38:02 +0000] "GET /integrations/slack/prod/config.json HTTP/1.1" 404 564 "-" "Mozilla/5.0 (Macintosh; Intel Mac OS X 10_12_3) AppleWebKit/537.36 (KHTML, like Gecko) Chrome/56.0.2924.87 Safari/537.36"
94.72.101.21 - - [02/Nov/2024:19:38:02 +0000] "GET /pipelines/dataflow/dist/index.js HTTP/1.1" 404 564 "-" "Mozilla/5.0 (Macintosh; Intel Mac OS X 10_12_3) AppleWebKit/537.36 (KHTML, like Gecko) Chrome/56.0.2924.87 Safari/537.36"
94.72.101.21 - - [02/Nov/2024:19:38:02 +0000] "GET /integrations/twilio/src/secrets.env HTTP/1.1" 404 564 "-" "Mozilla/5.0 (Macintosh; Intel Mac OS X 10_12_3) AppleWebKit/537.36 (KHTML, like Gecko) Chrome/56.0.2924.87 Safari/537.36"
94.72.101.21 - - [02/Nov/2024:19:38:03 +0000] "GET /backend/express/v1/setup.py HTTP/1.1" 404 564 "-" "Mozilla/5.0 (Macintosh; Intel Mac OS X 10_12_3) AppleWebKit/537.36 (KHTML, like Gecko) Chrome/56.0.2924.87 Safari/537.36"
94.72.101.21 - - [02/Nov/2024:19:38:03 +0000] "GET /backend/express/dist/README.md HTTP/1.1" 404 564 "-" "Mozilla/5.0 (Macintosh; Intel Mac OS X 10_12_3) AppleWebKit/537.36 (KHTML, like Gecko) Chrome/56.0.2924.87 Safari/537.36"
94.72.101.21 - - [02/Nov/2024:19:38:03 +0000] "GET /security/vault/src/policy.json HTTP/1.1" 404 564 "-" "Mozilla/5.0 (Macintosh; Intel Mac OS X 10_12_3) AppleWebKit/537.36 (KHTML, like Gecko) Chrome/56.0.2924.87 Safari/537.36"
94.72.101.21 - - [02/Nov/2024:19:38:03 +0000] "GET /ci-cd/github/dist/Dockerfile HTTP/1.1" 404 564 "-" "Mozilla/5.0 (Macintosh; Intel Mac OS X 10_12_3) AppleWebKit/537.36 (KHTML, like Gecko) Chrome/56.0.2924.87 Safari/537.36"
94.72.101.21 - - [02/Nov/2024:19:38:04 +0000] "GET /config/azure/dist/deployment.yaml HTTP/1.1" 404 564 "-" "Mozilla/5.0 (Macintosh; Intel Mac OS X 10_12_3) AppleWebKit/537.36 (KHTML, like Gecko) Chrome/56.0.2924.87 Safari/537.36"
94.72.101.21 - - [02/Nov/2024:19:38:04 +0000] "GET /pipelines/dataflow/dist/README.md HTTP/1.1" 404 564 "-" "Mozilla/5.0 (Macintosh; Intel Mac OS X 10_12_3) AppleWebKit/537.36 (KHTML, like Gecko) Chrome/56.0.2924.87 Safari/537.36"
94.72.101.21 - - [02/Nov/2024:19:38:04 +0000] "GET /frontend/vue-app/dev/schema.sql HTTP/1.1" 404 564 "-" "Mozilla/5.0 (Macintosh; Intel Mac OS X 10_12_3) AppleWebKit/537.36 (KHTML, like Gecko) Chrome/56.0.2924.87 Safari/537.36"
94.72.101.21 - - [02/Nov/2024:19:38:04 +0000] "GET /config/database/dev/service.yaml HTTP/1.1" 404 564 "-" "Mozilla/5.0 (Macintosh; Intel Mac OS X 10_12_3) AppleWebKit/537.36 (KHTML, like Gecko) Chrome/56.0.2924.87 Safari/537.36"
94.72.101.21 - - [02/Nov/2024:19:38:05 +0000] "GET /integrations/slack/src/service.yaml HTTP/1.1" 404 564 "-" "Mozilla/5.0 (Macintosh; Intel Mac OS X 10_12_3) AppleWebKit/537.36 (KHTML, like Gecko) Chrome/56.0.2924.87 Safari/537.36"
94.72.101.21 - - [02/Nov/2024:19:38:05 +0000] "GET /backend/koa/dev/service.yaml HTTP/1.1" 404 564 "-" "Mozilla/5.0 (Macintosh; Intel Mac OS X 10_12_3) AppleWebKit/537.36 (KHTML, like Gecko) Chrome/56.0.2924.87 Safari/537.36"
94.72.101.21 - - [02/Nov/2024:19:38:05 +0000] "GET /integrations/twilio/v1/deployment.yaml HTTP/1.1" 404 564 "-" "Mozilla/5.0 (Macintosh; Intel Mac OS X 10_12_3) AppleWebKit/537.36 (KHTML, like Gecko) Chrome/56.0.2924.87 Safari/537.36"
94.72.101.21 - - [02/Nov/2024:19:38:06 +0000] "GET /microservices/user-service/v2/setup.py HTTP/1.1" 404 564 "-" "Mozilla/5.0 (Macintosh; Intel Mac OS X 10_12_3) AppleWebKit/537.36 (KHTML, like Gecko) Chrome/56.0.2924.87 Safari/537.36"
94.72.101.21 - - [02/Nov/2024:19:38:06 +0000] "GET /frontend/svelte-app/src/setup.py HTTP/1.1" 404 564 "-" "Mozilla/5.0 (Macintosh; Intel Mac OS X 10_12_3) AppleWebKit/537.36 (KHTML, like Gecko) Chrome/56.0.2924.87 Safari/537.36"
94.72.101.21 - - [02/Nov/2024:19:38:06 +0000] "GET /data/etl_jobs/prod/policy.json HTTP/1.1" 404 564 "-" "Mozilla/5.0 (Macintosh; Intel Mac OS X 10_12_3) AppleWebKit/537.36 (KHTML, like Gecko) Chrome/56.0.2924.87 Safari/537.36"
94.72.101.21 - - [02/Nov/2024:19:38:06 +0000] "GET /ml/models/prod/README.md HTTP/1.1" 404 564 "-" "Mozilla/5.0 (Macintosh; Intel Mac OS X 10_12_3) AppleWebKit/537.36 (KHTML, like Gecko) Chrome/56.0.2924.87 Safari/537.36"
94.72.101.21 - - [02/Nov/2024:19:38:06 +0000] "GET /microservices/user-service/v2/index.js HTTP/1.1" 404 564 "-" "Mozilla/5.0 (Macintosh; Intel Mac OS X 10_12_3) AppleWebKit/537.36 (KHTML, like Gecko) Chrome/56.0.2924.87 Safari/537.36"
94.72.101.21 - - [02/Nov/2024:19:38:06 +0000] "GET /security/vault/v2/Dockerfile HTTP/1.1" 404 564 "-" "Mozilla/5.0 (Macintosh; Intel Mac OS X 10_12_3) AppleWebKit/537.36 (KHTML, like Gecko) Chrome/56.0.2924.87 Safari/537.36"
94.72.101.21 - - [02/Nov/2024:19:38:07 +0000] "GET /audit/logs/dist/Dockerfile HTTP/1.1" 404 564 "-" "Mozilla/5.0 (Macintosh; Intel Mac OS X 10_12_3) AppleWebKit/537.36 (KHTML, like Gecko) Chrome/56.0.2924.87 Safari/537.36"
94.72.101.21 - - [02/Nov/2024:19:38:07 +0000] "GET /backend/nestjs/v2/index.js HTTP/1.1" 404 564 "-" "Mozilla/5.0 (Macintosh; Intel Mac OS X 10_12_3) AppleWebKit/537.36 (KHTML, like Gecko) Chrome/56.0.2924.87 Safari/537.36"
94.72.101.21 - - [02/Nov/2024:19:38:07 +0000] "GET /security/vault/dev/secrets.env HTTP/1.1" 404 564 "-" "Mozilla/5.0 (Macintosh; Intel Mac OS X 10_12_3) AppleWebKit/537.36 (KHTML, like Gecko) Chrome/56.0.2924.87 Safari/537.36"
94.72.101.21 - - [02/Nov/2024:19:38:07 +0000] "GET /config/aws/dist/index.js HTTP/1.1" 404 564 "-" "Mozilla/5.0 (Macintosh; Intel Mac OS X 10_12_3) AppleWebKit/537.36 (KHTML, like Gecko) Chrome/56.0.2924.87 Safari/537.36"
94.72.101.21 - - [02/Nov/2024:19:38:08 +0000] "GET /data/etl_jobs/prod/requirements.txt HTTP/1.1" 404 564 "-" "Mozilla/5.0 (Macintosh; Intel Mac OS X 10_12_3) AppleWebKit/537.36 (KHTML, like Gecko) Chrome/56.0.2924.87 Safari/537.36"
94.72.101.21 - - [02/Nov/2024:19:38:08 +0000] "GET /config/env/v2/app.py HTTP/1.1" 404 564 "-" "Mozilla/5.0 (Macintosh; Intel Mac OS X 10_12_3) AppleWebKit/537.36 (KHTML, like Gecko) Chrome/56.0.2924.87 Safari/537.36"
94.72.101.21 - - [02/Nov/2024:19:38:08 +0000] "GET /data_sources/dist/secrets.env HTTP/1.1" 404 564 "-" "Mozilla/5.0 (Macintosh; Intel Mac OS X 10_12_3) AppleWebKit/537.36 (KHTML, like Gecko) Chrome/56.0.2924.87 Safari/537.36"
94.72.101.21 - - [02/Nov/2024:19:38:08 +0000] "GET /ci-cd/github/v1/schema.sql HTTP/1.1" 404 564 "-" "Mozilla/5.0 (Macintosh; Intel Mac OS X 10_12_3) AppleWebKit/537.36 (KHTML, like Gecko) Chrome/56.0.2924.87 Safari/537.36"
94.72.101.21 - - [02/Nov/2024:19:38:08 +0000] "GET /config/database/prod/requirements.txt HTTP/1.1" 404 564 "-" "Mozilla/5.0 (Macintosh; Intel Mac OS X 10_12_3) AppleWebKit/537.36 (KHTML, like Gecko) Chrome/56.0.2924.87 Safari/537.36"
94.72.101.21 - - [02/Nov/2024:19:38:09 +0000] "GET /integrations/slack/dev/main.js HTTP/1.1" 404 564 "-" "Mozilla/5.0 (Macintosh; Intel Mac OS X 10_12_3) AppleWebKit/537.36 (KHTML, like Gecko) Chrome/56.0.2924.87 Safari/537.36"
94.72.101.21 - - [02/Nov/2024:19:38:09 +0000] "GET /frontend/svelte-app/prod/policy.json HTTP/1.1" 404 564 "-" "Mozilla/5.0 (Macintosh; Intel Mac OS X 10_12_3) AppleWebKit/537.36 (KHTML, like Gecko) Chrome/56.0.2924.87 Safari/537.36"
94.72.101.21 - - [02/Nov/2024:19:38:09 +0000] "GET /security/vault/prod/Dockerfile HTTP/1.1" 404 564 "-" "Mozilla/5.0 (Macintosh; Intel Mac OS X 10_12_3) AppleWebKit/537.36 (KHTML, like Gecko) Chrome/56.0.2924.87 Safari/537.36"
94.72.101.21 - - [02/Nov/2024:19:38:09 +0000] "GET /integrations/slack/v2/schema.sql HTTP/1.1" 404 564 "-" "Mozilla/5.0 (Macintosh; Intel Mac OS X 10_12_3) AppleWebKit/537.36 (KHTML, like Gecko) Chrome/56.0.2924.87 Safari/537.36"
94.72.101.21 - - [02/Nov/2024:19:38:09 +0000] "GET /k8s/dev/config.json HTTP/1.1" 404 564 "-" "Mozilla/5.0 (Macintosh; Intel Mac OS X 10_12_3) AppleWebKit/537.36 (KHTML, like Gecko) Chrome/56.0.2924.87 Safari/537.36"
94.72.101.21 - - [02/Nov/2024:19:38:09 +0000] "GET /ml/models/src/secrets.env HTTP/1.1" 404 564 "-" "Mozilla/5.0 (Macintosh; Intel Mac OS X 10_12_3) AppleWebKit/537.36 (KHTML, like Gecko) Chrome/56.0.2924.87 Safari/537.36"
94.72.101.21 - - [02/Nov/2024:19:38:10 +0000] "GET /integrations/stripe/prod/main.js HTTP/1.1" 404 564 "-" "Mozilla/5.0 (Macintosh; Intel Mac OS X 10_12_3) AppleWebKit/537.36 (KHTML, like Gecko) Chrome/56.0.2924.87 Safari/537.36"
94.72.101.21 - - [02/Nov/2024:19:38:10 +0000] "GET /compliance/reports/prod/main.js HTTP/1.1" 404 564 "-" "Mozilla/5.0 (Macintosh; Intel Mac OS X 10_12_3) AppleWebKit/537.36 (KHTML, like Gecko) Chrome/56.0.2924.87 Safari/537.36"
94.72.101.21 - - [02/Nov/2024:19:38:11 +0000] "GET /backend/fastapi/prod/swagger.json HTTP/1.1" 404 564 "-" "Mozilla/5.0 (Macintosh; Intel Mac OS X 10_12_3) AppleWebKit/537.36 (KHTML, like Gecko) Chrome/56.0.2924.87 Safari/537.36"
94.72.101.21 - - [02/Nov/2024:19:38:11 +0000] "GET /ci-cd/github/dev/index.js HTTP/1.1" 404 564 "-" "Mozilla/5.0 (Macintosh; Intel Mac OS X 10_12_3) AppleWebKit/537.36 (KHTML, like Gecko) Chrome/56.0.2924.87 Safari/537.36"
94.72.101.21 - - [02/Nov/2024:19:38:11 +0000] "GET /microservices/inventory/v1/service.yaml HTTP/1.1" 404 564 "-" "Mozilla/5.0 (Macintosh; Intel Mac OS X 10_12_3) AppleWebKit/537.36 (KHTML, like Gecko) Chrome/56.0.2924.87 Safari/537.36"
94.72.101.21 - - [02/Nov/2024:19:38:11 +0000] "GET /docs/readme/dev/service.yaml HTTP/1.1" 404 564 "-" "Mozilla/5.0 (Macintosh; Intel Mac OS X 10_12_3) AppleWebKit/537.36 (KHTML, like Gecko) Chrome/56.0.2924.87 Safari/537.36"
94.72.101.21 - - [02/Nov/2024:19:38:11 +0000] "GET /config/env/v1/main.js HTTP/1.1" 404 564 "-" "Mozilla/5.0 (Macintosh; Intel Mac OS X 10_12_3) AppleWebKit/537.36 (KHTML, like Gecko) Chrome/56.0.2924.87 Safari/537.36"
94.72.101.21 - - [02/Nov/2024:19:38:11 +0000] "GET /frontend/svelte-app/dist/service.yaml HTTP/1.1" 404 564 "-" "Mozilla/5.0 (Macintosh; Intel Mac OS X 10_12_3) AppleWebKit/537.36 (KHTML, like Gecko) Chrome/56.0.2924.87 Safari/537.36"
94.72.101.21 - - [02/Nov/2024:19:38:12 +0000] "GET /backend/koa/dev/deployment.yaml HTTP/1.1" 404 564 "-" "Mozilla/5.0 (Macintosh; Intel Mac OS X 10_12_3) AppleWebKit/537.36 (KHTML, like Gecko) Chrome/56.0.2924.87 Safari/537.36"
94.72.101.21 - - [02/Nov/2024:19:38:12 +0000] "GET /compliance/reports/v1/.env HTTP/1.1" 404 564 "-" "Mozilla/5.0 (Macintosh; Intel Mac OS X 10_12_3) AppleWebKit/537.36 (KHTML, like Gecko) Chrome/56.0.2924.87 Safari/537.36"
94.72.101.21 - - [02/Nov/2024:19:38:12 +0000] "GET /documentation/architecture/dev/app.py HTTP/1.1" 404 564 "-" "Mozilla/5.0 (Macintosh; Intel Mac OS X 10_12_3) AppleWebKit/537.36 (KHTML, like Gecko) Chrome/56.0.2924.87 Safari/537.36"
94.72.101.21 - - [02/Nov/2024:19:38:12 +0000] "GET /microservices/user-service/src/setup.py HTTP/1.1" 404 564 "-" "Mozilla/5.0 (Macintosh; Intel Mac OS X 10_12_3) AppleWebKit/537.36 (KHTML, like Gecko) Chrome/56.0.2924.87 Safari/537.36"
94.72.101.21 - - [02/Nov/2024:19:38:13 +0000] "GET /ml/models/dist/README.md HTTP/1.1" 404 564 "-" "Mozilla/5.0 (Macintosh; Intel Mac OS X 10_12_3) AppleWebKit/537.36 (KHTML, like Gecko) Chrome/56.0.2924.87 Safari/537.36"
94.72.101.21 - - [02/Nov/2024:19:38:13 +0000] "GET /docs/readme/dist/swagger.json HTTP/1.1" 404 564 "-" "Mozilla/5.0 (Macintosh; Intel Mac OS X 10_12_3) AppleWebKit/537.36 (KHTML, like Gecko) Chrome/56.0.2924.87 Safari/537.36"
94.72.101.21 - - [02/Nov/2024:19:38:13 +0000] "GET /microservices/user-service/src/README.md HTTP/1.1" 404 564 "-" "Mozilla/5.0 (Macintosh; Intel Mac OS X 10_12_3) AppleWebKit/537.36 (KHTML, like Gecko) Chrome/56.0.2924.87 Safari/537.36"
94.72.101.21 - - [02/Nov/2024:19:38:13 +0000] "GET /backend/nestjs/v1/config.json HTTP/1.1" 404 564 "-" "Mozilla/5.0 (Macintosh; Intel Mac OS X 10_12_3) AppleWebKit/537.36 (KHTML, like Gecko) Chrome/56.0.2924.87 Safari/537.36"
94.72.101.21 - - [02/Nov/2024:19:38:13 +0000] "GET /compliance/reports/v2/policy.json HTTP/1.1" 404 564 "-" "Mozilla/5.0 (Macintosh; Intel Mac OS X 10_12_3) AppleWebKit/537.36 (KHTML, like Gecko) Chrome/56.0.2924.87 Safari/537.36"
94.72.101.21 - - [02/Nov/2024:19:38:14 +0000] "GET /security/vault/src/Dockerfile HTTP/1.1" 404 564 "-" "Mozilla/5.0 (Macintosh; Intel Mac OS X 10_12_3) AppleWebKit/537.36 (KHTML, like Gecko) Chrome/56.0.2924.87 Safari/537.36"
94.72.101.21 - - [02/Nov/2024:19:38:14 +0000] "GET /microservices/inventory/src/schema.sql HTTP/1.1" 404 564 "-" "Mozilla/5.0 (Macintosh; Intel Mac OS X 10_12_3) AppleWebKit/537.36 (KHTML, like Gecko) Chrome/56.0.2924.87 Safari/537.36"
94.72.101.21 - - [02/Nov/2024:19:38:14 +0000] "GET /microservices/inventory/dev/Dockerfile HTTP/1.1" 404 564 "-" "Mozilla/5.0 (Macintosh; Intel Mac OS X 10_12_3) AppleWebKit/537.36 (KHTML, like Gecko) Chrome/56.0.2924.87 Safari/537.36"
94.72.101.21 - - [02/Nov/2024:19:38:14 +0000] "GET /frontend/react-app/v1/index.js HTTP/1.1" 404 564 "-" "Mozilla/5.0 (Macintosh; Intel Mac OS X 10_12_3) AppleWebKit/537.36 (KHTML, like Gecko) Chrome/56.0.2924.87 Safari/537.36"
94.72.101.21 - - [02/Nov/2024:19:38:14 +0000] "GET /ml/models/v1/policy.json HTTP/1.1" 404 564 "-" "Mozilla/5.0 (Macintosh; Intel Mac OS X 10_12_3) AppleWebKit/537.36 (KHTML, like Gecko) Chrome/56.0.2924.87 Safari/537.36"
94.72.101.21 - - [02/Nov/2024:19:38:14 +0000] "GET /config/azure/src/README.md HTTP/1.1" 404 564 "-" "Mozilla/5.0 (Macintosh; Intel Mac OS X 10_12_3) AppleWebKit/537.36 (KHTML, like Gecko) Chrome/56.0.2924.87 Safari/537.36"
94.72.101.21 - - [02/Nov/2024:19:38:15 +0000] "GET /secrets/dist/swagger.json HTTP/1.1" 404 564 "-" "Mozilla/5.0 (Macintosh; Intel Mac OS X 10_12_3) AppleWebKit/537.36 (KHTML, like Gecko) Chrome/56.0.2924.87 Safari/537.36"
94.72.101.21 - - [02/Nov/2024:19:38:15 +0000] "GET /ci-cd/github/dev/main.js HTTP/1.1" 404 564 "-" "Mozilla/5.0 (Macintosh; Intel Mac OS X 10_12_3) AppleWebKit/537.36 (KHTML, like Gecko) Chrome/56.0.2924.87 Safari/537.36"
94.72.101.21 - - [02/Nov/2024:19:38:15 +0000] "GET /integrations/slack/src/policy.json HTTP/1.1" 404 564 "-" "Mozilla/5.0 (Macintosh; Intel Mac OS X 10_12_3) AppleWebKit/537.36 (KHTML, like Gecko) Chrome/56.0.2924.87 Safari/537.36"
94.72.101.21 - - [02/Nov/2024:19:38:15 +0000] "GET /ci-cd/gitlab/v1/requirements.txt HTTP/1.1" 404 564 "-" "Mozilla/5.0 (Macintosh; Intel Mac OS X 10_12_3) AppleWebKit/537.36 (KHTML, like Gecko) Chrome/56.0.2924.87 Safari/537.36"
94.72.101.21 - - [02/Nov/2024:19:38:16 +0000] "GET /config/aws/v1/index.js HTTP/1.1" 404 564 "-" "Mozilla/5.0 (Macintosh; Intel Mac OS X 10_12_3) AppleWebKit/537.36 (KHTML, like Gecko) Chrome/56.0.2924.87 Safari/537.36"
94.72.101.21 - - [02/Nov/2024:19:38:16 +0000] "GET /ci-cd/gitlab/dev/config.json HTTP/1.1" 404 564 "-" "Mozilla/5.0 (Macintosh; Intel Mac OS X 10_12_3) AppleWebKit/537.36 (KHTML, like Gecko) Chrome/56.0.2924.87 Safari/537.36"
94.72.101.21 - - [02/Nov/2024:19:38:16 +0000] "GET /frontend/vue-app/dev/app.py HTTP/1.1" 404 564 "-" "Mozilla/5.0 (Macintosh; Intel Mac OS X 10_12_3) AppleWebKit/537.36 (KHTML, like Gecko) Chrome/56.0.2924.87 Safari/537.36"
94.72.101.21 - - [02/Nov/2024:19:38:17 +0000] "GET /config/database/prod/index.js HTTP/1.1" 404 564 "-" "Mozilla/5.0 (Macintosh; Intel Mac OS X 10_12_3) AppleWebKit/537.36 (KHTML, like Gecko) Chrome/56.0.2924.87 Safari/537.36"
94.72.101.21 - - [02/Nov/2024:19:38:17 +0000] "GET /config/database/src/deployment.yaml HTTP/1.1" 404 564 "-" "Mozilla/5.0 (Macintosh; Intel Mac OS X 10_12_3) AppleWebKit/537.36 (KHTML, like Gecko) Chrome/56.0.2924.87 Safari/537.36"
94.72.101.21 - - [02/Nov/2024:19:38:17 +0000] "GET /integrations/stripe/prod/index.js HTTP/1.1" 404 564 "-" "Mozilla/5.0 (Macintosh; Intel Mac OS X 10_12_3) AppleWebKit/537.36 (KHTML, like Gecko) Chrome/56.0.2924.87 Safari/537.36"
94.72.101.21 - - [02/Nov/2024:19:38:17 +0000] "GET /microservices/inventory/prod/Dockerfile HTTP/1.1" 404 564 "-" "Mozilla/5.0 (Macintosh; Intel Mac OS X 10_12_3) AppleWebKit/537.36 (KHTML, like Gecko) Chrome/56.0.2924.87 Safari/537.36"
94.72.101.21 - - [02/Nov/2024:19:38:17 +0000] "GET /audit/logs/dev/secrets.env HTTP/1.1" 404 564 "-" "Mozilla/5.0 (Macintosh; Intel Mac OS X 10_12_3) AppleWebKit/537.36 (KHTML, like Gecko) Chrome/56.0.2924.87 Safari/537.36"
94.72.101.21 - - [02/Nov/2024:19:38:18 +0000] "GET /config/database/prod/config.json HTTP/1.1" 404 564 "-" "Mozilla/5.0 (Macintosh; Intel Mac OS X 10_12_3) AppleWebKit/537.36 (KHTML, like Gecko) Chrome/56.0.2924.87 Safari/537.36"
94.72.101.21 - - [02/Nov/2024:19:38:18 +0000] "GET /backend/fastapi/src/requirements.txt HTTP/1.1" 404 564 "-" "Mozilla/5.0 (Macintosh; Intel Mac OS X 10_12_3) AppleWebKit/537.36 (KHTML, like Gecko) Chrome/56.0.2924.87 Safari/537.36"
94.72.101.21 - - [02/Nov/2024:19:38:18 +0000] "GET /docs/api_v2/dev/.env HTTP/1.1" 404 564 "-" "Mozilla/5.0 (Macintosh; Intel Mac OS X 10_12_3) AppleWebKit/537.36 (KHTML, like Gecko) Chrome/56.0.2924.87 Safari/537.36"
94.72.101.21 - - [02/Nov/2024:19:38:19 +0000] "GET /data_sources/dist/main.js HTTP/1.1" 404 564 "-" "Mozilla/5.0 (Macintosh; Intel Mac OS X 10_12_3) AppleWebKit/537.36 (KHTML, like Gecko) Chrome/56.0.2924.87 Safari/537.36"
94.72.101.21 - - [02/Nov/2024:19:38:19 +0000] "GET /config/aws/dist/deployment.yaml HTTP/1.1" 404 564 "-" "Mozilla/5.0 (Macintosh; Intel Mac OS X 10_12_3) AppleWebKit/537.36 (KHTML, like Gecko) Chrome/56.0.2924.87 Safari/537.36"
94.72.101.21 - - [02/Nov/2024:19:38:19 +0000] "GET /audit/logs/src/secrets.env HTTP/1.1" 404 564 "-" "Mozilla/5.0 (Macintosh; Intel Mac OS X 10_12_3) AppleWebKit/537.36 (KHTML, like Gecko) Chrome/56.0.2924.87 Safari/537.36"
94.72.101.21 - - [02/Nov/2024:19:38:19 +0000] "GET /docs/readme/dist/setup.py HTTP/1.1" 404 564 "-" "Mozilla/5.0 (Macintosh; Intel Mac OS X 10_12_3) AppleWebKit/537.36 (KHTML, like Gecko) Chrome/56.0.2924.87 Safari/537.36"
94.72.101.21 - - [02/Nov/2024:19:38:19 +0000] "GET /microservices/payment-service/dist/swagger.json HTTP/1.1" 404 564 "-" "Mozilla/5.0 (Macintosh; Intel Mac OS X 10_12_3) AppleWebKit/537.36 (KHTML, like Gecko) Chrome/56.0.2924.87 Safari/537.36"
94.72.101.21 - - [02/Nov/2024:19:38:20 +0000] "GET /microservices/user-service/dist/README.md HTTP/1.1" 404 564 "-" "Mozilla/5.0 (Macintosh; Intel Mac OS X 10_12_3) AppleWebKit/537.36 (KHTML, like Gecko) Chrome/56.0.2924.87 Safari/537.36"
94.72.101.21 - - [02/Nov/2024:19:38:20 +0000] "GET /docs/readme/src/main.js HTTP/1.1" 404 564 "-" "Mozilla/5.0 (Macintosh; Intel Mac OS X 10_12_3) AppleWebKit/537.36 (KHTML, like Gecko) Chrome/56.0.2924.87 Safari/537.36"
94.72.101.21 - - [02/Nov/2024:19:38:20 +0000] "GET /backend/nestjs/v1/variables.tf HTTP/1.1" 404 564 "-" "Mozilla/5.0 (Macintosh; Intel Mac OS X 10_12_3) AppleWebKit/537.36 (KHTML, like Gecko) Chrome/56.0.2924.87 Safari/537.36"
94.72.101.21 - - [02/Nov/2024:19:38:20 +0000] "GET /frontend/svelte-app/v1/setup.py HTTP/1.1" 404 564 "-" "Mozilla/5.0 (Macintosh; Intel Mac OS X 10_12_3) AppleWebKit/537.36 (KHTML, like Gecko) Chrome/56.0.2924.87 Safari/537.36"
94.72.101.21 - - [02/Nov/2024:19:38:20 +0000] "GET /config/env/prod/setup.py HTTP/1.1" 404 564 "-" "Mozilla/5.0 (Macintosh; Intel Mac OS X 10_12_3) AppleWebKit/537.36 (KHTML, like Gecko) Chrome/56.0.2924.87 Safari/537.36"
94.72.101.21 - - [02/Nov/2024:19:38:20 +0000] "GET /k8s/dev/.env HTTP/1.1" 404 564 "-" "Mozilla/5.0 (Macintosh; Intel Mac OS X 10_12_3) AppleWebKit/537.36 (KHTML, like Gecko) Chrome/56.0.2924.87 Safari/537.36"
94.72.101.21 - - [02/Nov/2024:19:38:21 +0000] "GET /microservices/inventory/dev/requirements.txt HTTP/1.1" 404 564 "-" "Mozilla/5.0 (Macintosh; Intel Mac OS X 10_12_3) AppleWebKit/537.36 (KHTML, like Gecko) Chrome/56.0.2924.87 Safari/537.36"
94.72.101.21 - - [02/Nov/2024:19:38:21 +0000] "GET /ci-cd/gitlab/v1/setup.py HTTP/1.1" 404 564 "-" "Mozilla/5.0 (Macintosh; Intel Mac OS X 10_12_3) AppleWebKit/537.36 (KHTML, like Gecko) Chrome/56.0.2924.87 Safari/537.36"
94.72.101.21 - - [02/Nov/2024:19:38:21 +0000] "GET /config/aws/dev/deployment.yaml HTTP/1.1" 404 564 "-" "Mozilla/5.0 (Macintosh; Intel Mac OS X 10_12_3) AppleWebKit/537.36 (KHTML, like Gecko) Chrome/56.0.2924.87 Safari/537.36"
94.72.101.21 - - [02/Nov/2024:19:38:21 +0000] "GET /frontend/svelte-app/src/service.yaml HTTP/1.1" 404 564 "-" "Mozilla/5.0 (Macintosh; Intel Mac OS X 10_12_3) AppleWebKit/537.36 (KHTML, like Gecko) Chrome/56.0.2924.87 Safari/537.36"
94.72.101.21 - - [02/Nov/2024:19:38:21 +0000] "GET /integrations/twilio/prod/README.md HTTP/1.1" 404 564 "-" "Mozilla/5.0 (Macintosh; Intel Mac OS X 10_12_3) AppleWebKit/537.36 (KHTML, like Gecko) Chrome/56.0.2924.87 Safari/537.36"
94.72.101.21 - - [02/Nov/2024:19:38:21 +0000] "GET /config/database/dist/config.json HTTP/1.1" 404 564 "-" "Mozilla/5.0 (Macintosh; Intel Mac OS X 10_12_3) AppleWebKit/537.36 (KHTML, like Gecko) Chrome/56.0.2924.87 Safari/537.36"
94.72.101.21 - - [02/Nov/2024:19:38:22 +0000] "GET /integrations/slack/v2/deployment.yaml HTTP/1.1" 404 564 "-" "Mozilla/5.0 (Macintosh; Intel Mac OS X 10_12_3) AppleWebKit/537.36 (KHTML, like Gecko) Chrome/56.0.2924.87 Safari/537.36"
94.72.101.21 - - [02/Nov/2024:19:38:22 +0000] "GET /integrations/stripe/prod/variables.tf HTTP/1.1" 404 564 "-" "Mozilla/5.0 (Macintosh; Intel Mac OS X 10_12_3) AppleWebKit/537.36 (KHTML, like Gecko) Chrome/56.0.2924.87 Safari/537.36"
94.72.101.21 - - [02/Nov/2024:19:38:22 +0000] "GET /terraform/environments/prod/dist/Dockerfile HTTP/1.1" 404 564 "-" "Mozilla/5.0 (Macintosh; Intel Mac OS X 10_12_3) AppleWebKit/537.36 (KHTML, like Gecko) Chrome/56.0.2924.87 Safari/537.36"
94.72.101.21 - - [02/Nov/2024:19:38:22 +0000] "GET /config/aws/v2/README.md HTTP/1.1" 404 564 "-" "Mozilla/5.0 (Macintosh; Intel Mac OS X 10_12_3) AppleWebKit/537.36 (KHTML, like Gecko) Chrome/56.0.2924.87 Safari/537.36"
94.72.101.21 - - [02/Nov/2024:19:38:22 +0000] "GET /ml/models/src/schema.sql HTTP/1.1" 404 564 "-" "Mozilla/5.0 (Macintosh; Intel Mac OS X 10_12_3) AppleWebKit/537.36 (KHTML, like Gecko) Chrome/56.0.2924.87 Safari/537.36"
94.72.101.21 - - [02/Nov/2024:19:38:22 +0000] "GET /data/etl_jobs/dist/policy.json HTTP/1.1" 404 564 "-" "Mozilla/5.0 (Macintosh; Intel Mac OS X 10_12_3) AppleWebKit/537.36 (KHTML, like Gecko) Chrome/56.0.2924.87 Safari/537.36"
94.72.101.21 - - [02/Nov/2024:19:38:23 +0000] "GET /docs/api_v2/v2/swagger.json HTTP/1.1" 404 564 "-" "Mozilla/5.0 (Macintosh; Intel Mac OS X 10_12_3) AppleWebKit/537.36 (KHTML, like Gecko) Chrome/56.0.2924.87 Safari/537.36"
94.72.101.21 - - [02/Nov/2024:19:38:23 +0000] "GET /data/etl_jobs/v1/service.yaml HTTP/1.1" 404 564 "-" "Mozilla/5.0 (Macintosh; Intel Mac OS X 10_12_3) AppleWebKit/537.36 (KHTML, like Gecko) Chrome/56.0.2924.87 Safari/537.36"
94.72.101.21 - - [02/Nov/2024:19:38:23 +0000] "GET /data/etl_jobs/prod/schema.sql HTTP/1.1" 404 564 "-" "Mozilla/5.0 (Macintosh; Intel Mac OS X 10_12_3) AppleWebKit/537.36 (KHTML, like Gecko) Chrome/56.0.2924.87 Safari/537.36"
94.72.101.21 - - [02/Nov/2024:19:38:23 +0000] "GET /microservices/inventory/prod/secrets.env HTTP/1.1" 404 564 "-" "Mozilla/5.0 (Macintosh; Intel Mac OS X 10_12_3) AppleWebKit/537.36 (KHTML, like Gecko) Chrome/56.0.2924.87 Safari/537.36"
94.72.101.21 - - [02/Nov/2024:19:38:23 +0000] "GET /backend/nestjs/prod/secrets.env HTTP/1.1" 404 564 "-" "Mozilla/5.0 (Macintosh; Intel Mac OS X 10_12_3) AppleWebKit/537.36 (KHTML, like Gecko) Chrome/56.0.2924.87 Safari/537.36"
94.72.101.21 - - [02/Nov/2024:19:38:23 +0000] "GET /config/database/v2/service.yaml HTTP/1.1" 404 564 "-" "Mozilla/5.0 (Macintosh; Intel Mac OS X 10_12_3) AppleWebKit/537.36 (KHTML, like Gecko) Chrome/56.0.2924.87 Safari/537.36"
94.72.101.21 - - [02/Nov/2024:19:38:24 +0000] "GET /microservices/payment-service/v1/index.js HTTP/1.1" 404 564 "-" "Mozilla/5.0 (Macintosh; Intel Mac OS X 10_12_3) AppleWebKit/537.36 (KHTML, like Gecko) Chrome/56.0.2924.87 Safari/537.36"
94.72.101.21 - - [02/Nov/2024:19:38:24 +0000] "GET /data/etl_jobs/dist/main.js HTTP/1.1" 404 564 "-" "Mozilla/5.0 (Macintosh; Intel Mac OS X 10_12_3) AppleWebKit/537.36 (KHTML, like Gecko) Chrome/56.0.2924.87 Safari/537.36"
94.72.101.21 - - [02/Nov/2024:19:38:24 +0000] "GET /frontend/vue-app/src/secrets.env HTTP/1.1" 404 564 "-" "Mozilla/5.0 (Macintosh; Intel Mac OS X 10_12_3) AppleWebKit/537.36 (KHTML, like Gecko) Chrome/56.0.2924.87 Safari/537.36"
94.72.101.21 - - [02/Nov/2024:19:38:25 +0000] "GET /compliance/reports/dist/deployment.yaml HTTP/1.1" 404 564 "-" "Mozilla/5.0 (Macintosh; Intel Mac OS X 10_12_3) AppleWebKit/537.36 (KHTML, like Gecko) Chrome/56.0.2924.87 Safari/537.36"
94.72.101.21 - - [02/Nov/2024:19:38:26 +0000] "GET /documentation/architecture/v2/Dockerfile HTTP/1.1" 404 564 "-" "Mozilla/5.0 (Macintosh; Intel Mac OS X 10_12_3) AppleWebKit/537.36 (KHTML, like Gecko) Chrome/56.0.2924.87 Safari/537.36"
94.72.101.21 - - [02/Nov/2024:19:38:26 +0000] "GET /backend/fastapi/dev/requirements.txt HTTP/1.1" 404 564 "-" "Mozilla/5.0 (Macintosh; Intel Mac OS X 10_12_3) AppleWebKit/537.36 (KHTML, like Gecko) Chrome/56.0.2924.87 Safari/537.36"
94.72.101.21 - - [02/Nov/2024:19:38:26 +0000] "GET /microservices/inventory/dev/main.js HTTP/1.1" 404 564 "-" "Mozilla/5.0 (Macintosh; Intel Mac OS X 10_12_3) AppleWebKit/537.36 (KHTML, like Gecko) Chrome/56.0.2924.87 Safari/537.36"
94.72.101.21 - - [02/Nov/2024:19:38:26 +0000] "GET /ci-cd/github/v1/swagger.json HTTP/1.1" 404 564 "-" "Mozilla/5.0 (Macintosh; Intel Mac OS X 10_12_3) AppleWebKit/537.36 (KHTML, like Gecko) Chrome/56.0.2924.87 Safari/537.36"
94.72.101.21 - - [02/Nov/2024:19:38:27 +0000] "GET /microservices/user-service/src/service.yaml HTTP/1.1" 404 564 "-" "Mozilla/5.0 (Macintosh; Intel Mac OS X 10_12_3) AppleWebKit/537.36 (KHTML, like Gecko) Chrome/56.0.2924.87 Safari/537.36"
94.72.101.21 - - [02/Nov/2024:19:38:27 +0000] "GET /microservices/payment-service/prod/setup.py HTTP/1.1" 404 564 "-" "Mozilla/5.0 (Macintosh; Intel Mac OS X 10_12_3) AppleWebKit/537.36 (KHTML, like Gecko) Chrome/56.0.2924.87 Safari/537.36"
94.72.101.21 - - [02/Nov/2024:19:38:27 +0000] "GET /data_sources/dist/setup.py HTTP/1.1" 404 564 "-" "Mozilla/5.0 (Macintosh; Intel Mac OS X 10_12_3) AppleWebKit/537.36 (KHTML, like Gecko) Chrome/56.0.2924.87 Safari/537.36"
94.72.101.21 - - [02/Nov/2024:19:38:27 +0000] "GET /compliance/reports/src/secrets.env HTTP/1.1" 404 564 "-" "Mozilla/5.0 (Macintosh; Intel Mac OS X 10_12_3) AppleWebKit/537.36 (KHTML, like Gecko) Chrome/56.0.2924.87 Safari/537.36"
94.72.101.21 - - [02/Nov/2024:19:38:27 +0000] "GET /data_sources/src/deployment.yaml HTTP/1.1" 404 564 "-" "Mozilla/5.0 (Macintosh; Intel Mac OS X 10_12_3) AppleWebKit/537.36 (KHTML, like Gecko) Chrome/56.0.2924.87 Safari/537.36"
94.72.101.21 - - [02/Nov/2024:19:38:27 +0000] "GET /frontend/nextjs/v2/policy.json HTTP/1.1" 404 564 "-" "Mozilla/5.0 (Macintosh; Intel Mac OS X 10_12_3) AppleWebKit/537.36 (KHTML, like Gecko) Chrome/56.0.2924.87 Safari/537.36"
94.72.101.21 - - [02/Nov/2024:19:38:28 +0000] "GET /config/azure/dev/README.md HTTP/1.1" 404 564 "-" "Mozilla/5.0 (Macintosh; Intel Mac OS X 10_12_3) AppleWebKit/537.36 (KHTML, like Gecko) Chrome/56.0.2924.87 Safari/537.36"
94.72.101.21 - - [02/Nov/2024:19:38:28 +0000] "GET /compliance/reports/dev/index.js HTTP/1.1" 404 564 "-" "Mozilla/5.0 (Macintosh; Intel Mac OS X 10_12_3) AppleWebKit/537.36 (KHTML, like Gecko) Chrome/56.0.2924.87 Safari/537.36"
94.72.101.21 - - [02/Nov/2024:19:38:28 +0000] "GET /integrations/stripe/v2/README.md HTTP/1.1" 404 564 "-" "Mozilla/5.0 (Macintosh; Intel Mac OS X 10_12_3) AppleWebKit/537.36 (KHTML, like Gecko) Chrome/56.0.2924.87 Safari/537.36"
94.72.101.21 - - [02/Nov/2024:19:38:29 +0000] "GET /docs/readme/v1/app.py HTTP/1.1" 404 564 "-" "Mozilla/5.0 (Macintosh; Intel Mac OS X 10_12_3) AppleWebKit/537.36 (KHTML, like Gecko) Chrome/56.0.2924.87 Safari/537.36"
94.72.101.21 - - [02/Nov/2024:19:38:29 +0000] "GET /secrets/v2/setup.py HTTP/1.1" 404 564 "-" "Mozilla/5.0 (Macintosh; Intel Mac OS X 10_12_3) AppleWebKit/537.36 (KHTML, like Gecko) Chrome/56.0.2924.87 Safari/537.36"
94.72.101.21 - - [02/Nov/2024:19:38:29 +0000] "GET /integrations/stripe/dev/.env HTTP/1.1" 404 564 "-" "Mozilla/5.0 (Macintosh; Intel Mac OS X 10_12_3) AppleWebKit/537.36 (KHTML, like Gecko) Chrome/56.0.2924.87 Safari/537.36"
94.72.101.21 - - [02/Nov/2024:19:38:29 +0000] "GET /ci-cd/gitlab/dev/service.yaml HTTP/1.1" 404 564 "-" "Mozilla/5.0 (Macintosh; Intel Mac OS X 10_12_3) AppleWebKit/537.36 (KHTML, like Gecko) Chrome/56.0.2924.87 Safari/537.36"
94.72.101.21 - - [02/Nov/2024:19:38:30 +0000] "GET /docs/api_v2/src/service.yaml HTTP/1.1" 404 564 "-" "Mozilla/5.0 (Macintosh; Intel Mac OS X 10_12_3) AppleWebKit/537.36 (KHTML, like Gecko) Chrome/56.0.2924.87 Safari/537.36"
94.72.101.21 - - [02/Nov/2024:19:38:30 +0000] "GET /audit/logs/prod/.env HTTP/1.1" 404 564 "-" "Mozilla/5.0 (Macintosh; Intel Mac OS X 10_12_3) AppleWebKit/537.36 (KHTML, like Gecko) Chrome/56.0.2924.87 Safari/537.36"
94.72.101.21 - - [02/Nov/2024:19:38:30 +0000] "GET /config/env/v1/setup.py HTTP/1.1" 404 564 "-" "Mozilla/5.0 (Macintosh; Intel Mac OS X 10_12_3) AppleWebKit/537.36 (KHTML, like Gecko) Chrome/56.0.2924.87 Safari/537.36"
94.72.101.21 - - [02/Nov/2024:19:38:30 +0000] "GET /compliance/reports/dist/index.js HTTP/1.1" 404 564 "-" "Mozilla/5.0 (Macintosh; Intel Mac OS X 10_12_3) AppleWebKit/537.36 (KHTML, like Gecko) Chrome/56.0.2924.87 Safari/537.36"
94.72.101.21 - - [02/Nov/2024:19:38:30 +0000] "GET /documentation/architecture/v1/schema.sql HTTP/1.1" 404 564 "-" "Mozilla/5.0 (Macintosh; Intel Mac OS X 10_12_3) AppleWebKit/537.36 (KHTML, like Gecko) Chrome/56.0.2924.87 Safari/537.36"
94.72.101.21 - - [02/Nov/2024:19:38:30 +0000] "GET /docs/readme/dev/Dockerfile HTTP/1.1" 404 564 "-" "Mozilla/5.0 (Macintosh; Intel Mac OS X 10_12_3) AppleWebKit/537.36 (KHTML, like Gecko) Chrome/56.0.2924.87 Safari/537.36"
94.72.101.21 - - [02/Nov/2024:19:38:31 +0000] "GET /ml/models/v1/index.js HTTP/1.1" 404 564 "-" "Mozilla/5.0 (Macintosh; Intel Mac OS X 10_12_3) AppleWebKit/537.36 (KHTML, like Gecko) Chrome/56.0.2924.87 Safari/537.36"
94.72.101.21 - - [02/Nov/2024:19:38:31 +0000] "GET /backend/koa/dist/requirements.txt HTTP/1.1" 404 564 "-" "Mozilla/5.0 (Macintosh; Intel Mac OS X 10_12_3) AppleWebKit/537.36 (KHTML, like Gecko) Chrome/56.0.2924.87 Safari/537.36"
94.72.101.21 - - [02/Nov/2024:19:38:31 +0000] "GET /integrations/stripe/v2/Dockerfile HTTP/1.1" 404 564 "-" "Mozilla/5.0 (Macintosh; Intel Mac OS X 10_12_3) AppleWebKit/537.36 (KHTML, like Gecko) Chrome/56.0.2924.87 Safari/537.36"
94.72.101.21 - - [02/Nov/2024:19:38:31 +0000] "GET /frontend/react-app/prod/service.yaml HTTP/1.1" 404 564 "-" "Mozilla/5.0 (Macintosh; Intel Mac OS X 10_12_3) AppleWebKit/537.36 (KHTML, like Gecko) Chrome/56.0.2924.87 Safari/537.36"
94.72.101.21 - - [02/Nov/2024:19:38:31 +0000] "GET /config/azure/prod/schema.sql HTTP/1.1" 404 564 "-" "Mozilla/5.0 (Macintosh; Intel Mac OS X 10_12_3) AppleWebKit/537.36 (KHTML, like Gecko) Chrome/56.0.2924.87 Safari/537.36"
94.72.101.21 - - [02/Nov/2024:19:38:31 +0000] "GET /ci-cd/gitlab/prod/variables.tf HTTP/1.1" 404 564 "-" "Mozilla/5.0 (Macintosh; Intel Mac OS X 10_12_3) AppleWebKit/537.36 (KHTML, like Gecko) Chrome/56.0.2924.87 Safari/537.36"
94.72.101.21 - - [02/Nov/2024:19:38:32 +0000] "GET /config/database/src/variables.tf HTTP/1.1" 404 564 "-" "Mozilla/5.0 (Macintosh; Intel Mac OS X 10_12_3) AppleWebKit/537.36 (KHTML, like Gecko) Chrome/56.0.2924.87 Safari/537.36"
94.72.101.21 - - [02/Nov/2024:19:38:32 +0000] "GET /microservices/inventory/src/policy.json HTTP/1.1" 404 564 "-" "Mozilla/5.0 (Macintosh; Intel Mac OS X 10_12_3) AppleWebKit/537.36 (KHTML, like Gecko) Chrome/56.0.2924.87 Safari/537.36"
94.72.101.21 - - [02/Nov/2024:19:38:32 +0000] "GET /pipelines/dataflow/dist/app.py HTTP/1.1" 404 564 "-" "Mozilla/5.0 (Macintosh; Intel Mac OS X 10_12_3) AppleWebKit/537.36 (KHTML, like Gecko) Chrome/56.0.2924.87 Safari/537.36"
94.72.101.21 - - [02/Nov/2024:19:38:32 +0000] "GET /backend/nestjs/dev/.env HTTP/1.1" 404 564 "-" "Mozilla/5.0 (Macintosh; Intel Mac OS X 10_12_3) AppleWebKit/537.36 (KHTML, like Gecko) Chrome/56.0.2924.87 Safari/537.36"
94.72.101.21 - - [02/Nov/2024:19:38:32 +0000] "GET /microservices/user-service/v2/config.json HTTP/1.1" 404 564 "-" "Mozilla/5.0 (Macintosh; Intel Mac OS X 10_12_3) AppleWebKit/537.36 (KHTML, like Gecko) Chrome/56.0.2924.87 Safari/537.36"
94.72.101.21 - - [02/Nov/2024:19:38:33 +0000] "GET /backend/express/dev/index.js HTTP/1.1" 404 564 "-" "Mozilla/5.0 (Macintosh; Intel Mac OS X 10_12_3) AppleWebKit/537.36 (KHTML, like Gecko) Chrome/56.0.2924.87 Safari/537.36"
94.72.101.21 - - [02/Nov/2024:19:38:33 +0000] "GET /terraform/environments/prod/v1/schema.sql HTTP/1.1" 404 564 "-" "Mozilla/5.0 (Macintosh; Intel Mac OS X 10_12_3) AppleWebKit/537.36 (KHTML, like Gecko) Chrome/56.0.2924.87 Safari/537.36"
94.72.101.21 - - [02/Nov/2024:19:38:33 +0000] "GET /ci-cd/github/prod/.env HTTP/1.1" 404 564 "-" "Mozilla/5.0 (Macintosh; Intel Mac OS X 10_12_3) AppleWebKit/537.36 (KHTML, like Gecko) Chrome/56.0.2924.87 Safari/537.36"
94.72.101.21 - - [02/Nov/2024:19:38:33 +0000] "GET /frontend/react-app/v1/Dockerfile HTTP/1.1" 404 564 "-" "Mozilla/5.0 (Macintosh; Intel Mac OS X 10_12_3) AppleWebKit/537.36 (KHTML, like Gecko) Chrome/56.0.2924.87 Safari/537.36"
94.72.101.21 - - [02/Nov/2024:19:38:34 +0000] "GET /pipelines/dataflow/dist/secrets.env HTTP/1.1" 404 564 "-" "Mozilla/5.0 (Macintosh; Intel Mac OS X 10_12_3) AppleWebKit/537.36 (KHTML, like Gecko) Chrome/56.0.2924.87 Safari/537.36"
94.72.101.21 - - [02/Nov/2024:19:38:34 +0000] "GET /frontend/vue-app/dev/.env HTTP/1.1" 404 564 "-" "Mozilla/5.0 (Macintosh; Intel Mac OS X 10_12_3) AppleWebKit/537.36 (KHTML, like Gecko) Chrome/56.0.2924.87 Safari/537.36"
94.72.101.21 - - [02/Nov/2024:19:38:34 +0000] "GET /audit/logs/dist/secrets.env HTTP/1.1" 404 564 "-" "Mozilla/5.0 (Macintosh; Intel Mac OS X 10_12_3) AppleWebKit/537.36 (KHTML, like Gecko) Chrome/56.0.2924.87 Safari/537.36"
94.72.101.21 - - [02/Nov/2024:19:38:34 +0000] "GET /pipelines/dataflow/dist/config.json HTTP/1.1" 404 564 "-" "Mozilla/5.0 (Macintosh; Intel Mac OS X 10_12_3) AppleWebKit/537.36 (KHTML, like Gecko) Chrome/56.0.2924.87 Safari/537.36"
94.72.101.21 - - [02/Nov/2024:19:38:35 +0000] "GET /microservices/payment-service/v1/schema.sql HTTP/1.1" 404 564 "-" "Mozilla/5.0 (Macintosh; Intel Mac OS X 10_12_3) AppleWebKit/537.36 (KHTML, like Gecko) Chrome/56.0.2924.87 Safari/537.36"
94.72.101.21 - - [02/Nov/2024:19:38:35 +0000] "GET /ci-cd/gitlab/dev/swagger.json HTTP/1.1" 404 564 "-" "Mozilla/5.0 (Macintosh; Intel Mac OS X 10_12_3) AppleWebKit/537.36 (KHTML, like Gecko) Chrome/56.0.2924.87 Safari/537.36"
94.72.101.21 - - [02/Nov/2024:19:38:35 +0000] "GET /backend/fastapi/v1/requirements.txt HTTP/1.1" 404 564 "-" "Mozilla/5.0 (Macintosh; Intel Mac OS X 10_12_3) AppleWebKit/537.36 (KHTML, like Gecko) Chrome/56.0.2924.87 Safari/537.36"
94.72.101.21 - - [02/Nov/2024:19:38:35 +0000] "GET /docs/readme/v1/service.yaml HTTP/1.1" 404 564 "-" "Mozilla/5.0 (Macintosh; Intel Mac OS X 10_12_3) AppleWebKit/537.36 (KHTML, like Gecko) Chrome/56.0.2924.87 Safari/537.36"
94.72.101.21 - - [02/Nov/2024:19:38:35 +0000] "GET /frontend/react-app/v2/main.js HTTP/1.1" 404 564 "-" "Mozilla/5.0 (Macintosh; Intel Mac OS X 10_12_3) AppleWebKit/537.36 (KHTML, like Gecko) Chrome/56.0.2924.87 Safari/537.36"
94.72.101.21 - - [02/Nov/2024:19:38:35 +0000] "GET /integrations/stripe/src/deployment.yaml HTTP/1.1" 404 564 "-" "Mozilla/5.0 (Macintosh; Intel Mac OS X 10_12_3) AppleWebKit/537.36 (KHTML, like Gecko) Chrome/56.0.2924.87 Safari/537.36"
94.72.101.21 - - [02/Nov/2024:19:38:36 +0000] "GET /ci-cd/github/dist/main.js HTTP/1.1" 404 564 "-" "Mozilla/5.0 (Macintosh; Intel Mac OS X 10_12_3) AppleWebKit/537.36 (KHTML, like Gecko) Chrome/56.0.2924.87 Safari/537.36"
94.72.101.21 - - [02/Nov/2024:19:38:36 +0000] "GET /ml/models/dist/variables.tf HTTP/1.1" 404 564 "-" "Mozilla/5.0 (Macintosh; Intel Mac OS X 10_12_3) AppleWebKit/537.36 (KHTML, like Gecko) Chrome/56.0.2924.87 Safari/537.36"
94.72.101.21 - - [02/Nov/2024:19:38:36 +0000] "GET /ml/models/dev/app.py HTTP/1.1" 404 564 "-" "Mozilla/5.0 (Macintosh; Intel Mac OS X 10_12_3) AppleWebKit/537.36 (KHTML, like Gecko) Chrome/56.0.2924.87 Safari/537.36"
94.72.101.21 - - [02/Nov/2024:19:38:36 +0000] "GET /secrets/prod/config.json HTTP/1.1" 404 564 "-" "Mozilla/5.0 (Macintosh; Intel Mac OS X 10_12_3) AppleWebKit/537.36 (KHTML, like Gecko) Chrome/56.0.2924.87 Safari/537.36"
94.72.101.21 - - [02/Nov/2024:19:38:36 +0000] "GET /ci-cd/github/prod/README.md HTTP/1.1" 404 564 "-" "Mozilla/5.0 (Macintosh; Intel Mac OS X 10_12_3) AppleWebKit/537.36 (KHTML, like Gecko) Chrome/56.0.2924.87 Safari/537.36"
94.72.101.21 - - [02/Nov/2024:19:38:36 +0000] "GET /integrations/stripe/dev/deployment.yaml HTTP/1.1" 404 564 "-" "Mozilla/5.0 (Macintosh; Intel Mac OS X 10_12_3) AppleWebKit/537.36 (KHTML, like Gecko) Chrome/56.0.2924.87 Safari/537.36"
94.72.101.21 - - [02/Nov/2024:19:38:37 +0000] "GET /data_sources/dev/schema.sql HTTP/1.1" 404 564 "-" "Mozilla/5.0 (Macintosh; Intel Mac OS X 10_12_3) AppleWebKit/537.36 (KHTML, like Gecko) Chrome/56.0.2924.87 Safari/537.36"
94.72.101.21 - - [02/Nov/2024:19:38:38 +0000] "GET /security/vault/v1/setup.py HTTP/1.1" 404 564 "-" "Mozilla/5.0 (Macintosh; Intel Mac OS X 10_12_3) AppleWebKit/537.36 (KHTML, like Gecko) Chrome/56.0.2924.87 Safari/537.36"
94.72.101.21 - - [02/Nov/2024:19:38:38 +0000] "GET /documentation/architecture/prod/app.py HTTP/1.1" 404 564 "-" "Mozilla/5.0 (Macintosh; Intel Mac OS X 10_12_3) AppleWebKit/537.36 (KHTML, like Gecko) Chrome/56.0.2924.87 Safari/537.36"
94.72.101.21 - - [02/Nov/2024:19:38:38 +0000] "GET /audit/logs/dev/app.py HTTP/1.1" 404 564 "-" "Mozilla/5.0 (Macintosh; Intel Mac OS X 10_12_3) AppleWebKit/537.36 (KHTML, like Gecko) Chrome/56.0.2924.87 Safari/537.36"
94.72.101.21 - - [02/Nov/2024:19:38:38 +0000] "GET /microservices/inventory/dist/requirements.txt HTTP/1.1" 404 564 "-" "Mozilla/5.0 (Macintosh; Intel Mac OS X 10_12_3) AppleWebKit/537.36 (KHTML, like Gecko) Chrome/56.0.2924.87 Safari/537.36"
94.72.101.21 - - [02/Nov/2024:19:38:38 +0000] "GET /frontend/vue-app/dev/deployment.yaml HTTP/1.1" 404 564 "-" "Mozilla/5.0 (Macintosh; Intel Mac OS X 10_12_3) AppleWebKit/537.36 (KHTML, like Gecko) Chrome/56.0.2924.87 Safari/537.36"
94.72.101.21 - - [02/Nov/2024:19:38:39 +0000] "GET /microservices/payment-service/prod/requirements.txt HTTP/1.1" 404 564 "-" "Mozilla/5.0 (Macintosh; Intel Mac OS X 10_12_3) AppleWebKit/537.36 (KHTML, like Gecko) Chrome/56.0.2924.87 Safari/537.36"
94.72.101.21 - - [02/Nov/2024:19:38:39 +0000] "GET /ci-cd/gitlab/src/app.py HTTP/1.1" 404 564 "-" "Mozilla/5.0 (Macintosh; Intel Mac OS X 10_12_3) AppleWebKit/537.36 (KHTML, like Gecko) Chrome/56.0.2924.87 Safari/537.36"
94.72.101.21 - - [02/Nov/2024:19:38:39 +0000] "GET /config/env/dist/requirements.txt HTTP/1.1" 404 564 "-" "Mozilla/5.0 (Macintosh; Intel Mac OS X 10_12_3) AppleWebKit/537.36 (KHTML, like Gecko) Chrome/56.0.2924.87 Safari/537.36"
94.72.101.21 - - [02/Nov/2024:19:38:41 +0000] "GET /secrets/v1/swagger.json HTTP/1.1" 404 564 "-" "Mozilla/5.0 (Macintosh; Intel Mac OS X 10_12_3) AppleWebKit/537.36 (KHTML, like Gecko) Chrome/56.0.2924.87 Safari/537.36"
94.72.101.21 - - [02/Nov/2024:19:38:41 +0000] "GET /frontend/nextjs/dist/config.json HTTP/1.1" 404 564 "-" "Mozilla/5.0 (Macintosh; Intel Mac OS X 10_12_3) AppleWebKit/537.36 (KHTML, like Gecko) Chrome/56.0.2924.87 Safari/537.36"
94.72.101.21 - - [02/Nov/2024:19:38:41 +0000] "GET /k8s/v2/Dockerfile HTTP/1.1" 404 564 "-" "Mozilla/5.0 (Macintosh; Intel Mac OS X 10_12_3) AppleWebKit/537.36 (KHTML, like Gecko) Chrome/56.0.2924.87 Safari/537.36"
94.72.101.21 - - [02/Nov/2024:19:38:41 +0000] "GET /compliance/reports/v1/Dockerfile HTTP/1.1" 404 564 "-" "Mozilla/5.0 (Macintosh; Intel Mac OS X 10_12_3) AppleWebKit/537.36 (KHTML, like Gecko) Chrome/56.0.2924.87 Safari/537.36"
94.72.101.21 - - [02/Nov/2024:19:38:41 +0000] "GET /integrations/twilio/prod/requirements.txt HTTP/1.1" 404 564 "-" "Mozilla/5.0 (Macintosh; Intel Mac OS X 10_12_3) AppleWebKit/537.36 (KHTML, like Gecko) Chrome/56.0.2924.87 Safari/537.36"
94.72.101.21 - - [02/Nov/2024:19:38:42 +0000] "GET /backend/fastapi/v2/swagger.json HTTP/1.1" 404 564 "-" "Mozilla/5.0 (Macintosh; Intel Mac OS X 10_12_3) AppleWebKit/537.36 (KHTML, like Gecko) Chrome/56.0.2924.87 Safari/537.36"
94.72.101.21 - - [02/Nov/2024:19:38:42 +0000] "GET /data/etl_jobs/dist/.env HTTP/1.1" 404 564 "-" "Mozilla/5.0 (Macintosh; Intel Mac OS X 10_12_3) AppleWebKit/537.36 (KHTML, like Gecko) Chrome/56.0.2924.87 Safari/537.36"
94.72.101.21 - - [02/Nov/2024:19:38:42 +0000] "GET /terraform/environments/prod/dev/deployment.yaml HTTP/1.1" 404 564 "-" "Mozilla/5.0 (Macintosh; Intel Mac OS X 10_12_3) AppleWebKit/537.36 (KHTML, like Gecko) Chrome/56.0.2924.87 Safari/537.36"
94.72.101.21 - - [02/Nov/2024:19:38:43 +0000] "GET /data_sources/v2/config.json HTTP/1.1" 404 564 "-" "Mozilla/5.0 (Macintosh; Intel Mac OS X 10_12_3) AppleWebKit/537.36 (KHTML, like Gecko) Chrome/56.0.2924.87 Safari/537.36"
94.72.101.21 - - [02/Nov/2024:19:38:43 +0000] "GET /config/azure/prod/README.md HTTP/1.1" 404 564 "-" "Mozilla/5.0 (Macintosh; Intel Mac OS X 10_12_3) AppleWebKit/537.36 (KHTML, like Gecko) Chrome/56.0.2924.87 Safari/537.36"
94.72.101.21 - - [02/Nov/2024:19:38:43 +0000] "GET /secrets/dev/.env HTTP/1.1" 404 564 "-" "Mozilla/5.0 (Macintosh; Intel Mac OS X 10_12_3) AppleWebKit/537.36 (KHTML, like Gecko) Chrome/56.0.2924.87 Safari/537.36"
94.72.101.21 - - [02/Nov/2024:19:38:43 +0000] "GET /k8s/dev/policy.json HTTP/1.1" 404 564 "-" "Mozilla/5.0 (Macintosh; Intel Mac OS X 10_12_3) AppleWebKit/537.36 (KHTML, like Gecko) Chrome/56.0.2924.87 Safari/537.36"
94.72.101.21 - - [02/Nov/2024:19:38:44 +0000] "GET /frontend/react-app/src/deployment.yaml HTTP/1.1" 404 564 "-" "Mozilla/5.0 (Macintosh; Intel Mac OS X 10_12_3) AppleWebKit/537.36 (KHTML, like Gecko) Chrome/56.0.2924.87 Safari/537.36"
94.72.101.21 - - [02/Nov/2024:19:38:44 +0000] "GET /ml/models/dev/README.md HTTP/1.1" 404 564 "-" "Mozilla/5.0 (Macintosh; Intel Mac OS X 10_12_3) AppleWebKit/537.36 (KHTML, like Gecko) Chrome/56.0.2924.87 Safari/537.36"
94.72.101.21 - - [02/Nov/2024:19:38:44 +0000] "GET /compliance/reports/v2/setup.py HTTP/1.1" 404 564 "-" "Mozilla/5.0 (Macintosh; Intel Mac OS X 10_12_3) AppleWebKit/537.36 (KHTML, like Gecko) Chrome/56.0.2924.87 Safari/537.36"
94.72.101.21 - - [02/Nov/2024:19:38:44 +0000] "GET /k8s/dev/setup.py HTTP/1.1" 404 564 "-" "Mozilla/5.0 (Macintosh; Intel Mac OS X 10_12_3) AppleWebKit/537.36 (KHTML, like Gecko) Chrome/56.0.2924.87 Safari/537.36"
94.72.101.21 - - [02/Nov/2024:19:38:44 +0000] "GET /frontend/vue-app/prod/Dockerfile HTTP/1.1" 404 564 "-" "Mozilla/5.0 (Macintosh; Intel Mac OS X 10_12_3) AppleWebKit/537.36 (KHTML, like Gecko) Chrome/56.0.2924.87 Safari/537.36"
94.72.101.21 - - [02/Nov/2024:19:38:44 +0000] "GET /config/env/dev/variables.tf HTTP/1.1" 404 564 "-" "Mozilla/5.0 (Macintosh; Intel Mac OS X 10_12_3) AppleWebKit/537.36 (KHTML, like Gecko) Chrome/56.0.2924.87 Safari/537.36"
94.72.101.21 - - [02/Nov/2024:19:38:45 +0000] "GET /microservices/inventory/src/Dockerfile HTTP/1.1" 404 564 "-" "Mozilla/5.0 (Macintosh; Intel Mac OS X 10_12_3) AppleWebKit/537.36 (KHTML, like Gecko) Chrome/56.0.2924.87 Safari/537.36"
94.72.101.21 - - [02/Nov/2024:19:38:45 +0000] "GET /ml/models/dist/app.py HTTP/1.1" 404 564 "-" "Mozilla/5.0 (Macintosh; Intel Mac OS X 10_12_3) AppleWebKit/537.36 (KHTML, like Gecko) Chrome/56.0.2924.87 Safari/537.36"
94.72.101.21 - - [02/Nov/2024:19:38:45 +0000] "GET /secrets/dist/README.md HTTP/1.1" 404 564 "-" "Mozilla/5.0 (Macintosh; Intel Mac OS X 10_12_3) AppleWebKit/537.36 (KHTML, like Gecko) Chrome/56.0.2924.87 Safari/537.36"
94.72.101.21 - - [02/Nov/2024:19:38:46 +0000] "GET /microservices/payment-service/v2/swagger.json HTTP/1.1" 404 564 "-" "Mozilla/5.0 (Macintosh; Intel Mac OS X 10_12_3) AppleWebKit/537.36 (KHTML, like Gecko) Chrome/56.0.2924.87 Safari/537.36"
94.72.101.21 - - [02/Nov/2024:19:38:46 +0000] "GET /ml/models/dev/Dockerfile HTTP/1.1" 404 564 "-" "Mozilla/5.0 (Macintosh; Intel Mac OS X 10_12_3) AppleWebKit/537.36 (KHTML, like Gecko) Chrome/56.0.2924.87 Safari/537.36"
94.72.101.21 - - [02/Nov/2024:19:38:46 +0000] "GET /docs/readme/dev/requirements.txt HTTP/1.1" 404 564 "-" "Mozilla/5.0 (Macintosh; Intel Mac OS X 10_12_3) AppleWebKit/537.36 (KHTML, like Gecko) Chrome/56.0.2924.87 Safari/537.36"
94.72.101.21 - - [02/Nov/2024:19:38:46 +0000] "GET /frontend/vue-app/v1/Dockerfile HTTP/1.1" 404 564 "-" "Mozilla/5.0 (Macintosh; Intel Mac OS X 10_12_3) AppleWebKit/537.36 (KHTML, like Gecko) Chrome/56.0.2924.87 Safari/537.36"
94.72.101.21 - - [02/Nov/2024:19:38:47 +0000] "GET /docs/api_v2/src/deployment.yaml HTTP/1.1" 404 564 "-" "Mozilla/5.0 (Macintosh; Intel Mac OS X 10_12_3) AppleWebKit/537.36 (KHTML, like Gecko) Chrome/56.0.2924.87 Safari/537.36"
94.72.101.21 - - [02/Nov/2024:19:38:47 +0000] "GET /microservices/inventory/v1/Dockerfile HTTP/1.1" 404 564 "-" "Mozilla/5.0 (Macintosh; Intel Mac OS X 10_12_3) AppleWebKit/537.36 (KHTML, like Gecko) Chrome/56.0.2924.87 Safari/537.36"
94.72.101.21 - - [02/Nov/2024:19:38:48 +0000] "GET /data/etl_jobs/prod/service.yaml HTTP/1.1" 404 564 "-" "Mozilla/5.0 (Macintosh; Intel Mac OS X 10_12_3) AppleWebKit/537.36 (KHTML, like Gecko) Chrome/56.0.2924.87 Safari/537.36"
94.72.101.21 - - [02/Nov/2024:19:38:48 +0000] "GET /pipelines/dataflow/dist/schema.sql HTTP/1.1" 404 564 "-" "Mozilla/5.0 (Macintosh; Intel Mac OS X 10_12_3) AppleWebKit/537.36 (KHTML, like Gecko) Chrome/56.0.2924.87 Safari/537.36"
94.72.101.21 - - [02/Nov/2024:19:38:49 +0000] "GET /config/database/prod/schema.sql HTTP/1.1" 404 564 "-" "Mozilla/5.0 (Macintosh; Intel Mac OS X 10_12_3) AppleWebKit/537.36 (KHTML, like Gecko) Chrome/56.0.2924.87 Safari/537.36"
94.72.101.21 - - [02/Nov/2024:19:38:49 +0000] "GET /config/azure/v2/main.js HTTP/1.1" 404 564 "-" "Mozilla/5.0 (Macintosh; Intel Mac OS X 10_12_3) AppleWebKit/537.36 (KHTML, like Gecko) Chrome/56.0.2924.87 Safari/537.36"
94.72.101.21 - - [02/Nov/2024:19:38:50 +0000] "GET /documentation/architecture/dist/index.js HTTP/1.1" 404 564 "-" "Mozilla/5.0 (Macintosh; Intel Mac OS X 10_12_3) AppleWebKit/537.36 (KHTML, like Gecko) Chrome/56.0.2924.87 Safari/537.36"
94.72.101.21 - - [02/Nov/2024:19:38:50 +0000] "GET /microservices/payment-service/src/deployment.yaml HTTP/1.1" 404 564 "-" "Mozilla/5.0 (Macintosh; Intel Mac OS X 10_12_3) AppleWebKit/537.36 (KHTML, like Gecko) Chrome/56.0.2924.87 Safari/537.36"
94.72.101.21 - - [02/Nov/2024:19:38:50 +0000] "GET /documentation/architecture/dev/.env HTTP/1.1" 404 564 "-" "Mozilla/5.0 (Macintosh; Intel Mac OS X 10_12_3) AppleWebKit/537.36 (KHTML, like Gecko) Chrome/56.0.2924.87 Safari/537.36"
94.72.101.21 - - [02/Nov/2024:19:38:50 +0000] "GET /compliance/reports/src/config.json HTTP/1.1" 404 564 "-" "Mozilla/5.0 (Macintosh; Intel Mac OS X 10_12_3) AppleWebKit/537.36 (KHTML, like Gecko) Chrome/56.0.2924.87 Safari/537.36"
94.72.101.21 - - [02/Nov/2024:19:38:50 +0000] "GET /config/env/dev/deployment.yaml HTTP/1.1" 404 564 "-" "Mozilla/5.0 (Macintosh; Intel Mac OS X 10_12_3) AppleWebKit/537.36 (KHTML, like Gecko) Chrome/56.0.2924.87 Safari/537.36"
94.72.101.21 - - [02/Nov/2024:19:38:50 +0000] "GET /pipelines/dataflow/prod/config.json HTTP/1.1" 404 564 "-" "Mozilla/5.0 (Macintosh; Intel Mac OS X 10_12_3) AppleWebKit/537.36 (KHTML, like Gecko) Chrome/56.0.2924.87 Safari/537.36"
94.72.101.21 - - [02/Nov/2024:19:38:51 +0000] "GET /backend/express/dev/policy.json HTTP/1.1" 404 564 "-" "Mozilla/5.0 (Macintosh; Intel Mac OS X 10_12_3) AppleWebKit/537.36 (KHTML, like Gecko) Chrome/56.0.2924.87 Safari/537.36"
94.72.101.21 - - [02/Nov/2024:19:38:51 +0000] "GET /data_sources/dev/swagger.json HTTP/1.1" 404 564 "-" "Mozilla/5.0 (Macintosh; Intel Mac OS X 10_12_3) AppleWebKit/537.36 (KHTML, like Gecko) Chrome/56.0.2924.87 Safari/537.36"
94.72.101.21 - - [02/Nov/2024:19:38:51 +0000] "GET /integrations/slack/v1/deployment.yaml HTTP/1.1" 404 564 "-" "Mozilla/5.0 (Macintosh; Intel Mac OS X 10_12_3) AppleWebKit/537.36 (KHTML, like Gecko) Chrome/56.0.2924.87 Safari/537.36"
94.72.101.21 - - [02/Nov/2024:19:38:51 +0000] "GET /microservices/user-service/src/policy.json HTTP/1.1" 404 564 "-" "Mozilla/5.0 (Macintosh; Intel Mac OS X 10_12_3) AppleWebKit/537.36 (KHTML, like Gecko) Chrome/56.0.2924.87 Safari/537.36"
94.72.101.21 - - [02/Nov/2024:19:38:51 +0000] "GET /integrations/stripe/src/.env HTTP/1.1" 404 564 "-" "Mozilla/5.0 (Macintosh; Intel Mac OS X 10_12_3) AppleWebKit/537.36 (KHTML, like Gecko) Chrome/56.0.2924.87 Safari/537.36"
94.72.101.21 - - [02/Nov/2024:19:38:52 +0000] "GET /audit/logs/v2/app.py HTTP/1.1" 404 564 "-" "Mozilla/5.0 (Macintosh; Intel Mac OS X 10_12_3) AppleWebKit/537.36 (KHTML, like Gecko) Chrome/56.0.2924.87 Safari/537.36"
94.72.101.21 - - [02/Nov/2024:19:38:52 +0000] "GET /frontend/nextjs/v2/secrets.env HTTP/1.1" 404 564 "-" "Mozilla/5.0 (Macintosh; Intel Mac OS X 10_12_3) AppleWebKit/537.36 (KHTML, like Gecko) Chrome/56.0.2924.87 Safari/537.36"
94.72.101.21 - - [02/Nov/2024:19:38:52 +0000] "GET /security/vault/dist/app.py HTTP/1.1" 404 564 "-" "Mozilla/5.0 (Macintosh; Intel Mac OS X 10_12_3) AppleWebKit/537.36 (KHTML, like Gecko) Chrome/56.0.2924.87 Safari/537.36"
94.72.101.21 - - [02/Nov/2024:19:38:52 +0000] "GET /integrations/slack/dist/app.py HTTP/1.1" 404 564 "-" "Mozilla/5.0 (Macintosh; Intel Mac OS X 10_12_3) AppleWebKit/537.36 (KHTML, like Gecko) Chrome/56.0.2924.87 Safari/537.36"
94.72.101.21 - - [02/Nov/2024:19:38:53 +0000] "GET /integrations/stripe/src/policy.json HTTP/1.1" 404 564 "-" "Mozilla/5.0 (Macintosh; Intel Mac OS X 10_12_3) AppleWebKit/537.36 (KHTML, like Gecko) Chrome/56.0.2924.87 Safari/537.36"
94.72.101.21 - - [02/Nov/2024:19:38:53 +0000] "GET /ml/models/prod/policy.json HTTP/1.1" 404 564 "-" "Mozilla/5.0 (Macintosh; Intel Mac OS X 10_12_3) AppleWebKit/537.36 (KHTML, like Gecko) Chrome/56.0.2924.87 Safari/537.36"
94.72.101.21 - - [02/Nov/2024:19:38:53 +0000] "GET /config/azure/dev/secrets.env HTTP/1.1" 404 564 "-" "Mozilla/5.0 (Macintosh; Intel Mac OS X 10_12_3) AppleWebKit/537.36 (KHTML, like Gecko) Chrome/56.0.2924.87 Safari/537.36"
94.72.101.21 - - [02/Nov/2024:19:38:53 +0000] "GET /docs/api_v2/dist/schema.sql HTTP/1.1" 404 564 "-" "Mozilla/5.0 (Macintosh; Intel Mac OS X 10_12_3) AppleWebKit/537.36 (KHTML, like Gecko) Chrome/56.0.2924.87 Safari/537.36"
94.72.101.21 - - [02/Nov/2024:19:38:53 +0000] "GET /docs/api_v2/src/index.js HTTP/1.1" 404 564 "-" "Mozilla/5.0 (Macintosh; Intel Mac OS X 10_12_3) AppleWebKit/537.36 (KHTML, like Gecko) Chrome/56.0.2924.87 Safari/537.36"
94.72.101.21 - - [02/Nov/2024:19:38:53 +0000] "GET /documentation/architecture/dist/.env HTTP/1.1" 404 564 "-" "Mozilla/5.0 (Macintosh; Intel Mac OS X 10_12_3) AppleWebKit/537.36 (KHTML, like Gecko) Chrome/56.0.2924.87 Safari/537.36"
94.72.101.21 - - [02/Nov/2024:19:38:54 +0000] "GET /integrations/slack/src/README.md HTTP/1.1" 404 564 "-" "Mozilla/5.0 (Macintosh; Intel Mac OS X 10_12_3) AppleWebKit/537.36 (KHTML, like Gecko) Chrome/56.0.2924.87 Safari/537.36"
94.72.101.21 - - [02/Nov/2024:19:38:54 +0000] "GET /terraform/environments/prod/dist/schema.sql HTTP/1.1" 404 564 "-" "Mozilla/5.0 (Macintosh; Intel Mac OS X 10_12_3) AppleWebKit/537.36 (KHTML, like Gecko) Chrome/56.0.2924.87 Safari/537.36"
94.72.101.21 - - [02/Nov/2024:19:38:54 +0000] "GET /docs/readme/prod/deployment.yaml HTTP/1.1" 404 564 "-" "Mozilla/5.0 (Macintosh; Intel Mac OS X 10_12_3) AppleWebKit/537.36 (KHTML, like Gecko) Chrome/56.0.2924.87 Safari/537.36"
94.72.101.21 - - [02/Nov/2024:19:38:55 +0000] "GET /config/database/dev/policy.json HTTP/1.1" 404 564 "-" "Mozilla/5.0 (Macintosh; Intel Mac OS X 10_12_3) AppleWebKit/537.36 (KHTML, like Gecko) Chrome/56.0.2924.87 Safari/537.36"
94.72.101.21 - - [02/Nov/2024:19:38:55 +0000] "GET /microservices/payment-service/v2/.env HTTP/1.1" 404 564 "-" "Mozilla/5.0 (Macintosh; Intel Mac OS X 10_12_3) AppleWebKit/537.36 (KHTML, like Gecko) Chrome/56.0.2924.87 Safari/537.36"
94.72.101.21 - - [02/Nov/2024:19:38:55 +0000] "GET /audit/logs/dev/service.yaml HTTP/1.1" 404 564 "-" "Mozilla/5.0 (Macintosh; Intel Mac OS X 10_12_3) AppleWebKit/537.36 (KHTML, like Gecko) Chrome/56.0.2924.87 Safari/537.36"
94.72.101.21 - - [02/Nov/2024:19:38:55 +0000] "GET /frontend/vue-app/src/setup.py HTTP/1.1" 404 564 "-" "Mozilla/5.0 (Macintosh; Intel Mac OS X 10_12_3) AppleWebKit/537.36 (KHTML, like Gecko) Chrome/56.0.2924.87 Safari/537.36"
94.72.101.21 - - [02/Nov/2024:19:38:56 +0000] "GET /documentation/architecture/v1/app.py HTTP/1.1" 404 564 "-" "Mozilla/5.0 (Macintosh; Intel Mac OS X 10_12_3) AppleWebKit/537.36 (KHTML, like Gecko) Chrome/56.0.2924.87 Safari/537.36"
94.72.101.21 - - [02/Nov/2024:19:38:56 +0000] "GET /config/aws/prod/variables.tf HTTP/1.1" 404 564 "-" "Mozilla/5.0 (Macintosh; Intel Mac OS X 10_12_3) AppleWebKit/537.36 (KHTML, like Gecko) Chrome/56.0.2924.87 Safari/537.36"
94.72.101.21 - - [02/Nov/2024:19:38:56 +0000] "GET /microservices/payment-service/src/secrets.env HTTP/1.1" 404 564 "-" "Mozilla/5.0 (Macintosh; Intel Mac OS X 10_12_3) AppleWebKit/537.36 (KHTML, like Gecko) Chrome/56.0.2924.87 Safari/537.36"
94.72.101.21 - - [02/Nov/2024:19:38:56 +0000] "GET /microservices/payment-service/dev/setup.py HTTP/1.1" 404 564 "-" "Mozilla/5.0 (Macintosh; Intel Mac OS X 10_12_3) AppleWebKit/537.36 (KHTML, like Gecko) Chrome/56.0.2924.87 Safari/537.36"
94.72.101.21 - - [02/Nov/2024:19:38:56 +0000] "GET /backend/nestjs/v1/secrets.env HTTP/1.1" 404 564 "-" "Mozilla/5.0 (Macintosh; Intel Mac OS X 10_12_3) AppleWebKit/537.36 (KHTML, like Gecko) Chrome/56.0.2924.87 Safari/537.36"
94.72.101.21 - - [02/Nov/2024:19:38:57 +0000] "GET /backend/nestjs/dist/requirements.txt HTTP/1.1" 404 564 "-" "Mozilla/5.0 (Macintosh; Intel Mac OS X 10_12_3) AppleWebKit/537.36 (KHTML, like Gecko) Chrome/56.0.2924.87 Safari/537.36"
94.72.101.21 - - [02/Nov/2024:19:38:57 +0000] "GET /backend/express/v2/app.py HTTP/1.1" 404 564 "-" "Mozilla/5.0 (Macintosh; Intel Mac OS X 10_12_3) AppleWebKit/537.36 (KHTML, like Gecko) Chrome/56.0.2924.87 Safari/537.36"
94.72.101.21 - - [02/Nov/2024:19:38:57 +0000] "GET /security/vault/dist/secrets.env HTTP/1.1" 404 564 "-" "Mozilla/5.0 (Macintosh; Intel Mac OS X 10_12_3) AppleWebKit/537.36 (KHTML, like Gecko) Chrome/56.0.2924.87 Safari/537.36"
94.72.101.21 - - [02/Nov/2024:19:38:57 +0000] "GET /integrations/stripe/src/service.yaml HTTP/1.1" 404 564 "-" "Mozilla/5.0 (Macintosh; Intel Mac OS X 10_12_3) AppleWebKit/537.36 (KHTML, like Gecko) Chrome/56.0.2924.87 Safari/537.36"
94.72.101.21 - - [02/Nov/2024:19:38:58 +0000] "GET /frontend/vue-app/dev/main.js HTTP/1.1" 404 564 "-" "Mozilla/5.0 (Macintosh; Intel Mac OS X 10_12_3) AppleWebKit/537.36 (KHTML, like Gecko) Chrome/56.0.2924.87 Safari/537.36"
94.72.101.21 - - [02/Nov/2024:19:38:59 +0000] "GET /terraform/environments/prod/v1/requirements.txt HTTP/1.1" 404 564 "-" "Mozilla/5.0 (Macintosh; Intel Mac OS X 10_12_3) AppleWebKit/537.36 (KHTML, like Gecko) Chrome/56.0.2924.87 Safari/537.36"
94.72.101.21 - - [02/Nov/2024:19:38:59 +0000] "GET /backend/koa/dev/Dockerfile HTTP/1.1" 404 564 "-" "Mozilla/5.0 (Macintosh; Intel Mac OS X 10_12_3) AppleWebKit/537.36 (KHTML, like Gecko) Chrome/56.0.2924.87 Safari/537.36"
94.72.101.21 - - [02/Nov/2024:19:38:59 +0000] "GET /frontend/svelte-app/v1/.env HTTP/1.1" 404 564 "-" "Mozilla/5.0 (Macintosh; Intel Mac OS X 10_12_3) AppleWebKit/537.36 (KHTML, like Gecko) Chrome/56.0.2924.87 Safari/537.36"
94.72.101.21 - - [02/Nov/2024:19:38:59 +0000] "GET /audit/logs/v2/service.yaml HTTP/1.1" 404 564 "-" "Mozilla/5.0 (Macintosh; Intel Mac OS X 10_12_3) AppleWebKit/537.36 (KHTML, like Gecko) Chrome/56.0.2924.87 Safari/537.36"
94.72.101.21 - - [02/Nov/2024:19:38:59 +0000] "GET /terraform/environments/prod/dist/index.js HTTP/1.1" 404 564 "-" "Mozilla/5.0 (Macintosh; Intel Mac OS X 10_12_3) AppleWebKit/537.36 (KHTML, like Gecko) Chrome/56.0.2924.87 Safari/537.36"
94.72.101.21 - - [02/Nov/2024:19:38:59 +0000] "GET /data_sources/dev/app.py HTTP/1.1" 404 564 "-" "Mozilla/5.0 (Macintosh; Intel Mac OS X 10_12_3) AppleWebKit/537.36 (KHTML, like Gecko) Chrome/56.0.2924.87 Safari/537.36"
94.72.101.21 - - [02/Nov/2024:19:39:00 +0000] "GET /integrations/stripe/v1/Dockerfile HTTP/1.1" 404 564 "-" "Mozilla/5.0 (Macintosh; Intel Mac OS X 10_12_3) AppleWebKit/537.36 (KHTML, like Gecko) Chrome/56.0.2924.87 Safari/537.36"
94.72.101.21 - - [02/Nov/2024:19:39:00 +0000] "GET /ci-cd/gitlab/dev/variables.tf HTTP/1.1" 404 564 "-" "Mozilla/5.0 (Macintosh; Intel Mac OS X 10_12_3) AppleWebKit/537.36 (KHTML, like Gecko) Chrome/56.0.2924.87 Safari/537.36"
94.72.101.21 - - [02/Nov/2024:19:39:00 +0000] "GET /terraform/environments/prod/src/variables.tf HTTP/1.1" 404 564 "-" "Mozilla/5.0 (Macintosh; Intel Mac OS X 10_12_3) AppleWebKit/537.36 (KHTML, like Gecko) Chrome/56.0.2924.87 Safari/537.36"
94.72.101.21 - - [02/Nov/2024:19:39:01 +0000] "GET /k8s/dist/.env HTTP/1.1" 404 564 "-" "Mozilla/5.0 (Macintosh; Intel Mac OS X 10_12_3) AppleWebKit/537.36 (KHTML, like Gecko) Chrome/56.0.2924.87 Safari/537.36"
94.72.101.21 - - [02/Nov/2024:19:39:01 +0000] "GET /config/azure/dev/Dockerfile HTTP/1.1" 404 564 "-" "Mozilla/5.0 (Macintosh; Intel Mac OS X 10_12_3) AppleWebKit/537.36 (KHTML, like Gecko) Chrome/56.0.2924.87 Safari/537.36"
94.72.101.21 - - [02/Nov/2024:19:39:01 +0000] "GET /backend/fastapi/v1/policy.json HTTP/1.1" 404 564 "-" "Mozilla/5.0 (Macintosh; Intel Mac OS X 10_12_3) AppleWebKit/537.36 (KHTML, like Gecko) Chrome/56.0.2924.87 Safari/537.36"
94.72.101.21 - - [02/Nov/2024:19:39:01 +0000] "GET /frontend/vue-app/prod/variables.tf HTTP/1.1" 404 564 "-" "Mozilla/5.0 (Macintosh; Intel Mac OS X 10_12_3) AppleWebKit/537.36 (KHTML, like Gecko) Chrome/56.0.2924.87 Safari/537.36"
94.72.101.21 - - [02/Nov/2024:19:39:01 +0000] "GET /backend/koa/src/variables.tf HTTP/1.1" 404 564 "-" "Mozilla/5.0 (Macintosh; Intel Mac OS X 10_12_3) AppleWebKit/537.36 (KHTML, like Gecko) Chrome/56.0.2924.87 Safari/537.36"
94.72.101.21 - - [02/Nov/2024:19:39:01 +0000] "GET /backend/koa/dist/app.py HTTP/1.1" 404 564 "-" "Mozilla/5.0 (Macintosh; Intel Mac OS X 10_12_3) AppleWebKit/537.36 (KHTML, like Gecko) Chrome/56.0.2924.87 Safari/537.36"
94.72.101.21 - - [02/Nov/2024:19:39:02 +0000] "GET /integrations/slack/v2/README.md HTTP/1.1" 404 564 "-" "Mozilla/5.0 (Macintosh; Intel Mac OS X 10_12_3) AppleWebKit/537.36 (KHTML, like Gecko) Chrome/56.0.2924.87 Safari/537.36"
94.72.101.21 - - [02/Nov/2024:19:39:02 +0000] "GET /config/azure/v2/variables.tf HTTP/1.1" 404 564 "-" "Mozilla/5.0 (Macintosh; Intel Mac OS X 10_12_3) AppleWebKit/537.36 (KHTML, like Gecko) Chrome/56.0.2924.87 Safari/537.36"
94.72.101.21 - - [02/Nov/2024:19:39:02 +0000] "GET /ci-cd/gitlab/src/policy.json HTTP/1.1" 404 564 "-" "Mozilla/5.0 (Macintosh; Intel Mac OS X 10_12_3) AppleWebKit/537.36 (KHTML, like Gecko) Chrome/56.0.2924.87 Safari/537.36"
94.72.101.21 - - [02/Nov/2024:19:39:02 +0000] "GET /frontend/vue-app/v1/index.js HTTP/1.1" 404 564 "-" "Mozilla/5.0 (Macintosh; Intel Mac OS X 10_12_3) AppleWebKit/537.36 (KHTML, like Gecko) Chrome/56.0.2924.87 Safari/537.36"
94.72.101.21 - - [02/Nov/2024:19:39:03 +0000] "GET /integrations/twilio/dev/README.md HTTP/1.1" 404 564 "-" "Mozilla/5.0 (Macintosh; Intel Mac OS X 10_12_3) AppleWebKit/537.36 (KHTML, like Gecko) Chrome/56.0.2924.87 Safari/537.36"
94.72.101.21 - - [02/Nov/2024:19:39:03 +0000] "GET /backend/koa/dev/app.py HTTP/1.1" 404 564 "-" "Mozilla/5.0 (Macintosh; Intel Mac OS X 10_12_3) AppleWebKit/537.36 (KHTML, like Gecko) Chrome/56.0.2924.87 Safari/537.36"
94.72.101.21 - - [02/Nov/2024:19:39:03 +0000] "GET /ci-cd/gitlab/v1/.env HTTP/1.1" 404 564 "-" "Mozilla/5.0 (Macintosh; Intel Mac OS X 10_12_3) AppleWebKit/537.36 (KHTML, like Gecko) Chrome/56.0.2924.87 Safari/537.36"
94.72.101.21 - - [02/Nov/2024:19:39:03 +0000] "GET /ml/models/v2/Dockerfile HTTP/1.1" 404 564 "-" "Mozilla/5.0 (Macintosh; Intel Mac OS X 10_12_3) AppleWebKit/537.36 (KHTML, like Gecko) Chrome/56.0.2924.87 Safari/537.36"
94.72.101.21 - - [02/Nov/2024:19:39:03 +0000] "GET /frontend/vue-app/prod/README.md HTTP/1.1" 404 564 "-" "Mozilla/5.0 (Macintosh; Intel Mac OS X 10_12_3) AppleWebKit/537.36 (KHTML, like Gecko) Chrome/56.0.2924.87 Safari/537.36"
94.72.101.21 - - [02/Nov/2024:19:39:04 +0000] "GET /backend/nestjs/v1/setup.py HTTP/1.1" 404 564 "-" "Mozilla/5.0 (Macintosh; Intel Mac OS X 10_12_3) AppleWebKit/537.36 (KHTML, like Gecko) Chrome/56.0.2924.87 Safari/537.36"
94.72.101.21 - - [02/Nov/2024:19:39:04 +0000] "GET /ml/models/dist/deployment.yaml HTTP/1.1" 404 564 "-" "Mozilla/5.0 (Macintosh; Intel Mac OS X 10_12_3) AppleWebKit/537.36 (KHTML, like Gecko) Chrome/56.0.2924.87 Safari/537.36"
94.72.101.21 - - [02/Nov/2024:19:39:04 +0000] "GET /microservices/payment-service/prod/Dockerfile HTTP/1.1" 404 564 "-" "Mozilla/5.0 (Macintosh; Intel Mac OS X 10_12_3) AppleWebKit/537.36 (KHTML, like Gecko) Chrome/56.0.2924.87 Safari/537.36"
94.72.101.21 - - [02/Nov/2024:19:39:05 +0000] "GET /config/azure/v1/schema.sql HTTP/1.1" 404 564 "-" "Mozilla/5.0 (Macintosh; Intel Mac OS X 10_12_3) AppleWebKit/537.36 (KHTML, like Gecko) Chrome/56.0.2924.87 Safari/537.36"
94.72.101.21 - - [02/Nov/2024:19:39:05 +0000] "GET /pipelines/dataflow/v1/app.py HTTP/1.1" 404 564 "-" "Mozilla/5.0 (Macintosh; Intel Mac OS X 10_12_3) AppleWebKit/537.36 (KHTML, like Gecko) Chrome/56.0.2924.87 Safari/537.36"
94.72.101.21 - - [02/Nov/2024:19:39:05 +0000] "GET /ci-cd/github/prod/index.js HTTP/1.1" 404 564 "-" "Mozilla/5.0 (Macintosh; Intel Mac OS X 10_12_3) AppleWebKit/537.36 (KHTML, like Gecko) Chrome/56.0.2924.87 Safari/537.36"
94.72.101.21 - - [02/Nov/2024:19:39:06 +0000] "GET /ci-cd/gitlab/src/config.json HTTP/1.1" 404 564 "-" "Mozilla/5.0 (Macintosh; Intel Mac OS X 10_12_3) AppleWebKit/537.36 (KHTML, like Gecko) Chrome/56.0.2924.87 Safari/537.36"
94.72.101.21 - - [02/Nov/2024:19:39:06 +0000] "GET /security/vault/prod/setup.py HTTP/1.1" 404 564 "-" "Mozilla/5.0 (Macintosh; Intel Mac OS X 10_12_3) AppleWebKit/537.36 (KHTML, like Gecko) Chrome/56.0.2924.87 Safari/537.36"
94.72.101.21 - - [02/Nov/2024:19:39:07 +0000] "GET /secrets/v1/README.md HTTP/1.1" 404 564 "-" "Mozilla/5.0 (Macintosh; Intel Mac OS X 10_12_3) AppleWebKit/537.36 (KHTML, like Gecko) Chrome/56.0.2924.87 Safari/537.36"
94.72.101.21 - - [02/Nov/2024:19:39:07 +0000] "GET /integrations/slack/v1/main.js HTTP/1.1" 404 564 "-" "Mozilla/5.0 (Macintosh; Intel Mac OS X 10_12_3) AppleWebKit/537.36 (KHTML, like Gecko) Chrome/56.0.2924.87 Safari/537.36"
94.72.101.21 - - [02/Nov/2024:19:39:07 +0000] "GET /microservices/user-service/dist/.env HTTP/1.1" 404 564 "-" "Mozilla/5.0 (Macintosh; Intel Mac OS X 10_12_3) AppleWebKit/537.36 (KHTML, like Gecko) Chrome/56.0.2924.87 Safari/537.36"
94.72.101.21 - - [02/Nov/2024:19:39:08 +0000] "GET /config/env/dist/Dockerfile HTTP/1.1" 404 564 "-" "Mozilla/5.0 (Macintosh; Intel Mac OS X 10_12_3) AppleWebKit/537.36 (KHTML, like Gecko) Chrome/56.0.2924.87 Safari/537.36"
94.72.101.21 - - [02/Nov/2024:19:39:08 +0000] "GET /ci-cd/gitlab/dev/schema.sql HTTP/1.1" 404 564 "-" "Mozilla/5.0 (Macintosh; Intel Mac OS X 10_12_3) AppleWebKit/537.36 (KHTML, like Gecko) Chrome/56.0.2924.87 Safari/537.36"
94.72.101.21 - - [02/Nov/2024:19:39:08 +0000] "GET /frontend/svelte-app/dist/.env HTTP/1.1" 404 564 "-" "Mozilla/5.0 (Macintosh; Intel Mac OS X 10_12_3) AppleWebKit/537.36 (KHTML, like Gecko) Chrome/56.0.2924.87 Safari/537.36"
94.72.101.21 - - [02/Nov/2024:19:39:09 +0000] "GET /integrations/stripe/v2/service.yaml HTTP/1.1" 404 564 "-" "Mozilla/5.0 (Macintosh; Intel Mac OS X 10_12_3) AppleWebKit/537.36 (KHTML, like Gecko) Chrome/56.0.2924.87 Safari/537.36"
94.72.101.21 - - [02/Nov/2024:19:39:09 +0000] "GET /frontend/react-app/v2/Dockerfile HTTP/1.1" 404 564 "-" "Mozilla/5.0 (Macintosh; Intel Mac OS X 10_12_3) AppleWebKit/537.36 (KHTML, like Gecko) Chrome/56.0.2924.87 Safari/537.36"
94.72.101.21 - - [02/Nov/2024:19:39:09 +0000] "GET /data_sources/v1/Dockerfile HTTP/1.1" 404 564 "-" "Mozilla/5.0 (Macintosh; Intel Mac OS X 10_12_3) AppleWebKit/537.36 (KHTML, like Gecko) Chrome/56.0.2924.87 Safari/537.36"
94.72.101.21 - - [02/Nov/2024:19:39:09 +0000] "GET /frontend/nextjs/src/secrets.env HTTP/1.1" 404 564 "-" "Mozilla/5.0 (Macintosh; Intel Mac OS X 10_12_3) AppleWebKit/537.36 (KHTML, like Gecko) Chrome/56.0.2924.87 Safari/537.36"
94.72.101.21 - - [02/Nov/2024:19:39:09 +0000] "GET /backend/koa/v2/config.json HTTP/1.1" 404 564 "-" "Mozilla/5.0 (Macintosh; Intel Mac OS X 10_12_3) AppleWebKit/537.36 (KHTML, like Gecko) Chrome/56.0.2924.87 Safari/537.36"
94.72.101.21 - - [02/Nov/2024:19:39:10 +0000] "GET /integrations/twilio/v1/app.py HTTP/1.1" 404 564 "-" "Mozilla/5.0 (Macintosh; Intel Mac OS X 10_12_3) AppleWebKit/537.36 (KHTML, like Gecko) Chrome/56.0.2924.87 Safari/537.36"
94.72.101.21 - - [02/Nov/2024:19:39:10 +0000] "GET /data/etl_jobs/dist/Dockerfile HTTP/1.1" 404 564 "-" "Mozilla/5.0 (Macintosh; Intel Mac OS X 10_12_3) AppleWebKit/537.36 (KHTML, like Gecko) Chrome/56.0.2924.87 Safari/537.36"
94.72.101.21 - - [02/Nov/2024:19:39:10 +0000] "GET /ci-cd/github/src/schema.sql HTTP/1.1" 404 564 "-" "Mozilla/5.0 (Macintosh; Intel Mac OS X 10_12_3) AppleWebKit/537.36 (KHTML, like Gecko) Chrome/56.0.2924.87 Safari/537.36"
94.72.101.21 - - [02/Nov/2024:19:39:10 +0000] "GET /terraform/environments/prod/prod/app.py HTTP/1.1" 404 564 "-" "Mozilla/5.0 (Macintosh; Intel Mac OS X 10_12_3) AppleWebKit/537.36 (KHTML, like Gecko) Chrome/56.0.2924.87 Safari/537.36"
94.72.101.21 - - [02/Nov/2024:19:39:11 +0000] "GET /security/vault/src/swagger.json HTTP/1.1" 404 564 "-" "Mozilla/5.0 (Macintosh; Intel Mac OS X 10_12_3) AppleWebKit/537.36 (KHTML, like Gecko) Chrome/56.0.2924.87 Safari/537.36"
94.72.101.21 - - [02/Nov/2024:19:39:11 +0000] "GET /frontend/vue-app/prod/main.js HTTP/1.1" 404 564 "-" "Mozilla/5.0 (Macintosh; Intel Mac OS X 10_12_3) AppleWebKit/537.36 (KHTML, like Gecko) Chrome/56.0.2924.87 Safari/537.36"
94.72.101.21 - - [02/Nov/2024:19:39:11 +0000] "GET /ci-cd/github/v1/policy.json HTTP/1.1" 404 564 "-" "Mozilla/5.0 (Macintosh; Intel Mac OS X 10_12_3) AppleWebKit/537.36 (KHTML, like Gecko) Chrome/56.0.2924.87 Safari/537.36"
94.72.101.21 - - [02/Nov/2024:19:39:12 +0000] "GET /docs/api_v2/v1/deployment.yaml HTTP/1.1" 404 564 "-" "Mozilla/5.0 (Macintosh; Intel Mac OS X 10_12_3) AppleWebKit/537.36 (KHTML, like Gecko) Chrome/56.0.2924.87 Safari/537.36"
94.72.101.21 - - [02/Nov/2024:19:39:12 +0000] "GET /pipelines/dataflow/src/policy.json HTTP/1.1" 404 564 "-" "Mozilla/5.0 (Macintosh; Intel Mac OS X 10_12_3) AppleWebKit/537.36 (KHTML, like Gecko) Chrome/56.0.2924.87 Safari/537.36"
94.72.101.21 - - [02/Nov/2024:19:39:12 +0000] "GET /data/etl_jobs/src/config.json HTTP/1.1" 404 564 "-" "Mozilla/5.0 (Macintosh; Intel Mac OS X 10_12_3) AppleWebKit/537.36 (KHTML, like Gecko) Chrome/56.0.2924.87 Safari/537.36"
94.72.101.21 - - [02/Nov/2024:19:39:12 +0000] "GET /config/aws/v2/requirements.txt HTTP/1.1" 404 564 "-" "Mozilla/5.0 (Macintosh; Intel Mac OS X 10_12_3) AppleWebKit/537.36 (KHTML, like Gecko) Chrome/56.0.2924.87 Safari/537.36"
94.72.101.21 - - [02/Nov/2024:19:39:12 +0000] "GET /frontend/nextjs/dev/setup.py HTTP/1.1" 404 564 "-" "Mozilla/5.0 (Macintosh; Intel Mac OS X 10_12_3) AppleWebKit/537.36 (KHTML, like Gecko) Chrome/56.0.2924.87 Safari/537.36"
94.72.101.21 - - [02/Nov/2024:19:39:12 +0000] "GET /data/etl_jobs/dev/.env HTTP/1.1" 404 564 "-" "Mozilla/5.0 (Macintosh; Intel Mac OS X 10_12_3) AppleWebKit/537.36 (KHTML, like Gecko) Chrome/56.0.2924.87 Safari/537.36"
94.72.101.21 - - [02/Nov/2024:19:39:13 +0000] "GET /frontend/svelte-app/dist/config.json HTTP/1.1" 404 564 "-" "Mozilla/5.0 (Macintosh; Intel Mac OS X 10_12_3) AppleWebKit/537.36 (KHTML, like Gecko) Chrome/56.0.2924.87 Safari/537.36"
94.72.101.21 - - [02/Nov/2024:19:39:13 +0000] "GET /audit/logs/dev/index.js HTTP/1.1" 404 564 "-" "Mozilla/5.0 (Macintosh; Intel Mac OS X 10_12_3) AppleWebKit/537.36 (KHTML, like Gecko) Chrome/56.0.2924.87 Safari/537.36"
94.72.101.21 - - [02/Nov/2024:19:39:14 +0000] "GET /config/aws/prod/setup.py HTTP/1.1" 404 564 "-" "Mozilla/5.0 (Macintosh; Intel Mac OS X 10_12_3) AppleWebKit/537.36 (KHTML, like Gecko) Chrome/56.0.2924.87 Safari/537.36"
94.72.101.21 - - [02/Nov/2024:19:39:14 +0000] "GET /backend/express/prod/app.py HTTP/1.1" 404 564 "-" "Mozilla/5.0 (Macintosh; Intel Mac OS X 10_12_3) AppleWebKit/537.36 (KHTML, like Gecko) Chrome/56.0.2924.87 Safari/537.36"
94.72.101.21 - - [02/Nov/2024:19:39:14 +0000] "GET /microservices/user-service/v2/Dockerfile HTTP/1.1" 404 564 "-" "Mozilla/5.0 (Macintosh; Intel Mac OS X 10_12_3) AppleWebKit/537.36 (KHTML, like Gecko) Chrome/56.0.2924.87 Safari/537.36"
94.72.101.21 - - [02/Nov/2024:19:39:14 +0000] "GET /config/aws/v1/main.js HTTP/1.1" 404 564 "-" "Mozilla/5.0 (Macintosh; Intel Mac OS X 10_12_3) AppleWebKit/537.36 (KHTML, like Gecko) Chrome/56.0.2924.87 Safari/537.36"
94.72.101.21 - - [02/Nov/2024:19:39:14 +0000] "GET /frontend/vue-app/dev/Dockerfile HTTP/1.1" 404 564 "-" "Mozilla/5.0 (Macintosh; Intel Mac OS X 10_12_3) AppleWebKit/537.36 (KHTML, like Gecko) Chrome/56.0.2924.87 Safari/537.36"
94.72.101.21 - - [02/Nov/2024:19:39:15 +0000] "GET /audit/logs/prod/main.js HTTP/1.1" 404 564 "-" "Mozilla/5.0 (Macintosh; Intel Mac OS X 10_12_3) AppleWebKit/537.36 (KHTML, like Gecko) Chrome/56.0.2924.87 Safari/537.36"
94.72.101.21 - - [02/Nov/2024:19:39:15 +0000] "GET /compliance/reports/v1/app.py HTTP/1.1" 404 564 "-" "Mozilla/5.0 (Macintosh; Intel Mac OS X 10_12_3) AppleWebKit/537.36 (KHTML, like Gecko) Chrome/56.0.2924.87 Safari/537.36"
94.72.101.21 - - [02/Nov/2024:19:39:15 +0000] "GET /frontend/vue-app/dev/swagger.json HTTP/1.1" 404 564 "-" "Mozilla/5.0 (Macintosh; Intel Mac OS X 10_12_3) AppleWebKit/537.36 (KHTML, like Gecko) Chrome/56.0.2924.87 Safari/537.36"
94.72.101.21 - - [02/Nov/2024:19:39:16 +0000] "GET /microservices/payment-service/v2/main.js HTTP/1.1" 404 564 "-" "Mozilla/5.0 (Macintosh; Intel Mac OS X 10_12_3) AppleWebKit/537.36 (KHTML, like Gecko) Chrome/56.0.2924.87 Safari/537.36"
94.72.101.21 - - [02/Nov/2024:19:39:16 +0000] "GET /integrations/stripe/dev/app.py HTTP/1.1" 404 564 "-" "Mozilla/5.0 (Macintosh; Intel Mac OS X 10_12_3) AppleWebKit/537.36 (KHTML, like Gecko) Chrome/56.0.2924.87 Safari/537.36"
94.72.101.21 - - [02/Nov/2024:19:39:16 +0000] "GET /ci-cd/github/prod/main.js HTTP/1.1" 404 564 "-" "Mozilla/5.0 (Macintosh; Intel Mac OS X 10_12_3) AppleWebKit/537.36 (KHTML, like Gecko) Chrome/56.0.2924.87 Safari/537.36"
94.72.101.21 - - [02/Nov/2024:19:39:16 +0000] "GET /backend/fastapi/prod/setup.py HTTP/1.1" 404 564 "-" "Mozilla/5.0 (Macintosh; Intel Mac OS X 10_12_3) AppleWebKit/537.36 (KHTML, like Gecko) Chrome/56.0.2924.87 Safari/537.36"
94.72.101.21 - - [02/Nov/2024:19:39:17 +0000] "GET /config/database/v2/deployment.yaml HTTP/1.1" 404 564 "-" "Mozilla/5.0 (Macintosh; Intel Mac OS X 10_12_3) AppleWebKit/537.36 (KHTML, like Gecko) Chrome/56.0.2924.87 Safari/537.36"
94.72.101.21 - - [02/Nov/2024:19:39:17 +0000] "GET /k8s/prod/service.yaml HTTP/1.1" 404 564 "-" "Mozilla/5.0 (Macintosh; Intel Mac OS X 10_12_3) AppleWebKit/537.36 (KHTML, like Gecko) Chrome/56.0.2924.87 Safari/537.36"
94.72.101.21 - - [02/Nov/2024:19:39:17 +0000] "GET /ci-cd/gitlab/dist/variables.tf HTTP/1.1" 404 564 "-" "Mozilla/5.0 (Macintosh; Intel Mac OS X 10_12_3) AppleWebKit/537.36 (KHTML, like Gecko) Chrome/56.0.2924.87 Safari/537.36"
94.72.101.21 - - [02/Nov/2024:19:39:19 +0000] "GET /integrations/stripe/dist/secrets.env HTTP/1.1" 404 564 "-" "Mozilla/5.0 (Macintosh; Intel Mac OS X 10_12_3) AppleWebKit/537.36 (KHTML, like Gecko) Chrome/56.0.2924.87 Safari/537.36"
94.72.101.21 - - [02/Nov/2024:19:39:19 +0000] "GET /docs/readme/v2/README.md HTTP/1.1" 404 564 "-" "Mozilla/5.0 (Macintosh; Intel Mac OS X 10_12_3) AppleWebKit/537.36 (KHTML, like Gecko) Chrome/56.0.2924.87 Safari/537.36"
94.72.101.21 - - [02/Nov/2024:19:39:19 +0000] "GET /security/vault/src/.env HTTP/1.1" 404 564 "-" "Mozilla/5.0 (Macintosh; Intel Mac OS X 10_12_3) AppleWebKit/537.36 (KHTML, like Gecko) Chrome/56.0.2924.87 Safari/537.36"
94.72.101.21 - - [02/Nov/2024:19:39:19 +0000] "GET /terraform/environments/prod/v2/README.md HTTP/1.1" 404 564 "-" "Mozilla/5.0 (Macintosh; Intel Mac OS X 10_12_3) AppleWebKit/537.36 (KHTML, like Gecko) Chrome/56.0.2924.87 Safari/537.36"
94.72.101.21 - - [02/Nov/2024:19:39:20 +0000] "GET /documentation/architecture/dist/app.py HTTP/1.1" 404 564 "-" "Mozilla/5.0 (Macintosh; Intel Mac OS X 10_12_3) AppleWebKit/537.36 (KHTML, like Gecko) Chrome/56.0.2924.87 Safari/537.36"
94.72.101.21 - - [02/Nov/2024:19:39:20 +0000] "GET /config/aws/prod/policy.json HTTP/1.1" 404 564 "-" "Mozilla/5.0 (Macintosh; Intel Mac OS X 10_12_3) AppleWebKit/537.36 (KHTML, like Gecko) Chrome/56.0.2924.87 Safari/537.36"
94.72.101.21 - - [02/Nov/2024:19:39:20 +0000] "GET /integrations/stripe/src/README.md HTTP/1.1" 404 564 "-" "Mozilla/5.0 (Macintosh; Intel Mac OS X 10_12_3) AppleWebKit/537.36 (KHTML, like Gecko) Chrome/56.0.2924.87 Safari/537.36"
94.72.101.21 - - [02/Nov/2024:19:39:20 +0000] "GET /config/database/v2/swagger.json HTTP/1.1" 404 564 "-" "Mozilla/5.0 (Macintosh; Intel Mac OS X 10_12_3) AppleWebKit/537.36 (KHTML, like Gecko) Chrome/56.0.2924.87 Safari/537.36"
94.72.101.21 - - [02/Nov/2024:19:39:20 +0000] "GET /backend/koa/v1/schema.sql HTTP/1.1" 404 564 "-" "Mozilla/5.0 (Macintosh; Intel Mac OS X 10_12_3) AppleWebKit/537.36 (KHTML, like Gecko) Chrome/56.0.2924.87 Safari/537.36"
94.72.101.21 - - [02/Nov/2024:19:39:21 +0000] "GET /microservices/inventory/v2/policy.json HTTP/1.1" 404 564 "-" "Mozilla/5.0 (Macintosh; Intel Mac OS X 10_12_3) AppleWebKit/537.36 (KHTML, like Gecko) Chrome/56.0.2924.87 Safari/537.36"
94.72.101.21 - - [02/Nov/2024:19:39:21 +0000] "GET /data_sources/v2/README.md HTTP/1.1" 404 564 "-" "Mozilla/5.0 (Macintosh; Intel Mac OS X 10_12_3) AppleWebKit/537.36 (KHTML, like Gecko) Chrome/56.0.2924.87 Safari/537.36"
94.72.101.21 - - [02/Nov/2024:19:39:21 +0000] "GET /integrations/stripe/src/schema.sql HTTP/1.1" 404 564 "-" "Mozilla/5.0 (Macintosh; Intel Mac OS X 10_12_3) AppleWebKit/537.36 (KHTML, like Gecko) Chrome/56.0.2924.87 Safari/537.36"
94.72.101.21 - - [02/Nov/2024:19:39:22 +0000] "GET /ml/models/prod/Dockerfile HTTP/1.1" 404 564 "-" "Mozilla/5.0 (Macintosh; Intel Mac OS X 10_12_3) AppleWebKit/537.36 (KHTML, like Gecko) Chrome/56.0.2924.87 Safari/537.36"
94.72.101.21 - - [02/Nov/2024:19:39:22 +0000] "GET /pipelines/dataflow/src/variables.tf HTTP/1.1" 404 564 "-" "Mozilla/5.0 (Macintosh; Intel Mac OS X 10_12_3) AppleWebKit/537.36 (KHTML, like Gecko) Chrome/56.0.2924.87 Safari/537.36"
94.72.101.21 - - [02/Nov/2024:19:39:22 +0000] "GET /backend/fastapi/src/policy.json HTTP/1.1" 404 564 "-" "Mozilla/5.0 (Macintosh; Intel Mac OS X 10_12_3) AppleWebKit/537.36 (KHTML, like Gecko) Chrome/56.0.2924.87 Safari/537.36"
94.72.101.21 - - [02/Nov/2024:19:39:22 +0000] "GET /frontend/svelte-app/dist/swagger.json HTTP/1.1" 404 564 "-" "Mozilla/5.0 (Macintosh; Intel Mac OS X 10_12_3) AppleWebKit/537.36 (KHTML, like Gecko) Chrome/56.0.2924.87 Safari/537.36"
94.72.101.21 - - [02/Nov/2024:19:39:22 +0000] "GET /terraform/environments/prod/dev/Dockerfile HTTP/1.1" 404 564 "-" "Mozilla/5.0 (Macintosh; Intel Mac OS X 10_12_3) AppleWebKit/537.36 (KHTML, like Gecko) Chrome/56.0.2924.87 Safari/537.36"
94.72.101.21 - - [02/Nov/2024:19:39:22 +0000] "GET /data_sources/v1/app.py HTTP/1.1" 404 564 "-" "Mozilla/5.0 (Macintosh; Intel Mac OS X 10_12_3) AppleWebKit/537.36 (KHTML, like Gecko) Chrome/56.0.2924.87 Safari/537.36"
94.72.101.21 - - [02/Nov/2024:19:39:23 +0000] "GET /data_sources/src/swagger.json HTTP/1.1" 404 564 "-" "Mozilla/5.0 (Macintosh; Intel Mac OS X 10_12_3) AppleWebKit/537.36 (KHTML, like Gecko) Chrome/56.0.2924.87 Safari/537.36"
94.72.101.21 - - [02/Nov/2024:19:39:23 +0000] "GET /compliance/reports/prod/app.py HTTP/1.1" 404 564 "-" "Mozilla/5.0 (Macintosh; Intel Mac OS X 10_12_3) AppleWebKit/537.36 (KHTML, like Gecko) Chrome/56.0.2924.87 Safari/537.36"
94.72.101.21 - - [02/Nov/2024:19:39:23 +0000] "GET /k8s/dev/swagger.json HTTP/1.1" 404 564 "-" "Mozilla/5.0 (Macintosh; Intel Mac OS X 10_12_3) AppleWebKit/537.36 (KHTML, like Gecko) Chrome/56.0.2924.87 Safari/537.36"
94.72.101.21 - - [02/Nov/2024:19:39:23 +0000] "GET /compliance/reports/dev/variables.tf HTTP/1.1" 404 564 "-" "Mozilla/5.0 (Macintosh; Intel Mac OS X 10_12_3) AppleWebKit/537.36 (KHTML, like Gecko) Chrome/56.0.2924.87 Safari/537.36"
94.72.101.21 - - [02/Nov/2024:19:39:24 +0000] "GET /secrets/prod/swagger.json HTTP/1.1" 404 564 "-" "Mozilla/5.0 (Macintosh; Intel Mac OS X 10_12_3) AppleWebKit/537.36 (KHTML, like Gecko) Chrome/56.0.2924.87 Safari/537.36"
94.72.101.21 - - [02/Nov/2024:19:39:24 +0000] "GET /config/aws/dev/README.md HTTP/1.1" 404 564 "-" "Mozilla/5.0 (Macintosh; Intel Mac OS X 10_12_3) AppleWebKit/537.36 (KHTML, like Gecko) Chrome/56.0.2924.87 Safari/537.36"
94.72.101.21 - - [02/Nov/2024:19:39:24 +0000] "GET /microservices/payment-service/dev/service.yaml HTTP/1.1" 404 564 "-" "Mozilla/5.0 (Macintosh; Intel Mac OS X 10_12_3) AppleWebKit/537.36 (KHTML, like Gecko) Chrome/56.0.2924.87 Safari/537.36"
94.72.101.21 - - [02/Nov/2024:19:39:24 +0000] "GET /backend/express/dist/setup.py HTTP/1.1" 404 564 "-" "Mozilla/5.0 (Macintosh; Intel Mac OS X 10_12_3) AppleWebKit/537.36 (KHTML, like Gecko) Chrome/56.0.2924.87 Safari/537.36"
94.72.101.21 - - [02/Nov/2024:19:39:24 +0000] "GET /audit/logs/dev/Dockerfile HTTP/1.1" 404 564 "-" "Mozilla/5.0 (Macintosh; Intel Mac OS X 10_12_3) AppleWebKit/537.36 (KHTML, like Gecko) Chrome/56.0.2924.87 Safari/537.36"
94.72.101.21 - - [02/Nov/2024:19:39:24 +0000] "GET /data_sources/prod/policy.json HTTP/1.1" 404 564 "-" "Mozilla/5.0 (Macintosh; Intel Mac OS X 10_12_3) AppleWebKit/537.36 (KHTML, like Gecko) Chrome/56.0.2924.87 Safari/537.36"
94.72.101.21 - - [02/Nov/2024:19:39:25 +0000] "GET /audit/logs/v2/index.js HTTP/1.1" 404 564 "-" "Mozilla/5.0 (Macintosh; Intel Mac OS X 10_12_3) AppleWebKit/537.36 (KHTML, like Gecko) Chrome/56.0.2924.87 Safari/537.36"
94.72.101.21 - - [02/Nov/2024:19:39:25 +0000] "GET /docs/api_v2/dev/variables.tf HTTP/1.1" 404 564 "-" "Mozilla/5.0 (Macintosh; Intel Mac OS X 10_12_3) AppleWebKit/537.36 (KHTML, like Gecko) Chrome/56.0.2924.87 Safari/537.36"
94.72.101.21 - - [02/Nov/2024:19:39:25 +0000] "GET /terraform/environments/prod/src/service.yaml HTTP/1.1" 404 564 "-" "Mozilla/5.0 (Macintosh; Intel Mac OS X 10_12_3) AppleWebKit/537.36 (KHTML, like Gecko) Chrome/56.0.2924.87 Safari/537.36"
94.72.101.21 - - [02/Nov/2024:19:39:25 +0000] "GET /data/etl_jobs/dev/config.json HTTP/1.1" 404 564 "-" "Mozilla/5.0 (Macintosh; Intel Mac OS X 10_12_3) AppleWebKit/537.36 (KHTML, like Gecko) Chrome/56.0.2924.87 Safari/537.36"
94.72.101.21 - - [02/Nov/2024:19:39:25 +0000] "GET /microservices/inventory/v1/requirements.txt HTTP/1.1" 404 564 "-" "Mozilla/5.0 (Macintosh; Intel Mac OS X 10_12_3) AppleWebKit/537.36 (KHTML, like Gecko) Chrome/56.0.2924.87 Safari/537.36"
94.72.101.21 - - [02/Nov/2024:19:39:26 +0000] "GET /docs/readme/v2/variables.tf HTTP/1.1" 404 564 "-" "Mozilla/5.0 (Macintosh; Intel Mac OS X 10_12_3) AppleWebKit/537.36 (KHTML, like Gecko) Chrome/56.0.2924.87 Safari/537.36"
94.72.101.21 - - [02/Nov/2024:19:39:26 +0000] "GET /backend/express/v2/variables.tf HTTP/1.1" 404 564 "-" "Mozilla/5.0 (Macintosh; Intel Mac OS X 10_12_3) AppleWebKit/537.36 (KHTML, like Gecko) Chrome/56.0.2924.87 Safari/537.36"
94.72.101.21 - - [02/Nov/2024:19:39:26 +0000] "GET /pipelines/dataflow/dev/deployment.yaml HTTP/1.1" 404 564 "-" "Mozilla/5.0 (Macintosh; Intel Mac OS X 10_12_3) AppleWebKit/537.36 (KHTML, like Gecko) Chrome/56.0.2924.87 Safari/537.36"
94.72.101.21 - - [02/Nov/2024:19:39:26 +0000] "GET /documentation/architecture/prod/README.md HTTP/1.1" 404 564 "-" "Mozilla/5.0 (Macintosh; Intel Mac OS X 10_12_3) AppleWebKit/537.36 (KHTML, like Gecko) Chrome/56.0.2924.87 Safari/537.36"
94.72.101.21 - - [02/Nov/2024:19:39:27 +0000] "GET /backend/koa/dist/main.js HTTP/1.1" 404 564 "-" "Mozilla/5.0 (Macintosh; Intel Mac OS X 10_12_3) AppleWebKit/537.36 (KHTML, like Gecko) Chrome/56.0.2924.87 Safari/537.36"
94.72.101.21 - - [02/Nov/2024:19:39:27 +0000] "GET /microservices/user-service/v2/.env HTTP/1.1" 404 564 "-" "Mozilla/5.0 (Macintosh; Intel Mac OS X 10_12_3) AppleWebKit/537.36 (KHTML, like Gecko) Chrome/56.0.2924.87 Safari/537.36"
94.72.101.21 - - [02/Nov/2024:19:39:27 +0000] "GET /integrations/stripe/dev/variables.tf HTTP/1.1" 404 564 "-" "Mozilla/5.0 (Macintosh; Intel Mac OS X 10_12_3) AppleWebKit/537.36 (KHTML, like Gecko) Chrome/56.0.2924.87 Safari/537.36"
94.72.101.21 - - [02/Nov/2024:19:39:27 +0000] "GET /microservices/user-service/v1/setup.py HTTP/1.1" 404 564 "-" "Mozilla/5.0 (Macintosh; Intel Mac OS X 10_12_3) AppleWebKit/537.36 (KHTML, like Gecko) Chrome/56.0.2924.87 Safari/537.36"
94.72.101.21 - - [02/Nov/2024:19:39:27 +0000] "GET /docs/readme/dev/main.js HTTP/1.1" 404 564 "-" "Mozilla/5.0 (Macintosh; Intel Mac OS X 10_12_3) AppleWebKit/537.36 (KHTML, like Gecko) Chrome/56.0.2924.87 Safari/537.36"
94.72.101.21 - - [02/Nov/2024:19:39:27 +0000] "GET /integrations/slack/v1/schema.sql HTTP/1.1" 404 564 "-" "Mozilla/5.0 (Macintosh; Intel Mac OS X 10_12_3) AppleWebKit/537.36 (KHTML, like Gecko) Chrome/56.0.2924.87 Safari/537.36"
94.72.101.21 - - [02/Nov/2024:19:39:28 +0000] "GET /integrations/stripe/dist/setup.py HTTP/1.1" 404 564 "-" "Mozilla/5.0 (Macintosh; Intel Mac OS X 10_12_3) AppleWebKit/537.36 (KHTML, like Gecko) Chrome/56.0.2924.87 Safari/537.36"
94.72.101.21 - - [02/Nov/2024:19:39:28 +0000] "GET /ci-cd/github/v1/app.py HTTP/1.1" 404 564 "-" "Mozilla/5.0 (Macintosh; Intel Mac OS X 10_12_3) AppleWebKit/537.36 (KHTML, like Gecko) Chrome/56.0.2924.87 Safari/537.36"
94.72.101.21 - - [02/Nov/2024:19:39:28 +0000] "GET /ci-cd/github/v2/service.yaml HTTP/1.1" 404 564 "-" "Mozilla/5.0 (Macintosh; Intel Mac OS X 10_12_3) AppleWebKit/537.36 (KHTML, like Gecko) Chrome/56.0.2924.87 Safari/537.36"
94.72.101.21 - - [02/Nov/2024:19:39:28 +0000] "GET /config/env/dist/schema.sql HTTP/1.1" 404 564 "-" "Mozilla/5.0 (Macintosh; Intel Mac OS X 10_12_3) AppleWebKit/537.36 (KHTML, like Gecko) Chrome/56.0.2924.87 Safari/537.36"
94.72.101.21 - - [02/Nov/2024:19:39:28 +0000] "GET /ml/models/v2/variables.tf HTTP/1.1" 404 564 "-" "Mozilla/5.0 (Macintosh; Intel Mac OS X 10_12_3) AppleWebKit/537.36 (KHTML, like Gecko) Chrome/56.0.2924.87 Safari/537.36"
94.72.101.21 - - [02/Nov/2024:19:39:29 +0000] "GET /terraform/environments/prod/v1/swagger.json HTTP/1.1" 404 564 "-" "Mozilla/5.0 (Macintosh; Intel Mac OS X 10_12_3) AppleWebKit/537.36 (KHTML, like Gecko) Chrome/56.0.2924.87 Safari/537.36"
94.72.101.21 - - [02/Nov/2024:19:39:29 +0000] "GET /config/azure/v1/.env HTTP/1.1" 404 564 "-" "Mozilla/5.0 (Macintosh; Intel Mac OS X 10_12_3) AppleWebKit/537.36 (KHTML, like Gecko) Chrome/56.0.2924.87 Safari/537.36"
94.72.101.21 - - [02/Nov/2024:19:39:29 +0000] "GET /backend/nestjs/v2/service.yaml HTTP/1.1" 404 564 "-" "Mozilla/5.0 (Macintosh; Intel Mac OS X 10_12_3) AppleWebKit/537.36 (KHTML, like Gecko) Chrome/56.0.2924.87 Safari/537.36"
94.72.101.21 - - [02/Nov/2024:19:39:29 +0000] "GET /docs/api_v2/v1/main.js HTTP/1.1" 404 564 "-" "Mozilla/5.0 (Macintosh; Intel Mac OS X 10_12_3) AppleWebKit/537.36 (KHTML, like Gecko) Chrome/56.0.2924.87 Safari/537.36"
94.72.101.21 - - [02/Nov/2024:19:39:29 +0000] "GET /frontend/nextjs/v1/variables.tf HTTP/1.1" 404 564 "-" "Mozilla/5.0 (Macintosh; Intel Mac OS X 10_12_3) AppleWebKit/537.36 (KHTML, like Gecko) Chrome/56.0.2924.87 Safari/537.36"
94.72.101.21 - - [02/Nov/2024:19:39:29 +0000] "GET /frontend/react-app/dev/main.js HTTP/1.1" 404 564 "-" "Mozilla/5.0 (Macintosh; Intel Mac OS X 10_12_3) AppleWebKit/537.36 (KHTML, like Gecko) Chrome/56.0.2924.87 Safari/537.36"
94.72.101.21 - - [02/Nov/2024:19:39:30 +0000] "GET /config/aws/prod/index.js HTTP/1.1" 404 564 "-" "Mozilla/5.0 (Macintosh; Intel Mac OS X 10_12_3) AppleWebKit/537.36 (KHTML, like Gecko) Chrome/56.0.2924.87 Safari/537.36"
94.72.101.21 - - [02/Nov/2024:19:39:30 +0000] "GET /docs/api_v2/v2/index.js HTTP/1.1" 404 564 "-" "Mozilla/5.0 (Macintosh; Intel Mac OS X 10_12_3) AppleWebKit/537.36 (KHTML, like Gecko) Chrome/56.0.2924.87 Safari/537.36"
94.72.101.21 - - [02/Nov/2024:19:39:30 +0000] "GET /pipelines/dataflow/src/Dockerfile HTTP/1.1" 404 564 "-" "Mozilla/5.0 (Macintosh; Intel Mac OS X 10_12_3) AppleWebKit/537.36 (KHTML, like Gecko) Chrome/56.0.2924.87 Safari/537.36"
94.72.101.21 - - [02/Nov/2024:19:39:30 +0000] "GET /microservices/user-service/prod/policy.json HTTP/1.1" 404 564 "-" "Mozilla/5.0 (Macintosh; Intel Mac OS X 10_12_3) AppleWebKit/537.36 (KHTML, like Gecko) Chrome/56.0.2924.87 Safari/537.36"
94.72.101.21 - - [02/Nov/2024:19:39:31 +0000] "GET /docs/api_v2/v1/swagger.json HTTP/1.1" 404 564 "-" "Mozilla/5.0 (Macintosh; Intel Mac OS X 10_12_3) AppleWebKit/537.36 (KHTML, like Gecko) Chrome/56.0.2924.87 Safari/537.36"
94.72.101.21 - - [02/Nov/2024:19:39:31 +0000] "GET /k8s/v1/policy.json HTTP/1.1" 404 564 "-" "Mozilla/5.0 (Macintosh; Intel Mac OS X 10_12_3) AppleWebKit/537.36 (KHTML, like Gecko) Chrome/56.0.2924.87 Safari/537.36"
94.72.101.21 - - [02/Nov/2024:19:39:32 +0000] "GET /pipelines/dataflow/dev/config.json HTTP/1.1" 404 564 "-" "Mozilla/5.0 (Macintosh; Intel Mac OS X 10_12_3) AppleWebKit/537.36 (KHTML, like Gecko) Chrome/56.0.2924.87 Safari/537.36"
94.72.101.21 - - [02/Nov/2024:19:39:32 +0000] "GET /security/vault/prod/app.py HTTP/1.1" 404 564 "-" "Mozilla/5.0 (Macintosh; Intel Mac OS X 10_12_3) AppleWebKit/537.36 (KHTML, like Gecko) Chrome/56.0.2924.87 Safari/537.36"
94.72.101.21 - - [02/Nov/2024:19:39:32 +0000] "GET /audit/logs/v2/swagger.json HTTP/1.1" 404 564 "-" "Mozilla/5.0 (Macintosh; Intel Mac OS X 10_12_3) AppleWebKit/537.36 (KHTML, like Gecko) Chrome/56.0.2924.87 Safari/537.36"
94.72.101.21 - - [02/Nov/2024:19:39:32 +0000] "GET /terraform/environments/prod/dev/requirements.txt HTTP/1.1" 404 564 "-" "Mozilla/5.0 (Macintosh; Intel Mac OS X 10_12_3) AppleWebKit/537.36 (KHTML, like Gecko) Chrome/56.0.2924.87 Safari/537.36"
94.72.101.21 - - [02/Nov/2024:19:39:32 +0000] "GET /data_sources/prod/secrets.env HTTP/1.1" 404 564 "-" "Mozilla/5.0 (Macintosh; Intel Mac OS X 10_12_3) AppleWebKit/537.36 (KHTML, like Gecko) Chrome/56.0.2924.87 Safari/537.36"
94.72.101.21 - - [02/Nov/2024:19:39:32 +0000] "GET /microservices/inventory/src/swagger.json HTTP/1.1" 404 564 "-" "Mozilla/5.0 (Macintosh; Intel Mac OS X 10_12_3) AppleWebKit/537.36 (KHTML, like Gecko) Chrome/56.0.2924.87 Safari/537.36"
94.72.101.21 - - [02/Nov/2024:19:39:33 +0000] "GET /data_sources/prod/swagger.json HTTP/1.1" 404 564 "-" "Mozilla/5.0 (Macintosh; Intel Mac OS X 10_12_3) AppleWebKit/537.36 (KHTML, like Gecko) Chrome/56.0.2924.87 Safari/537.36"
94.72.101.21 - - [02/Nov/2024:19:39:33 +0000] "GET /docs/readme/v2/main.js HTTP/1.1" 404 564 "-" "Mozilla/5.0 (Macintosh; Intel Mac OS X 10_12_3) AppleWebKit/537.36 (KHTML, like Gecko) Chrome/56.0.2924.87 Safari/537.36"
94.72.101.21 - - [02/Nov/2024:19:39:33 +0000] "GET /ml/models/prod/service.yaml HTTP/1.1" 404 564 "-" "Mozilla/5.0 (Macintosh; Intel Mac OS X 10_12_3) AppleWebKit/537.36 (KHTML, like Gecko) Chrome/56.0.2924.87 Safari/537.36"
94.72.101.21 - - [02/Nov/2024:19:39:33 +0000] "GET /frontend/svelte-app/v1/config.json HTTP/1.1" 404 564 "-" "Mozilla/5.0 (Macintosh; Intel Mac OS X 10_12_3) AppleWebKit/537.36 (KHTML, like Gecko) Chrome/56.0.2924.87 Safari/537.36"
94.72.101.21 - - [02/Nov/2024:19:39:33 +0000] "GET /audit/logs/v1/requirements.txt HTTP/1.1" 404 564 "-" "Mozilla/5.0 (Macintosh; Intel Mac OS X 10_12_3) AppleWebKit/537.36 (KHTML, like Gecko) Chrome/56.0.2924.87 Safari/537.36"
94.72.101.21 - - [02/Nov/2024:19:39:34 +0000] "GET /documentation/architecture/v2/.env HTTP/1.1" 404 564 "-" "Mozilla/5.0 (Macintosh; Intel Mac OS X 10_12_3) AppleWebKit/537.36 (KHTML, like Gecko) Chrome/56.0.2924.87 Safari/537.36"
94.72.101.21 - - [02/Nov/2024:19:39:34 +0000] "GET /pipelines/dataflow/dist/variables.tf HTTP/1.1" 404 564 "-" "Mozilla/5.0 (Macintosh; Intel Mac OS X 10_12_3) AppleWebKit/537.36 (KHTML, like Gecko) Chrome/56.0.2924.87 Safari/537.36"
94.72.101.21 - - [02/Nov/2024:19:39:34 +0000] "GET /microservices/payment-service/prod/secrets.env HTTP/1.1" 404 564 "-" "Mozilla/5.0 (Macintosh; Intel Mac OS X 10_12_3) AppleWebKit/537.36 (KHTML, like Gecko) Chrome/56.0.2924.87 Safari/537.36"
94.72.101.21 - - [02/Nov/2024:19:39:34 +0000] "GET /microservices/user-service/dist/policy.json HTTP/1.1" 404 564 "-" "Mozilla/5.0 (Macintosh; Intel Mac OS X 10_12_3) AppleWebKit/537.36 (KHTML, like Gecko) Chrome/56.0.2924.87 Safari/537.36"
94.72.101.21 - - [02/Nov/2024:19:39:34 +0000] "GET /backend/fastapi/v2/schema.sql HTTP/1.1" 404 564 "-" "Mozilla/5.0 (Macintosh; Intel Mac OS X 10_12_3) AppleWebKit/537.36 (KHTML, like Gecko) Chrome/56.0.2924.87 Safari/537.36"
94.72.101.21 - - [02/Nov/2024:19:39:34 +0000] "GET /config/azure/prod/app.py HTTP/1.1" 404 564 "-" "Mozilla/5.0 (Macintosh; Intel Mac OS X 10_12_3) AppleWebKit/537.36 (KHTML, like Gecko) Chrome/56.0.2924.87 Safari/537.36"
94.72.101.21 - - [02/Nov/2024:19:39:35 +0000] "GET /backend/nestjs/v2/secrets.env HTTP/1.1" 404 564 "-" "Mozilla/5.0 (Macintosh; Intel Mac OS X 10_12_3) AppleWebKit/537.36 (KHTML, like Gecko) Chrome/56.0.2924.87 Safari/537.36"
94.72.101.21 - - [02/Nov/2024:19:39:35 +0000] "GET /config/aws/dist/app.py HTTP/1.1" 404 564 "-" "Mozilla/5.0 (Macintosh; Intel Mac OS X 10_12_3) AppleWebKit/537.36 (KHTML, like Gecko) Chrome/56.0.2924.87 Safari/537.36"
94.72.101.21 - - [02/Nov/2024:19:39:35 +0000] "GET /docs/readme/src/variables.tf HTTP/1.1" 404 564 "-" "Mozilla/5.0 (Macintosh; Intel Mac OS X 10_12_3) AppleWebKit/537.36 (KHTML, like Gecko) Chrome/56.0.2924.87 Safari/537.36"
94.72.101.21 - - [02/Nov/2024:19:39:35 +0000] "GET /pipelines/dataflow/src/README.md HTTP/1.1" 404 564 "-" "Mozilla/5.0 (Macintosh; Intel Mac OS X 10_12_3) AppleWebKit/537.36 (KHTML, like Gecko) Chrome/56.0.2924.87 Safari/537.36"
94.72.101.21 - - [02/Nov/2024:19:39:35 +0000] "GET /ml/models/src/.env HTTP/1.1" 404 564 "-" "Mozilla/5.0 (Macintosh; Intel Mac OS X 10_12_3) AppleWebKit/537.36 (KHTML, like Gecko) Chrome/56.0.2924.87 Safari/537.36"
94.72.101.21 - - [02/Nov/2024:19:39:35 +0000] "GET /data/etl_jobs/dev/schema.sql HTTP/1.1" 404 564 "-" "Mozilla/5.0 (Macintosh; Intel Mac OS X 10_12_3) AppleWebKit/537.36 (KHTML, like Gecko) Chrome/56.0.2924.87 Safari/537.36"
94.72.101.21 - - [02/Nov/2024:19:39:36 +0000] "GET /backend/koa/v2/index.js HTTP/1.1" 404 564 "-" "Mozilla/5.0 (Macintosh; Intel Mac OS X 10_12_3) AppleWebKit/537.36 (KHTML, like Gecko) Chrome/56.0.2924.87 Safari/537.36"
94.72.101.21 - - [02/Nov/2024:19:39:36 +0000] "GET /terraform/environments/prod/prod/swagger.json HTTP/1.1" 404 564 "-" "Mozilla/5.0 (Macintosh; Intel Mac OS X 10_12_3) AppleWebKit/537.36 (KHTML, like Gecko) Chrome/56.0.2924.87 Safari/537.36"
94.72.101.21 - - [02/Nov/2024:19:39:36 +0000] "GET /data_sources/dev/index.js HTTP/1.1" 404 564 "-" "Mozilla/5.0 (Macintosh; Intel Mac OS X 10_12_3) AppleWebKit/537.36 (KHTML, like Gecko) Chrome/56.0.2924.87 Safari/537.36"
94.72.101.21 - - [02/Nov/2024:19:39:36 +0000] "GET /docs/readme/dev/secrets.env HTTP/1.1" 404 564 "-" "Mozilla/5.0 (Macintosh; Intel Mac OS X 10_12_3) AppleWebKit/537.36 (KHTML, like Gecko) Chrome/56.0.2924.87 Safari/537.36"
94.72.101.21 - - [02/Nov/2024:19:39:36 +0000] "GET /config/database/v2/.env HTTP/1.1" 404 564 "-" "Mozilla/5.0 (Macintosh; Intel Mac OS X 10_12_3) AppleWebKit/537.36 (KHTML, like Gecko) Chrome/56.0.2924.87 Safari/537.36"
94.72.101.21 - - [02/Nov/2024:19:39:37 +0000] "GET /terraform/environments/prod/dist/setup.py HTTP/1.1" 404 564 "-" "Mozilla/5.0 (Macintosh; Intel Mac OS X 10_12_3) AppleWebKit/537.36 (KHTML, like Gecko) Chrome/56.0.2924.87 Safari/537.36"
94.72.101.21 - - [02/Nov/2024:19:39:37 +0000] "GET /microservices/payment-service/dev/.env HTTP/1.1" 404 564 "-" "Mozilla/5.0 (Macintosh; Intel Mac OS X 10_12_3) AppleWebKit/537.36 (KHTML, like Gecko) Chrome/56.0.2924.87 Safari/537.36"
94.72.101.21 - - [02/Nov/2024:19:39:37 +0000] "GET /ci-cd/github/dist/swagger.json HTTP/1.1" 404 564 "-" "Mozilla/5.0 (Macintosh; Intel Mac OS X 10_12_3) AppleWebKit/537.36 (KHTML, like Gecko) Chrome/56.0.2924.87 Safari/537.36"
94.72.101.21 - - [02/Nov/2024:19:39:37 +0000] "GET /ci-cd/gitlab/v2/config.json HTTP/1.1" 404 564 "-" "Mozilla/5.0 (Macintosh; Intel Mac OS X 10_12_3) AppleWebKit/537.36 (KHTML, like Gecko) Chrome/56.0.2924.87 Safari/537.36"
94.72.101.21 - - [02/Nov/2024:19:39:37 +0000] "GET /config/env/dist/app.py HTTP/1.1" 404 564 "-" "Mozilla/5.0 (Macintosh; Intel Mac OS X 10_12_3) AppleWebKit/537.36 (KHTML, like Gecko) Chrome/56.0.2924.87 Safari/537.36"
94.72.101.21 - - [02/Nov/2024:19:39:37 +0000] "GET /ml/models/prod/deployment.yaml HTTP/1.1" 404 564 "-" "Mozilla/5.0 (Macintosh; Intel Mac OS X 10_12_3) AppleWebKit/537.36 (KHTML, like Gecko) Chrome/56.0.2924.87 Safari/537.36"
94.72.101.21 - - [02/Nov/2024:19:39:38 +0000] "GET /backend/express/src/config.json HTTP/1.1" 404 564 "-" "Mozilla/5.0 (Macintosh; Intel Mac OS X 10_12_3) AppleWebKit/537.36 (KHTML, like Gecko) Chrome/56.0.2924.87 Safari/537.36"
94.72.101.21 - - [02/Nov/2024:19:39:38 +0000] "GET /security/vault/dist/swagger.json HTTP/1.1" 404 564 "-" "Mozilla/5.0 (Macintosh; Intel Mac OS X 10_12_3) AppleWebKit/537.36 (KHTML, like Gecko) Chrome/56.0.2924.87 Safari/537.36"
94.72.101.21 - - [02/Nov/2024:19:39:38 +0000] "GET /config/aws/src/variables.tf HTTP/1.1" 404 564 "-" "Mozilla/5.0 (Macintosh; Intel Mac OS X 10_12_3) AppleWebKit/537.36 (KHTML, like Gecko) Chrome/56.0.2924.87 Safari/537.36"
94.72.101.21 - - [02/Nov/2024:19:39:38 +0000] "GET /docs/api_v2/dev/config.json HTTP/1.1" 404 564 "-" "Mozilla/5.0 (Macintosh; Intel Mac OS X 10_12_3) AppleWebKit/537.36 (KHTML, like Gecko) Chrome/56.0.2924.87 Safari/537.36"
94.72.101.21 - - [02/Nov/2024:19:39:39 +0000] "GET /frontend/svelte-app/prod/service.yaml HTTP/1.1" 404 564 "-" "Mozilla/5.0 (Macintosh; Intel Mac OS X 10_12_3) AppleWebKit/537.36 (KHTML, like Gecko) Chrome/56.0.2924.87 Safari/537.36"
94.72.101.21 - - [02/Nov/2024:19:39:39 +0000] "GET /config/azure/v1/index.js HTTP/1.1" 404 564 "-" "Mozilla/5.0 (Macintosh; Intel Mac OS X 10_12_3) AppleWebKit/537.36 (KHTML, like Gecko) Chrome/56.0.2924.87 Safari/537.36"
94.72.101.21 - - [02/Nov/2024:19:39:39 +0000] "GET /backend/fastapi/src/schema.sql HTTP/1.1" 404 564 "-" "Mozilla/5.0 (Macintosh; Intel Mac OS X 10_12_3) AppleWebKit/537.36 (KHTML, like Gecko) Chrome/56.0.2924.87 Safari/537.36"
94.72.101.21 - - [02/Nov/2024:19:39:39 +0000] "GET /integrations/stripe/dev/Dockerfile HTTP/1.1" 404 564 "-" "Mozilla/5.0 (Macintosh; Intel Mac OS X 10_12_3) AppleWebKit/537.36 (KHTML, like Gecko) Chrome/56.0.2924.87 Safari/537.36"
94.72.101.21 - - [02/Nov/2024:19:39:39 +0000] "GET /config/env/dist/.env HTTP/1.1" 404 564 "-" "Mozilla/5.0 (Macintosh; Intel Mac OS X 10_12_3) AppleWebKit/537.36 (KHTML, like Gecko) Chrome/56.0.2924.87 Safari/537.36"
94.72.101.21 - - [02/Nov/2024:19:39:39 +0000] "GET /integrations/stripe/prod/policy.json HTTP/1.1" 404 564 "-" "Mozilla/5.0 (Macintosh; Intel Mac OS X 10_12_3) AppleWebKit/537.36 (KHTML, like Gecko) Chrome/56.0.2924.87 Safari/537.36"
94.72.101.21 - - [02/Nov/2024:19:39:40 +0000] "GET /config/env/v1/requirements.txt HTTP/1.1" 404 564 "-" "Mozilla/5.0 (Macintosh; Intel Mac OS X 10_12_3) AppleWebKit/537.36 (KHTML, like Gecko) Chrome/56.0.2924.87 Safari/537.36"
94.72.101.21 - - [02/Nov/2024:19:39:40 +0000] "GET /k8s/prod/requirements.txt HTTP/1.1" 404 564 "-" "Mozilla/5.0 (Macintosh; Intel Mac OS X 10_12_3) AppleWebKit/537.36 (KHTML, like Gecko) Chrome/56.0.2924.87 Safari/537.36"
94.72.101.21 - - [02/Nov/2024:19:39:40 +0000] "GET /config/aws/src/deployment.yaml HTTP/1.1" 404 564 "-" "Mozilla/5.0 (Macintosh; Intel Mac OS X 10_12_3) AppleWebKit/537.36 (KHTML, like Gecko) Chrome/56.0.2924.87 Safari/537.36"
94.72.101.21 - - [02/Nov/2024:19:39:40 +0000] "GET /docs/readme/dev/policy.json HTTP/1.1" 404 564 "-" "Mozilla/5.0 (Macintosh; Intel Mac OS X 10_12_3) AppleWebKit/537.36 (KHTML, like Gecko) Chrome/56.0.2924.87 Safari/537.36"
94.72.101.21 - - [02/Nov/2024:19:39:40 +0000] "GET /pipelines/dataflow/prod/secrets.env HTTP/1.1" 404 564 "-" "Mozilla/5.0 (Macintosh; Intel Mac OS X 10_12_3) AppleWebKit/537.36 (KHTML, like Gecko) Chrome/56.0.2924.87 Safari/537.36"
94.72.101.21 - - [02/Nov/2024:19:39:40 +0000] "GET /secrets/dev/policy.json HTTP/1.1" 404 564 "-" "Mozilla/5.0 (Macintosh; Intel Mac OS X 10_12_3) AppleWebKit/537.36 (KHTML, like Gecko) Chrome/56.0.2924.87 Safari/537.36"
94.72.101.21 - - [02/Nov/2024:19:39:41 +0000] "GET /backend/nestjs/dev/policy.json HTTP/1.1" 404 564 "-" "Mozilla/5.0 (Macintosh; Intel Mac OS X 10_12_3) AppleWebKit/537.36 (KHTML, like Gecko) Chrome/56.0.2924.87 Safari/537.36"
94.72.101.21 - - [02/Nov/2024:19:39:42 +0000] "GET /config/azure/dev/main.js HTTP/1.1" 404 564 "-" "Mozilla/5.0 (Macintosh; Intel Mac OS X 10_12_3) AppleWebKit/537.36 (KHTML, like Gecko) Chrome/56.0.2924.87 Safari/537.36"
94.72.101.21 - - [02/Nov/2024:19:39:42 +0000] "GET /backend/express/src/service.yaml HTTP/1.1" 404 564 "-" "Mozilla/5.0 (Macintosh; Intel Mac OS X 10_12_3) AppleWebKit/537.36 (KHTML, like Gecko) Chrome/56.0.2924.87 Safari/537.36"
94.72.101.21 - - [02/Nov/2024:19:39:42 +0000] "GET /docs/api_v2/prod/schema.sql HTTP/1.1" 404 564 "-" "Mozilla/5.0 (Macintosh; Intel Mac OS X 10_12_3) AppleWebKit/537.36 (KHTML, like Gecko) Chrome/56.0.2924.87 Safari/537.36"
94.72.101.21 - - [02/Nov/2024:19:39:42 +0000] "GET /documentation/architecture/dev/secrets.env HTTP/1.1" 404 564 "-" "Mozilla/5.0 (Macintosh; Intel Mac OS X 10_12_3) AppleWebKit/537.36 (KHTML, like Gecko) Chrome/56.0.2924.87 Safari/537.36"
94.72.101.21 - - [02/Nov/2024:19:39:42 +0000] "GET /config/env/src/index.js HTTP/1.1" 404 564 "-" "Mozilla/5.0 (Macintosh; Intel Mac OS X 10_12_3) AppleWebKit/537.36 (KHTML, like Gecko) Chrome/56.0.2924.87 Safari/537.36"
94.72.101.21 - - [02/Nov/2024:19:39:42 +0000] "GET /data_sources/src/README.md HTTP/1.1" 404 564 "-" "Mozilla/5.0 (Macintosh; Intel Mac OS X 10_12_3) AppleWebKit/537.36 (KHTML, like Gecko) Chrome/56.0.2924.87 Safari/537.36"
94.72.101.21 - - [02/Nov/2024:19:39:43 +0000] "GET /integrations/twilio/v2/variables.tf HTTP/1.1" 404 564 "-" "Mozilla/5.0 (Macintosh; Intel Mac OS X 10_12_3) AppleWebKit/537.36 (KHTML, like Gecko) Chrome/56.0.2924.87 Safari/537.36"
94.72.101.21 - - [02/Nov/2024:19:39:43 +0000] "GET /integrations/slack/prod/main.js HTTP/1.1" 404 564 "-" "Mozilla/5.0 (Macintosh; Intel Mac OS X 10_12_3) AppleWebKit/537.36 (KHTML, like Gecko) Chrome/56.0.2924.87 Safari/537.36"
94.72.101.21 - - [02/Nov/2024:19:39:44 +0000] "GET /data/etl_jobs/prod/setup.py HTTP/1.1" 404 564 "-" "Mozilla/5.0 (Macintosh; Intel Mac OS X 10_12_3) AppleWebKit/537.36 (KHTML, like Gecko) Chrome/56.0.2924.87 Safari/537.36"
94.72.101.21 - - [02/Nov/2024:19:39:44 +0000] "GET /backend/fastapi/v1/README.md HTTP/1.1" 404 564 "-" "Mozilla/5.0 (Macintosh; Intel Mac OS X 10_12_3) AppleWebKit/537.36 (KHTML, like Gecko) Chrome/56.0.2924.87 Safari/537.36"
94.72.101.21 - - [02/Nov/2024:19:39:44 +0000] "GET /ci-cd/github/v2/variables.tf HTTP/1.1" 404 564 "-" "Mozilla/5.0 (Macintosh; Intel Mac OS X 10_12_3) AppleWebKit/537.36 (KHTML, like Gecko) Chrome/56.0.2924.87 Safari/537.36"
94.72.101.21 - - [02/Nov/2024:19:39:44 +0000] "GET /backend/nestjs/src/Dockerfile HTTP/1.1" 404 564 "-" "Mozilla/5.0 (Macintosh; Intel Mac OS X 10_12_3) AppleWebKit/537.36 (KHTML, like Gecko) Chrome/56.0.2924.87 Safari/537.36"
94.72.101.21 - - [02/Nov/2024:19:39:44 +0000] "GET /ml/models/v1/requirements.txt HTTP/1.1" 404 564 "-" "Mozilla/5.0 (Macintosh; Intel Mac OS X 10_12_3) AppleWebKit/537.36 (KHTML, like Gecko) Chrome/56.0.2924.87 Safari/537.36"
94.72.101.21 - - [02/Nov/2024:19:39:45 +0000] "GET /backend/nestjs/dist/policy.json HTTP/1.1" 404 564 "-" "Mozilla/5.0 (Macintosh; Intel Mac OS X 10_12_3) AppleWebKit/537.36 (KHTML, like Gecko) Chrome/56.0.2924.87 Safari/537.36"
94.72.101.21 - - [02/Nov/2024:19:39:46 +0000] "GET /frontend/react-app/prod/requirements.txt HTTP/1.1" 404 564 "-" "Mozilla/5.0 (Macintosh; Intel Mac OS X 10_12_3) AppleWebKit/537.36 (KHTML, like Gecko) Chrome/56.0.2924.87 Safari/537.36"
94.72.101.21 - - [02/Nov/2024:19:39:46 +0000] "GET /terraform/environments/prod/dist/service.yaml HTTP/1.1" 404 564 "-" "Mozilla/5.0 (Macintosh; Intel Mac OS X 10_12_3) AppleWebKit/537.36 (KHTML, like Gecko) Chrome/56.0.2924.87 Safari/537.36"
94.72.101.21 - - [02/Nov/2024:19:39:46 +0000] "GET /microservices/payment-service/v1/swagger.json HTTP/1.1" 404 564 "-" "Mozilla/5.0 (Macintosh; Intel Mac OS X 10_12_3) AppleWebKit/537.36 (KHTML, like Gecko) Chrome/56.0.2924.87 Safari/537.36"
94.72.101.21 - - [02/Nov/2024:19:39:46 +0000] "GET /microservices/user-service/dist/service.yaml HTTP/1.1" 404 564 "-" "Mozilla/5.0 (Macintosh; Intel Mac OS X 10_12_3) AppleWebKit/537.36 (KHTML, like Gecko) Chrome/56.0.2924.87 Safari/537.36"
94.72.101.21 - - [02/Nov/2024:19:39:46 +0000] "GET /ci-cd/github/prod/setup.py HTTP/1.1" 404 564 "-" "Mozilla/5.0 (Macintosh; Intel Mac OS X 10_12_3) AppleWebKit/537.36 (KHTML, like Gecko) Chrome/56.0.2924.87 Safari/537.36"
94.72.101.21 - - [02/Nov/2024:19:39:47 +0000] "GET /integrations/twilio/src/requirements.txt HTTP/1.1" 404 564 "-" "Mozilla/5.0 (Macintosh; Intel Mac OS X 10_12_3) AppleWebKit/537.36 (KHTML, like Gecko) Chrome/56.0.2924.87 Safari/537.36"
94.72.101.21 - - [02/Nov/2024:19:39:47 +0000] "GET /frontend/vue-app/v1/config.json HTTP/1.1" 404 564 "-" "Mozilla/5.0 (Macintosh; Intel Mac OS X 10_12_3) AppleWebKit/537.36 (KHTML, like Gecko) Chrome/56.0.2924.87 Safari/537.36"
94.72.101.21 - - [02/Nov/2024:19:39:48 +0000] "GET /docs/readme/prod/secrets.env HTTP/1.1" 404 564 "-" "Mozilla/5.0 (Macintosh; Intel Mac OS X 10_12_3) AppleWebKit/537.36 (KHTML, like Gecko) Chrome/56.0.2924.87 Safari/537.36"
94.72.101.21 - - [02/Nov/2024:19:39:48 +0000] "GET /compliance/reports/dev/requirements.txt HTTP/1.1" 404 564 "-" "Mozilla/5.0 (Macintosh; Intel Mac OS X 10_12_3) AppleWebKit/537.36 (KHTML, like Gecko) Chrome/56.0.2924.87 Safari/537.36"
94.72.101.21 - - [02/Nov/2024:19:39:49 +0000] "GET /frontend/nextjs/dist/main.js HTTP/1.1" 404 564 "-" "Mozilla/5.0 (Macintosh; Intel Mac OS X 10_12_3) AppleWebKit/537.36 (KHTML, like Gecko) Chrome/56.0.2924.87 Safari/537.36"
94.72.101.21 - - [02/Nov/2024:19:39:49 +0000] "GET /config/database/dev/variables.tf HTTP/1.1" 404 564 "-" "Mozilla/5.0 (Macintosh; Intel Mac OS X 10_12_3) AppleWebKit/537.36 (KHTML, like Gecko) Chrome/56.0.2924.87 Safari/537.36"
94.72.101.21 - - [02/Nov/2024:19:39:49 +0000] "GET /config/env/v1/deployment.yaml HTTP/1.1" 404 564 "-" "Mozilla/5.0 (Macintosh; Intel Mac OS X 10_12_3) AppleWebKit/537.36 (KHTML, like Gecko) Chrome/56.0.2924.87 Safari/537.36"
94.72.101.21 - - [02/Nov/2024:19:39:49 +0000] "GET /backend/koa/dist/.env HTTP/1.1" 404 564 "-" "Mozilla/5.0 (Macintosh; Intel Mac OS X 10_12_3) AppleWebKit/537.36 (KHTML, like Gecko) Chrome/56.0.2924.87 Safari/537.36"
94.72.101.21 - - [02/Nov/2024:19:39:50 +0000] "GET /data_sources/v1/requirements.txt HTTP/1.1" 404 564 "-" "Mozilla/5.0 (Macintosh; Intel Mac OS X 10_12_3) AppleWebKit/537.36 (KHTML, like Gecko) Chrome/56.0.2924.87 Safari/537.36"
94.72.101.21 - - [02/Nov/2024:19:39:50 +0000] "GET /frontend/react-app/src/.env HTTP/1.1" 404 564 "-" "Mozilla/5.0 (Macintosh; Intel Mac OS X 10_12_3) AppleWebKit/537.36 (KHTML, like Gecko) Chrome/56.0.2924.87 Safari/537.36"
94.72.101.21 - - [02/Nov/2024:19:39:50 +0000] "GET /documentation/architecture/dist/config.json HTTP/1.1" 404 564 "-" "Mozilla/5.0 (Macintosh; Intel Mac OS X 10_12_3) AppleWebKit/537.36 (KHTML, like Gecko) Chrome/56.0.2924.87 Safari/537.36"
94.72.101.21 - - [02/Nov/2024:19:39:50 +0000] "GET /config/database/prod/swagger.json HTTP/1.1" 404 564 "-" "Mozilla/5.0 (Macintosh; Intel Mac OS X 10_12_3) AppleWebKit/537.36 (KHTML, like Gecko) Chrome/56.0.2924.87 Safari/537.36"
94.72.101.21 - - [02/Nov/2024:19:39:50 +0000] "GET /terraform/environments/prod/src/swagger.json HTTP/1.1" 404 564 "-" "Mozilla/5.0 (Macintosh; Intel Mac OS X 10_12_3) AppleWebKit/537.36 (KHTML, like Gecko) Chrome/56.0.2924.87 Safari/537.36"
94.72.101.21 - - [02/Nov/2024:19:39:50 +0000] "GET /data/etl_jobs/src/README.md HTTP/1.1" 404 564 "-" "Mozilla/5.0 (Macintosh; Intel Mac OS X 10_12_3) AppleWebKit/537.36 (KHTML, like Gecko) Chrome/56.0.2924.87 Safari/537.36"
94.72.101.21 - - [02/Nov/2024:19:39:51 +0000] "GET /security/vault/dist/.env HTTP/1.1" 404 564 "-" "Mozilla/5.0 (Macintosh; Intel Mac OS X 10_12_3) AppleWebKit/537.36 (KHTML, like Gecko) Chrome/56.0.2924.87 Safari/537.36"
94.72.101.21 - - [02/Nov/2024:19:39:51 +0000] "GET /ml/models/v2/deployment.yaml HTTP/1.1" 404 564 "-" "Mozilla/5.0 (Macintosh; Intel Mac OS X 10_12_3) AppleWebKit/537.36 (KHTML, like Gecko) Chrome/56.0.2924.87 Safari/537.36"
94.72.101.21 - - [02/Nov/2024:19:39:51 +0000] "GET /compliance/reports/src/deployment.yaml HTTP/1.1" 404 564 "-" "Mozilla/5.0 (Macintosh; Intel Mac OS X 10_12_3) AppleWebKit/537.36 (KHTML, like Gecko) Chrome/56.0.2924.87 Safari/537.36"
94.72.101.21 - - [02/Nov/2024:19:39:52 +0000] "GET /audit/logs/prod/Dockerfile HTTP/1.1" 404 564 "-" "Mozilla/5.0 (Macintosh; Intel Mac OS X 10_12_3) AppleWebKit/537.36 (KHTML, like Gecko) Chrome/56.0.2924.87 Safari/537.36"
94.72.101.21 - - [02/Nov/2024:19:39:52 +0000] "GET /backend/express/dev/service.yaml HTTP/1.1" 404 564 "-" "Mozilla/5.0 (Macintosh; Intel Mac OS X 10_12_3) AppleWebKit/537.36 (KHTML, like Gecko) Chrome/56.0.2924.87 Safari/537.36"
94.72.101.21 - - [02/Nov/2024:19:39:52 +0000] "GET /ci-cd/gitlab/v2/secrets.env HTTP/1.1" 404 564 "-" "Mozilla/5.0 (Macintosh; Intel Mac OS X 10_12_3) AppleWebKit/537.36 (KHTML, like Gecko) Chrome/56.0.2924.87 Safari/537.36"
94.72.101.21 - - [02/Nov/2024:19:39:52 +0000] "GET /backend/express/v2/deployment.yaml HTTP/1.1" 404 564 "-" "Mozilla/5.0 (Macintosh; Intel Mac OS X 10_12_3) AppleWebKit/537.36 (KHTML, like Gecko) Chrome/56.0.2924.87 Safari/537.36"
94.72.101.21 - - [02/Nov/2024:19:39:52 +0000] "GET /compliance/reports/dist/main.js HTTP/1.1" 404 564 "-" "Mozilla/5.0 (Macintosh; Intel Mac OS X 10_12_3) AppleWebKit/537.36 (KHTML, like Gecko) Chrome/56.0.2924.87 Safari/537.36"
94.72.101.21 - - [02/Nov/2024:19:39:52 +0000] "GET /docs/readme/v2/index.js HTTP/1.1" 404 564 "-" "Mozilla/5.0 (Macintosh; Intel Mac OS X 10_12_3) AppleWebKit/537.36 (KHTML, like Gecko) Chrome/56.0.2924.87 Safari/537.36"
94.72.101.21 - - [02/Nov/2024:19:39:53 +0000] "GET /compliance/reports/v1/main.js HTTP/1.1" 404 564 "-" "Mozilla/5.0 (Macintosh; Intel Mac OS X 10_12_3) AppleWebKit/537.36 (KHTML, like Gecko) Chrome/56.0.2924.87 Safari/537.36"
94.72.101.21 - - [02/Nov/2024:19:39:53 +0000] "GET /data/etl_jobs/src/.env HTTP/1.1" 404 564 "-" "Mozilla/5.0 (Macintosh; Intel Mac OS X 10_12_3) AppleWebKit/537.36 (KHTML, like Gecko) Chrome/56.0.2924.87 Safari/537.36"
94.72.101.21 - - [02/Nov/2024:19:39:53 +0000] "GET /frontend/react-app/dev/deployment.yaml HTTP/1.1" 404 564 "-" "Mozilla/5.0 (Macintosh; Intel Mac OS X 10_12_3) AppleWebKit/537.36 (KHTML, like Gecko) Chrome/56.0.2924.87 Safari/537.36"
94.72.101.21 - - [02/Nov/2024:19:39:54 +0000] "GET /documentation/architecture/src/deployment.yaml HTTP/1.1" 404 564 "-" "Mozilla/5.0 (Macintosh; Intel Mac OS X 10_12_3) AppleWebKit/537.36 (KHTML, like Gecko) Chrome/56.0.2924.87 Safari/537.36"
94.72.101.21 - - [02/Nov/2024:19:39:54 +0000] "GET /integrations/stripe/v2/main.js HTTP/1.1" 404 564 "-" "Mozilla/5.0 (Macintosh; Intel Mac OS X 10_12_3) AppleWebKit/537.36 (KHTML, like Gecko) Chrome/56.0.2924.87 Safari/537.36"
94.72.101.21 - - [02/Nov/2024:19:39:55 +0000] "GET /frontend/svelte-app/dist/setup.py HTTP/1.1" 404 564 "-" "Mozilla/5.0 (Macintosh; Intel Mac OS X 10_12_3) AppleWebKit/537.36 (KHTML, like Gecko) Chrome/56.0.2924.87 Safari/537.36"
94.72.101.21 - - [02/Nov/2024:19:39:56 +0000] "GET /docs/api_v2/src/README.md HTTP/1.1" 404 564 "-" "Mozilla/5.0 (Macintosh; Intel Mac OS X 10_12_3) AppleWebKit/537.36 (KHTML, like Gecko) Chrome/56.0.2924.87 Safari/537.36"
94.72.101.21 - - [02/Nov/2024:19:39:56 +0000] "GET /integrations/slack/prod/index.js HTTP/1.1" 404 564 "-" "Mozilla/5.0 (Macintosh; Intel Mac OS X 10_12_3) AppleWebKit/537.36 (KHTML, like Gecko) Chrome/56.0.2924.87 Safari/537.36"
94.72.101.21 - - [02/Nov/2024:19:39:56 +0000] "GET /backend/nestjs/prod/policy.json HTTP/1.1" 404 564 "-" "Mozilla/5.0 (Macintosh; Intel Mac OS X 10_12_3) AppleWebKit/537.36 (KHTML, like Gecko) Chrome/56.0.2924.87 Safari/537.36"
94.72.101.21 - - [02/Nov/2024:19:39:56 +0000] "GET /documentation/architecture/dist/service.yaml HTTP/1.1" 404 564 "-" "Mozilla/5.0 (Macintosh; Intel Mac OS X 10_12_3) AppleWebKit/537.36 (KHTML, like Gecko) Chrome/56.0.2924.87 Safari/537.36"
94.72.101.21 - - [02/Nov/2024:19:39:57 +0000] "GET /backend/fastapi/dev/variables.tf HTTP/1.1" 404 564 "-" "Mozilla/5.0 (Macintosh; Intel Mac OS X 10_12_3) AppleWebKit/537.36 (KHTML, like Gecko) Chrome/56.0.2924.87 Safari/537.36"
94.72.101.21 - - [02/Nov/2024:19:39:57 +0000] "GET /ci-cd/gitlab/v2/README.md HTTP/1.1" 404 564 "-" "Mozilla/5.0 (Macintosh; Intel Mac OS X 10_12_3) AppleWebKit/537.36 (KHTML, like Gecko) Chrome/56.0.2924.87 Safari/537.36"
94.72.101.21 - - [02/Nov/2024:19:39:57 +0000] "GET /microservices/payment-service/dist/requirements.txt HTTP/1.1" 404 564 "-" "Mozilla/5.0 (Macintosh; Intel Mac OS X 10_12_3) AppleWebKit/537.36 (KHTML, like Gecko) Chrome/56.0.2924.87 Safari/537.36"
94.72.101.21 - - [02/Nov/2024:19:39:58 +0000] "GET /config/env/dist/swagger.json HTTP/1.1" 404 564 "-" "Mozilla/5.0 (Macintosh; Intel Mac OS X 10_12_3) AppleWebKit/537.36 (KHTML, like Gecko) Chrome/56.0.2924.87 Safari/537.36"
94.72.101.21 - - [02/Nov/2024:19:39:58 +0000] "GET /k8s/dev/deployment.yaml HTTP/1.1" 404 564 "-" "Mozilla/5.0 (Macintosh; Intel Mac OS X 10_12_3) AppleWebKit/537.36 (KHTML, like Gecko) Chrome/56.0.2924.87 Safari/537.36"
94.72.101.21 - - [02/Nov/2024:19:39:58 +0000] "GET /documentation/architecture/dist/main.js HTTP/1.1" 404 564 "-" "Mozilla/5.0 (Macintosh; Intel Mac OS X 10_12_3) AppleWebKit/537.36 (KHTML, like Gecko) Chrome/56.0.2924.87 Safari/537.36"
94.72.101.21 - - [02/Nov/2024:19:39:59 +0000] "GET /microservices/payment-service/dist/schema.sql HTTP/1.1" 404 564 "-" "Mozilla/5.0 (Macintosh; Intel Mac OS X 10_12_3) AppleWebKit/537.36 (KHTML, like Gecko) Chrome/56.0.2924.87 Safari/537.36"
94.72.101.21 - - [02/Nov/2024:19:39:59 +0000] "GET /config/env/dev/.env HTTP/1.1" 404 564 "-" "Mozilla/5.0 (Macintosh; Intel Mac OS X 10_12_3) AppleWebKit/537.36 (KHTML, like Gecko) Chrome/56.0.2924.87 Safari/537.36"
94.72.101.21 - - [02/Nov/2024:19:39:59 +0000] "GET /microservices/inventory/v1/README.md HTTP/1.1" 404 564 "-" "Mozilla/5.0 (Macintosh; Intel Mac OS X 10_12_3) AppleWebKit/537.36 (KHTML, like Gecko) Chrome/56.0.2924.87 Safari/537.36"
94.72.101.21 - - [02/Nov/2024:19:39:59 +0000] "GET /terraform/environments/prod/src/index.js HTTP/1.1" 404 564 "-" "Mozilla/5.0 (Macintosh; Intel Mac OS X 10_12_3) AppleWebKit/537.36 (KHTML, like Gecko) Chrome/56.0.2924.87 Safari/537.36"
94.72.101.21 - - [02/Nov/2024:19:39:59 +0000] "GET /docs/readme/prod/config.json HTTP/1.1" 404 564 "-" "Mozilla/5.0 (Macintosh; Intel Mac OS X 10_12_3) AppleWebKit/537.36 (KHTML, like Gecko) Chrome/56.0.2924.87 Safari/537.36"
94.72.101.21 - - [02/Nov/2024:19:39:59 +0000] "GET /backend/nestjs/src/setup.py HTTP/1.1" 404 564 "-" "Mozilla/5.0 (Macintosh; Intel Mac OS X 10_12_3) AppleWebKit/537.36 (KHTML, like Gecko) Chrome/56.0.2924.87 Safari/537.36"
94.72.101.21 - - [02/Nov/2024:19:40:00 +0000] "GET /security/vault/prod/variables.tf HTTP/1.1" 404 564 "-" "Mozilla/5.0 (Macintosh; Intel Mac OS X 10_12_3) AppleWebKit/537.36 (KHTML, like Gecko) Chrome/56.0.2924.87 Safari/537.36"
94.72.101.21 - - [02/Nov/2024:19:40:00 +0000] "GET /k8s/src/main.js HTTP/1.1" 404 564 "-" "Mozilla/5.0 (Macintosh; Intel Mac OS X 10_12_3) AppleWebKit/537.36 (KHTML, like Gecko) Chrome/56.0.2924.87 Safari/537.36"
94.72.101.21 - - [02/Nov/2024:19:40:00 +0000] "GET /integrations/twilio/v1/requirements.txt HTTP/1.1" 404 564 "-" "Mozilla/5.0 (Macintosh; Intel Mac OS X 10_12_3) AppleWebKit/537.36 (KHTML, like Gecko) Chrome/56.0.2924.87 Safari/537.36"
94.72.101.21 - - [02/Nov/2024:19:40:00 +0000] "GET /config/env/prod/app.py HTTP/1.1" 404 564 "-" "Mozilla/5.0 (Macintosh; Intel Mac OS X 10_12_3) AppleWebKit/537.36 (KHTML, like Gecko) Chrome/56.0.2924.87 Safari/537.36"
94.72.101.21 - - [02/Nov/2024:19:40:00 +0000] "GET /backend/fastapi/v2/policy.json HTTP/1.1" 404 564 "-" "Mozilla/5.0 (Macintosh; Intel Mac OS X 10_12_3) AppleWebKit/537.36 (KHTML, like Gecko) Chrome/56.0.2924.87 Safari/537.36"
94.72.101.21 - - [02/Nov/2024:19:40:00 +0000] "GET /config/azure/v1/setup.py HTTP/1.1" 404 564 "-" "Mozilla/5.0 (Macintosh; Intel Mac OS X 10_12_3) AppleWebKit/537.36 (KHTML, like Gecko) Chrome/56.0.2924.87 Safari/537.36"
94.72.101.21 - - [02/Nov/2024:19:40:01 +0000] "GET /audit/logs/v2/README.md HTTP/1.1" 404 564 "-" "Mozilla/5.0 (Macintosh; Intel Mac OS X 10_12_3) AppleWebKit/537.36 (KHTML, like Gecko) Chrome/56.0.2924.87 Safari/537.36"
94.72.101.21 - - [02/Nov/2024:19:40:01 +0000] "GET /frontend/react-app/dist/schema.sql HTTP/1.1" 404 564 "-" "Mozilla/5.0 (Macintosh; Intel Mac OS X 10_12_3) AppleWebKit/537.36 (KHTML, like Gecko) Chrome/56.0.2924.87 Safari/537.36"
94.72.101.21 - - [02/Nov/2024:19:40:01 +0000] "GET /docs/readme/prod/service.yaml HTTP/1.1" 404 564 "-" "Mozilla/5.0 (Macintosh; Intel Mac OS X 10_12_3) AppleWebKit/537.36 (KHTML, like Gecko) Chrome/56.0.2924.87 Safari/537.36"
94.72.101.21 - - [02/Nov/2024:19:40:01 +0000] "GET /config/azure/dist/index.js HTTP/1.1" 404 564 "-" "Mozilla/5.0 (Macintosh; Intel Mac OS X 10_12_3) AppleWebKit/537.36 (KHTML, like Gecko) Chrome/56.0.2924.87 Safari/537.36"
94.72.101.21 - - [02/Nov/2024:19:40:01 +0000] "GET /security/vault/dev/setup.py HTTP/1.1" 404 564 "-" "Mozilla/5.0 (Macintosh; Intel Mac OS X 10_12_3) AppleWebKit/537.36 (KHTML, like Gecko) Chrome/56.0.2924.87 Safari/537.36"
94.72.101.21 - - [02/Nov/2024:19:40:01 +0000] "GET /audit/logs/v1/secrets.env HTTP/1.1" 404 564 "-" "Mozilla/5.0 (Macintosh; Intel Mac OS X 10_12_3) AppleWebKit/537.36 (KHTML, like Gecko) Chrome/56.0.2924.87 Safari/537.36"
94.72.101.21 - - [02/Nov/2024:19:40:02 +0000] "GET /integrations/slack/dev/swagger.json HTTP/1.1" 404 564 "-" "Mozilla/5.0 (Macintosh; Intel Mac OS X 10_12_3) AppleWebKit/537.36 (KHTML, like Gecko) Chrome/56.0.2924.87 Safari/537.36"
94.72.101.21 - - [02/Nov/2024:19:40:02 +0000] "GET /documentation/architecture/src/service.yaml HTTP/1.1" 404 564 "-" "Mozilla/5.0 (Macintosh; Intel Mac OS X 10_12_3) AppleWebKit/537.36 (KHTML, like Gecko) Chrome/56.0.2924.87 Safari/537.36"
94.72.101.21 - - [02/Nov/2024:19:40:02 +0000] "GET /frontend/nextjs/src/.env HTTP/1.1" 404 564 "-" "Mozilla/5.0 (Macintosh; Intel Mac OS X 10_12_3) AppleWebKit/537.36 (KHTML, like Gecko) Chrome/56.0.2924.87 Safari/537.36"
94.72.101.21 - - [02/Nov/2024:19:40:03 +0000] "GET /pipelines/dataflow/prod/variables.tf HTTP/1.1" 404 564 "-" "Mozilla/5.0 (Macintosh; Intel Mac OS X 10_12_3) AppleWebKit/537.36 (KHTML, like Gecko) Chrome/56.0.2924.87 Safari/537.36"
94.72.101.21 - - [02/Nov/2024:19:40:03 +0000] "GET /security/vault/v1/Dockerfile HTTP/1.1" 404 564 "-" "Mozilla/5.0 (Macintosh; Intel Mac OS X 10_12_3) AppleWebKit/537.36 (KHTML, like Gecko) Chrome/56.0.2924.87 Safari/537.36"
94.72.101.21 - - [02/Nov/2024:19:40:03 +0000] "GET /backend/fastapi/prod/variables.tf HTTP/1.1" 404 564 "-" "Mozilla/5.0 (Macintosh; Intel Mac OS X 10_12_3) AppleWebKit/537.36 (KHTML, like Gecko) Chrome/56.0.2924.87 Safari/537.36"
94.72.101.21 - - [02/Nov/2024:19:40:03 +0000] "GET /documentation/architecture/v2/app.py HTTP/1.1" 404 564 "-" "Mozilla/5.0 (Macintosh; Intel Mac OS X 10_12_3) AppleWebKit/537.36 (KHTML, like Gecko) Chrome/56.0.2924.87 Safari/537.36"
94.72.101.21 - - [02/Nov/2024:19:40:03 +0000] "GET /data/etl_jobs/v2/secrets.env HTTP/1.1" 404 564 "-" "Mozilla/5.0 (Macintosh; Intel Mac OS X 10_12_3) AppleWebKit/537.36 (KHTML, like Gecko) Chrome/56.0.2924.87 Safari/537.36"
94.72.101.21 - - [02/Nov/2024:19:40:03 +0000] "GET /backend/nestjs/dist/index.js HTTP/1.1" 404 564 "-" "Mozilla/5.0 (Macintosh; Intel Mac OS X 10_12_3) AppleWebKit/537.36 (KHTML, like Gecko) Chrome/56.0.2924.87 Safari/537.36"
94.72.101.21 - - [02/Nov/2024:19:40:04 +0000] "GET /documentation/architecture/prod/swagger.json HTTP/1.1" 404 564 "-" "Mozilla/5.0 (Macintosh; Intel Mac OS X 10_12_3) AppleWebKit/537.36 (KHTML, like Gecko) Chrome/56.0.2924.87 Safari/537.36"
94.72.101.21 - - [02/Nov/2024:19:40:04 +0000] "GET /docs/readme/dist/deployment.yaml HTTP/1.1" 404 564 "-" "Mozilla/5.0 (Macintosh; Intel Mac OS X 10_12_3) AppleWebKit/537.36 (KHTML, like Gecko) Chrome/56.0.2924.87 Safari/537.36"
94.72.101.21 - - [02/Nov/2024:19:40:04 +0000] "GET /k8s/v1/variables.tf HTTP/1.1" 404 564 "-" "Mozilla/5.0 (Macintosh; Intel Mac OS X 10_12_3) AppleWebKit/537.36 (KHTML, like Gecko) Chrome/56.0.2924.87 Safari/537.36"
94.72.101.21 - - [02/Nov/2024:19:40:04 +0000] "GET /documentation/architecture/dist/policy.json HTTP/1.1" 404 564 "-" "Mozilla/5.0 (Macintosh; Intel Mac OS X 10_12_3) AppleWebKit/537.36 (KHTML, like Gecko) Chrome/56.0.2924.87 Safari/537.36"
94.72.101.21 - - [02/Nov/2024:19:40:04 +0000] "GET /security/vault/src/service.yaml HTTP/1.1" 404 564 "-" "Mozilla/5.0 (Macintosh; Intel Mac OS X 10_12_3) AppleWebKit/537.36 (KHTML, like Gecko) Chrome/56.0.2924.87 Safari/537.36"
94.72.101.21 - - [02/Nov/2024:19:40:04 +0000] "GET /k8s/v2/main.js HTTP/1.1" 404 564 "-" "Mozilla/5.0 (Macintosh; Intel Mac OS X 10_12_3) AppleWebKit/537.36 (KHTML, like Gecko) Chrome/56.0.2924.87 Safari/537.36"
94.72.101.21 - - [02/Nov/2024:19:40:05 +0000] "GET /compliance/reports/prod/service.yaml HTTP/1.1" 404 564 "-" "Mozilla/5.0 (Macintosh; Intel Mac OS X 10_12_3) AppleWebKit/537.36 (KHTML, like Gecko) Chrome/56.0.2924.87 Safari/537.36"
94.72.101.21 - - [02/Nov/2024:19:40:05 +0000] "GET /docs/readme/v2/Dockerfile HTTP/1.1" 404 564 "-" "Mozilla/5.0 (Macintosh; Intel Mac OS X 10_12_3) AppleWebKit/537.36 (KHTML, like Gecko) Chrome/56.0.2924.87 Safari/537.36"
94.72.101.21 - - [02/Nov/2024:19:40:05 +0000] "GET /frontend/vue-app/dist/app.py HTTP/1.1" 404 564 "-" "Mozilla/5.0 (Macintosh; Intel Mac OS X 10_12_3) AppleWebKit/537.36 (KHTML, like Gecko) Chrome/56.0.2924.87 Safari/537.36"
94.72.101.21 - - [02/Nov/2024:19:40:05 +0000] "GET /backend/koa/dist/secrets.env HTTP/1.1" 404 564 "-" "Mozilla/5.0 (Macintosh; Intel Mac OS X 10_12_3) AppleWebKit/537.36 (KHTML, like Gecko) Chrome/56.0.2924.87 Safari/537.36"
94.72.101.21 - - [02/Nov/2024:19:40:05 +0000] "GET /terraform/environments/prod/v2/requirements.txt HTTP/1.1" 404 564 "-" "Mozilla/5.0 (Macintosh; Intel Mac OS X 10_12_3) AppleWebKit/537.36 (KHTML, like Gecko) Chrome/56.0.2924.87 Safari/537.36"
94.72.101.21 - - [02/Nov/2024:19:40:05 +0000] "GET /microservices/user-service/dev/Dockerfile HTTP/1.1" 404 564 "-" "Mozilla/5.0 (Macintosh; Intel Mac OS X 10_12_3) AppleWebKit/537.36 (KHTML, like Gecko) Chrome/56.0.2924.87 Safari/537.36"
94.72.101.21 - - [02/Nov/2024:19:40:06 +0000] "GET /frontend/react-app/src/Dockerfile HTTP/1.1" 404 564 "-" "Mozilla/5.0 (Macintosh; Intel Mac OS X 10_12_3) AppleWebKit/537.36 (KHTML, like Gecko) Chrome/56.0.2924.87 Safari/537.36"
94.72.101.21 - - [02/Nov/2024:19:40:06 +0000] "GET /config/database/src/README.md HTTP/1.1" 404 564 "-" "Mozilla/5.0 (Macintosh; Intel Mac OS X 10_12_3) AppleWebKit/537.36 (KHTML, like Gecko) Chrome/56.0.2924.87 Safari/537.36"
94.72.101.21 - - [02/Nov/2024:19:40:07 +0000] "GET /frontend/react-app/dist/requirements.txt HTTP/1.1" 404 564 "-" "Mozilla/5.0 (Macintosh; Intel Mac OS X 10_12_3) AppleWebKit/537.36 (KHTML, like Gecko) Chrome/56.0.2924.87 Safari/537.36"
94.72.101.21 - - [02/Nov/2024:19:40:07 +0000] "GET /microservices/payment-service/src/requirements.txt HTTP/1.1" 404 564 "-" "Mozilla/5.0 (Macintosh; Intel Mac OS X 10_12_3) AppleWebKit/537.36 (KHTML, like Gecko) Chrome/56.0.2924.87 Safari/537.36"
94.72.101.21 - - [02/Nov/2024:19:40:07 +0000] "GET /frontend/react-app/v2/README.md HTTP/1.1" 404 564 "-" "Mozilla/5.0 (Macintosh; Intel Mac OS X 10_12_3) AppleWebKit/537.36 (KHTML, like Gecko) Chrome/56.0.2924.87 Safari/537.36"
94.72.101.21 - - [02/Nov/2024:19:40:07 +0000] "GET /config/env/v1/schema.sql HTTP/1.1" 404 564 "-" "Mozilla/5.0 (Macintosh; Intel Mac OS X 10_12_3) AppleWebKit/537.36 (KHTML, like Gecko) Chrome/56.0.2924.87 Safari/537.36"
94.72.101.21 - - [02/Nov/2024:19:40:07 +0000] "GET /microservices/payment-service/v1/config.json HTTP/1.1" 404 564 "-" "Mozilla/5.0 (Macintosh; Intel Mac OS X 10_12_3) AppleWebKit/537.36 (KHTML, like Gecko) Chrome/56.0.2924.87 Safari/537.36"
94.72.101.21 - - [02/Nov/2024:19:40:08 +0000] "GET /ci-cd/github/dist/requirements.txt HTTP/1.1" 404 564 "-" "Mozilla/5.0 (Macintosh; Intel Mac OS X 10_12_3) AppleWebKit/537.36 (KHTML, like Gecko) Chrome/56.0.2924.87 Safari/537.36"
94.72.101.21 - - [02/Nov/2024:19:40:08 +0000] "GET /config/database/v1/setup.py HTTP/1.1" 404 564 "-" "Mozilla/5.0 (Macintosh; Intel Mac OS X 10_12_3) AppleWebKit/537.36 (KHTML, like Gecko) Chrome/56.0.2924.87 Safari/537.36"
94.72.101.21 - - [02/Nov/2024:19:40:08 +0000] "GET /pipelines/dataflow/prod/app.py HTTP/1.1" 404 564 "-" "Mozilla/5.0 (Macintosh; Intel Mac OS X 10_12_3) AppleWebKit/537.36 (KHTML, like Gecko) Chrome/56.0.2924.87 Safari/537.36"
94.72.101.21 - - [02/Nov/2024:19:40:08 +0000] "GET /backend/express/dist/main.js HTTP/1.1" 404 564 "-" "Mozilla/5.0 (Macintosh; Intel Mac OS X 10_12_3) AppleWebKit/537.36 (KHTML, like Gecko) Chrome/56.0.2924.87 Safari/537.36"
94.72.101.21 - - [02/Nov/2024:19:40:09 +0000] "GET /frontend/nextjs/dev/swagger.json HTTP/1.1" 404 564 "-" "Mozilla/5.0 (Macintosh; Intel Mac OS X 10_12_3) AppleWebKit/537.36 (KHTML, like Gecko) Chrome/56.0.2924.87 Safari/537.36"
94.72.101.21 - - [02/Nov/2024:19:40:09 +0000] "GET /microservices/inventory/dist/variables.tf HTTP/1.1" 404 564 "-" "Mozilla/5.0 (Macintosh; Intel Mac OS X 10_12_3) AppleWebKit/537.36 (KHTML, like Gecko) Chrome/56.0.2924.87 Safari/537.36"
94.72.101.21 - - [02/Nov/2024:19:40:09 +0000] "GET /secrets/prod/setup.py HTTP/1.1" 404 564 "-" "Mozilla/5.0 (Macintosh; Intel Mac OS X 10_12_3) AppleWebKit/537.36 (KHTML, like Gecko) Chrome/56.0.2924.87 Safari/537.36"
94.72.101.21 - - [02/Nov/2024:19:40:09 +0000] "GET /backend/express/v2/schema.sql HTTP/1.1" 404 564 "-" "Mozilla/5.0 (Macintosh; Intel Mac OS X 10_12_3) AppleWebKit/537.36 (KHTML, like Gecko) Chrome/56.0.2924.87 Safari/537.36"
94.72.101.21 - - [02/Nov/2024:19:40:09 +0000] "GET /backend/koa/src/README.md HTTP/1.1" 404 564 "-" "Mozilla/5.0 (Macintosh; Intel Mac OS X 10_12_3) AppleWebKit/537.36 (KHTML, like Gecko) Chrome/56.0.2924.87 Safari/537.36"
94.72.101.21 - - [02/Nov/2024:19:40:09 +0000] "GET /backend/fastapi/dist/variables.tf HTTP/1.1" 404 564 "-" "Mozilla/5.0 (Macintosh; Intel Mac OS X 10_12_3) AppleWebKit/537.36 (KHTML, like Gecko) Chrome/56.0.2924.87 Safari/537.36"
94.72.101.21 - - [02/Nov/2024:19:40:10 +0000] "GET /integrations/twilio/v2/deployment.yaml HTTP/1.1" 404 564 "-" "Mozilla/5.0 (Macintosh; Intel Mac OS X 10_12_3) AppleWebKit/537.36 (KHTML, like Gecko) Chrome/56.0.2924.87 Safari/537.36"
94.72.101.21 - - [02/Nov/2024:19:40:10 +0000] "GET /terraform/environments/prod/dev/service.yaml HTTP/1.1" 404 564 "-" "Mozilla/5.0 (Macintosh; Intel Mac OS X 10_12_3) AppleWebKit/537.36 (KHTML, like Gecko) Chrome/56.0.2924.87 Safari/537.36"
94.72.101.21 - - [02/Nov/2024:19:40:10 +0000] "GET /compliance/reports/v2/.env HTTP/1.1" 404 564 "-" "Mozilla/5.0 (Macintosh; Intel Mac OS X 10_12_3) AppleWebKit/537.36 (KHTML, like Gecko) Chrome/56.0.2924.87 Safari/537.36"
94.72.101.21 - - [02/Nov/2024:19:40:10 +0000] "GET /documentation/architecture/v1/policy.json HTTP/1.1" 404 564 "-" "Mozilla/5.0 (Macintosh; Intel Mac OS X 10_12_3) AppleWebKit/537.36 (KHTML, like Gecko) Chrome/56.0.2924.87 Safari/537.36"
94.72.101.21 - - [02/Nov/2024:19:40:10 +0000] "GET /config/aws/src/schema.sql HTTP/1.1" 404 564 "-" "Mozilla/5.0 (Macintosh; Intel Mac OS X 10_12_3) AppleWebKit/537.36 (KHTML, like Gecko) Chrome/56.0.2924.87 Safari/537.36"
94.72.101.21 - - [02/Nov/2024:19:40:10 +0000] "GET /frontend/nextjs/v2/setup.py HTTP/1.1" 404 564 "-" "Mozilla/5.0 (Macintosh; Intel Mac OS X 10_12_3) AppleWebKit/537.36 (KHTML, like Gecko) Chrome/56.0.2924.87 Safari/537.36"
94.72.101.21 - - [02/Nov/2024:19:40:11 +0000] "GET /secrets/dev/Dockerfile HTTP/1.1" 404 564 "-" "Mozilla/5.0 (Macintosh; Intel Mac OS X 10_12_3) AppleWebKit/537.36 (KHTML, like Gecko) Chrome/56.0.2924.87 Safari/537.36"
94.72.101.21 - - [02/Nov/2024:19:40:11 +0000] "GET /data_sources/dev/policy.json HTTP/1.1" 404 564 "-" "Mozilla/5.0 (Macintosh; Intel Mac OS X 10_12_3) AppleWebKit/537.36 (KHTML, like Gecko) Chrome/56.0.2924.87 Safari/537.36"
94.72.101.21 - - [02/Nov/2024:19:40:11 +0000] "GET /compliance/reports/dev/schema.sql HTTP/1.1" 404 564 "-" "Mozilla/5.0 (Macintosh; Intel Mac OS X 10_12_3) AppleWebKit/537.36 (KHTML, like Gecko) Chrome/56.0.2924.87 Safari/537.36"
94.72.101.21 - - [02/Nov/2024:19:40:11 +0000] "GET /frontend/vue-app/v1/variables.tf HTTP/1.1" 404 564 "-" "Mozilla/5.0 (Macintosh; Intel Mac OS X 10_12_3) AppleWebKit/537.36 (KHTML, like Gecko) Chrome/56.0.2924.87 Safari/537.36"
94.72.101.21 - - [02/Nov/2024:19:40:11 +0000] "GET /data_sources/v1/schema.sql HTTP/1.1" 404 564 "-" "Mozilla/5.0 (Macintosh; Intel Mac OS X 10_12_3) AppleWebKit/537.36 (KHTML, like Gecko) Chrome/56.0.2924.87 Safari/537.36"
94.72.101.21 - - [02/Nov/2024:19:40:12 +0000] "GET /frontend/nextjs/dev/requirements.txt HTTP/1.1" 404 564 "-" "Mozilla/5.0 (Macintosh; Intel Mac OS X 10_12_3) AppleWebKit/537.36 (KHTML, like Gecko) Chrome/56.0.2924.87 Safari/537.36"
94.72.101.21 - - [02/Nov/2024:19:40:12 +0000] "GET /secrets/prod/README.md HTTP/1.1" 404 564 "-" "Mozilla/5.0 (Macintosh; Intel Mac OS X 10_12_3) AppleWebKit/537.36 (KHTML, like Gecko) Chrome/56.0.2924.87 Safari/537.36"
94.72.101.21 - - [02/Nov/2024:19:40:12 +0000] "GET /integrations/slack/src/setup.py HTTP/1.1" 404 564 "-" "Mozilla/5.0 (Macintosh; Intel Mac OS X 10_12_3) AppleWebKit/537.36 (KHTML, like Gecko) Chrome/56.0.2924.87 Safari/537.36"
94.72.101.21 - - [02/Nov/2024:19:40:12 +0000] "GET /data/etl_jobs/v1/main.js HTTP/1.1" 404 564 "-" "Mozilla/5.0 (Macintosh; Intel Mac OS X 10_12_3) AppleWebKit/537.36 (KHTML, like Gecko) Chrome/56.0.2924.87 Safari/537.36"
94.72.101.21 - - [02/Nov/2024:19:40:13 +0000] "GET /ml/models/dev/service.yaml HTTP/1.1" 404 564 "-" "Mozilla/5.0 (Macintosh; Intel Mac OS X 10_12_3) AppleWebKit/537.36 (KHTML, like Gecko) Chrome/56.0.2924.87 Safari/537.36"
94.72.101.21 - - [02/Nov/2024:19:40:13 +0000] "GET /config/azure/src/app.py HTTP/1.1" 404 564 "-" "Mozilla/5.0 (Macintosh; Intel Mac OS X 10_12_3) AppleWebKit/537.36 (KHTML, like Gecko) Chrome/56.0.2924.87 Safari/537.36"
94.72.101.21 - - [02/Nov/2024:19:40:13 +0000] "GET /audit/logs/prod/requirements.txt HTTP/1.1" 404 564 "-" "Mozilla/5.0 (Macintosh; Intel Mac OS X 10_12_3) AppleWebKit/537.36 (KHTML, like Gecko) Chrome/56.0.2924.87 Safari/537.36"
94.72.101.21 - - [02/Nov/2024:19:40:13 +0000] "GET /docs/api_v2/src/swagger.json HTTP/1.1" 404 564 "-" "Mozilla/5.0 (Macintosh; Intel Mac OS X 10_12_3) AppleWebKit/537.36 (KHTML, like Gecko) Chrome/56.0.2924.87 Safari/537.36"
94.72.101.21 - - [02/Nov/2024:19:40:13 +0000] "GET /backend/fastapi/dev/README.md HTTP/1.1" 404 564 "-" "Mozilla/5.0 (Macintosh; Intel Mac OS X 10_12_3) AppleWebKit/537.36 (KHTML, like Gecko) Chrome/56.0.2924.87 Safari/537.36"
94.72.101.21 - - [02/Nov/2024:19:40:13 +0000] "GET /k8s/v2/setup.py HTTP/1.1" 404 564 "-" "Mozilla/5.0 (Macintosh; Intel Mac OS X 10_12_3) AppleWebKit/537.36 (KHTML, like Gecko) Chrome/56.0.2924.87 Safari/537.36"
94.72.101.21 - - [02/Nov/2024:19:40:14 +0000] "GET /microservices/inventory/v2/service.yaml HTTP/1.1" 404 564 "-" "Mozilla/5.0 (Macintosh; Intel Mac OS X 10_12_3) AppleWebKit/537.36 (KHTML, like Gecko) Chrome/56.0.2924.87 Safari/537.36"
94.72.101.21 - - [02/Nov/2024:19:40:14 +0000] "GET /backend/koa/dev/.env HTTP/1.1" 404 564 "-" "Mozilla/5.0 (Macintosh; Intel Mac OS X 10_12_3) AppleWebKit/537.36 (KHTML, like Gecko) Chrome/56.0.2924.87 Safari/537.36"
94.72.101.21 - - [02/Nov/2024:19:40:14 +0000] "GET /compliance/reports/prod/.env HTTP/1.1" 404 564 "-" "Mozilla/5.0 (Macintosh; Intel Mac OS X 10_12_3) AppleWebKit/537.36 (KHTML, like Gecko) Chrome/56.0.2924.87 Safari/537.36"
94.72.101.21 - - [02/Nov/2024:19:40:15 +0000] "GET /docs/api_v2/dist/setup.py HTTP/1.1" 404 564 "-" "Mozilla/5.0 (Macintosh; Intel Mac OS X 10_12_3) AppleWebKit/537.36 (KHTML, like Gecko) Chrome/56.0.2924.87 Safari/537.36"
94.72.101.21 - - [02/Nov/2024:19:40:15 +0000] "GET /k8s/prod/setup.py HTTP/1.1" 404 564 "-" "Mozilla/5.0 (Macintosh; Intel Mac OS X 10_12_3) AppleWebKit/537.36 (KHTML, like Gecko) Chrome/56.0.2924.87 Safari/537.36"
94.72.101.21 - - [02/Nov/2024:19:40:15 +0000] "GET /frontend/react-app/prod/swagger.json HTTP/1.1" 404 564 "-" "Mozilla/5.0 (Macintosh; Intel Mac OS X 10_12_3) AppleWebKit/537.36 (KHTML, like Gecko) Chrome/56.0.2924.87 Safari/537.36"
94.72.101.21 - - [02/Nov/2024:19:40:16 +0000] "GET /ml/models/dev/main.js HTTP/1.1" 404 564 "-" "Mozilla/5.0 (Macintosh; Intel Mac OS X 10_12_3) AppleWebKit/537.36 (KHTML, like Gecko) Chrome/56.0.2924.87 Safari/537.36"
94.72.101.21 - - [02/Nov/2024:19:40:16 +0000] "GET /config/database/v2/index.js HTTP/1.1" 404 564 "-" "Mozilla/5.0 (Macintosh; Intel Mac OS X 10_12_3) AppleWebKit/537.36 (KHTML, like Gecko) Chrome/56.0.2924.87 Safari/537.36"
94.72.101.21 - - [02/Nov/2024:19:40:16 +0000] "GET /audit/logs/prod/README.md HTTP/1.1" 404 564 "-" "Mozilla/5.0 (Macintosh; Intel Mac OS X 10_12_3) AppleWebKit/537.36 (KHTML, like Gecko) Chrome/56.0.2924.87 Safari/537.36"
94.72.101.21 - - [02/Nov/2024:19:40:16 +0000] "GET /ci-cd/gitlab/dev/app.py HTTP/1.1" 404 564 "-" "Mozilla/5.0 (Macintosh; Intel Mac OS X 10_12_3) AppleWebKit/537.36 (KHTML, like Gecko) Chrome/56.0.2924.87 Safari/537.36"
94.72.101.21 - - [02/Nov/2024:19:40:16 +0000] "GET /ci-cd/github/v2/secrets.env HTTP/1.1" 404 564 "-" "Mozilla/5.0 (Macintosh; Intel Mac OS X 10_12_3) AppleWebKit/537.36 (KHTML, like Gecko) Chrome/56.0.2924.87 Safari/537.36"
94.72.101.21 - - [02/Nov/2024:19:40:17 +0000] "GET /backend/express/prod/variables.tf HTTP/1.1" 404 564 "-" "Mozilla/5.0 (Macintosh; Intel Mac OS X 10_12_3) AppleWebKit/537.36 (KHTML, like Gecko) Chrome/56.0.2924.87 Safari/537.36"
94.72.101.21 - - [02/Nov/2024:19:40:17 +0000] "GET /data/etl_jobs/v2/swagger.json HTTP/1.1" 404 564 "-" "Mozilla/5.0 (Macintosh; Intel Mac OS X 10_12_3) AppleWebKit/537.36 (KHTML, like Gecko) Chrome/56.0.2924.87 Safari/537.36"
94.72.101.21 - - [02/Nov/2024:19:40:17 +0000] "GET /backend/nestjs/prod/schema.sql HTTP/1.1" 404 564 "-" "Mozilla/5.0 (Macintosh; Intel Mac OS X 10_12_3) AppleWebKit/537.36 (KHTML, like Gecko) Chrome/56.0.2924.87 Safari/537.36"
94.72.101.21 - - [02/Nov/2024:19:40:17 +0000] "GET /frontend/vue-app/dist/requirements.txt HTTP/1.1" 404 564 "-" "Mozilla/5.0 (Macintosh; Intel Mac OS X 10_12_3) AppleWebKit/537.36 (KHTML, like Gecko) Chrome/56.0.2924.87 Safari/537.36"
94.72.101.21 - - [02/Nov/2024:19:40:18 +0000] "GET /security/vault/dev/app.py HTTP/1.1" 404 564 "-" "Mozilla/5.0 (Macintosh; Intel Mac OS X 10_12_3) AppleWebKit/537.36 (KHTML, like Gecko) Chrome/56.0.2924.87 Safari/537.36"
94.72.101.21 - - [02/Nov/2024:19:40:18 +0000] "GET /docs/api_v2/v2/secrets.env HTTP/1.1" 404 564 "-" "Mozilla/5.0 (Macintosh; Intel Mac OS X 10_12_3) AppleWebKit/537.36 (KHTML, like Gecko) Chrome/56.0.2924.87 Safari/537.36"
94.72.101.21 - - [02/Nov/2024:19:40:18 +0000] "GET /frontend/nextjs/dist/Dockerfile HTTP/1.1" 404 564 "-" "Mozilla/5.0 (Macintosh; Intel Mac OS X 10_12_3) AppleWebKit/537.36 (KHTML, like Gecko) Chrome/56.0.2924.87 Safari/537.36"
94.72.101.21 - - [02/Nov/2024:19:40:19 +0000] "GET /k8s/src/requirements.txt HTTP/1.1" 404 564 "-" "Mozilla/5.0 (Macintosh; Intel Mac OS X 10_12_3) AppleWebKit/537.36 (KHTML, like Gecko) Chrome/56.0.2924.87 Safari/537.36"
94.72.101.21 - - [02/Nov/2024:19:40:19 +0000] "GET /config/aws/v1/deployment.yaml HTTP/1.1" 404 564 "-" "Mozilla/5.0 (Macintosh; Intel Mac OS X 10_12_3) AppleWebKit/537.36 (KHTML, like Gecko) Chrome/56.0.2924.87 Safari/537.36"
94.72.101.21 - - [02/Nov/2024:19:40:19 +0000] "GET /frontend/svelte-app/dist/index.js HTTP/1.1" 404 564 "-" "Mozilla/5.0 (Macintosh; Intel Mac OS X 10_12_3) AppleWebKit/537.36 (KHTML, like Gecko) Chrome/56.0.2924.87 Safari/537.36"
94.72.101.21 - - [02/Nov/2024:19:40:19 +0000] "GET /ml/models/v2/setup.py HTTP/1.1" 404 564 "-" "Mozilla/5.0 (Macintosh; Intel Mac OS X 10_12_3) AppleWebKit/537.36 (KHTML, like Gecko) Chrome/56.0.2924.87 Safari/537.36"
94.72.101.21 - - [02/Nov/2024:19:40:20 +0000] "GET /backend/express/prod/Dockerfile HTTP/1.1" 404 564 "-" "Mozilla/5.0 (Macintosh; Intel Mac OS X 10_12_3) AppleWebKit/537.36 (KHTML, like Gecko) Chrome/56.0.2924.87 Safari/537.36"
94.72.101.21 - - [02/Nov/2024:19:40:20 +0000] "GET /frontend/react-app/prod/deployment.yaml HTTP/1.1" 404 564 "-" "Mozilla/5.0 (Macintosh; Intel Mac OS X 10_12_3) AppleWebKit/537.36 (KHTML, like Gecko) Chrome/56.0.2924.87 Safari/537.36"
94.72.101.21 - - [02/Nov/2024:19:40:20 +0000] "GET /docs/api_v2/v2/Dockerfile HTTP/1.1" 404 564 "-" "Mozilla/5.0 (Macintosh; Intel Mac OS X 10_12_3) AppleWebKit/537.36 (KHTML, like Gecko) Chrome/56.0.2924.87 Safari/537.36"
94.72.101.21 - - [02/Nov/2024:19:40:21 +0000] "GET /data_sources/dev/service.yaml HTTP/1.1" 404 564 "-" "Mozilla/5.0 (Macintosh; Intel Mac OS X 10_12_3) AppleWebKit/537.36 (KHTML, like Gecko) Chrome/56.0.2924.87 Safari/537.36"
94.72.101.21 - - [02/Nov/2024:19:40:21 +0000] "GET /ci-cd/github/src/service.yaml HTTP/1.1" 404 564 "-" "Mozilla/5.0 (Macintosh; Intel Mac OS X 10_12_3) AppleWebKit/537.36 (KHTML, like Gecko) Chrome/56.0.2924.87 Safari/537.36"
94.72.101.21 - - [02/Nov/2024:19:40:21 +0000] "GET /microservices/user-service/v2/swagger.json HTTP/1.1" 404 564 "-" "Mozilla/5.0 (Macintosh; Intel Mac OS X 10_12_3) AppleWebKit/537.36 (KHTML, like Gecko) Chrome/56.0.2924.87 Safari/537.36"
94.72.101.21 - - [02/Nov/2024:19:40:21 +0000] "GET /backend/nestjs/dev/main.js HTTP/1.1" 404 564 "-" "Mozilla/5.0 (Macintosh; Intel Mac OS X 10_12_3) AppleWebKit/537.36 (KHTML, like Gecko) Chrome/56.0.2924.87 Safari/537.36"
94.72.101.21 - - [02/Nov/2024:19:40:21 +0000] "GET /backend/express/src/.env HTTP/1.1" 404 564 "-" "Mozilla/5.0 (Macintosh; Intel Mac OS X 10_12_3) AppleWebKit/537.36 (KHTML, like Gecko) Chrome/56.0.2924.87 Safari/537.36"
94.72.101.21 - - [02/Nov/2024:19:40:21 +0000] "GET /data/etl_jobs/v2/policy.json HTTP/1.1" 404 564 "-" "Mozilla/5.0 (Macintosh; Intel Mac OS X 10_12_3) AppleWebKit/537.36 (KHTML, like Gecko) Chrome/56.0.2924.87 Safari/537.36"
94.72.101.21 - - [02/Nov/2024:19:40:22 +0000] "GET /terraform/environments/prod/prod/main.js HTTP/1.1" 404 564 "-" "Mozilla/5.0 (Macintosh; Intel Mac OS X 10_12_3) AppleWebKit/537.36 (KHTML, like Gecko) Chrome/56.0.2924.87 Safari/537.36"
94.72.101.21 - - [02/Nov/2024:19:40:22 +0000] "GET /secrets/prod/index.js HTTP/1.1" 404 564 "-" "Mozilla/5.0 (Macintosh; Intel Mac OS X 10_12_3) AppleWebKit/537.36 (KHTML, like Gecko) Chrome/56.0.2924.87 Safari/537.36"
94.72.101.21 - - [02/Nov/2024:19:40:22 +0000] "GET /frontend/nextjs/src/requirements.txt HTTP/1.1" 404 564 "-" "Mozilla/5.0 (Macintosh; Intel Mac OS X 10_12_3) AppleWebKit/537.36 (KHTML, like Gecko) Chrome/56.0.2924.87 Safari/537.36"
94.72.101.21 - - [02/Nov/2024:19:40:23 +0000] "GET /data_sources/dev/Dockerfile HTTP/1.1" 404 564 "-" "Mozilla/5.0 (Macintosh; Intel Mac OS X 10_12_3) AppleWebKit/537.36 (KHTML, like Gecko) Chrome/56.0.2924.87 Safari/537.36"
94.72.101.21 - - [02/Nov/2024:19:40:23 +0000] "GET /ci-cd/github/prod/deployment.yaml HTTP/1.1" 404 564 "-" "Mozilla/5.0 (Macintosh; Intel Mac OS X 10_12_3) AppleWebKit/537.36 (KHTML, like Gecko) Chrome/56.0.2924.87 Safari/537.36"
94.72.101.21 - - [02/Nov/2024:19:40:24 +0000] "GET /frontend/nextjs/v1/Dockerfile HTTP/1.1" 404 564 "-" "Mozilla/5.0 (Macintosh; Intel Mac OS X 10_12_3) AppleWebKit/537.36 (KHTML, like Gecko) Chrome/56.0.2924.87 Safari/537.36"
94.72.101.21 - - [02/Nov/2024:19:40:24 +0000] "GET /integrations/slack/dist/main.js HTTP/1.1" 404 564 "-" "Mozilla/5.0 (Macintosh; Intel Mac OS X 10_12_3) AppleWebKit/537.36 (KHTML, like Gecko) Chrome/56.0.2924.87 Safari/537.36"
94.72.101.21 - - [02/Nov/2024:19:40:24 +0000] "GET /terraform/environments/prod/src/secrets.env HTTP/1.1" 404 564 "-" "Mozilla/5.0 (Macintosh; Intel Mac OS X 10_12_3) AppleWebKit/537.36 (KHTML, like Gecko) Chrome/56.0.2924.87 Safari/537.36"
94.72.101.21 - - [02/Nov/2024:19:40:24 +0000] "GET /frontend/vue-app/dev/setup.py HTTP/1.1" 404 564 "-" "Mozilla/5.0 (Macintosh; Intel Mac OS X 10_12_3) AppleWebKit/537.36 (KHTML, like Gecko) Chrome/56.0.2924.87 Safari/537.36"
94.72.101.21 - - [02/Nov/2024:19:40:24 +0000] "GET /frontend/svelte-app/v1/variables.tf HTTP/1.1" 404 564 "-" "Mozilla/5.0 (Macintosh; Intel Mac OS X 10_12_3) AppleWebKit/537.36 (KHTML, like Gecko) Chrome/56.0.2924.87 Safari/537.36"
94.72.101.21 - - [02/Nov/2024:19:40:24 +0000] "GET /pipelines/dataflow/src/config.json HTTP/1.1" 404 564 "-" "Mozilla/5.0 (Macintosh; Intel Mac OS X 10_12_3) AppleWebKit/537.36 (KHTML, like Gecko) Chrome/56.0.2924.87 Safari/537.36"
94.72.101.21 - - [02/Nov/2024:19:40:25 +0000] "GET /backend/express/prod/README.md HTTP/1.1" 404 564 "-" "Mozilla/5.0 (Macintosh; Intel Mac OS X 10_12_3) AppleWebKit/537.36 (KHTML, like Gecko) Chrome/56.0.2924.87 Safari/537.36"
94.72.101.21 - - [02/Nov/2024:19:40:25 +0000] "GET /backend/express/v1/variables.tf HTTP/1.1" 404 564 "-" "Mozilla/5.0 (Macintosh; Intel Mac OS X 10_12_3) AppleWebKit/537.36 (KHTML, like Gecko) Chrome/56.0.2924.87 Safari/537.36"
94.72.101.21 - - [02/Nov/2024:19:40:25 +0000] "GET /backend/nestjs/dist/README.md HTTP/1.1" 404 564 "-" "Mozilla/5.0 (Macintosh; Intel Mac OS X 10_12_3) AppleWebKit/537.36 (KHTML, like Gecko) Chrome/56.0.2924.87 Safari/537.36"
94.72.101.21 - - [02/Nov/2024:19:40:26 +0000] "GET /frontend/vue-app/src/.env HTTP/1.1" 404 564 "-" "Mozilla/5.0 (Macintosh; Intel Mac OS X 10_12_3) AppleWebKit/537.36 (KHTML, like Gecko) Chrome/56.0.2924.87 Safari/537.36"
94.72.101.21 - - [02/Nov/2024:19:40:26 +0000] "GET /frontend/svelte-app/v2/.env HTTP/1.1" 404 564 "-" "Mozilla/5.0 (Macintosh; Intel Mac OS X 10_12_3) AppleWebKit/537.36 (KHTML, like Gecko) Chrome/56.0.2924.87 Safari/537.36"
94.72.101.21 - - [02/Nov/2024:19:40:26 +0000] "GET /microservices/payment-service/dist/config.json HTTP/1.1" 404 564 "-" "Mozilla/5.0 (Macintosh; Intel Mac OS X 10_12_3) AppleWebKit/537.36 (KHTML, like Gecko) Chrome/56.0.2924.87 Safari/537.36"
94.72.101.21 - - [02/Nov/2024:19:40:26 +0000] "GET /integrations/slack/dev/config.json HTTP/1.1" 404 564 "-" "Mozilla/5.0 (Macintosh; Intel Mac OS X 10_12_3) AppleWebKit/537.36 (KHTML, like Gecko) Chrome/56.0.2924.87 Safari/537.36"
94.72.101.21 - - [02/Nov/2024:19:40:27 +0000] "GET /integrations/slack/dev/README.md HTTP/1.1" 404 564 "-" "Mozilla/5.0 (Macintosh; Intel Mac OS X 10_12_3) AppleWebKit/537.36 (KHTML, like Gecko) Chrome/56.0.2924.87 Safari/537.36"
94.72.101.21 - - [02/Nov/2024:19:40:27 +0000] "GET /config/database/src/main.js HTTP/1.1" 404 564 "-" "Mozilla/5.0 (Macintosh; Intel Mac OS X 10_12_3) AppleWebKit/537.36 (KHTML, like Gecko) Chrome/56.0.2924.87 Safari/537.36"
94.72.101.21 - - [02/Nov/2024:19:40:27 +0000] "GET /backend/fastapi/dev/service.yaml HTTP/1.1" 404 564 "-" "Mozilla/5.0 (Macintosh; Intel Mac OS X 10_12_3) AppleWebKit/537.36 (KHTML, like Gecko) Chrome/56.0.2924.87 Safari/537.36"
94.72.101.21 - - [02/Nov/2024:19:40:27 +0000] "GET /documentation/architecture/src/.env HTTP/1.1" 404 564 "-" "Mozilla/5.0 (Macintosh; Intel Mac OS X 10_12_3) AppleWebKit/537.36 (KHTML, like Gecko) Chrome/56.0.2924.87 Safari/537.36"
94.72.101.21 - - [02/Nov/2024:19:40:27 +0000] "GET /backend/nestjs/v2/deployment.yaml HTTP/1.1" 404 564 "-" "Mozilla/5.0 (Macintosh; Intel Mac OS X 10_12_3) AppleWebKit/537.36 (KHTML, like Gecko) Chrome/56.0.2924.87 Safari/537.36"
94.72.101.21 - - [02/Nov/2024:19:40:27 +0000] "GET /data/etl_jobs/prod/variables.tf HTTP/1.1" 404 564 "-" "Mozilla/5.0 (Macintosh; Intel Mac OS X 10_12_3) AppleWebKit/537.36 (KHTML, like Gecko) Chrome/56.0.2924.87 Safari/537.36"
94.72.101.21 - - [02/Nov/2024:19:40:28 +0000] "GET /secrets/dev/service.yaml HTTP/1.1" 404 564 "-" "Mozilla/5.0 (Macintosh; Intel Mac OS X 10_12_3) AppleWebKit/537.36 (KHTML, like Gecko) Chrome/56.0.2924.87 Safari/537.36"
94.72.101.21 - - [02/Nov/2024:19:40:28 +0000] "GET /integrations/slack/v1/variables.tf HTTP/1.1" 404 564 "-" "Mozilla/5.0 (Macintosh; Intel Mac OS X 10_12_3) AppleWebKit/537.36 (KHTML, like Gecko) Chrome/56.0.2924.87 Safari/537.36"
94.72.101.21 - - [02/Nov/2024:19:40:28 +0000] "GET /frontend/react-app/v1/README.md HTTP/1.1" 404 564 "-" "Mozilla/5.0 (Macintosh; Intel Mac OS X 10_12_3) AppleWebKit/537.36 (KHTML, like Gecko) Chrome/56.0.2924.87 Safari/537.36"
94.72.101.21 - - [02/Nov/2024:19:40:29 +0000] "GET /integrations/slack/v2/main.js HTTP/1.1" 404 564 "-" "Mozilla/5.0 (Macintosh; Intel Mac OS X 10_12_3) AppleWebKit/537.36 (KHTML, like Gecko) Chrome/56.0.2924.87 Safari/537.36"
94.72.101.21 - - [02/Nov/2024:19:40:30 +0000] "GET /config/aws/dev/requirements.txt HTTP/1.1" 404 564 "-" "Mozilla/5.0 (Macintosh; Intel Mac OS X 10_12_3) AppleWebKit/537.36 (KHTML, like Gecko) Chrome/56.0.2924.87 Safari/537.36"
94.72.101.21 - - [02/Nov/2024:19:40:30 +0000] "GET /microservices/user-service/dev/requirements.txt HTTP/1.1" 404 564 "-" "Mozilla/5.0 (Macintosh; Intel Mac OS X 10_12_3) AppleWebKit/537.36 (KHTML, like Gecko) Chrome/56.0.2924.87 Safari/537.36"
94.72.101.21 - - [02/Nov/2024:19:40:30 +0000] "GET /microservices/inventory/dist/schema.sql HTTP/1.1" 404 564 "-" "Mozilla/5.0 (Macintosh; Intel Mac OS X 10_12_3) AppleWebKit/537.36 (KHTML, like Gecko) Chrome/56.0.2924.87 Safari/537.36"
94.72.101.21 - - [02/Nov/2024:19:40:30 +0000] "GET /config/aws/v1/config.json HTTP/1.1" 404 564 "-" "Mozilla/5.0 (Macintosh; Intel Mac OS X 10_12_3) AppleWebKit/537.36 (KHTML, like Gecko) Chrome/56.0.2924.87 Safari/537.36"
94.72.101.21 - - [02/Nov/2024:19:40:30 +0000] "GET /frontend/react-app/dist/.env HTTP/1.1" 404 564 "-" "Mozilla/5.0 (Macintosh; Intel Mac OS X 10_12_3) AppleWebKit/537.36 (KHTML, like Gecko) Chrome/56.0.2924.87 Safari/537.36"
94.72.101.21 - - [02/Nov/2024:19:40:30 +0000] "GET /integrations/twilio/dist/Dockerfile HTTP/1.1" 404 564 "-" "Mozilla/5.0 (Macintosh; Intel Mac OS X 10_12_3) AppleWebKit/537.36 (KHTML, like Gecko) Chrome/56.0.2924.87 Safari/537.36"
94.72.101.21 - - [02/Nov/2024:19:40:31 +0000] "GET /docs/api_v2/v2/config.json HTTP/1.1" 404 564 "-" "Mozilla/5.0 (Macintosh; Intel Mac OS X 10_12_3) AppleWebKit/537.36 (KHTML, like Gecko) Chrome/56.0.2924.87 Safari/537.36"
94.72.101.21 - - [02/Nov/2024:19:40:31 +0000] "GET /config/aws/dev/config.json HTTP/1.1" 404 564 "-" "Mozilla/5.0 (Macintosh; Intel Mac OS X 10_12_3) AppleWebKit/537.36 (KHTML, like Gecko) Chrome/56.0.2924.87 Safari/537.36"
94.72.101.21 - - [02/Nov/2024:19:40:31 +0000] "GET /data/etl_jobs/dev/service.yaml HTTP/1.1" 404 564 "-" "Mozilla/5.0 (Macintosh; Intel Mac OS X 10_12_3) AppleWebKit/537.36 (KHTML, like Gecko) Chrome/56.0.2924.87 Safari/537.36"
94.72.101.21 - - [02/Nov/2024:19:40:31 +0000] "GET /frontend/nextjs/v2/index.js HTTP/1.1" 404 564 "-" "Mozilla/5.0 (Macintosh; Intel Mac OS X 10_12_3) AppleWebKit/537.36 (KHTML, like Gecko) Chrome/56.0.2924.87 Safari/537.36"
94.72.101.21 - - [02/Nov/2024:19:40:32 +0000] "GET /backend/express/v2/main.js HTTP/1.1" 404 564 "-" "Mozilla/5.0 (Macintosh; Intel Mac OS X 10_12_3) AppleWebKit/537.36 (KHTML, like Gecko) Chrome/56.0.2924.87 Safari/537.36"
94.72.101.21 - - [02/Nov/2024:19:40:32 +0000] "GET /backend/express/dev/swagger.json HTTP/1.1" 404 564 "-" "Mozilla/5.0 (Macintosh; Intel Mac OS X 10_12_3) AppleWebKit/537.36 (KHTML, like Gecko) Chrome/56.0.2924.87 Safari/537.36"
94.72.101.21 - - [02/Nov/2024:19:40:32 +0000] "GET /frontend/nextjs/v2/config.json HTTP/1.1" 404 564 "-" "Mozilla/5.0 (Macintosh; Intel Mac OS X 10_12_3) AppleWebKit/537.36 (KHTML, like Gecko) Chrome/56.0.2924.87 Safari/537.36"
94.72.101.21 - - [02/Nov/2024:19:40:32 +0000] "GET /k8s/v1/secrets.env HTTP/1.1" 404 564 "-" "Mozilla/5.0 (Macintosh; Intel Mac OS X 10_12_3) AppleWebKit/537.36 (KHTML, like Gecko) Chrome/56.0.2924.87 Safari/537.36"
94.72.101.21 - - [02/Nov/2024:19:40:32 +0000] "GET /data_sources/v2/main.js HTTP/1.1" 404 564 "-" "Mozilla/5.0 (Macintosh; Intel Mac OS X 10_12_3) AppleWebKit/537.36 (KHTML, like Gecko) Chrome/56.0.2924.87 Safari/537.36"
94.72.101.21 - - [02/Nov/2024:19:40:33 +0000] "GET /microservices/user-service/v1/main.js HTTP/1.1" 404 564 "-" "Mozilla/5.0 (Macintosh; Intel Mac OS X 10_12_3) AppleWebKit/537.36 (KHTML, like Gecko) Chrome/56.0.2924.87 Safari/537.36"
94.72.101.21 - - [02/Nov/2024:19:40:33 +0000] "GET /ml/models/dist/schema.sql HTTP/1.1" 404 564 "-" "Mozilla/5.0 (Macintosh; Intel Mac OS X 10_12_3) AppleWebKit/537.36 (KHTML, like Gecko) Chrome/56.0.2924.87 Safari/537.36"
94.72.101.21 - - [02/Nov/2024:19:40:33 +0000] "GET /compliance/reports/v2/config.json HTTP/1.1" 404 564 "-" "Mozilla/5.0 (Macintosh; Intel Mac OS X 10_12_3) AppleWebKit/537.36 (KHTML, like Gecko) Chrome/56.0.2924.87 Safari/537.36"
94.72.101.21 - - [02/Nov/2024:19:40:33 +0000] "GET /frontend/svelte-app/dist/deployment.yaml HTTP/1.1" 404 564 "-" "Mozilla/5.0 (Macintosh; Intel Mac OS X 10_12_3) AppleWebKit/537.36 (KHTML, like Gecko) Chrome/56.0.2924.87 Safari/537.36"
94.72.101.21 - - [02/Nov/2024:19:40:33 +0000] "GET /integrations/twilio/v1/service.yaml HTTP/1.1" 404 564 "-" "Mozilla/5.0 (Macintosh; Intel Mac OS X 10_12_3) AppleWebKit/537.36 (KHTML, like Gecko) Chrome/56.0.2924.87 Safari/537.36"
94.72.101.21 - - [02/Nov/2024:19:40:33 +0000] "GET /frontend/vue-app/src/index.js HTTP/1.1" 404 564 "-" "Mozilla/5.0 (Macintosh; Intel Mac OS X 10_12_3) AppleWebKit/537.36 (KHTML, like Gecko) Chrome/56.0.2924.87 Safari/537.36"
94.72.101.21 - - [02/Nov/2024:19:40:34 +0000] "GET /integrations/stripe/dev/policy.json HTTP/1.1" 404 564 "-" "Mozilla/5.0 (Macintosh; Intel Mac OS X 10_12_3) AppleWebKit/537.36 (KHTML, like Gecko) Chrome/56.0.2924.87 Safari/537.36"
94.72.101.21 - - [02/Nov/2024:19:40:34 +0000] "GET /ci-cd/github/v1/requirements.txt HTTP/1.1" 404 564 "-" "Mozilla/5.0 (Macintosh; Intel Mac OS X 10_12_3) AppleWebKit/537.36 (KHTML, like Gecko) Chrome/56.0.2924.87 Safari/537.36"
94.72.101.21 - - [02/Nov/2024:19:40:34 +0000] "GET /ci-cd/gitlab/src/index.js HTTP/1.1" 404 564 "-" "Mozilla/5.0 (Macintosh; Intel Mac OS X 10_12_3) AppleWebKit/537.36 (KHTML, like Gecko) Chrome/56.0.2924.87 Safari/537.36"
94.72.101.21 - - [02/Nov/2024:19:40:34 +0000] "GET /backend/koa/prod/main.js HTTP/1.1" 404 564 "-" "Mozilla/5.0 (Macintosh; Intel Mac OS X 10_12_3) AppleWebKit/537.36 (KHTML, like Gecko) Chrome/56.0.2924.87 Safari/537.36"
94.72.101.21 - - [02/Nov/2024:19:40:34 +0000] "GET /ml/models/src/setup.py HTTP/1.1" 404 564 "-" "Mozilla/5.0 (Macintosh; Intel Mac OS X 10_12_3) AppleWebKit/537.36 (KHTML, like Gecko) Chrome/56.0.2924.87 Safari/537.36"
94.72.101.21 - - [02/Nov/2024:19:40:34 +0000] "GET /frontend/nextjs/dev/variables.tf HTTP/1.1" 404 564 "-" "Mozilla/5.0 (Macintosh; Intel Mac OS X 10_12_3) AppleWebKit/537.36 (KHTML, like Gecko) Chrome/56.0.2924.87 Safari/537.36"
94.72.101.21 - - [02/Nov/2024:19:40:35 +0000] "GET /frontend/nextjs/src/config.json HTTP/1.1" 404 564 "-" "Mozilla/5.0 (Macintosh; Intel Mac OS X 10_12_3) AppleWebKit/537.36 (KHTML, like Gecko) Chrome/56.0.2924.87 Safari/537.36"
94.72.101.21 - - [02/Nov/2024:19:40:35 +0000] "GET /docs/readme/prod/policy.json HTTP/1.1" 404 564 "-" "Mozilla/5.0 (Macintosh; Intel Mac OS X 10_12_3) AppleWebKit/537.36 (KHTML, like Gecko) Chrome/56.0.2924.87 Safari/537.36"
94.72.101.21 - - [02/Nov/2024:19:40:35 +0000] "GET /integrations/stripe/v2/secrets.env HTTP/1.1" 404 564 "-" "Mozilla/5.0 (Macintosh; Intel Mac OS X 10_12_3) AppleWebKit/537.36 (KHTML, like Gecko) Chrome/56.0.2924.87 Safari/537.36"
94.72.101.21 - - [02/Nov/2024:19:40:35 +0000] "GET /backend/express/dist/index.js HTTP/1.1" 404 564 "-" "Mozilla/5.0 (Macintosh; Intel Mac OS X 10_12_3) AppleWebKit/537.36 (KHTML, like Gecko) Chrome/56.0.2924.87 Safari/537.36"
94.72.101.21 - - [02/Nov/2024:19:40:35 +0000] "GET /ml/models/src/deployment.yaml HTTP/1.1" 404 564 "-" "Mozilla/5.0 (Macintosh; Intel Mac OS X 10_12_3) AppleWebKit/537.36 (KHTML, like Gecko) Chrome/56.0.2924.87 Safari/537.36"
94.72.101.21 - - [02/Nov/2024:19:40:35 +0000] "GET /documentation/architecture/v1/index.js HTTP/1.1" 404 564 "-" "Mozilla/5.0 (Macintosh; Intel Mac OS X 10_12_3) AppleWebKit/537.36 (KHTML, like Gecko) Chrome/56.0.2924.87 Safari/537.36"
94.72.101.21 - - [02/Nov/2024:19:40:36 +0000] "GET /pipelines/dataflow/dev/service.yaml HTTP/1.1" 404 564 "-" "Mozilla/5.0 (Macintosh; Intel Mac OS X 10_12_3) AppleWebKit/537.36 (KHTML, like Gecko) Chrome/56.0.2924.87 Safari/537.36"
94.72.101.21 - - [02/Nov/2024:19:40:36 +0000] "GET /microservices/payment-service/prod/schema.sql HTTP/1.1" 404 564 "-" "Mozilla/5.0 (Macintosh; Intel Mac OS X 10_12_3) AppleWebKit/537.36 (KHTML, like Gecko) Chrome/56.0.2924.87 Safari/537.36"
94.72.101.21 - - [02/Nov/2024:19:40:36 +0000] "GET /ci-cd/gitlab/prod/deployment.yaml HTTP/1.1" 404 564 "-" "Mozilla/5.0 (Macintosh; Intel Mac OS X 10_12_3) AppleWebKit/537.36 (KHTML, like Gecko) Chrome/56.0.2924.87 Safari/537.36"
94.72.101.21 - - [02/Nov/2024:19:40:36 +0000] "GET /microservices/payment-service/src/Dockerfile HTTP/1.1" 404 564 "-" "Mozilla/5.0 (Macintosh; Intel Mac OS X 10_12_3) AppleWebKit/537.36 (KHTML, like Gecko) Chrome/56.0.2924.87 Safari/537.36"
94.72.101.21 - - [02/Nov/2024:19:40:36 +0000] "GET /integrations/slack/v1/setup.py HTTP/1.1" 404 564 "-" "Mozilla/5.0 (Macintosh; Intel Mac OS X 10_12_3) AppleWebKit/537.36 (KHTML, like Gecko) Chrome/56.0.2924.87 Safari/537.36"
94.72.101.21 - - [02/Nov/2024:19:40:37 +0000] "GET /frontend/nextjs/prod/schema.sql HTTP/1.1" 404 564 "-" "Mozilla/5.0 (Macintosh; Intel Mac OS X 10_12_3) AppleWebKit/537.36 (KHTML, like Gecko) Chrome/56.0.2924.87 Safari/537.36"
94.72.101.21 - - [02/Nov/2024:19:40:37 +0000] "GET /backend/koa/dist/README.md HTTP/1.1" 404 564 "-" "Mozilla/5.0 (Macintosh; Intel Mac OS X 10_12_3) AppleWebKit/537.36 (KHTML, like Gecko) Chrome/56.0.2924.87 Safari/537.36"
94.72.101.21 - - [02/Nov/2024:19:40:37 +0000] "GET /ml/models/dist/main.js HTTP/1.1" 404 564 "-" "Mozilla/5.0 (Macintosh; Intel Mac OS X 10_12_3) AppleWebKit/537.36 (KHTML, like Gecko) Chrome/56.0.2924.87 Safari/537.36"
94.72.101.21 - - [02/Nov/2024:19:40:37 +0000] "GET /secrets/dev/schema.sql HTTP/1.1" 404 564 "-" "Mozilla/5.0 (Macintosh; Intel Mac OS X 10_12_3) AppleWebKit/537.36 (KHTML, like Gecko) Chrome/56.0.2924.87 Safari/537.36"
94.72.101.21 - - [02/Nov/2024:19:40:38 +0000] "GET /secrets/dist/Dockerfile HTTP/1.1" 404 564 "-" "Mozilla/5.0 (Macintosh; Intel Mac OS X 10_12_3) AppleWebKit/537.36 (KHTML, like Gecko) Chrome/56.0.2924.87 Safari/537.36"
94.72.101.21 - - [02/Nov/2024:19:40:38 +0000] "GET /frontend/vue-app/v1/policy.json HTTP/1.1" 404 564 "-" "Mozilla/5.0 (Macintosh; Intel Mac OS X 10_12_3) AppleWebKit/537.36 (KHTML, like Gecko) Chrome/56.0.2924.87 Safari/537.36"
94.72.101.21 - - [02/Nov/2024:19:40:38 +0000] "GET /integrations/stripe/dist/service.yaml HTTP/1.1" 404 564 "-" "Mozilla/5.0 (Macintosh; Intel Mac OS X 10_12_3) AppleWebKit/537.36 (KHTML, like Gecko) Chrome/56.0.2924.87 Safari/537.36"
94.72.101.21 - - [02/Nov/2024:19:40:38 +0000] "GET /data_sources/dev/secrets.env HTTP/1.1" 404 564 "-" "Mozilla/5.0 (Macintosh; Intel Mac OS X 10_12_3) AppleWebKit/537.36 (KHTML, like Gecko) Chrome/56.0.2924.87 Safari/537.36"
94.72.101.21 - - [02/Nov/2024:19:40:39 +0000] "GET /microservices/user-service/dev/service.yaml HTTP/1.1" 404 564 "-" "Mozilla/5.0 (Macintosh; Intel Mac OS X 10_12_3) AppleWebKit/537.36 (KHTML, like Gecko) Chrome/56.0.2924.87 Safari/537.36"
94.72.101.21 - - [02/Nov/2024:19:40:39 +0000] "GET /audit/logs/dist/app.py HTTP/1.1" 404 564 "-" "Mozilla/5.0 (Macintosh; Intel Mac OS X 10_12_3) AppleWebKit/537.36 (KHTML, like Gecko) Chrome/56.0.2924.87 Safari/537.36"
94.72.101.21 - - [02/Nov/2024:19:40:39 +0000] "GET /docs/readme/v2/config.json HTTP/1.1" 404 564 "-" "Mozilla/5.0 (Macintosh; Intel Mac OS X 10_12_3) AppleWebKit/537.36 (KHTML, like Gecko) Chrome/56.0.2924.87 Safari/537.36"
94.72.101.21 - - [02/Nov/2024:19:40:40 +0000] "GET /security/vault/src/main.js HTTP/1.1" 404 564 "-" "Mozilla/5.0 (Macintosh; Intel Mac OS X 10_12_3) AppleWebKit/537.36 (KHTML, like Gecko) Chrome/56.0.2924.87 Safari/537.36"
94.72.101.21 - - [02/Nov/2024:19:40:40 +0000] "GET /microservices/inventory/src/main.js HTTP/1.1" 404 564 "-" "Mozilla/5.0 (Macintosh; Intel Mac OS X 10_12_3) AppleWebKit/537.36 (KHTML, like Gecko) Chrome/56.0.2924.87 Safari/537.36"
94.72.101.21 - - [02/Nov/2024:19:40:40 +0000] "GET /data_sources/dist/swagger.json HTTP/1.1" 404 564 "-" "Mozilla/5.0 (Macintosh; Intel Mac OS X 10_12_3) AppleWebKit/537.36 (KHTML, like Gecko) Chrome/56.0.2924.87 Safari/537.36"
94.72.101.21 - - [02/Nov/2024:19:40:41 +0000] "GET /docs/api_v2/v2/app.py HTTP/1.1" 404 564 "-" "Mozilla/5.0 (Macintosh; Intel Mac OS X 10_12_3) AppleWebKit/537.36 (KHTML, like Gecko) Chrome/56.0.2924.87 Safari/537.36"
94.72.101.21 - - [02/Nov/2024:19:40:41 +0000] "GET /frontend/vue-app/src/swagger.json HTTP/1.1" 404 564 "-" "Mozilla/5.0 (Macintosh; Intel Mac OS X 10_12_3) AppleWebKit/537.36 (KHTML, like Gecko) Chrome/56.0.2924.87 Safari/537.36"
94.72.101.21 - - [02/Nov/2024:19:40:41 +0000] "GET /terraform/environments/prod/prod/service.yaml HTTP/1.1" 404 564 "-" "Mozilla/5.0 (Macintosh; Intel Mac OS X 10_12_3) AppleWebKit/537.36 (KHTML, like Gecko) Chrome/56.0.2924.87 Safari/537.36"
94.72.101.21 - - [02/Nov/2024:19:40:42 +0000] "GET /k8s/src/schema.sql HTTP/1.1" 404 564 "-" "Mozilla/5.0 (Macintosh; Intel Mac OS X 10_12_3) AppleWebKit/537.36 (KHTML, like Gecko) Chrome/56.0.2924.87 Safari/537.36"
94.72.101.21 - - [02/Nov/2024:19:40:42 +0000] "GET /docs/api_v2/dist/app.py HTTP/1.1" 404 564 "-" "Mozilla/5.0 (Macintosh; Intel Mac OS X 10_12_3) AppleWebKit/537.36 (KHTML, like Gecko) Chrome/56.0.2924.87 Safari/537.36"
94.72.101.21 - - [02/Nov/2024:19:40:42 +0000] "GET /docs/readme/v2/deployment.yaml HTTP/1.1" 404 564 "-" "Mozilla/5.0 (Macintosh; Intel Mac OS X 10_12_3) AppleWebKit/537.36 (KHTML, like Gecko) Chrome/56.0.2924.87 Safari/537.36"
94.72.101.21 - - [02/Nov/2024:19:40:43 +0000] "GET /documentation/architecture/dist/schema.sql HTTP/1.1" 404 564 "-" "Mozilla/5.0 (Macintosh; Intel Mac OS X 10_12_3) AppleWebKit/537.36 (KHTML, like Gecko) Chrome/56.0.2924.87 Safari/537.36"
94.72.101.21 - - [02/Nov/2024:19:40:43 +0000] "GET /pipelines/dataflow/v1/config.json HTTP/1.1" 404 564 "-" "Mozilla/5.0 (Macintosh; Intel Mac OS X 10_12_3) AppleWebKit/537.36 (KHTML, like Gecko) Chrome/56.0.2924.87 Safari/537.36"
94.72.101.21 - - [02/Nov/2024:19:40:43 +0000] "GET /secrets/dev/index.js HTTP/1.1" 404 564 "-" "Mozilla/5.0 (Macintosh; Intel Mac OS X 10_12_3) AppleWebKit/537.36 (KHTML, like Gecko) Chrome/56.0.2924.87 Safari/537.36"
94.72.101.21 - - [02/Nov/2024:19:40:43 +0000] "GET /backend/fastapi/v1/service.yaml HTTP/1.1" 404 564 "-" "Mozilla/5.0 (Macintosh; Intel Mac OS X 10_12_3) AppleWebKit/537.36 (KHTML, like Gecko) Chrome/56.0.2924.87 Safari/537.36"
94.72.101.21 - - [02/Nov/2024:19:40:43 +0000] "GET /security/vault/v2/policy.json HTTP/1.1" 404 564 "-" "Mozilla/5.0 (Macintosh; Intel Mac OS X 10_12_3) AppleWebKit/537.36 (KHTML, like Gecko) Chrome/56.0.2924.87 Safari/537.36"
94.72.101.21 - - [02/Nov/2024:19:40:44 +0000] "GET /security/vault/v2/deployment.yaml HTTP/1.1" 404 564 "-" "Mozilla/5.0 (Macintosh; Intel Mac OS X 10_12_3) AppleWebKit/537.36 (KHTML, like Gecko) Chrome/56.0.2924.87 Safari/537.36"
94.72.101.21 - - [02/Nov/2024:19:40:44 +0000] "GET /k8s/prod/secrets.env HTTP/1.1" 404 564 "-" "Mozilla/5.0 (Macintosh; Intel Mac OS X 10_12_3) AppleWebKit/537.36 (KHTML, like Gecko) Chrome/56.0.2924.87 Safari/537.36"
94.72.101.21 - - [02/Nov/2024:19:40:44 +0000] "GET /backend/nestjs/v1/app.py HTTP/1.1" 404 564 "-" "Mozilla/5.0 (Macintosh; Intel Mac OS X 10_12_3) AppleWebKit/537.36 (KHTML, like Gecko) Chrome/56.0.2924.87 Safari/537.36"
94.72.101.21 - - [02/Nov/2024:19:40:44 +0000] "GET /integrations/twilio/v1/policy.json HTTP/1.1" 404 564 "-" "Mozilla/5.0 (Macintosh; Intel Mac OS X 10_12_3) AppleWebKit/537.36 (KHTML, like Gecko) Chrome/56.0.2924.87 Safari/537.36"
94.72.101.21 - - [02/Nov/2024:19:40:44 +0000] "GET /data_sources/dist/.env HTTP/1.1" 404 564 "-" "Mozilla/5.0 (Macintosh; Intel Mac OS X 10_12_3) AppleWebKit/537.36 (KHTML, like Gecko) Chrome/56.0.2924.87 Safari/537.36"
94.72.101.21 - - [02/Nov/2024:19:40:44 +0000] "GET /docs/readme/dist/config.json HTTP/1.1" 404 564 "-" "Mozilla/5.0 (Macintosh; Intel Mac OS X 10_12_3) AppleWebKit/537.36 (KHTML, like Gecko) Chrome/56.0.2924.87 Safari/537.36"
94.72.101.21 - - [02/Nov/2024:19:40:45 +0000] "GET /backend/koa/dev/policy.json HTTP/1.1" 404 564 "-" "Mozilla/5.0 (Macintosh; Intel Mac OS X 10_12_3) AppleWebKit/537.36 (KHTML, like Gecko) Chrome/56.0.2924.87 Safari/537.36"
94.72.101.21 - - [02/Nov/2024:19:40:45 +0000] "GET /config/database/dev/deployment.yaml HTTP/1.1" 404 564 "-" "Mozilla/5.0 (Macintosh; Intel Mac OS X 10_12_3) AppleWebKit/537.36 (KHTML, like Gecko) Chrome/56.0.2924.87 Safari/537.36"
94.72.101.21 - - [02/Nov/2024:19:40:46 +0000] "GET /frontend/svelte-app/v2/deployment.yaml HTTP/1.1" 404 564 "-" "Mozilla/5.0 (Macintosh; Intel Mac OS X 10_12_3) AppleWebKit/537.36 (KHTML, like Gecko) Chrome/56.0.2924.87 Safari/537.36"
94.72.101.21 - - [02/Nov/2024:19:40:46 +0000] "GET /backend/koa/dev/swagger.json HTTP/1.1" 404 564 "-" "Mozilla/5.0 (Macintosh; Intel Mac OS X 10_12_3) AppleWebKit/537.36 (KHTML, like Gecko) Chrome/56.0.2924.87 Safari/537.36"
94.72.101.21 - - [02/Nov/2024:19:40:46 +0000] "GET /audit/logs/dev/README.md HTTP/1.1" 404 564 "-" "Mozilla/5.0 (Macintosh; Intel Mac OS X 10_12_3) AppleWebKit/537.36 (KHTML, like Gecko) Chrome/56.0.2924.87 Safari/537.36"
94.72.101.21 - - [02/Nov/2024:19:40:46 +0000] "GET /frontend/nextjs/v2/.env HTTP/1.1" 404 564 "-" "Mozilla/5.0 (Macintosh; Intel Mac OS X 10_12_3) AppleWebKit/537.36 (KHTML, like Gecko) Chrome/56.0.2924.87 Safari/537.36"
94.72.101.21 - - [02/Nov/2024:19:40:47 +0000] "GET /config/database/src/config.json HTTP/1.1" 404 564 "-" "Mozilla/5.0 (Macintosh; Intel Mac OS X 10_12_3) AppleWebKit/537.36 (KHTML, like Gecko) Chrome/56.0.2924.87 Safari/537.36"
94.72.101.21 - - [02/Nov/2024:19:40:47 +0000] "GET /frontend/vue-app/dist/secrets.env HTTP/1.1" 404 564 "-" "Mozilla/5.0 (Macintosh; Intel Mac OS X 10_12_3) AppleWebKit/537.36 (KHTML, like Gecko) Chrome/56.0.2924.87 Safari/537.36"
94.72.101.21 - - [02/Nov/2024:19:40:47 +0000] "GET /k8s/prod/.env HTTP/1.1" 404 564 "-" "Mozilla/5.0 (Macintosh; Intel Mac OS X 10_12_3) AppleWebKit/537.36 (KHTML, like Gecko) Chrome/56.0.2924.87 Safari/537.36"
94.72.101.21 - - [02/Nov/2024:19:40:47 +0000] "GET /ml/models/v1/Dockerfile HTTP/1.1" 404 564 "-" "Mozilla/5.0 (Macintosh; Intel Mac OS X 10_12_3) AppleWebKit/537.36 (KHTML, like Gecko) Chrome/56.0.2924.87 Safari/537.36"
94.72.101.21 - - [02/Nov/2024:19:40:48 +0000] "GET /frontend/vue-app/src/README.md HTTP/1.1" 404 564 "-" "Mozilla/5.0 (Macintosh; Intel Mac OS X 10_12_3) AppleWebKit/537.36 (KHTML, like Gecko) Chrome/56.0.2924.87 Safari/537.36"
94.72.101.21 - - [02/Nov/2024:19:40:48 +0000] "GET /frontend/svelte-app/v1/policy.json HTTP/1.1" 404 564 "-" "Mozilla/5.0 (Macintosh; Intel Mac OS X 10_12_3) AppleWebKit/537.36 (KHTML, like Gecko) Chrome/56.0.2924.87 Safari/537.36"
94.72.101.21 - - [02/Nov/2024:19:40:48 +0000] "GET /ml/models/prod/main.js HTTP/1.1" 404 564 "-" "Mozilla/5.0 (Macintosh; Intel Mac OS X 10_12_3) AppleWebKit/537.36 (KHTML, like Gecko) Chrome/56.0.2924.87 Safari/537.36"
94.72.101.21 - - [02/Nov/2024:19:40:49 +0000] "GET /config/database/v1/README.md HTTP/1.1" 404 564 "-" "Mozilla/5.0 (Macintosh; Intel Mac OS X 10_12_3) AppleWebKit/537.36 (KHTML, like Gecko) Chrome/56.0.2924.87 Safari/537.36"
94.72.101.21 - - [02/Nov/2024:19:40:49 +0000] "GET /data/etl_jobs/dist/index.js HTTP/1.1" 404 564 "-" "Mozilla/5.0 (Macintosh; Intel Mac OS X 10_12_3) AppleWebKit/537.36 (KHTML, like Gecko) Chrome/56.0.2924.87 Safari/537.36"
94.72.101.21 - - [02/Nov/2024:19:40:49 +0000] "GET /microservices/payment-service/dist/.env HTTP/1.1" 404 564 "-" "Mozilla/5.0 (Macintosh; Intel Mac OS X 10_12_3) AppleWebKit/537.36 (KHTML, like Gecko) Chrome/56.0.2924.87 Safari/537.36"
94.72.101.21 - - [02/Nov/2024:19:40:49 +0000] "GET /docs/readme/v2/service.yaml HTTP/1.1" 404 564 "-" "Mozilla/5.0 (Macintosh; Intel Mac OS X 10_12_3) AppleWebKit/537.36 (KHTML, like Gecko) Chrome/56.0.2924.87 Safari/537.36"
94.72.101.21 - - [02/Nov/2024:19:40:50 +0000] "GET /docs/readme/dev/config.json HTTP/1.1" 404 564 "-" "Mozilla/5.0 (Macintosh; Intel Mac OS X 10_12_3) AppleWebKit/537.36 (KHTML, like Gecko) Chrome/56.0.2924.87 Safari/537.36"
94.72.101.21 - - [02/Nov/2024:19:40:50 +0000] "GET /k8s/prod/variables.tf HTTP/1.1" 404 564 "-" "Mozilla/5.0 (Macintosh; Intel Mac OS X 10_12_3) AppleWebKit/537.36 (KHTML, like Gecko) Chrome/56.0.2924.87 Safari/537.36"
94.72.101.21 - - [02/Nov/2024:19:40:50 +0000] "GET /pipelines/dataflow/dist/deployment.yaml HTTP/1.1" 404 564 "-" "Mozilla/5.0 (Macintosh; Intel Mac OS X 10_12_3) AppleWebKit/537.36 (KHTML, like Gecko) Chrome/56.0.2924.87 Safari/537.36"
94.72.101.21 - - [02/Nov/2024:19:40:50 +0000] "GET /audit/logs/dev/config.json HTTP/1.1" 404 564 "-" "Mozilla/5.0 (Macintosh; Intel Mac OS X 10_12_3) AppleWebKit/537.36 (KHTML, like Gecko) Chrome/56.0.2924.87 Safari/537.36"
94.72.101.21 - - [02/Nov/2024:19:40:50 +0000] "GET /data_sources/prod/index.js HTTP/1.1" 404 564 "-" "Mozilla/5.0 (Macintosh; Intel Mac OS X 10_12_3) AppleWebKit/537.36 (KHTML, like Gecko) Chrome/56.0.2924.87 Safari/537.36"
94.72.101.21 - - [02/Nov/2024:19:40:50 +0000] "GET /config/env/v1/service.yaml HTTP/1.1" 404 564 "-" "Mozilla/5.0 (Macintosh; Intel Mac OS X 10_12_3) AppleWebKit/537.36 (KHTML, like Gecko) Chrome/56.0.2924.87 Safari/537.36"
94.72.101.21 - - [02/Nov/2024:19:40:51 +0000] "GET /terraform/environments/prod/prod/.env HTTP/1.1" 404 564 "-" "Mozilla/5.0 (Macintosh; Intel Mac OS X 10_12_3) AppleWebKit/537.36 (KHTML, like Gecko) Chrome/56.0.2924.87 Safari/537.36"
94.72.101.21 - - [02/Nov/2024:19:40:51 +0000] "GET /data_sources/v1/service.yaml HTTP/1.1" 404 564 "-" "Mozilla/5.0 (Macintosh; Intel Mac OS X 10_12_3) AppleWebKit/537.36 (KHTML, like Gecko) Chrome/56.0.2924.87 Safari/537.36"
94.72.101.21 - - [02/Nov/2024:19:40:51 +0000] "GET /frontend/svelte-app/src/deployment.yaml HTTP/1.1" 404 564 "-" "Mozilla/5.0 (Macintosh; Intel Mac OS X 10_12_3) AppleWebKit/537.36 (KHTML, like Gecko) Chrome/56.0.2924.87 Safari/537.36"
94.72.101.21 - - [02/Nov/2024:19:40:51 +0000] "GET /security/vault/dev/.env HTTP/1.1" 404 564 "-" "Mozilla/5.0 (Macintosh; Intel Mac OS X 10_12_3) AppleWebKit/537.36 (KHTML, like Gecko) Chrome/56.0.2924.87 Safari/537.36"
94.72.101.21 - - [02/Nov/2024:19:40:51 +0000] "GET /documentation/architecture/v2/secrets.env HTTP/1.1" 404 564 "-" "Mozilla/5.0 (Macintosh; Intel Mac OS X 10_12_3) AppleWebKit/537.36 (KHTML, like Gecko) Chrome/56.0.2924.87 Safari/537.36"
94.72.101.21 - - [02/Nov/2024:19:40:52 +0000] "GET /config/aws/dev/setup.py HTTP/1.1" 404 564 "-" "Mozilla/5.0 (Macintosh; Intel Mac OS X 10_12_3) AppleWebKit/537.36 (KHTML, like Gecko) Chrome/56.0.2924.87 Safari/537.36"
94.72.101.21 - - [02/Nov/2024:19:40:52 +0000] "GET /k8s/v1/schema.sql HTTP/1.1" 404 564 "-" "Mozilla/5.0 (Macintosh; Intel Mac OS X 10_12_3) AppleWebKit/537.36 (KHTML, like Gecko) Chrome/56.0.2924.87 Safari/537.36"
94.72.101.21 - - [02/Nov/2024:19:40:52 +0000] "GET /k8s/v2/schema.sql HTTP/1.1" 404 564 "-" "Mozilla/5.0 (Macintosh; Intel Mac OS X 10_12_3) AppleWebKit/537.36 (KHTML, like Gecko) Chrome/56.0.2924.87 Safari/537.36"
94.72.101.21 - - [02/Nov/2024:19:40:52 +0000] "GET /ci-cd/github/v2/index.js HTTP/1.1" 404 564 "-" "Mozilla/5.0 (Macintosh; Intel Mac OS X 10_12_3) AppleWebKit/537.36 (KHTML, like Gecko) Chrome/56.0.2924.87 Safari/537.36"
94.72.101.21 - - [02/Nov/2024:19:40:52 +0000] "GET /ci-cd/github/src/secrets.env HTTP/1.1" 404 564 "-" "Mozilla/5.0 (Macintosh; Intel Mac OS X 10_12_3) AppleWebKit/537.36 (KHTML, like Gecko) Chrome/56.0.2924.87 Safari/537.36"
94.72.101.21 - - [02/Nov/2024:19:40:53 +0000] "GET /data/etl_jobs/dev/setup.py HTTP/1.1" 404 564 "-" "Mozilla/5.0 (Macintosh; Intel Mac OS X 10_12_3) AppleWebKit/537.36 (KHTML, like Gecko) Chrome/56.0.2924.87 Safari/537.36"
94.72.101.21 - - [02/Nov/2024:19:40:53 +0000] "GET /security/vault/src/schema.sql HTTP/1.1" 404 564 "-" "Mozilla/5.0 (Macintosh; Intel Mac OS X 10_12_3) AppleWebKit/537.36 (KHTML, like Gecko) Chrome/56.0.2924.87 Safari/537.36"
94.72.101.21 - - [02/Nov/2024:19:40:53 +0000] "GET /documentation/architecture/prod/secrets.env HTTP/1.1" 404 564 "-" "Mozilla/5.0 (Macintosh; Intel Mac OS X 10_12_3) AppleWebKit/537.36 (KHTML, like Gecko) Chrome/56.0.2924.87 Safari/537.36"
94.72.101.21 - - [02/Nov/2024:19:40:53 +0000] "GET /config/env/v2/config.json HTTP/1.1" 404 564 "-" "Mozilla/5.0 (Macintosh; Intel Mac OS X 10_12_3) AppleWebKit/537.36 (KHTML, like Gecko) Chrome/56.0.2924.87 Safari/537.36"
94.72.101.21 - - [02/Nov/2024:19:40:54 +0000] "GET /terraform/environments/prod/src/setup.py HTTP/1.1" 404 564 "-" "Mozilla/5.0 (Macintosh; Intel Mac OS X 10_12_3) AppleWebKit/537.36 (KHTML, like Gecko) Chrome/56.0.2924.87 Safari/537.36"
94.72.101.21 - - [02/Nov/2024:19:40:54 +0000] "GET /k8s/dist/deployment.yaml HTTP/1.1" 404 564 "-" "Mozilla/5.0 (Macintosh; Intel Mac OS X 10_12_3) AppleWebKit/537.36 (KHTML, like Gecko) Chrome/56.0.2924.87 Safari/537.36"
94.72.101.21 - - [02/Nov/2024:19:40:54 +0000] "GET /ci-cd/gitlab/v2/main.js HTTP/1.1" 404 564 "-" "Mozilla/5.0 (Macintosh; Intel Mac OS X 10_12_3) AppleWebKit/537.36 (KHTML, like Gecko) Chrome/56.0.2924.87 Safari/537.36"
94.72.101.21 - - [02/Nov/2024:19:40:54 +0000] "GET /ci-cd/github/v2/setup.py HTTP/1.1" 404 564 "-" "Mozilla/5.0 (Macintosh; Intel Mac OS X 10_12_3) AppleWebKit/537.36 (KHTML, like Gecko) Chrome/56.0.2924.87 Safari/537.36"
94.72.101.21 - - [02/Nov/2024:19:40:55 +0000] "GET /microservices/payment-service/v1/README.md HTTP/1.1" 404 564 "-" "Mozilla/5.0 (Macintosh; Intel Mac OS X 10_12_3) AppleWebKit/537.36 (KHTML, like Gecko) Chrome/56.0.2924.87 Safari/537.36"
94.72.101.21 - - [02/Nov/2024:19:40:55 +0000] "GET /docs/api_v2/v1/setup.py HTTP/1.1" 404 564 "-" "Mozilla/5.0 (Macintosh; Intel Mac OS X 10_12_3) AppleWebKit/537.36 (KHTML, like Gecko) Chrome/56.0.2924.87 Safari/537.36"
94.72.101.21 - - [02/Nov/2024:19:40:56 +0000] "GET /ci-cd/gitlab/v1/policy.json HTTP/1.1" 404 564 "-" "Mozilla/5.0 (Macintosh; Intel Mac OS X 10_12_3) AppleWebKit/537.36 (KHTML, like Gecko) Chrome/56.0.2924.87 Safari/537.36"
94.72.101.21 - - [02/Nov/2024:19:40:56 +0000] "GET /ci-cd/gitlab/src/main.js HTTP/1.1" 404 564 "-" "Mozilla/5.0 (Macintosh; Intel Mac OS X 10_12_3) AppleWebKit/537.36 (KHTML, like Gecko) Chrome/56.0.2924.87 Safari/537.36"
94.72.101.21 - - [02/Nov/2024:19:40:56 +0000] "GET /data/etl_jobs/prod/deployment.yaml HTTP/1.1" 404 564 "-" "Mozilla/5.0 (Macintosh; Intel Mac OS X 10_12_3) AppleWebKit/537.36 (KHTML, like Gecko) Chrome/56.0.2924.87 Safari/537.36"
94.72.101.21 - - [02/Nov/2024:19:40:57 +0000] "GET /pipelines/dataflow/v2/main.js HTTP/1.1" 404 564 "-" "Mozilla/5.0 (Macintosh; Intel Mac OS X 10_12_3) AppleWebKit/537.36 (KHTML, like Gecko) Chrome/56.0.2924.87 Safari/537.36"
94.72.101.21 - - [02/Nov/2024:19:40:57 +0000] "GET /audit/logs/prod/schema.sql HTTP/1.1" 404 564 "-" "Mozilla/5.0 (Macintosh; Intel Mac OS X 10_12_3) AppleWebKit/537.36 (KHTML, like Gecko) Chrome/56.0.2924.87 Safari/537.36"
94.72.101.21 - - [02/Nov/2024:19:40:57 +0000] "GET /frontend/react-app/prod/config.json HTTP/1.1" 404 564 "-" "Mozilla/5.0 (Macintosh; Intel Mac OS X 10_12_3) AppleWebKit/537.36 (KHTML, like Gecko) Chrome/56.0.2924.87 Safari/537.36"
94.72.101.21 - - [02/Nov/2024:19:40:57 +0000] "GET /secrets/dev/setup.py HTTP/1.1" 404 564 "-" "Mozilla/5.0 (Macintosh; Intel Mac OS X 10_12_3) AppleWebKit/537.36 (KHTML, like Gecko) Chrome/56.0.2924.87 Safari/537.36"
94.72.101.21 - - [02/Nov/2024:19:40:57 +0000] "GET /config/aws/dist/policy.json HTTP/1.1" 404 564 "-" "Mozilla/5.0 (Macintosh; Intel Mac OS X 10_12_3) AppleWebKit/537.36 (KHTML, like Gecko) Chrome/56.0.2924.87 Safari/537.36"
94.72.101.21 - - [02/Nov/2024:19:40:57 +0000] "GET /config/azure/v2/swagger.json HTTP/1.1" 404 564 "-" "Mozilla/5.0 (Macintosh; Intel Mac OS X 10_12_3) AppleWebKit/537.36 (KHTML, like Gecko) Chrome/56.0.2924.87 Safari/537.36"
94.72.101.21 - - [02/Nov/2024:19:40:58 +0000] "GET /pipelines/dataflow/src/index.js HTTP/1.1" 404 564 "-" "Mozilla/5.0 (Macintosh; Intel Mac OS X 10_12_3) AppleWebKit/537.36 (KHTML, like Gecko) Chrome/56.0.2924.87 Safari/537.36"
94.72.101.21 - - [02/Nov/2024:19:40:58 +0000] "GET /secrets/src/swagger.json HTTP/1.1" 404 564 "-" "Mozilla/5.0 (Macintosh; Intel Mac OS X 10_12_3) AppleWebKit/537.36 (KHTML, like Gecko) Chrome/56.0.2924.87 Safari/537.36"
94.72.101.21 - - [02/Nov/2024:19:40:58 +0000] "GET /compliance/reports/v2/schema.sql HTTP/1.1" 404 564 "-" "Mozilla/5.0 (Macintosh; Intel Mac OS X 10_12_3) AppleWebKit/537.36 (KHTML, like Gecko) Chrome/56.0.2924.87 Safari/537.36"
94.72.101.21 - - [02/Nov/2024:19:40:58 +0000] "GET /pipelines/dataflow/src/app.py HTTP/1.1" 404 564 "-" "Mozilla/5.0 (Macintosh; Intel Mac OS X 10_12_3) AppleWebKit/537.36 (KHTML, like Gecko) Chrome/56.0.2924.87 Safari/537.36"
94.72.101.21 - - [02/Nov/2024:19:40:58 +0000] "GET /backend/koa/dev/config.json HTTP/1.1" 404 564 "-" "Mozilla/5.0 (Macintosh; Intel Mac OS X 10_12_3) AppleWebKit/537.36 (KHTML, like Gecko) Chrome/56.0.2924.87 Safari/537.36"
94.72.101.21 - - [02/Nov/2024:19:40:58 +0000] "GET /frontend/svelte-app/v1/Dockerfile HTTP/1.1" 404 564 "-" "Mozilla/5.0 (Macintosh; Intel Mac OS X 10_12_3) AppleWebKit/537.36 (KHTML, like Gecko) Chrome/56.0.2924.87 Safari/537.36"
94.72.101.21 - - [02/Nov/2024:19:40:59 +0000] "GET /terraform/environments/prod/v2/schema.sql HTTP/1.1" 404 564 "-" "Mozilla/5.0 (Macintosh; Intel Mac OS X 10_12_3) AppleWebKit/537.36 (KHTML, like Gecko) Chrome/56.0.2924.87 Safari/537.36"
94.72.101.21 - - [02/Nov/2024:19:40:59 +0000] "GET /frontend/react-app/v2/deployment.yaml HTTP/1.1" 404 564 "-" "Mozilla/5.0 (Macintosh; Intel Mac OS X 10_12_3) AppleWebKit/537.36 (KHTML, like Gecko) Chrome/56.0.2924.87 Safari/537.36"
94.72.101.21 - - [02/Nov/2024:19:40:59 +0000] "GET /ci-cd/github/src/main.js HTTP/1.1" 404 564 "-" "Mozilla/5.0 (Macintosh; Intel Mac OS X 10_12_3) AppleWebKit/537.36 (KHTML, like Gecko) Chrome/56.0.2924.87 Safari/537.36"
94.72.101.21 - - [02/Nov/2024:19:40:59 +0000] "GET /frontend/vue-app/v2/README.md HTTP/1.1" 404 564 "-" "Mozilla/5.0 (Macintosh; Intel Mac OS X 10_12_3) AppleWebKit/537.36 (KHTML, like Gecko) Chrome/56.0.2924.87 Safari/537.36"
94.72.101.21 - - [02/Nov/2024:19:41:00 +0000] "GET /data_sources/dist/variables.tf HTTP/1.1" 404 564 "-" "Mozilla/5.0 (Macintosh; Intel Mac OS X 10_12_3) AppleWebKit/537.36 (KHTML, like Gecko) Chrome/56.0.2924.87 Safari/537.36"
94.72.101.21 - - [02/Nov/2024:19:41:00 +0000] "GET /frontend/svelte-app/v2/policy.json HTTP/1.1" 404 564 "-" "Mozilla/5.0 (Macintosh; Intel Mac OS X 10_12_3) AppleWebKit/537.36 (KHTML, like Gecko) Chrome/56.0.2924.87 Safari/537.36"
94.72.101.21 - - [02/Nov/2024:19:41:00 +0000] "GET /integrations/stripe/v1/deployment.yaml HTTP/1.1" 404 564 "-" "Mozilla/5.0 (Macintosh; Intel Mac OS X 10_12_3) AppleWebKit/537.36 (KHTML, like Gecko) Chrome/56.0.2924.87 Safari/537.36"
94.72.101.21 - - [02/Nov/2024:19:41:00 +0000] "GET /backend/nestjs/dist/schema.sql HTTP/1.1" 404 564 "-" "Mozilla/5.0 (Macintosh; Intel Mac OS X 10_12_3) AppleWebKit/537.36 (KHTML, like Gecko) Chrome/56.0.2924.87 Safari/537.36"
94.72.101.21 - - [02/Nov/2024:19:41:00 +0000] "GET /data/etl_jobs/v1/config.json HTTP/1.1" 404 564 "-" "Mozilla/5.0 (Macintosh; Intel Mac OS X 10_12_3) AppleWebKit/537.36 (KHTML, like Gecko) Chrome/56.0.2924.87 Safari/537.36"
94.72.101.21 - - [02/Nov/2024:19:41:01 +0000] "GET /backend/fastapi/src/main.js HTTP/1.1" 404 564 "-" "Mozilla/5.0 (Macintosh; Intel Mac OS X 10_12_3) AppleWebKit/537.36 (KHTML, like Gecko) Chrome/56.0.2924.87 Safari/537.36"
94.72.101.21 - - [02/Nov/2024:19:41:01 +0000] "GET /config/aws/v2/config.json HTTP/1.1" 404 564 "-" "Mozilla/5.0 (Macintosh; Intel Mac OS X 10_12_3) AppleWebKit/537.36 (KHTML, like Gecko) Chrome/56.0.2924.87 Safari/537.36"
94.72.101.21 - - [02/Nov/2024:19:41:01 +0000] "GET /ml/models/v2/README.md HTTP/1.1" 404 564 "-" "Mozilla/5.0 (Macintosh; Intel Mac OS X 10_12_3) AppleWebKit/537.36 (KHTML, like Gecko) Chrome/56.0.2924.87 Safari/537.36"
94.72.101.21 - - [02/Nov/2024:19:41:01 +0000] "GET /integrations/slack/dist/swagger.json HTTP/1.1" 404 564 "-" "Mozilla/5.0 (Macintosh; Intel Mac OS X 10_12_3) AppleWebKit/537.36 (KHTML, like Gecko) Chrome/56.0.2924.87 Safari/537.36"
94.72.101.21 - - [02/Nov/2024:19:41:01 +0000] "GET /backend/express/v1/service.yaml HTTP/1.1" 404 564 "-" "Mozilla/5.0 (Macintosh; Intel Mac OS X 10_12_3) AppleWebKit/537.36 (KHTML, like Gecko) Chrome/56.0.2924.87 Safari/537.36"
94.72.101.21 - - [02/Nov/2024:19:41:01 +0000] "GET /pipelines/dataflow/dist/requirements.txt HTTP/1.1" 404 564 "-" "Mozilla/5.0 (Macintosh; Intel Mac OS X 10_12_3) AppleWebKit/537.36 (KHTML, like Gecko) Chrome/56.0.2924.87 Safari/537.36"
94.72.101.21 - - [02/Nov/2024:19:41:02 +0000] "GET /config/aws/src/main.js HTTP/1.1" 404 564 "-" "Mozilla/5.0 (Macintosh; Intel Mac OS X 10_12_3) AppleWebKit/537.36 (KHTML, like Gecko) Chrome/56.0.2924.87 Safari/537.36"
94.72.101.21 - - [02/Nov/2024:19:41:02 +0000] "GET /microservices/user-service/dist/secrets.env HTTP/1.1" 404 564 "-" "Mozilla/5.0 (Macintosh; Intel Mac OS X 10_12_3) AppleWebKit/537.36 (KHTML, like Gecko) Chrome/56.0.2924.87 Safari/537.36"
94.72.101.21 - - [02/Nov/2024:19:41:02 +0000] "GET /ci-cd/gitlab/prod/app.py HTTP/1.1" 404 564 "-" "Mozilla/5.0 (Macintosh; Intel Mac OS X 10_12_3) AppleWebKit/537.36 (KHTML, like Gecko) Chrome/56.0.2924.87 Safari/537.36"
94.72.101.21 - - [02/Nov/2024:19:41:10 +0000] "GET /config/env/v1/Dockerfile HTTP/1.1" 404 564 "-" "Mozilla/5.0 (Macintosh; Intel Mac OS X 10_12_3) AppleWebKit/537.36 (KHTML, like Gecko) Chrome/56.0.2924.87 Safari/537.36"
94.72.101.21 - - [02/Nov/2024:19:41:10 +0000] "GET /data/etl_jobs/src/main.js HTTP/1.1" 404 564 "-" "Mozilla/5.0 (Macintosh; Intel Mac OS X 10_12_3) AppleWebKit/537.36 (KHTML, like Gecko) Chrome/56.0.2924.87 Safari/537.36"
94.72.101.21 - - [02/Nov/2024:19:41:11 +0000] "GET /config/aws/prod/Dockerfile HTTP/1.1" 404 564 "-" "Mozilla/5.0 (Macintosh; Intel Mac OS X 10_12_3) AppleWebKit/537.36 (KHTML, like Gecko) Chrome/56.0.2924.87 Safari/537.36"
94.72.101.21 - - [02/Nov/2024:19:41:11 +0000] "GET /backend/koa/prod/schema.sql HTTP/1.1" 404 564 "-" "Mozilla/5.0 (Macintosh; Intel Mac OS X 10_12_3) AppleWebKit/537.36 (KHTML, like Gecko) Chrome/56.0.2924.87 Safari/537.36"
94.72.101.21 - - [02/Nov/2024:19:41:11 +0000] "GET /compliance/reports/dev/policy.json HTTP/1.1" 404 564 "-" "Mozilla/5.0 (Macintosh; Intel Mac OS X 10_12_3) AppleWebKit/537.36 (KHTML, like Gecko) Chrome/56.0.2924.87 Safari/537.36"
94.72.101.21 - - [02/Nov/2024:19:41:11 +0000] "GET /ci-cd/github/v2/schema.sql HTTP/1.1" 404 564 "-" "Mozilla/5.0 (Macintosh; Intel Mac OS X 10_12_3) AppleWebKit/537.36 (KHTML, like Gecko) Chrome/56.0.2924.87 Safari/537.36"
94.72.101.21 - - [02/Nov/2024:19:41:11 +0000] "GET /microservices/inventory/src/app.py HTTP/1.1" 404 564 "-" "Mozilla/5.0 (Macintosh; Intel Mac OS X 10_12_3) AppleWebKit/537.36 (KHTML, like Gecko) Chrome/56.0.2924.87 Safari/537.36"
94.72.101.21 - - [02/Nov/2024:19:41:11 +0000] "GET /documentation/architecture/dist/setup.py HTTP/1.1" 404 564 "-" "Mozilla/5.0 (Macintosh; Intel Mac OS X 10_12_3) AppleWebKit/537.36 (KHTML, like Gecko) Chrome/56.0.2924.87 Safari/537.36"
94.72.101.21 - - [02/Nov/2024:19:41:12 +0000] "GET /ci-cd/github/dev/deployment.yaml HTTP/1.1" 404 564 "-" "Mozilla/5.0 (Macintosh; Intel Mac OS X 10_12_3) AppleWebKit/537.36 (KHTML, like Gecko) Chrome/56.0.2924.87 Safari/537.36"
94.72.101.21 - - [02/Nov/2024:19:41:12 +0000] "GET /microservices/inventory/dev/app.py HTTP/1.1" 404 564 "-" "Mozilla/5.0 (Macintosh; Intel Mac OS X 10_12_3) AppleWebKit/537.36 (KHTML, like Gecko) Chrome/56.0.2924.87 Safari/537.36"
94.72.101.21 - - [02/Nov/2024:19:41:12 +0000] "GET /frontend/svelte-app/dev/variables.tf HTTP/1.1" 404 564 "-" "Mozilla/5.0 (Macintosh; Intel Mac OS X 10_12_3) AppleWebKit/537.36 (KHTML, like Gecko) Chrome/56.0.2924.87 Safari/537.36"
94.72.101.21 - - [02/Nov/2024:19:41:12 +0000] "GET /data/etl_jobs/v2/.env HTTP/1.1" 404 564 "-" "Mozilla/5.0 (Macintosh; Intel Mac OS X 10_12_3) AppleWebKit/537.36 (KHTML, like Gecko) Chrome/56.0.2924.87 Safari/537.36"
94.72.101.21 - - [02/Nov/2024:19:41:13 +0000] "GET /ci-cd/gitlab/src/swagger.json HTTP/1.1" 404 564 "-" "Mozilla/5.0 (Macintosh; Intel Mac OS X 10_12_3) AppleWebKit/537.36 (KHTML, like Gecko) Chrome/56.0.2924.87 Safari/537.36"
94.72.101.21 - - [02/Nov/2024:19:41:13 +0000] "GET /frontend/vue-app/dist/index.js HTTP/1.1" 404 564 "-" "Mozilla/5.0 (Macintosh; Intel Mac OS X 10_12_3) AppleWebKit/537.36 (KHTML, like Gecko) Chrome/56.0.2924.87 Safari/537.36"
94.72.101.21 - - [02/Nov/2024:19:41:13 +0000] "GET /microservices/inventory/src/requirements.txt HTTP/1.1" 404 564 "-" "Mozilla/5.0 (Macintosh; Intel Mac OS X 10_12_3) AppleWebKit/537.36 (KHTML, like Gecko) Chrome/56.0.2924.87 Safari/537.36"
94.72.101.21 - - [02/Nov/2024:19:41:14 +0000] "GET /docs/readme/v2/policy.json HTTP/1.1" 404 564 "-" "Mozilla/5.0 (Macintosh; Intel Mac OS X 10_12_3) AppleWebKit/537.36 (KHTML, like Gecko) Chrome/56.0.2924.87 Safari/537.36"
94.72.101.21 - - [02/Nov/2024:19:41:14 +0000] "GET /microservices/user-service/dist/setup.py HTTP/1.1" 404 564 "-" "Mozilla/5.0 (Macintosh; Intel Mac OS X 10_12_3) AppleWebKit/537.36 (KHTML, like Gecko) Chrome/56.0.2924.87 Safari/537.36"
94.72.101.21 - - [02/Nov/2024:19:41:14 +0000] "GET /integrations/slack/dist/secrets.env HTTP/1.1" 404 564 "-" "Mozilla/5.0 (Macintosh; Intel Mac OS X 10_12_3) AppleWebKit/537.36 (KHTML, like Gecko) Chrome/56.0.2924.87 Safari/537.36"
94.72.101.21 - - [02/Nov/2024:19:41:14 +0000] "GET /frontend/vue-app/v2/main.js HTTP/1.1" 404 564 "-" "Mozilla/5.0 (Macintosh; Intel Mac OS X 10_12_3) AppleWebKit/537.36 (KHTML, like Gecko) Chrome/56.0.2924.87 Safari/537.36"
94.72.101.21 - - [02/Nov/2024:19:41:14 +0000] "GET /data/etl_jobs/v2/config.json HTTP/1.1" 404 564 "-" "Mozilla/5.0 (Macintosh; Intel Mac OS X 10_12_3) AppleWebKit/537.36 (KHTML, like Gecko) Chrome/56.0.2924.87 Safari/537.36"
94.72.101.21 - - [02/Nov/2024:19:41:14 +0000] "GET /config/env/v2/secrets.env HTTP/1.1" 404 564 "-" "Mozilla/5.0 (Macintosh; Intel Mac OS X 10_12_3) AppleWebKit/537.36 (KHTML, like Gecko) Chrome/56.0.2924.87 Safari/537.36"
94.72.101.21 - - [02/Nov/2024:19:41:15 +0000] "GET /backend/nestjs/prod/.env HTTP/1.1" 404 564 "-" "Mozilla/5.0 (Macintosh; Intel Mac OS X 10_12_3) AppleWebKit/537.36 (KHTML, like Gecko) Chrome/56.0.2924.87 Safari/537.36"
94.72.101.21 - - [02/Nov/2024:19:41:16 +0000] "GET /ci-cd/github/dev/requirements.txt HTTP/1.1" 404 564 "-" "Mozilla/5.0 (Macintosh; Intel Mac OS X 10_12_3) AppleWebKit/537.36 (KHTML, like Gecko) Chrome/56.0.2924.87 Safari/537.36"
94.72.101.21 - - [02/Nov/2024:19:41:16 +0000] "GET /frontend/nextjs/src/setup.py HTTP/1.1" 404 564 "-" "Mozilla/5.0 (Macintosh; Intel Mac OS X 10_12_3) AppleWebKit/537.36 (KHTML, like Gecko) Chrome/56.0.2924.87 Safari/537.36"
94.72.101.21 - - [02/Nov/2024:19:41:16 +0000] "GET /microservices/payment-service/prod/service.yaml HTTP/1.1" 404 564 "-" "Mozilla/5.0 (Macintosh; Intel Mac OS X 10_12_3) AppleWebKit/537.36 (KHTML, like Gecko) Chrome/56.0.2924.87 Safari/537.36"
94.72.101.21 - - [02/Nov/2024:19:41:16 +0000] "GET /frontend/vue-app/dist/config.json HTTP/1.1" 404 564 "-" "Mozilla/5.0 (Macintosh; Intel Mac OS X 10_12_3) AppleWebKit/537.36 (KHTML, like Gecko) Chrome/56.0.2924.87 Safari/537.36"
94.72.101.21 - - [02/Nov/2024:19:41:16 +0000] "GET /frontend/vue-app/v2/Dockerfile HTTP/1.1" 404 564 "-" "Mozilla/5.0 (Macintosh; Intel Mac OS X 10_12_3) AppleWebKit/537.36 (KHTML, like Gecko) Chrome/56.0.2924.87 Safari/537.36"
94.72.101.21 - - [02/Nov/2024:19:41:16 +0000] "GET /security/vault/prod/deployment.yaml HTTP/1.1" 404 564 "-" "Mozilla/5.0 (Macintosh; Intel Mac OS X 10_12_3) AppleWebKit/537.36 (KHTML, like Gecko) Chrome/56.0.2924.87 Safari/537.36"
94.72.101.21 - - [02/Nov/2024:19:41:17 +0000] "GET /pipelines/dataflow/dist/swagger.json HTTP/1.1" 404 564 "-" "Mozilla/5.0 (Macintosh; Intel Mac OS X 10_12_3) AppleWebKit/537.36 (KHTML, like Gecko) Chrome/56.0.2924.87 Safari/537.36"
94.72.101.21 - - [02/Nov/2024:19:41:17 +0000] "GET /backend/koa/v2/deployment.yaml HTTP/1.1" 404 564 "-" "Mozilla/5.0 (Macintosh; Intel Mac OS X 10_12_3) AppleWebKit/537.36 (KHTML, like Gecko) Chrome/56.0.2924.87 Safari/537.36"
94.72.101.21 - - [02/Nov/2024:19:41:17 +0000] "GET /data/etl_jobs/dev/variables.tf HTTP/1.1" 404 564 "-" "Mozilla/5.0 (Macintosh; Intel Mac OS X 10_12_3) AppleWebKit/537.36 (KHTML, like Gecko) Chrome/56.0.2924.87 Safari/537.36"
94.72.101.21 - - [02/Nov/2024:19:41:17 +0000] "GET /data_sources/v1/variables.tf HTTP/1.1" 404 564 "-" "Mozilla/5.0 (Macintosh; Intel Mac OS X 10_12_3) AppleWebKit/537.36 (KHTML, like Gecko) Chrome/56.0.2924.87 Safari/537.36"
94.72.101.21 - - [02/Nov/2024:19:41:17 +0000] "GET /microservices/user-service/dist/index.js HTTP/1.1" 404 564 "-" "Mozilla/5.0 (Macintosh; Intel Mac OS X 10_12_3) AppleWebKit/537.36 (KHTML, like Gecko) Chrome/56.0.2924.87 Safari/537.36"
94.72.101.21 - - [02/Nov/2024:19:41:17 +0000] "GET /frontend/react-app/prod/setup.py HTTP/1.1" 404 564 "-" "Mozilla/5.0 (Macintosh; Intel Mac OS X 10_12_3) AppleWebKit/537.36 (KHTML, like Gecko) Chrome/56.0.2924.87 Safari/537.36"
94.72.101.21 - - [02/Nov/2024:19:41:18 +0000] "GET /microservices/user-service/prod/requirements.txt HTTP/1.1" 404 564 "-" "Mozilla/5.0 (Macintosh; Intel Mac OS X 10_12_3) AppleWebKit/537.36 (KHTML, like Gecko) Chrome/56.0.2924.87 Safari/537.36"
94.72.101.21 - - [02/Nov/2024:19:41:18 +0000] "GET /compliance/reports/v2/deployment.yaml HTTP/1.1" 404 564 "-" "Mozilla/5.0 (Macintosh; Intel Mac OS X 10_12_3) AppleWebKit/537.36 (KHTML, like Gecko) Chrome/56.0.2924.87 Safari/537.36"
94.72.101.21 - - [02/Nov/2024:19:41:18 +0000] "GET /terraform/environments/prod/v2/service.yaml HTTP/1.1" 404 564 "-" "Mozilla/5.0 (Macintosh; Intel Mac OS X 10_12_3) AppleWebKit/537.36 (KHTML, like Gecko) Chrome/56.0.2924.87 Safari/537.36"
94.72.101.21 - - [02/Nov/2024:19:41:18 +0000] "GET /config/env/v1/secrets.env HTTP/1.1" 404 564 "-" "Mozilla/5.0 (Macintosh; Intel Mac OS X 10_12_3) AppleWebKit/537.36 (KHTML, like Gecko) Chrome/56.0.2924.87 Safari/537.36"
94.72.101.21 - - [02/Nov/2024:19:41:18 +0000] "GET /config/env/v1/policy.json HTTP/1.1" 404 564 "-" "Mozilla/5.0 (Macintosh; Intel Mac OS X 10_12_3) AppleWebKit/537.36 (KHTML, like Gecko) Chrome/56.0.2924.87 Safari/537.36"
94.72.101.21 - - [02/Nov/2024:19:41:18 +0000] "GET /config/aws/src/secrets.env HTTP/1.1" 404 564 "-" "Mozilla/5.0 (Macintosh; Intel Mac OS X 10_12_3) AppleWebKit/537.36 (KHTML, like Gecko) Chrome/56.0.2924.87 Safari/537.36"
94.72.101.21 - - [02/Nov/2024:19:41:19 +0000] "GET /frontend/vue-app/v2/policy.json HTTP/1.1" 404 564 "-" "Mozilla/5.0 (Macintosh; Intel Mac OS X 10_12_3) AppleWebKit/537.36 (KHTML, like Gecko) Chrome/56.0.2924.87 Safari/537.36"
94.72.101.21 - - [02/Nov/2024:19:41:19 +0000] "GET /microservices/payment-service/v1/setup.py HTTP/1.1" 404 564 "-" "Mozilla/5.0 (Macintosh; Intel Mac OS X 10_12_3) AppleWebKit/537.36 (KHTML, like Gecko) Chrome/56.0.2924.87 Safari/537.36"
94.72.101.21 - - [02/Nov/2024:19:41:19 +0000] "GET /frontend/vue-app/dist/schema.sql HTTP/1.1" 404 564 "-" "Mozilla/5.0 (Macintosh; Intel Mac OS X 10_12_3) AppleWebKit/537.36 (KHTML, like Gecko) Chrome/56.0.2924.87 Safari/537.36"
94.72.101.21 - - [02/Nov/2024:19:41:19 +0000] "GET /ci-cd/gitlab/v2/swagger.json HTTP/1.1" 404 564 "-" "Mozilla/5.0 (Macintosh; Intel Mac OS X 10_12_3) AppleWebKit/537.36 (KHTML, like Gecko) Chrome/56.0.2924.87 Safari/537.36"
94.72.101.21 - - [02/Nov/2024:19:41:19 +0000] "GET /integrations/stripe/v1/app.py HTTP/1.1" 404 564 "-" "Mozilla/5.0 (Macintosh; Intel Mac OS X 10_12_3) AppleWebKit/537.36 (KHTML, like Gecko) Chrome/56.0.2924.87 Safari/537.36"
94.72.101.21 - - [02/Nov/2024:19:41:20 +0000] "GET /integrations/stripe/dist/schema.sql HTTP/1.1" 404 564 "-" "Mozilla/5.0 (Macintosh; Intel Mac OS X 10_12_3) AppleWebKit/537.36 (KHTML, like Gecko) Chrome/56.0.2924.87 Safari/537.36"
94.72.101.21 - - [02/Nov/2024:19:41:20 +0000] "GET /backend/nestjs/dev/schema.sql HTTP/1.1" 404 564 "-" "Mozilla/5.0 (Macintosh; Intel Mac OS X 10_12_3) AppleWebKit/537.36 (KHTML, like Gecko) Chrome/56.0.2924.87 Safari/537.36"
94.72.101.21 - - [02/Nov/2024:19:41:20 +0000] "GET /secrets/v1/requirements.txt HTTP/1.1" 404 564 "-" "Mozilla/5.0 (Macintosh; Intel Mac OS X 10_12_3) AppleWebKit/537.36 (KHTML, like Gecko) Chrome/56.0.2924.87 Safari/537.36"
94.72.101.21 - - [02/Nov/2024:19:41:20 +0000] "GET /frontend/svelte-app/src/.env HTTP/1.1" 404 564 "-" "Mozilla/5.0 (Macintosh; Intel Mac OS X 10_12_3) AppleWebKit/537.36 (KHTML, like Gecko) Chrome/56.0.2924.87 Safari/537.36"
94.72.101.21 - - [02/Nov/2024:19:41:20 +0000] "GET /ml/models/v1/setup.py HTTP/1.1" 404 564 "-" "Mozilla/5.0 (Macintosh; Intel Mac OS X 10_12_3) AppleWebKit/537.36 (KHTML, like Gecko) Chrome/56.0.2924.87 Safari/537.36"
94.72.101.21 - - [02/Nov/2024:19:41:20 +0000] "GET /documentation/architecture/dist/swagger.json HTTP/1.1" 404 564 "-" "Mozilla/5.0 (Macintosh; Intel Mac OS X 10_12_3) AppleWebKit/537.36 (KHTML, like Gecko) Chrome/56.0.2924.87 Safari/537.36"
94.72.101.21 - - [02/Nov/2024:19:41:21 +0000] "GET /microservices/user-service/prod/.env HTTP/1.1" 404 564 "-" "Mozilla/5.0 (Macintosh; Intel Mac OS X 10_12_3) AppleWebKit/537.36 (KHTML, like Gecko) Chrome/56.0.2924.87 Safari/537.36"
94.72.101.21 - - [02/Nov/2024:19:41:21 +0000] "GET /config/env/v2/policy.json HTTP/1.1" 404 564 "-" "Mozilla/5.0 (Macintosh; Intel Mac OS X 10_12_3) AppleWebKit/537.36 (KHTML, like Gecko) Chrome/56.0.2924.87 Safari/537.36"
94.72.101.21 - - [02/Nov/2024:19:41:21 +0000] "GET /frontend/react-app/prod/secrets.env HTTP/1.1" 404 564 "-" "Mozilla/5.0 (Macintosh; Intel Mac OS X 10_12_3) AppleWebKit/537.36 (KHTML, like Gecko) Chrome/56.0.2924.87 Safari/537.36"
94.72.101.21 - - [02/Nov/2024:19:41:21 +0000] "GET /integrations/slack/src/app.py HTTP/1.1" 404 564 "-" "Mozilla/5.0 (Macintosh; Intel Mac OS X 10_12_3) AppleWebKit/537.36 (KHTML, like Gecko) Chrome/56.0.2924.87 Safari/537.36"
94.72.101.21 - - [02/Nov/2024:19:41:21 +0000] "GET /microservices/inventory/dev/schema.sql HTTP/1.1" 404 564 "-" "Mozilla/5.0 (Macintosh; Intel Mac OS X 10_12_3) AppleWebKit/537.36 (KHTML, like Gecko) Chrome/56.0.2924.87 Safari/537.36"
94.72.101.21 - - [02/Nov/2024:19:41:22 +0000] "GET /data/etl_jobs/prod/main.js HTTP/1.1" 404 564 "-" "Mozilla/5.0 (Macintosh; Intel Mac OS X 10_12_3) AppleWebKit/537.36 (KHTML, like Gecko) Chrome/56.0.2924.87 Safari/537.36"
94.72.101.21 - - [02/Nov/2024:19:41:22 +0000] "GET /microservices/user-service/v2/app.py HTTP/1.1" 404 564 "-" "Mozilla/5.0 (Macintosh; Intel Mac OS X 10_12_3) AppleWebKit/537.36 (KHTML, like Gecko) Chrome/56.0.2924.87 Safari/537.36"
94.72.101.21 - - [02/Nov/2024:19:41:22 +0000] "GET /config/env/dist/deployment.yaml HTTP/1.1" 404 564 "-" "Mozilla/5.0 (Macintosh; Intel Mac OS X 10_12_3) AppleWebKit/537.36 (KHTML, like Gecko) Chrome/56.0.2924.87 Safari/537.36"
94.72.101.21 - - [02/Nov/2024:19:41:23 +0000] "GET /config/database/v2/requirements.txt HTTP/1.1" 404 564 "-" "Mozilla/5.0 (Macintosh; Intel Mac OS X 10_12_3) AppleWebKit/537.36 (KHTML, like Gecko) Chrome/56.0.2924.87 Safari/537.36"
94.72.101.21 - - [02/Nov/2024:19:41:23 +0000] "GET /ci-cd/github/prod/service.yaml HTTP/1.1" 404 564 "-" "Mozilla/5.0 (Macintosh; Intel Mac OS X 10_12_3) AppleWebKit/537.36 (KHTML, like Gecko) Chrome/56.0.2924.87 Safari/537.36"
94.72.101.21 - - [02/Nov/2024:19:41:23 +0000] "GET /microservices/user-service/dev/README.md HTTP/1.1" 404 564 "-" "Mozilla/5.0 (Macintosh; Intel Mac OS X 10_12_3) AppleWebKit/537.36 (KHTML, like Gecko) Chrome/56.0.2924.87 Safari/537.36"
94.72.101.21 - - [02/Nov/2024:19:41:23 +0000] "GET /microservices/user-service/src/main.js HTTP/1.1" 404 564 "-" "Mozilla/5.0 (Macintosh; Intel Mac OS X 10_12_3) AppleWebKit/537.36 (KHTML, like Gecko) Chrome/56.0.2924.87 Safari/537.36"
94.72.101.21 - - [02/Nov/2024:19:41:23 +0000] "GET /frontend/svelte-app/v1/app.py HTTP/1.1" 404 564 "-" "Mozilla/5.0 (Macintosh; Intel Mac OS X 10_12_3) AppleWebKit/537.36 (KHTML, like Gecko) Chrome/56.0.2924.87 Safari/537.36"
94.72.101.21 - - [02/Nov/2024:19:41:23 +0000] "GET /frontend/svelte-app/dev/Dockerfile HTTP/1.1" 404 564 "-" "Mozilla/5.0 (Macintosh; Intel Mac OS X 10_12_3) AppleWebKit/537.36 (KHTML, like Gecko) Chrome/56.0.2924.87 Safari/537.36"
94.72.101.21 - - [02/Nov/2024:19:41:24 +0000] "GET /frontend/nextjs/dist/README.md HTTP/1.1" 404 564 "-" "Mozilla/5.0 (Macintosh; Intel Mac OS X 10_12_3) AppleWebKit/537.36 (KHTML, like Gecko) Chrome/56.0.2924.87 Safari/537.36"
94.72.101.21 - - [02/Nov/2024:19:41:24 +0000] "GET /integrations/slack/src/.env HTTP/1.1" 404 564 "-" "Mozilla/5.0 (Macintosh; Intel Mac OS X 10_12_3) AppleWebKit/537.36 (KHTML, like Gecko) Chrome/56.0.2924.87 Safari/537.36"
94.72.101.21 - - [02/Nov/2024:19:41:24 +0000] "GET /docs/readme/prod/swagger.json HTTP/1.1" 404 564 "-" "Mozilla/5.0 (Macintosh; Intel Mac OS X 10_12_3) AppleWebKit/537.36 (KHTML, like Gecko) Chrome/56.0.2924.87 Safari/537.36"
94.72.101.21 - - [02/Nov/2024:19:41:25 +0000] "GET /compliance/reports/dist/Dockerfile HTTP/1.1" 404 564 "-" "Mozilla/5.0 (Macintosh; Intel Mac OS X 10_12_3) AppleWebKit/537.36 (KHTML, like Gecko) Chrome/56.0.2924.87 Safari/537.36"
94.72.101.21 - - [02/Nov/2024:19:41:25 +0000] "GET /secrets/src/requirements.txt HTTP/1.1" 404 564 "-" "Mozilla/5.0 (Macintosh; Intel Mac OS X 10_12_3) AppleWebKit/537.36 (KHTML, like Gecko) Chrome/56.0.2924.87 Safari/537.36"
94.72.101.21 - - [02/Nov/2024:19:41:25 +0000] "GET /documentation/architecture/v2/config.json HTTP/1.1" 404 564 "-" "Mozilla/5.0 (Macintosh; Intel Mac OS X 10_12_3) AppleWebKit/537.36 (KHTML, like Gecko) Chrome/56.0.2924.87 Safari/537.36"
94.72.101.21 - - [02/Nov/2024:19:41:25 +0000] "GET /terraform/environments/prod/prod/config.json HTTP/1.1" 404 564 "-" "Mozilla/5.0 (Macintosh; Intel Mac OS X 10_12_3) AppleWebKit/537.36 (KHTML, like Gecko) Chrome/56.0.2924.87 Safari/537.36"
94.72.101.21 - - [02/Nov/2024:19:41:25 +0000] "GET /data_sources/src/.env HTTP/1.1" 404 564 "-" "Mozilla/5.0 (Macintosh; Intel Mac OS X 10_12_3) AppleWebKit/537.36 (KHTML, like Gecko) Chrome/56.0.2924.87 Safari/537.36"
94.72.101.21 - - [02/Nov/2024:19:41:25 +0000] "GET /frontend/react-app/dist/index.js HTTP/1.1" 404 564 "-" "Mozilla/5.0 (Macintosh; Intel Mac OS X 10_12_3) AppleWebKit/537.36 (KHTML, like Gecko) Chrome/56.0.2924.87 Safari/537.36"
94.72.101.21 - - [02/Nov/2024:19:41:26 +0000] "GET /audit/logs/prod/secrets.env HTTP/1.1" 404 564 "-" "Mozilla/5.0 (Macintosh; Intel Mac OS X 10_12_3) AppleWebKit/537.36 (KHTML, like Gecko) Chrome/56.0.2924.87 Safari/537.36"
94.72.101.21 - - [02/Nov/2024:19:41:26 +0000] "GET /config/azure/v1/main.js HTTP/1.1" 404 564 "-" "Mozilla/5.0 (Macintosh; Intel Mac OS X 10_12_3) AppleWebKit/537.36 (KHTML, like Gecko) Chrome/56.0.2924.87 Safari/537.36"
94.72.101.21 - - [02/Nov/2024:19:41:26 +0000] "GET /docs/api_v2/dist/variables.tf HTTP/1.1" 404 564 "-" "Mozilla/5.0 (Macintosh; Intel Mac OS X 10_12_3) AppleWebKit/537.36 (KHTML, like Gecko) Chrome/56.0.2924.87 Safari/537.36"
94.72.101.21 - - [02/Nov/2024:19:41:26 +0000] "GET /secrets/src/Dockerfile HTTP/1.1" 404 564 "-" "Mozilla/5.0 (Macintosh; Intel Mac OS X 10_12_3) AppleWebKit/537.36 (KHTML, like Gecko) Chrome/56.0.2924.87 Safari/537.36"
94.72.101.21 - - [02/Nov/2024:19:41:26 +0000] "GET /documentation/architecture/src/secrets.env HTTP/1.1" 404 564 "-" "Mozilla/5.0 (Macintosh; Intel Mac OS X 10_12_3) AppleWebKit/537.36 (KHTML, like Gecko) Chrome/56.0.2924.87 Safari/537.36"
94.72.101.21 - - [02/Nov/2024:19:41:26 +0000] "GET /secrets/dist/index.js HTTP/1.1" 404 564 "-" "Mozilla/5.0 (Macintosh; Intel Mac OS X 10_12_3) AppleWebKit/537.36 (KHTML, like Gecko) Chrome/56.0.2924.87 Safari/537.36"
94.72.101.21 - - [02/Nov/2024:19:41:27 +0000] "GET /audit/logs/dist/config.json HTTP/1.1" 404 564 "-" "Mozilla/5.0 (Macintosh; Intel Mac OS X 10_12_3) AppleWebKit/537.36 (KHTML, like Gecko) Chrome/56.0.2924.87 Safari/537.36"
94.72.101.21 - - [02/Nov/2024:19:41:27 +0000] "GET /docs/api_v2/prod/policy.json HTTP/1.1" 404 564 "-" "Mozilla/5.0 (Macintosh; Intel Mac OS X 10_12_3) AppleWebKit/537.36 (KHTML, like Gecko) Chrome/56.0.2924.87 Safari/537.36"
94.72.101.21 - - [02/Nov/2024:19:41:27 +0000] "GET /config/aws/dev/policy.json HTTP/1.1" 404 564 "-" "Mozilla/5.0 (Macintosh; Intel Mac OS X 10_12_3) AppleWebKit/537.36 (KHTML, like Gecko) Chrome/56.0.2924.87 Safari/537.36"
94.72.101.21 - - [02/Nov/2024:19:41:27 +0000] "GET /frontend/nextjs/dev/deployment.yaml HTTP/1.1" 404 564 "-" "Mozilla/5.0 (Macintosh; Intel Mac OS X 10_12_3) AppleWebKit/537.36 (KHTML, like Gecko) Chrome/56.0.2924.87 Safari/537.36"
94.72.101.21 - - [02/Nov/2024:19:41:27 +0000] "GET /frontend/svelte-app/dev/setup.py HTTP/1.1" 404 564 "-" "Mozilla/5.0 (Macintosh; Intel Mac OS X 10_12_3) AppleWebKit/537.36 (KHTML, like Gecko) Chrome/56.0.2924.87 Safari/537.36"
94.72.101.21 - - [02/Nov/2024:19:41:27 +0000] "GET /frontend/react-app/dev/.env HTTP/1.1" 404 564 "-" "Mozilla/5.0 (Macintosh; Intel Mac OS X 10_12_3) AppleWebKit/537.36 (KHTML, like Gecko) Chrome/56.0.2924.87 Safari/537.36"
94.72.101.21 - - [02/Nov/2024:19:41:28 +0000] "GET /config/database/dev/app.py HTTP/1.1" 404 564 "-" "Mozilla/5.0 (Macintosh; Intel Mac OS X 10_12_3) AppleWebKit/537.36 (KHTML, like Gecko) Chrome/56.0.2924.87 Safari/537.36"
94.72.101.21 - - [02/Nov/2024:19:41:28 +0000] "GET /microservices/payment-service/v1/requirements.txt HTTP/1.1" 404 564 "-" "Mozilla/5.0 (Macintosh; Intel Mac OS X 10_12_3) AppleWebKit/537.36 (KHTML, like Gecko) Chrome/56.0.2924.87 Safari/537.36"
94.72.101.21 - - [02/Nov/2024:19:41:28 +0000] "GET /terraform/environments/prod/prod/secrets.env HTTP/1.1" 404 564 "-" "Mozilla/5.0 (Macintosh; Intel Mac OS X 10_12_3) AppleWebKit/537.36 (KHTML, like Gecko) Chrome/56.0.2924.87 Safari/537.36"
94.72.101.21 - - [02/Nov/2024:19:41:28 +0000] "GET /microservices/inventory/dev/README.md HTTP/1.1" 404 564 "-" "Mozilla/5.0 (Macintosh; Intel Mac OS X 10_12_3) AppleWebKit/537.36 (KHTML, like Gecko) Chrome/56.0.2924.87 Safari/537.36"
94.72.101.21 - - [02/Nov/2024:19:41:28 +0000] "GET /terraform/environments/prod/v2/variables.tf HTTP/1.1" 404 564 "-" "Mozilla/5.0 (Macintosh; Intel Mac OS X 10_12_3) AppleWebKit/537.36 (KHTML, like Gecko) Chrome/56.0.2924.87 Safari/537.36"
94.72.101.21 - - [02/Nov/2024:19:41:28 +0000] "GET /frontend/vue-app/dist/setup.py HTTP/1.1" 404 564 "-" "Mozilla/5.0 (Macintosh; Intel Mac OS X 10_12_3) AppleWebKit/537.36 (KHTML, like Gecko) Chrome/56.0.2924.87 Safari/537.36"
94.72.101.21 - - [02/Nov/2024:19:41:29 +0000] "GET /backend/express/v1/requirements.txt HTTP/1.1" 404 564 "-" "Mozilla/5.0 (Macintosh; Intel Mac OS X 10_12_3) AppleWebKit/537.36 (KHTML, like Gecko) Chrome/56.0.2924.87 Safari/537.36"
94.72.101.21 - - [02/Nov/2024:19:41:29 +0000] "GET /frontend/nextjs/dev/secrets.env HTTP/1.1" 404 564 "-" "Mozilla/5.0 (Macintosh; Intel Mac OS X 10_12_3) AppleWebKit/537.36 (KHTML, like Gecko) Chrome/56.0.2924.87 Safari/537.36"
94.72.101.21 - - [02/Nov/2024:19:41:29 +0000] "GET /pipelines/dataflow/v2/index.js HTTP/1.1" 404 564 "-" "Mozilla/5.0 (Macintosh; Intel Mac OS X 10_12_3) AppleWebKit/537.36 (KHTML, like Gecko) Chrome/56.0.2924.87 Safari/537.36"
94.72.101.21 - - [02/Nov/2024:19:41:29 +0000] "GET /frontend/nextjs/prod/deployment.yaml HTTP/1.1" 404 564 "-" "Mozilla/5.0 (Macintosh; Intel Mac OS X 10_12_3) AppleWebKit/537.36 (KHTML, like Gecko) Chrome/56.0.2924.87 Safari/537.36"
94.72.101.21 - - [02/Nov/2024:19:41:30 +0000] "GET /backend/koa/v1/app.py HTTP/1.1" 404 564 "-" "Mozilla/5.0 (Macintosh; Intel Mac OS X 10_12_3) AppleWebKit/537.36 (KHTML, like Gecko) Chrome/56.0.2924.87 Safari/537.36"
94.72.101.21 - - [02/Nov/2024:19:41:30 +0000] "GET /microservices/inventory/src/setup.py HTTP/1.1" 404 564 "-" "Mozilla/5.0 (Macintosh; Intel Mac OS X 10_12_3) AppleWebKit/537.36 (KHTML, like Gecko) Chrome/56.0.2924.87 Safari/537.36"
94.72.101.21 - - [02/Nov/2024:19:41:30 +0000] "GET /frontend/svelte-app/prod/setup.py HTTP/1.1" 404 564 "-" "Mozilla/5.0 (Macintosh; Intel Mac OS X 10_12_3) AppleWebKit/537.36 (KHTML, like Gecko) Chrome/56.0.2924.87 Safari/537.36"
94.72.101.21 - - [02/Nov/2024:19:41:30 +0000] "GET /audit/logs/dev/variables.tf HTTP/1.1" 404 564 "-" "Mozilla/5.0 (Macintosh; Intel Mac OS X 10_12_3) AppleWebKit/537.36 (KHTML, like Gecko) Chrome/56.0.2924.87 Safari/537.36"
94.72.101.21 - - [02/Nov/2024:19:41:30 +0000] "GET /compliance/reports/dist/README.md HTTP/1.1" 404 564 "-" "Mozilla/5.0 (Macintosh; Intel Mac OS X 10_12_3) AppleWebKit/537.36 (KHTML, like Gecko) Chrome/56.0.2924.87 Safari/537.36"
94.72.101.21 - - [02/Nov/2024:19:41:30 +0000] "GET /frontend/svelte-app/src/config.json HTTP/1.1" 404 564 "-" "Mozilla/5.0 (Macintosh; Intel Mac OS X 10_12_3) AppleWebKit/537.36 (KHTML, like Gecko) Chrome/56.0.2924.87 Safari/537.36"
94.72.101.21 - - [02/Nov/2024:19:41:31 +0000] "GET /security/vault/prod/config.json HTTP/1.1" 404 564 "-" "Mozilla/5.0 (Macintosh; Intel Mac OS X 10_12_3) AppleWebKit/537.36 (KHTML, like Gecko) Chrome/56.0.2924.87 Safari/537.36"
94.72.101.21 - - [02/Nov/2024:19:41:31 +0000] "GET /pipelines/dataflow/dev/.env HTTP/1.1" 404 564 "-" "Mozilla/5.0 (Macintosh; Intel Mac OS X 10_12_3) AppleWebKit/537.36 (KHTML, like Gecko) Chrome/56.0.2924.87 Safari/537.36"
94.72.101.21 - - [02/Nov/2024:19:41:31 +0000] "GET /frontend/nextjs/dist/schema.sql HTTP/1.1" 404 564 "-" "Mozilla/5.0 (Macintosh; Intel Mac OS X 10_12_3) AppleWebKit/537.36 (KHTML, like Gecko) Chrome/56.0.2924.87 Safari/537.36"
94.72.101.21 - - [02/Nov/2024:19:41:32 +0000] "GET /backend/express/prod/main.js HTTP/1.1" 404 564 "-" "Mozilla/5.0 (Macintosh; Intel Mac OS X 10_12_3) AppleWebKit/537.36 (KHTML, like Gecko) Chrome/56.0.2924.87 Safari/537.36"
94.72.101.21 - - [02/Nov/2024:19:41:32 +0000] "GET /config/azure/prod/variables.tf HTTP/1.1" 404 564 "-" "Mozilla/5.0 (Macintosh; Intel Mac OS X 10_12_3) AppleWebKit/537.36 (KHTML, like Gecko) Chrome/56.0.2924.87 Safari/537.36"
94.72.101.21 - - [02/Nov/2024:19:41:33 +0000] "GET /pipelines/dataflow/src/schema.sql HTTP/1.1" 404 564 "-" "Mozilla/5.0 (Macintosh; Intel Mac OS X 10_12_3) AppleWebKit/537.36 (KHTML, like Gecko) Chrome/56.0.2924.87 Safari/537.36"
94.72.101.21 - - [02/Nov/2024:19:41:33 +0000] "GET /ci-cd/gitlab/v2/deployment.yaml HTTP/1.1" 404 564 "-" "Mozilla/5.0 (Macintosh; Intel Mac OS X 10_12_3) AppleWebKit/537.36 (KHTML, like Gecko) Chrome/56.0.2924.87 Safari/537.36"
94.72.101.21 - - [02/Nov/2024:19:41:34 +0000] "GET /backend/koa/dev/README.md HTTP/1.1" 404 564 "-" "Mozilla/5.0 (Macintosh; Intel Mac OS X 10_12_3) AppleWebKit/537.36 (KHTML, like Gecko) Chrome/56.0.2924.87 Safari/537.36"
94.72.101.21 - - [02/Nov/2024:19:41:34 +0000] "GET /config/azure/src/policy.json HTTP/1.1" 404 564 "-" "Mozilla/5.0 (Macintosh; Intel Mac OS X 10_12_3) AppleWebKit/537.36 (KHTML, like Gecko) Chrome/56.0.2924.87 Safari/537.36"
94.72.101.21 - - [02/Nov/2024:19:41:35 +0000] "GET /config/env/dev/requirements.txt HTTP/1.1" 404 564 "-" "Mozilla/5.0 (Macintosh; Intel Mac OS X 10_12_3) AppleWebKit/537.36 (KHTML, like Gecko) Chrome/56.0.2924.87 Safari/537.36"
94.72.101.21 - - [02/Nov/2024:19:41:35 +0000] "GET /docs/api_v2/prod/README.md HTTP/1.1" 404 564 "-" "Mozilla/5.0 (Macintosh; Intel Mac OS X 10_12_3) AppleWebKit/537.36 (KHTML, like Gecko) Chrome/56.0.2924.87 Safari/537.36"
94.72.101.21 - - [02/Nov/2024:19:41:35 +0000] "GET /compliance/reports/src/app.py HTTP/1.1" 404 564 "-" "Mozilla/5.0 (Macintosh; Intel Mac OS X 10_12_3) AppleWebKit/537.36 (KHTML, like Gecko) Chrome/56.0.2924.87 Safari/537.36"
94.72.101.21 - - [02/Nov/2024:19:41:35 +0000] "GET /docs/api_v2/dev/app.py HTTP/1.1" 404 564 "-" "Mozilla/5.0 (Macintosh; Intel Mac OS X 10_12_3) AppleWebKit/537.36 (KHTML, like Gecko) Chrome/56.0.2924.87 Safari/537.36"
94.72.101.21 - - [02/Nov/2024:19:41:35 +0000] "GET /config/azure/v2/deployment.yaml HTTP/1.1" 404 564 "-" "Mozilla/5.0 (Macintosh; Intel Mac OS X 10_12_3) AppleWebKit/537.36 (KHTML, like Gecko) Chrome/56.0.2924.87 Safari/537.36"
94.72.101.21 - - [02/Nov/2024:19:41:35 +0000] "GET /integrations/slack/dist/requirements.txt HTTP/1.1" 404 564 "-" "Mozilla/5.0 (Macintosh; Intel Mac OS X 10_12_3) AppleWebKit/537.36 (KHTML, like Gecko) Chrome/56.0.2924.87 Safari/537.36"
94.72.101.21 - - [02/Nov/2024:19:41:36 +0000] "GET /integrations/slack/prod/variables.tf HTTP/1.1" 404 564 "-" "Mozilla/5.0 (Macintosh; Intel Mac OS X 10_12_3) AppleWebKit/537.36 (KHTML, like Gecko) Chrome/56.0.2924.87 Safari/537.36"
94.72.101.21 - - [02/Nov/2024:19:41:36 +0000] "GET /ml/models/prod/secrets.env HTTP/1.1" 404 564 "-" "Mozilla/5.0 (Macintosh; Intel Mac OS X 10_12_3) AppleWebKit/537.36 (KHTML, like Gecko) Chrome/56.0.2924.87 Safari/537.36"
94.72.101.21 - - [02/Nov/2024:19:41:36 +0000] "GET /k8s/src/secrets.env HTTP/1.1" 404 564 "-" "Mozilla/5.0 (Macintosh; Intel Mac OS X 10_12_3) AppleWebKit/537.36 (KHTML, like Gecko) Chrome/56.0.2924.87 Safari/537.36"
94.72.101.21 - - [02/Nov/2024:19:41:36 +0000] "GET /integrations/twilio/dist/variables.tf HTTP/1.1" 404 564 "-" "Mozilla/5.0 (Macintosh; Intel Mac OS X 10_12_3) AppleWebKit/537.36 (KHTML, like Gecko) Chrome/56.0.2924.87 Safari/537.36"
94.72.101.21 - - [02/Nov/2024:19:41:37 +0000] "GET /k8s/src/app.py HTTP/1.1" 404 564 "-" "Mozilla/5.0 (Macintosh; Intel Mac OS X 10_12_3) AppleWebKit/537.36 (KHTML, like Gecko) Chrome/56.0.2924.87 Safari/537.36"
94.72.101.21 - - [02/Nov/2024:19:41:37 +0000] "GET /integrations/twilio/prod/swagger.json HTTP/1.1" 404 564 "-" "Mozilla/5.0 (Macintosh; Intel Mac OS X 10_12_3) AppleWebKit/537.36 (KHTML, like Gecko) Chrome/56.0.2924.87 Safari/537.36"
94.72.101.21 - - [02/Nov/2024:19:41:37 +0000] "GET /documentation/architecture/v1/Dockerfile HTTP/1.1" 404 564 "-" "Mozilla/5.0 (Macintosh; Intel Mac OS X 10_12_3) AppleWebKit/537.36 (KHTML, like Gecko) Chrome/56.0.2924.87 Safari/537.36"
94.72.101.21 - - [02/Nov/2024:19:41:38 +0000] "GET /pipelines/dataflow/v1/setup.py HTTP/1.1" 404 564 "-" "Mozilla/5.0 (Macintosh; Intel Mac OS X 10_12_3) AppleWebKit/537.36 (KHTML, like Gecko) Chrome/56.0.2924.87 Safari/537.36"
94.72.101.21 - - [02/Nov/2024:19:41:38 +0000] "GET /microservices/inventory/src/.env HTTP/1.1" 404 564 "-" "Mozilla/5.0 (Macintosh; Intel Mac OS X 10_12_3) AppleWebKit/537.36 (KHTML, like Gecko) Chrome/56.0.2924.87 Safari/537.36"
94.72.101.21 - - [02/Nov/2024:19:41:38 +0000] "GET /config/database/v2/setup.py HTTP/1.1" 404 564 "-" "Mozilla/5.0 (Macintosh; Intel Mac OS X 10_12_3) AppleWebKit/537.36 (KHTML, like Gecko) Chrome/56.0.2924.87 Safari/537.36"
94.72.101.21 - - [02/Nov/2024:19:41:38 +0000] "GET /config/aws/dist/main.js HTTP/1.1" 404 564 "-" "Mozilla/5.0 (Macintosh; Intel Mac OS X 10_12_3) AppleWebKit/537.36 (KHTML, like Gecko) Chrome/56.0.2924.87 Safari/537.36"
94.72.101.21 - - [02/Nov/2024:19:41:38 +0000] "GET /backend/koa/src/Dockerfile HTTP/1.1" 404 564 "-" "Mozilla/5.0 (Macintosh; Intel Mac OS X 10_12_3) AppleWebKit/537.36 (KHTML, like Gecko) Chrome/56.0.2924.87 Safari/537.36"
94.72.101.21 - - [02/Nov/2024:19:41:38 +0000] "GET /config/env/prod/swagger.json HTTP/1.1" 404 564 "-" "Mozilla/5.0 (Macintosh; Intel Mac OS X 10_12_3) AppleWebKit/537.36 (KHTML, like Gecko) Chrome/56.0.2924.87 Safari/537.36"
94.72.101.21 - - [02/Nov/2024:19:41:39 +0000] "GET /audit/logs/dist/index.js HTTP/1.1" 404 564 "-" "Mozilla/5.0 (Macintosh; Intel Mac OS X 10_12_3) AppleWebKit/537.36 (KHTML, like Gecko) Chrome/56.0.2924.87 Safari/537.36"
94.72.101.21 - - [02/Nov/2024:19:41:39 +0000] "GET /pipelines/dataflow/prod/setup.py HTTP/1.1" 404 564 "-" "Mozilla/5.0 (Macintosh; Intel Mac OS X 10_12_3) AppleWebKit/537.36 (KHTML, like Gecko) Chrome/56.0.2924.87 Safari/537.36"
94.72.101.21 - - [02/Nov/2024:19:41:39 +0000] "GET /config/env/src/variables.tf HTTP/1.1" 404 564 "-" "Mozilla/5.0 (Macintosh; Intel Mac OS X 10_12_3) AppleWebKit/537.36 (KHTML, like Gecko) Chrome/56.0.2924.87 Safari/537.36"
94.72.101.21 - - [02/Nov/2024:19:41:39 +0000] "GET /microservices/payment-service/dev/requirements.txt HTTP/1.1" 404 564 "-" "Mozilla/5.0 (Macintosh; Intel Mac OS X 10_12_3) AppleWebKit/537.36 (KHTML, like Gecko) Chrome/56.0.2924.87 Safari/537.36"
94.72.101.21 - - [02/Nov/2024:19:41:40 +0000] "GET /backend/express/dev/variables.tf HTTP/1.1" 404 564 "-" "Mozilla/5.0 (Macintosh; Intel Mac OS X 10_12_3) AppleWebKit/537.36 (KHTML, like Gecko) Chrome/56.0.2924.87 Safari/537.36"
94.72.101.21 - - [02/Nov/2024:19:41:40 +0000] "GET /backend/koa/src/.env HTTP/1.1" 404 564 "-" "Mozilla/5.0 (Macintosh; Intel Mac OS X 10_12_3) AppleWebKit/537.36 (KHTML, like Gecko) Chrome/56.0.2924.87 Safari/537.36"
94.72.101.21 - - [02/Nov/2024:19:41:40 +0000] "GET /ci-cd/github/v1/variables.tf HTTP/1.1" 404 564 "-" "Mozilla/5.0 (Macintosh; Intel Mac OS X 10_12_3) AppleWebKit/537.36 (KHTML, like Gecko) Chrome/56.0.2924.87 Safari/537.36"
94.72.101.21 - - [02/Nov/2024:19:41:40 +0000] "GET /config/env/prod/deployment.yaml HTTP/1.1" 404 564 "-" "Mozilla/5.0 (Macintosh; Intel Mac OS X 10_12_3) AppleWebKit/537.36 (KHTML, like Gecko) Chrome/56.0.2924.87 Safari/537.36"
94.72.101.21 - - [02/Nov/2024:19:41:40 +0000] "GET /integrations/stripe/v1/index.js HTTP/1.1" 404 564 "-" "Mozilla/5.0 (Macintosh; Intel Mac OS X 10_12_3) AppleWebKit/537.36 (KHTML, like Gecko) Chrome/56.0.2924.87 Safari/537.36"
94.72.101.21 - - [02/Nov/2024:19:41:40 +0000] "GET /data_sources/dev/deployment.yaml HTTP/1.1" 404 564 "-" "Mozilla/5.0 (Macintosh; Intel Mac OS X 10_12_3) AppleWebKit/537.36 (KHTML, like Gecko) Chrome/56.0.2924.87 Safari/537.36"
94.72.101.21 - - [02/Nov/2024:19:41:41 +0000] "GET /data_sources/v2/deployment.yaml HTTP/1.1" 404 564 "-" "Mozilla/5.0 (Macintosh; Intel Mac OS X 10_12_3) AppleWebKit/537.36 (KHTML, like Gecko) Chrome/56.0.2924.87 Safari/537.36"
94.72.101.21 - - [02/Nov/2024:19:41:41 +0000] "GET /config/database/v1/config.json HTTP/1.1" 404 564 "-" "Mozilla/5.0 (Macintosh; Intel Mac OS X 10_12_3) AppleWebKit/537.36 (KHTML, like Gecko) Chrome/56.0.2924.87 Safari/537.36"
94.72.101.21 - - [02/Nov/2024:19:41:41 +0000] "GET /terraform/environments/prod/prod/setup.py HTTP/1.1" 404 564 "-" "Mozilla/5.0 (Macintosh; Intel Mac OS X 10_12_3) AppleWebKit/537.36 (KHTML, like Gecko) Chrome/56.0.2924.87 Safari/537.36"
94.72.101.21 - - [02/Nov/2024:19:41:42 +0000] "GET /backend/koa/v1/policy.json HTTP/1.1" 404 564 "-" "Mozilla/5.0 (Macintosh; Intel Mac OS X 10_12_3) AppleWebKit/537.36 (KHTML, like Gecko) Chrome/56.0.2924.87 Safari/537.36"
94.72.101.21 - - [02/Nov/2024:19:41:42 +0000] "GET /frontend/vue-app/prod/app.py HTTP/1.1" 404 564 "-" "Mozilla/5.0 (Macintosh; Intel Mac OS X 10_12_3) AppleWebKit/537.36 (KHTML, like Gecko) Chrome/56.0.2924.87 Safari/537.36"
94.72.101.21 - - [02/Nov/2024:19:41:42 +0000] "GET /data_sources/src/Dockerfile HTTP/1.1" 404 564 "-" "Mozilla/5.0 (Macintosh; Intel Mac OS X 10_12_3) AppleWebKit/537.36 (KHTML, like Gecko) Chrome/56.0.2924.87 Safari/537.36"
94.72.101.21 - - [02/Nov/2024:19:41:42 +0000] "GET /backend/fastapi/v2/secrets.env HTTP/1.1" 404 564 "-" "Mozilla/5.0 (Macintosh; Intel Mac OS X 10_12_3) AppleWebKit/537.36 (KHTML, like Gecko) Chrome/56.0.2924.87 Safari/537.36"
94.72.101.21 - - [02/Nov/2024:19:41:42 +0000] "GET /data/etl_jobs/src/policy.json HTTP/1.1" 404 564 "-" "Mozilla/5.0 (Macintosh; Intel Mac OS X 10_12_3) AppleWebKit/537.36 (KHTML, like Gecko) Chrome/56.0.2924.87 Safari/537.36"
94.72.101.21 - - [02/Nov/2024:19:41:42 +0000] "GET /pipelines/dataflow/v2/swagger.json HTTP/1.1" 404 564 "-" "Mozilla/5.0 (Macintosh; Intel Mac OS X 10_12_3) AppleWebKit/537.36 (KHTML, like Gecko) Chrome/56.0.2924.87 Safari/537.36"
94.72.101.21 - - [02/Nov/2024:19:41:43 +0000] "GET /ci-cd/gitlab/dist/main.js HTTP/1.1" 404 564 "-" "Mozilla/5.0 (Macintosh; Intel Mac OS X 10_12_3) AppleWebKit/537.36 (KHTML, like Gecko) Chrome/56.0.2924.87 Safari/537.36"
94.72.101.21 - - [02/Nov/2024:19:41:43 +0000] "GET /config/database/prod/service.yaml HTTP/1.1" 404 564 "-" "Mozilla/5.0 (Macintosh; Intel Mac OS X 10_12_3) AppleWebKit/537.36 (KHTML, like Gecko) Chrome/56.0.2924.87 Safari/537.36"
94.72.101.21 - - [02/Nov/2024:19:41:43 +0000] "GET /docs/api_v2/dist/index.js HTTP/1.1" 404 564 "-" "Mozilla/5.0 (Macintosh; Intel Mac OS X 10_12_3) AppleWebKit/537.36 (KHTML, like Gecko) Chrome/56.0.2924.87 Safari/537.36"
94.72.101.21 - - [02/Nov/2024:19:41:43 +0000] "GET /backend/koa/prod/swagger.json HTTP/1.1" 404 564 "-" "Mozilla/5.0 (Macintosh; Intel Mac OS X 10_12_3) AppleWebKit/537.36 (KHTML, like Gecko) Chrome/56.0.2924.87 Safari/537.36"
94.72.101.21 - - [02/Nov/2024:19:41:43 +0000] "GET /data_sources/src/setup.py HTTP/1.1" 404 564 "-" "Mozilla/5.0 (Macintosh; Intel Mac OS X 10_12_3) AppleWebKit/537.36 (KHTML, like Gecko) Chrome/56.0.2924.87 Safari/537.36"
94.72.101.21 - - [02/Nov/2024:19:41:44 +0000] "GET /backend/koa/prod/deployment.yaml HTTP/1.1" 404 564 "-" "Mozilla/5.0 (Macintosh; Intel Mac OS X 10_12_3) AppleWebKit/537.36 (KHTML, like Gecko) Chrome/56.0.2924.87 Safari/537.36"
94.72.101.21 - - [02/Nov/2024:19:41:44 +0000] "GET /security/vault/dev/index.js HTTP/1.1" 404 564 "-" "Mozilla/5.0 (Macintosh; Intel Mac OS X 10_12_3) AppleWebKit/537.36 (KHTML, like Gecko) Chrome/56.0.2924.87 Safari/537.36"
94.72.101.21 - - [02/Nov/2024:19:41:44 +0000] "GET /backend/koa/src/policy.json HTTP/1.1" 404 564 "-" "Mozilla/5.0 (Macintosh; Intel Mac OS X 10_12_3) AppleWebKit/537.36 (KHTML, like Gecko) Chrome/56.0.2924.87 Safari/537.36"
94.72.101.21 - - [02/Nov/2024:19:41:44 +0000] "GET /microservices/payment-service/dist/secrets.env HTTP/1.1" 404 564 "-" "Mozilla/5.0 (Macintosh; Intel Mac OS X 10_12_3) AppleWebKit/537.36 (KHTML, like Gecko) Chrome/56.0.2924.87 Safari/537.36"
94.72.101.21 - - [02/Nov/2024:19:41:44 +0000] "GET /backend/express/v2/policy.json HTTP/1.1" 404 564 "-" "Mozilla/5.0 (Macintosh; Intel Mac OS X 10_12_3) AppleWebKit/537.36 (KHTML, like Gecko) Chrome/56.0.2924.87 Safari/537.36"
94.72.101.21 - - [02/Nov/2024:19:41:44 +0000] "GET /integrations/twilio/v1/secrets.env HTTP/1.1" 404 564 "-" "Mozilla/5.0 (Macintosh; Intel Mac OS X 10_12_3) AppleWebKit/537.36 (KHTML, like Gecko) Chrome/56.0.2924.87 Safari/537.36"
94.72.101.21 - - [02/Nov/2024:19:41:45 +0000] "GET /security/vault/dev/deployment.yaml HTTP/1.1" 404 564 "-" "Mozilla/5.0 (Macintosh; Intel Mac OS X 10_12_3) AppleWebKit/537.36 (KHTML, like Gecko) Chrome/56.0.2924.87 Safari/537.36"
94.72.101.21 - - [02/Nov/2024:19:41:45 +0000] "GET /frontend/svelte-app/v1/requirements.txt HTTP/1.1" 404 564 "-" "Mozilla/5.0 (Macintosh; Intel Mac OS X 10_12_3) AppleWebKit/537.36 (KHTML, like Gecko) Chrome/56.0.2924.87 Safari/537.36"
94.72.101.21 - - [02/Nov/2024:19:41:45 +0000] "GET /backend/fastapi/prod/secrets.env HTTP/1.1" 404 564 "-" "Mozilla/5.0 (Macintosh; Intel Mac OS X 10_12_3) AppleWebKit/537.36 (KHTML, like Gecko) Chrome/56.0.2924.87 Safari/537.36"
94.72.101.21 - - [02/Nov/2024:19:41:45 +0000] "GET /frontend/svelte-app/prod/swagger.json HTTP/1.1" 404 564 "-" "Mozilla/5.0 (Macintosh; Intel Mac OS X 10_12_3) AppleWebKit/537.36 (KHTML, like Gecko) Chrome/56.0.2924.87 Safari/537.36"
94.72.101.21 - - [02/Nov/2024:19:41:46 +0000] "GET /microservices/user-service/prod/secrets.env HTTP/1.1" 404 564 "-" "Mozilla/5.0 (Macintosh; Intel Mac OS X 10_12_3) AppleWebKit/537.36 (KHTML, like Gecko) Chrome/56.0.2924.87 Safari/537.36"
94.72.101.21 - - [02/Nov/2024:19:41:46 +0000] "GET /config/env/v2/service.yaml HTTP/1.1" 404 564 "-" "Mozilla/5.0 (Macintosh; Intel Mac OS X 10_12_3) AppleWebKit/537.36 (KHTML, like Gecko) Chrome/56.0.2924.87 Safari/537.36"
94.72.101.21 - - [02/Nov/2024:19:41:47 +0000] "GET /terraform/environments/prod/prod/schema.sql HTTP/1.1" 404 564 "-" "Mozilla/5.0 (Macintosh; Intel Mac OS X 10_12_3) AppleWebKit/537.36 (KHTML, like Gecko) Chrome/56.0.2924.87 Safari/537.36"
94.72.101.21 - - [02/Nov/2024:19:41:47 +0000] "GET /config/env/prod/service.yaml HTTP/1.1" 404 564 "-" "Mozilla/5.0 (Macintosh; Intel Mac OS X 10_12_3) AppleWebKit/537.36 (KHTML, like Gecko) Chrome/56.0.2924.87 Safari/537.36"
94.72.101.21 - - [02/Nov/2024:19:41:47 +0000] "GET /backend/fastapi/src/config.json HTTP/1.1" 404 564 "-" "Mozilla/5.0 (Macintosh; Intel Mac OS X 10_12_3) AppleWebKit/537.36 (KHTML, like Gecko) Chrome/56.0.2924.87 Safari/537.36"
94.72.101.21 - - [02/Nov/2024:19:41:48 +0000] "GET /config/env/v2/schema.sql HTTP/1.1" 404 564 "-" "Mozilla/5.0 (Macintosh; Intel Mac OS X 10_12_3) AppleWebKit/537.36 (KHTML, like Gecko) Chrome/56.0.2924.87 Safari/537.36"
94.72.101.21 - - [02/Nov/2024:19:41:48 +0000] "GET /documentation/architecture/v2/service.yaml HTTP/1.1" 404 564 "-" "Mozilla/5.0 (Macintosh; Intel Mac OS X 10_12_3) AppleWebKit/537.36 (KHTML, like Gecko) Chrome/56.0.2924.87 Safari/537.36"
94.72.101.21 - - [02/Nov/2024:19:41:48 +0000] "GET /microservices/inventory/src/variables.tf HTTP/1.1" 404 564 "-" "Mozilla/5.0 (Macintosh; Intel Mac OS X 10_12_3) AppleWebKit/537.36 (KHTML, like Gecko) Chrome/56.0.2924.87 Safari/537.36"
94.72.101.21 - - [02/Nov/2024:19:41:48 +0000] "GET /integrations/stripe/dist/index.js HTTP/1.1" 404 564 "-" "Mozilla/5.0 (Macintosh; Intel Mac OS X 10_12_3) AppleWebKit/537.36 (KHTML, like Gecko) Chrome/56.0.2924.87 Safari/537.36"
94.72.101.21 - - [02/Nov/2024:19:41:49 +0000] "GET /frontend/nextjs/v1/secrets.env HTTP/1.1" 404 564 "-" "Mozilla/5.0 (Macintosh; Intel Mac OS X 10_12_3) AppleWebKit/537.36 (KHTML, like Gecko) Chrome/56.0.2924.87 Safari/537.36"
94.72.101.21 - - [02/Nov/2024:19:41:49 +0000] "GET /ml/models/v2/main.js HTTP/1.1" 404 564 "-" "Mozilla/5.0 (Macintosh; Intel Mac OS X 10_12_3) AppleWebKit/537.36 (KHTML, like Gecko) Chrome/56.0.2924.87 Safari/537.36"
94.72.101.21 - - [02/Nov/2024:19:41:49 +0000] "GET /secrets/dev/app.py HTTP/1.1" 404 564 "-" "Mozilla/5.0 (Macintosh; Intel Mac OS X 10_12_3) AppleWebKit/537.36 (KHTML, like Gecko) Chrome/56.0.2924.87 Safari/537.36"
94.72.101.21 - - [02/Nov/2024:19:41:50 +0000] "GET /integrations/stripe/src/main.js HTTP/1.1" 404 564 "-" "Mozilla/5.0 (Macintosh; Intel Mac OS X 10_12_3) AppleWebKit/537.36 (KHTML, like Gecko) Chrome/56.0.2924.87 Safari/537.36"
94.72.101.21 - - [02/Nov/2024:19:41:50 +0000] "GET /config/aws/prod/service.yaml HTTP/1.1" 404 564 "-" "Mozilla/5.0 (Macintosh; Intel Mac OS X 10_12_3) AppleWebKit/537.36 (KHTML, like Gecko) Chrome/56.0.2924.87 Safari/537.36"
94.72.101.21 - - [02/Nov/2024:19:41:50 +0000] "GET /k8s/dist/main.js HTTP/1.1" 404 564 "-" "Mozilla/5.0 (Macintosh; Intel Mac OS X 10_12_3) AppleWebKit/537.36 (KHTML, like Gecko) Chrome/56.0.2924.87 Safari/537.36"
94.72.101.21 - - [02/Nov/2024:19:41:51 +0000] "GET /frontend/react-app/dev/swagger.json HTTP/1.1" 404 564 "-" "Mozilla/5.0 (Macintosh; Intel Mac OS X 10_12_3) AppleWebKit/537.36 (KHTML, like Gecko) Chrome/56.0.2924.87 Safari/537.36"
94.72.101.21 - - [02/Nov/2024:19:41:51 +0000] "GET /frontend/vue-app/prod/policy.json HTTP/1.1" 404 564 "-" "Mozilla/5.0 (Macintosh; Intel Mac OS X 10_12_3) AppleWebKit/537.36 (KHTML, like Gecko) Chrome/56.0.2924.87 Safari/537.36"
94.72.101.21 - - [02/Nov/2024:19:41:52 +0000] "GET /secrets/prod/app.py HTTP/1.1" 404 564 "-" "Mozilla/5.0 (Macintosh; Intel Mac OS X 10_12_3) AppleWebKit/537.36 (KHTML, like Gecko) Chrome/56.0.2924.87 Safari/537.36"
94.72.101.21 - - [02/Nov/2024:19:41:52 +0000] "GET /integrations/stripe/v2/.env HTTP/1.1" 404 564 "-" "Mozilla/5.0 (Macintosh; Intel Mac OS X 10_12_3) AppleWebKit/537.36 (KHTML, like Gecko) Chrome/56.0.2924.87 Safari/537.36"
94.72.101.21 - - [02/Nov/2024:19:41:52 +0000] "GET /integrations/twilio/dist/deployment.yaml HTTP/1.1" 404 564 "-" "Mozilla/5.0 (Macintosh; Intel Mac OS X 10_12_3) AppleWebKit/537.36 (KHTML, like Gecko) Chrome/56.0.2924.87 Safari/537.36"
94.72.101.21 - - [02/Nov/2024:19:41:52 +0000] "GET /frontend/vue-app/v1/deployment.yaml HTTP/1.1" 404 564 "-" "Mozilla/5.0 (Macintosh; Intel Mac OS X 10_12_3) AppleWebKit/537.36 (KHTML, like Gecko) Chrome/56.0.2924.87 Safari/537.36"
94.72.101.21 - - [02/Nov/2024:19:41:52 +0000] "GET /data/etl_jobs/v1/requirements.txt HTTP/1.1" 404 564 "-" "Mozilla/5.0 (Macintosh; Intel Mac OS X 10_12_3) AppleWebKit/537.36 (KHTML, like Gecko) Chrome/56.0.2924.87 Safari/537.36"
94.72.101.21 - - [02/Nov/2024:19:41:53 +0000] "GET /secrets/prod/.env HTTP/1.1" 404 564 "-" "Mozilla/5.0 (Macintosh; Intel Mac OS X 10_12_3) AppleWebKit/537.36 (KHTML, like Gecko) Chrome/56.0.2924.87 Safari/537.36"
94.72.101.21 - - [02/Nov/2024:19:41:53 +0000] "GET /audit/logs/prod/policy.json HTTP/1.1" 404 564 "-" "Mozilla/5.0 (Macintosh; Intel Mac OS X 10_12_3) AppleWebKit/537.36 (KHTML, like Gecko) Chrome/56.0.2924.87 Safari/537.36"
94.72.101.21 - - [02/Nov/2024:19:41:53 +0000] "GET /ml/models/src/service.yaml HTTP/1.1" 404 564 "-" "Mozilla/5.0 (Macintosh; Intel Mac OS X 10_12_3) AppleWebKit/537.36 (KHTML, like Gecko) Chrome/56.0.2924.87 Safari/537.36"
94.72.101.21 - - [02/Nov/2024:19:41:54 +0000] "GET /backend/koa/dist/Dockerfile HTTP/1.1" 404 564 "-" "Mozilla/5.0 (Macintosh; Intel Mac OS X 10_12_3) AppleWebKit/537.36 (KHTML, like Gecko) Chrome/56.0.2924.87 Safari/537.36"
94.72.101.21 - - [02/Nov/2024:19:41:54 +0000] "GET /config/database/dev/requirements.txt HTTP/1.1" 404 564 "-" "Mozilla/5.0 (Macintosh; Intel Mac OS X 10_12_3) AppleWebKit/537.36 (KHTML, like Gecko) Chrome/56.0.2924.87 Safari/537.36"
94.72.101.21 - - [02/Nov/2024:19:41:54 +0000] "GET /backend/koa/src/service.yaml HTTP/1.1" 404 564 "-" "Mozilla/5.0 (Macintosh; Intel Mac OS X 10_12_3) AppleWebKit/537.36 (KHTML, like Gecko) Chrome/56.0.2924.87 Safari/537.36"
94.72.101.21 - - [02/Nov/2024:19:41:54 +0000] "GET /config/azure/src/config.json HTTP/1.1" 404 564 "-" "Mozilla/5.0 (Macintosh; Intel Mac OS X 10_12_3) AppleWebKit/537.36 (KHTML, like Gecko) Chrome/56.0.2924.87 Safari/537.36"
94.72.101.21 - - [02/Nov/2024:19:41:54 +0000] "GET /compliance/reports/prod/secrets.env HTTP/1.1" 404 564 "-" "Mozilla/5.0 (Macintosh; Intel Mac OS X 10_12_3) AppleWebKit/537.36 (KHTML, like Gecko) Chrome/56.0.2924.87 Safari/537.36"
94.72.101.21 - - [02/Nov/2024:19:41:54 +0000] "GET /backend/express/src/requirements.txt HTTP/1.1" 404 564 "-" "Mozilla/5.0 (Macintosh; Intel Mac OS X 10_12_3) AppleWebKit/537.36 (KHTML, like Gecko) Chrome/56.0.2924.87 Safari/537.36"
94.72.101.21 - - [02/Nov/2024:19:41:55 +0000] "GET /ci-cd/gitlab/src/Dockerfile HTTP/1.1" 404 564 "-" "Mozilla/5.0 (Macintosh; Intel Mac OS X 10_12_3) AppleWebKit/537.36 (KHTML, like Gecko) Chrome/56.0.2924.87 Safari/537.36"
94.72.101.21 - - [02/Nov/2024:19:41:55 +0000] "GET /config/database/dev/schema.sql HTTP/1.1" 404 564 "-" "Mozilla/5.0 (Macintosh; Intel Mac OS X 10_12_3) AppleWebKit/537.36 (KHTML, like Gecko) Chrome/56.0.2924.87 Safari/537.36"
94.72.101.21 - - [02/Nov/2024:19:41:55 +0000] "GET /audit/logs/prod/swagger.json HTTP/1.1" 404 564 "-" "Mozilla/5.0 (Macintosh; Intel Mac OS X 10_12_3) AppleWebKit/537.36 (KHTML, like Gecko) Chrome/56.0.2924.87 Safari/537.36"
94.72.101.21 - - [02/Nov/2024:19:41:55 +0000] "GET /frontend/vue-app/prod/secrets.env HTTP/1.1" 404 564 "-" "Mozilla/5.0 (Macintosh; Intel Mac OS X 10_12_3) AppleWebKit/537.36 (KHTML, like Gecko) Chrome/56.0.2924.87 Safari/537.36"
94.72.101.21 - - [02/Nov/2024:19:41:56 +0000] "GET /backend/fastapi/prod/.env HTTP/1.1" 404 564 "-" "Mozilla/5.0 (Macintosh; Intel Mac OS X 10_12_3) AppleWebKit/537.36 (KHTML, like Gecko) Chrome/56.0.2924.87 Safari/537.36"
94.72.101.21 - - [02/Nov/2024:19:41:56 +0000] "GET /frontend/react-app/v1/variables.tf HTTP/1.1" 404 564 "-" "Mozilla/5.0 (Macintosh; Intel Mac OS X 10_12_3) AppleWebKit/537.36 (KHTML, like Gecko) Chrome/56.0.2924.87 Safari/537.36"
94.72.101.21 - - [02/Nov/2024:19:41:56 +0000] "GET /terraform/environments/prod/prod/policy.json HTTP/1.1" 404 564 "-" "Mozilla/5.0 (Macintosh; Intel Mac OS X 10_12_3) AppleWebKit/537.36 (KHTML, like Gecko) Chrome/56.0.2924.87 Safari/537.36"
94.72.101.21 - - [02/Nov/2024:19:41:57 +0000] "GET /integrations/slack/dev/secrets.env HTTP/1.1" 404 564 "-" "Mozilla/5.0 (Macintosh; Intel Mac OS X 10_12_3) AppleWebKit/537.36 (KHTML, like Gecko) Chrome/56.0.2924.87 Safari/537.36"
94.72.101.21 - - [02/Nov/2024:19:41:57 +0000] "GET /ci-cd/github/prod/secrets.env HTTP/1.1" 404 564 "-" "Mozilla/5.0 (Macintosh; Intel Mac OS X 10_12_3) AppleWebKit/537.36 (KHTML, like Gecko) Chrome/56.0.2924.87 Safari/537.36"
94.72.101.21 - - [02/Nov/2024:19:41:57 +0000] "GET /config/database/src/policy.json HTTP/1.1" 404 564 "-" "Mozilla/5.0 (Macintosh; Intel Mac OS X 10_12_3) AppleWebKit/537.36 (KHTML, like Gecko) Chrome/56.0.2924.87 Safari/537.36"
94.72.101.21 - - [02/Nov/2024:19:41:58 +0000] "GET /integrations/stripe/src/index.js HTTP/1.1" 404 564 "-" "Mozilla/5.0 (Macintosh; Intel Mac OS X 10_12_3) AppleWebKit/537.36 (KHTML, like Gecko) Chrome/56.0.2924.87 Safari/537.36"
94.72.101.21 - - [02/Nov/2024:19:41:58 +0000] "GET /microservices/payment-service/src/variables.tf HTTP/1.1" 404 564 "-" "Mozilla/5.0 (Macintosh; Intel Mac OS X 10_12_3) AppleWebKit/537.36 (KHTML, like Gecko) Chrome/56.0.2924.87 Safari/537.36"
94.72.101.21 - - [02/Nov/2024:19:41:58 +0000] "GET /ci-cd/gitlab/v2/requirements.txt HTTP/1.1" 404 564 "-" "Mozilla/5.0 (Macintosh; Intel Mac OS X 10_12_3) AppleWebKit/537.36 (KHTML, like Gecko) Chrome/56.0.2924.87 Safari/537.36"
94.72.101.21 - - [02/Nov/2024:19:41:58 +0000] "GET /backend/nestjs/v2/app.py HTTP/1.1" 404 564 "-" "Mozilla/5.0 (Macintosh; Intel Mac OS X 10_12_3) AppleWebKit/537.36 (KHTML, like Gecko) Chrome/56.0.2924.87 Safari/537.36"
94.72.101.21 - - [02/Nov/2024:19:42:15 +0000] "GET /secrets/prod/main.js HTTP/1.1" 404 564 "-" "Mozilla/5.0 (Macintosh; Intel Mac OS X 10_12_3) AppleWebKit/537.36 (KHTML, like Gecko) Chrome/56.0.2924.87 Safari/537.36"
94.72.101.21 - - [02/Nov/2024:19:42:15 +0000] "GET /integrations/twilio/v2/.env HTTP/1.1" 404 564 "-" "Mozilla/5.0 (Macintosh; Intel Mac OS X 10_12_3) AppleWebKit/537.36 (KHTML, like Gecko) Chrome/56.0.2924.87 Safari/537.36"
94.72.101.21 - - [02/Nov/2024:19:42:15 +0000] "GET /ml/models/src/app.py HTTP/1.1" 404 564 "-" "Mozilla/5.0 (Macintosh; Intel Mac OS X 10_12_3) AppleWebKit/537.36 (KHTML, like Gecko) Chrome/56.0.2924.87 Safari/537.36"
94.72.101.21 - - [02/Nov/2024:19:42:16 +0000] "GET /secrets/dist/schema.sql HTTP/1.1" 404 564 "-" "Mozilla/5.0 (Macintosh; Intel Mac OS X 10_12_3) AppleWebKit/537.36 (KHTML, like Gecko) Chrome/56.0.2924.87 Safari/537.36"
94.72.101.21 - - [02/Nov/2024:19:42:16 +0000] "GET /microservices/inventory/dist/main.js HTTP/1.1" 404 564 "-" "Mozilla/5.0 (Macintosh; Intel Mac OS X 10_12_3) AppleWebKit/537.36 (KHTML, like Gecko) Chrome/56.0.2924.87 Safari/537.36"
94.72.101.21 - - [02/Nov/2024:19:42:16 +0000] "GET /config/database/v1/secrets.env HTTP/1.1" 404 564 "-" "Mozilla/5.0 (Macintosh; Intel Mac OS X 10_12_3) AppleWebKit/537.36 (KHTML, like Gecko) Chrome/56.0.2924.87 Safari/537.36"
94.72.101.21 - - [02/Nov/2024:19:42:16 +0000] "GET /security/vault/prod/policy.json HTTP/1.1" 404 564 "-" "Mozilla/5.0 (Macintosh; Intel Mac OS X 10_12_3) AppleWebKit/537.36 (KHTML, like Gecko) Chrome/56.0.2924.87 Safari/537.36"
94.72.101.21 - - [02/Nov/2024:19:42:17 +0000] "GET /backend/fastapi/v1/deployment.yaml HTTP/1.1" 404 564 "-" "Mozilla/5.0 (Macintosh; Intel Mac OS X 10_12_3) AppleWebKit/537.36 (KHTML, like Gecko) Chrome/56.0.2924.87 Safari/537.36"
94.72.101.21 - - [02/Nov/2024:19:42:17 +0000] "GET /terraform/environments/prod/dist/requirements.txt HTTP/1.1" 404 564 "-" "Mozilla/5.0 (Macintosh; Intel Mac OS X 10_12_3) AppleWebKit/537.36 (KHTML, like Gecko) Chrome/56.0.2924.87 Safari/537.36"
94.72.101.21 - - [02/Nov/2024:19:42:17 +0000] "GET /docs/readme/v2/app.py HTTP/1.1" 404 564 "-" "Mozilla/5.0 (Macintosh; Intel Mac OS X 10_12_3) AppleWebKit/537.36 (KHTML, like Gecko) Chrome/56.0.2924.87 Safari/537.36"
94.72.101.21 - - [02/Nov/2024:19:42:17 +0000] "GET /docs/readme/dist/policy.json HTTP/1.1" 404 564 "-" "Mozilla/5.0 (Macintosh; Intel Mac OS X 10_12_3) AppleWebKit/537.36 (KHTML, like Gecko) Chrome/56.0.2924.87 Safari/537.36"
94.72.101.21 - - [02/Nov/2024:19:42:18 +0000] "GET /compliance/reports/dev/setup.py HTTP/1.1" 404 564 "-" "Mozilla/5.0 (Macintosh; Intel Mac OS X 10_12_3) AppleWebKit/537.36 (KHTML, like Gecko) Chrome/56.0.2924.87 Safari/537.36"
94.72.101.21 - - [02/Nov/2024:19:42:18 +0000] "GET /ml/models/dev/policy.json HTTP/1.1" 404 564 "-" "Mozilla/5.0 (Macintosh; Intel Mac OS X 10_12_3) AppleWebKit/537.36 (KHTML, like Gecko) Chrome/56.0.2924.87 Safari/537.36"
94.72.101.21 - - [02/Nov/2024:19:42:18 +0000] "GET /data/etl_jobs/dev/Dockerfile HTTP/1.1" 404 564 "-" "Mozilla/5.0 (Macintosh; Intel Mac OS X 10_12_3) AppleWebKit/537.36 (KHTML, like Gecko) Chrome/56.0.2924.87 Safari/537.36"
94.72.101.21 - - [02/Nov/2024:19:42:19 +0000] "GET /docs/api_v2/dist/service.yaml HTTP/1.1" 404 564 "-" "Mozilla/5.0 (Macintosh; Intel Mac OS X 10_12_3) AppleWebKit/537.36 (KHTML, like Gecko) Chrome/56.0.2924.87 Safari/537.36"
94.72.101.21 - - [02/Nov/2024:19:42:19 +0000] "GET /secrets/dist/secrets.env HTTP/1.1" 404 564 "-" "Mozilla/5.0 (Macintosh; Intel Mac OS X 10_12_3) AppleWebKit/537.36 (KHTML, like Gecko) Chrome/56.0.2924.87 Safari/537.36"
94.72.101.21 - - [02/Nov/2024:19:42:19 +0000] "GET /security/vault/prod/main.js HTTP/1.1" 404 564 "-" "Mozilla/5.0 (Macintosh; Intel Mac OS X 10_12_3) AppleWebKit/537.36 (KHTML, like Gecko) Chrome/56.0.2924.87 Safari/537.36"
94.72.101.21 - - [02/Nov/2024:19:42:19 +0000] "GET /config/azure/dist/schema.sql HTTP/1.1" 404 564 "-" "Mozilla/5.0 (Macintosh; Intel Mac OS X 10_12_3) AppleWebKit/537.36 (KHTML, like Gecko) Chrome/56.0.2924.87 Safari/537.36"
94.72.101.21 - - [02/Nov/2024:19:42:19 +0000] "GET /documentation/architecture/dev/service.yaml HTTP/1.1" 404 564 "-" "Mozilla/5.0 (Macintosh; Intel Mac OS X 10_12_3) AppleWebKit/537.36 (KHTML, like Gecko) Chrome/56.0.2924.87 Safari/537.36"
94.72.101.21 - - [02/Nov/2024:19:42:19 +0000] "GET /docs/api_v2/v2/setup.py HTTP/1.1" 404 564 "-" "Mozilla/5.0 (Macintosh; Intel Mac OS X 10_12_3) AppleWebKit/537.36 (KHTML, like Gecko) Chrome/56.0.2924.87 Safari/537.36"
94.72.101.21 - - [02/Nov/2024:19:42:20 +0000] "GET /backend/koa/v1/Dockerfile HTTP/1.1" 404 564 "-" "Mozilla/5.0 (Macintosh; Intel Mac OS X 10_12_3) AppleWebKit/537.36 (KHTML, like Gecko) Chrome/56.0.2924.87 Safari/537.36"
94.72.101.21 - - [02/Nov/2024:19:42:20 +0000] "GET /docs/api_v2/dev/index.js HTTP/1.1" 404 564 "-" "Mozilla/5.0 (Macintosh; Intel Mac OS X 10_12_3) AppleWebKit/537.36 (KHTML, like Gecko) Chrome/56.0.2924.87 Safari/537.36"
94.72.101.21 - - [02/Nov/2024:19:42:21 +0000] "GET /docs/readme/v1/setup.py HTTP/1.1" 404 564 "-" "Mozilla/5.0 (Macintosh; Intel Mac OS X 10_12_3) AppleWebKit/537.36 (KHTML, like Gecko) Chrome/56.0.2924.87 Safari/537.36"
94.72.101.21 - - [02/Nov/2024:19:42:21 +0000] "GET /security/vault/dev/schema.sql HTTP/1.1" 404 564 "-" "Mozilla/5.0 (Macintosh; Intel Mac OS X 10_12_3) AppleWebKit/537.36 (KHTML, like Gecko) Chrome/56.0.2924.87 Safari/537.36"
94.72.101.21 - - [02/Nov/2024:19:42:21 +0000] "GET /integrations/stripe/dev/index.js HTTP/1.1" 404 564 "-" "Mozilla/5.0 (Macintosh; Intel Mac OS X 10_12_3) AppleWebKit/537.36 (KHTML, like Gecko) Chrome/56.0.2924.87 Safari/537.36"
94.72.101.21 - - [02/Nov/2024:19:42:21 +0000] "GET /config/aws/src/requirements.txt HTTP/1.1" 404 564 "-" "Mozilla/5.0 (Macintosh; Intel Mac OS X 10_12_3) AppleWebKit/537.36 (KHTML, like Gecko) Chrome/56.0.2924.87 Safari/537.36"
94.72.101.21 - - [02/Nov/2024:19:42:22 +0000] "GET /config/aws/v1/app.py HTTP/1.1" 404 564 "-" "Mozilla/5.0 (Macintosh; Intel Mac OS X 10_12_3) AppleWebKit/537.36 (KHTML, like Gecko) Chrome/56.0.2924.87 Safari/537.36"
94.72.101.21 - - [02/Nov/2024:19:42:22 +0000] "GET /config/env/dev/app.py HTTP/1.1" 404 564 "-" "Mozilla/5.0 (Macintosh; Intel Mac OS X 10_12_3) AppleWebKit/537.36 (KHTML, like Gecko) Chrome/56.0.2924.87 Safari/537.36"
94.72.101.21 - - [02/Nov/2024:19:42:22 +0000] "GET /config/azure/v2/.env HTTP/1.1" 404 564 "-" "Mozilla/5.0 (Macintosh; Intel Mac OS X 10_12_3) AppleWebKit/537.36 (KHTML, like Gecko) Chrome/56.0.2924.87 Safari/537.36"
94.72.101.21 - - [02/Nov/2024:19:42:23 +0000] "GET /config/aws/src/index.js HTTP/1.1" 404 564 "-" "Mozilla/5.0 (Macintosh; Intel Mac OS X 10_12_3) AppleWebKit/537.36 (KHTML, like Gecko) Chrome/56.0.2924.87 Safari/537.36"
94.72.101.21 - - [02/Nov/2024:19:42:23 +0000] "GET /ci-cd/gitlab/v1/README.md HTTP/1.1" 404 564 "-" "Mozilla/5.0 (Macintosh; Intel Mac OS X 10_12_3) AppleWebKit/537.36 (KHTML, like Gecko) Chrome/56.0.2924.87 Safari/537.36"
94.72.101.21 - - [02/Nov/2024:19:42:23 +0000] "GET /k8s/prod/main.js HTTP/1.1" 404 564 "-" "Mozilla/5.0 (Macintosh; Intel Mac OS X 10_12_3) AppleWebKit/537.36 (KHTML, like Gecko) Chrome/56.0.2924.87 Safari/537.36"
94.72.101.21 - - [02/Nov/2024:19:42:24 +0000] "GET /backend/nestjs/dev/secrets.env HTTP/1.1" 404 564 "-" "Mozilla/5.0 (Macintosh; Intel Mac OS X 10_12_3) AppleWebKit/537.36 (KHTML, like Gecko) Chrome/56.0.2924.87 Safari/537.36"
94.72.101.21 - - [02/Nov/2024:19:42:24 +0000] "GET /backend/koa/prod/policy.json HTTP/1.1" 404 564 "-" "Mozilla/5.0 (Macintosh; Intel Mac OS X 10_12_3) AppleWebKit/537.36 (KHTML, like Gecko) Chrome/56.0.2924.87 Safari/537.36"
94.72.101.21 - - [02/Nov/2024:19:42:24 +0000] "GET /microservices/inventory/v1/config.json HTTP/1.1" 404 564 "-" "Mozilla/5.0 (Macintosh; Intel Mac OS X 10_12_3) AppleWebKit/537.36 (KHTML, like Gecko) Chrome/56.0.2924.87 Safari/537.36"
94.72.101.21 - - [02/Nov/2024:19:42:25 +0000] "GET /microservices/payment-service/dist/service.yaml HTTP/1.1" 404 564 "-" "Mozilla/5.0 (Macintosh; Intel Mac OS X 10_12_3) AppleWebKit/537.36 (KHTML, like Gecko) Chrome/56.0.2924.87 Safari/537.36"
94.72.101.21 - - [02/Nov/2024:19:42:25 +0000] "GET /ci-cd/gitlab/v2/policy.json HTTP/1.1" 404 564 "-" "Mozilla/5.0 (Macintosh; Intel Mac OS X 10_12_3) AppleWebKit/537.36 (KHTML, like Gecko) Chrome/56.0.2924.87 Safari/537.36"
94.72.101.21 - - [02/Nov/2024:19:42:25 +0000] "GET /microservices/user-service/v2/requirements.txt HTTP/1.1" 404 564 "-" "Mozilla/5.0 (Macintosh; Intel Mac OS X 10_12_3) AppleWebKit/537.36 (KHTML, like Gecko) Chrome/56.0.2924.87 Safari/537.36"
94.72.101.21 - - [02/Nov/2024:19:42:25 +0000] "GET /ci-cd/github/v2/config.json HTTP/1.1" 404 564 "-" "Mozilla/5.0 (Macintosh; Intel Mac OS X 10_12_3) AppleWebKit/537.36 (KHTML, like Gecko) Chrome/56.0.2924.87 Safari/537.36"
94.72.101.21 - - [02/Nov/2024:19:42:27 +0000] "GET /documentation/architecture/dist/secrets.env HTTP/1.1" 404 564 "-" "Mozilla/5.0 (Macintosh; Intel Mac OS X 10_12_3) AppleWebKit/537.36 (KHTML, like Gecko) Chrome/56.0.2924.87 Safari/537.36"
94.72.101.21 - - [02/Nov/2024:19:42:27 +0000] "GET /config/env/v1/variables.tf HTTP/1.1" 404 564 "-" "Mozilla/5.0 (Macintosh; Intel Mac OS X 10_12_3) AppleWebKit/537.36 (KHTML, like Gecko) Chrome/56.0.2924.87 Safari/537.36"
94.72.101.21 - - [02/Nov/2024:19:42:27 +0000] "GET /config/aws/dev/main.js HTTP/1.1" 404 564 "-" "Mozilla/5.0 (Macintosh; Intel Mac OS X 10_12_3) AppleWebKit/537.36 (KHTML, like Gecko) Chrome/56.0.2924.87 Safari/537.36"
94.72.101.21 - - [02/Nov/2024:19:42:27 +0000] "GET /data/etl_jobs/dist/swagger.json HTTP/1.1" 404 564 "-" "Mozilla/5.0 (Macintosh; Intel Mac OS X 10_12_3) AppleWebKit/537.36 (KHTML, like Gecko) Chrome/56.0.2924.87 Safari/537.36"
94.72.101.21 - - [02/Nov/2024:19:42:28 +0000] "GET /frontend/nextjs/v2/schema.sql HTTP/1.1" 404 564 "-" "Mozilla/5.0 (Macintosh; Intel Mac OS X 10_12_3) AppleWebKit/537.36 (KHTML, like Gecko) Chrome/56.0.2924.87 Safari/537.36"
94.72.101.21 - - [02/Nov/2024:19:42:28 +0000] "GET /terraform/environments/prod/prod/requirements.txt HTTP/1.1" 404 564 "-" "Mozilla/5.0 (Macintosh; Intel Mac OS X 10_12_3) AppleWebKit/537.36 (KHTML, like Gecko) Chrome/56.0.2924.87 Safari/537.36"
94.72.101.21 - - [02/Nov/2024:19:42:28 +0000] "GET /docs/readme/v1/requirements.txt HTTP/1.1" 404 564 "-" "Mozilla/5.0 (Macintosh; Intel Mac OS X 10_12_3) AppleWebKit/537.36 (KHTML, like Gecko) Chrome/56.0.2924.87 Safari/537.36"
94.72.101.21 - - [02/Nov/2024:19:42:28 +0000] "GET /data_sources/src/schema.sql HTTP/1.1" 404 564 "-" "Mozilla/5.0 (Macintosh; Intel Mac OS X 10_12_3) AppleWebKit/537.36 (KHTML, like Gecko) Chrome/56.0.2924.87 Safari/537.36"
94.72.101.21 - - [02/Nov/2024:19:42:29 +0000] "GET /config/env/dist/policy.json HTTP/1.1" 404 564 "-" "Mozilla/5.0 (Macintosh; Intel Mac OS X 10_12_3) AppleWebKit/537.36 (KHTML, like Gecko) Chrome/56.0.2924.87 Safari/537.36"
94.72.101.21 - - [02/Nov/2024:19:42:29 +0000] "GET /pipelines/dataflow/v2/schema.sql HTTP/1.1" 404 564 "-" "Mozilla/5.0 (Macintosh; Intel Mac OS X 10_12_3) AppleWebKit/537.36 (KHTML, like Gecko) Chrome/56.0.2924.87 Safari/537.36"
94.72.101.21 - - [02/Nov/2024:19:42:29 +0000] "GET /integrations/slack/dist/service.yaml HTTP/1.1" 404 564 "-" "Mozilla/5.0 (Macintosh; Intel Mac OS X 10_12_3) AppleWebKit/537.36 (KHTML, like Gecko) Chrome/56.0.2924.87 Safari/537.36"
94.72.101.21 - - [02/Nov/2024:19:42:29 +0000] "GET /audit/logs/v2/requirements.txt HTTP/1.1" 404 564 "-" "Mozilla/5.0 (Macintosh; Intel Mac OS X 10_12_3) AppleWebKit/537.36 (KHTML, like Gecko) Chrome/56.0.2924.87 Safari/537.36"
94.72.101.21 - - [02/Nov/2024:19:42:29 +0000] "GET /ci-cd/gitlab/prod/index.js HTTP/1.1" 404 564 "-" "Mozilla/5.0 (Macintosh; Intel Mac OS X 10_12_3) AppleWebKit/537.36 (KHTML, like Gecko) Chrome/56.0.2924.87 Safari/537.36"
94.72.101.21 - - [02/Nov/2024:19:42:30 +0000] "GET /backend/express/prod/index.js HTTP/1.1" 404 564 "-" "Mozilla/5.0 (Macintosh; Intel Mac OS X 10_12_3) AppleWebKit/537.36 (KHTML, like Gecko) Chrome/56.0.2924.87 Safari/537.36"
94.72.101.21 - - [02/Nov/2024:19:42:30 +0000] "GET /secrets/prod/secrets.env HTTP/1.1" 404 564 "-" "Mozilla/5.0 (Macintosh; Intel Mac OS X 10_12_3) AppleWebKit/537.36 (KHTML, like Gecko) Chrome/56.0.2924.87 Safari/537.36"
94.72.101.21 - - [02/Nov/2024:19:42:31 +0000] "GET /frontend/react-app/v1/main.js HTTP/1.1" 404 564 "-" "Mozilla/5.0 (Macintosh; Intel Mac OS X 10_12_3) AppleWebKit/537.36 (KHTML, like Gecko) Chrome/56.0.2924.87 Safari/537.36"
94.72.101.21 - - [02/Nov/2024:19:42:31 +0000] "GET /microservices/payment-service/dev/variables.tf HTTP/1.1" 404 564 "-" "Mozilla/5.0 (Macintosh; Intel Mac OS X 10_12_3) AppleWebKit/537.36 (KHTML, like Gecko) Chrome/56.0.2924.87 Safari/537.36"
94.72.101.21 - - [02/Nov/2024:19:42:31 +0000] "GET /terraform/environments/prod/prod/README.md HTTP/1.1" 404 564 "-" "Mozilla/5.0 (Macintosh; Intel Mac OS X 10_12_3) AppleWebKit/537.36 (KHTML, like Gecko) Chrome/56.0.2924.87 Safari/537.36"
94.72.101.21 - - [02/Nov/2024:19:42:31 +0000] "GET /pipelines/dataflow/prod/service.yaml HTTP/1.1" 404 564 "-" "Mozilla/5.0 (Macintosh; Intel Mac OS X 10_12_3) AppleWebKit/537.36 (KHTML, like Gecko) Chrome/56.0.2924.87 Safari/537.36"
94.72.101.21 - - [02/Nov/2024:19:42:32 +0000] "GET /frontend/svelte-app/src/app.py HTTP/1.1" 404 564 "-" "Mozilla/5.0 (Macintosh; Intel Mac OS X 10_12_3) AppleWebKit/537.36 (KHTML, like Gecko) Chrome/56.0.2924.87 Safari/537.36"
94.72.101.21 - - [02/Nov/2024:19:42:32 +0000] "GET /terraform/environments/prod/v2/config.json HTTP/1.1" 404 564 "-" "Mozilla/5.0 (Macintosh; Intel Mac OS X 10_12_3) AppleWebKit/537.36 (KHTML, like Gecko) Chrome/56.0.2924.87 Safari/537.36"
94.72.101.21 - - [02/Nov/2024:19:42:32 +0000] "GET /config/env/prod/variables.tf HTTP/1.1" 404 564 "-" "Mozilla/5.0 (Macintosh; Intel Mac OS X 10_12_3) AppleWebKit/537.36 (KHTML, like Gecko) Chrome/56.0.2924.87 Safari/537.36"
94.72.101.21 - - [02/Nov/2024:19:42:33 +0000] "GET /data/etl_jobs/src/deployment.yaml HTTP/1.1" 404 564 "-" "Mozilla/5.0 (Macintosh; Intel Mac OS X 10_12_3) AppleWebKit/537.36 (KHTML, like Gecko) Chrome/56.0.2924.87 Safari/537.36"
94.72.101.21 - - [02/Nov/2024:19:42:33 +0000] "GET /microservices/payment-service/src/policy.json HTTP/1.1" 404 564 "-" "Mozilla/5.0 (Macintosh; Intel Mac OS X 10_12_3) AppleWebKit/537.36 (KHTML, like Gecko) Chrome/56.0.2924.87 Safari/537.36"
94.72.101.21 - - [02/Nov/2024:19:42:33 +0000] "GET /security/vault/dist/deployment.yaml HTTP/1.1" 404 564 "-" "Mozilla/5.0 (Macintosh; Intel Mac OS X 10_12_3) AppleWebKit/537.36 (KHTML, like Gecko) Chrome/56.0.2924.87 Safari/537.36"
94.72.101.21 - - [02/Nov/2024:19:42:33 +0000] "GET /frontend/react-app/prod/schema.sql HTTP/1.1" 404 564 "-" "Mozilla/5.0 (Macintosh; Intel Mac OS X 10_12_3) AppleWebKit/537.36 (KHTML, like Gecko) Chrome/56.0.2924.87 Safari/537.36"
94.72.101.21 - - [02/Nov/2024:19:42:33 +0000] "GET /config/database/v1/app.py HTTP/1.1" 404 564 "-" "Mozilla/5.0 (Macintosh; Intel Mac OS X 10_12_3) AppleWebKit/537.36 (KHTML, like Gecko) Chrome/56.0.2924.87 Safari/537.36"
94.72.101.21 - - [02/Nov/2024:19:42:33 +0000] "GET /microservices/user-service/dev/.env HTTP/1.1" 404 564 "-" "Mozilla/5.0 (Macintosh; Intel Mac OS X 10_12_3) AppleWebKit/537.36 (KHTML, like Gecko) Chrome/56.0.2924.87 Safari/537.36"
94.72.101.21 - - [02/Nov/2024:19:42:34 +0000] "GET /frontend/svelte-app/src/policy.json HTTP/1.1" 404 564 "-" "Mozilla/5.0 (Macintosh; Intel Mac OS X 10_12_3) AppleWebKit/537.36 (KHTML, like Gecko) Chrome/56.0.2924.87 Safari/537.36"
94.72.101.21 - - [02/Nov/2024:19:42:34 +0000] "GET /frontend/vue-app/v1/README.md HTTP/1.1" 404 564 "-" "Mozilla/5.0 (Macintosh; Intel Mac OS X 10_12_3) AppleWebKit/537.36 (KHTML, like Gecko) Chrome/56.0.2924.87 Safari/537.36"
94.72.101.21 - - [02/Nov/2024:19:42:34 +0000] "GET /ml/models/dev/secrets.env HTTP/1.1" 404 564 "-" "Mozilla/5.0 (Macintosh; Intel Mac OS X 10_12_3) AppleWebKit/537.36 (KHTML, like Gecko) Chrome/56.0.2924.87 Safari/537.36"
94.72.101.21 - - [02/Nov/2024:19:42:34 +0000] "GET /integrations/slack/v2/secrets.env HTTP/1.1" 404 564 "-" "Mozilla/5.0 (Macintosh; Intel Mac OS X 10_12_3) AppleWebKit/537.36 (KHTML, like Gecko) Chrome/56.0.2924.87 Safari/537.36"
94.72.101.21 - - [02/Nov/2024:19:42:35 +0000] "GET /backend/express/dist/swagger.json HTTP/1.1" 404 564 "-" "Mozilla/5.0 (Macintosh; Intel Mac OS X 10_12_3) AppleWebKit/537.36 (KHTML, like Gecko) Chrome/56.0.2924.87 Safari/537.36"
94.72.101.21 - - [02/Nov/2024:19:42:35 +0000] "GET /backend/express/dev/requirements.txt HTTP/1.1" 404 564 "-" "Mozilla/5.0 (Macintosh; Intel Mac OS X 10_12_3) AppleWebKit/537.36 (KHTML, like Gecko) Chrome/56.0.2924.87 Safari/537.36"
94.72.101.21 - - [02/Nov/2024:19:42:35 +0000] "GET /backend/koa/dev/requirements.txt HTTP/1.1" 404 564 "-" "Mozilla/5.0 (Macintosh; Intel Mac OS X 10_12_3) AppleWebKit/537.36 (KHTML, like Gecko) Chrome/56.0.2924.87 Safari/537.36"
94.72.101.21 - - [02/Nov/2024:19:42:35 +0000] "GET /ci-cd/github/prod/variables.tf HTTP/1.1" 404 564 "-" "Mozilla/5.0 (Macintosh; Intel Mac OS X 10_12_3) AppleWebKit/537.36 (KHTML, like Gecko) Chrome/56.0.2924.87 Safari/537.36"
94.72.101.21 - - [02/Nov/2024:19:42:35 +0000] "GET /config/aws/dist/schema.sql HTTP/1.1" 404 564 "-" "Mozilla/5.0 (Macintosh; Intel Mac OS X 10_12_3) AppleWebKit/537.36 (KHTML, like Gecko) Chrome/56.0.2924.87 Safari/537.36"
94.72.101.21 - - [02/Nov/2024:19:42:36 +0000] "GET /config/database/src/index.js HTTP/1.1" 404 564 "-" "Mozilla/5.0 (Macintosh; Intel Mac OS X 10_12_3) AppleWebKit/537.36 (KHTML, like Gecko) Chrome/56.0.2924.87 Safari/537.36"
94.72.101.21 - - [02/Nov/2024:19:42:36 +0000] "GET /terraform/environments/prod/prod/Dockerfile HTTP/1.1" 404 564 "-" "Mozilla/5.0 (Macintosh; Intel Mac OS X 10_12_3) AppleWebKit/537.36 (KHTML, like Gecko) Chrome/56.0.2924.87 Safari/537.36"
94.72.101.21 - - [02/Nov/2024:19:42:36 +0000] "GET /backend/nestjs/src/deployment.yaml HTTP/1.1" 404 564 "-" "Mozilla/5.0 (Macintosh; Intel Mac OS X 10_12_3) AppleWebKit/537.36 (KHTML, like Gecko) Chrome/56.0.2924.87 Safari/537.36"
94.72.101.21 - - [02/Nov/2024:19:42:37 +0000] "GET /secrets/src/README.md HTTP/1.1" 404 564 "-" "Mozilla/5.0 (Macintosh; Intel Mac OS X 10_12_3) AppleWebKit/537.36 (KHTML, like Gecko) Chrome/56.0.2924.87 Safari/537.36"
94.72.101.21 - - [02/Nov/2024:19:42:37 +0000] "GET /secrets/src/config.json HTTP/1.1" 404 564 "-" "Mozilla/5.0 (Macintosh; Intel Mac OS X 10_12_3) AppleWebKit/537.36 (KHTML, like Gecko) Chrome/56.0.2924.87 Safari/537.36"
94.72.101.21 - - [02/Nov/2024:19:42:37 +0000] "GET /ci-cd/gitlab/src/requirements.txt HTTP/1.1" 404 564 "-" "Mozilla/5.0 (Macintosh; Intel Mac OS X 10_12_3) AppleWebKit/537.36 (KHTML, like Gecko) Chrome/56.0.2924.87 Safari/537.36"
94.72.101.21 - - [02/Nov/2024:19:42:37 +0000] "GET /backend/express/v1/Dockerfile HTTP/1.1" 404 564 "-" "Mozilla/5.0 (Macintosh; Intel Mac OS X 10_12_3) AppleWebKit/537.36 (KHTML, like Gecko) Chrome/56.0.2924.87 Safari/537.36"
94.72.101.21 - - [02/Nov/2024:19:42:37 +0000] "GET /microservices/inventory/v1/swagger.json HTTP/1.1" 404 564 "-" "Mozilla/5.0 (Macintosh; Intel Mac OS X 10_12_3) AppleWebKit/537.36 (KHTML, like Gecko) Chrome/56.0.2924.87 Safari/537.36"
94.72.101.21 - - [02/Nov/2024:19:42:38 +0000] "GET /integrations/stripe/v1/service.yaml HTTP/1.1" 404 564 "-" "Mozilla/5.0 (Macintosh; Intel Mac OS X 10_12_3) AppleWebKit/537.36 (KHTML, like Gecko) Chrome/56.0.2924.87 Safari/537.36"
94.72.101.21 - - [02/Nov/2024:19:42:38 +0000] "GET /backend/koa/v2/main.js HTTP/1.1" 404 564 "-" "Mozilla/5.0 (Macintosh; Intel Mac OS X 10_12_3) AppleWebKit/537.36 (KHTML, like Gecko) Chrome/56.0.2924.87 Safari/537.36"
94.72.101.21 - - [02/Nov/2024:19:42:38 +0000] "GET /integrations/twilio/prod/schema.sql HTTP/1.1" 404 564 "-" "Mozilla/5.0 (Macintosh; Intel Mac OS X 10_12_3) AppleWebKit/537.36 (KHTML, like Gecko) Chrome/56.0.2924.87 Safari/537.36"
94.72.101.21 - - [02/Nov/2024:19:42:38 +0000] "GET /compliance/reports/v1/service.yaml HTTP/1.1" 404 564 "-" "Mozilla/5.0 (Macintosh; Intel Mac OS X 10_12_3) AppleWebKit/537.36 (KHTML, like Gecko) Chrome/56.0.2924.87 Safari/537.36"
94.72.101.21 - - [02/Nov/2024:19:42:39 +0000] "GET /microservices/inventory/dist/deployment.yaml HTTP/1.1" 404 564 "-" "Mozilla/5.0 (Macintosh; Intel Mac OS X 10_12_3) AppleWebKit/537.36 (KHTML, like Gecko) Chrome/56.0.2924.87 Safari/537.36"
94.72.101.21 - - [02/Nov/2024:19:42:39 +0000] "GET /documentation/architecture/dev/policy.json HTTP/1.1" 404 564 "-" "Mozilla/5.0 (Macintosh; Intel Mac OS X 10_12_3) AppleWebKit/537.36 (KHTML, like Gecko) Chrome/56.0.2924.87 Safari/537.36"
94.72.101.21 - - [02/Nov/2024:19:42:39 +0000] "GET /documentation/architecture/dev/schema.sql HTTP/1.1" 404 564 "-" "Mozilla/5.0 (Macintosh; Intel Mac OS X 10_12_3) AppleWebKit/537.36 (KHTML, like Gecko) Chrome/56.0.2924.87 Safari/537.36"
94.72.101.21 - - [02/Nov/2024:19:42:39 +0000] "GET /frontend/svelte-app/dev/README.md HTTP/1.1" 404 564 "-" "Mozilla/5.0 (Macintosh; Intel Mac OS X 10_12_3) AppleWebKit/537.36 (KHTML, like Gecko) Chrome/56.0.2924.87 Safari/537.36"
94.72.101.21 - - [02/Nov/2024:19:42:40 +0000] "GET /integrations/twilio/v1/main.js HTTP/1.1" 404 564 "-" "Mozilla/5.0 (Macintosh; Intel Mac OS X 10_12_3) AppleWebKit/537.36 (KHTML, like Gecko) Chrome/56.0.2924.87 Safari/537.36"
94.72.101.21 - - [02/Nov/2024:19:42:40 +0000] "GET /microservices/payment-service/prod/deployment.yaml HTTP/1.1" 404 564 "-" "Mozilla/5.0 (Macintosh; Intel Mac OS X 10_12_3) AppleWebKit/537.36 (KHTML, like Gecko) Chrome/56.0.2924.87 Safari/537.36"
94.72.101.21 - - [02/Nov/2024:19:42:40 +0000] "GET /docs/api_v2/prod/service.yaml HTTP/1.1" 404 564 "-" "Mozilla/5.0 (Macintosh; Intel Mac OS X 10_12_3) AppleWebKit/537.36 (KHTML, like Gecko) Chrome/56.0.2924.87 Safari/537.36"
94.72.101.21 - - [02/Nov/2024:19:42:40 +0000] "GET /backend/nestjs/prod/app.py HTTP/1.1" 404 564 "-" "Mozilla/5.0 (Macintosh; Intel Mac OS X 10_12_3) AppleWebKit/537.36 (KHTML, like Gecko) Chrome/56.0.2924.87 Safari/537.36"
94.72.101.21 - - [02/Nov/2024:19:42:40 +0000] "GET /docs/api_v2/dist/policy.json HTTP/1.1" 404 564 "-" "Mozilla/5.0 (Macintosh; Intel Mac OS X 10_12_3) AppleWebKit/537.36 (KHTML, like Gecko) Chrome/56.0.2924.87 Safari/537.36"
94.72.101.21 - - [02/Nov/2024:19:42:41 +0000] "GET /docs/readme/v1/variables.tf HTTP/1.1" 404 564 "-" "Mozilla/5.0 (Macintosh; Intel Mac OS X 10_12_3) AppleWebKit/537.36 (KHTML, like Gecko) Chrome/56.0.2924.87 Safari/537.36"
94.72.101.21 - - [02/Nov/2024:19:42:41 +0000] "GET /frontend/nextjs/dev/schema.sql HTTP/1.1" 404 564 "-" "Mozilla/5.0 (Macintosh; Intel Mac OS X 10_12_3) AppleWebKit/537.36 (KHTML, like Gecko) Chrome/56.0.2924.87 Safari/537.36"
94.72.101.21 - - [02/Nov/2024:19:42:41 +0000] "GET /config/azure/v1/policy.json HTTP/1.1" 404 564 "-" "Mozilla/5.0 (Macintosh; Intel Mac OS X 10_12_3) AppleWebKit/537.36 (KHTML, like Gecko) Chrome/56.0.2924.87 Safari/537.36"
94.72.101.21 - - [02/Nov/2024:19:42:42 +0000] "GET /backend/express/dev/setup.py HTTP/1.1" 404 564 "-" "Mozilla/5.0 (Macintosh; Intel Mac OS X 10_12_3) AppleWebKit/537.36 (KHTML, like Gecko) Chrome/56.0.2924.87 Safari/537.36"
94.72.101.21 - - [02/Nov/2024:19:42:43 +0000] "GET /audit/logs/dist/service.yaml HTTP/1.1" 404 564 "-" "Mozilla/5.0 (Macintosh; Intel Mac OS X 10_12_3) AppleWebKit/537.36 (KHTML, like Gecko) Chrome/56.0.2924.87 Safari/537.36"
94.72.101.21 - - [02/Nov/2024:19:42:44 +0000] "GET /frontend/react-app/dev/index.js HTTP/1.1" 404 564 "-" "Mozilla/5.0 (Macintosh; Intel Mac OS X 10_12_3) AppleWebKit/537.36 (KHTML, like Gecko) Chrome/56.0.2924.87 Safari/537.36"
94.72.101.21 - - [02/Nov/2024:19:42:44 +0000] "GET /data/etl_jobs/dist/setup.py HTTP/1.1" 404 564 "-" "Mozilla/5.0 (Macintosh; Intel Mac OS X 10_12_3) AppleWebKit/537.36 (KHTML, like Gecko) Chrome/56.0.2924.87 Safari/537.36"
94.72.101.21 - - [02/Nov/2024:19:42:44 +0000] "GET /integrations/slack/dev/variables.tf HTTP/1.1" 404 564 "-" "Mozilla/5.0 (Macintosh; Intel Mac OS X 10_12_3) AppleWebKit/537.36 (KHTML, like Gecko) Chrome/56.0.2924.87 Safari/537.36"
94.72.101.21 - - [02/Nov/2024:19:42:44 +0000] "GET /secrets/v1/main.js HTTP/1.1" 404 564 "-" "Mozilla/5.0 (Macintosh; Intel Mac OS X 10_12_3) AppleWebKit/537.36 (KHTML, like Gecko) Chrome/56.0.2924.87 Safari/537.36"
94.72.101.21 - - [02/Nov/2024:19:42:44 +0000] "GET /frontend/react-app/v1/deployment.yaml HTTP/1.1" 404 564 "-" "Mozilla/5.0 (Macintosh; Intel Mac OS X 10_12_3) AppleWebKit/537.36 (KHTML, like Gecko) Chrome/56.0.2924.87 Safari/537.36"
94.72.101.21 - - [02/Nov/2024:19:42:44 +0000] "GET /frontend/vue-app/dist/variables.tf HTTP/1.1" 404 564 "-" "Mozilla/5.0 (Macintosh; Intel Mac OS X 10_12_3) AppleWebKit/537.36 (KHTML, like Gecko) Chrome/56.0.2924.87 Safari/537.36"
94.72.101.21 - - [02/Nov/2024:19:42:45 +0000] "GET /frontend/svelte-app/dist/Dockerfile HTTP/1.1" 404 564 "-" "Mozilla/5.0 (Macintosh; Intel Mac OS X 10_12_3) AppleWebKit/537.36 (KHTML, like Gecko) Chrome/56.0.2924.87 Safari/537.36"
94.72.101.21 - - [02/Nov/2024:19:42:45 +0000] "GET /integrations/slack/src/variables.tf HTTP/1.1" 404 564 "-" "Mozilla/5.0 (Macintosh; Intel Mac OS X 10_12_3) AppleWebKit/537.36 (KHTML, like Gecko) Chrome/56.0.2924.87 Safari/537.36"
94.72.101.21 - - [02/Nov/2024:19:42:45 +0000] "GET /compliance/reports/v1/README.md HTTP/1.1" 404 564 "-" "Mozilla/5.0 (Macintosh; Intel Mac OS X 10_12_3) AppleWebKit/537.36 (KHTML, like Gecko) Chrome/56.0.2924.87 Safari/537.36"
94.72.101.21 - - [02/Nov/2024:19:42:45 +0000] "GET /integrations/stripe/src/Dockerfile HTTP/1.1" 404 564 "-" "Mozilla/5.0 (Macintosh; Intel Mac OS X 10_12_3) AppleWebKit/537.36 (KHTML, like Gecko) Chrome/56.0.2924.87 Safari/537.36"
94.72.101.21 - - [02/Nov/2024:19:42:46 +0000] "GET /k8s/src/Dockerfile HTTP/1.1" 404 564 "-" "Mozilla/5.0 (Macintosh; Intel Mac OS X 10_12_3) AppleWebKit/537.36 (KHTML, like Gecko) Chrome/56.0.2924.87 Safari/537.36"
94.72.101.21 - - [02/Nov/2024:19:42:46 +0000] "GET /frontend/nextjs/v1/main.js HTTP/1.1" 404 564 "-" "Mozilla/5.0 (Macintosh; Intel Mac OS X 10_12_3) AppleWebKit/537.36 (KHTML, like Gecko) Chrome/56.0.2924.87 Safari/537.36"
94.72.101.21 - - [02/Nov/2024:19:42:46 +0000] "GET /backend/express/v2/secrets.env HTTP/1.1" 404 564 "-" "Mozilla/5.0 (Macintosh; Intel Mac OS X 10_12_3) AppleWebKit/537.36 (KHTML, like Gecko) Chrome/56.0.2924.87 Safari/537.36"
94.72.101.21 - - [02/Nov/2024:19:42:47 +0000] "GET /backend/nestjs/v1/deployment.yaml HTTP/1.1" 404 564 "-" "Mozilla/5.0 (Macintosh; Intel Mac OS X 10_12_3) AppleWebKit/537.36 (KHTML, like Gecko) Chrome/56.0.2924.87 Safari/537.36"
94.72.101.21 - - [02/Nov/2024:19:42:47 +0000] "GET /ci-cd/github/v1/.env HTTP/1.1" 404 564 "-" "Mozilla/5.0 (Macintosh; Intel Mac OS X 10_12_3) AppleWebKit/537.36 (KHTML, like Gecko) Chrome/56.0.2924.87 Safari/537.36"
94.72.101.21 - - [02/Nov/2024:19:42:47 +0000] "GET /backend/koa/src/config.json HTTP/1.1" 404 564 "-" "Mozilla/5.0 (Macintosh; Intel Mac OS X 10_12_3) AppleWebKit/537.36 (KHTML, like Gecko) Chrome/56.0.2924.87 Safari/537.36"
94.72.101.21 - - [02/Nov/2024:19:42:47 +0000] "GET /integrations/slack/v1/swagger.json HTTP/1.1" 404 564 "-" "Mozilla/5.0 (Macintosh; Intel Mac OS X 10_12_3) AppleWebKit/537.36 (KHTML, like Gecko) Chrome/56.0.2924.87 Safari/537.36"
94.72.101.21 - - [02/Nov/2024:19:42:47 +0000] "GET /docs/readme/dev/variables.tf HTTP/1.1" 404 564 "-" "Mozilla/5.0 (Macintosh; Intel Mac OS X 10_12_3) AppleWebKit/537.36 (KHTML, like Gecko) Chrome/56.0.2924.87 Safari/537.36"
94.72.101.21 - - [02/Nov/2024:19:42:47 +0000] "GET /frontend/react-app/src/secrets.env HTTP/1.1" 404 564 "-" "Mozilla/5.0 (Macintosh; Intel Mac OS X 10_12_3) AppleWebKit/537.36 (KHTML, like Gecko) Chrome/56.0.2924.87 Safari/537.36"
94.72.101.21 - - [02/Nov/2024:19:42:48 +0000] "GET /microservices/user-service/prod/swagger.json HTTP/1.1" 404 564 "-" "Mozilla/5.0 (Macintosh; Intel Mac OS X 10_12_3) AppleWebKit/537.36 (KHTML, like Gecko) Chrome/56.0.2924.87 Safari/537.36"
94.72.101.21 - - [02/Nov/2024:19:42:48 +0000] "GET /config/azure/dev/service.yaml HTTP/1.1" 404 564 "-" "Mozilla/5.0 (Macintosh; Intel Mac OS X 10_12_3) AppleWebKit/537.36 (KHTML, like Gecko) Chrome/56.0.2924.87 Safari/537.36"
94.72.101.21 - - [02/Nov/2024:19:42:48 +0000] "GET /backend/koa/v2/requirements.txt HTTP/1.1" 404 564 "-" "Mozilla/5.0 (Macintosh; Intel Mac OS X 10_12_3) AppleWebKit/537.36 (KHTML, like Gecko) Chrome/56.0.2924.87 Safari/537.36"
94.72.101.21 - - [02/Nov/2024:19:42:48 +0000] "GET /integrations/twilio/src/policy.json HTTP/1.1" 404 564 "-" "Mozilla/5.0 (Macintosh; Intel Mac OS X 10_12_3) AppleWebKit/537.36 (KHTML, like Gecko) Chrome/56.0.2924.87 Safari/537.36"
94.72.101.21 - - [02/Nov/2024:19:42:49 +0000] "GET /backend/fastapi/v2/README.md HTTP/1.1" 404 564 "-" "Mozilla/5.0 (Macintosh; Intel Mac OS X 10_12_3) AppleWebKit/537.36 (KHTML, like Gecko) Chrome/56.0.2924.87 Safari/537.36"
94.72.101.21 - - [02/Nov/2024:19:42:49 +0000] "GET /frontend/nextjs/v2/README.md HTTP/1.1" 404 564 "-" "Mozilla/5.0 (Macintosh; Intel Mac OS X 10_12_3) AppleWebKit/537.36 (KHTML, like Gecko) Chrome/56.0.2924.87 Safari/537.36"
94.72.101.21 - - [02/Nov/2024:19:42:49 +0000] "GET /config/aws/dev/.env HTTP/1.1" 404 564 "-" "Mozilla/5.0 (Macintosh; Intel Mac OS X 10_12_3) AppleWebKit/537.36 (KHTML, like Gecko) Chrome/56.0.2924.87 Safari/537.36"
94.72.101.21 - - [02/Nov/2024:19:42:50 +0000] "GET /data_sources/dev/README.md HTTP/1.1" 404 564 "-" "Mozilla/5.0 (Macintosh; Intel Mac OS X 10_12_3) AppleWebKit/537.36 (KHTML, like Gecko) Chrome/56.0.2924.87 Safari/537.36"
94.72.101.21 - - [02/Nov/2024:19:42:50 +0000] "GET /docs/api_v2/v2/policy.json HTTP/1.1" 404 564 "-" "Mozilla/5.0 (Macintosh; Intel Mac OS X 10_12_3) AppleWebKit/537.36 (KHTML, like Gecko) Chrome/56.0.2924.87 Safari/537.36"
94.72.101.21 - - [02/Nov/2024:19:42:51 +0000] "GET /microservices/inventory/v2/config.json HTTP/1.1" 404 564 "-" "Mozilla/5.0 (Macintosh; Intel Mac OS X 10_12_3) AppleWebKit/537.36 (KHTML, like Gecko) Chrome/56.0.2924.87 Safari/537.36"
94.72.101.21 - - [02/Nov/2024:19:42:51 +0000] "GET /microservices/user-service/v1/service.yaml HTTP/1.1" 404 564 "-" "Mozilla/5.0 (Macintosh; Intel Mac OS X 10_12_3) AppleWebKit/537.36 (KHTML, like Gecko) Chrome/56.0.2924.87 Safari/537.36"
94.72.101.21 - - [02/Nov/2024:19:42:51 +0000] "GET /terraform/environments/prod/dev/README.md HTTP/1.1" 404 564 "-" "Mozilla/5.0 (Macintosh; Intel Mac OS X 10_12_3) AppleWebKit/537.36 (KHTML, like Gecko) Chrome/56.0.2924.87 Safari/537.36"
94.72.101.21 - - [02/Nov/2024:19:42:51 +0000] "GET /frontend/react-app/src/policy.json HTTP/1.1" 404 564 "-" "Mozilla/5.0 (Macintosh; Intel Mac OS X 10_12_3) AppleWebKit/537.36 (KHTML, like Gecko) Chrome/56.0.2924.87 Safari/537.36"
94.72.101.21 - - [02/Nov/2024:19:42:52 +0000] "GET /terraform/environments/prod/v2/policy.json HTTP/1.1" 404 564 "-" "Mozilla/5.0 (Macintosh; Intel Mac OS X 10_12_3) AppleWebKit/537.36 (KHTML, like Gecko) Chrome/56.0.2924.87 Safari/537.36"
94.72.101.21 - - [02/Nov/2024:19:42:52 +0000] "GET /terraform/environments/prod/v2/index.js HTTP/1.1" 404 564 "-" "Mozilla/5.0 (Macintosh; Intel Mac OS X 10_12_3) AppleWebKit/537.36 (KHTML, like Gecko) Chrome/56.0.2924.87 Safari/537.36"
94.72.101.21 - - [02/Nov/2024:19:42:52 +0000] "GET /ci-cd/github/dev/secrets.env HTTP/1.1" 404 564 "-" "Mozilla/5.0 (Macintosh; Intel Mac OS X 10_12_3) AppleWebKit/537.36 (KHTML, like Gecko) Chrome/56.0.2924.87 Safari/537.36"
94.72.101.21 - - [02/Nov/2024:19:42:52 +0000] "GET /config/database/v1/requirements.txt HTTP/1.1" 404 564 "-" "Mozilla/5.0 (Macintosh; Intel Mac OS X 10_12_3) AppleWebKit/537.36 (KHTML, like Gecko) Chrome/56.0.2924.87 Safari/537.36"
94.72.101.21 - - [02/Nov/2024:19:42:52 +0000] "GET /config/azure/prod/service.yaml HTTP/1.1" 404 564 "-" "Mozilla/5.0 (Macintosh; Intel Mac OS X 10_12_3) AppleWebKit/537.36 (KHTML, like Gecko) Chrome/56.0.2924.87 Safari/537.36"
94.72.101.21 - - [02/Nov/2024:19:42:53 +0000] "GET /secrets/v1/setup.py HTTP/1.1" 404 564 "-" "Mozilla/5.0 (Macintosh; Intel Mac OS X 10_12_3) AppleWebKit/537.36 (KHTML, like Gecko) Chrome/56.0.2924.87 Safari/537.36"
94.72.101.21 - - [02/Nov/2024:19:42:53 +0000] "GET /frontend/nextjs/v1/requirements.txt HTTP/1.1" 404 564 "-" "Mozilla/5.0 (Macintosh; Intel Mac OS X 10_12_3) AppleWebKit/537.36 (KHTML, like Gecko) Chrome/56.0.2924.87 Safari/537.36"
94.72.101.21 - - [02/Nov/2024:19:42:53 +0000] "GET /integrations/stripe/v1/policy.json HTTP/1.1" 404 564 "-" "Mozilla/5.0 (Macintosh; Intel Mac OS X 10_12_3) AppleWebKit/537.36 (KHTML, like Gecko) Chrome/56.0.2924.87 Safari/537.36"
94.72.101.21 - - [02/Nov/2024:19:42:53 +0000] "GET /config/env/v2/swagger.json HTTP/1.1" 404 564 "-" "Mozilla/5.0 (Macintosh; Intel Mac OS X 10_12_3) AppleWebKit/537.36 (KHTML, like Gecko) Chrome/56.0.2924.87 Safari/537.36"
94.72.101.21 - - [02/Nov/2024:19:42:54 +0000] "GET /config/azure/src/secrets.env HTTP/1.1" 404 564 "-" "Mozilla/5.0 (Macintosh; Intel Mac OS X 10_12_3) AppleWebKit/537.36 (KHTML, like Gecko) Chrome/56.0.2924.87 Safari/537.36"
94.72.101.21 - - [02/Nov/2024:19:42:54 +0000] "GET /ci-cd/gitlab/prod/main.js HTTP/1.1" 404 564 "-" "Mozilla/5.0 (Macintosh; Intel Mac OS X 10_12_3) AppleWebKit/537.36 (KHTML, like Gecko) Chrome/56.0.2924.87 Safari/537.36"
94.72.101.21 - - [02/Nov/2024:19:42:55 +0000] "GET /frontend/vue-app/v1/main.js HTTP/1.1" 404 564 "-" "Mozilla/5.0 (Macintosh; Intel Mac OS X 10_12_3) AppleWebKit/537.36 (KHTML, like Gecko) Chrome/56.0.2924.87 Safari/537.36"
94.72.101.21 - - [02/Nov/2024:19:42:55 +0000] "GET /documentation/architecture/v2/requirements.txt HTTP/1.1" 404 564 "-" "Mozilla/5.0 (Macintosh; Intel Mac OS X 10_12_3) AppleWebKit/537.36 (KHTML, like Gecko) Chrome/56.0.2924.87 Safari/537.36"
94.72.101.21 - - [02/Nov/2024:19:42:55 +0000] "GET /security/vault/prod/schema.sql HTTP/1.1" 404 564 "-" "Mozilla/5.0 (Macintosh; Intel Mac OS X 10_12_3) AppleWebKit/537.36 (KHTML, like Gecko) Chrome/56.0.2924.87 Safari/537.36"
94.72.101.21 - - [02/Nov/2024:19:42:55 +0000] "GET /data/etl_jobs/dist/app.py HTTP/1.1" 404 564 "-" "Mozilla/5.0 (Macintosh; Intel Mac OS X 10_12_3) AppleWebKit/537.36 (KHTML, like Gecko) Chrome/56.0.2924.87 Safari/537.36"
94.72.101.21 - - [02/Nov/2024:19:42:55 +0000] "GET /pipelines/dataflow/v2/deployment.yaml HTTP/1.1" 404 564 "-" "Mozilla/5.0 (Macintosh; Intel Mac OS X 10_12_3) AppleWebKit/537.36 (KHTML, like Gecko) Chrome/56.0.2924.87 Safari/537.36"
94.72.101.21 - - [02/Nov/2024:19:42:56 +0000] "GET /data_sources/src/service.yaml HTTP/1.1" 404 564 "-" "Mozilla/5.0 (Macintosh; Intel Mac OS X 10_12_3) AppleWebKit/537.36 (KHTML, like Gecko) Chrome/56.0.2924.87 Safari/537.36"
94.72.101.21 - - [02/Nov/2024:19:42:57 +0000] "GET /audit/logs/dist/swagger.json HTTP/1.1" 404 564 "-" "Mozilla/5.0 (Macintosh; Intel Mac OS X 10_12_3) AppleWebKit/537.36 (KHTML, like Gecko) Chrome/56.0.2924.87 Safari/537.36"
94.72.101.21 - - [02/Nov/2024:19:42:57 +0000] "GET /docs/api_v2/v2/main.js HTTP/1.1" 404 564 "-" "Mozilla/5.0 (Macintosh; Intel Mac OS X 10_12_3) AppleWebKit/537.36 (KHTML, like Gecko) Chrome/56.0.2924.87 Safari/537.36"
94.72.101.21 - - [02/Nov/2024:19:42:57 +0000] "GET /frontend/vue-app/dist/deployment.yaml HTTP/1.1" 404 564 "-" "Mozilla/5.0 (Macintosh; Intel Mac OS X 10_12_3) AppleWebKit/537.36 (KHTML, like Gecko) Chrome/56.0.2924.87 Safari/537.36"
94.72.101.21 - - [02/Nov/2024:19:42:57 +0000] "GET /config/azure/dist/setup.py HTTP/1.1" 404 564 "-" "Mozilla/5.0 (Macintosh; Intel Mac OS X 10_12_3) AppleWebKit/537.36 (KHTML, like Gecko) Chrome/56.0.2924.87 Safari/537.36"
94.72.101.21 - - [02/Nov/2024:19:42:57 +0000] "GET /frontend/nextjs/v1/swagger.json HTTP/1.1" 404 564 "-" "Mozilla/5.0 (Macintosh; Intel Mac OS X 10_12_3) AppleWebKit/537.36 (KHTML, like Gecko) Chrome/56.0.2924.87 Safari/537.36"
94.72.101.21 - - [02/Nov/2024:19:42:57 +0000] "GET /frontend/svelte-app/v2/README.md HTTP/1.1" 404 564 "-" "Mozilla/5.0 (Macintosh; Intel Mac OS X 10_12_3) AppleWebKit/537.36 (KHTML, like Gecko) Chrome/56.0.2924.87 Safari/537.36"
94.72.101.21 - - [02/Nov/2024:19:42:58 +0000] "GET /pipelines/dataflow/dev/setup.py HTTP/1.1" 404 564 "-" "Mozilla/5.0 (Macintosh; Intel Mac OS X 10_12_3) AppleWebKit/537.36 (KHTML, like Gecko) Chrome/56.0.2924.87 Safari/537.36"
94.72.101.21 - - [02/Nov/2024:19:42:58 +0000] "GET /config/database/dev/.env HTTP/1.1" 404 564 "-" "Mozilla/5.0 (Macintosh; Intel Mac OS X 10_12_3) AppleWebKit/537.36 (KHTML, like Gecko) Chrome/56.0.2924.87 Safari/537.36"
94.72.101.21 - - [02/Nov/2024:19:42:58 +0000] "GET /config/azure/dev/policy.json HTTP/1.1" 404 564 "-" "Mozilla/5.0 (Macintosh; Intel Mac OS X 10_12_3) AppleWebKit/537.36 (KHTML, like Gecko) Chrome/56.0.2924.87 Safari/537.36"
94.72.101.21 - - [02/Nov/2024:19:42:58 +0000] "GET /audit/logs/v2/Dockerfile HTTP/1.1" 404 564 "-" "Mozilla/5.0 (Macintosh; Intel Mac OS X 10_12_3) AppleWebKit/537.36 (KHTML, like Gecko) Chrome/56.0.2924.87 Safari/537.36"
94.72.101.21 - - [02/Nov/2024:19:42:58 +0000] "GET /compliance/reports/v2/app.py HTTP/1.1" 404 564 "-" "Mozilla/5.0 (Macintosh; Intel Mac OS X 10_12_3) AppleWebKit/537.36 (KHTML, like Gecko) Chrome/56.0.2924.87 Safari/537.36"
94.72.101.21 - - [02/Nov/2024:19:42:59 +0000] "GET /config/aws/v1/secrets.env HTTP/1.1" 404 564 "-" "Mozilla/5.0 (Macintosh; Intel Mac OS X 10_12_3) AppleWebKit/537.36 (KHTML, like Gecko) Chrome/56.0.2924.87 Safari/537.36"
94.72.101.21 - - [02/Nov/2024:19:42:59 +0000] "GET /ml/models/dist/secrets.env HTTP/1.1" 404 564 "-" "Mozilla/5.0 (Macintosh; Intel Mac OS X 10_12_3) AppleWebKit/537.36 (KHTML, like Gecko) Chrome/56.0.2924.87 Safari/537.36"
94.72.101.21 - - [02/Nov/2024:19:43:00 +0000] "GET /frontend/react-app/v2/policy.json HTTP/1.1" 404 564 "-" "Mozilla/5.0 (Macintosh; Intel Mac OS X 10_12_3) AppleWebKit/537.36 (KHTML, like Gecko) Chrome/56.0.2924.87 Safari/537.36"
94.72.101.21 - - [02/Nov/2024:19:43:00 +0000] "GET /config/azure/v2/secrets.env HTTP/1.1" 404 564 "-" "Mozilla/5.0 (Macintosh; Intel Mac OS X 10_12_3) AppleWebKit/537.36 (KHTML, like Gecko) Chrome/56.0.2924.87 Safari/537.36"
94.72.101.21 - - [02/Nov/2024:19:43:00 +0000] "GET /config/azure/dev/requirements.txt HTTP/1.1" 404 564 "-" "Mozilla/5.0 (Macintosh; Intel Mac OS X 10_12_3) AppleWebKit/537.36 (KHTML, like Gecko) Chrome/56.0.2924.87 Safari/537.36"
94.72.101.21 - - [02/Nov/2024:19:43:00 +0000] "GET /integrations/twilio/v2/requirements.txt HTTP/1.1" 404 564 "-" "Mozilla/5.0 (Macintosh; Intel Mac OS X 10_12_3) AppleWebKit/537.36 (KHTML, like Gecko) Chrome/56.0.2924.87 Safari/537.36"
94.72.101.21 - - [02/Nov/2024:19:43:00 +0000] "GET /data/etl_jobs/src/Dockerfile HTTP/1.1" 404 564 "-" "Mozilla/5.0 (Macintosh; Intel Mac OS X 10_12_3) AppleWebKit/537.36 (KHTML, like Gecko) Chrome/56.0.2924.87 Safari/537.36"
94.72.101.21 - - [02/Nov/2024:19:43:01 +0000] "GET /integrations/twilio/prod/Dockerfile HTTP/1.1" 404 564 "-" "Mozilla/5.0 (Macintosh; Intel Mac OS X 10_12_3) AppleWebKit/537.36 (KHTML, like Gecko) Chrome/56.0.2924.87 Safari/537.36"
94.72.101.21 - - [02/Nov/2024:19:43:01 +0000] "GET /k8s/dev/service.yaml HTTP/1.1" 404 564 "-" "Mozilla/5.0 (Macintosh; Intel Mac OS X 10_12_3) AppleWebKit/537.36 (KHTML, like Gecko) Chrome/56.0.2924.87 Safari/537.36"
94.72.101.21 - - [02/Nov/2024:19:43:01 +0000] "GET /config/database/prod/policy.json HTTP/1.1" 404 564 "-" "Mozilla/5.0 (Macintosh; Intel Mac OS X 10_12_3) AppleWebKit/537.36 (KHTML, like Gecko) Chrome/56.0.2924.87 Safari/537.36"
94.72.101.21 - - [02/Nov/2024:19:43:01 +0000] "GET /security/vault/dist/config.json HTTP/1.1" 404 564 "-" "Mozilla/5.0 (Macintosh; Intel Mac OS X 10_12_3) AppleWebKit/537.36 (KHTML, like Gecko) Chrome/56.0.2924.87 Safari/537.36"
94.72.101.21 - - [02/Nov/2024:19:43:01 +0000] "GET /microservices/payment-service/v2/variables.tf HTTP/1.1" 404 564 "-" "Mozilla/5.0 (Macintosh; Intel Mac OS X 10_12_3) AppleWebKit/537.36 (KHTML, like Gecko) Chrome/56.0.2924.87 Safari/537.36"
94.72.101.21 - - [02/Nov/2024:19:43:01 +0000] "GET /security/vault/v1/schema.sql HTTP/1.1" 404 564 "-" "Mozilla/5.0 (Macintosh; Intel Mac OS X 10_12_3) AppleWebKit/537.36 (KHTML, like Gecko) Chrome/56.0.2924.87 Safari/537.36"
94.72.101.21 - - [02/Nov/2024:19:43:02 +0000] "GET /config/database/dev/index.js HTTP/1.1" 404 564 "-" "Mozilla/5.0 (Macintosh; Intel Mac OS X 10_12_3) AppleWebKit/537.36 (KHTML, like Gecko) Chrome/56.0.2924.87 Safari/537.36"
94.72.101.21 - - [02/Nov/2024:19:43:02 +0000] "GET /backend/koa/src/app.py HTTP/1.1" 404 564 "-" "Mozilla/5.0 (Macintosh; Intel Mac OS X 10_12_3) AppleWebKit/537.36 (KHTML, like Gecko) Chrome/56.0.2924.87 Safari/537.36"
94.72.101.21 - - [02/Nov/2024:19:43:02 +0000] "GET /backend/fastapi/dev/.env HTTP/1.1" 404 564 "-" "Mozilla/5.0 (Macintosh; Intel Mac OS X 10_12_3) AppleWebKit/537.36 (KHTML, like Gecko) Chrome/56.0.2924.87 Safari/537.36"
94.72.101.21 - - [02/Nov/2024:19:43:02 +0000] "GET /frontend/nextjs/dev/config.json HTTP/1.1" 404 564 "-" "Mozilla/5.0 (Macintosh; Intel Mac OS X 10_12_3) AppleWebKit/537.36 (KHTML, like Gecko) Chrome/56.0.2924.87 Safari/537.36"
94.72.101.21 - - [02/Nov/2024:19:43:03 +0000] "GET /documentation/architecture/prod/policy.json HTTP/1.1" 404 564 "-" "Mozilla/5.0 (Macintosh; Intel Mac OS X 10_12_3) AppleWebKit/537.36 (KHTML, like Gecko) Chrome/56.0.2924.87 Safari/537.36"
94.72.101.21 - - [02/Nov/2024:19:43:03 +0000] "GET /backend/express/dist/Dockerfile HTTP/1.1" 404 564 "-" "Mozilla/5.0 (Macintosh; Intel Mac OS X 10_12_3) AppleWebKit/537.36 (KHTML, like Gecko) Chrome/56.0.2924.87 Safari/537.36"
94.72.101.21 - - [02/Nov/2024:19:43:03 +0000] "GET /security/vault/v2/schema.sql HTTP/1.1" 404 564 "-" "Mozilla/5.0 (Macintosh; Intel Mac OS X 10_12_3) AppleWebKit/537.36 (KHTML, like Gecko) Chrome/56.0.2924.87 Safari/537.36"
94.72.101.21 - - [02/Nov/2024:19:43:03 +0000] "GET /microservices/inventory/prod/config.json HTTP/1.1" 404 564 "-" "Mozilla/5.0 (Macintosh; Intel Mac OS X 10_12_3) AppleWebKit/537.36 (KHTML, like Gecko) Chrome/56.0.2924.87 Safari/537.36"
94.72.101.21 - - [02/Nov/2024:19:43:04 +0000] "GET /integrations/slack/v1/.env HTTP/1.1" 404 564 "-" "Mozilla/5.0 (Macintosh; Intel Mac OS X 10_12_3) AppleWebKit/537.36 (KHTML, like Gecko) Chrome/56.0.2924.87 Safari/537.36"
94.72.101.21 - - [02/Nov/2024:19:43:04 +0000] "GET /config/env/v2/README.md HTTP/1.1" 404 564 "-" "Mozilla/5.0 (Macintosh; Intel Mac OS X 10_12_3) AppleWebKit/537.36 (KHTML, like Gecko) Chrome/56.0.2924.87 Safari/537.36"
94.72.101.21 - - [02/Nov/2024:19:43:04 +0000] "GET /backend/express/v2/index.js HTTP/1.1" 404 564 "-" "Mozilla/5.0 (Macintosh; Intel Mac OS X 10_12_3) AppleWebKit/537.36 (KHTML, like Gecko) Chrome/56.0.2924.87 Safari/537.36"
94.72.101.21 - - [02/Nov/2024:19:43:05 +0000] "GET /backend/nestjs/dev/service.yaml HTTP/1.1" 404 564 "-" "Mozilla/5.0 (Macintosh; Intel Mac OS X 10_12_3) AppleWebKit/537.36 (KHTML, like Gecko) Chrome/56.0.2924.87 Safari/537.36"
94.72.101.21 - - [02/Nov/2024:19:43:05 +0000] "GET /pipelines/dataflow/src/secrets.env HTTP/1.1" 404 564 "-" "Mozilla/5.0 (Macintosh; Intel Mac OS X 10_12_3) AppleWebKit/537.36 (KHTML, like Gecko) Chrome/56.0.2924.87 Safari/537.36"
94.72.101.21 - - [02/Nov/2024:19:43:05 +0000] "GET /ml/models/dev/schema.sql HTTP/1.1" 404 564 "-" "Mozilla/5.0 (Macintosh; Intel Mac OS X 10_12_3) AppleWebKit/537.36 (KHTML, like Gecko) Chrome/56.0.2924.87 Safari/537.36"
94.72.101.21 - - [02/Nov/2024:19:43:05 +0000] "GET /config/azure/v1/variables.tf HTTP/1.1" 404 564 "-" "Mozilla/5.0 (Macintosh; Intel Mac OS X 10_12_3) AppleWebKit/537.36 (KHTML, like Gecko) Chrome/56.0.2924.87 Safari/537.36"
94.72.101.21 - - [02/Nov/2024:19:43:05 +0000] "GET /compliance/reports/src/.env HTTP/1.1" 404 564 "-" "Mozilla/5.0 (Macintosh; Intel Mac OS X 10_12_3) AppleWebKit/537.36 (KHTML, like Gecko) Chrome/56.0.2924.87 Safari/537.36"
94.72.101.21 - - [02/Nov/2024:19:43:05 +0000] "GET /audit/logs/dev/deployment.yaml HTTP/1.1" 404 564 "-" "Mozilla/5.0 (Macintosh; Intel Mac OS X 10_12_3) AppleWebKit/537.36 (KHTML, like Gecko) Chrome/56.0.2924.87 Safari/537.36"
94.72.101.21 - - [02/Nov/2024:19:43:06 +0000] "GET /config/azure/dev/.env HTTP/1.1" 404 564 "-" "Mozilla/5.0 (Macintosh; Intel Mac OS X 10_12_3) AppleWebKit/537.36 (KHTML, like Gecko) Chrome/56.0.2924.87 Safari/537.36"
94.72.101.21 - - [02/Nov/2024:19:43:06 +0000] "GET /frontend/nextjs/prod/index.js HTTP/1.1" 404 564 "-" "Mozilla/5.0 (Macintosh; Intel Mac OS X 10_12_3) AppleWebKit/537.36 (KHTML, like Gecko) Chrome/56.0.2924.87 Safari/537.36"
94.72.101.21 - - [02/Nov/2024:19:43:06 +0000] "GET /docs/api_v2/dist/Dockerfile HTTP/1.1" 404 564 "-" "Mozilla/5.0 (Macintosh; Intel Mac OS X 10_12_3) AppleWebKit/537.36 (KHTML, like Gecko) Chrome/56.0.2924.87 Safari/537.36"
94.72.101.21 - - [02/Nov/2024:19:43:06 +0000] "GET /data/etl_jobs/src/setup.py HTTP/1.1" 404 564 "-" "Mozilla/5.0 (Macintosh; Intel Mac OS X 10_12_3) AppleWebKit/537.36 (KHTML, like Gecko) Chrome/56.0.2924.87 Safari/537.36"
94.72.101.21 - - [02/Nov/2024:19:43:06 +0000] "GET /backend/koa/dist/deployment.yaml HTTP/1.1" 404 564 "-" "Mozilla/5.0 (Macintosh; Intel Mac OS X 10_12_3) AppleWebKit/537.36 (KHTML, like Gecko) Chrome/56.0.2924.87 Safari/537.36"
94.72.101.21 - - [02/Nov/2024:19:43:06 +0000] "GET /backend/koa/v2/app.py HTTP/1.1" 404 564 "-" "Mozilla/5.0 (Macintosh; Intel Mac OS X 10_12_3) AppleWebKit/537.36 (KHTML, like Gecko) Chrome/56.0.2924.87 Safari/537.36"
94.72.101.21 - - [02/Nov/2024:19:43:07 +0000] "GET /config/database/src/.env HTTP/1.1" 404 564 "-" "Mozilla/5.0 (Macintosh; Intel Mac OS X 10_12_3) AppleWebKit/537.36 (KHTML, like Gecko) Chrome/56.0.2924.87 Safari/537.36"
94.72.101.21 - - [02/Nov/2024:19:43:07 +0000] "GET /integrations/twilio/v1/variables.tf HTTP/1.1" 404 564 "-" "Mozilla/5.0 (Macintosh; Intel Mac OS X 10_12_3) AppleWebKit/537.36 (KHTML, like Gecko) Chrome/56.0.2924.87 Safari/537.36"
94.72.101.21 - - [02/Nov/2024:19:43:07 +0000] "GET /config/database/src/secrets.env HTTP/1.1" 404 564 "-" "Mozilla/5.0 (Macintosh; Intel Mac OS X 10_12_3) AppleWebKit/537.36 (KHTML, like Gecko) Chrome/56.0.2924.87 Safari/537.36"
94.72.101.21 - - [02/Nov/2024:19:43:07 +0000] "GET /integrations/twilio/src/deployment.yaml HTTP/1.1" 404 564 "-" "Mozilla/5.0 (Macintosh; Intel Mac OS X 10_12_3) AppleWebKit/537.36 (KHTML, like Gecko) Chrome/56.0.2924.87 Safari/537.36"
94.72.101.21 - - [02/Nov/2024:19:43:07 +0000] "GET /config/env/v1/.env HTTP/1.1" 404 564 "-" "Mozilla/5.0 (Macintosh; Intel Mac OS X 10_12_3) AppleWebKit/537.36 (KHTML, like Gecko) Chrome/56.0.2924.87 Safari/537.36"
94.72.101.21 - - [02/Nov/2024:19:43:08 +0000] "GET /integrations/slack/v2/config.json HTTP/1.1" 404 564 "-" "Mozilla/5.0 (Macintosh; Intel Mac OS X 10_12_3) AppleWebKit/537.36 (KHTML, like Gecko) Chrome/56.0.2924.87 Safari/537.36"
94.72.101.21 - - [02/Nov/2024:19:43:08 +0000] "GET /docs/api_v2/src/.env HTTP/1.1" 404 564 "-" "Mozilla/5.0 (Macintosh; Intel Mac OS X 10_12_3) AppleWebKit/537.36 (KHTML, like Gecko) Chrome/56.0.2924.87 Safari/537.36"
94.72.101.21 - - [02/Nov/2024:19:43:09 +0000] "GET /docs/api_v2/dev/setup.py HTTP/1.1" 404 564 "-" "Mozilla/5.0 (Macintosh; Intel Mac OS X 10_12_3) AppleWebKit/537.36 (KHTML, like Gecko) Chrome/56.0.2924.87 Safari/537.36"
94.72.101.21 - - [02/Nov/2024:19:43:09 +0000] "GET /frontend/react-app/src/README.md HTTP/1.1" 404 564 "-" "Mozilla/5.0 (Macintosh; Intel Mac OS X 10_12_3) AppleWebKit/537.36 (KHTML, like Gecko) Chrome/56.0.2924.87 Safari/537.36"
94.72.101.21 - - [02/Nov/2024:19:43:09 +0000] "GET /integrations/twilio/dev/setup.py HTTP/1.1" 404 564 "-" "Mozilla/5.0 (Macintosh; Intel Mac OS X 10_12_3) AppleWebKit/537.36 (KHTML, like Gecko) Chrome/56.0.2924.87 Safari/537.36"
94.72.101.21 - - [02/Nov/2024:19:43:09 +0000] "GET /backend/fastapi/v1/main.js HTTP/1.1" 404 564 "-" "Mozilla/5.0 (Macintosh; Intel Mac OS X 10_12_3) AppleWebKit/537.36 (KHTML, like Gecko) Chrome/56.0.2924.87 Safari/537.36"
94.72.101.21 - - [02/Nov/2024:19:43:10 +0000] "GET /ci-cd/gitlab/src/.env HTTP/1.1" 404 564 "-" "Mozilla/5.0 (Macintosh; Intel Mac OS X 10_12_3) AppleWebKit/537.36 (KHTML, like Gecko) Chrome/56.0.2924.87 Safari/537.36"
94.72.101.21 - - [02/Nov/2024:19:43:10 +0000] "GET /secrets/src/app.py HTTP/1.1" 404 564 "-" "Mozilla/5.0 (Macintosh; Intel Mac OS X 10_12_3) AppleWebKit/537.36 (KHTML, like Gecko) Chrome/56.0.2924.87 Safari/537.36"
94.72.101.21 - - [02/Nov/2024:19:43:10 +0000] "GET /security/vault/v2/README.md HTTP/1.1" 404 564 "-" "Mozilla/5.0 (Macintosh; Intel Mac OS X 10_12_3) AppleWebKit/537.36 (KHTML, like Gecko) Chrome/56.0.2924.87 Safari/537.36"
94.72.101.21 - - [02/Nov/2024:19:43:10 +0000] "GET /integrations/slack/v2/.env HTTP/1.1" 404 564 "-" "Mozilla/5.0 (Macintosh; Intel Mac OS X 10_12_3) AppleWebKit/537.36 (KHTML, like Gecko) Chrome/56.0.2924.87 Safari/537.36"
94.72.101.21 - - [02/Nov/2024:19:43:10 +0000] "GET /documentation/architecture/v1/service.yaml HTTP/1.1" 404 564 "-" "Mozilla/5.0 (Macintosh; Intel Mac OS X 10_12_3) AppleWebKit/537.36 (KHTML, like Gecko) Chrome/56.0.2924.87 Safari/537.36"
94.72.101.21 - - [02/Nov/2024:19:43:11 +0000] "GET /integrations/stripe/src/variables.tf HTTP/1.1" 404 564 "-" "Mozilla/5.0 (Macintosh; Intel Mac OS X 10_12_3) AppleWebKit/537.36 (KHTML, like Gecko) Chrome/56.0.2924.87 Safari/537.36"
94.72.101.21 - - [02/Nov/2024:19:43:11 +0000] "GET /frontend/svelte-app/prod/README.md HTTP/1.1" 404 564 "-" "Mozilla/5.0 (Macintosh; Intel Mac OS X 10_12_3) AppleWebKit/537.36 (KHTML, like Gecko) Chrome/56.0.2924.87 Safari/537.36"
94.72.101.21 - - [02/Nov/2024:19:43:11 +0000] "GET /config/env/src/Dockerfile HTTP/1.1" 404 564 "-" "Mozilla/5.0 (Macintosh; Intel Mac OS X 10_12_3) AppleWebKit/537.36 (KHTML, like Gecko) Chrome/56.0.2924.87 Safari/537.36"
94.72.101.21 - - [02/Nov/2024:19:43:11 +0000] "GET /ci-cd/gitlab/dev/main.js HTTP/1.1" 404 564 "-" "Mozilla/5.0 (Macintosh; Intel Mac OS X 10_12_3) AppleWebKit/537.36 (KHTML, like Gecko) Chrome/56.0.2924.87 Safari/537.36"
94.72.101.21 - - [02/Nov/2024:19:43:11 +0000] "GET /docs/readme/v2/schema.sql HTTP/1.1" 404 564 "-" "Mozilla/5.0 (Macintosh; Intel Mac OS X 10_12_3) AppleWebKit/537.36 (KHTML, like Gecko) Chrome/56.0.2924.87 Safari/537.36"
94.72.101.21 - - [02/Nov/2024:19:43:11 +0000] "GET /integrations/slack/dev/service.yaml HTTP/1.1" 404 564 "-" "Mozilla/5.0 (Macintosh; Intel Mac OS X 10_12_3) AppleWebKit/537.36 (KHTML, like Gecko) Chrome/56.0.2924.87 Safari/537.36"
94.72.101.21 - - [02/Nov/2024:19:43:12 +0000] "GET /backend/express/v1/main.js HTTP/1.1" 404 564 "-" "Mozilla/5.0 (Macintosh; Intel Mac OS X 10_12_3) AppleWebKit/537.36 (KHTML, like Gecko) Chrome/56.0.2924.87 Safari/537.36"
94.72.101.21 - - [02/Nov/2024:19:43:12 +0000] "GET /config/aws/src/.env HTTP/1.1" 404 564 "-" "Mozilla/5.0 (Macintosh; Intel Mac OS X 10_12_3) AppleWebKit/537.36 (KHTML, like Gecko) Chrome/56.0.2924.87 Safari/537.36"
94.72.101.21 - - [02/Nov/2024:19:43:12 +0000] "GET /backend/fastapi/v1/variables.tf HTTP/1.1" 404 564 "-" "Mozilla/5.0 (Macintosh; Intel Mac OS X 10_12_3) AppleWebKit/537.36 (KHTML, like Gecko) Chrome/56.0.2924.87 Safari/537.36"
94.72.101.21 - - [02/Nov/2024:19:43:12 +0000] "GET /config/database/src/schema.sql HTTP/1.1" 404 564 "-" "Mozilla/5.0 (Macintosh; Intel Mac OS X 10_12_3) AppleWebKit/537.36 (KHTML, like Gecko) Chrome/56.0.2924.87 Safari/537.36"
94.72.101.21 - - [02/Nov/2024:19:43:12 +0000] "GET /microservices/inventory/v2/secrets.env HTTP/1.1" 404 564 "-" "Mozilla/5.0 (Macintosh; Intel Mac OS X 10_12_3) AppleWebKit/537.36 (KHTML, like Gecko) Chrome/56.0.2924.87 Safari/537.36"
94.72.101.21 - - [02/Nov/2024:19:43:13 +0000] "GET /frontend/react-app/v1/requirements.txt HTTP/1.1" 404 564 "-" "Mozilla/5.0 (Macintosh; Intel Mac OS X 10_12_3) AppleWebKit/537.36 (KHTML, like Gecko) Chrome/56.0.2924.87 Safari/537.36"
94.72.101.21 - - [02/Nov/2024:19:43:14 +0000] "GET /docs/api_v2/dist/.env HTTP/1.1" 404 564 "-" "Mozilla/5.0 (Macintosh; Intel Mac OS X 10_12_3) AppleWebKit/537.36 (KHTML, like Gecko) Chrome/56.0.2924.87 Safari/537.36"
94.72.101.21 - - [02/Nov/2024:19:43:14 +0000] "GET /config/azure/dist/README.md HTTP/1.1" 404 564 "-" "Mozilla/5.0 (Macintosh; Intel Mac OS X 10_12_3) AppleWebKit/537.36 (KHTML, like Gecko) Chrome/56.0.2924.87 Safari/537.36"
94.72.101.21 - - [02/Nov/2024:19:43:14 +0000] "GET /data_sources/prod/requirements.txt HTTP/1.1" 404 564 "-" "Mozilla/5.0 (Macintosh; Intel Mac OS X 10_12_3) AppleWebKit/537.36 (KHTML, like Gecko) Chrome/56.0.2924.87 Safari/537.36"
94.72.101.21 - - [02/Nov/2024:19:43:15 +0000] "GET /k8s/dev/app.py HTTP/1.1" 404 564 "-" "Mozilla/5.0 (Macintosh; Intel Mac OS X 10_12_3) AppleWebKit/537.36 (KHTML, like Gecko) Chrome/56.0.2924.87 Safari/537.36"
94.72.101.21 - - [02/Nov/2024:19:43:15 +0000] "GET /config/database/v1/index.js HTTP/1.1" 404 564 "-" "Mozilla/5.0 (Macintosh; Intel Mac OS X 10_12_3) AppleWebKit/537.36 (KHTML, like Gecko) Chrome/56.0.2924.87 Safari/537.36"
94.72.101.21 - - [02/Nov/2024:19:43:15 +0000] "GET /backend/koa/v1/secrets.env HTTP/1.1" 404 564 "-" "Mozilla/5.0 (Macintosh; Intel Mac OS X 10_12_3) AppleWebKit/537.36 (KHTML, like Gecko) Chrome/56.0.2924.87 Safari/537.36"
94.72.101.21 - - [02/Nov/2024:19:43:15 +0000] "GET /frontend/svelte-app/dev/secrets.env HTTP/1.1" 404 564 "-" "Mozilla/5.0 (Macintosh; Intel Mac OS X 10_12_3) AppleWebKit/537.36 (KHTML, like Gecko) Chrome/56.0.2924.87 Safari/537.36"
94.72.101.21 - - [02/Nov/2024:19:43:15 +0000] "GET /backend/koa/prod/.env HTTP/1.1" 404 564 "-" "Mozilla/5.0 (Macintosh; Intel Mac OS X 10_12_3) AppleWebKit/537.36 (KHTML, like Gecko) Chrome/56.0.2924.87 Safari/537.36"
94.72.101.21 - - [02/Nov/2024:19:43:16 +0000] "GET /docs/api_v2/prod/setup.py HTTP/1.1" 404 564 "-" "Mozilla/5.0 (Macintosh; Intel Mac OS X 10_12_3) AppleWebKit/537.36 (KHTML, like Gecko) Chrome/56.0.2924.87 Safari/537.36"
94.72.101.21 - - [02/Nov/2024:19:43:16 +0000] "GET /frontend/vue-app/v2/config.json HTTP/1.1" 404 564 "-" "Mozilla/5.0 (Macintosh; Intel Mac OS X 10_12_3) AppleWebKit/537.36 (KHTML, like Gecko) Chrome/56.0.2924.87 Safari/537.36"
94.72.101.21 - - [02/Nov/2024:19:43:16 +0000] "GET /terraform/environments/prod/dev/variables.tf HTTP/1.1" 404 564 "-" "Mozilla/5.0 (Macintosh; Intel Mac OS X 10_12_3) AppleWebKit/537.36 (KHTML, like Gecko) Chrome/56.0.2924.87 Safari/537.36"
94.72.101.21 - - [02/Nov/2024:19:43:16 +0000] "GET /frontend/nextjs/dist/variables.tf HTTP/1.1" 404 564 "-" "Mozilla/5.0 (Macintosh; Intel Mac OS X 10_12_3) AppleWebKit/537.36 (KHTML, like Gecko) Chrome/56.0.2924.87 Safari/537.36"
94.72.101.21 - - [02/Nov/2024:19:43:16 +0000] "GET /k8s/dev/variables.tf HTTP/1.1" 404 564 "-" "Mozilla/5.0 (Macintosh; Intel Mac OS X 10_12_3) AppleWebKit/537.36 (KHTML, like Gecko) Chrome/56.0.2924.87 Safari/537.36"
94.72.101.21 - - [02/Nov/2024:19:43:16 +0000] "GET /security/vault/dev/policy.json HTTP/1.1" 404 564 "-" "Mozilla/5.0 (Macintosh; Intel Mac OS X 10_12_3) AppleWebKit/537.36 (KHTML, like Gecko) Chrome/56.0.2924.87 Safari/537.36"
94.72.101.21 - - [02/Nov/2024:19:43:17 +0000] "GET /docs/api_v2/dev/README.md HTTP/1.1" 404 564 "-" "Mozilla/5.0 (Macintosh; Intel Mac OS X 10_12_3) AppleWebKit/537.36 (KHTML, like Gecko) Chrome/56.0.2924.87 Safari/537.36"
94.72.101.21 - - [02/Nov/2024:19:43:17 +0000] "GET /terraform/environments/prod/dev/schema.sql HTTP/1.1" 404 564 "-" "Mozilla/5.0 (Macintosh; Intel Mac OS X 10_12_3) AppleWebKit/537.36 (KHTML, like Gecko) Chrome/56.0.2924.87 Safari/537.36"
94.72.101.21 - - [02/Nov/2024:19:43:17 +0000] "GET /data_sources/dist/config.json HTTP/1.1" 404 564 "-" "Mozilla/5.0 (Macintosh; Intel Mac OS X 10_12_3) AppleWebKit/537.36 (KHTML, like Gecko) Chrome/56.0.2924.87 Safari/537.36"
94.72.101.21 - - [02/Nov/2024:19:43:17 +0000] "GET /frontend/vue-app/v1/requirements.txt HTTP/1.1" 404 564 "-" "Mozilla/5.0 (Macintosh; Intel Mac OS X 10_12_3) AppleWebKit/537.36 (KHTML, like Gecko) Chrome/56.0.2924.87 Safari/537.36"
94.72.101.21 - - [02/Nov/2024:19:43:17 +0000] "GET /integrations/twilio/prod/app.py HTTP/1.1" 404 564 "-" "Mozilla/5.0 (Macintosh; Intel Mac OS X 10_12_3) AppleWebKit/537.36 (KHTML, like Gecko) Chrome/56.0.2924.87 Safari/537.36"
94.72.101.21 - - [02/Nov/2024:19:43:17 +0000] "GET /integrations/slack/v2/setup.py HTTP/1.1" 404 564 "-" "Mozilla/5.0 (Macintosh; Intel Mac OS X 10_12_3) AppleWebKit/537.36 (KHTML, like Gecko) Chrome/56.0.2924.87 Safari/537.36"
94.72.101.21 - - [02/Nov/2024:19:43:18 +0000] "GET /config/aws/v2/secrets.env HTTP/1.1" 404 564 "-" "Mozilla/5.0 (Macintosh; Intel Mac OS X 10_12_3) AppleWebKit/537.36 (KHTML, like Gecko) Chrome/56.0.2924.87 Safari/537.36"
94.72.101.21 - - [02/Nov/2024:19:43:18 +0000] "GET /backend/nestjs/dev/config.json HTTP/1.1" 404 564 "-" "Mozilla/5.0 (Macintosh; Intel Mac OS X 10_12_3) AppleWebKit/537.36 (KHTML, like Gecko) Chrome/56.0.2924.87 Safari/537.36"
94.72.101.21 - - [02/Nov/2024:19:43:18 +0000] "GET /frontend/nextjs/v1/config.json HTTP/1.1" 404 564 "-" "Mozilla/5.0 (Macintosh; Intel Mac OS X 10_12_3) AppleWebKit/537.36 (KHTML, like Gecko) Chrome/56.0.2924.87 Safari/537.36"
94.72.101.21 - - [02/Nov/2024:19:43:18 +0000] "GET /ci-cd/github/src/policy.json HTTP/1.1" 404 564 "-" "Mozilla/5.0 (Macintosh; Intel Mac OS X 10_12_3) AppleWebKit/537.36 (KHTML, like Gecko) Chrome/56.0.2924.87 Safari/537.36"
94.72.101.21 - - [02/Nov/2024:19:43:18 +0000] "GET /microservices/user-service/dev/deployment.yaml HTTP/1.1" 404 564 "-" "Mozilla/5.0 (Macintosh; Intel Mac OS X 10_12_3) AppleWebKit/537.36 (KHTML, like Gecko) Chrome/56.0.2924.87 Safari/537.36"
94.72.101.21 - - [02/Nov/2024:19:43:19 +0000] "GET /frontend/react-app/v2/requirements.txt HTTP/1.1" 404 564 "-" "Mozilla/5.0 (Macintosh; Intel Mac OS X 10_12_3) AppleWebKit/537.36 (KHTML, like Gecko) Chrome/56.0.2924.87 Safari/537.36"
94.72.101.21 - - [02/Nov/2024:19:43:19 +0000] "GET /docs/api_v2/dev/deployment.yaml HTTP/1.1" 404 564 "-" "Mozilla/5.0 (Macintosh; Intel Mac OS X 10_12_3) AppleWebKit/537.36 (KHTML, like Gecko) Chrome/56.0.2924.87 Safari/537.36"
94.72.101.21 - - [02/Nov/2024:19:43:19 +0000] "GET /backend/koa/src/secrets.env HTTP/1.1" 404 564 "-" "Mozilla/5.0 (Macintosh; Intel Mac OS X 10_12_3) AppleWebKit/537.36 (KHTML, like Gecko) Chrome/56.0.2924.87 Safari/537.36"
94.72.101.21 - - [02/Nov/2024:19:43:19 +0000] "GET /backend/fastapi/prod/deployment.yaml HTTP/1.1" 404 564 "-" "Mozilla/5.0 (Macintosh; Intel Mac OS X 10_12_3) AppleWebKit/537.36 (KHTML, like Gecko) Chrome/56.0.2924.87 Safari/537.36"
94.72.101.21 - - [02/Nov/2024:19:43:19 +0000] "GET /docs/api_v2/dist/requirements.txt HTTP/1.1" 404 564 "-" "Mozilla/5.0 (Macintosh; Intel Mac OS X 10_12_3) AppleWebKit/537.36 (KHTML, like Gecko) Chrome/56.0.2924.87 Safari/537.36"
94.72.101.21 - - [02/Nov/2024:19:43:19 +0000] "GET /pipelines/dataflow/v2/policy.json HTTP/1.1" 404 564 "-" "Mozilla/5.0 (Macintosh; Intel Mac OS X 10_12_3) AppleWebKit/537.36 (KHTML, like Gecko) Chrome/56.0.2924.87 Safari/537.36"
94.72.101.21 - - [02/Nov/2024:19:43:20 +0000] "GET /docs/api_v2/prod/.env HTTP/1.1" 404 564 "-" "Mozilla/5.0 (Macintosh; Intel Mac OS X 10_12_3) AppleWebKit/537.36 (KHTML, like Gecko) Chrome/56.0.2924.87 Safari/537.36"
94.72.101.21 - - [02/Nov/2024:19:43:20 +0000] "GET /secrets/v2/swagger.json HTTP/1.1" 404 564 "-" "Mozilla/5.0 (Macintosh; Intel Mac OS X 10_12_3) AppleWebKit/537.36 (KHTML, like Gecko) Chrome/56.0.2924.87 Safari/537.36"
94.72.101.21 - - [02/Nov/2024:19:43:20 +0000] "GET /security/vault/v2/setup.py HTTP/1.1" 404 564 "-" "Mozilla/5.0 (Macintosh; Intel Mac OS X 10_12_3) AppleWebKit/537.36 (KHTML, like Gecko) Chrome/56.0.2924.87 Safari/537.36"
94.72.101.21 - - [02/Nov/2024:19:43:20 +0000] "GET /compliance/reports/dev/deployment.yaml HTTP/1.1" 404 564 "-" "Mozilla/5.0 (Macintosh; Intel Mac OS X 10_12_3) AppleWebKit/537.36 (KHTML, like Gecko) Chrome/56.0.2924.87 Safari/537.36"
94.72.101.21 - - [02/Nov/2024:19:43:20 +0000] "GET /security/vault/src/variables.tf HTTP/1.1" 404 564 "-" "Mozilla/5.0 (Macintosh; Intel Mac OS X 10_12_3) AppleWebKit/537.36 (KHTML, like Gecko) Chrome/56.0.2924.87 Safari/537.36"
94.72.101.21 - - [02/Nov/2024:19:43:20 +0000] "GET /ml/models/v2/swagger.json HTTP/1.1" 404 564 "-" "Mozilla/5.0 (Macintosh; Intel Mac OS X 10_12_3) AppleWebKit/537.36 (KHTML, like Gecko) Chrome/56.0.2924.87 Safari/537.36"
94.72.101.21 - - [02/Nov/2024:19:43:21 +0000] "GET /backend/koa/prod/index.js HTTP/1.1" 404 564 "-" "Mozilla/5.0 (Macintosh; Intel Mac OS X 10_12_3) AppleWebKit/537.36 (KHTML, like Gecko) Chrome/56.0.2924.87 Safari/537.36"
94.72.101.21 - - [02/Nov/2024:19:43:21 +0000] "GET /data/etl_jobs/src/swagger.json HTTP/1.1" 404 564 "-" "Mozilla/5.0 (Macintosh; Intel Mac OS X 10_12_3) AppleWebKit/537.36 (KHTML, like Gecko) Chrome/56.0.2924.87 Safari/537.36"
94.72.101.21 - - [02/Nov/2024:19:43:21 +0000] "GET /compliance/reports/dev/config.json HTTP/1.1" 404 564 "-" "Mozilla/5.0 (Macintosh; Intel Mac OS X 10_12_3) AppleWebKit/537.36 (KHTML, like Gecko) Chrome/56.0.2924.87 Safari/537.36"
94.72.101.21 - - [02/Nov/2024:19:43:21 +0000] "GET /backend/fastapi/v1/config.json HTTP/1.1" 404 564 "-" "Mozilla/5.0 (Macintosh; Intel Mac OS X 10_12_3) AppleWebKit/537.36 (KHTML, like Gecko) Chrome/56.0.2924.87 Safari/537.36"
94.72.101.21 - - [02/Nov/2024:19:43:21 +0000] "GET /integrations/stripe/dist/config.json HTTP/1.1" 404 564 "-" "Mozilla/5.0 (Macintosh; Intel Mac OS X 10_12_3) AppleWebKit/537.36 (KHTML, like Gecko) Chrome/56.0.2924.87 Safari/537.36"
94.72.101.21 - - [02/Nov/2024:19:43:22 +0000] "GET /integrations/slack/prod/README.md HTTP/1.1" 404 564 "-" "Mozilla/5.0 (Macintosh; Intel Mac OS X 10_12_3) AppleWebKit/537.36 (KHTML, like Gecko) Chrome/56.0.2924.87 Safari/537.36"
94.72.101.21 - - [02/Nov/2024:19:43:22 +0000] "GET /backend/nestjs/v2/setup.py HTTP/1.1" 404 564 "-" "Mozilla/5.0 (Macintosh; Intel Mac OS X 10_12_3) AppleWebKit/537.36 (KHTML, like Gecko) Chrome/56.0.2924.87 Safari/537.36"
94.72.101.21 - - [02/Nov/2024:19:43:22 +0000] "GET /frontend/vue-app/dev/variables.tf HTTP/1.1" 404 564 "-" "Mozilla/5.0 (Macintosh; Intel Mac OS X 10_12_3) AppleWebKit/537.36 (KHTML, like Gecko) Chrome/56.0.2924.87 Safari/537.36"
94.72.101.21 - - [02/Nov/2024:19:43:22 +0000] "GET /pipelines/dataflow/v1/deployment.yaml HTTP/1.1" 404 564 "-" "Mozilla/5.0 (Macintosh; Intel Mac OS X 10_12_3) AppleWebKit/537.36 (KHTML, like Gecko) Chrome/56.0.2924.87 Safari/537.36"
94.72.101.21 - - [02/Nov/2024:19:43:22 +0000] "GET /docs/api_v2/prod/index.js HTTP/1.1" 404 564 "-" "Mozilla/5.0 (Macintosh; Intel Mac OS X 10_12_3) AppleWebKit/537.36 (KHTML, like Gecko) Chrome/56.0.2924.87 Safari/537.36"
94.72.101.21 - - [02/Nov/2024:19:43:22 +0000] "GET /integrations/slack/v1/Dockerfile HTTP/1.1" 404 564 "-" "Mozilla/5.0 (Macintosh; Intel Mac OS X 10_12_3) AppleWebKit/537.36 (KHTML, like Gecko) Chrome/56.0.2924.87 Safari/537.36"
94.72.101.21 - - [02/Nov/2024:19:43:23 +0000] "GET /microservices/user-service/v1/swagger.json HTTP/1.1" 404 564 "-" "Mozilla/5.0 (Macintosh; Intel Mac OS X 10_12_3) AppleWebKit/537.36 (KHTML, like Gecko) Chrome/56.0.2924.87 Safari/537.36"
94.72.101.21 - - [02/Nov/2024:19:43:23 +0000] "GET /docs/readme/v1/deployment.yaml HTTP/1.1" 404 564 "-" "Mozilla/5.0 (Macintosh; Intel Mac OS X 10_12_3) AppleWebKit/537.36 (KHTML, like Gecko) Chrome/56.0.2924.87 Safari/537.36"
94.72.101.21 - - [02/Nov/2024:19:43:23 +0000] "GET /ci-cd/github/dist/index.js HTTP/1.1" 404 564 "-" "Mozilla/5.0 (Macintosh; Intel Mac OS X 10_12_3) AppleWebKit/537.36 (KHTML, like Gecko) Chrome/56.0.2924.87 Safari/537.36"
94.72.101.21 - - [02/Nov/2024:19:43:23 +0000] "GET /config/env/prod/secrets.env HTTP/1.1" 404 564 "-" "Mozilla/5.0 (Macintosh; Intel Mac OS X 10_12_3) AppleWebKit/537.36 (KHTML, like Gecko) Chrome/56.0.2924.87 Safari/537.36"
94.72.101.21 - - [02/Nov/2024:19:43:23 +0000] "GET /security/vault/dist/main.js HTTP/1.1" 404 564 "-" "Mozilla/5.0 (Macintosh; Intel Mac OS X 10_12_3) AppleWebKit/537.36 (KHTML, like Gecko) Chrome/56.0.2924.87 Safari/537.36"
94.72.101.21 - - [02/Nov/2024:19:43:23 +0000] "GET /ml/models/dist/index.js HTTP/1.1" 404 564 "-" "Mozilla/5.0 (Macintosh; Intel Mac OS X 10_12_3) AppleWebKit/537.36 (KHTML, like Gecko) Chrome/56.0.2924.87 Safari/537.36"
94.72.101.21 - - [02/Nov/2024:19:43:24 +0000] "GET /backend/nestjs/prod/main.js HTTP/1.1" 404 564 "-" "Mozilla/5.0 (Macintosh; Intel Mac OS X 10_12_3) AppleWebKit/537.36 (KHTML, like Gecko) Chrome/56.0.2924.87 Safari/537.36"
94.72.101.21 - - [02/Nov/2024:19:43:24 +0000] "GET /microservices/payment-service/dev/config.json HTTP/1.1" 404 564 "-" "Mozilla/5.0 (Macintosh; Intel Mac OS X 10_12_3) AppleWebKit/537.36 (KHTML, like Gecko) Chrome/56.0.2924.87 Safari/537.36"
94.72.101.21 - - [02/Nov/2024:19:43:24 +0000] "GET /integrations/twilio/prod/.env HTTP/1.1" 404 564 "-" "Mozilla/5.0 (Macintosh; Intel Mac OS X 10_12_3) AppleWebKit/537.36 (KHTML, like Gecko) Chrome/56.0.2924.87 Safari/537.36"
94.72.101.21 - - [02/Nov/2024:19:43:24 +0000] "GET /microservices/inventory/prod/setup.py HTTP/1.1" 404 564 "-" "Mozilla/5.0 (Macintosh; Intel Mac OS X 10_12_3) AppleWebKit/537.36 (KHTML, like Gecko) Chrome/56.0.2924.87 Safari/537.36"
94.72.101.21 - - [02/Nov/2024:19:43:24 +0000] "GET /microservices/user-service/v2/deployment.yaml HTTP/1.1" 404 564 "-" "Mozilla/5.0 (Macintosh; Intel Mac OS X 10_12_3) AppleWebKit/537.36 (KHTML, like Gecko) Chrome/56.0.2924.87 Safari/537.36"
94.72.101.21 - - [02/Nov/2024:19:43:25 +0000] "GET /backend/express/v1/app.py HTTP/1.1" 404 564 "-" "Mozilla/5.0 (Macintosh; Intel Mac OS X 10_12_3) AppleWebKit/537.36 (KHTML, like Gecko) Chrome/56.0.2924.87 Safari/537.36"
94.72.101.21 - - [02/Nov/2024:19:43:25 +0000] "GET /security/vault/v1/secrets.env HTTP/1.1" 404 564 "-" "Mozilla/5.0 (Macintosh; Intel Mac OS X 10_12_3) AppleWebKit/537.36 (KHTML, like Gecko) Chrome/56.0.2924.87 Safari/537.36"
94.72.101.21 - - [02/Nov/2024:19:43:25 +0000] "GET /frontend/nextjs/v2/variables.tf HTTP/1.1" 404 564 "-" "Mozilla/5.0 (Macintosh; Intel Mac OS X 10_12_3) AppleWebKit/537.36 (KHTML, like Gecko) Chrome/56.0.2924.87 Safari/537.36"
94.72.101.21 - - [02/Nov/2024:19:43:26 +0000] "GET /terraform/environments/prod/dist/main.js HTTP/1.1" 404 564 "-" "Mozilla/5.0 (Macintosh; Intel Mac OS X 10_12_3) AppleWebKit/537.36 (KHTML, like Gecko) Chrome/56.0.2924.87 Safari/537.36"
94.72.101.21 - - [02/Nov/2024:19:43:26 +0000] "GET /frontend/vue-app/dist/policy.json HTTP/1.1" 404 564 "-" "Mozilla/5.0 (Macintosh; Intel Mac OS X 10_12_3) AppleWebKit/537.36 (KHTML, like Gecko) Chrome/56.0.2924.87 Safari/537.36"
94.72.101.21 - - [02/Nov/2024:19:43:26 +0000] "GET /config/azure/v2/setup.py HTTP/1.1" 404 564 "-" "Mozilla/5.0 (Macintosh; Intel Mac OS X 10_12_3) AppleWebKit/537.36 (KHTML, like Gecko) Chrome/56.0.2924.87 Safari/537.36"
94.72.101.21 - - [02/Nov/2024:19:43:26 +0000] "GET /microservices/payment-service/dist/index.js HTTP/1.1" 404 564 "-" "Mozilla/5.0 (Macintosh; Intel Mac OS X 10_12_3) AppleWebKit/537.36 (KHTML, like Gecko) Chrome/56.0.2924.87 Safari/537.36"
94.72.101.21 - - [02/Nov/2024:19:43:27 +0000] "GET /docs/api_v2/dev/secrets.env HTTP/1.1" 404 564 "-" "Mozilla/5.0 (Macintosh; Intel Mac OS X 10_12_3) AppleWebKit/537.36 (KHTML, like Gecko) Chrome/56.0.2924.87 Safari/537.36"
94.72.101.21 - - [02/Nov/2024:19:43:27 +0000] "GET /secrets/v2/README.md HTTP/1.1" 404 564 "-" "Mozilla/5.0 (Macintosh; Intel Mac OS X 10_12_3) AppleWebKit/537.36 (KHTML, like Gecko) Chrome/56.0.2924.87 Safari/537.36"
94.72.101.21 - - [02/Nov/2024:19:43:27 +0000] "GET /frontend/react-app/v2/secrets.env HTTP/1.1" 404 564 "-" "Mozilla/5.0 (Macintosh; Intel Mac OS X 10_12_3) AppleWebKit/537.36 (KHTML, like Gecko) Chrome/56.0.2924.87 Safari/537.36"
94.72.101.21 - - [02/Nov/2024:19:43:27 +0000] "GET /frontend/svelte-app/prod/Dockerfile HTTP/1.1" 404 564 "-" "Mozilla/5.0 (Macintosh; Intel Mac OS X 10_12_3) AppleWebKit/537.36 (KHTML, like Gecko) Chrome/56.0.2924.87 Safari/537.36"
94.72.101.21 - - [02/Nov/2024:19:43:27 +0000] "GET /integrations/stripe/dev/setup.py HTTP/1.1" 404 564 "-" "Mozilla/5.0 (Macintosh; Intel Mac OS X 10_12_3) AppleWebKit/537.36 (KHTML, like Gecko) Chrome/56.0.2924.87 Safari/537.36"
94.72.101.21 - - [02/Nov/2024:19:43:27 +0000] "GET /backend/express/v1/schema.sql HTTP/1.1" 404 564 "-" "Mozilla/5.0 (Macintosh; Intel Mac OS X 10_12_3) AppleWebKit/537.36 (KHTML, like Gecko) Chrome/56.0.2924.87 Safari/537.36"
94.72.101.21 - - [02/Nov/2024:19:43:28 +0000] "GET /microservices/payment-service/prod/swagger.json HTTP/1.1" 404 564 "-" "Mozilla/5.0 (Macintosh; Intel Mac OS X 10_12_3) AppleWebKit/537.36 (KHTML, like Gecko) Chrome/56.0.2924.87 Safari/537.36"
94.72.101.21 - - [02/Nov/2024:19:43:28 +0000] "GET /backend/nestjs/v2/README.md HTTP/1.1" 404 564 "-" "Mozilla/5.0 (Macintosh; Intel Mac OS X 10_12_3) AppleWebKit/537.36 (KHTML, like Gecko) Chrome/56.0.2924.87 Safari/537.36"
94.72.101.21 - - [02/Nov/2024:19:43:28 +0000] "GET /audit/logs/v1/policy.json HTTP/1.1" 404 564 "-" "Mozilla/5.0 (Macintosh; Intel Mac OS X 10_12_3) AppleWebKit/537.36 (KHTML, like Gecko) Chrome/56.0.2924.87 Safari/537.36"
94.72.101.21 - - [02/Nov/2024:19:43:29 +0000] "GET /k8s/dist/policy.json HTTP/1.1" 404 564 "-" "Mozilla/5.0 (Macintosh; Intel Mac OS X 10_12_3) AppleWebKit/537.36 (KHTML, like Gecko) Chrome/56.0.2924.87 Safari/537.36"
94.72.101.21 - - [02/Nov/2024:19:43:29 +0000] "GET /ci-cd/gitlab/v1/main.js HTTP/1.1" 404 564 "-" "Mozilla/5.0 (Macintosh; Intel Mac OS X 10_12_3) AppleWebKit/537.36 (KHTML, like Gecko) Chrome/56.0.2924.87 Safari/537.36"
94.72.101.21 - - [02/Nov/2024:19:43:30 +0000] "GET /data/etl_jobs/prod/index.js HTTP/1.1" 404 564 "-" "Mozilla/5.0 (Macintosh; Intel Mac OS X 10_12_3) AppleWebKit/537.36 (KHTML, like Gecko) Chrome/56.0.2924.87 Safari/537.36"
94.72.101.21 - - [02/Nov/2024:19:43:30 +0000] "GET /secrets/dev/swagger.json HTTP/1.1" 404 564 "-" "Mozilla/5.0 (Macintosh; Intel Mac OS X 10_12_3) AppleWebKit/537.36 (KHTML, like Gecko) Chrome/56.0.2924.87 Safari/537.36"
94.72.101.21 - - [02/Nov/2024:19:43:30 +0000] "GET /frontend/vue-app/prod/index.js HTTP/1.1" 404 564 "-" "Mozilla/5.0 (Macintosh; Intel Mac OS X 10_12_3) AppleWebKit/537.36 (KHTML, like Gecko) Chrome/56.0.2924.87 Safari/537.36"
94.72.101.21 - - [02/Nov/2024:19:43:31 +0000] "GET /frontend/nextjs/prod/swagger.json HTTP/1.1" 404 564 "-" "Mozilla/5.0 (Macintosh; Intel Mac OS X 10_12_3) AppleWebKit/537.36 (KHTML, like Gecko) Chrome/56.0.2924.87 Safari/537.36"
94.72.101.21 - - [02/Nov/2024:19:43:31 +0000] "GET /security/vault/dev/requirements.txt HTTP/1.1" 404 564 "-" "Mozilla/5.0 (Macintosh; Intel Mac OS X 10_12_3) AppleWebKit/537.36 (KHTML, like Gecko) Chrome/56.0.2924.87 Safari/537.36"
94.72.101.21 - - [02/Nov/2024:19:43:31 +0000] "GET /frontend/react-app/src/index.js HTTP/1.1" 404 564 "-" "Mozilla/5.0 (Macintosh; Intel Mac OS X 10_12_3) AppleWebKit/537.36 (KHTML, like Gecko) Chrome/56.0.2924.87 Safari/537.36"
94.72.101.21 - - [02/Nov/2024:19:43:32 +0000] "GET /k8s/src/setup.py HTTP/1.1" 404 564 "-" "Mozilla/5.0 (Macintosh; Intel Mac OS X 10_12_3) AppleWebKit/537.36 (KHTML, like Gecko) Chrome/56.0.2924.87 Safari/537.36"
94.72.101.21 - - [02/Nov/2024:19:43:32 +0000] "GET /microservices/payment-service/v2/service.yaml HTTP/1.1" 404 564 "-" "Mozilla/5.0 (Macintosh; Intel Mac OS X 10_12_3) AppleWebKit/537.36 (KHTML, like Gecko) Chrome/56.0.2924.87 Safari/537.36"
94.72.101.21 - - [02/Nov/2024:19:43:32 +0000] "GET /integrations/stripe/prod/config.json HTTP/1.1" 404 564 "-" "Mozilla/5.0 (Macintosh; Intel Mac OS X 10_12_3) AppleWebKit/537.36 (KHTML, like Gecko) Chrome/56.0.2924.87 Safari/537.36"
94.72.101.21 - - [02/Nov/2024:19:43:32 +0000] "GET /ci-cd/github/src/Dockerfile HTTP/1.1" 404 564 "-" "Mozilla/5.0 (Macintosh; Intel Mac OS X 10_12_3) AppleWebKit/537.36 (KHTML, like Gecko) Chrome/56.0.2924.87 Safari/537.36"
94.72.101.21 - - [02/Nov/2024:19:43:32 +0000] "GET /integrations/slack/v2/policy.json HTTP/1.1" 404 564 "-" "Mozilla/5.0 (Macintosh; Intel Mac OS X 10_12_3) AppleWebKit/537.36 (KHTML, like Gecko) Chrome/56.0.2924.87 Safari/537.36"
94.72.101.21 - - [02/Nov/2024:19:43:32 +0000] "GET /frontend/nextjs/prod/app.py HTTP/1.1" 404 564 "-" "Mozilla/5.0 (Macintosh; Intel Mac OS X 10_12_3) AppleWebKit/537.36 (KHTML, like Gecko) Chrome/56.0.2924.87 Safari/537.36"
94.72.101.21 - - [02/Nov/2024:19:43:33 +0000] "GET /ci-cd/gitlab/prod/.env HTTP/1.1" 404 564 "-" "Mozilla/5.0 (Macintosh; Intel Mac OS X 10_12_3) AppleWebKit/537.36 (KHTML, like Gecko) Chrome/56.0.2924.87 Safari/537.36"
94.72.101.21 - - [02/Nov/2024:19:43:33 +0000] "GET /config/database/v2/app.py HTTP/1.1" 404 564 "-" "Mozilla/5.0 (Macintosh; Intel Mac OS X 10_12_3) AppleWebKit/537.36 (KHTML, like Gecko) Chrome/56.0.2924.87 Safari/537.36"
94.72.101.21 - - [02/Nov/2024:19:43:33 +0000] "GET /microservices/inventory/src/service.yaml HTTP/1.1" 404 564 "-" "Mozilla/5.0 (Macintosh; Intel Mac OS X 10_12_3) AppleWebKit/537.36 (KHTML, like Gecko) Chrome/56.0.2924.87 Safari/537.36"
94.72.101.21 - - [02/Nov/2024:19:43:33 +0000] "GET /docs/readme/dist/.env HTTP/1.1" 404 564 "-" "Mozilla/5.0 (Macintosh; Intel Mac OS X 10_12_3) AppleWebKit/537.36 (KHTML, like Gecko) Chrome/56.0.2924.87 Safari/537.36"
94.72.101.21 - - [02/Nov/2024:19:43:33 +0000] "GET /frontend/vue-app/v2/swagger.json HTTP/1.1" 404 564 "-" "Mozilla/5.0 (Macintosh; Intel Mac OS X 10_12_3) AppleWebKit/537.36 (KHTML, like Gecko) Chrome/56.0.2924.87 Safari/537.36"
94.72.101.21 - - [02/Nov/2024:19:43:34 +0000] "GET /frontend/vue-app/v2/setup.py HTTP/1.1" 404 564 "-" "Mozilla/5.0 (Macintosh; Intel Mac OS X 10_12_3) AppleWebKit/537.36 (KHTML, like Gecko) Chrome/56.0.2924.87 Safari/537.36"
94.72.101.21 - - [02/Nov/2024:19:43:34 +0000] "GET /k8s/v2/service.yaml HTTP/1.1" 404 564 "-" "Mozilla/5.0 (Macintosh; Intel Mac OS X 10_12_3) AppleWebKit/537.36 (KHTML, like Gecko) Chrome/56.0.2924.87 Safari/537.36"
94.72.101.21 - - [02/Nov/2024:19:43:34 +0000] "GET /frontend/react-app/dev/secrets.env HTTP/1.1" 404 564 "-" "Mozilla/5.0 (Macintosh; Intel Mac OS X 10_12_3) AppleWebKit/537.36 (KHTML, like Gecko) Chrome/56.0.2924.87 Safari/537.36"
94.72.101.21 - - [02/Nov/2024:19:43:35 +0000] "GET /integrations/twilio/src/README.md HTTP/1.1" 404 564 "-" "Mozilla/5.0 (Macintosh; Intel Mac OS X 10_12_3) AppleWebKit/537.36 (KHTML, like Gecko) Chrome/56.0.2924.87 Safari/537.36"
94.72.101.21 - - [02/Nov/2024:19:43:35 +0000] "GET /integrations/slack/v1/policy.json HTTP/1.1" 404 564 "-" "Mozilla/5.0 (Macintosh; Intel Mac OS X 10_12_3) AppleWebKit/537.36 (KHTML, like Gecko) Chrome/56.0.2924.87 Safari/537.36"
94.72.101.21 - - [02/Nov/2024:19:43:35 +0000] "GET /microservices/user-service/src/variables.tf HTTP/1.1" 404 564 "-" "Mozilla/5.0 (Macintosh; Intel Mac OS X 10_12_3) AppleWebKit/537.36 (KHTML, like Gecko) Chrome/56.0.2924.87 Safari/537.36"
94.72.101.21 - - [02/Nov/2024:19:43:35 +0000] "GET /config/azure/v1/deployment.yaml HTTP/1.1" 404 564 "-" "Mozilla/5.0 (Macintosh; Intel Mac OS X 10_12_3) AppleWebKit/537.36 (KHTML, like Gecko) Chrome/56.0.2924.87 Safari/537.36"
94.72.101.21 - - [02/Nov/2024:19:43:35 +0000] "GET /config/azure/dist/policy.json HTTP/1.1" 404 564 "-" "Mozilla/5.0 (Macintosh; Intel Mac OS X 10_12_3) AppleWebKit/537.36 (KHTML, like Gecko) Chrome/56.0.2924.87 Safari/537.36"
94.72.101.21 - - [02/Nov/2024:19:43:35 +0000] "GET /audit/logs/dist/main.js HTTP/1.1" 404 564 "-" "Mozilla/5.0 (Macintosh; Intel Mac OS X 10_12_3) AppleWebKit/537.36 (KHTML, like Gecko) Chrome/56.0.2924.87 Safari/537.36"
94.72.101.21 - - [02/Nov/2024:19:43:36 +0000] "GET /docs/api_v2/v2/requirements.txt HTTP/1.1" 404 564 "-" "Mozilla/5.0 (Macintosh; Intel Mac OS X 10_12_3) AppleWebKit/537.36 (KHTML, like Gecko) Chrome/56.0.2924.87 Safari/537.36"
94.72.101.21 - - [02/Nov/2024:19:43:36 +0000] "GET /ml/models/src/README.md HTTP/1.1" 404 564 "-" "Mozilla/5.0 (Macintosh; Intel Mac OS X 10_12_3) AppleWebKit/537.36 (KHTML, like Gecko) Chrome/56.0.2924.87 Safari/537.36"
94.72.101.21 - - [02/Nov/2024:19:43:36 +0000] "GET /data_sources/dist/deployment.yaml HTTP/1.1" 404 564 "-" "Mozilla/5.0 (Macintosh; Intel Mac OS X 10_12_3) AppleWebKit/537.36 (KHTML, like Gecko) Chrome/56.0.2924.87 Safari/537.36"
94.72.101.21 - - [02/Nov/2024:19:43:36 +0000] "GET /ci-cd/gitlab/src/setup.py HTTP/1.1" 404 564 "-" "Mozilla/5.0 (Macintosh; Intel Mac OS X 10_12_3) AppleWebKit/537.36 (KHTML, like Gecko) Chrome/56.0.2924.87 Safari/537.36"
94.72.101.21 - - [02/Nov/2024:19:43:37 +0000] "GET /microservices/payment-service/src/.env HTTP/1.1" 404 564 "-" "Mozilla/5.0 (Macintosh; Intel Mac OS X 10_12_3) AppleWebKit/537.36 (KHTML, like Gecko) Chrome/56.0.2924.87 Safari/537.36"
94.72.101.21 - - [02/Nov/2024:19:43:37 +0000] "GET /docs/api_v2/src/main.js HTTP/1.1" 404 564 "-" "Mozilla/5.0 (Macintosh; Intel Mac OS X 10_12_3) AppleWebKit/537.36 (KHTML, like Gecko) Chrome/56.0.2924.87 Safari/537.36"
94.72.101.21 - - [02/Nov/2024:19:43:37 +0000] "GET /backend/fastapi/v1/setup.py HTTP/1.1" 404 564 "-" "Mozilla/5.0 (Macintosh; Intel Mac OS X 10_12_3) AppleWebKit/537.36 (KHTML, like Gecko) Chrome/56.0.2924.87 Safari/537.36"
94.72.101.21 - - [02/Nov/2024:19:43:37 +0000] "GET /frontend/react-app/dev/service.yaml HTTP/1.1" 404 564 "-" "Mozilla/5.0 (Macintosh; Intel Mac OS X 10_12_3) AppleWebKit/537.36 (KHTML, like Gecko) Chrome/56.0.2924.87 Safari/537.36"
94.72.101.21 - - [02/Nov/2024:19:43:37 +0000] "GET /integrations/slack/dist/setup.py HTTP/1.1" 404 564 "-" "Mozilla/5.0 (Macintosh; Intel Mac OS X 10_12_3) AppleWebKit/537.36 (KHTML, like Gecko) Chrome/56.0.2924.87 Safari/537.36"
94.72.101.21 - - [02/Nov/2024:19:43:37 +0000] "GET /integrations/twilio/prod/main.js HTTP/1.1" 404 564 "-" "Mozilla/5.0 (Macintosh; Intel Mac OS X 10_12_3) AppleWebKit/537.36 (KHTML, like Gecko) Chrome/56.0.2924.87 Safari/537.36"
94.72.101.21 - - [02/Nov/2024:19:43:38 +0000] "GET /ci-cd/github/src/config.json HTTP/1.1" 404 564 "-" "Mozilla/5.0 (Macintosh; Intel Mac OS X 10_12_3) AppleWebKit/537.36 (KHTML, like Gecko) Chrome/56.0.2924.87 Safari/537.36"
94.72.101.21 - - [02/Nov/2024:19:43:38 +0000] "GET /microservices/user-service/v2/service.yaml HTTP/1.1" 404 564 "-" "Mozilla/5.0 (Macintosh; Intel Mac OS X 10_12_3) AppleWebKit/537.36 (KHTML, like Gecko) Chrome/56.0.2924.87 Safari/537.36"
94.72.101.21 - - [02/Nov/2024:19:43:38 +0000] "GET /integrations/stripe/dev/README.md HTTP/1.1" 404 564 "-" "Mozilla/5.0 (Macintosh; Intel Mac OS X 10_12_3) AppleWebKit/537.36 (KHTML, like Gecko) Chrome/56.0.2924.87 Safari/537.36"
94.72.101.21 - - [02/Nov/2024:19:43:38 +0000] "GET /config/aws/prod/README.md HTTP/1.1" 404 564 "-" "Mozilla/5.0 (Macintosh; Intel Mac OS X 10_12_3) AppleWebKit/537.36 (KHTML, like Gecko) Chrome/56.0.2924.87 Safari/537.36"
94.72.101.21 - - [02/Nov/2024:19:43:38 +0000] "GET /pipelines/dataflow/dev/Dockerfile HTTP/1.1" 404 564 "-" "Mozilla/5.0 (Macintosh; Intel Mac OS X 10_12_3) AppleWebKit/537.36 (KHTML, like Gecko) Chrome/56.0.2924.87 Safari/537.36"
94.72.101.21 - - [02/Nov/2024:19:43:38 +0000] "GET /secrets/v1/.env HTTP/1.1" 404 564 "-" "Mozilla/5.0 (Macintosh; Intel Mac OS X 10_12_3) AppleWebKit/537.36 (KHTML, like Gecko) Chrome/56.0.2924.87 Safari/537.36"
94.72.101.21 - - [02/Nov/2024:19:43:39 +0000] "GET /backend/fastapi/dist/main.js HTTP/1.1" 404 564 "-" "Mozilla/5.0 (Macintosh; Intel Mac OS X 10_12_3) AppleWebKit/537.36 (KHTML, like Gecko) Chrome/56.0.2924.87 Safari/537.36"
94.72.101.21 - - [02/Nov/2024:19:43:39 +0000] "GET /frontend/vue-app/dev/README.md HTTP/1.1" 404 564 "-" "Mozilla/5.0 (Macintosh; Intel Mac OS X 10_12_3) AppleWebKit/537.36 (KHTML, like Gecko) Chrome/56.0.2924.87 Safari/537.36"
94.72.101.21 - - [02/Nov/2024:19:43:39 +0000] "GET /data_sources/v1/index.js HTTP/1.1" 404 564 "-" "Mozilla/5.0 (Macintosh; Intel Mac OS X 10_12_3) AppleWebKit/537.36 (KHTML, like Gecko) Chrome/56.0.2924.87 Safari/537.36"
94.72.101.21 - - [02/Nov/2024:19:43:40 +0000] "GET /microservices/inventory/v2/main.js HTTP/1.1" 404 564 "-" "Mozilla/5.0 (Macintosh; Intel Mac OS X 10_12_3) AppleWebKit/537.36 (KHTML, like Gecko) Chrome/56.0.2924.87 Safari/537.36"
94.72.101.21 - - [02/Nov/2024:19:43:40 +0000] "GET /config/env/src/swagger.json HTTP/1.1" 404 564 "-" "Mozilla/5.0 (Macintosh; Intel Mac OS X 10_12_3) AppleWebKit/537.36 (KHTML, like Gecko) Chrome/56.0.2924.87 Safari/537.36"
94.72.101.21 - - [02/Nov/2024:19:43:40 +0000] "GET /config/env/v2/Dockerfile HTTP/1.1" 404 564 "-" "Mozilla/5.0 (Macintosh; Intel Mac OS X 10_12_3) AppleWebKit/537.36 (KHTML, like Gecko) Chrome/56.0.2924.87 Safari/537.36"
94.72.101.21 - - [02/Nov/2024:19:43:40 +0000] "GET /backend/fastapi/v1/secrets.env HTTP/1.1" 404 564 "-" "Mozilla/5.0 (Macintosh; Intel Mac OS X 10_12_3) AppleWebKit/537.36 (KHTML, like Gecko) Chrome/56.0.2924.87 Safari/537.36"
94.72.101.21 - - [02/Nov/2024:19:43:40 +0000] "GET /ci-cd/github/dist/config.json HTTP/1.1" 404 564 "-" "Mozilla/5.0 (Macintosh; Intel Mac OS X 10_12_3) AppleWebKit/537.36 (KHTML, like Gecko) Chrome/56.0.2924.87 Safari/537.36"
94.72.101.21 - - [02/Nov/2024:19:43:41 +0000] "GET /data/etl_jobs/v2/schema.sql HTTP/1.1" 404 564 "-" "Mozilla/5.0 (Macintosh; Intel Mac OS X 10_12_3) AppleWebKit/537.36 (KHTML, like Gecko) Chrome/56.0.2924.87 Safari/537.36"
94.72.101.21 - - [02/Nov/2024:19:43:41 +0000] "GET /documentation/architecture/prod/index.js HTTP/1.1" 404 564 "-" "Mozilla/5.0 (Macintosh; Intel Mac OS X 10_12_3) AppleWebKit/537.36 (KHTML, like Gecko) Chrome/56.0.2924.87 Safari/537.36"
94.72.101.21 - - [02/Nov/2024:19:43:41 +0000] "GET /frontend/vue-app/src/requirements.txt HTTP/1.1" 404 564 "-" "Mozilla/5.0 (Macintosh; Intel Mac OS X 10_12_3) AppleWebKit/537.36 (KHTML, like Gecko) Chrome/56.0.2924.87 Safari/537.36"
94.72.101.21 - - [02/Nov/2024:19:43:42 +0000] "GET /pipelines/dataflow/v1/.env HTTP/1.1" 404 564 "-" "Mozilla/5.0 (Macintosh; Intel Mac OS X 10_12_3) AppleWebKit/537.36 (KHTML, like Gecko) Chrome/56.0.2924.87 Safari/537.36"
94.72.101.21 - - [02/Nov/2024:19:43:42 +0000] "GET /frontend/nextjs/src/main.js HTTP/1.1" 404 564 "-" "Mozilla/5.0 (Macintosh; Intel Mac OS X 10_12_3) AppleWebKit/537.36 (KHTML, like Gecko) Chrome/56.0.2924.87 Safari/537.36"
94.72.101.21 - - [02/Nov/2024:19:43:42 +0000] "GET /terraform/environments/prod/dist/policy.json HTTP/1.1" 404 564 "-" "Mozilla/5.0 (Macintosh; Intel Mac OS X 10_12_3) AppleWebKit/537.36 (KHTML, like Gecko) Chrome/56.0.2924.87 Safari/537.36"
94.72.101.21 - - [02/Nov/2024:19:43:43 +0000] "GET /backend/nestjs/src/.env HTTP/1.1" 404 564 "-" "Mozilla/5.0 (Macintosh; Intel Mac OS X 10_12_3) AppleWebKit/537.36 (KHTML, like Gecko) Chrome/56.0.2924.87 Safari/537.36"
94.72.101.21 - - [02/Nov/2024:19:43:43 +0000] "GET /ci-cd/github/prod/requirements.txt HTTP/1.1" 404 564 "-" "Mozilla/5.0 (Macintosh; Intel Mac OS X 10_12_3) AppleWebKit/537.36 (KHTML, like Gecko) Chrome/56.0.2924.87 Safari/537.36"
94.72.101.21 - - [02/Nov/2024:19:43:43 +0000] "GET /secrets/src/schema.sql HTTP/1.1" 404 564 "-" "Mozilla/5.0 (Macintosh; Intel Mac OS X 10_12_3) AppleWebKit/537.36 (KHTML, like Gecko) Chrome/56.0.2924.87 Safari/537.36"
94.72.101.21 - - [02/Nov/2024:19:43:43 +0000] "GET /ml/models/dev/variables.tf HTTP/1.1" 404 564 "-" "Mozilla/5.0 (Macintosh; Intel Mac OS X 10_12_3) AppleWebKit/537.36 (KHTML, like Gecko) Chrome/56.0.2924.87 Safari/537.36"
94.72.101.21 - - [02/Nov/2024:19:43:43 +0000] "GET /backend/nestjs/v2/swagger.json HTTP/1.1" 404 564 "-" "Mozilla/5.0 (Macintosh; Intel Mac OS X 10_12_3) AppleWebKit/537.36 (KHTML, like Gecko) Chrome/56.0.2924.87 Safari/537.36"
94.72.101.21 - - [02/Nov/2024:19:43:43 +0000] "GET /compliance/reports/prod/schema.sql HTTP/1.1" 404 564 "-" "Mozilla/5.0 (Macintosh; Intel Mac OS X 10_12_3) AppleWebKit/537.36 (KHTML, like Gecko) Chrome/56.0.2924.87 Safari/537.36"
94.72.101.21 - - [02/Nov/2024:19:43:44 +0000] "GET /security/vault/v2/variables.tf HTTP/1.1" 404 564 "-" "Mozilla/5.0 (Macintosh; Intel Mac OS X 10_12_3) AppleWebKit/537.36 (KHTML, like Gecko) Chrome/56.0.2924.87 Safari/537.36"
94.72.101.21 - - [02/Nov/2024:19:43:44 +0000] "GET /config/azure/dist/app.py HTTP/1.1" 404 564 "-" "Mozilla/5.0 (Macintosh; Intel Mac OS X 10_12_3) AppleWebKit/537.36 (KHTML, like Gecko) Chrome/56.0.2924.87 Safari/537.36"
94.72.101.21 - - [02/Nov/2024:19:43:44 +0000] "GET /ml/models/v1/variables.tf HTTP/1.1" 404 564 "-" "Mozilla/5.0 (Macintosh; Intel Mac OS X 10_12_3) AppleWebKit/537.36 (KHTML, like Gecko) Chrome/56.0.2924.87 Safari/537.36"
94.72.101.21 - - [02/Nov/2024:19:43:44 +0000] "GET /k8s/prod/schema.sql HTTP/1.1" 404 564 "-" "Mozilla/5.0 (Macintosh; Intel Mac OS X 10_12_3) AppleWebKit/537.36 (KHTML, like Gecko) Chrome/56.0.2924.87 Safari/537.36"
94.72.101.21 - - [02/Nov/2024:19:43:44 +0000] "GET /backend/nestjs/src/main.js HTTP/1.1" 404 564 "-" "Mozilla/5.0 (Macintosh; Intel Mac OS X 10_12_3) AppleWebKit/537.36 (KHTML, like Gecko) Chrome/56.0.2924.87 Safari/537.36"
94.72.101.21 - - [02/Nov/2024:19:43:45 +0000] "GET /integrations/stripe/dist/swagger.json HTTP/1.1" 404 564 "-" "Mozilla/5.0 (Macintosh; Intel Mac OS X 10_12_3) AppleWebKit/537.36 (KHTML, like Gecko) Chrome/56.0.2924.87 Safari/537.36"
94.72.101.21 - - [02/Nov/2024:19:43:45 +0000] "GET /backend/fastapi/dist/policy.json HTTP/1.1" 404 564 "-" "Mozilla/5.0 (Macintosh; Intel Mac OS X 10_12_3) AppleWebKit/537.36 (KHTML, like Gecko) Chrome/56.0.2924.87 Safari/537.36"
94.72.101.21 - - [02/Nov/2024:19:43:45 +0000] "GET /backend/express/v1/policy.json HTTP/1.1" 404 564 "-" "Mozilla/5.0 (Macintosh; Intel Mac OS X 10_12_3) AppleWebKit/537.36 (KHTML, like Gecko) Chrome/56.0.2924.87 Safari/537.36"
94.72.101.21 - - [02/Nov/2024:19:43:45 +0000] "GET /compliance/reports/v2/index.js HTTP/1.1" 404 564 "-" "Mozilla/5.0 (Macintosh; Intel Mac OS X 10_12_3) AppleWebKit/537.36 (KHTML, like Gecko) Chrome/56.0.2924.87 Safari/537.36"
94.72.101.21 - - [02/Nov/2024:19:43:46 +0000] "GET /integrations/twilio/src/Dockerfile HTTP/1.1" 404 564 "-" "Mozilla/5.0 (Macintosh; Intel Mac OS X 10_12_3) AppleWebKit/537.36 (KHTML, like Gecko) Chrome/56.0.2924.87 Safari/537.36"
94.72.101.21 - - [02/Nov/2024:19:43:46 +0000] "GET /backend/nestjs/prod/setup.py HTTP/1.1" 404 564 "-" "Mozilla/5.0 (Macintosh; Intel Mac OS X 10_12_3) AppleWebKit/537.36 (KHTML, like Gecko) Chrome/56.0.2924.87 Safari/537.36"
94.72.101.21 - - [02/Nov/2024:19:43:46 +0000] "GET /integrations/twilio/dist/service.yaml HTTP/1.1" 404 564 "-" "Mozilla/5.0 (Macintosh; Intel Mac OS X 10_12_3) AppleWebKit/537.36 (KHTML, like Gecko) Chrome/56.0.2924.87 Safari/537.36"
94.72.101.21 - - [02/Nov/2024:19:43:46 +0000] "GET /config/azure/dev/app.py HTTP/1.1" 404 564 "-" "Mozilla/5.0 (Macintosh; Intel Mac OS X 10_12_3) AppleWebKit/537.36 (KHTML, like Gecko) Chrome/56.0.2924.87 Safari/537.36"
94.72.101.21 - - [02/Nov/2024:19:43:47 +0000] "GET /backend/fastapi/prod/schema.sql HTTP/1.1" 404 564 "-" "Mozilla/5.0 (Macintosh; Intel Mac OS X 10_12_3) AppleWebKit/537.36 (KHTML, like Gecko) Chrome/56.0.2924.87 Safari/537.36"
94.72.101.21 - - [02/Nov/2024:19:43:47 +0000] "GET /microservices/inventory/dist/swagger.json HTTP/1.1" 404 564 "-" "Mozilla/5.0 (Macintosh; Intel Mac OS X 10_12_3) AppleWebKit/537.36 (KHTML, like Gecko) Chrome/56.0.2924.87 Safari/537.36"
94.72.101.21 - - [02/Nov/2024:19:43:47 +0000] "GET /integrations/slack/dev/deployment.yaml HTTP/1.1" 404 564 "-" "Mozilla/5.0 (Macintosh; Intel Mac OS X 10_12_3) AppleWebKit/537.36 (KHTML, like Gecko) Chrome/56.0.2924.87 Safari/537.36"
94.72.101.21 - - [02/Nov/2024:19:43:47 +0000] "GET /config/env/prod/main.js HTTP/1.1" 404 564 "-" "Mozilla/5.0 (Macintosh; Intel Mac OS X 10_12_3) AppleWebKit/537.36 (KHTML, like Gecko) Chrome/56.0.2924.87 Safari/537.36"
94.72.101.21 - - [02/Nov/2024:19:43:48 +0000] "GET /microservices/user-service/dev/secrets.env HTTP/1.1" 404 564 "-" "Mozilla/5.0 (Macintosh; Intel Mac OS X 10_12_3) AppleWebKit/537.36 (KHTML, like Gecko) Chrome/56.0.2924.87 Safari/537.36"
94.72.101.21 - - [02/Nov/2024:19:43:48 +0000] "GET /backend/fastapi/prod/main.js HTTP/1.1" 404 564 "-" "Mozilla/5.0 (Macintosh; Intel Mac OS X 10_12_3) AppleWebKit/537.36 (KHTML, like Gecko) Chrome/56.0.2924.87 Safari/537.36"
94.72.101.21 - - [02/Nov/2024:19:43:48 +0000] "GET /data_sources/v2/secrets.env HTTP/1.1" 404 564 "-" "Mozilla/5.0 (Macintosh; Intel Mac OS X 10_12_3) AppleWebKit/537.36 (KHTML, like Gecko) Chrome/56.0.2924.87 Safari/537.36"
94.72.101.21 - - [02/Nov/2024:19:43:49 +0000] "GET /config/env/src/main.js HTTP/1.1" 404 564 "-" "Mozilla/5.0 (Macintosh; Intel Mac OS X 10_12_3) AppleWebKit/537.36 (KHTML, like Gecko) Chrome/56.0.2924.87 Safari/537.36"
94.72.101.21 - - [02/Nov/2024:19:43:49 +0000] "GET /ci-cd/gitlab/v1/deployment.yaml HTTP/1.1" 404 564 "-" "Mozilla/5.0 (Macintosh; Intel Mac OS X 10_12_3) AppleWebKit/537.36 (KHTML, like Gecko) Chrome/56.0.2924.87 Safari/537.36"
94.72.101.21 - - [02/Nov/2024:19:43:49 +0000] "GET /config/aws/src/setup.py HTTP/1.1" 404 564 "-" "Mozilla/5.0 (Macintosh; Intel Mac OS X 10_12_3) AppleWebKit/537.36 (KHTML, like Gecko) Chrome/56.0.2924.87 Safari/537.36"
94.72.101.21 - - [02/Nov/2024:19:43:49 +0000] "GET /frontend/svelte-app/v2/app.py HTTP/1.1" 404 564 "-" "Mozilla/5.0 (Macintosh; Intel Mac OS X 10_12_3) AppleWebKit/537.36 (KHTML, like Gecko) Chrome/56.0.2924.87 Safari/537.36"
94.72.101.21 - - [02/Nov/2024:19:43:49 +0000] "GET /ml/models/dist/Dockerfile HTTP/1.1" 404 564 "-" "Mozilla/5.0 (Macintosh; Intel Mac OS X 10_12_3) AppleWebKit/537.36 (KHTML, like Gecko) Chrome/56.0.2924.87 Safari/537.36"
94.72.101.21 - - [02/Nov/2024:19:43:49 +0000] "GET /k8s/v2/app.py HTTP/1.1" 404 564 "-" "Mozilla/5.0 (Macintosh; Intel Mac OS X 10_12_3) AppleWebKit/537.36 (KHTML, like Gecko) Chrome/56.0.2924.87 Safari/537.36"
94.72.101.21 - - [02/Nov/2024:19:43:50 +0000] "GET /security/vault/src/app.py HTTP/1.1" 404 564 "-" "Mozilla/5.0 (Macintosh; Intel Mac OS X 10_12_3) AppleWebKit/537.36 (KHTML, like Gecko) Chrome/56.0.2924.87 Safari/537.36"
94.72.101.21 - - [02/Nov/2024:19:43:50 +0000] "GET /backend/nestjs/dev/deployment.yaml HTTP/1.1" 404 564 "-" "Mozilla/5.0 (Macintosh; Intel Mac OS X 10_12_3) AppleWebKit/537.36 (KHTML, like Gecko) Chrome/56.0.2924.87 Safari/537.36"
94.72.101.21 - - [02/Nov/2024:19:43:50 +0000] "GET /backend/nestjs/prod/requirements.txt HTTP/1.1" 404 564 "-" "Mozilla/5.0 (Macintosh; Intel Mac OS X 10_12_3) AppleWebKit/537.36 (KHTML, like Gecko) Chrome/56.0.2924.87 Safari/537.36"
94.72.101.21 - - [02/Nov/2024:19:43:50 +0000] "GET /microservices/payment-service/v1/secrets.env HTTP/1.1" 404 564 "-" "Mozilla/5.0 (Macintosh; Intel Mac OS X 10_12_3) AppleWebKit/537.36 (KHTML, like Gecko) Chrome/56.0.2924.87 Safari/537.36"
94.72.101.21 - - [02/Nov/2024:19:43:51 +0000] "GET /ml/models/prod/app.py HTTP/1.1" 404 564 "-" "Mozilla/5.0 (Macintosh; Intel Mac OS X 10_12_3) AppleWebKit/537.36 (KHTML, like Gecko) Chrome/56.0.2924.87 Safari/537.36"
94.72.101.21 - - [02/Nov/2024:19:43:51 +0000] "GET /backend/fastapi/v1/swagger.json HTTP/1.1" 404 564 "-" "Mozilla/5.0 (Macintosh; Intel Mac OS X 10_12_3) AppleWebKit/537.36 (KHTML, like Gecko) Chrome/56.0.2924.87 Safari/537.36"
94.72.101.21 - - [02/Nov/2024:19:43:51 +0000] "GET /data_sources/v2/swagger.json HTTP/1.1" 404 564 "-" "Mozilla/5.0 (Macintosh; Intel Mac OS X 10_12_3) AppleWebKit/537.36 (KHTML, like Gecko) Chrome/56.0.2924.87 Safari/537.36"
94.72.101.21 - - [02/Nov/2024:19:43:52 +0000] "GET /security/vault/dist/setup.py HTTP/1.1" 404 564 "-" "Mozilla/5.0 (Macintosh; Intel Mac OS X 10_12_3) AppleWebKit/537.36 (KHTML, like Gecko) Chrome/56.0.2924.87 Safari/537.36"
94.72.101.21 - - [02/Nov/2024:19:43:52 +0000] "GET /k8s/v2/.env HTTP/1.1" 404 564 "-" "Mozilla/5.0 (Macintosh; Intel Mac OS X 10_12_3) AppleWebKit/537.36 (KHTML, like Gecko) Chrome/56.0.2924.87 Safari/537.36"
94.72.101.21 - - [02/Nov/2024:19:43:52 +0000] "GET /microservices/inventory/v1/index.js HTTP/1.1" 404 564 "-" "Mozilla/5.0 (Macintosh; Intel Mac OS X 10_12_3) AppleWebKit/537.36 (KHTML, like Gecko) Chrome/56.0.2924.87 Safari/537.36"
94.72.101.21 - - [02/Nov/2024:19:43:53 +0000] "GET /microservices/user-service/v2/main.js HTTP/1.1" 404 564 "-" "Mozilla/5.0 (Macintosh; Intel Mac OS X 10_12_3) AppleWebKit/537.36 (KHTML, like Gecko) Chrome/56.0.2924.87 Safari/537.36"
94.72.101.21 - - [02/Nov/2024:19:43:53 +0000] "GET /secrets/v2/config.json HTTP/1.1" 404 564 "-" "Mozilla/5.0 (Macintosh; Intel Mac OS X 10_12_3) AppleWebKit/537.36 (KHTML, like Gecko) Chrome/56.0.2924.87 Safari/537.36"
94.72.101.21 - - [02/Nov/2024:19:43:53 +0000] "GET /backend/nestjs/dist/.env HTTP/1.1" 404 564 "-" "Mozilla/5.0 (Macintosh; Intel Mac OS X 10_12_3) AppleWebKit/537.36 (KHTML, like Gecko) Chrome/56.0.2924.87 Safari/537.36"
94.72.101.21 - - [02/Nov/2024:19:43:53 +0000] "GET /config/azure/v2/policy.json HTTP/1.1" 404 564 "-" "Mozilla/5.0 (Macintosh; Intel Mac OS X 10_12_3) AppleWebKit/537.36 (KHTML, like Gecko) Chrome/56.0.2924.87 Safari/537.36"
94.72.101.21 - - [02/Nov/2024:19:43:53 +0000] "GET /documentation/architecture/v2/main.js HTTP/1.1" 404 564 "-" "Mozilla/5.0 (Macintosh; Intel Mac OS X 10_12_3) AppleWebKit/537.36 (KHTML, like Gecko) Chrome/56.0.2924.87 Safari/537.36"
94.72.101.21 - - [02/Nov/2024:19:43:53 +0000] "GET /backend/koa/v2/swagger.json HTTP/1.1" 404 564 "-" "Mozilla/5.0 (Macintosh; Intel Mac OS X 10_12_3) AppleWebKit/537.36 (KHTML, like Gecko) Chrome/56.0.2924.87 Safari/537.36"
94.72.101.21 - - [02/Nov/2024:19:43:54 +0000] "GET /security/vault/v2/secrets.env HTTP/1.1" 404 564 "-" "Mozilla/5.0 (Macintosh; Intel Mac OS X 10_12_3) AppleWebKit/537.36 (KHTML, like Gecko) Chrome/56.0.2924.87 Safari/537.36"
94.72.101.21 - - [02/Nov/2024:19:43:55 +0000] "GET /frontend/svelte-app/dev/app.py HTTP/1.1" 404 564 "-" "Mozilla/5.0 (Macintosh; Intel Mac OS X 10_12_3) AppleWebKit/537.36 (KHTML, like Gecko) Chrome/56.0.2924.87 Safari/537.36"
94.72.101.21 - - [02/Nov/2024:19:43:55 +0000] "GET /data_sources/src/app.py HTTP/1.1" 404 564 "-" "Mozilla/5.0 (Macintosh; Intel Mac OS X 10_12_3) AppleWebKit/537.36 (KHTML, like Gecko) Chrome/56.0.2924.87 Safari/537.36"
94.72.101.21 - - [02/Nov/2024:19:43:56 +0000] "GET /audit/logs/prod/index.js HTTP/1.1" 404 564 "-" "Mozilla/5.0 (Macintosh; Intel Mac OS X 10_12_3) AppleWebKit/537.36 (KHTML, like Gecko) Chrome/56.0.2924.87 Safari/537.36"
94.72.101.21 - - [02/Nov/2024:19:43:56 +0000] "GET /pipelines/dataflow/dist/service.yaml HTTP/1.1" 404 564 "-" "Mozilla/5.0 (Macintosh; Intel Mac OS X 10_12_3) AppleWebKit/537.36 (KHTML, like Gecko) Chrome/56.0.2924.87 Safari/537.36"
94.72.101.21 - - [02/Nov/2024:19:43:56 +0000] "GET /backend/nestjs/v2/.env HTTP/1.1" 404 564 "-" "Mozilla/5.0 (Macintosh; Intel Mac OS X 10_12_3) AppleWebKit/537.36 (KHTML, like Gecko) Chrome/56.0.2924.87 Safari/537.36"
94.72.101.21 - - [02/Nov/2024:19:43:56 +0000] "GET /config/aws/v1/requirements.txt HTTP/1.1" 404 564 "-" "Mozilla/5.0 (Macintosh; Intel Mac OS X 10_12_3) AppleWebKit/537.36 (KHTML, like Gecko) Chrome/56.0.2924.87 Safari/537.36"
94.72.101.21 - - [02/Nov/2024:19:43:57 +0000] "GET /microservices/inventory/dev/index.js HTTP/1.1" 404 564 "-" "Mozilla/5.0 (Macintosh; Intel Mac OS X 10_12_3) AppleWebKit/537.36 (KHTML, like Gecko) Chrome/56.0.2924.87 Safari/537.36"
94.72.101.21 - - [02/Nov/2024:19:43:57 +0000] "GET /documentation/architecture/v2/swagger.json HTTP/1.1" 404 564 "-" "Mozilla/5.0 (Macintosh; Intel Mac OS X 10_12_3) AppleWebKit/537.36 (KHTML, like Gecko) Chrome/56.0.2924.87 Safari/537.36"
94.72.101.21 - - [02/Nov/2024:19:43:57 +0000] "GET /frontend/vue-app/dist/swagger.json HTTP/1.1" 404 564 "-" "Mozilla/5.0 (Macintosh; Intel Mac OS X 10_12_3) AppleWebKit/537.36 (KHTML, like Gecko) Chrome/56.0.2924.87 Safari/537.36"
94.72.101.21 - - [02/Nov/2024:19:43:57 +0000] "GET /microservices/inventory/prod/policy.json HTTP/1.1" 404 564 "-" "Mozilla/5.0 (Macintosh; Intel Mac OS X 10_12_3) AppleWebKit/537.36 (KHTML, like Gecko) Chrome/56.0.2924.87 Safari/537.36"
94.72.101.21 - - [02/Nov/2024:19:43:57 +0000] "GET /data/etl_jobs/v2/setup.py HTTP/1.1" 404 564 "-" "Mozilla/5.0 (Macintosh; Intel Mac OS X 10_12_3) AppleWebKit/537.36 (KHTML, like Gecko) Chrome/56.0.2924.87 Safari/537.36"
94.72.101.21 - - [02/Nov/2024:19:43:57 +0000] "GET /documentation/architecture/v2/schema.sql HTTP/1.1" 404 564 "-" "Mozilla/5.0 (Macintosh; Intel Mac OS X 10_12_3) AppleWebKit/537.36 (KHTML, like Gecko) Chrome/56.0.2924.87 Safari/537.36"
94.72.101.21 - - [02/Nov/2024:19:43:58 +0000] "GET /frontend/react-app/dev/Dockerfile HTTP/1.1" 404 564 "-" "Mozilla/5.0 (Macintosh; Intel Mac OS X 10_12_3) AppleWebKit/537.36 (KHTML, like Gecko) Chrome/56.0.2924.87 Safari/537.36"
94.72.101.21 - - [02/Nov/2024:19:43:58 +0000] "GET /ci-cd/gitlab/prod/requirements.txt HTTP/1.1" 404 564 "-" "Mozilla/5.0 (Macintosh; Intel Mac OS X 10_12_3) AppleWebKit/537.36 (KHTML, like Gecko) Chrome/56.0.2924.87 Safari/537.36"
94.72.101.21 - - [02/Nov/2024:19:43:58 +0000] "GET /backend/fastapi/src/index.js HTTP/1.1" 404 564 "-" "Mozilla/5.0 (Macintosh; Intel Mac OS X 10_12_3) AppleWebKit/537.36 (KHTML, like Gecko) Chrome/56.0.2924.87 Safari/537.36"
94.72.101.21 - - [02/Nov/2024:19:43:58 +0000] "GET /backend/koa/prod/requirements.txt HTTP/1.1" 404 564 "-" "Mozilla/5.0 (Macintosh; Intel Mac OS X 10_12_3) AppleWebKit/537.36 (KHTML, like Gecko) Chrome/56.0.2924.87 Safari/537.36"
94.72.101.21 - - [02/Nov/2024:19:43:58 +0000] "GET /integrations/stripe/prod/setup.py HTTP/1.1" 404 564 "-" "Mozilla/5.0 (Macintosh; Intel Mac OS X 10_12_3) AppleWebKit/537.36 (KHTML, like Gecko) Chrome/56.0.2924.87 Safari/537.36"
94.72.101.21 - - [02/Nov/2024:19:43:58 +0000] "GET /microservices/payment-service/v1/variables.tf HTTP/1.1" 404 564 "-" "Mozilla/5.0 (Macintosh; Intel Mac OS X 10_12_3) AppleWebKit/537.36 (KHTML, like Gecko) Chrome/56.0.2924.87 Safari/537.36"
94.72.101.21 - - [02/Nov/2024:19:43:59 +0000] "GET /data/etl_jobs/v1/policy.json HTTP/1.1" 404 564 "-" "Mozilla/5.0 (Macintosh; Intel Mac OS X 10_12_3) AppleWebKit/537.36 (KHTML, like Gecko) Chrome/56.0.2924.87 Safari/537.36"
94.72.101.21 - - [02/Nov/2024:19:43:59 +0000] "GET /ci-cd/gitlab/v1/index.js HTTP/1.1" 404 564 "-" "Mozilla/5.0 (Macintosh; Intel Mac OS X 10_12_3) AppleWebKit/537.36 (KHTML, like Gecko) Chrome/56.0.2924.87 Safari/537.36"
94.72.101.21 - - [02/Nov/2024:19:43:59 +0000] "GET /microservices/payment-service/v1/app.py HTTP/1.1" 404 564 "-" "Mozilla/5.0 (Macintosh; Intel Mac OS X 10_12_3) AppleWebKit/537.36 (KHTML, like Gecko) Chrome/56.0.2924.87 Safari/537.36"
94.72.101.21 - - [02/Nov/2024:19:44:00 +0000] "GET /frontend/react-app/prod/Dockerfile HTTP/1.1" 404 564 "-" "Mozilla/5.0 (Macintosh; Intel Mac OS X 10_12_3) AppleWebKit/537.36 (KHTML, like Gecko) Chrome/56.0.2924.87 Safari/537.36"
94.72.101.21 - - [02/Nov/2024:19:44:00 +0000] "GET /security/vault/dev/main.js HTTP/1.1" 404 564 "-" "Mozilla/5.0 (Macintosh; Intel Mac OS X 10_12_3) AppleWebKit/537.36 (KHTML, like Gecko) Chrome/56.0.2924.87 Safari/537.36"
94.72.101.21 - - [02/Nov/2024:19:44:01 +0000] "GET /config/azure/src/main.js HTTP/1.1" 404 564 "-" "Mozilla/5.0 (Macintosh; Intel Mac OS X 10_12_3) AppleWebKit/537.36 (KHTML, like Gecko) Chrome/56.0.2924.87 Safari/537.36"
94.72.101.21 - - [02/Nov/2024:19:44:01 +0000] "GET /documentation/architecture/dev/variables.tf HTTP/1.1" 404 564 "-" "Mozilla/5.0 (Macintosh; Intel Mac OS X 10_12_3) AppleWebKit/537.36 (KHTML, like Gecko) Chrome/56.0.2924.87 Safari/537.36"
94.72.101.21 - - [02/Nov/2024:19:44:01 +0000] "GET /backend/koa/dist/index.js HTTP/1.1" 404 564 "-" "Mozilla/5.0 (Macintosh; Intel Mac OS X 10_12_3) AppleWebKit/537.36 (KHTML, like Gecko) Chrome/56.0.2924.87 Safari/537.36"
94.72.101.21 - - [02/Nov/2024:19:44:02 +0000] "GET /frontend/vue-app/src/schema.sql HTTP/1.1" 404 564 "-" "Mozilla/5.0 (Macintosh; Intel Mac OS X 10_12_3) AppleWebKit/537.36 (KHTML, like Gecko) Chrome/56.0.2924.87 Safari/537.36"
94.72.101.21 - - [02/Nov/2024:19:44:02 +0000] "GET /data_sources/v2/Dockerfile HTTP/1.1" 404 564 "-" "Mozilla/5.0 (Macintosh; Intel Mac OS X 10_12_3) AppleWebKit/537.36 (KHTML, like Gecko) Chrome/56.0.2924.87 Safari/537.36"
94.72.101.21 - - [02/Nov/2024:19:44:02 +0000] "GET /secrets/prod/schema.sql HTTP/1.1" 404 564 "-" "Mozilla/5.0 (Macintosh; Intel Mac OS X 10_12_3) AppleWebKit/537.36 (KHTML, like Gecko) Chrome/56.0.2924.87 Safari/537.36"
94.72.101.21 - - [02/Nov/2024:19:44:03 +0000] "GET /config/azure/v1/requirements.txt HTTP/1.1" 404 564 "-" "Mozilla/5.0 (Macintosh; Intel Mac OS X 10_12_3) AppleWebKit/537.36 (KHTML, like Gecko) Chrome/56.0.2924.87 Safari/537.36"
94.72.101.21 - - [02/Nov/2024:19:44:03 +0000] "GET /microservices/user-service/v2/variables.tf HTTP/1.1" 404 564 "-" "Mozilla/5.0 (Macintosh; Intel Mac OS X 10_12_3) AppleWebKit/537.36 (KHTML, like Gecko) Chrome/56.0.2924.87 Safari/537.36"
94.72.101.21 - - [02/Nov/2024:19:44:03 +0000] "GET /backend/koa/src/index.js HTTP/1.1" 404 564 "-" "Mozilla/5.0 (Macintosh; Intel Mac OS X 10_12_3) AppleWebKit/537.36 (KHTML, like Gecko) Chrome/56.0.2924.87 Safari/537.36"
94.72.101.21 - - [02/Nov/2024:19:44:03 +0000] "GET /frontend/nextjs/dist/index.js HTTP/1.1" 404 564 "-" "Mozilla/5.0 (Macintosh; Intel Mac OS X 10_12_3) AppleWebKit/537.36 (KHTML, like Gecko) Chrome/56.0.2924.87 Safari/537.36"
94.72.101.21 - - [02/Nov/2024:19:44:04 +0000] "GET /microservices/inventory/dev/secrets.env HTTP/1.1" 404 564 "-" "Mozilla/5.0 (Macintosh; Intel Mac OS X 10_12_3) AppleWebKit/537.36 (KHTML, like Gecko) Chrome/56.0.2924.87 Safari/537.36"
94.72.101.21 - - [02/Nov/2024:19:44:04 +0000] "GET /ml/models/prod/requirements.txt HTTP/1.1" 404 564 "-" "Mozilla/5.0 (Macintosh; Intel Mac OS X 10_12_3) AppleWebKit/537.36 (KHTML, like Gecko) Chrome/56.0.2924.87 Safari/537.36"
94.72.101.21 - - [02/Nov/2024:19:44:04 +0000] "GET /integrations/stripe/src/config.json HTTP/1.1" 404 564 "-" "Mozilla/5.0 (Macintosh; Intel Mac OS X 10_12_3) AppleWebKit/537.36 (KHTML, like Gecko) Chrome/56.0.2924.87 Safari/537.36"
94.72.101.21 - - [02/Nov/2024:19:44:04 +0000] "GET /frontend/react-app/src/app.py HTTP/1.1" 404 564 "-" "Mozilla/5.0 (Macintosh; Intel Mac OS X 10_12_3) AppleWebKit/537.36 (KHTML, like Gecko) Chrome/56.0.2924.87 Safari/537.36"
94.72.101.21 - - [02/Nov/2024:19:44:04 +0000] "GET /security/vault/src/setup.py HTTP/1.1" 404 564 "-" "Mozilla/5.0 (Macintosh; Intel Mac OS X 10_12_3) AppleWebKit/537.36 (KHTML, like Gecko) Chrome/56.0.2924.87 Safari/537.36"
94.72.101.21 - - [02/Nov/2024:19:44:05 +0000] "GET /integrations/twilio/src/.env HTTP/1.1" 404 564 "-" "Mozilla/5.0 (Macintosh; Intel Mac OS X 10_12_3) AppleWebKit/537.36 (KHTML, like Gecko) Chrome/56.0.2924.87 Safari/537.36"
94.72.101.21 - - [02/Nov/2024:19:44:05 +0000] "GET /security/vault/src/config.json HTTP/1.1" 404 564 "-" "Mozilla/5.0 (Macintosh; Intel Mac OS X 10_12_3) AppleWebKit/537.36 (KHTML, like Gecko) Chrome/56.0.2924.87 Safari/537.36"
94.72.101.21 - - [02/Nov/2024:19:44:05 +0000] "GET /frontend/react-app/src/config.json HTTP/1.1" 404 564 "-" "Mozilla/5.0 (Macintosh; Intel Mac OS X 10_12_3) AppleWebKit/537.36 (KHTML, like Gecko) Chrome/56.0.2924.87 Safari/537.36"
94.72.101.21 - - [02/Nov/2024:19:44:06 +0000] "GET /ci-cd/github/prod/schema.sql HTTP/1.1" 404 564 "-" "Mozilla/5.0 (Macintosh; Intel Mac OS X 10_12_3) AppleWebKit/537.36 (KHTML, like Gecko) Chrome/56.0.2924.87 Safari/537.36"
94.72.101.21 - - [02/Nov/2024:19:44:06 +0000] "GET /pipelines/dataflow/v2/config.json HTTP/1.1" 404 564 "-" "Mozilla/5.0 (Macintosh; Intel Mac OS X 10_12_3) AppleWebKit/537.36 (KHTML, like Gecko) Chrome/56.0.2924.87 Safari/537.36"
94.72.101.21 - - [02/Nov/2024:19:44:06 +0000] "GET /documentation/architecture/prod/setup.py HTTP/1.1" 404 564 "-" "Mozilla/5.0 (Macintosh; Intel Mac OS X 10_12_3) AppleWebKit/537.36 (KHTML, like Gecko) Chrome/56.0.2924.87 Safari/537.36"
94.72.101.21 - - [02/Nov/2024:19:44:07 +0000] "GET /ml/models/dev/requirements.txt HTTP/1.1" 404 564 "-" "Mozilla/5.0 (Macintosh; Intel Mac OS X 10_12_3) AppleWebKit/537.36 (KHTML, like Gecko) Chrome/56.0.2924.87 Safari/537.36"
94.72.101.21 - - [02/Nov/2024:19:44:07 +0000] "GET /documentation/architecture/src/app.py HTTP/1.1" 404 564 "-" "Mozilla/5.0 (Macintosh; Intel Mac OS X 10_12_3) AppleWebKit/537.36 (KHTML, like Gecko) Chrome/56.0.2924.87 Safari/537.36"
94.72.101.21 - - [02/Nov/2024:19:44:08 +0000] "GET /ci-cd/gitlab/v1/variables.tf HTTP/1.1" 404 564 "-" "Mozilla/5.0 (Macintosh; Intel Mac OS X 10_12_3) AppleWebKit/537.36 (KHTML, like Gecko) Chrome/56.0.2924.87 Safari/537.36"
94.72.101.21 - - [02/Nov/2024:19:44:08 +0000] "GET /integrations/slack/v2/variables.tf HTTP/1.1" 404 564 "-" "Mozilla/5.0 (Macintosh; Intel Mac OS X 10_12_3) AppleWebKit/537.36 (KHTML, like Gecko) Chrome/56.0.2924.87 Safari/537.36"
94.72.101.21 - - [02/Nov/2024:19:44:08 +0000] "GET /frontend/nextjs/src/index.js HTTP/1.1" 404 564 "-" "Mozilla/5.0 (Macintosh; Intel Mac OS X 10_12_3) AppleWebKit/537.36 (KHTML, like Gecko) Chrome/56.0.2924.87 Safari/537.36"
94.72.101.21 - - [02/Nov/2024:19:44:08 +0000] "GET /integrations/slack/v1/service.yaml HTTP/1.1" 404 564 "-" "Mozilla/5.0 (Macintosh; Intel Mac OS X 10_12_3) AppleWebKit/537.36 (KHTML, like Gecko) Chrome/56.0.2924.87 Safari/537.36"
94.72.101.21 - - [02/Nov/2024:19:44:08 +0000] "GET /data_sources/v1/README.md HTTP/1.1" 404 564 "-" "Mozilla/5.0 (Macintosh; Intel Mac OS X 10_12_3) AppleWebKit/537.36 (KHTML, like Gecko) Chrome/56.0.2924.87 Safari/537.36"
94.72.101.21 - - [02/Nov/2024:19:44:08 +0000] "GET /docs/api_v2/prod/app.py HTTP/1.1" 404 564 "-" "Mozilla/5.0 (Macintosh; Intel Mac OS X 10_12_3) AppleWebKit/537.36 (KHTML, like Gecko) Chrome/56.0.2924.87 Safari/537.36"
94.72.101.21 - - [02/Nov/2024:19:44:09 +0000] "GET /config/aws/dist/config.json HTTP/1.1" 404 564 "-" "Mozilla/5.0 (Macintosh; Intel Mac OS X 10_12_3) AppleWebKit/537.36 (KHTML, like Gecko) Chrome/56.0.2924.87 Safari/537.36"
94.72.101.21 - - [02/Nov/2024:19:44:09 +0000] "GET /data/etl_jobs/src/variables.tf HTTP/1.1" 404 564 "-" "Mozilla/5.0 (Macintosh; Intel Mac OS X 10_12_3) AppleWebKit/537.36 (KHTML, like Gecko) Chrome/56.0.2924.87 Safari/537.36"
94.72.101.21 - - [02/Nov/2024:19:44:09 +0000] "GET /backend/fastapi/dist/schema.sql HTTP/1.1" 404 564 "-" "Mozilla/5.0 (Macintosh; Intel Mac OS X 10_12_3) AppleWebKit/537.36 (KHTML, like Gecko) Chrome/56.0.2924.87 Safari/537.36"
94.72.101.21 - - [02/Nov/2024:19:44:09 +0000] "GET /terraform/environments/prod/v1/Dockerfile HTTP/1.1" 404 564 "-" "Mozilla/5.0 (Macintosh; Intel Mac OS X 10_12_3) AppleWebKit/537.36 (KHTML, like Gecko) Chrome/56.0.2924.87 Safari/537.36"
94.72.101.21 - - [02/Nov/2024:19:44:10 +0000] "GET /integrations/twilio/src/config.json HTTP/1.1" 404 564 "-" "Mozilla/5.0 (Macintosh; Intel Mac OS X 10_12_3) AppleWebKit/537.36 (KHTML, like Gecko) Chrome/56.0.2924.87 Safari/537.36"
94.72.101.21 - - [02/Nov/2024:19:44:10 +0000] "GET /microservices/user-service/prod/main.js HTTP/1.1" 404 564 "-" "Mozilla/5.0 (Macintosh; Intel Mac OS X 10_12_3) AppleWebKit/537.36 (KHTML, like Gecko) Chrome/56.0.2924.87 Safari/537.36"
94.72.101.21 - - [02/Nov/2024:19:44:10 +0000] "GET /microservices/inventory/prod/README.md HTTP/1.1" 404 564 "-" "Mozilla/5.0 (Macintosh; Intel Mac OS X 10_12_3) AppleWebKit/537.36 (KHTML, like Gecko) Chrome/56.0.2924.87 Safari/537.36"
94.72.101.21 - - [02/Nov/2024:19:44:11 +0000] "GET /data_sources/dist/policy.json HTTP/1.1" 404 564 "-" "Mozilla/5.0 (Macintosh; Intel Mac OS X 10_12_3) AppleWebKit/537.36 (KHTML, like Gecko) Chrome/56.0.2924.87 Safari/537.36"
94.72.101.21 - - [02/Nov/2024:19:44:11 +0000] "GET /k8s/prod/README.md HTTP/1.1" 404 564 "-" "Mozilla/5.0 (Macintosh; Intel Mac OS X 10_12_3) AppleWebKit/537.36 (KHTML, like Gecko) Chrome/56.0.2924.87 Safari/537.36"
94.72.101.21 - - [02/Nov/2024:19:44:11 +0000] "GET /integrations/twilio/dev/service.yaml HTTP/1.1" 404 564 "-" "Mozilla/5.0 (Macintosh; Intel Mac OS X 10_12_3) AppleWebKit/537.36 (KHTML, like Gecko) Chrome/56.0.2924.87 Safari/537.36"
94.72.101.21 - - [02/Nov/2024:19:44:11 +0000] "GET /microservices/inventory/v1/schema.sql HTTP/1.1" 404 564 "-" "Mozilla/5.0 (Macintosh; Intel Mac OS X 10_12_3) AppleWebKit/537.36 (KHTML, like Gecko) Chrome/56.0.2924.87 Safari/537.36"
94.72.101.21 - - [02/Nov/2024:19:44:11 +0000] "GET /microservices/user-service/src/swagger.json HTTP/1.1" 404 564 "-" "Mozilla/5.0 (Macintosh; Intel Mac OS X 10_12_3) AppleWebKit/537.36 (KHTML, like Gecko) Chrome/56.0.2924.87 Safari/537.36"
94.72.101.21 - - [02/Nov/2024:19:44:12 +0000] "GET /config/database/dev/secrets.env HTTP/1.1" 404 564 "-" "Mozilla/5.0 (Macintosh; Intel Mac OS X 10_12_3) AppleWebKit/537.36 (KHTML, like Gecko) Chrome/56.0.2924.87 Safari/537.36"
94.72.101.21 - - [02/Nov/2024:19:44:12 +0000] "GET /backend/express/dist/requirements.txt HTTP/1.1" 404 564 "-" "Mozilla/5.0 (Macintosh; Intel Mac OS X 10_12_3) AppleWebKit/537.36 (KHTML, like Gecko) Chrome/56.0.2924.87 Safari/537.36"
94.72.101.21 - - [02/Nov/2024:19:44:12 +0000] "GET /ci-cd/github/v2/app.py HTTP/1.1" 404 564 "-" "Mozilla/5.0 (Macintosh; Intel Mac OS X 10_12_3) AppleWebKit/537.36 (KHTML, like Gecko) Chrome/56.0.2924.87 Safari/537.36"
94.72.101.21 - - [02/Nov/2024:19:44:13 +0000] "GET /integrations/stripe/prod/service.yaml HTTP/1.1" 404 564 "-" "Mozilla/5.0 (Macintosh; Intel Mac OS X 10_12_3) AppleWebKit/537.36 (KHTML, like Gecko) Chrome/56.0.2924.87 Safari/537.36"
94.72.101.21 - - [02/Nov/2024:19:44:14 +0000] "GET /docs/readme/dist/requirements.txt HTTP/1.1" 404 564 "-" "Mozilla/5.0 (Macintosh; Intel Mac OS X 10_12_3) AppleWebKit/537.36 (KHTML, like Gecko) Chrome/56.0.2924.87 Safari/537.36"
94.72.101.21 - - [02/Nov/2024:19:44:14 +0000] "GET /frontend/svelte-app/dist/main.js HTTP/1.1" 404 564 "-" "Mozilla/5.0 (Macintosh; Intel Mac OS X 10_12_3) AppleWebKit/537.36 (KHTML, like Gecko) Chrome/56.0.2924.87 Safari/537.36"
94.72.101.21 - - [02/Nov/2024:19:44:14 +0000] "GET /config/database/dist/main.js HTTP/1.1" 404 564 "-" "Mozilla/5.0 (Macintosh; Intel Mac OS X 10_12_3) AppleWebKit/537.36 (KHTML, like Gecko) Chrome/56.0.2924.87 Safari/537.36"
94.72.101.21 - - [02/Nov/2024:19:44:14 +0000] "GET /frontend/nextjs/v2/Dockerfile HTTP/1.1" 404 564 "-" "Mozilla/5.0 (Macintosh; Intel Mac OS X 10_12_3) AppleWebKit/537.36 (KHTML, like Gecko) Chrome/56.0.2924.87 Safari/537.36"
94.72.101.21 - - [02/Nov/2024:19:44:15 +0000] "GET /microservices/payment-service/dist/policy.json HTTP/1.1" 404 564 "-" "Mozilla/5.0 (Macintosh; Intel Mac OS X 10_12_3) AppleWebKit/537.36 (KHTML, like Gecko) Chrome/56.0.2924.87 Safari/537.36"
94.72.101.21 - - [02/Nov/2024:19:44:15 +0000] "GET /frontend/vue-app/dist/.env HTTP/1.1" 404 564 "-" "Mozilla/5.0 (Macintosh; Intel Mac OS X 10_12_3) AppleWebKit/537.36 (KHTML, like Gecko) Chrome/56.0.2924.87 Safari/537.36"
94.72.101.21 - - [02/Nov/2024:19:44:15 +0000] "GET /audit/logs/dev/setup.py HTTP/1.1" 404 564 "-" "Mozilla/5.0 (Macintosh; Intel Mac OS X 10_12_3) AppleWebKit/537.36 (KHTML, like Gecko) Chrome/56.0.2924.87 Safari/537.36"
94.72.101.21 - - [02/Nov/2024:19:44:15 +0000] "GET /config/azure/prod/policy.json HTTP/1.1" 404 564 "-" "Mozilla/5.0 (Macintosh; Intel Mac OS X 10_12_3) AppleWebKit/537.36 (KHTML, like Gecko) Chrome/56.0.2924.87 Safari/537.36"
94.72.101.21 - - [02/Nov/2024:19:44:15 +0000] "GET /data/etl_jobs/v1/README.md HTTP/1.1" 404 564 "-" "Mozilla/5.0 (Macintosh; Intel Mac OS X 10_12_3) AppleWebKit/537.36 (KHTML, like Gecko) Chrome/56.0.2924.87 Safari/537.36"
94.72.101.21 - - [02/Nov/2024:19:44:16 +0000] "GET /integrations/stripe/dist/policy.json HTTP/1.1" 404 564 "-" "Mozilla/5.0 (Macintosh; Intel Mac OS X 10_12_3) AppleWebKit/537.36 (KHTML, like Gecko) Chrome/56.0.2924.87 Safari/537.36"
94.72.101.21 - - [02/Nov/2024:19:44:16 +0000] "GET /backend/express/dist/policy.json HTTP/1.1" 404 564 "-" "Mozilla/5.0 (Macintosh; Intel Mac OS X 10_12_3) AppleWebKit/537.36 (KHTML, like Gecko) Chrome/56.0.2924.87 Safari/537.36"
94.72.101.21 - - [02/Nov/2024:19:44:17 +0000] "GET /secrets/v1/config.json HTTP/1.1" 404 564 "-" "Mozilla/5.0 (Macintosh; Intel Mac OS X 10_12_3) AppleWebKit/537.36 (KHTML, like Gecko) Chrome/56.0.2924.87 Safari/537.36"
94.72.101.21 - - [02/Nov/2024:19:44:17 +0000] "GET /integrations/slack/dev/schema.sql HTTP/1.1" 404 564 "-" "Mozilla/5.0 (Macintosh; Intel Mac OS X 10_12_3) AppleWebKit/537.36 (KHTML, like Gecko) Chrome/56.0.2924.87 Safari/537.36"
94.72.101.21 - - [02/Nov/2024:19:44:17 +0000] "GET /audit/logs/dev/requirements.txt HTTP/1.1" 404 564 "-" "Mozilla/5.0 (Macintosh; Intel Mac OS X 10_12_3) AppleWebKit/537.36 (KHTML, like Gecko) Chrome/56.0.2924.87 Safari/537.36"
94.72.101.21 - - [02/Nov/2024:19:44:17 +0000] "GET /security/vault/prod/README.md HTTP/1.1" 404 564 "-" "Mozilla/5.0 (Macintosh; Intel Mac OS X 10_12_3) AppleWebKit/537.36 (KHTML, like Gecko) Chrome/56.0.2924.87 Safari/537.36"
94.72.101.21 - - [02/Nov/2024:19:44:18 +0000] "GET /microservices/user-service/v1/.env HTTP/1.1" 404 564 "-" "Mozilla/5.0 (Macintosh; Intel Mac OS X 10_12_3) AppleWebKit/537.36 (KHTML, like Gecko) Chrome/56.0.2924.87 Safari/537.36"
94.72.101.21 - - [02/Nov/2024:19:44:18 +0000] "GET /k8s/src/policy.json HTTP/1.1" 404 564 "-" "Mozilla/5.0 (Macintosh; Intel Mac OS X 10_12_3) AppleWebKit/537.36 (KHTML, like Gecko) Chrome/56.0.2924.87 Safari/537.36"
94.72.101.21 - - [02/Nov/2024:19:44:18 +0000] "GET /terraform/environments/prod/dist/swagger.json HTTP/1.1" 404 564 "-" "Mozilla/5.0 (Macintosh; Intel Mac OS X 10_12_3) AppleWebKit/537.36 (KHTML, like Gecko) Chrome/56.0.2924.87 Safari/537.36"
94.72.101.21 - - [02/Nov/2024:19:44:18 +0000] "GET /data_sources/prod/app.py HTTP/1.1" 404 564 "-" "Mozilla/5.0 (Macintosh; Intel Mac OS X 10_12_3) AppleWebKit/537.36 (KHTML, like Gecko) Chrome/56.0.2924.87 Safari/537.36"
94.72.101.21 - - [02/Nov/2024:19:44:18 +0000] "GET /compliance/reports/v1/deployment.yaml HTTP/1.1" 404 564 "-" "Mozilla/5.0 (Macintosh; Intel Mac OS X 10_12_3) AppleWebKit/537.36 (KHTML, like Gecko) Chrome/56.0.2924.87 Safari/537.36"
94.72.101.21 - - [02/Nov/2024:19:44:18 +0000] "GET /config/env/v2/index.js HTTP/1.1" 404 564 "-" "Mozilla/5.0 (Macintosh; Intel Mac OS X 10_12_3) AppleWebKit/537.36 (KHTML, like Gecko) Chrome/56.0.2924.87 Safari/537.36"
94.72.101.21 - - [02/Nov/2024:19:44:19 +0000] "GET /config/aws/prod/schema.sql HTTP/1.1" 404 564 "-" "Mozilla/5.0 (Macintosh; Intel Mac OS X 10_12_3) AppleWebKit/537.36 (KHTML, like Gecko) Chrome/56.0.2924.87 Safari/537.36"
94.72.101.21 - - [02/Nov/2024:19:44:19 +0000] "GET /security/vault/prod/service.yaml HTTP/1.1" 404 564 "-" "Mozilla/5.0 (Macintosh; Intel Mac OS X 10_12_3) AppleWebKit/537.36 (KHTML, like Gecko) Chrome/56.0.2924.87 Safari/537.36"
94.72.101.21 - - [02/Nov/2024:19:44:19 +0000] "GET /audit/logs/v2/secrets.env HTTP/1.1" 404 564 "-" "Mozilla/5.0 (Macintosh; Intel Mac OS X 10_12_3) AppleWebKit/537.36 (KHTML, like Gecko) Chrome/56.0.2924.87 Safari/537.36"
94.72.101.21 - - [02/Nov/2024:19:44:20 +0000] "GET /data_sources/src/policy.json HTTP/1.1" 404 564 "-" "Mozilla/5.0 (Macintosh; Intel Mac OS X 10_12_3) AppleWebKit/537.36 (KHTML, like Gecko) Chrome/56.0.2924.87 Safari/537.36"
94.72.101.21 - - [02/Nov/2024:19:44:20 +0000] "GET /backend/express/v2/requirements.txt HTTP/1.1" 404 564 "-" "Mozilla/5.0 (Macintosh; Intel Mac OS X 10_12_3) AppleWebKit/537.36 (KHTML, like Gecko) Chrome/56.0.2924.87 Safari/537.36"
94.72.101.21 - - [02/Nov/2024:19:44:20 +0000] "GET /integrations/twilio/dist/index.js HTTP/1.1" 404 564 "-" "Mozilla/5.0 (Macintosh; Intel Mac OS X 10_12_3) AppleWebKit/537.36 (KHTML, like Gecko) Chrome/56.0.2924.87 Safari/537.36"
94.72.101.21 - - [02/Nov/2024:19:44:21 +0000] "GET /frontend/vue-app/v2/index.js HTTP/1.1" 404 564 "-" "Mozilla/5.0 (Macintosh; Intel Mac OS X 10_12_3) AppleWebKit/537.36 (KHTML, like Gecko) Chrome/56.0.2924.87 Safari/537.36"
94.72.101.21 - - [02/Nov/2024:19:44:21 +0000] "GET /microservices/inventory/v2/requirements.txt HTTP/1.1" 404 564 "-" "Mozilla/5.0 (Macintosh; Intel Mac OS X 10_12_3) AppleWebKit/537.36 (KHTML, like Gecko) Chrome/56.0.2924.87 Safari/537.36"
94.72.101.21 - - [02/Nov/2024:19:44:21 +0000] "GET /microservices/inventory/dev/policy.json HTTP/1.1" 404 564 "-" "Mozilla/5.0 (Macintosh; Intel Mac OS X 10_12_3) AppleWebKit/537.36 (KHTML, like Gecko) Chrome/56.0.2924.87 Safari/537.36"
94.72.101.21 - - [02/Nov/2024:19:44:21 +0000] "GET /integrations/slack/src/index.js HTTP/1.1" 404 564 "-" "Mozilla/5.0 (Macintosh; Intel Mac OS X 10_12_3) AppleWebKit/537.36 (KHTML, like Gecko) Chrome/56.0.2924.87 Safari/537.36"
94.72.101.21 - - [02/Nov/2024:19:44:21 +0000] "GET /secrets/v1/policy.json HTTP/1.1" 404 564 "-" "Mozilla/5.0 (Macintosh; Intel Mac OS X 10_12_3) AppleWebKit/537.36 (KHTML, like Gecko) Chrome/56.0.2924.87 Safari/537.36"
94.72.101.21 - - [02/Nov/2024:19:44:22 +0000] "GET /frontend/svelte-app/v2/index.js HTTP/1.1" 404 564 "-" "Mozilla/5.0 (Macintosh; Intel Mac OS X 10_12_3) AppleWebKit/537.36 (KHTML, like Gecko) Chrome/56.0.2924.87 Safari/537.36"
94.72.101.21 - - [02/Nov/2024:19:44:22 +0000] "GET /integrations/stripe/prod/deployment.yaml HTTP/1.1" 404 564 "-" "Mozilla/5.0 (Macintosh; Intel Mac OS X 10_12_3) AppleWebKit/537.36 (KHTML, like Gecko) Chrome/56.0.2924.87 Safari/537.36"
94.72.101.21 - - [02/Nov/2024:19:44:22 +0000] "GET /integrations/twilio/prod/setup.py HTTP/1.1" 404 564 "-" "Mozilla/5.0 (Macintosh; Intel Mac OS X 10_12_3) AppleWebKit/537.36 (KHTML, like Gecko) Chrome/56.0.2924.87 Safari/537.36"
94.72.101.21 - - [02/Nov/2024:19:44:22 +0000] "GET /integrations/stripe/v1/schema.sql HTTP/1.1" 404 564 "-" "Mozilla/5.0 (Macintosh; Intel Mac OS X 10_12_3) AppleWebKit/537.36 (KHTML, like Gecko) Chrome/56.0.2924.87 Safari/537.36"
94.72.101.21 - - [02/Nov/2024:19:44:22 +0000] "GET /frontend/vue-app/v2/app.py HTTP/1.1" 404 564 "-" "Mozilla/5.0 (Macintosh; Intel Mac OS X 10_12_3) AppleWebKit/537.36 (KHTML, like Gecko) Chrome/56.0.2924.87 Safari/537.36"
94.72.101.21 - - [02/Nov/2024:19:44:23 +0000] "GET /backend/nestjs/v2/requirements.txt HTTP/1.1" 404 564 "-" "Mozilla/5.0 (Macintosh; Intel Mac OS X 10_12_3) AppleWebKit/537.36 (KHTML, like Gecko) Chrome/56.0.2924.87 Safari/537.36"
94.72.101.21 - - [02/Nov/2024:19:44:23 +0000] "GET /terraform/environments/prod/dist/.env HTTP/1.1" 404 564 "-" "Mozilla/5.0 (Macintosh; Intel Mac OS X 10_12_3) AppleWebKit/537.36 (KHTML, like Gecko) Chrome/56.0.2924.87 Safari/537.36"
94.72.101.21 - - [02/Nov/2024:19:44:23 +0000] "GET /config/env/src/service.yaml HTTP/1.1" 404 564 "-" "Mozilla/5.0 (Macintosh; Intel Mac OS X 10_12_3) AppleWebKit/537.36 (KHTML, like Gecko) Chrome/56.0.2924.87 Safari/537.36"
94.72.101.21 - - [02/Nov/2024:19:44:23 +0000] "GET /data_sources/v2/variables.tf HTTP/1.1" 404 564 "-" "Mozilla/5.0 (Macintosh; Intel Mac OS X 10_12_3) AppleWebKit/537.36 (KHTML, like Gecko) Chrome/56.0.2924.87 Safari/537.36"
94.72.101.21 - - [02/Nov/2024:19:44:23 +0000] "GET /config/database/dist/README.md HTTP/1.1" 404 564 "-" "Mozilla/5.0 (Macintosh; Intel Mac OS X 10_12_3) AppleWebKit/537.36 (KHTML, like Gecko) Chrome/56.0.2924.87 Safari/537.36"
94.72.101.21 - - [02/Nov/2024:19:44:23 +0000] "GET /backend/fastapi/prod/service.yaml HTTP/1.1" 404 564 "-" "Mozilla/5.0 (Macintosh; Intel Mac OS X 10_12_3) AppleWebKit/537.36 (KHTML, like Gecko) Chrome/56.0.2924.87 Safari/537.36"
94.72.101.21 - - [02/Nov/2024:19:44:24 +0000] "GET /frontend/svelte-app/src/index.js HTTP/1.1" 404 564 "-" "Mozilla/5.0 (Macintosh; Intel Mac OS X 10_12_3) AppleWebKit/537.36 (KHTML, like Gecko) Chrome/56.0.2924.87 Safari/537.36"
94.72.101.21 - - [02/Nov/2024:19:44:24 +0000] "GET /docs/readme/prod/README.md HTTP/1.1" 404 564 "-" "Mozilla/5.0 (Macintosh; Intel Mac OS X 10_12_3) AppleWebKit/537.36 (KHTML, like Gecko) Chrome/56.0.2924.87 Safari/537.36"
94.72.101.21 - - [02/Nov/2024:19:44:24 +0000] "GET /integrations/slack/dist/schema.sql HTTP/1.1" 404 564 "-" "Mozilla/5.0 (Macintosh; Intel Mac OS X 10_12_3) AppleWebKit/537.36 (KHTML, like Gecko) Chrome/56.0.2924.87 Safari/537.36"
94.72.101.21 - - [02/Nov/2024:19:44:25 +0000] "GET /secrets/v2/main.js HTTP/1.1" 404 564 "-" "Mozilla/5.0 (Macintosh; Intel Mac OS X 10_12_3) AppleWebKit/537.36 (KHTML, like Gecko) Chrome/56.0.2924.87 Safari/537.36"
94.72.101.21 - - [02/Nov/2024:19:44:25 +0000] "GET /compliance/reports/dist/setup.py HTTP/1.1" 404 564 "-" "Mozilla/5.0 (Macintosh; Intel Mac OS X 10_12_3) AppleWebKit/537.36 (KHTML, like Gecko) Chrome/56.0.2924.87 Safari/537.36"
94.72.101.21 - - [02/Nov/2024:19:44:25 +0000] "GET /integrations/stripe/dev/config.json HTTP/1.1" 404 564 "-" "Mozilla/5.0 (Macintosh; Intel Mac OS X 10_12_3) AppleWebKit/537.36 (KHTML, like Gecko) Chrome/56.0.2924.87 Safari/537.36"
94.72.101.21 - - [02/Nov/2024:19:44:25 +0000] "GET /backend/fastapi/src/.env HTTP/1.1" 404 564 "-" "Mozilla/5.0 (Macintosh; Intel Mac OS X 10_12_3) AppleWebKit/537.36 (KHTML, like Gecko) Chrome/56.0.2924.87 Safari/537.36"
94.72.101.21 - - [02/Nov/2024:19:44:26 +0000] "GET /frontend/nextjs/v2/main.js HTTP/1.1" 404 564 "-" "Mozilla/5.0 (Macintosh; Intel Mac OS X 10_12_3) AppleWebKit/537.36 (KHTML, like Gecko) Chrome/56.0.2924.87 Safari/537.36"
94.72.101.21 - - [02/Nov/2024:19:44:26 +0000] "GET /frontend/nextjs/v1/service.yaml HTTP/1.1" 404 564 "-" "Mozilla/5.0 (Macintosh; Intel Mac OS X 10_12_3) AppleWebKit/537.36 (KHTML, like Gecko) Chrome/56.0.2924.87 Safari/537.36"
94.72.101.21 - - [02/Nov/2024:19:44:26 +0000] "GET /integrations/slack/prod/policy.json HTTP/1.1" 404 564 "-" "Mozilla/5.0 (Macintosh; Intel Mac OS X 10_12_3) AppleWebKit/537.36 (KHTML, like Gecko) Chrome/56.0.2924.87 Safari/537.36"
94.72.101.21 - - [02/Nov/2024:19:44:26 +0000] "GET /audit/logs/v2/config.json HTTP/1.1" 404 564 "-" "Mozilla/5.0 (Macintosh; Intel Mac OS X 10_12_3) AppleWebKit/537.36 (KHTML, like Gecko) Chrome/56.0.2924.87 Safari/537.36"
94.72.101.21 - - [02/Nov/2024:19:44:27 +0000] "GET /frontend/react-app/dist/Dockerfile HTTP/1.1" 404 564 "-" "Mozilla/5.0 (Macintosh; Intel Mac OS X 10_12_3) AppleWebKit/537.36 (KHTML, like Gecko) Chrome/56.0.2924.87 Safari/537.36"
94.72.101.21 - - [02/Nov/2024:19:44:27 +0000] "GET /integrations/slack/dist/policy.json HTTP/1.1" 404 564 "-" "Mozilla/5.0 (Macintosh; Intel Mac OS X 10_12_3) AppleWebKit/537.36 (KHTML, like Gecko) Chrome/56.0.2924.87 Safari/537.36"
94.72.101.21 - - [02/Nov/2024:19:44:27 +0000] "GET /backend/fastapi/prod/policy.json HTTP/1.1" 404 564 "-" "Mozilla/5.0 (Macintosh; Intel Mac OS X 10_12_3) AppleWebKit/537.36 (KHTML, like Gecko) Chrome/56.0.2924.87 Safari/537.36"
94.72.101.21 - - [02/Nov/2024:19:44:27 +0000] "GET /docs/readme/v1/policy.json HTTP/1.1" 404 564 "-" "Mozilla/5.0 (Macintosh; Intel Mac OS X 10_12_3) AppleWebKit/537.36 (KHTML, like Gecko) Chrome/56.0.2924.87 Safari/537.36"
94.72.101.21 - - [02/Nov/2024:19:44:27 +0000] "GET /frontend/react-app/dev/README.md HTTP/1.1" 404 564 "-" "Mozilla/5.0 (Macintosh; Intel Mac OS X 10_12_3) AppleWebKit/537.36 (KHTML, like Gecko) Chrome/56.0.2924.87 Safari/537.36"
94.72.101.21 - - [02/Nov/2024:19:44:27 +0000] "GET /config/env/dist/config.json HTTP/1.1" 404 564 "-" "Mozilla/5.0 (Macintosh; Intel Mac OS X 10_12_3) AppleWebKit/537.36 (KHTML, like Gecko) Chrome/56.0.2924.87 Safari/537.36"
94.72.101.21 - - [02/Nov/2024:19:44:28 +0000] "GET /backend/koa/dist/schema.sql HTTP/1.1" 404 564 "-" "Mozilla/5.0 (Macintosh; Intel Mac OS X 10_12_3) AppleWebKit/537.36 (KHTML, like Gecko) Chrome/56.0.2924.87 Safari/537.36"
94.72.101.21 - - [02/Nov/2024:19:44:28 +0000] "GET /backend/nestjs/v2/variables.tf HTTP/1.1" 404 564 "-" "Mozilla/5.0 (Macintosh; Intel Mac OS X 10_12_3) AppleWebKit/537.36 (KHTML, like Gecko) Chrome/56.0.2924.87 Safari/537.36"
94.72.101.21 - - [02/Nov/2024:19:44:28 +0000] "GET /ci-cd/github/v2/deployment.yaml HTTP/1.1" 404 564 "-" "Mozilla/5.0 (Macintosh; Intel Mac OS X 10_12_3) AppleWebKit/537.36 (KHTML, like Gecko) Chrome/56.0.2924.87 Safari/537.36"
94.72.101.21 - - [02/Nov/2024:19:44:28 +0000] "GET /docs/api_v2/dev/Dockerfile HTTP/1.1" 404 564 "-" "Mozilla/5.0 (Macintosh; Intel Mac OS X 10_12_3) AppleWebKit/537.36 (KHTML, like Gecko) Chrome/56.0.2924.87 Safari/537.36"
94.72.101.21 - - [02/Nov/2024:19:44:28 +0000] "GET /integrations/twilio/prod/index.js HTTP/1.1" 404 564 "-" "Mozilla/5.0 (Macintosh; Intel Mac OS X 10_12_3) AppleWebKit/537.36 (KHTML, like Gecko) Chrome/56.0.2924.87 Safari/537.36"
94.72.101.21 - - [02/Nov/2024:19:44:28 +0000] "GET /docs/readme/v2/requirements.txt HTTP/1.1" 404 564 "-" "Mozilla/5.0 (Macintosh; Intel Mac OS X 10_12_3) AppleWebKit/537.36 (KHTML, like Gecko) Chrome/56.0.2924.87 Safari/537.36"
94.72.101.21 - - [02/Nov/2024:19:44:29 +0000] "GET /integrations/slack/prod/Dockerfile HTTP/1.1" 404 564 "-" "Mozilla/5.0 (Macintosh; Intel Mac OS X 10_12_3) AppleWebKit/537.36 (KHTML, like Gecko) Chrome/56.0.2924.87 Safari/537.36"
94.72.101.21 - - [02/Nov/2024:19:44:29 +0000] "GET /backend/fastapi/dev/index.js HTTP/1.1" 404 564 "-" "Mozilla/5.0 (Macintosh; Intel Mac OS X 10_12_3) AppleWebKit/537.36 (KHTML, like Gecko) Chrome/56.0.2924.87 Safari/537.36"
94.72.101.21 - - [02/Nov/2024:19:44:29 +0000] "GET /frontend/vue-app/v1/app.py HTTP/1.1" 404 564 "-" "Mozilla/5.0 (Macintosh; Intel Mac OS X 10_12_3) AppleWebKit/537.36 (KHTML, like Gecko) Chrome/56.0.2924.87 Safari/537.36"
94.72.101.21 - - [02/Nov/2024:19:44:29 +0000] "GET /frontend/react-app/v1/setup.py HTTP/1.1" 404 564 "-" "Mozilla/5.0 (Macintosh; Intel Mac OS X 10_12_3) AppleWebKit/537.36 (KHTML, like Gecko) Chrome/56.0.2924.87 Safari/537.36"
94.72.101.21 - - [02/Nov/2024:19:44:29 +0000] "GET /ci-cd/github/v1/setup.py HTTP/1.1" 404 564 "-" "Mozilla/5.0 (Macintosh; Intel Mac OS X 10_12_3) AppleWebKit/537.36 (KHTML, like Gecko) Chrome/56.0.2924.87 Safari/537.36"
94.72.101.21 - - [02/Nov/2024:19:44:29 +0000] "GET /config/env/dist/variables.tf HTTP/1.1" 404 564 "-" "Mozilla/5.0 (Macintosh; Intel Mac OS X 10_12_3) AppleWebKit/537.36 (KHTML, like Gecko) Chrome/56.0.2924.87 Safari/537.36"
94.72.101.21 - - [02/Nov/2024:19:44:30 +0000] "GET /backend/koa/v1/setup.py HTTP/1.1" 404 564 "-" "Mozilla/5.0 (Macintosh; Intel Mac OS X 10_12_3) AppleWebKit/537.36 (KHTML, like Gecko) Chrome/56.0.2924.87 Safari/537.36"
94.72.101.21 - - [02/Nov/2024:19:44:30 +0000] "GET /docs/api_v2/dev/swagger.json HTTP/1.1" 404 564 "-" "Mozilla/5.0 (Macintosh; Intel Mac OS X 10_12_3) AppleWebKit/537.36 (KHTML, like Gecko) Chrome/56.0.2924.87 Safari/537.36"
94.72.101.21 - - [02/Nov/2024:19:44:30 +0000] "GET /terraform/environments/prod/dev/policy.json HTTP/1.1" 404 564 "-" "Mozilla/5.0 (Macintosh; Intel Mac OS X 10_12_3) AppleWebKit/537.36 (KHTML, like Gecko) Chrome/56.0.2924.87 Safari/537.36"
94.72.101.21 - - [02/Nov/2024:19:44:30 +0000] "GET /microservices/payment-service/v2/setup.py HTTP/1.1" 404 564 "-" "Mozilla/5.0 (Macintosh; Intel Mac OS X 10_12_3) AppleWebKit/537.36 (KHTML, like Gecko) Chrome/56.0.2924.87 Safari/537.36"
94.72.101.21 - - [02/Nov/2024:19:44:31 +0000] "GET /config/database/v1/deployment.yaml HTTP/1.1" 404 564 "-" "Mozilla/5.0 (Macintosh; Intel Mac OS X 10_12_3) AppleWebKit/537.36 (KHTML, like Gecko) Chrome/56.0.2924.87 Safari/537.36"
94.72.101.21 - - [02/Nov/2024:19:44:31 +0000] "GET /backend/koa/v2/.env HTTP/1.1" 404 564 "-" "Mozilla/5.0 (Macintosh; Intel Mac OS X 10_12_3) AppleWebKit/537.36 (KHTML, like Gecko) Chrome/56.0.2924.87 Safari/537.36"
94.72.101.21 - - [02/Nov/2024:19:44:31 +0000] "GET /frontend/svelte-app/v2/variables.tf HTTP/1.1" 404 564 "-" "Mozilla/5.0 (Macintosh; Intel Mac OS X 10_12_3) AppleWebKit/537.36 (KHTML, like Gecko) Chrome/56.0.2924.87 Safari/537.36"
94.72.101.21 - - [02/Nov/2024:19:44:31 +0000] "GET /integrations/slack/dev/app.py HTTP/1.1" 404 564 "-" "Mozilla/5.0 (Macintosh; Intel Mac OS X 10_12_3) AppleWebKit/537.36 (KHTML, like Gecko) Chrome/56.0.2924.87 Safari/537.36"
94.72.101.21 - - [02/Nov/2024:19:44:31 +0000] "GET /integrations/stripe/v2/requirements.txt HTTP/1.1" 404 564 "-" "Mozilla/5.0 (Macintosh; Intel Mac OS X 10_12_3) AppleWebKit/537.36 (KHTML, like Gecko) Chrome/56.0.2924.87 Safari/537.36"
94.72.101.21 - - [02/Nov/2024:19:44:32 +0000] "GET /ci-cd/gitlab/prod/policy.json HTTP/1.1" 404 564 "-" "Mozilla/5.0 (Macintosh; Intel Mac OS X 10_12_3) AppleWebKit/537.36 (KHTML, like Gecko) Chrome/56.0.2924.87 Safari/537.36"
94.72.101.21 - - [02/Nov/2024:19:44:32 +0000] "GET /security/vault/v1/config.json HTTP/1.1" 404 564 "-" "Mozilla/5.0 (Macintosh; Intel Mac OS X 10_12_3) AppleWebKit/537.36 (KHTML, like Gecko) Chrome/56.0.2924.87 Safari/537.36"
94.72.101.21 - - [02/Nov/2024:19:44:32 +0000] "GET /pipelines/dataflow/dev/index.js HTTP/1.1" 404 564 "-" "Mozilla/5.0 (Macintosh; Intel Mac OS X 10_12_3) AppleWebKit/537.36 (KHTML, like Gecko) Chrome/56.0.2924.87 Safari/537.36"
94.72.101.21 - - [02/Nov/2024:19:44:32 +0000] "GET /pipelines/dataflow/v1/secrets.env HTTP/1.1" 404 564 "-" "Mozilla/5.0 (Macintosh; Intel Mac OS X 10_12_3) AppleWebKit/537.36 (KHTML, like Gecko) Chrome/56.0.2924.87 Safari/537.36"
94.72.101.21 - - [02/Nov/2024:19:44:33 +0000] "GET /microservices/inventory/v1/deployment.yaml HTTP/1.1" 404 564 "-" "Mozilla/5.0 (Macintosh; Intel Mac OS X 10_12_3) AppleWebKit/537.36 (KHTML, like Gecko) Chrome/56.0.2924.87 Safari/537.36"
94.72.101.21 - - [02/Nov/2024:19:44:33 +0000] "GET /compliance/reports/dist/config.json HTTP/1.1" 404 564 "-" "Mozilla/5.0 (Macintosh; Intel Mac OS X 10_12_3) AppleWebKit/537.36 (KHTML, like Gecko) Chrome/56.0.2924.87 Safari/537.36"
94.72.101.21 - - [02/Nov/2024:19:44:33 +0000] "GET /microservices/user-service/dev/index.js HTTP/1.1" 404 564 "-" "Mozilla/5.0 (Macintosh; Intel Mac OS X 10_12_3) AppleWebKit/537.36 (KHTML, like Gecko) Chrome/56.0.2924.87 Safari/537.36"
94.72.101.21 - - [02/Nov/2024:19:44:33 +0000] "GET /backend/koa/dev/variables.tf HTTP/1.1" 404 564 "-" "Mozilla/5.0 (Macintosh; Intel Mac OS X 10_12_3) AppleWebKit/537.36 (KHTML, like Gecko) Chrome/56.0.2924.87 Safari/537.36"
94.72.101.21 - - [02/Nov/2024:19:44:34 +0000] "GET /frontend/svelte-app/v2/schema.sql HTTP/1.1" 404 564 "-" "Mozilla/5.0 (Macintosh; Intel Mac OS X 10_12_3) AppleWebKit/537.36 (KHTML, like Gecko) Chrome/56.0.2924.87 Safari/537.36"
94.72.101.21 - - [02/Nov/2024:19:44:34 +0000] "GET /documentation/architecture/v2/variables.tf HTTP/1.1" 404 564 "-" "Mozilla/5.0 (Macintosh; Intel Mac OS X 10_12_3) AppleWebKit/537.36 (KHTML, like Gecko) Chrome/56.0.2924.87 Safari/537.36"
94.72.101.21 - - [02/Nov/2024:19:44:34 +0000] "GET /microservices/payment-service/v1/main.js HTTP/1.1" 404 564 "-" "Mozilla/5.0 (Macintosh; Intel Mac OS X 10_12_3) AppleWebKit/537.36 (KHTML, like Gecko) Chrome/56.0.2924.87 Safari/537.36"
94.72.101.21 - - [02/Nov/2024:19:44:34 +0000] "GET /backend/fastapi/dist/secrets.env HTTP/1.1" 404 564 "-" "Mozilla/5.0 (Macintosh; Intel Mac OS X 10_12_3) AppleWebKit/537.36 (KHTML, like Gecko) Chrome/56.0.2924.87 Safari/537.36"
94.72.101.21 - - [02/Nov/2024:19:44:34 +0000] "GET /compliance/reports/dist/swagger.json HTTP/1.1" 404 564 "-" "Mozilla/5.0 (Macintosh; Intel Mac OS X 10_12_3) AppleWebKit/537.36 (KHTML, like Gecko) Chrome/56.0.2924.87 Safari/537.36"
94.72.101.21 - - [02/Nov/2024:19:44:34 +0000] "GET /config/database/prod/Dockerfile HTTP/1.1" 404 564 "-" "Mozilla/5.0 (Macintosh; Intel Mac OS X 10_12_3) AppleWebKit/537.36 (KHTML, like Gecko) Chrome/56.0.2924.87 Safari/537.36"
94.72.101.21 - - [02/Nov/2024:19:44:35 +0000] "GET /secrets/prod/deployment.yaml HTTP/1.1" 404 564 "-" "Mozilla/5.0 (Macintosh; Intel Mac OS X 10_12_3) AppleWebKit/537.36 (KHTML, like Gecko) Chrome/56.0.2924.87 Safari/537.36"
94.72.101.21 - - [02/Nov/2024:19:44:36 +0000] "GET /config/env/src/config.json HTTP/1.1" 404 564 "-" "Mozilla/5.0 (Macintosh; Intel Mac OS X 10_12_3) AppleWebKit/537.36 (KHTML, like Gecko) Chrome/56.0.2924.87 Safari/537.36"
94.72.101.21 - - [02/Nov/2024:19:44:36 +0000] "GET /data_sources/v1/.env HTTP/1.1" 404 564 "-" "Mozilla/5.0 (Macintosh; Intel Mac OS X 10_12_3) AppleWebKit/537.36 (KHTML, like Gecko) Chrome/56.0.2924.87 Safari/537.36"
94.72.101.21 - - [02/Nov/2024:19:44:36 +0000] "GET /ci-cd/gitlab/v2/service.yaml HTTP/1.1" 404 564 "-" "Mozilla/5.0 (Macintosh; Intel Mac OS X 10_12_3) AppleWebKit/537.36 (KHTML, like Gecko) Chrome/56.0.2924.87 Safari/537.36"
94.72.101.21 - - [02/Nov/2024:19:44:36 +0000] "GET /secrets/dev/variables.tf HTTP/1.1" 404 564 "-" "Mozilla/5.0 (Macintosh; Intel Mac OS X 10_12_3) AppleWebKit/537.36 (KHTML, like Gecko) Chrome/56.0.2924.87 Safari/537.36"
94.72.101.21 - - [02/Nov/2024:19:44:37 +0000] "GET /security/vault/prod/requirements.txt HTTP/1.1" 404 564 "-" "Mozilla/5.0 (Macintosh; Intel Mac OS X 10_12_3) AppleWebKit/537.36 (KHTML, like Gecko) Chrome/56.0.2924.87 Safari/537.36"
94.72.101.21 - - [02/Nov/2024:19:44:37 +0000] "GET /docs/readme/src/swagger.json HTTP/1.1" 404 564 "-" "Mozilla/5.0 (Macintosh; Intel Mac OS X 10_12_3) AppleWebKit/537.36 (KHTML, like Gecko) Chrome/56.0.2924.87 Safari/537.36"
94.72.101.21 - - [02/Nov/2024:19:44:37 +0000] "GET /ci-cd/gitlab/src/deployment.yaml HTTP/1.1" 404 564 "-" "Mozilla/5.0 (Macintosh; Intel Mac OS X 10_12_3) AppleWebKit/537.36 (KHTML, like Gecko) Chrome/56.0.2924.87 Safari/537.36"
94.72.101.21 - - [02/Nov/2024:19:44:37 +0000] "GET /frontend/nextjs/v2/service.yaml HTTP/1.1" 404 564 "-" "Mozilla/5.0 (Macintosh; Intel Mac OS X 10_12_3) AppleWebKit/537.36 (KHTML, like Gecko) Chrome/56.0.2924.87 Safari/537.36"
94.72.101.21 - - [02/Nov/2024:19:44:38 +0000] "GET /frontend/svelte-app/prod/requirements.txt HTTP/1.1" 404 564 "-" "Mozilla/5.0 (Macintosh; Intel Mac OS X 10_12_3) AppleWebKit/537.36 (KHTML, like Gecko) Chrome/56.0.2924.87 Safari/537.36"
94.72.101.21 - - [02/Nov/2024:19:44:38 +0000] "GET /backend/nestjs/src/index.js HTTP/1.1" 404 564 "-" "Mozilla/5.0 (Macintosh; Intel Mac OS X 10_12_3) AppleWebKit/537.36 (KHTML, like Gecko) Chrome/56.0.2924.87 Safari/537.36"
94.72.101.21 - - [02/Nov/2024:19:44:38 +0000] "GET /secrets/dist/variables.tf HTTP/1.1" 404 564 "-" "Mozilla/5.0 (Macintosh; Intel Mac OS X 10_12_3) AppleWebKit/537.36 (KHTML, like Gecko) Chrome/56.0.2924.87 Safari/537.36"
94.72.101.21 - - [02/Nov/2024:19:44:39 +0000] "GET /documentation/architecture/v2/setup.py HTTP/1.1" 404 564 "-" "Mozilla/5.0 (Macintosh; Intel Mac OS X 10_12_3) AppleWebKit/537.36 (KHTML, like Gecko) Chrome/56.0.2924.87 Safari/537.36"
94.72.101.21 - - [02/Nov/2024:19:44:39 +0000] "GET /terraform/environments/prod/dev/swagger.json HTTP/1.1" 404 564 "-" "Mozilla/5.0 (Macintosh; Intel Mac OS X 10_12_3) AppleWebKit/537.36 (KHTML, like Gecko) Chrome/56.0.2924.87 Safari/537.36"
94.72.101.21 - - [02/Nov/2024:19:44:40 +0000] "GET /backend/koa/dist/variables.tf HTTP/1.1" 404 564 "-" "Mozilla/5.0 (Macintosh; Intel Mac OS X 10_12_3) AppleWebKit/537.36 (KHTML, like Gecko) Chrome/56.0.2924.87 Safari/537.36"
94.72.101.21 - - [02/Nov/2024:19:44:40 +0000] "GET /backend/koa/src/schema.sql HTTP/1.1" 404 564 "-" "Mozilla/5.0 (Macintosh; Intel Mac OS X 10_12_3) AppleWebKit/537.36 (KHTML, like Gecko) Chrome/56.0.2924.87 Safari/537.36"
94.72.101.21 - - [02/Nov/2024:19:44:40 +0000] "GET /data/etl_jobs/v1/secrets.env HTTP/1.1" 404 564 "-" "Mozilla/5.0 (Macintosh; Intel Mac OS X 10_12_3) AppleWebKit/537.36 (KHTML, like Gecko) Chrome/56.0.2924.87 Safari/537.36"
94.72.101.21 - - [02/Nov/2024:19:44:40 +0000] "GET /integrations/stripe/dist/README.md HTTP/1.1" 404 564 "-" "Mozilla/5.0 (Macintosh; Intel Mac OS X 10_12_3) AppleWebKit/537.36 (KHTML, like Gecko) Chrome/56.0.2924.87 Safari/537.36"
94.72.101.21 - - [02/Nov/2024:19:44:40 +0000] "GET /k8s/dev/requirements.txt HTTP/1.1" 404 564 "-" "Mozilla/5.0 (Macintosh; Intel Mac OS X 10_12_3) AppleWebKit/537.36 (KHTML, like Gecko) Chrome/56.0.2924.87 Safari/537.36"
94.72.101.21 - - [02/Nov/2024:19:44:41 +0000] "GET /microservices/user-service/v1/index.js HTTP/1.1" 404 564 "-" "Mozilla/5.0 (Macintosh; Intel Mac OS X 10_12_3) AppleWebKit/537.36 (KHTML, like Gecko) Chrome/56.0.2924.87 Safari/537.36"
94.72.101.21 - - [02/Nov/2024:19:44:41 +0000] "GET /config/azure/src/index.js HTTP/1.1" 404 564 "-" "Mozilla/5.0 (Macintosh; Intel Mac OS X 10_12_3) AppleWebKit/537.36 (KHTML, like Gecko) Chrome/56.0.2924.87 Safari/537.36"
94.72.101.21 - - [02/Nov/2024:19:44:41 +0000] "GET /microservices/payment-service/v2/Dockerfile HTTP/1.1" 404 564 "-" "Mozilla/5.0 (Macintosh; Intel Mac OS X 10_12_3) AppleWebKit/537.36 (KHTML, like Gecko) Chrome/56.0.2924.87 Safari/537.36"
94.72.101.21 - - [02/Nov/2024:19:44:41 +0000] "GET /ci-cd/github/v2/main.js HTTP/1.1" 404 564 "-" "Mozilla/5.0 (Macintosh; Intel Mac OS X 10_12_3) AppleWebKit/537.36 (KHTML, like Gecko) Chrome/56.0.2924.87 Safari/537.36"
94.72.101.21 - - [02/Nov/2024:19:44:41 +0000] "GET /frontend/vue-app/dist/Dockerfile HTTP/1.1" 404 564 "-" "Mozilla/5.0 (Macintosh; Intel Mac OS X 10_12_3) AppleWebKit/537.36 (KHTML, like Gecko) Chrome/56.0.2924.87 Safari/537.36"
94.72.101.21 - - [02/Nov/2024:19:44:42 +0000] "GET /audit/logs/v1/main.js HTTP/1.1" 404 564 "-" "Mozilla/5.0 (Macintosh; Intel Mac OS X 10_12_3) AppleWebKit/537.36 (KHTML, like Gecko) Chrome/56.0.2924.87 Safari/537.36"
94.72.101.21 - - [02/Nov/2024:19:44:42 +0000] "GET /ci-cd/gitlab/v1/app.py HTTP/1.1" 404 564 "-" "Mozilla/5.0 (Macintosh; Intel Mac OS X 10_12_3) AppleWebKit/537.36 (KHTML, like Gecko) Chrome/56.0.2924.87 Safari/537.36"
94.72.101.21 - - [02/Nov/2024:19:44:42 +0000] "GET /data/etl_jobs/v1/variables.tf HTTP/1.1" 404 564 "-" "Mozilla/5.0 (Macintosh; Intel Mac OS X 10_12_3) AppleWebKit/537.36 (KHTML, like Gecko) Chrome/56.0.2924.87 Safari/537.36"
94.72.101.21 - - [02/Nov/2024:19:44:42 +0000] "GET /docs/readme/src/index.js HTTP/1.1" 404 564 "-" "Mozilla/5.0 (Macintosh; Intel Mac OS X 10_12_3) AppleWebKit/537.36 (KHTML, like Gecko) Chrome/56.0.2924.87 Safari/537.36"
94.72.101.21 - - [02/Nov/2024:19:44:43 +0000] "GET /terraform/environments/prod/prod/index.js HTTP/1.1" 404 564 "-" "Mozilla/5.0 (Macintosh; Intel Mac OS X 10_12_3) AppleWebKit/537.36 (KHTML, like Gecko) Chrome/56.0.2924.87 Safari/537.36"
94.72.101.21 - - [02/Nov/2024:19:44:43 +0000] "GET /data/etl_jobs/v2/index.js HTTP/1.1" 404 564 "-" "Mozilla/5.0 (Macintosh; Intel Mac OS X 10_12_3) AppleWebKit/537.36 (KHTML, like Gecko) Chrome/56.0.2924.87 Safari/537.36"
94.72.101.21 - - [02/Nov/2024:19:44:43 +0000] "GET /integrations/stripe/v1/secrets.env HTTP/1.1" 404 564 "-" "Mozilla/5.0 (Macintosh; Intel Mac OS X 10_12_3) AppleWebKit/537.36 (KHTML, like Gecko) Chrome/56.0.2924.87 Safari/537.36"
94.72.101.21 - - [02/Nov/2024:19:44:44 +0000] "GET /ci-cd/gitlab/v2/variables.tf HTTP/1.1" 404 564 "-" "Mozilla/5.0 (Macintosh; Intel Mac OS X 10_12_3) AppleWebKit/537.36 (KHTML, like Gecko) Chrome/56.0.2924.87 Safari/537.36"
94.72.101.21 - - [02/Nov/2024:19:44:44 +0000] "GET /integrations/stripe/v2/variables.tf HTTP/1.1" 404 564 "-" "Mozilla/5.0 (Macintosh; Intel Mac OS X 10_12_3) AppleWebKit/537.36 (KHTML, like Gecko) Chrome/56.0.2924.87 Safari/537.36"
94.72.101.21 - - [02/Nov/2024:19:44:44 +0000] "GET /data_sources/v2/.env HTTP/1.1" 404 564 "-" "Mozilla/5.0 (Macintosh; Intel Mac OS X 10_12_3) AppleWebKit/537.36 (KHTML, like Gecko) Chrome/56.0.2924.87 Safari/537.36"
94.72.101.21 - - [02/Nov/2024:19:44:44 +0000] "GET /microservices/user-service/v2/secrets.env HTTP/1.1" 404 564 "-" "Mozilla/5.0 (Macintosh; Intel Mac OS X 10_12_3) AppleWebKit/537.36 (KHTML, like Gecko) Chrome/56.0.2924.87 Safari/537.36"
94.72.101.21 - - [02/Nov/2024:19:44:44 +0000] "GET /security/vault/prod/swagger.json HTTP/1.1" 404 564 "-" "Mozilla/5.0 (Macintosh; Intel Mac OS X 10_12_3) AppleWebKit/537.36 (KHTML, like Gecko) Chrome/56.0.2924.87 Safari/537.36"
94.72.101.21 - - [02/Nov/2024:19:44:44 +0000] "GET /config/env/dist/main.js HTTP/1.1" 404 564 "-" "Mozilla/5.0 (Macintosh; Intel Mac OS X 10_12_3) AppleWebKit/537.36 (KHTML, like Gecko) Chrome/56.0.2924.87 Safari/537.36"
94.72.101.21 - - [02/Nov/2024:19:44:45 +0000] "GET /microservices/inventory/dev/deployment.yaml HTTP/1.1" 404 564 "-" "Mozilla/5.0 (Macintosh; Intel Mac OS X 10_12_3) AppleWebKit/537.36 (KHTML, like Gecko) Chrome/56.0.2924.87 Safari/537.36"
94.72.101.21 - - [02/Nov/2024:19:44:45 +0000] "GET /docs/api_v2/v1/schema.sql HTTP/1.1" 404 564 "-" "Mozilla/5.0 (Macintosh; Intel Mac OS X 10_12_3) AppleWebKit/537.36 (KHTML, like Gecko) Chrome/56.0.2924.87 Safari/537.36"
94.72.101.21 - - [02/Nov/2024:19:44:45 +0000] "GET /audit/logs/v2/setup.py HTTP/1.1" 404 564 "-" "Mozilla/5.0 (Macintosh; Intel Mac OS X 10_12_3) AppleWebKit/537.36 (KHTML, like Gecko) Chrome/56.0.2924.87 Safari/537.36"
94.72.101.21 - - [02/Nov/2024:19:44:46 +0000] "GET /frontend/react-app/dist/app.py HTTP/1.1" 404 564 "-" "Mozilla/5.0 (Macintosh; Intel Mac OS X 10_12_3) AppleWebKit/537.36 (KHTML, like Gecko) Chrome/56.0.2924.87 Safari/537.36"
94.72.101.21 - - [02/Nov/2024:19:44:46 +0000] "GET /docs/readme/dist/main.js HTTP/1.1" 404 564 "-" "Mozilla/5.0 (Macintosh; Intel Mac OS X 10_12_3) AppleWebKit/537.36 (KHTML, like Gecko) Chrome/56.0.2924.87 Safari/537.36"
94.72.101.21 - - [02/Nov/2024:19:44:46 +0000] "GET /config/database/v1/swagger.json HTTP/1.1" 404 564 "-" "Mozilla/5.0 (Macintosh; Intel Mac OS X 10_12_3) AppleWebKit/537.36 (KHTML, like Gecko) Chrome/56.0.2924.87 Safari/537.36"
94.72.101.21 - - [02/Nov/2024:19:44:46 +0000] "GET /audit/logs/src/variables.tf HTTP/1.1" 404 564 "-" "Mozilla/5.0 (Macintosh; Intel Mac OS X 10_12_3) AppleWebKit/537.36 (KHTML, like Gecko) Chrome/56.0.2924.87 Safari/537.36"
94.72.101.21 - - [02/Nov/2024:19:44:47 +0000] "GET /docs/readme/src/deployment.yaml HTTP/1.1" 404 564 "-" "Mozilla/5.0 (Macintosh; Intel Mac OS X 10_12_3) AppleWebKit/537.36 (KHTML, like Gecko) Chrome/56.0.2924.87 Safari/537.36"
94.72.101.21 - - [02/Nov/2024:19:44:47 +0000] "GET /compliance/reports/v1/schema.sql HTTP/1.1" 404 564 "-" "Mozilla/5.0 (Macintosh; Intel Mac OS X 10_12_3) AppleWebKit/537.36 (KHTML, like Gecko) Chrome/56.0.2924.87 Safari/537.36"
94.72.101.21 - - [02/Nov/2024:19:44:47 +0000] "GET /secrets/dist/deployment.yaml HTTP/1.1" 404 564 "-" "Mozilla/5.0 (Macintosh; Intel Mac OS X 10_12_3) AppleWebKit/537.36 (KHTML, like Gecko) Chrome/56.0.2924.87 Safari/537.36"
94.72.101.21 - - [02/Nov/2024:19:44:47 +0000] "GET /microservices/user-service/src/schema.sql HTTP/1.1" 404 564 "-" "Mozilla/5.0 (Macintosh; Intel Mac OS X 10_12_3) AppleWebKit/537.36 (KHTML, like Gecko) Chrome/56.0.2924.87 Safari/537.36"
94.72.101.21 - - [02/Nov/2024:19:44:47 +0000] "GET /integrations/slack/dev/setup.py HTTP/1.1" 404 564 "-" "Mozilla/5.0 (Macintosh; Intel Mac OS X 10_12_3) AppleWebKit/537.36 (KHTML, like Gecko) Chrome/56.0.2924.87 Safari/537.36"
94.72.101.21 - - [02/Nov/2024:19:44:47 +0000] "GET /microservices/user-service/src/secrets.env HTTP/1.1" 404 564 "-" "Mozilla/5.0 (Macintosh; Intel Mac OS X 10_12_3) AppleWebKit/537.36 (KHTML, like Gecko) Chrome/56.0.2924.87 Safari/537.36"
94.72.101.21 - - [02/Nov/2024:19:44:48 +0000] "GET /backend/nestjs/src/policy.json HTTP/1.1" 404 564 "-" "Mozilla/5.0 (Macintosh; Intel Mac OS X 10_12_3) AppleWebKit/537.36 (KHTML, like Gecko) Chrome/56.0.2924.87 Safari/537.36"
94.72.101.21 - - [02/Nov/2024:19:44:48 +0000] "GET /microservices/payment-service/dev/main.js HTTP/1.1" 404 564 "-" "Mozilla/5.0 (Macintosh; Intel Mac OS X 10_12_3) AppleWebKit/537.36 (KHTML, like Gecko) Chrome/56.0.2924.87 Safari/537.36"
94.72.101.21 - - [02/Nov/2024:19:44:48 +0000] "GET /config/azure/v2/schema.sql HTTP/1.1" 404 564 "-" "Mozilla/5.0 (Macintosh; Intel Mac OS X 10_12_3) AppleWebKit/537.36 (KHTML, like Gecko) Chrome/56.0.2924.87 Safari/537.36"
94.72.101.21 - - [02/Nov/2024:19:44:48 +0000] "GET /microservices/payment-service/src/service.yaml HTTP/1.1" 404 564 "-" "Mozilla/5.0 (Macintosh; Intel Mac OS X 10_12_3) AppleWebKit/537.36 (KHTML, like Gecko) Chrome/56.0.2924.87 Safari/537.36"
94.72.101.21 - - [02/Nov/2024:19:44:48 +0000] "GET /microservices/inventory/prod/app.py HTTP/1.1" 404 564 "-" "Mozilla/5.0 (Macintosh; Intel Mac OS X 10_12_3) AppleWebKit/537.36 (KHTML, like Gecko) Chrome/56.0.2924.87 Safari/537.36"
94.72.101.21 - - [02/Nov/2024:19:44:49 +0000] "GET /ci-cd/github/dist/schema.sql HTTP/1.1" 404 564 "-" "Mozilla/5.0 (Macintosh; Intel Mac OS X 10_12_3) AppleWebKit/537.36 (KHTML, like Gecko) Chrome/56.0.2924.87 Safari/537.36"
94.72.101.21 - - [02/Nov/2024:19:44:49 +0000] "GET /docs/api_v2/v1/secrets.env HTTP/1.1" 404 564 "-" "Mozilla/5.0 (Macintosh; Intel Mac OS X 10_12_3) AppleWebKit/537.36 (KHTML, like Gecko) Chrome/56.0.2924.87 Safari/537.36"
94.72.101.21 - - [02/Nov/2024:19:44:49 +0000] "GET /secrets/v2/app.py HTTP/1.1" 404 564 "-" "Mozilla/5.0 (Macintosh; Intel Mac OS X 10_12_3) AppleWebKit/537.36 (KHTML, like Gecko) Chrome/56.0.2924.87 Safari/537.36"
94.72.101.21 - - [02/Nov/2024:19:44:49 +0000] "GET /frontend/vue-app/v1/swagger.json HTTP/1.1" 404 564 "-" "Mozilla/5.0 (Macintosh; Intel Mac OS X 10_12_3) AppleWebKit/537.36 (KHTML, like Gecko) Chrome/56.0.2924.87 Safari/537.36"
94.72.101.21 - - [02/Nov/2024:19:44:49 +0000] "GET /backend/fastapi/src/README.md HTTP/1.1" 404 564 "-" "Mozilla/5.0 (Macintosh; Intel Mac OS X 10_12_3) AppleWebKit/537.36 (KHTML, like Gecko) Chrome/56.0.2924.87 Safari/537.36"
94.72.101.21 - - [02/Nov/2024:19:44:50 +0000] "GET /ml/models/prod/.env HTTP/1.1" 404 564 "-" "Mozilla/5.0 (Macintosh; Intel Mac OS X 10_12_3) AppleWebKit/537.36 (KHTML, like Gecko) Chrome/56.0.2924.87 Safari/537.36"
94.72.101.21 - - [02/Nov/2024:19:44:50 +0000] "GET /pipelines/dataflow/dev/secrets.env HTTP/1.1" 404 564 "-" "Mozilla/5.0 (Macintosh; Intel Mac OS X 10_12_3) AppleWebKit/537.36 (KHTML, like Gecko) Chrome/56.0.2924.87 Safari/537.36"
94.72.101.21 - - [02/Nov/2024:19:44:50 +0000] "GET /microservices/payment-service/src/main.js HTTP/1.1" 404 564 "-" "Mozilla/5.0 (Macintosh; Intel Mac OS X 10_12_3) AppleWebKit/537.36 (KHTML, like Gecko) Chrome/56.0.2924.87 Safari/537.36"
94.72.101.21 - - [02/Nov/2024:19:44:50 +0000] "GET /security/vault/v2/swagger.json HTTP/1.1" 404 564 "-" "Mozilla/5.0 (Macintosh; Intel Mac OS X 10_12_3) AppleWebKit/537.36 (KHTML, like Gecko) Chrome/56.0.2924.87 Safari/537.36"
94.72.101.21 - - [02/Nov/2024:19:44:50 +0000] "GET /integrations/stripe/src/setup.py HTTP/1.1" 404 564 "-" "Mozilla/5.0 (Macintosh; Intel Mac OS X 10_12_3) AppleWebKit/537.36 (KHTML, like Gecko) Chrome/56.0.2924.87 Safari/537.36"
94.72.101.21 - - [02/Nov/2024:19:44:51 +0000] "GET /config/env/src/schema.sql HTTP/1.1" 404 564 "-" "Mozilla/5.0 (Macintosh; Intel Mac OS X 10_12_3) AppleWebKit/537.36 (KHTML, like Gecko) Chrome/56.0.2924.87 Safari/537.36"
94.72.101.21 - - [02/Nov/2024:19:44:51 +0000] "GET /documentation/architecture/dev/setup.py HTTP/1.1" 404 564 "-" "Mozilla/5.0 (Macintosh; Intel Mac OS X 10_12_3) AppleWebKit/537.36 (KHTML, like Gecko) Chrome/56.0.2924.87 Safari/537.36"
94.72.101.21 - - [02/Nov/2024:19:44:51 +0000] "GET /config/database/v2/secrets.env HTTP/1.1" 404 564 "-" "Mozilla/5.0 (Macintosh; Intel Mac OS X 10_12_3) AppleWebKit/537.36 (KHTML, like Gecko) Chrome/56.0.2924.87 Safari/537.36"
94.72.101.21 - - [02/Nov/2024:19:44:51 +0000] "GET /microservices/inventory/dist/setup.py HTTP/1.1" 404 564 "-" "Mozilla/5.0 (Macintosh; Intel Mac OS X 10_12_3) AppleWebKit/537.36 (KHTML, like Gecko) Chrome/56.0.2924.87 Safari/537.36"
94.72.101.21 - - [02/Nov/2024:19:44:51 +0000] "GET /integrations/twilio/v2/service.yaml HTTP/1.1" 404 564 "-" "Mozilla/5.0 (Macintosh; Intel Mac OS X 10_12_3) AppleWebKit/537.36 (KHTML, like Gecko) Chrome/56.0.2924.87 Safari/537.36"
94.72.101.21 - - [02/Nov/2024:19:44:52 +0000] "GET /ci-cd/gitlab/v2/.env HTTP/1.1" 404 564 "-" "Mozilla/5.0 (Macintosh; Intel Mac OS X 10_12_3) AppleWebKit/537.36 (KHTML, like Gecko) Chrome/56.0.2924.87 Safari/537.36"
94.72.101.21 - - [02/Nov/2024:19:44:52 +0000] "GET /config/aws/v1/setup.py HTTP/1.1" 404 564 "-" "Mozilla/5.0 (Macintosh; Intel Mac OS X 10_12_3) AppleWebKit/537.36 (KHTML, like Gecko) Chrome/56.0.2924.87 Safari/537.36"
94.72.101.21 - - [02/Nov/2024:19:44:52 +0000] "GET /frontend/react-app/v2/setup.py HTTP/1.1" 404 564 "-" "Mozilla/5.0 (Macintosh; Intel Mac OS X 10_12_3) AppleWebKit/537.36 (KHTML, like Gecko) Chrome/56.0.2924.87 Safari/537.36"
94.72.101.21 - - [02/Nov/2024:19:44:52 +0000] "GET /backend/fastapi/src/variables.tf HTTP/1.1" 404 564 "-" "Mozilla/5.0 (Macintosh; Intel Mac OS X 10_12_3) AppleWebKit/537.36 (KHTML, like Gecko) Chrome/56.0.2924.87 Safari/537.36"
94.72.101.21 - - [02/Nov/2024:19:44:53 +0000] "GET /frontend/vue-app/src/config.json HTTP/1.1" 404 564 "-" "Mozilla/5.0 (Macintosh; Intel Mac OS X 10_12_3) AppleWebKit/537.36 (KHTML, like Gecko) Chrome/56.0.2924.87 Safari/537.36"
94.72.101.21 - - [02/Nov/2024:19:44:53 +0000] "GET /backend/fastapi/dev/secrets.env HTTP/1.1" 404 564 "-" "Mozilla/5.0 (Macintosh; Intel Mac OS X 10_12_3) AppleWebKit/537.36 (KHTML, like Gecko) Chrome/56.0.2924.87 Safari/537.36"
94.72.101.21 - - [02/Nov/2024:19:44:53 +0000] "GET /config/azure/v1/Dockerfile HTTP/1.1" 404 564 "-" "Mozilla/5.0 (Macintosh; Intel Mac OS X 10_12_3) AppleWebKit/537.36 (KHTML, like Gecko) Chrome/56.0.2924.87 Safari/537.36"
94.72.101.21 - - [02/Nov/2024:19:44:53 +0000] "GET /data/etl_jobs/v2/main.js HTTP/1.1" 404 564 "-" "Mozilla/5.0 (Macintosh; Intel Mac OS X 10_12_3) AppleWebKit/537.36 (KHTML, like Gecko) Chrome/56.0.2924.87 Safari/537.36"
94.72.101.21 - - [02/Nov/2024:19:44:53 +0000] "GET /terraform/environments/prod/dev/setup.py HTTP/1.1" 404 564 "-" "Mozilla/5.0 (Macintosh; Intel Mac OS X 10_12_3) AppleWebKit/537.36 (KHTML, like Gecko) Chrome/56.0.2924.87 Safari/537.36"
94.72.101.21 - - [02/Nov/2024:19:44:53 +0000] "GET /backend/express/v1/config.json HTTP/1.1" 404 564 "-" "Mozilla/5.0 (Macintosh; Intel Mac OS X 10_12_3) AppleWebKit/537.36 (KHTML, like Gecko) Chrome/56.0.2924.87 Safari/537.36"
94.72.101.21 - - [02/Nov/2024:19:44:54 +0000] "GET /ci-cd/gitlab/dist/setup.py HTTP/1.1" 404 564 "-" "Mozilla/5.0 (Macintosh; Intel Mac OS X 10_12_3) AppleWebKit/537.36 (KHTML, like Gecko) Chrome/56.0.2924.87 Safari/537.36"
94.72.101.21 - - [02/Nov/2024:19:44:54 +0000] "GET /k8s/dist/index.js HTTP/1.1" 404 564 "-" "Mozilla/5.0 (Macintosh; Intel Mac OS X 10_12_3) AppleWebKit/537.36 (KHTML, like Gecko) Chrome/56.0.2924.87 Safari/537.36"
94.72.101.21 - - [02/Nov/2024:19:44:54 +0000] "GET /documentation/architecture/dist/README.md HTTP/1.1" 404 564 "-" "Mozilla/5.0 (Macintosh; Intel Mac OS X 10_12_3) AppleWebKit/537.36 (KHTML, like Gecko) Chrome/56.0.2924.87 Safari/537.36"
94.72.101.21 - - [02/Nov/2024:19:44:54 +0000] "GET /config/aws/dist/swagger.json HTTP/1.1" 404 564 "-" "Mozilla/5.0 (Macintosh; Intel Mac OS X 10_12_3) AppleWebKit/537.36 (KHTML, like Gecko) Chrome/56.0.2924.87 Safari/537.36"
94.72.101.21 - - [02/Nov/2024:19:44:54 +0000] "GET /k8s/v1/requirements.txt HTTP/1.1" 404 564 "-" "Mozilla/5.0 (Macintosh; Intel Mac OS X 10_12_3) AppleWebKit/537.36 (KHTML, like Gecko) Chrome/56.0.2924.87 Safari/537.36"
94.72.101.21 - - [02/Nov/2024:19:44:54 +0000] "GET /integrations/stripe/v2/setup.py HTTP/1.1" 404 564 "-" "Mozilla/5.0 (Macintosh; Intel Mac OS X 10_12_3) AppleWebKit/537.36 (KHTML, like Gecko) Chrome/56.0.2924.87 Safari/537.36"
94.72.101.21 - - [02/Nov/2024:19:44:55 +0000] "GET /pipelines/dataflow/v1/index.js HTTP/1.1" 404 564 "-" "Mozilla/5.0 (Macintosh; Intel Mac OS X 10_12_3) AppleWebKit/537.36 (KHTML, like Gecko) Chrome/56.0.2924.87 Safari/537.36"
94.72.101.21 - - [02/Nov/2024:19:44:55 +0000] "GET /backend/koa/v1/swagger.json HTTP/1.1" 404 564 "-" "Mozilla/5.0 (Macintosh; Intel Mac OS X 10_12_3) AppleWebKit/537.36 (KHTML, like Gecko) Chrome/56.0.2924.87 Safari/537.36"
94.72.101.21 - - [02/Nov/2024:19:44:55 +0000] "GET /frontend/svelte-app/v1/swagger.json HTTP/1.1" 404 564 "-" "Mozilla/5.0 (Macintosh; Intel Mac OS X 10_12_3) AppleWebKit/537.36 (KHTML, like Gecko) Chrome/56.0.2924.87 Safari/537.36"
94.72.101.21 - - [02/Nov/2024:19:44:56 +0000] "GET /microservices/user-service/dist/main.js HTTP/1.1" 404 564 "-" "Mozilla/5.0 (Macintosh; Intel Mac OS X 10_12_3) AppleWebKit/537.36 (KHTML, like Gecko) Chrome/56.0.2924.87 Safari/537.36"
94.72.101.21 - - [02/Nov/2024:19:44:56 +0000] "GET /backend/nestjs/dist/Dockerfile HTTP/1.1" 404 564 "-" "Mozilla/5.0 (Macintosh; Intel Mac OS X 10_12_3) AppleWebKit/537.36 (KHTML, like Gecko) Chrome/56.0.2924.87 Safari/537.36"
94.72.101.21 - - [02/Nov/2024:19:44:56 +0000] "GET /security/vault/prod/secrets.env HTTP/1.1" 404 564 "-" "Mozilla/5.0 (Macintosh; Intel Mac OS X 10_12_3) AppleWebKit/537.36 (KHTML, like Gecko) Chrome/56.0.2924.87 Safari/537.36"
94.72.101.21 - - [02/Nov/2024:19:44:56 +0000] "GET /config/azure/src/deployment.yaml HTTP/1.1" 404 564 "-" "Mozilla/5.0 (Macintosh; Intel Mac OS X 10_12_3) AppleWebKit/537.36 (KHTML, like Gecko) Chrome/56.0.2924.87 Safari/537.36"
94.72.101.21 - - [02/Nov/2024:19:44:56 +0000] "GET /data/etl_jobs/dev/app.py HTTP/1.1" 404 564 "-" "Mozilla/5.0 (Macintosh; Intel Mac OS X 10_12_3) AppleWebKit/537.36 (KHTML, like Gecko) Chrome/56.0.2924.87 Safari/537.36"
94.72.101.21 - - [02/Nov/2024:19:44:56 +0000] "GET /k8s/v2/index.js HTTP/1.1" 404 564 "-" "Mozilla/5.0 (Macintosh; Intel Mac OS X 10_12_3) AppleWebKit/537.36 (KHTML, like Gecko) Chrome/56.0.2924.87 Safari/537.36"
94.72.101.21 - - [02/Nov/2024:19:44:57 +0000] "GET /frontend/svelte-app/dist/requirements.txt HTTP/1.1" 404 564 "-" "Mozilla/5.0 (Macintosh; Intel Mac OS X 10_12_3) AppleWebKit/537.36 (KHTML, like Gecko) Chrome/56.0.2924.87 Safari/537.36"
94.72.101.21 - - [02/Nov/2024:19:44:57 +0000] "GET /compliance/reports/src/schema.sql HTTP/1.1" 404 564 "-" "Mozilla/5.0 (Macintosh; Intel Mac OS X 10_12_3) AppleWebKit/537.36 (KHTML, like Gecko) Chrome/56.0.2924.87 Safari/537.36"
94.72.101.21 - - [02/Nov/2024:19:44:57 +0000] "GET /terraform/environments/prod/src/requirements.txt HTTP/1.1" 404 564 "-" "Mozilla/5.0 (Macintosh; Intel Mac OS X 10_12_3) AppleWebKit/537.36 (KHTML, like Gecko) Chrome/56.0.2924.87 Safari/537.36"
94.72.101.21 - - [02/Nov/2024:19:44:57 +0000] "GET /integrations/twilio/v1/Dockerfile HTTP/1.1" 404 564 "-" "Mozilla/5.0 (Macintosh; Intel Mac OS X 10_12_3) AppleWebKit/537.36 (KHTML, like Gecko) Chrome/56.0.2924.87 Safari/537.36"
94.72.101.21 - - [02/Nov/2024:19:44:57 +0000] "GET /docs/api_v2/v2/deployment.yaml HTTP/1.1" 404 564 "-" "Mozilla/5.0 (Macintosh; Intel Mac OS X 10_12_3) AppleWebKit/537.36 (KHTML, like Gecko) Chrome/56.0.2924.87 Safari/537.36"
94.72.101.21 - - [02/Nov/2024:19:44:57 +0000] "GET /frontend/svelte-app/v2/swagger.json HTTP/1.1" 404 564 "-" "Mozilla/5.0 (Macintosh; Intel Mac OS X 10_12_3) AppleWebKit/537.36 (KHTML, like Gecko) Chrome/56.0.2924.87 Safari/537.36"
94.72.101.21 - - [02/Nov/2024:19:44:58 +0000] "GET /docs/api_v2/v2/variables.tf HTTP/1.1" 404 564 "-" "Mozilla/5.0 (Macintosh; Intel Mac OS X 10_12_3) AppleWebKit/537.36 (KHTML, like Gecko) Chrome/56.0.2924.87 Safari/537.36"
94.72.101.21 - - [02/Nov/2024:19:44:58 +0000] "GET /data/etl_jobs/src/index.js HTTP/1.1" 404 564 "-" "Mozilla/5.0 (Macintosh; Intel Mac OS X 10_12_3) AppleWebKit/537.36 (KHTML, like Gecko) Chrome/56.0.2924.87 Safari/537.36"
94.72.101.21 - - [02/Nov/2024:19:44:58 +0000] "GET /frontend/vue-app/prod/.env HTTP/1.1" 404 564 "-" "Mozilla/5.0 (Macintosh; Intel Mac OS X 10_12_3) AppleWebKit/537.36 (KHTML, like Gecko) Chrome/56.0.2924.87 Safari/537.36"
94.72.101.21 - - [02/Nov/2024:19:44:58 +0000] "GET /microservices/user-service/src/config.json HTTP/1.1" 404 564 "-" "Mozilla/5.0 (Macintosh; Intel Mac OS X 10_12_3) AppleWebKit/537.36 (KHTML, like Gecko) Chrome/56.0.2924.87 Safari/537.36"
94.72.101.21 - - [02/Nov/2024:19:44:59 +0000] "GET /integrations/stripe/prod/README.md HTTP/1.1" 404 564 "-" "Mozilla/5.0 (Macintosh; Intel Mac OS X 10_12_3) AppleWebKit/537.36 (KHTML, like Gecko) Chrome/56.0.2924.87 Safari/537.36"
94.72.101.21 - - [02/Nov/2024:19:44:59 +0000] "GET /ci-cd/github/v2/requirements.txt HTTP/1.1" 404 564 "-" "Mozilla/5.0 (Macintosh; Intel Mac OS X 10_12_3) AppleWebKit/537.36 (KHTML, like Gecko) Chrome/56.0.2924.87 Safari/537.36"
94.72.101.21 - - [02/Nov/2024:19:44:59 +0000] "GET /compliance/reports/dist/service.yaml HTTP/1.1" 404 564 "-" "Mozilla/5.0 (Macintosh; Intel Mac OS X 10_12_3) AppleWebKit/537.36 (KHTML, like Gecko) Chrome/56.0.2924.87 Safari/537.36"
94.72.101.21 - - [02/Nov/2024:19:45:00 +0000] "GET /data/etl_jobs/dist/config.json HTTP/1.1" 404 564 "-" "Mozilla/5.0 (Macintosh; Intel Mac OS X 10_12_3) AppleWebKit/537.36 (KHTML, like Gecko) Chrome/56.0.2924.87 Safari/537.36"
94.72.101.21 - - [02/Nov/2024:19:45:00 +0000] "GET /microservices/payment-service/prod/config.json HTTP/1.1" 404 564 "-" "Mozilla/5.0 (Macintosh; Intel Mac OS X 10_12_3) AppleWebKit/537.36 (KHTML, like Gecko) Chrome/56.0.2924.87 Safari/537.36"
94.72.101.21 - - [02/Nov/2024:19:45:00 +0000] "GET /documentation/architecture/prod/Dockerfile HTTP/1.1" 404 564 "-" "Mozilla/5.0 (Macintosh; Intel Mac OS X 10_12_3) AppleWebKit/537.36 (KHTML, like Gecko) Chrome/56.0.2924.87 Safari/537.36"
94.72.101.21 - - [02/Nov/2024:19:45:01 +0000] "GET /pipelines/dataflow/dev/requirements.txt HTTP/1.1" 404 564 "-" "Mozilla/5.0 (Macintosh; Intel Mac OS X 10_12_3) AppleWebKit/537.36 (KHTML, like Gecko) Chrome/56.0.2924.87 Safari/537.36"
94.72.101.21 - - [02/Nov/2024:19:45:01 +0000] "GET /integrations/twilio/dev/.env HTTP/1.1" 404 564 "-" "Mozilla/5.0 (Macintosh; Intel Mac OS X 10_12_3) AppleWebKit/537.36 (KHTML, like Gecko) Chrome/56.0.2924.87 Safari/537.36"
94.72.101.21 - - [02/Nov/2024:19:45:01 +0000] "GET /integrations/stripe/v1/swagger.json HTTP/1.1" 404 564 "-" "Mozilla/5.0 (Macintosh; Intel Mac OS X 10_12_3) AppleWebKit/537.36 (KHTML, like Gecko) Chrome/56.0.2924.87 Safari/537.36"
94.72.101.21 - - [02/Nov/2024:19:45:01 +0000] "GET /pipelines/dataflow/src/setup.py HTTP/1.1" 404 564 "-" "Mozilla/5.0 (Macintosh; Intel Mac OS X 10_12_3) AppleWebKit/537.36 (KHTML, like Gecko) Chrome/56.0.2924.87 Safari/537.36"
94.72.101.21 - - [02/Nov/2024:19:45:02 +0000] "GET /config/database/dev/setup.py HTTP/1.1" 404 564 "-" "Mozilla/5.0 (Macintosh; Intel Mac OS X 10_12_3) AppleWebKit/537.36 (KHTML, like Gecko) Chrome/56.0.2924.87 Safari/537.36"
94.72.101.21 - - [02/Nov/2024:19:45:02 +0000] "GET /frontend/react-app/v1/schema.sql HTTP/1.1" 404 564 "-" "Mozilla/5.0 (Macintosh; Intel Mac OS X 10_12_3) AppleWebKit/537.36 (KHTML, like Gecko) Chrome/56.0.2924.87 Safari/537.36"
94.72.101.21 - - [02/Nov/2024:19:45:02 +0000] "GET /backend/express/dist/variables.tf HTTP/1.1" 404 564 "-" "Mozilla/5.0 (Macintosh; Intel Mac OS X 10_12_3) AppleWebKit/537.36 (KHTML, like Gecko) Chrome/56.0.2924.87 Safari/537.36"
94.72.101.21 - - [02/Nov/2024:19:45:03 +0000] "GET /ml/models/v2/app.py HTTP/1.1" 404 564 "-" "Mozilla/5.0 (Macintosh; Intel Mac OS X 10_12_3) AppleWebKit/537.36 (KHTML, like Gecko) Chrome/56.0.2924.87 Safari/537.36"
94.72.101.21 - - [02/Nov/2024:19:45:03 +0000] "GET /ml/models/src/swagger.json HTTP/1.1" 404 564 "-" "Mozilla/5.0 (Macintosh; Intel Mac OS X 10_12_3) AppleWebKit/537.36 (KHTML, like Gecko) Chrome/56.0.2924.87 Safari/537.36"
94.72.101.21 - - [02/Nov/2024:19:45:03 +0000] "GET /backend/fastapi/dev/swagger.json HTTP/1.1" 404 564 "-" "Mozilla/5.0 (Macintosh; Intel Mac OS X 10_12_3) AppleWebKit/537.36 (KHTML, like Gecko) Chrome/56.0.2924.87 Safari/537.36"
94.72.101.21 - - [02/Nov/2024:19:45:03 +0000] "GET /terraform/environments/prod/src/README.md HTTP/1.1" 404 564 "-" "Mozilla/5.0 (Macintosh; Intel Mac OS X 10_12_3) AppleWebKit/537.36 (KHTML, like Gecko) Chrome/56.0.2924.87 Safari/537.36"
94.72.101.21 - - [02/Nov/2024:19:45:03 +0000] "GET /compliance/reports/v1/variables.tf HTTP/1.1" 404 564 "-" "Mozilla/5.0 (Macintosh; Intel Mac OS X 10_12_3) AppleWebKit/537.36 (KHTML, like Gecko) Chrome/56.0.2924.87 Safari/537.36"
94.72.101.21 - - [02/Nov/2024:19:45:04 +0000] "GET /docs/api_v2/prod/deployment.yaml HTTP/1.1" 404 564 "-" "Mozilla/5.0 (Macintosh; Intel Mac OS X 10_12_3) AppleWebKit/537.36 (KHTML, like Gecko) Chrome/56.0.2924.87 Safari/537.36"
94.72.101.21 - - [02/Nov/2024:19:45:04 +0000] "GET /microservices/payment-service/v2/schema.sql HTTP/1.1" 404 564 "-" "Mozilla/5.0 (Macintosh; Intel Mac OS X 10_12_3) AppleWebKit/537.36 (KHTML, like Gecko) Chrome/56.0.2924.87 Safari/537.36"
94.72.101.21 - - [02/Nov/2024:19:45:05 +0000] "GET /integrations/stripe/dev/requirements.txt HTTP/1.1" 404 564 "-" "Mozilla/5.0 (Macintosh; Intel Mac OS X 10_12_3) AppleWebKit/537.36 (KHTML, like Gecko) Chrome/56.0.2924.87 Safari/537.36"
94.72.101.21 - - [02/Nov/2024:19:45:05 +0000] "GET /docs/readme/dist/app.py HTTP/1.1" 404 564 "-" "Mozilla/5.0 (Macintosh; Intel Mac OS X 10_12_3) AppleWebKit/537.36 (KHTML, like Gecko) Chrome/56.0.2924.87 Safari/537.36"
94.72.101.21 - - [02/Nov/2024:19:45:05 +0000] "GET /integrations/stripe/prod/requirements.txt HTTP/1.1" 404 564 "-" "Mozilla/5.0 (Macintosh; Intel Mac OS X 10_12_3) AppleWebKit/537.36 (KHTML, like Gecko) Chrome/56.0.2924.87 Safari/537.36"
94.72.101.21 - - [02/Nov/2024:19:45:05 +0000] "GET /backend/fastapi/dist/deployment.yaml HTTP/1.1" 404 564 "-" "Mozilla/5.0 (Macintosh; Intel Mac OS X 10_12_3) AppleWebKit/537.36 (KHTML, like Gecko) Chrome/56.0.2924.87 Safari/537.36"
94.72.101.21 - - [02/Nov/2024:19:45:05 +0000] "GET /config/azure/prod/main.js HTTP/1.1" 404 564 "-" "Mozilla/5.0 (Macintosh; Intel Mac OS X 10_12_3) AppleWebKit/537.36 (KHTML, like Gecko) Chrome/56.0.2924.87 Safari/537.36"
94.72.101.21 - - [02/Nov/2024:19:45:06 +0000] "GET /config/aws/v1/Dockerfile HTTP/1.1" 404 564 "-" "Mozilla/5.0 (Macintosh; Intel Mac OS X 10_12_3) AppleWebKit/537.36 (KHTML, like Gecko) Chrome/56.0.2924.87 Safari/537.36"
94.72.101.21 - - [02/Nov/2024:19:45:06 +0000] "GET /secrets/dist/app.py HTTP/1.1" 404 564 "-" "Mozilla/5.0 (Macintosh; Intel Mac OS X 10_12_3) AppleWebKit/537.36 (KHTML, like Gecko) Chrome/56.0.2924.87 Safari/537.36"
94.72.101.21 - - [02/Nov/2024:19:45:06 +0000] "GET /docs/readme/src/Dockerfile HTTP/1.1" 404 564 "-" "Mozilla/5.0 (Macintosh; Intel Mac OS X 10_12_3) AppleWebKit/537.36 (KHTML, like Gecko) Chrome/56.0.2924.87 Safari/537.36"
94.72.101.21 - - [02/Nov/2024:19:45:06 +0000] "GET /integrations/twilio/dev/swagger.json HTTP/1.1" 404 564 "-" "Mozilla/5.0 (Macintosh; Intel Mac OS X 10_12_3) AppleWebKit/537.36 (KHTML, like Gecko) Chrome/56.0.2924.87 Safari/537.36"
94.72.101.21 - - [02/Nov/2024:19:45:06 +0000] "GET /pipelines/dataflow/v2/.env HTTP/1.1" 404 564 "-" "Mozilla/5.0 (Macintosh; Intel Mac OS X 10_12_3) AppleWebKit/537.36 (KHTML, like Gecko) Chrome/56.0.2924.87 Safari/537.36"
94.72.101.21 - - [02/Nov/2024:19:45:07 +0000] "GET /secrets/v2/secrets.env HTTP/1.1" 404 564 "-" "Mozilla/5.0 (Macintosh; Intel Mac OS X 10_12_3) AppleWebKit/537.36 (KHTML, like Gecko) Chrome/56.0.2924.87 Safari/537.36"
94.72.101.21 - - [02/Nov/2024:19:45:07 +0000] "GET /frontend/nextjs/prod/secrets.env HTTP/1.1" 404 564 "-" "Mozilla/5.0 (Macintosh; Intel Mac OS X 10_12_3) AppleWebKit/537.36 (KHTML, like Gecko) Chrome/56.0.2924.87 Safari/537.36"
94.72.101.21 - - [02/Nov/2024:19:45:07 +0000] "GET /ci-cd/github/src/README.md HTTP/1.1" 404 564 "-" "Mozilla/5.0 (Macintosh; Intel Mac OS X 10_12_3) AppleWebKit/537.36 (KHTML, like Gecko) Chrome/56.0.2924.87 Safari/537.36"
94.72.101.21 - - [02/Nov/2024:19:45:08 +0000] "GET /config/database/dist/.env HTTP/1.1" 404 564 "-" "Mozilla/5.0 (Macintosh; Intel Mac OS X 10_12_3) AppleWebKit/537.36 (KHTML, like Gecko) Chrome/56.0.2924.87 Safari/537.36"
94.72.101.21 - - [02/Nov/2024:19:45:08 +0000] "GET /data/etl_jobs/src/service.yaml HTTP/1.1" 404 564 "-" "Mozilla/5.0 (Macintosh; Intel Mac OS X 10_12_3) AppleWebKit/537.36 (KHTML, like Gecko) Chrome/56.0.2924.87 Safari/537.36"
94.72.101.21 - - [02/Nov/2024:19:45:08 +0000] "GET /ml/models/dev/deployment.yaml HTTP/1.1" 404 564 "-" "Mozilla/5.0 (Macintosh; Intel Mac OS X 10_12_3) AppleWebKit/537.36 (KHTML, like Gecko) Chrome/56.0.2924.87 Safari/537.36"
94.72.101.21 - - [02/Nov/2024:19:45:09 +0000] "GET /frontend/react-app/prod/variables.tf HTTP/1.1" 404 564 "-" "Mozilla/5.0 (Macintosh; Intel Mac OS X 10_12_3) AppleWebKit/537.36 (KHTML, like Gecko) Chrome/56.0.2924.87 Safari/537.36"
94.72.101.21 - - [02/Nov/2024:19:45:09 +0000] "GET /ci-cd/gitlab/dev/secrets.env HTTP/1.1" 404 564 "-" "Mozilla/5.0 (Macintosh; Intel Mac OS X 10_12_3) AppleWebKit/537.36 (KHTML, like Gecko) Chrome/56.0.2924.87 Safari/537.36"
94.72.101.21 - - [02/Nov/2024:19:45:10 +0000] "GET /frontend/nextjs/src/schema.sql HTTP/1.1" 404 564 "-" "Mozilla/5.0 (Macintosh; Intel Mac OS X 10_12_3) AppleWebKit/537.36 (KHTML, like Gecko) Chrome/56.0.2924.87 Safari/537.36"
94.72.101.21 - - [02/Nov/2024:19:45:10 +0000] "GET /backend/nestjs/v1/Dockerfile HTTP/1.1" 404 564 "-" "Mozilla/5.0 (Macintosh; Intel Mac OS X 10_12_3) AppleWebKit/537.36 (KHTML, like Gecko) Chrome/56.0.2924.87 Safari/537.36"
94.72.101.21 - - [02/Nov/2024:19:45:10 +0000] "GET /pipelines/dataflow/v1/main.js HTTP/1.1" 404 564 "-" "Mozilla/5.0 (Macintosh; Intel Mac OS X 10_12_3) AppleWebKit/537.36 (KHTML, like Gecko) Chrome/56.0.2924.87 Safari/537.36"
94.72.101.21 - - [02/Nov/2024:19:45:10 +0000] "GET /backend/koa/v1/config.json HTTP/1.1" 404 564 "-" "Mozilla/5.0 (Macintosh; Intel Mac OS X 10_12_3) AppleWebKit/537.36 (KHTML, like Gecko) Chrome/56.0.2924.87 Safari/537.36"
94.72.101.21 - - [02/Nov/2024:19:45:10 +0000] "GET /frontend/vue-app/dev/policy.json HTTP/1.1" 404 564 "-" "Mozilla/5.0 (Macintosh; Intel Mac OS X 10_12_3) AppleWebKit/537.36 (KHTML, like Gecko) Chrome/56.0.2924.87 Safari/537.36"
94.72.101.21 - - [02/Nov/2024:19:45:10 +0000] "GET /documentation/architecture/src/main.js HTTP/1.1" 404 564 "-" "Mozilla/5.0 (Macintosh; Intel Mac OS X 10_12_3) AppleWebKit/537.36 (KHTML, like Gecko) Chrome/56.0.2924.87 Safari/537.36"
94.72.101.21 - - [02/Nov/2024:19:45:11 +0000] "GET /config/env/prod/schema.sql HTTP/1.1" 404 564 "-" "Mozilla/5.0 (Macintosh; Intel Mac OS X 10_12_3) AppleWebKit/537.36 (KHTML, like Gecko) Chrome/56.0.2924.87 Safari/537.36"
94.72.101.21 - - [02/Nov/2024:19:45:11 +0000] "GET /integrations/twilio/src/service.yaml HTTP/1.1" 404 564 "-" "Mozilla/5.0 (Macintosh; Intel Mac OS X 10_12_3) AppleWebKit/537.36 (KHTML, like Gecko) Chrome/56.0.2924.87 Safari/537.36"
94.72.101.21 - - [02/Nov/2024:19:45:11 +0000] "GET /ci-cd/github/dev/app.py HTTP/1.1" 404 564 "-" "Mozilla/5.0 (Macintosh; Intel Mac OS X 10_12_3) AppleWebKit/537.36 (KHTML, like Gecko) Chrome/56.0.2924.87 Safari/537.36"
94.72.101.21 - - [02/Nov/2024:19:45:11 +0000] "GET /docs/api_v2/dist/README.md HTTP/1.1" 404 564 "-" "Mozilla/5.0 (Macintosh; Intel Mac OS X 10_12_3) AppleWebKit/537.36 (KHTML, like Gecko) Chrome/56.0.2924.87 Safari/537.36"
94.72.101.21 - - [02/Nov/2024:19:45:11 +0000] "GET /backend/express/src/secrets.env HTTP/1.1" 404 564 "-" "Mozilla/5.0 (Macintosh; Intel Mac OS X 10_12_3) AppleWebKit/537.36 (KHTML, like Gecko) Chrome/56.0.2924.87 Safari/537.36"
94.72.101.21 - - [02/Nov/2024:19:45:11 +0000] "GET /frontend/vue-app/v1/schema.sql HTTP/1.1" 404 564 "-" "Mozilla/5.0 (Macintosh; Intel Mac OS X 10_12_3) AppleWebKit/537.36 (KHTML, like Gecko) Chrome/56.0.2924.87 Safari/537.36"
94.72.101.21 - - [02/Nov/2024:19:45:12 +0000] "GET /frontend/svelte-app/dev/.env HTTP/1.1" 404 564 "-" "Mozilla/5.0 (Macintosh; Intel Mac OS X 10_12_3) AppleWebKit/537.36 (KHTML, like Gecko) Chrome/56.0.2924.87 Safari/537.36"
94.72.101.21 - - [02/Nov/2024:19:45:12 +0000] "GET /config/azure/v1/app.py HTTP/1.1" 404 564 "-" "Mozilla/5.0 (Macintosh; Intel Mac OS X 10_12_3) AppleWebKit/537.36 (KHTML, like Gecko) Chrome/56.0.2924.87 Safari/537.36"
94.72.101.21 - - [02/Nov/2024:19:45:12 +0000] "GET /integrations/slack/v2/requirements.txt HTTP/1.1" 404 564 "-" "Mozilla/5.0 (Macintosh; Intel Mac OS X 10_12_3) AppleWebKit/537.36 (KHTML, like Gecko) Chrome/56.0.2924.87 Safari/537.36"
94.72.101.21 - - [02/Nov/2024:19:45:12 +0000] "GET /backend/nestjs/v1/index.js HTTP/1.1" 404 564 "-" "Mozilla/5.0 (Macintosh; Intel Mac OS X 10_12_3) AppleWebKit/537.36 (KHTML, like Gecko) Chrome/56.0.2924.87 Safari/537.36"
94.72.101.21 - - [02/Nov/2024:19:45:13 +0000] "GET /k8s/dev/index.js HTTP/1.1" 404 564 "-" "Mozilla/5.0 (Macintosh; Intel Mac OS X 10_12_3) AppleWebKit/537.36 (KHTML, like Gecko) Chrome/56.0.2924.87 Safari/537.36"
94.72.101.21 - - [02/Nov/2024:19:45:13 +0000] "GET /ci-cd/github/dist/.env HTTP/1.1" 404 564 "-" "Mozilla/5.0 (Macintosh; Intel Mac OS X 10_12_3) AppleWebKit/537.36 (KHTML, like Gecko) Chrome/56.0.2924.87 Safari/537.36"
94.72.101.21 - - [02/Nov/2024:19:45:13 +0000] "GET /ci-cd/github/v1/config.json HTTP/1.1" 404 564 "-" "Mozilla/5.0 (Macintosh; Intel Mac OS X 10_12_3) AppleWebKit/537.36 (KHTML, like Gecko) Chrome/56.0.2924.87 Safari/537.36"
94.72.101.21 - - [02/Nov/2024:19:45:13 +0000] "GET /ci-cd/gitlab/src/variables.tf HTTP/1.1" 404 564 "-" "Mozilla/5.0 (Macintosh; Intel Mac OS X 10_12_3) AppleWebKit/537.36 (KHTML, like Gecko) Chrome/56.0.2924.87 Safari/537.36"
94.72.101.21 - - [02/Nov/2024:19:45:14 +0000] "GET /microservices/user-service/v1/variables.tf HTTP/1.1" 404 564 "-" "Mozilla/5.0 (Macintosh; Intel Mac OS X 10_12_3) AppleWebKit/537.36 (KHTML, like Gecko) Chrome/56.0.2924.87 Safari/537.36"
94.72.101.21 - - [02/Nov/2024:19:45:14 +0000] "GET /frontend/react-app/dist/variables.tf HTTP/1.1" 404 564 "-" "Mozilla/5.0 (Macintosh; Intel Mac OS X 10_12_3) AppleWebKit/537.36 (KHTML, like Gecko) Chrome/56.0.2924.87 Safari/537.36"
94.72.101.21 - - [02/Nov/2024:19:45:14 +0000] "GET /data_sources/prod/.env HTTP/1.1" 404 564 "-" "Mozilla/5.0 (Macintosh; Intel Mac OS X 10_12_3) AppleWebKit/537.36 (KHTML, like Gecko) Chrome/56.0.2924.87 Safari/537.36"
94.72.101.21 - - [02/Nov/2024:19:45:15 +0000] "GET /data_sources/dist/service.yaml HTTP/1.1" 404 564 "-" "Mozilla/5.0 (Macintosh; Intel Mac OS X 10_12_3) AppleWebKit/537.36 (KHTML, like Gecko) Chrome/56.0.2924.87 Safari/537.36"
94.72.101.21 - - [02/Nov/2024:19:45:15 +0000] "GET /backend/nestjs/prod/swagger.json HTTP/1.1" 404 564 "-" "Mozilla/5.0 (Macintosh; Intel Mac OS X 10_12_3) AppleWebKit/537.36 (KHTML, like Gecko) Chrome/56.0.2924.87 Safari/537.36"
94.72.101.21 - - [02/Nov/2024:19:45:15 +0000] "GET /compliance/reports/src/README.md HTTP/1.1" 404 564 "-" "Mozilla/5.0 (Macintosh; Intel Mac OS X 10_12_3) AppleWebKit/537.36 (KHTML, like Gecko) Chrome/56.0.2924.87 Safari/537.36"
94.72.101.21 - - [02/Nov/2024:19:45:15 +0000] "GET /config/database/v1/policy.json HTTP/1.1" 404 564 "-" "Mozilla/5.0 (Macintosh; Intel Mac OS X 10_12_3) AppleWebKit/537.36 (KHTML, like Gecko) Chrome/56.0.2924.87 Safari/537.36"
94.72.101.21 - - [02/Nov/2024:19:45:15 +0000] "GET /frontend/nextjs/dist/service.yaml HTTP/1.1" 404 564 "-" "Mozilla/5.0 (Macintosh; Intel Mac OS X 10_12_3) AppleWebKit/537.36 (KHTML, like Gecko) Chrome/56.0.2924.87 Safari/537.36"
94.72.101.21 - - [02/Nov/2024:19:45:15 +0000] "GET /backend/nestjs/dist/swagger.json HTTP/1.1" 404 564 "-" "Mozilla/5.0 (Macintosh; Intel Mac OS X 10_12_3) AppleWebKit/537.36 (KHTML, like Gecko) Chrome/56.0.2924.87 Safari/537.36"
94.72.101.21 - - [02/Nov/2024:19:45:16 +0000] "GET /data/etl_jobs/prod/Dockerfile HTTP/1.1" 404 564 "-" "Mozilla/5.0 (Macintosh; Intel Mac OS X 10_12_3) AppleWebKit/537.36 (KHTML, like Gecko) Chrome/56.0.2924.87 Safari/537.36"
94.72.101.21 - - [02/Nov/2024:19:45:16 +0000] "GET /ml/models/dev/index.js HTTP/1.1" 404 564 "-" "Mozilla/5.0 (Macintosh; Intel Mac OS X 10_12_3) AppleWebKit/537.36 (KHTML, like Gecko) Chrome/56.0.2924.87 Safari/537.36"
94.72.101.21 - - [02/Nov/2024:19:45:17 +0000] "GET /config/env/prod/.env HTTP/1.1" 404 564 "-" "Mozilla/5.0 (Macintosh; Intel Mac OS X 10_12_3) AppleWebKit/537.36 (KHTML, like Gecko) Chrome/56.0.2924.87 Safari/537.36"
94.72.101.21 - - [02/Nov/2024:19:45:17 +0000] "GET /data_sources/dev/setup.py HTTP/1.1" 404 564 "-" "Mozilla/5.0 (Macintosh; Intel Mac OS X 10_12_3) AppleWebKit/537.36 (KHTML, like Gecko) Chrome/56.0.2924.87 Safari/537.36"
94.72.101.21 - - [02/Nov/2024:19:45:17 +0000] "GET /security/vault/v1/policy.json HTTP/1.1" 404 564 "-" "Mozilla/5.0 (Macintosh; Intel Mac OS X 10_12_3) AppleWebKit/537.36 (KHTML, like Gecko) Chrome/56.0.2924.87 Safari/537.36"
94.72.101.21 - - [02/Nov/2024:19:45:17 +0000] "GET /pipelines/dataflow/dev/policy.json HTTP/1.1" 404 564 "-" "Mozilla/5.0 (Macintosh; Intel Mac OS X 10_12_3) AppleWebKit/537.36 (KHTML, like Gecko) Chrome/56.0.2924.87 Safari/537.36"
94.72.101.21 - - [02/Nov/2024:19:45:17 +0000] "GET /documentation/architecture/dev/deployment.yaml HTTP/1.1" 404 564 "-" "Mozilla/5.0 (Macintosh; Intel Mac OS X 10_12_3) AppleWebKit/537.36 (KHTML, like Gecko) Chrome/56.0.2924.87 Safari/537.36"
94.72.101.21 - - [02/Nov/2024:19:45:18 +0000] "GET /integrations/slack/dev/policy.json HTTP/1.1" 404 564 "-" "Mozilla/5.0 (Macintosh; Intel Mac OS X 10_12_3) AppleWebKit/537.36 (KHTML, like Gecko) Chrome/56.0.2924.87 Safari/537.36"
94.72.101.21 - - [02/Nov/2024:19:45:18 +0000] "GET /microservices/payment-service/prod/README.md HTTP/1.1" 404 564 "-" "Mozilla/5.0 (Macintosh; Intel Mac OS X 10_12_3) AppleWebKit/537.36 (KHTML, like Gecko) Chrome/56.0.2924.87 Safari/537.36"
94.72.101.21 - - [02/Nov/2024:19:45:18 +0000] "GET /backend/nestjs/v1/schema.sql HTTP/1.1" 404 564 "-" "Mozilla/5.0 (Macintosh; Intel Mac OS X 10_12_3) AppleWebKit/537.36 (KHTML, like Gecko) Chrome/56.0.2924.87 Safari/537.36"
94.72.101.21 - - [02/Nov/2024:19:45:18 +0000] "GET /microservices/inventory/dist/secrets.env HTTP/1.1" 404 564 "-" "Mozilla/5.0 (Macintosh; Intel Mac OS X 10_12_3) AppleWebKit/537.36 (KHTML, like Gecko) Chrome/56.0.2924.87 Safari/537.36"
94.72.101.21 - - [02/Nov/2024:19:45:18 +0000] "GET /integrations/stripe/v2/swagger.json HTTP/1.1" 404 564 "-" "Mozilla/5.0 (Macintosh; Intel Mac OS X 10_12_3) AppleWebKit/537.36 (KHTML, like Gecko) Chrome/56.0.2924.87 Safari/537.36"
94.72.101.21 - - [02/Nov/2024:19:45:19 +0000] "GET /backend/koa/v2/variables.tf HTTP/1.1" 404 564 "-" "Mozilla/5.0 (Macintosh; Intel Mac OS X 10_12_3) AppleWebKit/537.36 (KHTML, like Gecko) Chrome/56.0.2924.87 Safari/537.36"
94.72.101.21 - - [02/Nov/2024:19:45:19 +0000] "GET /docs/readme/src/policy.json HTTP/1.1" 404 564 "-" "Mozilla/5.0 (Macintosh; Intel Mac OS X 10_12_3) AppleWebKit/537.36 (KHTML, like Gecko) Chrome/56.0.2924.87 Safari/537.36"
94.72.101.21 - - [02/Nov/2024:19:45:19 +0000] "GET /frontend/react-app/v1/.env HTTP/1.1" 404 564 "-" "Mozilla/5.0 (Macintosh; Intel Mac OS X 10_12_3) AppleWebKit/537.36 (KHTML, like Gecko) Chrome/56.0.2924.87 Safari/537.36"
94.72.101.21 - - [02/Nov/2024:19:45:20 +0000] "GET /backend/koa/v1/service.yaml HTTP/1.1" 404 564 "-" "Mozilla/5.0 (Macintosh; Intel Mac OS X 10_12_3) AppleWebKit/537.36 (KHTML, like Gecko) Chrome/56.0.2924.87 Safari/537.36"
94.72.101.21 - - [02/Nov/2024:19:45:20 +0000] "GET /secrets/prod/service.yaml HTTP/1.1" 404 564 "-" "Mozilla/5.0 (Macintosh; Intel Mac OS X 10_12_3) AppleWebKit/537.36 (KHTML, like Gecko) Chrome/56.0.2924.87 Safari/537.36"
94.72.101.21 - - [02/Nov/2024:19:45:20 +0000] "GET /microservices/user-service/src/Dockerfile HTTP/1.1" 404 564 "-" "Mozilla/5.0 (Macintosh; Intel Mac OS X 10_12_3) AppleWebKit/537.36 (KHTML, like Gecko) Chrome/56.0.2924.87 Safari/537.36"
94.72.101.21 - - [02/Nov/2024:19:45:20 +0000] "GET /integrations/stripe/dev/service.yaml HTTP/1.1" 404 564 "-" "Mozilla/5.0 (Macintosh; Intel Mac OS X 10_12_3) AppleWebKit/537.36 (KHTML, like Gecko) Chrome/56.0.2924.87 Safari/537.36"
94.72.101.21 - - [02/Nov/2024:19:45:21 +0000] "GET /backend/express/dev/schema.sql HTTP/1.1" 404 564 "-" "Mozilla/5.0 (Macintosh; Intel Mac OS X 10_12_3) AppleWebKit/537.36 (KHTML, like Gecko) Chrome/56.0.2924.87 Safari/537.36"
94.72.101.21 - - [02/Nov/2024:19:45:21 +0000] "GET /integrations/twilio/prod/config.json HTTP/1.1" 404 564 "-" "Mozilla/5.0 (Macintosh; Intel Mac OS X 10_12_3) AppleWebKit/537.36 (KHTML, like Gecko) Chrome/56.0.2924.87 Safari/537.36"
94.72.101.21 - - [02/Nov/2024:19:45:21 +0000] "GET /microservices/payment-service/src/index.js HTTP/1.1" 404 564 "-" "Mozilla/5.0 (Macintosh; Intel Mac OS X 10_12_3) AppleWebKit/537.36 (KHTML, like Gecko) Chrome/56.0.2924.87 Safari/537.36"
94.72.101.21 - - [02/Nov/2024:19:45:21 +0000] "GET /backend/nestjs/prod/service.yaml HTTP/1.1" 404 564 "-" "Mozilla/5.0 (Macintosh; Intel Mac OS X 10_12_3) AppleWebKit/537.36 (KHTML, like Gecko) Chrome/56.0.2924.87 Safari/537.36"
94.72.101.21 - - [02/Nov/2024:19:45:21 +0000] "GET /microservices/user-service/dist/schema.sql HTTP/1.1" 404 564 "-" "Mozilla/5.0 (Macintosh; Intel Mac OS X 10_12_3) AppleWebKit/537.36 (KHTML, like Gecko) Chrome/56.0.2924.87 Safari/537.36"
94.72.101.21 - - [02/Nov/2024:19:45:22 +0000] "GET /ml/models/src/index.js HTTP/1.1" 404 564 "-" "Mozilla/5.0 (Macintosh; Intel Mac OS X 10_12_3) AppleWebKit/537.36 (KHTML, like Gecko) Chrome/56.0.2924.87 Safari/537.36"
94.72.101.21 - - [02/Nov/2024:19:45:22 +0000] "GET /backend/koa/prod/README.md HTTP/1.1" 404 564 "-" "Mozilla/5.0 (Macintosh; Intel Mac OS X 10_12_3) AppleWebKit/537.36 (KHTML, like Gecko) Chrome/56.0.2924.87 Safari/537.36"
94.72.101.21 - - [02/Nov/2024:19:45:22 +0000] "GET /ci-cd/github/dist/service.yaml HTTP/1.1" 404 564 "-" "Mozilla/5.0 (Macintosh; Intel Mac OS X 10_12_3) AppleWebKit/537.36 (KHTML, like Gecko) Chrome/56.0.2924.87 Safari/537.36"
94.72.101.21 - - [02/Nov/2024:19:45:22 +0000] "GET /integrations/stripe/prod/swagger.json HTTP/1.1" 404 564 "-" "Mozilla/5.0 (Macintosh; Intel Mac OS X 10_12_3) AppleWebKit/537.36 (KHTML, like Gecko) Chrome/56.0.2924.87 Safari/537.36"
94.72.101.21 - - [02/Nov/2024:19:45:23 +0000] "GET /documentation/architecture/prod/main.js HTTP/1.1" 404 564 "-" "Mozilla/5.0 (Macintosh; Intel Mac OS X 10_12_3) AppleWebKit/537.36 (KHTML, like Gecko) Chrome/56.0.2924.87 Safari/537.36"
94.72.101.21 - - [02/Nov/2024:19:45:23 +0000] "GET /integrations/stripe/v1/config.json HTTP/1.1" 404 564 "-" "Mozilla/5.0 (Macintosh; Intel Mac OS X 10_12_3) AppleWebKit/537.36 (KHTML, like Gecko) Chrome/56.0.2924.87 Safari/537.36"
94.72.101.21 - - [02/Nov/2024:19:45:23 +0000] "GET /backend/fastapi/v2/setup.py HTTP/1.1" 404 564 "-" "Mozilla/5.0 (Macintosh; Intel Mac OS X 10_12_3) AppleWebKit/537.36 (KHTML, like Gecko) Chrome/56.0.2924.87 Safari/537.36"
94.72.101.21 - - [02/Nov/2024:19:45:23 +0000] "GET /ci-cd/github/v1/secrets.env HTTP/1.1" 404 564 "-" "Mozilla/5.0 (Macintosh; Intel Mac OS X 10_12_3) AppleWebKit/537.36 (KHTML, like Gecko) Chrome/56.0.2924.87 Safari/537.36"
94.72.101.21 - - [02/Nov/2024:19:45:23 +0000] "GET /integrations/twilio/v2/Dockerfile HTTP/1.1" 404 564 "-" "Mozilla/5.0 (Macintosh; Intel Mac OS X 10_12_3) AppleWebKit/537.36 (KHTML, like Gecko) Chrome/56.0.2924.87 Safari/537.36"
94.72.101.21 - - [02/Nov/2024:19:45:23 +0000] "GET /k8s/v2/config.json HTTP/1.1" 404 564 "-" "Mozilla/5.0 (Macintosh; Intel Mac OS X 10_12_3) AppleWebKit/537.36 (KHTML, like Gecko) Chrome/56.0.2924.87 Safari/537.36"
94.72.101.21 - - [02/Nov/2024:19:45:24 +0000] "GET /k8s/dist/requirements.txt HTTP/1.1" 404 564 "-" "Mozilla/5.0 (Macintosh; Intel Mac OS X 10_12_3) AppleWebKit/537.36 (KHTML, like Gecko) Chrome/56.0.2924.87 Safari/537.36"
94.72.101.21 - - [02/Nov/2024:19:45:24 +0000] "GET /config/azure/v2/Dockerfile HTTP/1.1" 404 564 "-" "Mozilla/5.0 (Macintosh; Intel Mac OS X 10_12_3) AppleWebKit/537.36 (KHTML, like Gecko) Chrome/56.0.2924.87 Safari/537.36"
94.72.101.21 - - [02/Nov/2024:19:45:24 +0000] "GET /security/vault/dist/Dockerfile HTTP/1.1" 404 564 "-" "Mozilla/5.0 (Macintosh; Intel Mac OS X 10_12_3) AppleWebKit/537.36 (KHTML, like Gecko) Chrome/56.0.2924.87 Safari/537.36"
94.72.101.21 - - [02/Nov/2024:19:45:24 +0000] "GET /pipelines/dataflow/src/swagger.json HTTP/1.1" 404 564 "-" "Mozilla/5.0 (Macintosh; Intel Mac OS X 10_12_3) AppleWebKit/537.36 (KHTML, like Gecko) Chrome/56.0.2924.87 Safari/537.36"
94.72.101.21 - - [02/Nov/2024:19:45:24 +0000] "GET /documentation/architecture/v1/swagger.json HTTP/1.1" 404 564 "-" "Mozilla/5.0 (Macintosh; Intel Mac OS X 10_12_3) AppleWebKit/537.36 (KHTML, like Gecko) Chrome/56.0.2924.87 Safari/537.36"
94.72.101.21 - - [02/Nov/2024:19:45:25 +0000] "GET /security/vault/dist/service.yaml HTTP/1.1" 404 564 "-" "Mozilla/5.0 (Macintosh; Intel Mac OS X 10_12_3) AppleWebKit/537.36 (KHTML, like Gecko) Chrome/56.0.2924.87 Safari/537.36"
94.72.101.21 - - [02/Nov/2024:19:45:25 +0000] "GET /microservices/inventory/dev/service.yaml HTTP/1.1" 404 564 "-" "Mozilla/5.0 (Macintosh; Intel Mac OS X 10_12_3) AppleWebKit/537.36 (KHTML, like Gecko) Chrome/56.0.2924.87 Safari/537.36"
94.72.101.21 - - [02/Nov/2024:19:45:25 +0000] "GET /docs/api_v2/dev/requirements.txt HTTP/1.1" 404 564 "-" "Mozilla/5.0 (Macintosh; Intel Mac OS X 10_12_3) AppleWebKit/537.36 (KHTML, like Gecko) Chrome/56.0.2924.87 Safari/537.36"
94.72.101.21 - - [02/Nov/2024:19:45:26 +0000] "GET /config/aws/prod/.env HTTP/1.1" 404 564 "-" "Mozilla/5.0 (Macintosh; Intel Mac OS X 10_12_3) AppleWebKit/537.36 (KHTML, like Gecko) Chrome/56.0.2924.87 Safari/537.36"
94.72.101.21 - - [02/Nov/2024:19:45:26 +0000] "GET /frontend/react-app/prod/policy.json HTTP/1.1" 404 564 "-" "Mozilla/5.0 (Macintosh; Intel Mac OS X 10_12_3) AppleWebKit/537.36 (KHTML, like Gecko) Chrome/56.0.2924.87 Safari/537.36"
94.72.101.21 - - [02/Nov/2024:19:45:26 +0000] "GET /backend/koa/dist/swagger.json HTTP/1.1" 404 564 "-" "Mozilla/5.0 (Macintosh; Intel Mac OS X 10_12_3) AppleWebKit/537.36 (KHTML, like Gecko) Chrome/56.0.2924.87 Safari/537.36"
94.72.101.21 - - [02/Nov/2024:19:45:27 +0000] "GET /ml/models/prod/config.json HTTP/1.1" 404 564 "-" "Mozilla/5.0 (Macintosh; Intel Mac OS X 10_12_3) AppleWebKit/537.36 (KHTML, like Gecko) Chrome/56.0.2924.87 Safari/537.36"
94.72.101.21 - - [02/Nov/2024:19:45:27 +0000] "GET /documentation/architecture/dist/Dockerfile HTTP/1.1" 404 564 "-" "Mozilla/5.0 (Macintosh; Intel Mac OS X 10_12_3) AppleWebKit/537.36 (KHTML, like Gecko) Chrome/56.0.2924.87 Safari/537.36"
94.72.101.21 - - [02/Nov/2024:19:45:27 +0000] "GET /integrations/twilio/src/main.js HTTP/1.1" 404 564 "-" "Mozilla/5.0 (Macintosh; Intel Mac OS X 10_12_3) AppleWebKit/537.36 (KHTML, like Gecko) Chrome/56.0.2924.87 Safari/537.36"
94.72.101.21 - - [02/Nov/2024:19:45:28 +0000] "GET /docs/readme/dev/setup.py HTTP/1.1" 404 564 "-" "Mozilla/5.0 (Macintosh; Intel Mac OS X 10_12_3) AppleWebKit/537.36 (KHTML, like Gecko) Chrome/56.0.2924.87 Safari/537.36"
94.72.101.21 - - [02/Nov/2024:19:45:28 +0000] "GET /secrets/prod/Dockerfile HTTP/1.1" 404 564 "-" "Mozilla/5.0 (Macintosh; Intel Mac OS X 10_12_3) AppleWebKit/537.36 (KHTML, like Gecko) Chrome/56.0.2924.87 Safari/537.36"
94.72.101.21 - - [02/Nov/2024:19:45:29 +0000] "GET /integrations/slack/src/secrets.env HTTP/1.1" 404 564 "-" "Mozilla/5.0 (Macintosh; Intel Mac OS X 10_12_3) AppleWebKit/537.36 (KHTML, like Gecko) Chrome/56.0.2924.87 Safari/537.36"
94.72.101.21 - - [02/Nov/2024:19:45:29 +0000] "GET /frontend/react-app/v1/policy.json HTTP/1.1" 404 564 "-" "Mozilla/5.0 (Macintosh; Intel Mac OS X 10_12_3) AppleWebKit/537.36 (KHTML, like Gecko) Chrome/56.0.2924.87 Safari/537.36"
94.72.101.21 - - [02/Nov/2024:19:45:29 +0000] "GET /data/etl_jobs/dev/deployment.yaml HTTP/1.1" 404 564 "-" "Mozilla/5.0 (Macintosh; Intel Mac OS X 10_12_3) AppleWebKit/537.36 (KHTML, like Gecko) Chrome/56.0.2924.87 Safari/537.36"
94.72.101.21 - - [02/Nov/2024:19:45:29 +0000] "GET /backend/nestjs/v1/README.md HTTP/1.1" 404 564 "-" "Mozilla/5.0 (Macintosh; Intel Mac OS X 10_12_3) AppleWebKit/537.36 (KHTML, like Gecko) Chrome/56.0.2924.87 Safari/537.36"
94.72.101.21 - - [02/Nov/2024:19:45:30 +0000] "GET /backend/express/dist/secrets.env HTTP/1.1" 404 564 "-" "Mozilla/5.0 (Macintosh; Intel Mac OS X 10_12_3) AppleWebKit/537.36 (KHTML, like Gecko) Chrome/56.0.2924.87 Safari/537.36"
94.72.101.21 - - [02/Nov/2024:19:45:30 +0000] "GET /microservices/inventory/prod/deployment.yaml HTTP/1.1" 404 564 "-" "Mozilla/5.0 (Macintosh; Intel Mac OS X 10_12_3) AppleWebKit/537.36 (KHTML, like Gecko) Chrome/56.0.2924.87 Safari/537.36"
94.72.101.21 - - [02/Nov/2024:19:45:30 +0000] "GET /integrations/slack/v2/app.py HTTP/1.1" 404 564 "-" "Mozilla/5.0 (Macintosh; Intel Mac OS X 10_12_3) AppleWebKit/537.36 (KHTML, like Gecko) Chrome/56.0.2924.87 Safari/537.36"
94.72.101.21 - - [02/Nov/2024:19:45:30 +0000] "GET /backend/nestjs/prod/config.json HTTP/1.1" 404 564 "-" "Mozilla/5.0 (Macintosh; Intel Mac OS X 10_12_3) AppleWebKit/537.36 (KHTML, like Gecko) Chrome/56.0.2924.87 Safari/537.36"
94.72.101.21 - - [02/Nov/2024:19:45:30 +0000] "GET /integrations/twilio/v2/README.md HTTP/1.1" 404 564 "-" "Mozilla/5.0 (Macintosh; Intel Mac OS X 10_12_3) AppleWebKit/537.36 (KHTML, like Gecko) Chrome/56.0.2924.87 Safari/537.36"
94.72.101.21 - - [02/Nov/2024:19:45:31 +0000] "GET /frontend/svelte-app/dist/variables.tf HTTP/1.1" 404 564 "-" "Mozilla/5.0 (Macintosh; Intel Mac OS X 10_12_3) AppleWebKit/537.36 (KHTML, like Gecko) Chrome/56.0.2924.87 Safari/537.36"
94.72.101.21 - - [02/Nov/2024:19:45:31 +0000] "GET /frontend/svelte-app/src/README.md HTTP/1.1" 404 564 "-" "Mozilla/5.0 (Macintosh; Intel Mac OS X 10_12_3) AppleWebKit/537.36 (KHTML, like Gecko) Chrome/56.0.2924.87 Safari/537.36"
94.72.101.21 - - [02/Nov/2024:19:45:31 +0000] "GET /compliance/reports/src/setup.py HTTP/1.1" 404 564 "-" "Mozilla/5.0 (Macintosh; Intel Mac OS X 10_12_3) AppleWebKit/537.36 (KHTML, like Gecko) Chrome/56.0.2924.87 Safari/537.36"
94.72.101.21 - - [02/Nov/2024:19:45:31 +0000] "GET /backend/nestjs/v1/.env HTTP/1.1" 404 564 "-" "Mozilla/5.0 (Macintosh; Intel Mac OS X 10_12_3) AppleWebKit/537.36 (KHTML, like Gecko) Chrome/56.0.2924.87 Safari/537.36"
94.72.101.21 - - [02/Nov/2024:19:45:32 +0000] "GET /k8s/v1/Dockerfile HTTP/1.1" 404 564 "-" "Mozilla/5.0 (Macintosh; Intel Mac OS X 10_12_3) AppleWebKit/537.36 (KHTML, like Gecko) Chrome/56.0.2924.87 Safari/537.36"
94.72.101.21 - - [02/Nov/2024:19:45:32 +0000] "GET /integrations/slack/prod/app.py HTTP/1.1" 404 564 "-" "Mozilla/5.0 (Macintosh; Intel Mac OS X 10_12_3) AppleWebKit/537.36 (KHTML, like Gecko) Chrome/56.0.2924.87 Safari/537.36"
94.72.101.21 - - [02/Nov/2024:19:45:32 +0000] "GET /ci-cd/gitlab/v1/swagger.json HTTP/1.1" 404 564 "-" "Mozilla/5.0 (Macintosh; Intel Mac OS X 10_12_3) AppleWebKit/537.36 (KHTML, like Gecko) Chrome/56.0.2924.87 Safari/537.36"
94.72.101.21 - - [02/Nov/2024:19:45:32 +0000] "GET /integrations/stripe/dev/secrets.env HTTP/1.1" 404 564 "-" "Mozilla/5.0 (Macintosh; Intel Mac OS X 10_12_3) AppleWebKit/537.36 (KHTML, like Gecko) Chrome/56.0.2924.87 Safari/537.36"
94.72.101.21 - - [02/Nov/2024:19:45:32 +0000] "GET /backend/fastapi/dist/Dockerfile HTTP/1.1" 404 564 "-" "Mozilla/5.0 (Macintosh; Intel Mac OS X 10_12_3) AppleWebKit/537.36 (KHTML, like Gecko) Chrome/56.0.2924.87 Safari/537.36"
94.72.101.21 - - [02/Nov/2024:19:45:33 +0000] "GET /config/database/dist/app.py HTTP/1.1" 404 564 "-" "Mozilla/5.0 (Macintosh; Intel Mac OS X 10_12_3) AppleWebKit/537.36 (KHTML, like Gecko) Chrome/56.0.2924.87 Safari/537.36"
94.72.101.21 - - [02/Nov/2024:19:45:33 +0000] "GET /frontend/vue-app/prod/service.yaml HTTP/1.1" 404 564 "-" "Mozilla/5.0 (Macintosh; Intel Mac OS X 10_12_3) AppleWebKit/537.36 (KHTML, like Gecko) Chrome/56.0.2924.87 Safari/537.36"
94.72.101.21 - - [02/Nov/2024:19:45:34 +0000] "GET /docs/readme/prod/schema.sql HTTP/1.1" 404 564 "-" "Mozilla/5.0 (Macintosh; Intel Mac OS X 10_12_3) AppleWebKit/537.36 (KHTML, like Gecko) Chrome/56.0.2924.87 Safari/537.36"
94.72.101.21 - - [02/Nov/2024:19:45:34 +0000] "GET /compliance/reports/src/main.js HTTP/1.1" 404 564 "-" "Mozilla/5.0 (Macintosh; Intel Mac OS X 10_12_3) AppleWebKit/537.36 (KHTML, like Gecko) Chrome/56.0.2924.87 Safari/537.36"
94.72.101.21 - - [02/Nov/2024:19:45:35 +0000] "GET /microservices/user-service/v2/README.md HTTP/1.1" 404 564 "-" "Mozilla/5.0 (Macintosh; Intel Mac OS X 10_12_3) AppleWebKit/537.36 (KHTML, like Gecko) Chrome/56.0.2924.87 Safari/537.36"
94.72.101.21 - - [02/Nov/2024:19:45:35 +0000] "GET /ml/models/dist/.env HTTP/1.1" 404 564 "-" "Mozilla/5.0 (Macintosh; Intel Mac OS X 10_12_3) AppleWebKit/537.36 (KHTML, like Gecko) Chrome/56.0.2924.87 Safari/537.36"
94.72.101.21 - - [02/Nov/2024:19:45:35 +0000] "GET /k8s/v2/policy.json HTTP/1.1" 404 564 "-" "Mozilla/5.0 (Macintosh; Intel Mac OS X 10_12_3) AppleWebKit/537.36 (KHTML, like Gecko) Chrome/56.0.2924.87 Safari/537.36"
94.72.101.21 - - [02/Nov/2024:19:45:36 +0000] "GET /documentation/architecture/prod/.env HTTP/1.1" 404 564 "-" "Mozilla/5.0 (Macintosh; Intel Mac OS X 10_12_3) AppleWebKit/537.36 (KHTML, like Gecko) Chrome/56.0.2924.87 Safari/537.36"
94.72.101.21 - - [02/Nov/2024:19:45:36 +0000] "GET /backend/nestjs/dist/setup.py HTTP/1.1" 404 564 "-" "Mozilla/5.0 (Macintosh; Intel Mac OS X 10_12_3) AppleWebKit/537.36 (KHTML, like Gecko) Chrome/56.0.2924.87 Safari/537.36"
94.72.101.21 - - [02/Nov/2024:19:45:36 +0000] "GET /config/aws/dist/variables.tf HTTP/1.1" 404 564 "-" "Mozilla/5.0 (Macintosh; Intel Mac OS X 10_12_3) AppleWebKit/537.36 (KHTML, like Gecko) Chrome/56.0.2924.87 Safari/537.36"
94.72.101.21 - - [02/Nov/2024:19:45:36 +0000] "GET /frontend/nextjs/src/deployment.yaml HTTP/1.1" 404 564 "-" "Mozilla/5.0 (Macintosh; Intel Mac OS X 10_12_3) AppleWebKit/537.36 (KHTML, like Gecko) Chrome/56.0.2924.87 Safari/537.36"
94.72.101.21 - - [02/Nov/2024:19:45:36 +0000] "GET /integrations/twilio/dev/main.js HTTP/1.1" 404 564 "-" "Mozilla/5.0 (Macintosh; Intel Mac OS X 10_12_3) AppleWebKit/537.36 (KHTML, like Gecko) Chrome/56.0.2924.87 Safari/537.36"
94.72.101.21 - - [02/Nov/2024:19:45:37 +0000] "GET /backend/fastapi/v2/main.js HTTP/1.1" 404 564 "-" "Mozilla/5.0 (Macintosh; Intel Mac OS X 10_12_3) AppleWebKit/537.36 (KHTML, like Gecko) Chrome/56.0.2924.87 Safari/537.36"
94.72.101.21 - - [02/Nov/2024:19:45:37 +0000] "GET /backend/express/prod/.env HTTP/1.1" 404 564 "-" "Mozilla/5.0 (Macintosh; Intel Mac OS X 10_12_3) AppleWebKit/537.36 (KHTML, like Gecko) Chrome/56.0.2924.87 Safari/537.36"
94.72.101.21 - - [02/Nov/2024:19:45:37 +0000] "GET /data/etl_jobs/src/secrets.env HTTP/1.1" 404 564 "-" "Mozilla/5.0 (Macintosh; Intel Mac OS X 10_12_3) AppleWebKit/537.36 (KHTML, like Gecko) Chrome/56.0.2924.87 Safari/537.36"
94.72.101.21 - - [02/Nov/2024:19:45:37 +0000] "GET /backend/fastapi/v1/.env HTTP/1.1" 404 564 "-" "Mozilla/5.0 (Macintosh; Intel Mac OS X 10_12_3) AppleWebKit/537.36 (KHTML, like Gecko) Chrome/56.0.2924.87 Safari/537.36"
94.72.101.21 - - [02/Nov/2024:19:45:37 +0000] "GET /backend/nestjs/dist/service.yaml HTTP/1.1" 404 564 "-" "Mozilla/5.0 (Macintosh; Intel Mac OS X 10_12_3) AppleWebKit/537.36 (KHTML, like Gecko) Chrome/56.0.2924.87 Safari/537.36"
94.72.101.21 - - [02/Nov/2024:19:45:38 +0000] "GET /backend/express/src/schema.sql HTTP/1.1" 404 564 "-" "Mozilla/5.0 (Macintosh; Intel Mac OS X 10_12_3) AppleWebKit/537.36 (KHTML, like Gecko) Chrome/56.0.2924.87 Safari/537.36"
94.72.101.21 - - [02/Nov/2024:19:45:38 +0000] "GET /integrations/slack/src/schema.sql HTTP/1.1" 404 564 "-" "Mozilla/5.0 (Macintosh; Intel Mac OS X 10_12_3) AppleWebKit/537.36 (KHTML, like Gecko) Chrome/56.0.2924.87 Safari/537.36"
94.72.101.21 - - [02/Nov/2024:19:45:38 +0000] "GET /compliance/reports/src/variables.tf HTTP/1.1" 404 564 "-" "Mozilla/5.0 (Macintosh; Intel Mac OS X 10_12_3) AppleWebKit/537.36 (KHTML, like Gecko) Chrome/56.0.2924.87 Safari/537.36"
94.72.101.21 - - [02/Nov/2024:19:45:39 +0000] "GET /microservices/payment-service/v1/policy.json HTTP/1.1" 404 564 "-" "Mozilla/5.0 (Macintosh; Intel Mac OS X 10_12_3) AppleWebKit/537.36 (KHTML, like Gecko) Chrome/56.0.2924.87 Safari/537.36"
94.72.101.21 - - [02/Nov/2024:19:45:39 +0000] "GET /integrations/stripe/v1/README.md HTTP/1.1" 404 564 "-" "Mozilla/5.0 (Macintosh; Intel Mac OS X 10_12_3) AppleWebKit/537.36 (KHTML, like Gecko) Chrome/56.0.2924.87 Safari/537.36"
94.72.101.21 - - [02/Nov/2024:19:45:40 +0000] "GET /integrations/stripe/prod/Dockerfile HTTP/1.1" 404 564 "-" "Mozilla/5.0 (Macintosh; Intel Mac OS X 10_12_3) AppleWebKit/537.36 (KHTML, like Gecko) Chrome/56.0.2924.87 Safari/537.36"
94.72.101.21 - - [02/Nov/2024:19:45:40 +0000] "GET /integrations/stripe/dist/.env HTTP/1.1" 404 564 "-" "Mozilla/5.0 (Macintosh; Intel Mac OS X 10_12_3) AppleWebKit/537.36 (KHTML, like Gecko) Chrome/56.0.2924.87 Safari/537.36"
94.72.101.21 - - [02/Nov/2024:19:45:40 +0000] "GET /integrations/twilio/prod/policy.json HTTP/1.1" 404 564 "-" "Mozilla/5.0 (Macintosh; Intel Mac OS X 10_12_3) AppleWebKit/537.36 (KHTML, like Gecko) Chrome/56.0.2924.87 Safari/537.36"
94.72.101.21 - - [02/Nov/2024:19:45:40 +0000] "GET /integrations/stripe/v2/index.js HTTP/1.1" 404 564 "-" "Mozilla/5.0 (Macintosh; Intel Mac OS X 10_12_3) AppleWebKit/537.36 (KHTML, like Gecko) Chrome/56.0.2924.87 Safari/537.36"
94.72.101.21 - - [02/Nov/2024:19:45:40 +0000] "GET /backend/express/prod/setup.py HTTP/1.1" 404 564 "-" "Mozilla/5.0 (Macintosh; Intel Mac OS X 10_12_3) AppleWebKit/537.36 (KHTML, like Gecko) Chrome/56.0.2924.87 Safari/537.36"
94.72.101.21 - - [02/Nov/2024:19:45:40 +0000] "GET /config/env/dev/README.md HTTP/1.1" 404 564 "-" "Mozilla/5.0 (Macintosh; Intel Mac OS X 10_12_3) AppleWebKit/537.36 (KHTML, like Gecko) Chrome/56.0.2924.87 Safari/537.36"
94.72.101.21 - - [02/Nov/2024:19:45:41 +0000] "GET /docs/api_v2/src/setup.py HTTP/1.1" 404 564 "-" "Mozilla/5.0 (Macintosh; Intel Mac OS X 10_12_3) AppleWebKit/537.36 (KHTML, like Gecko) Chrome/56.0.2924.87 Safari/537.36"
94.72.101.21 - - [02/Nov/2024:19:45:41 +0000] "GET /microservices/inventory/dist/service.yaml HTTP/1.1" 404 564 "-" "Mozilla/5.0 (Macintosh; Intel Mac OS X 10_12_3) AppleWebKit/537.36 (KHTML, like Gecko) Chrome/56.0.2924.87 Safari/537.36"
94.72.101.21 - - [02/Nov/2024:19:45:41 +0000] "GET /config/azure/v1/secrets.env HTTP/1.1" 404 564 "-" "Mozilla/5.0 (Macintosh; Intel Mac OS X 10_12_3) AppleWebKit/537.36 (KHTML, like Gecko) Chrome/56.0.2924.87 Safari/537.36"
94.72.101.21 - - [02/Nov/2024:19:45:41 +0000] "GET /frontend/react-app/src/swagger.json HTTP/1.1" 404 564 "-" "Mozilla/5.0 (Macintosh; Intel Mac OS X 10_12_3) AppleWebKit/537.36 (KHTML, like Gecko) Chrome/56.0.2924.87 Safari/537.36"
94.72.101.21 - - [02/Nov/2024:19:45:42 +0000] "GET /ml/models/v1/swagger.json HTTP/1.1" 404 564 "-" "Mozilla/5.0 (Macintosh; Intel Mac OS X 10_12_3) AppleWebKit/537.36 (KHTML, like Gecko) Chrome/56.0.2924.87 Safari/537.36"
94.72.101.21 - - [02/Nov/2024:19:45:42 +0000] "GET /compliance/reports/v2/Dockerfile HTTP/1.1" 404 564 "-" "Mozilla/5.0 (Macintosh; Intel Mac OS X 10_12_3) AppleWebKit/537.36 (KHTML, like Gecko) Chrome/56.0.2924.87 Safari/537.36"
94.72.101.21 - - [02/Nov/2024:19:45:42 +0000] "GET /microservices/payment-service/v1/.env HTTP/1.1" 404 564 "-" "Mozilla/5.0 (Macintosh; Intel Mac OS X 10_12_3) AppleWebKit/537.36 (KHTML, like Gecko) Chrome/56.0.2924.87 Safari/537.36"
94.72.101.21 - - [02/Nov/2024:19:45:42 +0000] "GET /documentation/architecture/v1/secrets.env HTTP/1.1" 404 564 "-" "Mozilla/5.0 (Macintosh; Intel Mac OS X 10_12_3) AppleWebKit/537.36 (KHTML, like Gecko) Chrome/56.0.2924.87 Safari/537.36"
94.72.101.21 - - [02/Nov/2024:19:45:42 +0000] "GET /terraform/environments/prod/v1/deployment.yaml HTTP/1.1" 404 564 "-" "Mozilla/5.0 (Macintosh; Intel Mac OS X 10_12_3) AppleWebKit/537.36 (KHTML, like Gecko) Chrome/56.0.2924.87 Safari/537.36"
94.72.101.21 - - [02/Nov/2024:19:45:43 +0000] "GET /pipelines/dataflow/dev/main.js HTTP/1.1" 404 564 "-" "Mozilla/5.0 (Macintosh; Intel Mac OS X 10_12_3) AppleWebKit/537.36 (KHTML, like Gecko) Chrome/56.0.2924.87 Safari/537.36"
94.72.101.21 - - [02/Nov/2024:19:45:43 +0000] "GET /data_sources/v1/config.json HTTP/1.1" 404 564 "-" "Mozilla/5.0 (Macintosh; Intel Mac OS X 10_12_3) AppleWebKit/537.36 (KHTML, like Gecko) Chrome/56.0.2924.87 Safari/537.36"
94.72.101.21 - - [02/Nov/2024:19:45:44 +0000] "GET /data_sources/v2/policy.json HTTP/1.1" 404 564 "-" "Mozilla/5.0 (Macintosh; Intel Mac OS X 10_12_3) AppleWebKit/537.36 (KHTML, like Gecko) Chrome/56.0.2924.87 Safari/537.36"
94.72.101.21 - - [02/Nov/2024:19:45:44 +0000] "GET /ci-cd/gitlab/dev/requirements.txt HTTP/1.1" 404 564 "-" "Mozilla/5.0 (Macintosh; Intel Mac OS X 10_12_3) AppleWebKit/537.36 (KHTML, like Gecko) Chrome/56.0.2924.87 Safari/537.36"
94.72.101.21 - - [02/Nov/2024:19:45:44 +0000] "GET /ml/models/dist/policy.json HTTP/1.1" 404 564 "-" "Mozilla/5.0 (Macintosh; Intel Mac OS X 10_12_3) AppleWebKit/537.36 (KHTML, like Gecko) Chrome/56.0.2924.87 Safari/537.36"
94.72.101.21 - - [02/Nov/2024:19:45:44 +0000] "GET /audit/logs/dist/README.md HTTP/1.1" 404 564 "-" "Mozilla/5.0 (Macintosh; Intel Mac OS X 10_12_3) AppleWebKit/537.36 (KHTML, like Gecko) Chrome/56.0.2924.87 Safari/537.36"
94.72.101.21 - - [02/Nov/2024:19:45:45 +0000] "GET /frontend/svelte-app/src/schema.sql HTTP/1.1" 404 564 "-" "Mozilla/5.0 (Macintosh; Intel Mac OS X 10_12_3) AppleWebKit/537.36 (KHTML, like Gecko) Chrome/56.0.2924.87 Safari/537.36"
94.72.101.21 - - [02/Nov/2024:19:45:45 +0000] "GET /frontend/react-app/prod/app.py HTTP/1.1" 404 564 "-" "Mozilla/5.0 (Macintosh; Intel Mac OS X 10_12_3) AppleWebKit/537.36 (KHTML, like Gecko) Chrome/56.0.2924.87 Safari/537.36"
94.72.101.21 - - [02/Nov/2024:19:45:45 +0000] "GET /config/env/v1/README.md HTTP/1.1" 404 564 "-" "Mozilla/5.0 (Macintosh; Intel Mac OS X 10_12_3) AppleWebKit/537.36 (KHTML, like Gecko) Chrome/56.0.2924.87 Safari/537.36"
94.72.101.21 - - [02/Nov/2024:19:45:45 +0000] "GET /pipelines/dataflow/v2/variables.tf HTTP/1.1" 404 564 "-" "Mozilla/5.0 (Macintosh; Intel Mac OS X 10_12_3) AppleWebKit/537.36 (KHTML, like Gecko) Chrome/56.0.2924.87 Safari/537.36"
94.72.101.21 - - [02/Nov/2024:19:45:45 +0000] "GET /integrations/stripe/v1/variables.tf HTTP/1.1" 404 564 "-" "Mozilla/5.0 (Macintosh; Intel Mac OS X 10_12_3) AppleWebKit/537.36 (KHTML, like Gecko) Chrome/56.0.2924.87 Safari/537.36"
94.72.101.21 - - [02/Nov/2024:19:45:45 +0000] "GET /docs/readme/v2/swagger.json HTTP/1.1" 404 564 "-" "Mozilla/5.0 (Macintosh; Intel Mac OS X 10_12_3) AppleWebKit/537.36 (KHTML, like Gecko) Chrome/56.0.2924.87 Safari/537.36"
94.72.101.21 - - [02/Nov/2024:19:45:46 +0000] "GET /microservices/user-service/v1/policy.json HTTP/1.1" 404 564 "-" "Mozilla/5.0 (Macintosh; Intel Mac OS X 10_12_3) AppleWebKit/537.36 (KHTML, like Gecko) Chrome/56.0.2924.87 Safari/537.36"
94.72.101.21 - - [02/Nov/2024:19:45:46 +0000] "GET /microservices/inventory/src/index.js HTTP/1.1" 404 564 "-" "Mozilla/5.0 (Macintosh; Intel Mac OS X 10_12_3) AppleWebKit/537.36 (KHTML, like Gecko) Chrome/56.0.2924.87 Safari/537.36"
94.72.101.21 - - [02/Nov/2024:19:45:46 +0000] "GET /data/etl_jobs/dist/README.md HTTP/1.1" 404 564 "-" "Mozilla/5.0 (Macintosh; Intel Mac OS X 10_12_3) AppleWebKit/537.36 (KHTML, like Gecko) Chrome/56.0.2924.87 Safari/537.36"
94.72.101.21 - - [02/Nov/2024:19:45:46 +0000] "GET /config/env/v2/requirements.txt HTTP/1.1" 404 564 "-" "Mozilla/5.0 (Macintosh; Intel Mac OS X 10_12_3) AppleWebKit/537.36 (KHTML, like Gecko) Chrome/56.0.2924.87 Safari/537.36"
94.72.101.21 - - [02/Nov/2024:19:45:46 +0000] "GET /microservices/inventory/v2/swagger.json HTTP/1.1" 404 564 "-" "Mozilla/5.0 (Macintosh; Intel Mac OS X 10_12_3) AppleWebKit/537.36 (KHTML, like Gecko) Chrome/56.0.2924.87 Safari/537.36"
94.72.101.21 - - [02/Nov/2024:19:45:46 +0000] "GET /microservices/inventory/v1/main.js HTTP/1.1" 404 564 "-" "Mozilla/5.0 (Macintosh; Intel Mac OS X 10_12_3) AppleWebKit/537.36 (KHTML, like Gecko) Chrome/56.0.2924.87 Safari/537.36"
94.72.101.21 - - [02/Nov/2024:19:45:47 +0000] "GET /backend/express/dist/schema.sql HTTP/1.1" 404 564 "-" "Mozilla/5.0 (Macintosh; Intel Mac OS X 10_12_3) AppleWebKit/537.36 (KHTML, like Gecko) Chrome/56.0.2924.87 Safari/537.36"
94.72.101.21 - - [02/Nov/2024:19:45:47 +0000] "GET /terraform/environments/prod/v2/.env HTTP/1.1" 404 564 "-" "Mozilla/5.0 (Macintosh; Intel Mac OS X 10_12_3) AppleWebKit/537.36 (KHTML, like Gecko) Chrome/56.0.2924.87 Safari/537.36"
94.72.101.21 - - [02/Nov/2024:19:45:47 +0000] "GET /frontend/react-app/v2/schema.sql HTTP/1.1" 404 564 "-" "Mozilla/5.0 (Macintosh; Intel Mac OS X 10_12_3) AppleWebKit/537.36 (KHTML, like Gecko) Chrome/56.0.2924.87 Safari/537.36"
94.72.101.21 - - [02/Nov/2024:19:45:47 +0000] "GET /data_sources/v1/policy.json HTTP/1.1" 404 564 "-" "Mozilla/5.0 (Macintosh; Intel Mac OS X 10_12_3) AppleWebKit/537.36 (KHTML, like Gecko) Chrome/56.0.2924.87 Safari/537.36"
94.72.101.21 - - [02/Nov/2024:19:45:47 +0000] "GET /config/database/prod/README.md HTTP/1.1" 404 564 "-" "Mozilla/5.0 (Macintosh; Intel Mac OS X 10_12_3) AppleWebKit/537.36 (KHTML, like Gecko) Chrome/56.0.2924.87 Safari/537.36"
94.72.101.21 - - [02/Nov/2024:19:45:48 +0000] "GET /config/env/dev/main.js HTTP/1.1" 404 564 "-" "Mozilla/5.0 (Macintosh; Intel Mac OS X 10_12_3) AppleWebKit/537.36 (KHTML, like Gecko) Chrome/56.0.2924.87 Safari/537.36"
94.72.101.21 - - [02/Nov/2024:19:45:48 +0000] "GET /backend/express/dev/config.json HTTP/1.1" 404 564 "-" "Mozilla/5.0 (Macintosh; Intel Mac OS X 10_12_3) AppleWebKit/537.36 (KHTML, like Gecko) Chrome/56.0.2924.87 Safari/537.36"
94.72.101.21 - - [02/Nov/2024:19:45:48 +0000] "GET /microservices/inventory/prod/variables.tf HTTP/1.1" 404 564 "-" "Mozilla/5.0 (Macintosh; Intel Mac OS X 10_12_3) AppleWebKit/537.36 (KHTML, like Gecko) Chrome/56.0.2924.87 Safari/537.36"
94.72.101.21 - - [02/Nov/2024:19:45:49 +0000] "GET /data/etl_jobs/src/app.py HTTP/1.1" 404 564 "-" "Mozilla/5.0 (Macintosh; Intel Mac OS X 10_12_3) AppleWebKit/537.36 (KHTML, like Gecko) Chrome/56.0.2924.87 Safari/537.36"
94.72.101.21 - - [02/Nov/2024:19:45:49 +0000] "GET /compliance/reports/v1/policy.json HTTP/1.1" 404 564 "-" "Mozilla/5.0 (Macintosh; Intel Mac OS X 10_12_3) AppleWebKit/537.36 (KHTML, like Gecko) Chrome/56.0.2924.87 Safari/537.36"
94.72.101.21 - - [02/Nov/2024:19:45:49 +0000] "GET /ci-cd/gitlab/v2/setup.py HTTP/1.1" 404 564 "-" "Mozilla/5.0 (Macintosh; Intel Mac OS X 10_12_3) AppleWebKit/537.36 (KHTML, like Gecko) Chrome/56.0.2924.87 Safari/537.36"
94.72.101.21 - - [02/Nov/2024:19:45:49 +0000] "GET /data_sources/prod/config.json HTTP/1.1" 404 564 "-" "Mozilla/5.0 (Macintosh; Intel Mac OS X 10_12_3) AppleWebKit/537.36 (KHTML, like Gecko) Chrome/56.0.2924.87 Safari/537.36"
94.72.101.21 - - [02/Nov/2024:19:45:49 +0000] "GET /ci-cd/gitlab/dist/README.md HTTP/1.1" 404 564 "-" "Mozilla/5.0 (Macintosh; Intel Mac OS X 10_12_3) AppleWebKit/537.36 (KHTML, like Gecko) Chrome/56.0.2924.87 Safari/537.36"
94.72.101.21 - - [02/Nov/2024:19:45:50 +0000] "GET /microservices/inventory/v2/Dockerfile HTTP/1.1" 404 564 "-" "Mozilla/5.0 (Macintosh; Intel Mac OS X 10_12_3) AppleWebKit/537.36 (KHTML, like Gecko) Chrome/56.0.2924.87 Safari/537.36"
94.72.101.21 - - [02/Nov/2024:19:45:50 +0000] "GET /ml/models/src/requirements.txt HTTP/1.1" 404 564 "-" "Mozilla/5.0 (Macintosh; Intel Mac OS X 10_12_3) AppleWebKit/537.36 (KHTML, like Gecko) Chrome/56.0.2924.87 Safari/537.36"
94.72.101.21 - - [02/Nov/2024:19:45:50 +0000] "GET /frontend/svelte-app/v1/service.yaml HTTP/1.1" 404 564 "-" "Mozilla/5.0 (Macintosh; Intel Mac OS X 10_12_3) AppleWebKit/537.36 (KHTML, like Gecko) Chrome/56.0.2924.87 Safari/537.36"
94.72.101.21 - - [02/Nov/2024:19:45:50 +0000] "GET /docs/api_v2/dev/policy.json HTTP/1.1" 404 564 "-" "Mozilla/5.0 (Macintosh; Intel Mac OS X 10_12_3) AppleWebKit/537.36 (KHTML, like Gecko) Chrome/56.0.2924.87 Safari/537.36"
94.72.101.21 - - [02/Nov/2024:19:45:51 +0000] "GET /docs/readme/dist/secrets.env HTTP/1.1" 404 564 "-" "Mozilla/5.0 (Macintosh; Intel Mac OS X 10_12_3) AppleWebKit/537.36 (KHTML, like Gecko) Chrome/56.0.2924.87 Safari/537.36"
94.72.101.21 - - [02/Nov/2024:19:45:51 +0000] "GET /ci-cd/gitlab/src/service.yaml HTTP/1.1" 404 564 "-" "Mozilla/5.0 (Macintosh; Intel Mac OS X 10_12_3) AppleWebKit/537.36 (KHTML, like Gecko) Chrome/56.0.2924.87 Safari/537.36"
94.72.101.21 - - [02/Nov/2024:19:45:51 +0000] "GET /k8s/src/README.md HTTP/1.1" 404 564 "-" "Mozilla/5.0 (Macintosh; Intel Mac OS X 10_12_3) AppleWebKit/537.36 (KHTML, like Gecko) Chrome/56.0.2924.87 Safari/537.36"
94.72.101.21 - - [02/Nov/2024:19:45:51 +0000] "GET /frontend/svelte-app/src/main.js HTTP/1.1" 404 564 "-" "Mozilla/5.0 (Macintosh; Intel Mac OS X 10_12_3) AppleWebKit/537.36 (KHTML, like Gecko) Chrome/56.0.2924.87 Safari/537.36"
94.72.101.21 - - [02/Nov/2024:19:45:52 +0000] "GET /audit/logs/src/README.md HTTP/1.1" 404 564 "-" "Mozilla/5.0 (Macintosh; Intel Mac OS X 10_12_3) AppleWebKit/537.36 (KHTML, like Gecko) Chrome/56.0.2924.87 Safari/537.36"
94.72.101.21 - - [02/Nov/2024:19:45:52 +0000] "GET /data/etl_jobs/dist/schema.sql HTTP/1.1" 404 564 "-" "Mozilla/5.0 (Macintosh; Intel Mac OS X 10_12_3) AppleWebKit/537.36 (KHTML, like Gecko) Chrome/56.0.2924.87 Safari/537.36"
94.72.101.21 - - [02/Nov/2024:19:45:52 +0000] "GET /config/aws/prod/requirements.txt HTTP/1.1" 404 564 "-" "Mozilla/5.0 (Macintosh; Intel Mac OS X 10_12_3) AppleWebKit/537.36 (KHTML, like Gecko) Chrome/56.0.2924.87 Safari/537.36"
94.72.101.21 - - [02/Nov/2024:19:45:52 +0000] "GET /compliance/reports/src/requirements.txt HTTP/1.1" 404 564 "-" "Mozilla/5.0 (Macintosh; Intel Mac OS X 10_12_3) AppleWebKit/537.36 (KHTML, like Gecko) Chrome/56.0.2924.87 Safari/537.36"
94.72.101.21 - - [02/Nov/2024:19:45:53 +0000] "GET /k8s/src/.env HTTP/1.1" 404 564 "-" "Mozilla/5.0 (Macintosh; Intel Mac OS X 10_12_3) AppleWebKit/537.36 (KHTML, like Gecko) Chrome/56.0.2924.87 Safari/537.36"
94.72.101.21 - - [02/Nov/2024:19:45:53 +0000] "GET /config/aws/src/app.py HTTP/1.1" 404 564 "-" "Mozilla/5.0 (Macintosh; Intel Mac OS X 10_12_3) AppleWebKit/537.36 (KHTML, like Gecko) Chrome/56.0.2924.87 Safari/537.36"
94.72.101.21 - - [02/Nov/2024:19:45:53 +0000] "GET /ml/models/v1/deployment.yaml HTTP/1.1" 404 564 "-" "Mozilla/5.0 (Macintosh; Intel Mac OS X 10_12_3) AppleWebKit/537.36 (KHTML, like Gecko) Chrome/56.0.2924.87 Safari/537.36"
94.72.101.21 - - [02/Nov/2024:19:45:53 +0000] "GET /data/etl_jobs/src/schema.sql HTTP/1.1" 404 564 "-" "Mozilla/5.0 (Macintosh; Intel Mac OS X 10_12_3) AppleWebKit/537.36 (KHTML, like Gecko) Chrome/56.0.2924.87 Safari/537.36"
94.72.101.21 - - [02/Nov/2024:19:45:53 +0000] "GET /secrets/v1/deployment.yaml HTTP/1.1" 404 564 "-" "Mozilla/5.0 (Macintosh; Intel Mac OS X 10_12_3) AppleWebKit/537.36 (KHTML, like Gecko) Chrome/56.0.2924.87 Safari/537.36"
94.72.101.21 - - [02/Nov/2024:19:45:54 +0000] "GET /microservices/inventory/prod/service.yaml HTTP/1.1" 404 564 "-" "Mozilla/5.0 (Macintosh; Intel Mac OS X 10_12_3) AppleWebKit/537.36 (KHTML, like Gecko) Chrome/56.0.2924.87 Safari/537.36"
94.72.101.21 - - [02/Nov/2024:19:45:54 +0000] "GET /config/database/src/requirements.txt HTTP/1.1" 404 564 "-" "Mozilla/5.0 (Macintosh; Intel Mac OS X 10_12_3) AppleWebKit/537.36 (KHTML, like Gecko) Chrome/56.0.2924.87 Safari/537.36"
94.72.101.21 - - [02/Nov/2024:19:45:54 +0000] "GET /integrations/stripe/dist/deployment.yaml HTTP/1.1" 404 564 "-" "Mozilla/5.0 (Macintosh; Intel Mac OS X 10_12_3) AppleWebKit/537.36 (KHTML, like Gecko) Chrome/56.0.2924.87 Safari/537.36"
94.72.101.21 - - [02/Nov/2024:19:45:54 +0000] "GET /frontend/nextjs/src/variables.tf HTTP/1.1" 404 564 "-" "Mozilla/5.0 (Macintosh; Intel Mac OS X 10_12_3) AppleWebKit/537.36 (KHTML, like Gecko) Chrome/56.0.2924.87 Safari/537.36"
94.72.101.21 - - [02/Nov/2024:19:45:55 +0000] "GET /config/env/prod/requirements.txt HTTP/1.1" 404 564 "-" "Mozilla/5.0 (Macintosh; Intel Mac OS X 10_12_3) AppleWebKit/537.36 (KHTML, like Gecko) Chrome/56.0.2924.87 Safari/537.36"
94.72.101.21 - - [02/Nov/2024:19:45:55 +0000] "GET /backend/nestjs/dist/config.json HTTP/1.1" 404 564 "-" "Mozilla/5.0 (Macintosh; Intel Mac OS X 10_12_3) AppleWebKit/537.36 (KHTML, like Gecko) Chrome/56.0.2924.87 Safari/537.36"
94.72.101.21 - - [02/Nov/2024:19:45:55 +0000] "GET /frontend/vue-app/v1/service.yaml HTTP/1.1" 404 564 "-" "Mozilla/5.0 (Macintosh; Intel Mac OS X 10_12_3) AppleWebKit/537.36 (KHTML, like Gecko) Chrome/56.0.2924.87 Safari/537.36"
94.72.101.21 - - [02/Nov/2024:19:45:55 +0000] "GET /config/azure/prod/setup.py HTTP/1.1" 404 564 "-" "Mozilla/5.0 (Macintosh; Intel Mac OS X 10_12_3) AppleWebKit/537.36 (KHTML, like Gecko) Chrome/56.0.2924.87 Safari/537.36"
94.72.101.21 - - [02/Nov/2024:19:45:56 +0000] "GET /frontend/nextjs/prod/README.md HTTP/1.1" 404 564 "-" "Mozilla/5.0 (Macintosh; Intel Mac OS X 10_12_3) AppleWebKit/537.36 (KHTML, like Gecko) Chrome/56.0.2924.87 Safari/537.36"
94.72.101.21 - - [02/Nov/2024:19:45:56 +0000] "GET /documentation/architecture/prod/schema.sql HTTP/1.1" 404 564 "-" "Mozilla/5.0 (Macintosh; Intel Mac OS X 10_12_3) AppleWebKit/537.36 (KHTML, like Gecko) Chrome/56.0.2924.87 Safari/537.36"
94.72.101.21 - - [02/Nov/2024:19:45:56 +0000] "GET /ml/models/dev/swagger.json HTTP/1.1" 404 564 "-" "Mozilla/5.0 (Macintosh; Intel Mac OS X 10_12_3) AppleWebKit/537.36 (KHTML, like Gecko) Chrome/56.0.2924.87 Safari/537.36"
94.72.101.21 - - [02/Nov/2024:19:45:56 +0000] "GET /microservices/payment-service/dev/README.md HTTP/1.1" 404 564 "-" "Mozilla/5.0 (Macintosh; Intel Mac OS X 10_12_3) AppleWebKit/537.36 (KHTML, like Gecko) Chrome/56.0.2924.87 Safari/537.36"
94.72.101.21 - - [02/Nov/2024:19:45:56 +0000] "GET /secrets/v2/.env HTTP/1.1" 404 564 "-" "Mozilla/5.0 (Macintosh; Intel Mac OS X 10_12_3) AppleWebKit/537.36 (KHTML, like Gecko) Chrome/56.0.2924.87 Safari/537.36"
94.72.101.21 - - [02/Nov/2024:19:45:56 +0000] "GET /microservices/user-service/v1/Dockerfile HTTP/1.1" 404 564 "-" "Mozilla/5.0 (Macintosh; Intel Mac OS X 10_12_3) AppleWebKit/537.36 (KHTML, like Gecko) Chrome/56.0.2924.87 Safari/537.36"
94.72.101.21 - - [02/Nov/2024:19:45:57 +0000] "GET /integrations/twilio/dev/app.py HTTP/1.1" 404 564 "-" "Mozilla/5.0 (Macintosh; Intel Mac OS X 10_12_3) AppleWebKit/537.36 (KHTML, like Gecko) Chrome/56.0.2924.87 Safari/537.36"
94.72.101.21 - - [02/Nov/2024:19:45:57 +0000] "GET /security/vault/v1/swagger.json HTTP/1.1" 404 564 "-" "Mozilla/5.0 (Macintosh; Intel Mac OS X 10_12_3) AppleWebKit/537.36 (KHTML, like Gecko) Chrome/56.0.2924.87 Safari/537.36"
94.72.101.21 - - [02/Nov/2024:19:45:57 +0000] "GET /pipelines/dataflow/v2/requirements.txt HTTP/1.1" 404 564 "-" "Mozilla/5.0 (Macintosh; Intel Mac OS X 10_12_3) AppleWebKit/537.36 (KHTML, like Gecko) Chrome/56.0.2924.87 Safari/537.36"
94.72.101.21 - - [02/Nov/2024:19:45:57 +0000] "GET /documentation/architecture/v1/config.json HTTP/1.1" 404 564 "-" "Mozilla/5.0 (Macintosh; Intel Mac OS X 10_12_3) AppleWebKit/537.36 (KHTML, like Gecko) Chrome/56.0.2924.87 Safari/537.36"
94.72.101.21 - - [02/Nov/2024:19:45:57 +0000] "GET /documentation/architecture/dev/README.md HTTP/1.1" 404 564 "-" "Mozilla/5.0 (Macintosh; Intel Mac OS X 10_12_3) AppleWebKit/537.36 (KHTML, like Gecko) Chrome/56.0.2924.87 Safari/537.36"
94.72.101.21 - - [02/Nov/2024:19:45:57 +0000] "GET /config/database/src/service.yaml HTTP/1.1" 404 564 "-" "Mozilla/5.0 (Macintosh; Intel Mac OS X 10_12_3) AppleWebKit/537.36 (KHTML, like Gecko) Chrome/56.0.2924.87 Safari/537.36"
94.72.101.21 - - [02/Nov/2024:19:45:58 +0000] "GET /backend/express/dev/deployment.yaml HTTP/1.1" 404 564 "-" "Mozilla/5.0 (Macintosh; Intel Mac OS X 10_12_3) AppleWebKit/537.36 (KHTML, like Gecko) Chrome/56.0.2924.87 Safari/537.36"
94.72.101.21 - - [02/Nov/2024:19:45:58 +0000] "GET /security/vault/v2/app.py HTTP/1.1" 404 564 "-" "Mozilla/5.0 (Macintosh; Intel Mac OS X 10_12_3) AppleWebKit/537.36 (KHTML, like Gecko) Chrome/56.0.2924.87 Safari/537.36"
94.72.101.21 - - [02/Nov/2024:19:45:58 +0000] "GET /config/aws/dist/README.md HTTP/1.1" 404 564 "-" "Mozilla/5.0 (Macintosh; Intel Mac OS X 10_12_3) AppleWebKit/537.36 (KHTML, like Gecko) Chrome/56.0.2924.87 Safari/537.36"
94.72.101.21 - - [02/Nov/2024:19:45:58 +0000] "GET /docs/api_v2/src/app.py HTTP/1.1" 404 564 "-" "Mozilla/5.0 (Macintosh; Intel Mac OS X 10_12_3) AppleWebKit/537.36 (KHTML, like Gecko) Chrome/56.0.2924.87 Safari/537.36"
94.72.101.21 - - [02/Nov/2024:19:45:58 +0000] "GET /data/etl_jobs/prod/config.json HTTP/1.1" 404 564 "-" "Mozilla/5.0 (Macintosh; Intel Mac OS X 10_12_3) AppleWebKit/537.36 (KHTML, like Gecko) Chrome/56.0.2924.87 Safari/537.36"
94.72.101.21 - - [02/Nov/2024:19:45:58 +0000] "GET /frontend/react-app/dev/policy.json HTTP/1.1" 404 564 "-" "Mozilla/5.0 (Macintosh; Intel Mac OS X 10_12_3) AppleWebKit/537.36 (KHTML, like Gecko) Chrome/56.0.2924.87 Safari/537.36"
94.72.101.21 - - [02/Nov/2024:19:45:59 +0000] "GET /microservices/user-service/dev/setup.py HTTP/1.1" 404 564 "-" "Mozilla/5.0 (Macintosh; Intel Mac OS X 10_12_3) AppleWebKit/537.36 (KHTML, like Gecko) Chrome/56.0.2924.87 Safari/537.36"
94.72.101.21 - - [02/Nov/2024:19:45:59 +0000] "GET /pipelines/dataflow/prod/schema.sql HTTP/1.1" 404 564 "-" "Mozilla/5.0 (Macintosh; Intel Mac OS X 10_12_3) AppleWebKit/537.36 (KHTML, like Gecko) Chrome/56.0.2924.87 Safari/537.36"
94.72.101.21 - - [02/Nov/2024:19:45:59 +0000] "GET /terraform/environments/prod/v1/setup.py HTTP/1.1" 404 564 "-" "Mozilla/5.0 (Macintosh; Intel Mac OS X 10_12_3) AppleWebKit/537.36 (KHTML, like Gecko) Chrome/56.0.2924.87 Safari/537.36"
94.72.101.21 - - [02/Nov/2024:19:45:59 +0000] "GET /audit/logs/v1/app.py HTTP/1.1" 404 564 "-" "Mozilla/5.0 (Macintosh; Intel Mac OS X 10_12_3) AppleWebKit/537.36 (KHTML, like Gecko) Chrome/56.0.2924.87 Safari/537.36"
94.72.101.21 - - [02/Nov/2024:19:45:59 +0000] "GET /config/azure/dist/swagger.json HTTP/1.1" 404 564 "-" "Mozilla/5.0 (Macintosh; Intel Mac OS X 10_12_3) AppleWebKit/537.36 (KHTML, like Gecko) Chrome/56.0.2924.87 Safari/537.36"
94.72.101.21 - - [02/Nov/2024:19:46:00 +0000] "GET /documentation/architecture/src/setup.py HTTP/1.1" 404 564 "-" "Mozilla/5.0 (Macintosh; Intel Mac OS X 10_12_3) AppleWebKit/537.36 (KHTML, like Gecko) Chrome/56.0.2924.87 Safari/537.36"
94.72.101.21 - - [02/Nov/2024:19:46:00 +0000] "GET /microservices/payment-service/v2/README.md HTTP/1.1" 404 564 "-" "Mozilla/5.0 (Macintosh; Intel Mac OS X 10_12_3) AppleWebKit/537.36 (KHTML, like Gecko) Chrome/56.0.2924.87 Safari/537.36"
94.72.101.21 - - [02/Nov/2024:19:46:00 +0000] "GET /audit/logs/src/.env HTTP/1.1" 404 564 "-" "Mozilla/5.0 (Macintosh; Intel Mac OS X 10_12_3) AppleWebKit/537.36 (KHTML, like Gecko) Chrome/56.0.2924.87 Safari/537.36"
94.72.101.21 - - [02/Nov/2024:19:46:01 +0000] "GET /backend/nestjs/v1/requirements.txt HTTP/1.1" 404 564 "-" "Mozilla/5.0 (Macintosh; Intel Mac OS X 10_12_3) AppleWebKit/537.36 (KHTML, like Gecko) Chrome/56.0.2924.87 Safari/537.36"
94.72.101.21 - - [02/Nov/2024:19:46:01 +0000] "GET /docs/readme/prod/main.js HTTP/1.1" 404 564 "-" "Mozilla/5.0 (Macintosh; Intel Mac OS X 10_12_3) AppleWebKit/537.36 (KHTML, like Gecko) Chrome/56.0.2924.87 Safari/537.36"
94.72.101.21 - - [02/Nov/2024:19:46:01 +0000] "GET /documentation/architecture/v1/setup.py HTTP/1.1" 404 564 "-" "Mozilla/5.0 (Macintosh; Intel Mac OS X 10_12_3) AppleWebKit/537.36 (KHTML, like Gecko) Chrome/56.0.2924.87 Safari/537.36"
94.72.101.21 - - [02/Nov/2024:19:46:01 +0000] "GET /microservices/payment-service/dev/swagger.json HTTP/1.1" 404 564 "-" "Mozilla/5.0 (Macintosh; Intel Mac OS X 10_12_3) AppleWebKit/537.36 (KHTML, like Gecko) Chrome/56.0.2924.87 Safari/537.36"
94.72.101.21 - - [02/Nov/2024:19:46:02 +0000] "GET /frontend/vue-app/prod/requirements.txt HTTP/1.1" 404 564 "-" "Mozilla/5.0 (Macintosh; Intel Mac OS X 10_12_3) AppleWebKit/537.36 (KHTML, like Gecko) Chrome/56.0.2924.87 Safari/537.36"
94.72.101.21 - - [02/Nov/2024:19:46:02 +0000] "GET /integrations/twilio/dist/setup.py HTTP/1.1" 404 564 "-" "Mozilla/5.0 (Macintosh; Intel Mac OS X 10_12_3) AppleWebKit/537.36 (KHTML, like Gecko) Chrome/56.0.2924.87 Safari/537.36"
94.72.101.21 - - [02/Nov/2024:19:46:02 +0000] "GET /data_sources/v1/setup.py HTTP/1.1" 404 564 "-" "Mozilla/5.0 (Macintosh; Intel Mac OS X 10_12_3) AppleWebKit/537.36 (KHTML, like Gecko) Chrome/56.0.2924.87 Safari/537.36"
94.72.101.21 - - [02/Nov/2024:19:46:02 +0000] "GET /secrets/prod/variables.tf HTTP/1.1" 404 564 "-" "Mozilla/5.0 (Macintosh; Intel Mac OS X 10_12_3) AppleWebKit/537.36 (KHTML, like Gecko) Chrome/56.0.2924.87 Safari/537.36"
94.72.101.21 - - [02/Nov/2024:19:46:03 +0000] "GET /security/vault/v2/index.js HTTP/1.1" 404 564 "-" "Mozilla/5.0 (Macintosh; Intel Mac OS X 10_12_3) AppleWebKit/537.36 (KHTML, like Gecko) Chrome/56.0.2924.87 Safari/537.36"
94.72.101.21 - - [02/Nov/2024:19:46:03 +0000] "GET /pipelines/dataflow/dev/schema.sql HTTP/1.1" 404 564 "-" "Mozilla/5.0 (Macintosh; Intel Mac OS X 10_12_3) AppleWebKit/537.36 (KHTML, like Gecko) Chrome/56.0.2924.87 Safari/537.36"
94.72.101.21 - - [02/Nov/2024:19:46:03 +0000] "GET /config/database/dist/service.yaml HTTP/1.1" 404 564 "-" "Mozilla/5.0 (Macintosh; Intel Mac OS X 10_12_3) AppleWebKit/537.36 (KHTML, like Gecko) Chrome/56.0.2924.87 Safari/537.36"
94.72.101.21 - - [02/Nov/2024:19:46:03 +0000] "GET /backend/fastapi/dist/config.json HTTP/1.1" 404 564 "-" "Mozilla/5.0 (Macintosh; Intel Mac OS X 10_12_3) AppleWebKit/537.36 (KHTML, like Gecko) Chrome/56.0.2924.87 Safari/537.36"
94.72.101.21 - - [02/Nov/2024:19:46:03 +0000] "GET /k8s/src/index.js HTTP/1.1" 404 564 "-" "Mozilla/5.0 (Macintosh; Intel Mac OS X 10_12_3) AppleWebKit/537.36 (KHTML, like Gecko) Chrome/56.0.2924.87 Safari/537.36"
94.72.101.21 - - [02/Nov/2024:19:46:03 +0000] "GET /backend/nestjs/src/config.json HTTP/1.1" 404 564 "-" "Mozilla/5.0 (Macintosh; Intel Mac OS X 10_12_3) AppleWebKit/537.36 (KHTML, like Gecko) Chrome/56.0.2924.87 Safari/537.36"
94.72.101.21 - - [02/Nov/2024:19:46:04 +0000] "GET /backend/express/dist/config.json HTTP/1.1" 404 564 "-" "Mozilla/5.0 (Macintosh; Intel Mac OS X 10_12_3) AppleWebKit/537.36 (KHTML, like Gecko) Chrome/56.0.2924.87 Safari/537.36"
94.72.101.21 - - [02/Nov/2024:19:46:04 +0000] "GET /secrets/src/index.js HTTP/1.1" 404 564 "-" "Mozilla/5.0 (Macintosh; Intel Mac OS X 10_12_3) AppleWebKit/537.36 (KHTML, like Gecko) Chrome/56.0.2924.87 Safari/537.36"
94.72.101.21 - - [02/Nov/2024:19:46:04 +0000] "GET /microservices/payment-service/v2/deployment.yaml HTTP/1.1" 404 564 "-" "Mozilla/5.0 (Macintosh; Intel Mac OS X 10_12_3) AppleWebKit/537.36 (KHTML, like Gecko) Chrome/56.0.2924.87 Safari/537.36"
94.72.101.21 - - [02/Nov/2024:19:46:04 +0000] "GET /config/database/dist/Dockerfile HTTP/1.1" 404 564 "-" "Mozilla/5.0 (Macintosh; Intel Mac OS X 10_12_3) AppleWebKit/537.36 (KHTML, like Gecko) Chrome/56.0.2924.87 Safari/537.36"
94.72.101.21 - - [02/Nov/2024:19:46:04 +0000] "GET /terraform/environments/prod/v1/variables.tf HTTP/1.1" 404 564 "-" "Mozilla/5.0 (Macintosh; Intel Mac OS X 10_12_3) AppleWebKit/537.36 (KHTML, like Gecko) Chrome/56.0.2924.87 Safari/537.36"
94.72.101.21 - - [02/Nov/2024:19:46:04 +0000] "GET /microservices/payment-service/dev/schema.sql HTTP/1.1" 404 564 "-" "Mozilla/5.0 (Macintosh; Intel Mac OS X 10_12_3) AppleWebKit/537.36 (KHTML, like Gecko) Chrome/56.0.2924.87 Safari/537.36"
94.72.101.21 - - [02/Nov/2024:19:46:05 +0000] "GET /terraform/environments/prod/dist/config.json HTTP/1.1" 404 564 "-" "Mozilla/5.0 (Macintosh; Intel Mac OS X 10_12_3) AppleWebKit/537.36 (KHTML, like Gecko) Chrome/56.0.2924.87 Safari/537.36"
94.72.101.21 - - [02/Nov/2024:19:46:05 +0000] "GET /config/aws/v1/swagger.json HTTP/1.1" 404 564 "-" "Mozilla/5.0 (Macintosh; Intel Mac OS X 10_12_3) AppleWebKit/537.36 (KHTML, like Gecko) Chrome/56.0.2924.87 Safari/537.36"
94.72.101.21 - - [02/Nov/2024:19:46:05 +0000] "GET /ci-cd/github/prod/Dockerfile HTTP/1.1" 404 564 "-" "Mozilla/5.0 (Macintosh; Intel Mac OS X 10_12_3) AppleWebKit/537.36 (KHTML, like Gecko) Chrome/56.0.2924.87 Safari/537.36"
94.72.101.21 - - [02/Nov/2024:19:46:05 +0000] "GET /config/database/dist/swagger.json HTTP/1.1" 404 564 "-" "Mozilla/5.0 (Macintosh; Intel Mac OS X 10_12_3) AppleWebKit/537.36 (KHTML, like Gecko) Chrome/56.0.2924.87 Safari/537.36"
94.72.101.21 - - [02/Nov/2024:19:46:05 +0000] "GET /k8s/src/swagger.json HTTP/1.1" 404 564 "-" "Mozilla/5.0 (Macintosh; Intel Mac OS X 10_12_3) AppleWebKit/537.36 (KHTML, like Gecko) Chrome/56.0.2924.87 Safari/537.36"
94.72.101.21 - - [02/Nov/2024:19:46:06 +0000] "GET /backend/fastapi/v1/schema.sql HTTP/1.1" 404 564 "-" "Mozilla/5.0 (Macintosh; Intel Mac OS X 10_12_3) AppleWebKit/537.36 (KHTML, like Gecko) Chrome/56.0.2924.87 Safari/537.36"
94.72.101.21 - - [02/Nov/2024:19:46:06 +0000] "GET /config/azure/src/setup.py HTTP/1.1" 404 564 "-" "Mozilla/5.0 (Macintosh; Intel Mac OS X 10_12_3) AppleWebKit/537.36 (KHTML, like Gecko) Chrome/56.0.2924.87 Safari/537.36"
94.72.101.21 - - [02/Nov/2024:19:46:06 +0000] "GET /terraform/environments/prod/prod/variables.tf HTTP/1.1" 404 564 "-" "Mozilla/5.0 (Macintosh; Intel Mac OS X 10_12_3) AppleWebKit/537.36 (KHTML, like Gecko) Chrome/56.0.2924.87 Safari/537.36"
94.72.101.21 - - [02/Nov/2024:19:46:06 +0000] "GET /secrets/v1/service.yaml HTTP/1.1" 404 564 "-" "Mozilla/5.0 (Macintosh; Intel Mac OS X 10_12_3) AppleWebKit/537.36 (KHTML, like Gecko) Chrome/56.0.2924.87 Safari/537.36"
94.72.101.21 - - [02/Nov/2024:19:46:07 +0000] "GET /data_sources/dev/config.json HTTP/1.1" 404 564 "-" "Mozilla/5.0 (Macintosh; Intel Mac OS X 10_12_3) AppleWebKit/537.36 (KHTML, like Gecko) Chrome/56.0.2924.87 Safari/537.36"
94.72.101.21 - - [02/Nov/2024:19:46:07 +0000] "GET /config/aws/v1/policy.json HTTP/1.1" 404 564 "-" "Mozilla/5.0 (Macintosh; Intel Mac OS X 10_12_3) AppleWebKit/537.36 (KHTML, like Gecko) Chrome/56.0.2924.87 Safari/537.36"
94.72.101.21 - - [02/Nov/2024:19:46:07 +0000] "GET /config/env/src/deployment.yaml HTTP/1.1" 404 564 "-" "Mozilla/5.0 (Macintosh; Intel Mac OS X 10_12_3) AppleWebKit/537.36 (KHTML, like Gecko) Chrome/56.0.2924.87 Safari/537.36"
94.72.101.21 - - [02/Nov/2024:19:46:08 +0000] "GET /ci-cd/github/dev/policy.json HTTP/1.1" 404 564 "-" "Mozilla/5.0 (Macintosh; Intel Mac OS X 10_12_3) AppleWebKit/537.36 (KHTML, like Gecko) Chrome/56.0.2924.87 Safari/537.36"
94.72.101.21 - - [02/Nov/2024:19:46:08 +0000] "GET /microservices/user-service/src/.env HTTP/1.1" 404 564 "-" "Mozilla/5.0 (Macintosh; Intel Mac OS X 10_12_3) AppleWebKit/537.36 (KHTML, like Gecko) Chrome/56.0.2924.87 Safari/537.36"
94.72.101.21 - - [02/Nov/2024:19:46:08 +0000] "GET /ci-cd/gitlab/dist/schema.sql HTTP/1.1" 404 564 "-" "Mozilla/5.0 (Macintosh; Intel Mac OS X 10_12_3) AppleWebKit/537.36 (KHTML, like Gecko) Chrome/56.0.2924.87 Safari/537.36"
94.72.101.21 - - [02/Nov/2024:19:46:08 +0000] "GET /frontend/svelte-app/v1/index.js HTTP/1.1" 404 564 "-" "Mozilla/5.0 (Macintosh; Intel Mac OS X 10_12_3) AppleWebKit/537.36 (KHTML, like Gecko) Chrome/56.0.2924.87 Safari/537.36"
94.72.101.21 - - [02/Nov/2024:19:46:08 +0000] "GET /backend/express/v2/.env HTTP/1.1" 404 564 "-" "Mozilla/5.0 (Macintosh; Intel Mac OS X 10_12_3) AppleWebKit/537.36 (KHTML, like Gecko) Chrome/56.0.2924.87 Safari/537.36"
94.72.101.21 - - [02/Nov/2024:19:46:08 +0000] "GET /terraform/environments/prod/dist/deployment.yaml HTTP/1.1" 404 564 "-" "Mozilla/5.0 (Macintosh; Intel Mac OS X 10_12_3) AppleWebKit/537.36 (KHTML, like Gecko) Chrome/56.0.2924.87 Safari/537.36"
94.72.101.21 - - [02/Nov/2024:19:46:09 +0000] "GET /microservices/user-service/dev/policy.json HTTP/1.1" 404 564 "-" "Mozilla/5.0 (Macintosh; Intel Mac OS X 10_12_3) AppleWebKit/537.36 (KHTML, like Gecko) Chrome/56.0.2924.87 Safari/537.36"
94.72.101.21 - - [02/Nov/2024:19:46:09 +0000] "GET /config/aws/dist/service.yaml HTTP/1.1" 404 564 "-" "Mozilla/5.0 (Macintosh; Intel Mac OS X 10_12_3) AppleWebKit/537.36 (KHTML, like Gecko) Chrome/56.0.2924.87 Safari/537.36"
94.72.101.21 - - [02/Nov/2024:19:46:09 +0000] "GET /microservices/payment-service/dev/index.js HTTP/1.1" 404 564 "-" "Mozilla/5.0 (Macintosh; Intel Mac OS X 10_12_3) AppleWebKit/537.36 (KHTML, like Gecko) Chrome/56.0.2924.87 Safari/537.36"
94.72.101.21 - - [02/Nov/2024:19:46:09 +0000] "GET /terraform/environments/prod/v1/main.js HTTP/1.1" 404 564 "-" "Mozilla/5.0 (Macintosh; Intel Mac OS X 10_12_3) AppleWebKit/537.36 (KHTML, like Gecko) Chrome/56.0.2924.87 Safari/537.36"
94.72.101.21 - - [02/Nov/2024:19:46:09 +0000] "GET /backend/nestjs/dist/secrets.env HTTP/1.1" 404 564 "-" "Mozilla/5.0 (Macintosh; Intel Mac OS X 10_12_3) AppleWebKit/537.36 (KHTML, like Gecko) Chrome/56.0.2924.87 Safari/537.36"
94.72.101.21 - - [02/Nov/2024:19:46:09 +0000] "GET /frontend/react-app/dist/README.md HTTP/1.1" 404 564 "-" "Mozilla/5.0 (Macintosh; Intel Mac OS X 10_12_3) AppleWebKit/537.36 (KHTML, like Gecko) Chrome/56.0.2924.87 Safari/537.36"
94.72.101.21 - - [02/Nov/2024:19:46:10 +0000] "GET /k8s/dist/secrets.env HTTP/1.1" 404 564 "-" "Mozilla/5.0 (Macintosh; Intel Mac OS X 10_12_3) AppleWebKit/537.36 (KHTML, like Gecko) Chrome/56.0.2924.87 Safari/537.36"
94.72.101.21 - - [02/Nov/2024:19:46:10 +0000] "GET /backend/koa/v2/schema.sql HTTP/1.1" 404 564 "-" "Mozilla/5.0 (Macintosh; Intel Mac OS X 10_12_3) AppleWebKit/537.36 (KHTML, like Gecko) Chrome/56.0.2924.87 Safari/537.36"
94.72.101.21 - - [02/Nov/2024:19:46:10 +0000] "GET /backend/express/prod/service.yaml HTTP/1.1" 404 564 "-" "Mozilla/5.0 (Macintosh; Intel Mac OS X 10_12_3) AppleWebKit/537.36 (KHTML, like Gecko) Chrome/56.0.2924.87 Safari/537.36"
94.72.101.21 - - [02/Nov/2024:19:46:10 +0000] "GET /backend/nestjs/src/requirements.txt HTTP/1.1" 404 564 "-" "Mozilla/5.0 (Macintosh; Intel Mac OS X 10_12_3) AppleWebKit/537.36 (KHTML, like Gecko) Chrome/56.0.2924.87 Safari/537.36"
94.72.101.21 - - [02/Nov/2024:19:46:11 +0000] "GET /docs/readme/dev/index.js HTTP/1.1" 404 564 "-" "Mozilla/5.0 (Macintosh; Intel Mac OS X 10_12_3) AppleWebKit/537.36 (KHTML, like Gecko) Chrome/56.0.2924.87 Safari/537.36"
94.72.101.21 - - [02/Nov/2024:19:46:11 +0000] "GET /data_sources/prod/schema.sql HTTP/1.1" 404 564 "-" "Mozilla/5.0 (Macintosh; Intel Mac OS X 10_12_3) AppleWebKit/537.36 (KHTML, like Gecko) Chrome/56.0.2924.87 Safari/537.36"
94.72.101.21 - - [02/Nov/2024:19:46:11 +0000] "GET /microservices/user-service/v1/config.json HTTP/1.1" 404 564 "-" "Mozilla/5.0 (Macintosh; Intel Mac OS X 10_12_3) AppleWebKit/537.36 (KHTML, like Gecko) Chrome/56.0.2924.87 Safari/537.36"
94.72.101.21 - - [02/Nov/2024:19:46:12 +0000] "GET /integrations/slack/v2/Dockerfile HTTP/1.1" 404 564 "-" "Mozilla/5.0 (Macintosh; Intel Mac OS X 10_12_3) AppleWebKit/537.36 (KHTML, like Gecko) Chrome/56.0.2924.87 Safari/537.36"
94.72.101.21 - - [02/Nov/2024:19:46:12 +0000] "GET /ml/models/prod/variables.tf HTTP/1.1" 404 564 "-" "Mozilla/5.0 (Macintosh; Intel Mac OS X 10_12_3) AppleWebKit/537.36 (KHTML, like Gecko) Chrome/56.0.2924.87 Safari/537.36"
94.72.101.21 - - [02/Nov/2024:19:46:12 +0000] "GET /integrations/slack/dist/deployment.yaml HTTP/1.1" 404 564 "-" "Mozilla/5.0 (Macintosh; Intel Mac OS X 10_12_3) AppleWebKit/537.36 (KHTML, like Gecko) Chrome/56.0.2924.87 Safari/537.36"
94.72.101.21 - - [02/Nov/2024:19:46:12 +0000] "GET /microservices/payment-service/v1/service.yaml HTTP/1.1" 404 564 "-" "Mozilla/5.0 (Macintosh; Intel Mac OS X 10_12_3) AppleWebKit/537.36 (KHTML, like Gecko) Chrome/56.0.2924.87 Safari/537.36"
94.72.101.21 - - [02/Nov/2024:19:46:13 +0000] "GET /docs/api_v2/v1/variables.tf HTTP/1.1" 404 564 "-" "Mozilla/5.0 (Macintosh; Intel Mac OS X 10_12_3) AppleWebKit/537.36 (KHTML, like Gecko) Chrome/56.0.2924.87 Safari/537.36"
94.72.101.21 - - [02/Nov/2024:19:46:13 +0000] "GET /secrets/v2/Dockerfile HTTP/1.1" 404 564 "-" "Mozilla/5.0 (Macintosh; Intel Mac OS X 10_12_3) AppleWebKit/537.36 (KHTML, like Gecko) Chrome/56.0.2924.87 Safari/537.36"
94.72.101.21 - - [02/Nov/2024:19:46:13 +0000] "GET /data_sources/prod/README.md HTTP/1.1" 404 564 "-" "Mozilla/5.0 (Macintosh; Intel Mac OS X 10_12_3) AppleWebKit/537.36 (KHTML, like Gecko) Chrome/56.0.2924.87 Safari/537.36"
94.72.101.21 - - [02/Nov/2024:19:46:14 +0000] "GET /frontend/nextjs/v2/deployment.yaml HTTP/1.1" 404 564 "-" "Mozilla/5.0 (Macintosh; Intel Mac OS X 10_12_3) AppleWebKit/537.36 (KHTML, like Gecko) Chrome/56.0.2924.87 Safari/537.36"
94.72.101.21 - - [02/Nov/2024:19:46:14 +0000] "GET /config/azure/v2/service.yaml HTTP/1.1" 404 564 "-" "Mozilla/5.0 (Macintosh; Intel Mac OS X 10_12_3) AppleWebKit/537.36 (KHTML, like Gecko) Chrome/56.0.2924.87 Safari/537.36"
94.72.101.21 - - [02/Nov/2024:19:46:14 +0000] "GET /config/azure/src/schema.sql HTTP/1.1" 404 564 "-" "Mozilla/5.0 (Macintosh; Intel Mac OS X 10_12_3) AppleWebKit/537.36 (KHTML, like Gecko) Chrome/56.0.2924.87 Safari/537.36"
94.72.101.21 - - [02/Nov/2024:19:46:14 +0000] "GET /compliance/reports/prod/variables.tf HTTP/1.1" 404 564 "-" "Mozilla/5.0 (Macintosh; Intel Mac OS X 10_12_3) AppleWebKit/537.36 (KHTML, like Gecko) Chrome/56.0.2924.87 Safari/537.36"
94.72.101.21 - - [02/Nov/2024:19:46:14 +0000] "GET /config/env/src/app.py HTTP/1.1" 404 564 "-" "Mozilla/5.0 (Macintosh; Intel Mac OS X 10_12_3) AppleWebKit/537.36 (KHTML, like Gecko) Chrome/56.0.2924.87 Safari/537.36"
94.72.101.21 - - [02/Nov/2024:19:46:14 +0000] "GET /frontend/react-app/v1/config.json HTTP/1.1" 404 564 "-" "Mozilla/5.0 (Macintosh; Intel Mac OS X 10_12_3) AppleWebKit/537.36 (KHTML, like Gecko) Chrome/56.0.2924.87 Safari/537.36"
94.72.101.21 - - [02/Nov/2024:19:46:15 +0000] "GET /config/env/dev/config.json HTTP/1.1" 404 564 "-" "Mozilla/5.0 (Macintosh; Intel Mac OS X 10_12_3) AppleWebKit/537.36 (KHTML, like Gecko) Chrome/56.0.2924.87 Safari/537.36"
94.72.101.21 - - [02/Nov/2024:19:46:15 +0000] "GET /integrations/stripe/dist/requirements.txt HTTP/1.1" 404 564 "-" "Mozilla/5.0 (Macintosh; Intel Mac OS X 10_12_3) AppleWebKit/537.36 (KHTML, like Gecko) Chrome/56.0.2924.87 Safari/537.36"
94.72.101.21 - - [02/Nov/2024:19:46:15 +0000] "GET /documentation/architecture/prod/config.json HTTP/1.1" 404 564 "-" "Mozilla/5.0 (Macintosh; Intel Mac OS X 10_12_3) AppleWebKit/537.36 (KHTML, like Gecko) Chrome/56.0.2924.87 Safari/537.36"
94.72.101.21 - - [02/Nov/2024:19:46:15 +0000] "GET /config/database/prod/secrets.env HTTP/1.1" 404 564 "-" "Mozilla/5.0 (Macintosh; Intel Mac OS X 10_12_3) AppleWebKit/537.36 (KHTML, like Gecko) Chrome/56.0.2924.87 Safari/537.36"
94.72.101.21 - - [02/Nov/2024:19:46:15 +0000] "GET /security/vault/prod/.env HTTP/1.1" 404 564 "-" "Mozilla/5.0 (Macintosh; Intel Mac OS X 10_12_3) AppleWebKit/537.36 (KHTML, like Gecko) Chrome/56.0.2924.87 Safari/537.36"
94.72.101.21 - - [02/Nov/2024:19:46:15 +0000] "GET /integrations/twilio/dist/swagger.json HTTP/1.1" 404 564 "-" "Mozilla/5.0 (Macintosh; Intel Mac OS X 10_12_3) AppleWebKit/537.36 (KHTML, like Gecko) Chrome/56.0.2924.87 Safari/537.36"
94.72.101.21 - - [02/Nov/2024:19:46:16 +0000] "GET /frontend/svelte-app/dev/requirements.txt HTTP/1.1" 404 564 "-" "Mozilla/5.0 (Macintosh; Intel Mac OS X 10_12_3) AppleWebKit/537.36 (KHTML, like Gecko) Chrome/56.0.2924.87 Safari/537.36"
94.72.101.21 - - [02/Nov/2024:19:46:16 +0000] "GET /audit/logs/src/deployment.yaml HTTP/1.1" 404 564 "-" "Mozilla/5.0 (Macintosh; Intel Mac OS X 10_12_3) AppleWebKit/537.36 (KHTML, like Gecko) Chrome/56.0.2924.87 Safari/537.36"
94.72.101.21 - - [02/Nov/2024:19:46:17 +0000] "GET /backend/nestjs/src/secrets.env HTTP/1.1" 404 564 "-" "Mozilla/5.0 (Macintosh; Intel Mac OS X 10_12_3) AppleWebKit/537.36 (KHTML, like Gecko) Chrome/56.0.2924.87 Safari/537.36"
94.72.101.21 - - [02/Nov/2024:19:46:17 +0000] "GET /data/etl_jobs/v2/README.md HTTP/1.1" 404 564 "-" "Mozilla/5.0 (Macintosh; Intel Mac OS X 10_12_3) AppleWebKit/537.36 (KHTML, like Gecko) Chrome/56.0.2924.87 Safari/537.36"
94.72.101.21 - - [02/Nov/2024:19:46:17 +0000] "GET /integrations/slack/prod/schema.sql HTTP/1.1" 404 564 "-" "Mozilla/5.0 (Macintosh; Intel Mac OS X 10_12_3) AppleWebKit/537.36 (KHTML, like Gecko) Chrome/56.0.2924.87 Safari/537.36"
94.72.101.21 - - [02/Nov/2024:19:46:18 +0000] "GET /docs/api_v2/v1/service.yaml HTTP/1.1" 404 564 "-" "Mozilla/5.0 (Macintosh; Intel Mac OS X 10_12_3) AppleWebKit/537.36 (KHTML, like Gecko) Chrome/56.0.2924.87 Safari/537.36"
94.72.101.21 - - [02/Nov/2024:19:46:18 +0000] "GET /k8s/v2/swagger.json HTTP/1.1" 404 564 "-" "Mozilla/5.0 (Macintosh; Intel Mac OS X 10_12_3) AppleWebKit/537.36 (KHTML, like Gecko) Chrome/56.0.2924.87 Safari/537.36"
94.72.101.21 - - [02/Nov/2024:19:46:18 +0000] "GET /microservices/payment-service/dist/main.js HTTP/1.1" 404 564 "-" "Mozilla/5.0 (Macintosh; Intel Mac OS X 10_12_3) AppleWebKit/537.36 (KHTML, like Gecko) Chrome/56.0.2924.87 Safari/537.36"
94.72.101.21 - - [02/Nov/2024:19:46:18 +0000] "GET /frontend/svelte-app/prod/variables.tf HTTP/1.1" 404 564 "-" "Mozilla/5.0 (Macintosh; Intel Mac OS X 10_12_3) AppleWebKit/537.36 (KHTML, like Gecko) Chrome/56.0.2924.87 Safari/537.36"
94.72.101.21 - - [02/Nov/2024:19:46:19 +0000] "GET /microservices/inventory/v2/app.py HTTP/1.1" 404 564 "-" "Mozilla/5.0 (Macintosh; Intel Mac OS X 10_12_3) AppleWebKit/537.36 (KHTML, like Gecko) Chrome/56.0.2924.87 Safari/537.36"
94.72.101.21 - - [02/Nov/2024:19:46:19 +0000] "GET /ci-cd/github/v1/deployment.yaml HTTP/1.1" 404 564 "-" "Mozilla/5.0 (Macintosh; Intel Mac OS X 10_12_3) AppleWebKit/537.36 (KHTML, like Gecko) Chrome/56.0.2924.87 Safari/537.36"
94.72.101.21 - - [02/Nov/2024:19:46:19 +0000] "GET /ci-cd/gitlab/prod/README.md HTTP/1.1" 404 564 "-" "Mozilla/5.0 (Macintosh; Intel Mac OS X 10_12_3) AppleWebKit/537.36 (KHTML, like Gecko) Chrome/56.0.2924.87 Safari/537.36"
94.72.101.21 - - [02/Nov/2024:19:46:19 +0000] "GET /microservices/inventory/prod/requirements.txt HTTP/1.1" 404 564 "-" "Mozilla/5.0 (Macintosh; Intel Mac OS X 10_12_3) AppleWebKit/537.36 (KHTML, like Gecko) Chrome/56.0.2924.87 Safari/537.36"
94.72.101.21 - - [02/Nov/2024:19:46:19 +0000] "GET /security/vault/dist/policy.json HTTP/1.1" 404 564 "-" "Mozilla/5.0 (Macintosh; Intel Mac OS X 10_12_3) AppleWebKit/537.36 (KHTML, like Gecko) Chrome/56.0.2924.87 Safari/537.36"
94.72.101.21 - - [02/Nov/2024:19:46:20 +0000] "GET /compliance/reports/dev/app.py HTTP/1.1" 404 564 "-" "Mozilla/5.0 (Macintosh; Intel Mac OS X 10_12_3) AppleWebKit/537.36 (KHTML, like Gecko) Chrome/56.0.2924.87 Safari/537.36"
94.72.101.21 - - [02/Nov/2024:19:46:20 +0000] "GET /terraform/environments/prod/v1/README.md HTTP/1.1" 404 564 "-" "Mozilla/5.0 (Macintosh; Intel Mac OS X 10_12_3) AppleWebKit/537.36 (KHTML, like Gecko) Chrome/56.0.2924.87 Safari/537.36"
94.72.101.21 - - [02/Nov/2024:19:46:20 +0000] "GET /frontend/nextjs/v2/swagger.json HTTP/1.1" 404 564 "-" "Mozilla/5.0 (Macintosh; Intel Mac OS X 10_12_3) AppleWebKit/537.36 (KHTML, like Gecko) Chrome/56.0.2924.87 Safari/537.36"
94.72.101.21 - - [02/Nov/2024:19:46:20 +0000] "GET /microservices/inventory/v2/README.md HTTP/1.1" 404 564 "-" "Mozilla/5.0 (Macintosh; Intel Mac OS X 10_12_3) AppleWebKit/537.36 (KHTML, like Gecko) Chrome/56.0.2924.87 Safari/537.36"
94.72.101.21 - - [02/Nov/2024:19:46:21 +0000] "GET /integrations/twilio/v2/secrets.env HTTP/1.1" 404 564 "-" "Mozilla/5.0 (Macintosh; Intel Mac OS X 10_12_3) AppleWebKit/537.36 (KHTML, like Gecko) Chrome/56.0.2924.87 Safari/537.36"
94.72.101.21 - - [02/Nov/2024:19:46:21 +0000] "GET /integrations/slack/v2/service.yaml HTTP/1.1" 404 564 "-" "Mozilla/5.0 (Macintosh; Intel Mac OS X 10_12_3) AppleWebKit/537.36 (KHTML, like Gecko) Chrome/56.0.2924.87 Safari/537.36"
94.72.101.21 - - [02/Nov/2024:19:46:21 +0000] "GET /docs/api_v2/prod/requirements.txt HTTP/1.1" 404 564 "-" "Mozilla/5.0 (Macintosh; Intel Mac OS X 10_12_3) AppleWebKit/537.36 (KHTML, like Gecko) Chrome/56.0.2924.87 Safari/537.36"
94.72.101.21 - - [02/Nov/2024:19:46:22 +0000] "GET /microservices/inventory/v2/index.js HTTP/1.1" 404 564 "-" "Mozilla/5.0 (Macintosh; Intel Mac OS X 10_12_3) AppleWebKit/537.36 (KHTML, like Gecko) Chrome/56.0.2924.87 Safari/537.36"
94.72.101.21 - - [02/Nov/2024:19:46:22 +0000] "GET /backend/koa/src/swagger.json HTTP/1.1" 404 564 "-" "Mozilla/5.0 (Macintosh; Intel Mac OS X 10_12_3) AppleWebKit/537.36 (KHTML, like Gecko) Chrome/56.0.2924.87 Safari/537.36"
94.72.101.21 - - [02/Nov/2024:19:46:22 +0000] "GET /config/env/dev/policy.json HTTP/1.1" 404 564 "-" "Mozilla/5.0 (Macintosh; Intel Mac OS X 10_12_3) AppleWebKit/537.36 (KHTML, like Gecko) Chrome/56.0.2924.87 Safari/537.36"
94.72.101.21 - - [02/Nov/2024:19:46:22 +0000] "GET /integrations/twilio/v2/index.js HTTP/1.1" 404 564 "-" "Mozilla/5.0 (Macintosh; Intel Mac OS X 10_12_3) AppleWebKit/537.36 (KHTML, like Gecko) Chrome/56.0.2924.87 Safari/537.36"
94.72.101.21 - - [02/Nov/2024:19:46:22 +0000] "GET /pipelines/dataflow/prod/deployment.yaml HTTP/1.1" 404 564 "-" "Mozilla/5.0 (Macintosh; Intel Mac OS X 10_12_3) AppleWebKit/537.36 (KHTML, like Gecko) Chrome/56.0.2924.87 Safari/537.36"
94.72.101.21 - - [02/Nov/2024:19:46:23 +0000] "GET /terraform/environments/prod/dev/app.py HTTP/1.1" 404 564 "-" "Mozilla/5.0 (Macintosh; Intel Mac OS X 10_12_3) AppleWebKit/537.36 (KHTML, like Gecko) Chrome/56.0.2924.87 Safari/537.36"
94.72.101.21 - - [02/Nov/2024:19:46:23 +0000] "GET /secrets/dist/.env HTTP/1.1" 404 564 "-" "Mozilla/5.0 (Macintosh; Intel Mac OS X 10_12_3) AppleWebKit/537.36 (KHTML, like Gecko) Chrome/56.0.2924.87 Safari/537.36"
94.72.101.21 - - [02/Nov/2024:19:46:23 +0000] "GET /documentation/architecture/dev/Dockerfile HTTP/1.1" 404 564 "-" "Mozilla/5.0 (Macintosh; Intel Mac OS X 10_12_3) AppleWebKit/537.36 (KHTML, like Gecko) Chrome/56.0.2924.87 Safari/537.36"
94.72.101.21 - - [02/Nov/2024:19:46:23 +0000] "GET /microservices/payment-service/v2/requirements.txt HTTP/1.1" 404 564 "-" "Mozilla/5.0 (Macintosh; Intel Mac OS X 10_12_3) AppleWebKit/537.36 (KHTML, like Gecko) Chrome/56.0.2924.87 Safari/537.36"
94.72.101.21 - - [02/Nov/2024:19:46:24 +0000] "GET /ci-cd/gitlab/prod/Dockerfile HTTP/1.1" 404 564 "-" "Mozilla/5.0 (Macintosh; Intel Mac OS X 10_12_3) AppleWebKit/537.36 (KHTML, like Gecko) Chrome/56.0.2924.87 Safari/537.36"
94.72.101.21 - - [02/Nov/2024:19:46:24 +0000] "GET /backend/fastapi/dist/app.py HTTP/1.1" 404 564 "-" "Mozilla/5.0 (Macintosh; Intel Mac OS X 10_12_3) AppleWebKit/537.36 (KHTML, like Gecko) Chrome/56.0.2924.87 Safari/537.36"
94.72.101.21 - - [02/Nov/2024:19:46:24 +0000] "GET /config/env/prod/README.md HTTP/1.1" 404 564 "-" "Mozilla/5.0 (Macintosh; Intel Mac OS X 10_12_3) AppleWebKit/537.36 (KHTML, like Gecko) Chrome/56.0.2924.87 Safari/537.36"
94.72.101.21 - - [02/Nov/2024:19:46:25 +0000] "GET /frontend/nextjs/v1/schema.sql HTTP/1.1" 404 564 "-" "Mozilla/5.0 (Macintosh; Intel Mac OS X 10_12_3) AppleWebKit/537.36 (KHTML, like Gecko) Chrome/56.0.2924.87 Safari/537.36"
94.72.101.21 - - [02/Nov/2024:19:46:25 +0000] "GET /secrets/v2/variables.tf HTTP/1.1" 404 564 "-" "Mozilla/5.0 (Macintosh; Intel Mac OS X 10_12_3) AppleWebKit/537.36 (KHTML, like Gecko) Chrome/56.0.2924.87 Safari/537.36"
94.72.101.21 - - [02/Nov/2024:19:46:25 +0000] "GET /data/etl_jobs/dev/swagger.json HTTP/1.1" 404 564 "-" "Mozilla/5.0 (Macintosh; Intel Mac OS X 10_12_3) AppleWebKit/537.36 (KHTML, like Gecko) Chrome/56.0.2924.87 Safari/537.36"
94.72.101.21 - - [02/Nov/2024:19:46:25 +0000] "GET /data_sources/dist/app.py HTTP/1.1" 404 564 "-" "Mozilla/5.0 (Macintosh; Intel Mac OS X 10_12_3) AppleWebKit/537.36 (KHTML, like Gecko) Chrome/56.0.2924.87 Safari/537.36"
94.72.101.21 - - [02/Nov/2024:19:46:26 +0000] "GET /config/env/v1/index.js HTTP/1.1" 404 564 "-" "Mozilla/5.0 (Macintosh; Intel Mac OS X 10_12_3) AppleWebKit/537.36 (KHTML, like Gecko) Chrome/56.0.2924.87 Safari/537.36"
94.72.101.21 - - [02/Nov/2024:19:46:26 +0000] "GET /data_sources/v2/service.yaml HTTP/1.1" 404 564 "-" "Mozilla/5.0 (Macintosh; Intel Mac OS X 10_12_3) AppleWebKit/537.36 (KHTML, like Gecko) Chrome/56.0.2924.87 Safari/537.36"
94.72.101.21 - - [02/Nov/2024:19:46:26 +0000] "GET /backend/koa/v2/secrets.env HTTP/1.1" 404 564 "-" "Mozilla/5.0 (Macintosh; Intel Mac OS X 10_12_3) AppleWebKit/537.36 (KHTML, like Gecko) Chrome/56.0.2924.87 Safari/537.36"
94.72.101.21 - - [02/Nov/2024:19:46:26 +0000] "GET /backend/nestjs/src/service.yaml HTTP/1.1" 404 564 "-" "Mozilla/5.0 (Macintosh; Intel Mac OS X 10_12_3) AppleWebKit/537.36 (KHTML, like Gecko) Chrome/56.0.2924.87 Safari/537.36"
94.72.101.21 - - [02/Nov/2024:19:46:26 +0000] "GET /microservices/user-service/dev/swagger.json HTTP/1.1" 404 564 "-" "Mozilla/5.0 (Macintosh; Intel Mac OS X 10_12_3) AppleWebKit/537.36 (KHTML, like Gecko) Chrome/56.0.2924.87 Safari/537.36"
94.72.101.21 - - [02/Nov/2024:19:46:26 +0000] "GET /config/env/v1/config.json HTTP/1.1" 404 564 "-" "Mozilla/5.0 (Macintosh; Intel Mac OS X 10_12_3) AppleWebKit/537.36 (KHTML, like Gecko) Chrome/56.0.2924.87 Safari/537.36"
94.72.101.21 - - [02/Nov/2024:19:46:27 +0000] "GET /config/azure/src/variables.tf HTTP/1.1" 404 564 "-" "Mozilla/5.0 (Macintosh; Intel Mac OS X 10_12_3) AppleWebKit/537.36 (KHTML, like Gecko) Chrome/56.0.2924.87 Safari/537.36"
94.72.101.21 - - [02/Nov/2024:19:46:27 +0000] "GET /backend/express/src/Dockerfile HTTP/1.1" 404 564 "-" "Mozilla/5.0 (Macintosh; Intel Mac OS X 10_12_3) AppleWebKit/537.36 (KHTML, like Gecko) Chrome/56.0.2924.87 Safari/537.36"
94.72.101.21 - - [02/Nov/2024:19:46:27 +0000] "GET /docs/readme/src/schema.sql HTTP/1.1" 404 564 "-" "Mozilla/5.0 (Macintosh; Intel Mac OS X 10_12_3) AppleWebKit/537.36 (KHTML, like Gecko) Chrome/56.0.2924.87 Safari/537.36"
94.72.101.21 - - [02/Nov/2024:19:46:27 +0000] "GET /microservices/payment-service/dist/setup.py HTTP/1.1" 404 564 "-" "Mozilla/5.0 (Macintosh; Intel Mac OS X 10_12_3) AppleWebKit/537.36 (KHTML, like Gecko) Chrome/56.0.2924.87 Safari/537.36"
94.72.101.21 - - [02/Nov/2024:19:46:27 +0000] "GET /backend/koa/v1/requirements.txt HTTP/1.1" 404 564 "-" "Mozilla/5.0 (Macintosh; Intel Mac OS X 10_12_3) AppleWebKit/537.36 (KHTML, like Gecko) Chrome/56.0.2924.87 Safari/537.36"
94.72.101.21 - - [02/Nov/2024:19:46:28 +0000] "GET /ci-cd/github/src/index.js HTTP/1.1" 404 564 "-" "Mozilla/5.0 (Macintosh; Intel Mac OS X 10_12_3) AppleWebKit/537.36 (KHTML, like Gecko) Chrome/56.0.2924.87 Safari/537.36"
94.72.101.21 - - [02/Nov/2024:19:46:28 +0000] "GET /audit/logs/dev/schema.sql HTTP/1.1" 404 564 "-" "Mozilla/5.0 (Macintosh; Intel Mac OS X 10_12_3) AppleWebKit/537.36 (KHTML, like Gecko) Chrome/56.0.2924.87 Safari/537.36"
94.72.101.21 - - [02/Nov/2024:19:46:28 +0000] "GET /secrets/dist/service.yaml HTTP/1.1" 404 564 "-" "Mozilla/5.0 (Macintosh; Intel Mac OS X 10_12_3) AppleWebKit/537.36 (KHTML, like Gecko) Chrome/56.0.2924.87 Safari/537.36"
94.72.101.21 - - [02/Nov/2024:19:46:28 +0000] "GET /ml/models/v2/secrets.env HTTP/1.1" 404 564 "-" "Mozilla/5.0 (Macintosh; Intel Mac OS X 10_12_3) AppleWebKit/537.36 (KHTML, like Gecko) Chrome/56.0.2924.87 Safari/537.36"
94.72.101.21 - - [02/Nov/2024:19:46:29 +0000] "GET /integrations/stripe/v1/setup.py HTTP/1.1" 404 564 "-" "Mozilla/5.0 (Macintosh; Intel Mac OS X 10_12_3) AppleWebKit/537.36 (KHTML, like Gecko) Chrome/56.0.2924.87 Safari/537.36"
94.72.101.21 - - [02/Nov/2024:19:46:29 +0000] "GET /backend/nestjs/v2/Dockerfile HTTP/1.1" 404 564 "-" "Mozilla/5.0 (Macintosh; Intel Mac OS X 10_12_3) AppleWebKit/537.36 (KHTML, like Gecko) Chrome/56.0.2924.87 Safari/537.36"
94.72.101.21 - - [02/Nov/2024:19:46:29 +0000] "GET /pipelines/dataflow/v2/app.py HTTP/1.1" 404 564 "-" "Mozilla/5.0 (Macintosh; Intel Mac OS X 10_12_3) AppleWebKit/537.36 (KHTML, like Gecko) Chrome/56.0.2924.87 Safari/537.36"
94.72.101.21 - - [02/Nov/2024:19:46:29 +0000] "GET /compliance/reports/dist/app.py HTTP/1.1" 404 564 "-" "Mozilla/5.0 (Macintosh; Intel Mac OS X 10_12_3) AppleWebKit/537.36 (KHTML, like Gecko) Chrome/56.0.2924.87 Safari/537.36"
94.72.101.21 - - [02/Nov/2024:19:46:30 +0000] "GET /config/database/v2/main.js HTTP/1.1" 404 564 "-" "Mozilla/5.0 (Macintosh; Intel Mac OS X 10_12_3) AppleWebKit/537.36 (KHTML, like Gecko) Chrome/56.0.2924.87 Safari/537.36"
94.72.101.21 - - [02/Nov/2024:19:46:30 +0000] "GET /security/vault/dist/index.js HTTP/1.1" 404 564 "-" "Mozilla/5.0 (Macintosh; Intel Mac OS X 10_12_3) AppleWebKit/537.36 (KHTML, like Gecko) Chrome/56.0.2924.87 Safari/537.36"
94.72.101.21 - - [02/Nov/2024:19:46:30 +0000] "GET /backend/fastapi/v2/variables.tf HTTP/1.1" 404 564 "-" "Mozilla/5.0 (Macintosh; Intel Mac OS X 10_12_3) AppleWebKit/537.36 (KHTML, like Gecko) Chrome/56.0.2924.87 Safari/537.36"
94.72.101.21 - - [02/Nov/2024:19:46:30 +0000] "GET /k8s/dist/config.json HTTP/1.1" 404 564 "-" "Mozilla/5.0 (Macintosh; Intel Mac OS X 10_12_3) AppleWebKit/537.36 (KHTML, like Gecko) Chrome/56.0.2924.87 Safari/537.36"
94.72.101.21 - - [02/Nov/2024:19:46:31 +0000] "GET /compliance/reports/v2/main.js HTTP/1.1" 404 564 "-" "Mozilla/5.0 (Macintosh; Intel Mac OS X 10_12_3) AppleWebKit/537.36 (KHTML, like Gecko) Chrome/56.0.2924.87 Safari/537.36"
94.72.101.21 - - [02/Nov/2024:19:46:31 +0000] "GET /k8s/dist/variables.tf HTTP/1.1" 404 564 "-" "Mozilla/5.0 (Macintosh; Intel Mac OS X 10_12_3) AppleWebKit/537.36 (KHTML, like Gecko) Chrome/56.0.2924.87 Safari/537.36"
94.72.101.21 - - [02/Nov/2024:19:46:32 +0000] "GET /terraform/environments/prod/dev/secrets.env HTTP/1.1" 404 564 "-" "Mozilla/5.0 (Macintosh; Intel Mac OS X 10_12_3) AppleWebKit/537.36 (KHTML, like Gecko) Chrome/56.0.2924.87 Safari/537.36"
94.72.101.21 - - [02/Nov/2024:19:46:32 +0000] "GET /k8s/dist/setup.py HTTP/1.1" 404 564 "-" "Mozilla/5.0 (Macintosh; Intel Mac OS X 10_12_3) AppleWebKit/537.36 (KHTML, like Gecko) Chrome/56.0.2924.87 Safari/537.36"
94.72.101.21 - - [02/Nov/2024:19:46:32 +0000] "GET /frontend/nextjs/dev/policy.json HTTP/1.1" 404 564 "-" "Mozilla/5.0 (Macintosh; Intel Mac OS X 10_12_3) AppleWebKit/537.36 (KHTML, like Gecko) Chrome/56.0.2924.87 Safari/537.36"
94.72.101.21 - - [02/Nov/2024:19:46:32 +0000] "GET /frontend/svelte-app/prod/deployment.yaml HTTP/1.1" 404 564 "-" "Mozilla/5.0 (Macintosh; Intel Mac OS X 10_12_3) AppleWebKit/537.36 (KHTML, like Gecko) Chrome/56.0.2924.87 Safari/537.36"
94.72.101.21 - - [02/Nov/2024:19:46:32 +0000] "GET /ml/models/dist/setup.py HTTP/1.1" 404 564 "-" "Mozilla/5.0 (Macintosh; Intel Mac OS X 10_12_3) AppleWebKit/537.36 (KHTML, like Gecko) Chrome/56.0.2924.87 Safari/537.36"
94.72.101.21 - - [02/Nov/2024:19:46:32 +0000] "GET /microservices/payment-service/dist/variables.tf HTTP/1.1" 404 564 "-" "Mozilla/5.0 (Macintosh; Intel Mac OS X 10_12_3) AppleWebKit/537.36 (KHTML, like Gecko) Chrome/56.0.2924.87 Safari/537.36"
94.72.101.21 - - [02/Nov/2024:19:46:33 +0000] "GET /data_sources/prod/deployment.yaml HTTP/1.1" 404 564 "-" "Mozilla/5.0 (Macintosh; Intel Mac OS X 10_12_3) AppleWebKit/537.36 (KHTML, like Gecko) Chrome/56.0.2924.87 Safari/537.36"
94.72.101.21 - - [02/Nov/2024:19:46:33 +0000] "GET /secrets/src/service.yaml HTTP/1.1" 404 564 "-" "Mozilla/5.0 (Macintosh; Intel Mac OS X 10_12_3) AppleWebKit/537.36 (KHTML, like Gecko) Chrome/56.0.2924.87 Safari/537.36"
94.72.101.21 - - [02/Nov/2024:19:46:33 +0000] "GET /ml/models/v1/main.js HTTP/1.1" 404 564 "-" "Mozilla/5.0 (Macintosh; Intel Mac OS X 10_12_3) AppleWebKit/537.36 (KHTML, like Gecko) Chrome/56.0.2924.87 Safari/537.36"
94.72.101.21 - - [02/Nov/2024:19:46:33 +0000] "GET /microservices/user-service/src/app.py HTTP/1.1" 404 564 "-" "Mozilla/5.0 (Macintosh; Intel Mac OS X 10_12_3) AppleWebKit/537.36 (KHTML, like Gecko) Chrome/56.0.2924.87 Safari/537.36"
94.72.101.21 - - [02/Nov/2024:19:46:34 +0000] "GET /microservices/payment-service/dist/app.py HTTP/1.1" 404 564 "-" "Mozilla/5.0 (Macintosh; Intel Mac OS X 10_12_3) AppleWebKit/537.36 (KHTML, like Gecko) Chrome/56.0.2924.87 Safari/537.36"
94.72.101.21 - - [02/Nov/2024:19:46:34 +0000] "GET /compliance/reports/src/policy.json HTTP/1.1" 404 564 "-" "Mozilla/5.0 (Macintosh; Intel Mac OS X 10_12_3) AppleWebKit/537.36 (KHTML, like Gecko) Chrome/56.0.2924.87 Safari/537.36"
94.72.101.21 - - [02/Nov/2024:19:46:34 +0000] "GET /backend/koa/v2/setup.py HTTP/1.1" 404 564 "-" "Mozilla/5.0 (Macintosh; Intel Mac OS X 10_12_3) AppleWebKit/537.36 (KHTML, like Gecko) Chrome/56.0.2924.87 Safari/537.36"
94.72.101.21 - - [02/Nov/2024:19:46:34 +0000] "GET /frontend/react-app/dev/requirements.txt HTTP/1.1" 404 564 "-" "Mozilla/5.0 (Macintosh; Intel Mac OS X 10_12_3) AppleWebKit/537.36 (KHTML, like Gecko) Chrome/56.0.2924.87 Safari/537.36"
94.72.101.21 - - [02/Nov/2024:19:46:34 +0000] "GET /docs/api_v2/v1/README.md HTTP/1.1" 404 564 "-" "Mozilla/5.0 (Macintosh; Intel Mac OS X 10_12_3) AppleWebKit/537.36 (KHTML, like Gecko) Chrome/56.0.2924.87 Safari/537.36"
94.72.101.21 - - [02/Nov/2024:19:46:34 +0000] "GET /compliance/reports/v2/variables.tf HTTP/1.1" 404 564 "-" "Mozilla/5.0 (Macintosh; Intel Mac OS X 10_12_3) AppleWebKit/537.36 (KHTML, like Gecko) Chrome/56.0.2924.87 Safari/537.36"
94.72.101.21 - - [02/Nov/2024:19:46:35 +0000] "GET /security/vault/v1/app.py HTTP/1.1" 404 564 "-" "Mozilla/5.0 (Macintosh; Intel Mac OS X 10_12_3) AppleWebKit/537.36 (KHTML, like Gecko) Chrome/56.0.2924.87 Safari/537.36"
94.72.101.21 - - [02/Nov/2024:19:46:35 +0000] "GET /backend/koa/v2/service.yaml HTTP/1.1" 404 564 "-" "Mozilla/5.0 (Macintosh; Intel Mac OS X 10_12_3) AppleWebKit/537.36 (KHTML, like Gecko) Chrome/56.0.2924.87 Safari/537.36"
94.72.101.21 - - [02/Nov/2024:19:46:35 +0000] "GET /frontend/react-app/v1/swagger.json HTTP/1.1" 404 564 "-" "Mozilla/5.0 (Macintosh; Intel Mac OS X 10_12_3) AppleWebKit/537.36 (KHTML, like Gecko) Chrome/56.0.2924.87 Safari/537.36"
94.72.101.21 - - [02/Nov/2024:19:46:36 +0000] "GET /data/etl_jobs/dev/index.js HTTP/1.1" 404 564 "-" "Mozilla/5.0 (Macintosh; Intel Mac OS X 10_12_3) AppleWebKit/537.36 (KHTML, like Gecko) Chrome/56.0.2924.87 Safari/537.36"
94.72.101.21 - - [02/Nov/2024:19:46:36 +0000] "GET /documentation/architecture/v1/requirements.txt HTTP/1.1" 404 564 "-" "Mozilla/5.0 (Macintosh; Intel Mac OS X 10_12_3) AppleWebKit/537.36 (KHTML, like Gecko) Chrome/56.0.2924.87 Safari/537.36"
94.72.101.21 - - [02/Nov/2024:19:46:36 +0000] "GET /integrations/twilio/prod/deployment.yaml HTTP/1.1" 404 564 "-" "Mozilla/5.0 (Macintosh; Intel Mac OS X 10_12_3) AppleWebKit/537.36 (KHTML, like Gecko) Chrome/56.0.2924.87 Safari/537.36"
94.72.101.21 - - [02/Nov/2024:19:46:36 +0000] "GET /frontend/vue-app/v2/variables.tf HTTP/1.1" 404 564 "-" "Mozilla/5.0 (Macintosh; Intel Mac OS X 10_12_3) AppleWebKit/537.36 (KHTML, like Gecko) Chrome/56.0.2924.87 Safari/537.36"
94.72.101.21 - - [02/Nov/2024:19:46:36 +0000] "GET /security/vault/prod/index.js HTTP/1.1" 404 564 "-" "Mozilla/5.0 (Macintosh; Intel Mac OS X 10_12_3) AppleWebKit/537.36 (KHTML, like Gecko) Chrome/56.0.2924.87 Safari/537.36"
94.72.101.21 - - [02/Nov/2024:19:46:36 +0000] "GET /frontend/react-app/v2/app.py HTTP/1.1" 404 564 "-" "Mozilla/5.0 (Macintosh; Intel Mac OS X 10_12_3) AppleWebKit/537.36 (KHTML, like Gecko) Chrome/56.0.2924.87 Safari/537.36"
94.72.101.21 - - [02/Nov/2024:19:46:37 +0000] "GET /data_sources/dist/Dockerfile HTTP/1.1" 404 564 "-" "Mozilla/5.0 (Macintosh; Intel Mac OS X 10_12_3) AppleWebKit/537.36 (KHTML, like Gecko) Chrome/56.0.2924.87 Safari/537.36"
94.72.101.21 - - [02/Nov/2024:19:46:37 +0000] "GET /docs/readme/v1/.env HTTP/1.1" 404 564 "-" "Mozilla/5.0 (Macintosh; Intel Mac OS X 10_12_3) AppleWebKit/537.36 (KHTML, like Gecko) Chrome/56.0.2924.87 Safari/537.36"
94.72.101.21 - - [02/Nov/2024:19:46:37 +0000] "GET /audit/logs/src/requirements.txt HTTP/1.1" 404 564 "-" "Mozilla/5.0 (Macintosh; Intel Mac OS X 10_12_3) AppleWebKit/537.36 (KHTML, like Gecko) Chrome/56.0.2924.87 Safari/537.36"
94.72.101.21 - - [02/Nov/2024:19:46:37 +0000] "GET /security/vault/v1/service.yaml HTTP/1.1" 404 564 "-" "Mozilla/5.0 (Macintosh; Intel Mac OS X 10_12_3) AppleWebKit/537.36 (KHTML, like Gecko) Chrome/56.0.2924.87 Safari/537.36"
94.72.101.21 - - [02/Nov/2024:19:46:37 +0000] "GET /frontend/react-app/dev/config.json HTTP/1.1" 404 564 "-" "Mozilla/5.0 (Macintosh; Intel Mac OS X 10_12_3) AppleWebKit/537.36 (KHTML, like Gecko) Chrome/56.0.2924.87 Safari/537.36"
94.72.101.21 - - [02/Nov/2024:19:46:38 +0000] "GET /microservices/user-service/dev/schema.sql HTTP/1.1" 404 564 "-" "Mozilla/5.0 (Macintosh; Intel Mac OS X 10_12_3) AppleWebKit/537.36 (KHTML, like Gecko) Chrome/56.0.2924.87 Safari/537.36"
94.72.101.21 - - [02/Nov/2024:19:46:39 +0000] "GET /compliance/reports/dist/.env HTTP/1.1" 404 564 "-" "Mozilla/5.0 (Macintosh; Intel Mac OS X 10_12_3) AppleWebKit/537.36 (KHTML, like Gecko) Chrome/56.0.2924.87 Safari/537.36"
94.72.101.21 - - [02/Nov/2024:19:46:39 +0000] "GET /frontend/svelte-app/v2/requirements.txt HTTP/1.1" 404 564 "-" "Mozilla/5.0 (Macintosh; Intel Mac OS X 10_12_3) AppleWebKit/537.36 (KHTML, like Gecko) Chrome/56.0.2924.87 Safari/537.36"
94.72.101.21 - - [02/Nov/2024:19:46:39 +0000] "GET /documentation/architecture/src/Dockerfile HTTP/1.1" 404 564 "-" "Mozilla/5.0 (Macintosh; Intel Mac OS X 10_12_3) AppleWebKit/537.36 (KHTML, like Gecko) Chrome/56.0.2924.87 Safari/537.36"
94.72.101.21 - - [02/Nov/2024:19:46:39 +0000] "GET /microservices/inventory/src/config.json HTTP/1.1" 404 564 "-" "Mozilla/5.0 (Macintosh; Intel Mac OS X 10_12_3) AppleWebKit/537.36 (KHTML, like Gecko) Chrome/56.0.2924.87 Safari/537.36"
94.72.101.21 - - [02/Nov/2024:19:46:40 +0000] "GET /backend/express/dist/app.py HTTP/1.1" 404 564 "-" "Mozilla/5.0 (Macintosh; Intel Mac OS X 10_12_3) AppleWebKit/537.36 (KHTML, like Gecko) Chrome/56.0.2924.87 Safari/537.36"
94.72.101.21 - - [02/Nov/2024:19:46:40 +0000] "GET /docs/api_v2/dev/service.yaml HTTP/1.1" 404 564 "-" "Mozilla/5.0 (Macintosh; Intel Mac OS X 10_12_3) AppleWebKit/537.36 (KHTML, like Gecko) Chrome/56.0.2924.87 Safari/537.36"
94.72.101.21 - - [02/Nov/2024:19:46:40 +0000] "GET /microservices/payment-service/v1/deployment.yaml HTTP/1.1" 404 564 "-" "Mozilla/5.0 (Macintosh; Intel Mac OS X 10_12_3) AppleWebKit/537.36 (KHTML, like Gecko) Chrome/56.0.2924.87 Safari/537.36"
94.72.101.21 - - [02/Nov/2024:19:46:40 +0000] "GET /backend/nestjs/v2/policy.json HTTP/1.1" 404 564 "-" "Mozilla/5.0 (Macintosh; Intel Mac OS X 10_12_3) AppleWebKit/537.36 (KHTML, like Gecko) Chrome/56.0.2924.87 Safari/537.36"
94.72.101.21 - - [02/Nov/2024:19:46:41 +0000] "GET /docs/readme/dist/variables.tf HTTP/1.1" 404 564 "-" "Mozilla/5.0 (Macintosh; Intel Mac OS X 10_12_3) AppleWebKit/537.36 (KHTML, like Gecko) Chrome/56.0.2924.87 Safari/537.36"
94.72.101.21 - - [02/Nov/2024:19:46:41 +0000] "GET /docs/api_v2/src/Dockerfile HTTP/1.1" 404 564 "-" "Mozilla/5.0 (Macintosh; Intel Mac OS X 10_12_3) AppleWebKit/537.36 (KHTML, like Gecko) Chrome/56.0.2924.87 Safari/537.36"
94.72.101.21 - - [02/Nov/2024:19:46:41 +0000] "GET /ci-cd/github/prod/swagger.json HTTP/1.1" 404 564 "-" "Mozilla/5.0 (Macintosh; Intel Mac OS X 10_12_3) AppleWebKit/537.36 (KHTML, like Gecko) Chrome/56.0.2924.87 Safari/537.36"
94.72.101.21 - - [02/Nov/2024:19:46:41 +0000] "GET /compliance/reports/prod/swagger.json HTTP/1.1" 404 564 "-" "Mozilla/5.0 (Macintosh; Intel Mac OS X 10_12_3) AppleWebKit/537.36 (KHTML, like Gecko) Chrome/56.0.2924.87 Safari/537.36"
94.72.101.21 - - [02/Nov/2024:19:46:41 +0000] "GET /backend/koa/dist/setup.py HTTP/1.1" 404 564 "-" "Mozilla/5.0 (Macintosh; Intel Mac OS X 10_12_3) AppleWebKit/537.36 (KHTML, like Gecko) Chrome/56.0.2924.87 Safari/537.36"
94.72.101.21 - - [02/Nov/2024:19:46:42 +0000] "GET /documentation/architecture/dist/requirements.txt HTTP/1.1" 404 564 "-" "Mozilla/5.0 (Macintosh; Intel Mac OS X 10_12_3) AppleWebKit/537.36 (KHTML, like Gecko) Chrome/56.0.2924.87 Safari/537.36"
94.72.101.21 - - [02/Nov/2024:19:46:42 +0000] "GET /secrets/dev/config.json HTTP/1.1" 404 564 "-" "Mozilla/5.0 (Macintosh; Intel Mac OS X 10_12_3) AppleWebKit/537.36 (KHTML, like Gecko) Chrome/56.0.2924.87 Safari/537.36"
94.72.101.21 - - [02/Nov/2024:19:46:42 +0000] "GET /audit/logs/dist/setup.py HTTP/1.1" 404 564 "-" "Mozilla/5.0 (Macintosh; Intel Mac OS X 10_12_3) AppleWebKit/537.36 (KHTML, like Gecko) Chrome/56.0.2924.87 Safari/537.36"
94.72.101.21 - - [02/Nov/2024:19:46:43 +0000] "GET /backend/koa/prod/secrets.env HTTP/1.1" 404 564 "-" "Mozilla/5.0 (Macintosh; Intel Mac OS X 10_12_3) AppleWebKit/537.36 (KHTML, like Gecko) Chrome/56.0.2924.87 Safari/537.36"
94.72.101.21 - - [02/Nov/2024:19:46:43 +0000] "GET /frontend/nextjs/dev/main.js HTTP/1.1" 404 564 "-" "Mozilla/5.0 (Macintosh; Intel Mac OS X 10_12_3) AppleWebKit/537.36 (KHTML, like Gecko) Chrome/56.0.2924.87 Safari/537.36"
94.72.101.21 - - [02/Nov/2024:19:46:43 +0000] "GET /data_sources/src/secrets.env HTTP/1.1" 404 564 "-" "Mozilla/5.0 (Macintosh; Intel Mac OS X 10_12_3) AppleWebKit/537.36 (KHTML, like Gecko) Chrome/56.0.2924.87 Safari/537.36"
94.72.101.21 - - [02/Nov/2024:19:46:43 +0000] "GET /config/env/dist/index.js HTTP/1.1" 404 564 "-" "Mozilla/5.0 (Macintosh; Intel Mac OS X 10_12_3) AppleWebKit/537.36 (KHTML, like Gecko) Chrome/56.0.2924.87 Safari/537.36"
94.72.101.21 - - [02/Nov/2024:19:46:43 +0000] "GET /backend/express/v1/README.md HTTP/1.1" 404 564 "-" "Mozilla/5.0 (Macintosh; Intel Mac OS X 10_12_3) AppleWebKit/537.36 (KHTML, like Gecko) Chrome/56.0.2924.87 Safari/537.36"
94.72.101.21 - - [02/Nov/2024:19:46:43 +0000] "GET /microservices/payment-service/prod/variables.tf HTTP/1.1" 404 564 "-" "Mozilla/5.0 (Macintosh; Intel Mac OS X 10_12_3) AppleWebKit/537.36 (KHTML, like Gecko) Chrome/56.0.2924.87 Safari/537.36"
94.72.101.21 - - [02/Nov/2024:19:46:44 +0000] "GET /secrets/v1/schema.sql HTTP/1.1" 404 564 "-" "Mozilla/5.0 (Macintosh; Intel Mac OS X 10_12_3) AppleWebKit/537.36 (KHTML, like Gecko) Chrome/56.0.2924.87 Safari/537.36"
94.72.101.21 - - [02/Nov/2024:19:46:44 +0000] "GET /integrations/slack/v1/requirements.txt HTTP/1.1" 404 564 "-" "Mozilla/5.0 (Macintosh; Intel Mac OS X 10_12_3) AppleWebKit/537.36 (KHTML, like Gecko) Chrome/56.0.2924.87 Safari/537.36"
94.72.101.21 - - [02/Nov/2024:19:46:44 +0000] "GET /audit/logs/v2/policy.json HTTP/1.1" 404 564 "-" "Mozilla/5.0 (Macintosh; Intel Mac OS X 10_12_3) AppleWebKit/537.36 (KHTML, like Gecko) Chrome/56.0.2924.87 Safari/537.36"
94.72.101.21 - - [02/Nov/2024:19:46:44 +0000] "GET /backend/nestjs/prod/variables.tf HTTP/1.1" 404 564 "-" "Mozilla/5.0 (Macintosh; Intel Mac OS X 10_12_3) AppleWebKit/537.36 (KHTML, like Gecko) Chrome/56.0.2924.87 Safari/537.36"
94.72.101.21 - - [02/Nov/2024:19:46:44 +0000] "GET /docs/api_v2/prod/variables.tf HTTP/1.1" 404 564 "-" "Mozilla/5.0 (Macintosh; Intel Mac OS X 10_12_3) AppleWebKit/537.36 (KHTML, like Gecko) Chrome/56.0.2924.87 Safari/537.36"
94.72.101.21 - - [02/Nov/2024:19:46:44 +0000] "GET /documentation/architecture/src/requirements.txt HTTP/1.1" 404 564 "-" "Mozilla/5.0 (Macintosh; Intel Mac OS X 10_12_3) AppleWebKit/537.36 (KHTML, like Gecko) Chrome/56.0.2924.87 Safari/537.36"
94.72.101.21 - - [02/Nov/2024:19:46:45 +0000] "GET /config/env/dist/setup.py HTTP/1.1" 404 564 "-" "Mozilla/5.0 (Macintosh; Intel Mac OS X 10_12_3) AppleWebKit/537.36 (KHTML, like Gecko) Chrome/56.0.2924.87 Safari/537.36"
94.72.101.21 - - [02/Nov/2024:19:46:45 +0000] "GET /config/env/src/requirements.txt HTTP/1.1" 404 564 "-" "Mozilla/5.0 (Macintosh; Intel Mac OS X 10_12_3) AppleWebKit/537.36 (KHTML, like Gecko) Chrome/56.0.2924.87 Safari/537.36"
94.72.101.21 - - [02/Nov/2024:19:46:45 +0000] "GET /integrations/slack/src/config.json HTTP/1.1" 404 564 "-" "Mozilla/5.0 (Macintosh; Intel Mac OS X 10_12_3) AppleWebKit/537.36 (KHTML, like Gecko) Chrome/56.0.2924.87 Safari/537.36"
94.72.101.21 - - [02/Nov/2024:19:46:45 +0000] "GET /backend/koa/v1/deployment.yaml HTTP/1.1" 404 564 "-" "Mozilla/5.0 (Macintosh; Intel Mac OS X 10_12_3) AppleWebKit/537.36 (KHTML, like Gecko) Chrome/56.0.2924.87 Safari/537.36"
94.72.101.21 - - [02/Nov/2024:19:46:45 +0000] "GET /frontend/svelte-app/v2/main.js HTTP/1.1" 404 564 "-" "Mozilla/5.0 (Macintosh; Intel Mac OS X 10_12_3) AppleWebKit/537.36 (KHTML, like Gecko) Chrome/56.0.2924.87 Safari/537.36"
94.72.101.21 - - [02/Nov/2024:19:46:46 +0000] "GET /pipelines/dataflow/v1/service.yaml HTTP/1.1" 404 564 "-" "Mozilla/5.0 (Macintosh; Intel Mac OS X 10_12_3) AppleWebKit/537.36 (KHTML, like Gecko) Chrome/56.0.2924.87 Safari/537.36"
94.72.101.21 - - [02/Nov/2024:19:46:46 +0000] "GET /frontend/nextjs/v2/app.py HTTP/1.1" 404 564 "-" "Mozilla/5.0 (Macintosh; Intel Mac OS X 10_12_3) AppleWebKit/537.36 (KHTML, like Gecko) Chrome/56.0.2924.87 Safari/537.36"
94.72.101.21 - - [02/Nov/2024:19:46:46 +0000] "GET /pipelines/dataflow/dist/policy.json HTTP/1.1" 404 564 "-" "Mozilla/5.0 (Macintosh; Intel Mac OS X 10_12_3) AppleWebKit/537.36 (KHTML, like Gecko) Chrome/56.0.2924.87 Safari/537.36"
94.72.101.21 - - [02/Nov/2024:19:46:46 +0000] "GET /frontend/svelte-app/dev/swagger.json HTTP/1.1" 404 564 "-" "Mozilla/5.0 (Macintosh; Intel Mac OS X 10_12_3) AppleWebKit/537.36 (KHTML, like Gecko) Chrome/56.0.2924.87 Safari/537.36"
94.72.101.21 - - [02/Nov/2024:19:46:46 +0000] "GET /ci-cd/github/src/deployment.yaml HTTP/1.1" 404 564 "-" "Mozilla/5.0 (Macintosh; Intel Mac OS X 10_12_3) AppleWebKit/537.36 (KHTML, like Gecko) Chrome/56.0.2924.87 Safari/537.36"
94.72.101.21 - - [02/Nov/2024:19:46:47 +0000] "GET /pipelines/dataflow/v2/Dockerfile HTTP/1.1" 404 564 "-" "Mozilla/5.0 (Macintosh; Intel Mac OS X 10_12_3) AppleWebKit/537.36 (KHTML, like Gecko) Chrome/56.0.2924.87 Safari/537.36"
94.72.101.21 - - [02/Nov/2024:19:46:47 +0000] "GET /docs/readme/v1/index.js HTTP/1.1" 404 564 "-" "Mozilla/5.0 (Macintosh; Intel Mac OS X 10_12_3) AppleWebKit/537.36 (KHTML, like Gecko) Chrome/56.0.2924.87 Safari/537.36"
94.72.101.21 - - [02/Nov/2024:19:46:47 +0000] "GET /backend/nestjs/src/schema.sql HTTP/1.1" 404 564 "-" "Mozilla/5.0 (Macintosh; Intel Mac OS X 10_12_3) AppleWebKit/537.36 (KHTML, like Gecko) Chrome/56.0.2924.87 Safari/537.36"
94.72.101.21 - - [02/Nov/2024:19:46:48 +0000] "GET /backend/fastapi/src/service.yaml HTTP/1.1" 404 564 "-" "Mozilla/5.0 (Macintosh; Intel Mac OS X 10_12_3) AppleWebKit/537.36 (KHTML, like Gecko) Chrome/56.0.2924.87 Safari/537.36"
94.72.101.21 - - [02/Nov/2024:19:46:48 +0000] "GET /security/vault/v1/deployment.yaml HTTP/1.1" 404 564 "-" "Mozilla/5.0 (Macintosh; Intel Mac OS X 10_12_3) AppleWebKit/537.36 (KHTML, like Gecko) Chrome/56.0.2924.87 Safari/537.36"
94.72.101.21 - - [02/Nov/2024:19:46:48 +0000] "GET /microservices/inventory/prod/schema.sql HTTP/1.1" 404 564 "-" "Mozilla/5.0 (Macintosh; Intel Mac OS X 10_12_3) AppleWebKit/537.36 (KHTML, like Gecko) Chrome/56.0.2924.87 Safari/537.36"
94.72.101.21 - - [02/Nov/2024:19:46:48 +0000] "GET /compliance/reports/prod/Dockerfile HTTP/1.1" 404 564 "-" "Mozilla/5.0 (Macintosh; Intel Mac OS X 10_12_3) AppleWebKit/537.36 (KHTML, like Gecko) Chrome/56.0.2924.87 Safari/537.36"
94.72.101.21 - - [02/Nov/2024:19:46:48 +0000] "GET /docs/readme/src/service.yaml HTTP/1.1" 404 564 "-" "Mozilla/5.0 (Macintosh; Intel Mac OS X 10_12_3) AppleWebKit/537.36 (KHTML, like Gecko) Chrome/56.0.2924.87 Safari/537.36"
94.72.101.21 - - [02/Nov/2024:19:46:48 +0000] "GET /frontend/nextjs/dist/swagger.json HTTP/1.1" 404 564 "-" "Mozilla/5.0 (Macintosh; Intel Mac OS X 10_12_3) AppleWebKit/537.36 (KHTML, like Gecko) Chrome/56.0.2924.87 Safari/537.36"
94.72.101.21 - - [02/Nov/2024:19:46:49 +0000] "GET /backend/fastapi/dist/index.js HTTP/1.1" 404 564 "-" "Mozilla/5.0 (Macintosh; Intel Mac OS X 10_12_3) AppleWebKit/537.36 (KHTML, like Gecko) Chrome/56.0.2924.87 Safari/537.36"
94.72.101.21 - - [02/Nov/2024:19:46:49 +0000] "GET /config/database/src/swagger.json HTTP/1.1" 404 564 "-" "Mozilla/5.0 (Macintosh; Intel Mac OS X 10_12_3) AppleWebKit/537.36 (KHTML, like Gecko) Chrome/56.0.2924.87 Safari/537.36"
94.72.101.21 - - [02/Nov/2024:19:46:49 +0000] "GET /backend/express/prod/policy.json HTTP/1.1" 404 564 "-" "Mozilla/5.0 (Macintosh; Intel Mac OS X 10_12_3) AppleWebKit/537.36 (KHTML, like Gecko) Chrome/56.0.2924.87 Safari/537.36"
94.72.101.21 - - [02/Nov/2024:19:46:49 +0000] "GET /integrations/twilio/dev/variables.tf HTTP/1.1" 404 564 "-" "Mozilla/5.0 (Macintosh; Intel Mac OS X 10_12_3) AppleWebKit/537.36 (KHTML, like Gecko) Chrome/56.0.2924.87 Safari/537.36"
94.72.101.21 - - [02/Nov/2024:19:46:50 +0000] "GET /pipelines/dataflow/prod/policy.json HTTP/1.1" 404 564 "-" "Mozilla/5.0 (Macintosh; Intel Mac OS X 10_12_3) AppleWebKit/537.36 (KHTML, like Gecko) Chrome/56.0.2924.87 Safari/537.36"
94.72.101.21 - - [02/Nov/2024:19:46:50 +0000] "GET /backend/express/src/setup.py HTTP/1.1" 404 564 "-" "Mozilla/5.0 (Macintosh; Intel Mac OS X 10_12_3) AppleWebKit/537.36 (KHTML, like Gecko) Chrome/56.0.2924.87 Safari/537.36"
94.72.101.21 - - [02/Nov/2024:19:46:50 +0000] "GET /backend/koa/v1/.env HTTP/1.1" 404 564 "-" "Mozilla/5.0 (Macintosh; Intel Mac OS X 10_12_3) AppleWebKit/537.36 (KHTML, like Gecko) Chrome/56.0.2924.87 Safari/537.36"
94.72.101.21 - - [02/Nov/2024:19:46:50 +0000] "GET /integrations/twilio/src/app.py HTTP/1.1" 404 564 "-" "Mozilla/5.0 (Macintosh; Intel Mac OS X 10_12_3) AppleWebKit/537.36 (KHTML, like Gecko) Chrome/56.0.2924.87 Safari/537.36"
94.72.101.21 - - [02/Nov/2024:19:46:50 +0000] "GET /docs/readme/dev/README.md HTTP/1.1" 404 564 "-" "Mozilla/5.0 (Macintosh; Intel Mac OS X 10_12_3) AppleWebKit/537.36 (KHTML, like Gecko) Chrome/56.0.2924.87 Safari/537.36"
94.72.101.21 - - [02/Nov/2024:19:46:50 +0000] "GET /frontend/vue-app/dev/config.json HTTP/1.1" 404 564 "-" "Mozilla/5.0 (Macintosh; Intel Mac OS X 10_12_3) AppleWebKit/537.36 (KHTML, like Gecko) Chrome/56.0.2924.87 Safari/537.36"
94.72.101.21 - - [02/Nov/2024:19:46:51 +0000] "GET /config/env/dev/setup.py HTTP/1.1" 404 564 "-" "Mozilla/5.0 (Macintosh; Intel Mac OS X 10_12_3) AppleWebKit/537.36 (KHTML, like Gecko) Chrome/56.0.2924.87 Safari/537.36"
94.72.101.21 - - [02/Nov/2024:19:46:51 +0000] "GET /backend/koa/prod/Dockerfile HTTP/1.1" 404 564 "-" "Mozilla/5.0 (Macintosh; Intel Mac OS X 10_12_3) AppleWebKit/537.36 (KHTML, like Gecko) Chrome/56.0.2924.87 Safari/537.36"
94.72.101.21 - - [02/Nov/2024:19:46:51 +0000] "GET /integrations/twilio/src/swagger.json HTTP/1.1" 404 564 "-" "Mozilla/5.0 (Macintosh; Intel Mac OS X 10_12_3) AppleWebKit/537.36 (KHTML, like Gecko) Chrome/56.0.2924.87 Safari/537.36"
94.72.101.21 - - [02/Nov/2024:19:46:51 +0000] "GET /backend/express/v1/secrets.env HTTP/1.1" 404 564 "-" "Mozilla/5.0 (Macintosh; Intel Mac OS X 10_12_3) AppleWebKit/537.36 (KHTML, like Gecko) Chrome/56.0.2924.87 Safari/537.36"
94.72.101.21 - - [02/Nov/2024:19:46:52 +0000] "GET /config/env/src/secrets.env HTTP/1.1" 404 564 "-" "Mozilla/5.0 (Macintosh; Intel Mac OS X 10_12_3) AppleWebKit/537.36 (KHTML, like Gecko) Chrome/56.0.2924.87 Safari/537.36"
94.72.101.21 - - [02/Nov/2024:19:46:52 +0000] "GET /backend/nestjs/v1/policy.json HTTP/1.1" 404 564 "-" "Mozilla/5.0 (Macintosh; Intel Mac OS X 10_12_3) AppleWebKit/537.36 (KHTML, like Gecko) Chrome/56.0.2924.87 Safari/537.36"
94.72.101.21 - - [02/Nov/2024:19:46:53 +0000] "GET /ci-cd/gitlab/prod/swagger.json HTTP/1.1" 404 564 "-" "Mozilla/5.0 (Macintosh; Intel Mac OS X 10_12_3) AppleWebKit/537.36 (KHTML, like Gecko) Chrome/56.0.2924.87 Safari/537.36"
94.72.101.21 - - [02/Nov/2024:19:46:53 +0000] "GET /config/aws/dev/index.js HTTP/1.1" 404 564 "-" "Mozilla/5.0 (Macintosh; Intel Mac OS X 10_12_3) AppleWebKit/537.36 (KHTML, like Gecko) Chrome/56.0.2924.87 Safari/537.36"
94.72.101.21 - - [02/Nov/2024:19:46:53 +0000] "GET /backend/fastapi/v2/service.yaml HTTP/1.1" 404 564 "-" "Mozilla/5.0 (Macintosh; Intel Mac OS X 10_12_3) AppleWebKit/537.36 (KHTML, like Gecko) Chrome/56.0.2924.87 Safari/537.36"
94.72.101.21 - - [02/Nov/2024:19:46:53 +0000] "GET /frontend/nextjs/dev/Dockerfile HTTP/1.1" 404 564 "-" "Mozilla/5.0 (Macintosh; Intel Mac OS X 10_12_3) AppleWebKit/537.36 (KHTML, like Gecko) Chrome/56.0.2924.87 Safari/537.36"
94.72.101.21 - - [02/Nov/2024:19:46:53 +0000] "GET /documentation/architecture/src/index.js HTTP/1.1" 404 564 "-" "Mozilla/5.0 (Macintosh; Intel Mac OS X 10_12_3) AppleWebKit/537.36 (KHTML, like Gecko) Chrome/56.0.2924.87 Safari/537.36"
94.72.101.21 - - [02/Nov/2024:19:46:53 +0000] "GET /backend/koa/v1/variables.tf HTTP/1.1" 404 564 "-" "Mozilla/5.0 (Macintosh; Intel Mac OS X 10_12_3) AppleWebKit/537.36 (KHTML, like Gecko) Chrome/56.0.2924.87 Safari/537.36"
94.72.101.21 - - [02/Nov/2024:19:46:54 +0000] "GET /integrations/twilio/v2/swagger.json HTTP/1.1" 404 564 "-" "Mozilla/5.0 (Macintosh; Intel Mac OS X 10_12_3) AppleWebKit/537.36 (KHTML, like Gecko) Chrome/56.0.2924.87 Safari/537.36"
94.72.101.21 - - [02/Nov/2024:19:46:54 +0000] "GET /documentation/architecture/v1/README.md HTTP/1.1" 404 564 "-" "Mozilla/5.0 (Macintosh; Intel Mac OS X 10_12_3) AppleWebKit/537.36 (KHTML, like Gecko) Chrome/56.0.2924.87 Safari/537.36"
94.72.101.21 - - [02/Nov/2024:19:46:54 +0000] "GET /config/database/v2/config.json HTTP/1.1" 404 564 "-" "Mozilla/5.0 (Macintosh; Intel Mac OS X 10_12_3) AppleWebKit/537.36 (KHTML, like Gecko) Chrome/56.0.2924.87 Safari/537.36"
94.72.101.21 - - [02/Nov/2024:19:46:54 +0000] "GET /data_sources/dist/README.md HTTP/1.1" 404 564 "-" "Mozilla/5.0 (Macintosh; Intel Mac OS X 10_12_3) AppleWebKit/537.36 (KHTML, like Gecko) Chrome/56.0.2924.87 Safari/537.36"
94.72.101.21 - - [02/Nov/2024:19:46:54 +0000] "GET /data_sources/prod/variables.tf HTTP/1.1" 404 564 "-" "Mozilla/5.0 (Macintosh; Intel Mac OS X 10_12_3) AppleWebKit/537.36 (KHTML, like Gecko) Chrome/56.0.2924.87 Safari/537.36"
94.72.101.21 - - [02/Nov/2024:19:46:54 +0000] "GET /data/etl_jobs/dev/policy.json HTTP/1.1" 404 564 "-" "Mozilla/5.0 (Macintosh; Intel Mac OS X 10_12_3) AppleWebKit/537.36 (KHTML, like Gecko) Chrome/56.0.2924.87 Safari/537.36"
94.72.101.21 - - [02/Nov/2024:19:46:55 +0000] "GET /documentation/architecture/dev/main.js HTTP/1.1" 404 564 "-" "Mozilla/5.0 (Macintosh; Intel Mac OS X 10_12_3) AppleWebKit/537.36 (KHTML, like Gecko) Chrome/56.0.2924.87 Safari/537.36"
94.72.101.21 - - [02/Nov/2024:19:46:55 +0000] "GET /integrations/slack/prod/deployment.yaml HTTP/1.1" 404 564 "-" "Mozilla/5.0 (Macintosh; Intel Mac OS X 10_12_3) AppleWebKit/537.36 (KHTML, like Gecko) Chrome/56.0.2924.87 Safari/537.36"
94.72.101.21 - - [02/Nov/2024:19:46:55 +0000] "GET /microservices/inventory/dist/index.js HTTP/1.1" 404 564 "-" "Mozilla/5.0 (Macintosh; Intel Mac OS X 10_12_3) AppleWebKit/537.36 (KHTML, like Gecko) Chrome/56.0.2924.87 Safari/537.36"
94.72.101.21 - - [02/Nov/2024:19:46:55 +0000] "GET /frontend/svelte-app/dev/config.json HTTP/1.1" 404 564 "-" "Mozilla/5.0 (Macintosh; Intel Mac OS X 10_12_3) AppleWebKit/537.36 (KHTML, like Gecko) Chrome/56.0.2924.87 Safari/537.36"
94.72.101.21 - - [02/Nov/2024:19:46:56 +0000] "GET /ml/models/v2/policy.json HTTP/1.1" 404 564 "-" "Mozilla/5.0 (Macintosh; Intel Mac OS X 10_12_3) AppleWebKit/537.36 (KHTML, like Gecko) Chrome/56.0.2924.87 Safari/537.36"
94.72.101.21 - - [02/Nov/2024:19:46:56 +0000] "GET /k8s/prod/app.py HTTP/1.1" 404 564 "-" "Mozilla/5.0 (Macintosh; Intel Mac OS X 10_12_3) AppleWebKit/537.36 (KHTML, like Gecko) Chrome/56.0.2924.87 Safari/537.36"
94.72.101.21 - - [02/Nov/2024:19:46:56 +0000] "GET /config/aws/v2/index.js HTTP/1.1" 404 564 "-" "Mozilla/5.0 (Macintosh; Intel Mac OS X 10_12_3) AppleWebKit/537.36 (KHTML, like Gecko) Chrome/56.0.2924.87 Safari/537.36"
94.72.101.21 - - [02/Nov/2024:19:46:56 +0000] "GET /pipelines/dataflow/dev/variables.tf HTTP/1.1" 404 564 "-" "Mozilla/5.0 (Macintosh; Intel Mac OS X 10_12_3) AppleWebKit/537.36 (KHTML, like Gecko) Chrome/56.0.2924.87 Safari/537.36"
94.72.101.21 - - [02/Nov/2024:19:46:56 +0000] "GET /security/vault/src/requirements.txt HTTP/1.1" 404 564 "-" "Mozilla/5.0 (Macintosh; Intel Mac OS X 10_12_3) AppleWebKit/537.36 (KHTML, like Gecko) Chrome/56.0.2924.87 Safari/537.36"
94.72.101.21 - - [02/Nov/2024:19:46:57 +0000] "GET /backend/express/src/main.js HTTP/1.1" 404 564 "-" "Mozilla/5.0 (Macintosh; Intel Mac OS X 10_12_3) AppleWebKit/537.36 (KHTML, like Gecko) Chrome/56.0.2924.87 Safari/537.36"
94.72.101.21 - - [02/Nov/2024:19:46:57 +0000] "GET /microservices/inventory/v2/schema.sql HTTP/1.1" 404 564 "-" "Mozilla/5.0 (Macintosh; Intel Mac OS X 10_12_3) AppleWebKit/537.36 (KHTML, like Gecko) Chrome/56.0.2924.87 Safari/537.36"
94.72.101.21 - - [02/Nov/2024:19:46:57 +0000] "GET /compliance/reports/src/swagger.json HTTP/1.1" 404 564 "-" "Mozilla/5.0 (Macintosh; Intel Mac OS X 10_12_3) AppleWebKit/537.36 (KHTML, like Gecko) Chrome/56.0.2924.87 Safari/537.36"
94.72.101.21 - - [02/Nov/2024:19:46:57 +0000] "GET /k8s/v1/service.yaml HTTP/1.1" 404 564 "-" "Mozilla/5.0 (Macintosh; Intel Mac OS X 10_12_3) AppleWebKit/537.36 (KHTML, like Gecko) Chrome/56.0.2924.87 Safari/537.36"
94.72.101.21 - - [02/Nov/2024:19:46:57 +0000] "GET /backend/nestjs/dist/app.py HTTP/1.1" 404 564 "-" "Mozilla/5.0 (Macintosh; Intel Mac OS X 10_12_3) AppleWebKit/537.36 (KHTML, like Gecko) Chrome/56.0.2924.87 Safari/537.36"
94.72.101.21 - - [02/Nov/2024:19:46:57 +0000] "GET /ml/models/dist/requirements.txt HTTP/1.1" 404 564 "-" "Mozilla/5.0 (Macintosh; Intel Mac OS X 10_12_3) AppleWebKit/537.36 (KHTML, like Gecko) Chrome/56.0.2924.87 Safari/537.36"
94.72.101.21 - - [02/Nov/2024:19:46:58 +0000] "GET /backend/fastapi/dist/setup.py HTTP/1.1" 404 564 "-" "Mozilla/5.0 (Macintosh; Intel Mac OS X 10_12_3) AppleWebKit/537.36 (KHTML, like Gecko) Chrome/56.0.2924.87 Safari/537.36"
94.72.101.21 - - [02/Nov/2024:19:46:58 +0000] "GET /integrations/stripe/dist/variables.tf HTTP/1.1" 404 564 "-" "Mozilla/5.0 (Macintosh; Intel Mac OS X 10_12_3) AppleWebKit/537.36 (KHTML, like Gecko) Chrome/56.0.2924.87 Safari/537.36"
94.72.101.21 - - [02/Nov/2024:19:46:58 +0000] "GET /backend/fastapi/prod/app.py HTTP/1.1" 404 564 "-" "Mozilla/5.0 (Macintosh; Intel Mac OS X 10_12_3) AppleWebKit/537.36 (KHTML, like Gecko) Chrome/56.0.2924.87 Safari/537.36"
94.72.101.21 - - [02/Nov/2024:19:46:58 +0000] "GET /ci-cd/gitlab/dist/app.py HTTP/1.1" 404 564 "-" "Mozilla/5.0 (Macintosh; Intel Mac OS X 10_12_3) AppleWebKit/537.36 (KHTML, like Gecko) Chrome/56.0.2924.87 Safari/537.36"
94.72.101.21 - - [02/Nov/2024:19:46:58 +0000] "GET /ml/models/v1/service.yaml HTTP/1.1" 404 564 "-" "Mozilla/5.0 (Macintosh; Intel Mac OS X 10_12_3) AppleWebKit/537.36 (KHTML, like Gecko) Chrome/56.0.2924.87 Safari/537.36"
94.72.101.21 - - [02/Nov/2024:19:46:58 +0000] "GET /k8s/v1/main.js HTTP/1.1" 404 564 "-" "Mozilla/5.0 (Macintosh; Intel Mac OS X 10_12_3) AppleWebKit/537.36 (KHTML, like Gecko) Chrome/56.0.2924.87 Safari/537.36"
94.72.101.21 - - [02/Nov/2024:19:46:59 +0000] "GET /backend/nestjs/src/README.md HTTP/1.1" 404 564 "-" "Mozilla/5.0 (Macintosh; Intel Mac OS X 10_12_3) AppleWebKit/537.36 (KHTML, like Gecko) Chrome/56.0.2924.87 Safari/537.36"
94.72.101.21 - - [02/Nov/2024:19:46:59 +0000] "GET /secrets/src/deployment.yaml HTTP/1.1" 404 564 "-" "Mozilla/5.0 (Macintosh; Intel Mac OS X 10_12_3) AppleWebKit/537.36 (KHTML, like Gecko) Chrome/56.0.2924.87 Safari/537.36"
94.72.101.21 - - [02/Nov/2024:19:46:59 +0000] "GET /frontend/vue-app/src/app.py HTTP/1.1" 404 564 "-" "Mozilla/5.0 (Macintosh; Intel Mac OS X 10_12_3) AppleWebKit/537.36 (KHTML, like Gecko) Chrome/56.0.2924.87 Safari/537.36"
94.72.101.21 - - [02/Nov/2024:19:46:59 +0000] "GET /compliance/reports/dist/policy.json HTTP/1.1" 404 564 "-" "Mozilla/5.0 (Macintosh; Intel Mac OS X 10_12_3) AppleWebKit/537.36 (KHTML, like Gecko) Chrome/56.0.2924.87 Safari/537.36"
94.72.101.21 - - [02/Nov/2024:19:47:00 +0000] "GET /integrations/slack/dist/Dockerfile HTTP/1.1" 404 564 "-" "Mozilla/5.0 (Macintosh; Intel Mac OS X 10_12_3) AppleWebKit/537.36 (KHTML, like Gecko) Chrome/56.0.2924.87 Safari/537.36"
94.72.101.21 - - [02/Nov/2024:19:47:00 +0000] "GET /documentation/architecture/v2/deployment.yaml HTTP/1.1" 404 564 "-" "Mozilla/5.0 (Macintosh; Intel Mac OS X 10_12_3) AppleWebKit/537.36 (KHTML, like Gecko) Chrome/56.0.2924.87 Safari/537.36"
94.72.101.21 - - [02/Nov/2024:19:47:00 +0000] "GET /microservices/inventory/v2/.env HTTP/1.1" 404 564 "-" "Mozilla/5.0 (Macintosh; Intel Mac OS X 10_12_3) AppleWebKit/537.36 (KHTML, like Gecko) Chrome/56.0.2924.87 Safari/537.36"
94.72.101.21 - - [02/Nov/2024:19:47:00 +0000] "GET /microservices/payment-service/prod/.env HTTP/1.1" 404 564 "-" "Mozilla/5.0 (Macintosh; Intel Mac OS X 10_12_3) AppleWebKit/537.36 (KHTML, like Gecko) Chrome/56.0.2924.87 Safari/537.36"
94.72.101.21 - - [02/Nov/2024:19:47:01 +0000] "GET /backend/nestjs/v2/config.json HTTP/1.1" 404 564 "-" "Mozilla/5.0 (Macintosh; Intel Mac OS X 10_12_3) AppleWebKit/537.36 (KHTML, like Gecko) Chrome/56.0.2924.87 Safari/537.36"
94.72.101.21 - - [02/Nov/2024:19:47:01 +0000] "GET /audit/logs/v1/schema.sql HTTP/1.1" 404 564 "-" "Mozilla/5.0 (Macintosh; Intel Mac OS X 10_12_3) AppleWebKit/537.36 (KHTML, like Gecko) Chrome/56.0.2924.87 Safari/537.36"
94.72.101.21 - - [02/Nov/2024:19:47:01 +0000] "GET /ci-cd/github/dist/variables.tf HTTP/1.1" 404 564 "-" "Mozilla/5.0 (Macintosh; Intel Mac OS X 10_12_3) AppleWebKit/537.36 (KHTML, like Gecko) Chrome/56.0.2924.87 Safari/537.36"
94.72.101.21 - - [02/Nov/2024:19:47:03 +0000] "GET /ci-cd/gitlab/v2/app.py HTTP/1.1" 404 564 "-" "Mozilla/5.0 (Macintosh; Intel Mac OS X 10_12_3) AppleWebKit/537.36 (KHTML, like Gecko) Chrome/56.0.2924.87 Safari/537.36"
94.72.101.21 - - [02/Nov/2024:19:47:03 +0000] "GET /docs/api_v2/src/requirements.txt HTTP/1.1" 404 564 "-" "Mozilla/5.0 (Macintosh; Intel Mac OS X 10_12_3) AppleWebKit/537.36 (KHTML, like Gecko) Chrome/56.0.2924.87 Safari/537.36"
94.72.101.21 - - [02/Nov/2024:19:47:04 +0000] "GET /microservices/user-service/prod/setup.py HTTP/1.1" 404 564 "-" "Mozilla/5.0 (Macintosh; Intel Mac OS X 10_12_3) AppleWebKit/537.36 (KHTML, like Gecko) Chrome/56.0.2924.87 Safari/537.36"
94.72.101.21 - - [02/Nov/2024:19:47:05 +0000] "GET /data/etl_jobs/dist/service.yaml HTTP/1.1" 404 564 "-" "Mozilla/5.0 (Macintosh; Intel Mac OS X 10_12_3) AppleWebKit/537.36 (KHTML, like Gecko) Chrome/56.0.2924.87 Safari/537.36"
94.72.101.21 - - [02/Nov/2024:19:47:05 +0000] "GET /config/azure/prod/deployment.yaml HTTP/1.1" 404 564 "-" "Mozilla/5.0 (Macintosh; Intel Mac OS X 10_12_3) AppleWebKit/537.36 (KHTML, like Gecko) Chrome/56.0.2924.87 Safari/537.36"
94.72.101.21 - - [02/Nov/2024:19:47:05 +0000] "GET /audit/logs/dev/main.js HTTP/1.1" 404 564 "-" "Mozilla/5.0 (Macintosh; Intel Mac OS X 10_12_3) AppleWebKit/537.36 (KHTML, like Gecko) Chrome/56.0.2924.87 Safari/537.36"
94.72.101.21 - - [02/Nov/2024:19:47:05 +0000] "GET /config/azure/v1/swagger.json HTTP/1.1" 404 564 "-" "Mozilla/5.0 (Macintosh; Intel Mac OS X 10_12_3) AppleWebKit/537.36 (KHTML, like Gecko) Chrome/56.0.2924.87 Safari/537.36"
94.72.101.21 - - [02/Nov/2024:19:47:06 +0000] "GET /frontend/svelte-app/v2/setup.py HTTP/1.1" 404 564 "-" "Mozilla/5.0 (Macintosh; Intel Mac OS X 10_12_3) AppleWebKit/537.36 (KHTML, like Gecko) Chrome/56.0.2924.87 Safari/537.36"
94.72.101.21 - - [02/Nov/2024:19:47:06 +0000] "GET /config/aws/v1/variables.tf HTTP/1.1" 404 564 "-" "Mozilla/5.0 (Macintosh; Intel Mac OS X 10_12_3) AppleWebKit/537.36 (KHTML, like Gecko) Chrome/56.0.2924.87 Safari/537.36"
94.72.101.21 - - [02/Nov/2024:19:47:06 +0000] "GET /audit/logs/src/schema.sql HTTP/1.1" 404 564 "-" "Mozilla/5.0 (Macintosh; Intel Mac OS X 10_12_3) AppleWebKit/537.36 (KHTML, like Gecko) Chrome/56.0.2924.87 Safari/537.36"
94.72.101.21 - - [02/Nov/2024:19:47:06 +0000] "GET /backend/fastapi/dist/README.md HTTP/1.1" 404 564 "-" "Mozilla/5.0 (Macintosh; Intel Mac OS X 10_12_3) AppleWebKit/537.36 (KHTML, like Gecko) Chrome/56.0.2924.87 Safari/537.36"
94.72.101.21 - - [02/Nov/2024:19:47:06 +0000] "GET /documentation/architecture/v1/.env HTTP/1.1" 404 564 "-" "Mozilla/5.0 (Macintosh; Intel Mac OS X 10_12_3) AppleWebKit/537.36 (KHTML, like Gecko) Chrome/56.0.2924.87 Safari/537.36"
94.72.101.21 - - [02/Nov/2024:19:47:06 +0000] "GET /config/azure/dev/index.js HTTP/1.1" 404 564 "-" "Mozilla/5.0 (Macintosh; Intel Mac OS X 10_12_3) AppleWebKit/537.36 (KHTML, like Gecko) Chrome/56.0.2924.87 Safari/537.36"
94.72.101.21 - - [02/Nov/2024:19:47:07 +0000] "GET /config/aws/v2/main.js HTTP/1.1" 404 564 "-" "Mozilla/5.0 (Macintosh; Intel Mac OS X 10_12_3) AppleWebKit/537.36 (KHTML, like Gecko) Chrome/56.0.2924.87 Safari/537.36"
94.72.101.21 - - [02/Nov/2024:19:47:07 +0000] "GET /frontend/vue-app/prod/swagger.json HTTP/1.1" 404 564 "-" "Mozilla/5.0 (Macintosh; Intel Mac OS X 10_12_3) AppleWebKit/537.36 (KHTML, like Gecko) Chrome/56.0.2924.87 Safari/537.36"
94.72.101.21 - - [02/Nov/2024:19:47:07 +0000] "GET /integrations/stripe/prod/schema.sql HTTP/1.1" 404 564 "-" "Mozilla/5.0 (Macintosh; Intel Mac OS X 10_12_3) AppleWebKit/537.36 (KHTML, like Gecko) Chrome/56.0.2924.87 Safari/537.36"
94.72.101.21 - - [02/Nov/2024:19:47:08 +0000] "GET /backend/express/prod/config.json HTTP/1.1" 404 564 "-" "Mozilla/5.0 (Macintosh; Intel Mac OS X 10_12_3) AppleWebKit/537.36 (KHTML, like Gecko) Chrome/56.0.2924.87 Safari/537.36"
94.72.101.21 - - [02/Nov/2024:19:47:08 +0000] "GET /audit/logs/v1/Dockerfile HTTP/1.1" 404 564 "-" "Mozilla/5.0 (Macintosh; Intel Mac OS X 10_12_3) AppleWebKit/537.36 (KHTML, like Gecko) Chrome/56.0.2924.87 Safari/537.36"
94.72.101.21 - - [02/Nov/2024:19:47:08 +0000] "GET /backend/fastapi/dev/app.py HTTP/1.1" 404 564 "-" "Mozilla/5.0 (Macintosh; Intel Mac OS X 10_12_3) AppleWebKit/537.36 (KHTML, like Gecko) Chrome/56.0.2924.87 Safari/537.36"
94.72.101.21 - - [02/Nov/2024:19:47:08 +0000] "GET /frontend/nextjs/v2/requirements.txt HTTP/1.1" 404 564 "-" "Mozilla/5.0 (Macintosh; Intel Mac OS X 10_12_3) AppleWebKit/537.36 (KHTML, like Gecko) Chrome/56.0.2924.87 Safari/537.36"
94.72.101.21 - - [02/Nov/2024:19:47:08 +0000] "GET /integrations/slack/v1/config.json HTTP/1.1" 404 564 "-" "Mozilla/5.0 (Macintosh; Intel Mac OS X 10_12_3) AppleWebKit/537.36 (KHTML, like Gecko) Chrome/56.0.2924.87 Safari/537.36"
94.72.101.21 - - [02/Nov/2024:19:47:08 +0000] "GET /docs/api_v2/v2/.env HTTP/1.1" 404 564 "-" "Mozilla/5.0 (Macintosh; Intel Mac OS X 10_12_3) AppleWebKit/537.36 (KHTML, like Gecko) Chrome/56.0.2924.87 Safari/537.36"
94.72.101.21 - - [02/Nov/2024:19:47:09 +0000] "GET /frontend/nextjs/dev/service.yaml HTTP/1.1" 404 564 "-" "Mozilla/5.0 (Macintosh; Intel Mac OS X 10_12_3) AppleWebKit/537.36 (KHTML, like Gecko) Chrome/56.0.2924.87 Safari/537.36"
94.72.101.21 - - [02/Nov/2024:19:47:09 +0000] "GET /integrations/twilio/v1/swagger.json HTTP/1.1" 404 564 "-" "Mozilla/5.0 (Macintosh; Intel Mac OS X 10_12_3) AppleWebKit/537.36 (KHTML, like Gecko) Chrome/56.0.2924.87 Safari/537.36"
94.72.101.21 - - [02/Nov/2024:19:47:09 +0000] "GET /secrets/v1/Dockerfile HTTP/1.1" 404 564 "-" "Mozilla/5.0 (Macintosh; Intel Mac OS X 10_12_3) AppleWebKit/537.36 (KHTML, like Gecko) Chrome/56.0.2924.87 Safari/537.36"
94.72.101.21 - - [02/Nov/2024:19:47:10 +0000] "GET /terraform/environments/prod/src/policy.json HTTP/1.1" 404 564 "-" "Mozilla/5.0 (Macintosh; Intel Mac OS X 10_12_3) AppleWebKit/537.36 (KHTML, like Gecko) Chrome/56.0.2924.87 Safari/537.36"
94.72.101.21 - - [02/Nov/2024:19:47:10 +0000] "GET /backend/fastapi/src/app.py HTTP/1.1" 404 564 "-" "Mozilla/5.0 (Macintosh; Intel Mac OS X 10_12_3) AppleWebKit/537.36 (KHTML, like Gecko) Chrome/56.0.2924.87 Safari/537.36"
94.72.101.21 - - [02/Nov/2024:19:47:10 +0000] "GET /frontend/svelte-app/v1/main.js HTTP/1.1" 404 564 "-" "Mozilla/5.0 (Macintosh; Intel Mac OS X 10_12_3) AppleWebKit/537.36 (KHTML, like Gecko) Chrome/56.0.2924.87 Safari/537.36"
94.72.101.21 - - [02/Nov/2024:19:47:10 +0000] "GET /backend/fastapi/v1/Dockerfile HTTP/1.1" 404 564 "-" "Mozilla/5.0 (Macintosh; Intel Mac OS X 10_12_3) AppleWebKit/537.36 (KHTML, like Gecko) Chrome/56.0.2924.87 Safari/537.36"
94.72.101.21 - - [02/Nov/2024:19:47:11 +0000] "GET /data/etl_jobs/dev/main.js HTTP/1.1" 404 564 "-" "Mozilla/5.0 (Macintosh; Intel Mac OS X 10_12_3) AppleWebKit/537.36 (KHTML, like Gecko) Chrome/56.0.2924.87 Safari/537.36"
94.72.101.21 - - [02/Nov/2024:19:47:11 +0000] "GET /frontend/svelte-app/dev/main.js HTTP/1.1" 404 564 "-" "Mozilla/5.0 (Macintosh; Intel Mac OS X 10_12_3) AppleWebKit/537.36 (KHTML, like Gecko) Chrome/56.0.2924.87 Safari/537.36"
94.72.101.21 - - [02/Nov/2024:19:47:11 +0000] "GET /microservices/payment-service/src/setup.py HTTP/1.1" 404 564 "-" "Mozilla/5.0 (Macintosh; Intel Mac OS X 10_12_3) AppleWebKit/537.36 (KHTML, like Gecko) Chrome/56.0.2924.87 Safari/537.36"
94.72.101.21 - - [02/Nov/2024:19:47:11 +0000] "GET /pipelines/dataflow/v1/policy.json HTTP/1.1" 404 564 "-" "Mozilla/5.0 (Macintosh; Intel Mac OS X 10_12_3) AppleWebKit/537.36 (KHTML, like Gecko) Chrome/56.0.2924.87 Safari/537.36"
94.72.101.21 - - [02/Nov/2024:19:47:12 +0000] "GET /ci-cd/github/src/swagger.json HTTP/1.1" 404 564 "-" "Mozilla/5.0 (Macintosh; Intel Mac OS X 10_12_3) AppleWebKit/537.36 (KHTML, like Gecko) Chrome/56.0.2924.87 Safari/537.36"
94.72.101.21 - - [02/Nov/2024:19:47:12 +0000] "GET /config/azure/dist/secrets.env HTTP/1.1" 404 564 "-" "Mozilla/5.0 (Macintosh; Intel Mac OS X 10_12_3) AppleWebKit/537.36 (KHTML, like Gecko) Chrome/56.0.2924.87 Safari/537.36"
94.72.101.21 - - [02/Nov/2024:19:47:12 +0000] "GET /config/azure/dist/variables.tf HTTP/1.1" 404 564 "-" "Mozilla/5.0 (Macintosh; Intel Mac OS X 10_12_3) AppleWebKit/537.36 (KHTML, like Gecko) Chrome/56.0.2924.87 Safari/537.36"
94.72.101.21 - - [02/Nov/2024:19:47:12 +0000] "GET /frontend/nextjs/dist/.env HTTP/1.1" 404 564 "-" "Mozilla/5.0 (Macintosh; Intel Mac OS X 10_12_3) AppleWebKit/537.36 (KHTML, like Gecko) Chrome/56.0.2924.87 Safari/537.36"
94.72.101.21 - - [02/Nov/2024:19:47:12 +0000] "GET /config/database/dist/schema.sql HTTP/1.1" 404 564 "-" "Mozilla/5.0 (Macintosh; Intel Mac OS X 10_12_3) AppleWebKit/537.36 (KHTML, like Gecko) Chrome/56.0.2924.87 Safari/537.36"
94.72.101.21 - - [02/Nov/2024:19:47:12 +0000] "GET /frontend/react-app/v2/swagger.json HTTP/1.1" 404 564 "-" "Mozilla/5.0 (Macintosh; Intel Mac OS X 10_12_3) AppleWebKit/537.36 (KHTML, like Gecko) Chrome/56.0.2924.87 Safari/537.36"
94.72.101.21 - - [02/Nov/2024:19:47:13 +0000] "GET /backend/koa/dev/index.js HTTP/1.1" 404 564 "-" "Mozilla/5.0 (Macintosh; Intel Mac OS X 10_12_3) AppleWebKit/537.36 (KHTML, like Gecko) Chrome/56.0.2924.87 Safari/537.36"
94.72.101.21 - - [02/Nov/2024:19:47:13 +0000] "GET /ml/models/dist/swagger.json HTTP/1.1" 404 564 "-" "Mozilla/5.0 (Macintosh; Intel Mac OS X 10_12_3) AppleWebKit/537.36 (KHTML, like Gecko) Chrome/56.0.2924.87 Safari/537.36"
94.72.101.21 - - [02/Nov/2024:19:47:13 +0000] "GET /microservices/user-service/v1/deployment.yaml HTTP/1.1" 404 564 "-" "Mozilla/5.0 (Macintosh; Intel Mac OS X 10_12_3) AppleWebKit/537.36 (KHTML, like Gecko) Chrome/56.0.2924.87 Safari/537.36"
94.72.101.21 - - [02/Nov/2024:19:47:13 +0000] "GET /docs/readme/dev/deployment.yaml HTTP/1.1" 404 564 "-" "Mozilla/5.0 (Macintosh; Intel Mac OS X 10_12_3) AppleWebKit/537.36 (KHTML, like Gecko) Chrome/56.0.2924.87 Safari/537.36"
94.72.101.21 - - [02/Nov/2024:19:47:13 +0000] "GET /config/aws/v1/.env HTTP/1.1" 404 564 "-" "Mozilla/5.0 (Macintosh; Intel Mac OS X 10_12_3) AppleWebKit/537.36 (KHTML, like Gecko) Chrome/56.0.2924.87 Safari/537.36"
94.72.101.21 - - [02/Nov/2024:19:47:14 +0000] "GET /backend/express/src/README.md HTTP/1.1" 404 564 "-" "Mozilla/5.0 (Macintosh; Intel Mac OS X 10_12_3) AppleWebKit/537.36 (KHTML, like Gecko) Chrome/56.0.2924.87 Safari/537.36"
94.72.101.21 - - [02/Nov/2024:19:47:14 +0000] "GET /ci-cd/github/dev/Dockerfile HTTP/1.1" 404 564 "-" "Mozilla/5.0 (Macintosh; Intel Mac OS X 10_12_3) AppleWebKit/537.36 (KHTML, like Gecko) Chrome/56.0.2924.87 Safari/537.36"
94.72.101.21 - - [02/Nov/2024:19:47:14 +0000] "GET /docs/api_v2/src/schema.sql HTTP/1.1" 404 564 "-" "Mozilla/5.0 (Macintosh; Intel Mac OS X 10_12_3) AppleWebKit/537.36 (KHTML, like Gecko) Chrome/56.0.2924.87 Safari/537.36"
94.72.101.21 - - [02/Nov/2024:19:47:14 +0000] "GET /config/database/dev/Dockerfile HTTP/1.1" 404 564 "-" "Mozilla/5.0 (Macintosh; Intel Mac OS X 10_12_3) AppleWebKit/537.36 (KHTML, like Gecko) Chrome/56.0.2924.87 Safari/537.36"
94.72.101.21 - - [02/Nov/2024:19:47:15 +0000] "GET /data_sources/dev/.env HTTP/1.1" 404 564 "-" "Mozilla/5.0 (Macintosh; Intel Mac OS X 10_12_3) AppleWebKit/537.36 (KHTML, like Gecko) Chrome/56.0.2924.87 Safari/537.36"
94.72.101.21 - - [02/Nov/2024:19:47:15 +0000] "GET /pipelines/dataflow/dist/Dockerfile HTTP/1.1" 404 564 "-" "Mozilla/5.0 (Macintosh; Intel Mac OS X 10_12_3) AppleWebKit/537.36 (KHTML, like Gecko) Chrome/56.0.2924.87 Safari/537.36"
94.72.101.21 - - [02/Nov/2024:19:47:15 +0000] "GET /backend/koa/v1/main.js HTTP/1.1" 404 564 "-" "Mozilla/5.0 (Macintosh; Intel Mac OS X 10_12_3) AppleWebKit/537.36 (KHTML, like Gecko) Chrome/56.0.2924.87 Safari/537.36"
94.72.101.21 - - [02/Nov/2024:19:47:15 +0000] "GET /microservices/inventory/dist/.env HTTP/1.1" 404 564 "-" "Mozilla/5.0 (Macintosh; Intel Mac OS X 10_12_3) AppleWebKit/537.36 (KHTML, like Gecko) Chrome/56.0.2924.87 Safari/537.36"
94.72.101.21 - - [02/Nov/2024:19:47:15 +0000] "GET /microservices/inventory/prod/.env HTTP/1.1" 404 564 "-" "Mozilla/5.0 (Macintosh; Intel Mac OS X 10_12_3) AppleWebKit/537.36 (KHTML, like Gecko) Chrome/56.0.2924.87 Safari/537.36"
94.72.101.21 - - [02/Nov/2024:19:47:15 +0000] "GET /compliance/reports/v1/swagger.json HTTP/1.1" 404 564 "-" "Mozilla/5.0 (Macintosh; Intel Mac OS X 10_12_3) AppleWebKit/537.36 (KHTML, like Gecko) Chrome/56.0.2924.87 Safari/537.36"
94.72.101.21 - - [02/Nov/2024:19:47:16 +0000] "GET /microservices/payment-service/prod/app.py HTTP/1.1" 404 564 "-" "Mozilla/5.0 (Macintosh; Intel Mac OS X 10_12_3) AppleWebKit/537.36 (KHTML, like Gecko) Chrome/56.0.2924.87 Safari/537.36"
94.72.101.21 - - [02/Nov/2024:19:47:17 +0000] "GET /backend/nestjs/v2/main.js HTTP/1.1" 404 564 "-" "Mozilla/5.0 (Macintosh; Intel Mac OS X 10_12_3) AppleWebKit/537.36 (KHTML, like Gecko) Chrome/56.0.2924.87 Safari/537.36"
94.72.101.21 - - [02/Nov/2024:19:47:18 +0000] "GET /docs/readme/v1/README.md HTTP/1.1" 404 564 "-" "Mozilla/5.0 (Macintosh; Intel Mac OS X 10_12_3) AppleWebKit/537.36 (KHTML, like Gecko) Chrome/56.0.2924.87 Safari/537.36"
94.72.101.21 - - [02/Nov/2024:19:47:18 +0000] "GET /backend/nestjs/prod/README.md HTTP/1.1" 404 564 "-" "Mozilla/5.0 (Macintosh; Intel Mac OS X 10_12_3) AppleWebKit/537.36 (KHTML, like Gecko) Chrome/56.0.2924.87 Safari/537.36"
94.72.101.21 - - [02/Nov/2024:19:47:18 +0000] "GET /terraform/environments/prod/v2/deployment.yaml HTTP/1.1" 404 564 "-" "Mozilla/5.0 (Macintosh; Intel Mac OS X 10_12_3) AppleWebKit/537.36 (KHTML, like Gecko) Chrome/56.0.2924.87 Safari/537.36"
94.72.101.21 - - [02/Nov/2024:19:47:18 +0000] "GET /security/vault/src/README.md HTTP/1.1" 404 564 "-" "Mozilla/5.0 (Macintosh; Intel Mac OS X 10_12_3) AppleWebKit/537.36 (KHTML, like Gecko) Chrome/56.0.2924.87 Safari/537.36"
94.72.101.21 - - [02/Nov/2024:19:47:19 +0000] "GET /config/azure/src/Dockerfile HTTP/1.1" 404 564 "-" "Mozilla/5.0 (Macintosh; Intel Mac OS X 10_12_3) AppleWebKit/537.36 (KHTML, like Gecko) Chrome/56.0.2924.87 Safari/537.36"
94.72.101.21 - - [02/Nov/2024:19:47:19 +0000] "GET /docs/api_v2/prod/secrets.env HTTP/1.1" 404 564 "-" "Mozilla/5.0 (Macintosh; Intel Mac OS X 10_12_3) AppleWebKit/537.36 (KHTML, like Gecko) Chrome/56.0.2924.87 Safari/537.36"
94.72.101.21 - - [02/Nov/2024:19:47:19 +0000] "GET /config/database/dist/policy.json HTTP/1.1" 404 564 "-" "Mozilla/5.0 (Macintosh; Intel Mac OS X 10_12_3) AppleWebKit/537.36 (KHTML, like Gecko) Chrome/56.0.2924.87 Safari/537.36"
94.72.101.21 - - [02/Nov/2024:19:47:19 +0000] "GET /frontend/nextjs/src/Dockerfile HTTP/1.1" 404 564 "-" "Mozilla/5.0 (Macintosh; Intel Mac OS X 10_12_3) AppleWebKit/537.36 (KHTML, like Gecko) Chrome/56.0.2924.87 Safari/537.36"
94.72.101.21 - - [02/Nov/2024:19:47:20 +0000] "GET /compliance/reports/prod/requirements.txt HTTP/1.1" 404 564 "-" "Mozilla/5.0 (Macintosh; Intel Mac OS X 10_12_3) AppleWebKit/537.36 (KHTML, like Gecko) Chrome/56.0.2924.87 Safari/537.36"
94.72.101.21 - - [02/Nov/2024:19:47:20 +0000] "GET /backend/fastapi/v2/index.js HTTP/1.1" 404 564 "-" "Mozilla/5.0 (Macintosh; Intel Mac OS X 10_12_3) AppleWebKit/537.36 (KHTML, like Gecko) Chrome/56.0.2924.87 Safari/537.36"
94.72.101.21 - - [02/Nov/2024:19:47:20 +0000] "GET /frontend/nextjs/prod/setup.py HTTP/1.1" 404 564 "-" "Mozilla/5.0 (Macintosh; Intel Mac OS X 10_12_3) AppleWebKit/537.36 (KHTML, like Gecko) Chrome/56.0.2924.87 Safari/537.36"
94.72.101.21 - - [02/Nov/2024:19:47:20 +0000] "GET /secrets/v2/schema.sql HTTP/1.1" 404 564 "-" "Mozilla/5.0 (Macintosh; Intel Mac OS X 10_12_3) AppleWebKit/537.36 (KHTML, like Gecko) Chrome/56.0.2924.87 Safari/537.36"
94.72.101.21 - - [02/Nov/2024:19:47:20 +0000] "GET /integrations/twilio/dist/main.js HTTP/1.1" 404 564 "-" "Mozilla/5.0 (Macintosh; Intel Mac OS X 10_12_3) AppleWebKit/537.36 (KHTML, like Gecko) Chrome/56.0.2924.87 Safari/537.36"
94.72.101.21 - - [02/Nov/2024:19:47:21 +0000] "GET /backend/nestjs/dev/app.py HTTP/1.1" 404 564 "-" "Mozilla/5.0 (Macintosh; Intel Mac OS X 10_12_3) AppleWebKit/537.36 (KHTML, like Gecko) Chrome/56.0.2924.87 Safari/537.36"
94.72.101.21 - - [02/Nov/2024:19:47:21 +0000] "GET /audit/logs/v2/main.js HTTP/1.1" 404 564 "-" "Mozilla/5.0 (Macintosh; Intel Mac OS X 10_12_3) AppleWebKit/537.36 (KHTML, like Gecko) Chrome/56.0.2924.87 Safari/537.36"
94.72.101.21 - - [02/Nov/2024:19:47:21 +0000] "GET /documentation/architecture/prod/deployment.yaml HTTP/1.1" 404 564 "-" "Mozilla/5.0 (Macintosh; Intel Mac OS X 10_12_3) AppleWebKit/537.36 (KHTML, like Gecko) Chrome/56.0.2924.87 Safari/537.36"
94.72.101.21 - - [02/Nov/2024:19:47:21 +0000] "GET /backend/fastapi/prod/README.md HTTP/1.1" 404 564 "-" "Mozilla/5.0 (Macintosh; Intel Mac OS X 10_12_3) AppleWebKit/537.36 (KHTML, like Gecko) Chrome/56.0.2924.87 Safari/537.36"
94.72.101.21 - - [02/Nov/2024:19:47:21 +0000] "GET /k8s/src/service.yaml HTTP/1.1" 404 564 "-" "Mozilla/5.0 (Macintosh; Intel Mac OS X 10_12_3) AppleWebKit/537.36 (KHTML, like Gecko) Chrome/56.0.2924.87 Safari/537.36"
94.72.101.21 - - [02/Nov/2024:19:47:21 +0000] "GET /backend/express/src/index.js HTTP/1.1" 404 564 "-" "Mozilla/5.0 (Macintosh; Intel Mac OS X 10_12_3) AppleWebKit/537.36 (KHTML, like Gecko) Chrome/56.0.2924.87 Safari/537.36"
94.72.101.21 - - [02/Nov/2024:19:47:22 +0000] "GET /pipelines/dataflow/src/main.js HTTP/1.1" 404 564 "-" "Mozilla/5.0 (Macintosh; Intel Mac OS X 10_12_3) AppleWebKit/537.36 (KHTML, like Gecko) Chrome/56.0.2924.87 Safari/537.36"
94.72.101.21 - - [02/Nov/2024:19:47:22 +0000] "GET /audit/logs/dist/.env HTTP/1.1" 404 564 "-" "Mozilla/5.0 (Macintosh; Intel Mac OS X 10_12_3) AppleWebKit/537.36 (KHTML, like Gecko) Chrome/56.0.2924.87 Safari/537.36"
94.72.101.21 - - [02/Nov/2024:19:47:22 +0000] "GET /integrations/slack/dev/.env HTTP/1.1" 404 564 "-" "Mozilla/5.0 (Macintosh; Intel Mac OS X 10_12_3) AppleWebKit/537.36 (KHTML, like Gecko) Chrome/56.0.2924.87 Safari/537.36"
94.72.101.21 - - [02/Nov/2024:19:47:22 +0000] "GET /integrations/twilio/dev/secrets.env HTTP/1.1" 404 564 "-" "Mozilla/5.0 (Macintosh; Intel Mac OS X 10_12_3) AppleWebKit/537.36 (KHTML, like Gecko) Chrome/56.0.2924.87 Safari/537.36"
94.72.101.21 - - [02/Nov/2024:19:47:23 +0000] "GET /frontend/nextjs/dist/requirements.txt HTTP/1.1" 404 564 "-" "Mozilla/5.0 (Macintosh; Intel Mac OS X 10_12_3) AppleWebKit/537.36 (KHTML, like Gecko) Chrome/56.0.2924.87 Safari/537.36"
94.72.101.21 - - [02/Nov/2024:19:47:23 +0000] "GET /backend/fastapi/dev/deployment.yaml HTTP/1.1" 404 564 "-" "Mozilla/5.0 (Macintosh; Intel Mac OS X 10_12_3) AppleWebKit/537.36 (KHTML, like Gecko) Chrome/56.0.2924.87 Safari/537.36"
94.72.101.21 - - [02/Nov/2024:19:47:23 +0000] "GET /k8s/prod/config.json HTTP/1.1" 404 564 "-" "Mozilla/5.0 (Macintosh; Intel Mac OS X 10_12_3) AppleWebKit/537.36 (KHTML, like Gecko) Chrome/56.0.2924.87 Safari/537.36"
94.72.101.21 - - [02/Nov/2024:19:47:23 +0000] "GET /ml/models/v2/index.js HTTP/1.1" 404 564 "-" "Mozilla/5.0 (Macintosh; Intel Mac OS X 10_12_3) AppleWebKit/537.36 (KHTML, like Gecko) Chrome/56.0.2924.87 Safari/537.36"
94.72.101.21 - - [02/Nov/2024:19:47:24 +0000] "GET /compliance/reports/v1/setup.py HTTP/1.1" 404 564 "-" "Mozilla/5.0 (Macintosh; Intel Mac OS X 10_12_3) AppleWebKit/537.36 (KHTML, like Gecko) Chrome/56.0.2924.87 Safari/537.36"
94.72.101.21 - - [02/Nov/2024:19:47:24 +0000] "GET /backend/fastapi/v1/index.js HTTP/1.1" 404 564 "-" "Mozilla/5.0 (Macintosh; Intel Mac OS X 10_12_3) AppleWebKit/537.36 (KHTML, like Gecko) Chrome/56.0.2924.87 Safari/537.36"
94.72.101.21 - - [02/Nov/2024:19:47:24 +0000] "GET /frontend/nextjs/dev/app.py HTTP/1.1" 404 564 "-" "Mozilla/5.0 (Macintosh; Intel Mac OS X 10_12_3) AppleWebKit/537.36 (KHTML, like Gecko) Chrome/56.0.2924.87 Safari/537.36"
94.72.101.21 - - [02/Nov/2024:19:47:25 +0000] "GET /config/aws/src/Dockerfile HTTP/1.1" 404 564 "-" "Mozilla/5.0 (Macintosh; Intel Mac OS X 10_12_3) AppleWebKit/537.36 (KHTML, like Gecko) Chrome/56.0.2924.87 Safari/537.36"
94.72.101.21 - - [02/Nov/2024:19:47:25 +0000] "GET /documentation/architecture/v1/variables.tf HTTP/1.1" 404 564 "-" "Mozilla/5.0 (Macintosh; Intel Mac OS X 10_12_3) AppleWebKit/537.36 (KHTML, like Gecko) Chrome/56.0.2924.87 Safari/537.36"
94.72.101.21 - - [02/Nov/2024:19:47:25 +0000] "GET /secrets/prod/requirements.txt HTTP/1.1" 404 564 "-" "Mozilla/5.0 (Macintosh; Intel Mac OS X 10_12_3) AppleWebKit/537.36 (KHTML, like Gecko) Chrome/56.0.2924.87 Safari/537.36"
94.72.101.21 - - [02/Nov/2024:19:47:25 +0000] "GET /config/azure/v2/README.md HTTP/1.1" 404 564 "-" "Mozilla/5.0 (Macintosh; Intel Mac OS X 10_12_3) AppleWebKit/537.36 (KHTML, like Gecko) Chrome/56.0.2924.87 Safari/537.36"
94.72.101.21 - - [02/Nov/2024:19:47:25 +0000] "GET /security/vault/v1/variables.tf HTTP/1.1" 404 564 "-" "Mozilla/5.0 (Macintosh; Intel Mac OS X 10_12_3) AppleWebKit/537.36 (KHTML, like Gecko) Chrome/56.0.2924.87 Safari/537.36"
94.72.101.21 - - [02/Nov/2024:19:47:26 +0000] "GET /terraform/environments/prod/dev/config.json HTTP/1.1" 404 564 "-" "Mozilla/5.0 (Macintosh; Intel Mac OS X 10_12_3) AppleWebKit/537.36 (KHTML, like Gecko) Chrome/56.0.2924.87 Safari/537.36"
94.72.101.21 - - [02/Nov/2024:19:47:26 +0000] "GET /integrations/stripe/dist/Dockerfile HTTP/1.1" 404 564 "-" "Mozilla/5.0 (Macintosh; Intel Mac OS X 10_12_3) AppleWebKit/537.36 (KHTML, like Gecko) Chrome/56.0.2924.87 Safari/537.36"
94.72.101.21 - - [02/Nov/2024:19:47:26 +0000] "GET /frontend/vue-app/dev/secrets.env HTTP/1.1" 404 564 "-" "Mozilla/5.0 (Macintosh; Intel Mac OS X 10_12_3) AppleWebKit/537.36 (KHTML, like Gecko) Chrome/56.0.2924.87 Safari/537.36"
94.72.101.21 - - [02/Nov/2024:19:47:26 +0000] "GET /pipelines/dataflow/dev/swagger.json HTTP/1.1" 404 564 "-" "Mozilla/5.0 (Macintosh; Intel Mac OS X 10_12_3) AppleWebKit/537.36 (KHTML, like Gecko) Chrome/56.0.2924.87 Safari/537.36"
94.72.101.21 - - [02/Nov/2024:19:47:27 +0000] "GET /terraform/environments/prod/src/Dockerfile HTTP/1.1" 404 564 "-" "Mozilla/5.0 (Macintosh; Intel Mac OS X 10_12_3) AppleWebKit/537.36 (KHTML, like Gecko) Chrome/56.0.2924.87 Safari/537.36"
94.72.101.21 - - [02/Nov/2024:19:47:27 +0000] "GET /config/aws/v2/policy.json HTTP/1.1" 404 564 "-" "Mozilla/5.0 (Macintosh; Intel Mac OS X 10_12_3) AppleWebKit/537.36 (KHTML, like Gecko) Chrome/56.0.2924.87 Safari/537.36"
94.72.101.21 - - [02/Nov/2024:19:47:27 +0000] "GET /backend/koa/src/requirements.txt HTTP/1.1" 404 564 "-" "Mozilla/5.0 (Macintosh; Intel Mac OS X 10_12_3) AppleWebKit/537.36 (KHTML, like Gecko) Chrome/56.0.2924.87 Safari/537.36"
94.72.101.21 - - [02/Nov/2024:19:47:27 +0000] "GET /pipelines/dataflow/v2/secrets.env HTTP/1.1" 404 564 "-" "Mozilla/5.0 (Macintosh; Intel Mac OS X 10_12_3) AppleWebKit/537.36 (KHTML, like Gecko) Chrome/56.0.2924.87 Safari/537.36"
185.191.126.248 - - [02/Nov/2024:19:47:27 +0000] "GET / HTTP/1.1" 200 612 "-" "-"
94.72.101.21 - - [02/Nov/2024:19:47:28 +0000] "GET /integrations/twilio/v2/policy.json HTTP/1.1" 404 564 "-" "Mozilla/5.0 (Macintosh; Intel Mac OS X 10_12_3) AppleWebKit/537.36 (KHTML, like Gecko) Chrome/56.0.2924.87 Safari/537.36"
94.72.101.21 - - [02/Nov/2024:19:47:28 +0000] "GET /integrations/twilio/dist/config.json HTTP/1.1" 404 564 "-" "Mozilla/5.0 (Macintosh; Intel Mac OS X 10_12_3) AppleWebKit/537.36 (KHTML, like Gecko) Chrome/56.0.2924.87 Safari/537.36"
94.72.101.21 - - [02/Nov/2024:19:47:28 +0000] "GET /config/aws/dist/setup.py HTTP/1.1" 404 564 "-" "Mozilla/5.0 (Macintosh; Intel Mac OS X 10_12_3) AppleWebKit/537.36 (KHTML, like Gecko) Chrome/56.0.2924.87 Safari/537.36"
94.72.101.21 - - [02/Nov/2024:19:47:29 +0000] "GET /frontend/react-app/dist/secrets.env HTTP/1.1" 404 564 "-" "Mozilla/5.0 (Macintosh; Intel Mac OS X 10_12_3) AppleWebKit/537.36 (KHTML, like Gecko) Chrome/56.0.2924.87 Safari/537.36"
94.72.101.21 - - [02/Nov/2024:19:47:29 +0000] "GET /secrets/src/setup.py HTTP/1.1" 404 564 "-" "Mozilla/5.0 (Macintosh; Intel Mac OS X 10_12_3) AppleWebKit/537.36 (KHTML, like Gecko) Chrome/56.0.2924.87 Safari/537.36"
94.72.101.21 - - [02/Nov/2024:19:47:29 +0000] "GET /integrations/twilio/v1/index.js HTTP/1.1" 404 564 "-" "Mozilla/5.0 (Macintosh; Intel Mac OS X 10_12_3) AppleWebKit/537.36 (KHTML, like Gecko) Chrome/56.0.2924.87 Safari/537.36"
94.72.101.21 - - [02/Nov/2024:19:47:29 +0000] "GET /audit/logs/v2/schema.sql HTTP/1.1" 404 564 "-" "Mozilla/5.0 (Macintosh; Intel Mac OS X 10_12_3) AppleWebKit/537.36 (KHTML, like Gecko) Chrome/56.0.2924.87 Safari/537.36"
94.72.101.21 - - [02/Nov/2024:19:47:29 +0000] "GET /ci-cd/github/dev/swagger.json HTTP/1.1" 404 564 "-" "Mozilla/5.0 (Macintosh; Intel Mac OS X 10_12_3) AppleWebKit/537.36 (KHTML, like Gecko) Chrome/56.0.2924.87 Safari/537.36"
94.72.101.21 - - [02/Nov/2024:19:47:29 +0000] "GET /config/azure/dist/requirements.txt HTTP/1.1" 404 564 "-" "Mozilla/5.0 (Macintosh; Intel Mac OS X 10_12_3) AppleWebKit/537.36 (KHTML, like Gecko) Chrome/56.0.2924.87 Safari/537.36"
94.72.101.21 - - [02/Nov/2024:19:47:30 +0000] "GET /backend/fastapi/dist/.env HTTP/1.1" 404 564 "-" "Mozilla/5.0 (Macintosh; Intel Mac OS X 10_12_3) AppleWebKit/537.36 (KHTML, like Gecko) Chrome/56.0.2924.87 Safari/537.36"
94.72.101.21 - - [02/Nov/2024:19:47:30 +0000] "GET /config/database/dist/secrets.env HTTP/1.1" 404 564 "-" "Mozilla/5.0 (Macintosh; Intel Mac OS X 10_12_3) AppleWebKit/537.36 (KHTML, like Gecko) Chrome/56.0.2924.87 Safari/537.36"
94.72.101.21 - - [02/Nov/2024:19:47:30 +0000] "GET /config/aws/dist/requirements.txt HTTP/1.1" 404 564 "-" "Mozilla/5.0 (Macintosh; Intel Mac OS X 10_12_3) AppleWebKit/537.36 (KHTML, like Gecko) Chrome/56.0.2924.87 Safari/537.36"
94.72.101.21 - - [02/Nov/2024:19:47:30 +0000] "GET /ml/models/prod/swagger.json HTTP/1.1" 404 564 "-" "Mozilla/5.0 (Macintosh; Intel Mac OS X 10_12_3) AppleWebKit/537.36 (KHTML, like Gecko) Chrome/56.0.2924.87 Safari/537.36"
94.72.101.21 - - [02/Nov/2024:19:47:30 +0000] "GET /integrations/stripe/v2/schema.sql HTTP/1.1" 404 564 "-" "Mozilla/5.0 (Macintosh; Intel Mac OS X 10_12_3) AppleWebKit/537.36 (KHTML, like Gecko) Chrome/56.0.2924.87 Safari/537.36"
94.72.101.21 - - [02/Nov/2024:19:47:31 +0000] "GET /backend/fastapi/prod/config.json HTTP/1.1" 404 564 "-" "Mozilla/5.0 (Macintosh; Intel Mac OS X 10_12_3) AppleWebKit/537.36 (KHTML, like Gecko) Chrome/56.0.2924.87 Safari/537.36"
94.72.101.21 - - [02/Nov/2024:19:47:31 +0000] "GET /compliance/reports/v2/secrets.env HTTP/1.1" 404 564 "-" "Mozilla/5.0 (Macintosh; Intel Mac OS X 10_12_3) AppleWebKit/537.36 (KHTML, like Gecko) Chrome/56.0.2924.87 Safari/537.36"
94.72.101.21 - - [02/Nov/2024:19:47:31 +0000] "GET /docs/api_v2/v1/Dockerfile HTTP/1.1" 404 564 "-" "Mozilla/5.0 (Macintosh; Intel Mac OS X 10_12_3) AppleWebKit/537.36 (KHTML, like Gecko) Chrome/56.0.2924.87 Safari/537.36"
94.72.101.21 - - [02/Nov/2024:19:47:32 +0000] "GET /ci-cd/gitlab/dist/policy.json HTTP/1.1" 404 564 "-" "Mozilla/5.0 (Macintosh; Intel Mac OS X 10_12_3) AppleWebKit/537.36 (KHTML, like Gecko) Chrome/56.0.2924.87 Safari/537.36"
94.72.101.21 - - [02/Nov/2024:19:47:32 +0000] "GET /data_sources/src/requirements.txt HTTP/1.1" 404 564 "-" "Mozilla/5.0 (Macintosh; Intel Mac OS X 10_12_3) AppleWebKit/537.36 (KHTML, like Gecko) Chrome/56.0.2924.87 Safari/537.36"
94.72.101.21 - - [02/Nov/2024:19:47:32 +0000] "GET /backend/koa/src/main.js HTTP/1.1" 404 564 "-" "Mozilla/5.0 (Macintosh; Intel Mac OS X 10_12_3) AppleWebKit/537.36 (KHTML, like Gecko) Chrome/56.0.2924.87 Safari/537.36"
94.72.101.21 - - [02/Nov/2024:19:47:32 +0000] "GET /data_sources/v2/index.js HTTP/1.1" 404 564 "-" "Mozilla/5.0 (Macintosh; Intel Mac OS X 10_12_3) AppleWebKit/537.36 (KHTML, like Gecko) Chrome/56.0.2924.87 Safari/537.36"
94.72.101.21 - - [02/Nov/2024:19:47:32 +0000] "GET /ci-cd/gitlab/v2/index.js HTTP/1.1" 404 564 "-" "Mozilla/5.0 (Macintosh; Intel Mac OS X 10_12_3) AppleWebKit/537.36 (KHTML, like Gecko) Chrome/56.0.2924.87 Safari/537.36"
94.72.101.21 - - [02/Nov/2024:19:47:33 +0000] "GET /backend/fastapi/dev/schema.sql HTTP/1.1" 404 564 "-" "Mozilla/5.0 (Macintosh; Intel Mac OS X 10_12_3) AppleWebKit/537.36 (KHTML, like Gecko) Chrome/56.0.2924.87 Safari/537.36"
94.72.101.21 - - [02/Nov/2024:19:47:33 +0000] "GET /microservices/payment-service/src/README.md HTTP/1.1" 404 564 "-" "Mozilla/5.0 (Macintosh; Intel Mac OS X 10_12_3) AppleWebKit/537.36 (KHTML, like Gecko) Chrome/56.0.2924.87 Safari/537.36"
94.72.101.21 - - [02/Nov/2024:19:47:33 +0000] "GET /integrations/slack/src/requirements.txt HTTP/1.1" 404 564 "-" "Mozilla/5.0 (Macintosh; Intel Mac OS X 10_12_3) AppleWebKit/537.36 (KHTML, like Gecko) Chrome/56.0.2924.87 Safari/537.36"
94.72.101.21 - - [02/Nov/2024:19:47:33 +0000] "GET /integrations/slack/v2/index.js HTTP/1.1" 404 564 "-" "Mozilla/5.0 (Macintosh; Intel Mac OS X 10_12_3) AppleWebKit/537.36 (KHTML, like Gecko) Chrome/56.0.2924.87 Safari/537.36"
94.72.101.21 - - [02/Nov/2024:19:47:33 +0000] "GET /config/azure/prod/config.json HTTP/1.1" 404 564 "-" "Mozilla/5.0 (Macintosh; Intel Mac OS X 10_12_3) AppleWebKit/537.36 (KHTML, like Gecko) Chrome/56.0.2924.87 Safari/537.36"
94.72.101.21 - - [02/Nov/2024:19:47:34 +0000] "GET /frontend/nextjs/prod/variables.tf HTTP/1.1" 404 564 "-" "Mozilla/5.0 (Macintosh; Intel Mac OS X 10_12_3) AppleWebKit/537.36 (KHTML, like Gecko) Chrome/56.0.2924.87 Safari/537.36"
94.72.101.21 - - [02/Nov/2024:19:47:34 +0000] "GET /k8s/prod/swagger.json HTTP/1.1" 404 564 "-" "Mozilla/5.0 (Macintosh; Intel Mac OS X 10_12_3) AppleWebKit/537.36 (KHTML, like Gecko) Chrome/56.0.2924.87 Safari/537.36"
94.72.101.21 - - [02/Nov/2024:19:47:34 +0000] "GET /docs/api_v2/v1/index.js HTTP/1.1" 404 564 "-" "Mozilla/5.0 (Macintosh; Intel Mac OS X 10_12_3) AppleWebKit/537.36 (KHTML, like Gecko) Chrome/56.0.2924.87 Safari/537.36"
94.72.101.21 - - [02/Nov/2024:19:47:34 +0000] "GET /backend/express/prod/deployment.yaml HTTP/1.1" 404 564 "-" "Mozilla/5.0 (Macintosh; Intel Mac OS X 10_12_3) AppleWebKit/537.36 (KHTML, like Gecko) Chrome/56.0.2924.87 Safari/537.36"
94.72.101.21 - - [02/Nov/2024:19:47:34 +0000] "GET /microservices/payment-service/dist/deployment.yaml HTTP/1.1" 404 564 "-" "Mozilla/5.0 (Macintosh; Intel Mac OS X 10_12_3) AppleWebKit/537.36 (KHTML, like Gecko) Chrome/56.0.2924.87 Safari/537.36"
94.72.101.21 - - [02/Nov/2024:19:47:34 +0000] "GET /config/azure/v1/config.json HTTP/1.1" 404 564 "-" "Mozilla/5.0 (Macintosh; Intel Mac OS X 10_12_3) AppleWebKit/537.36 (KHTML, like Gecko) Chrome/56.0.2924.87 Safari/537.36"
94.72.101.21 - - [02/Nov/2024:19:47:35 +0000] "GET /config/env/dist/README.md HTTP/1.1" 404 564 "-" "Mozilla/5.0 (Macintosh; Intel Mac OS X 10_12_3) AppleWebKit/537.36 (KHTML, like Gecko) Chrome/56.0.2924.87 Safari/537.36"
94.72.101.21 - - [02/Nov/2024:19:47:35 +0000] "GET /pipelines/dataflow/prod/swagger.json HTTP/1.1" 404 564 "-" "Mozilla/5.0 (Macintosh; Intel Mac OS X 10_12_3) AppleWebKit/537.36 (KHTML, like Gecko) Chrome/56.0.2924.87 Safari/537.36"
94.72.101.21 - - [02/Nov/2024:19:47:35 +0000] "GET /terraform/environments/prod/v2/setup.py HTTP/1.1" 404 564 "-" "Mozilla/5.0 (Macintosh; Intel Mac OS X 10_12_3) AppleWebKit/537.36 (KHTML, like Gecko) Chrome/56.0.2924.87 Safari/537.36"
94.72.101.21 - - [02/Nov/2024:19:47:35 +0000] "GET /backend/express/v2/config.json HTTP/1.1" 404 564 "-" "Mozilla/5.0 (Macintosh; Intel Mac OS X 10_12_3) AppleWebKit/537.36 (KHTML, like Gecko) Chrome/56.0.2924.87 Safari/537.36"
141.98.11.178 - - [02/Nov/2024:19:47:35 +0000] "GET / HTTP/1.1" 200 612 "-" "-"
94.72.101.21 - - [02/Nov/2024:19:47:35 +0000] "GET /secrets/src/main.js HTTP/1.1" 404 564 "-" "Mozilla/5.0 (Macintosh; Intel Mac OS X 10_12_3) AppleWebKit/537.36 (KHTML, like Gecko) Chrome/56.0.2924.87 Safari/537.36"
94.72.101.21 - - [02/Nov/2024:19:47:35 +0000] "GET /config/env/src/policy.json HTTP/1.1" 404 564 "-" "Mozilla/5.0 (Macintosh; Intel Mac OS X 10_12_3) AppleWebKit/537.36 (KHTML, like Gecko) Chrome/56.0.2924.87 Safari/537.36"
94.72.101.21 - - [02/Nov/2024:19:47:36 +0000] "GET /backend/express/dev/.env HTTP/1.1" 404 564 "-" "Mozilla/5.0 (Macintosh; Intel Mac OS X 10_12_3) AppleWebKit/537.36 (KHTML, like Gecko) Chrome/56.0.2924.87 Safari/537.36"
94.72.101.21 - - [02/Nov/2024:19:47:36 +0000] "GET /frontend/vue-app/v2/.env HTTP/1.1" 404 564 "-" "Mozilla/5.0 (Macintosh; Intel Mac OS X 10_12_3) AppleWebKit/537.36 (KHTML, like Gecko) Chrome/56.0.2924.87 Safari/537.36"
94.72.101.21 - - [02/Nov/2024:19:47:36 +0000] "GET /config/aws/dev/schema.sql HTTP/1.1" 404 564 "-" "Mozilla/5.0 (Macintosh; Intel Mac OS X 10_12_3) AppleWebKit/537.36 (KHTML, like Gecko) Chrome/56.0.2924.87 Safari/537.36"
94.72.101.21 - - [02/Nov/2024:19:47:36 +0000] "GET /backend/fastapi/dist/swagger.json HTTP/1.1" 404 564 "-" "Mozilla/5.0 (Macintosh; Intel Mac OS X 10_12_3) AppleWebKit/537.36 (KHTML, like Gecko) Chrome/56.0.2924.87 Safari/537.36"
94.72.101.21 - - [02/Nov/2024:19:47:36 +0000] "GET /k8s/dev/secrets.env HTTP/1.1" 404 564 "-" "Mozilla/5.0 (Macintosh; Intel Mac OS X 10_12_3) AppleWebKit/537.36 (KHTML, like Gecko) Chrome/56.0.2924.87 Safari/537.36"
94.72.101.21 - - [02/Nov/2024:19:47:37 +0000] "GET /frontend/vue-app/prod/config.json HTTP/1.1" 404 564 "-" "Mozilla/5.0 (Macintosh; Intel Mac OS X 10_12_3) AppleWebKit/537.36 (KHTML, like Gecko) Chrome/56.0.2924.87 Safari/537.36"
94.72.101.21 - - [02/Nov/2024:19:47:37 +0000] "GET /microservices/inventory/dev/.env HTTP/1.1" 404 564 "-" "Mozilla/5.0 (Macintosh; Intel Mac OS X 10_12_3) AppleWebKit/537.36 (KHTML, like Gecko) Chrome/56.0.2924.87 Safari/537.36"
94.72.101.21 - - [02/Nov/2024:19:47:37 +0000] "GET /integrations/slack/dist/variables.tf HTTP/1.1" 404 564 "-" "Mozilla/5.0 (Macintosh; Intel Mac OS X 10_12_3) AppleWebKit/537.36 (KHTML, like Gecko) Chrome/56.0.2924.87 Safari/537.36"
94.72.101.21 - - [02/Nov/2024:19:47:37 +0000] "GET /config/aws/dev/Dockerfile HTTP/1.1" 404 564 "-" "Mozilla/5.0 (Macintosh; Intel Mac OS X 10_12_3) AppleWebKit/537.36 (KHTML, like Gecko) Chrome/56.0.2924.87 Safari/537.36"
94.72.101.21 - - [02/Nov/2024:19:47:37 +0000] "GET /data_sources/v1/swagger.json HTTP/1.1" 404 564 "-" "Mozilla/5.0 (Macintosh; Intel Mac OS X 10_12_3) AppleWebKit/537.36 (KHTML, like Gecko) Chrome/56.0.2924.87 Safari/537.36"
94.72.101.21 - - [02/Nov/2024:19:47:37 +0000] "GET /frontend/vue-app/prod/setup.py HTTP/1.1" 404 564 "-" "Mozilla/5.0 (Macintosh; Intel Mac OS X 10_12_3) AppleWebKit/537.36 (KHTML, like Gecko) Chrome/56.0.2924.87 Safari/537.36"
94.72.101.21 - - [02/Nov/2024:19:47:38 +0000] "GET /terraform/environments/prod/v2/app.py HTTP/1.1" 404 564 "-" "Mozilla/5.0 (Macintosh; Intel Mac OS X 10_12_3) AppleWebKit/537.36 (KHTML, like Gecko) Chrome/56.0.2924.87 Safari/537.36"
94.72.101.21 - - [02/Nov/2024:19:47:38 +0000] "GET /integrations/twilio/dev/schema.sql HTTP/1.1" 404 564 "-" "Mozilla/5.0 (Macintosh; Intel Mac OS X 10_12_3) AppleWebKit/537.36 (KHTML, like Gecko) Chrome/56.0.2924.87 Safari/537.36"
94.72.101.21 - - [02/Nov/2024:19:47:38 +0000] "GET /compliance/reports/v2/requirements.txt HTTP/1.1" 404 564 "-" "Mozilla/5.0 (Macintosh; Intel Mac OS X 10_12_3) AppleWebKit/537.36 (KHTML, like Gecko) Chrome/56.0.2924.87 Safari/537.36"
94.72.101.21 - - [02/Nov/2024:19:47:38 +0000] "GET /backend/koa/dev/main.js HTTP/1.1" 404 564 "-" "Mozilla/5.0 (Macintosh; Intel Mac OS X 10_12_3) AppleWebKit/537.36 (KHTML, like Gecko) Chrome/56.0.2924.87 Safari/537.36"
94.72.101.21 - - [02/Nov/2024:19:47:39 +0000] "GET /data/etl_jobs/v1/swagger.json HTTP/1.1" 404 564 "-" "Mozilla/5.0 (Macintosh; Intel Mac OS X 10_12_3) AppleWebKit/537.36 (KHTML, like Gecko) Chrome/56.0.2924.87 Safari/537.36"
94.72.101.21 - - [02/Nov/2024:19:47:39 +0000] "GET /frontend/react-app/prod/README.md HTTP/1.1" 404 564 "-" "Mozilla/5.0 (Macintosh; Intel Mac OS X 10_12_3) AppleWebKit/537.36 (KHTML, like Gecko) Chrome/56.0.2924.87 Safari/537.36"
94.72.101.21 - - [02/Nov/2024:19:47:39 +0000] "GET /data/etl_jobs/v1/.env HTTP/1.1" 404 564 "-" "Mozilla/5.0 (Macintosh; Intel Mac OS X 10_12_3) AppleWebKit/537.36 (KHTML, like Gecko) Chrome/56.0.2924.87 Safari/537.36"
94.72.101.21 - - [02/Nov/2024:19:47:39 +0000] "GET /data_sources/dev/variables.tf HTTP/1.1" 404 564 "-" "Mozilla/5.0 (Macintosh; Intel Mac OS X 10_12_3) AppleWebKit/537.36 (KHTML, like Gecko) Chrome/56.0.2924.87 Safari/537.36"
94.72.101.21 - - [02/Nov/2024:19:47:39 +0000] "GET /audit/logs/dist/requirements.txt HTTP/1.1" 404 564 "-" "Mozilla/5.0 (Macintosh; Intel Mac OS X 10_12_3) AppleWebKit/537.36 (KHTML, like Gecko) Chrome/56.0.2924.87 Safari/537.36"
94.72.101.21 - - [02/Nov/2024:19:47:39 +0000] "GET /integrations/slack/dist/config.json HTTP/1.1" 404 564 "-" "Mozilla/5.0 (Macintosh; Intel Mac OS X 10_12_3) AppleWebKit/537.36 (KHTML, like Gecko) Chrome/56.0.2924.87 Safari/537.36"
94.72.101.21 - - [02/Nov/2024:19:47:40 +0000] "GET /integrations/slack/prod/swagger.json HTTP/1.1" 404 564 "-" "Mozilla/5.0 (Macintosh; Intel Mac OS X 10_12_3) AppleWebKit/537.36 (KHTML, like Gecko) Chrome/56.0.2924.87 Safari/537.36"
94.72.101.21 - - [02/Nov/2024:19:47:40 +0000] "GET /data/etl_jobs/prod/README.md HTTP/1.1" 404 564 "-" "Mozilla/5.0 (Macintosh; Intel Mac OS X 10_12_3) AppleWebKit/537.36 (KHTML, like Gecko) Chrome/56.0.2924.87 Safari/537.36"
94.72.101.21 - - [02/Nov/2024:19:47:40 +0000] "GET /frontend/react-app/dev/app.py HTTP/1.1" 404 564 "-" "Mozilla/5.0 (Macintosh; Intel Mac OS X 10_12_3) AppleWebKit/537.36 (KHTML, like Gecko) Chrome/56.0.2924.87 Safari/537.36"
94.72.101.21 - - [02/Nov/2024:19:47:40 +0000] "GET /backend/fastapi/v2/deployment.yaml HTTP/1.1" 404 564 "-" "Mozilla/5.0 (Macintosh; Intel Mac OS X 10_12_3) AppleWebKit/537.36 (KHTML, like Gecko) Chrome/56.0.2924.87 Safari/537.36"
94.72.101.21 - - [02/Nov/2024:19:47:41 +0000] "GET /compliance/reports/prod/deployment.yaml HTTP/1.1" 404 564 "-" "Mozilla/5.0 (Macintosh; Intel Mac OS X 10_12_3) AppleWebKit/537.36 (KHTML, like Gecko) Chrome/56.0.2924.87 Safari/537.36"
94.72.101.21 - - [02/Nov/2024:19:47:41 +0000] "GET /compliance/reports/dev/service.yaml HTTP/1.1" 404 564 "-" "Mozilla/5.0 (Macintosh; Intel Mac OS X 10_12_3) AppleWebKit/537.36 (KHTML, like Gecko) Chrome/56.0.2924.87 Safari/537.36"
94.72.101.21 - - [02/Nov/2024:19:47:41 +0000] "GET /backend/express/dist/service.yaml HTTP/1.1" 404 564 "-" "Mozilla/5.0 (Macintosh; Intel Mac OS X 10_12_3) AppleWebKit/537.36 (KHTML, like Gecko) Chrome/56.0.2924.87 Safari/537.36"
94.72.101.21 - - [02/Nov/2024:19:47:42 +0000] "GET /docs/api_v2/src/secrets.env HTTP/1.1" 404 564 "-" "Mozilla/5.0 (Macintosh; Intel Mac OS X 10_12_3) AppleWebKit/537.36 (KHTML, like Gecko) Chrome/56.0.2924.87 Safari/537.36"
94.72.101.21 - - [02/Nov/2024:19:47:42 +0000] "GET /audit/logs/prod/app.py HTTP/1.1" 404 564 "-" "Mozilla/5.0 (Macintosh; Intel Mac OS X 10_12_3) AppleWebKit/537.36 (KHTML, like Gecko) Chrome/56.0.2924.87 Safari/537.36"
94.72.101.21 - - [02/Nov/2024:19:47:42 +0000] "GET /docs/readme/dist/schema.sql HTTP/1.1" 404 564 "-" "Mozilla/5.0 (Macintosh; Intel Mac OS X 10_12_3) AppleWebKit/537.36 (KHTML, like Gecko) Chrome/56.0.2924.87 Safari/537.36"
94.72.101.21 - - [02/Nov/2024:19:47:42 +0000] "GET /microservices/user-service/prod/config.json HTTP/1.1" 404 564 "-" "Mozilla/5.0 (Macintosh; Intel Mac OS X 10_12_3) AppleWebKit/537.36 (KHTML, like Gecko) Chrome/56.0.2924.87 Safari/537.36"
94.72.101.21 - - [02/Nov/2024:19:47:42 +0000] "GET /k8s/prod/deployment.yaml HTTP/1.1" 404 564 "-" "Mozilla/5.0 (Macintosh; Intel Mac OS X 10_12_3) AppleWebKit/537.36 (KHTML, like Gecko) Chrome/56.0.2924.87 Safari/537.36"
94.72.101.21 - - [02/Nov/2024:19:47:43 +0000] "GET /config/azure/dev/variables.tf HTTP/1.1" 404 564 "-" "Mozilla/5.0 (Macintosh; Intel Mac OS X 10_12_3) AppleWebKit/537.36 (KHTML, like Gecko) Chrome/56.0.2924.87 Safari/537.36"
94.72.101.21 - - [02/Nov/2024:19:47:43 +0000] "GET /microservices/inventory/v2/variables.tf HTTP/1.1" 404 564 "-" "Mozilla/5.0 (Macintosh; Intel Mac OS X 10_12_3) AppleWebKit/537.36 (KHTML, like Gecko) Chrome/56.0.2924.87 Safari/537.36"
94.72.101.21 - - [02/Nov/2024:19:47:43 +0000] "GET /microservices/user-service/dist/config.json HTTP/1.1" 404 564 "-" "Mozilla/5.0 (Macintosh; Intel Mac OS X 10_12_3) AppleWebKit/537.36 (KHTML, like Gecko) Chrome/56.0.2924.87 Safari/537.36"
94.72.101.21 - - [02/Nov/2024:19:47:43 +0000] "GET /integrations/twilio/dist/.env HTTP/1.1" 404 564 "-" "Mozilla/5.0 (Macintosh; Intel Mac OS X 10_12_3) AppleWebKit/537.36 (KHTML, like Gecko) Chrome/56.0.2924.87 Safari/537.36"
94.72.101.21 - - [02/Nov/2024:19:47:44 +0000] "GET /integrations/stripe/src/swagger.json HTTP/1.1" 404 564 "-" "Mozilla/5.0 (Macintosh; Intel Mac OS X 10_12_3) AppleWebKit/537.36 (KHTML, like Gecko) Chrome/56.0.2924.87 Safari/537.36"
94.72.101.21 - - [02/Nov/2024:19:47:44 +0000] "GET /config/aws/prod/secrets.env HTTP/1.1" 404 564 "-" "Mozilla/5.0 (Macintosh; Intel Mac OS X 10_12_3) AppleWebKit/537.36 (KHTML, like Gecko) Chrome/56.0.2924.87 Safari/537.36"
94.72.101.21 - - [02/Nov/2024:19:47:44 +0000] "GET /pipelines/dataflow/dist/main.js HTTP/1.1" 404 564 "-" "Mozilla/5.0 (Macintosh; Intel Mac OS X 10_12_3) AppleWebKit/537.36 (KHTML, like Gecko) Chrome/56.0.2924.87 Safari/537.36"
94.72.101.21 - - [02/Nov/2024:19:47:44 +0000] "GET /integrations/stripe/src/requirements.txt HTTP/1.1" 404 564 "-" "Mozilla/5.0 (Macintosh; Intel Mac OS X 10_12_3) AppleWebKit/537.36 (KHTML, like Gecko) Chrome/56.0.2924.87 Safari/537.36"
94.72.101.21 - - [02/Nov/2024:19:47:44 +0000] "GET /config/azure/src/.env HTTP/1.1" 404 564 "-" "Mozilla/5.0 (Macintosh; Intel Mac OS X 10_12_3) AppleWebKit/537.36 (KHTML, like Gecko) Chrome/56.0.2924.87 Safari/537.36"
94.72.101.21 - - [02/Nov/2024:19:47:44 +0000] "GET /microservices/user-service/src/deployment.yaml HTTP/1.1" 404 564 "-" "Mozilla/5.0 (Macintosh; Intel Mac OS X 10_12_3) AppleWebKit/537.36 (KHTML, like Gecko) Chrome/56.0.2924.87 Safari/537.36"
94.72.101.21 - - [02/Nov/2024:19:47:45 +0000] "GET /docs/readme/src/requirements.txt HTTP/1.1" 404 564 "-" "Mozilla/5.0 (Macintosh; Intel Mac OS X 10_12_3) AppleWebKit/537.36 (KHTML, like Gecko) Chrome/56.0.2924.87 Safari/537.36"
94.72.101.21 - - [02/Nov/2024:19:47:45 +0000] "GET /security/vault/dev/service.yaml HTTP/1.1" 404 564 "-" "Mozilla/5.0 (Macintosh; Intel Mac OS X 10_12_3) AppleWebKit/537.36 (KHTML, like Gecko) Chrome/56.0.2924.87 Safari/537.36"
94.72.101.21 - - [02/Nov/2024:19:47:45 +0000] "GET /docs/api_v2/dev/schema.sql HTTP/1.1" 404 564 "-" "Mozilla/5.0 (Macintosh; Intel Mac OS X 10_12_3) AppleWebKit/537.36 (KHTML, like Gecko) Chrome/56.0.2924.87 Safari/537.36"
94.72.101.21 - - [02/Nov/2024:19:47:45 +0000] "GET /backend/express/dev/Dockerfile HTTP/1.1" 404 564 "-" "Mozilla/5.0 (Macintosh; Intel Mac OS X 10_12_3) AppleWebKit/537.36 (KHTML, like Gecko) Chrome/56.0.2924.87 Safari/537.36"
94.72.101.21 - - [02/Nov/2024:19:47:46 +0000] "GET /microservices/inventory/prod/swagger.json HTTP/1.1" 404 564 "-" "Mozilla/5.0 (Macintosh; Intel Mac OS X 10_12_3) AppleWebKit/537.36 (KHTML, like Gecko) Chrome/56.0.2924.87 Safari/537.36"
94.72.101.21 - - [02/Nov/2024:19:47:46 +0000] "GET /documentation/architecture/dist/deployment.yaml HTTP/1.1" 404 564 "-" "Mozilla/5.0 (Macintosh; Intel Mac OS X 10_12_3) AppleWebKit/537.36 (KHTML, like Gecko) Chrome/56.0.2924.87 Safari/537.36"
94.72.101.21 - - [02/Nov/2024:19:47:46 +0000] "GET /config/azure/dev/deployment.yaml HTTP/1.1" 404 564 "-" "Mozilla/5.0 (Macintosh; Intel Mac OS X 10_12_3) AppleWebKit/537.36 (KHTML, like Gecko) Chrome/56.0.2924.87 Safari/537.36"
94.72.101.21 - - [02/Nov/2024:19:47:46 +0000] "GET /data/etl_jobs/dist/deployment.yaml HTTP/1.1" 404 564 "-" "Mozilla/5.0 (Macintosh; Intel Mac OS X 10_12_3) AppleWebKit/537.36 (KHTML, like Gecko) Chrome/56.0.2924.87 Safari/537.36"
94.72.101.21 - - [02/Nov/2024:19:47:47 +0000] "GET /data_sources/v1/secrets.env HTTP/1.1" 404 564 "-" "Mozilla/5.0 (Macintosh; Intel Mac OS X 10_12_3) AppleWebKit/537.36 (KHTML, like Gecko) Chrome/56.0.2924.87 Safari/537.36"
94.72.101.21 - - [02/Nov/2024:19:47:47 +0000] "GET /frontend/nextjs/v1/index.js HTTP/1.1" 404 564 "-" "Mozilla/5.0 (Macintosh; Intel Mac OS X 10_12_3) AppleWebKit/537.36 (KHTML, like Gecko) Chrome/56.0.2924.87 Safari/537.36"
94.72.101.21 - - [02/Nov/2024:19:47:48 +0000] "GET /docs/api_v2/v2/service.yaml HTTP/1.1" 404 564 "-" "Mozilla/5.0 (Macintosh; Intel Mac OS X 10_12_3) AppleWebKit/537.36 (KHTML, like Gecko) Chrome/56.0.2924.87 Safari/537.36"
94.72.101.21 - - [02/Nov/2024:19:47:48 +0000] "GET /microservices/user-service/v1/secrets.env HTTP/1.1" 404 564 "-" "Mozilla/5.0 (Macintosh; Intel Mac OS X 10_12_3) AppleWebKit/537.36 (KHTML, like Gecko) Chrome/56.0.2924.87 Safari/537.36"
94.72.101.21 - - [02/Nov/2024:19:47:48 +0000] "GET /backend/fastapi/v2/app.py HTTP/1.1" 404 564 "-" "Mozilla/5.0 (Macintosh; Intel Mac OS X 10_12_3) AppleWebKit/537.36 (KHTML, like Gecko) Chrome/56.0.2924.87 Safari/537.36"
94.72.101.21 - - [02/Nov/2024:19:47:48 +0000] "GET /secrets/dev/requirements.txt HTTP/1.1" 404 564 "-" "Mozilla/5.0 (Macintosh; Intel Mac OS X 10_12_3) AppleWebKit/537.36 (KHTML, like Gecko) Chrome/56.0.2924.87 Safari/537.36"
94.72.101.21 - - [02/Nov/2024:19:47:49 +0000] "GET /ci-cd/gitlab/dev/index.js HTTP/1.1" 404 564 "-" "Mozilla/5.0 (Macintosh; Intel Mac OS X 10_12_3) AppleWebKit/537.36 (KHTML, like Gecko) Chrome/56.0.2924.87 Safari/537.36"
94.72.101.21 - - [02/Nov/2024:19:47:49 +0000] "GET /pipelines/dataflow/src/.env HTTP/1.1" 404 564 "-" "Mozilla/5.0 (Macintosh; Intel Mac OS X 10_12_3) AppleWebKit/537.36 (KHTML, like Gecko) Chrome/56.0.2924.87 Safari/537.36"
94.72.101.21 - - [02/Nov/2024:19:47:50 +0000] "GET /frontend/react-app/v1/service.yaml HTTP/1.1" 404 564 "-" "Mozilla/5.0 (Macintosh; Intel Mac OS X 10_12_3) AppleWebKit/537.36 (KHTML, like Gecko) Chrome/56.0.2924.87 Safari/537.36"
94.72.101.21 - - [02/Nov/2024:19:47:50 +0000] "GET /audit/logs/prod/setup.py HTTP/1.1" 404 564 "-" "Mozilla/5.0 (Macintosh; Intel Mac OS X 10_12_3) AppleWebKit/537.36 (KHTML, like Gecko) Chrome/56.0.2924.87 Safari/537.36"
94.72.101.21 - - [02/Nov/2024:19:47:50 +0000] "GET /data_sources/prod/Dockerfile HTTP/1.1" 404 564 "-" "Mozilla/5.0 (Macintosh; Intel Mac OS X 10_12_3) AppleWebKit/537.36 (KHTML, like Gecko) Chrome/56.0.2924.87 Safari/537.36"
94.72.101.21 - - [02/Nov/2024:19:47:50 +0000] "GET /security/vault/dist/requirements.txt HTTP/1.1" 404 564 "-" "Mozilla/5.0 (Macintosh; Intel Mac OS X 10_12_3) AppleWebKit/537.36 (KHTML, like Gecko) Chrome/56.0.2924.87 Safari/537.36"
94.72.101.21 - - [02/Nov/2024:19:47:51 +0000] "GET /backend/express/src/deployment.yaml HTTP/1.1" 404 564 "-" "Mozilla/5.0 (Macintosh; Intel Mac OS X 10_12_3) AppleWebKit/537.36 (KHTML, like Gecko) Chrome/56.0.2924.87 Safari/537.36"
94.72.101.21 - - [02/Nov/2024:19:47:52 +0000] "GET /k8s/v1/README.md HTTP/1.1" 404 564 "-" "Mozilla/5.0 (Macintosh; Intel Mac OS X 10_12_3) AppleWebKit/537.36 (KHTML, like Gecko) Chrome/56.0.2924.87 Safari/537.36"
94.72.101.21 - - [02/Nov/2024:19:47:52 +0000] "GET /ci-cd/github/dev/.env HTTP/1.1" 404 564 "-" "Mozilla/5.0 (Macintosh; Intel Mac OS X 10_12_3) AppleWebKit/537.36 (KHTML, like Gecko) Chrome/56.0.2924.87 Safari/537.36"
94.72.101.21 - - [02/Nov/2024:19:47:52 +0000] "GET /integrations/slack/v2/swagger.json HTTP/1.1" 404 564 "-" "Mozilla/5.0 (Macintosh; Intel Mac OS X 10_12_3) AppleWebKit/537.36 (KHTML, like Gecko) Chrome/56.0.2924.87 Safari/537.36"
94.72.101.21 - - [02/Nov/2024:19:47:53 +0000] "GET /audit/logs/src/Dockerfile HTTP/1.1" 404 564 "-" "Mozilla/5.0 (Macintosh; Intel Mac OS X 10_12_3) AppleWebKit/537.36 (KHTML, like Gecko) Chrome/56.0.2924.87 Safari/537.36"
94.72.101.21 - - [02/Nov/2024:19:47:53 +0000] "GET /docs/readme/v1/config.json HTTP/1.1" 404 564 "-" "Mozilla/5.0 (Macintosh; Intel Mac OS X 10_12_3) AppleWebKit/537.36 (KHTML, like Gecko) Chrome/56.0.2924.87 Safari/537.36"
94.72.101.21 - - [02/Nov/2024:19:47:53 +0000] "GET /config/aws/v2/variables.tf HTTP/1.1" 404 564 "-" "Mozilla/5.0 (Macintosh; Intel Mac OS X 10_12_3) AppleWebKit/537.36 (KHTML, like Gecko) Chrome/56.0.2924.87 Safari/537.36"
94.72.101.21 - - [02/Nov/2024:19:47:53 +0000] "GET /ci-cd/github/dist/README.md HTTP/1.1" 404 564 "-" "Mozilla/5.0 (Macintosh; Intel Mac OS X 10_12_3) AppleWebKit/537.36 (KHTML, like Gecko) Chrome/56.0.2924.87 Safari/537.36"
94.72.101.21 - - [02/Nov/2024:19:47:53 +0000] "GET /terraform/environments/prod/dev/main.js HTTP/1.1" 404 564 "-" "Mozilla/5.0 (Macintosh; Intel Mac OS X 10_12_3) AppleWebKit/537.36 (KHTML, like Gecko) Chrome/56.0.2924.87 Safari/537.36"
94.72.101.21 - - [02/Nov/2024:19:47:54 +0000] "GET /integrations/twilio/dist/schema.sql HTTP/1.1" 404 564 "-" "Mozilla/5.0 (Macintosh; Intel Mac OS X 10_12_3) AppleWebKit/537.36 (KHTML, like Gecko) Chrome/56.0.2924.87 Safari/537.36"
94.72.101.21 - - [02/Nov/2024:19:47:54 +0000] "GET /integrations/slack/src/swagger.json HTTP/1.1" 404 564 "-" "Mozilla/5.0 (Macintosh; Intel Mac OS X 10_12_3) AppleWebKit/537.36 (KHTML, like Gecko) Chrome/56.0.2924.87 Safari/537.36"
94.72.101.21 - - [02/Nov/2024:19:47:54 +0000] "GET /backend/koa/dist/service.yaml HTTP/1.1" 404 564 "-" "Mozilla/5.0 (Macintosh; Intel Mac OS X 10_12_3) AppleWebKit/537.36 (KHTML, like Gecko) Chrome/56.0.2924.87 Safari/537.36"
94.72.101.21 - - [02/Nov/2024:19:47:54 +0000] "GET /backend/koa/src/setup.py HTTP/1.1" 404 564 "-" "Mozilla/5.0 (Macintosh; Intel Mac OS X 10_12_3) AppleWebKit/537.36 (KHTML, like Gecko) Chrome/56.0.2924.87 Safari/537.36"
94.72.101.21 - - [02/Nov/2024:19:47:55 +0000] "GET /ci-cd/github/src/variables.tf HTTP/1.1" 404 564 "-" "Mozilla/5.0 (Macintosh; Intel Mac OS X 10_12_3) AppleWebKit/537.36 (KHTML, like Gecko) Chrome/56.0.2924.87 Safari/537.36"
94.72.101.21 - - [02/Nov/2024:19:47:55 +0000] "GET /docs/api_v2/v1/.env HTTP/1.1" 404 564 "-" "Mozilla/5.0 (Macintosh; Intel Mac OS X 10_12_3) AppleWebKit/537.36 (KHTML, like Gecko) Chrome/56.0.2924.87 Safari/537.36"
94.72.101.21 - - [02/Nov/2024:19:47:55 +0000] "GET /microservices/inventory/v2/deployment.yaml HTTP/1.1" 404 564 "-" "Mozilla/5.0 (Macintosh; Intel Mac OS X 10_12_3) AppleWebKit/537.36 (KHTML, like Gecko) Chrome/56.0.2924.87 Safari/537.36"
94.72.101.21 - - [02/Nov/2024:19:47:55 +0000] "GET /audit/logs/v2/.env HTTP/1.1" 404 564 "-" "Mozilla/5.0 (Macintosh; Intel Mac OS X 10_12_3) AppleWebKit/537.36 (KHTML, like Gecko) Chrome/56.0.2924.87 Safari/537.36"
94.72.101.21 - - [02/Nov/2024:19:47:56 +0000] "GET /compliance/reports/dist/secrets.env HTTP/1.1" 404 564 "-" "Mozilla/5.0 (Macintosh; Intel Mac OS X 10_12_3) AppleWebKit/537.36 (KHTML, like Gecko) Chrome/56.0.2924.87 Safari/537.36"
94.72.101.21 - - [02/Nov/2024:19:47:56 +0000] "GET /backend/express/src/policy.json HTTP/1.1" 404 564 "-" "Mozilla/5.0 (Macintosh; Intel Mac OS X 10_12_3) AppleWebKit/537.36 (KHTML, like Gecko) Chrome/56.0.2924.87 Safari/537.36"
94.72.101.21 - - [02/Nov/2024:19:47:56 +0000] "GET /secrets/v1/index.js HTTP/1.1" 404 564 "-" "Mozilla/5.0 (Macintosh; Intel Mac OS X 10_12_3) AppleWebKit/537.36 (KHTML, like Gecko) Chrome/56.0.2924.87 Safari/537.36"
94.72.101.21 - - [02/Nov/2024:19:47:57 +0000] "GET /frontend/svelte-app/dist/policy.json HTTP/1.1" 404 564 "-" "Mozilla/5.0 (Macintosh; Intel Mac OS X 10_12_3) AppleWebKit/537.36 (KHTML, like Gecko) Chrome/56.0.2924.87 Safari/537.36"
94.72.101.21 - - [02/Nov/2024:19:47:57 +0000] "GET /integrations/stripe/v2/config.json HTTP/1.1" 404 564 "-" "Mozilla/5.0 (Macintosh; Intel Mac OS X 10_12_3) AppleWebKit/537.36 (KHTML, like Gecko) Chrome/56.0.2924.87 Safari/537.36"
94.72.101.21 - - [02/Nov/2024:19:47:57 +0000] "GET /integrations/twilio/v2/schema.sql HTTP/1.1" 404 564 "-" "Mozilla/5.0 (Macintosh; Intel Mac OS X 10_12_3) AppleWebKit/537.36 (KHTML, like Gecko) Chrome/56.0.2924.87 Safari/537.36"
94.72.101.21 - - [02/Nov/2024:19:47:58 +0000] "GET /docs/readme/dist/service.yaml HTTP/1.1" 404 564 "-" "Mozilla/5.0 (Macintosh; Intel Mac OS X 10_12_3) AppleWebKit/537.36 (KHTML, like Gecko) Chrome/56.0.2924.87 Safari/537.36"
94.72.101.21 - - [02/Nov/2024:19:47:58 +0000] "GET /microservices/inventory/dist/app.py HTTP/1.1" 404 564 "-" "Mozilla/5.0 (Macintosh; Intel Mac OS X 10_12_3) AppleWebKit/537.36 (KHTML, like Gecko) Chrome/56.0.2924.87 Safari/537.36"
94.72.101.21 - - [02/Nov/2024:19:47:58 +0000] "GET /config/env/v2/deployment.yaml HTTP/1.1" 404 564 "-" "Mozilla/5.0 (Macintosh; Intel Mac OS X 10_12_3) AppleWebKit/537.36 (KHTML, like Gecko) Chrome/56.0.2924.87 Safari/537.36"
94.72.101.21 - - [02/Nov/2024:19:47:58 +0000] "GET /data_sources/prod/main.js HTTP/1.1" 404 564 "-" "Mozilla/5.0 (Macintosh; Intel Mac OS X 10_12_3) AppleWebKit/537.36 (KHTML, like Gecko) Chrome/56.0.2924.87 Safari/537.36"
94.72.101.21 - - [02/Nov/2024:19:47:58 +0000] "GET /config/env/prod/config.json HTTP/1.1" 404 564 "-" "Mozilla/5.0 (Macintosh; Intel Mac OS X 10_12_3) AppleWebKit/537.36 (KHTML, like Gecko) Chrome/56.0.2924.87 Safari/537.36"
94.72.101.21 - - [02/Nov/2024:19:47:58 +0000] "GET /config/aws/v1/service.yaml HTTP/1.1" 404 564 "-" "Mozilla/5.0 (Macintosh; Intel Mac OS X 10_12_3) AppleWebKit/537.36 (KHTML, like Gecko) Chrome/56.0.2924.87 Safari/537.36"
94.72.101.21 - - [02/Nov/2024:19:47:59 +0000] "GET /audit/logs/v1/variables.tf HTTP/1.1" 404 564 "-" "Mozilla/5.0 (Macintosh; Intel Mac OS X 10_12_3) AppleWebKit/537.36 (KHTML, like Gecko) Chrome/56.0.2924.87 Safari/537.36"
94.72.101.21 - - [02/Nov/2024:19:47:59 +0000] "GET /config/azure/src/service.yaml HTTP/1.1" 404 564 "-" "Mozilla/5.0 (Macintosh; Intel Mac OS X 10_12_3) AppleWebKit/537.36 (KHTML, like Gecko) Chrome/56.0.2924.87 Safari/537.36"
94.72.101.21 - - [02/Nov/2024:19:47:59 +0000] "GET /docs/api_v2/v1/app.py HTTP/1.1" 404 564 "-" "Mozilla/5.0 (Macintosh; Intel Mac OS X 10_12_3) AppleWebKit/537.36 (KHTML, like Gecko) Chrome/56.0.2924.87 Safari/537.36"
94.72.101.21 - - [02/Nov/2024:19:47:59 +0000] "GET /config/env/dev/schema.sql HTTP/1.1" 404 564 "-" "Mozilla/5.0 (Macintosh; Intel Mac OS X 10_12_3) AppleWebKit/537.36 (KHTML, like Gecko) Chrome/56.0.2924.87 Safari/537.36"
94.72.101.21 - - [02/Nov/2024:19:48:00 +0000] "GET /docs/api_v2/dist/swagger.json HTTP/1.1" 404 564 "-" "Mozilla/5.0 (Macintosh; Intel Mac OS X 10_12_3) AppleWebKit/537.36 (KHTML, like Gecko) Chrome/56.0.2924.87 Safari/537.36"
94.72.101.21 - - [02/Nov/2024:19:48:00 +0000] "GET /compliance/reports/src/index.js HTTP/1.1" 404 564 "-" "Mozilla/5.0 (Macintosh; Intel Mac OS X 10_12_3) AppleWebKit/537.36 (KHTML, like Gecko) Chrome/56.0.2924.87 Safari/537.36"
94.72.101.21 - - [02/Nov/2024:19:48:00 +0000] "GET /frontend/vue-app/prod/schema.sql HTTP/1.1" 404 564 "-" "Mozilla/5.0 (Macintosh; Intel Mac OS X 10_12_3) AppleWebKit/537.36 (KHTML, like Gecko) Chrome/56.0.2924.87 Safari/537.36"
94.72.101.21 - - [02/Nov/2024:19:48:00 +0000] "GET /ci-cd/gitlab/dev/policy.json HTTP/1.1" 404 564 "-" "Mozilla/5.0 (Macintosh; Intel Mac OS X 10_12_3) AppleWebKit/537.36 (KHTML, like Gecko) Chrome/56.0.2924.87 Safari/537.36"
94.72.101.21 - - [02/Nov/2024:19:48:00 +0000] "GET /config/database/v2/Dockerfile HTTP/1.1" 404 564 "-" "Mozilla/5.0 (Macintosh; Intel Mac OS X 10_12_3) AppleWebKit/537.36 (KHTML, like Gecko) Chrome/56.0.2924.87 Safari/537.36"
94.72.101.21 - - [02/Nov/2024:19:48:01 +0000] "GET /config/azure/prod/.env HTTP/1.1" 404 564 "-" "Mozilla/5.0 (Macintosh; Intel Mac OS X 10_12_3) AppleWebKit/537.36 (KHTML, like Gecko) Chrome/56.0.2924.87 Safari/537.36"
94.72.101.21 - - [02/Nov/2024:19:48:01 +0000] "GET /ci-cd/gitlab/prod/setup.py HTTP/1.1" 404 564 "-" "Mozilla/5.0 (Macintosh; Intel Mac OS X 10_12_3) AppleWebKit/537.36 (KHTML, like Gecko) Chrome/56.0.2924.87 Safari/537.36"
94.72.101.21 - - [02/Nov/2024:19:48:01 +0000] "GET /frontend/nextjs/dist/secrets.env HTTP/1.1" 404 564 "-" "Mozilla/5.0 (Macintosh; Intel Mac OS X 10_12_3) AppleWebKit/537.36 (KHTML, like Gecko) Chrome/56.0.2924.87 Safari/537.36"
94.72.101.21 - - [02/Nov/2024:19:48:01 +0000] "GET /data_sources/dist/index.js HTTP/1.1" 404 564 "-" "Mozilla/5.0 (Macintosh; Intel Mac OS X 10_12_3) AppleWebKit/537.36 (KHTML, like Gecko) Chrome/56.0.2924.87 Safari/537.36"
94.72.101.21 - - [02/Nov/2024:19:48:02 +0000] "GET /terraform/environments/prod/v2/secrets.env HTTP/1.1" 404 564 "-" "Mozilla/5.0 (Macintosh; Intel Mac OS X 10_12_3) AppleWebKit/537.36 (KHTML, like Gecko) Chrome/56.0.2924.87 Safari/537.36"
94.72.101.21 - - [02/Nov/2024:19:48:02 +0000] "GET /ci-cd/gitlab/v2/schema.sql HTTP/1.1" 404 564 "-" "Mozilla/5.0 (Macintosh; Intel Mac OS X 10_12_3) AppleWebKit/537.36 (KHTML, like Gecko) Chrome/56.0.2924.87 Safari/537.36"
94.72.101.21 - - [02/Nov/2024:19:48:02 +0000] "GET /data_sources/v2/schema.sql HTTP/1.1" 404 564 "-" "Mozilla/5.0 (Macintosh; Intel Mac OS X 10_12_3) AppleWebKit/537.36 (KHTML, like Gecko) Chrome/56.0.2924.87 Safari/537.36"
94.72.101.21 - - [02/Nov/2024:19:48:02 +0000] "GET /security/vault/v2/.env HTTP/1.1" 404 564 "-" "Mozilla/5.0 (Macintosh; Intel Mac OS X 10_12_3) AppleWebKit/537.36 (KHTML, like Gecko) Chrome/56.0.2924.87 Safari/537.36"
94.72.101.21 - - [02/Nov/2024:19:48:02 +0000] "GET /config/azure/prod/swagger.json HTTP/1.1" 404 564 "-" "Mozilla/5.0 (Macintosh; Intel Mac OS X 10_12_3) AppleWebKit/537.36 (KHTML, like Gecko) Chrome/56.0.2924.87 Safari/537.36"
94.72.101.21 - - [02/Nov/2024:19:48:03 +0000] "GET /pipelines/dataflow/dev/app.py HTTP/1.1" 404 564 "-" "Mozilla/5.0 (Macintosh; Intel Mac OS X 10_12_3) AppleWebKit/537.36 (KHTML, like Gecko) Chrome/56.0.2924.87 Safari/537.36"
94.72.101.21 - - [02/Nov/2024:19:48:03 +0000] "GET /ci-cd/github/dist/policy.json HTTP/1.1" 404 564 "-" "Mozilla/5.0 (Macintosh; Intel Mac OS X 10_12_3) AppleWebKit/537.36 (KHTML, like Gecko) Chrome/56.0.2924.87 Safari/537.36"
94.72.101.21 - - [02/Nov/2024:19:48:03 +0000] "GET /security/vault/dist/variables.tf HTTP/1.1" 404 564 "-" "Mozilla/5.0 (Macintosh; Intel Mac OS X 10_12_3) AppleWebKit/537.36 (KHTML, like Gecko) Chrome/56.0.2924.87 Safari/537.36"
94.72.101.21 - - [02/Nov/2024:19:48:03 +0000] "GET /microservices/payment-service/v2/index.js HTTP/1.1" 404 564 "-" "Mozilla/5.0 (Macintosh; Intel Mac OS X 10_12_3) AppleWebKit/537.36 (KHTML, like Gecko) Chrome/56.0.2924.87 Safari/537.36"
94.72.101.21 - - [02/Nov/2024:19:48:03 +0000] "GET /microservices/payment-service/v2/config.json HTTP/1.1" 404 564 "-" "Mozilla/5.0 (Macintosh; Intel Mac OS X 10_12_3) AppleWebKit/537.36 (KHTML, like Gecko) Chrome/56.0.2924.87 Safari/537.36"
94.72.101.21 - - [02/Nov/2024:19:48:03 +0000] "GET /config/aws/dist/Dockerfile HTTP/1.1" 404 564 "-" "Mozilla/5.0 (Macintosh; Intel Mac OS X 10_12_3) AppleWebKit/537.36 (KHTML, like Gecko) Chrome/56.0.2924.87 Safari/537.36"
94.72.101.21 - - [02/Nov/2024:19:48:04 +0000] "GET /integrations/twilio/v1/README.md HTTP/1.1" 404 564 "-" "Mozilla/5.0 (Macintosh; Intel Mac OS X 10_12_3) AppleWebKit/537.36 (KHTML, like Gecko) Chrome/56.0.2924.87 Safari/537.36"
94.72.101.21 - - [02/Nov/2024:19:48:05 +0000] "GET /backend/koa/prod/service.yaml HTTP/1.1" 404 564 "-" "Mozilla/5.0 (Macintosh; Intel Mac OS X 10_12_3) AppleWebKit/537.36 (KHTML, like Gecko) Chrome/56.0.2924.87 Safari/537.36"
94.72.101.21 - - [02/Nov/2024:19:48:05 +0000] "GET /ci-cd/gitlab/dist/service.yaml HTTP/1.1" 404 564 "-" "Mozilla/5.0 (Macintosh; Intel Mac OS X 10_12_3) AppleWebKit/537.36 (KHTML, like Gecko) Chrome/56.0.2924.87 Safari/537.36"
94.72.101.21 - - [02/Nov/2024:19:48:05 +0000] "GET /backend/nestjs/dev/variables.tf HTTP/1.1" 404 564 "-" "Mozilla/5.0 (Macintosh; Intel Mac OS X 10_12_3) AppleWebKit/537.36 (KHTML, like Gecko) Chrome/56.0.2924.87 Safari/537.36"
94.72.101.21 - - [02/Nov/2024:19:48:05 +0000] "GET /config/env/v2/variables.tf HTTP/1.1" 404 564 "-" "Mozilla/5.0 (Macintosh; Intel Mac OS X 10_12_3) AppleWebKit/537.36 (KHTML, like Gecko) Chrome/56.0.2924.87 Safari/537.36"
94.72.101.21 - - [02/Nov/2024:19:48:06 +0000] "GET /config/aws/v2/setup.py HTTP/1.1" 404 564 "-" "Mozilla/5.0 (Macintosh; Intel Mac OS X 10_12_3) AppleWebKit/537.36 (KHTML, like Gecko) Chrome/56.0.2924.87 Safari/537.36"
94.72.101.21 - - [02/Nov/2024:19:48:06 +0000] "GET /config/azure/dev/swagger.json HTTP/1.1" 404 564 "-" "Mozilla/5.0 (Macintosh; Intel Mac OS X 10_12_3) AppleWebKit/537.36 (KHTML, like Gecko) Chrome/56.0.2924.87 Safari/537.36"
94.72.101.21 - - [02/Nov/2024:19:48:06 +0000] "GET /microservices/user-service/dev/app.py HTTP/1.1" 404 564 "-" "Mozilla/5.0 (Macintosh; Intel Mac OS X 10_12_3) AppleWebKit/537.36 (KHTML, like Gecko) Chrome/56.0.2924.87 Safari/537.36"
94.72.101.21 - - [02/Nov/2024:19:48:06 +0000] "GET /docs/readme/prod/.env HTTP/1.1" 404 564 "-" "Mozilla/5.0 (Macintosh; Intel Mac OS X 10_12_3) AppleWebKit/537.36 (KHTML, like Gecko) Chrome/56.0.2924.87 Safari/537.36"
94.72.101.21 - - [02/Nov/2024:19:48:06 +0000] "GET /ci-cd/gitlab/prod/secrets.env HTTP/1.1" 404 564 "-" "Mozilla/5.0 (Macintosh; Intel Mac OS X 10_12_3) AppleWebKit/537.36 (KHTML, like Gecko) Chrome/56.0.2924.87 Safari/537.36"
94.72.101.21 - - [02/Nov/2024:19:48:06 +0000] "GET /microservices/inventory/dist/policy.json HTTP/1.1" 404 564 "-" "Mozilla/5.0 (Macintosh; Intel Mac OS X 10_12_3) AppleWebKit/537.36 (KHTML, like Gecko) Chrome/56.0.2924.87 Safari/537.36"
94.72.101.21 - - [02/Nov/2024:19:48:07 +0000] "GET /audit/logs/v1/README.md HTTP/1.1" 404 564 "-" "Mozilla/5.0 (Macintosh; Intel Mac OS X 10_12_3) AppleWebKit/537.36 (KHTML, like Gecko) Chrome/56.0.2924.87 Safari/537.36"
94.72.101.21 - - [02/Nov/2024:19:48:07 +0000] "GET /ci-cd/gitlab/v1/service.yaml HTTP/1.1" 404 564 "-" "Mozilla/5.0 (Macintosh; Intel Mac OS X 10_12_3) AppleWebKit/537.36 (KHTML, like Gecko) Chrome/56.0.2924.87 Safari/537.36"
94.72.101.21 - - [02/Nov/2024:19:48:07 +0000] "GET /backend/express/v2/setup.py HTTP/1.1" 404 564 "-" "Mozilla/5.0 (Macintosh; Intel Mac OS X 10_12_3) AppleWebKit/537.36 (KHTML, like Gecko) Chrome/56.0.2924.87 Safari/537.36"
94.72.101.21 - - [02/Nov/2024:19:48:07 +0000] "GET /security/vault/src/deployment.yaml HTTP/1.1" 404 564 "-" "Mozilla/5.0 (Macintosh; Intel Mac OS X 10_12_3) AppleWebKit/537.36 (KHTML, like Gecko) Chrome/56.0.2924.87 Safari/537.36"
94.72.101.21 - - [02/Nov/2024:19:48:07 +0000] "GET /pipelines/dataflow/dev/README.md HTTP/1.1" 404 564 "-" "Mozilla/5.0 (Macintosh; Intel Mac OS X 10_12_3) AppleWebKit/537.36 (KHTML, like Gecko) Chrome/56.0.2924.87 Safari/537.36"
94.72.101.21 - - [02/Nov/2024:19:48:08 +0000] "GET /docs/readme/src/setup.py HTTP/1.1" 404 564 "-" "Mozilla/5.0 (Macintosh; Intel Mac OS X 10_12_3) AppleWebKit/537.36 (KHTML, like Gecko) Chrome/56.0.2924.87 Safari/537.36"
94.72.101.21 - - [02/Nov/2024:19:48:09 +0000] "GET /config/azure/dist/config.json HTTP/1.1" 404 564 "-" "Mozilla/5.0 (Macintosh; Intel Mac OS X 10_12_3) AppleWebKit/537.36 (KHTML, like Gecko) Chrome/56.0.2924.87 Safari/537.36"
94.72.101.21 - - [02/Nov/2024:19:48:09 +0000] "GET /config/env/v1/app.py HTTP/1.1" 404 564 "-" "Mozilla/5.0 (Macintosh; Intel Mac OS X 10_12_3) AppleWebKit/537.36 (KHTML, like Gecko) Chrome/56.0.2924.87 Safari/537.36"
94.72.101.21 - - [02/Nov/2024:19:48:10 +0000] "GET /docs/readme/src/config.json HTTP/1.1" 404 564 "-" "Mozilla/5.0 (Macintosh; Intel Mac OS X 10_12_3) AppleWebKit/537.36 (KHTML, like Gecko) Chrome/56.0.2924.87 Safari/537.36"
94.72.101.21 - - [02/Nov/2024:19:48:10 +0000] "GET /ci-cd/github/dev/service.yaml HTTP/1.1" 404 564 "-" "Mozilla/5.0 (Macintosh; Intel Mac OS X 10_12_3) AppleWebKit/537.36 (KHTML, like Gecko) Chrome/56.0.2924.87 Safari/537.36"
94.72.101.21 - - [02/Nov/2024:19:48:10 +0000] "GET /ci-cd/github/v2/Dockerfile HTTP/1.1" 404 564 "-" "Mozilla/5.0 (Macintosh; Intel Mac OS X 10_12_3) AppleWebKit/537.36 (KHTML, like Gecko) Chrome/56.0.2924.87 Safari/537.36"
94.72.101.21 - - [02/Nov/2024:19:48:10 +0000] "GET /microservices/user-service/v1/requirements.txt HTTP/1.1" 404 564 "-" "Mozilla/5.0 (Macintosh; Intel Mac OS X 10_12_3) AppleWebKit/537.36 (KHTML, like Gecko) Chrome/56.0.2924.87 Safari/537.36"
94.72.101.21 - - [02/Nov/2024:19:48:11 +0000] "GET /documentation/architecture/v2/policy.json HTTP/1.1" 404 564 "-" "Mozilla/5.0 (Macintosh; Intel Mac OS X 10_12_3) AppleWebKit/537.36 (KHTML, like Gecko) Chrome/56.0.2924.87 Safari/537.36"
94.72.101.21 - - [02/Nov/2024:19:48:11 +0000] "GET /ci-cd/github/v1/main.js HTTP/1.1" 404 564 "-" "Mozilla/5.0 (Macintosh; Intel Mac OS X 10_12_3) AppleWebKit/537.36 (KHTML, like Gecko) Chrome/56.0.2924.87 Safari/537.36"
94.72.101.21 - - [02/Nov/2024:19:48:11 +0000] "GET /config/azure/prod/secrets.env HTTP/1.1" 404 564 "-" "Mozilla/5.0 (Macintosh; Intel Mac OS X 10_12_3) AppleWebKit/537.36 (KHTML, like Gecko) Chrome/56.0.2924.87 Safari/537.36"
94.72.101.21 - - [02/Nov/2024:19:48:11 +0000] "GET /compliance/reports/v1/config.json HTTP/1.1" 404 564 "-" "Mozilla/5.0 (Macintosh; Intel Mac OS X 10_12_3) AppleWebKit/537.36 (KHTML, like Gecko) Chrome/56.0.2924.87 Safari/537.36"
94.72.101.21 - - [02/Nov/2024:19:48:11 +0000] "GET /backend/express/prod/swagger.json HTTP/1.1" 404 564 "-" "Mozilla/5.0 (Macintosh; Intel Mac OS X 10_12_3) AppleWebKit/537.36 (KHTML, like Gecko) Chrome/56.0.2924.87 Safari/537.36"
94.72.101.21 - - [02/Nov/2024:19:48:12 +0000] "GET /audit/logs/v2/variables.tf HTTP/1.1" 404 564 "-" "Mozilla/5.0 (Macintosh; Intel Mac OS X 10_12_3) AppleWebKit/537.36 (KHTML, like Gecko) Chrome/56.0.2924.87 Safari/537.36"
94.72.101.21 - - [02/Nov/2024:19:48:12 +0000] "GET /k8s/src/variables.tf HTTP/1.1" 404 564 "-" "Mozilla/5.0 (Macintosh; Intel Mac OS X 10_12_3) AppleWebKit/537.36 (KHTML, like Gecko) Chrome/56.0.2924.87 Safari/537.36"
94.72.101.21 - - [02/Nov/2024:19:48:12 +0000] "GET /docs/readme/src/.env HTTP/1.1" 404 564 "-" "Mozilla/5.0 (Macintosh; Intel Mac OS X 10_12_3) AppleWebKit/537.36 (KHTML, like Gecko) Chrome/56.0.2924.87 Safari/537.36"
94.72.101.21 - - [02/Nov/2024:19:48:12 +0000] "GET /backend/nestjs/dev/index.js HTTP/1.1" 404 564 "-" "Mozilla/5.0 (Macintosh; Intel Mac OS X 10_12_3) AppleWebKit/537.36 (KHTML, like Gecko) Chrome/56.0.2924.87 Safari/537.36"
94.72.101.21 - - [02/Nov/2024:19:48:12 +0000] "GET /backend/koa/v1/README.md HTTP/1.1" 404 564 "-" "Mozilla/5.0 (Macintosh; Intel Mac OS X 10_12_3) AppleWebKit/537.36 (KHTML, like Gecko) Chrome/56.0.2924.87 Safari/537.36"
94.72.101.21 - - [02/Nov/2024:19:48:12 +0000] "GET /compliance/reports/dev/Dockerfile HTTP/1.1" 404 564 "-" "Mozilla/5.0 (Macintosh; Intel Mac OS X 10_12_3) AppleWebKit/537.36 (KHTML, like Gecko) Chrome/56.0.2924.87 Safari/537.36"
94.72.101.21 - - [02/Nov/2024:19:48:13 +0000] "GET /integrations/stripe/dist/app.py HTTP/1.1" 404 564 "-" "Mozilla/5.0 (Macintosh; Intel Mac OS X 10_12_3) AppleWebKit/537.36 (KHTML, like Gecko) Chrome/56.0.2924.87 Safari/537.36"
94.72.101.21 - - [02/Nov/2024:19:48:13 +0000] "GET /backend/express/v2/README.md HTTP/1.1" 404 564 "-" "Mozilla/5.0 (Macintosh; Intel Mac OS X 10_12_3) AppleWebKit/537.36 (KHTML, like Gecko) Chrome/56.0.2924.87 Safari/537.36"
94.72.101.21 - - [02/Nov/2024:19:48:13 +0000] "GET /config/azure/v2/index.js HTTP/1.1" 404 564 "-" "Mozilla/5.0 (Macintosh; Intel Mac OS X 10_12_3) AppleWebKit/537.36 (KHTML, like Gecko) Chrome/56.0.2924.87 Safari/537.36"
94.72.101.21 - - [02/Nov/2024:19:48:14 +0000] "GET /frontend/vue-app/src/main.js HTTP/1.1" 404 564 "-" "Mozilla/5.0 (Macintosh; Intel Mac OS X 10_12_3) AppleWebKit/537.36 (KHTML, like Gecko) Chrome/56.0.2924.87 Safari/537.36"
94.72.101.21 - - [02/Nov/2024:19:48:14 +0000] "GET /backend/fastapi/dev/Dockerfile HTTP/1.1" 404 564 "-" "Mozilla/5.0 (Macintosh; Intel Mac OS X 10_12_3) AppleWebKit/537.36 (KHTML, like Gecko) Chrome/56.0.2924.87 Safari/537.36"
94.72.101.21 - - [02/Nov/2024:19:48:14 +0000] "GET /backend/express/dev/secrets.env HTTP/1.1" 404 564 "-" "Mozilla/5.0 (Macintosh; Intel Mac OS X 10_12_3) AppleWebKit/537.36 (KHTML, like Gecko) Chrome/56.0.2924.87 Safari/537.36"
94.72.101.21 - - [02/Nov/2024:19:48:14 +0000] "GET /secrets/v1/secrets.env HTTP/1.1" 404 564 "-" "Mozilla/5.0 (Macintosh; Intel Mac OS X 10_12_3) AppleWebKit/537.36 (KHTML, like Gecko) Chrome/56.0.2924.87 Safari/537.36"
94.72.101.21 - - [02/Nov/2024:19:48:14 +0000] "GET /data/etl_jobs/dev/secrets.env HTTP/1.1" 404 564 "-" "Mozilla/5.0 (Macintosh; Intel Mac OS X 10_12_3) AppleWebKit/537.36 (KHTML, like Gecko) Chrome/56.0.2924.87 Safari/537.36"
94.72.101.21 - - [02/Nov/2024:19:48:15 +0000] "GET /secrets/v2/service.yaml HTTP/1.1" 404 564 "-" "Mozilla/5.0 (Macintosh; Intel Mac OS X 10_12_3) AppleWebKit/537.36 (KHTML, like Gecko) Chrome/56.0.2924.87 Safari/537.36"
94.72.101.21 - - [02/Nov/2024:19:48:15 +0000] "GET /ml/models/src/config.json HTTP/1.1" 404 564 "-" "Mozilla/5.0 (Macintosh; Intel Mac OS X 10_12_3) AppleWebKit/537.36 (KHTML, like Gecko) Chrome/56.0.2924.87 Safari/537.36"
94.72.101.21 - - [02/Nov/2024:19:48:15 +0000] "GET /config/env/src/README.md HTTP/1.1" 404 564 "-" "Mozilla/5.0 (Macintosh; Intel Mac OS X 10_12_3) AppleWebKit/537.36 (KHTML, like Gecko) Chrome/56.0.2924.87 Safari/537.36"
94.72.101.21 - - [02/Nov/2024:19:48:16 +0000] "GET /microservices/inventory/v1/.env HTTP/1.1" 404 564 "-" "Mozilla/5.0 (Macintosh; Intel Mac OS X 10_12_3) AppleWebKit/537.36 (KHTML, like Gecko) Chrome/56.0.2924.87 Safari/537.36"
94.72.101.21 - - [02/Nov/2024:19:48:16 +0000] "GET /backend/koa/prod/variables.tf HTTP/1.1" 404 564 "-" "Mozilla/5.0 (Macintosh; Intel Mac OS X 10_12_3) AppleWebKit/537.36 (KHTML, like Gecko) Chrome/56.0.2924.87 Safari/537.36"
94.72.101.21 - - [02/Nov/2024:19:48:16 +0000] "GET /config/env/v2/setup.py HTTP/1.1" 404 564 "-" "Mozilla/5.0 (Macintosh; Intel Mac OS X 10_12_3) AppleWebKit/537.36 (KHTML, like Gecko) Chrome/56.0.2924.87 Safari/537.36"
94.72.101.21 - - [02/Nov/2024:19:48:17 +0000] "GET /data/etl_jobs/v1/schema.sql HTTP/1.1" 404 564 "-" "Mozilla/5.0 (Macintosh; Intel Mac OS X 10_12_3) AppleWebKit/537.36 (KHTML, like Gecko) Chrome/56.0.2924.87 Safari/537.36"
94.72.101.21 - - [02/Nov/2024:19:48:17 +0000] "GET /frontend/react-app/prod/index.js HTTP/1.1" 404 564 "-" "Mozilla/5.0 (Macintosh; Intel Mac OS X 10_12_3) AppleWebKit/537.36 (KHTML, like Gecko) Chrome/56.0.2924.87 Safari/537.36"
94.72.101.21 - - [02/Nov/2024:19:48:17 +0000] "GET /integrations/twilio/src/index.js HTTP/1.1" 404 564 "-" "Mozilla/5.0 (Macintosh; Intel Mac OS X 10_12_3) AppleWebKit/537.36 (KHTML, like Gecko) Chrome/56.0.2924.87 Safari/537.36"
94.72.101.21 - - [02/Nov/2024:19:48:17 +0000] "GET /ml/models/src/Dockerfile HTTP/1.1" 404 564 "-" "Mozilla/5.0 (Macintosh; Intel Mac OS X 10_12_3) AppleWebKit/537.36 (KHTML, like Gecko) Chrome/56.0.2924.87 Safari/537.36"
94.72.101.21 - - [02/Nov/2024:19:48:17 +0000] "GET /pipelines/dataflow/prod/main.js HTTP/1.1" 404 564 "-" "Mozilla/5.0 (Macintosh; Intel Mac OS X 10_12_3) AppleWebKit/537.36 (KHTML, like Gecko) Chrome/56.0.2924.87 Safari/537.36"
94.72.101.21 - - [02/Nov/2024:19:48:17 +0000] "GET /config/database/dist/index.js HTTP/1.1" 404 564 "-" "Mozilla/5.0 (Macintosh; Intel Mac OS X 10_12_3) AppleWebKit/537.36 (KHTML, like Gecko) Chrome/56.0.2924.87 Safari/537.36"
94.72.101.21 - - [02/Nov/2024:19:48:18 +0000] "GET /data_sources/src/main.js HTTP/1.1" 404 564 "-" "Mozilla/5.0 (Macintosh; Intel Mac OS X 10_12_3) AppleWebKit/537.36 (KHTML, like Gecko) Chrome/56.0.2924.87 Safari/537.36"
94.72.101.21 - - [02/Nov/2024:19:48:19 +0000] "GET /config/aws/src/policy.json HTTP/1.1" 404 564 "-" "Mozilla/5.0 (Macintosh; Intel Mac OS X 10_12_3) AppleWebKit/537.36 (KHTML, like Gecko) Chrome/56.0.2924.87 Safari/537.36"
94.72.101.21 - - [02/Nov/2024:19:48:19 +0000] "GET /config/azure/prod/Dockerfile HTTP/1.1" 404 564 "-" "Mozilla/5.0 (Macintosh; Intel Mac OS X 10_12_3) AppleWebKit/537.36 (KHTML, like Gecko) Chrome/56.0.2924.87 Safari/537.36"
94.72.101.21 - - [02/Nov/2024:19:48:19 +0000] "GET /ml/models/v2/config.json HTTP/1.1" 404 564 "-" "Mozilla/5.0 (Macintosh; Intel Mac OS X 10_12_3) AppleWebKit/537.36 (KHTML, like Gecko) Chrome/56.0.2924.87 Safari/537.36"
94.72.101.21 - - [02/Nov/2024:19:48:19 +0000] "GET /config/env/dist/secrets.env HTTP/1.1" 404 564 "-" "Mozilla/5.0 (Macintosh; Intel Mac OS X 10_12_3) AppleWebKit/537.36 (KHTML, like Gecko) Chrome/56.0.2924.87 Safari/537.36"
94.72.101.21 - - [02/Nov/2024:19:48:19 +0000] "GET /integrations/stripe/v2/policy.json HTTP/1.1" 404 564 "-" "Mozilla/5.0 (Macintosh; Intel Mac OS X 10_12_3) AppleWebKit/537.36 (KHTML, like Gecko) Chrome/56.0.2924.87 Safari/537.36"
94.72.101.21 - - [02/Nov/2024:19:48:19 +0000] "GET /k8s/src/deployment.yaml HTTP/1.1" 404 564 "-" "Mozilla/5.0 (Macintosh; Intel Mac OS X 10_12_3) AppleWebKit/537.36 (KHTML, like Gecko) Chrome/56.0.2924.87 Safari/537.36"
94.72.101.21 - - [02/Nov/2024:19:48:20 +0000] "GET /k8s/v1/index.js HTTP/1.1" 404 564 "-" "Mozilla/5.0 (Macintosh; Intel Mac OS X 10_12_3) AppleWebKit/537.36 (KHTML, like Gecko) Chrome/56.0.2924.87 Safari/537.36"
94.72.101.21 - - [02/Nov/2024:19:48:20 +0000] "GET /ml/models/dev/.env HTTP/1.1" 404 564 "-" "Mozilla/5.0 (Macintosh; Intel Mac OS X 10_12_3) AppleWebKit/537.36 (KHTML, like Gecko) Chrome/56.0.2924.87 Safari/537.36"
94.72.101.21 - - [02/Nov/2024:19:48:20 +0000] "GET /microservices/user-service/dev/main.js HTTP/1.1" 404 564 "-" "Mozilla/5.0 (Macintosh; Intel Mac OS X 10_12_3) AppleWebKit/537.36 (KHTML, like Gecko) Chrome/56.0.2924.87 Safari/537.36"
94.72.101.21 - - [02/Nov/2024:19:48:20 +0000] "GET /integrations/twilio/v2/config.json HTTP/1.1" 404 564 "-" "Mozilla/5.0 (Macintosh; Intel Mac OS X 10_12_3) AppleWebKit/537.36 (KHTML, like Gecko) Chrome/56.0.2924.87 Safari/537.36"
94.72.101.21 - - [02/Nov/2024:19:48:20 +0000] "GET /microservices/user-service/prod/deployment.yaml HTTP/1.1" 404 564 "-" "Mozilla/5.0 (Macintosh; Intel Mac OS X 10_12_3) AppleWebKit/537.36 (KHTML, like Gecko) Chrome/56.0.2924.87 Safari/537.36"
94.72.101.21 - - [02/Nov/2024:19:48:21 +0000] "GET /frontend/svelte-app/prod/.env HTTP/1.1" 404 564 "-" "Mozilla/5.0 (Macintosh; Intel Mac OS X 10_12_3) AppleWebKit/537.36 (KHTML, like Gecko) Chrome/56.0.2924.87 Safari/537.36"
94.72.101.21 - - [02/Nov/2024:19:48:21 +0000] "GET /backend/fastapi/v2/config.json HTTP/1.1" 404 564 "-" "Mozilla/5.0 (Macintosh; Intel Mac OS X 10_12_3) AppleWebKit/537.36 (KHTML, like Gecko) Chrome/56.0.2924.87 Safari/537.36"
94.72.101.21 - - [02/Nov/2024:19:48:22 +0000] "GET /frontend/vue-app/v2/service.yaml HTTP/1.1" 404 564 "-" "Mozilla/5.0 (Macintosh; Intel Mac OS X 10_12_3) AppleWebKit/537.36 (KHTML, like Gecko) Chrome/56.0.2924.87 Safari/537.36"
94.72.101.21 - - [02/Nov/2024:19:48:22 +0000] "GET /ml/models/prod/index.js HTTP/1.1" 404 564 "-" "Mozilla/5.0 (Macintosh; Intel Mac OS X 10_12_3) AppleWebKit/537.36 (KHTML, like Gecko) Chrome/56.0.2924.87 Safari/537.36"
94.72.101.21 - - [02/Nov/2024:19:48:22 +0000] "GET /integrations/stripe/dev/main.js HTTP/1.1" 404 564 "-" "Mozilla/5.0 (Macintosh; Intel Mac OS X 10_12_3) AppleWebKit/537.36 (KHTML, like Gecko) Chrome/56.0.2924.87 Safari/537.36"
94.72.101.21 - - [02/Nov/2024:19:48:22 +0000] "GET /docs/readme/src/secrets.env HTTP/1.1" 404 564 "-" "Mozilla/5.0 (Macintosh; Intel Mac OS X 10_12_3) AppleWebKit/537.36 (KHTML, like Gecko) Chrome/56.0.2924.87 Safari/537.36"
94.72.101.21 - - [02/Nov/2024:19:48:22 +0000] "GET /frontend/nextjs/dist/setup.py HTTP/1.1" 404 564 "-" "Mozilla/5.0 (Macintosh; Intel Mac OS X 10_12_3) AppleWebKit/537.36 (KHTML, like Gecko) Chrome/56.0.2924.87 Safari/537.36"
94.72.101.21 - - [02/Nov/2024:19:48:22 +0000] "GET /audit/logs/dev/policy.json HTTP/1.1" 404 564 "-" "Mozilla/5.0 (Macintosh; Intel Mac OS X 10_12_3) AppleWebKit/537.36 (KHTML, like Gecko) Chrome/56.0.2924.87 Safari/537.36"
94.72.101.21 - - [02/Nov/2024:19:48:23 +0000] "GET /security/vault/dev/swagger.json HTTP/1.1" 404 564 "-" "Mozilla/5.0 (Macintosh; Intel Mac OS X 10_12_3) AppleWebKit/537.36 (KHTML, like Gecko) Chrome/56.0.2924.87 Safari/537.36"
94.72.101.21 - - [02/Nov/2024:19:48:23 +0000] "GET /docs/readme/dist/index.js HTTP/1.1" 404 564 "-" "Mozilla/5.0 (Macintosh; Intel Mac OS X 10_12_3) AppleWebKit/537.36 (KHTML, like Gecko) Chrome/56.0.2924.87 Safari/537.36"
94.72.101.21 - - [02/Nov/2024:19:48:23 +0000] "GET /data/etl_jobs/v1/Dockerfile HTTP/1.1" 404 564 "-" "Mozilla/5.0 (Macintosh; Intel Mac OS X 10_12_3) AppleWebKit/537.36 (KHTML, like Gecko) Chrome/56.0.2924.87 Safari/537.36"
94.72.101.21 - - [02/Nov/2024:19:48:24 +0000] "GET /config/aws/src/swagger.json HTTP/1.1" 404 564 "-" "Mozilla/5.0 (Macintosh; Intel Mac OS X 10_12_3) AppleWebKit/537.36 (KHTML, like Gecko) Chrome/56.0.2924.87 Safari/537.36"
94.72.101.21 - - [02/Nov/2024:19:48:24 +0000] "GET /frontend/nextjs/dist/policy.json HTTP/1.1" 404 564 "-" "Mozilla/5.0 (Macintosh; Intel Mac OS X 10_12_3) AppleWebKit/537.36 (KHTML, like Gecko) Chrome/56.0.2924.87 Safari/537.36"
94.72.101.21 - - [02/Nov/2024:19:48:24 +0000] "GET /data_sources/v2/setup.py HTTP/1.1" 404 564 "-" "Mozilla/5.0 (Macintosh; Intel Mac OS X 10_12_3) AppleWebKit/537.36 (KHTML, like Gecko) Chrome/56.0.2924.87 Safari/537.36"
94.72.101.21 - - [02/Nov/2024:19:48:24 +0000] "GET /microservices/payment-service/dev/policy.json HTTP/1.1" 404 564 "-" "Mozilla/5.0 (Macintosh; Intel Mac OS X 10_12_3) AppleWebKit/537.36 (KHTML, like Gecko) Chrome/56.0.2924.87 Safari/537.36"
94.72.101.21 - - [02/Nov/2024:19:48:24 +0000] "GET /integrations/twilio/v1/schema.sql HTTP/1.1" 404 564 "-" "Mozilla/5.0 (Macintosh; Intel Mac OS X 10_12_3) AppleWebKit/537.36 (KHTML, like Gecko) Chrome/56.0.2924.87 Safari/537.36"
94.72.101.21 - - [02/Nov/2024:19:48:25 +0000] "GET /config/database/dist/setup.py HTTP/1.1" 404 564 "-" "Mozilla/5.0 (Macintosh; Intel Mac OS X 10_12_3) AppleWebKit/537.36 (KHTML, like Gecko) Chrome/56.0.2924.87 Safari/537.36"
94.72.101.21 - - [02/Nov/2024:19:48:25 +0000] "GET /compliance/reports/v2/README.md HTTP/1.1" 404 564 "-" "Mozilla/5.0 (Macintosh; Intel Mac OS X 10_12_3) AppleWebKit/537.36 (KHTML, like Gecko) Chrome/56.0.2924.87 Safari/537.36"
94.72.101.21 - - [02/Nov/2024:19:48:25 +0000] "GET /compliance/reports/prod/index.js HTTP/1.1" 404 564 "-" "Mozilla/5.0 (Macintosh; Intel Mac OS X 10_12_3) AppleWebKit/537.36 (KHTML, like Gecko) Chrome/56.0.2924.87 Safari/537.36"
94.72.101.21 - - [02/Nov/2024:19:48:25 +0000] "GET /secrets/dist/config.json HTTP/1.1" 404 564 "-" "Mozilla/5.0 (Macintosh; Intel Mac OS X 10_12_3) AppleWebKit/537.36 (KHTML, like Gecko) Chrome/56.0.2924.87 Safari/537.36"
94.72.101.21 - - [02/Nov/2024:19:48:25 +0000] "GET /docs/readme/v1/swagger.json HTTP/1.1" 404 564 "-" "Mozilla/5.0 (Macintosh; Intel Mac OS X 10_12_3) AppleWebKit/537.36 (KHTML, like Gecko) Chrome/56.0.2924.87 Safari/537.36"
94.72.101.21 - - [02/Nov/2024:19:48:25 +0000] "GET /frontend/react-app/src/variables.tf HTTP/1.1" 404 564 "-" "Mozilla/5.0 (Macintosh; Intel Mac OS X 10_12_3) AppleWebKit/537.36 (KHTML, like Gecko) Chrome/56.0.2924.87 Safari/537.36"
94.72.101.21 - - [02/Nov/2024:19:48:26 +0000] "GET /integrations/stripe/v1/requirements.txt HTTP/1.1" 404 564 "-" "Mozilla/5.0 (Macintosh; Intel Mac OS X 10_12_3) AppleWebKit/537.36 (KHTML, like Gecko) Chrome/56.0.2924.87 Safari/537.36"
94.72.101.21 - - [02/Nov/2024:19:48:26 +0000] "GET /frontend/svelte-app/prod/main.js HTTP/1.1" 404 564 "-" "Mozilla/5.0 (Macintosh; Intel Mac OS X 10_12_3) AppleWebKit/537.36 (KHTML, like Gecko) Chrome/56.0.2924.87 Safari/537.36"
94.72.101.21 - - [02/Nov/2024:19:48:26 +0000] "GET /k8s/v2/deployment.yaml HTTP/1.1" 404 564 "-" "Mozilla/5.0 (Macintosh; Intel Mac OS X 10_12_3) AppleWebKit/537.36 (KHTML, like Gecko) Chrome/56.0.2924.87 Safari/537.36"
94.72.101.21 - - [02/Nov/2024:19:48:26 +0000] "GET /documentation/architecture/src/swagger.json HTTP/1.1" 404 564 "-" "Mozilla/5.0 (Macintosh; Intel Mac OS X 10_12_3) AppleWebKit/537.36 (KHTML, like Gecko) Chrome/56.0.2924.87 Safari/537.36"
94.72.101.21 - - [02/Nov/2024:19:48:27 +0000] "GET /docs/readme/v1/secrets.env HTTP/1.1" 404 564 "-" "Mozilla/5.0 (Macintosh; Intel Mac OS X 10_12_3) AppleWebKit/537.36 (KHTML, like Gecko) Chrome/56.0.2924.87 Safari/537.36"
94.72.101.21 - - [02/Nov/2024:19:48:27 +0000] "GET /microservices/inventory/v1/variables.tf HTTP/1.1" 404 564 "-" "Mozilla/5.0 (Macintosh; Intel Mac OS X 10_12_3) AppleWebKit/537.36 (KHTML, like Gecko) Chrome/56.0.2924.87 Safari/537.36"
94.72.101.21 - - [02/Nov/2024:19:48:27 +0000] "GET /frontend/nextjs/prod/main.js HTTP/1.1" 404 564 "-" "Mozilla/5.0 (Macintosh; Intel Mac OS X 10_12_3) AppleWebKit/537.36 (KHTML, like Gecko) Chrome/56.0.2924.87 Safari/537.36"
94.72.101.21 - - [02/Nov/2024:19:48:27 +0000] "GET /k8s/dist/app.py HTTP/1.1" 404 564 "-" "Mozilla/5.0 (Macintosh; Intel Mac OS X 10_12_3) AppleWebKit/537.36 (KHTML, like Gecko) Chrome/56.0.2924.87 Safari/537.36"
94.72.101.21 - - [02/Nov/2024:19:48:27 +0000] "GET /pipelines/dataflow/prod/README.md HTTP/1.1" 404 564 "-" "Mozilla/5.0 (Macintosh; Intel Mac OS X 10_12_3) AppleWebKit/537.36 (KHTML, like Gecko) Chrome/56.0.2924.87 Safari/537.36"
94.72.101.21 - - [02/Nov/2024:19:48:27 +0000] "GET /docs/readme/v1/schema.sql HTTP/1.1" 404 564 "-" "Mozilla/5.0 (Macintosh; Intel Mac OS X 10_12_3) AppleWebKit/537.36 (KHTML, like Gecko) Chrome/56.0.2924.87 Safari/537.36"
94.72.101.21 - - [02/Nov/2024:19:48:28 +0000] "GET /ml/models/src/policy.json HTTP/1.1" 404 564 "-" "Mozilla/5.0 (Macintosh; Intel Mac OS X 10_12_3) AppleWebKit/537.36 (KHTML, like Gecko) Chrome/56.0.2924.87 Safari/537.36"
94.72.101.21 - - [02/Nov/2024:19:48:28 +0000] "GET /config/env/v2/.env HTTP/1.1" 404 564 "-" "Mozilla/5.0 (Macintosh; Intel Mac OS X 10_12_3) AppleWebKit/537.36 (KHTML, like Gecko) Chrome/56.0.2924.87 Safari/537.36"
94.72.101.21 - - [02/Nov/2024:19:48:28 +0000] "GET /backend/express/src/swagger.json HTTP/1.1" 404 564 "-" "Mozilla/5.0 (Macintosh; Intel Mac OS X 10_12_3) AppleWebKit/537.36 (KHTML, like Gecko) Chrome/56.0.2924.87 Safari/537.36"
94.72.101.21 - - [02/Nov/2024:19:48:29 +0000] "GET /microservices/user-service/dist/requirements.txt HTTP/1.1" 404 564 "-" "Mozilla/5.0 (Macintosh; Intel Mac OS X 10_12_3) AppleWebKit/537.36 (KHTML, like Gecko) Chrome/56.0.2924.87 Safari/537.36"
94.72.101.21 - - [02/Nov/2024:19:48:29 +0000] "GET /integrations/slack/v1/index.js HTTP/1.1" 404 564 "-" "Mozilla/5.0 (Macintosh; Intel Mac OS X 10_12_3) AppleWebKit/537.36 (KHTML, like Gecko) Chrome/56.0.2924.87 Safari/537.36"
94.72.101.21 - - [02/Nov/2024:19:48:29 +0000] "GET /k8s/dev/schema.sql HTTP/1.1" 404 564 "-" "Mozilla/5.0 (Macintosh; Intel Mac OS X 10_12_3) AppleWebKit/537.36 (KHTML, like Gecko) Chrome/56.0.2924.87 Safari/537.36"
94.72.101.21 - - [02/Nov/2024:19:48:29 +0000] "GET /ci-cd/gitlab/dist/.env HTTP/1.1" 404 564 "-" "Mozilla/5.0 (Macintosh; Intel Mac OS X 10_12_3) AppleWebKit/537.36 (KHTML, like Gecko) Chrome/56.0.2924.87 Safari/537.36"
94.72.101.21 - - [02/Nov/2024:19:48:29 +0000] "GET /ml/models/v1/README.md HTTP/1.1" 404 564 "-" "Mozilla/5.0 (Macintosh; Intel Mac OS X 10_12_3) AppleWebKit/537.36 (KHTML, like Gecko) Chrome/56.0.2924.87 Safari/537.36"
94.72.101.21 - - [02/Nov/2024:19:48:29 +0000] "GET /docs/readme/prod/variables.tf HTTP/1.1" 404 564 "-" "Mozilla/5.0 (Macintosh; Intel Mac OS X 10_12_3) AppleWebKit/537.36 (KHTML, like Gecko) Chrome/56.0.2924.87 Safari/537.36"
94.72.101.21 - - [02/Nov/2024:19:48:30 +0000] "GET /ci-cd/github/src/requirements.txt HTTP/1.1" 404 564 "-" "Mozilla/5.0 (Macintosh; Intel Mac OS X 10_12_3) AppleWebKit/537.36 (KHTML, like Gecko) Chrome/56.0.2924.87 Safari/537.36"
94.72.101.21 - - [02/Nov/2024:19:48:30 +0000] "GET /integrations/slack/dev/Dockerfile HTTP/1.1" 404 564 "-" "Mozilla/5.0 (Macintosh; Intel Mac OS X 10_12_3) AppleWebKit/537.36 (KHTML, like Gecko) Chrome/56.0.2924.87 Safari/537.36"
94.72.101.21 - - [02/Nov/2024:19:48:30 +0000] "GET /config/azure/dev/schema.sql HTTP/1.1" 404 564 "-" "Mozilla/5.0 (Macintosh; Intel Mac OS X 10_12_3) AppleWebKit/537.36 (KHTML, like Gecko) Chrome/56.0.2924.87 Safari/537.36"
94.72.101.21 - - [02/Nov/2024:19:48:31 +0000] "GET /microservices/user-service/prod/app.py HTTP/1.1" 404 564 "-" "Mozilla/5.0 (Macintosh; Intel Mac OS X 10_12_3) AppleWebKit/537.36 (KHTML, like Gecko) Chrome/56.0.2924.87 Safari/537.36"
94.72.101.21 - - [02/Nov/2024:19:48:31 +0000] "GET /microservices/user-service/prod/variables.tf HTTP/1.1" 404 564 "-" "Mozilla/5.0 (Macintosh; Intel Mac OS X 10_12_3) AppleWebKit/537.36 (KHTML, like Gecko) Chrome/56.0.2924.87 Safari/537.36"
94.72.101.21 - - [02/Nov/2024:19:48:31 +0000] "GET /backend/nestjs/src/swagger.json HTTP/1.1" 404 564 "-" "Mozilla/5.0 (Macintosh; Intel Mac OS X 10_12_3) AppleWebKit/537.36 (KHTML, like Gecko) Chrome/56.0.2924.87 Safari/537.36"
94.72.101.21 - - [02/Nov/2024:19:48:31 +0000] "GET /documentation/architecture/dev/index.js HTTP/1.1" 404 564 "-" "Mozilla/5.0 (Macintosh; Intel Mac OS X 10_12_3) AppleWebKit/537.36 (KHTML, like Gecko) Chrome/56.0.2924.87 Safari/537.36"
94.72.101.21 - - [02/Nov/2024:19:48:31 +0000] "GET /secrets/v2/requirements.txt HTTP/1.1" 404 564 "-" "Mozilla/5.0 (Macintosh; Intel Mac OS X 10_12_3) AppleWebKit/537.36 (KHTML, like Gecko) Chrome/56.0.2924.87 Safari/537.36"
94.72.101.21 - - [02/Nov/2024:19:48:31 +0000] "GET /config/database/dev/README.md HTTP/1.1" 404 564 "-" "Mozilla/5.0 (Macintosh; Intel Mac OS X 10_12_3) AppleWebKit/537.36 (KHTML, like Gecko) Chrome/56.0.2924.87 Safari/537.36"
94.72.101.21 - - [02/Nov/2024:19:48:32 +0000] "GET /k8s/v2/secrets.env HTTP/1.1" 404 564 "-" "Mozilla/5.0 (Macintosh; Intel Mac OS X 10_12_3) AppleWebKit/537.36 (KHTML, like Gecko) Chrome/56.0.2924.87 Safari/537.36"
94.72.101.21 - - [02/Nov/2024:19:48:33 +0000] "GET /config/aws/v1/README.md HTTP/1.1" 404 564 "-" "Mozilla/5.0 (Macintosh; Intel Mac OS X 10_12_3) AppleWebKit/537.36 (KHTML, like Gecko) Chrome/56.0.2924.87 Safari/537.36"
94.72.101.21 - - [02/Nov/2024:19:48:33 +0000] "GET /backend/fastapi/v2/Dockerfile HTTP/1.1" 404 564 "-" "Mozilla/5.0 (Macintosh; Intel Mac OS X 10_12_3) AppleWebKit/537.36 (KHTML, like Gecko) Chrome/56.0.2924.87 Safari/537.36"
94.72.101.21 - - [02/Nov/2024:19:48:33 +0000] "GET /documentation/architecture/prod/variables.tf HTTP/1.1" 404 564 "-" "Mozilla/5.0 (Macintosh; Intel Mac OS X 10_12_3) AppleWebKit/537.36 (KHTML, like Gecko) Chrome/56.0.2924.87 Safari/537.36"
94.72.101.21 - - [02/Nov/2024:19:48:33 +0000] "GET /docs/readme/dev/app.py HTTP/1.1" 404 564 "-" "Mozilla/5.0 (Macintosh; Intel Mac OS X 10_12_3) AppleWebKit/537.36 (KHTML, like Gecko) Chrome/56.0.2924.87 Safari/537.36"
94.72.101.21 - - [02/Nov/2024:19:48:34 +0000] "GET /secrets/v2/policy.json HTTP/1.1" 404 564 "-" "Mozilla/5.0 (Macintosh; Intel Mac OS X 10_12_3) AppleWebKit/537.36 (KHTML, like Gecko) Chrome/56.0.2924.87 Safari/537.36"
94.72.101.21 - - [02/Nov/2024:19:48:34 +0000] "GET /docs/readme/dev/.env HTTP/1.1" 404 564 "-" "Mozilla/5.0 (Macintosh; Intel Mac OS X 10_12_3) AppleWebKit/537.36 (KHTML, like Gecko) Chrome/56.0.2924.87 Safari/537.36"
94.72.101.21 - - [02/Nov/2024:19:48:34 +0000] "GET /k8s/src/config.json HTTP/1.1" 404 564 "-" "Mozilla/5.0 (Macintosh; Intel Mac OS X 10_12_3) AppleWebKit/537.36 (KHTML, like Gecko) Chrome/56.0.2924.87 Safari/537.36"
94.72.101.21 - - [02/Nov/2024:19:48:34 +0000] "GET /secrets/v2/deployment.yaml HTTP/1.1" 404 564 "-" "Mozilla/5.0 (Macintosh; Intel Mac OS X 10_12_3) AppleWebKit/537.36 (KHTML, like Gecko) Chrome/56.0.2924.87 Safari/537.36"
94.72.101.21 - - [02/Nov/2024:19:48:35 +0000] "GET /ml/models/v1/app.py HTTP/1.1" 404 564 "-" "Mozilla/5.0 (Macintosh; Intel Mac OS X 10_12_3) AppleWebKit/537.36 (KHTML, like Gecko) Chrome/56.0.2924.87 Safari/537.36"
94.72.101.21 - - [02/Nov/2024:19:48:35 +0000] "GET /docs/readme/prod/app.py HTTP/1.1" 404 564 "-" "Mozilla/5.0 (Macintosh; Intel Mac OS X 10_12_3) AppleWebKit/537.36 (KHTML, like Gecko) Chrome/56.0.2924.87 Safari/537.36"
94.72.101.21 - - [02/Nov/2024:19:48:35 +0000] "GET /config/azure/v2/app.py HTTP/1.1" 404 564 "-" "Mozilla/5.0 (Macintosh; Intel Mac OS X 10_12_3) AppleWebKit/537.36 (KHTML, like Gecko) Chrome/56.0.2924.87 Safari/537.36"
94.72.101.21 - - [02/Nov/2024:19:48:35 +0000] "GET /integrations/stripe/src/secrets.env HTTP/1.1" 404 564 "-" "Mozilla/5.0 (Macintosh; Intel Mac OS X 10_12_3) AppleWebKit/537.36 (KHTML, like Gecko) Chrome/56.0.2924.87 Safari/537.36"
94.72.101.21 - - [02/Nov/2024:19:48:35 +0000] "GET /audit/logs/v1/.env HTTP/1.1" 404 564 "-" "Mozilla/5.0 (Macintosh; Intel Mac OS X 10_12_3) AppleWebKit/537.36 (KHTML, like Gecko) Chrome/56.0.2924.87 Safari/537.36"
94.72.101.21 - - [02/Nov/2024:19:48:36 +0000] "GET /documentation/architecture/v1/main.js HTTP/1.1" 404 564 "-" "Mozilla/5.0 (Macintosh; Intel Mac OS X 10_12_3) AppleWebKit/537.36 (KHTML, like Gecko) Chrome/56.0.2924.87 Safari/537.36"
94.72.101.21 - - [02/Nov/2024:19:48:36 +0000] "GET /backend/koa/prod/app.py HTTP/1.1" 404 564 "-" "Mozilla/5.0 (Macintosh; Intel Mac OS X 10_12_3) AppleWebKit/537.36 (KHTML, like Gecko) Chrome/56.0.2924.87 Safari/537.36"
94.72.101.21 - - [02/Nov/2024:19:48:36 +0000] "GET /config/env/v2/main.js HTTP/1.1" 404 564 "-" "Mozilla/5.0 (Macintosh; Intel Mac OS X 10_12_3) AppleWebKit/537.36 (KHTML, like Gecko) Chrome/56.0.2924.87 Safari/537.36"
94.72.101.21 - - [02/Nov/2024:19:48:36 +0000] "GET /documentation/architecture/dev/config.json HTTP/1.1" 404 564 "-" "Mozilla/5.0 (Macintosh; Intel Mac OS X 10_12_3) AppleWebKit/537.36 (KHTML, like Gecko) Chrome/56.0.2924.87 Safari/537.36"
94.72.101.21 - - [02/Nov/2024:19:48:37 +0000] "GET /backend/express/src/app.py HTTP/1.1" 404 564 "-" "Mozilla/5.0 (Macintosh; Intel Mac OS X 10_12_3) AppleWebKit/537.36 (KHTML, like Gecko) Chrome/56.0.2924.87 Safari/537.36"
94.72.101.21 - - [02/Nov/2024:19:48:37 +0000] "GET /pipelines/dataflow/v1/schema.sql HTTP/1.1" 404 564 "-" "Mozilla/5.0 (Macintosh; Intel Mac OS X 10_12_3) AppleWebKit/537.36 (KHTML, like Gecko) Chrome/56.0.2924.87 Safari/537.36"
94.72.101.21 - - [02/Nov/2024:19:48:38 +0000] "GET /data/etl_jobs/prod/.env HTTP/1.1" 404 564 "-" "Mozilla/5.0 (Macintosh; Intel Mac OS X 10_12_3) AppleWebKit/537.36 (KHTML, like Gecko) Chrome/56.0.2924.87 Safari/537.36"
94.72.101.21 - - [02/Nov/2024:19:48:38 +0000] "GET /frontend/vue-app/src/policy.json HTTP/1.1" 404 564 "-" "Mozilla/5.0 (Macintosh; Intel Mac OS X 10_12_3) AppleWebKit/537.36 (KHTML, like Gecko) Chrome/56.0.2924.87 Safari/537.36"
94.72.101.21 - - [02/Nov/2024:19:48:39 +0000] "GET /frontend/nextjs/src/policy.json HTTP/1.1" 404 564 "-" "Mozilla/5.0 (Macintosh; Intel Mac OS X 10_12_3) AppleWebKit/537.36 (KHTML, like Gecko) Chrome/56.0.2924.87 Safari/537.36"
94.72.101.21 - - [02/Nov/2024:19:48:39 +0000] "GET /secrets/v1/app.py HTTP/1.1" 404 564 "-" "Mozilla/5.0 (Macintosh; Intel Mac OS X 10_12_3) AppleWebKit/537.36 (KHTML, like Gecko) Chrome/56.0.2924.87 Safari/537.36"
94.72.101.21 - - [02/Nov/2024:19:48:39 +0000] "GET /frontend/svelte-app/dist/README.md HTTP/1.1" 404 564 "-" "Mozilla/5.0 (Macintosh; Intel Mac OS X 10_12_3) AppleWebKit/537.36 (KHTML, like Gecko) Chrome/56.0.2924.87 Safari/537.36"
94.72.101.21 - - [02/Nov/2024:19:48:40 +0000] "GET /k8s/dist/README.md HTTP/1.1" 404 564 "-" "Mozilla/5.0 (Macintosh; Intel Mac OS X 10_12_3) AppleWebKit/537.36 (KHTML, like Gecko) Chrome/56.0.2924.87 Safari/537.36"
94.72.101.21 - - [02/Nov/2024:19:48:40 +0000] "GET /frontend/svelte-app/v1/deployment.yaml HTTP/1.1" 404 564 "-" "Mozilla/5.0 (Macintosh; Intel Mac OS X 10_12_3) AppleWebKit/537.36 (KHTML, like Gecko) Chrome/56.0.2924.87 Safari/537.36"
94.72.101.21 - - [02/Nov/2024:19:48:40 +0000] "GET /microservices/payment-service/v2/secrets.env HTTP/1.1" 404 564 "-" "Mozilla/5.0 (Macintosh; Intel Mac OS X 10_12_3) AppleWebKit/537.36 (KHTML, like Gecko) Chrome/56.0.2924.87 Safari/537.36"
94.72.101.21 - - [02/Nov/2024:19:48:40 +0000] "GET /frontend/vue-app/v2/requirements.txt HTTP/1.1" 404 564 "-" "Mozilla/5.0 (Macintosh; Intel Mac OS X 10_12_3) AppleWebKit/537.36 (KHTML, like Gecko) Chrome/56.0.2924.87 Safari/537.36"
94.72.101.21 - - [02/Nov/2024:19:48:40 +0000] "GET /config/database/dev/swagger.json HTTP/1.1" 404 564 "-" "Mozilla/5.0 (Macintosh; Intel Mac OS X 10_12_3) AppleWebKit/537.36 (KHTML, like Gecko) Chrome/56.0.2924.87 Safari/537.36"
94.72.101.21 - - [02/Nov/2024:19:48:41 +0000] "GET /microservices/user-service/src/requirements.txt HTTP/1.1" 404 564 "-" "Mozilla/5.0 (Macintosh; Intel Mac OS X 10_12_3) AppleWebKit/537.36 (KHTML, like Gecko) Chrome/56.0.2924.87 Safari/537.36"
94.72.101.21 - - [02/Nov/2024:19:48:41 +0000] "GET /secrets/src/variables.tf HTTP/1.1" 404 564 "-" "Mozilla/5.0 (Macintosh; Intel Mac OS X 10_12_3) AppleWebKit/537.36 (KHTML, like Gecko) Chrome/56.0.2924.87 Safari/537.36"
94.72.101.21 - - [02/Nov/2024:19:48:41 +0000] "GET /audit/logs/v1/service.yaml HTTP/1.1" 404 564 "-" "Mozilla/5.0 (Macintosh; Intel Mac OS X 10_12_3) AppleWebKit/537.36 (KHTML, like Gecko) Chrome/56.0.2924.87 Safari/537.36"
94.72.101.21 - - [02/Nov/2024:19:48:41 +0000] "GET /frontend/react-app/dist/config.json HTTP/1.1" 404 564 "-" "Mozilla/5.0 (Macintosh; Intel Mac OS X 10_12_3) AppleWebKit/537.36 (KHTML, like Gecko) Chrome/56.0.2924.87 Safari/537.36"
94.72.101.21 - - [02/Nov/2024:19:48:41 +0000] "GET /microservices/user-service/v2/policy.json HTTP/1.1" 404 564 "-" "Mozilla/5.0 (Macintosh; Intel Mac OS X 10_12_3) AppleWebKit/537.36 (KHTML, like Gecko) Chrome/56.0.2924.87 Safari/537.36"
94.72.101.21 - - [02/Nov/2024:19:48:42 +0000] "GET /ci-cd/github/v1/service.yaml HTTP/1.1" 404 564 "-" "Mozilla/5.0 (Macintosh; Intel Mac OS X 10_12_3) AppleWebKit/537.36 (KHTML, like Gecko) Chrome/56.0.2924.87 Safari/537.36"
94.72.101.21 - - [02/Nov/2024:19:48:42 +0000] "GET /compliance/reports/src/Dockerfile HTTP/1.1" 404 564 "-" "Mozilla/5.0 (Macintosh; Intel Mac OS X 10_12_3) AppleWebKit/537.36 (KHTML, like Gecko) Chrome/56.0.2924.87 Safari/537.36"
94.72.101.21 - - [02/Nov/2024:19:48:43 +0000] "GET /backend/fastapi/dev/policy.json HTTP/1.1" 404 564 "-" "Mozilla/5.0 (Macintosh; Intel Mac OS X 10_12_3) AppleWebKit/537.36 (KHTML, like Gecko) Chrome/56.0.2924.87 Safari/537.36"
94.72.101.21 - - [02/Nov/2024:19:48:43 +0000] "GET /config/aws/dev/variables.tf HTTP/1.1" 404 564 "-" "Mozilla/5.0 (Macintosh; Intel Mac OS X 10_12_3) AppleWebKit/537.36 (KHTML, like Gecko) Chrome/56.0.2924.87 Safari/537.36"
94.72.101.21 - - [02/Nov/2024:19:48:43 +0000] "GET /terraform/environments/prod/dist/app.py HTTP/1.1" 404 564 "-" "Mozilla/5.0 (Macintosh; Intel Mac OS X 10_12_3) AppleWebKit/537.36 (KHTML, like Gecko) Chrome/56.0.2924.87 Safari/537.36"
94.72.101.21 - - [02/Nov/2024:19:48:43 +0000] "GET /microservices/user-service/prod/README.md HTTP/1.1" 404 564 "-" "Mozilla/5.0 (Macintosh; Intel Mac OS X 10_12_3) AppleWebKit/537.36 (KHTML, like Gecko) Chrome/56.0.2924.87 Safari/537.36"
94.72.101.21 - - [02/Nov/2024:19:48:43 +0000] "GET /frontend/nextjs/prod/.env HTTP/1.1" 404 564 "-" "Mozilla/5.0 (Macintosh; Intel Mac OS X 10_12_3) AppleWebKit/537.36 (KHTML, like Gecko) Chrome/56.0.2924.87 Safari/537.36"
94.72.101.21 - - [02/Nov/2024:19:48:43 +0000] "GET /terraform/environments/prod/dev/.env HTTP/1.1" 404 564 "-" "Mozilla/5.0 (Macintosh; Intel Mac OS X 10_12_3) AppleWebKit/537.36 (KHTML, like Gecko) Chrome/56.0.2924.87 Safari/537.36"
94.72.101.21 - - [02/Nov/2024:19:48:44 +0000] "GET /microservices/payment-service/dist/README.md HTTP/1.1" 404 564 "-" "Mozilla/5.0 (Macintosh; Intel Mac OS X 10_12_3) AppleWebKit/537.36 (KHTML, like Gecko) Chrome/56.0.2924.87 Safari/537.36"
94.72.101.21 - - [02/Nov/2024:19:48:44 +0000] "GET /frontend/vue-app/dev/service.yaml HTTP/1.1" 404 564 "-" "Mozilla/5.0 (Macintosh; Intel Mac OS X 10_12_3) AppleWebKit/537.36 (KHTML, like Gecko) Chrome/56.0.2924.87 Safari/537.36"
94.72.101.21 - - [02/Nov/2024:19:48:44 +0000] "GET /config/azure/v1/README.md HTTP/1.1" 404 564 "-" "Mozilla/5.0 (Macintosh; Intel Mac OS X 10_12_3) AppleWebKit/537.36 (KHTML, like Gecko) Chrome/56.0.2924.87 Safari/537.36"
94.72.101.21 - - [02/Nov/2024:19:48:44 +0000] "GET /frontend/react-app/dev/variables.tf HTTP/1.1" 404 564 "-" "Mozilla/5.0 (Macintosh; Intel Mac OS X 10_12_3) AppleWebKit/537.36 (KHTML, like Gecko) Chrome/56.0.2924.87 Safari/537.36"
94.72.101.21 - - [02/Nov/2024:19:48:45 +0000] "GET /ci-cd/gitlab/dist/index.js HTTP/1.1" 404 564 "-" "Mozilla/5.0 (Macintosh; Intel Mac OS X 10_12_3) AppleWebKit/537.36 (KHTML, like Gecko) Chrome/56.0.2924.87 Safari/537.36"
94.72.101.21 - - [02/Nov/2024:19:48:45 +0000] "GET /frontend/nextjs/src/service.yaml HTTP/1.1" 404 564 "-" "Mozilla/5.0 (Macintosh; Intel Mac OS X 10_12_3) AppleWebKit/537.36 (KHTML, like Gecko) Chrome/56.0.2924.87 Safari/537.36"
94.72.101.21 - - [02/Nov/2024:19:48:45 +0000] "GET /frontend/react-app/src/main.js HTTP/1.1" 404 564 "-" "Mozilla/5.0 (Macintosh; Intel Mac OS X 10_12_3) AppleWebKit/537.36 (KHTML, like Gecko) Chrome/56.0.2924.87 Safari/537.36"
94.72.101.21 - - [02/Nov/2024:19:48:45 +0000] "GET /terraform/environments/prod/dist/variables.tf HTTP/1.1" 404 564 "-" "Mozilla/5.0 (Macintosh; Intel Mac OS X 10_12_3) AppleWebKit/537.36 (KHTML, like Gecko) Chrome/56.0.2924.87 Safari/537.36"
94.72.101.21 - - [02/Nov/2024:19:48:45 +0000] "GET /terraform/environments/prod/v2/main.js HTTP/1.1" 404 564 "-" "Mozilla/5.0 (Macintosh; Intel Mac OS X 10_12_3) AppleWebKit/537.36 (KHTML, like Gecko) Chrome/56.0.2924.87 Safari/537.36"
94.72.101.21 - - [02/Nov/2024:19:48:46 +0000] "GET /frontend/svelte-app/dev/schema.sql HTTP/1.1" 404 564 "-" "Mozilla/5.0 (Macintosh; Intel Mac OS X 10_12_3) AppleWebKit/537.36 (KHTML, like Gecko) Chrome/56.0.2924.87 Safari/537.36"
94.72.101.21 - - [02/Nov/2024:19:48:46 +0000] "GET /backend/express/dev/app.py HTTP/1.1" 404 564 "-" "Mozilla/5.0 (Macintosh; Intel Mac OS X 10_12_3) AppleWebKit/537.36 (KHTML, like Gecko) Chrome/56.0.2924.87 Safari/537.36"
94.72.101.21 - - [02/Nov/2024:19:48:46 +0000] "GET /pipelines/dataflow/prod/.env HTTP/1.1" 404 564 "-" "Mozilla/5.0 (Macintosh; Intel Mac OS X 10_12_3) AppleWebKit/537.36 (KHTML, like Gecko) Chrome/56.0.2924.87 Safari/537.36"
94.72.101.21 - - [02/Nov/2024:19:48:46 +0000] "GET /compliance/reports/src/service.yaml HTTP/1.1" 404 564 "-" "Mozilla/5.0 (Macintosh; Intel Mac OS X 10_12_3) AppleWebKit/537.36 (KHTML, like Gecko) Chrome/56.0.2924.87 Safari/537.36"
94.72.101.21 - - [02/Nov/2024:19:48:47 +0000] "GET /security/vault/v1/requirements.txt HTTP/1.1" 404 564 "-" "Mozilla/5.0 (Macintosh; Intel Mac OS X 10_12_3) AppleWebKit/537.36 (KHTML, like Gecko) Chrome/56.0.2924.87 Safari/537.36"
94.72.101.21 - - [02/Nov/2024:19:48:47 +0000] "GET /microservices/inventory/v1/setup.py HTTP/1.1" 404 564 "-" "Mozilla/5.0 (Macintosh; Intel Mac OS X 10_12_3) AppleWebKit/537.36 (KHTML, like Gecko) Chrome/56.0.2924.87 Safari/537.36"
94.72.101.21 - - [02/Nov/2024:19:48:47 +0000] "GET /docs/api_v2/v1/config.json HTTP/1.1" 404 564 "-" "Mozilla/5.0 (Macintosh; Intel Mac OS X 10_12_3) AppleWebKit/537.36 (KHTML, like Gecko) Chrome/56.0.2924.87 Safari/537.36"
94.72.101.21 - - [02/Nov/2024:19:48:47 +0000] "GET /ml/models/v2/service.yaml HTTP/1.1" 404 564 "-" "Mozilla/5.0 (Macintosh; Intel Mac OS X 10_12_3) AppleWebKit/537.36 (KHTML, like Gecko) Chrome/56.0.2924.87 Safari/537.36"
94.72.101.21 - - [02/Nov/2024:19:48:47 +0000] "GET /frontend/svelte-app/prod/config.json HTTP/1.1" 404 564 "-" "Mozilla/5.0 (Macintosh; Intel Mac OS X 10_12_3) AppleWebKit/537.36 (KHTML, like Gecko) Chrome/56.0.2924.87 Safari/537.36"
94.72.101.21 - - [02/Nov/2024:19:48:48 +0000] "GET /security/vault/src/index.js HTTP/1.1" 404 564 "-" "Mozilla/5.0 (Macintosh; Intel Mac OS X 10_12_3) AppleWebKit/537.36 (KHTML, like Gecko) Chrome/56.0.2924.87 Safari/537.36"
94.72.101.21 - - [02/Nov/2024:19:48:48 +0000] "GET /frontend/svelte-app/v1/README.md HTTP/1.1" 404 564 "-" "Mozilla/5.0 (Macintosh; Intel Mac OS X 10_12_3) AppleWebKit/537.36 (KHTML, like Gecko) Chrome/56.0.2924.87 Safari/537.36"
94.72.101.21 - - [02/Nov/2024:19:48:48 +0000] "GET /secrets/dist/main.js HTTP/1.1" 404 564 "-" "Mozilla/5.0 (Macintosh; Intel Mac OS X 10_12_3) AppleWebKit/537.36 (KHTML, like Gecko) Chrome/56.0.2924.87 Safari/537.36"
94.72.101.21 - - [02/Nov/2024:19:48:49 +0000] "GET /microservices/inventory/prod/index.js HTTP/1.1" 404 564 "-" "Mozilla/5.0 (Macintosh; Intel Mac OS X 10_12_3) AppleWebKit/537.36 (KHTML, like Gecko) Chrome/56.0.2924.87 Safari/537.36"
94.72.101.21 - - [02/Nov/2024:19:48:49 +0000] "GET /config/env/dist/service.yaml HTTP/1.1" 404 564 "-" "Mozilla/5.0 (Macintosh; Intel Mac OS X 10_12_3) AppleWebKit/537.36 (KHTML, like Gecko) Chrome/56.0.2924.87 Safari/537.36"
94.72.101.21 - - [02/Nov/2024:19:48:49 +0000] "GET /documentation/architecture/prod/service.yaml HTTP/1.1" 404 564 "-" "Mozilla/5.0 (Macintosh; Intel Mac OS X 10_12_3) AppleWebKit/537.36 (KHTML, like Gecko) Chrome/56.0.2924.87 Safari/537.36"
94.72.101.21 - - [02/Nov/2024:19:48:50 +0000] "GET /terraform/environments/prod/v1/config.json HTTP/1.1" 404 564 "-" "Mozilla/5.0 (Macintosh; Intel Mac OS X 10_12_3) AppleWebKit/537.36 (KHTML, like Gecko) Chrome/56.0.2924.87 Safari/537.36"
94.72.101.21 - - [02/Nov/2024:19:48:50 +0000] "GET /terraform/environments/prod/v1/index.js HTTP/1.1" 404 564 "-" "Mozilla/5.0 (Macintosh; Intel Mac OS X 10_12_3) AppleWebKit/537.36 (KHTML, like Gecko) Chrome/56.0.2924.87 Safari/537.36"
94.72.101.21 - - [02/Nov/2024:19:48:50 +0000] "GET /docs/api_v2/dist/main.js HTTP/1.1" 404 564 "-" "Mozilla/5.0 (Macintosh; Intel Mac OS X 10_12_3) AppleWebKit/537.36 (KHTML, like Gecko) Chrome/56.0.2924.87 Safari/537.36"
94.72.101.21 - - [02/Nov/2024:19:48:50 +0000] "GET /ml/models/dev/config.json HTTP/1.1" 404 564 "-" "Mozilla/5.0 (Macintosh; Intel Mac OS X 10_12_3) AppleWebKit/537.36 (KHTML, like Gecko) Chrome/56.0.2924.87 Safari/537.36"
94.72.101.21 - - [02/Nov/2024:19:48:51 +0000] "GET /config/aws/dev/secrets.env HTTP/1.1" 404 564 "-" "Mozilla/5.0 (Macintosh; Intel Mac OS X 10_12_3) AppleWebKit/537.36 (KHTML, like Gecko) Chrome/56.0.2924.87 Safari/537.36"
94.72.101.21 - - [02/Nov/2024:19:48:51 +0000] "GET /secrets/dist/setup.py HTTP/1.1" 404 564 "-" "Mozilla/5.0 (Macintosh; Intel Mac OS X 10_12_3) AppleWebKit/537.36 (KHTML, like Gecko) Chrome/56.0.2924.87 Safari/537.36"
94.72.101.21 - - [02/Nov/2024:19:48:51 +0000] "GET /backend/nestjs/src/variables.tf HTTP/1.1" 404 564 "-" "Mozilla/5.0 (Macintosh; Intel Mac OS X 10_12_3) AppleWebKit/537.36 (KHTML, like Gecko) Chrome/56.0.2924.87 Safari/537.36"
94.72.101.21 - - [02/Nov/2024:19:48:51 +0000] "GET /audit/logs/dev/swagger.json HTTP/1.1" 404 564 "-" "Mozilla/5.0 (Macintosh; Intel Mac OS X 10_12_3) AppleWebKit/537.36 (KHTML, like Gecko) Chrome/56.0.2924.87 Safari/537.36"
94.72.101.21 - - [02/Nov/2024:19:48:52 +0000] "GET /microservices/inventory/dev/variables.tf HTTP/1.1" 404 564 "-" "Mozilla/5.0 (Macintosh; Intel Mac OS X 10_12_3) AppleWebKit/537.36 (KHTML, like Gecko) Chrome/56.0.2924.87 Safari/537.36"
94.72.101.21 - - [02/Nov/2024:19:48:52 +0000] "GET /ml/models/prod/schema.sql HTTP/1.1" 404 564 "-" "Mozilla/5.0 (Macintosh; Intel Mac OS X 10_12_3) AppleWebKit/537.36 (KHTML, like Gecko) Chrome/56.0.2924.87 Safari/537.36"
94.72.101.21 - - [02/Nov/2024:19:48:52 +0000] "GET /backend/koa/src/deployment.yaml HTTP/1.1" 404 564 "-" "Mozilla/5.0 (Macintosh; Intel Mac OS X 10_12_3) AppleWebKit/537.36 (KHTML, like Gecko) Chrome/56.0.2924.87 Safari/537.36"
94.72.101.21 - - [02/Nov/2024:19:48:52 +0000] "GET /k8s/v2/requirements.txt HTTP/1.1" 404 564 "-" "Mozilla/5.0 (Macintosh; Intel Mac OS X 10_12_3) AppleWebKit/537.36 (KHTML, like Gecko) Chrome/56.0.2924.87 Safari/537.36"
94.72.101.21 - - [02/Nov/2024:19:48:52 +0000] "GET /config/database/prod/main.js HTTP/1.1" 404 564 "-" "Mozilla/5.0 (Macintosh; Intel Mac OS X 10_12_3) AppleWebKit/537.36 (KHTML, like Gecko) Chrome/56.0.2924.87 Safari/537.36"
94.72.101.21 - - [02/Nov/2024:19:48:53 +0000] "GET /frontend/nextjs/src/app.py HTTP/1.1" 404 564 "-" "Mozilla/5.0 (Macintosh; Intel Mac OS X 10_12_3) AppleWebKit/537.36 (KHTML, like Gecko) Chrome/56.0.2924.87 Safari/537.36"
94.72.101.21 - - [02/Nov/2024:19:48:53 +0000] "GET /config/azure/dev/config.json HTTP/1.1" 404 564 "-" "Mozilla/5.0 (Macintosh; Intel Mac OS X 10_12_3) AppleWebKit/537.36 (KHTML, like Gecko) Chrome/56.0.2924.87 Safari/537.36"
94.72.101.21 - - [02/Nov/2024:19:48:53 +0000] "GET /config/env/dev/swagger.json HTTP/1.1" 404 564 "-" "Mozilla/5.0 (Macintosh; Intel Mac OS X 10_12_3) AppleWebKit/537.36 (KHTML, like Gecko) Chrome/56.0.2924.87 Safari/537.36"
94.72.101.21 - - [02/Nov/2024:19:48:53 +0000] "GET /microservices/inventory/v1/policy.json HTTP/1.1" 404 564 "-" "Mozilla/5.0 (Macintosh; Intel Mac OS X 10_12_3) AppleWebKit/537.36 (KHTML, like Gecko) Chrome/56.0.2924.87 Safari/537.36"
94.72.101.21 - - [02/Nov/2024:19:48:53 +0000] "GET /k8s/dev/Dockerfile HTTP/1.1" 404 564 "-" "Mozilla/5.0 (Macintosh; Intel Mac OS X 10_12_3) AppleWebKit/537.36 (KHTML, like Gecko) Chrome/56.0.2924.87 Safari/537.36"
94.72.101.21 - - [02/Nov/2024:19:48:53 +0000] "GET /backend/express/src/variables.tf HTTP/1.1" 404 564 "-" "Mozilla/5.0 (Macintosh; Intel Mac OS X 10_12_3) AppleWebKit/537.36 (KHTML, like Gecko) Chrome/56.0.2924.87 Safari/537.36"
94.72.101.21 - - [02/Nov/2024:19:48:54 +0000] "GET /ci-cd/github/v2/swagger.json HTTP/1.1" 404 564 "-" "Mozilla/5.0 (Macintosh; Intel Mac OS X 10_12_3) AppleWebKit/537.36 (KHTML, like Gecko) Chrome/56.0.2924.87 Safari/537.36"
94.72.101.21 - - [02/Nov/2024:19:48:54 +0000] "GET /backend/nestjs/dist/variables.tf HTTP/1.1" 404 564 "-" "Mozilla/5.0 (Macintosh; Intel Mac OS X 10_12_3) AppleWebKit/537.36 (KHTML, like Gecko) Chrome/56.0.2924.87 Safari/537.36"
94.72.101.21 - - [02/Nov/2024:19:48:54 +0000] "GET /docs/api_v2/dist/secrets.env HTTP/1.1" 404 564 "-" "Mozilla/5.0 (Macintosh; Intel Mac OS X 10_12_3) AppleWebKit/537.36 (KHTML, like Gecko) Chrome/56.0.2924.87 Safari/537.36"
94.72.101.21 - - [02/Nov/2024:19:48:54 +0000] "GET /integrations/stripe/dist/main.js HTTP/1.1" 404 564 "-" "Mozilla/5.0 (Macintosh; Intel Mac OS X 10_12_3) AppleWebKit/537.36 (KHTML, like Gecko) Chrome/56.0.2924.87 Safari/537.36"
94.72.101.21 - - [02/Nov/2024:19:48:54 +0000] "GET /docs/readme/v1/main.js HTTP/1.1" 404 564 "-" "Mozilla/5.0 (Macintosh; Intel Mac OS X 10_12_3) AppleWebKit/537.36 (KHTML, like Gecko) Chrome/56.0.2924.87 Safari/537.36"
94.72.101.21 - - [02/Nov/2024:19:48:55 +0000] "GET /ci-cd/gitlab/prod/service.yaml HTTP/1.1" 404 564 "-" "Mozilla/5.0 (Macintosh; Intel Mac OS X 10_12_3) AppleWebKit/537.36 (KHTML, like Gecko) Chrome/56.0.2924.87 Safari/537.36"
94.72.101.21 - - [02/Nov/2024:19:48:55 +0000] "GET /microservices/inventory/dist/Dockerfile HTTP/1.1" 404 564 "-" "Mozilla/5.0 (Macintosh; Intel Mac OS X 10_12_3) AppleWebKit/537.36 (KHTML, like Gecko) Chrome/56.0.2924.87 Safari/537.36"
94.72.101.21 - - [02/Nov/2024:19:48:56 +0000] "GET /compliance/reports/dist/variables.tf HTTP/1.1" 404 564 "-" "Mozilla/5.0 (Macintosh; Intel Mac OS X 10_12_3) AppleWebKit/537.36 (KHTML, like Gecko) Chrome/56.0.2924.87 Safari/537.36"
94.72.101.21 - - [02/Nov/2024:19:48:56 +0000] "GET /integrations/slack/dev/index.js HTTP/1.1" 404 564 "-" "Mozilla/5.0 (Macintosh; Intel Mac OS X 10_12_3) AppleWebKit/537.36 (KHTML, like Gecko) Chrome/56.0.2924.87 Safari/537.36"
94.72.101.21 - - [02/Nov/2024:19:48:56 +0000] "GET /k8s/prod/policy.json HTTP/1.1" 404 564 "-" "Mozilla/5.0 (Macintosh; Intel Mac OS X 10_12_3) AppleWebKit/537.36 (KHTML, like Gecko) Chrome/56.0.2924.87 Safari/537.36"
94.72.101.21 - - [02/Nov/2024:19:48:56 +0000] "GET /backend/express/dev/README.md HTTP/1.1" 404 564 "-" "Mozilla/5.0 (Macintosh; Intel Mac OS X 10_12_3) AppleWebKit/537.36 (KHTML, like Gecko) Chrome/56.0.2924.87 Safari/537.36"
94.72.101.21 - - [02/Nov/2024:19:48:57 +0000] "GET /integrations/twilio/dist/README.md HTTP/1.1" 404 564 "-" "Mozilla/5.0 (Macintosh; Intel Mac OS X 10_12_3) AppleWebKit/537.36 (KHTML, like Gecko) Chrome/56.0.2924.87 Safari/537.36"
94.72.101.21 - - [02/Nov/2024:19:48:57 +0000] "GET /microservices/inventory/dist/config.json HTTP/1.1" 404 564 "-" "Mozilla/5.0 (Macintosh; Intel Mac OS X 10_12_3) AppleWebKit/537.36 (KHTML, like Gecko) Chrome/56.0.2924.87 Safari/537.36"
94.72.101.21 - - [02/Nov/2024:19:48:57 +0000] "GET /audit/logs/src/config.json HTTP/1.1" 404 564 "-" "Mozilla/5.0 (Macintosh; Intel Mac OS X 10_12_3) AppleWebKit/537.36 (KHTML, like Gecko) Chrome/56.0.2924.87 Safari/537.36"
94.72.101.21 - - [02/Nov/2024:19:48:57 +0000] "GET /data_sources/src/index.js HTTP/1.1" 404 564 "-" "Mozilla/5.0 (Macintosh; Intel Mac OS X 10_12_3) AppleWebKit/537.36 (KHTML, like Gecko) Chrome/56.0.2924.87 Safari/537.36"
94.72.101.21 - - [02/Nov/2024:19:48:58 +0000] "GET /pipelines/dataflow/src/service.yaml HTTP/1.1" 404 564 "-" "Mozilla/5.0 (Macintosh; Intel Mac OS X 10_12_3) AppleWebKit/537.36 (KHTML, like Gecko) Chrome/56.0.2924.87 Safari/537.36"
94.72.101.21 - - [02/Nov/2024:19:48:58 +0000] "GET /terraform/environments/prod/src/main.js HTTP/1.1" 404 564 "-" "Mozilla/5.0 (Macintosh; Intel Mac OS X 10_12_3) AppleWebKit/537.36 (KHTML, like Gecko) Chrome/56.0.2924.87 Safari/537.36"
94.72.101.21 - - [02/Nov/2024:19:48:58 +0000] "GET /data_sources/v2/requirements.txt HTTP/1.1" 404 564 "-" "Mozilla/5.0 (Macintosh; Intel Mac OS X 10_12_3) AppleWebKit/537.36 (KHTML, like Gecko) Chrome/56.0.2924.87 Safari/537.36"
94.72.101.21 - - [02/Nov/2024:19:48:59 +0000] "GET /microservices/user-service/dist/variables.tf HTTP/1.1" 404 564 "-" "Mozilla/5.0 (Macintosh; Intel Mac OS X 10_12_3) AppleWebKit/537.36 (KHTML, like Gecko) Chrome/56.0.2924.87 Safari/537.36"
94.72.101.21 - - [02/Nov/2024:19:48:59 +0000] "GET /pipelines/dataflow/prod/Dockerfile HTTP/1.1" 404 564 "-" "Mozilla/5.0 (Macintosh; Intel Mac OS X 10_12_3) AppleWebKit/537.36 (KHTML, like Gecko) Chrome/56.0.2924.87 Safari/537.36"
94.72.101.21 - - [02/Nov/2024:19:48:59 +0000] "GET /data_sources/src/variables.tf HTTP/1.1" 404 564 "-" "Mozilla/5.0 (Macintosh; Intel Mac OS X 10_12_3) AppleWebKit/537.36 (KHTML, like Gecko) Chrome/56.0.2924.87 Safari/537.36"
94.72.101.21 - - [02/Nov/2024:19:48:59 +0000] "GET /microservices/user-service/dev/variables.tf HTTP/1.1" 404 564 "-" "Mozilla/5.0 (Macintosh; Intel Mac OS X 10_12_3) AppleWebKit/537.36 (KHTML, like Gecko) Chrome/56.0.2924.87 Safari/537.36"
94.72.101.21 - - [02/Nov/2024:19:48:59 +0000] "GET /ci-cd/gitlab/dev/setup.py HTTP/1.1" 404 564 "-" "Mozilla/5.0 (Macintosh; Intel Mac OS X 10_12_3) AppleWebKit/537.36 (KHTML, like Gecko) Chrome/56.0.2924.87 Safari/537.36"
94.72.101.21 - - [02/Nov/2024:19:49:00 +0000] "GET /data_sources/v1/deployment.yaml HTTP/1.1" 404 564 "-" "Mozilla/5.0 (Macintosh; Intel Mac OS X 10_12_3) AppleWebKit/537.36 (KHTML, like Gecko) Chrome/56.0.2924.87 Safari/537.36"
94.72.101.21 - - [02/Nov/2024:19:49:00 +0000] "GET /frontend/react-app/src/setup.py HTTP/1.1" 404 564 "-" "Mozilla/5.0 (Macintosh; Intel Mac OS X 10_12_3) AppleWebKit/537.36 (KHTML, like Gecko) Chrome/56.0.2924.87 Safari/537.36"
94.72.101.21 - - [02/Nov/2024:19:49:01 +0000] "GET /secrets/v2/index.js HTTP/1.1" 404 564 "-" "Mozilla/5.0 (Macintosh; Intel Mac OS X 10_12_3) AppleWebKit/537.36 (KHTML, like Gecko) Chrome/56.0.2924.87 Safari/537.36"
94.72.101.21 - - [02/Nov/2024:19:49:01 +0000] "GET /frontend/react-app/src/schema.sql HTTP/1.1" 404 564 "-" "Mozilla/5.0 (Macintosh; Intel Mac OS X 10_12_3) AppleWebKit/537.36 (KHTML, like Gecko) Chrome/56.0.2924.87 Safari/537.36"
94.72.101.21 - - [02/Nov/2024:19:49:01 +0000] "GET /audit/logs/src/policy.json HTTP/1.1" 404 564 "-" "Mozilla/5.0 (Macintosh; Intel Mac OS X 10_12_3) AppleWebKit/537.36 (KHTML, like Gecko) Chrome/56.0.2924.87 Safari/537.36"
94.72.101.21 - - [02/Nov/2024:19:49:01 +0000] "GET /frontend/nextjs/v1/app.py HTTP/1.1" 404 564 "-" "Mozilla/5.0 (Macintosh; Intel Mac OS X 10_12_3) AppleWebKit/537.36 (KHTML, like Gecko) Chrome/56.0.2924.87 Safari/537.36"
94.72.101.21 - - [02/Nov/2024:19:49:01 +0000] "GET /documentation/architecture/src/README.md HTTP/1.1" 404 564 "-" "Mozilla/5.0 (Macintosh; Intel Mac OS X 10_12_3) AppleWebKit/537.36 (KHTML, like Gecko) Chrome/56.0.2924.87 Safari/537.36"
94.72.101.21 - - [02/Nov/2024:19:49:01 +0000] "GET /security/vault/dev/Dockerfile HTTP/1.1" 404 564 "-" "Mozilla/5.0 (Macintosh; Intel Mac OS X 10_12_3) AppleWebKit/537.36 (KHTML, like Gecko) Chrome/56.0.2924.87 Safari/537.36"
94.72.101.21 - - [02/Nov/2024:19:49:02 +0000] "GET /security/vault/dist/README.md HTTP/1.1" 404 564 "-" "Mozilla/5.0 (Macintosh; Intel Mac OS X 10_12_3) AppleWebKit/537.36 (KHTML, like Gecko) Chrome/56.0.2924.87 Safari/537.36"
94.72.101.21 - - [02/Nov/2024:19:49:02 +0000] "GET /documentation/architecture/v2/README.md HTTP/1.1" 404 564 "-" "Mozilla/5.0 (Macintosh; Intel Mac OS X 10_12_3) AppleWebKit/537.36 (KHTML, like Gecko) Chrome/56.0.2924.87 Safari/537.36"
94.72.101.21 - - [02/Nov/2024:19:49:02 +0000] "GET /ci-cd/github/v1/Dockerfile HTTP/1.1" 404 564 "-" "Mozilla/5.0 (Macintosh; Intel Mac OS X 10_12_3) AppleWebKit/537.36 (KHTML, like Gecko) Chrome/56.0.2924.87 Safari/537.36"
94.72.101.21 - - [02/Nov/2024:19:49:02 +0000] "GET /documentation/architecture/src/schema.sql HTTP/1.1" 404 564 "-" "Mozilla/5.0 (Macintosh; Intel Mac OS X 10_12_3) AppleWebKit/537.36 (KHTML, like Gecko) Chrome/56.0.2924.87 Safari/537.36"
94.72.101.21 - - [02/Nov/2024:19:49:02 +0000] "GET /ci-cd/gitlab/v1/schema.sql HTTP/1.1" 404 564 "-" "Mozilla/5.0 (Macintosh; Intel Mac OS X 10_12_3) AppleWebKit/537.36 (KHTML, like Gecko) Chrome/56.0.2924.87 Safari/537.36"
94.72.101.21 - - [02/Nov/2024:19:49:03 +0000] "GET /backend/koa/dev/setup.py HTTP/1.1" 404 564 "-" "Mozilla/5.0 (Macintosh; Intel Mac OS X 10_12_3) AppleWebKit/537.36 (KHTML, like Gecko) Chrome/56.0.2924.87 Safari/537.36"
94.72.101.21 - - [02/Nov/2024:19:49:03 +0000] "GET /integrations/stripe/v1/.env HTTP/1.1" 404 564 "-" "Mozilla/5.0 (Macintosh; Intel Mac OS X 10_12_3) AppleWebKit/537.36 (KHTML, like Gecko) Chrome/56.0.2924.87 Safari/537.36"
94.72.101.21 - - [02/Nov/2024:19:49:04 +0000] "GET /config/database/v1/main.js HTTP/1.1" 404 564 "-" "Mozilla/5.0 (Macintosh; Intel Mac OS X 10_12_3) AppleWebKit/537.36 (KHTML, like Gecko) Chrome/56.0.2924.87 Safari/537.36"
94.72.101.21 - - [02/Nov/2024:19:49:04 +0000] "GET /audit/logs/dev/.env HTTP/1.1" 404 564 "-" "Mozilla/5.0 (Macintosh; Intel Mac OS X 10_12_3) AppleWebKit/537.36 (KHTML, like Gecko) Chrome/56.0.2924.87 Safari/537.36"
94.72.101.21 - - [02/Nov/2024:19:49:04 +0000] "GET /frontend/vue-app/src/variables.tf HTTP/1.1" 404 564 "-" "Mozilla/5.0 (Macintosh; Intel Mac OS X 10_12_3) AppleWebKit/537.36 (KHTML, like Gecko) Chrome/56.0.2924.87 Safari/537.36"
94.72.101.21 - - [02/Nov/2024:19:49:04 +0000] "GET /k8s/v2/variables.tf HTTP/1.1" 404 564 "-" "Mozilla/5.0 (Macintosh; Intel Mac OS X 10_12_3) AppleWebKit/537.36 (KHTML, like Gecko) Chrome/56.0.2924.87 Safari/537.36"
94.72.101.21 - - [02/Nov/2024:19:49:04 +0000] "GET /k8s/v1/deployment.yaml HTTP/1.1" 404 564 "-" "Mozilla/5.0 (Macintosh; Intel Mac OS X 10_12_3) AppleWebKit/537.36 (KHTML, like Gecko) Chrome/56.0.2924.87 Safari/537.36"
94.72.101.21 - - [02/Nov/2024:19:49:04 +0000] "GET /config/.env/v1/config.json HTTP/1.1" 404 564 "-" "Mozilla/5.0 (Macintosh; Intel Mac OS X 10_12_3) AppleWebKit/537.36 (KHTML, like Gecko) Chrome/56.0.2924.87 Safari/537.36"
94.72.101.21 - - [02/Nov/2024:19:49:05 +0000] "GET /config/.env/v1/.env HTTP/1.1" 404 564 "-" "Mozilla/5.0 (Macintosh; Intel Mac OS X 10_12_3) AppleWebKit/537.36 (KHTML, like Gecko) Chrome/56.0.2924.87 Safari/537.36"
94.72.101.21 - - [02/Nov/2024:19:49:06 +0000] "GET /config/.env/v1/secrets.yaml HTTP/1.1" 404 564 "-" "Mozilla/5.0 (Macintosh; Intel Mac OS X 10_12_3) AppleWebKit/537.36 (KHTML, like Gecko) Chrome/56.0.2924.87 Safari/537.36"
94.72.101.21 - - [02/Nov/2024:19:49:07 +0000] "GET /config/.env/v1/vars.tf HTTP/1.1" 404 564 "-" "Mozilla/5.0 (Macintosh; Intel Mac OS X 10_12_3) AppleWebKit/537.36 (KHTML, like Gecko) Chrome/56.0.2924.87 Safari/537.36"
94.72.101.21 - - [02/Nov/2024:19:49:07 +0000] "GET /config/.env/v1/credentials HTTP/1.1" 404 564 "-" "Mozilla/5.0 (Macintosh; Intel Mac OS X 10_12_3) AppleWebKit/537.36 (KHTML, like Gecko) Chrome/56.0.2924.87 Safari/537.36"
94.72.101.21 - - [02/Nov/2024:19:49:07 +0000] "GET /config/.env/v1/secrets.json HTTP/1.1" 404 564 "-" "Mozilla/5.0 (Macintosh; Intel Mac OS X 10_12_3) AppleWebKit/537.36 (KHTML, like Gecko) Chrome/56.0.2924.87 Safari/537.36"
94.72.101.21 - - [02/Nov/2024:19:49:07 +0000] "GET /config/.env/v1/keys.pem HTTP/1.1" 404 564 "-" "Mozilla/5.0 (Macintosh; Intel Mac OS X 10_12_3) AppleWebKit/537.36 (KHTML, like Gecko) Chrome/56.0.2924.87 Safari/537.36"
94.72.101.21 - - [02/Nov/2024:19:49:07 +0000] "GET /config/.env/v1/settings.ini HTTP/1.1" 404 564 "-" "Mozilla/5.0 (Macintosh; Intel Mac OS X 10_12_3) AppleWebKit/537.36 (KHTML, like Gecko) Chrome/56.0.2924.87 Safari/537.36"
94.72.101.21 - - [02/Nov/2024:19:49:08 +0000] "GET /config/.env/v2/config.json HTTP/1.1" 404 564 "-" "Mozilla/5.0 (Macintosh; Intel Mac OS X 10_12_3) AppleWebKit/537.36 (KHTML, like Gecko) Chrome/56.0.2924.87 Safari/537.36"
94.72.101.21 - - [02/Nov/2024:19:49:08 +0000] "GET /config/.env/v2/.env HTTP/1.1" 404 564 "-" "Mozilla/5.0 (Macintosh; Intel Mac OS X 10_12_3) AppleWebKit/537.36 (KHTML, like Gecko) Chrome/56.0.2924.87 Safari/537.36"
94.72.101.21 - - [02/Nov/2024:19:49:09 +0000] "GET /config/.env/v2/secrets.yaml HTTP/1.1" 404 564 "-" "Mozilla/5.0 (Macintosh; Intel Mac OS X 10_12_3) AppleWebKit/537.36 (KHTML, like Gecko) Chrome/56.0.2924.87 Safari/537.36"
94.72.101.21 - - [02/Nov/2024:19:49:10 +0000] "GET /config/.env/v2/vars.tf HTTP/1.1" 404 564 "-" "Mozilla/5.0 (Macintosh; Intel Mac OS X 10_12_3) AppleWebKit/537.36 (KHTML, like Gecko) Chrome/56.0.2924.87 Safari/537.36"
94.72.101.21 - - [02/Nov/2024:19:49:10 +0000] "GET /config/.env/v2/credentials HTTP/1.1" 404 564 "-" "Mozilla/5.0 (Macintosh; Intel Mac OS X 10_12_3) AppleWebKit/537.36 (KHTML, like Gecko) Chrome/56.0.2924.87 Safari/537.36"
94.72.101.21 - - [02/Nov/2024:19:49:10 +0000] "GET /config/.env/v2/secrets.json HTTP/1.1" 404 564 "-" "Mozilla/5.0 (Macintosh; Intel Mac OS X 10_12_3) AppleWebKit/537.36 (KHTML, like Gecko) Chrome/56.0.2924.87 Safari/537.36"
94.72.101.21 - - [02/Nov/2024:19:49:10 +0000] "GET /config/.env/v2/keys.pem HTTP/1.1" 404 564 "-" "Mozilla/5.0 (Macintosh; Intel Mac OS X 10_12_3) AppleWebKit/537.36 (KHTML, like Gecko) Chrome/56.0.2924.87 Safari/537.36"
94.72.101.21 - - [02/Nov/2024:19:49:10 +0000] "GET /config/.env/v2/settings.ini HTTP/1.1" 404 564 "-" "Mozilla/5.0 (Macintosh; Intel Mac OS X 10_12_3) AppleWebKit/537.36 (KHTML, like Gecko) Chrome/56.0.2924.87 Safari/537.36"
94.72.101.21 - - [02/Nov/2024:19:49:11 +0000] "GET /config/.env/dev/config.json HTTP/1.1" 404 564 "-" "Mozilla/5.0 (Macintosh; Intel Mac OS X 10_12_3) AppleWebKit/537.36 (KHTML, like Gecko) Chrome/56.0.2924.87 Safari/537.36"
94.72.101.21 - - [02/Nov/2024:19:49:11 +0000] "GET /config/.env/dev/.env HTTP/1.1" 404 564 "-" "Mozilla/5.0 (Macintosh; Intel Mac OS X 10_12_3) AppleWebKit/537.36 (KHTML, like Gecko) Chrome/56.0.2924.87 Safari/537.36"
94.72.101.21 - - [02/Nov/2024:19:49:11 +0000] "GET /config/.env/dev/secrets.yaml HTTP/1.1" 404 564 "-" "Mozilla/5.0 (Macintosh; Intel Mac OS X 10_12_3) AppleWebKit/537.36 (KHTML, like Gecko) Chrome/56.0.2924.87 Safari/537.36"
94.72.101.21 - - [02/Nov/2024:19:49:11 +0000] "GET /config/.env/dev/vars.tf HTTP/1.1" 404 564 "-" "Mozilla/5.0 (Macintosh; Intel Mac OS X 10_12_3) AppleWebKit/537.36 (KHTML, like Gecko) Chrome/56.0.2924.87 Safari/537.36"
94.72.101.21 - - [02/Nov/2024:19:49:12 +0000] "GET /config/.env/dev/credentials HTTP/1.1" 404 564 "-" "Mozilla/5.0 (Macintosh; Intel Mac OS X 10_12_3) AppleWebKit/537.36 (KHTML, like Gecko) Chrome/56.0.2924.87 Safari/537.36"
94.72.101.21 - - [02/Nov/2024:19:49:12 +0000] "GET /config/.env/dev/secrets.json HTTP/1.1" 404 564 "-" "Mozilla/5.0 (Macintosh; Intel Mac OS X 10_12_3) AppleWebKit/537.36 (KHTML, like Gecko) Chrome/56.0.2924.87 Safari/537.36"
94.72.101.21 - - [02/Nov/2024:19:49:12 +0000] "GET /config/.env/dev/keys.pem HTTP/1.1" 404 564 "-" "Mozilla/5.0 (Macintosh; Intel Mac OS X 10_12_3) AppleWebKit/537.36 (KHTML, like Gecko) Chrome/56.0.2924.87 Safari/537.36"
94.72.101.21 - - [02/Nov/2024:19:49:12 +0000] "GET /config/.env/dev/settings.ini HTTP/1.1" 404 564 "-" "Mozilla/5.0 (Macintosh; Intel Mac OS X 10_12_3) AppleWebKit/537.36 (KHTML, like Gecko) Chrome/56.0.2924.87 Safari/537.36"
94.72.101.21 - - [02/Nov/2024:19:49:12 +0000] "GET /config/.env/prod/config.json HTTP/1.1" 404 564 "-" "Mozilla/5.0 (Macintosh; Intel Mac OS X 10_12_3) AppleWebKit/537.36 (KHTML, like Gecko) Chrome/56.0.2924.87 Safari/537.36"
94.72.101.21 - - [02/Nov/2024:19:49:13 +0000] "GET /config/.env/prod/.env HTTP/1.1" 404 564 "-" "Mozilla/5.0 (Macintosh; Intel Mac OS X 10_12_3) AppleWebKit/537.36 (KHTML, like Gecko) Chrome/56.0.2924.87 Safari/537.36"
94.72.101.21 - - [02/Nov/2024:19:49:13 +0000] "GET /config/.env/prod/secrets.yaml HTTP/1.1" 404 564 "-" "Mozilla/5.0 (Macintosh; Intel Mac OS X 10_12_3) AppleWebKit/537.36 (KHTML, like Gecko) Chrome/56.0.2924.87 Safari/537.36"
94.72.101.21 - - [02/Nov/2024:19:49:13 +0000] "GET /config/.env/prod/vars.tf HTTP/1.1" 404 564 "-" "Mozilla/5.0 (Macintosh; Intel Mac OS X 10_12_3) AppleWebKit/537.36 (KHTML, like Gecko) Chrome/56.0.2924.87 Safari/537.36"
94.72.101.21 - - [02/Nov/2024:19:49:13 +0000] "GET /config/.env/prod/credentials HTTP/1.1" 404 564 "-" "Mozilla/5.0 (Macintosh; Intel Mac OS X 10_12_3) AppleWebKit/537.36 (KHTML, like Gecko) Chrome/56.0.2924.87 Safari/537.36"
94.72.101.21 - - [02/Nov/2024:19:49:13 +0000] "GET /config/.env/prod/secrets.json HTTP/1.1" 404 564 "-" "Mozilla/5.0 (Macintosh; Intel Mac OS X 10_12_3) AppleWebKit/537.36 (KHTML, like Gecko) Chrome/56.0.2924.87 Safari/537.36"
94.72.101.21 - - [02/Nov/2024:19:49:14 +0000] "GET /config/.env/prod/keys.pem HTTP/1.1" 404 564 "-" "Mozilla/5.0 (Macintosh; Intel Mac OS X 10_12_3) AppleWebKit/537.36 (KHTML, like Gecko) Chrome/56.0.2924.87 Safari/537.36"
94.72.101.21 - - [02/Nov/2024:19:49:15 +0000] "GET /config/.env/prod/settings.ini HTTP/1.1" 404 564 "-" "Mozilla/5.0 (Macintosh; Intel Mac OS X 10_12_3) AppleWebKit/537.36 (KHTML, like Gecko) Chrome/56.0.2924.87 Safari/537.36"
94.72.101.21 - - [02/Nov/2024:19:49:15 +0000] "GET /config/.env/staging/config.json HTTP/1.1" 404 564 "-" "Mozilla/5.0 (Macintosh; Intel Mac OS X 10_12_3) AppleWebKit/537.36 (KHTML, like Gecko) Chrome/56.0.2924.87 Safari/537.36"
94.72.101.21 - - [02/Nov/2024:19:49:15 +0000] "GET /config/.env/staging/.env HTTP/1.1" 404 564 "-" "Mozilla/5.0 (Macintosh; Intel Mac OS X 10_12_3) AppleWebKit/537.36 (KHTML, like Gecko) Chrome/56.0.2924.87 Safari/537.36"
94.72.101.21 - - [02/Nov/2024:19:49:15 +0000] "GET /config/.env/staging/secrets.yaml HTTP/1.1" 404 564 "-" "Mozilla/5.0 (Macintosh; Intel Mac OS X 10_12_3) AppleWebKit/537.36 (KHTML, like Gecko) Chrome/56.0.2924.87 Safari/537.36"
94.72.101.21 - - [02/Nov/2024:19:49:15 +0000] "GET /config/.env/staging/vars.tf HTTP/1.1" 404 564 "-" "Mozilla/5.0 (Macintosh; Intel Mac OS X 10_12_3) AppleWebKit/537.36 (KHTML, like Gecko) Chrome/56.0.2924.87 Safari/537.36"
94.72.101.21 - - [02/Nov/2024:19:49:16 +0000] "GET /config/.env/staging/credentials HTTP/1.1" 404 564 "-" "Mozilla/5.0 (Macintosh; Intel Mac OS X 10_12_3) AppleWebKit/537.36 (KHTML, like Gecko) Chrome/56.0.2924.87 Safari/537.36"
94.72.101.21 - - [02/Nov/2024:19:49:16 +0000] "GET /config/.env/staging/secrets.json HTTP/1.1" 404 564 "-" "Mozilla/5.0 (Macintosh; Intel Mac OS X 10_12_3) AppleWebKit/537.36 (KHTML, like Gecko) Chrome/56.0.2924.87 Safari/537.36"
94.72.101.21 - - [02/Nov/2024:19:49:16 +0000] "GET /config/.env/staging/keys.pem HTTP/1.1" 404 564 "-" "Mozilla/5.0 (Macintosh; Intel Mac OS X 10_12_3) AppleWebKit/537.36 (KHTML, like Gecko) Chrome/56.0.2924.87 Safari/537.36"
94.72.101.21 - - [02/Nov/2024:19:49:16 +0000] "GET /config/.env/staging/settings.ini HTTP/1.1" 404 564 "-" "Mozilla/5.0 (Macintosh; Intel Mac OS X 10_12_3) AppleWebKit/537.36 (KHTML, like Gecko) Chrome/56.0.2924.87 Safari/537.36"
94.72.101.21 - - [02/Nov/2024:19:49:17 +0000] "GET /config/.env/src/config.json HTTP/1.1" 404 564 "-" "Mozilla/5.0 (Macintosh; Intel Mac OS X 10_12_3) AppleWebKit/537.36 (KHTML, like Gecko) Chrome/56.0.2924.87 Safari/537.36"
94.72.101.21 - - [02/Nov/2024:19:49:17 +0000] "GET /config/.env/src/.env HTTP/1.1" 404 564 "-" "Mozilla/5.0 (Macintosh; Intel Mac OS X 10_12_3) AppleWebKit/537.36 (KHTML, like Gecko) Chrome/56.0.2924.87 Safari/537.36"
94.72.101.21 - - [02/Nov/2024:19:49:17 +0000] "GET /config/.env/src/secrets.yaml HTTP/1.1" 404 564 "-" "Mozilla/5.0 (Macintosh; Intel Mac OS X 10_12_3) AppleWebKit/537.36 (KHTML, like Gecko) Chrome/56.0.2924.87 Safari/537.36"
94.72.101.21 - - [02/Nov/2024:19:49:18 +0000] "GET /config/.env/src/vars.tf HTTP/1.1" 404 564 "-" "Mozilla/5.0 (Macintosh; Intel Mac OS X 10_12_3) AppleWebKit/537.36 (KHTML, like Gecko) Chrome/56.0.2924.87 Safari/537.36"
94.72.101.21 - - [02/Nov/2024:19:49:18 +0000] "GET /config/.env/src/credentials HTTP/1.1" 404 564 "-" "Mozilla/5.0 (Macintosh; Intel Mac OS X 10_12_3) AppleWebKit/537.36 (KHTML, like Gecko) Chrome/56.0.2924.87 Safari/537.36"
94.72.101.21 - - [02/Nov/2024:19:49:19 +0000] "GET /config/.env/src/secrets.json HTTP/1.1" 404 564 "-" "Mozilla/5.0 (Macintosh; Intel Mac OS X 10_12_3) AppleWebKit/537.36 (KHTML, like Gecko) Chrome/56.0.2924.87 Safari/537.36"
94.72.101.21 - - [02/Nov/2024:19:49:19 +0000] "GET /config/.env/src/keys.pem HTTP/1.1" 404 564 "-" "Mozilla/5.0 (Macintosh; Intel Mac OS X 10_12_3) AppleWebKit/537.36 (KHTML, like Gecko) Chrome/56.0.2924.87 Safari/537.36"
94.72.101.21 - - [02/Nov/2024:19:49:19 +0000] "GET /config/.env/src/settings.ini HTTP/1.1" 404 564 "-" "Mozilla/5.0 (Macintosh; Intel Mac OS X 10_12_3) AppleWebKit/537.36 (KHTML, like Gecko) Chrome/56.0.2924.87 Safari/537.36"
94.72.101.21 - - [02/Nov/2024:19:49:19 +0000] "GET /config/.env/dist/config.json HTTP/1.1" 404 564 "-" "Mozilla/5.0 (Macintosh; Intel Mac OS X 10_12_3) AppleWebKit/537.36 (KHTML, like Gecko) Chrome/56.0.2924.87 Safari/537.36"
94.72.101.21 - - [02/Nov/2024:19:49:19 +0000] "GET /config/.env/dist/.env HTTP/1.1" 404 564 "-" "Mozilla/5.0 (Macintosh; Intel Mac OS X 10_12_3) AppleWebKit/537.36 (KHTML, like Gecko) Chrome/56.0.2924.87 Safari/537.36"
94.72.101.21 - - [02/Nov/2024:19:49:20 +0000] "GET /config/.env/dist/secrets.yaml HTTP/1.1" 404 564 "-" "Mozilla/5.0 (Macintosh; Intel Mac OS X 10_12_3) AppleWebKit/537.36 (KHTML, like Gecko) Chrome/56.0.2924.87 Safari/537.36"
94.72.101.21 - - [02/Nov/2024:19:49:20 +0000] "GET /config/.env/dist/vars.tf HTTP/1.1" 404 564 "-" "Mozilla/5.0 (Macintosh; Intel Mac OS X 10_12_3) AppleWebKit/537.36 (KHTML, like Gecko) Chrome/56.0.2924.87 Safari/537.36"
94.72.101.21 - - [02/Nov/2024:19:49:20 +0000] "GET /config/.env/dist/credentials HTTP/1.1" 404 564 "-" "Mozilla/5.0 (Macintosh; Intel Mac OS X 10_12_3) AppleWebKit/537.36 (KHTML, like Gecko) Chrome/56.0.2924.87 Safari/537.36"
94.72.101.21 - - [02/Nov/2024:19:49:20 +0000] "GET /config/.env/dist/secrets.json HTTP/1.1" 404 564 "-" "Mozilla/5.0 (Macintosh; Intel Mac OS X 10_12_3) AppleWebKit/537.36 (KHTML, like Gecko) Chrome/56.0.2924.87 Safari/537.36"
94.72.101.21 - - [02/Nov/2024:19:49:20 +0000] "GET /config/.env/dist/keys.pem HTTP/1.1" 404 564 "-" "Mozilla/5.0 (Macintosh; Intel Mac OS X 10_12_3) AppleWebKit/537.36 (KHTML, like Gecko) Chrome/56.0.2924.87 Safari/537.36"
94.72.101.21 - - [02/Nov/2024:19:49:20 +0000] "GET /config/.env/dist/settings.ini HTTP/1.1" 404 564 "-" "Mozilla/5.0 (Macintosh; Intel Mac OS X 10_12_3) AppleWebKit/537.36 (KHTML, like Gecko) Chrome/56.0.2924.87 Safari/537.36"
94.72.101.21 - - [02/Nov/2024:19:49:21 +0000] "GET /config/.env/config/config.json HTTP/1.1" 404 564 "-" "Mozilla/5.0 (Macintosh; Intel Mac OS X 10_12_3) AppleWebKit/537.36 (KHTML, like Gecko) Chrome/56.0.2924.87 Safari/537.36"
94.72.101.21 - - [02/Nov/2024:19:49:21 +0000] "GET /config/.env/config/.env HTTP/1.1" 404 564 "-" "Mozilla/5.0 (Macintosh; Intel Mac OS X 10_12_3) AppleWebKit/537.36 (KHTML, like Gecko) Chrome/56.0.2924.87 Safari/537.36"
94.72.101.21 - - [02/Nov/2024:19:49:21 +0000] "GET /config/.env/config/secrets.yaml HTTP/1.1" 404 564 "-" "Mozilla/5.0 (Macintosh; Intel Mac OS X 10_12_3) AppleWebKit/537.36 (KHTML, like Gecko) Chrome/56.0.2924.87 Safari/537.36"
94.72.101.21 - - [02/Nov/2024:19:49:21 +0000] "GET /config/.env/config/vars.tf HTTP/1.1" 404 564 "-" "Mozilla/5.0 (Macintosh; Intel Mac OS X 10_12_3) AppleWebKit/537.36 (KHTML, like Gecko) Chrome/56.0.2924.87 Safari/537.36"
94.72.101.21 - - [02/Nov/2024:19:49:21 +0000] "GET /config/.env/config/credentials HTTP/1.1" 404 564 "-" "Mozilla/5.0 (Macintosh; Intel Mac OS X 10_12_3) AppleWebKit/537.36 (KHTML, like Gecko) Chrome/56.0.2924.87 Safari/537.36"
94.72.101.21 - - [02/Nov/2024:19:49:22 +0000] "GET /config/.env/config/secrets.json HTTP/1.1" 404 564 "-" "Mozilla/5.0 (Macintosh; Intel Mac OS X 10_12_3) AppleWebKit/537.36 (KHTML, like Gecko) Chrome/56.0.2924.87 Safari/537.36"
94.72.101.21 - - [02/Nov/2024:19:49:22 +0000] "GET /config/.env/config/keys.pem HTTP/1.1" 404 564 "-" "Mozilla/5.0 (Macintosh; Intel Mac OS X 10_12_3) AppleWebKit/537.36 (KHTML, like Gecko) Chrome/56.0.2924.87 Safari/537.36"
94.72.101.21 - - [02/Nov/2024:19:49:22 +0000] "GET /config/.env/config/settings.ini HTTP/1.1" 404 564 "-" "Mozilla/5.0 (Macintosh; Intel Mac OS X 10_12_3) AppleWebKit/537.36 (KHTML, like Gecko) Chrome/56.0.2924.87 Safari/537.36"
94.72.101.21 - - [02/Nov/2024:19:49:23 +0000] "GET /config/.env/backups/config.json HTTP/1.1" 404 564 "-" "Mozilla/5.0 (Macintosh; Intel Mac OS X 10_12_3) AppleWebKit/537.36 (KHTML, like Gecko) Chrome/56.0.2924.87 Safari/537.36"
94.72.101.21 - - [02/Nov/2024:19:49:23 +0000] "GET /config/.env/backups/.env HTTP/1.1" 404 564 "-" "Mozilla/5.0 (Macintosh; Intel Mac OS X 10_12_3) AppleWebKit/537.36 (KHTML, like Gecko) Chrome/56.0.2924.87 Safari/537.36"
94.72.101.21 - - [02/Nov/2024:19:49:23 +0000] "GET /config/.env/backups/secrets.yaml HTTP/1.1" 404 564 "-" "Mozilla/5.0 (Macintosh; Intel Mac OS X 10_12_3) AppleWebKit/537.36 (KHTML, like Gecko) Chrome/56.0.2924.87 Safari/537.36"
94.72.101.21 - - [02/Nov/2024:19:49:23 +0000] "GET /config/.env/backups/vars.tf HTTP/1.1" 404 564 "-" "Mozilla/5.0 (Macintosh; Intel Mac OS X 10_12_3) AppleWebKit/537.36 (KHTML, like Gecko) Chrome/56.0.2924.87 Safari/537.36"
94.72.101.21 - - [02/Nov/2024:19:49:24 +0000] "GET /config/.env/backups/credentials HTTP/1.1" 404 564 "-" "Mozilla/5.0 (Macintosh; Intel Mac OS X 10_12_3) AppleWebKit/537.36 (KHTML, like Gecko) Chrome/56.0.2924.87 Safari/537.36"
94.72.101.21 - - [02/Nov/2024:19:49:24 +0000] "GET /config/.env/backups/secrets.json HTTP/1.1" 404 564 "-" "Mozilla/5.0 (Macintosh; Intel Mac OS X 10_12_3) AppleWebKit/537.36 (KHTML, like Gecko) Chrome/56.0.2924.87 Safari/537.36"
94.72.101.21 - - [02/Nov/2024:19:49:24 +0000] "GET /config/.env/backups/keys.pem HTTP/1.1" 404 564 "-" "Mozilla/5.0 (Macintosh; Intel Mac OS X 10_12_3) AppleWebKit/537.36 (KHTML, like Gecko) Chrome/56.0.2924.87 Safari/537.36"
94.72.101.21 - - [02/Nov/2024:19:49:24 +0000] "GET /config/.env/backups/settings.ini HTTP/1.1" 404 564 "-" "Mozilla/5.0 (Macintosh; Intel Mac OS X 10_12_3) AppleWebKit/537.36 (KHTML, like Gecko) Chrome/56.0.2924.87 Safari/537.36"
94.72.101.21 - - [02/Nov/2024:19:49:24 +0000] "GET /config/.env/data/config.json HTTP/1.1" 404 564 "-" "Mozilla/5.0 (Macintosh; Intel Mac OS X 10_12_3) AppleWebKit/537.36 (KHTML, like Gecko) Chrome/56.0.2924.87 Safari/537.36"
94.72.101.21 - - [02/Nov/2024:19:49:24 +0000] "GET /config/.env/data/.env HTTP/1.1" 404 564 "-" "Mozilla/5.0 (Macintosh; Intel Mac OS X 10_12_3) AppleWebKit/537.36 (KHTML, like Gecko) Chrome/56.0.2924.87 Safari/537.36"
94.72.101.21 - - [02/Nov/2024:19:49:25 +0000] "GET /config/.env/data/secrets.yaml HTTP/1.1" 404 564 "-" "Mozilla/5.0 (Macintosh; Intel Mac OS X 10_12_3) AppleWebKit/537.36 (KHTML, like Gecko) Chrome/56.0.2924.87 Safari/537.36"
94.72.101.21 - - [02/Nov/2024:19:49:25 +0000] "GET /config/.env/data/vars.tf HTTP/1.1" 404 564 "-" "Mozilla/5.0 (Macintosh; Intel Mac OS X 10_12_3) AppleWebKit/537.36 (KHTML, like Gecko) Chrome/56.0.2924.87 Safari/537.36"
94.72.101.21 - - [02/Nov/2024:19:49:25 +0000] "GET /config/.env/data/credentials HTTP/1.1" 404 564 "-" "Mozilla/5.0 (Macintosh; Intel Mac OS X 10_12_3) AppleWebKit/537.36 (KHTML, like Gecko) Chrome/56.0.2924.87 Safari/537.36"
94.72.101.21 - - [02/Nov/2024:19:49:25 +0000] "GET /config/.env/data/secrets.json HTTP/1.1" 404 564 "-" "Mozilla/5.0 (Macintosh; Intel Mac OS X 10_12_3) AppleWebKit/537.36 (KHTML, like Gecko) Chrome/56.0.2924.87 Safari/537.36"
94.72.101.21 - - [02/Nov/2024:19:49:26 +0000] "GET /config/.env/data/keys.pem HTTP/1.1" 404 564 "-" "Mozilla/5.0 (Macintosh; Intel Mac OS X 10_12_3) AppleWebKit/537.36 (KHTML, like Gecko) Chrome/56.0.2924.87 Safari/537.36"
94.72.101.21 - - [02/Nov/2024:19:49:26 +0000] "GET /config/.env/data/settings.ini HTTP/1.1" 404 564 "-" "Mozilla/5.0 (Macintosh; Intel Mac OS X 10_12_3) AppleWebKit/537.36 (KHTML, like Gecko) Chrome/56.0.2924.87 Safari/537.36"
94.72.101.21 - - [02/Nov/2024:19:49:26 +0000] "GET /config/database.yml/v1/config.json HTTP/1.1" 404 564 "-" "Mozilla/5.0 (Macintosh; Intel Mac OS X 10_12_3) AppleWebKit/537.36 (KHTML, like Gecko) Chrome/56.0.2924.87 Safari/537.36"
94.72.101.21 - - [02/Nov/2024:19:49:27 +0000] "GET /config/database.yml/v1/.env HTTP/1.1" 404 564 "-" "Mozilla/5.0 (Macintosh; Intel Mac OS X 10_12_3) AppleWebKit/537.36 (KHTML, like Gecko) Chrome/56.0.2924.87 Safari/537.36"
94.72.101.21 - - [02/Nov/2024:19:49:27 +0000] "GET /config/database.yml/v1/secrets.yaml HTTP/1.1" 404 564 "-" "Mozilla/5.0 (Macintosh; Intel Mac OS X 10_12_3) AppleWebKit/537.36 (KHTML, like Gecko) Chrome/56.0.2924.87 Safari/537.36"
94.72.101.21 - - [02/Nov/2024:19:49:27 +0000] "GET /config/database.yml/v1/vars.tf HTTP/1.1" 404 564 "-" "Mozilla/5.0 (Macintosh; Intel Mac OS X 10_12_3) AppleWebKit/537.36 (KHTML, like Gecko) Chrome/56.0.2924.87 Safari/537.36"
94.72.101.21 - - [02/Nov/2024:19:49:27 +0000] "GET /config/database.yml/v1/credentials HTTP/1.1" 404 564 "-" "Mozilla/5.0 (Macintosh; Intel Mac OS X 10_12_3) AppleWebKit/537.36 (KHTML, like Gecko) Chrome/56.0.2924.87 Safari/537.36"
94.72.101.21 - - [02/Nov/2024:19:49:28 +0000] "GET /config/database.yml/v1/secrets.json HTTP/1.1" 404 564 "-" "Mozilla/5.0 (Macintosh; Intel Mac OS X 10_12_3) AppleWebKit/537.36 (KHTML, like Gecko) Chrome/56.0.2924.87 Safari/537.36"
94.72.101.21 - - [02/Nov/2024:19:49:28 +0000] "GET /config/database.yml/v1/keys.pem HTTP/1.1" 404 564 "-" "Mozilla/5.0 (Macintosh; Intel Mac OS X 10_12_3) AppleWebKit/537.36 (KHTML, like Gecko) Chrome/56.0.2924.87 Safari/537.36"
94.72.101.21 - - [02/Nov/2024:19:49:28 +0000] "GET /config/database.yml/v1/settings.ini HTTP/1.1" 404 564 "-" "Mozilla/5.0 (Macintosh; Intel Mac OS X 10_12_3) AppleWebKit/537.36 (KHTML, like Gecko) Chrome/56.0.2924.87 Safari/537.36"
94.72.101.21 - - [02/Nov/2024:19:49:29 +0000] "GET /config/database.yml/v2/config.json HTTP/1.1" 404 564 "-" "Mozilla/5.0 (Macintosh; Intel Mac OS X 10_12_3) AppleWebKit/537.36 (KHTML, like Gecko) Chrome/56.0.2924.87 Safari/537.36"
94.72.101.21 - - [02/Nov/2024:19:49:29 +0000] "GET /config/database.yml/v2/.env HTTP/1.1" 404 564 "-" "Mozilla/5.0 (Macintosh; Intel Mac OS X 10_12_3) AppleWebKit/537.36 (KHTML, like Gecko) Chrome/56.0.2924.87 Safari/537.36"
94.72.101.21 - - [02/Nov/2024:19:49:29 +0000] "GET /config/database.yml/v2/secrets.yaml HTTP/1.1" 404 564 "-" "Mozilla/5.0 (Macintosh; Intel Mac OS X 10_12_3) AppleWebKit/537.36 (KHTML, like Gecko) Chrome/56.0.2924.87 Safari/537.36"
94.72.101.21 - - [02/Nov/2024:19:49:29 +0000] "GET /config/database.yml/v2/vars.tf HTTP/1.1" 404 564 "-" "Mozilla/5.0 (Macintosh; Intel Mac OS X 10_12_3) AppleWebKit/537.36 (KHTML, like Gecko) Chrome/56.0.2924.87 Safari/537.36"
94.72.101.21 - - [02/Nov/2024:19:49:30 +0000] "GET /config/database.yml/v2/credentials HTTP/1.1" 404 564 "-" "Mozilla/5.0 (Macintosh; Intel Mac OS X 10_12_3) AppleWebKit/537.36 (KHTML, like Gecko) Chrome/56.0.2924.87 Safari/537.36"
94.72.101.21 - - [02/Nov/2024:19:49:30 +0000] "GET /config/database.yml/v2/secrets.json HTTP/1.1" 404 564 "-" "Mozilla/5.0 (Macintosh; Intel Mac OS X 10_12_3) AppleWebKit/537.36 (KHTML, like Gecko) Chrome/56.0.2924.87 Safari/537.36"
94.72.101.21 - - [02/Nov/2024:19:49:30 +0000] "GET /config/database.yml/v2/keys.pem HTTP/1.1" 404 564 "-" "Mozilla/5.0 (Macintosh; Intel Mac OS X 10_12_3) AppleWebKit/537.36 (KHTML, like Gecko) Chrome/56.0.2924.87 Safari/537.36"
94.72.101.21 - - [02/Nov/2024:19:49:30 +0000] "GET /config/database.yml/v2/settings.ini HTTP/1.1" 404 564 "-" "Mozilla/5.0 (Macintosh; Intel Mac OS X 10_12_3) AppleWebKit/537.36 (KHTML, like Gecko) Chrome/56.0.2924.87 Safari/537.36"
94.72.101.21 - - [02/Nov/2024:19:49:30 +0000] "GET /config/database.yml/dev/config.json HTTP/1.1" 404 564 "-" "Mozilla/5.0 (Macintosh; Intel Mac OS X 10_12_3) AppleWebKit/537.36 (KHTML, like Gecko) Chrome/56.0.2924.87 Safari/537.36"
94.72.101.21 - - [02/Nov/2024:19:49:31 +0000] "GET /config/database.yml/dev/.env HTTP/1.1" 404 564 "-" "Mozilla/5.0 (Macintosh; Intel Mac OS X 10_12_3) AppleWebKit/537.36 (KHTML, like Gecko) Chrome/56.0.2924.87 Safari/537.36"
94.72.101.21 - - [02/Nov/2024:19:49:31 +0000] "GET /config/database.yml/dev/secrets.yaml HTTP/1.1" 404 564 "-" "Mozilla/5.0 (Macintosh; Intel Mac OS X 10_12_3) AppleWebKit/537.36 (KHTML, like Gecko) Chrome/56.0.2924.87 Safari/537.36"
94.72.101.21 - - [02/Nov/2024:19:49:31 +0000] "GET /config/database.yml/dev/vars.tf HTTP/1.1" 404 564 "-" "Mozilla/5.0 (Macintosh; Intel Mac OS X 10_12_3) AppleWebKit/537.36 (KHTML, like Gecko) Chrome/56.0.2924.87 Safari/537.36"
94.72.101.21 - - [02/Nov/2024:19:49:31 +0000] "GET /config/database.yml/dev/credentials HTTP/1.1" 404 564 "-" "Mozilla/5.0 (Macintosh; Intel Mac OS X 10_12_3) AppleWebKit/537.36 (KHTML, like Gecko) Chrome/56.0.2924.87 Safari/537.36"
94.72.101.21 - - [02/Nov/2024:19:49:31 +0000] "GET /config/database.yml/dev/secrets.json HTTP/1.1" 404 564 "-" "Mozilla/5.0 (Macintosh; Intel Mac OS X 10_12_3) AppleWebKit/537.36 (KHTML, like Gecko) Chrome/56.0.2924.87 Safari/537.36"
94.72.101.21 - - [02/Nov/2024:19:49:32 +0000] "GET /config/database.yml/dev/keys.pem HTTP/1.1" 404 564 "-" "Mozilla/5.0 (Macintosh; Intel Mac OS X 10_12_3) AppleWebKit/537.36 (KHTML, like Gecko) Chrome/56.0.2924.87 Safari/537.36"
94.72.101.21 - - [02/Nov/2024:19:49:32 +0000] "GET /config/database.yml/dev/settings.ini HTTP/1.1" 404 564 "-" "Mozilla/5.0 (Macintosh; Intel Mac OS X 10_12_3) AppleWebKit/537.36 (KHTML, like Gecko) Chrome/56.0.2924.87 Safari/537.36"
94.72.101.21 - - [02/Nov/2024:19:49:32 +0000] "GET /config/database.yml/prod/config.json HTTP/1.1" 404 564 "-" "Mozilla/5.0 (Macintosh; Intel Mac OS X 10_12_3) AppleWebKit/537.36 (KHTML, like Gecko) Chrome/56.0.2924.87 Safari/537.36"
94.72.101.21 - - [02/Nov/2024:19:49:32 +0000] "GET /config/database.yml/prod/.env HTTP/1.1" 404 564 "-" "Mozilla/5.0 (Macintosh; Intel Mac OS X 10_12_3) AppleWebKit/537.36 (KHTML, like Gecko) Chrome/56.0.2924.87 Safari/537.36"
94.72.101.21 - - [02/Nov/2024:19:49:33 +0000] "GET /config/database.yml/prod/secrets.yaml HTTP/1.1" 404 564 "-" "Mozilla/5.0 (Macintosh; Intel Mac OS X 10_12_3) AppleWebKit/537.36 (KHTML, like Gecko) Chrome/56.0.2924.87 Safari/537.36"
94.72.101.21 - - [02/Nov/2024:19:49:33 +0000] "GET /config/database.yml/prod/vars.tf HTTP/1.1" 404 564 "-" "Mozilla/5.0 (Macintosh; Intel Mac OS X 10_12_3) AppleWebKit/537.36 (KHTML, like Gecko) Chrome/56.0.2924.87 Safari/537.36"
94.72.101.21 - - [02/Nov/2024:19:49:33 +0000] "GET /config/database.yml/prod/credentials HTTP/1.1" 404 564 "-" "Mozilla/5.0 (Macintosh; Intel Mac OS X 10_12_3) AppleWebKit/537.36 (KHTML, like Gecko) Chrome/56.0.2924.87 Safari/537.36"
94.72.101.21 - - [02/Nov/2024:19:49:33 +0000] "GET /config/database.yml/prod/secrets.json HTTP/1.1" 404 564 "-" "Mozilla/5.0 (Macintosh; Intel Mac OS X 10_12_3) AppleWebKit/537.36 (KHTML, like Gecko) Chrome/56.0.2924.87 Safari/537.36"
94.72.101.21 - - [02/Nov/2024:19:49:33 +0000] "GET /config/database.yml/prod/keys.pem HTTP/1.1" 404 564 "-" "Mozilla/5.0 (Macintosh; Intel Mac OS X 10_12_3) AppleWebKit/537.36 (KHTML, like Gecko) Chrome/56.0.2924.87 Safari/537.36"
94.72.101.21 - - [02/Nov/2024:19:49:34 +0000] "GET /config/database.yml/prod/settings.ini HTTP/1.1" 404 564 "-" "Mozilla/5.0 (Macintosh; Intel Mac OS X 10_12_3) AppleWebKit/537.36 (KHTML, like Gecko) Chrome/56.0.2924.87 Safari/537.36"
94.72.101.21 - - [02/Nov/2024:19:49:34 +0000] "GET /config/database.yml/staging/config.json HTTP/1.1" 404 564 "-" "Mozilla/5.0 (Macintosh; Intel Mac OS X 10_12_3) AppleWebKit/537.36 (KHTML, like Gecko) Chrome/56.0.2924.87 Safari/537.36"
94.72.101.21 - - [02/Nov/2024:19:49:34 +0000] "GET /config/database.yml/staging/.env HTTP/1.1" 404 564 "-" "Mozilla/5.0 (Macintosh; Intel Mac OS X 10_12_3) AppleWebKit/537.36 (KHTML, like Gecko) Chrome/56.0.2924.87 Safari/537.36"
94.72.101.21 - - [02/Nov/2024:19:49:35 +0000] "GET /config/database.yml/staging/secrets.yaml HTTP/1.1" 404 564 "-" "Mozilla/5.0 (Macintosh; Intel Mac OS X 10_12_3) AppleWebKit/537.36 (KHTML, like Gecko) Chrome/56.0.2924.87 Safari/537.36"
94.72.101.21 - - [02/Nov/2024:19:49:35 +0000] "GET /config/database.yml/staging/vars.tf HTTP/1.1" 404 564 "-" "Mozilla/5.0 (Macintosh; Intel Mac OS X 10_12_3) AppleWebKit/537.36 (KHTML, like Gecko) Chrome/56.0.2924.87 Safari/537.36"
94.72.101.21 - - [02/Nov/2024:19:49:35 +0000] "GET /config/database.yml/staging/credentials HTTP/1.1" 404 564 "-" "Mozilla/5.0 (Macintosh; Intel Mac OS X 10_12_3) AppleWebKit/537.36 (KHTML, like Gecko) Chrome/56.0.2924.87 Safari/537.36"
94.72.101.21 - - [02/Nov/2024:19:49:35 +0000] "GET /config/database.yml/staging/secrets.json HTTP/1.1" 404 564 "-" "Mozilla/5.0 (Macintosh; Intel Mac OS X 10_12_3) AppleWebKit/537.36 (KHTML, like Gecko) Chrome/56.0.2924.87 Safari/537.36"
94.72.101.21 - - [02/Nov/2024:19:49:36 +0000] "GET /config/database.yml/staging/keys.pem HTTP/1.1" 404 564 "-" "Mozilla/5.0 (Macintosh; Intel Mac OS X 10_12_3) AppleWebKit/537.36 (KHTML, like Gecko) Chrome/56.0.2924.87 Safari/537.36"
94.72.101.21 - - [02/Nov/2024:19:49:36 +0000] "GET /config/database.yml/staging/settings.ini HTTP/1.1" 404 564 "-" "Mozilla/5.0 (Macintosh; Intel Mac OS X 10_12_3) AppleWebKit/537.36 (KHTML, like Gecko) Chrome/56.0.2924.87 Safari/537.36"
94.72.101.21 - - [02/Nov/2024:19:49:36 +0000] "GET /config/database.yml/src/config.json HTTP/1.1" 404 564 "-" "Mozilla/5.0 (Macintosh; Intel Mac OS X 10_12_3) AppleWebKit/537.36 (KHTML, like Gecko) Chrome/56.0.2924.87 Safari/537.36"
94.72.101.21 - - [02/Nov/2024:19:49:36 +0000] "GET /config/database.yml/src/.env HTTP/1.1" 404 564 "-" "Mozilla/5.0 (Macintosh; Intel Mac OS X 10_12_3) AppleWebKit/537.36 (KHTML, like Gecko) Chrome/56.0.2924.87 Safari/537.36"
94.72.101.21 - - [02/Nov/2024:19:49:37 +0000] "GET /config/database.yml/src/secrets.yaml HTTP/1.1" 404 564 "-" "Mozilla/5.0 (Macintosh; Intel Mac OS X 10_12_3) AppleWebKit/537.36 (KHTML, like Gecko) Chrome/56.0.2924.87 Safari/537.36"
94.72.101.21 - - [02/Nov/2024:19:49:37 +0000] "GET /config/database.yml/src/vars.tf HTTP/1.1" 404 564 "-" "Mozilla/5.0 (Macintosh; Intel Mac OS X 10_12_3) AppleWebKit/537.36 (KHTML, like Gecko) Chrome/56.0.2924.87 Safari/537.36"
94.72.101.21 - - [02/Nov/2024:19:49:37 +0000] "GET /config/database.yml/src/credentials HTTP/1.1" 404 564 "-" "Mozilla/5.0 (Macintosh; Intel Mac OS X 10_12_3) AppleWebKit/537.36 (KHTML, like Gecko) Chrome/56.0.2924.87 Safari/537.36"
94.72.101.21 - - [02/Nov/2024:19:49:37 +0000] "GET /config/database.yml/src/secrets.json HTTP/1.1" 404 564 "-" "Mozilla/5.0 (Macintosh; Intel Mac OS X 10_12_3) AppleWebKit/537.36 (KHTML, like Gecko) Chrome/56.0.2924.87 Safari/537.36"
94.72.101.21 - - [02/Nov/2024:19:49:37 +0000] "GET /config/database.yml/src/keys.pem HTTP/1.1" 404 564 "-" "Mozilla/5.0 (Macintosh; Intel Mac OS X 10_12_3) AppleWebKit/537.36 (KHTML, like Gecko) Chrome/56.0.2924.87 Safari/537.36"
94.72.101.21 - - [02/Nov/2024:19:49:38 +0000] "GET /config/database.yml/src/settings.ini HTTP/1.1" 404 564 "-" "Mozilla/5.0 (Macintosh; Intel Mac OS X 10_12_3) AppleWebKit/537.36 (KHTML, like Gecko) Chrome/56.0.2924.87 Safari/537.36"
94.72.101.21 - - [02/Nov/2024:19:49:38 +0000] "GET /config/database.yml/dist/config.json HTTP/1.1" 404 564 "-" "Mozilla/5.0 (Macintosh; Intel Mac OS X 10_12_3) AppleWebKit/537.36 (KHTML, like Gecko) Chrome/56.0.2924.87 Safari/537.36"
94.72.101.21 - - [02/Nov/2024:19:49:38 +0000] "GET /config/database.yml/dist/.env HTTP/1.1" 404 564 "-" "Mozilla/5.0 (Macintosh; Intel Mac OS X 10_12_3) AppleWebKit/537.36 (KHTML, like Gecko) Chrome/56.0.2924.87 Safari/537.36"
94.72.101.21 - - [02/Nov/2024:19:49:39 +0000] "GET /config/database.yml/dist/secrets.yaml HTTP/1.1" 404 564 "-" "Mozilla/5.0 (Macintosh; Intel Mac OS X 10_12_3) AppleWebKit/537.36 (KHTML, like Gecko) Chrome/56.0.2924.87 Safari/537.36"
94.72.101.21 - - [02/Nov/2024:19:49:39 +0000] "GET /config/database.yml/dist/vars.tf HTTP/1.1" 404 564 "-" "Mozilla/5.0 (Macintosh; Intel Mac OS X 10_12_3) AppleWebKit/537.36 (KHTML, like Gecko) Chrome/56.0.2924.87 Safari/537.36"
94.72.101.21 - - [02/Nov/2024:19:49:39 +0000] "GET /config/database.yml/dist/credentials HTTP/1.1" 404 564 "-" "Mozilla/5.0 (Macintosh; Intel Mac OS X 10_12_3) AppleWebKit/537.36 (KHTML, like Gecko) Chrome/56.0.2924.87 Safari/537.36"
94.72.101.21 - - [02/Nov/2024:19:49:39 +0000] "GET /config/database.yml/dist/secrets.json HTTP/1.1" 404 564 "-" "Mozilla/5.0 (Macintosh; Intel Mac OS X 10_12_3) AppleWebKit/537.36 (KHTML, like Gecko) Chrome/56.0.2924.87 Safari/537.36"
94.72.101.21 - - [02/Nov/2024:19:49:39 +0000] "GET /config/database.yml/dist/keys.pem HTTP/1.1" 404 564 "-" "Mozilla/5.0 (Macintosh; Intel Mac OS X 10_12_3) AppleWebKit/537.36 (KHTML, like Gecko) Chrome/56.0.2924.87 Safari/537.36"
94.72.101.21 - - [02/Nov/2024:19:49:39 +0000] "GET /config/database.yml/dist/settings.ini HTTP/1.1" 404 564 "-" "Mozilla/5.0 (Macintosh; Intel Mac OS X 10_12_3) AppleWebKit/537.36 (KHTML, like Gecko) Chrome/56.0.2924.87 Safari/537.36"
94.72.101.21 - - [02/Nov/2024:19:49:40 +0000] "GET /config/database.yml/config/config.json HTTP/1.1" 404 564 "-" "Mozilla/5.0 (Macintosh; Intel Mac OS X 10_12_3) AppleWebKit/537.36 (KHTML, like Gecko) Chrome/56.0.2924.87 Safari/537.36"
94.72.101.21 - - [02/Nov/2024:19:49:40 +0000] "GET /config/database.yml/config/.env HTTP/1.1" 404 564 "-" "Mozilla/5.0 (Macintosh; Intel Mac OS X 10_12_3) AppleWebKit/537.36 (KHTML, like Gecko) Chrome/56.0.2924.87 Safari/537.36"
94.72.101.21 - - [02/Nov/2024:19:49:40 +0000] "GET /config/database.yml/config/secrets.yaml HTTP/1.1" 404 564 "-" "Mozilla/5.0 (Macintosh; Intel Mac OS X 10_12_3) AppleWebKit/537.36 (KHTML, like Gecko) Chrome/56.0.2924.87 Safari/537.36"
94.72.101.21 - - [02/Nov/2024:19:49:40 +0000] "GET /config/database.yml/config/vars.tf HTTP/1.1" 404 564 "-" "Mozilla/5.0 (Macintosh; Intel Mac OS X 10_12_3) AppleWebKit/537.36 (KHTML, like Gecko) Chrome/56.0.2924.87 Safari/537.36"
94.72.101.21 - - [02/Nov/2024:19:49:40 +0000] "GET /config/database.yml/config/credentials HTTP/1.1" 404 564 "-" "Mozilla/5.0 (Macintosh; Intel Mac OS X 10_12_3) AppleWebKit/537.36 (KHTML, like Gecko) Chrome/56.0.2924.87 Safari/537.36"
94.72.101.21 - - [02/Nov/2024:19:49:40 +0000] "GET /config/database.yml/config/secrets.json HTTP/1.1" 404 564 "-" "Mozilla/5.0 (Macintosh; Intel Mac OS X 10_12_3) AppleWebKit/537.36 (KHTML, like Gecko) Chrome/56.0.2924.87 Safari/537.36"
94.72.101.21 - - [02/Nov/2024:19:49:41 +0000] "GET /config/database.yml/config/keys.pem HTTP/1.1" 404 564 "-" "Mozilla/5.0 (Macintosh; Intel Mac OS X 10_12_3) AppleWebKit/537.36 (KHTML, like Gecko) Chrome/56.0.2924.87 Safari/537.36"
94.72.101.21 - - [02/Nov/2024:19:49:41 +0000] "GET /config/database.yml/config/settings.ini HTTP/1.1" 404 564 "-" "Mozilla/5.0 (Macintosh; Intel Mac OS X 10_12_3) AppleWebKit/537.36 (KHTML, like Gecko) Chrome/56.0.2924.87 Safari/537.36"
94.72.101.21 - - [02/Nov/2024:19:49:41 +0000] "GET /config/database.yml/backups/config.json HTTP/1.1" 404 564 "-" "Mozilla/5.0 (Macintosh; Intel Mac OS X 10_12_3) AppleWebKit/537.36 (KHTML, like Gecko) Chrome/56.0.2924.87 Safari/537.36"
94.72.101.21 - - [02/Nov/2024:19:49:41 +0000] "GET /config/database.yml/backups/.env HTTP/1.1" 404 564 "-" "Mozilla/5.0 (Macintosh; Intel Mac OS X 10_12_3) AppleWebKit/537.36 (KHTML, like Gecko) Chrome/56.0.2924.87 Safari/537.36"
94.72.101.21 - - [02/Nov/2024:19:49:41 +0000] "GET /config/database.yml/backups/secrets.yaml HTTP/1.1" 404 564 "-" "Mozilla/5.0 (Macintosh; Intel Mac OS X 10_12_3) AppleWebKit/537.36 (KHTML, like Gecko) Chrome/56.0.2924.87 Safari/537.36"
94.72.101.21 - - [02/Nov/2024:19:49:42 +0000] "GET /config/database.yml/backups/vars.tf HTTP/1.1" 404 564 "-" "Mozilla/5.0 (Macintosh; Intel Mac OS X 10_12_3) AppleWebKit/537.36 (KHTML, like Gecko) Chrome/56.0.2924.87 Safari/537.36"
94.72.101.21 - - [02/Nov/2024:19:49:42 +0000] "GET /config/database.yml/backups/credentials HTTP/1.1" 404 564 "-" "Mozilla/5.0 (Macintosh; Intel Mac OS X 10_12_3) AppleWebKit/537.36 (KHTML, like Gecko) Chrome/56.0.2924.87 Safari/537.36"
94.72.101.21 - - [02/Nov/2024:19:49:42 +0000] "GET /config/database.yml/backups/secrets.json HTTP/1.1" 404 564 "-" "Mozilla/5.0 (Macintosh; Intel Mac OS X 10_12_3) AppleWebKit/537.36 (KHTML, like Gecko) Chrome/56.0.2924.87 Safari/537.36"
94.72.101.21 - - [02/Nov/2024:19:49:42 +0000] "GET /config/database.yml/backups/keys.pem HTTP/1.1" 404 564 "-" "Mozilla/5.0 (Macintosh; Intel Mac OS X 10_12_3) AppleWebKit/537.36 (KHTML, like Gecko) Chrome/56.0.2924.87 Safari/537.36"
94.72.101.21 - - [02/Nov/2024:19:49:42 +0000] "GET /config/database.yml/backups/settings.ini HTTP/1.1" 404 564 "-" "Mozilla/5.0 (Macintosh; Intel Mac OS X 10_12_3) AppleWebKit/537.36 (KHTML, like Gecko) Chrome/56.0.2924.87 Safari/537.36"
94.72.101.21 - - [02/Nov/2024:19:49:42 +0000] "GET /config/database.yml/data/config.json HTTP/1.1" 404 564 "-" "Mozilla/5.0 (Macintosh; Intel Mac OS X 10_12_3) AppleWebKit/537.36 (KHTML, like Gecko) Chrome/56.0.2924.87 Safari/537.36"
94.72.101.21 - - [02/Nov/2024:19:49:43 +0000] "GET /config/database.yml/data/.env HTTP/1.1" 404 564 "-" "Mozilla/5.0 (Macintosh; Intel Mac OS X 10_12_3) AppleWebKit/537.36 (KHTML, like Gecko) Chrome/56.0.2924.87 Safari/537.36"
94.72.101.21 - - [02/Nov/2024:19:49:43 +0000] "GET /config/database.yml/data/secrets.yaml HTTP/1.1" 404 564 "-" "Mozilla/5.0 (Macintosh; Intel Mac OS X 10_12_3) AppleWebKit/537.36 (KHTML, like Gecko) Chrome/56.0.2924.87 Safari/537.36"
94.72.101.21 - - [02/Nov/2024:19:49:43 +0000] "GET /config/database.yml/data/vars.tf HTTP/1.1" 404 564 "-" "Mozilla/5.0 (Macintosh; Intel Mac OS X 10_12_3) AppleWebKit/537.36 (KHTML, like Gecko) Chrome/56.0.2924.87 Safari/537.36"
94.72.101.21 - - [02/Nov/2024:19:49:43 +0000] "GET /config/database.yml/data/credentials HTTP/1.1" 404 564 "-" "Mozilla/5.0 (Macintosh; Intel Mac OS X 10_12_3) AppleWebKit/537.36 (KHTML, like Gecko) Chrome/56.0.2924.87 Safari/537.36"
94.72.101.21 - - [02/Nov/2024:19:49:44 +0000] "GET /config/database.yml/data/secrets.json HTTP/1.1" 404 564 "-" "Mozilla/5.0 (Macintosh; Intel Mac OS X 10_12_3) AppleWebKit/537.36 (KHTML, like Gecko) Chrome/56.0.2924.87 Safari/537.36"
94.72.101.21 - - [02/Nov/2024:19:49:44 +0000] "GET /config/database.yml/data/keys.pem HTTP/1.1" 404 564 "-" "Mozilla/5.0 (Macintosh; Intel Mac OS X 10_12_3) AppleWebKit/537.36 (KHTML, like Gecko) Chrome/56.0.2924.87 Safari/537.36"
94.72.101.21 - - [02/Nov/2024:19:49:44 +0000] "GET /config/database.yml/data/settings.ini HTTP/1.1" 404 564 "-" "Mozilla/5.0 (Macintosh; Intel Mac OS X 10_12_3) AppleWebKit/537.36 (KHTML, like Gecko) Chrome/56.0.2924.87 Safari/537.36"
94.72.101.21 - - [02/Nov/2024:19:49:45 +0000] "GET /config/secrets.yaml/v1/config.json HTTP/1.1" 404 564 "-" "Mozilla/5.0 (Macintosh; Intel Mac OS X 10_12_3) AppleWebKit/537.36 (KHTML, like Gecko) Chrome/56.0.2924.87 Safari/537.36"
94.72.101.21 - - [02/Nov/2024:19:49:45 +0000] "GET /config/secrets.yaml/v1/.env HTTP/1.1" 404 564 "-" "Mozilla/5.0 (Macintosh; Intel Mac OS X 10_12_3) AppleWebKit/537.36 (KHTML, like Gecko) Chrome/56.0.2924.87 Safari/537.36"
94.72.101.21 - - [02/Nov/2024:19:49:45 +0000] "GET /config/secrets.yaml/v1/secrets.yaml HTTP/1.1" 404 564 "-" "Mozilla/5.0 (Macintosh; Intel Mac OS X 10_12_3) AppleWebKit/537.36 (KHTML, like Gecko) Chrome/56.0.2924.87 Safari/537.36"
94.72.101.21 - - [02/Nov/2024:19:49:45 +0000] "GET /config/secrets.yaml/v1/vars.tf HTTP/1.1" 404 564 "-" "Mozilla/5.0 (Macintosh; Intel Mac OS X 10_12_3) AppleWebKit/537.36 (KHTML, like Gecko) Chrome/56.0.2924.87 Safari/537.36"
94.72.101.21 - - [02/Nov/2024:19:49:47 +0000] "GET /config/secrets.yaml/v1/credentials HTTP/1.1" 404 564 "-" "Mozilla/5.0 (Macintosh; Intel Mac OS X 10_12_3) AppleWebKit/537.36 (KHTML, like Gecko) Chrome/56.0.2924.87 Safari/537.36"
94.72.101.21 - - [02/Nov/2024:19:49:47 +0000] "GET /config/secrets.yaml/v1/secrets.json HTTP/1.1" 404 564 "-" "Mozilla/5.0 (Macintosh; Intel Mac OS X 10_12_3) AppleWebKit/537.36 (KHTML, like Gecko) Chrome/56.0.2924.87 Safari/537.36"
94.72.101.21 - - [02/Nov/2024:19:49:47 +0000] "GET /config/secrets.yaml/v1/keys.pem HTTP/1.1" 404 564 "-" "Mozilla/5.0 (Macintosh; Intel Mac OS X 10_12_3) AppleWebKit/537.36 (KHTML, like Gecko) Chrome/56.0.2924.87 Safari/537.36"
94.72.101.21 - - [02/Nov/2024:19:49:48 +0000] "GET /config/secrets.yaml/v1/settings.ini HTTP/1.1" 404 564 "-" "Mozilla/5.0 (Macintosh; Intel Mac OS X 10_12_3) AppleWebKit/537.36 (KHTML, like Gecko) Chrome/56.0.2924.87 Safari/537.36"
94.72.101.21 - - [02/Nov/2024:19:49:48 +0000] "GET /config/secrets.yaml/v2/config.json HTTP/1.1" 404 564 "-" "Mozilla/5.0 (Macintosh; Intel Mac OS X 10_12_3) AppleWebKit/537.36 (KHTML, like Gecko) Chrome/56.0.2924.87 Safari/537.36"
94.72.101.21 - - [02/Nov/2024:19:49:48 +0000] "GET /config/secrets.yaml/v2/.env HTTP/1.1" 404 564 "-" "Mozilla/5.0 (Macintosh; Intel Mac OS X 10_12_3) AppleWebKit/537.36 (KHTML, like Gecko) Chrome/56.0.2924.87 Safari/537.36"
94.72.101.21 - - [02/Nov/2024:19:49:48 +0000] "GET /config/secrets.yaml/v2/secrets.yaml HTTP/1.1" 404 564 "-" "Mozilla/5.0 (Macintosh; Intel Mac OS X 10_12_3) AppleWebKit/537.36 (KHTML, like Gecko) Chrome/56.0.2924.87 Safari/537.36"
94.72.101.21 - - [02/Nov/2024:19:49:49 +0000] "GET /config/secrets.yaml/v2/vars.tf HTTP/1.1" 404 564 "-" "Mozilla/5.0 (Macintosh; Intel Mac OS X 10_12_3) AppleWebKit/537.36 (KHTML, like Gecko) Chrome/56.0.2924.87 Safari/537.36"
94.72.101.21 - - [02/Nov/2024:19:49:49 +0000] "GET /config/secrets.yaml/v2/credentials HTTP/1.1" 404 564 "-" "Mozilla/5.0 (Macintosh; Intel Mac OS X 10_12_3) AppleWebKit/537.36 (KHTML, like Gecko) Chrome/56.0.2924.87 Safari/537.36"
94.72.101.21 - - [02/Nov/2024:19:49:49 +0000] "GET /config/secrets.yaml/v2/secrets.json HTTP/1.1" 404 564 "-" "Mozilla/5.0 (Macintosh; Intel Mac OS X 10_12_3) AppleWebKit/537.36 (KHTML, like Gecko) Chrome/56.0.2924.87 Safari/537.36"
94.72.101.21 - - [02/Nov/2024:19:49:49 +0000] "GET /config/secrets.yaml/v2/keys.pem HTTP/1.1" 404 564 "-" "Mozilla/5.0 (Macintosh; Intel Mac OS X 10_12_3) AppleWebKit/537.36 (KHTML, like Gecko) Chrome/56.0.2924.87 Safari/537.36"
94.72.101.21 - - [02/Nov/2024:19:49:50 +0000] "GET /config/secrets.yaml/v2/settings.ini HTTP/1.1" 404 564 "-" "Mozilla/5.0 (Macintosh; Intel Mac OS X 10_12_3) AppleWebKit/537.36 (KHTML, like Gecko) Chrome/56.0.2924.87 Safari/537.36"
94.72.101.21 - - [02/Nov/2024:19:49:50 +0000] "GET /config/secrets.yaml/dev/config.json HTTP/1.1" 404 564 "-" "Mozilla/5.0 (Macintosh; Intel Mac OS X 10_12_3) AppleWebKit/537.36 (KHTML, like Gecko) Chrome/56.0.2924.87 Safari/537.36"
94.72.101.21 - - [02/Nov/2024:19:49:50 +0000] "GET /config/secrets.yaml/dev/.env HTTP/1.1" 404 564 "-" "Mozilla/5.0 (Macintosh; Intel Mac OS X 10_12_3) AppleWebKit/537.36 (KHTML, like Gecko) Chrome/56.0.2924.87 Safari/537.36"
94.72.101.21 - - [02/Nov/2024:19:49:50 +0000] "GET /config/secrets.yaml/dev/secrets.yaml HTTP/1.1" 404 564 "-" "Mozilla/5.0 (Macintosh; Intel Mac OS X 10_12_3) AppleWebKit/537.36 (KHTML, like Gecko) Chrome/56.0.2924.87 Safari/537.36"
94.72.101.21 - - [02/Nov/2024:19:49:51 +0000] "GET /config/secrets.yaml/dev/vars.tf HTTP/1.1" 404 564 "-" "Mozilla/5.0 (Macintosh; Intel Mac OS X 10_12_3) AppleWebKit/537.36 (KHTML, like Gecko) Chrome/56.0.2924.87 Safari/537.36"
94.72.101.21 - - [02/Nov/2024:19:49:51 +0000] "GET /config/secrets.yaml/dev/credentials HTTP/1.1" 404 564 "-" "Mozilla/5.0 (Macintosh; Intel Mac OS X 10_12_3) AppleWebKit/537.36 (KHTML, like Gecko) Chrome/56.0.2924.87 Safari/537.36"
94.72.101.21 - - [02/Nov/2024:19:49:51 +0000] "GET /config/secrets.yaml/dev/secrets.json HTTP/1.1" 404 564 "-" "Mozilla/5.0 (Macintosh; Intel Mac OS X 10_12_3) AppleWebKit/537.36 (KHTML, like Gecko) Chrome/56.0.2924.87 Safari/537.36"
94.72.101.21 - - [02/Nov/2024:19:49:52 +0000] "GET /config/secrets.yaml/dev/keys.pem HTTP/1.1" 404 564 "-" "Mozilla/5.0 (Macintosh; Intel Mac OS X 10_12_3) AppleWebKit/537.36 (KHTML, like Gecko) Chrome/56.0.2924.87 Safari/537.36"
94.72.101.21 - - [02/Nov/2024:19:49:52 +0000] "GET /config/secrets.yaml/dev/settings.ini HTTP/1.1" 404 564 "-" "Mozilla/5.0 (Macintosh; Intel Mac OS X 10_12_3) AppleWebKit/537.36 (KHTML, like Gecko) Chrome/56.0.2924.87 Safari/537.36"
94.72.101.21 - - [02/Nov/2024:19:49:52 +0000] "GET /config/secrets.yaml/prod/config.json HTTP/1.1" 404 564 "-" "Mozilla/5.0 (Macintosh; Intel Mac OS X 10_12_3) AppleWebKit/537.36 (KHTML, like Gecko) Chrome/56.0.2924.87 Safari/537.36"
94.72.101.21 - - [02/Nov/2024:19:49:53 +0000] "GET /config/secrets.yaml/prod/.env HTTP/1.1" 404 564 "-" "Mozilla/5.0 (Macintosh; Intel Mac OS X 10_12_3) AppleWebKit/537.36 (KHTML, like Gecko) Chrome/56.0.2924.87 Safari/537.36"
94.72.101.21 - - [02/Nov/2024:19:49:53 +0000] "GET /config/secrets.yaml/prod/secrets.yaml HTTP/1.1" 404 564 "-" "Mozilla/5.0 (Macintosh; Intel Mac OS X 10_12_3) AppleWebKit/537.36 (KHTML, like Gecko) Chrome/56.0.2924.87 Safari/537.36"
94.72.101.21 - - [02/Nov/2024:19:49:53 +0000] "GET /config/secrets.yaml/prod/vars.tf HTTP/1.1" 404 564 "-" "Mozilla/5.0 (Macintosh; Intel Mac OS X 10_12_3) AppleWebKit/537.36 (KHTML, like Gecko) Chrome/56.0.2924.87 Safari/537.36"
94.72.101.21 - - [02/Nov/2024:19:49:53 +0000] "GET /config/secrets.yaml/prod/credentials HTTP/1.1" 404 564 "-" "Mozilla/5.0 (Macintosh; Intel Mac OS X 10_12_3) AppleWebKit/537.36 (KHTML, like Gecko) Chrome/56.0.2924.87 Safari/537.36"
94.72.101.21 - - [02/Nov/2024:19:49:53 +0000] "GET /config/secrets.yaml/prod/secrets.json HTTP/1.1" 404 564 "-" "Mozilla/5.0 (Macintosh; Intel Mac OS X 10_12_3) AppleWebKit/537.36 (KHTML, like Gecko) Chrome/56.0.2924.87 Safari/537.36"
94.72.101.21 - - [02/Nov/2024:19:49:53 +0000] "GET /config/secrets.yaml/prod/keys.pem HTTP/1.1" 404 564 "-" "Mozilla/5.0 (Macintosh; Intel Mac OS X 10_12_3) AppleWebKit/537.36 (KHTML, like Gecko) Chrome/56.0.2924.87 Safari/537.36"
94.72.101.21 - - [02/Nov/2024:19:49:54 +0000] "GET /config/secrets.yaml/prod/settings.ini HTTP/1.1" 404 564 "-" "Mozilla/5.0 (Macintosh; Intel Mac OS X 10_12_3) AppleWebKit/537.36 (KHTML, like Gecko) Chrome/56.0.2924.87 Safari/537.36"
94.72.101.21 - - [02/Nov/2024:19:49:54 +0000] "GET /config/secrets.yaml/staging/config.json HTTP/1.1" 404 564 "-" "Mozilla/5.0 (Macintosh; Intel Mac OS X 10_12_3) AppleWebKit/537.36 (KHTML, like Gecko) Chrome/56.0.2924.87 Safari/537.36"
94.72.101.21 - - [02/Nov/2024:19:49:54 +0000] "GET /config/secrets.yaml/staging/.env HTTP/1.1" 404 564 "-" "Mozilla/5.0 (Macintosh; Intel Mac OS X 10_12_3) AppleWebKit/537.36 (KHTML, like Gecko) Chrome/56.0.2924.87 Safari/537.36"
94.72.101.21 - - [02/Nov/2024:19:49:54 +0000] "GET /config/secrets.yaml/staging/secrets.yaml HTTP/1.1" 404 564 "-" "Mozilla/5.0 (Macintosh; Intel Mac OS X 10_12_3) AppleWebKit/537.36 (KHTML, like Gecko) Chrome/56.0.2924.87 Safari/537.36"
94.72.101.21 - - [02/Nov/2024:19:49:54 +0000] "GET /config/secrets.yaml/staging/vars.tf HTTP/1.1" 404 564 "-" "Mozilla/5.0 (Macintosh; Intel Mac OS X 10_12_3) AppleWebKit/537.36 (KHTML, like Gecko) Chrome/56.0.2924.87 Safari/537.36"
94.72.101.21 - - [02/Nov/2024:19:49:55 +0000] "GET /config/secrets.yaml/staging/credentials HTTP/1.1" 404 564 "-" "Mozilla/5.0 (Macintosh; Intel Mac OS X 10_12_3) AppleWebKit/537.36 (KHTML, like Gecko) Chrome/56.0.2924.87 Safari/537.36"
94.72.101.21 - - [02/Nov/2024:19:49:55 +0000] "GET /config/secrets.yaml/staging/secrets.json HTTP/1.1" 404 564 "-" "Mozilla/5.0 (Macintosh; Intel Mac OS X 10_12_3) AppleWebKit/537.36 (KHTML, like Gecko) Chrome/56.0.2924.87 Safari/537.36"
94.72.101.21 - - [02/Nov/2024:19:49:55 +0000] "GET /config/secrets.yaml/staging/keys.pem HTTP/1.1" 404 564 "-" "Mozilla/5.0 (Macintosh; Intel Mac OS X 10_12_3) AppleWebKit/537.36 (KHTML, like Gecko) Chrome/56.0.2924.87 Safari/537.36"
94.72.101.21 - - [02/Nov/2024:19:49:55 +0000] "GET /config/secrets.yaml/staging/settings.ini HTTP/1.1" 404 564 "-" "Mozilla/5.0 (Macintosh; Intel Mac OS X 10_12_3) AppleWebKit/537.36 (KHTML, like Gecko) Chrome/56.0.2924.87 Safari/537.36"
94.72.101.21 - - [02/Nov/2024:19:49:55 +0000] "GET /config/secrets.yaml/src/config.json HTTP/1.1" 404 564 "-" "Mozilla/5.0 (Macintosh; Intel Mac OS X 10_12_3) AppleWebKit/537.36 (KHTML, like Gecko) Chrome/56.0.2924.87 Safari/537.36"
94.72.101.21 - - [02/Nov/2024:19:49:55 +0000] "GET /config/secrets.yaml/src/.env HTTP/1.1" 404 564 "-" "Mozilla/5.0 (Macintosh; Intel Mac OS X 10_12_3) AppleWebKit/537.36 (KHTML, like Gecko) Chrome/56.0.2924.87 Safari/537.36"
94.72.101.21 - - [02/Nov/2024:19:49:56 +0000] "GET /config/secrets.yaml/src/secrets.yaml HTTP/1.1" 404 564 "-" "Mozilla/5.0 (Macintosh; Intel Mac OS X 10_12_3) AppleWebKit/537.36 (KHTML, like Gecko) Chrome/56.0.2924.87 Safari/537.36"
94.72.101.21 - - [02/Nov/2024:19:49:56 +0000] "GET /config/secrets.yaml/src/vars.tf HTTP/1.1" 404 564 "-" "Mozilla/5.0 (Macintosh; Intel Mac OS X 10_12_3) AppleWebKit/537.36 (KHTML, like Gecko) Chrome/56.0.2924.87 Safari/537.36"
94.72.101.21 - - [02/Nov/2024:19:49:56 +0000] "GET /config/secrets.yaml/src/credentials HTTP/1.1" 404 564 "-" "Mozilla/5.0 (Macintosh; Intel Mac OS X 10_12_3) AppleWebKit/537.36 (KHTML, like Gecko) Chrome/56.0.2924.87 Safari/537.36"
94.72.101.21 - - [02/Nov/2024:19:49:57 +0000] "GET /config/secrets.yaml/src/secrets.json HTTP/1.1" 404 564 "-" "Mozilla/5.0 (Macintosh; Intel Mac OS X 10_12_3) AppleWebKit/537.36 (KHTML, like Gecko) Chrome/56.0.2924.87 Safari/537.36"
94.72.101.21 - - [02/Nov/2024:19:49:57 +0000] "GET /config/secrets.yaml/src/keys.pem HTTP/1.1" 404 564 "-" "Mozilla/5.0 (Macintosh; Intel Mac OS X 10_12_3) AppleWebKit/537.36 (KHTML, like Gecko) Chrome/56.0.2924.87 Safari/537.36"
94.72.101.21 - - [02/Nov/2024:19:49:57 +0000] "GET /config/secrets.yaml/src/settings.ini HTTP/1.1" 404 564 "-" "Mozilla/5.0 (Macintosh; Intel Mac OS X 10_12_3) AppleWebKit/537.36 (KHTML, like Gecko) Chrome/56.0.2924.87 Safari/537.36"
94.72.101.21 - - [02/Nov/2024:19:49:57 +0000] "GET /config/secrets.yaml/dist/config.json HTTP/1.1" 404 564 "-" "Mozilla/5.0 (Macintosh; Intel Mac OS X 10_12_3) AppleWebKit/537.36 (KHTML, like Gecko) Chrome/56.0.2924.87 Safari/537.36"
94.72.101.21 - - [02/Nov/2024:19:49:57 +0000] "GET /config/secrets.yaml/dist/.env HTTP/1.1" 404 564 "-" "Mozilla/5.0 (Macintosh; Intel Mac OS X 10_12_3) AppleWebKit/537.36 (KHTML, like Gecko) Chrome/56.0.2924.87 Safari/537.36"
94.72.101.21 - - [02/Nov/2024:19:49:57 +0000] "GET /config/secrets.yaml/dist/secrets.yaml HTTP/1.1" 404 564 "-" "Mozilla/5.0 (Macintosh; Intel Mac OS X 10_12_3) AppleWebKit/537.36 (KHTML, like Gecko) Chrome/56.0.2924.87 Safari/537.36"
94.72.101.21 - - [02/Nov/2024:19:49:58 +0000] "GET /config/secrets.yaml/dist/vars.tf HTTP/1.1" 404 564 "-" "Mozilla/5.0 (Macintosh; Intel Mac OS X 10_12_3) AppleWebKit/537.36 (KHTML, like Gecko) Chrome/56.0.2924.87 Safari/537.36"
94.72.101.21 - - [02/Nov/2024:19:49:58 +0000] "GET /config/secrets.yaml/dist/credentials HTTP/1.1" 404 564 "-" "Mozilla/5.0 (Macintosh; Intel Mac OS X 10_12_3) AppleWebKit/537.36 (KHTML, like Gecko) Chrome/56.0.2924.87 Safari/537.36"
94.72.101.21 - - [02/Nov/2024:19:49:58 +0000] "GET /config/secrets.yaml/dist/secrets.json HTTP/1.1" 404 564 "-" "Mozilla/5.0 (Macintosh; Intel Mac OS X 10_12_3) AppleWebKit/537.36 (KHTML, like Gecko) Chrome/56.0.2924.87 Safari/537.36"
94.72.101.21 - - [02/Nov/2024:19:49:58 +0000] "GET /config/secrets.yaml/dist/keys.pem HTTP/1.1" 404 564 "-" "Mozilla/5.0 (Macintosh; Intel Mac OS X 10_12_3) AppleWebKit/537.36 (KHTML, like Gecko) Chrome/56.0.2924.87 Safari/537.36"
94.72.101.21 - - [02/Nov/2024:19:49:58 +0000] "GET /config/secrets.yaml/dist/settings.ini HTTP/1.1" 404 564 "-" "Mozilla/5.0 (Macintosh; Intel Mac OS X 10_12_3) AppleWebKit/537.36 (KHTML, like Gecko) Chrome/56.0.2924.87 Safari/537.36"
94.72.101.21 - - [02/Nov/2024:19:49:59 +0000] "GET /config/secrets.yaml/config/config.json HTTP/1.1" 404 564 "-" "Mozilla/5.0 (Macintosh; Intel Mac OS X 10_12_3) AppleWebKit/537.36 (KHTML, like Gecko) Chrome/56.0.2924.87 Safari/537.36"
94.72.101.21 - - [02/Nov/2024:19:49:59 +0000] "GET /config/secrets.yaml/config/.env HTTP/1.1" 404 564 "-" "Mozilla/5.0 (Macintosh; Intel Mac OS X 10_12_3) AppleWebKit/537.36 (KHTML, like Gecko) Chrome/56.0.2924.87 Safari/537.36"
94.72.101.21 - - [02/Nov/2024:19:49:59 +0000] "GET /config/secrets.yaml/config/secrets.yaml HTTP/1.1" 404 564 "-" "Mozilla/5.0 (Macintosh; Intel Mac OS X 10_12_3) AppleWebKit/537.36 (KHTML, like Gecko) Chrome/56.0.2924.87 Safari/537.36"
94.72.101.21 - - [02/Nov/2024:19:49:59 +0000] "GET /config/secrets.yaml/config/vars.tf HTTP/1.1" 404 564 "-" "Mozilla/5.0 (Macintosh; Intel Mac OS X 10_12_3) AppleWebKit/537.36 (KHTML, like Gecko) Chrome/56.0.2924.87 Safari/537.36"
94.72.101.21 - - [02/Nov/2024:19:50:00 +0000] "GET /config/secrets.yaml/config/credentials HTTP/1.1" 404 564 "-" "Mozilla/5.0 (Macintosh; Intel Mac OS X 10_12_3) AppleWebKit/537.36 (KHTML, like Gecko) Chrome/56.0.2924.87 Safari/537.36"
94.72.101.21 - - [02/Nov/2024:19:50:00 +0000] "GET /config/secrets.yaml/config/secrets.json HTTP/1.1" 404 564 "-" "Mozilla/5.0 (Macintosh; Intel Mac OS X 10_12_3) AppleWebKit/537.36 (KHTML, like Gecko) Chrome/56.0.2924.87 Safari/537.36"
94.72.101.21 - - [02/Nov/2024:19:50:00 +0000] "GET /config/secrets.yaml/config/keys.pem HTTP/1.1" 404 564 "-" "Mozilla/5.0 (Macintosh; Intel Mac OS X 10_12_3) AppleWebKit/537.36 (KHTML, like Gecko) Chrome/56.0.2924.87 Safari/537.36"
94.72.101.21 - - [02/Nov/2024:19:50:00 +0000] "GET /config/secrets.yaml/config/settings.ini HTTP/1.1" 404 564 "-" "Mozilla/5.0 (Macintosh; Intel Mac OS X 10_12_3) AppleWebKit/537.36 (KHTML, like Gecko) Chrome/56.0.2924.87 Safari/537.36"
94.72.101.21 - - [02/Nov/2024:19:50:01 +0000] "GET /config/secrets.yaml/backups/config.json HTTP/1.1" 404 564 "-" "Mozilla/5.0 (Macintosh; Intel Mac OS X 10_12_3) AppleWebKit/537.36 (KHTML, like Gecko) Chrome/56.0.2924.87 Safari/537.36"
94.72.101.21 - - [02/Nov/2024:19:50:01 +0000] "GET /config/secrets.yaml/backups/.env HTTP/1.1" 404 564 "-" "Mozilla/5.0 (Macintosh; Intel Mac OS X 10_12_3) AppleWebKit/537.36 (KHTML, like Gecko) Chrome/56.0.2924.87 Safari/537.36"
94.72.101.21 - - [02/Nov/2024:19:50:01 +0000] "GET /config/secrets.yaml/backups/secrets.yaml HTTP/1.1" 404 564 "-" "Mozilla/5.0 (Macintosh; Intel Mac OS X 10_12_3) AppleWebKit/537.36 (KHTML, like Gecko) Chrome/56.0.2924.87 Safari/537.36"
94.72.101.21 - - [02/Nov/2024:19:50:01 +0000] "GET /config/secrets.yaml/backups/vars.tf HTTP/1.1" 404 564 "-" "Mozilla/5.0 (Macintosh; Intel Mac OS X 10_12_3) AppleWebKit/537.36 (KHTML, like Gecko) Chrome/56.0.2924.87 Safari/537.36"
94.72.101.21 - - [02/Nov/2024:19:50:01 +0000] "GET /config/secrets.yaml/backups/credentials HTTP/1.1" 404 564 "-" "Mozilla/5.0 (Macintosh; Intel Mac OS X 10_12_3) AppleWebKit/537.36 (KHTML, like Gecko) Chrome/56.0.2924.87 Safari/537.36"
94.72.101.21 - - [02/Nov/2024:19:50:02 +0000] "GET /config/secrets.yaml/backups/secrets.json HTTP/1.1" 404 564 "-" "Mozilla/5.0 (Macintosh; Intel Mac OS X 10_12_3) AppleWebKit/537.36 (KHTML, like Gecko) Chrome/56.0.2924.87 Safari/537.36"
94.72.101.21 - - [02/Nov/2024:19:50:02 +0000] "GET /config/secrets.yaml/backups/keys.pem HTTP/1.1" 404 564 "-" "Mozilla/5.0 (Macintosh; Intel Mac OS X 10_12_3) AppleWebKit/537.36 (KHTML, like Gecko) Chrome/56.0.2924.87 Safari/537.36"
94.72.101.21 - - [02/Nov/2024:19:50:02 +0000] "GET /config/secrets.yaml/backups/settings.ini HTTP/1.1" 404 564 "-" "Mozilla/5.0 (Macintosh; Intel Mac OS X 10_12_3) AppleWebKit/537.36 (KHTML, like Gecko) Chrome/56.0.2924.87 Safari/537.36"
94.72.101.21 - - [02/Nov/2024:19:50:03 +0000] "GET /config/secrets.yaml/data/config.json HTTP/1.1" 404 564 "-" "Mozilla/5.0 (Macintosh; Intel Mac OS X 10_12_3) AppleWebKit/537.36 (KHTML, like Gecko) Chrome/56.0.2924.87 Safari/537.36"
94.72.101.21 - - [02/Nov/2024:19:50:03 +0000] "GET /config/secrets.yaml/data/.env HTTP/1.1" 404 564 "-" "Mozilla/5.0 (Macintosh; Intel Mac OS X 10_12_3) AppleWebKit/537.36 (KHTML, like Gecko) Chrome/56.0.2924.87 Safari/537.36"
94.72.101.21 - - [02/Nov/2024:19:50:04 +0000] "GET /config/secrets.yaml/data/secrets.yaml HTTP/1.1" 404 564 "-" "Mozilla/5.0 (Macintosh; Intel Mac OS X 10_12_3) AppleWebKit/537.36 (KHTML, like Gecko) Chrome/56.0.2924.87 Safari/537.36"
94.72.101.21 - - [02/Nov/2024:19:50:04 +0000] "GET /config/secrets.yaml/data/vars.tf HTTP/1.1" 404 564 "-" "Mozilla/5.0 (Macintosh; Intel Mac OS X 10_12_3) AppleWebKit/537.36 (KHTML, like Gecko) Chrome/56.0.2924.87 Safari/537.36"
94.72.101.21 - - [02/Nov/2024:19:50:04 +0000] "GET /config/secrets.yaml/data/credentials HTTP/1.1" 404 564 "-" "Mozilla/5.0 (Macintosh; Intel Mac OS X 10_12_3) AppleWebKit/537.36 (KHTML, like Gecko) Chrome/56.0.2924.87 Safari/537.36"
94.72.101.21 - - [02/Nov/2024:19:50:04 +0000] "GET /config/secrets.yaml/data/secrets.json HTTP/1.1" 404 564 "-" "Mozilla/5.0 (Macintosh; Intel Mac OS X 10_12_3) AppleWebKit/537.36 (KHTML, like Gecko) Chrome/56.0.2924.87 Safari/537.36"
94.72.101.21 - - [02/Nov/2024:19:50:04 +0000] "GET /config/secrets.yaml/data/keys.pem HTTP/1.1" 404 564 "-" "Mozilla/5.0 (Macintosh; Intel Mac OS X 10_12_3) AppleWebKit/537.36 (KHTML, like Gecko) Chrome/56.0.2924.87 Safari/537.36"
94.72.101.21 - - [02/Nov/2024:19:50:04 +0000] "GET /config/secrets.yaml/data/settings.ini HTTP/1.1" 404 564 "-" "Mozilla/5.0 (Macintosh; Intel Mac OS X 10_12_3) AppleWebKit/537.36 (KHTML, like Gecko) Chrome/56.0.2924.87 Safari/537.36"
94.72.101.21 - - [02/Nov/2024:19:50:05 +0000] "GET /config/settings.json/v1/config.json HTTP/1.1" 404 564 "-" "Mozilla/5.0 (Macintosh; Intel Mac OS X 10_12_3) AppleWebKit/537.36 (KHTML, like Gecko) Chrome/56.0.2924.87 Safari/537.36"
94.72.101.21 - - [02/Nov/2024:19:50:05 +0000] "GET /config/settings.json/v1/.env HTTP/1.1" 404 564 "-" "Mozilla/5.0 (Macintosh; Intel Mac OS X 10_12_3) AppleWebKit/537.36 (KHTML, like Gecko) Chrome/56.0.2924.87 Safari/537.36"
94.72.101.21 - - [02/Nov/2024:19:50:05 +0000] "GET /config/settings.json/v1/secrets.yaml HTTP/1.1" 404 564 "-" "Mozilla/5.0 (Macintosh; Intel Mac OS X 10_12_3) AppleWebKit/537.36 (KHTML, like Gecko) Chrome/56.0.2924.87 Safari/537.36"
94.72.101.21 - - [02/Nov/2024:19:50:05 +0000] "GET /config/settings.json/v1/vars.tf HTTP/1.1" 404 564 "-" "Mozilla/5.0 (Macintosh; Intel Mac OS X 10_12_3) AppleWebKit/537.36 (KHTML, like Gecko) Chrome/56.0.2924.87 Safari/537.36"
94.72.101.21 - - [02/Nov/2024:19:50:05 +0000] "GET /config/settings.json/v1/credentials HTTP/1.1" 404 564 "-" "Mozilla/5.0 (Macintosh; Intel Mac OS X 10_12_3) AppleWebKit/537.36 (KHTML, like Gecko) Chrome/56.0.2924.87 Safari/537.36"
94.72.101.21 - - [02/Nov/2024:19:50:05 +0000] "GET /config/settings.json/v1/secrets.json HTTP/1.1" 404 564 "-" "Mozilla/5.0 (Macintosh; Intel Mac OS X 10_12_3) AppleWebKit/537.36 (KHTML, like Gecko) Chrome/56.0.2924.87 Safari/537.36"
94.72.101.21 - - [02/Nov/2024:19:50:06 +0000] "GET /config/settings.json/v1/keys.pem HTTP/1.1" 404 564 "-" "Mozilla/5.0 (Macintosh; Intel Mac OS X 10_12_3) AppleWebKit/537.36 (KHTML, like Gecko) Chrome/56.0.2924.87 Safari/537.36"
94.72.101.21 - - [02/Nov/2024:19:50:06 +0000] "GET /config/settings.json/v1/settings.ini HTTP/1.1" 404 564 "-" "Mozilla/5.0 (Macintosh; Intel Mac OS X 10_12_3) AppleWebKit/537.36 (KHTML, like Gecko) Chrome/56.0.2924.87 Safari/537.36"
94.72.101.21 - - [02/Nov/2024:19:50:06 +0000] "GET /config/settings.json/v2/config.json HTTP/1.1" 404 564 "-" "Mozilla/5.0 (Macintosh; Intel Mac OS X 10_12_3) AppleWebKit/537.36 (KHTML, like Gecko) Chrome/56.0.2924.87 Safari/537.36"
94.72.101.21 - - [02/Nov/2024:19:50:06 +0000] "GET /config/settings.json/v2/.env HTTP/1.1" 404 564 "-" "Mozilla/5.0 (Macintosh; Intel Mac OS X 10_12_3) AppleWebKit/537.36 (KHTML, like Gecko) Chrome/56.0.2924.87 Safari/537.36"
94.72.101.21 - - [02/Nov/2024:19:50:07 +0000] "GET /config/settings.json/v2/secrets.yaml HTTP/1.1" 404 564 "-" "Mozilla/5.0 (Macintosh; Intel Mac OS X 10_12_3) AppleWebKit/537.36 (KHTML, like Gecko) Chrome/56.0.2924.87 Safari/537.36"
94.72.101.21 - - [02/Nov/2024:19:50:07 +0000] "GET /config/settings.json/v2/vars.tf HTTP/1.1" 404 564 "-" "Mozilla/5.0 (Macintosh; Intel Mac OS X 10_12_3) AppleWebKit/537.36 (KHTML, like Gecko) Chrome/56.0.2924.87 Safari/537.36"
94.72.101.21 - - [02/Nov/2024:19:50:07 +0000] "GET /config/settings.json/v2/credentials HTTP/1.1" 404 564 "-" "Mozilla/5.0 (Macintosh; Intel Mac OS X 10_12_3) AppleWebKit/537.36 (KHTML, like Gecko) Chrome/56.0.2924.87 Safari/537.36"
94.72.101.21 - - [02/Nov/2024:19:50:08 +0000] "GET /config/settings.json/v2/secrets.json HTTP/1.1" 404 564 "-" "Mozilla/5.0 (Macintosh; Intel Mac OS X 10_12_3) AppleWebKit/537.36 (KHTML, like Gecko) Chrome/56.0.2924.87 Safari/537.36"
94.72.101.21 - - [02/Nov/2024:19:50:08 +0000] "GET /config/settings.json/v2/keys.pem HTTP/1.1" 404 564 "-" "Mozilla/5.0 (Macintosh; Intel Mac OS X 10_12_3) AppleWebKit/537.36 (KHTML, like Gecko) Chrome/56.0.2924.87 Safari/537.36"
94.72.101.21 - - [02/Nov/2024:19:50:08 +0000] "GET /config/settings.json/v2/settings.ini HTTP/1.1" 404 564 "-" "Mozilla/5.0 (Macintosh; Intel Mac OS X 10_12_3) AppleWebKit/537.36 (KHTML, like Gecko) Chrome/56.0.2924.87 Safari/537.36"
94.72.101.21 - - [02/Nov/2024:19:50:08 +0000] "GET /config/settings.json/dev/config.json HTTP/1.1" 404 564 "-" "Mozilla/5.0 (Macintosh; Intel Mac OS X 10_12_3) AppleWebKit/537.36 (KHTML, like Gecko) Chrome/56.0.2924.87 Safari/537.36"
94.72.101.21 - - [02/Nov/2024:19:50:08 +0000] "GET /config/settings.json/dev/.env HTTP/1.1" 404 564 "-" "Mozilla/5.0 (Macintosh; Intel Mac OS X 10_12_3) AppleWebKit/537.36 (KHTML, like Gecko) Chrome/56.0.2924.87 Safari/537.36"
94.72.101.21 - - [02/Nov/2024:19:50:09 +0000] "GET /config/settings.json/dev/secrets.yaml HTTP/1.1" 404 564 "-" "Mozilla/5.0 (Macintosh; Intel Mac OS X 10_12_3) AppleWebKit/537.36 (KHTML, like Gecko) Chrome/56.0.2924.87 Safari/537.36"
94.72.101.21 - - [02/Nov/2024:19:50:09 +0000] "GET /config/settings.json/dev/vars.tf HTTP/1.1" 404 564 "-" "Mozilla/5.0 (Macintosh; Intel Mac OS X 10_12_3) AppleWebKit/537.36 (KHTML, like Gecko) Chrome/56.0.2924.87 Safari/537.36"
94.72.101.21 - - [02/Nov/2024:19:50:09 +0000] "GET /config/settings.json/dev/credentials HTTP/1.1" 404 564 "-" "Mozilla/5.0 (Macintosh; Intel Mac OS X 10_12_3) AppleWebKit/537.36 (KHTML, like Gecko) Chrome/56.0.2924.87 Safari/537.36"
94.72.101.21 - - [02/Nov/2024:19:50:10 +0000] "GET /config/settings.json/dev/secrets.json HTTP/1.1" 404 564 "-" "Mozilla/5.0 (Macintosh; Intel Mac OS X 10_12_3) AppleWebKit/537.36 (KHTML, like Gecko) Chrome/56.0.2924.87 Safari/537.36"
94.72.101.21 - - [02/Nov/2024:19:50:10 +0000] "GET /config/settings.json/dev/keys.pem HTTP/1.1" 404 564 "-" "Mozilla/5.0 (Macintosh; Intel Mac OS X 10_12_3) AppleWebKit/537.36 (KHTML, like Gecko) Chrome/56.0.2924.87 Safari/537.36"
94.72.101.21 - - [02/Nov/2024:19:50:10 +0000] "GET /config/settings.json/dev/settings.ini HTTP/1.1" 404 564 "-" "Mozilla/5.0 (Macintosh; Intel Mac OS X 10_12_3) AppleWebKit/537.36 (KHTML, like Gecko) Chrome/56.0.2924.87 Safari/537.36"
94.72.101.21 - - [02/Nov/2024:19:50:10 +0000] "GET /config/settings.json/prod/config.json HTTP/1.1" 404 564 "-" "Mozilla/5.0 (Macintosh; Intel Mac OS X 10_12_3) AppleWebKit/537.36 (KHTML, like Gecko) Chrome/56.0.2924.87 Safari/537.36"
94.72.101.21 - - [02/Nov/2024:19:50:11 +0000] "GET /config/settings.json/prod/.env HTTP/1.1" 404 564 "-" "Mozilla/5.0 (Macintosh; Intel Mac OS X 10_12_3) AppleWebKit/537.36 (KHTML, like Gecko) Chrome/56.0.2924.87 Safari/537.36"
94.72.101.21 - - [02/Nov/2024:19:50:11 +0000] "GET /config/settings.json/prod/secrets.yaml HTTP/1.1" 404 564 "-" "Mozilla/5.0 (Macintosh; Intel Mac OS X 10_12_3) AppleWebKit/537.36 (KHTML, like Gecko) Chrome/56.0.2924.87 Safari/537.36"
94.72.101.21 - - [02/Nov/2024:19:50:11 +0000] "GET /config/settings.json/prod/vars.tf HTTP/1.1" 404 564 "-" "Mozilla/5.0 (Macintosh; Intel Mac OS X 10_12_3) AppleWebKit/537.36 (KHTML, like Gecko) Chrome/56.0.2924.87 Safari/537.36"
94.72.101.21 - - [02/Nov/2024:19:50:11 +0000] "GET /config/settings.json/prod/credentials HTTP/1.1" 404 564 "-" "Mozilla/5.0 (Macintosh; Intel Mac OS X 10_12_3) AppleWebKit/537.36 (KHTML, like Gecko) Chrome/56.0.2924.87 Safari/537.36"
94.72.101.21 - - [02/Nov/2024:19:50:12 +0000] "GET /config/settings.json/prod/secrets.json HTTP/1.1" 404 564 "-" "Mozilla/5.0 (Macintosh; Intel Mac OS X 10_12_3) AppleWebKit/537.36 (KHTML, like Gecko) Chrome/56.0.2924.87 Safari/537.36"
94.72.101.21 - - [02/Nov/2024:19:50:12 +0000] "GET /config/settings.json/prod/keys.pem HTTP/1.1" 404 564 "-" "Mozilla/5.0 (Macintosh; Intel Mac OS X 10_12_3) AppleWebKit/537.36 (KHTML, like Gecko) Chrome/56.0.2924.87 Safari/537.36"
94.72.101.21 - - [02/Nov/2024:19:50:12 +0000] "GET /config/settings.json/prod/settings.ini HTTP/1.1" 404 564 "-" "Mozilla/5.0 (Macintosh; Intel Mac OS X 10_12_3) AppleWebKit/537.36 (KHTML, like Gecko) Chrome/56.0.2924.87 Safari/537.36"
94.72.101.21 - - [02/Nov/2024:19:50:13 +0000] "GET /config/settings.json/staging/config.json HTTP/1.1" 404 564 "-" "Mozilla/5.0 (Macintosh; Intel Mac OS X 10_12_3) AppleWebKit/537.36 (KHTML, like Gecko) Chrome/56.0.2924.87 Safari/537.36"
94.72.101.21 - - [02/Nov/2024:19:50:13 +0000] "GET /config/settings.json/staging/.env HTTP/1.1" 404 564 "-" "Mozilla/5.0 (Macintosh; Intel Mac OS X 10_12_3) AppleWebKit/537.36 (KHTML, like Gecko) Chrome/56.0.2924.87 Safari/537.36"
94.72.101.21 - - [02/Nov/2024:19:50:13 +0000] "GET /config/settings.json/staging/secrets.yaml HTTP/1.1" 404 564 "-" "Mozilla/5.0 (Macintosh; Intel Mac OS X 10_12_3) AppleWebKit/537.36 (KHTML, like Gecko) Chrome/56.0.2924.87 Safari/537.36"
94.72.101.21 - - [02/Nov/2024:19:50:13 +0000] "GET /config/settings.json/staging/vars.tf HTTP/1.1" 404 564 "-" "Mozilla/5.0 (Macintosh; Intel Mac OS X 10_12_3) AppleWebKit/537.36 (KHTML, like Gecko) Chrome/56.0.2924.87 Safari/537.36"
94.72.101.21 - - [02/Nov/2024:19:50:13 +0000] "GET /config/settings.json/staging/credentials HTTP/1.1" 404 564 "-" "Mozilla/5.0 (Macintosh; Intel Mac OS X 10_12_3) AppleWebKit/537.36 (KHTML, like Gecko) Chrome/56.0.2924.87 Safari/537.36"
94.72.101.21 - - [02/Nov/2024:19:50:14 +0000] "GET /config/settings.json/staging/secrets.json HTTP/1.1" 404 564 "-" "Mozilla/5.0 (Macintosh; Intel Mac OS X 10_12_3) AppleWebKit/537.36 (KHTML, like Gecko) Chrome/56.0.2924.87 Safari/537.36"
94.72.101.21 - - [02/Nov/2024:19:50:14 +0000] "GET /config/settings.json/staging/keys.pem HTTP/1.1" 404 564 "-" "Mozilla/5.0 (Macintosh; Intel Mac OS X 10_12_3) AppleWebKit/537.36 (KHTML, like Gecko) Chrome/56.0.2924.87 Safari/537.36"
94.72.101.21 - - [02/Nov/2024:19:50:14 +0000] "GET /config/settings.json/staging/settings.ini HTTP/1.1" 404 564 "-" "Mozilla/5.0 (Macintosh; Intel Mac OS X 10_12_3) AppleWebKit/537.36 (KHTML, like Gecko) Chrome/56.0.2924.87 Safari/537.36"
94.72.101.21 - - [02/Nov/2024:19:50:14 +0000] "GET /config/settings.json/src/config.json HTTP/1.1" 404 564 "-" "Mozilla/5.0 (Macintosh; Intel Mac OS X 10_12_3) AppleWebKit/537.36 (KHTML, like Gecko) Chrome/56.0.2924.87 Safari/537.36"
94.72.101.21 - - [02/Nov/2024:19:50:15 +0000] "GET /config/settings.json/src/.env HTTP/1.1" 404 564 "-" "Mozilla/5.0 (Macintosh; Intel Mac OS X 10_12_3) AppleWebKit/537.36 (KHTML, like Gecko) Chrome/56.0.2924.87 Safari/537.36"
94.72.101.21 - - [02/Nov/2024:19:50:15 +0000] "GET /config/settings.json/src/secrets.yaml HTTP/1.1" 404 564 "-" "Mozilla/5.0 (Macintosh; Intel Mac OS X 10_12_3) AppleWebKit/537.36 (KHTML, like Gecko) Chrome/56.0.2924.87 Safari/537.36"
94.72.101.21 - - [02/Nov/2024:19:50:15 +0000] "GET /config/settings.json/src/vars.tf HTTP/1.1" 404 564 "-" "Mozilla/5.0 (Macintosh; Intel Mac OS X 10_12_3) AppleWebKit/537.36 (KHTML, like Gecko) Chrome/56.0.2924.87 Safari/537.36"
94.72.101.21 - - [02/Nov/2024:19:50:15 +0000] "GET /config/settings.json/src/credentials HTTP/1.1" 404 564 "-" "Mozilla/5.0 (Macintosh; Intel Mac OS X 10_12_3) AppleWebKit/537.36 (KHTML, like Gecko) Chrome/56.0.2924.87 Safari/537.36"
94.72.101.21 - - [02/Nov/2024:19:50:15 +0000] "GET /config/settings.json/src/secrets.json HTTP/1.1" 404 564 "-" "Mozilla/5.0 (Macintosh; Intel Mac OS X 10_12_3) AppleWebKit/537.36 (KHTML, like Gecko) Chrome/56.0.2924.87 Safari/537.36"
94.72.101.21 - - [02/Nov/2024:19:50:16 +0000] "GET /config/settings.json/src/keys.pem HTTP/1.1" 404 564 "-" "Mozilla/5.0 (Macintosh; Intel Mac OS X 10_12_3) AppleWebKit/537.36 (KHTML, like Gecko) Chrome/56.0.2924.87 Safari/537.36"
94.72.101.21 - - [02/Nov/2024:19:50:17 +0000] "GET /config/settings.json/src/settings.ini HTTP/1.1" 404 564 "-" "Mozilla/5.0 (Macintosh; Intel Mac OS X 10_12_3) AppleWebKit/537.36 (KHTML, like Gecko) Chrome/56.0.2924.87 Safari/537.36"
94.72.101.21 - - [02/Nov/2024:19:50:17 +0000] "GET /config/settings.json/dist/config.json HTTP/1.1" 404 564 "-" "Mozilla/5.0 (Macintosh; Intel Mac OS X 10_12_3) AppleWebKit/537.36 (KHTML, like Gecko) Chrome/56.0.2924.87 Safari/537.36"
94.72.101.21 - - [02/Nov/2024:19:50:17 +0000] "GET /config/settings.json/dist/.env HTTP/1.1" 404 564 "-" "Mozilla/5.0 (Macintosh; Intel Mac OS X 10_12_3) AppleWebKit/537.36 (KHTML, like Gecko) Chrome/56.0.2924.87 Safari/537.36"
94.72.101.21 - - [02/Nov/2024:19:50:17 +0000] "GET /config/settings.json/dist/secrets.yaml HTTP/1.1" 404 564 "-" "Mozilla/5.0 (Macintosh; Intel Mac OS X 10_12_3) AppleWebKit/537.36 (KHTML, like Gecko) Chrome/56.0.2924.87 Safari/537.36"
94.72.101.21 - - [02/Nov/2024:19:50:17 +0000] "GET /config/settings.json/dist/vars.tf HTTP/1.1" 404 564 "-" "Mozilla/5.0 (Macintosh; Intel Mac OS X 10_12_3) AppleWebKit/537.36 (KHTML, like Gecko) Chrome/56.0.2924.87 Safari/537.36"
94.72.101.21 - - [02/Nov/2024:19:50:18 +0000] "GET /config/settings.json/dist/credentials HTTP/1.1" 404 564 "-" "Mozilla/5.0 (Macintosh; Intel Mac OS X 10_12_3) AppleWebKit/537.36 (KHTML, like Gecko) Chrome/56.0.2924.87 Safari/537.36"
94.72.101.21 - - [02/Nov/2024:19:50:18 +0000] "GET /config/settings.json/dist/secrets.json HTTP/1.1" 404 564 "-" "Mozilla/5.0 (Macintosh; Intel Mac OS X 10_12_3) AppleWebKit/537.36 (KHTML, like Gecko) Chrome/56.0.2924.87 Safari/537.36"
94.72.101.21 - - [02/Nov/2024:19:50:18 +0000] "GET /config/settings.json/dist/keys.pem HTTP/1.1" 404 564 "-" "Mozilla/5.0 (Macintosh; Intel Mac OS X 10_12_3) AppleWebKit/537.36 (KHTML, like Gecko) Chrome/56.0.2924.87 Safari/537.36"
94.72.101.21 - - [02/Nov/2024:19:50:19 +0000] "GET /config/settings.json/dist/settings.ini HTTP/1.1" 404 564 "-" "Mozilla/5.0 (Macintosh; Intel Mac OS X 10_12_3) AppleWebKit/537.36 (KHTML, like Gecko) Chrome/56.0.2924.87 Safari/537.36"
94.72.101.21 - - [02/Nov/2024:19:50:19 +0000] "GET /config/settings.json/config/config.json HTTP/1.1" 404 564 "-" "Mozilla/5.0 (Macintosh; Intel Mac OS X 10_12_3) AppleWebKit/537.36 (KHTML, like Gecko) Chrome/56.0.2924.87 Safari/537.36"
94.72.101.21 - - [02/Nov/2024:19:50:19 +0000] "GET /config/settings.json/config/.env HTTP/1.1" 404 564 "-" "Mozilla/5.0 (Macintosh; Intel Mac OS X 10_12_3) AppleWebKit/537.36 (KHTML, like Gecko) Chrome/56.0.2924.87 Safari/537.36"
94.72.101.21 - - [02/Nov/2024:19:50:19 +0000] "GET /config/settings.json/config/secrets.yaml HTTP/1.1" 404 564 "-" "Mozilla/5.0 (Macintosh; Intel Mac OS X 10_12_3) AppleWebKit/537.36 (KHTML, like Gecko) Chrome/56.0.2924.87 Safari/537.36"
94.72.101.21 - - [02/Nov/2024:19:50:19 +0000] "GET /config/settings.json/config/vars.tf HTTP/1.1" 404 564 "-" "Mozilla/5.0 (Macintosh; Intel Mac OS X 10_12_3) AppleWebKit/537.36 (KHTML, like Gecko) Chrome/56.0.2924.87 Safari/537.36"
94.72.101.21 - - [02/Nov/2024:19:50:19 +0000] "GET /config/settings.json/config/credentials HTTP/1.1" 404 564 "-" "Mozilla/5.0 (Macintosh; Intel Mac OS X 10_12_3) AppleWebKit/537.36 (KHTML, like Gecko) Chrome/56.0.2924.87 Safari/537.36"
94.72.101.21 - - [02/Nov/2024:19:50:20 +0000] "GET /config/settings.json/config/secrets.json HTTP/1.1" 404 564 "-" "Mozilla/5.0 (Macintosh; Intel Mac OS X 10_12_3) AppleWebKit/537.36 (KHTML, like Gecko) Chrome/56.0.2924.87 Safari/537.36"
94.72.101.21 - - [02/Nov/2024:19:50:20 +0000] "GET /config/settings.json/config/keys.pem HTTP/1.1" 404 564 "-" "Mozilla/5.0 (Macintosh; Intel Mac OS X 10_12_3) AppleWebKit/537.36 (KHTML, like Gecko) Chrome/56.0.2924.87 Safari/537.36"
94.72.101.21 - - [02/Nov/2024:19:50:20 +0000] "GET /config/settings.json/config/settings.ini HTTP/1.1" 404 564 "-" "Mozilla/5.0 (Macintosh; Intel Mac OS X 10_12_3) AppleWebKit/537.36 (KHTML, like Gecko) Chrome/56.0.2924.87 Safari/537.36"
94.72.101.21 - - [02/Nov/2024:19:50:20 +0000] "GET /config/settings.json/backups/config.json HTTP/1.1" 404 564 "-" "Mozilla/5.0 (Macintosh; Intel Mac OS X 10_12_3) AppleWebKit/537.36 (KHTML, like Gecko) Chrome/56.0.2924.87 Safari/537.36"
94.72.101.21 - - [02/Nov/2024:19:50:20 +0000] "GET /config/settings.json/backups/.env HTTP/1.1" 404 564 "-" "Mozilla/5.0 (Macintosh; Intel Mac OS X 10_12_3) AppleWebKit/537.36 (KHTML, like Gecko) Chrome/56.0.2924.87 Safari/537.36"
94.72.101.21 - - [02/Nov/2024:19:50:21 +0000] "GET /config/settings.json/backups/secrets.yaml HTTP/1.1" 404 564 "-" "Mozilla/5.0 (Macintosh; Intel Mac OS X 10_12_3) AppleWebKit/537.36 (KHTML, like Gecko) Chrome/56.0.2924.87 Safari/537.36"
94.72.101.21 - - [02/Nov/2024:19:50:21 +0000] "GET /config/settings.json/backups/vars.tf HTTP/1.1" 404 564 "-" "Mozilla/5.0 (Macintosh; Intel Mac OS X 10_12_3) AppleWebKit/537.36 (KHTML, like Gecko) Chrome/56.0.2924.87 Safari/537.36"
94.72.101.21 - - [02/Nov/2024:19:50:21 +0000] "GET /config/settings.json/backups/credentials HTTP/1.1" 404 564 "-" "Mozilla/5.0 (Macintosh; Intel Mac OS X 10_12_3) AppleWebKit/537.36 (KHTML, like Gecko) Chrome/56.0.2924.87 Safari/537.36"
94.72.101.21 - - [02/Nov/2024:19:50:21 +0000] "GET /config/settings.json/backups/secrets.json HTTP/1.1" 404 564 "-" "Mozilla/5.0 (Macintosh; Intel Mac OS X 10_12_3) AppleWebKit/537.36 (KHTML, like Gecko) Chrome/56.0.2924.87 Safari/537.36"
94.72.101.21 - - [02/Nov/2024:19:50:21 +0000] "GET /config/settings.json/backups/keys.pem HTTP/1.1" 404 564 "-" "Mozilla/5.0 (Macintosh; Intel Mac OS X 10_12_3) AppleWebKit/537.36 (KHTML, like Gecko) Chrome/56.0.2924.87 Safari/537.36"
94.72.101.21 - - [02/Nov/2024:19:50:22 +0000] "GET /config/settings.json/backups/settings.ini HTTP/1.1" 404 564 "-" "Mozilla/5.0 (Macintosh; Intel Mac OS X 10_12_3) AppleWebKit/537.36 (KHTML, like Gecko) Chrome/56.0.2924.87 Safari/537.36"
94.72.101.21 - - [02/Nov/2024:19:50:22 +0000] "GET /config/settings.json/data/config.json HTTP/1.1" 404 564 "-" "Mozilla/5.0 (Macintosh; Intel Mac OS X 10_12_3) AppleWebKit/537.36 (KHTML, like Gecko) Chrome/56.0.2924.87 Safari/537.36"
94.72.101.21 - - [02/Nov/2024:19:50:22 +0000] "GET /config/settings.json/data/.env HTTP/1.1" 404 564 "-" "Mozilla/5.0 (Macintosh; Intel Mac OS X 10_12_3) AppleWebKit/537.36 (KHTML, like Gecko) Chrome/56.0.2924.87 Safari/537.36"
94.72.101.21 - - [02/Nov/2024:19:50:22 +0000] "GET /config/settings.json/data/secrets.yaml HTTP/1.1" 404 564 "-" "Mozilla/5.0 (Macintosh; Intel Mac OS X 10_12_3) AppleWebKit/537.36 (KHTML, like Gecko) Chrome/56.0.2924.87 Safari/537.36"
94.72.101.21 - - [02/Nov/2024:19:50:22 +0000] "GET /config/settings.json/data/vars.tf HTTP/1.1" 404 564 "-" "Mozilla/5.0 (Macintosh; Intel Mac OS X 10_12_3) AppleWebKit/537.36 (KHTML, like Gecko) Chrome/56.0.2924.87 Safari/537.36"
94.72.101.21 - - [02/Nov/2024:19:50:22 +0000] "GET /config/settings.json/data/credentials HTTP/1.1" 404 564 "-" "Mozilla/5.0 (Macintosh; Intel Mac OS X 10_12_3) AppleWebKit/537.36 (KHTML, like Gecko) Chrome/56.0.2924.87 Safari/537.36"
94.72.101.21 - - [02/Nov/2024:19:50:23 +0000] "GET /config/settings.json/data/secrets.json HTTP/1.1" 404 564 "-" "Mozilla/5.0 (Macintosh; Intel Mac OS X 10_12_3) AppleWebKit/537.36 (KHTML, like Gecko) Chrome/56.0.2924.87 Safari/537.36"
94.72.101.21 - - [02/Nov/2024:19:50:23 +0000] "GET /config/settings.json/data/keys.pem HTTP/1.1" 404 564 "-" "Mozilla/5.0 (Macintosh; Intel Mac OS X 10_12_3) AppleWebKit/537.36 (KHTML, like Gecko) Chrome/56.0.2924.87 Safari/537.36"
94.72.101.21 - - [02/Nov/2024:19:50:23 +0000] "GET /config/settings.json/data/settings.ini HTTP/1.1" 404 564 "-" "Mozilla/5.0 (Macintosh; Intel Mac OS X 10_12_3) AppleWebKit/537.36 (KHTML, like Gecko) Chrome/56.0.2924.87 Safari/537.36"
94.72.101.21 - - [02/Nov/2024:19:50:23 +0000] "GET /config/prod/config.yaml/v1/config.json HTTP/1.1" 404 564 "-" "Mozilla/5.0 (Macintosh; Intel Mac OS X 10_12_3) AppleWebKit/537.36 (KHTML, like Gecko) Chrome/56.0.2924.87 Safari/537.36"
94.72.101.21 - - [02/Nov/2024:19:50:23 +0000] "GET /config/prod/config.yaml/v1/.env HTTP/1.1" 404 564 "-" "Mozilla/5.0 (Macintosh; Intel Mac OS X 10_12_3) AppleWebKit/537.36 (KHTML, like Gecko) Chrome/56.0.2924.87 Safari/537.36"
94.72.101.21 - - [02/Nov/2024:19:50:23 +0000] "GET /config/prod/config.yaml/v1/secrets.yaml HTTP/1.1" 404 564 "-" "Mozilla/5.0 (Macintosh; Intel Mac OS X 10_12_3) AppleWebKit/537.36 (KHTML, like Gecko) Chrome/56.0.2924.87 Safari/537.36"
94.72.101.21 - - [02/Nov/2024:19:50:24 +0000] "GET /config/prod/config.yaml/v1/vars.tf HTTP/1.1" 404 564 "-" "Mozilla/5.0 (Macintosh; Intel Mac OS X 10_12_3) AppleWebKit/537.36 (KHTML, like Gecko) Chrome/56.0.2924.87 Safari/537.36"
94.72.101.21 - - [02/Nov/2024:19:50:24 +0000] "GET /config/prod/config.yaml/v1/credentials HTTP/1.1" 404 564 "-" "Mozilla/5.0 (Macintosh; Intel Mac OS X 10_12_3) AppleWebKit/537.36 (KHTML, like Gecko) Chrome/56.0.2924.87 Safari/537.36"
94.72.101.21 - - [02/Nov/2024:19:50:24 +0000] "GET /config/prod/config.yaml/v1/secrets.json HTTP/1.1" 404 564 "-" "Mozilla/5.0 (Macintosh; Intel Mac OS X 10_12_3) AppleWebKit/537.36 (KHTML, like Gecko) Chrome/56.0.2924.87 Safari/537.36"
94.72.101.21 - - [02/Nov/2024:19:50:24 +0000] "GET /config/prod/config.yaml/v1/keys.pem HTTP/1.1" 404 564 "-" "Mozilla/5.0 (Macintosh; Intel Mac OS X 10_12_3) AppleWebKit/537.36 (KHTML, like Gecko) Chrome/56.0.2924.87 Safari/537.36"
94.72.101.21 - - [02/Nov/2024:19:50:25 +0000] "GET /config/prod/config.yaml/v1/settings.ini HTTP/1.1" 404 564 "-" "Mozilla/5.0 (Macintosh; Intel Mac OS X 10_12_3) AppleWebKit/537.36 (KHTML, like Gecko) Chrome/56.0.2924.87 Safari/537.36"
94.72.101.21 - - [02/Nov/2024:19:50:25 +0000] "GET /config/prod/config.yaml/v2/config.json HTTP/1.1" 404 564 "-" "Mozilla/5.0 (Macintosh; Intel Mac OS X 10_12_3) AppleWebKit/537.36 (KHTML, like Gecko) Chrome/56.0.2924.87 Safari/537.36"
94.72.101.21 - - [02/Nov/2024:19:50:25 +0000] "GET /config/prod/config.yaml/v2/.env HTTP/1.1" 404 564 "-" "Mozilla/5.0 (Macintosh; Intel Mac OS X 10_12_3) AppleWebKit/537.36 (KHTML, like Gecko) Chrome/56.0.2924.87 Safari/537.36"
94.72.101.21 - - [02/Nov/2024:19:50:25 +0000] "GET /config/prod/config.yaml/v2/secrets.yaml HTTP/1.1" 404 564 "-" "Mozilla/5.0 (Macintosh; Intel Mac OS X 10_12_3) AppleWebKit/537.36 (KHTML, like Gecko) Chrome/56.0.2924.87 Safari/537.36"
94.72.101.21 - - [02/Nov/2024:19:50:26 +0000] "GET /config/prod/config.yaml/v2/vars.tf HTTP/1.1" 404 564 "-" "Mozilla/5.0 (Macintosh; Intel Mac OS X 10_12_3) AppleWebKit/537.36 (KHTML, like Gecko) Chrome/56.0.2924.87 Safari/537.36"
94.72.101.21 - - [02/Nov/2024:19:50:26 +0000] "GET /config/prod/config.yaml/v2/credentials HTTP/1.1" 404 564 "-" "Mozilla/5.0 (Macintosh; Intel Mac OS X 10_12_3) AppleWebKit/537.36 (KHTML, like Gecko) Chrome/56.0.2924.87 Safari/537.36"
94.72.101.21 - - [02/Nov/2024:19:50:26 +0000] "GET /config/prod/config.yaml/v2/secrets.json HTTP/1.1" 404 564 "-" "Mozilla/5.0 (Macintosh; Intel Mac OS X 10_12_3) AppleWebKit/537.36 (KHTML, like Gecko) Chrome/56.0.2924.87 Safari/537.36"
94.72.101.21 - - [02/Nov/2024:19:50:26 +0000] "GET /config/prod/config.yaml/v2/keys.pem HTTP/1.1" 404 564 "-" "Mozilla/5.0 (Macintosh; Intel Mac OS X 10_12_3) AppleWebKit/537.36 (KHTML, like Gecko) Chrome/56.0.2924.87 Safari/537.36"
94.72.101.21 - - [02/Nov/2024:19:50:27 +0000] "GET /config/prod/config.yaml/v2/settings.ini HTTP/1.1" 404 564 "-" "Mozilla/5.0 (Macintosh; Intel Mac OS X 10_12_3) AppleWebKit/537.36 (KHTML, like Gecko) Chrome/56.0.2924.87 Safari/537.36"
94.72.101.21 - - [02/Nov/2024:19:50:27 +0000] "GET /config/prod/config.yaml/dev/config.json HTTP/1.1" 404 564 "-" "Mozilla/5.0 (Macintosh; Intel Mac OS X 10_12_3) AppleWebKit/537.36 (KHTML, like Gecko) Chrome/56.0.2924.87 Safari/537.36"
94.72.101.21 - - [02/Nov/2024:19:50:27 +0000] "GET /config/prod/config.yaml/dev/.env HTTP/1.1" 404 564 "-" "Mozilla/5.0 (Macintosh; Intel Mac OS X 10_12_3) AppleWebKit/537.36 (KHTML, like Gecko) Chrome/56.0.2924.87 Safari/537.36"
94.72.101.21 - - [02/Nov/2024:19:50:27 +0000] "GET /config/prod/config.yaml/dev/secrets.yaml HTTP/1.1" 404 564 "-" "Mozilla/5.0 (Macintosh; Intel Mac OS X 10_12_3) AppleWebKit/537.36 (KHTML, like Gecko) Chrome/56.0.2924.87 Safari/537.36"
94.72.101.21 - - [02/Nov/2024:19:50:27 +0000] "GET /config/prod/config.yaml/dev/vars.tf HTTP/1.1" 404 564 "-" "Mozilla/5.0 (Macintosh; Intel Mac OS X 10_12_3) AppleWebKit/537.36 (KHTML, like Gecko) Chrome/56.0.2924.87 Safari/537.36"
94.72.101.21 - - [02/Nov/2024:19:50:27 +0000] "GET /config/prod/config.yaml/dev/credentials HTTP/1.1" 404 564 "-" "Mozilla/5.0 (Macintosh; Intel Mac OS X 10_12_3) AppleWebKit/537.36 (KHTML, like Gecko) Chrome/56.0.2924.87 Safari/537.36"
94.72.101.21 - - [02/Nov/2024:19:50:28 +0000] "GET /config/prod/config.yaml/dev/secrets.json HTTP/1.1" 404 564 "-" "Mozilla/5.0 (Macintosh; Intel Mac OS X 10_12_3) AppleWebKit/537.36 (KHTML, like Gecko) Chrome/56.0.2924.87 Safari/537.36"
94.72.101.21 - - [02/Nov/2024:19:50:28 +0000] "GET /config/prod/config.yaml/dev/keys.pem HTTP/1.1" 404 564 "-" "Mozilla/5.0 (Macintosh; Intel Mac OS X 10_12_3) AppleWebKit/537.36 (KHTML, like Gecko) Chrome/56.0.2924.87 Safari/537.36"
94.72.101.21 - - [02/Nov/2024:19:50:28 +0000] "GET /config/prod/config.yaml/dev/settings.ini HTTP/1.1" 404 564 "-" "Mozilla/5.0 (Macintosh; Intel Mac OS X 10_12_3) AppleWebKit/537.36 (KHTML, like Gecko) Chrome/56.0.2924.87 Safari/537.36"
94.72.101.21 - - [02/Nov/2024:19:50:29 +0000] "GET /config/prod/config.yaml/prod/config.json HTTP/1.1" 404 564 "-" "Mozilla/5.0 (Macintosh; Intel Mac OS X 10_12_3) AppleWebKit/537.36 (KHTML, like Gecko) Chrome/56.0.2924.87 Safari/537.36"
94.72.101.21 - - [02/Nov/2024:19:50:29 +0000] "GET /config/prod/config.yaml/prod/.env HTTP/1.1" 404 564 "-" "Mozilla/5.0 (Macintosh; Intel Mac OS X 10_12_3) AppleWebKit/537.36 (KHTML, like Gecko) Chrome/56.0.2924.87 Safari/537.36"
94.72.101.21 - - [02/Nov/2024:19:50:29 +0000] "GET /config/prod/config.yaml/prod/secrets.yaml HTTP/1.1" 404 564 "-" "Mozilla/5.0 (Macintosh; Intel Mac OS X 10_12_3) AppleWebKit/537.36 (KHTML, like Gecko) Chrome/56.0.2924.87 Safari/537.36"
94.72.101.21 - - [02/Nov/2024:19:50:29 +0000] "GET /config/prod/config.yaml/prod/vars.tf HTTP/1.1" 404 564 "-" "Mozilla/5.0 (Macintosh; Intel Mac OS X 10_12_3) AppleWebKit/537.36 (KHTML, like Gecko) Chrome/56.0.2924.87 Safari/537.36"
94.72.101.21 - - [02/Nov/2024:19:50:29 +0000] "GET /config/prod/config.yaml/prod/credentials HTTP/1.1" 404 564 "-" "Mozilla/5.0 (Macintosh; Intel Mac OS X 10_12_3) AppleWebKit/537.36 (KHTML, like Gecko) Chrome/56.0.2924.87 Safari/537.36"
94.72.101.21 - - [02/Nov/2024:19:50:29 +0000] "GET /config/prod/config.yaml/prod/secrets.json HTTP/1.1" 404 564 "-" "Mozilla/5.0 (Macintosh; Intel Mac OS X 10_12_3) AppleWebKit/537.36 (KHTML, like Gecko) Chrome/56.0.2924.87 Safari/537.36"
94.72.101.21 - - [02/Nov/2024:19:50:30 +0000] "GET /config/prod/config.yaml/prod/keys.pem HTTP/1.1" 404 564 "-" "Mozilla/5.0 (Macintosh; Intel Mac OS X 10_12_3) AppleWebKit/537.36 (KHTML, like Gecko) Chrome/56.0.2924.87 Safari/537.36"
94.72.101.21 - - [02/Nov/2024:19:50:31 +0000] "GET /config/prod/config.yaml/prod/settings.ini HTTP/1.1" 404 564 "-" "Mozilla/5.0 (Macintosh; Intel Mac OS X 10_12_3) AppleWebKit/537.36 (KHTML, like Gecko) Chrome/56.0.2924.87 Safari/537.36"
94.72.101.21 - - [02/Nov/2024:19:50:31 +0000] "GET /config/prod/config.yaml/staging/config.json HTTP/1.1" 404 564 "-" "Mozilla/5.0 (Macintosh; Intel Mac OS X 10_12_3) AppleWebKit/537.36 (KHTML, like Gecko) Chrome/56.0.2924.87 Safari/537.36"
94.72.101.21 - - [02/Nov/2024:19:50:31 +0000] "GET /config/prod/config.yaml/staging/.env HTTP/1.1" 404 564 "-" "Mozilla/5.0 (Macintosh; Intel Mac OS X 10_12_3) AppleWebKit/537.36 (KHTML, like Gecko) Chrome/56.0.2924.87 Safari/537.36"
94.72.101.21 - - [02/Nov/2024:19:50:31 +0000] "GET /config/prod/config.yaml/staging/secrets.yaml HTTP/1.1" 404 564 "-" "Mozilla/5.0 (Macintosh; Intel Mac OS X 10_12_3) AppleWebKit/537.36 (KHTML, like Gecko) Chrome/56.0.2924.87 Safari/537.36"
94.72.101.21 - - [02/Nov/2024:19:50:32 +0000] "GET /config/prod/config.yaml/staging/vars.tf HTTP/1.1" 404 564 "-" "Mozilla/5.0 (Macintosh; Intel Mac OS X 10_12_3) AppleWebKit/537.36 (KHTML, like Gecko) Chrome/56.0.2924.87 Safari/537.36"
94.72.101.21 - - [02/Nov/2024:19:50:32 +0000] "GET /config/prod/config.yaml/staging/credentials HTTP/1.1" 404 564 "-" "Mozilla/5.0 (Macintosh; Intel Mac OS X 10_12_3) AppleWebKit/537.36 (KHTML, like Gecko) Chrome/56.0.2924.87 Safari/537.36"
94.72.101.21 - - [02/Nov/2024:19:50:32 +0000] "GET /config/prod/config.yaml/staging/secrets.json HTTP/1.1" 404 564 "-" "Mozilla/5.0 (Macintosh; Intel Mac OS X 10_12_3) AppleWebKit/537.36 (KHTML, like Gecko) Chrome/56.0.2924.87 Safari/537.36"
94.72.101.21 - - [02/Nov/2024:19:50:33 +0000] "GET /config/prod/config.yaml/staging/keys.pem HTTP/1.1" 404 564 "-" "Mozilla/5.0 (Macintosh; Intel Mac OS X 10_12_3) AppleWebKit/537.36 (KHTML, like Gecko) Chrome/56.0.2924.87 Safari/537.36"
94.72.101.21 - - [02/Nov/2024:19:50:33 +0000] "GET /config/prod/config.yaml/staging/settings.ini HTTP/1.1" 404 564 "-" "Mozilla/5.0 (Macintosh; Intel Mac OS X 10_12_3) AppleWebKit/537.36 (KHTML, like Gecko) Chrome/56.0.2924.87 Safari/537.36"
94.72.101.21 - - [02/Nov/2024:19:50:33 +0000] "GET /config/prod/config.yaml/src/config.json HTTP/1.1" 404 564 "-" "Mozilla/5.0 (Macintosh; Intel Mac OS X 10_12_3) AppleWebKit/537.36 (KHTML, like Gecko) Chrome/56.0.2924.87 Safari/537.36"
94.72.101.21 - - [02/Nov/2024:19:50:35 +0000] "GET /config/prod/config.yaml/src/.env HTTP/1.1" 404 564 "-" "Mozilla/5.0 (Macintosh; Intel Mac OS X 10_12_3) AppleWebKit/537.36 (KHTML, like Gecko) Chrome/56.0.2924.87 Safari/537.36"
94.72.101.21 - - [02/Nov/2024:19:50:36 +0000] "GET /config/prod/config.yaml/src/secrets.yaml HTTP/1.1" 404 564 "-" "Mozilla/5.0 (Macintosh; Intel Mac OS X 10_12_3) AppleWebKit/537.36 (KHTML, like Gecko) Chrome/56.0.2924.87 Safari/537.36"
94.72.101.21 - - [02/Nov/2024:19:50:36 +0000] "GET /config/prod/config.yaml/src/vars.tf HTTP/1.1" 404 564 "-" "Mozilla/5.0 (Macintosh; Intel Mac OS X 10_12_3) AppleWebKit/537.36 (KHTML, like Gecko) Chrome/56.0.2924.87 Safari/537.36"
94.72.101.21 - - [02/Nov/2024:19:50:36 +0000] "GET /config/prod/config.yaml/src/credentials HTTP/1.1" 404 564 "-" "Mozilla/5.0 (Macintosh; Intel Mac OS X 10_12_3) AppleWebKit/537.36 (KHTML, like Gecko) Chrome/56.0.2924.87 Safari/537.36"
94.72.101.21 - - [02/Nov/2024:19:50:36 +0000] "GET /config/prod/config.yaml/src/secrets.json HTTP/1.1" 404 564 "-" "Mozilla/5.0 (Macintosh; Intel Mac OS X 10_12_3) AppleWebKit/537.36 (KHTML, like Gecko) Chrome/56.0.2924.87 Safari/537.36"
94.72.101.21 - - [02/Nov/2024:19:50:37 +0000] "GET /config/prod/config.yaml/src/keys.pem HTTP/1.1" 404 564 "-" "Mozilla/5.0 (Macintosh; Intel Mac OS X 10_12_3) AppleWebKit/537.36 (KHTML, like Gecko) Chrome/56.0.2924.87 Safari/537.36"
94.72.101.21 - - [02/Nov/2024:19:50:37 +0000] "GET /config/prod/config.yaml/src/settings.ini HTTP/1.1" 404 564 "-" "Mozilla/5.0 (Macintosh; Intel Mac OS X 10_12_3) AppleWebKit/537.36 (KHTML, like Gecko) Chrome/56.0.2924.87 Safari/537.36"
94.72.101.21 - - [02/Nov/2024:19:50:38 +0000] "GET /config/prod/config.yaml/dist/config.json HTTP/1.1" 404 564 "-" "Mozilla/5.0 (Macintosh; Intel Mac OS X 10_12_3) AppleWebKit/537.36 (KHTML, like Gecko) Chrome/56.0.2924.87 Safari/537.36"
94.72.101.21 - - [02/Nov/2024:19:50:38 +0000] "GET /config/prod/config.yaml/dist/.env HTTP/1.1" 404 564 "-" "Mozilla/5.0 (Macintosh; Intel Mac OS X 10_12_3) AppleWebKit/537.36 (KHTML, like Gecko) Chrome/56.0.2924.87 Safari/537.36"
94.72.101.21 - - [02/Nov/2024:19:50:38 +0000] "GET /config/prod/config.yaml/dist/secrets.yaml HTTP/1.1" 404 564 "-" "Mozilla/5.0 (Macintosh; Intel Mac OS X 10_12_3) AppleWebKit/537.36 (KHTML, like Gecko) Chrome/56.0.2924.87 Safari/537.36"
94.72.101.21 - - [02/Nov/2024:19:50:38 +0000] "GET /config/prod/config.yaml/dist/vars.tf HTTP/1.1" 404 564 "-" "Mozilla/5.0 (Macintosh; Intel Mac OS X 10_12_3) AppleWebKit/537.36 (KHTML, like Gecko) Chrome/56.0.2924.87 Safari/537.36"
94.72.101.21 - - [02/Nov/2024:19:50:38 +0000] "GET /config/prod/config.yaml/dist/credentials HTTP/1.1" 404 564 "-" "Mozilla/5.0 (Macintosh; Intel Mac OS X 10_12_3) AppleWebKit/537.36 (KHTML, like Gecko) Chrome/56.0.2924.87 Safari/537.36"
94.72.101.21 - - [02/Nov/2024:19:50:38 +0000] "GET /config/prod/config.yaml/dist/secrets.json HTTP/1.1" 404 564 "-" "Mozilla/5.0 (Macintosh; Intel Mac OS X 10_12_3) AppleWebKit/537.36 (KHTML, like Gecko) Chrome/56.0.2924.87 Safari/537.36"
94.72.101.21 - - [02/Nov/2024:19:50:39 +0000] "GET /config/prod/config.yaml/dist/keys.pem HTTP/1.1" 404 564 "-" "Mozilla/5.0 (Macintosh; Intel Mac OS X 10_12_3) AppleWebKit/537.36 (KHTML, like Gecko) Chrome/56.0.2924.87 Safari/537.36"
94.72.101.21 - - [02/Nov/2024:19:50:39 +0000] "GET /config/prod/config.yaml/dist/settings.ini HTTP/1.1" 404 564 "-" "Mozilla/5.0 (Macintosh; Intel Mac OS X 10_12_3) AppleWebKit/537.36 (KHTML, like Gecko) Chrome/56.0.2924.87 Safari/537.36"
94.72.101.21 - - [02/Nov/2024:19:50:39 +0000] "GET /config/prod/config.yaml/config/config.json HTTP/1.1" 404 564 "-" "Mozilla/5.0 (Macintosh; Intel Mac OS X 10_12_3) AppleWebKit/537.36 (KHTML, like Gecko) Chrome/56.0.2924.87 Safari/537.36"
94.72.101.21 - - [02/Nov/2024:19:50:40 +0000] "GET /config/prod/config.yaml/config/.env HTTP/1.1" 404 564 "-" "Mozilla/5.0 (Macintosh; Intel Mac OS X 10_12_3) AppleWebKit/537.36 (KHTML, like Gecko) Chrome/56.0.2924.87 Safari/537.36"
94.72.101.21 - - [02/Nov/2024:19:50:40 +0000] "GET /config/prod/config.yaml/config/secrets.yaml HTTP/1.1" 404 564 "-" "Mozilla/5.0 (Macintosh; Intel Mac OS X 10_12_3) AppleWebKit/537.36 (KHTML, like Gecko) Chrome/56.0.2924.87 Safari/537.36"
94.72.101.21 - - [02/Nov/2024:19:50:40 +0000] "GET /config/prod/config.yaml/config/vars.tf HTTP/1.1" 404 564 "-" "Mozilla/5.0 (Macintosh; Intel Mac OS X 10_12_3) AppleWebKit/537.36 (KHTML, like Gecko) Chrome/56.0.2924.87 Safari/537.36"
94.72.101.21 - - [02/Nov/2024:19:50:40 +0000] "GET /config/prod/config.yaml/config/credentials HTTP/1.1" 404 564 "-" "Mozilla/5.0 (Macintosh; Intel Mac OS X 10_12_3) AppleWebKit/537.36 (KHTML, like Gecko) Chrome/56.0.2924.87 Safari/537.36"
94.72.101.21 - - [02/Nov/2024:19:50:40 +0000] "GET /config/prod/config.yaml/config/secrets.json HTTP/1.1" 404 564 "-" "Mozilla/5.0 (Macintosh; Intel Mac OS X 10_12_3) AppleWebKit/537.36 (KHTML, like Gecko) Chrome/56.0.2924.87 Safari/537.36"
94.72.101.21 - - [02/Nov/2024:19:50:40 +0000] "GET /config/prod/config.yaml/config/keys.pem HTTP/1.1" 404 564 "-" "Mozilla/5.0 (Macintosh; Intel Mac OS X 10_12_3) AppleWebKit/537.36 (KHTML, like Gecko) Chrome/56.0.2924.87 Safari/537.36"
94.72.101.21 - - [02/Nov/2024:19:50:41 +0000] "GET /config/prod/config.yaml/config/settings.ini HTTP/1.1" 404 564 "-" "Mozilla/5.0 (Macintosh; Intel Mac OS X 10_12_3) AppleWebKit/537.36 (KHTML, like Gecko) Chrome/56.0.2924.87 Safari/537.36"
94.72.101.21 - - [02/Nov/2024:19:50:41 +0000] "GET /config/prod/config.yaml/backups/config.json HTTP/1.1" 404 564 "-" "Mozilla/5.0 (Macintosh; Intel Mac OS X 10_12_3) AppleWebKit/537.36 (KHTML, like Gecko) Chrome/56.0.2924.87 Safari/537.36"
94.72.101.21 - - [02/Nov/2024:19:50:41 +0000] "GET /config/prod/config.yaml/backups/.env HTTP/1.1" 404 564 "-" "Mozilla/5.0 (Macintosh; Intel Mac OS X 10_12_3) AppleWebKit/537.36 (KHTML, like Gecko) Chrome/56.0.2924.87 Safari/537.36"
94.72.101.21 - - [02/Nov/2024:19:50:41 +0000] "GET /config/prod/config.yaml/backups/secrets.yaml HTTP/1.1" 404 564 "-" "Mozilla/5.0 (Macintosh; Intel Mac OS X 10_12_3) AppleWebKit/537.36 (KHTML, like Gecko) Chrome/56.0.2924.87 Safari/537.36"
94.72.101.21 - - [02/Nov/2024:19:50:41 +0000] "GET /config/prod/config.yaml/backups/vars.tf HTTP/1.1" 404 564 "-" "Mozilla/5.0 (Macintosh; Intel Mac OS X 10_12_3) AppleWebKit/537.36 (KHTML, like Gecko) Chrome/56.0.2924.87 Safari/537.36"
94.72.101.21 - - [02/Nov/2024:19:50:41 +0000] "GET /config/prod/config.yaml/backups/credentials HTTP/1.1" 404 564 "-" "Mozilla/5.0 (Macintosh; Intel Mac OS X 10_12_3) AppleWebKit/537.36 (KHTML, like Gecko) Chrome/56.0.2924.87 Safari/537.36"
94.72.101.21 - - [02/Nov/2024:19:50:42 +0000] "GET /config/prod/config.yaml/backups/secrets.json HTTP/1.1" 404 564 "-" "Mozilla/5.0 (Macintosh; Intel Mac OS X 10_12_3) AppleWebKit/537.36 (KHTML, like Gecko) Chrome/56.0.2924.87 Safari/537.36"
94.72.101.21 - - [02/Nov/2024:19:50:42 +0000] "GET /config/prod/config.yaml/backups/keys.pem HTTP/1.1" 404 564 "-" "Mozilla/5.0 (Macintosh; Intel Mac OS X 10_12_3) AppleWebKit/537.36 (KHTML, like Gecko) Chrome/56.0.2924.87 Safari/537.36"
94.72.101.21 - - [02/Nov/2024:19:50:42 +0000] "GET /config/prod/config.yaml/backups/settings.ini HTTP/1.1" 404 564 "-" "Mozilla/5.0 (Macintosh; Intel Mac OS X 10_12_3) AppleWebKit/537.36 (KHTML, like Gecko) Chrome/56.0.2924.87 Safari/537.36"
94.72.101.21 - - [02/Nov/2024:19:50:42 +0000] "GET /config/prod/config.yaml/data/config.json HTTP/1.1" 404 564 "-" "Mozilla/5.0 (Macintosh; Intel Mac OS X 10_12_3) AppleWebKit/537.36 (KHTML, like Gecko) Chrome/56.0.2924.87 Safari/537.36"
94.72.101.21 - - [02/Nov/2024:19:50:42 +0000] "GET /config/prod/config.yaml/data/.env HTTP/1.1" 404 564 "-" "Mozilla/5.0 (Macintosh; Intel Mac OS X 10_12_3) AppleWebKit/537.36 (KHTML, like Gecko) Chrome/56.0.2924.87 Safari/537.36"
94.72.101.21 - - [02/Nov/2024:19:50:42 +0000] "GET /config/prod/config.yaml/data/secrets.yaml HTTP/1.1" 404 564 "-" "Mozilla/5.0 (Macintosh; Intel Mac OS X 10_12_3) AppleWebKit/537.36 (KHTML, like Gecko) Chrome/56.0.2924.87 Safari/537.36"
94.72.101.21 - - [02/Nov/2024:19:50:43 +0000] "GET /config/prod/config.yaml/data/vars.tf HTTP/1.1" 404 564 "-" "Mozilla/5.0 (Macintosh; Intel Mac OS X 10_12_3) AppleWebKit/537.36 (KHTML, like Gecko) Chrome/56.0.2924.87 Safari/537.36"
94.72.101.21 - - [02/Nov/2024:19:50:44 +0000] "GET /config/prod/config.yaml/data/credentials HTTP/1.1" 404 564 "-" "Mozilla/5.0 (Macintosh; Intel Mac OS X 10_12_3) AppleWebKit/537.36 (KHTML, like Gecko) Chrome/56.0.2924.87 Safari/537.36"
94.72.101.21 - - [02/Nov/2024:19:50:44 +0000] "GET /config/prod/config.yaml/data/secrets.json HTTP/1.1" 404 564 "-" "Mozilla/5.0 (Macintosh; Intel Mac OS X 10_12_3) AppleWebKit/537.36 (KHTML, like Gecko) Chrome/56.0.2924.87 Safari/537.36"
94.72.101.21 - - [02/Nov/2024:19:50:44 +0000] "GET /config/prod/config.yaml/data/keys.pem HTTP/1.1" 404 564 "-" "Mozilla/5.0 (Macintosh; Intel Mac OS X 10_12_3) AppleWebKit/537.36 (KHTML, like Gecko) Chrome/56.0.2924.87 Safari/537.36"
94.72.101.21 - - [02/Nov/2024:19:50:44 +0000] "GET /config/prod/config.yaml/data/settings.ini HTTP/1.1" 404 564 "-" "Mozilla/5.0 (Macintosh; Intel Mac OS X 10_12_3) AppleWebKit/537.36 (KHTML, like Gecko) Chrome/56.0.2924.87 Safari/537.36"
94.72.101.21 - - [02/Nov/2024:19:50:45 +0000] "GET /config/staging/.env/v1/config.json HTTP/1.1" 404 564 "-" "Mozilla/5.0 (Macintosh; Intel Mac OS X 10_12_3) AppleWebKit/537.36 (KHTML, like Gecko) Chrome/56.0.2924.87 Safari/537.36"
94.72.101.21 - - [02/Nov/2024:19:50:45 +0000] "GET /config/staging/.env/v1/.env HTTP/1.1" 404 564 "-" "Mozilla/5.0 (Macintosh; Intel Mac OS X 10_12_3) AppleWebKit/537.36 (KHTML, like Gecko) Chrome/56.0.2924.87 Safari/537.36"
94.72.101.21 - - [02/Nov/2024:19:50:45 +0000] "GET /config/staging/.env/v1/secrets.yaml HTTP/1.1" 404 564 "-" "Mozilla/5.0 (Macintosh; Intel Mac OS X 10_12_3) AppleWebKit/537.36 (KHTML, like Gecko) Chrome/56.0.2924.87 Safari/537.36"
94.72.101.21 - - [02/Nov/2024:19:50:46 +0000] "GET /config/staging/.env/v1/vars.tf HTTP/1.1" 404 564 "-" "Mozilla/5.0 (Macintosh; Intel Mac OS X 10_12_3) AppleWebKit/537.36 (KHTML, like Gecko) Chrome/56.0.2924.87 Safari/537.36"
94.72.101.21 - - [02/Nov/2024:19:50:47 +0000] "GET /config/staging/.env/v1/credentials HTTP/1.1" 404 564 "-" "Mozilla/5.0 (Macintosh; Intel Mac OS X 10_12_3) AppleWebKit/537.36 (KHTML, like Gecko) Chrome/56.0.2924.87 Safari/537.36"
94.72.101.21 - - [02/Nov/2024:19:50:47 +0000] "GET /config/staging/.env/v1/secrets.json HTTP/1.1" 404 564 "-" "Mozilla/5.0 (Macintosh; Intel Mac OS X 10_12_3) AppleWebKit/537.36 (KHTML, like Gecko) Chrome/56.0.2924.87 Safari/537.36"
94.72.101.21 - - [02/Nov/2024:19:50:47 +0000] "GET /config/staging/.env/v1/keys.pem HTTP/1.1" 404 564 "-" "Mozilla/5.0 (Macintosh; Intel Mac OS X 10_12_3) AppleWebKit/537.36 (KHTML, like Gecko) Chrome/56.0.2924.87 Safari/537.36"
94.72.101.21 - - [02/Nov/2024:19:50:47 +0000] "GET /config/staging/.env/v1/settings.ini HTTP/1.1" 404 564 "-" "Mozilla/5.0 (Macintosh; Intel Mac OS X 10_12_3) AppleWebKit/537.36 (KHTML, like Gecko) Chrome/56.0.2924.87 Safari/537.36"
94.72.101.21 - - [02/Nov/2024:19:50:47 +0000] "GET /config/staging/.env/v2/config.json HTTP/1.1" 404 564 "-" "Mozilla/5.0 (Macintosh; Intel Mac OS X 10_12_3) AppleWebKit/537.36 (KHTML, like Gecko) Chrome/56.0.2924.87 Safari/537.36"
94.72.101.21 - - [02/Nov/2024:19:50:47 +0000] "GET /config/staging/.env/v2/.env HTTP/1.1" 404 564 "-" "Mozilla/5.0 (Macintosh; Intel Mac OS X 10_12_3) AppleWebKit/537.36 (KHTML, like Gecko) Chrome/56.0.2924.87 Safari/537.36"
94.72.101.21 - - [02/Nov/2024:19:50:48 +0000] "GET /config/staging/.env/v2/secrets.yaml HTTP/1.1" 404 564 "-" "Mozilla/5.0 (Macintosh; Intel Mac OS X 10_12_3) AppleWebKit/537.36 (KHTML, like Gecko) Chrome/56.0.2924.87 Safari/537.36"
94.72.101.21 - - [02/Nov/2024:19:50:48 +0000] "GET /config/staging/.env/v2/vars.tf HTTP/1.1" 404 564 "-" "Mozilla/5.0 (Macintosh; Intel Mac OS X 10_12_3) AppleWebKit/537.36 (KHTML, like Gecko) Chrome/56.0.2924.87 Safari/537.36"
94.72.101.21 - - [02/Nov/2024:19:50:48 +0000] "GET /config/staging/.env/v2/credentials HTTP/1.1" 404 564 "-" "Mozilla/5.0 (Macintosh; Intel Mac OS X 10_12_3) AppleWebKit/537.36 (KHTML, like Gecko) Chrome/56.0.2924.87 Safari/537.36"
94.72.101.21 - - [02/Nov/2024:19:50:48 +0000] "GET /config/staging/.env/v2/secrets.json HTTP/1.1" 404 564 "-" "Mozilla/5.0 (Macintosh; Intel Mac OS X 10_12_3) AppleWebKit/537.36 (KHTML, like Gecko) Chrome/56.0.2924.87 Safari/537.36"
94.72.101.21 - - [02/Nov/2024:19:50:49 +0000] "GET /config/staging/.env/v2/keys.pem HTTP/1.1" 404 564 "-" "Mozilla/5.0 (Macintosh; Intel Mac OS X 10_12_3) AppleWebKit/537.36 (KHTML, like Gecko) Chrome/56.0.2924.87 Safari/537.36"
94.72.101.21 - - [02/Nov/2024:19:50:49 +0000] "GET /config/staging/.env/v2/settings.ini HTTP/1.1" 404 564 "-" "Mozilla/5.0 (Macintosh; Intel Mac OS X 10_12_3) AppleWebKit/537.36 (KHTML, like Gecko) Chrome/56.0.2924.87 Safari/537.36"
94.72.101.21 - - [02/Nov/2024:19:50:49 +0000] "GET /config/staging/.env/dev/config.json HTTP/1.1" 404 564 "-" "Mozilla/5.0 (Macintosh; Intel Mac OS X 10_12_3) AppleWebKit/537.36 (KHTML, like Gecko) Chrome/56.0.2924.87 Safari/537.36"
94.72.101.21 - - [02/Nov/2024:19:50:50 +0000] "GET /config/staging/.env/dev/.env HTTP/1.1" 404 564 "-" "Mozilla/5.0 (Macintosh; Intel Mac OS X 10_12_3) AppleWebKit/537.36 (KHTML, like Gecko) Chrome/56.0.2924.87 Safari/537.36"
94.72.101.21 - - [02/Nov/2024:19:50:50 +0000] "GET /config/staging/.env/dev/secrets.yaml HTTP/1.1" 404 564 "-" "Mozilla/5.0 (Macintosh; Intel Mac OS X 10_12_3) AppleWebKit/537.36 (KHTML, like Gecko) Chrome/56.0.2924.87 Safari/537.36"
94.72.101.21 - - [02/Nov/2024:19:50:50 +0000] "GET /config/staging/.env/dev/vars.tf HTTP/1.1" 404 564 "-" "Mozilla/5.0 (Macintosh; Intel Mac OS X 10_12_3) AppleWebKit/537.36 (KHTML, like Gecko) Chrome/56.0.2924.87 Safari/537.36"
94.72.101.21 - - [02/Nov/2024:19:50:50 +0000] "GET /config/staging/.env/dev/credentials HTTP/1.1" 404 564 "-" "Mozilla/5.0 (Macintosh; Intel Mac OS X 10_12_3) AppleWebKit/537.36 (KHTML, like Gecko) Chrome/56.0.2924.87 Safari/537.36"
94.72.101.21 - - [02/Nov/2024:19:50:51 +0000] "GET /config/staging/.env/dev/secrets.json HTTP/1.1" 404 564 "-" "Mozilla/5.0 (Macintosh; Intel Mac OS X 10_12_3) AppleWebKit/537.36 (KHTML, like Gecko) Chrome/56.0.2924.87 Safari/537.36"
94.72.101.21 - - [02/Nov/2024:19:50:51 +0000] "GET /config/staging/.env/dev/keys.pem HTTP/1.1" 404 564 "-" "Mozilla/5.0 (Macintosh; Intel Mac OS X 10_12_3) AppleWebKit/537.36 (KHTML, like Gecko) Chrome/56.0.2924.87 Safari/537.36"
94.72.101.21 - - [02/Nov/2024:19:50:51 +0000] "GET /config/staging/.env/dev/settings.ini HTTP/1.1" 404 564 "-" "Mozilla/5.0 (Macintosh; Intel Mac OS X 10_12_3) AppleWebKit/537.36 (KHTML, like Gecko) Chrome/56.0.2924.87 Safari/537.36"
94.72.101.21 - - [02/Nov/2024:19:50:51 +0000] "GET /config/staging/.env/prod/config.json HTTP/1.1" 404 564 "-" "Mozilla/5.0 (Macintosh; Intel Mac OS X 10_12_3) AppleWebKit/537.36 (KHTML, like Gecko) Chrome/56.0.2924.87 Safari/537.36"
94.72.101.21 - - [02/Nov/2024:19:50:51 +0000] "GET /config/staging/.env/prod/.env HTTP/1.1" 404 564 "-" "Mozilla/5.0 (Macintosh; Intel Mac OS X 10_12_3) AppleWebKit/537.36 (KHTML, like Gecko) Chrome/56.0.2924.87 Safari/537.36"
94.72.101.21 - - [02/Nov/2024:19:50:51 +0000] "GET /config/staging/.env/prod/secrets.yaml HTTP/1.1" 404 564 "-" "Mozilla/5.0 (Macintosh; Intel Mac OS X 10_12_3) AppleWebKit/537.36 (KHTML, like Gecko) Chrome/56.0.2924.87 Safari/537.36"
94.72.101.21 - - [02/Nov/2024:19:50:52 +0000] "GET /config/staging/.env/prod/vars.tf HTTP/1.1" 404 564 "-" "Mozilla/5.0 (Macintosh; Intel Mac OS X 10_12_3) AppleWebKit/537.36 (KHTML, like Gecko) Chrome/56.0.2924.87 Safari/537.36"
94.72.101.21 - - [02/Nov/2024:19:50:52 +0000] "GET /config/staging/.env/prod/credentials HTTP/1.1" 404 564 "-" "Mozilla/5.0 (Macintosh; Intel Mac OS X 10_12_3) AppleWebKit/537.36 (KHTML, like Gecko) Chrome/56.0.2924.87 Safari/537.36"
94.72.101.21 - - [02/Nov/2024:19:50:52 +0000] "GET /config/staging/.env/prod/secrets.json HTTP/1.1" 404 564 "-" "Mozilla/5.0 (Macintosh; Intel Mac OS X 10_12_3) AppleWebKit/537.36 (KHTML, like Gecko) Chrome/56.0.2924.87 Safari/537.36"
94.72.101.21 - - [02/Nov/2024:19:50:52 +0000] "GET /config/staging/.env/prod/keys.pem HTTP/1.1" 404 564 "-" "Mozilla/5.0 (Macintosh; Intel Mac OS X 10_12_3) AppleWebKit/537.36 (KHTML, like Gecko) Chrome/56.0.2924.87 Safari/537.36"
94.72.101.21 - - [02/Nov/2024:19:50:52 +0000] "GET /config/staging/.env/prod/settings.ini HTTP/1.1" 404 564 "-" "Mozilla/5.0 (Macintosh; Intel Mac OS X 10_12_3) AppleWebKit/537.36 (KHTML, like Gecko) Chrome/56.0.2924.87 Safari/537.36"
94.72.101.21 - - [02/Nov/2024:19:50:52 +0000] "GET /config/staging/.env/staging/config.json HTTP/1.1" 404 564 "-" "Mozilla/5.0 (Macintosh; Intel Mac OS X 10_12_3) AppleWebKit/537.36 (KHTML, like Gecko) Chrome/56.0.2924.87 Safari/537.36"
94.72.101.21 - - [02/Nov/2024:19:50:53 +0000] "GET /config/staging/.env/staging/.env HTTP/1.1" 404 564 "-" "Mozilla/5.0 (Macintosh; Intel Mac OS X 10_12_3) AppleWebKit/537.36 (KHTML, like Gecko) Chrome/56.0.2924.87 Safari/537.36"
94.72.101.21 - - [02/Nov/2024:19:50:53 +0000] "GET /config/staging/.env/staging/secrets.yaml HTTP/1.1" 404 564 "-" "Mozilla/5.0 (Macintosh; Intel Mac OS X 10_12_3) AppleWebKit/537.36 (KHTML, like Gecko) Chrome/56.0.2924.87 Safari/537.36"
94.72.101.21 - - [02/Nov/2024:19:50:53 +0000] "GET /config/staging/.env/staging/vars.tf HTTP/1.1" 404 564 "-" "Mozilla/5.0 (Macintosh; Intel Mac OS X 10_12_3) AppleWebKit/537.36 (KHTML, like Gecko) Chrome/56.0.2924.87 Safari/537.36"
94.72.101.21 - - [02/Nov/2024:19:50:54 +0000] "GET /config/staging/.env/staging/credentials HTTP/1.1" 404 564 "-" "Mozilla/5.0 (Macintosh; Intel Mac OS X 10_12_3) AppleWebKit/537.36 (KHTML, like Gecko) Chrome/56.0.2924.87 Safari/537.36"
94.72.101.21 - - [02/Nov/2024:19:50:54 +0000] "GET /config/staging/.env/staging/secrets.json HTTP/1.1" 404 564 "-" "Mozilla/5.0 (Macintosh; Intel Mac OS X 10_12_3) AppleWebKit/537.36 (KHTML, like Gecko) Chrome/56.0.2924.87 Safari/537.36"
94.72.101.21 - - [02/Nov/2024:19:50:54 +0000] "GET /config/staging/.env/staging/keys.pem HTTP/1.1" 404 564 "-" "Mozilla/5.0 (Macintosh; Intel Mac OS X 10_12_3) AppleWebKit/537.36 (KHTML, like Gecko) Chrome/56.0.2924.87 Safari/537.36"
94.72.101.21 - - [02/Nov/2024:19:50:54 +0000] "GET /config/staging/.env/staging/settings.ini HTTP/1.1" 404 564 "-" "Mozilla/5.0 (Macintosh; Intel Mac OS X 10_12_3) AppleWebKit/537.36 (KHTML, like Gecko) Chrome/56.0.2924.87 Safari/537.36"
94.72.101.21 - - [02/Nov/2024:19:50:55 +0000] "GET /config/staging/.env/src/config.json HTTP/1.1" 404 564 "-" "Mozilla/5.0 (Macintosh; Intel Mac OS X 10_12_3) AppleWebKit/537.36 (KHTML, like Gecko) Chrome/56.0.2924.87 Safari/537.36"
94.72.101.21 - - [02/Nov/2024:19:50:55 +0000] "GET /config/staging/.env/src/.env HTTP/1.1" 404 564 "-" "Mozilla/5.0 (Macintosh; Intel Mac OS X 10_12_3) AppleWebKit/537.36 (KHTML, like Gecko) Chrome/56.0.2924.87 Safari/537.36"
94.72.101.21 - - [02/Nov/2024:19:50:55 +0000] "GET /config/staging/.env/src/secrets.yaml HTTP/1.1" 404 564 "-" "Mozilla/5.0 (Macintosh; Intel Mac OS X 10_12_3) AppleWebKit/537.36 (KHTML, like Gecko) Chrome/56.0.2924.87 Safari/537.36"
94.72.101.21 - - [02/Nov/2024:19:50:55 +0000] "GET /config/staging/.env/src/vars.tf HTTP/1.1" 404 564 "-" "Mozilla/5.0 (Macintosh; Intel Mac OS X 10_12_3) AppleWebKit/537.36 (KHTML, like Gecko) Chrome/56.0.2924.87 Safari/537.36"
94.72.101.21 - - [02/Nov/2024:19:50:55 +0000] "GET /config/staging/.env/src/credentials HTTP/1.1" 404 564 "-" "Mozilla/5.0 (Macintosh; Intel Mac OS X 10_12_3) AppleWebKit/537.36 (KHTML, like Gecko) Chrome/56.0.2924.87 Safari/537.36"
94.72.101.21 - - [02/Nov/2024:19:50:55 +0000] "GET /config/staging/.env/src/secrets.json HTTP/1.1" 404 564 "-" "Mozilla/5.0 (Macintosh; Intel Mac OS X 10_12_3) AppleWebKit/537.36 (KHTML, like Gecko) Chrome/56.0.2924.87 Safari/537.36"
94.72.101.21 - - [02/Nov/2024:19:50:56 +0000] "GET /config/staging/.env/src/keys.pem HTTP/1.1" 404 564 "-" "Mozilla/5.0 (Macintosh; Intel Mac OS X 10_12_3) AppleWebKit/537.36 (KHTML, like Gecko) Chrome/56.0.2924.87 Safari/537.36"
94.72.101.21 - - [02/Nov/2024:19:50:56 +0000] "GET /config/staging/.env/src/settings.ini HTTP/1.1" 404 564 "-" "Mozilla/5.0 (Macintosh; Intel Mac OS X 10_12_3) AppleWebKit/537.36 (KHTML, like Gecko) Chrome/56.0.2924.87 Safari/537.36"
94.72.101.21 - - [02/Nov/2024:19:50:56 +0000] "GET /config/staging/.env/dist/config.json HTTP/1.1" 404 564 "-" "Mozilla/5.0 (Macintosh; Intel Mac OS X 10_12_3) AppleWebKit/537.36 (KHTML, like Gecko) Chrome/56.0.2924.87 Safari/537.36"
94.72.101.21 - - [02/Nov/2024:19:50:56 +0000] "GET /config/staging/.env/dist/.env HTTP/1.1" 404 564 "-" "Mozilla/5.0 (Macintosh; Intel Mac OS X 10_12_3) AppleWebKit/537.36 (KHTML, like Gecko) Chrome/56.0.2924.87 Safari/537.36"
94.72.101.21 - - [02/Nov/2024:19:50:56 +0000] "GET /config/staging/.env/dist/secrets.yaml HTTP/1.1" 404 564 "-" "Mozilla/5.0 (Macintosh; Intel Mac OS X 10_12_3) AppleWebKit/537.36 (KHTML, like Gecko) Chrome/56.0.2924.87 Safari/537.36"
94.72.101.21 - - [02/Nov/2024:19:50:57 +0000] "GET /config/staging/.env/dist/vars.tf HTTP/1.1" 404 564 "-" "Mozilla/5.0 (Macintosh; Intel Mac OS X 10_12_3) AppleWebKit/537.36 (KHTML, like Gecko) Chrome/56.0.2924.87 Safari/537.36"
94.72.101.21 - - [02/Nov/2024:19:50:57 +0000] "GET /config/staging/.env/dist/credentials HTTP/1.1" 404 564 "-" "Mozilla/5.0 (Macintosh; Intel Mac OS X 10_12_3) AppleWebKit/537.36 (KHTML, like Gecko) Chrome/56.0.2924.87 Safari/537.36"
94.72.101.21 - - [02/Nov/2024:19:50:57 +0000] "GET /config/staging/.env/dist/secrets.json HTTP/1.1" 404 564 "-" "Mozilla/5.0 (Macintosh; Intel Mac OS X 10_12_3) AppleWebKit/537.36 (KHTML, like Gecko) Chrome/56.0.2924.87 Safari/537.36"
94.72.101.21 - - [02/Nov/2024:19:50:57 +0000] "GET /config/staging/.env/dist/keys.pem HTTP/1.1" 404 564 "-" "Mozilla/5.0 (Macintosh; Intel Mac OS X 10_12_3) AppleWebKit/537.36 (KHTML, like Gecko) Chrome/56.0.2924.87 Safari/537.36"
94.72.101.21 - - [02/Nov/2024:19:50:58 +0000] "GET /config/staging/.env/dist/settings.ini HTTP/1.1" 404 564 "-" "Mozilla/5.0 (Macintosh; Intel Mac OS X 10_12_3) AppleWebKit/537.36 (KHTML, like Gecko) Chrome/56.0.2924.87 Safari/537.36"
94.72.101.21 - - [02/Nov/2024:19:50:58 +0000] "GET /config/staging/.env/config/config.json HTTP/1.1" 404 564 "-" "Mozilla/5.0 (Macintosh; Intel Mac OS X 10_12_3) AppleWebKit/537.36 (KHTML, like Gecko) Chrome/56.0.2924.87 Safari/537.36"
94.72.101.21 - - [02/Nov/2024:19:50:58 +0000] "GET /config/staging/.env/config/.env HTTP/1.1" 404 564 "-" "Mozilla/5.0 (Macintosh; Intel Mac OS X 10_12_3) AppleWebKit/537.36 (KHTML, like Gecko) Chrome/56.0.2924.87 Safari/537.36"
94.72.101.21 - - [02/Nov/2024:19:50:59 +0000] "GET /config/staging/.env/config/secrets.yaml HTTP/1.1" 404 564 "-" "Mozilla/5.0 (Macintosh; Intel Mac OS X 10_12_3) AppleWebKit/537.36 (KHTML, like Gecko) Chrome/56.0.2924.87 Safari/537.36"
94.72.101.21 - - [02/Nov/2024:19:50:59 +0000] "GET /config/staging/.env/config/vars.tf HTTP/1.1" 404 564 "-" "Mozilla/5.0 (Macintosh; Intel Mac OS X 10_12_3) AppleWebKit/537.36 (KHTML, like Gecko) Chrome/56.0.2924.87 Safari/537.36"
94.72.101.21 - - [02/Nov/2024:19:50:59 +0000] "GET /config/staging/.env/config/credentials HTTP/1.1" 404 564 "-" "Mozilla/5.0 (Macintosh; Intel Mac OS X 10_12_3) AppleWebKit/537.36 (KHTML, like Gecko) Chrome/56.0.2924.87 Safari/537.36"
94.72.101.21 - - [02/Nov/2024:19:50:59 +0000] "GET /config/staging/.env/config/secrets.json HTTP/1.1" 404 564 "-" "Mozilla/5.0 (Macintosh; Intel Mac OS X 10_12_3) AppleWebKit/537.36 (KHTML, like Gecko) Chrome/56.0.2924.87 Safari/537.36"
94.72.101.21 - - [02/Nov/2024:19:50:59 +0000] "GET /config/staging/.env/config/keys.pem HTTP/1.1" 404 564 "-" "Mozilla/5.0 (Macintosh; Intel Mac OS X 10_12_3) AppleWebKit/537.36 (KHTML, like Gecko) Chrome/56.0.2924.87 Safari/537.36"
94.72.101.21 - - [02/Nov/2024:19:50:59 +0000] "GET /config/staging/.env/config/settings.ini HTTP/1.1" 404 564 "-" "Mozilla/5.0 (Macintosh; Intel Mac OS X 10_12_3) AppleWebKit/537.36 (KHTML, like Gecko) Chrome/56.0.2924.87 Safari/537.36"
94.72.101.21 - - [02/Nov/2024:19:51:00 +0000] "GET /config/staging/.env/backups/config.json HTTP/1.1" 404 564 "-" "Mozilla/5.0 (Macintosh; Intel Mac OS X 10_12_3) AppleWebKit/537.36 (KHTML, like Gecko) Chrome/56.0.2924.87 Safari/537.36"
94.72.101.21 - - [02/Nov/2024:19:51:00 +0000] "GET /config/staging/.env/backups/.env HTTP/1.1" 404 564 "-" "Mozilla/5.0 (Macintosh; Intel Mac OS X 10_12_3) AppleWebKit/537.36 (KHTML, like Gecko) Chrome/56.0.2924.87 Safari/537.36"
94.72.101.21 - - [02/Nov/2024:19:51:00 +0000] "GET /config/staging/.env/backups/secrets.yaml HTTP/1.1" 404 564 "-" "Mozilla/5.0 (Macintosh; Intel Mac OS X 10_12_3) AppleWebKit/537.36 (KHTML, like Gecko) Chrome/56.0.2924.87 Safari/537.36"
94.72.101.21 - - [02/Nov/2024:19:51:00 +0000] "GET /config/staging/.env/backups/vars.tf HTTP/1.1" 404 564 "-" "Mozilla/5.0 (Macintosh; Intel Mac OS X 10_12_3) AppleWebKit/537.36 (KHTML, like Gecko) Chrome/56.0.2924.87 Safari/537.36"
94.72.101.21 - - [02/Nov/2024:19:51:00 +0000] "GET /config/staging/.env/backups/credentials HTTP/1.1" 404 564 "-" "Mozilla/5.0 (Macintosh; Intel Mac OS X 10_12_3) AppleWebKit/537.36 (KHTML, like Gecko) Chrome/56.0.2924.87 Safari/537.36"
94.72.101.21 - - [02/Nov/2024:19:51:01 +0000] "GET /config/staging/.env/backups/secrets.json HTTP/1.1" 404 564 "-" "Mozilla/5.0 (Macintosh; Intel Mac OS X 10_12_3) AppleWebKit/537.36 (KHTML, like Gecko) Chrome/56.0.2924.87 Safari/537.36"
94.72.101.21 - - [02/Nov/2024:19:51:01 +0000] "GET /config/staging/.env/backups/keys.pem HTTP/1.1" 404 564 "-" "Mozilla/5.0 (Macintosh; Intel Mac OS X 10_12_3) AppleWebKit/537.36 (KHTML, like Gecko) Chrome/56.0.2924.87 Safari/537.36"
94.72.101.21 - - [02/Nov/2024:19:51:01 +0000] "GET /config/staging/.env/backups/settings.ini HTTP/1.1" 404 564 "-" "Mozilla/5.0 (Macintosh; Intel Mac OS X 10_12_3) AppleWebKit/537.36 (KHTML, like Gecko) Chrome/56.0.2924.87 Safari/537.36"
94.72.101.21 - - [02/Nov/2024:19:51:01 +0000] "GET /config/staging/.env/data/config.json HTTP/1.1" 404 564 "-" "Mozilla/5.0 (Macintosh; Intel Mac OS X 10_12_3) AppleWebKit/537.36 (KHTML, like Gecko) Chrome/56.0.2924.87 Safari/537.36"
94.72.101.21 - - [02/Nov/2024:19:51:02 +0000] "GET /config/staging/.env/data/.env HTTP/1.1" 404 564 "-" "Mozilla/5.0 (Macintosh; Intel Mac OS X 10_12_3) AppleWebKit/537.36 (KHTML, like Gecko) Chrome/56.0.2924.87 Safari/537.36"
94.72.101.21 - - [02/Nov/2024:19:51:02 +0000] "GET /config/staging/.env/data/secrets.yaml HTTP/1.1" 404 564 "-" "Mozilla/5.0 (Macintosh; Intel Mac OS X 10_12_3) AppleWebKit/537.36 (KHTML, like Gecko) Chrome/56.0.2924.87 Safari/537.36"
94.72.101.21 - - [02/Nov/2024:19:51:02 +0000] "GET /config/staging/.env/data/vars.tf HTTP/1.1" 404 564 "-" "Mozilla/5.0 (Macintosh; Intel Mac OS X 10_12_3) AppleWebKit/537.36 (KHTML, like Gecko) Chrome/56.0.2924.87 Safari/537.36"
94.72.101.21 - - [02/Nov/2024:19:51:02 +0000] "GET /config/staging/.env/data/credentials HTTP/1.1" 404 564 "-" "Mozilla/5.0 (Macintosh; Intel Mac OS X 10_12_3) AppleWebKit/537.36 (KHTML, like Gecko) Chrome/56.0.2924.87 Safari/537.36"
94.72.101.21 - - [02/Nov/2024:19:51:02 +0000] "GET /config/staging/.env/data/secrets.json HTTP/1.1" 404 564 "-" "Mozilla/5.0 (Macintosh; Intel Mac OS X 10_12_3) AppleWebKit/537.36 (KHTML, like Gecko) Chrome/56.0.2924.87 Safari/537.36"
94.72.101.21 - - [02/Nov/2024:19:51:02 +0000] "GET /config/staging/.env/data/keys.pem HTTP/1.1" 404 564 "-" "Mozilla/5.0 (Macintosh; Intel Mac OS X 10_12_3) AppleWebKit/537.36 (KHTML, like Gecko) Chrome/56.0.2924.87 Safari/537.36"
94.72.101.21 - - [02/Nov/2024:19:51:03 +0000] "GET /config/staging/.env/data/settings.ini HTTP/1.1" 404 564 "-" "Mozilla/5.0 (Macintosh; Intel Mac OS X 10_12_3) AppleWebKit/537.36 (KHTML, like Gecko) Chrome/56.0.2924.87 Safari/537.36"
94.72.101.21 - - [02/Nov/2024:19:51:03 +0000] "GET /etc/config/.env.production/v1/config.json HTTP/1.1" 404 564 "-" "Mozilla/5.0 (Macintosh; Intel Mac OS X 10_12_3) AppleWebKit/537.36 (KHTML, like Gecko) Chrome/56.0.2924.87 Safari/537.36"
94.72.101.21 - - [02/Nov/2024:19:51:03 +0000] "GET /etc/config/.env.production/v1/.env HTTP/1.1" 404 564 "-" "Mozilla/5.0 (Macintosh; Intel Mac OS X 10_12_3) AppleWebKit/537.36 (KHTML, like Gecko) Chrome/56.0.2924.87 Safari/537.36"
94.72.101.21 - - [02/Nov/2024:19:51:03 +0000] "GET /etc/config/.env.production/v1/secrets.yaml HTTP/1.1" 404 564 "-" "Mozilla/5.0 (Macintosh; Intel Mac OS X 10_12_3) AppleWebKit/537.36 (KHTML, like Gecko) Chrome/56.0.2924.87 Safari/537.36"
94.72.101.21 - - [02/Nov/2024:19:51:03 +0000] "GET /etc/config/.env.production/v1/vars.tf HTTP/1.1" 404 564 "-" "Mozilla/5.0 (Macintosh; Intel Mac OS X 10_12_3) AppleWebKit/537.36 (KHTML, like Gecko) Chrome/56.0.2924.87 Safari/537.36"
94.72.101.21 - - [02/Nov/2024:19:51:03 +0000] "GET /etc/config/.env.production/v1/credentials HTTP/1.1" 404 564 "-" "Mozilla/5.0 (Macintosh; Intel Mac OS X 10_12_3) AppleWebKit/537.36 (KHTML, like Gecko) Chrome/56.0.2924.87 Safari/537.36"
94.72.101.21 - - [02/Nov/2024:19:51:04 +0000] "GET /etc/config/.env.production/v1/secrets.json HTTP/1.1" 404 564 "-" "Mozilla/5.0 (Macintosh; Intel Mac OS X 10_12_3) AppleWebKit/537.36 (KHTML, like Gecko) Chrome/56.0.2924.87 Safari/537.36"
94.72.101.21 - - [02/Nov/2024:19:51:04 +0000] "GET /etc/config/.env.production/v1/keys.pem HTTP/1.1" 404 564 "-" "Mozilla/5.0 (Macintosh; Intel Mac OS X 10_12_3) AppleWebKit/537.36 (KHTML, like Gecko) Chrome/56.0.2924.87 Safari/537.36"
94.72.101.21 - - [02/Nov/2024:19:51:04 +0000] "GET /etc/config/.env.production/v1/settings.ini HTTP/1.1" 404 564 "-" "Mozilla/5.0 (Macintosh; Intel Mac OS X 10_12_3) AppleWebKit/537.36 (KHTML, like Gecko) Chrome/56.0.2924.87 Safari/537.36"
94.72.101.21 - - [02/Nov/2024:19:51:04 +0000] "GET /etc/config/.env.production/v2/config.json HTTP/1.1" 404 564 "-" "Mozilla/5.0 (Macintosh; Intel Mac OS X 10_12_3) AppleWebKit/537.36 (KHTML, like Gecko) Chrome/56.0.2924.87 Safari/537.36"
94.72.101.21 - - [02/Nov/2024:19:51:04 +0000] "GET /etc/config/.env.production/v2/.env HTTP/1.1" 404 564 "-" "Mozilla/5.0 (Macintosh; Intel Mac OS X 10_12_3) AppleWebKit/537.36 (KHTML, like Gecko) Chrome/56.0.2924.87 Safari/537.36"
94.72.101.21 - - [02/Nov/2024:19:51:04 +0000] "GET /etc/config/.env.production/v2/secrets.yaml HTTP/1.1" 404 564 "-" "Mozilla/5.0 (Macintosh; Intel Mac OS X 10_12_3) AppleWebKit/537.36 (KHTML, like Gecko) Chrome/56.0.2924.87 Safari/537.36"
94.72.101.21 - - [02/Nov/2024:19:51:05 +0000] "GET /etc/config/.env.production/v2/vars.tf HTTP/1.1" 404 564 "-" "Mozilla/5.0 (Macintosh; Intel Mac OS X 10_12_3) AppleWebKit/537.36 (KHTML, like Gecko) Chrome/56.0.2924.87 Safari/537.36"
94.72.101.21 - - [02/Nov/2024:19:51:05 +0000] "GET /etc/config/.env.production/v2/credentials HTTP/1.1" 404 564 "-" "Mozilla/5.0 (Macintosh; Intel Mac OS X 10_12_3) AppleWebKit/537.36 (KHTML, like Gecko) Chrome/56.0.2924.87 Safari/537.36"
94.72.101.21 - - [02/Nov/2024:19:51:05 +0000] "GET /etc/config/.env.production/v2/secrets.json HTTP/1.1" 404 564 "-" "Mozilla/5.0 (Macintosh; Intel Mac OS X 10_12_3) AppleWebKit/537.36 (KHTML, like Gecko) Chrome/56.0.2924.87 Safari/537.36"
94.72.101.21 - - [02/Nov/2024:19:51:05 +0000] "GET /etc/config/.env.production/v2/keys.pem HTTP/1.1" 404 564 "-" "Mozilla/5.0 (Macintosh; Intel Mac OS X 10_12_3) AppleWebKit/537.36 (KHTML, like Gecko) Chrome/56.0.2924.87 Safari/537.36"
94.72.101.21 - - [02/Nov/2024:19:51:06 +0000] "GET /etc/config/.env.production/v2/settings.ini HTTP/1.1" 404 564 "-" "Mozilla/5.0 (Macintosh; Intel Mac OS X 10_12_3) AppleWebKit/537.36 (KHTML, like Gecko) Chrome/56.0.2924.87 Safari/537.36"
94.72.101.21 - - [02/Nov/2024:19:51:06 +0000] "GET /etc/config/.env.production/dev/config.json HTTP/1.1" 404 564 "-" "Mozilla/5.0 (Macintosh; Intel Mac OS X 10_12_3) AppleWebKit/537.36 (KHTML, like Gecko) Chrome/56.0.2924.87 Safari/537.36"
94.72.101.21 - - [02/Nov/2024:19:51:06 +0000] "GET /etc/config/.env.production/dev/.env HTTP/1.1" 404 564 "-" "Mozilla/5.0 (Macintosh; Intel Mac OS X 10_12_3) AppleWebKit/537.36 (KHTML, like Gecko) Chrome/56.0.2924.87 Safari/537.36"
94.72.101.21 - - [02/Nov/2024:19:51:06 +0000] "GET /etc/config/.env.production/dev/secrets.yaml HTTP/1.1" 404 564 "-" "Mozilla/5.0 (Macintosh; Intel Mac OS X 10_12_3) AppleWebKit/537.36 (KHTML, like Gecko) Chrome/56.0.2924.87 Safari/537.36"
94.72.101.21 - - [02/Nov/2024:19:51:06 +0000] "GET /etc/config/.env.production/dev/vars.tf HTTP/1.1" 404 564 "-" "Mozilla/5.0 (Macintosh; Intel Mac OS X 10_12_3) AppleWebKit/537.36 (KHTML, like Gecko) Chrome/56.0.2924.87 Safari/537.36"
94.72.101.21 - - [02/Nov/2024:19:51:07 +0000] "GET /etc/config/.env.production/dev/credentials HTTP/1.1" 404 564 "-" "Mozilla/5.0 (Macintosh; Intel Mac OS X 10_12_3) AppleWebKit/537.36 (KHTML, like Gecko) Chrome/56.0.2924.87 Safari/537.36"
94.72.101.21 - - [02/Nov/2024:19:51:07 +0000] "GET /etc/config/.env.production/dev/secrets.json HTTP/1.1" 404 564 "-" "Mozilla/5.0 (Macintosh; Intel Mac OS X 10_12_3) AppleWebKit/537.36 (KHTML, like Gecko) Chrome/56.0.2924.87 Safari/537.36"
94.72.101.21 - - [02/Nov/2024:19:51:07 +0000] "GET /etc/config/.env.production/dev/keys.pem HTTP/1.1" 404 564 "-" "Mozilla/5.0 (Macintosh; Intel Mac OS X 10_12_3) AppleWebKit/537.36 (KHTML, like Gecko) Chrome/56.0.2924.87 Safari/537.36"
94.72.101.21 - - [02/Nov/2024:19:51:07 +0000] "GET /etc/config/.env.production/dev/settings.ini HTTP/1.1" 404 564 "-" "Mozilla/5.0 (Macintosh; Intel Mac OS X 10_12_3) AppleWebKit/537.36 (KHTML, like Gecko) Chrome/56.0.2924.87 Safari/537.36"
94.72.101.21 - - [02/Nov/2024:19:51:08 +0000] "GET /etc/config/.env.production/prod/config.json HTTP/1.1" 404 564 "-" "Mozilla/5.0 (Macintosh; Intel Mac OS X 10_12_3) AppleWebKit/537.36 (KHTML, like Gecko) Chrome/56.0.2924.87 Safari/537.36"
94.72.101.21 - - [02/Nov/2024:19:51:08 +0000] "GET /etc/config/.env.production/prod/.env HTTP/1.1" 404 564 "-" "Mozilla/5.0 (Macintosh; Intel Mac OS X 10_12_3) AppleWebKit/537.36 (KHTML, like Gecko) Chrome/56.0.2924.87 Safari/537.36"
94.72.101.21 - - [02/Nov/2024:19:51:08 +0000] "GET /etc/config/.env.production/prod/secrets.yaml HTTP/1.1" 404 564 "-" "Mozilla/5.0 (Macintosh; Intel Mac OS X 10_12_3) AppleWebKit/537.36 (KHTML, like Gecko) Chrome/56.0.2924.87 Safari/537.36"
94.72.101.21 - - [02/Nov/2024:19:51:08 +0000] "GET /etc/config/.env.production/prod/vars.tf HTTP/1.1" 404 564 "-" "Mozilla/5.0 (Macintosh; Intel Mac OS X 10_12_3) AppleWebKit/537.36 (KHTML, like Gecko) Chrome/56.0.2924.87 Safari/537.36"
94.72.101.21 - - [02/Nov/2024:19:51:09 +0000] "GET /etc/config/.env.production/prod/credentials HTTP/1.1" 404 564 "-" "Mozilla/5.0 (Macintosh; Intel Mac OS X 10_12_3) AppleWebKit/537.36 (KHTML, like Gecko) Chrome/56.0.2924.87 Safari/537.36"
94.72.101.21 - - [02/Nov/2024:19:51:09 +0000] "GET /etc/config/.env.production/prod/secrets.json HTTP/1.1" 404 564 "-" "Mozilla/5.0 (Macintosh; Intel Mac OS X 10_12_3) AppleWebKit/537.36 (KHTML, like Gecko) Chrome/56.0.2924.87 Safari/537.36"
94.72.101.21 - - [02/Nov/2024:19:51:10 +0000] "GET /etc/config/.env.production/prod/keys.pem HTTP/1.1" 404 564 "-" "Mozilla/5.0 (Macintosh; Intel Mac OS X 10_12_3) AppleWebKit/537.36 (KHTML, like Gecko) Chrome/56.0.2924.87 Safari/537.36"
94.72.101.21 - - [02/Nov/2024:19:51:10 +0000] "GET /etc/config/.env.production/prod/settings.ini HTTP/1.1" 404 564 "-" "Mozilla/5.0 (Macintosh; Intel Mac OS X 10_12_3) AppleWebKit/537.36 (KHTML, like Gecko) Chrome/56.0.2924.87 Safari/537.36"
94.72.101.21 - - [02/Nov/2024:19:51:11 +0000] "GET /etc/config/.env.production/staging/config.json HTTP/1.1" 404 564 "-" "Mozilla/5.0 (Macintosh; Intel Mac OS X 10_12_3) AppleWebKit/537.36 (KHTML, like Gecko) Chrome/56.0.2924.87 Safari/537.36"
94.72.101.21 - - [02/Nov/2024:19:51:11 +0000] "GET /etc/config/.env.production/staging/.env HTTP/1.1" 404 564 "-" "Mozilla/5.0 (Macintosh; Intel Mac OS X 10_12_3) AppleWebKit/537.36 (KHTML, like Gecko) Chrome/56.0.2924.87 Safari/537.36"
94.72.101.21 - - [02/Nov/2024:19:51:11 +0000] "GET /etc/config/.env.production/staging/secrets.yaml HTTP/1.1" 404 564 "-" "Mozilla/5.0 (Macintosh; Intel Mac OS X 10_12_3) AppleWebKit/537.36 (KHTML, like Gecko) Chrome/56.0.2924.87 Safari/537.36"
94.72.101.21 - - [02/Nov/2024:19:51:11 +0000] "GET /etc/config/.env.production/staging/vars.tf HTTP/1.1" 404 564 "-" "Mozilla/5.0 (Macintosh; Intel Mac OS X 10_12_3) AppleWebKit/537.36 (KHTML, like Gecko) Chrome/56.0.2924.87 Safari/537.36"
94.72.101.21 - - [02/Nov/2024:19:51:12 +0000] "GET /etc/config/.env.production/staging/credentials HTTP/1.1" 404 564 "-" "Mozilla/5.0 (Macintosh; Intel Mac OS X 10_12_3) AppleWebKit/537.36 (KHTML, like Gecko) Chrome/56.0.2924.87 Safari/537.36"
94.72.101.21 - - [02/Nov/2024:19:51:12 +0000] "GET /etc/config/.env.production/staging/secrets.json HTTP/1.1" 404 564 "-" "Mozilla/5.0 (Macintosh; Intel Mac OS X 10_12_3) AppleWebKit/537.36 (KHTML, like Gecko) Chrome/56.0.2924.87 Safari/537.36"
94.72.101.21 - - [02/Nov/2024:19:51:12 +0000] "GET /etc/config/.env.production/staging/keys.pem HTTP/1.1" 404 564 "-" "Mozilla/5.0 (Macintosh; Intel Mac OS X 10_12_3) AppleWebKit/537.36 (KHTML, like Gecko) Chrome/56.0.2924.87 Safari/537.36"
94.72.101.21 - - [02/Nov/2024:19:51:12 +0000] "GET /etc/config/.env.production/staging/settings.ini HTTP/1.1" 404 564 "-" "Mozilla/5.0 (Macintosh; Intel Mac OS X 10_12_3) AppleWebKit/537.36 (KHTML, like Gecko) Chrome/56.0.2924.87 Safari/537.36"
94.72.101.21 - - [02/Nov/2024:19:51:12 +0000] "GET /etc/config/.env.production/src/config.json HTTP/1.1" 404 564 "-" "Mozilla/5.0 (Macintosh; Intel Mac OS X 10_12_3) AppleWebKit/537.36 (KHTML, like Gecko) Chrome/56.0.2924.87 Safari/537.36"
94.72.101.21 - - [02/Nov/2024:19:51:12 +0000] "GET /etc/config/.env.production/src/.env HTTP/1.1" 404 564 "-" "Mozilla/5.0 (Macintosh; Intel Mac OS X 10_12_3) AppleWebKit/537.36 (KHTML, like Gecko) Chrome/56.0.2924.87 Safari/537.36"
94.72.101.21 - - [02/Nov/2024:19:51:12 +0000] "GET /etc/config/.env.production/src/secrets.yaml HTTP/1.1" 404 564 "-" "Mozilla/5.0 (Macintosh; Intel Mac OS X 10_12_3) AppleWebKit/537.36 (KHTML, like Gecko) Chrome/56.0.2924.87 Safari/537.36"
94.72.101.21 - - [02/Nov/2024:19:51:13 +0000] "GET /etc/config/.env.production/src/vars.tf HTTP/1.1" 404 564 "-" "Mozilla/5.0 (Macintosh; Intel Mac OS X 10_12_3) AppleWebKit/537.36 (KHTML, like Gecko) Chrome/56.0.2924.87 Safari/537.36"
94.72.101.21 - - [02/Nov/2024:19:51:13 +0000] "GET /etc/config/.env.production/src/credentials HTTP/1.1" 404 564 "-" "Mozilla/5.0 (Macintosh; Intel Mac OS X 10_12_3) AppleWebKit/537.36 (KHTML, like Gecko) Chrome/56.0.2924.87 Safari/537.36"
94.72.101.21 - - [02/Nov/2024:19:51:13 +0000] "GET /etc/config/.env.production/src/secrets.json HTTP/1.1" 404 564 "-" "Mozilla/5.0 (Macintosh; Intel Mac OS X 10_12_3) AppleWebKit/537.36 (KHTML, like Gecko) Chrome/56.0.2924.87 Safari/537.36"
94.72.101.21 - - [02/Nov/2024:19:51:13 +0000] "GET /etc/config/.env.production/src/keys.pem HTTP/1.1" 404 564 "-" "Mozilla/5.0 (Macintosh; Intel Mac OS X 10_12_3) AppleWebKit/537.36 (KHTML, like Gecko) Chrome/56.0.2924.87 Safari/537.36"
94.72.101.21 - - [02/Nov/2024:19:51:13 +0000] "GET /etc/config/.env.production/src/settings.ini HTTP/1.1" 404 564 "-" "Mozilla/5.0 (Macintosh; Intel Mac OS X 10_12_3) AppleWebKit/537.36 (KHTML, like Gecko) Chrome/56.0.2924.87 Safari/537.36"
94.72.101.21 - - [02/Nov/2024:19:51:13 +0000] "GET /etc/config/.env.production/dist/config.json HTTP/1.1" 404 564 "-" "Mozilla/5.0 (Macintosh; Intel Mac OS X 10_12_3) AppleWebKit/537.36 (KHTML, like Gecko) Chrome/56.0.2924.87 Safari/537.36"
94.72.101.21 - - [02/Nov/2024:19:51:13 +0000] "GET /etc/config/.env.production/dist/.env HTTP/1.1" 404 564 "-" "Mozilla/5.0 (Macintosh; Intel Mac OS X 10_12_3) AppleWebKit/537.36 (KHTML, like Gecko) Chrome/56.0.2924.87 Safari/537.36"
94.72.101.21 - - [02/Nov/2024:19:51:14 +0000] "GET /etc/config/.env.production/dist/secrets.yaml HTTP/1.1" 404 564 "-" "Mozilla/5.0 (Macintosh; Intel Mac OS X 10_12_3) AppleWebKit/537.36 (KHTML, like Gecko) Chrome/56.0.2924.87 Safari/537.36"
94.72.101.21 - - [02/Nov/2024:19:51:14 +0000] "GET /etc/config/.env.production/dist/vars.tf HTTP/1.1" 404 564 "-" "Mozilla/5.0 (Macintosh; Intel Mac OS X 10_12_3) AppleWebKit/537.36 (KHTML, like Gecko) Chrome/56.0.2924.87 Safari/537.36"
94.72.101.21 - - [02/Nov/2024:19:51:14 +0000] "GET /etc/config/.env.production/dist/credentials HTTP/1.1" 404 564 "-" "Mozilla/5.0 (Macintosh; Intel Mac OS X 10_12_3) AppleWebKit/537.36 (KHTML, like Gecko) Chrome/56.0.2924.87 Safari/537.36"
94.72.101.21 - - [02/Nov/2024:19:51:14 +0000] "GET /etc/config/.env.production/dist/secrets.json HTTP/1.1" 404 564 "-" "Mozilla/5.0 (Macintosh; Intel Mac OS X 10_12_3) AppleWebKit/537.36 (KHTML, like Gecko) Chrome/56.0.2924.87 Safari/537.36"
94.72.101.21 - - [02/Nov/2024:19:51:14 +0000] "GET /etc/config/.env.production/dist/keys.pem HTTP/1.1" 404 564 "-" "Mozilla/5.0 (Macintosh; Intel Mac OS X 10_12_3) AppleWebKit/537.36 (KHTML, like Gecko) Chrome/56.0.2924.87 Safari/537.36"
94.72.101.21 - - [02/Nov/2024:19:51:14 +0000] "GET /etc/config/.env.production/dist/settings.ini HTTP/1.1" 404 564 "-" "Mozilla/5.0 (Macintosh; Intel Mac OS X 10_12_3) AppleWebKit/537.36 (KHTML, like Gecko) Chrome/56.0.2924.87 Safari/537.36"
94.72.101.21 - - [02/Nov/2024:19:51:15 +0000] "GET /etc/config/.env.production/config/config.json HTTP/1.1" 404 564 "-" "Mozilla/5.0 (Macintosh; Intel Mac OS X 10_12_3) AppleWebKit/537.36 (KHTML, like Gecko) Chrome/56.0.2924.87 Safari/537.36"
94.72.101.21 - - [02/Nov/2024:19:51:15 +0000] "GET /etc/config/.env.production/config/.env HTTP/1.1" 404 564 "-" "Mozilla/5.0 (Macintosh; Intel Mac OS X 10_12_3) AppleWebKit/537.36 (KHTML, like Gecko) Chrome/56.0.2924.87 Safari/537.36"
94.72.101.21 - - [02/Nov/2024:19:51:15 +0000] "GET /etc/config/.env.production/config/secrets.yaml HTTP/1.1" 404 564 "-" "Mozilla/5.0 (Macintosh; Intel Mac OS X 10_12_3) AppleWebKit/537.36 (KHTML, like Gecko) Chrome/56.0.2924.87 Safari/537.36"
94.72.101.21 - - [02/Nov/2024:19:51:15 +0000] "GET /etc/config/.env.production/config/vars.tf HTTP/1.1" 404 564 "-" "Mozilla/5.0 (Macintosh; Intel Mac OS X 10_12_3) AppleWebKit/537.36 (KHTML, like Gecko) Chrome/56.0.2924.87 Safari/537.36"
94.72.101.21 - - [02/Nov/2024:19:51:15 +0000] "GET /etc/config/.env.production/config/credentials HTTP/1.1" 404 564 "-" "Mozilla/5.0 (Macintosh; Intel Mac OS X 10_12_3) AppleWebKit/537.36 (KHTML, like Gecko) Chrome/56.0.2924.87 Safari/537.36"
94.72.101.21 - - [02/Nov/2024:19:51:15 +0000] "GET /etc/config/.env.production/config/secrets.json HTTP/1.1" 404 564 "-" "Mozilla/5.0 (Macintosh; Intel Mac OS X 10_12_3) AppleWebKit/537.36 (KHTML, like Gecko) Chrome/56.0.2924.87 Safari/537.36"
94.72.101.21 - - [02/Nov/2024:19:51:15 +0000] "GET /etc/config/.env.production/config/keys.pem HTTP/1.1" 404 564 "-" "Mozilla/5.0 (Macintosh; Intel Mac OS X 10_12_3) AppleWebKit/537.36 (KHTML, like Gecko) Chrome/56.0.2924.87 Safari/537.36"
94.72.101.21 - - [02/Nov/2024:19:51:16 +0000] "GET /etc/config/.env.production/config/settings.ini HTTP/1.1" 404 564 "-" "Mozilla/5.0 (Macintosh; Intel Mac OS X 10_12_3) AppleWebKit/537.36 (KHTML, like Gecko) Chrome/56.0.2924.87 Safari/537.36"
94.72.101.21 - - [02/Nov/2024:19:51:16 +0000] "GET /etc/config/.env.production/backups/config.json HTTP/1.1" 404 564 "-" "Mozilla/5.0 (Macintosh; Intel Mac OS X 10_12_3) AppleWebKit/537.36 (KHTML, like Gecko) Chrome/56.0.2924.87 Safari/537.36"
94.72.101.21 - - [02/Nov/2024:19:51:16 +0000] "GET /etc/config/.env.production/backups/.env HTTP/1.1" 404 564 "-" "Mozilla/5.0 (Macintosh; Intel Mac OS X 10_12_3) AppleWebKit/537.36 (KHTML, like Gecko) Chrome/56.0.2924.87 Safari/537.36"
94.72.101.21 - - [02/Nov/2024:19:51:16 +0000] "GET /etc/config/.env.production/backups/secrets.yaml HTTP/1.1" 404 564 "-" "Mozilla/5.0 (Macintosh; Intel Mac OS X 10_12_3) AppleWebKit/537.36 (KHTML, like Gecko) Chrome/56.0.2924.87 Safari/537.36"
94.72.101.21 - - [02/Nov/2024:19:51:16 +0000] "GET /etc/config/.env.production/backups/vars.tf HTTP/1.1" 404 564 "-" "Mozilla/5.0 (Macintosh; Intel Mac OS X 10_12_3) AppleWebKit/537.36 (KHTML, like Gecko) Chrome/56.0.2924.87 Safari/537.36"
94.72.101.21 - - [02/Nov/2024:19:51:16 +0000] "GET /etc/config/.env.production/backups/credentials HTTP/1.1" 404 564 "-" "Mozilla/5.0 (Macintosh; Intel Mac OS X 10_12_3) AppleWebKit/537.36 (KHTML, like Gecko) Chrome/56.0.2924.87 Safari/537.36"
94.72.101.21 - - [02/Nov/2024:19:51:16 +0000] "GET /etc/config/.env.production/backups/secrets.json HTTP/1.1" 404 564 "-" "Mozilla/5.0 (Macintosh; Intel Mac OS X 10_12_3) AppleWebKit/537.36 (KHTML, like Gecko) Chrome/56.0.2924.87 Safari/537.36"
94.72.101.21 - - [02/Nov/2024:19:51:17 +0000] "GET /etc/config/.env.production/backups/keys.pem HTTP/1.1" 404 564 "-" "Mozilla/5.0 (Macintosh; Intel Mac OS X 10_12_3) AppleWebKit/537.36 (KHTML, like Gecko) Chrome/56.0.2924.87 Safari/537.36"
94.72.101.21 - - [02/Nov/2024:19:51:17 +0000] "GET /etc/config/.env.production/backups/settings.ini HTTP/1.1" 404 564 "-" "Mozilla/5.0 (Macintosh; Intel Mac OS X 10_12_3) AppleWebKit/537.36 (KHTML, like Gecko) Chrome/56.0.2924.87 Safari/537.36"
94.72.101.21 - - [02/Nov/2024:19:51:17 +0000] "GET /etc/config/.env.production/data/config.json HTTP/1.1" 404 564 "-" "Mozilla/5.0 (Macintosh; Intel Mac OS X 10_12_3) AppleWebKit/537.36 (KHTML, like Gecko) Chrome/56.0.2924.87 Safari/537.36"
94.72.101.21 - - [02/Nov/2024:19:51:17 +0000] "GET /etc/config/.env.production/data/.env HTTP/1.1" 404 564 "-" "Mozilla/5.0 (Macintosh; Intel Mac OS X 10_12_3) AppleWebKit/537.36 (KHTML, like Gecko) Chrome/56.0.2924.87 Safari/537.36"
94.72.101.21 - - [02/Nov/2024:19:51:17 +0000] "GET /etc/config/.env.production/data/secrets.yaml HTTP/1.1" 404 564 "-" "Mozilla/5.0 (Macintosh; Intel Mac OS X 10_12_3) AppleWebKit/537.36 (KHTML, like Gecko) Chrome/56.0.2924.87 Safari/537.36"
94.72.101.21 - - [02/Nov/2024:19:51:17 +0000] "GET /etc/config/.env.production/data/vars.tf HTTP/1.1" 404 564 "-" "Mozilla/5.0 (Macintosh; Intel Mac OS X 10_12_3) AppleWebKit/537.36 (KHTML, like Gecko) Chrome/56.0.2924.87 Safari/537.36"
94.72.101.21 - - [02/Nov/2024:19:51:17 +0000] "GET /etc/config/.env.production/data/credentials HTTP/1.1" 404 564 "-" "Mozilla/5.0 (Macintosh; Intel Mac OS X 10_12_3) AppleWebKit/537.36 (KHTML, like Gecko) Chrome/56.0.2924.87 Safari/537.36"
94.72.101.21 - - [02/Nov/2024:19:51:18 +0000] "GET /etc/config/.env.production/data/secrets.json HTTP/1.1" 404 564 "-" "Mozilla/5.0 (Macintosh; Intel Mac OS X 10_12_3) AppleWebKit/537.36 (KHTML, like Gecko) Chrome/56.0.2924.87 Safari/537.36"
94.72.101.21 - - [02/Nov/2024:19:51:18 +0000] "GET /etc/config/.env.production/data/keys.pem HTTP/1.1" 404 564 "-" "Mozilla/5.0 (Macintosh; Intel Mac OS X 10_12_3) AppleWebKit/537.36 (KHTML, like Gecko) Chrome/56.0.2924.87 Safari/537.36"
94.72.101.21 - - [02/Nov/2024:19:51:18 +0000] "GET /etc/config/.env.production/data/settings.ini HTTP/1.1" 404 564 "-" "Mozilla/5.0 (Macintosh; Intel Mac OS X 10_12_3) AppleWebKit/537.36 (KHTML, like Gecko) Chrome/56.0.2924.87 Safari/537.36"
94.72.101.21 - - [02/Nov/2024:19:51:18 +0000] "GET /backups/.env.bak/v1/config.json HTTP/1.1" 404 564 "-" "Mozilla/5.0 (Macintosh; Intel Mac OS X 10_12_3) AppleWebKit/537.36 (KHTML, like Gecko) Chrome/56.0.2924.87 Safari/537.36"
94.72.101.21 - - [02/Nov/2024:19:51:18 +0000] "GET /backups/.env.bak/v1/.env HTTP/1.1" 404 564 "-" "Mozilla/5.0 (Macintosh; Intel Mac OS X 10_12_3) AppleWebKit/537.36 (KHTML, like Gecko) Chrome/56.0.2924.87 Safari/537.36"
94.72.101.21 - - [02/Nov/2024:19:51:18 +0000] "GET /backups/.env.bak/v1/secrets.yaml HTTP/1.1" 404 564 "-" "Mozilla/5.0 (Macintosh; Intel Mac OS X 10_12_3) AppleWebKit/537.36 (KHTML, like Gecko) Chrome/56.0.2924.87 Safari/537.36"
94.72.101.21 - - [02/Nov/2024:19:51:19 +0000] "GET /backups/.env.bak/v1/vars.tf HTTP/1.1" 404 564 "-" "Mozilla/5.0 (Macintosh; Intel Mac OS X 10_12_3) AppleWebKit/537.36 (KHTML, like Gecko) Chrome/56.0.2924.87 Safari/537.36"
94.72.101.21 - - [02/Nov/2024:19:51:19 +0000] "GET /backups/.env.bak/v1/credentials HTTP/1.1" 404 564 "-" "Mozilla/5.0 (Macintosh; Intel Mac OS X 10_12_3) AppleWebKit/537.36 (KHTML, like Gecko) Chrome/56.0.2924.87 Safari/537.36"
94.72.101.21 - - [02/Nov/2024:19:51:19 +0000] "GET /backups/.env.bak/v1/secrets.json HTTP/1.1" 404 564 "-" "Mozilla/5.0 (Macintosh; Intel Mac OS X 10_12_3) AppleWebKit/537.36 (KHTML, like Gecko) Chrome/56.0.2924.87 Safari/537.36"
94.72.101.21 - - [02/Nov/2024:19:51:19 +0000] "GET /backups/.env.bak/v1/keys.pem HTTP/1.1" 404 564 "-" "Mozilla/5.0 (Macintosh; Intel Mac OS X 10_12_3) AppleWebKit/537.36 (KHTML, like Gecko) Chrome/56.0.2924.87 Safari/537.36"
94.72.101.21 - - [02/Nov/2024:19:51:19 +0000] "GET /backups/.env.bak/v1/settings.ini HTTP/1.1" 404 564 "-" "Mozilla/5.0 (Macintosh; Intel Mac OS X 10_12_3) AppleWebKit/537.36 (KHTML, like Gecko) Chrome/56.0.2924.87 Safari/537.36"
94.72.101.21 - - [02/Nov/2024:19:51:19 +0000] "GET /backups/.env.bak/v2/config.json HTTP/1.1" 404 564 "-" "Mozilla/5.0 (Macintosh; Intel Mac OS X 10_12_3) AppleWebKit/537.36 (KHTML, like Gecko) Chrome/56.0.2924.87 Safari/537.36"
94.72.101.21 - - [02/Nov/2024:19:51:19 +0000] "GET /backups/.env.bak/v2/.env HTTP/1.1" 404 564 "-" "Mozilla/5.0 (Macintosh; Intel Mac OS X 10_12_3) AppleWebKit/537.36 (KHTML, like Gecko) Chrome/56.0.2924.87 Safari/537.36"
94.72.101.21 - - [02/Nov/2024:19:51:20 +0000] "GET /backups/.env.bak/v2/secrets.yaml HTTP/1.1" 404 564 "-" "Mozilla/5.0 (Macintosh; Intel Mac OS X 10_12_3) AppleWebKit/537.36 (KHTML, like Gecko) Chrome/56.0.2924.87 Safari/537.36"
94.72.101.21 - - [02/Nov/2024:19:51:20 +0000] "GET /backups/.env.bak/v2/vars.tf HTTP/1.1" 404 564 "-" "Mozilla/5.0 (Macintosh; Intel Mac OS X 10_12_3) AppleWebKit/537.36 (KHTML, like Gecko) Chrome/56.0.2924.87 Safari/537.36"
94.72.101.21 - - [02/Nov/2024:19:51:20 +0000] "GET /backups/.env.bak/v2/credentials HTTP/1.1" 404 564 "-" "Mozilla/5.0 (Macintosh; Intel Mac OS X 10_12_3) AppleWebKit/537.36 (KHTML, like Gecko) Chrome/56.0.2924.87 Safari/537.36"
94.72.101.21 - - [02/Nov/2024:19:51:20 +0000] "GET /backups/.env.bak/v2/secrets.json HTTP/1.1" 404 564 "-" "Mozilla/5.0 (Macintosh; Intel Mac OS X 10_12_3) AppleWebKit/537.36 (KHTML, like Gecko) Chrome/56.0.2924.87 Safari/537.36"
94.72.101.21 - - [02/Nov/2024:19:51:20 +0000] "GET /backups/.env.bak/v2/keys.pem HTTP/1.1" 404 564 "-" "Mozilla/5.0 (Macintosh; Intel Mac OS X 10_12_3) AppleWebKit/537.36 (KHTML, like Gecko) Chrome/56.0.2924.87 Safari/537.36"
94.72.101.21 - - [02/Nov/2024:19:51:20 +0000] "GET /backups/.env.bak/v2/settings.ini HTTP/1.1" 404 564 "-" "Mozilla/5.0 (Macintosh; Intel Mac OS X 10_12_3) AppleWebKit/537.36 (KHTML, like Gecko) Chrome/56.0.2924.87 Safari/537.36"
94.72.101.21 - - [02/Nov/2024:19:51:21 +0000] "GET /backups/.env.bak/dev/config.json HTTP/1.1" 404 564 "-" "Mozilla/5.0 (Macintosh; Intel Mac OS X 10_12_3) AppleWebKit/537.36 (KHTML, like Gecko) Chrome/56.0.2924.87 Safari/537.36"
94.72.101.21 - - [02/Nov/2024:19:51:21 +0000] "GET /backups/.env.bak/dev/.env HTTP/1.1" 404 564 "-" "Mozilla/5.0 (Macintosh; Intel Mac OS X 10_12_3) AppleWebKit/537.36 (KHTML, like Gecko) Chrome/56.0.2924.87 Safari/537.36"
94.72.101.21 - - [02/Nov/2024:19:51:21 +0000] "GET /backups/.env.bak/dev/secrets.yaml HTTP/1.1" 404 564 "-" "Mozilla/5.0 (Macintosh; Intel Mac OS X 10_12_3) AppleWebKit/537.36 (KHTML, like Gecko) Chrome/56.0.2924.87 Safari/537.36"
94.72.101.21 - - [02/Nov/2024:19:51:22 +0000] "GET /backups/.env.bak/dev/vars.tf HTTP/1.1" 404 564 "-" "Mozilla/5.0 (Macintosh; Intel Mac OS X 10_12_3) AppleWebKit/537.36 (KHTML, like Gecko) Chrome/56.0.2924.87 Safari/537.36"
94.72.101.21 - - [02/Nov/2024:19:51:22 +0000] "GET /backups/.env.bak/dev/credentials HTTP/1.1" 404 564 "-" "Mozilla/5.0 (Macintosh; Intel Mac OS X 10_12_3) AppleWebKit/537.36 (KHTML, like Gecko) Chrome/56.0.2924.87 Safari/537.36"
94.72.101.21 - - [02/Nov/2024:19:51:22 +0000] "GET /backups/.env.bak/dev/secrets.json HTTP/1.1" 404 564 "-" "Mozilla/5.0 (Macintosh; Intel Mac OS X 10_12_3) AppleWebKit/537.36 (KHTML, like Gecko) Chrome/56.0.2924.87 Safari/537.36"
94.72.101.21 - - [02/Nov/2024:19:51:22 +0000] "GET /backups/.env.bak/dev/keys.pem HTTP/1.1" 404 564 "-" "Mozilla/5.0 (Macintosh; Intel Mac OS X 10_12_3) AppleWebKit/537.36 (KHTML, like Gecko) Chrome/56.0.2924.87 Safari/537.36"
94.72.101.21 - - [02/Nov/2024:19:51:22 +0000] "GET /backups/.env.bak/dev/settings.ini HTTP/1.1" 404 564 "-" "Mozilla/5.0 (Macintosh; Intel Mac OS X 10_12_3) AppleWebKit/537.36 (KHTML, like Gecko) Chrome/56.0.2924.87 Safari/537.36"
94.72.101.21 - - [02/Nov/2024:19:51:22 +0000] "GET /backups/.env.bak/prod/config.json HTTP/1.1" 404 564 "-" "Mozilla/5.0 (Macintosh; Intel Mac OS X 10_12_3) AppleWebKit/537.36 (KHTML, like Gecko) Chrome/56.0.2924.87 Safari/537.36"
94.72.101.21 - - [02/Nov/2024:19:51:23 +0000] "GET /backups/.env.bak/prod/.env HTTP/1.1" 404 564 "-" "Mozilla/5.0 (Macintosh; Intel Mac OS X 10_12_3) AppleWebKit/537.36 (KHTML, like Gecko) Chrome/56.0.2924.87 Safari/537.36"
94.72.101.21 - - [02/Nov/2024:19:51:23 +0000] "GET /backups/.env.bak/prod/secrets.yaml HTTP/1.1" 404 564 "-" "Mozilla/5.0 (Macintosh; Intel Mac OS X 10_12_3) AppleWebKit/537.36 (KHTML, like Gecko) Chrome/56.0.2924.87 Safari/537.36"
94.72.101.21 - - [02/Nov/2024:19:51:23 +0000] "GET /backups/.env.bak/prod/vars.tf HTTP/1.1" 404 564 "-" "Mozilla/5.0 (Macintosh; Intel Mac OS X 10_12_3) AppleWebKit/537.36 (KHTML, like Gecko) Chrome/56.0.2924.87 Safari/537.36"
94.72.101.21 - - [02/Nov/2024:19:51:23 +0000] "GET /backups/.env.bak/prod/credentials HTTP/1.1" 404 564 "-" "Mozilla/5.0 (Macintosh; Intel Mac OS X 10_12_3) AppleWebKit/537.36 (KHTML, like Gecko) Chrome/56.0.2924.87 Safari/537.36"
94.72.101.21 - - [02/Nov/2024:19:51:23 +0000] "GET /backups/.env.bak/prod/secrets.json HTTP/1.1" 404 564 "-" "Mozilla/5.0 (Macintosh; Intel Mac OS X 10_12_3) AppleWebKit/537.36 (KHTML, like Gecko) Chrome/56.0.2924.87 Safari/537.36"
94.72.101.21 - - [02/Nov/2024:19:51:23 +0000] "GET /backups/.env.bak/prod/keys.pem HTTP/1.1" 404 564 "-" "Mozilla/5.0 (Macintosh; Intel Mac OS X 10_12_3) AppleWebKit/537.36 (KHTML, like Gecko) Chrome/56.0.2924.87 Safari/537.36"
94.72.101.21 - - [02/Nov/2024:19:51:24 +0000] "GET /backups/.env.bak/prod/settings.ini HTTP/1.1" 404 564 "-" "Mozilla/5.0 (Macintosh; Intel Mac OS X 10_12_3) AppleWebKit/537.36 (KHTML, like Gecko) Chrome/56.0.2924.87 Safari/537.36"
94.72.101.21 - - [02/Nov/2024:19:51:24 +0000] "GET /backups/.env.bak/staging/config.json HTTP/1.1" 404 564 "-" "Mozilla/5.0 (Macintosh; Intel Mac OS X 10_12_3) AppleWebKit/537.36 (KHTML, like Gecko) Chrome/56.0.2924.87 Safari/537.36"
94.72.101.21 - - [02/Nov/2024:19:51:24 +0000] "GET /backups/.env.bak/staging/.env HTTP/1.1" 404 564 "-" "Mozilla/5.0 (Macintosh; Intel Mac OS X 10_12_3) AppleWebKit/537.36 (KHTML, like Gecko) Chrome/56.0.2924.87 Safari/537.36"
94.72.101.21 - - [02/Nov/2024:19:51:24 +0000] "GET /backups/.env.bak/staging/secrets.yaml HTTP/1.1" 404 564 "-" "Mozilla/5.0 (Macintosh; Intel Mac OS X 10_12_3) AppleWebKit/537.36 (KHTML, like Gecko) Chrome/56.0.2924.87 Safari/537.36"
94.72.101.21 - - [02/Nov/2024:19:51:24 +0000] "GET /backups/.env.bak/staging/vars.tf HTTP/1.1" 404 564 "-" "Mozilla/5.0 (Macintosh; Intel Mac OS X 10_12_3) AppleWebKit/537.36 (KHTML, like Gecko) Chrome/56.0.2924.87 Safari/537.36"
94.72.101.21 - - [02/Nov/2024:19:51:24 +0000] "GET /backups/.env.bak/staging/credentials HTTP/1.1" 404 564 "-" "Mozilla/5.0 (Macintosh; Intel Mac OS X 10_12_3) AppleWebKit/537.36 (KHTML, like Gecko) Chrome/56.0.2924.87 Safari/537.36"
94.72.101.21 - - [02/Nov/2024:19:51:25 +0000] "GET /backups/.env.bak/staging/secrets.json HTTP/1.1" 404 564 "-" "Mozilla/5.0 (Macintosh; Intel Mac OS X 10_12_3) AppleWebKit/537.36 (KHTML, like Gecko) Chrome/56.0.2924.87 Safari/537.36"
94.72.101.21 - - [02/Nov/2024:19:51:25 +0000] "GET /backups/.env.bak/staging/keys.pem HTTP/1.1" 404 564 "-" "Mozilla/5.0 (Macintosh; Intel Mac OS X 10_12_3) AppleWebKit/537.36 (KHTML, like Gecko) Chrome/56.0.2924.87 Safari/537.36"
94.72.101.21 - - [02/Nov/2024:19:51:25 +0000] "GET /backups/.env.bak/staging/settings.ini HTTP/1.1" 404 564 "-" "Mozilla/5.0 (Macintosh; Intel Mac OS X 10_12_3) AppleWebKit/537.36 (KHTML, like Gecko) Chrome/56.0.2924.87 Safari/537.36"
94.72.101.21 - - [02/Nov/2024:19:51:26 +0000] "GET /backups/.env.bak/src/config.json HTTP/1.1" 404 564 "-" "Mozilla/5.0 (Macintosh; Intel Mac OS X 10_12_3) AppleWebKit/537.36 (KHTML, like Gecko) Chrome/56.0.2924.87 Safari/537.36"
94.72.101.21 - - [02/Nov/2024:19:51:26 +0000] "GET /backups/.env.bak/src/.env HTTP/1.1" 404 564 "-" "Mozilla/5.0 (Macintosh; Intel Mac OS X 10_12_3) AppleWebKit/537.36 (KHTML, like Gecko) Chrome/56.0.2924.87 Safari/537.36"
94.72.101.21 - - [02/Nov/2024:19:51:26 +0000] "GET /backups/.env.bak/src/secrets.yaml HTTP/1.1" 404 564 "-" "Mozilla/5.0 (Macintosh; Intel Mac OS X 10_12_3) AppleWebKit/537.36 (KHTML, like Gecko) Chrome/56.0.2924.87 Safari/537.36"
94.72.101.21 - - [02/Nov/2024:19:51:27 +0000] "GET /backups/.env.bak/src/vars.tf HTTP/1.1" 404 564 "-" "Mozilla/5.0 (Macintosh; Intel Mac OS X 10_12_3) AppleWebKit/537.36 (KHTML, like Gecko) Chrome/56.0.2924.87 Safari/537.36"
94.72.101.21 - - [02/Nov/2024:19:51:27 +0000] "GET /backups/.env.bak/src/credentials HTTP/1.1" 404 564 "-" "Mozilla/5.0 (Macintosh; Intel Mac OS X 10_12_3) AppleWebKit/537.36 (KHTML, like Gecko) Chrome/56.0.2924.87 Safari/537.36"
94.72.101.21 - - [02/Nov/2024:19:51:28 +0000] "GET /backups/.env.bak/src/secrets.json HTTP/1.1" 404 564 "-" "Mozilla/5.0 (Macintosh; Intel Mac OS X 10_12_3) AppleWebKit/537.36 (KHTML, like Gecko) Chrome/56.0.2924.87 Safari/537.36"
94.72.101.21 - - [02/Nov/2024:19:51:28 +0000] "GET /backups/.env.bak/src/keys.pem HTTP/1.1" 404 564 "-" "Mozilla/5.0 (Macintosh; Intel Mac OS X 10_12_3) AppleWebKit/537.36 (KHTML, like Gecko) Chrome/56.0.2924.87 Safari/537.36"
94.72.101.21 - - [02/Nov/2024:19:51:28 +0000] "GET /backups/.env.bak/src/settings.ini HTTP/1.1" 404 564 "-" "Mozilla/5.0 (Macintosh; Intel Mac OS X 10_12_3) AppleWebKit/537.36 (KHTML, like Gecko) Chrome/56.0.2924.87 Safari/537.36"
94.72.101.21 - - [02/Nov/2024:19:51:29 +0000] "GET /backups/.env.bak/dist/config.json HTTP/1.1" 404 564 "-" "Mozilla/5.0 (Macintosh; Intel Mac OS X 10_12_3) AppleWebKit/537.36 (KHTML, like Gecko) Chrome/56.0.2924.87 Safari/537.36"
94.72.101.21 - - [02/Nov/2024:19:51:29 +0000] "GET /backups/.env.bak/dist/.env HTTP/1.1" 404 564 "-" "Mozilla/5.0 (Macintosh; Intel Mac OS X 10_12_3) AppleWebKit/537.36 (KHTML, like Gecko) Chrome/56.0.2924.87 Safari/537.36"
94.72.101.21 - - [02/Nov/2024:19:51:30 +0000] "GET /backups/.env.bak/dist/secrets.yaml HTTP/1.1" 404 564 "-" "Mozilla/5.0 (Macintosh; Intel Mac OS X 10_12_3) AppleWebKit/537.36 (KHTML, like Gecko) Chrome/56.0.2924.87 Safari/537.36"
94.72.101.21 - - [02/Nov/2024:19:51:30 +0000] "GET /backups/.env.bak/dist/vars.tf HTTP/1.1" 404 564 "-" "Mozilla/5.0 (Macintosh; Intel Mac OS X 10_12_3) AppleWebKit/537.36 (KHTML, like Gecko) Chrome/56.0.2924.87 Safari/537.36"
94.72.101.21 - - [02/Nov/2024:19:51:30 +0000] "GET /backups/.env.bak/dist/credentials HTTP/1.1" 404 564 "-" "Mozilla/5.0 (Macintosh; Intel Mac OS X 10_12_3) AppleWebKit/537.36 (KHTML, like Gecko) Chrome/56.0.2924.87 Safari/537.36"
94.72.101.21 - - [02/Nov/2024:19:51:30 +0000] "GET /backups/.env.bak/dist/secrets.json HTTP/1.1" 404 564 "-" "Mozilla/5.0 (Macintosh; Intel Mac OS X 10_12_3) AppleWebKit/537.36 (KHTML, like Gecko) Chrome/56.0.2924.87 Safari/537.36"
94.72.101.21 - - [02/Nov/2024:19:51:30 +0000] "GET /backups/.env.bak/dist/keys.pem HTTP/1.1" 404 564 "-" "Mozilla/5.0 (Macintosh; Intel Mac OS X 10_12_3) AppleWebKit/537.36 (KHTML, like Gecko) Chrome/56.0.2924.87 Safari/537.36"
94.72.101.21 - - [02/Nov/2024:19:51:31 +0000] "GET /backups/.env.bak/dist/settings.ini HTTP/1.1" 404 564 "-" "Mozilla/5.0 (Macintosh; Intel Mac OS X 10_12_3) AppleWebKit/537.36 (KHTML, like Gecko) Chrome/56.0.2924.87 Safari/537.36"
94.72.101.21 - - [02/Nov/2024:19:51:31 +0000] "GET /backups/.env.bak/config/config.json HTTP/1.1" 404 564 "-" "Mozilla/5.0 (Macintosh; Intel Mac OS X 10_12_3) AppleWebKit/537.36 (KHTML, like Gecko) Chrome/56.0.2924.87 Safari/537.36"
94.72.101.21 - - [02/Nov/2024:19:51:31 +0000] "GET /backups/.env.bak/config/.env HTTP/1.1" 404 564 "-" "Mozilla/5.0 (Macintosh; Intel Mac OS X 10_12_3) AppleWebKit/537.36 (KHTML, like Gecko) Chrome/56.0.2924.87 Safari/537.36"
94.72.101.21 - - [02/Nov/2024:19:51:31 +0000] "GET /backups/.env.bak/config/secrets.yaml HTTP/1.1" 404 564 "-" "Mozilla/5.0 (Macintosh; Intel Mac OS X 10_12_3) AppleWebKit/537.36 (KHTML, like Gecko) Chrome/56.0.2924.87 Safari/537.36"
94.72.101.21 - - [02/Nov/2024:19:51:31 +0000] "GET /backups/.env.bak/config/vars.tf HTTP/1.1" 404 564 "-" "Mozilla/5.0 (Macintosh; Intel Mac OS X 10_12_3) AppleWebKit/537.36 (KHTML, like Gecko) Chrome/56.0.2924.87 Safari/537.36"
94.72.101.21 - - [02/Nov/2024:19:51:31 +0000] "GET /backups/.env.bak/config/credentials HTTP/1.1" 404 564 "-" "Mozilla/5.0 (Macintosh; Intel Mac OS X 10_12_3) AppleWebKit/537.36 (KHTML, like Gecko) Chrome/56.0.2924.87 Safari/537.36"
94.72.101.21 - - [02/Nov/2024:19:51:32 +0000] "GET /backups/.env.bak/config/secrets.json HTTP/1.1" 404 564 "-" "Mozilla/5.0 (Macintosh; Intel Mac OS X 10_12_3) AppleWebKit/537.36 (KHTML, like Gecko) Chrome/56.0.2924.87 Safari/537.36"
94.72.101.21 - - [02/Nov/2024:19:51:33 +0000] "GET /backups/.env.bak/config/keys.pem HTTP/1.1" 404 564 "-" "Mozilla/5.0 (Macintosh; Intel Mac OS X 10_12_3) AppleWebKit/537.36 (KHTML, like Gecko) Chrome/56.0.2924.87 Safari/537.36"
94.72.101.21 - - [02/Nov/2024:19:51:33 +0000] "GET /backups/.env.bak/config/settings.ini HTTP/1.1" 404 564 "-" "Mozilla/5.0 (Macintosh; Intel Mac OS X 10_12_3) AppleWebKit/537.36 (KHTML, like Gecko) Chrome/56.0.2924.87 Safari/537.36"
94.72.101.21 - - [02/Nov/2024:19:51:33 +0000] "GET /backups/.env.bak/backups/config.json HTTP/1.1" 404 564 "-" "Mozilla/5.0 (Macintosh; Intel Mac OS X 10_12_3) AppleWebKit/537.36 (KHTML, like Gecko) Chrome/56.0.2924.87 Safari/537.36"
94.72.101.21 - - [02/Nov/2024:19:51:33 +0000] "GET /backups/.env.bak/backups/.env HTTP/1.1" 404 564 "-" "Mozilla/5.0 (Macintosh; Intel Mac OS X 10_12_3) AppleWebKit/537.36 (KHTML, like Gecko) Chrome/56.0.2924.87 Safari/537.36"
94.72.101.21 - - [02/Nov/2024:19:51:33 +0000] "GET /backups/.env.bak/backups/secrets.yaml HTTP/1.1" 404 564 "-" "Mozilla/5.0 (Macintosh; Intel Mac OS X 10_12_3) AppleWebKit/537.36 (KHTML, like Gecko) Chrome/56.0.2924.87 Safari/537.36"
94.72.101.21 - - [02/Nov/2024:19:51:33 +0000] "GET /backups/.env.bak/backups/vars.tf HTTP/1.1" 404 564 "-" "Mozilla/5.0 (Macintosh; Intel Mac OS X 10_12_3) AppleWebKit/537.36 (KHTML, like Gecko) Chrome/56.0.2924.87 Safari/537.36"
94.72.101.21 - - [02/Nov/2024:19:51:34 +0000] "GET /backups/.env.bak/backups/credentials HTTP/1.1" 404 564 "-" "Mozilla/5.0 (Macintosh; Intel Mac OS X 10_12_3) AppleWebKit/537.36 (KHTML, like Gecko) Chrome/56.0.2924.87 Safari/537.36"
94.72.101.21 - - [02/Nov/2024:19:51:34 +0000] "GET /backups/.env.bak/backups/secrets.json HTTP/1.1" 404 564 "-" "Mozilla/5.0 (Macintosh; Intel Mac OS X 10_12_3) AppleWebKit/537.36 (KHTML, like Gecko) Chrome/56.0.2924.87 Safari/537.36"
94.72.101.21 - - [02/Nov/2024:19:51:34 +0000] "GET /backups/.env.bak/backups/keys.pem HTTP/1.1" 404 564 "-" "Mozilla/5.0 (Macintosh; Intel Mac OS X 10_12_3) AppleWebKit/537.36 (KHTML, like Gecko) Chrome/56.0.2924.87 Safari/537.36"
94.72.101.21 - - [02/Nov/2024:19:51:34 +0000] "GET /backups/.env.bak/backups/settings.ini HTTP/1.1" 404 564 "-" "Mozilla/5.0 (Macintosh; Intel Mac OS X 10_12_3) AppleWebKit/537.36 (KHTML, like Gecko) Chrome/56.0.2924.87 Safari/537.36"
94.72.101.21 - - [02/Nov/2024:19:51:35 +0000] "GET /backups/.env.bak/data/config.json HTTP/1.1" 404 564 "-" "Mozilla/5.0 (Macintosh; Intel Mac OS X 10_12_3) AppleWebKit/537.36 (KHTML, like Gecko) Chrome/56.0.2924.87 Safari/537.36"
94.72.101.21 - - [02/Nov/2024:19:51:35 +0000] "GET /backups/.env.bak/data/.env HTTP/1.1" 404 564 "-" "Mozilla/5.0 (Macintosh; Intel Mac OS X 10_12_3) AppleWebKit/537.36 (KHTML, like Gecko) Chrome/56.0.2924.87 Safari/537.36"
94.72.101.21 - - [02/Nov/2024:19:51:36 +0000] "GET /backups/.env.bak/data/secrets.yaml HTTP/1.1" 404 564 "-" "Mozilla/5.0 (Macintosh; Intel Mac OS X 10_12_3) AppleWebKit/537.36 (KHTML, like Gecko) Chrome/56.0.2924.87 Safari/537.36"
94.72.101.21 - - [02/Nov/2024:19:51:36 +0000] "GET /backups/.env.bak/data/vars.tf HTTP/1.1" 404 564 "-" "Mozilla/5.0 (Macintosh; Intel Mac OS X 10_12_3) AppleWebKit/537.36 (KHTML, like Gecko) Chrome/56.0.2924.87 Safari/537.36"
94.72.101.21 - - [02/Nov/2024:19:51:36 +0000] "GET /backups/.env.bak/data/credentials HTTP/1.1" 404 564 "-" "Mozilla/5.0 (Macintosh; Intel Mac OS X 10_12_3) AppleWebKit/537.36 (KHTML, like Gecko) Chrome/56.0.2924.87 Safari/537.36"
94.72.101.21 - - [02/Nov/2024:19:51:36 +0000] "GET /backups/.env.bak/data/secrets.json HTTP/1.1" 404 564 "-" "Mozilla/5.0 (Macintosh; Intel Mac OS X 10_12_3) AppleWebKit/537.36 (KHTML, like Gecko) Chrome/56.0.2924.87 Safari/537.36"
94.72.101.21 - - [02/Nov/2024:19:51:36 +0000] "GET /backups/.env.bak/data/keys.pem HTTP/1.1" 404 564 "-" "Mozilla/5.0 (Macintosh; Intel Mac OS X 10_12_3) AppleWebKit/537.36 (KHTML, like Gecko) Chrome/56.0.2924.87 Safari/537.36"
94.72.101.21 - - [02/Nov/2024:19:51:37 +0000] "GET /backups/.env.bak/data/settings.ini HTTP/1.1" 404 564 "-" "Mozilla/5.0 (Macintosh; Intel Mac OS X 10_12_3) AppleWebKit/537.36 (KHTML, like Gecko) Chrome/56.0.2924.87 Safari/537.36"
94.72.101.21 - - [02/Nov/2024:19:51:37 +0000] "GET /backup/config-2024.bak/v1/config.json HTTP/1.1" 404 564 "-" "Mozilla/5.0 (Macintosh; Intel Mac OS X 10_12_3) AppleWebKit/537.36 (KHTML, like Gecko) Chrome/56.0.2924.87 Safari/537.36"
94.72.101.21 - - [02/Nov/2024:19:51:37 +0000] "GET /backup/config-2024.bak/v1/.env HTTP/1.1" 404 564 "-" "Mozilla/5.0 (Macintosh; Intel Mac OS X 10_12_3) AppleWebKit/537.36 (KHTML, like Gecko) Chrome/56.0.2924.87 Safari/537.36"
94.72.101.21 - - [02/Nov/2024:19:51:37 +0000] "GET /backup/config-2024.bak/v1/secrets.yaml HTTP/1.1" 404 564 "-" "Mozilla/5.0 (Macintosh; Intel Mac OS X 10_12_3) AppleWebKit/537.36 (KHTML, like Gecko) Chrome/56.0.2924.87 Safari/537.36"
94.72.101.21 - - [02/Nov/2024:19:51:38 +0000] "GET /backup/config-2024.bak/v1/vars.tf HTTP/1.1" 404 564 "-" "Mozilla/5.0 (Macintosh; Intel Mac OS X 10_12_3) AppleWebKit/537.36 (KHTML, like Gecko) Chrome/56.0.2924.87 Safari/537.36"
94.72.101.21 - - [02/Nov/2024:19:51:38 +0000] "GET /backup/config-2024.bak/v1/credentials HTTP/1.1" 404 564 "-" "Mozilla/5.0 (Macintosh; Intel Mac OS X 10_12_3) AppleWebKit/537.36 (KHTML, like Gecko) Chrome/56.0.2924.87 Safari/537.36"
94.72.101.21 - - [02/Nov/2024:19:51:38 +0000] "GET /backup/config-2024.bak/v1/secrets.json HTTP/1.1" 404 564 "-" "Mozilla/5.0 (Macintosh; Intel Mac OS X 10_12_3) AppleWebKit/537.36 (KHTML, like Gecko) Chrome/56.0.2924.87 Safari/537.36"
94.72.101.21 - - [02/Nov/2024:19:51:39 +0000] "GET /backup/config-2024.bak/v1/keys.pem HTTP/1.1" 404 564 "-" "Mozilla/5.0 (Macintosh; Intel Mac OS X 10_12_3) AppleWebKit/537.36 (KHTML, like Gecko) Chrome/56.0.2924.87 Safari/537.36"
94.72.101.21 - - [02/Nov/2024:19:51:39 +0000] "GET /backup/config-2024.bak/v1/settings.ini HTTP/1.1" 404 564 "-" "Mozilla/5.0 (Macintosh; Intel Mac OS X 10_12_3) AppleWebKit/537.36 (KHTML, like Gecko) Chrome/56.0.2924.87 Safari/537.36"
94.72.101.21 - - [02/Nov/2024:19:51:39 +0000] "GET /backup/config-2024.bak/v2/config.json HTTP/1.1" 404 564 "-" "Mozilla/5.0 (Macintosh; Intel Mac OS X 10_12_3) AppleWebKit/537.36 (KHTML, like Gecko) Chrome/56.0.2924.87 Safari/537.36"
94.72.101.21 - - [02/Nov/2024:19:51:39 +0000] "GET /backup/config-2024.bak/v2/.env HTTP/1.1" 404 564 "-" "Mozilla/5.0 (Macintosh; Intel Mac OS X 10_12_3) AppleWebKit/537.36 (KHTML, like Gecko) Chrome/56.0.2924.87 Safari/537.36"
94.72.101.21 - - [02/Nov/2024:19:51:40 +0000] "GET /backup/config-2024.bak/v2/secrets.yaml HTTP/1.1" 404 564 "-" "Mozilla/5.0 (Macintosh; Intel Mac OS X 10_12_3) AppleWebKit/537.36 (KHTML, like Gecko) Chrome/56.0.2924.87 Safari/537.36"
94.72.101.21 - - [02/Nov/2024:19:51:40 +0000] "GET /backup/config-2024.bak/v2/vars.tf HTTP/1.1" 404 564 "-" "Mozilla/5.0 (Macintosh; Intel Mac OS X 10_12_3) AppleWebKit/537.36 (KHTML, like Gecko) Chrome/56.0.2924.87 Safari/537.36"
94.72.101.21 - - [02/Nov/2024:19:51:40 +0000] "GET /backup/config-2024.bak/v2/credentials HTTP/1.1" 404 564 "-" "Mozilla/5.0 (Macintosh; Intel Mac OS X 10_12_3) AppleWebKit/537.36 (KHTML, like Gecko) Chrome/56.0.2924.87 Safari/537.36"
94.72.101.21 - - [02/Nov/2024:19:51:40 +0000] "GET /backup/config-2024.bak/v2/secrets.json HTTP/1.1" 404 564 "-" "Mozilla/5.0 (Macintosh; Intel Mac OS X 10_12_3) AppleWebKit/537.36 (KHTML, like Gecko) Chrome/56.0.2924.87 Safari/537.36"
94.72.101.21 - - [02/Nov/2024:19:51:40 +0000] "GET /backup/config-2024.bak/v2/keys.pem HTTP/1.1" 404 564 "-" "Mozilla/5.0 (Macintosh; Intel Mac OS X 10_12_3) AppleWebKit/537.36 (KHTML, like Gecko) Chrome/56.0.2924.87 Safari/537.36"
94.72.101.21 - - [02/Nov/2024:19:51:40 +0000] "GET /backup/config-2024.bak/v2/settings.ini HTTP/1.1" 404 564 "-" "Mozilla/5.0 (Macintosh; Intel Mac OS X 10_12_3) AppleWebKit/537.36 (KHTML, like Gecko) Chrome/56.0.2924.87 Safari/537.36"
94.72.101.21 - - [02/Nov/2024:19:51:41 +0000] "GET /backup/config-2024.bak/dev/config.json HTTP/1.1" 404 564 "-" "Mozilla/5.0 (Macintosh; Intel Mac OS X 10_12_3) AppleWebKit/537.36 (KHTML, like Gecko) Chrome/56.0.2924.87 Safari/537.36"
94.72.101.21 - - [02/Nov/2024:19:51:41 +0000] "GET /backup/config-2024.bak/dev/.env HTTP/1.1" 404 564 "-" "Mozilla/5.0 (Macintosh; Intel Mac OS X 10_12_3) AppleWebKit/537.36 (KHTML, like Gecko) Chrome/56.0.2924.87 Safari/537.36"
94.72.101.21 - - [02/Nov/2024:19:51:41 +0000] "GET /backup/config-2024.bak/dev/secrets.yaml HTTP/1.1" 404 564 "-" "Mozilla/5.0 (Macintosh; Intel Mac OS X 10_12_3) AppleWebKit/537.36 (KHTML, like Gecko) Chrome/56.0.2924.87 Safari/537.36"
94.72.101.21 - - [02/Nov/2024:19:51:41 +0000] "GET /backup/config-2024.bak/dev/vars.tf HTTP/1.1" 404 564 "-" "Mozilla/5.0 (Macintosh; Intel Mac OS X 10_12_3) AppleWebKit/537.36 (KHTML, like Gecko) Chrome/56.0.2924.87 Safari/537.36"
94.72.101.21 - - [02/Nov/2024:19:51:41 +0000] "GET /backup/config-2024.bak/dev/credentials HTTP/1.1" 404 564 "-" "Mozilla/5.0 (Macintosh; Intel Mac OS X 10_12_3) AppleWebKit/537.36 (KHTML, like Gecko) Chrome/56.0.2924.87 Safari/537.36"
94.72.101.21 - - [02/Nov/2024:19:51:41 +0000] "GET /backup/config-2024.bak/dev/secrets.json HTTP/1.1" 404 564 "-" "Mozilla/5.0 (Macintosh; Intel Mac OS X 10_12_3) AppleWebKit/537.36 (KHTML, like Gecko) Chrome/56.0.2924.87 Safari/537.36"
94.72.101.21 - - [02/Nov/2024:19:51:42 +0000] "GET /backup/config-2024.bak/dev/keys.pem HTTP/1.1" 404 564 "-" "Mozilla/5.0 (Macintosh; Intel Mac OS X 10_12_3) AppleWebKit/537.36 (KHTML, like Gecko) Chrome/56.0.2924.87 Safari/537.36"
94.72.101.21 - - [02/Nov/2024:19:51:42 +0000] "GET /backup/config-2024.bak/dev/settings.ini HTTP/1.1" 404 564 "-" "Mozilla/5.0 (Macintosh; Intel Mac OS X 10_12_3) AppleWebKit/537.36 (KHTML, like Gecko) Chrome/56.0.2924.87 Safari/537.36"
94.72.101.21 - - [02/Nov/2024:19:51:42 +0000] "GET /backup/config-2024.bak/prod/config.json HTTP/1.1" 404 564 "-" "Mozilla/5.0 (Macintosh; Intel Mac OS X 10_12_3) AppleWebKit/537.36 (KHTML, like Gecko) Chrome/56.0.2924.87 Safari/537.36"
94.72.101.21 - - [02/Nov/2024:19:51:42 +0000] "GET /backup/config-2024.bak/prod/.env HTTP/1.1" 404 564 "-" "Mozilla/5.0 (Macintosh; Intel Mac OS X 10_12_3) AppleWebKit/537.36 (KHTML, like Gecko) Chrome/56.0.2924.87 Safari/537.36"
94.72.101.21 - - [02/Nov/2024:19:51:42 +0000] "GET /backup/config-2024.bak/prod/secrets.yaml HTTP/1.1" 404 564 "-" "Mozilla/5.0 (Macintosh; Intel Mac OS X 10_12_3) AppleWebKit/537.36 (KHTML, like Gecko) Chrome/56.0.2924.87 Safari/537.36"
94.72.101.21 - - [02/Nov/2024:19:51:43 +0000] "GET /backup/config-2024.bak/prod/vars.tf HTTP/1.1" 404 564 "-" "Mozilla/5.0 (Macintosh; Intel Mac OS X 10_12_3) AppleWebKit/537.36 (KHTML, like Gecko) Chrome/56.0.2924.87 Safari/537.36"
94.72.101.21 - - [02/Nov/2024:19:51:43 +0000] "GET /backup/config-2024.bak/prod/credentials HTTP/1.1" 404 564 "-" "Mozilla/5.0 (Macintosh; Intel Mac OS X 10_12_3) AppleWebKit/537.36 (KHTML, like Gecko) Chrome/56.0.2924.87 Safari/537.36"
94.72.101.21 - - [02/Nov/2024:19:51:43 +0000] "GET /backup/config-2024.bak/prod/secrets.json HTTP/1.1" 404 564 "-" "Mozilla/5.0 (Macintosh; Intel Mac OS X 10_12_3) AppleWebKit/537.36 (KHTML, like Gecko) Chrome/56.0.2924.87 Safari/537.36"
94.72.101.21 - - [02/Nov/2024:19:51:43 +0000] "GET /backup/config-2024.bak/prod/keys.pem HTTP/1.1" 404 564 "-" "Mozilla/5.0 (Macintosh; Intel Mac OS X 10_12_3) AppleWebKit/537.36 (KHTML, like Gecko) Chrome/56.0.2924.87 Safari/537.36"
94.72.101.21 - - [02/Nov/2024:19:51:44 +0000] "GET /backup/config-2024.bak/prod/settings.ini HTTP/1.1" 404 564 "-" "Mozilla/5.0 (Macintosh; Intel Mac OS X 10_12_3) AppleWebKit/537.36 (KHTML, like Gecko) Chrome/56.0.2924.87 Safari/537.36"
94.72.101.21 - - [02/Nov/2024:19:51:44 +0000] "GET /backup/config-2024.bak/staging/config.json HTTP/1.1" 404 564 "-" "Mozilla/5.0 (Macintosh; Intel Mac OS X 10_12_3) AppleWebKit/537.36 (KHTML, like Gecko) Chrome/56.0.2924.87 Safari/537.36"
94.72.101.21 - - [02/Nov/2024:19:51:44 +0000] "GET /backup/config-2024.bak/staging/.env HTTP/1.1" 404 564 "-" "Mozilla/5.0 (Macintosh; Intel Mac OS X 10_12_3) AppleWebKit/537.36 (KHTML, like Gecko) Chrome/56.0.2924.87 Safari/537.36"
94.72.101.21 - - [02/Nov/2024:19:51:44 +0000] "GET /backup/config-2024.bak/staging/secrets.yaml HTTP/1.1" 404 564 "-" "Mozilla/5.0 (Macintosh; Intel Mac OS X 10_12_3) AppleWebKit/537.36 (KHTML, like Gecko) Chrome/56.0.2924.87 Safari/537.36"
94.72.101.21 - - [02/Nov/2024:19:51:44 +0000] "GET /backup/config-2024.bak/staging/vars.tf HTTP/1.1" 404 564 "-" "Mozilla/5.0 (Macintosh; Intel Mac OS X 10_12_3) AppleWebKit/537.36 (KHTML, like Gecko) Chrome/56.0.2924.87 Safari/537.36"
94.72.101.21 - - [02/Nov/2024:19:51:45 +0000] "GET /backup/config-2024.bak/staging/credentials HTTP/1.1" 404 564 "-" "Mozilla/5.0 (Macintosh; Intel Mac OS X 10_12_3) AppleWebKit/537.36 (KHTML, like Gecko) Chrome/56.0.2924.87 Safari/537.36"
94.72.101.21 - - [02/Nov/2024:19:51:45 +0000] "GET /backup/config-2024.bak/staging/secrets.json HTTP/1.1" 404 564 "-" "Mozilla/5.0 (Macintosh; Intel Mac OS X 10_12_3) AppleWebKit/537.36 (KHTML, like Gecko) Chrome/56.0.2924.87 Safari/537.36"
94.72.101.21 - - [02/Nov/2024:19:51:45 +0000] "GET /backup/config-2024.bak/staging/keys.pem HTTP/1.1" 404 564 "-" "Mozilla/5.0 (Macintosh; Intel Mac OS X 10_12_3) AppleWebKit/537.36 (KHTML, like Gecko) Chrome/56.0.2924.87 Safari/537.36"
94.72.101.21 - - [02/Nov/2024:19:51:45 +0000] "GET /backup/config-2024.bak/staging/settings.ini HTTP/1.1" 404 564 "-" "Mozilla/5.0 (Macintosh; Intel Mac OS X 10_12_3) AppleWebKit/537.36 (KHTML, like Gecko) Chrome/56.0.2924.87 Safari/537.36"
94.72.101.21 - - [02/Nov/2024:19:51:45 +0000] "GET /backup/config-2024.bak/src/config.json HTTP/1.1" 404 564 "-" "Mozilla/5.0 (Macintosh; Intel Mac OS X 10_12_3) AppleWebKit/537.36 (KHTML, like Gecko) Chrome/56.0.2924.87 Safari/537.36"
94.72.101.21 - - [02/Nov/2024:19:51:45 +0000] "GET /backup/config-2024.bak/src/.env HTTP/1.1" 404 564 "-" "Mozilla/5.0 (Macintosh; Intel Mac OS X 10_12_3) AppleWebKit/537.36 (KHTML, like Gecko) Chrome/56.0.2924.87 Safari/537.36"
94.72.101.21 - - [02/Nov/2024:19:51:46 +0000] "GET /backup/config-2024.bak/src/secrets.yaml HTTP/1.1" 404 564 "-" "Mozilla/5.0 (Macintosh; Intel Mac OS X 10_12_3) AppleWebKit/537.36 (KHTML, like Gecko) Chrome/56.0.2924.87 Safari/537.36"
94.72.101.21 - - [02/Nov/2024:19:51:46 +0000] "GET /backup/config-2024.bak/src/vars.tf HTTP/1.1" 404 564 "-" "Mozilla/5.0 (Macintosh; Intel Mac OS X 10_12_3) AppleWebKit/537.36 (KHTML, like Gecko) Chrome/56.0.2924.87 Safari/537.36"
94.72.101.21 - - [02/Nov/2024:19:51:46 +0000] "GET /backup/config-2024.bak/src/credentials HTTP/1.1" 404 564 "-" "Mozilla/5.0 (Macintosh; Intel Mac OS X 10_12_3) AppleWebKit/537.36 (KHTML, like Gecko) Chrome/56.0.2924.87 Safari/537.36"
94.72.101.21 - - [02/Nov/2024:19:51:47 +0000] "GET /backup/config-2024.bak/src/secrets.json HTTP/1.1" 404 564 "-" "Mozilla/5.0 (Macintosh; Intel Mac OS X 10_12_3) AppleWebKit/537.36 (KHTML, like Gecko) Chrome/56.0.2924.87 Safari/537.36"
94.72.101.21 - - [02/Nov/2024:19:51:47 +0000] "GET /backup/config-2024.bak/src/keys.pem HTTP/1.1" 404 564 "-" "Mozilla/5.0 (Macintosh; Intel Mac OS X 10_12_3) AppleWebKit/537.36 (KHTML, like Gecko) Chrome/56.0.2924.87 Safari/537.36"
94.72.101.21 - - [02/Nov/2024:19:51:48 +0000] "GET /backup/config-2024.bak/src/settings.ini HTTP/1.1" 404 564 "-" "Mozilla/5.0 (Macintosh; Intel Mac OS X 10_12_3) AppleWebKit/537.36 (KHTML, like Gecko) Chrome/56.0.2924.87 Safari/537.36"
94.72.101.21 - - [02/Nov/2024:19:51:48 +0000] "GET /backup/config-2024.bak/dist/config.json HTTP/1.1" 404 564 "-" "Mozilla/5.0 (Macintosh; Intel Mac OS X 10_12_3) AppleWebKit/537.36 (KHTML, like Gecko) Chrome/56.0.2924.87 Safari/537.36"
94.72.101.21 - - [02/Nov/2024:19:51:48 +0000] "GET /backup/config-2024.bak/dist/.env HTTP/1.1" 404 564 "-" "Mozilla/5.0 (Macintosh; Intel Mac OS X 10_12_3) AppleWebKit/537.36 (KHTML, like Gecko) Chrome/56.0.2924.87 Safari/537.36"
94.72.101.21 - - [02/Nov/2024:19:51:48 +0000] "GET /backup/config-2024.bak/dist/secrets.yaml HTTP/1.1" 404 564 "-" "Mozilla/5.0 (Macintosh; Intel Mac OS X 10_12_3) AppleWebKit/537.36 (KHTML, like Gecko) Chrome/56.0.2924.87 Safari/537.36"
94.72.101.21 - - [02/Nov/2024:19:51:48 +0000] "GET /backup/config-2024.bak/dist/vars.tf HTTP/1.1" 404 564 "-" "Mozilla/5.0 (Macintosh; Intel Mac OS X 10_12_3) AppleWebKit/537.36 (KHTML, like Gecko) Chrome/56.0.2924.87 Safari/537.36"
94.72.101.21 - - [02/Nov/2024:19:51:48 +0000] "GET /backup/config-2024.bak/dist/credentials HTTP/1.1" 404 564 "-" "Mozilla/5.0 (Macintosh; Intel Mac OS X 10_12_3) AppleWebKit/537.36 (KHTML, like Gecko) Chrome/56.0.2924.87 Safari/537.36"
94.72.101.21 - - [02/Nov/2024:19:51:49 +0000] "GET /backup/config-2024.bak/dist/secrets.json HTTP/1.1" 404 564 "-" "Mozilla/5.0 (Macintosh; Intel Mac OS X 10_12_3) AppleWebKit/537.36 (KHTML, like Gecko) Chrome/56.0.2924.87 Safari/537.36"
94.72.101.21 - - [02/Nov/2024:19:51:49 +0000] "GET /backup/config-2024.bak/dist/keys.pem HTTP/1.1" 404 564 "-" "Mozilla/5.0 (Macintosh; Intel Mac OS X 10_12_3) AppleWebKit/537.36 (KHTML, like Gecko) Chrome/56.0.2924.87 Safari/537.36"
94.72.101.21 - - [02/Nov/2024:19:51:49 +0000] "GET /backup/config-2024.bak/dist/settings.ini HTTP/1.1" 404 564 "-" "Mozilla/5.0 (Macintosh; Intel Mac OS X 10_12_3) AppleWebKit/537.36 (KHTML, like Gecko) Chrome/56.0.2924.87 Safari/537.36"
94.72.101.21 - - [02/Nov/2024:19:51:49 +0000] "GET /backup/config-2024.bak/config/config.json HTTP/1.1" 404 564 "-" "Mozilla/5.0 (Macintosh; Intel Mac OS X 10_12_3) AppleWebKit/537.36 (KHTML, like Gecko) Chrome/56.0.2924.87 Safari/537.36"
94.72.101.21 - - [02/Nov/2024:19:51:49 +0000] "GET /backup/config-2024.bak/config/.env HTTP/1.1" 404 564 "-" "Mozilla/5.0 (Macintosh; Intel Mac OS X 10_12_3) AppleWebKit/537.36 (KHTML, like Gecko) Chrome/56.0.2924.87 Safari/537.36"
94.72.101.21 - - [02/Nov/2024:19:51:50 +0000] "GET /backup/config-2024.bak/config/secrets.yaml HTTP/1.1" 404 564 "-" "Mozilla/5.0 (Macintosh; Intel Mac OS X 10_12_3) AppleWebKit/537.36 (KHTML, like Gecko) Chrome/56.0.2924.87 Safari/537.36"
94.72.101.21 - - [02/Nov/2024:19:51:50 +0000] "GET /backup/config-2024.bak/config/vars.tf HTTP/1.1" 404 564 "-" "Mozilla/5.0 (Macintosh; Intel Mac OS X 10_12_3) AppleWebKit/537.36 (KHTML, like Gecko) Chrome/56.0.2924.87 Safari/537.36"
94.72.101.21 - - [02/Nov/2024:19:51:50 +0000] "GET /backup/config-2024.bak/config/credentials HTTP/1.1" 404 564 "-" "Mozilla/5.0 (Macintosh; Intel Mac OS X 10_12_3) AppleWebKit/537.36 (KHTML, like Gecko) Chrome/56.0.2924.87 Safari/537.36"
94.72.101.21 - - [02/Nov/2024:19:51:51 +0000] "GET /backup/config-2024.bak/config/secrets.json HTTP/1.1" 404 564 "-" "Mozilla/5.0 (Macintosh; Intel Mac OS X 10_12_3) AppleWebKit/537.36 (KHTML, like Gecko) Chrome/56.0.2924.87 Safari/537.36"
94.72.101.21 - - [02/Nov/2024:19:51:52 +0000] "GET /backup/config-2024.bak/config/keys.pem HTTP/1.1" 404 564 "-" "Mozilla/5.0 (Macintosh; Intel Mac OS X 10_12_3) AppleWebKit/537.36 (KHTML, like Gecko) Chrome/56.0.2924.87 Safari/537.36"
94.72.101.21 - - [02/Nov/2024:19:51:52 +0000] "GET /backup/config-2024.bak/config/settings.ini HTTP/1.1" 404 564 "-" "Mozilla/5.0 (Macintosh; Intel Mac OS X 10_12_3) AppleWebKit/537.36 (KHTML, like Gecko) Chrome/56.0.2924.87 Safari/537.36"
94.72.101.21 - - [02/Nov/2024:19:51:52 +0000] "GET /backup/config-2024.bak/backups/config.json HTTP/1.1" 404 564 "-" "Mozilla/5.0 (Macintosh; Intel Mac OS X 10_12_3) AppleWebKit/537.36 (KHTML, like Gecko) Chrome/56.0.2924.87 Safari/537.36"
94.72.101.21 - - [02/Nov/2024:19:51:53 +0000] "GET /backup/config-2024.bak/backups/.env HTTP/1.1" 404 564 "-" "Mozilla/5.0 (Macintosh; Intel Mac OS X 10_12_3) AppleWebKit/537.36 (KHTML, like Gecko) Chrome/56.0.2924.87 Safari/537.36"
94.72.101.21 - - [02/Nov/2024:19:51:53 +0000] "GET /backup/config-2024.bak/backups/secrets.yaml HTTP/1.1" 404 564 "-" "Mozilla/5.0 (Macintosh; Intel Mac OS X 10_12_3) AppleWebKit/537.36 (KHTML, like Gecko) Chrome/56.0.2924.87 Safari/537.36"
94.72.101.21 - - [02/Nov/2024:19:51:53 +0000] "GET /backup/config-2024.bak/backups/vars.tf HTTP/1.1" 404 564 "-" "Mozilla/5.0 (Macintosh; Intel Mac OS X 10_12_3) AppleWebKit/537.36 (KHTML, like Gecko) Chrome/56.0.2924.87 Safari/537.36"
94.72.101.21 - - [02/Nov/2024:19:51:53 +0000] "GET /backup/config-2024.bak/backups/credentials HTTP/1.1" 404 564 "-" "Mozilla/5.0 (Macintosh; Intel Mac OS X 10_12_3) AppleWebKit/537.36 (KHTML, like Gecko) Chrome/56.0.2924.87 Safari/537.36"
94.72.101.21 - - [02/Nov/2024:19:51:54 +0000] "GET /backup/config-2024.bak/backups/secrets.json HTTP/1.1" 404 564 "-" "Mozilla/5.0 (Macintosh; Intel Mac OS X 10_12_3) AppleWebKit/537.36 (KHTML, like Gecko) Chrome/56.0.2924.87 Safari/537.36"
94.72.101.21 - - [02/Nov/2024:19:51:54 +0000] "GET /backup/config-2024.bak/backups/keys.pem HTTP/1.1" 404 564 "-" "Mozilla/5.0 (Macintosh; Intel Mac OS X 10_12_3) AppleWebKit/537.36 (KHTML, like Gecko) Chrome/56.0.2924.87 Safari/537.36"
94.72.101.21 - - [02/Nov/2024:19:51:54 +0000] "GET /backup/config-2024.bak/backups/settings.ini HTTP/1.1" 404 564 "-" "Mozilla/5.0 (Macintosh; Intel Mac OS X 10_12_3) AppleWebKit/537.36 (KHTML, like Gecko) Chrome/56.0.2924.87 Safari/537.36"
94.72.101.21 - - [02/Nov/2024:19:51:54 +0000] "GET /backup/config-2024.bak/data/config.json HTTP/1.1" 404 564 "-" "Mozilla/5.0 (Macintosh; Intel Mac OS X 10_12_3) AppleWebKit/537.36 (KHTML, like Gecko) Chrome/56.0.2924.87 Safari/537.36"
94.72.101.21 - - [02/Nov/2024:19:51:55 +0000] "GET /backup/config-2024.bak/data/.env HTTP/1.1" 404 564 "-" "Mozilla/5.0 (Macintosh; Intel Mac OS X 10_12_3) AppleWebKit/537.36 (KHTML, like Gecko) Chrome/56.0.2924.87 Safari/537.36"
94.72.101.21 - - [02/Nov/2024:19:51:55 +0000] "GET /backup/config-2024.bak/data/secrets.yaml HTTP/1.1" 404 564 "-" "Mozilla/5.0 (Macintosh; Intel Mac OS X 10_12_3) AppleWebKit/537.36 (KHTML, like Gecko) Chrome/56.0.2924.87 Safari/537.36"
94.72.101.21 - - [02/Nov/2024:19:51:55 +0000] "GET /backup/config-2024.bak/data/vars.tf HTTP/1.1" 404 564 "-" "Mozilla/5.0 (Macintosh; Intel Mac OS X 10_12_3) AppleWebKit/537.36 (KHTML, like Gecko) Chrome/56.0.2924.87 Safari/537.36"
94.72.101.21 - - [02/Nov/2024:19:51:55 +0000] "GET /backup/config-2024.bak/data/credentials HTTP/1.1" 404 564 "-" "Mozilla/5.0 (Macintosh; Intel Mac OS X 10_12_3) AppleWebKit/537.36 (KHTML, like Gecko) Chrome/56.0.2924.87 Safari/537.36"
94.72.101.21 - - [02/Nov/2024:19:51:56 +0000] "GET /backup/config-2024.bak/data/secrets.json HTTP/1.1" 404 564 "-" "Mozilla/5.0 (Macintosh; Intel Mac OS X 10_12_3) AppleWebKit/537.36 (KHTML, like Gecko) Chrome/56.0.2924.87 Safari/537.36"
94.72.101.21 - - [02/Nov/2024:19:51:56 +0000] "GET /backup/config-2024.bak/data/keys.pem HTTP/1.1" 404 564 "-" "Mozilla/5.0 (Macintosh; Intel Mac OS X 10_12_3) AppleWebKit/537.36 (KHTML, like Gecko) Chrome/56.0.2924.87 Safari/537.36"
94.72.101.21 - - [02/Nov/2024:19:51:56 +0000] "GET /backup/config-2024.bak/data/settings.ini HTTP/1.1" 404 564 "-" "Mozilla/5.0 (Macintosh; Intel Mac OS X 10_12_3) AppleWebKit/537.36 (KHTML, like Gecko) Chrome/56.0.2924.87 Safari/537.36"
94.72.101.21 - - [02/Nov/2024:19:51:57 +0000] "GET /var/backups/settings.bak/v1/config.json HTTP/1.1" 404 564 "-" "Mozilla/5.0 (Macintosh; Intel Mac OS X 10_12_3) AppleWebKit/537.36 (KHTML, like Gecko) Chrome/56.0.2924.87 Safari/537.36"
94.72.101.21 - - [02/Nov/2024:19:51:57 +0000] "GET /var/backups/settings.bak/v1/.env HTTP/1.1" 404 564 "-" "Mozilla/5.0 (Macintosh; Intel Mac OS X 10_12_3) AppleWebKit/537.36 (KHTML, like Gecko) Chrome/56.0.2924.87 Safari/537.36"
94.72.101.21 - - [02/Nov/2024:19:51:57 +0000] "GET /var/backups/settings.bak/v1/secrets.yaml HTTP/1.1" 404 564 "-" "Mozilla/5.0 (Macintosh; Intel Mac OS X 10_12_3) AppleWebKit/537.36 (KHTML, like Gecko) Chrome/56.0.2924.87 Safari/537.36"
94.72.101.21 - - [02/Nov/2024:19:51:57 +0000] "GET /var/backups/settings.bak/v1/vars.tf HTTP/1.1" 404 564 "-" "Mozilla/5.0 (Macintosh; Intel Mac OS X 10_12_3) AppleWebKit/537.36 (KHTML, like Gecko) Chrome/56.0.2924.87 Safari/537.36"
94.72.101.21 - - [02/Nov/2024:19:51:57 +0000] "GET /var/backups/settings.bak/v1/credentials HTTP/1.1" 404 564 "-" "Mozilla/5.0 (Macintosh; Intel Mac OS X 10_12_3) AppleWebKit/537.36 (KHTML, like Gecko) Chrome/56.0.2924.87 Safari/537.36"
94.72.101.21 - - [02/Nov/2024:19:51:57 +0000] "GET /var/backups/settings.bak/v1/secrets.json HTTP/1.1" 404 564 "-" "Mozilla/5.0 (Macintosh; Intel Mac OS X 10_12_3) AppleWebKit/537.36 (KHTML, like Gecko) Chrome/56.0.2924.87 Safari/537.36"
94.72.101.21 - - [02/Nov/2024:19:51:58 +0000] "GET /var/backups/settings.bak/v1/keys.pem HTTP/1.1" 404 564 "-" "Mozilla/5.0 (Macintosh; Intel Mac OS X 10_12_3) AppleWebKit/537.36 (KHTML, like Gecko) Chrome/56.0.2924.87 Safari/537.36"
94.72.101.21 - - [02/Nov/2024:19:51:58 +0000] "GET /var/backups/settings.bak/v1/settings.ini HTTP/1.1" 404 564 "-" "Mozilla/5.0 (Macintosh; Intel Mac OS X 10_12_3) AppleWebKit/537.36 (KHTML, like Gecko) Chrome/56.0.2924.87 Safari/537.36"
94.72.101.21 - - [02/Nov/2024:19:51:58 +0000] "GET /var/backups/settings.bak/v2/config.json HTTP/1.1" 404 564 "-" "Mozilla/5.0 (Macintosh; Intel Mac OS X 10_12_3) AppleWebKit/537.36 (KHTML, like Gecko) Chrome/56.0.2924.87 Safari/537.36"
94.72.101.21 - - [02/Nov/2024:19:51:58 +0000] "GET /var/backups/settings.bak/v2/.env HTTP/1.1" 404 564 "-" "Mozilla/5.0 (Macintosh; Intel Mac OS X 10_12_3) AppleWebKit/537.36 (KHTML, like Gecko) Chrome/56.0.2924.87 Safari/537.36"
94.72.101.21 - - [02/Nov/2024:19:51:58 +0000] "GET /var/backups/settings.bak/v2/secrets.yaml HTTP/1.1" 404 564 "-" "Mozilla/5.0 (Macintosh; Intel Mac OS X 10_12_3) AppleWebKit/537.36 (KHTML, like Gecko) Chrome/56.0.2924.87 Safari/537.36"
94.72.101.21 - - [02/Nov/2024:19:51:59 +0000] "GET /var/backups/settings.bak/v2/vars.tf HTTP/1.1" 404 564 "-" "Mozilla/5.0 (Macintosh; Intel Mac OS X 10_12_3) AppleWebKit/537.36 (KHTML, like Gecko) Chrome/56.0.2924.87 Safari/537.36"
94.72.101.21 - - [02/Nov/2024:19:51:59 +0000] "GET /var/backups/settings.bak/v2/credentials HTTP/1.1" 404 564 "-" "Mozilla/5.0 (Macintosh; Intel Mac OS X 10_12_3) AppleWebKit/537.36 (KHTML, like Gecko) Chrome/56.0.2924.87 Safari/537.36"
94.72.101.21 - - [02/Nov/2024:19:51:59 +0000] "GET /var/backups/settings.bak/v2/secrets.json HTTP/1.1" 404 564 "-" "Mozilla/5.0 (Macintosh; Intel Mac OS X 10_12_3) AppleWebKit/537.36 (KHTML, like Gecko) Chrome/56.0.2924.87 Safari/537.36"
94.72.101.21 - - [02/Nov/2024:19:51:59 +0000] "GET /var/backups/settings.bak/v2/keys.pem HTTP/1.1" 404 564 "-" "Mozilla/5.0 (Macintosh; Intel Mac OS X 10_12_3) AppleWebKit/537.36 (KHTML, like Gecko) Chrome/56.0.2924.87 Safari/537.36"
94.72.101.21 - - [02/Nov/2024:19:51:59 +0000] "GET /var/backups/settings.bak/v2/settings.ini HTTP/1.1" 404 564 "-" "Mozilla/5.0 (Macintosh; Intel Mac OS X 10_12_3) AppleWebKit/537.36 (KHTML, like Gecko) Chrome/56.0.2924.87 Safari/537.36"
94.72.101.21 - - [02/Nov/2024:19:52:00 +0000] "GET /var/backups/settings.bak/dev/config.json HTTP/1.1" 404 564 "-" "Mozilla/5.0 (Macintosh; Intel Mac OS X 10_12_3) AppleWebKit/537.36 (KHTML, like Gecko) Chrome/56.0.2924.87 Safari/537.36"
94.72.101.21 - - [02/Nov/2024:19:52:00 +0000] "GET /var/backups/settings.bak/dev/.env HTTP/1.1" 404 564 "-" "Mozilla/5.0 (Macintosh; Intel Mac OS X 10_12_3) AppleWebKit/537.36 (KHTML, like Gecko) Chrome/56.0.2924.87 Safari/537.36"
94.72.101.21 - - [02/Nov/2024:19:52:00 +0000] "GET /var/backups/settings.bak/dev/secrets.yaml HTTP/1.1" 404 564 "-" "Mozilla/5.0 (Macintosh; Intel Mac OS X 10_12_3) AppleWebKit/537.36 (KHTML, like Gecko) Chrome/56.0.2924.87 Safari/537.36"
94.72.101.21 - - [02/Nov/2024:19:52:01 +0000] "GET /var/backups/settings.bak/dev/vars.tf HTTP/1.1" 404 564 "-" "Mozilla/5.0 (Macintosh; Intel Mac OS X 10_12_3) AppleWebKit/537.36 (KHTML, like Gecko) Chrome/56.0.2924.87 Safari/537.36"
94.72.101.21 - - [02/Nov/2024:19:52:01 +0000] "GET /var/backups/settings.bak/dev/credentials HTTP/1.1" 404 564 "-" "Mozilla/5.0 (Macintosh; Intel Mac OS X 10_12_3) AppleWebKit/537.36 (KHTML, like Gecko) Chrome/56.0.2924.87 Safari/537.36"
94.72.101.21 - - [02/Nov/2024:19:52:01 +0000] "GET /var/backups/settings.bak/dev/secrets.json HTTP/1.1" 404 564 "-" "Mozilla/5.0 (Macintosh; Intel Mac OS X 10_12_3) AppleWebKit/537.36 (KHTML, like Gecko) Chrome/56.0.2924.87 Safari/537.36"
94.72.101.21 - - [02/Nov/2024:19:52:01 +0000] "GET /var/backups/settings.bak/dev/keys.pem HTTP/1.1" 404 564 "-" "Mozilla/5.0 (Macintosh; Intel Mac OS X 10_12_3) AppleWebKit/537.36 (KHTML, like Gecko) Chrome/56.0.2924.87 Safari/537.36"
94.72.101.21 - - [02/Nov/2024:19:52:01 +0000] "GET /var/backups/settings.bak/dev/settings.ini HTTP/1.1" 404 564 "-" "Mozilla/5.0 (Macintosh; Intel Mac OS X 10_12_3) AppleWebKit/537.36 (KHTML, like Gecko) Chrome/56.0.2924.87 Safari/537.36"
94.72.101.21 - - [02/Nov/2024:19:52:01 +0000] "GET /var/backups/settings.bak/prod/config.json HTTP/1.1" 404 564 "-" "Mozilla/5.0 (Macintosh; Intel Mac OS X 10_12_3) AppleWebKit/537.36 (KHTML, like Gecko) Chrome/56.0.2924.87 Safari/537.36"
94.72.101.21 - - [02/Nov/2024:19:52:02 +0000] "GET /var/backups/settings.bak/prod/.env HTTP/1.1" 404 564 "-" "Mozilla/5.0 (Macintosh; Intel Mac OS X 10_12_3) AppleWebKit/537.36 (KHTML, like Gecko) Chrome/56.0.2924.87 Safari/537.36"
94.72.101.21 - - [02/Nov/2024:19:52:02 +0000] "GET /var/backups/settings.bak/prod/secrets.yaml HTTP/1.1" 404 564 "-" "Mozilla/5.0 (Macintosh; Intel Mac OS X 10_12_3) AppleWebKit/537.36 (KHTML, like Gecko) Chrome/56.0.2924.87 Safari/537.36"
94.72.101.21 - - [02/Nov/2024:19:52:02 +0000] "GET /var/backups/settings.bak/prod/vars.tf HTTP/1.1" 404 564 "-" "Mozilla/5.0 (Macintosh; Intel Mac OS X 10_12_3) AppleWebKit/537.36 (KHTML, like Gecko) Chrome/56.0.2924.87 Safari/537.36"
94.72.101.21 - - [02/Nov/2024:19:52:03 +0000] "GET /var/backups/settings.bak/prod/credentials HTTP/1.1" 404 564 "-" "Mozilla/5.0 (Macintosh; Intel Mac OS X 10_12_3) AppleWebKit/537.36 (KHTML, like Gecko) Chrome/56.0.2924.87 Safari/537.36"
94.72.101.21 - - [02/Nov/2024:19:52:03 +0000] "GET /var/backups/settings.bak/prod/secrets.json HTTP/1.1" 404 564 "-" "Mozilla/5.0 (Macintosh; Intel Mac OS X 10_12_3) AppleWebKit/537.36 (KHTML, like Gecko) Chrome/56.0.2924.87 Safari/537.36"
94.72.101.21 - - [02/Nov/2024:19:52:04 +0000] "GET /var/backups/settings.bak/prod/keys.pem HTTP/1.1" 404 564 "-" "Mozilla/5.0 (Macintosh; Intel Mac OS X 10_12_3) AppleWebKit/537.36 (KHTML, like Gecko) Chrome/56.0.2924.87 Safari/537.36"
94.72.101.21 - - [02/Nov/2024:19:52:04 +0000] "GET /var/backups/settings.bak/prod/settings.ini HTTP/1.1" 404 564 "-" "Mozilla/5.0 (Macintosh; Intel Mac OS X 10_12_3) AppleWebKit/537.36 (KHTML, like Gecko) Chrome/56.0.2924.87 Safari/537.36"
94.72.101.21 - - [02/Nov/2024:19:52:04 +0000] "GET /var/backups/settings.bak/staging/config.json HTTP/1.1" 404 564 "-" "Mozilla/5.0 (Macintosh; Intel Mac OS X 10_12_3) AppleWebKit/537.36 (KHTML, like Gecko) Chrome/56.0.2924.87 Safari/537.36"
94.72.101.21 - - [02/Nov/2024:19:52:04 +0000] "GET /var/backups/settings.bak/staging/.env HTTP/1.1" 404 564 "-" "Mozilla/5.0 (Macintosh; Intel Mac OS X 10_12_3) AppleWebKit/537.36 (KHTML, like Gecko) Chrome/56.0.2924.87 Safari/537.36"
94.72.101.21 - - [02/Nov/2024:19:52:04 +0000] "GET /var/backups/settings.bak/staging/secrets.yaml HTTP/1.1" 404 564 "-" "Mozilla/5.0 (Macintosh; Intel Mac OS X 10_12_3) AppleWebKit/537.36 (KHTML, like Gecko) Chrome/56.0.2924.87 Safari/537.36"
94.72.101.21 - - [02/Nov/2024:19:52:04 +0000] "GET /var/backups/settings.bak/staging/vars.tf HTTP/1.1" 404 564 "-" "Mozilla/5.0 (Macintosh; Intel Mac OS X 10_12_3) AppleWebKit/537.36 (KHTML, like Gecko) Chrome/56.0.2924.87 Safari/537.36"
94.72.101.21 - - [02/Nov/2024:19:52:05 +0000] "GET /var/backups/settings.bak/staging/credentials HTTP/1.1" 404 564 "-" "Mozilla/5.0 (Macintosh; Intel Mac OS X 10_12_3) AppleWebKit/537.36 (KHTML, like Gecko) Chrome/56.0.2924.87 Safari/537.36"
94.72.101.21 - - [02/Nov/2024:19:52:05 +0000] "GET /var/backups/settings.bak/staging/secrets.json HTTP/1.1" 404 564 "-" "Mozilla/5.0 (Macintosh; Intel Mac OS X 10_12_3) AppleWebKit/537.36 (KHTML, like Gecko) Chrome/56.0.2924.87 Safari/537.36"
94.72.101.21 - - [02/Nov/2024:19:52:05 +0000] "GET /var/backups/settings.bak/staging/keys.pem HTTP/1.1" 404 564 "-" "Mozilla/5.0 (Macintosh; Intel Mac OS X 10_12_3) AppleWebKit/537.36 (KHTML, like Gecko) Chrome/56.0.2924.87 Safari/537.36"
94.72.101.21 - - [02/Nov/2024:19:52:05 +0000] "GET /var/backups/settings.bak/staging/settings.ini HTTP/1.1" 404 564 "-" "Mozilla/5.0 (Macintosh; Intel Mac OS X 10_12_3) AppleWebKit/537.36 (KHTML, like Gecko) Chrome/56.0.2924.87 Safari/537.36"
94.72.101.21 - - [02/Nov/2024:19:52:05 +0000] "GET /var/backups/settings.bak/src/config.json HTTP/1.1" 404 564 "-" "Mozilla/5.0 (Macintosh; Intel Mac OS X 10_12_3) AppleWebKit/537.36 (KHTML, like Gecko) Chrome/56.0.2924.87 Safari/537.36"
94.72.101.21 - - [02/Nov/2024:19:52:06 +0000] "GET /var/backups/settings.bak/src/.env HTTP/1.1" 404 564 "-" "Mozilla/5.0 (Macintosh; Intel Mac OS X 10_12_3) AppleWebKit/537.36 (KHTML, like Gecko) Chrome/56.0.2924.87 Safari/537.36"
94.72.101.21 - - [02/Nov/2024:19:52:06 +0000] "GET /var/backups/settings.bak/src/secrets.yaml HTTP/1.1" 404 564 "-" "Mozilla/5.0 (Macintosh; Intel Mac OS X 10_12_3) AppleWebKit/537.36 (KHTML, like Gecko) Chrome/56.0.2924.87 Safari/537.36"
94.72.101.21 - - [02/Nov/2024:19:52:06 +0000] "GET /var/backups/settings.bak/src/vars.tf HTTP/1.1" 404 564 "-" "Mozilla/5.0 (Macintosh; Intel Mac OS X 10_12_3) AppleWebKit/537.36 (KHTML, like Gecko) Chrome/56.0.2924.87 Safari/537.36"
94.72.101.21 - - [02/Nov/2024:19:52:06 +0000] "GET /var/backups/settings.bak/src/credentials HTTP/1.1" 404 564 "-" "Mozilla/5.0 (Macintosh; Intel Mac OS X 10_12_3) AppleWebKit/537.36 (KHTML, like Gecko) Chrome/56.0.2924.87 Safari/537.36"
94.72.101.21 - - [02/Nov/2024:19:52:07 +0000] "GET /var/backups/settings.bak/src/secrets.json HTTP/1.1" 404 564 "-" "Mozilla/5.0 (Macintosh; Intel Mac OS X 10_12_3) AppleWebKit/537.36 (KHTML, like Gecko) Chrome/56.0.2924.87 Safari/537.36"
94.72.101.21 - - [02/Nov/2024:19:52:07 +0000] "GET /var/backups/settings.bak/src/keys.pem HTTP/1.1" 404 564 "-" "Mozilla/5.0 (Macintosh; Intel Mac OS X 10_12_3) AppleWebKit/537.36 (KHTML, like Gecko) Chrome/56.0.2924.87 Safari/537.36"
94.72.101.21 - - [02/Nov/2024:19:52:07 +0000] "GET /var/backups/settings.bak/src/settings.ini HTTP/1.1" 404 564 "-" "Mozilla/5.0 (Macintosh; Intel Mac OS X 10_12_3) AppleWebKit/537.36 (KHTML, like Gecko) Chrome/56.0.2924.87 Safari/537.36"
94.72.101.21 - - [02/Nov/2024:19:52:07 +0000] "GET /var/backups/settings.bak/dist/config.json HTTP/1.1" 404 564 "-" "Mozilla/5.0 (Macintosh; Intel Mac OS X 10_12_3) AppleWebKit/537.36 (KHTML, like Gecko) Chrome/56.0.2924.87 Safari/537.36"
94.72.101.21 - - [02/Nov/2024:19:52:07 +0000] "GET /var/backups/settings.bak/dist/.env HTTP/1.1" 404 564 "-" "Mozilla/5.0 (Macintosh; Intel Mac OS X 10_12_3) AppleWebKit/537.36 (KHTML, like Gecko) Chrome/56.0.2924.87 Safari/537.36"
94.72.101.21 - - [02/Nov/2024:19:52:07 +0000] "GET /var/backups/settings.bak/dist/secrets.yaml HTTP/1.1" 404 564 "-" "Mozilla/5.0 (Macintosh; Intel Mac OS X 10_12_3) AppleWebKit/537.36 (KHTML, like Gecko) Chrome/56.0.2924.87 Safari/537.36"
94.72.101.21 - - [02/Nov/2024:19:52:08 +0000] "GET /var/backups/settings.bak/dist/vars.tf HTTP/1.1" 404 564 "-" "Mozilla/5.0 (Macintosh; Intel Mac OS X 10_12_3) AppleWebKit/537.36 (KHTML, like Gecko) Chrome/56.0.2924.87 Safari/537.36"
94.72.101.21 - - [02/Nov/2024:19:52:08 +0000] "GET /var/backups/settings.bak/dist/credentials HTTP/1.1" 404 564 "-" "Mozilla/5.0 (Macintosh; Intel Mac OS X 10_12_3) AppleWebKit/537.36 (KHTML, like Gecko) Chrome/56.0.2924.87 Safari/537.36"
94.72.101.21 - - [02/Nov/2024:19:52:08 +0000] "GET /var/backups/settings.bak/dist/secrets.json HTTP/1.1" 404 564 "-" "Mozilla/5.0 (Macintosh; Intel Mac OS X 10_12_3) AppleWebKit/537.36 (KHTML, like Gecko) Chrome/56.0.2924.87 Safari/537.36"
94.72.101.21 - - [02/Nov/2024:19:52:08 +0000] "GET /var/backups/settings.bak/dist/keys.pem HTTP/1.1" 404 564 "-" "Mozilla/5.0 (Macintosh; Intel Mac OS X 10_12_3) AppleWebKit/537.36 (KHTML, like Gecko) Chrome/56.0.2924.87 Safari/537.36"
94.72.101.21 - - [02/Nov/2024:19:52:08 +0000] "GET /var/backups/settings.bak/dist/settings.ini HTTP/1.1" 404 564 "-" "Mozilla/5.0 (Macintosh; Intel Mac OS X 10_12_3) AppleWebKit/537.36 (KHTML, like Gecko) Chrome/56.0.2924.87 Safari/537.36"
94.72.101.21 - - [02/Nov/2024:19:52:08 +0000] "GET /var/backups/settings.bak/config/config.json HTTP/1.1" 404 564 "-" "Mozilla/5.0 (Macintosh; Intel Mac OS X 10_12_3) AppleWebKit/537.36 (KHTML, like Gecko) Chrome/56.0.2924.87 Safari/537.36"
94.72.101.21 - - [02/Nov/2024:19:52:09 +0000] "GET /var/backups/settings.bak/config/.env HTTP/1.1" 404 564 "-" "Mozilla/5.0 (Macintosh; Intel Mac OS X 10_12_3) AppleWebKit/537.36 (KHTML, like Gecko) Chrome/56.0.2924.87 Safari/537.36"
94.72.101.21 - - [02/Nov/2024:19:52:09 +0000] "GET /var/backups/settings.bak/config/secrets.yaml HTTP/1.1" 404 564 "-" "Mozilla/5.0 (Macintosh; Intel Mac OS X 10_12_3) AppleWebKit/537.36 (KHTML, like Gecko) Chrome/56.0.2924.87 Safari/537.36"
94.72.101.21 - - [02/Nov/2024:19:52:09 +0000] "GET /var/backups/settings.bak/config/vars.tf HTTP/1.1" 404 564 "-" "Mozilla/5.0 (Macintosh; Intel Mac OS X 10_12_3) AppleWebKit/537.36 (KHTML, like Gecko) Chrome/56.0.2924.87 Safari/537.36"
94.72.101.21 - - [02/Nov/2024:19:52:09 +0000] "GET /var/backups/settings.bak/config/credentials HTTP/1.1" 404 564 "-" "Mozilla/5.0 (Macintosh; Intel Mac OS X 10_12_3) AppleWebKit/537.36 (KHTML, like Gecko) Chrome/56.0.2924.87 Safari/537.36"
94.72.101.21 - - [02/Nov/2024:19:52:09 +0000] "GET /var/backups/settings.bak/config/secrets.json HTTP/1.1" 404 564 "-" "Mozilla/5.0 (Macintosh; Intel Mac OS X 10_12_3) AppleWebKit/537.36 (KHTML, like Gecko) Chrome/56.0.2924.87 Safari/537.36"
94.72.101.21 - - [02/Nov/2024:19:52:09 +0000] "GET /var/backups/settings.bak/config/keys.pem HTTP/1.1" 404 564 "-" "Mozilla/5.0 (Macintosh; Intel Mac OS X 10_12_3) AppleWebKit/537.36 (KHTML, like Gecko) Chrome/56.0.2924.87 Safari/537.36"
94.72.101.21 - - [02/Nov/2024:19:52:10 +0000] "GET /var/backups/settings.bak/config/settings.ini HTTP/1.1" 404 564 "-" "Mozilla/5.0 (Macintosh; Intel Mac OS X 10_12_3) AppleWebKit/537.36 (KHTML, like Gecko) Chrome/56.0.2924.87 Safari/537.36"
94.72.101.21 - - [02/Nov/2024:19:52:10 +0000] "GET /var/backups/settings.bak/backups/config.json HTTP/1.1" 404 564 "-" "Mozilla/5.0 (Macintosh; Intel Mac OS X 10_12_3) AppleWebKit/537.36 (KHTML, like Gecko) Chrome/56.0.2924.87 Safari/537.36"
94.72.101.21 - - [02/Nov/2024:19:52:10 +0000] "GET /var/backups/settings.bak/backups/.env HTTP/1.1" 404 564 "-" "Mozilla/5.0 (Macintosh; Intel Mac OS X 10_12_3) AppleWebKit/537.36 (KHTML, like Gecko) Chrome/56.0.2924.87 Safari/537.36"
94.72.101.21 - - [02/Nov/2024:19:52:10 +0000] "GET /var/backups/settings.bak/backups/secrets.yaml HTTP/1.1" 404 564 "-" "Mozilla/5.0 (Macintosh; Intel Mac OS X 10_12_3) AppleWebKit/537.36 (KHTML, like Gecko) Chrome/56.0.2924.87 Safari/537.36"
94.72.101.21 - - [02/Nov/2024:19:52:10 +0000] "GET /var/backups/settings.bak/backups/vars.tf HTTP/1.1" 404 564 "-" "Mozilla/5.0 (Macintosh; Intel Mac OS X 10_12_3) AppleWebKit/537.36 (KHTML, like Gecko) Chrome/56.0.2924.87 Safari/537.36"
94.72.101.21 - - [02/Nov/2024:19:52:10 +0000] "GET /var/backups/settings.bak/backups/credentials HTTP/1.1" 404 564 "-" "Mozilla/5.0 (Macintosh; Intel Mac OS X 10_12_3) AppleWebKit/537.36 (KHTML, like Gecko) Chrome/56.0.2924.87 Safari/537.36"
94.72.101.21 - - [02/Nov/2024:19:52:11 +0000] "GET /var/backups/settings.bak/backups/secrets.json HTTP/1.1" 404 564 "-" "Mozilla/5.0 (Macintosh; Intel Mac OS X 10_12_3) AppleWebKit/537.36 (KHTML, like Gecko) Chrome/56.0.2924.87 Safari/537.36"
94.72.101.21 - - [02/Nov/2024:19:52:11 +0000] "GET /var/backups/settings.bak/backups/keys.pem HTTP/1.1" 404 564 "-" "Mozilla/5.0 (Macintosh; Intel Mac OS X 10_12_3) AppleWebKit/537.36 (KHTML, like Gecko) Chrome/56.0.2924.87 Safari/537.36"
94.72.101.21 - - [02/Nov/2024:19:52:11 +0000] "GET /var/backups/settings.bak/backups/settings.ini HTTP/1.1" 404 564 "-" "Mozilla/5.0 (Macintosh; Intel Mac OS X 10_12_3) AppleWebKit/537.36 (KHTML, like Gecko) Chrome/56.0.2924.87 Safari/537.36"
94.72.101.21 - - [02/Nov/2024:19:52:11 +0000] "GET /var/backups/settings.bak/data/config.json HTTP/1.1" 404 564 "-" "Mozilla/5.0 (Macintosh; Intel Mac OS X 10_12_3) AppleWebKit/537.36 (KHTML, like Gecko) Chrome/56.0.2924.87 Safari/537.36"
94.72.101.21 - - [02/Nov/2024:19:52:12 +0000] "GET /var/backups/settings.bak/data/.env HTTP/1.1" 404 564 "-" "Mozilla/5.0 (Macintosh; Intel Mac OS X 10_12_3) AppleWebKit/537.36 (KHTML, like Gecko) Chrome/56.0.2924.87 Safari/537.36"
94.72.101.21 - - [02/Nov/2024:19:52:12 +0000] "GET /var/backups/settings.bak/data/secrets.yaml HTTP/1.1" 404 564 "-" "Mozilla/5.0 (Macintosh; Intel Mac OS X 10_12_3) AppleWebKit/537.36 (KHTML, like Gecko) Chrome/56.0.2924.87 Safari/537.36"
94.72.101.21 - - [02/Nov/2024:19:52:12 +0000] "GET /var/backups/settings.bak/data/vars.tf HTTP/1.1" 404 564 "-" "Mozilla/5.0 (Macintosh; Intel Mac OS X 10_12_3) AppleWebKit/537.36 (KHTML, like Gecko) Chrome/56.0.2924.87 Safari/537.36"
94.72.101.21 - - [02/Nov/2024:19:52:12 +0000] "GET /var/backups/settings.bak/data/credentials HTTP/1.1" 404 564 "-" "Mozilla/5.0 (Macintosh; Intel Mac OS X 10_12_3) AppleWebKit/537.36 (KHTML, like Gecko) Chrome/56.0.2924.87 Safari/537.36"
94.72.101.21 - - [02/Nov/2024:19:52:12 +0000] "GET /var/backups/settings.bak/data/secrets.json HTTP/1.1" 404 564 "-" "Mozilla/5.0 (Macintosh; Intel Mac OS X 10_12_3) AppleWebKit/537.36 (KHTML, like Gecko) Chrome/56.0.2924.87 Safari/537.36"
94.72.101.21 - - [02/Nov/2024:19:52:13 +0000] "GET /var/backups/settings.bak/data/keys.pem HTTP/1.1" 404 564 "-" "Mozilla/5.0 (Macintosh; Intel Mac OS X 10_12_3) AppleWebKit/537.36 (KHTML, like Gecko) Chrome/56.0.2924.87 Safari/537.36"
94.72.101.21 - - [02/Nov/2024:19:52:13 +0000] "GET /var/backups/settings.bak/data/settings.ini HTTP/1.1" 404 564 "-" "Mozilla/5.0 (Macintosh; Intel Mac OS X 10_12_3) AppleWebKit/537.36 (KHTML, like Gecko) Chrome/56.0.2924.87 Safari/537.36"
94.72.101.21 - - [02/Nov/2024:19:52:13 +0000] "GET /backups/prod/.env.backup/v1/config.json HTTP/1.1" 404 564 "-" "Mozilla/5.0 (Macintosh; Intel Mac OS X 10_12_3) AppleWebKit/537.36 (KHTML, like Gecko) Chrome/56.0.2924.87 Safari/537.36"
94.72.101.21 - - [02/Nov/2024:19:52:13 +0000] "GET /backups/prod/.env.backup/v1/.env HTTP/1.1" 404 564 "-" "Mozilla/5.0 (Macintosh; Intel Mac OS X 10_12_3) AppleWebKit/537.36 (KHTML, like Gecko) Chrome/56.0.2924.87 Safari/537.36"
94.72.101.21 - - [02/Nov/2024:19:52:15 +0000] "GET /backups/prod/.env.backup/v1/secrets.yaml HTTP/1.1" 404 564 "-" "Mozilla/5.0 (Macintosh; Intel Mac OS X 10_12_3) AppleWebKit/537.36 (KHTML, like Gecko) Chrome/56.0.2924.87 Safari/537.36"
94.72.101.21 - - [02/Nov/2024:19:52:15 +0000] "GET /backups/prod/.env.backup/v1/vars.tf HTTP/1.1" 404 564 "-" "Mozilla/5.0 (Macintosh; Intel Mac OS X 10_12_3) AppleWebKit/537.36 (KHTML, like Gecko) Chrome/56.0.2924.87 Safari/537.36"
94.72.101.21 - - [02/Nov/2024:19:52:15 +0000] "GET /backups/prod/.env.backup/v1/credentials HTTP/1.1" 404 564 "-" "Mozilla/5.0 (Macintosh; Intel Mac OS X 10_12_3) AppleWebKit/537.36 (KHTML, like Gecko) Chrome/56.0.2924.87 Safari/537.36"
94.72.101.21 - - [02/Nov/2024:19:52:15 +0000] "GET /backups/prod/.env.backup/v1/secrets.json HTTP/1.1" 404 564 "-" "Mozilla/5.0 (Macintosh; Intel Mac OS X 10_12_3) AppleWebKit/537.36 (KHTML, like Gecko) Chrome/56.0.2924.87 Safari/537.36"
94.72.101.21 - - [02/Nov/2024:19:52:15 +0000] "GET /backups/prod/.env.backup/v1/keys.pem HTTP/1.1" 404 564 "-" "Mozilla/5.0 (Macintosh; Intel Mac OS X 10_12_3) AppleWebKit/537.36 (KHTML, like Gecko) Chrome/56.0.2924.87 Safari/537.36"
94.72.101.21 - - [02/Nov/2024:19:52:17 +0000] "GET /backups/prod/.env.backup/v1/settings.ini HTTP/1.1" 404 564 "-" "Mozilla/5.0 (Macintosh; Intel Mac OS X 10_12_3) AppleWebKit/537.36 (KHTML, like Gecko) Chrome/56.0.2924.87 Safari/537.36"
94.72.101.21 - - [02/Nov/2024:19:52:17 +0000] "GET /backups/prod/.env.backup/v2/config.json HTTP/1.1" 404 564 "-" "Mozilla/5.0 (Macintosh; Intel Mac OS X 10_12_3) AppleWebKit/537.36 (KHTML, like Gecko) Chrome/56.0.2924.87 Safari/537.36"
94.72.101.21 - - [02/Nov/2024:19:52:17 +0000] "GET /backups/prod/.env.backup/v2/.env HTTP/1.1" 404 564 "-" "Mozilla/5.0 (Macintosh; Intel Mac OS X 10_12_3) AppleWebKit/537.36 (KHTML, like Gecko) Chrome/56.0.2924.87 Safari/537.36"
94.72.101.21 - - [02/Nov/2024:19:52:17 +0000] "GET /backups/prod/.env.backup/v2/secrets.yaml HTTP/1.1" 404 564 "-" "Mozilla/5.0 (Macintosh; Intel Mac OS X 10_12_3) AppleWebKit/537.36 (KHTML, like Gecko) Chrome/56.0.2924.87 Safari/537.36"
94.72.101.21 - - [02/Nov/2024:19:52:17 +0000] "GET /backups/prod/.env.backup/v2/vars.tf HTTP/1.1" 404 564 "-" "Mozilla/5.0 (Macintosh; Intel Mac OS X 10_12_3) AppleWebKit/537.36 (KHTML, like Gecko) Chrome/56.0.2924.87 Safari/537.36"
94.72.101.21 - - [02/Nov/2024:19:52:17 +0000] "GET /backups/prod/.env.backup/v2/credentials HTTP/1.1" 404 564 "-" "Mozilla/5.0 (Macintosh; Intel Mac OS X 10_12_3) AppleWebKit/537.36 (KHTML, like Gecko) Chrome/56.0.2924.87 Safari/537.36"
94.72.101.21 - - [02/Nov/2024:19:52:18 +0000] "GET /backups/prod/.env.backup/v2/secrets.json HTTP/1.1" 404 564 "-" "Mozilla/5.0 (Macintosh; Intel Mac OS X 10_12_3) AppleWebKit/537.36 (KHTML, like Gecko) Chrome/56.0.2924.87 Safari/537.36"
94.72.101.21 - - [02/Nov/2024:19:52:18 +0000] "GET /backups/prod/.env.backup/v2/keys.pem HTTP/1.1" 404 564 "-" "Mozilla/5.0 (Macintosh; Intel Mac OS X 10_12_3) AppleWebKit/537.36 (KHTML, like Gecko) Chrome/56.0.2924.87 Safari/537.36"
94.72.101.21 - - [02/Nov/2024:19:52:18 +0000] "GET /backups/prod/.env.backup/v2/settings.ini HTTP/1.1" 404 564 "-" "Mozilla/5.0 (Macintosh; Intel Mac OS X 10_12_3) AppleWebKit/537.36 (KHTML, like Gecko) Chrome/56.0.2924.87 Safari/537.36"
94.72.101.21 - - [02/Nov/2024:19:52:19 +0000] "GET /backups/prod/.env.backup/dev/config.json HTTP/1.1" 404 564 "-" "Mozilla/5.0 (Macintosh; Intel Mac OS X 10_12_3) AppleWebKit/537.36 (KHTML, like Gecko) Chrome/56.0.2924.87 Safari/537.36"
94.72.101.21 - - [02/Nov/2024:19:52:19 +0000] "GET /backups/prod/.env.backup/dev/.env HTTP/1.1" 404 564 "-" "Mozilla/5.0 (Macintosh; Intel Mac OS X 10_12_3) AppleWebKit/537.36 (KHTML, like Gecko) Chrome/56.0.2924.87 Safari/537.36"
94.72.101.21 - - [02/Nov/2024:19:52:19 +0000] "GET /backups/prod/.env.backup/dev/secrets.yaml HTTP/1.1" 404 564 "-" "Mozilla/5.0 (Macintosh; Intel Mac OS X 10_12_3) AppleWebKit/537.36 (KHTML, like Gecko) Chrome/56.0.2924.87 Safari/537.36"
94.72.101.21 - - [02/Nov/2024:19:52:19 +0000] "GET /backups/prod/.env.backup/dev/vars.tf HTTP/1.1" 404 564 "-" "Mozilla/5.0 (Macintosh; Intel Mac OS X 10_12_3) AppleWebKit/537.36 (KHTML, like Gecko) Chrome/56.0.2924.87 Safari/537.36"
94.72.101.21 - - [02/Nov/2024:19:52:19 +0000] "GET /backups/prod/.env.backup/dev/credentials HTTP/1.1" 404 564 "-" "Mozilla/5.0 (Macintosh; Intel Mac OS X 10_12_3) AppleWebKit/537.36 (KHTML, like Gecko) Chrome/56.0.2924.87 Safari/537.36"
94.72.101.21 - - [02/Nov/2024:19:52:19 +0000] "GET /backups/prod/.env.backup/dev/secrets.json HTTP/1.1" 404 564 "-" "Mozilla/5.0 (Macintosh; Intel Mac OS X 10_12_3) AppleWebKit/537.36 (KHTML, like Gecko) Chrome/56.0.2924.87 Safari/537.36"
94.72.101.21 - - [02/Nov/2024:19:52:20 +0000] "GET /backups/prod/.env.backup/dev/keys.pem HTTP/1.1" 404 564 "-" "Mozilla/5.0 (Macintosh; Intel Mac OS X 10_12_3) AppleWebKit/537.36 (KHTML, like Gecko) Chrome/56.0.2924.87 Safari/537.36"
94.72.101.21 - - [02/Nov/2024:19:52:21 +0000] "GET /backups/prod/.env.backup/dev/settings.ini HTTP/1.1" 404 564 "-" "Mozilla/5.0 (Macintosh; Intel Mac OS X 10_12_3) AppleWebKit/537.36 (KHTML, like Gecko) Chrome/56.0.2924.87 Safari/537.36"
94.72.101.21 - - [02/Nov/2024:19:52:21 +0000] "GET /backups/prod/.env.backup/prod/config.json HTTP/1.1" 404 564 "-" "Mozilla/5.0 (Macintosh; Intel Mac OS X 10_12_3) AppleWebKit/537.36 (KHTML, like Gecko) Chrome/56.0.2924.87 Safari/537.36"
94.72.101.21 - - [02/Nov/2024:19:52:21 +0000] "GET /backups/prod/.env.backup/prod/.env HTTP/1.1" 404 564 "-" "Mozilla/5.0 (Macintosh; Intel Mac OS X 10_12_3) AppleWebKit/537.36 (KHTML, like Gecko) Chrome/56.0.2924.87 Safari/537.36"
94.72.101.21 - - [02/Nov/2024:19:52:21 +0000] "GET /backups/prod/.env.backup/prod/secrets.yaml HTTP/1.1" 404 564 "-" "Mozilla/5.0 (Macintosh; Intel Mac OS X 10_12_3) AppleWebKit/537.36 (KHTML, like Gecko) Chrome/56.0.2924.87 Safari/537.36"
94.72.101.21 - - [02/Nov/2024:19:52:21 +0000] "GET /backups/prod/.env.backup/prod/vars.tf HTTP/1.1" 404 564 "-" "Mozilla/5.0 (Macintosh; Intel Mac OS X 10_12_3) AppleWebKit/537.36 (KHTML, like Gecko) Chrome/56.0.2924.87 Safari/537.36"
94.72.101.21 - - [02/Nov/2024:19:52:21 +0000] "GET /backups/prod/.env.backup/prod/credentials HTTP/1.1" 404 564 "-" "Mozilla/5.0 (Macintosh; Intel Mac OS X 10_12_3) AppleWebKit/537.36 (KHTML, like Gecko) Chrome/56.0.2924.87 Safari/537.36"
94.72.101.21 - - [02/Nov/2024:19:52:22 +0000] "GET /backups/prod/.env.backup/prod/secrets.json HTTP/1.1" 404 564 "-" "Mozilla/5.0 (Macintosh; Intel Mac OS X 10_12_3) AppleWebKit/537.36 (KHTML, like Gecko) Chrome/56.0.2924.87 Safari/537.36"
94.72.101.21 - - [02/Nov/2024:19:52:22 +0000] "GET /backups/prod/.env.backup/prod/keys.pem HTTP/1.1" 404 564 "-" "Mozilla/5.0 (Macintosh; Intel Mac OS X 10_12_3) AppleWebKit/537.36 (KHTML, like Gecko) Chrome/56.0.2924.87 Safari/537.36"
94.72.101.21 - - [02/Nov/2024:19:52:22 +0000] "GET /backups/prod/.env.backup/prod/settings.ini HTTP/1.1" 404 564 "-" "Mozilla/5.0 (Macintosh; Intel Mac OS X 10_12_3) AppleWebKit/537.36 (KHTML, like Gecko) Chrome/56.0.2924.87 Safari/537.36"
94.72.101.21 - - [02/Nov/2024:19:52:23 +0000] "GET /backups/prod/.env.backup/staging/config.json HTTP/1.1" 404 564 "-" "Mozilla/5.0 (Macintosh; Intel Mac OS X 10_12_3) AppleWebKit/537.36 (KHTML, like Gecko) Chrome/56.0.2924.87 Safari/537.36"
94.72.101.21 - - [02/Nov/2024:19:52:23 +0000] "GET /backups/prod/.env.backup/staging/.env HTTP/1.1" 404 564 "-" "Mozilla/5.0 (Macintosh; Intel Mac OS X 10_12_3) AppleWebKit/537.36 (KHTML, like Gecko) Chrome/56.0.2924.87 Safari/537.36"
94.72.101.21 - - [02/Nov/2024:19:52:23 +0000] "GET /backups/prod/.env.backup/staging/secrets.yaml HTTP/1.1" 404 564 "-" "Mozilla/5.0 (Macintosh; Intel Mac OS X 10_12_3) AppleWebKit/537.36 (KHTML, like Gecko) Chrome/56.0.2924.87 Safari/537.36"
94.72.101.21 - - [02/Nov/2024:19:52:23 +0000] "GET /backups/prod/.env.backup/staging/vars.tf HTTP/1.1" 404 564 "-" "Mozilla/5.0 (Macintosh; Intel Mac OS X 10_12_3) AppleWebKit/537.36 (KHTML, like Gecko) Chrome/56.0.2924.87 Safari/537.36"
94.72.101.21 - - [02/Nov/2024:19:52:23 +0000] "GET /backups/prod/.env.backup/staging/credentials HTTP/1.1" 404 564 "-" "Mozilla/5.0 (Macintosh; Intel Mac OS X 10_12_3) AppleWebKit/537.36 (KHTML, like Gecko) Chrome/56.0.2924.87 Safari/537.36"
94.72.101.21 - - [02/Nov/2024:19:52:23 +0000] "GET /backups/prod/.env.backup/staging/secrets.json HTTP/1.1" 404 564 "-" "Mozilla/5.0 (Macintosh; Intel Mac OS X 10_12_3) AppleWebKit/537.36 (KHTML, like Gecko) Chrome/56.0.2924.87 Safari/537.36"
94.72.101.21 - - [02/Nov/2024:19:52:24 +0000] "GET /backups/prod/.env.backup/staging/keys.pem HTTP/1.1" 404 564 "-" "Mozilla/5.0 (Macintosh; Intel Mac OS X 10_12_3) AppleWebKit/537.36 (KHTML, like Gecko) Chrome/56.0.2924.87 Safari/537.36"
94.72.101.21 - - [02/Nov/2024:19:52:24 +0000] "GET /backups/prod/.env.backup/staging/settings.ini HTTP/1.1" 404 564 "-" "Mozilla/5.0 (Macintosh; Intel Mac OS X 10_12_3) AppleWebKit/537.36 (KHTML, like Gecko) Chrome/56.0.2924.87 Safari/537.36"
94.72.101.21 - - [02/Nov/2024:19:52:24 +0000] "GET /backups/prod/.env.backup/src/config.json HTTP/1.1" 404 564 "-" "Mozilla/5.0 (Macintosh; Intel Mac OS X 10_12_3) AppleWebKit/537.36 (KHTML, like Gecko) Chrome/56.0.2924.87 Safari/537.36"
94.72.101.21 - - [02/Nov/2024:19:52:24 +0000] "GET /backups/prod/.env.backup/src/.env HTTP/1.1" 404 564 "-" "Mozilla/5.0 (Macintosh; Intel Mac OS X 10_12_3) AppleWebKit/537.36 (KHTML, like Gecko) Chrome/56.0.2924.87 Safari/537.36"
94.72.101.21 - - [02/Nov/2024:19:52:24 +0000] "GET /backups/prod/.env.backup/src/secrets.yaml HTTP/1.1" 404 564 "-" "Mozilla/5.0 (Macintosh; Intel Mac OS X 10_12_3) AppleWebKit/537.36 (KHTML, like Gecko) Chrome/56.0.2924.87 Safari/537.36"
94.72.101.21 - - [02/Nov/2024:19:52:24 +0000] "GET /backups/prod/.env.backup/src/vars.tf HTTP/1.1" 404 564 "-" "Mozilla/5.0 (Macintosh; Intel Mac OS X 10_12_3) AppleWebKit/537.36 (KHTML, like Gecko) Chrome/56.0.2924.87 Safari/537.36"
94.72.101.21 - - [02/Nov/2024:19:52:25 +0000] "GET /backups/prod/.env.backup/src/credentials HTTP/1.1" 404 564 "-" "Mozilla/5.0 (Macintosh; Intel Mac OS X 10_12_3) AppleWebKit/537.36 (KHTML, like Gecko) Chrome/56.0.2924.87 Safari/537.36"
94.72.101.21 - - [02/Nov/2024:19:52:25 +0000] "GET /backups/prod/.env.backup/src/secrets.json HTTP/1.1" 404 564 "-" "Mozilla/5.0 (Macintosh; Intel Mac OS X 10_12_3) AppleWebKit/537.36 (KHTML, like Gecko) Chrome/56.0.2924.87 Safari/537.36"
94.72.101.21 - - [02/Nov/2024:19:52:25 +0000] "GET /backups/prod/.env.backup/src/keys.pem HTTP/1.1" 404 564 "-" "Mozilla/5.0 (Macintosh; Intel Mac OS X 10_12_3) AppleWebKit/537.36 (KHTML, like Gecko) Chrome/56.0.2924.87 Safari/537.36"
94.72.101.21 - - [02/Nov/2024:19:52:25 +0000] "GET /backups/prod/.env.backup/src/settings.ini HTTP/1.1" 404 564 "-" "Mozilla/5.0 (Macintosh; Intel Mac OS X 10_12_3) AppleWebKit/537.36 (KHTML, like Gecko) Chrome/56.0.2924.87 Safari/537.36"
94.72.101.21 - - [02/Nov/2024:19:52:26 +0000] "GET /backups/prod/.env.backup/dist/config.json HTTP/1.1" 404 564 "-" "Mozilla/5.0 (Macintosh; Intel Mac OS X 10_12_3) AppleWebKit/537.36 (KHTML, like Gecko) Chrome/56.0.2924.87 Safari/537.36"
94.72.101.21 - - [02/Nov/2024:19:52:26 +0000] "GET /backups/prod/.env.backup/dist/.env HTTP/1.1" 404 564 "-" "Mozilla/5.0 (Macintosh; Intel Mac OS X 10_12_3) AppleWebKit/537.36 (KHTML, like Gecko) Chrome/56.0.2924.87 Safari/537.36"
94.72.101.21 - - [02/Nov/2024:19:52:26 +0000] "GET /backups/prod/.env.backup/dist/secrets.yaml HTTP/1.1" 404 564 "-" "Mozilla/5.0 (Macintosh; Intel Mac OS X 10_12_3) AppleWebKit/537.36 (KHTML, like Gecko) Chrome/56.0.2924.87 Safari/537.36"
94.72.101.21 - - [02/Nov/2024:19:52:26 +0000] "GET /backups/prod/.env.backup/dist/vars.tf HTTP/1.1" 404 564 "-" "Mozilla/5.0 (Macintosh; Intel Mac OS X 10_12_3) AppleWebKit/537.36 (KHTML, like Gecko) Chrome/56.0.2924.87 Safari/537.36"
94.72.101.21 - - [02/Nov/2024:19:52:26 +0000] "GET /backups/prod/.env.backup/dist/credentials HTTP/1.1" 404 564 "-" "Mozilla/5.0 (Macintosh; Intel Mac OS X 10_12_3) AppleWebKit/537.36 (KHTML, like Gecko) Chrome/56.0.2924.87 Safari/537.36"
94.72.101.21 - - [02/Nov/2024:19:52:26 +0000] "GET /backups/prod/.env.backup/dist/secrets.json HTTP/1.1" 404 564 "-" "Mozilla/5.0 (Macintosh; Intel Mac OS X 10_12_3) AppleWebKit/537.36 (KHTML, like Gecko) Chrome/56.0.2924.87 Safari/537.36"
94.72.101.21 - - [02/Nov/2024:19:52:27 +0000] "GET /backups/prod/.env.backup/dist/keys.pem HTTP/1.1" 404 564 "-" "Mozilla/5.0 (Macintosh; Intel Mac OS X 10_12_3) AppleWebKit/537.36 (KHTML, like Gecko) Chrome/56.0.2924.87 Safari/537.36"
94.72.101.21 - - [02/Nov/2024:19:52:27 +0000] "GET /backups/prod/.env.backup/dist/settings.ini HTTP/1.1" 404 564 "-" "Mozilla/5.0 (Macintosh; Intel Mac OS X 10_12_3) AppleWebKit/537.36 (KHTML, like Gecko) Chrome/56.0.2924.87 Safari/537.36"
94.72.101.21 - - [02/Nov/2024:19:52:27 +0000] "GET /backups/prod/.env.backup/config/config.json HTTP/1.1" 404 564 "-" "Mozilla/5.0 (Macintosh; Intel Mac OS X 10_12_3) AppleWebKit/537.36 (KHTML, like Gecko) Chrome/56.0.2924.87 Safari/537.36"
94.72.101.21 - - [02/Nov/2024:19:52:27 +0000] "GET /backups/prod/.env.backup/config/.env HTTP/1.1" 404 564 "-" "Mozilla/5.0 (Macintosh; Intel Mac OS X 10_12_3) AppleWebKit/537.36 (KHTML, like Gecko) Chrome/56.0.2924.87 Safari/537.36"
94.72.101.21 - - [02/Nov/2024:19:52:27 +0000] "GET /backups/prod/.env.backup/config/secrets.yaml HTTP/1.1" 404 564 "-" "Mozilla/5.0 (Macintosh; Intel Mac OS X 10_12_3) AppleWebKit/537.36 (KHTML, like Gecko) Chrome/56.0.2924.87 Safari/537.36"
94.72.101.21 - - [02/Nov/2024:19:52:27 +0000] "GET /backups/prod/.env.backup/config/vars.tf HTTP/1.1" 404 564 "-" "Mozilla/5.0 (Macintosh; Intel Mac OS X 10_12_3) AppleWebKit/537.36 (KHTML, like Gecko) Chrome/56.0.2924.87 Safari/537.36"
94.72.101.21 - - [02/Nov/2024:19:52:28 +0000] "GET /backups/prod/.env.backup/config/credentials HTTP/1.1" 404 564 "-" "Mozilla/5.0 (Macintosh; Intel Mac OS X 10_12_3) AppleWebKit/537.36 (KHTML, like Gecko) Chrome/56.0.2924.87 Safari/537.36"
94.72.101.21 - - [02/Nov/2024:19:52:28 +0000] "GET /backups/prod/.env.backup/config/secrets.json HTTP/1.1" 404 564 "-" "Mozilla/5.0 (Macintosh; Intel Mac OS X 10_12_3) AppleWebKit/537.36 (KHTML, like Gecko) Chrome/56.0.2924.87 Safari/537.36"
94.72.101.21 - - [02/Nov/2024:19:52:28 +0000] "GET /backups/prod/.env.backup/config/keys.pem HTTP/1.1" 404 564 "-" "Mozilla/5.0 (Macintosh; Intel Mac OS X 10_12_3) AppleWebKit/537.36 (KHTML, like Gecko) Chrome/56.0.2924.87 Safari/537.36"
94.72.101.21 - - [02/Nov/2024:19:52:28 +0000] "GET /backups/prod/.env.backup/config/settings.ini HTTP/1.1" 404 564 "-" "Mozilla/5.0 (Macintosh; Intel Mac OS X 10_12_3) AppleWebKit/537.36 (KHTML, like Gecko) Chrome/56.0.2924.87 Safari/537.36"
94.72.101.21 - - [02/Nov/2024:19:52:29 +0000] "GET /backups/prod/.env.backup/backups/config.json HTTP/1.1" 404 564 "-" "Mozilla/5.0 (Macintosh; Intel Mac OS X 10_12_3) AppleWebKit/537.36 (KHTML, like Gecko) Chrome/56.0.2924.87 Safari/537.36"
94.72.101.21 - - [02/Nov/2024:19:52:29 +0000] "GET /backups/prod/.env.backup/backups/.env HTTP/1.1" 404 564 "-" "Mozilla/5.0 (Macintosh; Intel Mac OS X 10_12_3) AppleWebKit/537.36 (KHTML, like Gecko) Chrome/56.0.2924.87 Safari/537.36"
94.72.101.21 - - [02/Nov/2024:19:52:29 +0000] "GET /backups/prod/.env.backup/backups/secrets.yaml HTTP/1.1" 404 564 "-" "Mozilla/5.0 (Macintosh; Intel Mac OS X 10_12_3) AppleWebKit/537.36 (KHTML, like Gecko) Chrome/56.0.2924.87 Safari/537.36"
94.72.101.21 - - [02/Nov/2024:19:52:30 +0000] "GET /backups/prod/.env.backup/backups/vars.tf HTTP/1.1" 404 564 "-" "Mozilla/5.0 (Macintosh; Intel Mac OS X 10_12_3) AppleWebKit/537.36 (KHTML, like Gecko) Chrome/56.0.2924.87 Safari/537.36"
94.72.101.21 - - [02/Nov/2024:19:52:30 +0000] "GET /backups/prod/.env.backup/backups/credentials HTTP/1.1" 404 564 "-" "Mozilla/5.0 (Macintosh; Intel Mac OS X 10_12_3) AppleWebKit/537.36 (KHTML, like Gecko) Chrome/56.0.2924.87 Safari/537.36"
94.72.101.21 - - [02/Nov/2024:19:52:30 +0000] "GET /backups/prod/.env.backup/backups/secrets.json HTTP/1.1" 404 564 "-" "Mozilla/5.0 (Macintosh; Intel Mac OS X 10_12_3) AppleWebKit/537.36 (KHTML, like Gecko) Chrome/56.0.2924.87 Safari/537.36"
94.72.101.21 - - [02/Nov/2024:19:52:30 +0000] "GET /backups/prod/.env.backup/backups/keys.pem HTTP/1.1" 404 564 "-" "Mozilla/5.0 (Macintosh; Intel Mac OS X 10_12_3) AppleWebKit/537.36 (KHTML, like Gecko) Chrome/56.0.2924.87 Safari/537.36"
94.72.101.21 - - [02/Nov/2024:19:52:30 +0000] "GET /backups/prod/.env.backup/backups/settings.ini HTTP/1.1" 404 564 "-" "Mozilla/5.0 (Macintosh; Intel Mac OS X 10_12_3) AppleWebKit/537.36 (KHTML, like Gecko) Chrome/56.0.2924.87 Safari/537.36"
94.72.101.21 - - [02/Nov/2024:19:52:30 +0000] "GET /backups/prod/.env.backup/data/config.json HTTP/1.1" 404 564 "-" "Mozilla/5.0 (Macintosh; Intel Mac OS X 10_12_3) AppleWebKit/537.36 (KHTML, like Gecko) Chrome/56.0.2924.87 Safari/537.36"
94.72.101.21 - - [02/Nov/2024:19:52:31 +0000] "GET /backups/prod/.env.backup/data/.env HTTP/1.1" 404 564 "-" "Mozilla/5.0 (Macintosh; Intel Mac OS X 10_12_3) AppleWebKit/537.36 (KHTML, like Gecko) Chrome/56.0.2924.87 Safari/537.36"
94.72.101.21 - - [02/Nov/2024:19:52:31 +0000] "GET /backups/prod/.env.backup/data/secrets.yaml HTTP/1.1" 404 564 "-" "Mozilla/5.0 (Macintosh; Intel Mac OS X 10_12_3) AppleWebKit/537.36 (KHTML, like Gecko) Chrome/56.0.2924.87 Safari/537.36"
94.72.101.21 - - [02/Nov/2024:19:52:31 +0000] "GET /backups/prod/.env.backup/data/vars.tf HTTP/1.1" 404 564 "-" "Mozilla/5.0 (Macintosh; Intel Mac OS X 10_12_3) AppleWebKit/537.36 (KHTML, like Gecko) Chrome/56.0.2924.87 Safari/537.36"
94.72.101.21 - - [02/Nov/2024:19:52:31 +0000] "GET /backups/prod/.env.backup/data/credentials HTTP/1.1" 404 564 "-" "Mozilla/5.0 (Macintosh; Intel Mac OS X 10_12_3) AppleWebKit/537.36 (KHTML, like Gecko) Chrome/56.0.2924.87 Safari/537.36"
94.72.101.21 - - [02/Nov/2024:19:52:31 +0000] "GET /backups/prod/.env.backup/data/secrets.json HTTP/1.1" 404 564 "-" "Mozilla/5.0 (Macintosh; Intel Mac OS X 10_12_3) AppleWebKit/537.36 (KHTML, like Gecko) Chrome/56.0.2924.87 Safari/537.36"
94.72.101.21 - - [02/Nov/2024:19:52:31 +0000] "GET /backups/prod/.env.backup/data/keys.pem HTTP/1.1" 404 564 "-" "Mozilla/5.0 (Macintosh; Intel Mac OS X 10_12_3) AppleWebKit/537.36 (KHTML, like Gecko) Chrome/56.0.2924.87 Safari/537.36"
94.72.101.21 - - [02/Nov/2024:19:52:32 +0000] "GET /backups/prod/.env.backup/data/settings.ini HTTP/1.1" 404 564 "-" "Mozilla/5.0 (Macintosh; Intel Mac OS X 10_12_3) AppleWebKit/537.36 (KHTML, like Gecko) Chrome/56.0.2924.87 Safari/537.36"
94.72.101.21 - - [02/Nov/2024:19:52:32 +0000] "GET /backups/db-backup-2024.sql/v1/config.json HTTP/1.1" 404 564 "-" "Mozilla/5.0 (Macintosh; Intel Mac OS X 10_12_3) AppleWebKit/537.36 (KHTML, like Gecko) Chrome/56.0.2924.87 Safari/537.36"
94.72.101.21 - - [02/Nov/2024:19:52:32 +0000] "GET /backups/db-backup-2024.sql/v1/.env HTTP/1.1" 404 564 "-" "Mozilla/5.0 (Macintosh; Intel Mac OS X 10_12_3) AppleWebKit/537.36 (KHTML, like Gecko) Chrome/56.0.2924.87 Safari/537.36"
94.72.101.21 - - [02/Nov/2024:19:52:32 +0000] "GET /backups/db-backup-2024.sql/v1/secrets.yaml HTTP/1.1" 404 564 "-" "Mozilla/5.0 (Macintosh; Intel Mac OS X 10_12_3) AppleWebKit/537.36 (KHTML, like Gecko) Chrome/56.0.2924.87 Safari/537.36"
94.72.101.21 - - [02/Nov/2024:19:52:33 +0000] "GET /backups/db-backup-2024.sql/v1/vars.tf HTTP/1.1" 404 564 "-" "Mozilla/5.0 (Macintosh; Intel Mac OS X 10_12_3) AppleWebKit/537.36 (KHTML, like Gecko) Chrome/56.0.2924.87 Safari/537.36"
94.72.101.21 - - [02/Nov/2024:19:52:33 +0000] "GET /backups/db-backup-2024.sql/v1/credentials HTTP/1.1" 404 564 "-" "Mozilla/5.0 (Macintosh; Intel Mac OS X 10_12_3) AppleWebKit/537.36 (KHTML, like Gecko) Chrome/56.0.2924.87 Safari/537.36"
94.72.101.21 - - [02/Nov/2024:19:52:33 +0000] "GET /backups/db-backup-2024.sql/v1/secrets.json HTTP/1.1" 404 564 "-" "Mozilla/5.0 (Macintosh; Intel Mac OS X 10_12_3) AppleWebKit/537.36 (KHTML, like Gecko) Chrome/56.0.2924.87 Safari/537.36"
94.72.101.21 - - [02/Nov/2024:19:52:33 +0000] "GET /backups/db-backup-2024.sql/v1/keys.pem HTTP/1.1" 404 564 "-" "Mozilla/5.0 (Macintosh; Intel Mac OS X 10_12_3) AppleWebKit/537.36 (KHTML, like Gecko) Chrome/56.0.2924.87 Safari/537.36"
94.72.101.21 - - [02/Nov/2024:19:52:34 +0000] "GET /backups/db-backup-2024.sql/v1/settings.ini HTTP/1.1" 404 564 "-" "Mozilla/5.0 (Macintosh; Intel Mac OS X 10_12_3) AppleWebKit/537.36 (KHTML, like Gecko) Chrome/56.0.2924.87 Safari/537.36"
94.72.101.21 - - [02/Nov/2024:19:52:34 +0000] "GET /backups/db-backup-2024.sql/v2/config.json HTTP/1.1" 404 564 "-" "Mozilla/5.0 (Macintosh; Intel Mac OS X 10_12_3) AppleWebKit/537.36 (KHTML, like Gecko) Chrome/56.0.2924.87 Safari/537.36"
94.72.101.21 - - [02/Nov/2024:19:52:34 +0000] "GET /backups/db-backup-2024.sql/v2/.env HTTP/1.1" 404 564 "-" "Mozilla/5.0 (Macintosh; Intel Mac OS X 10_12_3) AppleWebKit/537.36 (KHTML, like Gecko) Chrome/56.0.2924.87 Safari/537.36"
94.72.101.21 - - [02/Nov/2024:19:52:34 +0000] "GET /backups/db-backup-2024.sql/v2/secrets.yaml HTTP/1.1" 404 564 "-" "Mozilla/5.0 (Macintosh; Intel Mac OS X 10_12_3) AppleWebKit/537.36 (KHTML, like Gecko) Chrome/56.0.2924.87 Safari/537.36"
94.72.101.21 - - [02/Nov/2024:19:52:34 +0000] "GET /backups/db-backup-2024.sql/v2/vars.tf HTTP/1.1" 404 564 "-" "Mozilla/5.0 (Macintosh; Intel Mac OS X 10_12_3) AppleWebKit/537.36 (KHTML, like Gecko) Chrome/56.0.2924.87 Safari/537.36"
94.72.101.21 - - [02/Nov/2024:19:52:34 +0000] "GET /backups/db-backup-2024.sql/v2/credentials HTTP/1.1" 404 564 "-" "Mozilla/5.0 (Macintosh; Intel Mac OS X 10_12_3) AppleWebKit/537.36 (KHTML, like Gecko) Chrome/56.0.2924.87 Safari/537.36"
94.72.101.21 - - [02/Nov/2024:19:52:35 +0000] "GET /backups/db-backup-2024.sql/v2/secrets.json HTTP/1.1" 404 564 "-" "Mozilla/5.0 (Macintosh; Intel Mac OS X 10_12_3) AppleWebKit/537.36 (KHTML, like Gecko) Chrome/56.0.2924.87 Safari/537.36"
94.72.101.21 - - [02/Nov/2024:19:52:35 +0000] "GET /backups/db-backup-2024.sql/v2/keys.pem HTTP/1.1" 404 564 "-" "Mozilla/5.0 (Macintosh; Intel Mac OS X 10_12_3) AppleWebKit/537.36 (KHTML, like Gecko) Chrome/56.0.2924.87 Safari/537.36"
94.72.101.21 - - [02/Nov/2024:19:52:35 +0000] "GET /backups/db-backup-2024.sql/v2/settings.ini HTTP/1.1" 404 564 "-" "Mozilla/5.0 (Macintosh; Intel Mac OS X 10_12_3) AppleWebKit/537.36 (KHTML, like Gecko) Chrome/56.0.2924.87 Safari/537.36"
94.72.101.21 - - [02/Nov/2024:19:52:36 +0000] "GET /backups/db-backup-2024.sql/dev/config.json HTTP/1.1" 404 564 "-" "Mozilla/5.0 (Macintosh; Intel Mac OS X 10_12_3) AppleWebKit/537.36 (KHTML, like Gecko) Chrome/56.0.2924.87 Safari/537.36"
94.72.101.21 - - [02/Nov/2024:19:52:36 +0000] "GET /backups/db-backup-2024.sql/dev/.env HTTP/1.1" 404 564 "-" "Mozilla/5.0 (Macintosh; Intel Mac OS X 10_12_3) AppleWebKit/537.36 (KHTML, like Gecko) Chrome/56.0.2924.87 Safari/537.36"
94.72.101.21 - - [02/Nov/2024:19:52:36 +0000] "GET /backups/db-backup-2024.sql/dev/secrets.yaml HTTP/1.1" 404 564 "-" "Mozilla/5.0 (Macintosh; Intel Mac OS X 10_12_3) AppleWebKit/537.36 (KHTML, like Gecko) Chrome/56.0.2924.87 Safari/537.36"
94.72.101.21 - - [02/Nov/2024:19:52:36 +0000] "GET /backups/db-backup-2024.sql/dev/vars.tf HTTP/1.1" 404 564 "-" "Mozilla/5.0 (Macintosh; Intel Mac OS X 10_12_3) AppleWebKit/537.36 (KHTML, like Gecko) Chrome/56.0.2924.87 Safari/537.36"
94.72.101.21 - - [02/Nov/2024:19:52:37 +0000] "GET /backups/db-backup-2024.sql/dev/credentials HTTP/1.1" 404 564 "-" "Mozilla/5.0 (Macintosh; Intel Mac OS X 10_12_3) AppleWebKit/537.36 (KHTML, like Gecko) Chrome/56.0.2924.87 Safari/537.36"
94.72.101.21 - - [02/Nov/2024:19:52:37 +0000] "GET /backups/db-backup-2024.sql/dev/secrets.json HTTP/1.1" 404 564 "-" "Mozilla/5.0 (Macintosh; Intel Mac OS X 10_12_3) AppleWebKit/537.36 (KHTML, like Gecko) Chrome/56.0.2924.87 Safari/537.36"
94.72.101.21 - - [02/Nov/2024:19:52:40 +0000] "GET /backups/db-backup-2024.sql/dev/keys.pem HTTP/1.1" 404 564 "-" "Mozilla/5.0 (Macintosh; Intel Mac OS X 10_12_3) AppleWebKit/537.36 (KHTML, like Gecko) Chrome/56.0.2924.87 Safari/537.36"
94.72.101.21 - - [02/Nov/2024:19:52:41 +0000] "GET /backups/db-backup-2024.sql/dev/settings.ini HTTP/1.1" 404 564 "-" "Mozilla/5.0 (Macintosh; Intel Mac OS X 10_12_3) AppleWebKit/537.36 (KHTML, like Gecko) Chrome/56.0.2924.87 Safari/537.36"
94.72.101.21 - - [02/Nov/2024:19:52:41 +0000] "GET /backups/db-backup-2024.sql/prod/config.json HTTP/1.1" 404 564 "-" "Mozilla/5.0 (Macintosh; Intel Mac OS X 10_12_3) AppleWebKit/537.36 (KHTML, like Gecko) Chrome/56.0.2924.87 Safari/537.36"
94.72.101.21 - - [02/Nov/2024:19:52:42 +0000] "GET /backups/db-backup-2024.sql/prod/.env HTTP/1.1" 404 564 "-" "Mozilla/5.0 (Macintosh; Intel Mac OS X 10_12_3) AppleWebKit/537.36 (KHTML, like Gecko) Chrome/56.0.2924.87 Safari/537.36"
94.72.101.21 - - [02/Nov/2024:19:52:42 +0000] "GET /backups/db-backup-2024.sql/prod/secrets.yaml HTTP/1.1" 404 564 "-" "Mozilla/5.0 (Macintosh; Intel Mac OS X 10_12_3) AppleWebKit/537.36 (KHTML, like Gecko) Chrome/56.0.2924.87 Safari/537.36"
94.72.101.21 - - [02/Nov/2024:19:52:42 +0000] "GET /backups/db-backup-2024.sql/prod/vars.tf HTTP/1.1" 404 564 "-" "Mozilla/5.0 (Macintosh; Intel Mac OS X 10_12_3) AppleWebKit/537.36 (KHTML, like Gecko) Chrome/56.0.2924.87 Safari/537.36"
94.72.101.21 - - [02/Nov/2024:19:52:42 +0000] "GET /backups/db-backup-2024.sql/prod/credentials HTTP/1.1" 404 564 "-" "Mozilla/5.0 (Macintosh; Intel Mac OS X 10_12_3) AppleWebKit/537.36 (KHTML, like Gecko) Chrome/56.0.2924.87 Safari/537.36"
94.72.101.21 - - [02/Nov/2024:19:52:43 +0000] "GET /backups/db-backup-2024.sql/prod/secrets.json HTTP/1.1" 404 564 "-" "Mozilla/5.0 (Macintosh; Intel Mac OS X 10_12_3) AppleWebKit/537.36 (KHTML, like Gecko) Chrome/56.0.2924.87 Safari/537.36"
94.72.101.21 - - [02/Nov/2024:19:52:43 +0000] "GET /backups/db-backup-2024.sql/prod/keys.pem HTTP/1.1" 404 564 "-" "Mozilla/5.0 (Macintosh; Intel Mac OS X 10_12_3) AppleWebKit/537.36 (KHTML, like Gecko) Chrome/56.0.2924.87 Safari/537.36"
94.72.101.21 - - [02/Nov/2024:19:52:44 +0000] "GET /backups/db-backup-2024.sql/prod/settings.ini HTTP/1.1" 404 564 "-" "Mozilla/5.0 (Macintosh; Intel Mac OS X 10_12_3) AppleWebKit/537.36 (KHTML, like Gecko) Chrome/56.0.2924.87 Safari/537.36"
94.72.101.21 - - [02/Nov/2024:19:52:44 +0000] "GET /backups/db-backup-2024.sql/staging/config.json HTTP/1.1" 404 564 "-" "Mozilla/5.0 (Macintosh; Intel Mac OS X 10_12_3) AppleWebKit/537.36 (KHTML, like Gecko) Chrome/56.0.2924.87 Safari/537.36"
94.72.101.21 - - [02/Nov/2024:19:52:44 +0000] "GET /backups/db-backup-2024.sql/staging/.env HTTP/1.1" 404 564 "-" "Mozilla/5.0 (Macintosh; Intel Mac OS X 10_12_3) AppleWebKit/537.36 (KHTML, like Gecko) Chrome/56.0.2924.87 Safari/537.36"
94.72.101.21 - - [02/Nov/2024:19:52:44 +0000] "GET /backups/db-backup-2024.sql/staging/secrets.yaml HTTP/1.1" 404 564 "-" "Mozilla/5.0 (Macintosh; Intel Mac OS X 10_12_3) AppleWebKit/537.36 (KHTML, like Gecko) Chrome/56.0.2924.87 Safari/537.36"
94.72.101.21 - - [02/Nov/2024:19:52:45 +0000] "GET /backups/db-backup-2024.sql/staging/vars.tf HTTP/1.1" 404 564 "-" "Mozilla/5.0 (Macintosh; Intel Mac OS X 10_12_3) AppleWebKit/537.36 (KHTML, like Gecko) Chrome/56.0.2924.87 Safari/537.36"
94.72.101.21 - - [02/Nov/2024:19:52:45 +0000] "GET /backups/db-backup-2024.sql/staging/credentials HTTP/1.1" 404 564 "-" "Mozilla/5.0 (Macintosh; Intel Mac OS X 10_12_3) AppleWebKit/537.36 (KHTML, like Gecko) Chrome/56.0.2924.87 Safari/537.36"
94.72.101.21 - - [02/Nov/2024:19:52:45 +0000] "GET /backups/db-backup-2024.sql/staging/secrets.json HTTP/1.1" 404 564 "-" "Mozilla/5.0 (Macintosh; Intel Mac OS X 10_12_3) AppleWebKit/537.36 (KHTML, like Gecko) Chrome/56.0.2924.87 Safari/537.36"
94.72.101.21 - - [02/Nov/2024:19:52:46 +0000] "GET /backups/db-backup-2024.sql/staging/keys.pem HTTP/1.1" 404 564 "-" "Mozilla/5.0 (Macintosh; Intel Mac OS X 10_12_3) AppleWebKit/537.36 (KHTML, like Gecko) Chrome/56.0.2924.87 Safari/537.36"
94.72.101.21 - - [02/Nov/2024:19:52:46 +0000] "GET /backups/db-backup-2024.sql/staging/settings.ini HTTP/1.1" 404 564 "-" "Mozilla/5.0 (Macintosh; Intel Mac OS X 10_12_3) AppleWebKit/537.36 (KHTML, like Gecko) Chrome/56.0.2924.87 Safari/537.36"
94.72.101.21 - - [02/Nov/2024:19:52:46 +0000] "GET /backups/db-backup-2024.sql/src/config.json HTTP/1.1" 404 564 "-" "Mozilla/5.0 (Macintosh; Intel Mac OS X 10_12_3) AppleWebKit/537.36 (KHTML, like Gecko) Chrome/56.0.2924.87 Safari/537.36"
94.72.101.21 - - [02/Nov/2024:19:52:46 +0000] "GET /backups/db-backup-2024.sql/src/.env HTTP/1.1" 404 564 "-" "Mozilla/5.0 (Macintosh; Intel Mac OS X 10_12_3) AppleWebKit/537.36 (KHTML, like Gecko) Chrome/56.0.2924.87 Safari/537.36"
94.72.101.21 - - [02/Nov/2024:19:52:46 +0000] "GET /backups/db-backup-2024.sql/src/secrets.yaml HTTP/1.1" 404 564 "-" "Mozilla/5.0 (Macintosh; Intel Mac OS X 10_12_3) AppleWebKit/537.36 (KHTML, like Gecko) Chrome/56.0.2924.87 Safari/537.36"
94.72.101.21 - - [02/Nov/2024:19:52:46 +0000] "GET /backups/db-backup-2024.sql/src/vars.tf HTTP/1.1" 404 564 "-" "Mozilla/5.0 (Macintosh; Intel Mac OS X 10_12_3) AppleWebKit/537.36 (KHTML, like Gecko) Chrome/56.0.2924.87 Safari/537.36"
94.72.101.21 - - [02/Nov/2024:19:52:47 +0000] "GET /backups/db-backup-2024.sql/src/credentials HTTP/1.1" 404 564 "-" "Mozilla/5.0 (Macintosh; Intel Mac OS X 10_12_3) AppleWebKit/537.36 (KHTML, like Gecko) Chrome/56.0.2924.87 Safari/537.36"
94.72.101.21 - - [02/Nov/2024:19:52:47 +0000] "GET /backups/db-backup-2024.sql/src/secrets.json HTTP/1.1" 404 564 "-" "Mozilla/5.0 (Macintosh; Intel Mac OS X 10_12_3) AppleWebKit/537.36 (KHTML, like Gecko) Chrome/56.0.2924.87 Safari/537.36"
94.72.101.21 - - [02/Nov/2024:19:52:47 +0000] "GET /backups/db-backup-2024.sql/src/keys.pem HTTP/1.1" 404 564 "-" "Mozilla/5.0 (Macintosh; Intel Mac OS X 10_12_3) AppleWebKit/537.36 (KHTML, like Gecko) Chrome/56.0.2924.87 Safari/537.36"
94.72.101.21 - - [02/Nov/2024:19:52:48 +0000] "GET /backups/db-backup-2024.sql/src/settings.ini HTTP/1.1" 404 564 "-" "Mozilla/5.0 (Macintosh; Intel Mac OS X 10_12_3) AppleWebKit/537.36 (KHTML, like Gecko) Chrome/56.0.2924.87 Safari/537.36"
94.72.101.21 - - [02/Nov/2024:19:52:48 +0000] "GET /backups/db-backup-2024.sql/dist/config.json HTTP/1.1" 404 564 "-" "Mozilla/5.0 (Macintosh; Intel Mac OS X 10_12_3) AppleWebKit/537.36 (KHTML, like Gecko) Chrome/56.0.2924.87 Safari/537.36"
94.72.101.21 - - [02/Nov/2024:19:52:48 +0000] "GET /backups/db-backup-2024.sql/dist/.env HTTP/1.1" 404 564 "-" "Mozilla/5.0 (Macintosh; Intel Mac OS X 10_12_3) AppleWebKit/537.36 (KHTML, like Gecko) Chrome/56.0.2924.87 Safari/537.36"
94.72.101.21 - - [02/Nov/2024:19:52:49 +0000] "GET /backups/db-backup-2024.sql/dist/secrets.yaml HTTP/1.1" 404 564 "-" "Mozilla/5.0 (Macintosh; Intel Mac OS X 10_12_3) AppleWebKit/537.36 (KHTML, like Gecko) Chrome/56.0.2924.87 Safari/537.36"
94.72.101.21 - - [02/Nov/2024:19:52:49 +0000] "GET /backups/db-backup-2024.sql/dist/vars.tf HTTP/1.1" 404 564 "-" "Mozilla/5.0 (Macintosh; Intel Mac OS X 10_12_3) AppleWebKit/537.36 (KHTML, like Gecko) Chrome/56.0.2924.87 Safari/537.36"
94.72.101.21 - - [02/Nov/2024:19:52:49 +0000] "GET /backups/db-backup-2024.sql/dist/credentials HTTP/1.1" 404 564 "-" "Mozilla/5.0 (Macintosh; Intel Mac OS X 10_12_3) AppleWebKit/537.36 (KHTML, like Gecko) Chrome/56.0.2924.87 Safari/537.36"
94.72.101.21 - - [02/Nov/2024:19:52:49 +0000] "GET /backups/db-backup-2024.sql/dist/secrets.json HTTP/1.1" 404 564 "-" "Mozilla/5.0 (Macintosh; Intel Mac OS X 10_12_3) AppleWebKit/537.36 (KHTML, like Gecko) Chrome/56.0.2924.87 Safari/537.36"
94.72.101.21 - - [02/Nov/2024:19:52:50 +0000] "GET /backups/db-backup-2024.sql/dist/keys.pem HTTP/1.1" 404 564 "-" "Mozilla/5.0 (Macintosh; Intel Mac OS X 10_12_3) AppleWebKit/537.36 (KHTML, like Gecko) Chrome/56.0.2924.87 Safari/537.36"
94.72.101.21 - - [02/Nov/2024:19:52:50 +0000] "GET /backups/db-backup-2024.sql/dist/settings.ini HTTP/1.1" 404 564 "-" "Mozilla/5.0 (Macintosh; Intel Mac OS X 10_12_3) AppleWebKit/537.36 (KHTML, like Gecko) Chrome/56.0.2924.87 Safari/537.36"
94.72.101.21 - - [02/Nov/2024:19:52:50 +0000] "GET /backups/db-backup-2024.sql/config/config.json HTTP/1.1" 404 564 "-" "Mozilla/5.0 (Macintosh; Intel Mac OS X 10_12_3) AppleWebKit/537.36 (KHTML, like Gecko) Chrome/56.0.2924.87 Safari/537.36"
94.72.101.21 - - [02/Nov/2024:19:52:50 +0000] "GET /backups/db-backup-2024.sql/config/.env HTTP/1.1" 404 564 "-" "Mozilla/5.0 (Macintosh; Intel Mac OS X 10_12_3) AppleWebKit/537.36 (KHTML, like Gecko) Chrome/56.0.2924.87 Safari/537.36"
94.72.101.21 - - [02/Nov/2024:19:52:51 +0000] "GET /backups/db-backup-2024.sql/config/secrets.yaml HTTP/1.1" 404 564 "-" "Mozilla/5.0 (Macintosh; Intel Mac OS X 10_12_3) AppleWebKit/537.36 (KHTML, like Gecko) Chrome/56.0.2924.87 Safari/537.36"
94.72.101.21 - - [02/Nov/2024:19:52:51 +0000] "GET /backups/db-backup-2024.sql/config/vars.tf HTTP/1.1" 404 564 "-" "Mozilla/5.0 (Macintosh; Intel Mac OS X 10_12_3) AppleWebKit/537.36 (KHTML, like Gecko) Chrome/56.0.2924.87 Safari/537.36"
94.72.101.21 - - [02/Nov/2024:19:52:51 +0000] "GET /backups/db-backup-2024.sql/config/credentials HTTP/1.1" 404 564 "-" "Mozilla/5.0 (Macintosh; Intel Mac OS X 10_12_3) AppleWebKit/537.36 (KHTML, like Gecko) Chrome/56.0.2924.87 Safari/537.36"
94.72.101.21 - - [02/Nov/2024:19:52:51 +0000] "GET /backups/db-backup-2024.sql/config/secrets.json HTTP/1.1" 404 564 "-" "Mozilla/5.0 (Macintosh; Intel Mac OS X 10_12_3) AppleWebKit/537.36 (KHTML, like Gecko) Chrome/56.0.2924.87 Safari/537.36"
94.72.101.21 - - [02/Nov/2024:19:52:51 +0000] "GET /backups/db-backup-2024.sql/config/keys.pem HTTP/1.1" 404 564 "-" "Mozilla/5.0 (Macintosh; Intel Mac OS X 10_12_3) AppleWebKit/537.36 (KHTML, like Gecko) Chrome/56.0.2924.87 Safari/537.36"
94.72.101.21 - - [02/Nov/2024:19:52:51 +0000] "GET /backups/db-backup-2024.sql/config/settings.ini HTTP/1.1" 404 564 "-" "Mozilla/5.0 (Macintosh; Intel Mac OS X 10_12_3) AppleWebKit/537.36 (KHTML, like Gecko) Chrome/56.0.2924.87 Safari/537.36"
94.72.101.21 - - [02/Nov/2024:19:52:52 +0000] "GET /backups/db-backup-2024.sql/backups/config.json HTTP/1.1" 404 564 "-" "Mozilla/5.0 (Macintosh; Intel Mac OS X 10_12_3) AppleWebKit/537.36 (KHTML, like Gecko) Chrome/56.0.2924.87 Safari/537.36"
94.72.101.21 - - [02/Nov/2024:19:52:52 +0000] "GET /backups/db-backup-2024.sql/backups/.env HTTP/1.1" 404 564 "-" "Mozilla/5.0 (Macintosh; Intel Mac OS X 10_12_3) AppleWebKit/537.36 (KHTML, like Gecko) Chrome/56.0.2924.87 Safari/537.36"
94.72.101.21 - - [02/Nov/2024:19:52:52 +0000] "GET /backups/db-backup-2024.sql/backups/secrets.yaml HTTP/1.1" 404 564 "-" "Mozilla/5.0 (Macintosh; Intel Mac OS X 10_12_3) AppleWebKit/537.36 (KHTML, like Gecko) Chrome/56.0.2924.87 Safari/537.36"
94.72.101.21 - - [02/Nov/2024:19:52:53 +0000] "GET /backups/db-backup-2024.sql/backups/vars.tf HTTP/1.1" 404 564 "-" "Mozilla/5.0 (Macintosh; Intel Mac OS X 10_12_3) AppleWebKit/537.36 (KHTML, like Gecko) Chrome/56.0.2924.87 Safari/537.36"
94.72.101.21 - - [02/Nov/2024:19:52:54 +0000] "GET /backups/db-backup-2024.sql/backups/credentials HTTP/1.1" 404 564 "-" "Mozilla/5.0 (Macintosh; Intel Mac OS X 10_12_3) AppleWebKit/537.36 (KHTML, like Gecko) Chrome/56.0.2924.87 Safari/537.36"
94.72.101.21 - - [02/Nov/2024:19:52:54 +0000] "GET /backups/db-backup-2024.sql/backups/secrets.json HTTP/1.1" 404 564 "-" "Mozilla/5.0 (Macintosh; Intel Mac OS X 10_12_3) AppleWebKit/537.36 (KHTML, like Gecko) Chrome/56.0.2924.87 Safari/537.36"
94.72.101.21 - - [02/Nov/2024:19:52:55 +0000] "GET /backups/db-backup-2024.sql/backups/keys.pem HTTP/1.1" 404 564 "-" "Mozilla/5.0 (Macintosh; Intel Mac OS X 10_12_3) AppleWebKit/537.36 (KHTML, like Gecko) Chrome/56.0.2924.87 Safari/537.36"
94.72.101.21 - - [02/Nov/2024:19:52:55 +0000] "GET /backups/db-backup-2024.sql/backups/settings.ini HTTP/1.1" 404 564 "-" "Mozilla/5.0 (Macintosh; Intel Mac OS X 10_12_3) AppleWebKit/537.36 (KHTML, like Gecko) Chrome/56.0.2924.87 Safari/537.36"
94.72.101.21 - - [02/Nov/2024:19:52:55 +0000] "GET /backups/db-backup-2024.sql/data/config.json HTTP/1.1" 404 564 "-" "Mozilla/5.0 (Macintosh; Intel Mac OS X 10_12_3) AppleWebKit/537.36 (KHTML, like Gecko) Chrome/56.0.2924.87 Safari/537.36"
94.72.101.21 - - [02/Nov/2024:19:52:55 +0000] "GET /backups/db-backup-2024.sql/data/.env HTTP/1.1" 404 564 "-" "Mozilla/5.0 (Macintosh; Intel Mac OS X 10_12_3) AppleWebKit/537.36 (KHTML, like Gecko) Chrome/56.0.2924.87 Safari/537.36"
94.72.101.21 - - [02/Nov/2024:19:52:56 +0000] "GET /backups/db-backup-2024.sql/data/secrets.yaml HTTP/1.1" 404 564 "-" "Mozilla/5.0 (Macintosh; Intel Mac OS X 10_12_3) AppleWebKit/537.36 (KHTML, like Gecko) Chrome/56.0.2924.87 Safari/537.36"
94.72.101.21 - - [02/Nov/2024:19:52:56 +0000] "GET /backups/db-backup-2024.sql/data/vars.tf HTTP/1.1" 404 564 "-" "Mozilla/5.0 (Macintosh; Intel Mac OS X 10_12_3) AppleWebKit/537.36 (KHTML, like Gecko) Chrome/56.0.2924.87 Safari/537.36"
94.72.101.21 - - [02/Nov/2024:19:52:56 +0000] "GET /backups/db-backup-2024.sql/data/credentials HTTP/1.1" 404 564 "-" "Mozilla/5.0 (Macintosh; Intel Mac OS X 10_12_3) AppleWebKit/537.36 (KHTML, like Gecko) Chrome/56.0.2924.87 Safari/537.36"
94.72.101.21 - - [02/Nov/2024:19:52:56 +0000] "GET /backups/db-backup-2024.sql/data/secrets.json HTTP/1.1" 404 564 "-" "Mozilla/5.0 (Macintosh; Intel Mac OS X 10_12_3) AppleWebKit/537.36 (KHTML, like Gecko) Chrome/56.0.2924.87 Safari/537.36"
94.72.101.21 - - [02/Nov/2024:19:52:56 +0000] "GET /backups/db-backup-2024.sql/data/keys.pem HTTP/1.1" 404 564 "-" "Mozilla/5.0 (Macintosh; Intel Mac OS X 10_12_3) AppleWebKit/537.36 (KHTML, like Gecko) Chrome/56.0.2924.87 Safari/537.36"
94.72.101.21 - - [02/Nov/2024:19:52:57 +0000] "GET /backups/db-backup-2024.sql/data/settings.ini HTTP/1.1" 404 564 "-" "Mozilla/5.0 (Macintosh; Intel Mac OS X 10_12_3) AppleWebKit/537.36 (KHTML, like Gecko) Chrome/56.0.2924.87 Safari/537.36"
94.72.101.21 - - [02/Nov/2024:19:52:57 +0000] "GET /environments/dev/.env/v1/config.json HTTP/1.1" 404 564 "-" "Mozilla/5.0 (Macintosh; Intel Mac OS X 10_12_3) AppleWebKit/537.36 (KHTML, like Gecko) Chrome/56.0.2924.87 Safari/537.36"
94.72.101.21 - - [02/Nov/2024:19:52:57 +0000] "GET /environments/dev/.env/v1/.env HTTP/1.1" 404 564 "-" "Mozilla/5.0 (Macintosh; Intel Mac OS X 10_12_3) AppleWebKit/537.36 (KHTML, like Gecko) Chrome/56.0.2924.87 Safari/537.36"
94.72.101.21 - - [02/Nov/2024:19:52:57 +0000] "GET /environments/dev/.env/v1/secrets.yaml HTTP/1.1" 404 564 "-" "Mozilla/5.0 (Macintosh; Intel Mac OS X 10_12_3) AppleWebKit/537.36 (KHTML, like Gecko) Chrome/56.0.2924.87 Safari/537.36"
94.72.101.21 - - [02/Nov/2024:19:52:58 +0000] "GET /environments/dev/.env/v1/vars.tf HTTP/1.1" 404 564 "-" "Mozilla/5.0 (Macintosh; Intel Mac OS X 10_12_3) AppleWebKit/537.36 (KHTML, like Gecko) Chrome/56.0.2924.87 Safari/537.36"
94.72.101.21 - - [02/Nov/2024:19:52:58 +0000] "GET /environments/dev/.env/v1/credentials HTTP/1.1" 404 564 "-" "Mozilla/5.0 (Macintosh; Intel Mac OS X 10_12_3) AppleWebKit/537.36 (KHTML, like Gecko) Chrome/56.0.2924.87 Safari/537.36"
94.72.101.21 - - [02/Nov/2024:19:52:58 +0000] "GET /environments/dev/.env/v1/secrets.json HTTP/1.1" 404 564 "-" "Mozilla/5.0 (Macintosh; Intel Mac OS X 10_12_3) AppleWebKit/537.36 (KHTML, like Gecko) Chrome/56.0.2924.87 Safari/537.36"
94.72.101.21 - - [02/Nov/2024:19:52:58 +0000] "GET /environments/dev/.env/v1/keys.pem HTTP/1.1" 404 564 "-" "Mozilla/5.0 (Macintosh; Intel Mac OS X 10_12_3) AppleWebKit/537.36 (KHTML, like Gecko) Chrome/56.0.2924.87 Safari/537.36"
94.72.101.21 - - [02/Nov/2024:19:52:59 +0000] "GET /environments/dev/.env/v1/settings.ini HTTP/1.1" 404 564 "-" "Mozilla/5.0 (Macintosh; Intel Mac OS X 10_12_3) AppleWebKit/537.36 (KHTML, like Gecko) Chrome/56.0.2924.87 Safari/537.36"
94.72.101.21 - - [02/Nov/2024:19:52:59 +0000] "GET /environments/dev/.env/v2/config.json HTTP/1.1" 404 564 "-" "Mozilla/5.0 (Macintosh; Intel Mac OS X 10_12_3) AppleWebKit/537.36 (KHTML, like Gecko) Chrome/56.0.2924.87 Safari/537.36"
94.72.101.21 - - [02/Nov/2024:19:52:59 +0000] "GET /environments/dev/.env/v2/.env HTTP/1.1" 404 564 "-" "Mozilla/5.0 (Macintosh; Intel Mac OS X 10_12_3) AppleWebKit/537.36 (KHTML, like Gecko) Chrome/56.0.2924.87 Safari/537.36"
94.72.101.21 - - [02/Nov/2024:19:52:59 +0000] "GET /environments/dev/.env/v2/secrets.yaml HTTP/1.1" 404 564 "-" "Mozilla/5.0 (Macintosh; Intel Mac OS X 10_12_3) AppleWebKit/537.36 (KHTML, like Gecko) Chrome/56.0.2924.87 Safari/537.36"
94.72.101.21 - - [02/Nov/2024:19:53:00 +0000] "GET /environments/dev/.env/v2/vars.tf HTTP/1.1" 404 564 "-" "Mozilla/5.0 (Macintosh; Intel Mac OS X 10_12_3) AppleWebKit/537.36 (KHTML, like Gecko) Chrome/56.0.2924.87 Safari/537.36"
94.72.101.21 - - [02/Nov/2024:19:53:00 +0000] "GET /environments/dev/.env/v2/credentials HTTP/1.1" 404 564 "-" "Mozilla/5.0 (Macintosh; Intel Mac OS X 10_12_3) AppleWebKit/537.36 (KHTML, like Gecko) Chrome/56.0.2924.87 Safari/537.36"
94.72.101.21 - - [02/Nov/2024:19:53:00 +0000] "GET /environments/dev/.env/v2/secrets.json HTTP/1.1" 404 564 "-" "Mozilla/5.0 (Macintosh; Intel Mac OS X 10_12_3) AppleWebKit/537.36 (KHTML, like Gecko) Chrome/56.0.2924.87 Safari/537.36"
94.72.101.21 - - [02/Nov/2024:19:53:00 +0000] "GET /environments/dev/.env/v2/keys.pem HTTP/1.1" 404 564 "-" "Mozilla/5.0 (Macintosh; Intel Mac OS X 10_12_3) AppleWebKit/537.36 (KHTML, like Gecko) Chrome/56.0.2924.87 Safari/537.36"
94.72.101.21 - - [02/Nov/2024:19:53:00 +0000] "GET /environments/dev/.env/v2/settings.ini HTTP/1.1" 404 564 "-" "Mozilla/5.0 (Macintosh; Intel Mac OS X 10_12_3) AppleWebKit/537.36 (KHTML, like Gecko) Chrome/56.0.2924.87 Safari/537.36"
94.72.101.21 - - [02/Nov/2024:19:53:01 +0000] "GET /environments/dev/.env/dev/config.json HTTP/1.1" 404 564 "-" "Mozilla/5.0 (Macintosh; Intel Mac OS X 10_12_3) AppleWebKit/537.36 (KHTML, like Gecko) Chrome/56.0.2924.87 Safari/537.36"
94.72.101.21 - - [02/Nov/2024:19:53:01 +0000] "GET /environments/dev/.env/dev/.env HTTP/1.1" 404 564 "-" "Mozilla/5.0 (Macintosh; Intel Mac OS X 10_12_3) AppleWebKit/537.36 (KHTML, like Gecko) Chrome/56.0.2924.87 Safari/537.36"
94.72.101.21 - - [02/Nov/2024:19:53:01 +0000] "GET /environments/dev/.env/dev/secrets.yaml HTTP/1.1" 404 564 "-" "Mozilla/5.0 (Macintosh; Intel Mac OS X 10_12_3) AppleWebKit/537.36 (KHTML, like Gecko) Chrome/56.0.2924.87 Safari/537.36"
94.72.101.21 - - [02/Nov/2024:19:53:02 +0000] "GET /environments/dev/.env/dev/vars.tf HTTP/1.1" 404 564 "-" "Mozilla/5.0 (Macintosh; Intel Mac OS X 10_12_3) AppleWebKit/537.36 (KHTML, like Gecko) Chrome/56.0.2924.87 Safari/537.36"
94.72.101.21 - - [02/Nov/2024:19:53:02 +0000] "GET /environments/dev/.env/dev/credentials HTTP/1.1" 404 564 "-" "Mozilla/5.0 (Macintosh; Intel Mac OS X 10_12_3) AppleWebKit/537.36 (KHTML, like Gecko) Chrome/56.0.2924.87 Safari/537.36"
94.72.101.21 - - [02/Nov/2024:19:53:02 +0000] "GET /environments/dev/.env/dev/secrets.json HTTP/1.1" 404 564 "-" "Mozilla/5.0 (Macintosh; Intel Mac OS X 10_12_3) AppleWebKit/537.36 (KHTML, like Gecko) Chrome/56.0.2924.87 Safari/537.36"
94.72.101.21 - - [02/Nov/2024:19:53:02 +0000] "GET /environments/dev/.env/dev/keys.pem HTTP/1.1" 404 564 "-" "Mozilla/5.0 (Macintosh; Intel Mac OS X 10_12_3) AppleWebKit/537.36 (KHTML, like Gecko) Chrome/56.0.2924.87 Safari/537.36"
94.72.101.21 - - [02/Nov/2024:19:53:03 +0000] "GET /environments/dev/.env/dev/settings.ini HTTP/1.1" 404 564 "-" "Mozilla/5.0 (Macintosh; Intel Mac OS X 10_12_3) AppleWebKit/537.36 (KHTML, like Gecko) Chrome/56.0.2924.87 Safari/537.36"
94.72.101.21 - - [02/Nov/2024:19:53:03 +0000] "GET /environments/dev/.env/prod/config.json HTTP/1.1" 404 564 "-" "Mozilla/5.0 (Macintosh; Intel Mac OS X 10_12_3) AppleWebKit/537.36 (KHTML, like Gecko) Chrome/56.0.2924.87 Safari/537.36"
94.72.101.21 - - [02/Nov/2024:19:53:03 +0000] "GET /environments/dev/.env/prod/.env HTTP/1.1" 404 564 "-" "Mozilla/5.0 (Macintosh; Intel Mac OS X 10_12_3) AppleWebKit/537.36 (KHTML, like Gecko) Chrome/56.0.2924.87 Safari/537.36"
94.72.101.21 - - [02/Nov/2024:19:53:03 +0000] "GET /environments/dev/.env/prod/secrets.yaml HTTP/1.1" 404 564 "-" "Mozilla/5.0 (Macintosh; Intel Mac OS X 10_12_3) AppleWebKit/537.36 (KHTML, like Gecko) Chrome/56.0.2924.87 Safari/537.36"
94.72.101.21 - - [02/Nov/2024:19:53:03 +0000] "GET /environments/dev/.env/prod/vars.tf HTTP/1.1" 404 564 "-" "Mozilla/5.0 (Macintosh; Intel Mac OS X 10_12_3) AppleWebKit/537.36 (KHTML, like Gecko) Chrome/56.0.2924.87 Safari/537.36"
94.72.101.21 - - [02/Nov/2024:19:53:03 +0000] "GET /environments/dev/.env/prod/credentials HTTP/1.1" 404 564 "-" "Mozilla/5.0 (Macintosh; Intel Mac OS X 10_12_3) AppleWebKit/537.36 (KHTML, like Gecko) Chrome/56.0.2924.87 Safari/537.36"
94.72.101.21 - - [02/Nov/2024:19:53:04 +0000] "GET /environments/dev/.env/prod/secrets.json HTTP/1.1" 404 564 "-" "Mozilla/5.0 (Macintosh; Intel Mac OS X 10_12_3) AppleWebKit/537.36 (KHTML, like Gecko) Chrome/56.0.2924.87 Safari/537.36"
94.72.101.21 - - [02/Nov/2024:19:53:04 +0000] "GET /environments/dev/.env/prod/keys.pem HTTP/1.1" 404 564 "-" "Mozilla/5.0 (Macintosh; Intel Mac OS X 10_12_3) AppleWebKit/537.36 (KHTML, like Gecko) Chrome/56.0.2924.87 Safari/537.36"
94.72.101.21 - - [02/Nov/2024:19:53:04 +0000] "GET /environments/dev/.env/prod/settings.ini HTTP/1.1" 404 564 "-" "Mozilla/5.0 (Macintosh; Intel Mac OS X 10_12_3) AppleWebKit/537.36 (KHTML, like Gecko) Chrome/56.0.2924.87 Safari/537.36"
94.72.101.21 - - [02/Nov/2024:19:53:04 +0000] "GET /environments/dev/.env/staging/config.json HTTP/1.1" 404 564 "-" "Mozilla/5.0 (Macintosh; Intel Mac OS X 10_12_3) AppleWebKit/537.36 (KHTML, like Gecko) Chrome/56.0.2924.87 Safari/537.36"
94.72.101.21 - - [02/Nov/2024:19:53:05 +0000] "GET /environments/dev/.env/staging/.env HTTP/1.1" 404 564 "-" "Mozilla/5.0 (Macintosh; Intel Mac OS X 10_12_3) AppleWebKit/537.36 (KHTML, like Gecko) Chrome/56.0.2924.87 Safari/537.36"
94.72.101.21 - - [02/Nov/2024:19:53:05 +0000] "GET /environments/dev/.env/staging/secrets.yaml HTTP/1.1" 404 564 "-" "Mozilla/5.0 (Macintosh; Intel Mac OS X 10_12_3) AppleWebKit/537.36 (KHTML, like Gecko) Chrome/56.0.2924.87 Safari/537.36"
94.72.101.21 - - [02/Nov/2024:19:53:05 +0000] "GET /environments/dev/.env/staging/vars.tf HTTP/1.1" 404 564 "-" "Mozilla/5.0 (Macintosh; Intel Mac OS X 10_12_3) AppleWebKit/537.36 (KHTML, like Gecko) Chrome/56.0.2924.87 Safari/537.36"
94.72.101.21 - - [02/Nov/2024:19:53:06 +0000] "GET /environments/dev/.env/staging/credentials HTTP/1.1" 404 564 "-" "Mozilla/5.0 (Macintosh; Intel Mac OS X 10_12_3) AppleWebKit/537.36 (KHTML, like Gecko) Chrome/56.0.2924.87 Safari/537.36"
94.72.101.21 - - [02/Nov/2024:19:53:06 +0000] "GET /environments/dev/.env/staging/secrets.json HTTP/1.1" 404 564 "-" "Mozilla/5.0 (Macintosh; Intel Mac OS X 10_12_3) AppleWebKit/537.36 (KHTML, like Gecko) Chrome/56.0.2924.87 Safari/537.36"
94.72.101.21 - - [02/Nov/2024:19:53:07 +0000] "GET /environments/dev/.env/staging/keys.pem HTTP/1.1" 404 564 "-" "Mozilla/5.0 (Macintosh; Intel Mac OS X 10_12_3) AppleWebKit/537.36 (KHTML, like Gecko) Chrome/56.0.2924.87 Safari/537.36"
94.72.101.21 - - [02/Nov/2024:19:53:07 +0000] "GET /environments/dev/.env/staging/settings.ini HTTP/1.1" 404 564 "-" "Mozilla/5.0 (Macintosh; Intel Mac OS X 10_12_3) AppleWebKit/537.36 (KHTML, like Gecko) Chrome/56.0.2924.87 Safari/537.36"
94.72.101.21 - - [02/Nov/2024:19:53:07 +0000] "GET /environments/dev/.env/src/config.json HTTP/1.1" 404 564 "-" "Mozilla/5.0 (Macintosh; Intel Mac OS X 10_12_3) AppleWebKit/537.36 (KHTML, like Gecko) Chrome/56.0.2924.87 Safari/537.36"
94.72.101.21 - - [02/Nov/2024:19:53:07 +0000] "GET /environments/dev/.env/src/.env HTTP/1.1" 404 564 "-" "Mozilla/5.0 (Macintosh; Intel Mac OS X 10_12_3) AppleWebKit/537.36 (KHTML, like Gecko) Chrome/56.0.2924.87 Safari/537.36"
94.72.101.21 - - [02/Nov/2024:19:53:08 +0000] "GET /environments/dev/.env/src/secrets.yaml HTTP/1.1" 404 564 "-" "Mozilla/5.0 (Macintosh; Intel Mac OS X 10_12_3) AppleWebKit/537.36 (KHTML, like Gecko) Chrome/56.0.2924.87 Safari/537.36"
94.72.101.21 - - [02/Nov/2024:19:53:08 +0000] "GET /environments/dev/.env/src/vars.tf HTTP/1.1" 404 564 "-" "Mozilla/5.0 (Macintosh; Intel Mac OS X 10_12_3) AppleWebKit/537.36 (KHTML, like Gecko) Chrome/56.0.2924.87 Safari/537.36"
94.72.101.21 - - [02/Nov/2024:19:53:08 +0000] "GET /environments/dev/.env/src/credentials HTTP/1.1" 404 564 "-" "Mozilla/5.0 (Macintosh; Intel Mac OS X 10_12_3) AppleWebKit/537.36 (KHTML, like Gecko) Chrome/56.0.2924.87 Safari/537.36"
94.72.101.21 - - [02/Nov/2024:19:53:09 +0000] "GET /environments/dev/.env/src/secrets.json HTTP/1.1" 404 564 "-" "Mozilla/5.0 (Macintosh; Intel Mac OS X 10_12_3) AppleWebKit/537.36 (KHTML, like Gecko) Chrome/56.0.2924.87 Safari/537.36"
94.72.101.21 - - [02/Nov/2024:19:53:09 +0000] "GET /environments/dev/.env/src/keys.pem HTTP/1.1" 404 564 "-" "Mozilla/5.0 (Macintosh; Intel Mac OS X 10_12_3) AppleWebKit/537.36 (KHTML, like Gecko) Chrome/56.0.2924.87 Safari/537.36"
94.72.101.21 - - [02/Nov/2024:19:53:09 +0000] "GET /environments/dev/.env/src/settings.ini HTTP/1.1" 404 564 "-" "Mozilla/5.0 (Macintosh; Intel Mac OS X 10_12_3) AppleWebKit/537.36 (KHTML, like Gecko) Chrome/56.0.2924.87 Safari/537.36"
94.72.101.21 - - [02/Nov/2024:19:53:09 +0000] "GET /environments/dev/.env/dist/config.json HTTP/1.1" 404 564 "-" "Mozilla/5.0 (Macintosh; Intel Mac OS X 10_12_3) AppleWebKit/537.36 (KHTML, like Gecko) Chrome/56.0.2924.87 Safari/537.36"
94.72.101.21 - - [02/Nov/2024:19:53:09 +0000] "GET /environments/dev/.env/dist/.env HTTP/1.1" 404 564 "-" "Mozilla/5.0 (Macintosh; Intel Mac OS X 10_12_3) AppleWebKit/537.36 (KHTML, like Gecko) Chrome/56.0.2924.87 Safari/537.36"
94.72.101.21 - - [02/Nov/2024:19:53:10 +0000] "GET /environments/dev/.env/dist/secrets.yaml HTTP/1.1" 404 564 "-" "Mozilla/5.0 (Macintosh; Intel Mac OS X 10_12_3) AppleWebKit/537.36 (KHTML, like Gecko) Chrome/56.0.2924.87 Safari/537.36"
94.72.101.21 - - [02/Nov/2024:19:53:10 +0000] "GET /environments/dev/.env/dist/vars.tf HTTP/1.1" 404 564 "-" "Mozilla/5.0 (Macintosh; Intel Mac OS X 10_12_3) AppleWebKit/537.36 (KHTML, like Gecko) Chrome/56.0.2924.87 Safari/537.36"
94.72.101.21 - - [02/Nov/2024:19:53:10 +0000] "GET /environments/dev/.env/dist/credentials HTTP/1.1" 404 564 "-" "Mozilla/5.0 (Macintosh; Intel Mac OS X 10_12_3) AppleWebKit/537.36 (KHTML, like Gecko) Chrome/56.0.2924.87 Safari/537.36"
94.72.101.21 - - [02/Nov/2024:19:53:10 +0000] "GET /environments/dev/.env/dist/secrets.json HTTP/1.1" 404 564 "-" "Mozilla/5.0 (Macintosh; Intel Mac OS X 10_12_3) AppleWebKit/537.36 (KHTML, like Gecko) Chrome/56.0.2924.87 Safari/537.36"
94.72.101.21 - - [02/Nov/2024:19:53:10 +0000] "GET /environments/dev/.env/dist/keys.pem HTTP/1.1" 404 564 "-" "Mozilla/5.0 (Macintosh; Intel Mac OS X 10_12_3) AppleWebKit/537.36 (KHTML, like Gecko) Chrome/56.0.2924.87 Safari/537.36"
94.72.101.21 - - [02/Nov/2024:19:53:10 +0000] "GET /environments/dev/.env/dist/settings.ini HTTP/1.1" 404 564 "-" "Mozilla/5.0 (Macintosh; Intel Mac OS X 10_12_3) AppleWebKit/537.36 (KHTML, like Gecko) Chrome/56.0.2924.87 Safari/537.36"
94.72.101.21 - - [02/Nov/2024:19:53:11 +0000] "GET /environments/dev/.env/config/config.json HTTP/1.1" 404 564 "-" "Mozilla/5.0 (Macintosh; Intel Mac OS X 10_12_3) AppleWebKit/537.36 (KHTML, like Gecko) Chrome/56.0.2924.87 Safari/537.36"
94.72.101.21 - - [02/Nov/2024:19:53:11 +0000] "GET /environments/dev/.env/config/.env HTTP/1.1" 404 564 "-" "Mozilla/5.0 (Macintosh; Intel Mac OS X 10_12_3) AppleWebKit/537.36 (KHTML, like Gecko) Chrome/56.0.2924.87 Safari/537.36"
94.72.101.21 - - [02/Nov/2024:19:53:11 +0000] "GET /environments/dev/.env/config/secrets.yaml HTTP/1.1" 404 564 "-" "Mozilla/5.0 (Macintosh; Intel Mac OS X 10_12_3) AppleWebKit/537.36 (KHTML, like Gecko) Chrome/56.0.2924.87 Safari/537.36"
94.72.101.21 - - [02/Nov/2024:19:53:12 +0000] "GET /environments/dev/.env/config/vars.tf HTTP/1.1" 404 564 "-" "Mozilla/5.0 (Macintosh; Intel Mac OS X 10_12_3) AppleWebKit/537.36 (KHTML, like Gecko) Chrome/56.0.2924.87 Safari/537.36"
94.72.101.21 - - [02/Nov/2024:19:53:12 +0000] "GET /environments/dev/.env/config/credentials HTTP/1.1" 404 564 "-" "Mozilla/5.0 (Macintosh; Intel Mac OS X 10_12_3) AppleWebKit/537.36 (KHTML, like Gecko) Chrome/56.0.2924.87 Safari/537.36"
94.72.101.21 - - [02/Nov/2024:19:53:12 +0000] "GET /environments/dev/.env/config/secrets.json HTTP/1.1" 404 564 "-" "Mozilla/5.0 (Macintosh; Intel Mac OS X 10_12_3) AppleWebKit/537.36 (KHTML, like Gecko) Chrome/56.0.2924.87 Safari/537.36"
94.72.101.21 - - [02/Nov/2024:19:53:12 +0000] "GET /environments/dev/.env/config/keys.pem HTTP/1.1" 404 564 "-" "Mozilla/5.0 (Macintosh; Intel Mac OS X 10_12_3) AppleWebKit/537.36 (KHTML, like Gecko) Chrome/56.0.2924.87 Safari/537.36"
94.72.101.21 - - [02/Nov/2024:19:53:13 +0000] "GET /environments/dev/.env/config/settings.ini HTTP/1.1" 404 564 "-" "Mozilla/5.0 (Macintosh; Intel Mac OS X 10_12_3) AppleWebKit/537.36 (KHTML, like Gecko) Chrome/56.0.2924.87 Safari/537.36"
94.72.101.21 - - [02/Nov/2024:19:53:13 +0000] "GET /environments/dev/.env/backups/config.json HTTP/1.1" 404 564 "-" "Mozilla/5.0 (Macintosh; Intel Mac OS X 10_12_3) AppleWebKit/537.36 (KHTML, like Gecko) Chrome/56.0.2924.87 Safari/537.36"
94.72.101.21 - - [02/Nov/2024:19:53:13 +0000] "GET /environments/dev/.env/backups/.env HTTP/1.1" 404 564 "-" "Mozilla/5.0 (Macintosh; Intel Mac OS X 10_12_3) AppleWebKit/537.36 (KHTML, like Gecko) Chrome/56.0.2924.87 Safari/537.36"
94.72.101.21 - - [02/Nov/2024:19:53:14 +0000] "GET /environments/dev/.env/backups/secrets.yaml HTTP/1.1" 404 564 "-" "Mozilla/5.0 (Macintosh; Intel Mac OS X 10_12_3) AppleWebKit/537.36 (KHTML, like Gecko) Chrome/56.0.2924.87 Safari/537.36"
94.72.101.21 - - [02/Nov/2024:19:53:14 +0000] "GET /environments/dev/.env/backups/vars.tf HTTP/1.1" 404 564 "-" "Mozilla/5.0 (Macintosh; Intel Mac OS X 10_12_3) AppleWebKit/537.36 (KHTML, like Gecko) Chrome/56.0.2924.87 Safari/537.36"
94.72.101.21 - - [02/Nov/2024:19:53:14 +0000] "GET /environments/dev/.env/backups/credentials HTTP/1.1" 404 564 "-" "Mozilla/5.0 (Macintosh; Intel Mac OS X 10_12_3) AppleWebKit/537.36 (KHTML, like Gecko) Chrome/56.0.2924.87 Safari/537.36"
94.72.101.21 - - [02/Nov/2024:19:53:14 +0000] "GET /environments/dev/.env/backups/secrets.json HTTP/1.1" 404 564 "-" "Mozilla/5.0 (Macintosh; Intel Mac OS X 10_12_3) AppleWebKit/537.36 (KHTML, like Gecko) Chrome/56.0.2924.87 Safari/537.36"
94.72.101.21 - - [02/Nov/2024:19:53:15 +0000] "GET /environments/dev/.env/backups/keys.pem HTTP/1.1" 404 564 "-" "Mozilla/5.0 (Macintosh; Intel Mac OS X 10_12_3) AppleWebKit/537.36 (KHTML, like Gecko) Chrome/56.0.2924.87 Safari/537.36"
94.72.101.21 - - [02/Nov/2024:19:53:15 +0000] "GET /environments/dev/.env/backups/settings.ini HTTP/1.1" 404 564 "-" "Mozilla/5.0 (Macintosh; Intel Mac OS X 10_12_3) AppleWebKit/537.36 (KHTML, like Gecko) Chrome/56.0.2924.87 Safari/537.36"
94.72.101.21 - - [02/Nov/2024:19:53:15 +0000] "GET /environments/dev/.env/data/config.json HTTP/1.1" 404 564 "-" "Mozilla/5.0 (Macintosh; Intel Mac OS X 10_12_3) AppleWebKit/537.36 (KHTML, like Gecko) Chrome/56.0.2924.87 Safari/537.36"
94.72.101.21 - - [02/Nov/2024:19:53:15 +0000] "GET /environments/dev/.env/data/.env HTTP/1.1" 404 564 "-" "Mozilla/5.0 (Macintosh; Intel Mac OS X 10_12_3) AppleWebKit/537.36 (KHTML, like Gecko) Chrome/56.0.2924.87 Safari/537.36"
94.72.101.21 - - [02/Nov/2024:19:53:16 +0000] "GET /environments/dev/.env/data/secrets.yaml HTTP/1.1" 404 564 "-" "Mozilla/5.0 (Macintosh; Intel Mac OS X 10_12_3) AppleWebKit/537.36 (KHTML, like Gecko) Chrome/56.0.2924.87 Safari/537.36"
94.72.101.21 - - [02/Nov/2024:19:53:16 +0000] "GET /environments/dev/.env/data/vars.tf HTTP/1.1" 404 564 "-" "Mozilla/5.0 (Macintosh; Intel Mac OS X 10_12_3) AppleWebKit/537.36 (KHTML, like Gecko) Chrome/56.0.2924.87 Safari/537.36"
94.72.101.21 - - [02/Nov/2024:19:53:16 +0000] "GET /environments/dev/.env/data/credentials HTTP/1.1" 404 564 "-" "Mozilla/5.0 (Macintosh; Intel Mac OS X 10_12_3) AppleWebKit/537.36 (KHTML, like Gecko) Chrome/56.0.2924.87 Safari/537.36"
94.72.101.21 - - [02/Nov/2024:19:53:16 +0000] "GET /environments/dev/.env/data/secrets.json HTTP/1.1" 404 564 "-" "Mozilla/5.0 (Macintosh; Intel Mac OS X 10_12_3) AppleWebKit/537.36 (KHTML, like Gecko) Chrome/56.0.2924.87 Safari/537.36"
94.72.101.21 - - [02/Nov/2024:19:53:17 +0000] "GET /environments/dev/.env/data/keys.pem HTTP/1.1" 404 564 "-" "Mozilla/5.0 (Macintosh; Intel Mac OS X 10_12_3) AppleWebKit/537.36 (KHTML, like Gecko) Chrome/56.0.2924.87 Safari/537.36"
94.72.101.21 - - [02/Nov/2024:19:53:17 +0000] "GET /environments/dev/.env/data/settings.ini HTTP/1.1" 404 564 "-" "Mozilla/5.0 (Macintosh; Intel Mac OS X 10_12_3) AppleWebKit/537.36 (KHTML, like Gecko) Chrome/56.0.2924.87 Safari/537.36"
94.72.101.21 - - [02/Nov/2024:19:53:17 +0000] "GET /environments/prod/.env/v1/config.json HTTP/1.1" 404 564 "-" "Mozilla/5.0 (Macintosh; Intel Mac OS X 10_12_3) AppleWebKit/537.36 (KHTML, like Gecko) Chrome/56.0.2924.87 Safari/537.36"
94.72.101.21 - - [02/Nov/2024:19:53:18 +0000] "GET /environments/prod/.env/v1/.env HTTP/1.1" 404 564 "-" "Mozilla/5.0 (Macintosh; Intel Mac OS X 10_12_3) AppleWebKit/537.36 (KHTML, like Gecko) Chrome/56.0.2924.87 Safari/537.36"
94.72.101.21 - - [02/Nov/2024:19:53:18 +0000] "GET /environments/prod/.env/v1/secrets.yaml HTTP/1.1" 404 564 "-" "Mozilla/5.0 (Macintosh; Intel Mac OS X 10_12_3) AppleWebKit/537.36 (KHTML, like Gecko) Chrome/56.0.2924.87 Safari/537.36"
94.72.101.21 - - [02/Nov/2024:19:53:18 +0000] "GET /environments/prod/.env/v1/vars.tf HTTP/1.1" 404 564 "-" "Mozilla/5.0 (Macintosh; Intel Mac OS X 10_12_3) AppleWebKit/537.36 (KHTML, like Gecko) Chrome/56.0.2924.87 Safari/537.36"
94.72.101.21 - - [02/Nov/2024:19:53:18 +0000] "GET /environments/prod/.env/v1/credentials HTTP/1.1" 404 564 "-" "Mozilla/5.0 (Macintosh; Intel Mac OS X 10_12_3) AppleWebKit/537.36 (KHTML, like Gecko) Chrome/56.0.2924.87 Safari/537.36"
94.72.101.21 - - [02/Nov/2024:19:53:18 +0000] "GET /environments/prod/.env/v1/secrets.json HTTP/1.1" 404 564 "-" "Mozilla/5.0 (Macintosh; Intel Mac OS X 10_12_3) AppleWebKit/537.36 (KHTML, like Gecko) Chrome/56.0.2924.87 Safari/537.36"
94.72.101.21 - - [02/Nov/2024:19:53:18 +0000] "GET /environments/prod/.env/v1/keys.pem HTTP/1.1" 404 564 "-" "Mozilla/5.0 (Macintosh; Intel Mac OS X 10_12_3) AppleWebKit/537.36 (KHTML, like Gecko) Chrome/56.0.2924.87 Safari/537.36"
94.72.101.21 - - [02/Nov/2024:19:53:19 +0000] "GET /environments/prod/.env/v1/settings.ini HTTP/1.1" 404 564 "-" "Mozilla/5.0 (Macintosh; Intel Mac OS X 10_12_3) AppleWebKit/537.36 (KHTML, like Gecko) Chrome/56.0.2924.87 Safari/537.36"
94.72.101.21 - - [02/Nov/2024:19:53:19 +0000] "GET /environments/prod/.env/v2/config.json HTTP/1.1" 404 564 "-" "Mozilla/5.0 (Macintosh; Intel Mac OS X 10_12_3) AppleWebKit/537.36 (KHTML, like Gecko) Chrome/56.0.2924.87 Safari/537.36"
94.72.101.21 - - [02/Nov/2024:19:53:19 +0000] "GET /environments/prod/.env/v2/.env HTTP/1.1" 404 564 "-" "Mozilla/5.0 (Macintosh; Intel Mac OS X 10_12_3) AppleWebKit/537.36 (KHTML, like Gecko) Chrome/56.0.2924.87 Safari/537.36"
94.72.101.21 - - [02/Nov/2024:19:53:19 +0000] "GET /environments/prod/.env/v2/secrets.yaml HTTP/1.1" 404 564 "-" "Mozilla/5.0 (Macintosh; Intel Mac OS X 10_12_3) AppleWebKit/537.36 (KHTML, like Gecko) Chrome/56.0.2924.87 Safari/537.36"
94.72.101.21 - - [02/Nov/2024:19:53:20 +0000] "GET /environments/prod/.env/v2/vars.tf HTTP/1.1" 404 564 "-" "Mozilla/5.0 (Macintosh; Intel Mac OS X 10_12_3) AppleWebKit/537.36 (KHTML, like Gecko) Chrome/56.0.2924.87 Safari/537.36"
94.72.101.21 - - [02/Nov/2024:19:53:20 +0000] "GET /environments/prod/.env/v2/credentials HTTP/1.1" 404 564 "-" "Mozilla/5.0 (Macintosh; Intel Mac OS X 10_12_3) AppleWebKit/537.36 (KHTML, like Gecko) Chrome/56.0.2924.87 Safari/537.36"
94.72.101.21 - - [02/Nov/2024:19:53:20 +0000] "GET /environments/prod/.env/v2/secrets.json HTTP/1.1" 404 564 "-" "Mozilla/5.0 (Macintosh; Intel Mac OS X 10_12_3) AppleWebKit/537.36 (KHTML, like Gecko) Chrome/56.0.2924.87 Safari/537.36"
94.72.101.21 - - [02/Nov/2024:19:53:21 +0000] "GET /environments/prod/.env/v2/keys.pem HTTP/1.1" 404 564 "-" "Mozilla/5.0 (Macintosh; Intel Mac OS X 10_12_3) AppleWebKit/537.36 (KHTML, like Gecko) Chrome/56.0.2924.87 Safari/537.36"
94.72.101.21 - - [02/Nov/2024:19:53:21 +0000] "GET /environments/prod/.env/v2/settings.ini HTTP/1.1" 404 564 "-" "Mozilla/5.0 (Macintosh; Intel Mac OS X 10_12_3) AppleWebKit/537.36 (KHTML, like Gecko) Chrome/56.0.2924.87 Safari/537.36"
94.72.101.21 - - [02/Nov/2024:19:53:22 +0000] "GET /environments/prod/.env/dev/config.json HTTP/1.1" 404 564 "-" "Mozilla/5.0 (Macintosh; Intel Mac OS X 10_12_3) AppleWebKit/537.36 (KHTML, like Gecko) Chrome/56.0.2924.87 Safari/537.36"
94.72.101.21 - - [02/Nov/2024:19:53:22 +0000] "GET /environments/prod/.env/dev/.env HTTP/1.1" 404 564 "-" "Mozilla/5.0 (Macintosh; Intel Mac OS X 10_12_3) AppleWebKit/537.36 (KHTML, like Gecko) Chrome/56.0.2924.87 Safari/537.36"
94.72.101.21 - - [02/Nov/2024:19:53:22 +0000] "GET /environments/prod/.env/dev/secrets.yaml HTTP/1.1" 404 564 "-" "Mozilla/5.0 (Macintosh; Intel Mac OS X 10_12_3) AppleWebKit/537.36 (KHTML, like Gecko) Chrome/56.0.2924.87 Safari/537.36"
94.72.101.21 - - [02/Nov/2024:19:53:22 +0000] "GET /environments/prod/.env/dev/vars.tf HTTP/1.1" 404 564 "-" "Mozilla/5.0 (Macintosh; Intel Mac OS X 10_12_3) AppleWebKit/537.36 (KHTML, like Gecko) Chrome/56.0.2924.87 Safari/537.36"
94.72.101.21 - - [02/Nov/2024:19:53:23 +0000] "GET /environments/prod/.env/dev/credentials HTTP/1.1" 404 564 "-" "Mozilla/5.0 (Macintosh; Intel Mac OS X 10_12_3) AppleWebKit/537.36 (KHTML, like Gecko) Chrome/56.0.2924.87 Safari/537.36"
94.72.101.21 - - [02/Nov/2024:19:53:23 +0000] "GET /environments/prod/.env/dev/secrets.json HTTP/1.1" 404 564 "-" "Mozilla/5.0 (Macintosh; Intel Mac OS X 10_12_3) AppleWebKit/537.36 (KHTML, like Gecko) Chrome/56.0.2924.87 Safari/537.36"
94.72.101.21 - - [02/Nov/2024:19:53:23 +0000] "GET /environments/prod/.env/dev/keys.pem HTTP/1.1" 404 564 "-" "Mozilla/5.0 (Macintosh; Intel Mac OS X 10_12_3) AppleWebKit/537.36 (KHTML, like Gecko) Chrome/56.0.2924.87 Safari/537.36"
94.72.101.21 - - [02/Nov/2024:19:53:23 +0000] "GET /environments/prod/.env/dev/settings.ini HTTP/1.1" 404 564 "-" "Mozilla/5.0 (Macintosh; Intel Mac OS X 10_12_3) AppleWebKit/537.36 (KHTML, like Gecko) Chrome/56.0.2924.87 Safari/537.36"
94.72.101.21 - - [02/Nov/2024:19:53:24 +0000] "GET /environments/prod/.env/prod/config.json HTTP/1.1" 404 564 "-" "Mozilla/5.0 (Macintosh; Intel Mac OS X 10_12_3) AppleWebKit/537.36 (KHTML, like Gecko) Chrome/56.0.2924.87 Safari/537.36"
94.72.101.21 - - [02/Nov/2024:19:53:24 +0000] "GET /environments/prod/.env/prod/.env HTTP/1.1" 404 564 "-" "Mozilla/5.0 (Macintosh; Intel Mac OS X 10_12_3) AppleWebKit/537.36 (KHTML, like Gecko) Chrome/56.0.2924.87 Safari/537.36"
94.72.101.21 - - [02/Nov/2024:19:53:24 +0000] "GET /environments/prod/.env/prod/secrets.yaml HTTP/1.1" 404 564 "-" "Mozilla/5.0 (Macintosh; Intel Mac OS X 10_12_3) AppleWebKit/537.36 (KHTML, like Gecko) Chrome/56.0.2924.87 Safari/537.36"
94.72.101.21 - - [02/Nov/2024:19:53:24 +0000] "GET /environments/prod/.env/prod/vars.tf HTTP/1.1" 404 564 "-" "Mozilla/5.0 (Macintosh; Intel Mac OS X 10_12_3) AppleWebKit/537.36 (KHTML, like Gecko) Chrome/56.0.2924.87 Safari/537.36"
94.72.101.21 - - [02/Nov/2024:19:53:24 +0000] "GET /environments/prod/.env/prod/credentials HTTP/1.1" 404 564 "-" "Mozilla/5.0 (Macintosh; Intel Mac OS X 10_12_3) AppleWebKit/537.36 (KHTML, like Gecko) Chrome/56.0.2924.87 Safari/537.36"
94.72.101.21 - - [02/Nov/2024:19:53:24 +0000] "GET /environments/prod/.env/prod/secrets.json HTTP/1.1" 404 564 "-" "Mozilla/5.0 (Macintosh; Intel Mac OS X 10_12_3) AppleWebKit/537.36 (KHTML, like Gecko) Chrome/56.0.2924.87 Safari/537.36"
94.72.101.21 - - [02/Nov/2024:19:53:25 +0000] "GET /environments/prod/.env/prod/keys.pem HTTP/1.1" 404 564 "-" "Mozilla/5.0 (Macintosh; Intel Mac OS X 10_12_3) AppleWebKit/537.36 (KHTML, like Gecko) Chrome/56.0.2924.87 Safari/537.36"
94.72.101.21 - - [02/Nov/2024:19:53:25 +0000] "GET /environments/prod/.env/prod/settings.ini HTTP/1.1" 404 564 "-" "Mozilla/5.0 (Macintosh; Intel Mac OS X 10_12_3) AppleWebKit/537.36 (KHTML, like Gecko) Chrome/56.0.2924.87 Safari/537.36"
94.72.101.21 - - [02/Nov/2024:19:53:25 +0000] "GET /environments/prod/.env/staging/config.json HTTP/1.1" 404 564 "-" "Mozilla/5.0 (Macintosh; Intel Mac OS X 10_12_3) AppleWebKit/537.36 (KHTML, like Gecko) Chrome/56.0.2924.87 Safari/537.36"
94.72.101.21 - - [02/Nov/2024:19:53:25 +0000] "GET /environments/prod/.env/staging/.env HTTP/1.1" 404 564 "-" "Mozilla/5.0 (Macintosh; Intel Mac OS X 10_12_3) AppleWebKit/537.36 (KHTML, like Gecko) Chrome/56.0.2924.87 Safari/537.36"
94.72.101.21 - - [02/Nov/2024:19:53:25 +0000] "GET /environments/prod/.env/staging/secrets.yaml HTTP/1.1" 404 564 "-" "Mozilla/5.0 (Macintosh; Intel Mac OS X 10_12_3) AppleWebKit/537.36 (KHTML, like Gecko) Chrome/56.0.2924.87 Safari/537.36"
94.72.101.21 - - [02/Nov/2024:19:53:26 +0000] "GET /environments/prod/.env/staging/vars.tf HTTP/1.1" 404 564 "-" "Mozilla/5.0 (Macintosh; Intel Mac OS X 10_12_3) AppleWebKit/537.36 (KHTML, like Gecko) Chrome/56.0.2924.87 Safari/537.36"
94.72.101.21 - - [02/Nov/2024:19:53:27 +0000] "GET /environments/prod/.env/staging/credentials HTTP/1.1" 404 564 "-" "Mozilla/5.0 (Macintosh; Intel Mac OS X 10_12_3) AppleWebKit/537.36 (KHTML, like Gecko) Chrome/56.0.2924.87 Safari/537.36"
94.72.101.21 - - [02/Nov/2024:19:53:27 +0000] "GET /environments/prod/.env/staging/secrets.json HTTP/1.1" 404 564 "-" "Mozilla/5.0 (Macintosh; Intel Mac OS X 10_12_3) AppleWebKit/537.36 (KHTML, like Gecko) Chrome/56.0.2924.87 Safari/537.36"
94.72.101.21 - - [02/Nov/2024:19:53:27 +0000] "GET /environments/prod/.env/staging/keys.pem HTTP/1.1" 404 564 "-" "Mozilla/5.0 (Macintosh; Intel Mac OS X 10_12_3) AppleWebKit/537.36 (KHTML, like Gecko) Chrome/56.0.2924.87 Safari/537.36"
94.72.101.21 - - [02/Nov/2024:19:53:27 +0000] "GET /environments/prod/.env/staging/settings.ini HTTP/1.1" 404 564 "-" "Mozilla/5.0 (Macintosh; Intel Mac OS X 10_12_3) AppleWebKit/537.36 (KHTML, like Gecko) Chrome/56.0.2924.87 Safari/537.36"
94.72.101.21 - - [02/Nov/2024:19:53:28 +0000] "GET /environments/prod/.env/src/config.json HTTP/1.1" 404 564 "-" "Mozilla/5.0 (Macintosh; Intel Mac OS X 10_12_3) AppleWebKit/537.36 (KHTML, like Gecko) Chrome/56.0.2924.87 Safari/537.36"
94.72.101.21 - - [02/Nov/2024:19:53:28 +0000] "GET /environments/prod/.env/src/.env HTTP/1.1" 404 564 "-" "Mozilla/5.0 (Macintosh; Intel Mac OS X 10_12_3) AppleWebKit/537.36 (KHTML, like Gecko) Chrome/56.0.2924.87 Safari/537.36"
94.72.101.21 - - [02/Nov/2024:19:53:28 +0000] "GET /environments/prod/.env/src/secrets.yaml HTTP/1.1" 404 564 "-" "Mozilla/5.0 (Macintosh; Intel Mac OS X 10_12_3) AppleWebKit/537.36 (KHTML, like Gecko) Chrome/56.0.2924.87 Safari/537.36"
94.72.101.21 - - [02/Nov/2024:19:53:28 +0000] "GET /environments/prod/.env/src/vars.tf HTTP/1.1" 404 564 "-" "Mozilla/5.0 (Macintosh; Intel Mac OS X 10_12_3) AppleWebKit/537.36 (KHTML, like Gecko) Chrome/56.0.2924.87 Safari/537.36"
94.72.101.21 - - [02/Nov/2024:19:53:28 +0000] "GET /environments/prod/.env/src/credentials HTTP/1.1" 404 564 "-" "Mozilla/5.0 (Macintosh; Intel Mac OS X 10_12_3) AppleWebKit/537.36 (KHTML, like Gecko) Chrome/56.0.2924.87 Safari/537.36"
94.72.101.21 - - [02/Nov/2024:19:53:28 +0000] "GET /environments/prod/.env/src/secrets.json HTTP/1.1" 404 564 "-" "Mozilla/5.0 (Macintosh; Intel Mac OS X 10_12_3) AppleWebKit/537.36 (KHTML, like Gecko) Chrome/56.0.2924.87 Safari/537.36"
94.72.101.21 - - [02/Nov/2024:19:53:29 +0000] "GET /environments/prod/.env/src/keys.pem HTTP/1.1" 404 564 "-" "Mozilla/5.0 (Macintosh; Intel Mac OS X 10_12_3) AppleWebKit/537.36 (KHTML, like Gecko) Chrome/56.0.2924.87 Safari/537.36"
94.72.101.21 - - [02/Nov/2024:19:53:29 +0000] "GET /environments/prod/.env/src/settings.ini HTTP/1.1" 404 564 "-" "Mozilla/5.0 (Macintosh; Intel Mac OS X 10_12_3) AppleWebKit/537.36 (KHTML, like Gecko) Chrome/56.0.2924.87 Safari/537.36"
94.72.101.21 - - [02/Nov/2024:19:53:29 +0000] "GET /environments/prod/.env/dist/config.json HTTP/1.1" 404 564 "-" "Mozilla/5.0 (Macintosh; Intel Mac OS X 10_12_3) AppleWebKit/537.36 (KHTML, like Gecko) Chrome/56.0.2924.87 Safari/537.36"
94.72.101.21 - - [02/Nov/2024:19:53:29 +0000] "GET /environments/prod/.env/dist/.env HTTP/1.1" 404 564 "-" "Mozilla/5.0 (Macintosh; Intel Mac OS X 10_12_3) AppleWebKit/537.36 (KHTML, like Gecko) Chrome/56.0.2924.87 Safari/537.36"
94.72.101.21 - - [02/Nov/2024:19:53:30 +0000] "GET /environments/prod/.env/dist/secrets.yaml HTTP/1.1" 404 564 "-" "Mozilla/5.0 (Macintosh; Intel Mac OS X 10_12_3) AppleWebKit/537.36 (KHTML, like Gecko) Chrome/56.0.2924.87 Safari/537.36"
94.72.101.21 - - [02/Nov/2024:19:53:30 +0000] "GET /environments/prod/.env/dist/vars.tf HTTP/1.1" 404 564 "-" "Mozilla/5.0 (Macintosh; Intel Mac OS X 10_12_3) AppleWebKit/537.36 (KHTML, like Gecko) Chrome/56.0.2924.87 Safari/537.36"
94.72.101.21 - - [02/Nov/2024:19:53:30 +0000] "GET /environments/prod/.env/dist/credentials HTTP/1.1" 404 564 "-" "Mozilla/5.0 (Macintosh; Intel Mac OS X 10_12_3) AppleWebKit/537.36 (KHTML, like Gecko) Chrome/56.0.2924.87 Safari/537.36"
94.72.101.21 - - [02/Nov/2024:19:53:30 +0000] "GET /environments/prod/.env/dist/secrets.json HTTP/1.1" 404 564 "-" "Mozilla/5.0 (Macintosh; Intel Mac OS X 10_12_3) AppleWebKit/537.36 (KHTML, like Gecko) Chrome/56.0.2924.87 Safari/537.36"
94.72.101.21 - - [02/Nov/2024:19:53:30 +0000] "GET /environments/prod/.env/dist/keys.pem HTTP/1.1" 404 564 "-" "Mozilla/5.0 (Macintosh; Intel Mac OS X 10_12_3) AppleWebKit/537.36 (KHTML, like Gecko) Chrome/56.0.2924.87 Safari/537.36"
94.72.101.21 - - [02/Nov/2024:19:53:30 +0000] "GET /environments/prod/.env/dist/settings.ini HTTP/1.1" 404 564 "-" "Mozilla/5.0 (Macintosh; Intel Mac OS X 10_12_3) AppleWebKit/537.36 (KHTML, like Gecko) Chrome/56.0.2924.87 Safari/537.36"
94.72.101.21 - - [02/Nov/2024:19:53:31 +0000] "GET /environments/prod/.env/config/config.json HTTP/1.1" 404 564 "-" "Mozilla/5.0 (Macintosh; Intel Mac OS X 10_12_3) AppleWebKit/537.36 (KHTML, like Gecko) Chrome/56.0.2924.87 Safari/537.36"
94.72.101.21 - - [02/Nov/2024:19:53:32 +0000] "GET /environments/prod/.env/config/.env HTTP/1.1" 404 564 "-" "Mozilla/5.0 (Macintosh; Intel Mac OS X 10_12_3) AppleWebKit/537.36 (KHTML, like Gecko) Chrome/56.0.2924.87 Safari/537.36"
94.72.101.21 - - [02/Nov/2024:19:53:33 +0000] "GET /environments/prod/.env/config/secrets.yaml HTTP/1.1" 404 564 "-" "Mozilla/5.0 (Macintosh; Intel Mac OS X 10_12_3) AppleWebKit/537.36 (KHTML, like Gecko) Chrome/56.0.2924.87 Safari/537.36"
94.72.101.21 - - [02/Nov/2024:19:53:33 +0000] "GET /environments/prod/.env/config/vars.tf HTTP/1.1" 404 564 "-" "Mozilla/5.0 (Macintosh; Intel Mac OS X 10_12_3) AppleWebKit/537.36 (KHTML, like Gecko) Chrome/56.0.2924.87 Safari/537.36"
94.72.101.21 - - [02/Nov/2024:19:53:33 +0000] "GET /environments/prod/.env/config/credentials HTTP/1.1" 404 564 "-" "Mozilla/5.0 (Macintosh; Intel Mac OS X 10_12_3) AppleWebKit/537.36 (KHTML, like Gecko) Chrome/56.0.2924.87 Safari/537.36"
94.72.101.21 - - [02/Nov/2024:19:53:33 +0000] "GET /environments/prod/.env/config/secrets.json HTTP/1.1" 404 564 "-" "Mozilla/5.0 (Macintosh; Intel Mac OS X 10_12_3) AppleWebKit/537.36 (KHTML, like Gecko) Chrome/56.0.2924.87 Safari/537.36"
94.72.101.21 - - [02/Nov/2024:19:53:34 +0000] "GET /environments/prod/.env/config/keys.pem HTTP/1.1" 404 564 "-" "Mozilla/5.0 (Macintosh; Intel Mac OS X 10_12_3) AppleWebKit/537.36 (KHTML, like Gecko) Chrome/56.0.2924.87 Safari/537.36"
94.72.101.21 - - [02/Nov/2024:19:53:34 +0000] "GET /environments/prod/.env/config/settings.ini HTTP/1.1" 404 564 "-" "Mozilla/5.0 (Macintosh; Intel Mac OS X 10_12_3) AppleWebKit/537.36 (KHTML, like Gecko) Chrome/56.0.2924.87 Safari/537.36"
94.72.101.21 - - [02/Nov/2024:19:53:34 +0000] "GET /environments/prod/.env/backups/config.json HTTP/1.1" 404 564 "-" "Mozilla/5.0 (Macintosh; Intel Mac OS X 10_12_3) AppleWebKit/537.36 (KHTML, like Gecko) Chrome/56.0.2924.87 Safari/537.36"
94.72.101.21 - - [02/Nov/2024:19:53:34 +0000] "GET /environments/prod/.env/backups/.env HTTP/1.1" 404 564 "-" "Mozilla/5.0 (Macintosh; Intel Mac OS X 10_12_3) AppleWebKit/537.36 (KHTML, like Gecko) Chrome/56.0.2924.87 Safari/537.36"
94.72.101.21 - - [02/Nov/2024:19:53:34 +0000] "GET /environments/prod/.env/backups/secrets.yaml HTTP/1.1" 404 564 "-" "Mozilla/5.0 (Macintosh; Intel Mac OS X 10_12_3) AppleWebKit/537.36 (KHTML, like Gecko) Chrome/56.0.2924.87 Safari/537.36"
94.72.101.21 - - [02/Nov/2024:19:53:34 +0000] "GET /environments/prod/.env/backups/vars.tf HTTP/1.1" 404 564 "-" "Mozilla/5.0 (Macintosh; Intel Mac OS X 10_12_3) AppleWebKit/537.36 (KHTML, like Gecko) Chrome/56.0.2924.87 Safari/537.36"
94.72.101.21 - - [02/Nov/2024:19:53:35 +0000] "GET /environments/prod/.env/backups/credentials HTTP/1.1" 404 564 "-" "Mozilla/5.0 (Macintosh; Intel Mac OS X 10_12_3) AppleWebKit/537.36 (KHTML, like Gecko) Chrome/56.0.2924.87 Safari/537.36"
94.72.101.21 - - [02/Nov/2024:19:53:35 +0000] "GET /environments/prod/.env/backups/secrets.json HTTP/1.1" 404 564 "-" "Mozilla/5.0 (Macintosh; Intel Mac OS X 10_12_3) AppleWebKit/537.36 (KHTML, like Gecko) Chrome/56.0.2924.87 Safari/537.36"
94.72.101.21 - - [02/Nov/2024:19:53:35 +0000] "GET /environments/prod/.env/backups/keys.pem HTTP/1.1" 404 564 "-" "Mozilla/5.0 (Macintosh; Intel Mac OS X 10_12_3) AppleWebKit/537.36 (KHTML, like Gecko) Chrome/56.0.2924.87 Safari/537.36"
94.72.101.21 - - [02/Nov/2024:19:53:35 +0000] "GET /environments/prod/.env/backups/settings.ini HTTP/1.1" 404 564 "-" "Mozilla/5.0 (Macintosh; Intel Mac OS X 10_12_3) AppleWebKit/537.36 (KHTML, like Gecko) Chrome/56.0.2924.87 Safari/537.36"
94.72.101.21 - - [02/Nov/2024:19:53:35 +0000] "GET /environments/prod/.env/data/config.json HTTP/1.1" 404 564 "-" "Mozilla/5.0 (Macintosh; Intel Mac OS X 10_12_3) AppleWebKit/537.36 (KHTML, like Gecko) Chrome/56.0.2924.87 Safari/537.36"
94.72.101.21 - - [02/Nov/2024:19:53:35 +0000] "GET /environments/prod/.env/data/.env HTTP/1.1" 404 564 "-" "Mozilla/5.0 (Macintosh; Intel Mac OS X 10_12_3) AppleWebKit/537.36 (KHTML, like Gecko) Chrome/56.0.2924.87 Safari/537.36"
94.72.101.21 - - [02/Nov/2024:19:53:36 +0000] "GET /environments/prod/.env/data/secrets.yaml HTTP/1.1" 404 564 "-" "Mozilla/5.0 (Macintosh; Intel Mac OS X 10_12_3) AppleWebKit/537.36 (KHTML, like Gecko) Chrome/56.0.2924.87 Safari/537.36"
94.72.101.21 - - [02/Nov/2024:19:53:36 +0000] "GET /environments/prod/.env/data/vars.tf HTTP/1.1" 404 564 "-" "Mozilla/5.0 (Macintosh; Intel Mac OS X 10_12_3) AppleWebKit/537.36 (KHTML, like Gecko) Chrome/56.0.2924.87 Safari/537.36"
94.72.101.21 - - [02/Nov/2024:19:53:36 +0000] "GET /environments/prod/.env/data/credentials HTTP/1.1" 404 564 "-" "Mozilla/5.0 (Macintosh; Intel Mac OS X 10_12_3) AppleWebKit/537.36 (KHTML, like Gecko) Chrome/56.0.2924.87 Safari/537.36"
94.72.101.21 - - [02/Nov/2024:19:53:36 +0000] "GET /environments/prod/.env/data/secrets.json HTTP/1.1" 404 564 "-" "Mozilla/5.0 (Macintosh; Intel Mac OS X 10_12_3) AppleWebKit/537.36 (KHTML, like Gecko) Chrome/56.0.2924.87 Safari/537.36"
94.72.101.21 - - [02/Nov/2024:19:53:37 +0000] "GET /environments/prod/.env/data/keys.pem HTTP/1.1" 404 564 "-" "Mozilla/5.0 (Macintosh; Intel Mac OS X 10_12_3) AppleWebKit/537.36 (KHTML, like Gecko) Chrome/56.0.2924.87 Safari/537.36"
94.72.101.21 - - [02/Nov/2024:19:53:37 +0000] "GET /environments/prod/.env/data/settings.ini HTTP/1.1" 404 564 "-" "Mozilla/5.0 (Macintosh; Intel Mac OS X 10_12_3) AppleWebKit/537.36 (KHTML, like Gecko) Chrome/56.0.2924.87 Safari/537.36"
94.72.101.21 - - [02/Nov/2024:19:53:37 +0000] "GET /environments/test/.env/v1/config.json HTTP/1.1" 404 564 "-" "Mozilla/5.0 (Macintosh; Intel Mac OS X 10_12_3) AppleWebKit/537.36 (KHTML, like Gecko) Chrome/56.0.2924.87 Safari/537.36"
94.72.101.21 - - [02/Nov/2024:19:53:37 +0000] "GET /environments/test/.env/v1/.env HTTP/1.1" 404 564 "-" "Mozilla/5.0 (Macintosh; Intel Mac OS X 10_12_3) AppleWebKit/537.36 (KHTML, like Gecko) Chrome/56.0.2924.87 Safari/537.36"
94.72.101.21 - - [02/Nov/2024:19:53:37 +0000] "GET /environments/test/.env/v1/secrets.yaml HTTP/1.1" 404 564 "-" "Mozilla/5.0 (Macintosh; Intel Mac OS X 10_12_3) AppleWebKit/537.36 (KHTML, like Gecko) Chrome/56.0.2924.87 Safari/537.36"
94.72.101.21 - - [02/Nov/2024:19:53:38 +0000] "GET /environments/test/.env/v1/vars.tf HTTP/1.1" 404 564 "-" "Mozilla/5.0 (Macintosh; Intel Mac OS X 10_12_3) AppleWebKit/537.36 (KHTML, like Gecko) Chrome/56.0.2924.87 Safari/537.36"
94.72.101.21 - - [02/Nov/2024:19:53:38 +0000] "GET /environments/test/.env/v1/credentials HTTP/1.1" 404 564 "-" "Mozilla/5.0 (Macintosh; Intel Mac OS X 10_12_3) AppleWebKit/537.36 (KHTML, like Gecko) Chrome/56.0.2924.87 Safari/537.36"
94.72.101.21 - - [02/Nov/2024:19:53:38 +0000] "GET /environments/test/.env/v1/secrets.json HTTP/1.1" 404 564 "-" "Mozilla/5.0 (Macintosh; Intel Mac OS X 10_12_3) AppleWebKit/537.36 (KHTML, like Gecko) Chrome/56.0.2924.87 Safari/537.36"
94.72.101.21 - - [02/Nov/2024:19:53:38 +0000] "GET /environments/test/.env/v1/keys.pem HTTP/1.1" 404 564 "-" "Mozilla/5.0 (Macintosh; Intel Mac OS X 10_12_3) AppleWebKit/537.36 (KHTML, like Gecko) Chrome/56.0.2924.87 Safari/537.36"
94.72.101.21 - - [02/Nov/2024:19:53:38 +0000] "GET /environments/test/.env/v1/settings.ini HTTP/1.1" 404 564 "-" "Mozilla/5.0 (Macintosh; Intel Mac OS X 10_12_3) AppleWebKit/537.36 (KHTML, like Gecko) Chrome/56.0.2924.87 Safari/537.36"
94.72.101.21 - - [02/Nov/2024:19:53:39 +0000] "GET /environments/test/.env/v2/config.json HTTP/1.1" 404 564 "-" "Mozilla/5.0 (Macintosh; Intel Mac OS X 10_12_3) AppleWebKit/537.36 (KHTML, like Gecko) Chrome/56.0.2924.87 Safari/537.36"
94.72.101.21 - - [02/Nov/2024:19:53:39 +0000] "GET /environments/test/.env/v2/.env HTTP/1.1" 404 564 "-" "Mozilla/5.0 (Macintosh; Intel Mac OS X 10_12_3) AppleWebKit/537.36 (KHTML, like Gecko) Chrome/56.0.2924.87 Safari/537.36"
94.72.101.21 - - [02/Nov/2024:19:53:39 +0000] "GET /environments/test/.env/v2/secrets.yaml HTTP/1.1" 404 564 "-" "Mozilla/5.0 (Macintosh; Intel Mac OS X 10_12_3) AppleWebKit/537.36 (KHTML, like Gecko) Chrome/56.0.2924.87 Safari/537.36"
94.72.101.21 - - [02/Nov/2024:19:53:39 +0000] "GET /environments/test/.env/v2/vars.tf HTTP/1.1" 404 564 "-" "Mozilla/5.0 (Macintosh; Intel Mac OS X 10_12_3) AppleWebKit/537.36 (KHTML, like Gecko) Chrome/56.0.2924.87 Safari/537.36"
94.72.101.21 - - [02/Nov/2024:19:53:39 +0000] "GET /environments/test/.env/v2/credentials HTTP/1.1" 404 564 "-" "Mozilla/5.0 (Macintosh; Intel Mac OS X 10_12_3) AppleWebKit/537.36 (KHTML, like Gecko) Chrome/56.0.2924.87 Safari/537.36"
94.72.101.21 - - [02/Nov/2024:19:53:40 +0000] "GET /environments/test/.env/v2/secrets.json HTTP/1.1" 404 564 "-" "Mozilla/5.0 (Macintosh; Intel Mac OS X 10_12_3) AppleWebKit/537.36 (KHTML, like Gecko) Chrome/56.0.2924.87 Safari/537.36"
94.72.101.21 - - [02/Nov/2024:19:53:40 +0000] "GET /environments/test/.env/v2/keys.pem HTTP/1.1" 404 564 "-" "Mozilla/5.0 (Macintosh; Intel Mac OS X 10_12_3) AppleWebKit/537.36 (KHTML, like Gecko) Chrome/56.0.2924.87 Safari/537.36"
94.72.101.21 - - [02/Nov/2024:19:53:40 +0000] "GET /environments/test/.env/v2/settings.ini HTTP/1.1" 404 564 "-" "Mozilla/5.0 (Macintosh; Intel Mac OS X 10_12_3) AppleWebKit/537.36 (KHTML, like Gecko) Chrome/56.0.2924.87 Safari/537.36"
94.72.101.21 - - [02/Nov/2024:19:53:40 +0000] "GET /environments/test/.env/dev/config.json HTTP/1.1" 404 564 "-" "Mozilla/5.0 (Macintosh; Intel Mac OS X 10_12_3) AppleWebKit/537.36 (KHTML, like Gecko) Chrome/56.0.2924.87 Safari/537.36"
94.72.101.21 - - [02/Nov/2024:19:53:41 +0000] "GET /environments/test/.env/dev/.env HTTP/1.1" 404 564 "-" "Mozilla/5.0 (Macintosh; Intel Mac OS X 10_12_3) AppleWebKit/537.36 (KHTML, like Gecko) Chrome/56.0.2924.87 Safari/537.36"
94.72.101.21 - - [02/Nov/2024:19:53:41 +0000] "GET /environments/test/.env/dev/secrets.yaml HTTP/1.1" 404 564 "-" "Mozilla/5.0 (Macintosh; Intel Mac OS X 10_12_3) AppleWebKit/537.36 (KHTML, like Gecko) Chrome/56.0.2924.87 Safari/537.36"
94.72.101.21 - - [02/Nov/2024:19:53:41 +0000] "GET /environments/test/.env/dev/vars.tf HTTP/1.1" 404 564 "-" "Mozilla/5.0 (Macintosh; Intel Mac OS X 10_12_3) AppleWebKit/537.36 (KHTML, like Gecko) Chrome/56.0.2924.87 Safari/537.36"
94.72.101.21 - - [02/Nov/2024:19:53:42 +0000] "GET /environments/test/.env/dev/credentials HTTP/1.1" 404 564 "-" "Mozilla/5.0 (Macintosh; Intel Mac OS X 10_12_3) AppleWebKit/537.36 (KHTML, like Gecko) Chrome/56.0.2924.87 Safari/537.36"
94.72.101.21 - - [02/Nov/2024:19:53:42 +0000] "GET /environments/test/.env/dev/secrets.json HTTP/1.1" 404 564 "-" "Mozilla/5.0 (Macintosh; Intel Mac OS X 10_12_3) AppleWebKit/537.36 (KHTML, like Gecko) Chrome/56.0.2924.87 Safari/537.36"
94.72.101.21 - - [02/Nov/2024:19:53:42 +0000] "GET /environments/test/.env/dev/keys.pem HTTP/1.1" 404 564 "-" "Mozilla/5.0 (Macintosh; Intel Mac OS X 10_12_3) AppleWebKit/537.36 (KHTML, like Gecko) Chrome/56.0.2924.87 Safari/537.36"
94.72.101.21 - - [02/Nov/2024:19:53:42 +0000] "GET /environments/test/.env/dev/settings.ini HTTP/1.1" 404 564 "-" "Mozilla/5.0 (Macintosh; Intel Mac OS X 10_12_3) AppleWebKit/537.36 (KHTML, like Gecko) Chrome/56.0.2924.87 Safari/537.36"
94.72.101.21 - - [02/Nov/2024:19:53:43 +0000] "GET /environments/test/.env/prod/config.json HTTP/1.1" 404 564 "-" "Mozilla/5.0 (Macintosh; Intel Mac OS X 10_12_3) AppleWebKit/537.36 (KHTML, like Gecko) Chrome/56.0.2924.87 Safari/537.36"
94.72.101.21 - - [02/Nov/2024:19:53:43 +0000] "GET /environments/test/.env/prod/.env HTTP/1.1" 404 564 "-" "Mozilla/5.0 (Macintosh; Intel Mac OS X 10_12_3) AppleWebKit/537.36 (KHTML, like Gecko) Chrome/56.0.2924.87 Safari/537.36"
94.72.101.21 - - [02/Nov/2024:19:53:43 +0000] "GET /environments/test/.env/prod/secrets.yaml HTTP/1.1" 404 564 "-" "Mozilla/5.0 (Macintosh; Intel Mac OS X 10_12_3) AppleWebKit/537.36 (KHTML, like Gecko) Chrome/56.0.2924.87 Safari/537.36"
94.72.101.21 - - [02/Nov/2024:19:53:43 +0000] "GET /environments/test/.env/prod/vars.tf HTTP/1.1" 404 564 "-" "Mozilla/5.0 (Macintosh; Intel Mac OS X 10_12_3) AppleWebKit/537.36 (KHTML, like Gecko) Chrome/56.0.2924.87 Safari/537.36"
94.72.101.21 - - [02/Nov/2024:19:53:43 +0000] "GET /environments/test/.env/prod/credentials HTTP/1.1" 404 564 "-" "Mozilla/5.0 (Macintosh; Intel Mac OS X 10_12_3) AppleWebKit/537.36 (KHTML, like Gecko) Chrome/56.0.2924.87 Safari/537.36"
94.72.101.21 - - [02/Nov/2024:19:53:44 +0000] "GET /environments/test/.env/prod/secrets.json HTTP/1.1" 404 564 "-" "Mozilla/5.0 (Macintosh; Intel Mac OS X 10_12_3) AppleWebKit/537.36 (KHTML, like Gecko) Chrome/56.0.2924.87 Safari/537.36"
94.72.101.21 - - [02/Nov/2024:19:53:44 +0000] "GET /environments/test/.env/prod/keys.pem HTTP/1.1" 404 564 "-" "Mozilla/5.0 (Macintosh; Intel Mac OS X 10_12_3) AppleWebKit/537.36 (KHTML, like Gecko) Chrome/56.0.2924.87 Safari/537.36"
94.72.101.21 - - [02/Nov/2024:19:53:44 +0000] "GET /environments/test/.env/prod/settings.ini HTTP/1.1" 404 564 "-" "Mozilla/5.0 (Macintosh; Intel Mac OS X 10_12_3) AppleWebKit/537.36 (KHTML, like Gecko) Chrome/56.0.2924.87 Safari/537.36"
94.72.101.21 - - [02/Nov/2024:19:53:44 +0000] "GET /environments/test/.env/staging/config.json HTTP/1.1" 404 564 "-" "Mozilla/5.0 (Macintosh; Intel Mac OS X 10_12_3) AppleWebKit/537.36 (KHTML, like Gecko) Chrome/56.0.2924.87 Safari/537.36"
94.72.101.21 - - [02/Nov/2024:19:53:44 +0000] "GET /environments/test/.env/staging/.env HTTP/1.1" 404 564 "-" "Mozilla/5.0 (Macintosh; Intel Mac OS X 10_12_3) AppleWebKit/537.36 (KHTML, like Gecko) Chrome/56.0.2924.87 Safari/537.36"
94.72.101.21 - - [02/Nov/2024:19:53:45 +0000] "GET /environments/test/.env/staging/secrets.yaml HTTP/1.1" 404 564 "-" "Mozilla/5.0 (Macintosh; Intel Mac OS X 10_12_3) AppleWebKit/537.36 (KHTML, like Gecko) Chrome/56.0.2924.87 Safari/537.36"
94.72.101.21 - - [02/Nov/2024:19:53:45 +0000] "GET /environments/test/.env/staging/vars.tf HTTP/1.1" 404 564 "-" "Mozilla/5.0 (Macintosh; Intel Mac OS X 10_12_3) AppleWebKit/537.36 (KHTML, like Gecko) Chrome/56.0.2924.87 Safari/537.36"
94.72.101.21 - - [02/Nov/2024:19:53:45 +0000] "GET /environments/test/.env/staging/credentials HTTP/1.1" 404 564 "-" "Mozilla/5.0 (Macintosh; Intel Mac OS X 10_12_3) AppleWebKit/537.36 (KHTML, like Gecko) Chrome/56.0.2924.87 Safari/537.36"
94.72.101.21 - - [02/Nov/2024:19:53:45 +0000] "GET /environments/test/.env/staging/secrets.json HTTP/1.1" 404 564 "-" "Mozilla/5.0 (Macintosh; Intel Mac OS X 10_12_3) AppleWebKit/537.36 (KHTML, like Gecko) Chrome/56.0.2924.87 Safari/537.36"
94.72.101.21 - - [02/Nov/2024:19:53:45 +0000] "GET /environments/test/.env/staging/keys.pem HTTP/1.1" 404 564 "-" "Mozilla/5.0 (Macintosh; Intel Mac OS X 10_12_3) AppleWebKit/537.36 (KHTML, like Gecko) Chrome/56.0.2924.87 Safari/537.36"
94.72.101.21 - - [02/Nov/2024:19:53:46 +0000] "GET /environments/test/.env/staging/settings.ini HTTP/1.1" 404 564 "-" "Mozilla/5.0 (Macintosh; Intel Mac OS X 10_12_3) AppleWebKit/537.36 (KHTML, like Gecko) Chrome/56.0.2924.87 Safari/537.36"
94.72.101.21 - - [02/Nov/2024:19:53:46 +0000] "GET /environments/test/.env/src/config.json HTTP/1.1" 404 564 "-" "Mozilla/5.0 (Macintosh; Intel Mac OS X 10_12_3) AppleWebKit/537.36 (KHTML, like Gecko) Chrome/56.0.2924.87 Safari/537.36"
94.72.101.21 - - [02/Nov/2024:19:53:46 +0000] "GET /environments/test/.env/src/.env HTTP/1.1" 404 564 "-" "Mozilla/5.0 (Macintosh; Intel Mac OS X 10_12_3) AppleWebKit/537.36 (KHTML, like Gecko) Chrome/56.0.2924.87 Safari/537.36"
94.72.101.21 - - [02/Nov/2024:19:53:46 +0000] "GET /environments/test/.env/src/secrets.yaml HTTP/1.1" 404 564 "-" "Mozilla/5.0 (Macintosh; Intel Mac OS X 10_12_3) AppleWebKit/537.36 (KHTML, like Gecko) Chrome/56.0.2924.87 Safari/537.36"
94.72.101.21 - - [02/Nov/2024:19:53:47 +0000] "GET /environments/test/.env/src/vars.tf HTTP/1.1" 404 564 "-" "Mozilla/5.0 (Macintosh; Intel Mac OS X 10_12_3) AppleWebKit/537.36 (KHTML, like Gecko) Chrome/56.0.2924.87 Safari/537.36"
94.72.101.21 - - [02/Nov/2024:19:53:47 +0000] "GET /environments/test/.env/src/credentials HTTP/1.1" 404 564 "-" "Mozilla/5.0 (Macintosh; Intel Mac OS X 10_12_3) AppleWebKit/537.36 (KHTML, like Gecko) Chrome/56.0.2924.87 Safari/537.36"
94.72.101.21 - - [02/Nov/2024:19:53:47 +0000] "GET /environments/test/.env/src/secrets.json HTTP/1.1" 404 564 "-" "Mozilla/5.0 (Macintosh; Intel Mac OS X 10_12_3) AppleWebKit/537.36 (KHTML, like Gecko) Chrome/56.0.2924.87 Safari/537.36"
94.72.101.21 - - [02/Nov/2024:19:53:47 +0000] "GET /environments/test/.env/src/keys.pem HTTP/1.1" 404 564 "-" "Mozilla/5.0 (Macintosh; Intel Mac OS X 10_12_3) AppleWebKit/537.36 (KHTML, like Gecko) Chrome/56.0.2924.87 Safari/537.36"
94.72.101.21 - - [02/Nov/2024:19:53:47 +0000] "GET /environments/test/.env/src/settings.ini HTTP/1.1" 404 564 "-" "Mozilla/5.0 (Macintosh; Intel Mac OS X 10_12_3) AppleWebKit/537.36 (KHTML, like Gecko) Chrome/56.0.2924.87 Safari/537.36"
94.72.101.21 - - [02/Nov/2024:19:53:47 +0000] "GET /environments/test/.env/dist/config.json HTTP/1.1" 404 564 "-" "Mozilla/5.0 (Macintosh; Intel Mac OS X 10_12_3) AppleWebKit/537.36 (KHTML, like Gecko) Chrome/56.0.2924.87 Safari/537.36"
94.72.101.21 - - [02/Nov/2024:19:53:48 +0000] "GET /environments/test/.env/dist/.env HTTP/1.1" 404 564 "-" "Mozilla/5.0 (Macintosh; Intel Mac OS X 10_12_3) AppleWebKit/537.36 (KHTML, like Gecko) Chrome/56.0.2924.87 Safari/537.36"
94.72.101.21 - - [02/Nov/2024:19:53:48 +0000] "GET /environments/test/.env/dist/secrets.yaml HTTP/1.1" 404 564 "-" "Mozilla/5.0 (Macintosh; Intel Mac OS X 10_12_3) AppleWebKit/537.36 (KHTML, like Gecko) Chrome/56.0.2924.87 Safari/537.36"
94.72.101.21 - - [02/Nov/2024:19:53:48 +0000] "GET /environments/test/.env/dist/vars.tf HTTP/1.1" 404 564 "-" "Mozilla/5.0 (Macintosh; Intel Mac OS X 10_12_3) AppleWebKit/537.36 (KHTML, like Gecko) Chrome/56.0.2924.87 Safari/537.36"
94.72.101.21 - - [02/Nov/2024:19:53:49 +0000] "GET /environments/test/.env/dist/credentials HTTP/1.1" 404 564 "-" "Mozilla/5.0 (Macintosh; Intel Mac OS X 10_12_3) AppleWebKit/537.36 (KHTML, like Gecko) Chrome/56.0.2924.87 Safari/537.36"
94.72.101.21 - - [02/Nov/2024:19:53:49 +0000] "GET /environments/test/.env/dist/secrets.json HTTP/1.1" 404 564 "-" "Mozilla/5.0 (Macintosh; Intel Mac OS X 10_12_3) AppleWebKit/537.36 (KHTML, like Gecko) Chrome/56.0.2924.87 Safari/537.36"
94.72.101.21 - - [02/Nov/2024:19:53:49 +0000] "GET /environments/test/.env/dist/keys.pem HTTP/1.1" 404 564 "-" "Mozilla/5.0 (Macintosh; Intel Mac OS X 10_12_3) AppleWebKit/537.36 (KHTML, like Gecko) Chrome/56.0.2924.87 Safari/537.36"
94.72.101.21 - - [02/Nov/2024:19:53:49 +0000] "GET /environments/test/.env/dist/settings.ini HTTP/1.1" 404 564 "-" "Mozilla/5.0 (Macintosh; Intel Mac OS X 10_12_3) AppleWebKit/537.36 (KHTML, like Gecko) Chrome/56.0.2924.87 Safari/537.36"
94.72.101.21 - - [02/Nov/2024:19:53:49 +0000] "GET /environments/test/.env/config/config.json HTTP/1.1" 404 564 "-" "Mozilla/5.0 (Macintosh; Intel Mac OS X 10_12_3) AppleWebKit/537.36 (KHTML, like Gecko) Chrome/56.0.2924.87 Safari/537.36"
94.72.101.21 - - [02/Nov/2024:19:53:49 +0000] "GET /environments/test/.env/config/.env HTTP/1.1" 404 564 "-" "Mozilla/5.0 (Macintosh; Intel Mac OS X 10_12_3) AppleWebKit/537.36 (KHTML, like Gecko) Chrome/56.0.2924.87 Safari/537.36"
94.72.101.21 - - [02/Nov/2024:19:53:50 +0000] "GET /environments/test/.env/config/secrets.yaml HTTP/1.1" 404 564 "-" "Mozilla/5.0 (Macintosh; Intel Mac OS X 10_12_3) AppleWebKit/537.36 (KHTML, like Gecko) Chrome/56.0.2924.87 Safari/537.36"
94.72.101.21 - - [02/Nov/2024:19:53:50 +0000] "GET /environments/test/.env/config/vars.tf HTTP/1.1" 404 564 "-" "Mozilla/5.0 (Macintosh; Intel Mac OS X 10_12_3) AppleWebKit/537.36 (KHTML, like Gecko) Chrome/56.0.2924.87 Safari/537.36"
94.72.101.21 - - [02/Nov/2024:19:53:50 +0000] "GET /environments/test/.env/config/credentials HTTP/1.1" 404 564 "-" "Mozilla/5.0 (Macintosh; Intel Mac OS X 10_12_3) AppleWebKit/537.36 (KHTML, like Gecko) Chrome/56.0.2924.87 Safari/537.36"
94.72.101.21 - - [02/Nov/2024:19:53:50 +0000] "GET /environments/test/.env/config/secrets.json HTTP/1.1" 404 564 "-" "Mozilla/5.0 (Macintosh; Intel Mac OS X 10_12_3) AppleWebKit/537.36 (KHTML, like Gecko) Chrome/56.0.2924.87 Safari/537.36"
94.72.101.21 - - [02/Nov/2024:19:53:50 +0000] "GET /environments/test/.env/config/keys.pem HTTP/1.1" 404 564 "-" "Mozilla/5.0 (Macintosh; Intel Mac OS X 10_12_3) AppleWebKit/537.36 (KHTML, like Gecko) Chrome/56.0.2924.87 Safari/537.36"
94.72.101.21 - - [02/Nov/2024:19:53:51 +0000] "GET /environments/test/.env/config/settings.ini HTTP/1.1" 404 564 "-" "Mozilla/5.0 (Macintosh; Intel Mac OS X 10_12_3) AppleWebKit/537.36 (KHTML, like Gecko) Chrome/56.0.2924.87 Safari/537.36"
94.72.101.21 - - [02/Nov/2024:19:53:51 +0000] "GET /environments/test/.env/backups/config.json HTTP/1.1" 404 564 "-" "Mozilla/5.0 (Macintosh; Intel Mac OS X 10_12_3) AppleWebKit/537.36 (KHTML, like Gecko) Chrome/56.0.2924.87 Safari/537.36"
94.72.101.21 - - [02/Nov/2024:19:53:51 +0000] "GET /environments/test/.env/backups/.env HTTP/1.1" 404 564 "-" "Mozilla/5.0 (Macintosh; Intel Mac OS X 10_12_3) AppleWebKit/537.36 (KHTML, like Gecko) Chrome/56.0.2924.87 Safari/537.36"
94.72.101.21 - - [02/Nov/2024:19:53:51 +0000] "GET /environments/test/.env/backups/secrets.yaml HTTP/1.1" 404 564 "-" "Mozilla/5.0 (Macintosh; Intel Mac OS X 10_12_3) AppleWebKit/537.36 (KHTML, like Gecko) Chrome/56.0.2924.87 Safari/537.36"
94.72.101.21 - - [02/Nov/2024:19:53:52 +0000] "GET /environments/test/.env/backups/vars.tf HTTP/1.1" 404 564 "-" "Mozilla/5.0 (Macintosh; Intel Mac OS X 10_12_3) AppleWebKit/537.36 (KHTML, like Gecko) Chrome/56.0.2924.87 Safari/537.36"
94.72.101.21 - - [02/Nov/2024:19:53:52 +0000] "GET /environments/test/.env/backups/credentials HTTP/1.1" 404 564 "-" "Mozilla/5.0 (Macintosh; Intel Mac OS X 10_12_3) AppleWebKit/537.36 (KHTML, like Gecko) Chrome/56.0.2924.87 Safari/537.36"
94.72.101.21 - - [02/Nov/2024:19:53:52 +0000] "GET /environments/test/.env/backups/secrets.json HTTP/1.1" 404 564 "-" "Mozilla/5.0 (Macintosh; Intel Mac OS X 10_12_3) AppleWebKit/537.36 (KHTML, like Gecko) Chrome/56.0.2924.87 Safari/537.36"
94.72.101.21 - - [02/Nov/2024:19:53:52 +0000] "GET /environments/test/.env/backups/keys.pem HTTP/1.1" 404 564 "-" "Mozilla/5.0 (Macintosh; Intel Mac OS X 10_12_3) AppleWebKit/537.36 (KHTML, like Gecko) Chrome/56.0.2924.87 Safari/537.36"
94.72.101.21 - - [02/Nov/2024:19:53:52 +0000] "GET /environments/test/.env/backups/settings.ini HTTP/1.1" 404 564 "-" "Mozilla/5.0 (Macintosh; Intel Mac OS X 10_12_3) AppleWebKit/537.36 (KHTML, like Gecko) Chrome/56.0.2924.87 Safari/537.36"
94.72.101.21 - - [02/Nov/2024:19:53:52 +0000] "GET /environments/test/.env/data/config.json HTTP/1.1" 404 564 "-" "Mozilla/5.0 (Macintosh; Intel Mac OS X 10_12_3) AppleWebKit/537.36 (KHTML, like Gecko) Chrome/56.0.2924.87 Safari/537.36"
94.72.101.21 - - [02/Nov/2024:19:53:53 +0000] "GET /environments/test/.env/data/.env HTTP/1.1" 404 564 "-" "Mozilla/5.0 (Macintosh; Intel Mac OS X 10_12_3) AppleWebKit/537.36 (KHTML, like Gecko) Chrome/56.0.2924.87 Safari/537.36"
94.72.101.21 - - [02/Nov/2024:19:53:53 +0000] "GET /environments/test/.env/data/secrets.yaml HTTP/1.1" 404 564 "-" "Mozilla/5.0 (Macintosh; Intel Mac OS X 10_12_3) AppleWebKit/537.36 (KHTML, like Gecko) Chrome/56.0.2924.87 Safari/537.36"
94.72.101.21 - - [02/Nov/2024:19:53:53 +0000] "GET /environments/test/.env/data/vars.tf HTTP/1.1" 404 564 "-" "Mozilla/5.0 (Macintosh; Intel Mac OS X 10_12_3) AppleWebKit/537.36 (KHTML, like Gecko) Chrome/56.0.2924.87 Safari/537.36"
94.72.101.21 - - [02/Nov/2024:19:53:53 +0000] "GET /environments/test/.env/data/credentials HTTP/1.1" 404 564 "-" "Mozilla/5.0 (Macintosh; Intel Mac OS X 10_12_3) AppleWebKit/537.36 (KHTML, like Gecko) Chrome/56.0.2924.87 Safari/537.36"
94.72.101.21 - - [02/Nov/2024:19:53:53 +0000] "GET /environments/test/.env/data/secrets.json HTTP/1.1" 404 564 "-" "Mozilla/5.0 (Macintosh; Intel Mac OS X 10_12_3) AppleWebKit/537.36 (KHTML, like Gecko) Chrome/56.0.2924.87 Safari/537.36"
94.72.101.21 - - [02/Nov/2024:19:53:54 +0000] "GET /environments/test/.env/data/keys.pem HTTP/1.1" 404 564 "-" "Mozilla/5.0 (Macintosh; Intel Mac OS X 10_12_3) AppleWebKit/537.36 (KHTML, like Gecko) Chrome/56.0.2924.87 Safari/537.36"
94.72.101.21 - - [02/Nov/2024:19:53:54 +0000] "GET /environments/test/.env/data/settings.ini HTTP/1.1" 404 564 "-" "Mozilla/5.0 (Macintosh; Intel Mac OS X 10_12_3) AppleWebKit/537.36 (KHTML, like Gecko) Chrome/56.0.2924.87 Safari/537.36"
94.72.101.21 - - [02/Nov/2024:19:53:54 +0000] "GET /deploy/.env.production/v1/config.json HTTP/1.1" 404 564 "-" "Mozilla/5.0 (Macintosh; Intel Mac OS X 10_12_3) AppleWebKit/537.36 (KHTML, like Gecko) Chrome/56.0.2924.87 Safari/537.36"
94.72.101.21 - - [02/Nov/2024:19:53:54 +0000] "GET /deploy/.env.production/v1/.env HTTP/1.1" 404 564 "-" "Mozilla/5.0 (Macintosh; Intel Mac OS X 10_12_3) AppleWebKit/537.36 (KHTML, like Gecko) Chrome/56.0.2924.87 Safari/537.36"
94.72.101.21 - - [02/Nov/2024:19:53:54 +0000] "GET /deploy/.env.production/v1/secrets.yaml HTTP/1.1" 404 564 "-" "Mozilla/5.0 (Macintosh; Intel Mac OS X 10_12_3) AppleWebKit/537.36 (KHTML, like Gecko) Chrome/56.0.2924.87 Safari/537.36"
94.72.101.21 - - [02/Nov/2024:19:53:55 +0000] "GET /deploy/.env.production/v1/vars.tf HTTP/1.1" 404 564 "-" "Mozilla/5.0 (Macintosh; Intel Mac OS X 10_12_3) AppleWebKit/537.36 (KHTML, like Gecko) Chrome/56.0.2924.87 Safari/537.36"
94.72.101.21 - - [02/Nov/2024:19:53:55 +0000] "GET /deploy/.env.production/v1/credentials HTTP/1.1" 404 564 "-" "Mozilla/5.0 (Macintosh; Intel Mac OS X 10_12_3) AppleWebKit/537.36 (KHTML, like Gecko) Chrome/56.0.2924.87 Safari/537.36"
94.72.101.21 - - [02/Nov/2024:19:53:55 +0000] "GET /deploy/.env.production/v1/secrets.json HTTP/1.1" 404 564 "-" "Mozilla/5.0 (Macintosh; Intel Mac OS X 10_12_3) AppleWebKit/537.36 (KHTML, like Gecko) Chrome/56.0.2924.87 Safari/537.36"
94.72.101.21 - - [02/Nov/2024:19:53:55 +0000] "GET /deploy/.env.production/v1/keys.pem HTTP/1.1" 404 564 "-" "Mozilla/5.0 (Macintosh; Intel Mac OS X 10_12_3) AppleWebKit/537.36 (KHTML, like Gecko) Chrome/56.0.2924.87 Safari/537.36"
94.72.101.21 - - [02/Nov/2024:19:53:55 +0000] "GET /deploy/.env.production/v1/settings.ini HTTP/1.1" 404 564 "-" "Mozilla/5.0 (Macintosh; Intel Mac OS X 10_12_3) AppleWebKit/537.36 (KHTML, like Gecko) Chrome/56.0.2924.87 Safari/537.36"
94.72.101.21 - - [02/Nov/2024:19:53:55 +0000] "GET /deploy/.env.production/v2/config.json HTTP/1.1" 404 564 "-" "Mozilla/5.0 (Macintosh; Intel Mac OS X 10_12_3) AppleWebKit/537.36 (KHTML, like Gecko) Chrome/56.0.2924.87 Safari/537.36"
94.72.101.21 - - [02/Nov/2024:19:53:56 +0000] "GET /deploy/.env.production/v2/.env HTTP/1.1" 404 564 "-" "Mozilla/5.0 (Macintosh; Intel Mac OS X 10_12_3) AppleWebKit/537.36 (KHTML, like Gecko) Chrome/56.0.2924.87 Safari/537.36"
94.72.101.21 - - [02/Nov/2024:19:53:56 +0000] "GET /deploy/.env.production/v2/secrets.yaml HTTP/1.1" 404 564 "-" "Mozilla/5.0 (Macintosh; Intel Mac OS X 10_12_3) AppleWebKit/537.36 (KHTML, like Gecko) Chrome/56.0.2924.87 Safari/537.36"
94.72.101.21 - - [02/Nov/2024:19:53:56 +0000] "GET /deploy/.env.production/v2/vars.tf HTTP/1.1" 404 564 "-" "Mozilla/5.0 (Macintosh; Intel Mac OS X 10_12_3) AppleWebKit/537.36 (KHTML, like Gecko) Chrome/56.0.2924.87 Safari/537.36"
94.72.101.21 - - [02/Nov/2024:19:53:57 +0000] "GET /deploy/.env.production/v2/credentials HTTP/1.1" 404 564 "-" "Mozilla/5.0 (Macintosh; Intel Mac OS X 10_12_3) AppleWebKit/537.36 (KHTML, like Gecko) Chrome/56.0.2924.87 Safari/537.36"
94.72.101.21 - - [02/Nov/2024:19:53:57 +0000] "GET /deploy/.env.production/v2/secrets.json HTTP/1.1" 404 564 "-" "Mozilla/5.0 (Macintosh; Intel Mac OS X 10_12_3) AppleWebKit/537.36 (KHTML, like Gecko) Chrome/56.0.2924.87 Safari/537.36"
94.72.101.21 - - [02/Nov/2024:19:53:57 +0000] "GET /deploy/.env.production/v2/keys.pem HTTP/1.1" 404 564 "-" "Mozilla/5.0 (Macintosh; Intel Mac OS X 10_12_3) AppleWebKit/537.36 (KHTML, like Gecko) Chrome/56.0.2924.87 Safari/537.36"
94.72.101.21 - - [02/Nov/2024:19:53:58 +0000] "GET /deploy/.env.production/v2/settings.ini HTTP/1.1" 404 564 "-" "Mozilla/5.0 (Macintosh; Intel Mac OS X 10_12_3) AppleWebKit/537.36 (KHTML, like Gecko) Chrome/56.0.2924.87 Safari/537.36"
94.72.101.21 - - [02/Nov/2024:19:53:58 +0000] "GET /deploy/.env.production/dev/config.json HTTP/1.1" 404 564 "-" "Mozilla/5.0 (Macintosh; Intel Mac OS X 10_12_3) AppleWebKit/537.36 (KHTML, like Gecko) Chrome/56.0.2924.87 Safari/537.36"
94.72.101.21 - - [02/Nov/2024:19:53:58 +0000] "GET /deploy/.env.production/dev/.env HTTP/1.1" 404 564 "-" "Mozilla/5.0 (Macintosh; Intel Mac OS X 10_12_3) AppleWebKit/537.36 (KHTML, like Gecko) Chrome/56.0.2924.87 Safari/537.36"
94.72.101.21 - - [02/Nov/2024:19:53:58 +0000] "GET /deploy/.env.production/dev/secrets.yaml HTTP/1.1" 404 564 "-" "Mozilla/5.0 (Macintosh; Intel Mac OS X 10_12_3) AppleWebKit/537.36 (KHTML, like Gecko) Chrome/56.0.2924.87 Safari/537.36"
94.72.101.21 - - [02/Nov/2024:19:53:58 +0000] "GET /deploy/.env.production/dev/vars.tf HTTP/1.1" 404 564 "-" "Mozilla/5.0 (Macintosh; Intel Mac OS X 10_12_3) AppleWebKit/537.36 (KHTML, like Gecko) Chrome/56.0.2924.87 Safari/537.36"
94.72.101.21 - - [02/Nov/2024:19:53:59 +0000] "GET /deploy/.env.production/dev/credentials HTTP/1.1" 404 564 "-" "Mozilla/5.0 (Macintosh; Intel Mac OS X 10_12_3) AppleWebKit/537.36 (KHTML, like Gecko) Chrome/56.0.2924.87 Safari/537.36"
94.72.101.21 - - [02/Nov/2024:19:53:59 +0000] "GET /deploy/.env.production/dev/secrets.json HTTP/1.1" 404 564 "-" "Mozilla/5.0 (Macintosh; Intel Mac OS X 10_12_3) AppleWebKit/537.36 (KHTML, like Gecko) Chrome/56.0.2924.87 Safari/537.36"
94.72.101.21 - - [02/Nov/2024:19:53:59 +0000] "GET /deploy/.env.production/dev/keys.pem HTTP/1.1" 404 564 "-" "Mozilla/5.0 (Macintosh; Intel Mac OS X 10_12_3) AppleWebKit/537.36 (KHTML, like Gecko) Chrome/56.0.2924.87 Safari/537.36"
94.72.101.21 - - [02/Nov/2024:19:53:59 +0000] "GET /deploy/.env.production/dev/settings.ini HTTP/1.1" 404 564 "-" "Mozilla/5.0 (Macintosh; Intel Mac OS X 10_12_3) AppleWebKit/537.36 (KHTML, like Gecko) Chrome/56.0.2924.87 Safari/537.36"
94.72.101.21 - - [02/Nov/2024:19:53:59 +0000] "GET /deploy/.env.production/prod/config.json HTTP/1.1" 404 564 "-" "Mozilla/5.0 (Macintosh; Intel Mac OS X 10_12_3) AppleWebKit/537.36 (KHTML, like Gecko) Chrome/56.0.2924.87 Safari/537.36"
94.72.101.21 - - [02/Nov/2024:19:54:00 +0000] "GET /deploy/.env.production/prod/.env HTTP/1.1" 404 564 "-" "Mozilla/5.0 (Macintosh; Intel Mac OS X 10_12_3) AppleWebKit/537.36 (KHTML, like Gecko) Chrome/56.0.2924.87 Safari/537.36"
94.72.101.21 - - [02/Nov/2024:19:54:00 +0000] "GET /deploy/.env.production/prod/secrets.yaml HTTP/1.1" 404 564 "-" "Mozilla/5.0 (Macintosh; Intel Mac OS X 10_12_3) AppleWebKit/537.36 (KHTML, like Gecko) Chrome/56.0.2924.87 Safari/537.36"
94.72.101.21 - - [02/Nov/2024:19:54:00 +0000] "GET /deploy/.env.production/prod/vars.tf HTTP/1.1" 404 564 "-" "Mozilla/5.0 (Macintosh; Intel Mac OS X 10_12_3) AppleWebKit/537.36 (KHTML, like Gecko) Chrome/56.0.2924.87 Safari/537.36"
94.72.101.21 - - [02/Nov/2024:19:54:00 +0000] "GET /deploy/.env.production/prod/credentials HTTP/1.1" 404 564 "-" "Mozilla/5.0 (Macintosh; Intel Mac OS X 10_12_3) AppleWebKit/537.36 (KHTML, like Gecko) Chrome/56.0.2924.87 Safari/537.36"
94.72.101.21 - - [02/Nov/2024:19:54:00 +0000] "GET /deploy/.env.production/prod/secrets.json HTTP/1.1" 404 564 "-" "Mozilla/5.0 (Macintosh; Intel Mac OS X 10_12_3) AppleWebKit/537.36 (KHTML, like Gecko) Chrome/56.0.2924.87 Safari/537.36"
94.72.101.21 - - [02/Nov/2024:19:54:01 +0000] "GET /deploy/.env.production/prod/keys.pem HTTP/1.1" 404 564 "-" "Mozilla/5.0 (Macintosh; Intel Mac OS X 10_12_3) AppleWebKit/537.36 (KHTML, like Gecko) Chrome/56.0.2924.87 Safari/537.36"
94.72.101.21 - - [02/Nov/2024:19:54:01 +0000] "GET /deploy/.env.production/prod/settings.ini HTTP/1.1" 404 564 "-" "Mozilla/5.0 (Macintosh; Intel Mac OS X 10_12_3) AppleWebKit/537.36 (KHTML, like Gecko) Chrome/56.0.2924.87 Safari/537.36"
94.72.101.21 - - [02/Nov/2024:19:54:01 +0000] "GET /deploy/.env.production/staging/config.json HTTP/1.1" 404 564 "-" "Mozilla/5.0 (Macintosh; Intel Mac OS X 10_12_3) AppleWebKit/537.36 (KHTML, like Gecko) Chrome/56.0.2924.87 Safari/537.36"
94.72.101.21 - - [02/Nov/2024:19:54:01 +0000] "GET /deploy/.env.production/staging/.env HTTP/1.1" 404 564 "-" "Mozilla/5.0 (Macintosh; Intel Mac OS X 10_12_3) AppleWebKit/537.36 (KHTML, like Gecko) Chrome/56.0.2924.87 Safari/537.36"
94.72.101.21 - - [02/Nov/2024:19:54:02 +0000] "GET /deploy/.env.production/staging/secrets.yaml HTTP/1.1" 404 564 "-" "Mozilla/5.0 (Macintosh; Intel Mac OS X 10_12_3) AppleWebKit/537.36 (KHTML, like Gecko) Chrome/56.0.2924.87 Safari/537.36"
94.72.101.21 - - [02/Nov/2024:19:54:02 +0000] "GET /deploy/.env.production/staging/vars.tf HTTP/1.1" 404 564 "-" "Mozilla/5.0 (Macintosh; Intel Mac OS X 10_12_3) AppleWebKit/537.36 (KHTML, like Gecko) Chrome/56.0.2924.87 Safari/537.36"
94.72.101.21 - - [02/Nov/2024:19:54:02 +0000] "GET /deploy/.env.production/staging/credentials HTTP/1.1" 404 564 "-" "Mozilla/5.0 (Macintosh; Intel Mac OS X 10_12_3) AppleWebKit/537.36 (KHTML, like Gecko) Chrome/56.0.2924.87 Safari/537.36"
94.72.101.21 - - [02/Nov/2024:19:54:02 +0000] "GET /deploy/.env.production/staging/secrets.json HTTP/1.1" 404 564 "-" "Mozilla/5.0 (Macintosh; Intel Mac OS X 10_12_3) AppleWebKit/537.36 (KHTML, like Gecko) Chrome/56.0.2924.87 Safari/537.36"
94.72.101.21 - - [02/Nov/2024:19:54:03 +0000] "GET /deploy/.env.production/staging/keys.pem HTTP/1.1" 404 564 "-" "Mozilla/5.0 (Macintosh; Intel Mac OS X 10_12_3) AppleWebKit/537.36 (KHTML, like Gecko) Chrome/56.0.2924.87 Safari/537.36"
94.72.101.21 - - [02/Nov/2024:19:54:03 +0000] "GET /deploy/.env.production/staging/settings.ini HTTP/1.1" 404 564 "-" "Mozilla/5.0 (Macintosh; Intel Mac OS X 10_12_3) AppleWebKit/537.36 (KHTML, like Gecko) Chrome/56.0.2924.87 Safari/537.36"
94.72.101.21 - - [02/Nov/2024:19:54:03 +0000] "GET /deploy/.env.production/src/config.json HTTP/1.1" 404 564 "-" "Mozilla/5.0 (Macintosh; Intel Mac OS X 10_12_3) AppleWebKit/537.36 (KHTML, like Gecko) Chrome/56.0.2924.87 Safari/537.36"
94.72.101.21 - - [02/Nov/2024:19:54:04 +0000] "GET /deploy/.env.production/src/.env HTTP/1.1" 404 564 "-" "Mozilla/5.0 (Macintosh; Intel Mac OS X 10_12_3) AppleWebKit/537.36 (KHTML, like Gecko) Chrome/56.0.2924.87 Safari/537.36"
94.72.101.21 - - [02/Nov/2024:19:54:04 +0000] "GET /deploy/.env.production/src/secrets.yaml HTTP/1.1" 404 564 "-" "Mozilla/5.0 (Macintosh; Intel Mac OS X 10_12_3) AppleWebKit/537.36 (KHTML, like Gecko) Chrome/56.0.2924.87 Safari/537.36"
94.72.101.21 - - [02/Nov/2024:19:54:04 +0000] "GET /deploy/.env.production/src/vars.tf HTTP/1.1" 404 564 "-" "Mozilla/5.0 (Macintosh; Intel Mac OS X 10_12_3) AppleWebKit/537.36 (KHTML, like Gecko) Chrome/56.0.2924.87 Safari/537.36"
94.72.101.21 - - [02/Nov/2024:19:54:04 +0000] "GET /deploy/.env.production/src/credentials HTTP/1.1" 404 564 "-" "Mozilla/5.0 (Macintosh; Intel Mac OS X 10_12_3) AppleWebKit/537.36 (KHTML, like Gecko) Chrome/56.0.2924.87 Safari/537.36"
94.72.101.21 - - [02/Nov/2024:19:54:04 +0000] "GET /deploy/.env.production/src/secrets.json HTTP/1.1" 404 564 "-" "Mozilla/5.0 (Macintosh; Intel Mac OS X 10_12_3) AppleWebKit/537.36 (KHTML, like Gecko) Chrome/56.0.2924.87 Safari/537.36"
94.72.101.21 - - [02/Nov/2024:19:54:04 +0000] "GET /deploy/.env.production/src/keys.pem HTTP/1.1" 404 564 "-" "Mozilla/5.0 (Macintosh; Intel Mac OS X 10_12_3) AppleWebKit/537.36 (KHTML, like Gecko) Chrome/56.0.2924.87 Safari/537.36"
94.72.101.21 - - [02/Nov/2024:19:54:05 +0000] "GET /deploy/.env.production/src/settings.ini HTTP/1.1" 404 564 "-" "Mozilla/5.0 (Macintosh; Intel Mac OS X 10_12_3) AppleWebKit/537.36 (KHTML, like Gecko) Chrome/56.0.2924.87 Safari/537.36"
94.72.101.21 - - [02/Nov/2024:19:54:05 +0000] "GET /deploy/.env.production/dist/config.json HTTP/1.1" 404 564 "-" "Mozilla/5.0 (Macintosh; Intel Mac OS X 10_12_3) AppleWebKit/537.36 (KHTML, like Gecko) Chrome/56.0.2924.87 Safari/537.36"
94.72.101.21 - - [02/Nov/2024:19:54:05 +0000] "GET /deploy/.env.production/dist/.env HTTP/1.1" 404 564 "-" "Mozilla/5.0 (Macintosh; Intel Mac OS X 10_12_3) AppleWebKit/537.36 (KHTML, like Gecko) Chrome/56.0.2924.87 Safari/537.36"
94.72.101.21 - - [02/Nov/2024:19:54:05 +0000] "GET /deploy/.env.production/dist/secrets.yaml HTTP/1.1" 404 564 "-" "Mozilla/5.0 (Macintosh; Intel Mac OS X 10_12_3) AppleWebKit/537.36 (KHTML, like Gecko) Chrome/56.0.2924.87 Safari/537.36"
94.72.101.21 - - [02/Nov/2024:19:54:05 +0000] "GET /deploy/.env.production/dist/vars.tf HTTP/1.1" 404 564 "-" "Mozilla/5.0 (Macintosh; Intel Mac OS X 10_12_3) AppleWebKit/537.36 (KHTML, like Gecko) Chrome/56.0.2924.87 Safari/537.36"
94.72.101.21 - - [02/Nov/2024:19:54:05 +0000] "GET /deploy/.env.production/dist/credentials HTTP/1.1" 404 564 "-" "Mozilla/5.0 (Macintosh; Intel Mac OS X 10_12_3) AppleWebKit/537.36 (KHTML, like Gecko) Chrome/56.0.2924.87 Safari/537.36"
94.72.101.21 - - [02/Nov/2024:19:54:06 +0000] "GET /deploy/.env.production/dist/secrets.json HTTP/1.1" 404 564 "-" "Mozilla/5.0 (Macintosh; Intel Mac OS X 10_12_3) AppleWebKit/537.36 (KHTML, like Gecko) Chrome/56.0.2924.87 Safari/537.36"
94.72.101.21 - - [02/Nov/2024:19:54:06 +0000] "GET /deploy/.env.production/dist/keys.pem HTTP/1.1" 404 564 "-" "Mozilla/5.0 (Macintosh; Intel Mac OS X 10_12_3) AppleWebKit/537.36 (KHTML, like Gecko) Chrome/56.0.2924.87 Safari/537.36"
94.72.101.21 - - [02/Nov/2024:19:54:06 +0000] "GET /deploy/.env.production/dist/settings.ini HTTP/1.1" 404 564 "-" "Mozilla/5.0 (Macintosh; Intel Mac OS X 10_12_3) AppleWebKit/537.36 (KHTML, like Gecko) Chrome/56.0.2924.87 Safari/537.36"
94.72.101.21 - - [02/Nov/2024:19:54:06 +0000] "GET /deploy/.env.production/config/config.json HTTP/1.1" 404 564 "-" "Mozilla/5.0 (Macintosh; Intel Mac OS X 10_12_3) AppleWebKit/537.36 (KHTML, like Gecko) Chrome/56.0.2924.87 Safari/537.36"
94.72.101.21 - - [02/Nov/2024:19:54:06 +0000] "GET /deploy/.env.production/config/.env HTTP/1.1" 404 564 "-" "Mozilla/5.0 (Macintosh; Intel Mac OS X 10_12_3) AppleWebKit/537.36 (KHTML, like Gecko) Chrome/56.0.2924.87 Safari/537.36"
94.72.101.21 - - [02/Nov/2024:19:54:06 +0000] "GET /deploy/.env.production/config/secrets.yaml HTTP/1.1" 404 564 "-" "Mozilla/5.0 (Macintosh; Intel Mac OS X 10_12_3) AppleWebKit/537.36 (KHTML, like Gecko) Chrome/56.0.2924.87 Safari/537.36"
94.72.101.21 - - [02/Nov/2024:19:54:07 +0000] "GET /deploy/.env.production/config/vars.tf HTTP/1.1" 404 564 "-" "Mozilla/5.0 (Macintosh; Intel Mac OS X 10_12_3) AppleWebKit/537.36 (KHTML, like Gecko) Chrome/56.0.2924.87 Safari/537.36"
94.72.101.21 - - [02/Nov/2024:19:54:07 +0000] "GET /deploy/.env.production/config/credentials HTTP/1.1" 404 564 "-" "Mozilla/5.0 (Macintosh; Intel Mac OS X 10_12_3) AppleWebKit/537.36 (KHTML, like Gecko) Chrome/56.0.2924.87 Safari/537.36"
94.72.101.21 - - [02/Nov/2024:19:54:07 +0000] "GET /deploy/.env.production/config/secrets.json HTTP/1.1" 404 564 "-" "Mozilla/5.0 (Macintosh; Intel Mac OS X 10_12_3) AppleWebKit/537.36 (KHTML, like Gecko) Chrome/56.0.2924.87 Safari/537.36"
94.72.101.21 - - [02/Nov/2024:19:54:08 +0000] "GET /deploy/.env.production/config/keys.pem HTTP/1.1" 404 564 "-" "Mozilla/5.0 (Macintosh; Intel Mac OS X 10_12_3) AppleWebKit/537.36 (KHTML, like Gecko) Chrome/56.0.2924.87 Safari/537.36"
94.72.101.21 - - [02/Nov/2024:19:54:08 +0000] "GET /deploy/.env.production/config/settings.ini HTTP/1.1" 404 564 "-" "Mozilla/5.0 (Macintosh; Intel Mac OS X 10_12_3) AppleWebKit/537.36 (KHTML, like Gecko) Chrome/56.0.2924.87 Safari/537.36"
94.72.101.21 - - [02/Nov/2024:19:54:08 +0000] "GET /deploy/.env.production/backups/config.json HTTP/1.1" 404 564 "-" "Mozilla/5.0 (Macintosh; Intel Mac OS X 10_12_3) AppleWebKit/537.36 (KHTML, like Gecko) Chrome/56.0.2924.87 Safari/537.36"
94.72.101.21 - - [02/Nov/2024:19:54:08 +0000] "GET /deploy/.env.production/backups/.env HTTP/1.1" 404 564 "-" "Mozilla/5.0 (Macintosh; Intel Mac OS X 10_12_3) AppleWebKit/537.36 (KHTML, like Gecko) Chrome/56.0.2924.87 Safari/537.36"
94.72.101.21 - - [02/Nov/2024:19:54:09 +0000] "GET /deploy/.env.production/backups/secrets.yaml HTTP/1.1" 404 564 "-" "Mozilla/5.0 (Macintosh; Intel Mac OS X 10_12_3) AppleWebKit/537.36 (KHTML, like Gecko) Chrome/56.0.2924.87 Safari/537.36"
94.72.101.21 - - [02/Nov/2024:19:54:09 +0000] "GET /deploy/.env.production/backups/vars.tf HTTP/1.1" 404 564 "-" "Mozilla/5.0 (Macintosh; Intel Mac OS X 10_12_3) AppleWebKit/537.36 (KHTML, like Gecko) Chrome/56.0.2924.87 Safari/537.36"
94.72.101.21 - - [02/Nov/2024:19:54:09 +0000] "GET /deploy/.env.production/backups/credentials HTTP/1.1" 404 564 "-" "Mozilla/5.0 (Macintosh; Intel Mac OS X 10_12_3) AppleWebKit/537.36 (KHTML, like Gecko) Chrome/56.0.2924.87 Safari/537.36"
94.72.101.21 - - [02/Nov/2024:19:54:09 +0000] "GET /deploy/.env.production/backups/secrets.json HTTP/1.1" 404 564 "-" "Mozilla/5.0 (Macintosh; Intel Mac OS X 10_12_3) AppleWebKit/537.36 (KHTML, like Gecko) Chrome/56.0.2924.87 Safari/537.36"
94.72.101.21 - - [02/Nov/2024:19:54:09 +0000] "GET /deploy/.env.production/backups/keys.pem HTTP/1.1" 404 564 "-" "Mozilla/5.0 (Macintosh; Intel Mac OS X 10_12_3) AppleWebKit/537.36 (KHTML, like Gecko) Chrome/56.0.2924.87 Safari/537.36"
94.72.101.21 - - [02/Nov/2024:19:54:09 +0000] "GET /deploy/.env.production/backups/settings.ini HTTP/1.1" 404 564 "-" "Mozilla/5.0 (Macintosh; Intel Mac OS X 10_12_3) AppleWebKit/537.36 (KHTML, like Gecko) Chrome/56.0.2924.87 Safari/537.36"
94.72.101.21 - - [02/Nov/2024:19:54:10 +0000] "GET /deploy/.env.production/data/config.json HTTP/1.1" 404 564 "-" "Mozilla/5.0 (Macintosh; Intel Mac OS X 10_12_3) AppleWebKit/537.36 (KHTML, like Gecko) Chrome/56.0.2924.87 Safari/537.36"
94.72.101.21 - - [02/Nov/2024:19:54:10 +0000] "GET /deploy/.env.production/data/.env HTTP/1.1" 404 564 "-" "Mozilla/5.0 (Macintosh; Intel Mac OS X 10_12_3) AppleWebKit/537.36 (KHTML, like Gecko) Chrome/56.0.2924.87 Safari/537.36"
94.72.101.21 - - [02/Nov/2024:19:54:10 +0000] "GET /deploy/.env.production/data/secrets.yaml HTTP/1.1" 404 564 "-" "Mozilla/5.0 (Macintosh; Intel Mac OS X 10_12_3) AppleWebKit/537.36 (KHTML, like Gecko) Chrome/56.0.2924.87 Safari/537.36"
94.72.101.21 - - [02/Nov/2024:19:54:10 +0000] "GET /deploy/.env.production/data/vars.tf HTTP/1.1" 404 564 "-" "Mozilla/5.0 (Macintosh; Intel Mac OS X 10_12_3) AppleWebKit/537.36 (KHTML, like Gecko) Chrome/56.0.2924.87 Safari/537.36"
94.72.101.21 - - [02/Nov/2024:19:54:10 +0000] "GET /deploy/.env.production/data/credentials HTTP/1.1" 404 564 "-" "Mozilla/5.0 (Macintosh; Intel Mac OS X 10_12_3) AppleWebKit/537.36 (KHTML, like Gecko) Chrome/56.0.2924.87 Safari/537.36"
94.72.101.21 - - [02/Nov/2024:19:54:11 +0000] "GET /deploy/.env.production/data/secrets.json HTTP/1.1" 404 564 "-" "Mozilla/5.0 (Macintosh; Intel Mac OS X 10_12_3) AppleWebKit/537.36 (KHTML, like Gecko) Chrome/56.0.2924.87 Safari/537.36"
94.72.101.21 - - [02/Nov/2024:19:54:11 +0000] "GET /deploy/.env.production/data/keys.pem HTTP/1.1" 404 564 "-" "Mozilla/5.0 (Macintosh; Intel Mac OS X 10_12_3) AppleWebKit/537.36 (KHTML, like Gecko) Chrome/56.0.2924.87 Safari/537.36"
94.72.101.21 - - [02/Nov/2024:19:54:11 +0000] "GET /deploy/.env.production/data/settings.ini HTTP/1.1" 404 564 "-" "Mozilla/5.0 (Macintosh; Intel Mac OS X 10_12_3) AppleWebKit/537.36 (KHTML, like Gecko) Chrome/56.0.2924.87 Safari/537.36"
94.72.101.21 - - [02/Nov/2024:19:54:11 +0000] "GET /deploy/.env.staging/v1/config.json HTTP/1.1" 404 564 "-" "Mozilla/5.0 (Macintosh; Intel Mac OS X 10_12_3) AppleWebKit/537.36 (KHTML, like Gecko) Chrome/56.0.2924.87 Safari/537.36"
94.72.101.21 - - [02/Nov/2024:19:54:12 +0000] "GET /deploy/.env.staging/v1/.env HTTP/1.1" 404 564 "-" "Mozilla/5.0 (Macintosh; Intel Mac OS X 10_12_3) AppleWebKit/537.36 (KHTML, like Gecko) Chrome/56.0.2924.87 Safari/537.36"
94.72.101.21 - - [02/Nov/2024:19:54:12 +0000] "GET /deploy/.env.staging/v1/secrets.yaml HTTP/1.1" 404 564 "-" "Mozilla/5.0 (Macintosh; Intel Mac OS X 10_12_3) AppleWebKit/537.36 (KHTML, like Gecko) Chrome/56.0.2924.87 Safari/537.36"
94.72.101.21 - - [02/Nov/2024:19:54:12 +0000] "GET /deploy/.env.staging/v1/vars.tf HTTP/1.1" 404 564 "-" "Mozilla/5.0 (Macintosh; Intel Mac OS X 10_12_3) AppleWebKit/537.36 (KHTML, like Gecko) Chrome/56.0.2924.87 Safari/537.36"
94.72.101.21 - - [02/Nov/2024:19:54:12 +0000] "GET /deploy/.env.staging/v1/credentials HTTP/1.1" 404 564 "-" "Mozilla/5.0 (Macintosh; Intel Mac OS X 10_12_3) AppleWebKit/537.36 (KHTML, like Gecko) Chrome/56.0.2924.87 Safari/537.36"
94.72.101.21 - - [02/Nov/2024:19:54:13 +0000] "GET /deploy/.env.staging/v1/secrets.json HTTP/1.1" 404 564 "-" "Mozilla/5.0 (Macintosh; Intel Mac OS X 10_12_3) AppleWebKit/537.36 (KHTML, like Gecko) Chrome/56.0.2924.87 Safari/537.36"
94.72.101.21 - - [02/Nov/2024:19:54:13 +0000] "GET /deploy/.env.staging/v1/keys.pem HTTP/1.1" 404 564 "-" "Mozilla/5.0 (Macintosh; Intel Mac OS X 10_12_3) AppleWebKit/537.36 (KHTML, like Gecko) Chrome/56.0.2924.87 Safari/537.36"
94.72.101.21 - - [02/Nov/2024:19:54:13 +0000] "GET /deploy/.env.staging/v1/settings.ini HTTP/1.1" 404 564 "-" "Mozilla/5.0 (Macintosh; Intel Mac OS X 10_12_3) AppleWebKit/537.36 (KHTML, like Gecko) Chrome/56.0.2924.87 Safari/537.36"
94.72.101.21 - - [02/Nov/2024:19:54:14 +0000] "GET /deploy/.env.staging/v2/config.json HTTP/1.1" 404 564 "-" "Mozilla/5.0 (Macintosh; Intel Mac OS X 10_12_3) AppleWebKit/537.36 (KHTML, like Gecko) Chrome/56.0.2924.87 Safari/537.36"
94.72.101.21 - - [02/Nov/2024:19:54:14 +0000] "GET /deploy/.env.staging/v2/.env HTTP/1.1" 404 564 "-" "Mozilla/5.0 (Macintosh; Intel Mac OS X 10_12_3) AppleWebKit/537.36 (KHTML, like Gecko) Chrome/56.0.2924.87 Safari/537.36"
94.72.101.21 - - [02/Nov/2024:19:54:14 +0000] "GET /deploy/.env.staging/v2/secrets.yaml HTTP/1.1" 404 564 "-" "Mozilla/5.0 (Macintosh; Intel Mac OS X 10_12_3) AppleWebKit/537.36 (KHTML, like Gecko) Chrome/56.0.2924.87 Safari/537.36"
94.72.101.21 - - [02/Nov/2024:19:54:14 +0000] "GET /deploy/.env.staging/v2/vars.tf HTTP/1.1" 404 564 "-" "Mozilla/5.0 (Macintosh; Intel Mac OS X 10_12_3) AppleWebKit/537.36 (KHTML, like Gecko) Chrome/56.0.2924.87 Safari/537.36"
94.72.101.21 - - [02/Nov/2024:19:54:15 +0000] "GET /deploy/.env.staging/v2/credentials HTTP/1.1" 404 564 "-" "Mozilla/5.0 (Macintosh; Intel Mac OS X 10_12_3) AppleWebKit/537.36 (KHTML, like Gecko) Chrome/56.0.2924.87 Safari/537.36"
94.72.101.21 - - [02/Nov/2024:19:54:15 +0000] "GET /deploy/.env.staging/v2/secrets.json HTTP/1.1" 404 564 "-" "Mozilla/5.0 (Macintosh; Intel Mac OS X 10_12_3) AppleWebKit/537.36 (KHTML, like Gecko) Chrome/56.0.2924.87 Safari/537.36"
94.72.101.21 - - [02/Nov/2024:19:54:15 +0000] "GET /deploy/.env.staging/v2/keys.pem HTTP/1.1" 404 564 "-" "Mozilla/5.0 (Macintosh; Intel Mac OS X 10_12_3) AppleWebKit/537.36 (KHTML, like Gecko) Chrome/56.0.2924.87 Safari/537.36"
94.72.101.21 - - [02/Nov/2024:19:54:16 +0000] "GET /deploy/.env.staging/v2/settings.ini HTTP/1.1" 404 564 "-" "Mozilla/5.0 (Macintosh; Intel Mac OS X 10_12_3) AppleWebKit/537.36 (KHTML, like Gecko) Chrome/56.0.2924.87 Safari/537.36"
94.72.101.21 - - [02/Nov/2024:19:54:16 +0000] "GET /deploy/.env.staging/dev/config.json HTTP/1.1" 404 564 "-" "Mozilla/5.0 (Macintosh; Intel Mac OS X 10_12_3) AppleWebKit/537.36 (KHTML, like Gecko) Chrome/56.0.2924.87 Safari/537.36"
94.72.101.21 - - [02/Nov/2024:19:54:16 +0000] "GET /deploy/.env.staging/dev/.env HTTP/1.1" 404 564 "-" "Mozilla/5.0 (Macintosh; Intel Mac OS X 10_12_3) AppleWebKit/537.36 (KHTML, like Gecko) Chrome/56.0.2924.87 Safari/537.36"
94.72.101.21 - - [02/Nov/2024:19:54:16 +0000] "GET /deploy/.env.staging/dev/secrets.yaml HTTP/1.1" 404 564 "-" "Mozilla/5.0 (Macintosh; Intel Mac OS X 10_12_3) AppleWebKit/537.36 (KHTML, like Gecko) Chrome/56.0.2924.87 Safari/537.36"
94.72.101.21 - - [02/Nov/2024:19:54:17 +0000] "GET /deploy/.env.staging/dev/vars.tf HTTP/1.1" 404 564 "-" "Mozilla/5.0 (Macintosh; Intel Mac OS X 10_12_3) AppleWebKit/537.36 (KHTML, like Gecko) Chrome/56.0.2924.87 Safari/537.36"
94.72.101.21 - - [02/Nov/2024:19:54:17 +0000] "GET /deploy/.env.staging/dev/credentials HTTP/1.1" 404 564 "-" "Mozilla/5.0 (Macintosh; Intel Mac OS X 10_12_3) AppleWebKit/537.36 (KHTML, like Gecko) Chrome/56.0.2924.87 Safari/537.36"
94.72.101.21 - - [02/Nov/2024:19:54:17 +0000] "GET /deploy/.env.staging/dev/secrets.json HTTP/1.1" 404 564 "-" "Mozilla/5.0 (Macintosh; Intel Mac OS X 10_12_3) AppleWebKit/537.36 (KHTML, like Gecko) Chrome/56.0.2924.87 Safari/537.36"
94.72.101.21 - - [02/Nov/2024:19:54:18 +0000] "GET /deploy/.env.staging/dev/keys.pem HTTP/1.1" 404 564 "-" "Mozilla/5.0 (Macintosh; Intel Mac OS X 10_12_3) AppleWebKit/537.36 (KHTML, like Gecko) Chrome/56.0.2924.87 Safari/537.36"
94.72.101.21 - - [02/Nov/2024:19:54:18 +0000] "GET /deploy/.env.staging/dev/settings.ini HTTP/1.1" 404 564 "-" "Mozilla/5.0 (Macintosh; Intel Mac OS X 10_12_3) AppleWebKit/537.36 (KHTML, like Gecko) Chrome/56.0.2924.87 Safari/537.36"
94.72.101.21 - - [02/Nov/2024:19:54:18 +0000] "GET /deploy/.env.staging/prod/config.json HTTP/1.1" 404 564 "-" "Mozilla/5.0 (Macintosh; Intel Mac OS X 10_12_3) AppleWebKit/537.36 (KHTML, like Gecko) Chrome/56.0.2924.87 Safari/537.36"
94.72.101.21 - - [02/Nov/2024:19:54:18 +0000] "GET /deploy/.env.staging/prod/.env HTTP/1.1" 404 564 "-" "Mozilla/5.0 (Macintosh; Intel Mac OS X 10_12_3) AppleWebKit/537.36 (KHTML, like Gecko) Chrome/56.0.2924.87 Safari/537.36"
94.72.101.21 - - [02/Nov/2024:19:54:19 +0000] "GET /deploy/.env.staging/prod/secrets.yaml HTTP/1.1" 404 564 "-" "Mozilla/5.0 (Macintosh; Intel Mac OS X 10_12_3) AppleWebKit/537.36 (KHTML, like Gecko) Chrome/56.0.2924.87 Safari/537.36"
94.72.101.21 - - [02/Nov/2024:19:54:19 +0000] "GET /deploy/.env.staging/prod/vars.tf HTTP/1.1" 404 564 "-" "Mozilla/5.0 (Macintosh; Intel Mac OS X 10_12_3) AppleWebKit/537.36 (KHTML, like Gecko) Chrome/56.0.2924.87 Safari/537.36"
94.72.101.21 - - [02/Nov/2024:19:54:19 +0000] "GET /deploy/.env.staging/prod/credentials HTTP/1.1" 404 564 "-" "Mozilla/5.0 (Macintosh; Intel Mac OS X 10_12_3) AppleWebKit/537.36 (KHTML, like Gecko) Chrome/56.0.2924.87 Safari/537.36"
94.72.101.21 - - [02/Nov/2024:19:54:19 +0000] "GET /deploy/.env.staging/prod/secrets.json HTTP/1.1" 404 564 "-" "Mozilla/5.0 (Macintosh; Intel Mac OS X 10_12_3) AppleWebKit/537.36 (KHTML, like Gecko) Chrome/56.0.2924.87 Safari/537.36"
94.72.101.21 - - [02/Nov/2024:19:54:19 +0000] "GET /deploy/.env.staging/prod/keys.pem HTTP/1.1" 404 564 "-" "Mozilla/5.0 (Macintosh; Intel Mac OS X 10_12_3) AppleWebKit/537.36 (KHTML, like Gecko) Chrome/56.0.2924.87 Safari/537.36"
94.72.101.21 - - [02/Nov/2024:19:54:20 +0000] "GET /deploy/.env.staging/prod/settings.ini HTTP/1.1" 404 564 "-" "Mozilla/5.0 (Macintosh; Intel Mac OS X 10_12_3) AppleWebKit/537.36 (KHTML, like Gecko) Chrome/56.0.2924.87 Safari/537.36"
94.72.101.21 - - [02/Nov/2024:19:54:20 +0000] "GET /deploy/.env.staging/staging/config.json HTTP/1.1" 404 564 "-" "Mozilla/5.0 (Macintosh; Intel Mac OS X 10_12_3) AppleWebKit/537.36 (KHTML, like Gecko) Chrome/56.0.2924.87 Safari/537.36"
94.72.101.21 - - [02/Nov/2024:19:54:21 +0000] "GET /deploy/.env.staging/staging/.env HTTP/1.1" 404 564 "-" "Mozilla/5.0 (Macintosh; Intel Mac OS X 10_12_3) AppleWebKit/537.36 (KHTML, like Gecko) Chrome/56.0.2924.87 Safari/537.36"
94.72.101.21 - - [02/Nov/2024:19:54:21 +0000] "GET /deploy/.env.staging/staging/secrets.yaml HTTP/1.1" 404 564 "-" "Mozilla/5.0 (Macintosh; Intel Mac OS X 10_12_3) AppleWebKit/537.36 (KHTML, like Gecko) Chrome/56.0.2924.87 Safari/537.36"
94.72.101.21 - - [02/Nov/2024:19:54:21 +0000] "GET /deploy/.env.staging/staging/vars.tf HTTP/1.1" 404 564 "-" "Mozilla/5.0 (Macintosh; Intel Mac OS X 10_12_3) AppleWebKit/537.36 (KHTML, like Gecko) Chrome/56.0.2924.87 Safari/537.36"
94.72.101.21 - - [02/Nov/2024:19:54:21 +0000] "GET /deploy/.env.staging/staging/credentials HTTP/1.1" 404 564 "-" "Mozilla/5.0 (Macintosh; Intel Mac OS X 10_12_3) AppleWebKit/537.36 (KHTML, like Gecko) Chrome/56.0.2924.87 Safari/537.36"
94.72.101.21 - - [02/Nov/2024:19:54:21 +0000] "GET /deploy/.env.staging/staging/secrets.json HTTP/1.1" 404 564 "-" "Mozilla/5.0 (Macintosh; Intel Mac OS X 10_12_3) AppleWebKit/537.36 (KHTML, like Gecko) Chrome/56.0.2924.87 Safari/537.36"
94.72.101.21 - - [02/Nov/2024:19:54:22 +0000] "GET /deploy/.env.staging/staging/keys.pem HTTP/1.1" 404 564 "-" "Mozilla/5.0 (Macintosh; Intel Mac OS X 10_12_3) AppleWebKit/537.36 (KHTML, like Gecko) Chrome/56.0.2924.87 Safari/537.36"
94.72.101.21 - - [02/Nov/2024:19:54:22 +0000] "GET /deploy/.env.staging/staging/settings.ini HTTP/1.1" 404 564 "-" "Mozilla/5.0 (Macintosh; Intel Mac OS X 10_12_3) AppleWebKit/537.36 (KHTML, like Gecko) Chrome/56.0.2924.87 Safari/537.36"
94.72.101.21 - - [02/Nov/2024:19:54:23 +0000] "GET /deploy/.env.staging/src/config.json HTTP/1.1" 404 564 "-" "Mozilla/5.0 (Macintosh; Intel Mac OS X 10_12_3) AppleWebKit/537.36 (KHTML, like Gecko) Chrome/56.0.2924.87 Safari/537.36"
94.72.101.21 - - [02/Nov/2024:19:54:23 +0000] "GET /deploy/.env.staging/src/.env HTTP/1.1" 404 564 "-" "Mozilla/5.0 (Macintosh; Intel Mac OS X 10_12_3) AppleWebKit/537.36 (KHTML, like Gecko) Chrome/56.0.2924.87 Safari/537.36"
94.72.101.21 - - [02/Nov/2024:19:54:24 +0000] "GET /deploy/.env.staging/src/secrets.yaml HTTP/1.1" 404 564 "-" "Mozilla/5.0 (Macintosh; Intel Mac OS X 10_12_3) AppleWebKit/537.36 (KHTML, like Gecko) Chrome/56.0.2924.87 Safari/537.36"
94.72.101.21 - - [02/Nov/2024:19:54:24 +0000] "GET /deploy/.env.staging/src/vars.tf HTTP/1.1" 404 564 "-" "Mozilla/5.0 (Macintosh; Intel Mac OS X 10_12_3) AppleWebKit/537.36 (KHTML, like Gecko) Chrome/56.0.2924.87 Safari/537.36"
94.72.101.21 - - [02/Nov/2024:19:54:24 +0000] "GET /deploy/.env.staging/src/credentials HTTP/1.1" 404 564 "-" "Mozilla/5.0 (Macintosh; Intel Mac OS X 10_12_3) AppleWebKit/537.36 (KHTML, like Gecko) Chrome/56.0.2924.87 Safari/537.36"
94.72.101.21 - - [02/Nov/2024:19:54:24 +0000] "GET /deploy/.env.staging/src/secrets.json HTTP/1.1" 404 564 "-" "Mozilla/5.0 (Macintosh; Intel Mac OS X 10_12_3) AppleWebKit/537.36 (KHTML, like Gecko) Chrome/56.0.2924.87 Safari/537.36"
94.72.101.21 - - [02/Nov/2024:19:54:24 +0000] "GET /deploy/.env.staging/src/keys.pem HTTP/1.1" 404 564 "-" "Mozilla/5.0 (Macintosh; Intel Mac OS X 10_12_3) AppleWebKit/537.36 (KHTML, like Gecko) Chrome/56.0.2924.87 Safari/537.36"
94.72.101.21 - - [02/Nov/2024:19:54:25 +0000] "GET /deploy/.env.staging/src/settings.ini HTTP/1.1" 404 564 "-" "Mozilla/5.0 (Macintosh; Intel Mac OS X 10_12_3) AppleWebKit/537.36 (KHTML, like Gecko) Chrome/56.0.2924.87 Safari/537.36"
94.72.101.21 - - [02/Nov/2024:19:54:25 +0000] "GET /deploy/.env.staging/dist/config.json HTTP/1.1" 404 564 "-" "Mozilla/5.0 (Macintosh; Intel Mac OS X 10_12_3) AppleWebKit/537.36 (KHTML, like Gecko) Chrome/56.0.2924.87 Safari/537.36"
94.72.101.21 - - [02/Nov/2024:19:54:25 +0000] "GET /deploy/.env.staging/dist/.env HTTP/1.1" 404 564 "-" "Mozilla/5.0 (Macintosh; Intel Mac OS X 10_12_3) AppleWebKit/537.36 (KHTML, like Gecko) Chrome/56.0.2924.87 Safari/537.36"
94.72.101.21 - - [02/Nov/2024:19:54:26 +0000] "GET /deploy/.env.staging/dist/secrets.yaml HTTP/1.1" 404 564 "-" "Mozilla/5.0 (Macintosh; Intel Mac OS X 10_12_3) AppleWebKit/537.36 (KHTML, like Gecko) Chrome/56.0.2924.87 Safari/537.36"
94.72.101.21 - - [02/Nov/2024:19:54:26 +0000] "GET /deploy/.env.staging/dist/vars.tf HTTP/1.1" 404 564 "-" "Mozilla/5.0 (Macintosh; Intel Mac OS X 10_12_3) AppleWebKit/537.36 (KHTML, like Gecko) Chrome/56.0.2924.87 Safari/537.36"
94.72.101.21 - - [02/Nov/2024:19:54:26 +0000] "GET /deploy/.env.staging/dist/credentials HTTP/1.1" 404 564 "-" "Mozilla/5.0 (Macintosh; Intel Mac OS X 10_12_3) AppleWebKit/537.36 (KHTML, like Gecko) Chrome/56.0.2924.87 Safari/537.36"
94.72.101.21 - - [02/Nov/2024:19:54:27 +0000] "GET /deploy/.env.staging/dist/secrets.json HTTP/1.1" 404 564 "-" "Mozilla/5.0 (Macintosh; Intel Mac OS X 10_12_3) AppleWebKit/537.36 (KHTML, like Gecko) Chrome/56.0.2924.87 Safari/537.36"
94.72.101.21 - - [02/Nov/2024:19:54:27 +0000] "GET /deploy/.env.staging/dist/keys.pem HTTP/1.1" 404 564 "-" "Mozilla/5.0 (Macintosh; Intel Mac OS X 10_12_3) AppleWebKit/537.36 (KHTML, like Gecko) Chrome/56.0.2924.87 Safari/537.36"
94.72.101.21 - - [02/Nov/2024:19:54:27 +0000] "GET /deploy/.env.staging/dist/settings.ini HTTP/1.1" 404 564 "-" "Mozilla/5.0 (Macintosh; Intel Mac OS X 10_12_3) AppleWebKit/537.36 (KHTML, like Gecko) Chrome/56.0.2924.87 Safari/537.36"
94.72.101.21 - - [02/Nov/2024:19:54:27 +0000] "GET /deploy/.env.staging/config/config.json HTTP/1.1" 404 564 "-" "Mozilla/5.0 (Macintosh; Intel Mac OS X 10_12_3) AppleWebKit/537.36 (KHTML, like Gecko) Chrome/56.0.2924.87 Safari/537.36"
94.72.101.21 - - [02/Nov/2024:19:54:28 +0000] "GET /deploy/.env.staging/config/.env HTTP/1.1" 404 564 "-" "Mozilla/5.0 (Macintosh; Intel Mac OS X 10_12_3) AppleWebKit/537.36 (KHTML, like Gecko) Chrome/56.0.2924.87 Safari/537.36"
94.72.101.21 - - [02/Nov/2024:19:54:28 +0000] "GET /deploy/.env.staging/config/secrets.yaml HTTP/1.1" 404 564 "-" "Mozilla/5.0 (Macintosh; Intel Mac OS X 10_12_3) AppleWebKit/537.36 (KHTML, like Gecko) Chrome/56.0.2924.87 Safari/537.36"
94.72.101.21 - - [02/Nov/2024:19:54:28 +0000] "GET /deploy/.env.staging/config/vars.tf HTTP/1.1" 404 564 "-" "Mozilla/5.0 (Macintosh; Intel Mac OS X 10_12_3) AppleWebKit/537.36 (KHTML, like Gecko) Chrome/56.0.2924.87 Safari/537.36"
94.72.101.21 - - [02/Nov/2024:19:54:29 +0000] "GET /deploy/.env.staging/config/credentials HTTP/1.1" 404 564 "-" "Mozilla/5.0 (Macintosh; Intel Mac OS X 10_12_3) AppleWebKit/537.36 (KHTML, like Gecko) Chrome/56.0.2924.87 Safari/537.36"
94.72.101.21 - - [02/Nov/2024:19:54:29 +0000] "GET /deploy/.env.staging/config/secrets.json HTTP/1.1" 404 564 "-" "Mozilla/5.0 (Macintosh; Intel Mac OS X 10_12_3) AppleWebKit/537.36 (KHTML, like Gecko) Chrome/56.0.2924.87 Safari/537.36"
94.72.101.21 - - [02/Nov/2024:19:54:29 +0000] "GET /deploy/.env.staging/config/keys.pem HTTP/1.1" 404 564 "-" "Mozilla/5.0 (Macintosh; Intel Mac OS X 10_12_3) AppleWebKit/537.36 (KHTML, like Gecko) Chrome/56.0.2924.87 Safari/537.36"
94.72.101.21 - - [02/Nov/2024:19:54:30 +0000] "GET /deploy/.env.staging/config/settings.ini HTTP/1.1" 404 564 "-" "Mozilla/5.0 (Macintosh; Intel Mac OS X 10_12_3) AppleWebKit/537.36 (KHTML, like Gecko) Chrome/56.0.2924.87 Safari/537.36"
94.72.101.21 - - [02/Nov/2024:19:54:30 +0000] "GET /deploy/.env.staging/backups/config.json HTTP/1.1" 404 564 "-" "Mozilla/5.0 (Macintosh; Intel Mac OS X 10_12_3) AppleWebKit/537.36 (KHTML, like Gecko) Chrome/56.0.2924.87 Safari/537.36"
94.72.101.21 - - [02/Nov/2024:19:54:30 +0000] "GET /deploy/.env.staging/backups/.env HTTP/1.1" 404 564 "-" "Mozilla/5.0 (Macintosh; Intel Mac OS X 10_12_3) AppleWebKit/537.36 (KHTML, like Gecko) Chrome/56.0.2924.87 Safari/537.36"
94.72.101.21 - - [02/Nov/2024:19:54:30 +0000] "GET /deploy/.env.staging/backups/secrets.yaml HTTP/1.1" 404 564 "-" "Mozilla/5.0 (Macintosh; Intel Mac OS X 10_12_3) AppleWebKit/537.36 (KHTML, like Gecko) Chrome/56.0.2924.87 Safari/537.36"
94.72.101.21 - - [02/Nov/2024:19:54:31 +0000] "GET /deploy/.env.staging/backups/vars.tf HTTP/1.1" 404 564 "-" "Mozilla/5.0 (Macintosh; Intel Mac OS X 10_12_3) AppleWebKit/537.36 (KHTML, like Gecko) Chrome/56.0.2924.87 Safari/537.36"
94.72.101.21 - - [02/Nov/2024:19:54:31 +0000] "GET /deploy/.env.staging/backups/credentials HTTP/1.1" 404 564 "-" "Mozilla/5.0 (Macintosh; Intel Mac OS X 10_12_3) AppleWebKit/537.36 (KHTML, like Gecko) Chrome/56.0.2924.87 Safari/537.36"
94.72.101.21 - - [02/Nov/2024:19:54:31 +0000] "GET /deploy/.env.staging/backups/secrets.json HTTP/1.1" 404 564 "-" "Mozilla/5.0 (Macintosh; Intel Mac OS X 10_12_3) AppleWebKit/537.36 (KHTML, like Gecko) Chrome/56.0.2924.87 Safari/537.36"
94.72.101.21 - - [02/Nov/2024:19:54:32 +0000] "GET /deploy/.env.staging/backups/keys.pem HTTP/1.1" 404 564 "-" "Mozilla/5.0 (Macintosh; Intel Mac OS X 10_12_3) AppleWebKit/537.36 (KHTML, like Gecko) Chrome/56.0.2924.87 Safari/537.36"
94.72.101.21 - - [02/Nov/2024:19:54:32 +0000] "GET /deploy/.env.staging/backups/settings.ini HTTP/1.1" 404 564 "-" "Mozilla/5.0 (Macintosh; Intel Mac OS X 10_12_3) AppleWebKit/537.36 (KHTML, like Gecko) Chrome/56.0.2924.87 Safari/537.36"
94.72.101.21 - - [02/Nov/2024:19:54:32 +0000] "GET /deploy/.env.staging/data/config.json HTTP/1.1" 404 564 "-" "Mozilla/5.0 (Macintosh; Intel Mac OS X 10_12_3) AppleWebKit/537.36 (KHTML, like Gecko) Chrome/56.0.2924.87 Safari/537.36"
94.72.101.21 - - [02/Nov/2024:19:54:32 +0000] "GET /deploy/.env.staging/data/.env HTTP/1.1" 404 564 "-" "Mozilla/5.0 (Macintosh; Intel Mac OS X 10_12_3) AppleWebKit/537.36 (KHTML, like Gecko) Chrome/56.0.2924.87 Safari/537.36"
94.72.101.21 - - [02/Nov/2024:19:54:33 +0000] "GET /deploy/.env.staging/data/secrets.yaml HTTP/1.1" 404 564 "-" "Mozilla/5.0 (Macintosh; Intel Mac OS X 10_12_3) AppleWebKit/537.36 (KHTML, like Gecko) Chrome/56.0.2924.87 Safari/537.36"
94.72.101.21 - - [02/Nov/2024:19:54:33 +0000] "GET /deploy/.env.staging/data/vars.tf HTTP/1.1" 404 564 "-" "Mozilla/5.0 (Macintosh; Intel Mac OS X 10_12_3) AppleWebKit/537.36 (KHTML, like Gecko) Chrome/56.0.2924.87 Safari/537.36"
94.72.101.21 - - [02/Nov/2024:19:54:33 +0000] "GET /deploy/.env.staging/data/credentials HTTP/1.1" 404 564 "-" "Mozilla/5.0 (Macintosh; Intel Mac OS X 10_12_3) AppleWebKit/537.36 (KHTML, like Gecko) Chrome/56.0.2924.87 Safari/537.36"
94.72.101.21 - - [02/Nov/2024:19:54:33 +0000] "GET /deploy/.env.staging/data/secrets.json HTTP/1.1" 404 564 "-" "Mozilla/5.0 (Macintosh; Intel Mac OS X 10_12_3) AppleWebKit/537.36 (KHTML, like Gecko) Chrome/56.0.2924.87 Safari/537.36"
94.72.101.21 - - [02/Nov/2024:19:54:33 +0000] "GET /deploy/.env.staging/data/keys.pem HTTP/1.1" 404 564 "-" "Mozilla/5.0 (Macintosh; Intel Mac OS X 10_12_3) AppleWebKit/537.36 (KHTML, like Gecko) Chrome/56.0.2924.87 Safari/537.36"
94.72.101.21 - - [02/Nov/2024:19:54:33 +0000] "GET /deploy/.env.staging/data/settings.ini HTTP/1.1" 404 564 "-" "Mozilla/5.0 (Macintosh; Intel Mac OS X 10_12_3) AppleWebKit/537.36 (KHTML, like Gecko) Chrome/56.0.2924.87 Safari/537.36"
94.72.101.21 - - [02/Nov/2024:19:54:34 +0000] "GET /deploy/settings.prod.env/v1/config.json HTTP/1.1" 404 564 "-" "Mozilla/5.0 (Macintosh; Intel Mac OS X 10_12_3) AppleWebKit/537.36 (KHTML, like Gecko) Chrome/56.0.2924.87 Safari/537.36"
94.72.101.21 - - [02/Nov/2024:19:54:34 +0000] "GET /deploy/settings.prod.env/v1/.env HTTP/1.1" 404 564 "-" "Mozilla/5.0 (Macintosh; Intel Mac OS X 10_12_3) AppleWebKit/537.36 (KHTML, like Gecko) Chrome/56.0.2924.87 Safari/537.36"
94.72.101.21 - - [02/Nov/2024:19:54:34 +0000] "GET /deploy/settings.prod.env/v1/secrets.yaml HTTP/1.1" 404 564 "-" "Mozilla/5.0 (Macintosh; Intel Mac OS X 10_12_3) AppleWebKit/537.36 (KHTML, like Gecko) Chrome/56.0.2924.87 Safari/537.36"
94.72.101.21 - - [02/Nov/2024:19:54:34 +0000] "GET /deploy/settings.prod.env/v1/vars.tf HTTP/1.1" 404 564 "-" "Mozilla/5.0 (Macintosh; Intel Mac OS X 10_12_3) AppleWebKit/537.36 (KHTML, like Gecko) Chrome/56.0.2924.87 Safari/537.36"
94.72.101.21 - - [02/Nov/2024:19:54:35 +0000] "GET /deploy/settings.prod.env/v1/credentials HTTP/1.1" 404 564 "-" "Mozilla/5.0 (Macintosh; Intel Mac OS X 10_12_3) AppleWebKit/537.36 (KHTML, like Gecko) Chrome/56.0.2924.87 Safari/537.36"
94.72.101.21 - - [02/Nov/2024:19:54:35 +0000] "GET /deploy/settings.prod.env/v1/secrets.json HTTP/1.1" 404 564 "-" "Mozilla/5.0 (Macintosh; Intel Mac OS X 10_12_3) AppleWebKit/537.36 (KHTML, like Gecko) Chrome/56.0.2924.87 Safari/537.36"
94.72.101.21 - - [02/Nov/2024:19:54:35 +0000] "GET /deploy/settings.prod.env/v1/keys.pem HTTP/1.1" 404 564 "-" "Mozilla/5.0 (Macintosh; Intel Mac OS X 10_12_3) AppleWebKit/537.36 (KHTML, like Gecko) Chrome/56.0.2924.87 Safari/537.36"
94.72.101.21 - - [02/Nov/2024:19:54:35 +0000] "GET /deploy/settings.prod.env/v1/settings.ini HTTP/1.1" 404 564 "-" "Mozilla/5.0 (Macintosh; Intel Mac OS X 10_12_3) AppleWebKit/537.36 (KHTML, like Gecko) Chrome/56.0.2924.87 Safari/537.36"
94.72.101.21 - - [02/Nov/2024:19:54:35 +0000] "GET /deploy/settings.prod.env/v2/config.json HTTP/1.1" 404 564 "-" "Mozilla/5.0 (Macintosh; Intel Mac OS X 10_12_3) AppleWebKit/537.36 (KHTML, like Gecko) Chrome/56.0.2924.87 Safari/537.36"
94.72.101.21 - - [02/Nov/2024:19:54:35 +0000] "GET /deploy/settings.prod.env/v2/.env HTTP/1.1" 404 564 "-" "Mozilla/5.0 (Macintosh; Intel Mac OS X 10_12_3) AppleWebKit/537.36 (KHTML, like Gecko) Chrome/56.0.2924.87 Safari/537.36"
94.72.101.21 - - [02/Nov/2024:19:54:36 +0000] "GET /deploy/settings.prod.env/v2/secrets.yaml HTTP/1.1" 404 564 "-" "Mozilla/5.0 (Macintosh; Intel Mac OS X 10_12_3) AppleWebKit/537.36 (KHTML, like Gecko) Chrome/56.0.2924.87 Safari/537.36"
94.72.101.21 - - [02/Nov/2024:19:54:36 +0000] "GET /deploy/settings.prod.env/v2/vars.tf HTTP/1.1" 404 564 "-" "Mozilla/5.0 (Macintosh; Intel Mac OS X 10_12_3) AppleWebKit/537.36 (KHTML, like Gecko) Chrome/56.0.2924.87 Safari/537.36"
94.72.101.21 - - [02/Nov/2024:19:54:36 +0000] "GET /deploy/settings.prod.env/v2/credentials HTTP/1.1" 404 564 "-" "Mozilla/5.0 (Macintosh; Intel Mac OS X 10_12_3) AppleWebKit/537.36 (KHTML, like Gecko) Chrome/56.0.2924.87 Safari/537.36"
94.72.101.21 - - [02/Nov/2024:19:54:37 +0000] "GET /deploy/settings.prod.env/v2/secrets.json HTTP/1.1" 404 564 "-" "Mozilla/5.0 (Macintosh; Intel Mac OS X 10_12_3) AppleWebKit/537.36 (KHTML, like Gecko) Chrome/56.0.2924.87 Safari/537.36"
94.72.101.21 - - [02/Nov/2024:19:54:37 +0000] "GET /deploy/settings.prod.env/v2/keys.pem HTTP/1.1" 404 564 "-" "Mozilla/5.0 (Macintosh; Intel Mac OS X 10_12_3) AppleWebKit/537.36 (KHTML, like Gecko) Chrome/56.0.2924.87 Safari/537.36"
94.72.101.21 - - [02/Nov/2024:19:54:37 +0000] "GET /deploy/settings.prod.env/v2/settings.ini HTTP/1.1" 404 564 "-" "Mozilla/5.0 (Macintosh; Intel Mac OS X 10_12_3) AppleWebKit/537.36 (KHTML, like Gecko) Chrome/56.0.2924.87 Safari/537.36"
94.72.101.21 - - [02/Nov/2024:19:54:37 +0000] "GET /deploy/settings.prod.env/dev/config.json HTTP/1.1" 404 564 "-" "Mozilla/5.0 (Macintosh; Intel Mac OS X 10_12_3) AppleWebKit/537.36 (KHTML, like Gecko) Chrome/56.0.2924.87 Safari/537.36"
94.72.101.21 - - [02/Nov/2024:19:54:37 +0000] "GET /deploy/settings.prod.env/dev/.env HTTP/1.1" 404 564 "-" "Mozilla/5.0 (Macintosh; Intel Mac OS X 10_12_3) AppleWebKit/537.36 (KHTML, like Gecko) Chrome/56.0.2924.87 Safari/537.36"
94.72.101.21 - - [02/Nov/2024:19:54:37 +0000] "GET /deploy/settings.prod.env/dev/secrets.yaml HTTP/1.1" 404 564 "-" "Mozilla/5.0 (Macintosh; Intel Mac OS X 10_12_3) AppleWebKit/537.36 (KHTML, like Gecko) Chrome/56.0.2924.87 Safari/537.36"
94.72.101.21 - - [02/Nov/2024:19:54:38 +0000] "GET /deploy/settings.prod.env/dev/vars.tf HTTP/1.1" 404 564 "-" "Mozilla/5.0 (Macintosh; Intel Mac OS X 10_12_3) AppleWebKit/537.36 (KHTML, like Gecko) Chrome/56.0.2924.87 Safari/537.36"
94.72.101.21 - - [02/Nov/2024:19:54:38 +0000] "GET /deploy/settings.prod.env/dev/credentials HTTP/1.1" 404 564 "-" "Mozilla/5.0 (Macintosh; Intel Mac OS X 10_12_3) AppleWebKit/537.36 (KHTML, like Gecko) Chrome/56.0.2924.87 Safari/537.36"
94.72.101.21 - - [02/Nov/2024:19:54:38 +0000] "GET /deploy/settings.prod.env/dev/secrets.json HTTP/1.1" 404 564 "-" "Mozilla/5.0 (Macintosh; Intel Mac OS X 10_12_3) AppleWebKit/537.36 (KHTML, like Gecko) Chrome/56.0.2924.87 Safari/537.36"
94.72.101.21 - - [02/Nov/2024:19:54:38 +0000] "GET /deploy/settings.prod.env/dev/keys.pem HTTP/1.1" 404 564 "-" "Mozilla/5.0 (Macintosh; Intel Mac OS X 10_12_3) AppleWebKit/537.36 (KHTML, like Gecko) Chrome/56.0.2924.87 Safari/537.36"
94.72.101.21 - - [02/Nov/2024:19:54:39 +0000] "GET /deploy/settings.prod.env/dev/settings.ini HTTP/1.1" 404 564 "-" "Mozilla/5.0 (Macintosh; Intel Mac OS X 10_12_3) AppleWebKit/537.36 (KHTML, like Gecko) Chrome/56.0.2924.87 Safari/537.36"
94.72.101.21 - - [02/Nov/2024:19:54:39 +0000] "GET /deploy/settings.prod.env/prod/config.json HTTP/1.1" 404 564 "-" "Mozilla/5.0 (Macintosh; Intel Mac OS X 10_12_3) AppleWebKit/537.36 (KHTML, like Gecko) Chrome/56.0.2924.87 Safari/537.36"
94.72.101.21 - - [02/Nov/2024:19:54:39 +0000] "GET /deploy/settings.prod.env/prod/.env HTTP/1.1" 404 564 "-" "Mozilla/5.0 (Macintosh; Intel Mac OS X 10_12_3) AppleWebKit/537.36 (KHTML, like Gecko) Chrome/56.0.2924.87 Safari/537.36"
94.72.101.21 - - [02/Nov/2024:19:54:39 +0000] "GET /deploy/settings.prod.env/prod/secrets.yaml HTTP/1.1" 404 564 "-" "Mozilla/5.0 (Macintosh; Intel Mac OS X 10_12_3) AppleWebKit/537.36 (KHTML, like Gecko) Chrome/56.0.2924.87 Safari/537.36"
94.72.101.21 - - [02/Nov/2024:19:54:39 +0000] "GET /deploy/settings.prod.env/prod/vars.tf HTTP/1.1" 404 564 "-" "Mozilla/5.0 (Macintosh; Intel Mac OS X 10_12_3) AppleWebKit/537.36 (KHTML, like Gecko) Chrome/56.0.2924.87 Safari/537.36"
94.72.101.21 - - [02/Nov/2024:19:54:40 +0000] "GET /deploy/settings.prod.env/prod/credentials HTTP/1.1" 404 564 "-" "Mozilla/5.0 (Macintosh; Intel Mac OS X 10_12_3) AppleWebKit/537.36 (KHTML, like Gecko) Chrome/56.0.2924.87 Safari/537.36"
94.72.101.21 - - [02/Nov/2024:19:54:40 +0000] "GET /deploy/settings.prod.env/prod/secrets.json HTTP/1.1" 404 564 "-" "Mozilla/5.0 (Macintosh; Intel Mac OS X 10_12_3) AppleWebKit/537.36 (KHTML, like Gecko) Chrome/56.0.2924.87 Safari/537.36"
94.72.101.21 - - [02/Nov/2024:19:54:40 +0000] "GET /deploy/settings.prod.env/prod/keys.pem HTTP/1.1" 404 564 "-" "Mozilla/5.0 (Macintosh; Intel Mac OS X 10_12_3) AppleWebKit/537.36 (KHTML, like Gecko) Chrome/56.0.2924.87 Safari/537.36"
94.72.101.21 - - [02/Nov/2024:19:54:40 +0000] "GET /deploy/settings.prod.env/prod/settings.ini HTTP/1.1" 404 564 "-" "Mozilla/5.0 (Macintosh; Intel Mac OS X 10_12_3) AppleWebKit/537.36 (KHTML, like Gecko) Chrome/56.0.2924.87 Safari/537.36"
94.72.101.21 - - [02/Nov/2024:19:54:41 +0000] "GET /deploy/settings.prod.env/staging/config.json HTTP/1.1" 404 564 "-" "Mozilla/5.0 (Macintosh; Intel Mac OS X 10_12_3) AppleWebKit/537.36 (KHTML, like Gecko) Chrome/56.0.2924.87 Safari/537.36"
94.72.101.21 - - [02/Nov/2024:19:54:41 +0000] "GET /deploy/settings.prod.env/staging/.env HTTP/1.1" 404 564 "-" "Mozilla/5.0 (Macintosh; Intel Mac OS X 10_12_3) AppleWebKit/537.36 (KHTML, like Gecko) Chrome/56.0.2924.87 Safari/537.36"
94.72.101.21 - - [02/Nov/2024:19:54:41 +0000] "GET /deploy/settings.prod.env/staging/secrets.yaml HTTP/1.1" 404 564 "-" "Mozilla/5.0 (Macintosh; Intel Mac OS X 10_12_3) AppleWebKit/537.36 (KHTML, like Gecko) Chrome/56.0.2924.87 Safari/537.36"
94.72.101.21 - - [02/Nov/2024:19:54:42 +0000] "GET /deploy/settings.prod.env/staging/vars.tf HTTP/1.1" 404 564 "-" "Mozilla/5.0 (Macintosh; Intel Mac OS X 10_12_3) AppleWebKit/537.36 (KHTML, like Gecko) Chrome/56.0.2924.87 Safari/537.36"
94.72.101.21 - - [02/Nov/2024:19:54:43 +0000] "GET /deploy/settings.prod.env/staging/credentials HTTP/1.1" 404 564 "-" "Mozilla/5.0 (Macintosh; Intel Mac OS X 10_12_3) AppleWebKit/537.36 (KHTML, like Gecko) Chrome/56.0.2924.87 Safari/537.36"
94.72.101.21 - - [02/Nov/2024:19:54:43 +0000] "GET /deploy/settings.prod.env/staging/secrets.json HTTP/1.1" 404 564 "-" "Mozilla/5.0 (Macintosh; Intel Mac OS X 10_12_3) AppleWebKit/537.36 (KHTML, like Gecko) Chrome/56.0.2924.87 Safari/537.36"
94.72.101.21 - - [02/Nov/2024:19:54:44 +0000] "GET /deploy/settings.prod.env/staging/keys.pem HTTP/1.1" 404 564 "-" "Mozilla/5.0 (Macintosh; Intel Mac OS X 10_12_3) AppleWebKit/537.36 (KHTML, like Gecko) Chrome/56.0.2924.87 Safari/537.36"
94.72.101.21 - - [02/Nov/2024:19:54:44 +0000] "GET /deploy/settings.prod.env/staging/settings.ini HTTP/1.1" 404 564 "-" "Mozilla/5.0 (Macintosh; Intel Mac OS X 10_12_3) AppleWebKit/537.36 (KHTML, like Gecko) Chrome/56.0.2924.87 Safari/537.36"
94.72.101.21 - - [02/Nov/2024:19:54:44 +0000] "GET /deploy/settings.prod.env/src/config.json HTTP/1.1" 404 564 "-" "Mozilla/5.0 (Macintosh; Intel Mac OS X 10_12_3) AppleWebKit/537.36 (KHTML, like Gecko) Chrome/56.0.2924.87 Safari/537.36"
94.72.101.21 - - [02/Nov/2024:19:54:44 +0000] "GET /deploy/settings.prod.env/src/.env HTTP/1.1" 404 564 "-" "Mozilla/5.0 (Macintosh; Intel Mac OS X 10_12_3) AppleWebKit/537.36 (KHTML, like Gecko) Chrome/56.0.2924.87 Safari/537.36"
94.72.101.21 - - [02/Nov/2024:19:54:44 +0000] "GET /deploy/settings.prod.env/src/secrets.yaml HTTP/1.1" 404 564 "-" "Mozilla/5.0 (Macintosh; Intel Mac OS X 10_12_3) AppleWebKit/537.36 (KHTML, like Gecko) Chrome/56.0.2924.87 Safari/537.36"
94.72.101.21 - - [02/Nov/2024:19:54:45 +0000] "GET /deploy/settings.prod.env/src/vars.tf HTTP/1.1" 404 564 "-" "Mozilla/5.0 (Macintosh; Intel Mac OS X 10_12_3) AppleWebKit/537.36 (KHTML, like Gecko) Chrome/56.0.2924.87 Safari/537.36"
94.72.101.21 - - [02/Nov/2024:19:54:45 +0000] "GET /deploy/settings.prod.env/src/credentials HTTP/1.1" 404 564 "-" "Mozilla/5.0 (Macintosh; Intel Mac OS X 10_12_3) AppleWebKit/537.36 (KHTML, like Gecko) Chrome/56.0.2924.87 Safari/537.36"
94.72.101.21 - - [02/Nov/2024:19:54:45 +0000] "GET /deploy/settings.prod.env/src/secrets.json HTTP/1.1" 404 564 "-" "Mozilla/5.0 (Macintosh; Intel Mac OS X 10_12_3) AppleWebKit/537.36 (KHTML, like Gecko) Chrome/56.0.2924.87 Safari/537.36"
94.72.101.21 - - [02/Nov/2024:19:54:45 +0000] "GET /deploy/settings.prod.env/src/keys.pem HTTP/1.1" 404 564 "-" "Mozilla/5.0 (Macintosh; Intel Mac OS X 10_12_3) AppleWebKit/537.36 (KHTML, like Gecko) Chrome/56.0.2924.87 Safari/537.36"
94.72.101.21 - - [02/Nov/2024:19:54:45 +0000] "GET /deploy/settings.prod.env/src/settings.ini HTTP/1.1" 404 564 "-" "Mozilla/5.0 (Macintosh; Intel Mac OS X 10_12_3) AppleWebKit/537.36 (KHTML, like Gecko) Chrome/56.0.2924.87 Safari/537.36"
94.72.101.21 - - [02/Nov/2024:19:54:46 +0000] "GET /deploy/settings.prod.env/dist/config.json HTTP/1.1" 404 564 "-" "Mozilla/5.0 (Macintosh; Intel Mac OS X 10_12_3) AppleWebKit/537.36 (KHTML, like Gecko) Chrome/56.0.2924.87 Safari/537.36"
94.72.101.21 - - [02/Nov/2024:19:54:46 +0000] "GET /deploy/settings.prod.env/dist/.env HTTP/1.1" 404 564 "-" "Mozilla/5.0 (Macintosh; Intel Mac OS X 10_12_3) AppleWebKit/537.36 (KHTML, like Gecko) Chrome/56.0.2924.87 Safari/537.36"
94.72.101.21 - - [02/Nov/2024:19:54:46 +0000] "GET /deploy/settings.prod.env/dist/secrets.yaml HTTP/1.1" 404 564 "-" "Mozilla/5.0 (Macintosh; Intel Mac OS X 10_12_3) AppleWebKit/537.36 (KHTML, like Gecko) Chrome/56.0.2924.87 Safari/537.36"
94.72.101.21 - - [02/Nov/2024:19:54:46 +0000] "GET /deploy/settings.prod.env/dist/vars.tf HTTP/1.1" 404 564 "-" "Mozilla/5.0 (Macintosh; Intel Mac OS X 10_12_3) AppleWebKit/537.36 (KHTML, like Gecko) Chrome/56.0.2924.87 Safari/537.36"
94.72.101.21 - - [02/Nov/2024:19:54:47 +0000] "GET /deploy/settings.prod.env/dist/credentials HTTP/1.1" 404 564 "-" "Mozilla/5.0 (Macintosh; Intel Mac OS X 10_12_3) AppleWebKit/537.36 (KHTML, like Gecko) Chrome/56.0.2924.87 Safari/537.36"
94.72.101.21 - - [02/Nov/2024:19:54:47 +0000] "GET /deploy/settings.prod.env/dist/secrets.json HTTP/1.1" 404 564 "-" "Mozilla/5.0 (Macintosh; Intel Mac OS X 10_12_3) AppleWebKit/537.36 (KHTML, like Gecko) Chrome/56.0.2924.87 Safari/537.36"
94.72.101.21 - - [02/Nov/2024:19:54:47 +0000] "GET /deploy/settings.prod.env/dist/keys.pem HTTP/1.1" 404 564 "-" "Mozilla/5.0 (Macintosh; Intel Mac OS X 10_12_3) AppleWebKit/537.36 (KHTML, like Gecko) Chrome/56.0.2924.87 Safari/537.36"
94.72.101.21 - - [02/Nov/2024:19:54:48 +0000] "GET /deploy/settings.prod.env/dist/settings.ini HTTP/1.1" 404 564 "-" "Mozilla/5.0 (Macintosh; Intel Mac OS X 10_12_3) AppleWebKit/537.36 (KHTML, like Gecko) Chrome/56.0.2924.87 Safari/537.36"
94.72.101.21 - - [02/Nov/2024:19:54:48 +0000] "GET /deploy/settings.prod.env/config/config.json HTTP/1.1" 404 564 "-" "Mozilla/5.0 (Macintosh; Intel Mac OS X 10_12_3) AppleWebKit/537.36 (KHTML, like Gecko) Chrome/56.0.2924.87 Safari/537.36"
94.72.101.21 - - [02/Nov/2024:19:54:48 +0000] "GET /deploy/settings.prod.env/config/.env HTTP/1.1" 404 564 "-" "Mozilla/5.0 (Macintosh; Intel Mac OS X 10_12_3) AppleWebKit/537.36 (KHTML, like Gecko) Chrome/56.0.2924.87 Safari/537.36"
94.72.101.21 - - [02/Nov/2024:19:54:48 +0000] "GET /deploy/settings.prod.env/config/secrets.yaml HTTP/1.1" 404 564 "-" "Mozilla/5.0 (Macintosh; Intel Mac OS X 10_12_3) AppleWebKit/537.36 (KHTML, like Gecko) Chrome/56.0.2924.87 Safari/537.36"
94.72.101.21 - - [02/Nov/2024:19:54:48 +0000] "GET /deploy/settings.prod.env/config/vars.tf HTTP/1.1" 404 564 "-" "Mozilla/5.0 (Macintosh; Intel Mac OS X 10_12_3) AppleWebKit/537.36 (KHTML, like Gecko) Chrome/56.0.2924.87 Safari/537.36"
94.72.101.21 - - [02/Nov/2024:19:54:48 +0000] "GET /deploy/settings.prod.env/config/credentials HTTP/1.1" 404 564 "-" "Mozilla/5.0 (Macintosh; Intel Mac OS X 10_12_3) AppleWebKit/537.36 (KHTML, like Gecko) Chrome/56.0.2924.87 Safari/537.36"
94.72.101.21 - - [02/Nov/2024:19:54:49 +0000] "GET /deploy/settings.prod.env/config/secrets.json HTTP/1.1" 404 564 "-" "Mozilla/5.0 (Macintosh; Intel Mac OS X 10_12_3) AppleWebKit/537.36 (KHTML, like Gecko) Chrome/56.0.2924.87 Safari/537.36"
94.72.101.21 - - [02/Nov/2024:19:54:49 +0000] "GET /deploy/settings.prod.env/config/keys.pem HTTP/1.1" 404 564 "-" "Mozilla/5.0 (Macintosh; Intel Mac OS X 10_12_3) AppleWebKit/537.36 (KHTML, like Gecko) Chrome/56.0.2924.87 Safari/537.36"
94.72.101.21 - - [02/Nov/2024:19:54:49 +0000] "GET /deploy/settings.prod.env/config/settings.ini HTTP/1.1" 404 564 "-" "Mozilla/5.0 (Macintosh; Intel Mac OS X 10_12_3) AppleWebKit/537.36 (KHTML, like Gecko) Chrome/56.0.2924.87 Safari/537.36"
94.72.101.21 - - [02/Nov/2024:19:54:49 +0000] "GET /deploy/settings.prod.env/backups/config.json HTTP/1.1" 404 564 "-" "Mozilla/5.0 (Macintosh; Intel Mac OS X 10_12_3) AppleWebKit/537.36 (KHTML, like Gecko) Chrome/56.0.2924.87 Safari/537.36"
94.72.101.21 - - [02/Nov/2024:19:54:49 +0000] "GET /deploy/settings.prod.env/backups/.env HTTP/1.1" 404 564 "-" "Mozilla/5.0 (Macintosh; Intel Mac OS X 10_12_3) AppleWebKit/537.36 (KHTML, like Gecko) Chrome/56.0.2924.87 Safari/537.36"
94.72.101.21 - - [02/Nov/2024:19:54:49 +0000] "GET /deploy/settings.prod.env/backups/secrets.yaml HTTP/1.1" 404 564 "-" "Mozilla/5.0 (Macintosh; Intel Mac OS X 10_12_3) AppleWebKit/537.36 (KHTML, like Gecko) Chrome/56.0.2924.87 Safari/537.36"
94.72.101.21 - - [02/Nov/2024:19:54:50 +0000] "GET /deploy/settings.prod.env/backups/vars.tf HTTP/1.1" 404 564 "-" "Mozilla/5.0 (Macintosh; Intel Mac OS X 10_12_3) AppleWebKit/537.36 (KHTML, like Gecko) Chrome/56.0.2924.87 Safari/537.36"
94.72.101.21 - - [02/Nov/2024:19:54:50 +0000] "GET /deploy/settings.prod.env/backups/credentials HTTP/1.1" 404 564 "-" "Mozilla/5.0 (Macintosh; Intel Mac OS X 10_12_3) AppleWebKit/537.36 (KHTML, like Gecko) Chrome/56.0.2924.87 Safari/537.36"
94.72.101.21 - - [02/Nov/2024:19:54:50 +0000] "GET /deploy/settings.prod.env/backups/secrets.json HTTP/1.1" 404 564 "-" "Mozilla/5.0 (Macintosh; Intel Mac OS X 10_12_3) AppleWebKit/537.36 (KHTML, like Gecko) Chrome/56.0.2924.87 Safari/537.36"
94.72.101.21 - - [02/Nov/2024:19:54:50 +0000] "GET /deploy/settings.prod.env/backups/keys.pem HTTP/1.1" 404 564 "-" "Mozilla/5.0 (Macintosh; Intel Mac OS X 10_12_3) AppleWebKit/537.36 (KHTML, like Gecko) Chrome/56.0.2924.87 Safari/537.36"
94.72.101.21 - - [02/Nov/2024:19:54:50 +0000] "GET /deploy/settings.prod.env/backups/settings.ini HTTP/1.1" 404 564 "-" "Mozilla/5.0 (Macintosh; Intel Mac OS X 10_12_3) AppleWebKit/537.36 (KHTML, like Gecko) Chrome/56.0.2924.87 Safari/537.36"
94.72.101.21 - - [02/Nov/2024:19:54:51 +0000] "GET /deploy/settings.prod.env/data/config.json HTTP/1.1" 404 564 "-" "Mozilla/5.0 (Macintosh; Intel Mac OS X 10_12_3) AppleWebKit/537.36 (KHTML, like Gecko) Chrome/56.0.2924.87 Safari/537.36"
94.72.101.21 - - [02/Nov/2024:19:54:51 +0000] "GET /deploy/settings.prod.env/data/.env HTTP/1.1" 404 564 "-" "Mozilla/5.0 (Macintosh; Intel Mac OS X 10_12_3) AppleWebKit/537.36 (KHTML, like Gecko) Chrome/56.0.2924.87 Safari/537.36"
94.72.101.21 - - [02/Nov/2024:19:54:51 +0000] "GET /deploy/settings.prod.env/data/secrets.yaml HTTP/1.1" 404 564 "-" "Mozilla/5.0 (Macintosh; Intel Mac OS X 10_12_3) AppleWebKit/537.36 (KHTML, like Gecko) Chrome/56.0.2924.87 Safari/537.36"
94.72.101.21 - - [02/Nov/2024:19:54:51 +0000] "GET /deploy/settings.prod.env/data/vars.tf HTTP/1.1" 404 564 "-" "Mozilla/5.0 (Macintosh; Intel Mac OS X 10_12_3) AppleWebKit/537.36 (KHTML, like Gecko) Chrome/56.0.2924.87 Safari/537.36"
94.72.101.21 - - [02/Nov/2024:19:54:52 +0000] "GET /deploy/settings.prod.env/data/credentials HTTP/1.1" 404 564 "-" "Mozilla/5.0 (Macintosh; Intel Mac OS X 10_12_3) AppleWebKit/537.36 (KHTML, like Gecko) Chrome/56.0.2924.87 Safari/537.36"
94.72.101.21 - - [02/Nov/2024:19:54:52 +0000] "GET /deploy/settings.prod.env/data/secrets.json HTTP/1.1" 404 564 "-" "Mozilla/5.0 (Macintosh; Intel Mac OS X 10_12_3) AppleWebKit/537.36 (KHTML, like Gecko) Chrome/56.0.2924.87 Safari/537.36"
94.72.101.21 - - [02/Nov/2024:19:54:52 +0000] "GET /deploy/settings.prod.env/data/keys.pem HTTP/1.1" 404 564 "-" "Mozilla/5.0 (Macintosh; Intel Mac OS X 10_12_3) AppleWebKit/537.36 (KHTML, like Gecko) Chrome/56.0.2924.87 Safari/537.36"
94.72.101.21 - - [02/Nov/2024:19:54:52 +0000] "GET /deploy/settings.prod.env/data/settings.ini HTTP/1.1" 404 564 "-" "Mozilla/5.0 (Macintosh; Intel Mac OS X 10_12_3) AppleWebKit/537.36 (KHTML, like Gecko) Chrome/56.0.2924.87 Safari/537.36"
94.72.101.21 - - [02/Nov/2024:19:54:52 +0000] "GET /cloud/aws/credentials/v1/config.json HTTP/1.1" 404 564 "-" "Mozilla/5.0 (Macintosh; Intel Mac OS X 10_12_3) AppleWebKit/537.36 (KHTML, like Gecko) Chrome/56.0.2924.87 Safari/537.36"
94.72.101.21 - - [02/Nov/2024:19:54:52 +0000] "GET /cloud/aws/credentials/v1/.env HTTP/1.1" 404 564 "-" "Mozilla/5.0 (Macintosh; Intel Mac OS X 10_12_3) AppleWebKit/537.36 (KHTML, like Gecko) Chrome/56.0.2924.87 Safari/537.36"
94.72.101.21 - - [02/Nov/2024:19:54:53 +0000] "GET /cloud/aws/credentials/v1/secrets.yaml HTTP/1.1" 404 564 "-" "Mozilla/5.0 (Macintosh; Intel Mac OS X 10_12_3) AppleWebKit/537.36 (KHTML, like Gecko) Chrome/56.0.2924.87 Safari/537.36"
94.72.101.21 - - [02/Nov/2024:19:54:53 +0000] "GET /cloud/aws/credentials/v1/vars.tf HTTP/1.1" 404 564 "-" "Mozilla/5.0 (Macintosh; Intel Mac OS X 10_12_3) AppleWebKit/537.36 (KHTML, like Gecko) Chrome/56.0.2924.87 Safari/537.36"
94.72.101.21 - - [02/Nov/2024:19:54:53 +0000] "GET /cloud/aws/credentials/v1/credentials HTTP/1.1" 404 564 "-" "Mozilla/5.0 (Macintosh; Intel Mac OS X 10_12_3) AppleWebKit/537.36 (KHTML, like Gecko) Chrome/56.0.2924.87 Safari/537.36"
94.72.101.21 - - [02/Nov/2024:19:54:53 +0000] "GET /cloud/aws/credentials/v1/secrets.json HTTP/1.1" 404 564 "-" "Mozilla/5.0 (Macintosh; Intel Mac OS X 10_12_3) AppleWebKit/537.36 (KHTML, like Gecko) Chrome/56.0.2924.87 Safari/537.36"
94.72.101.21 - - [02/Nov/2024:19:54:53 +0000] "GET /cloud/aws/credentials/v1/keys.pem HTTP/1.1" 404 564 "-" "Mozilla/5.0 (Macintosh; Intel Mac OS X 10_12_3) AppleWebKit/537.36 (KHTML, like Gecko) Chrome/56.0.2924.87 Safari/537.36"
94.72.101.21 - - [02/Nov/2024:19:54:53 +0000] "GET /cloud/aws/credentials/v1/settings.ini HTTP/1.1" 404 564 "-" "Mozilla/5.0 (Macintosh; Intel Mac OS X 10_12_3) AppleWebKit/537.36 (KHTML, like Gecko) Chrome/56.0.2924.87 Safari/537.36"
94.72.101.21 - - [02/Nov/2024:19:54:54 +0000] "GET /cloud/aws/credentials/v2/config.json HTTP/1.1" 404 564 "-" "Mozilla/5.0 (Macintosh; Intel Mac OS X 10_12_3) AppleWebKit/537.36 (KHTML, like Gecko) Chrome/56.0.2924.87 Safari/537.36"
94.72.101.21 - - [02/Nov/2024:19:54:54 +0000] "GET /cloud/aws/credentials/v2/.env HTTP/1.1" 404 564 "-" "Mozilla/5.0 (Macintosh; Intel Mac OS X 10_12_3) AppleWebKit/537.36 (KHTML, like Gecko) Chrome/56.0.2924.87 Safari/537.36"
94.72.101.21 - - [02/Nov/2024:19:54:54 +0000] "GET /cloud/aws/credentials/v2/secrets.yaml HTTP/1.1" 404 564 "-" "Mozilla/5.0 (Macintosh; Intel Mac OS X 10_12_3) AppleWebKit/537.36 (KHTML, like Gecko) Chrome/56.0.2924.87 Safari/537.36"
94.72.101.21 - - [02/Nov/2024:19:54:54 +0000] "GET /cloud/aws/credentials/v2/vars.tf HTTP/1.1" 404 564 "-" "Mozilla/5.0 (Macintosh; Intel Mac OS X 10_12_3) AppleWebKit/537.36 (KHTML, like Gecko) Chrome/56.0.2924.87 Safari/537.36"
94.72.101.21 - - [02/Nov/2024:19:54:54 +0000] "GET /cloud/aws/credentials/v2/credentials HTTP/1.1" 404 564 "-" "Mozilla/5.0 (Macintosh; Intel Mac OS X 10_12_3) AppleWebKit/537.36 (KHTML, like Gecko) Chrome/56.0.2924.87 Safari/537.36"
94.72.101.21 - - [02/Nov/2024:19:54:55 +0000] "GET /cloud/aws/credentials/v2/secrets.json HTTP/1.1" 404 564 "-" "Mozilla/5.0 (Macintosh; Intel Mac OS X 10_12_3) AppleWebKit/537.36 (KHTML, like Gecko) Chrome/56.0.2924.87 Safari/537.36"
94.72.101.21 - - [02/Nov/2024:19:54:55 +0000] "GET /cloud/aws/credentials/v2/keys.pem HTTP/1.1" 404 564 "-" "Mozilla/5.0 (Macintosh; Intel Mac OS X 10_12_3) AppleWebKit/537.36 (KHTML, like Gecko) Chrome/56.0.2924.87 Safari/537.36"
94.72.101.21 - - [02/Nov/2024:19:54:55 +0000] "GET /cloud/aws/credentials/v2/settings.ini HTTP/1.1" 404 564 "-" "Mozilla/5.0 (Macintosh; Intel Mac OS X 10_12_3) AppleWebKit/537.36 (KHTML, like Gecko) Chrome/56.0.2924.87 Safari/537.36"
94.72.101.21 - - [02/Nov/2024:19:54:55 +0000] "GET /cloud/aws/credentials/dev/config.json HTTP/1.1" 404 564 "-" "Mozilla/5.0 (Macintosh; Intel Mac OS X 10_12_3) AppleWebKit/537.36 (KHTML, like Gecko) Chrome/56.0.2924.87 Safari/537.36"
94.72.101.21 - - [02/Nov/2024:19:54:56 +0000] "GET /cloud/aws/credentials/dev/.env HTTP/1.1" 404 564 "-" "Mozilla/5.0 (Macintosh; Intel Mac OS X 10_12_3) AppleWebKit/537.36 (KHTML, like Gecko) Chrome/56.0.2924.87 Safari/537.36"
94.72.101.21 - - [02/Nov/2024:19:54:57 +0000] "GET /cloud/aws/credentials/dev/secrets.yaml HTTP/1.1" 404 564 "-" "Mozilla/5.0 (Macintosh; Intel Mac OS X 10_12_3) AppleWebKit/537.36 (KHTML, like Gecko) Chrome/56.0.2924.87 Safari/537.36"
94.72.101.21 - - [02/Nov/2024:19:54:57 +0000] "GET /cloud/aws/credentials/dev/vars.tf HTTP/1.1" 404 564 "-" "Mozilla/5.0 (Macintosh; Intel Mac OS X 10_12_3) AppleWebKit/537.36 (KHTML, like Gecko) Chrome/56.0.2924.87 Safari/537.36"
94.72.101.21 - - [02/Nov/2024:19:54:57 +0000] "GET /cloud/aws/credentials/dev/credentials HTTP/1.1" 404 564 "-" "Mozilla/5.0 (Macintosh; Intel Mac OS X 10_12_3) AppleWebKit/537.36 (KHTML, like Gecko) Chrome/56.0.2924.87 Safari/537.36"
94.72.101.21 - - [02/Nov/2024:19:54:58 +0000] "GET /cloud/aws/credentials/dev/secrets.json HTTP/1.1" 404 564 "-" "Mozilla/5.0 (Macintosh; Intel Mac OS X 10_12_3) AppleWebKit/537.36 (KHTML, like Gecko) Chrome/56.0.2924.87 Safari/537.36"
94.72.101.21 - - [02/Nov/2024:19:54:58 +0000] "GET /cloud/aws/credentials/dev/keys.pem HTTP/1.1" 404 564 "-" "Mozilla/5.0 (Macintosh; Intel Mac OS X 10_12_3) AppleWebKit/537.36 (KHTML, like Gecko) Chrome/56.0.2924.87 Safari/537.36"
94.72.101.21 - - [02/Nov/2024:19:54:58 +0000] "GET /cloud/aws/credentials/dev/settings.ini HTTP/1.1" 404 564 "-" "Mozilla/5.0 (Macintosh; Intel Mac OS X 10_12_3) AppleWebKit/537.36 (KHTML, like Gecko) Chrome/56.0.2924.87 Safari/537.36"
94.72.101.21 - - [02/Nov/2024:19:54:58 +0000] "GET /cloud/aws/credentials/prod/config.json HTTP/1.1" 404 564 "-" "Mozilla/5.0 (Macintosh; Intel Mac OS X 10_12_3) AppleWebKit/537.36 (KHTML, like Gecko) Chrome/56.0.2924.87 Safari/537.36"
94.72.101.21 - - [02/Nov/2024:19:54:58 +0000] "GET /cloud/aws/credentials/prod/.env HTTP/1.1" 404 564 "-" "Mozilla/5.0 (Macintosh; Intel Mac OS X 10_12_3) AppleWebKit/537.36 (KHTML, like Gecko) Chrome/56.0.2924.87 Safari/537.36"
94.72.101.21 - - [02/Nov/2024:19:54:58 +0000] "GET /cloud/aws/credentials/prod/secrets.yaml HTTP/1.1" 404 564 "-" "Mozilla/5.0 (Macintosh; Intel Mac OS X 10_12_3) AppleWebKit/537.36 (KHTML, like Gecko) Chrome/56.0.2924.87 Safari/537.36"
94.72.101.21 - - [02/Nov/2024:19:54:59 +0000] "GET /cloud/aws/credentials/prod/vars.tf HTTP/1.1" 404 564 "-" "Mozilla/5.0 (Macintosh; Intel Mac OS X 10_12_3) AppleWebKit/537.36 (KHTML, like Gecko) Chrome/56.0.2924.87 Safari/537.36"
94.72.101.21 - - [02/Nov/2024:19:54:59 +0000] "GET /cloud/aws/credentials/prod/credentials HTTP/1.1" 404 564 "-" "Mozilla/5.0 (Macintosh; Intel Mac OS X 10_12_3) AppleWebKit/537.36 (KHTML, like Gecko) Chrome/56.0.2924.87 Safari/537.36"
94.72.101.21 - - [02/Nov/2024:19:54:59 +0000] "GET /cloud/aws/credentials/prod/secrets.json HTTP/1.1" 404 564 "-" "Mozilla/5.0 (Macintosh; Intel Mac OS X 10_12_3) AppleWebKit/537.36 (KHTML, like Gecko) Chrome/56.0.2924.87 Safari/537.36"
94.72.101.21 - - [02/Nov/2024:19:55:00 +0000] "GET /cloud/aws/credentials/prod/keys.pem HTTP/1.1" 404 564 "-" "Mozilla/5.0 (Macintosh; Intel Mac OS X 10_12_3) AppleWebKit/537.36 (KHTML, like Gecko) Chrome/56.0.2924.87 Safari/537.36"
94.72.101.21 - - [02/Nov/2024:19:55:00 +0000] "GET /cloud/aws/credentials/prod/settings.ini HTTP/1.1" 404 564 "-" "Mozilla/5.0 (Macintosh; Intel Mac OS X 10_12_3) AppleWebKit/537.36 (KHTML, like Gecko) Chrome/56.0.2924.87 Safari/537.36"
94.72.101.21 - - [02/Nov/2024:19:55:00 +0000] "GET /cloud/aws/credentials/staging/config.json HTTP/1.1" 404 564 "-" "Mozilla/5.0 (Macintosh; Intel Mac OS X 10_12_3) AppleWebKit/537.36 (KHTML, like Gecko) Chrome/56.0.2924.87 Safari/537.36"
94.72.101.21 - - [02/Nov/2024:19:55:00 +0000] "GET /cloud/aws/credentials/staging/.env HTTP/1.1" 404 564 "-" "Mozilla/5.0 (Macintosh; Intel Mac OS X 10_12_3) AppleWebKit/537.36 (KHTML, like Gecko) Chrome/56.0.2924.87 Safari/537.36"
94.72.101.21 - - [02/Nov/2024:19:55:00 +0000] "GET /cloud/aws/credentials/staging/secrets.yaml HTTP/1.1" 404 564 "-" "Mozilla/5.0 (Macintosh; Intel Mac OS X 10_12_3) AppleWebKit/537.36 (KHTML, like Gecko) Chrome/56.0.2924.87 Safari/537.36"
94.72.101.21 - - [02/Nov/2024:19:55:01 +0000] "GET /cloud/aws/credentials/staging/vars.tf HTTP/1.1" 404 564 "-" "Mozilla/5.0 (Macintosh; Intel Mac OS X 10_12_3) AppleWebKit/537.36 (KHTML, like Gecko) Chrome/56.0.2924.87 Safari/537.36"
94.72.101.21 - - [02/Nov/2024:19:55:01 +0000] "GET /cloud/aws/credentials/staging/credentials HTTP/1.1" 404 564 "-" "Mozilla/5.0 (Macintosh; Intel Mac OS X 10_12_3) AppleWebKit/537.36 (KHTML, like Gecko) Chrome/56.0.2924.87 Safari/537.36"
94.72.101.21 - - [02/Nov/2024:19:55:01 +0000] "GET /cloud/aws/credentials/staging/secrets.json HTTP/1.1" 404 564 "-" "Mozilla/5.0 (Macintosh; Intel Mac OS X 10_12_3) AppleWebKit/537.36 (KHTML, like Gecko) Chrome/56.0.2924.87 Safari/537.36"
94.72.101.21 - - [02/Nov/2024:19:55:01 +0000] "GET /cloud/aws/credentials/staging/keys.pem HTTP/1.1" 404 564 "-" "Mozilla/5.0 (Macintosh; Intel Mac OS X 10_12_3) AppleWebKit/537.36 (KHTML, like Gecko) Chrome/56.0.2924.87 Safari/537.36"
94.72.101.21 - - [02/Nov/2024:19:55:01 +0000] "GET /cloud/aws/credentials/staging/settings.ini HTTP/1.1" 404 564 "-" "Mozilla/5.0 (Macintosh; Intel Mac OS X 10_12_3) AppleWebKit/537.36 (KHTML, like Gecko) Chrome/56.0.2924.87 Safari/537.36"
94.72.101.21 - - [02/Nov/2024:19:55:01 +0000] "GET /cloud/aws/credentials/src/config.json HTTP/1.1" 404 564 "-" "Mozilla/5.0 (Macintosh; Intel Mac OS X 10_12_3) AppleWebKit/537.36 (KHTML, like Gecko) Chrome/56.0.2924.87 Safari/537.36"
94.72.101.21 - - [02/Nov/2024:19:55:02 +0000] "GET /cloud/aws/credentials/src/.env HTTP/1.1" 404 564 "-" "Mozilla/5.0 (Macintosh; Intel Mac OS X 10_12_3) AppleWebKit/537.36 (KHTML, like Gecko) Chrome/56.0.2924.87 Safari/537.36"
94.72.101.21 - - [02/Nov/2024:19:55:02 +0000] "GET /cloud/aws/credentials/src/secrets.yaml HTTP/1.1" 404 564 "-" "Mozilla/5.0 (Macintosh; Intel Mac OS X 10_12_3) AppleWebKit/537.36 (KHTML, like Gecko) Chrome/56.0.2924.87 Safari/537.36"
94.72.101.21 - - [02/Nov/2024:19:55:02 +0000] "GET /cloud/aws/credentials/src/vars.tf HTTP/1.1" 404 564 "-" "Mozilla/5.0 (Macintosh; Intel Mac OS X 10_12_3) AppleWebKit/537.36 (KHTML, like Gecko) Chrome/56.0.2924.87 Safari/537.36"
94.72.101.21 - - [02/Nov/2024:19:55:03 +0000] "GET /cloud/aws/credentials/src/credentials HTTP/1.1" 404 564 "-" "Mozilla/5.0 (Macintosh; Intel Mac OS X 10_12_3) AppleWebKit/537.36 (KHTML, like Gecko) Chrome/56.0.2924.87 Safari/537.36"
94.72.101.21 - - [02/Nov/2024:19:55:03 +0000] "GET /cloud/aws/credentials/src/secrets.json HTTP/1.1" 404 564 "-" "Mozilla/5.0 (Macintosh; Intel Mac OS X 10_12_3) AppleWebKit/537.36 (KHTML, like Gecko) Chrome/56.0.2924.87 Safari/537.36"
94.72.101.21 - - [02/Nov/2024:19:55:03 +0000] "GET /cloud/aws/credentials/src/keys.pem HTTP/1.1" 404 564 "-" "Mozilla/5.0 (Macintosh; Intel Mac OS X 10_12_3) AppleWebKit/537.36 (KHTML, like Gecko) Chrome/56.0.2924.87 Safari/537.36"
94.72.101.21 - - [02/Nov/2024:19:55:03 +0000] "GET /cloud/aws/credentials/src/settings.ini HTTP/1.1" 404 564 "-" "Mozilla/5.0 (Macintosh; Intel Mac OS X 10_12_3) AppleWebKit/537.36 (KHTML, like Gecko) Chrome/56.0.2924.87 Safari/537.36"
94.72.101.21 - - [02/Nov/2024:19:55:04 +0000] "GET /cloud/aws/credentials/dist/config.json HTTP/1.1" 404 564 "-" "Mozilla/5.0 (Macintosh; Intel Mac OS X 10_12_3) AppleWebKit/537.36 (KHTML, like Gecko) Chrome/56.0.2924.87 Safari/537.36"
94.72.101.21 - - [02/Nov/2024:19:55:04 +0000] "GET /cloud/aws/credentials/dist/.env HTTP/1.1" 404 564 "-" "Mozilla/5.0 (Macintosh; Intel Mac OS X 10_12_3) AppleWebKit/537.36 (KHTML, like Gecko) Chrome/56.0.2924.87 Safari/537.36"
94.72.101.21 - - [02/Nov/2024:19:55:04 +0000] "GET /cloud/aws/credentials/dist/secrets.yaml HTTP/1.1" 404 564 "-" "Mozilla/5.0 (Macintosh; Intel Mac OS X 10_12_3) AppleWebKit/537.36 (KHTML, like Gecko) Chrome/56.0.2924.87 Safari/537.36"
94.72.101.21 - - [02/Nov/2024:19:55:04 +0000] "GET /cloud/aws/credentials/dist/vars.tf HTTP/1.1" 404 564 "-" "Mozilla/5.0 (Macintosh; Intel Mac OS X 10_12_3) AppleWebKit/537.36 (KHTML, like Gecko) Chrome/56.0.2924.87 Safari/537.36"
94.72.101.21 - - [02/Nov/2024:19:55:04 +0000] "GET /cloud/aws/credentials/dist/credentials HTTP/1.1" 404 564 "-" "Mozilla/5.0 (Macintosh; Intel Mac OS X 10_12_3) AppleWebKit/537.36 (KHTML, like Gecko) Chrome/56.0.2924.87 Safari/537.36"
94.72.101.21 - - [02/Nov/2024:19:55:05 +0000] "GET /cloud/aws/credentials/dist/secrets.json HTTP/1.1" 404 564 "-" "Mozilla/5.0 (Macintosh; Intel Mac OS X 10_12_3) AppleWebKit/537.36 (KHTML, like Gecko) Chrome/56.0.2924.87 Safari/537.36"
94.72.101.21 - - [02/Nov/2024:19:55:05 +0000] "GET /cloud/aws/credentials/dist/keys.pem HTTP/1.1" 404 564 "-" "Mozilla/5.0 (Macintosh; Intel Mac OS X 10_12_3) AppleWebKit/537.36 (KHTML, like Gecko) Chrome/56.0.2924.87 Safari/537.36"
94.72.101.21 - - [02/Nov/2024:19:55:06 +0000] "GET /cloud/aws/credentials/dist/settings.ini HTTP/1.1" 404 564 "-" "Mozilla/5.0 (Macintosh; Intel Mac OS X 10_12_3) AppleWebKit/537.36 (KHTML, like Gecko) Chrome/56.0.2924.87 Safari/537.36"
94.72.101.21 - - [02/Nov/2024:19:55:06 +0000] "GET /cloud/aws/credentials/config/config.json HTTP/1.1" 404 564 "-" "Mozilla/5.0 (Macintosh; Intel Mac OS X 10_12_3) AppleWebKit/537.36 (KHTML, like Gecko) Chrome/56.0.2924.87 Safari/537.36"
94.72.101.21 - - [02/Nov/2024:19:55:06 +0000] "GET /cloud/aws/credentials/config/.env HTTP/1.1" 404 564 "-" "Mozilla/5.0 (Macintosh; Intel Mac OS X 10_12_3) AppleWebKit/537.36 (KHTML, like Gecko) Chrome/56.0.2924.87 Safari/537.36"
94.72.101.21 - - [02/Nov/2024:19:55:06 +0000] "GET /cloud/aws/credentials/config/secrets.yaml HTTP/1.1" 404 564 "-" "Mozilla/5.0 (Macintosh; Intel Mac OS X 10_12_3) AppleWebKit/537.36 (KHTML, like Gecko) Chrome/56.0.2924.87 Safari/537.36"
94.72.101.21 - - [02/Nov/2024:19:55:06 +0000] "GET /cloud/aws/credentials/config/vars.tf HTTP/1.1" 404 564 "-" "Mozilla/5.0 (Macintosh; Intel Mac OS X 10_12_3) AppleWebKit/537.36 (KHTML, like Gecko) Chrome/56.0.2924.87 Safari/537.36"
94.72.101.21 - - [02/Nov/2024:19:55:06 +0000] "GET /cloud/aws/credentials/config/credentials HTTP/1.1" 404 564 "-" "Mozilla/5.0 (Macintosh; Intel Mac OS X 10_12_3) AppleWebKit/537.36 (KHTML, like Gecko) Chrome/56.0.2924.87 Safari/537.36"
94.72.101.21 - - [02/Nov/2024:19:55:07 +0000] "GET /cloud/aws/credentials/config/secrets.json HTTP/1.1" 404 564 "-" "Mozilla/5.0 (Macintosh; Intel Mac OS X 10_12_3) AppleWebKit/537.36 (KHTML, like Gecko) Chrome/56.0.2924.87 Safari/537.36"
94.72.101.21 - - [02/Nov/2024:19:55:07 +0000] "GET /cloud/aws/credentials/config/keys.pem HTTP/1.1" 404 564 "-" "Mozilla/5.0 (Macintosh; Intel Mac OS X 10_12_3) AppleWebKit/537.36 (KHTML, like Gecko) Chrome/56.0.2924.87 Safari/537.36"
94.72.101.21 - - [02/Nov/2024:19:55:08 +0000] "GET /cloud/aws/credentials/config/settings.ini HTTP/1.1" 404 564 "-" "Mozilla/5.0 (Macintosh; Intel Mac OS X 10_12_3) AppleWebKit/537.36 (KHTML, like Gecko) Chrome/56.0.2924.87 Safari/537.36"
94.72.101.21 - - [02/Nov/2024:19:55:08 +0000] "GET /cloud/aws/credentials/backups/config.json HTTP/1.1" 404 564 "-" "Mozilla/5.0 (Macintosh; Intel Mac OS X 10_12_3) AppleWebKit/537.36 (KHTML, like Gecko) Chrome/56.0.2924.87 Safari/537.36"
94.72.101.21 - - [02/Nov/2024:19:55:08 +0000] "GET /cloud/aws/credentials/backups/.env HTTP/1.1" 404 564 "-" "Mozilla/5.0 (Macintosh; Intel Mac OS X 10_12_3) AppleWebKit/537.36 (KHTML, like Gecko) Chrome/56.0.2924.87 Safari/537.36"
94.72.101.21 - - [02/Nov/2024:19:55:09 +0000] "GET /cloud/aws/credentials/backups/secrets.yaml HTTP/1.1" 404 564 "-" "Mozilla/5.0 (Macintosh; Intel Mac OS X 10_12_3) AppleWebKit/537.36 (KHTML, like Gecko) Chrome/56.0.2924.87 Safari/537.36"
94.72.101.21 - - [02/Nov/2024:19:55:09 +0000] "GET /cloud/aws/credentials/backups/vars.tf HTTP/1.1" 404 564 "-" "Mozilla/5.0 (Macintosh; Intel Mac OS X 10_12_3) AppleWebKit/537.36 (KHTML, like Gecko) Chrome/56.0.2924.87 Safari/537.36"
94.72.101.21 - - [02/Nov/2024:19:55:09 +0000] "GET /cloud/aws/credentials/backups/credentials HTTP/1.1" 404 564 "-" "Mozilla/5.0 (Macintosh; Intel Mac OS X 10_12_3) AppleWebKit/537.36 (KHTML, like Gecko) Chrome/56.0.2924.87 Safari/537.36"
94.72.101.21 - - [02/Nov/2024:19:55:09 +0000] "GET /cloud/aws/credentials/backups/secrets.json HTTP/1.1" 404 564 "-" "Mozilla/5.0 (Macintosh; Intel Mac OS X 10_12_3) AppleWebKit/537.36 (KHTML, like Gecko) Chrome/56.0.2924.87 Safari/537.36"
94.72.101.21 - - [02/Nov/2024:19:55:10 +0000] "GET /cloud/aws/credentials/backups/keys.pem HTTP/1.1" 404 564 "-" "Mozilla/5.0 (Macintosh; Intel Mac OS X 10_12_3) AppleWebKit/537.36 (KHTML, like Gecko) Chrome/56.0.2924.87 Safari/537.36"
94.72.101.21 - - [02/Nov/2024:19:55:10 +0000] "GET /cloud/aws/credentials/backups/settings.ini HTTP/1.1" 404 564 "-" "Mozilla/5.0 (Macintosh; Intel Mac OS X 10_12_3) AppleWebKit/537.36 (KHTML, like Gecko) Chrome/56.0.2924.87 Safari/537.36"
94.72.101.21 - - [02/Nov/2024:19:55:10 +0000] "GET /cloud/aws/credentials/data/config.json HTTP/1.1" 404 564 "-" "Mozilla/5.0 (Macintosh; Intel Mac OS X 10_12_3) AppleWebKit/537.36 (KHTML, like Gecko) Chrome/56.0.2924.87 Safari/537.36"
94.72.101.21 - - [02/Nov/2024:19:55:10 +0000] "GET /cloud/aws/credentials/data/.env HTTP/1.1" 404 564 "-" "Mozilla/5.0 (Macintosh; Intel Mac OS X 10_12_3) AppleWebKit/537.36 (KHTML, like Gecko) Chrome/56.0.2924.87 Safari/537.36"
94.72.101.21 - - [02/Nov/2024:19:55:10 +0000] "GET /cloud/aws/credentials/data/secrets.yaml HTTP/1.1" 404 564 "-" "Mozilla/5.0 (Macintosh; Intel Mac OS X 10_12_3) AppleWebKit/537.36 (KHTML, like Gecko) Chrome/56.0.2924.87 Safari/537.36"
94.72.101.21 - - [02/Nov/2024:19:55:11 +0000] "GET /cloud/aws/credentials/data/vars.tf HTTP/1.1" 404 564 "-" "Mozilla/5.0 (Macintosh; Intel Mac OS X 10_12_3) AppleWebKit/537.36 (KHTML, like Gecko) Chrome/56.0.2924.87 Safari/537.36"
94.72.101.21 - - [02/Nov/2024:19:55:11 +0000] "GET /cloud/aws/credentials/data/credentials HTTP/1.1" 404 564 "-" "Mozilla/5.0 (Macintosh; Intel Mac OS X 10_12_3) AppleWebKit/537.36 (KHTML, like Gecko) Chrome/56.0.2924.87 Safari/537.36"
94.72.101.21 - - [02/Nov/2024:19:55:11 +0000] "GET /cloud/aws/credentials/data/secrets.json HTTP/1.1" 404 564 "-" "Mozilla/5.0 (Macintosh; Intel Mac OS X 10_12_3) AppleWebKit/537.36 (KHTML, like Gecko) Chrome/56.0.2924.87 Safari/537.36"
94.72.101.21 - - [02/Nov/2024:19:55:11 +0000] "GET /cloud/aws/credentials/data/keys.pem HTTP/1.1" 404 564 "-" "Mozilla/5.0 (Macintosh; Intel Mac OS X 10_12_3) AppleWebKit/537.36 (KHTML, like Gecko) Chrome/56.0.2924.87 Safari/537.36"
94.72.101.21 - - [02/Nov/2024:19:55:12 +0000] "GET /cloud/aws/credentials/data/settings.ini HTTP/1.1" 404 564 "-" "Mozilla/5.0 (Macintosh; Intel Mac OS X 10_12_3) AppleWebKit/537.36 (KHTML, like Gecko) Chrome/56.0.2924.87 Safari/537.36"
94.72.101.21 - - [02/Nov/2024:19:55:12 +0000] "GET /cloud/gcp/config.json/v1/config.json HTTP/1.1" 404 564 "-" "Mozilla/5.0 (Macintosh; Intel Mac OS X 10_12_3) AppleWebKit/537.36 (KHTML, like Gecko) Chrome/56.0.2924.87 Safari/537.36"
94.72.101.21 - - [02/Nov/2024:19:55:12 +0000] "GET /cloud/gcp/config.json/v1/.env HTTP/1.1" 404 564 "-" "Mozilla/5.0 (Macintosh; Intel Mac OS X 10_12_3) AppleWebKit/537.36 (KHTML, like Gecko) Chrome/56.0.2924.87 Safari/537.36"
94.72.101.21 - - [02/Nov/2024:19:55:12 +0000] "GET /cloud/gcp/config.json/v1/secrets.yaml HTTP/1.1" 404 564 "-" "Mozilla/5.0 (Macintosh; Intel Mac OS X 10_12_3) AppleWebKit/537.36 (KHTML, like Gecko) Chrome/56.0.2924.87 Safari/537.36"
94.72.101.21 - - [02/Nov/2024:19:55:12 +0000] "GET /cloud/gcp/config.json/v1/vars.tf HTTP/1.1" 404 564 "-" "Mozilla/5.0 (Macintosh; Intel Mac OS X 10_12_3) AppleWebKit/537.36 (KHTML, like Gecko) Chrome/56.0.2924.87 Safari/537.36"
94.72.101.21 - - [02/Nov/2024:19:55:12 +0000] "GET /cloud/gcp/config.json/v1/credentials HTTP/1.1" 404 564 "-" "Mozilla/5.0 (Macintosh; Intel Mac OS X 10_12_3) AppleWebKit/537.36 (KHTML, like Gecko) Chrome/56.0.2924.87 Safari/537.36"
94.72.101.21 - - [02/Nov/2024:19:55:13 +0000] "GET /cloud/gcp/config.json/v1/secrets.json HTTP/1.1" 404 564 "-" "Mozilla/5.0 (Macintosh; Intel Mac OS X 10_12_3) AppleWebKit/537.36 (KHTML, like Gecko) Chrome/56.0.2924.87 Safari/537.36"
94.72.101.21 - - [02/Nov/2024:19:55:13 +0000] "GET /cloud/gcp/config.json/v1/keys.pem HTTP/1.1" 404 564 "-" "Mozilla/5.0 (Macintosh; Intel Mac OS X 10_12_3) AppleWebKit/537.36 (KHTML, like Gecko) Chrome/56.0.2924.87 Safari/537.36"
94.72.101.21 - - [02/Nov/2024:19:55:13 +0000] "GET /cloud/gcp/config.json/v1/settings.ini HTTP/1.1" 404 564 "-" "Mozilla/5.0 (Macintosh; Intel Mac OS X 10_12_3) AppleWebKit/537.36 (KHTML, like Gecko) Chrome/56.0.2924.87 Safari/537.36"
94.72.101.21 - - [02/Nov/2024:19:55:13 +0000] "GET /cloud/gcp/config.json/v2/config.json HTTP/1.1" 404 564 "-" "Mozilla/5.0 (Macintosh; Intel Mac OS X 10_12_3) AppleWebKit/537.36 (KHTML, like Gecko) Chrome/56.0.2924.87 Safari/537.36"
94.72.101.21 - - [02/Nov/2024:19:55:13 +0000] "GET /cloud/gcp/config.json/v2/.env HTTP/1.1" 404 564 "-" "Mozilla/5.0 (Macintosh; Intel Mac OS X 10_12_3) AppleWebKit/537.36 (KHTML, like Gecko) Chrome/56.0.2924.87 Safari/537.36"
94.72.101.21 - - [02/Nov/2024:19:55:14 +0000] "GET /cloud/gcp/config.json/v2/secrets.yaml HTTP/1.1" 404 564 "-" "Mozilla/5.0 (Macintosh; Intel Mac OS X 10_12_3) AppleWebKit/537.36 (KHTML, like Gecko) Chrome/56.0.2924.87 Safari/537.36"
94.72.101.21 - - [02/Nov/2024:19:55:14 +0000] "GET /cloud/gcp/config.json/v2/vars.tf HTTP/1.1" 404 564 "-" "Mozilla/5.0 (Macintosh; Intel Mac OS X 10_12_3) AppleWebKit/537.36 (KHTML, like Gecko) Chrome/56.0.2924.87 Safari/537.36"
94.72.101.21 - - [02/Nov/2024:19:55:15 +0000] "GET /cloud/gcp/config.json/v2/credentials HTTP/1.1" 404 564 "-" "Mozilla/5.0 (Macintosh; Intel Mac OS X 10_12_3) AppleWebKit/537.36 (KHTML, like Gecko) Chrome/56.0.2924.87 Safari/537.36"
94.72.101.21 - - [02/Nov/2024:19:55:15 +0000] "GET /cloud/gcp/config.json/v2/secrets.json HTTP/1.1" 404 564 "-" "Mozilla/5.0 (Macintosh; Intel Mac OS X 10_12_3) AppleWebKit/537.36 (KHTML, like Gecko) Chrome/56.0.2924.87 Safari/537.36"
94.72.101.21 - - [02/Nov/2024:19:55:15 +0000] "GET /cloud/gcp/config.json/v2/keys.pem HTTP/1.1" 404 564 "-" "Mozilla/5.0 (Macintosh; Intel Mac OS X 10_12_3) AppleWebKit/537.36 (KHTML, like Gecko) Chrome/56.0.2924.87 Safari/537.36"
94.72.101.21 - - [02/Nov/2024:19:55:15 +0000] "GET /cloud/gcp/config.json/v2/settings.ini HTTP/1.1" 404 564 "-" "Mozilla/5.0 (Macintosh; Intel Mac OS X 10_12_3) AppleWebKit/537.36 (KHTML, like Gecko) Chrome/56.0.2924.87 Safari/537.36"
94.72.101.21 - - [02/Nov/2024:19:55:16 +0000] "GET /cloud/gcp/config.json/dev/config.json HTTP/1.1" 404 564 "-" "Mozilla/5.0 (Macintosh; Intel Mac OS X 10_12_3) AppleWebKit/537.36 (KHTML, like Gecko) Chrome/56.0.2924.87 Safari/537.36"
94.72.101.21 - - [02/Nov/2024:19:55:16 +0000] "GET /cloud/gcp/config.json/dev/.env HTTP/1.1" 404 564 "-" "Mozilla/5.0 (Macintosh; Intel Mac OS X 10_12_3) AppleWebKit/537.36 (KHTML, like Gecko) Chrome/56.0.2924.87 Safari/537.36"
94.72.101.21 - - [02/Nov/2024:19:55:16 +0000] "GET /cloud/gcp/config.json/dev/secrets.yaml HTTP/1.1" 404 564 "-" "Mozilla/5.0 (Macintosh; Intel Mac OS X 10_12_3) AppleWebKit/537.36 (KHTML, like Gecko) Chrome/56.0.2924.87 Safari/537.36"
94.72.101.21 - - [02/Nov/2024:19:55:16 +0000] "GET /cloud/gcp/config.json/dev/vars.tf HTTP/1.1" 404 564 "-" "Mozilla/5.0 (Macintosh; Intel Mac OS X 10_12_3) AppleWebKit/537.36 (KHTML, like Gecko) Chrome/56.0.2924.87 Safari/537.36"
94.72.101.21 - - [02/Nov/2024:19:55:16 +0000] "GET /cloud/gcp/config.json/dev/credentials HTTP/1.1" 404 564 "-" "Mozilla/5.0 (Macintosh; Intel Mac OS X 10_12_3) AppleWebKit/537.36 (KHTML, like Gecko) Chrome/56.0.2924.87 Safari/537.36"
94.72.101.21 - - [02/Nov/2024:19:55:17 +0000] "GET /cloud/gcp/config.json/dev/secrets.json HTTP/1.1" 404 564 "-" "Mozilla/5.0 (Macintosh; Intel Mac OS X 10_12_3) AppleWebKit/537.36 (KHTML, like Gecko) Chrome/56.0.2924.87 Safari/537.36"
94.72.101.21 - - [02/Nov/2024:19:55:17 +0000] "GET /cloud/gcp/config.json/dev/keys.pem HTTP/1.1" 404 564 "-" "Mozilla/5.0 (Macintosh; Intel Mac OS X 10_12_3) AppleWebKit/537.36 (KHTML, like Gecko) Chrome/56.0.2924.87 Safari/537.36"
94.72.101.21 - - [02/Nov/2024:19:55:18 +0000] "GET /cloud/gcp/config.json/dev/settings.ini HTTP/1.1" 404 564 "-" "Mozilla/5.0 (Macintosh; Intel Mac OS X 10_12_3) AppleWebKit/537.36 (KHTML, like Gecko) Chrome/56.0.2924.87 Safari/537.36"
94.72.101.21 - - [02/Nov/2024:19:55:18 +0000] "GET /cloud/gcp/config.json/prod/config.json HTTP/1.1" 404 564 "-" "Mozilla/5.0 (Macintosh; Intel Mac OS X 10_12_3) AppleWebKit/537.36 (KHTML, like Gecko) Chrome/56.0.2924.87 Safari/537.36"
94.72.101.21 - - [02/Nov/2024:19:55:18 +0000] "GET /cloud/gcp/config.json/prod/.env HTTP/1.1" 404 564 "-" "Mozilla/5.0 (Macintosh; Intel Mac OS X 10_12_3) AppleWebKit/537.36 (KHTML, like Gecko) Chrome/56.0.2924.87 Safari/537.36"
94.72.101.21 - - [02/Nov/2024:19:55:19 +0000] "GET /cloud/gcp/config.json/prod/secrets.yaml HTTP/1.1" 404 564 "-" "Mozilla/5.0 (Macintosh; Intel Mac OS X 10_12_3) AppleWebKit/537.36 (KHTML, like Gecko) Chrome/56.0.2924.87 Safari/537.36"
94.72.101.21 - - [02/Nov/2024:19:55:19 +0000] "GET /cloud/gcp/config.json/prod/vars.tf HTTP/1.1" 404 564 "-" "Mozilla/5.0 (Macintosh; Intel Mac OS X 10_12_3) AppleWebKit/537.36 (KHTML, like Gecko) Chrome/56.0.2924.87 Safari/537.36"
94.72.101.21 - - [02/Nov/2024:19:55:19 +0000] "GET /cloud/gcp/config.json/prod/credentials HTTP/1.1" 404 564 "-" "Mozilla/5.0 (Macintosh; Intel Mac OS X 10_12_3) AppleWebKit/537.36 (KHTML, like Gecko) Chrome/56.0.2924.87 Safari/537.36"
94.72.101.21 - - [02/Nov/2024:19:55:19 +0000] "GET /cloud/gcp/config.json/prod/secrets.json HTTP/1.1" 404 564 "-" "Mozilla/5.0 (Macintosh; Intel Mac OS X 10_12_3) AppleWebKit/537.36 (KHTML, like Gecko) Chrome/56.0.2924.87 Safari/537.36"
94.72.101.21 - - [02/Nov/2024:19:55:20 +0000] "GET /cloud/gcp/config.json/prod/keys.pem HTTP/1.1" 404 564 "-" "Mozilla/5.0 (Macintosh; Intel Mac OS X 10_12_3) AppleWebKit/537.36 (KHTML, like Gecko) Chrome/56.0.2924.87 Safari/537.36"
94.72.101.21 - - [02/Nov/2024:19:55:20 +0000] "GET /cloud/gcp/config.json/prod/settings.ini HTTP/1.1" 404 564 "-" "Mozilla/5.0 (Macintosh; Intel Mac OS X 10_12_3) AppleWebKit/537.36 (KHTML, like Gecko) Chrome/56.0.2924.87 Safari/537.36"
94.72.101.21 - - [02/Nov/2024:19:55:20 +0000] "GET /cloud/gcp/config.json/staging/config.json HTTP/1.1" 404 564 "-" "Mozilla/5.0 (Macintosh; Intel Mac OS X 10_12_3) AppleWebKit/537.36 (KHTML, like Gecko) Chrome/56.0.2924.87 Safari/537.36"
94.72.101.21 - - [02/Nov/2024:19:55:21 +0000] "GET /cloud/gcp/config.json/staging/.env HTTP/1.1" 404 564 "-" "Mozilla/5.0 (Macintosh; Intel Mac OS X 10_12_3) AppleWebKit/537.36 (KHTML, like Gecko) Chrome/56.0.2924.87 Safari/537.36"
94.72.101.21 - - [02/Nov/2024:19:55:21 +0000] "GET /cloud/gcp/config.json/staging/secrets.yaml HTTP/1.1" 404 564 "-" "Mozilla/5.0 (Macintosh; Intel Mac OS X 10_12_3) AppleWebKit/537.36 (KHTML, like Gecko) Chrome/56.0.2924.87 Safari/537.36"
94.72.101.21 - - [02/Nov/2024:19:55:21 +0000] "GET /cloud/gcp/config.json/staging/vars.tf HTTP/1.1" 404 564 "-" "Mozilla/5.0 (Macintosh; Intel Mac OS X 10_12_3) AppleWebKit/537.36 (KHTML, like Gecko) Chrome/56.0.2924.87 Safari/537.36"
94.72.101.21 - - [02/Nov/2024:19:55:21 +0000] "GET /cloud/gcp/config.json/staging/credentials HTTP/1.1" 404 564 "-" "Mozilla/5.0 (Macintosh; Intel Mac OS X 10_12_3) AppleWebKit/537.36 (KHTML, like Gecko) Chrome/56.0.2924.87 Safari/537.36"
94.72.101.21 - - [02/Nov/2024:19:55:21 +0000] "GET /cloud/gcp/config.json/staging/secrets.json HTTP/1.1" 404 564 "-" "Mozilla/5.0 (Macintosh; Intel Mac OS X 10_12_3) AppleWebKit/537.36 (KHTML, like Gecko) Chrome/56.0.2924.87 Safari/537.36"
94.72.101.21 - - [02/Nov/2024:19:55:21 +0000] "GET /cloud/gcp/config.json/staging/keys.pem HTTP/1.1" 404 564 "-" "Mozilla/5.0 (Macintosh; Intel Mac OS X 10_12_3) AppleWebKit/537.36 (KHTML, like Gecko) Chrome/56.0.2924.87 Safari/537.36"
94.72.101.21 - - [02/Nov/2024:19:55:22 +0000] "GET /cloud/gcp/config.json/staging/settings.ini HTTP/1.1" 404 564 "-" "Mozilla/5.0 (Macintosh; Intel Mac OS X 10_12_3) AppleWebKit/537.36 (KHTML, like Gecko) Chrome/56.0.2924.87 Safari/537.36"
94.72.101.21 - - [02/Nov/2024:19:55:22 +0000] "GET /cloud/gcp/config.json/src/config.json HTTP/1.1" 404 564 "-" "Mozilla/5.0 (Macintosh; Intel Mac OS X 10_12_3) AppleWebKit/537.36 (KHTML, like Gecko) Chrome/56.0.2924.87 Safari/537.36"
94.72.101.21 - - [02/Nov/2024:19:55:22 +0000] "GET /cloud/gcp/config.json/src/.env HTTP/1.1" 404 564 "-" "Mozilla/5.0 (Macintosh; Intel Mac OS X 10_12_3) AppleWebKit/537.36 (KHTML, like Gecko) Chrome/56.0.2924.87 Safari/537.36"
94.72.101.21 - - [02/Nov/2024:19:55:22 +0000] "GET /cloud/gcp/config.json/src/secrets.yaml HTTP/1.1" 404 564 "-" "Mozilla/5.0 (Macintosh; Intel Mac OS X 10_12_3) AppleWebKit/537.36 (KHTML, like Gecko) Chrome/56.0.2924.87 Safari/537.36"
94.72.101.21 - - [02/Nov/2024:19:55:23 +0000] "GET /cloud/gcp/config.json/src/vars.tf HTTP/1.1" 404 564 "-" "Mozilla/5.0 (Macintosh; Intel Mac OS X 10_12_3) AppleWebKit/537.36 (KHTML, like Gecko) Chrome/56.0.2924.87 Safari/537.36"
94.72.101.21 - - [02/Nov/2024:19:55:23 +0000] "GET /cloud/gcp/config.json/src/credentials HTTP/1.1" 404 564 "-" "Mozilla/5.0 (Macintosh; Intel Mac OS X 10_12_3) AppleWebKit/537.36 (KHTML, like Gecko) Chrome/56.0.2924.87 Safari/537.36"
94.72.101.21 - - [02/Nov/2024:19:55:23 +0000] "GET /cloud/gcp/config.json/src/secrets.json HTTP/1.1" 404 564 "-" "Mozilla/5.0 (Macintosh; Intel Mac OS X 10_12_3) AppleWebKit/537.36 (KHTML, like Gecko) Chrome/56.0.2924.87 Safari/537.36"
94.72.101.21 - - [02/Nov/2024:19:55:23 +0000] "GET /cloud/gcp/config.json/src/keys.pem HTTP/1.1" 404 564 "-" "Mozilla/5.0 (Macintosh; Intel Mac OS X 10_12_3) AppleWebKit/537.36 (KHTML, like Gecko) Chrome/56.0.2924.87 Safari/537.36"
94.72.101.21 - - [02/Nov/2024:19:55:24 +0000] "GET /cloud/gcp/config.json/src/settings.ini HTTP/1.1" 404 564 "-" "Mozilla/5.0 (Macintosh; Intel Mac OS X 10_12_3) AppleWebKit/537.36 (KHTML, like Gecko) Chrome/56.0.2924.87 Safari/537.36"
94.72.101.21 - - [02/Nov/2024:19:55:24 +0000] "GET /cloud/gcp/config.json/dist/config.json HTTP/1.1" 404 564 "-" "Mozilla/5.0 (Macintosh; Intel Mac OS X 10_12_3) AppleWebKit/537.36 (KHTML, like Gecko) Chrome/56.0.2924.87 Safari/537.36"
94.72.101.21 - - [02/Nov/2024:19:55:24 +0000] "GET /cloud/gcp/config.json/dist/.env HTTP/1.1" 404 564 "-" "Mozilla/5.0 (Macintosh; Intel Mac OS X 10_12_3) AppleWebKit/537.36 (KHTML, like Gecko) Chrome/56.0.2924.87 Safari/537.36"
94.72.101.21 - - [02/Nov/2024:19:55:25 +0000] "GET /cloud/gcp/config.json/dist/secrets.yaml HTTP/1.1" 404 564 "-" "Mozilla/5.0 (Macintosh; Intel Mac OS X 10_12_3) AppleWebKit/537.36 (KHTML, like Gecko) Chrome/56.0.2924.87 Safari/537.36"
94.72.101.21 - - [02/Nov/2024:19:55:25 +0000] "GET /cloud/gcp/config.json/dist/vars.tf HTTP/1.1" 404 564 "-" "Mozilla/5.0 (Macintosh; Intel Mac OS X 10_12_3) AppleWebKit/537.36 (KHTML, like Gecko) Chrome/56.0.2924.87 Safari/537.36"
94.72.101.21 - - [02/Nov/2024:19:55:26 +0000] "GET /cloud/gcp/config.json/dist/credentials HTTP/1.1" 404 564 "-" "Mozilla/5.0 (Macintosh; Intel Mac OS X 10_12_3) AppleWebKit/537.36 (KHTML, like Gecko) Chrome/56.0.2924.87 Safari/537.36"
94.72.101.21 - - [02/Nov/2024:19:55:26 +0000] "GET /cloud/gcp/config.json/dist/secrets.json HTTP/1.1" 404 564 "-" "Mozilla/5.0 (Macintosh; Intel Mac OS X 10_12_3) AppleWebKit/537.36 (KHTML, like Gecko) Chrome/56.0.2924.87 Safari/537.36"
94.72.101.21 - - [02/Nov/2024:19:55:26 +0000] "GET /cloud/gcp/config.json/dist/keys.pem HTTP/1.1" 404 564 "-" "Mozilla/5.0 (Macintosh; Intel Mac OS X 10_12_3) AppleWebKit/537.36 (KHTML, like Gecko) Chrome/56.0.2924.87 Safari/537.36"
94.72.101.21 - - [02/Nov/2024:19:55:26 +0000] "GET /cloud/gcp/config.json/dist/settings.ini HTTP/1.1" 404 564 "-" "Mozilla/5.0 (Macintosh; Intel Mac OS X 10_12_3) AppleWebKit/537.36 (KHTML, like Gecko) Chrome/56.0.2924.87 Safari/537.36"
94.72.101.21 - - [02/Nov/2024:19:55:27 +0000] "GET /cloud/gcp/config.json/config/config.json HTTP/1.1" 404 564 "-" "Mozilla/5.0 (Macintosh; Intel Mac OS X 10_12_3) AppleWebKit/537.36 (KHTML, like Gecko) Chrome/56.0.2924.87 Safari/537.36"
94.72.101.21 - - [02/Nov/2024:19:55:27 +0000] "GET /cloud/gcp/config.json/config/.env HTTP/1.1" 404 564 "-" "Mozilla/5.0 (Macintosh; Intel Mac OS X 10_12_3) AppleWebKit/537.36 (KHTML, like Gecko) Chrome/56.0.2924.87 Safari/537.36"
94.72.101.21 - - [02/Nov/2024:19:55:27 +0000] "GET /cloud/gcp/config.json/config/secrets.yaml HTTP/1.1" 404 564 "-" "Mozilla/5.0 (Macintosh; Intel Mac OS X 10_12_3) AppleWebKit/537.36 (KHTML, like Gecko) Chrome/56.0.2924.87 Safari/537.36"
94.72.101.21 - - [02/Nov/2024:19:55:28 +0000] "GET /cloud/gcp/config.json/config/vars.tf HTTP/1.1" 404 564 "-" "Mozilla/5.0 (Macintosh; Intel Mac OS X 10_12_3) AppleWebKit/537.36 (KHTML, like Gecko) Chrome/56.0.2924.87 Safari/537.36"
94.72.101.21 - - [02/Nov/2024:19:55:28 +0000] "GET /cloud/gcp/config.json/config/credentials HTTP/1.1" 404 564 "-" "Mozilla/5.0 (Macintosh; Intel Mac OS X 10_12_3) AppleWebKit/537.36 (KHTML, like Gecko) Chrome/56.0.2924.87 Safari/537.36"
94.72.101.21 - - [02/Nov/2024:19:55:28 +0000] "GET /cloud/gcp/config.json/config/secrets.json HTTP/1.1" 404 564 "-" "Mozilla/5.0 (Macintosh; Intel Mac OS X 10_12_3) AppleWebKit/537.36 (KHTML, like Gecko) Chrome/56.0.2924.87 Safari/537.36"
94.72.101.21 - - [02/Nov/2024:19:55:28 +0000] "GET /cloud/gcp/config.json/config/keys.pem HTTP/1.1" 404 564 "-" "Mozilla/5.0 (Macintosh; Intel Mac OS X 10_12_3) AppleWebKit/537.36 (KHTML, like Gecko) Chrome/56.0.2924.87 Safari/537.36"
94.72.101.21 - - [02/Nov/2024:19:55:28 +0000] "GET /cloud/gcp/config.json/config/settings.ini HTTP/1.1" 404 564 "-" "Mozilla/5.0 (Macintosh; Intel Mac OS X 10_12_3) AppleWebKit/537.36 (KHTML, like Gecko) Chrome/56.0.2924.87 Safari/537.36"
94.72.101.21 - - [02/Nov/2024:19:55:28 +0000] "GET /cloud/gcp/config.json/backups/config.json HTTP/1.1" 404 564 "-" "Mozilla/5.0 (Macintosh; Intel Mac OS X 10_12_3) AppleWebKit/537.36 (KHTML, like Gecko) Chrome/56.0.2924.87 Safari/537.36"
94.72.101.21 - - [02/Nov/2024:19:55:29 +0000] "GET /cloud/gcp/config.json/backups/.env HTTP/1.1" 404 564 "-" "Mozilla/5.0 (Macintosh; Intel Mac OS X 10_12_3) AppleWebKit/537.36 (KHTML, like Gecko) Chrome/56.0.2924.87 Safari/537.36"
94.72.101.21 - - [02/Nov/2024:19:55:29 +0000] "GET /cloud/gcp/config.json/backups/secrets.yaml HTTP/1.1" 404 564 "-" "Mozilla/5.0 (Macintosh; Intel Mac OS X 10_12_3) AppleWebKit/537.36 (KHTML, like Gecko) Chrome/56.0.2924.87 Safari/537.36"
94.72.101.21 - - [02/Nov/2024:19:55:29 +0000] "GET /cloud/gcp/config.json/backups/vars.tf HTTP/1.1" 404 564 "-" "Mozilla/5.0 (Macintosh; Intel Mac OS X 10_12_3) AppleWebKit/537.36 (KHTML, like Gecko) Chrome/56.0.2924.87 Safari/537.36"
94.72.101.21 - - [02/Nov/2024:19:55:30 +0000] "GET /cloud/gcp/config.json/backups/credentials HTTP/1.1" 404 564 "-" "Mozilla/5.0 (Macintosh; Intel Mac OS X 10_12_3) AppleWebKit/537.36 (KHTML, like Gecko) Chrome/56.0.2924.87 Safari/537.36"
94.72.101.21 - - [02/Nov/2024:19:55:31 +0000] "GET /cloud/gcp/config.json/backups/secrets.json HTTP/1.1" 404 564 "-" "Mozilla/5.0 (Macintosh; Intel Mac OS X 10_12_3) AppleWebKit/537.36 (KHTML, like Gecko) Chrome/56.0.2924.87 Safari/537.36"
94.72.101.21 - - [02/Nov/2024:19:55:31 +0000] "GET /cloud/gcp/config.json/backups/keys.pem HTTP/1.1" 404 564 "-" "Mozilla/5.0 (Macintosh; Intel Mac OS X 10_12_3) AppleWebKit/537.36 (KHTML, like Gecko) Chrome/56.0.2924.87 Safari/537.36"
94.72.101.21 - - [02/Nov/2024:19:55:31 +0000] "GET /cloud/gcp/config.json/backups/settings.ini HTTP/1.1" 404 564 "-" "Mozilla/5.0 (Macintosh; Intel Mac OS X 10_12_3) AppleWebKit/537.36 (KHTML, like Gecko) Chrome/56.0.2924.87 Safari/537.36"
94.72.101.21 - - [02/Nov/2024:19:55:31 +0000] "GET /cloud/gcp/config.json/data/config.json HTTP/1.1" 404 564 "-" "Mozilla/5.0 (Macintosh; Intel Mac OS X 10_12_3) AppleWebKit/537.36 (KHTML, like Gecko) Chrome/56.0.2924.87 Safari/537.36"
94.72.101.21 - - [02/Nov/2024:19:55:31 +0000] "GET /cloud/gcp/config.json/data/.env HTTP/1.1" 404 564 "-" "Mozilla/5.0 (Macintosh; Intel Mac OS X 10_12_3) AppleWebKit/537.36 (KHTML, like Gecko) Chrome/56.0.2924.87 Safari/537.36"
94.72.101.21 - - [02/Nov/2024:19:55:32 +0000] "GET /cloud/gcp/config.json/data/secrets.yaml HTTP/1.1" 404 564 "-" "Mozilla/5.0 (Macintosh; Intel Mac OS X 10_12_3) AppleWebKit/537.36 (KHTML, like Gecko) Chrome/56.0.2924.87 Safari/537.36"
94.72.101.21 - - [02/Nov/2024:19:55:32 +0000] "GET /cloud/gcp/config.json/data/vars.tf HTTP/1.1" 404 564 "-" "Mozilla/5.0 (Macintosh; Intel Mac OS X 10_12_3) AppleWebKit/537.36 (KHTML, like Gecko) Chrome/56.0.2924.87 Safari/537.36"
94.72.101.21 - - [02/Nov/2024:19:55:32 +0000] "GET /cloud/gcp/config.json/data/credentials HTTP/1.1" 404 564 "-" "Mozilla/5.0 (Macintosh; Intel Mac OS X 10_12_3) AppleWebKit/537.36 (KHTML, like Gecko) Chrome/56.0.2924.87 Safari/537.36"
94.72.101.21 - - [02/Nov/2024:19:55:32 +0000] "GET /cloud/gcp/config.json/data/secrets.json HTTP/1.1" 404 564 "-" "Mozilla/5.0 (Macintosh; Intel Mac OS X 10_12_3) AppleWebKit/537.36 (KHTML, like Gecko) Chrome/56.0.2924.87 Safari/537.36"
94.72.101.21 - - [02/Nov/2024:19:55:32 +0000] "GET /cloud/gcp/config.json/data/keys.pem HTTP/1.1" 404 564 "-" "Mozilla/5.0 (Macintosh; Intel Mac OS X 10_12_3) AppleWebKit/537.36 (KHTML, like Gecko) Chrome/56.0.2924.87 Safari/537.36"
94.72.101.21 - - [02/Nov/2024:19:55:33 +0000] "GET /cloud/gcp/config.json/data/settings.ini HTTP/1.1" 404 564 "-" "Mozilla/5.0 (Macintosh; Intel Mac OS X 10_12_3) AppleWebKit/537.36 (KHTML, like Gecko) Chrome/56.0.2924.87 Safari/537.36"
94.72.101.21 - - [02/Nov/2024:19:55:33 +0000] "GET /cloud/azure/secrets.yaml/v1/config.json HTTP/1.1" 404 564 "-" "Mozilla/5.0 (Macintosh; Intel Mac OS X 10_12_3) AppleWebKit/537.36 (KHTML, like Gecko) Chrome/56.0.2924.87 Safari/537.36"
94.72.101.21 - - [02/Nov/2024:19:55:33 +0000] "GET /cloud/azure/secrets.yaml/v1/.env HTTP/1.1" 404 564 "-" "Mozilla/5.0 (Macintosh; Intel Mac OS X 10_12_3) AppleWebKit/537.36 (KHTML, like Gecko) Chrome/56.0.2924.87 Safari/537.36"
94.72.101.21 - - [02/Nov/2024:19:55:34 +0000] "GET /cloud/azure/secrets.yaml/v1/secrets.yaml HTTP/1.1" 404 564 "-" "Mozilla/5.0 (Macintosh; Intel Mac OS X 10_12_3) AppleWebKit/537.36 (KHTML, like Gecko) Chrome/56.0.2924.87 Safari/537.36"
94.72.101.21 - - [02/Nov/2024:19:55:34 +0000] "GET /cloud/azure/secrets.yaml/v1/vars.tf HTTP/1.1" 404 564 "-" "Mozilla/5.0 (Macintosh; Intel Mac OS X 10_12_3) AppleWebKit/537.36 (KHTML, like Gecko) Chrome/56.0.2924.87 Safari/537.36"
94.72.101.21 - - [02/Nov/2024:19:55:34 +0000] "GET /cloud/azure/secrets.yaml/v1/credentials HTTP/1.1" 404 564 "-" "Mozilla/5.0 (Macintosh; Intel Mac OS X 10_12_3) AppleWebKit/537.36 (KHTML, like Gecko) Chrome/56.0.2924.87 Safari/537.36"
94.72.101.21 - - [02/Nov/2024:19:55:35 +0000] "GET /cloud/azure/secrets.yaml/v1/secrets.json HTTP/1.1" 404 564 "-" "Mozilla/5.0 (Macintosh; Intel Mac OS X 10_12_3) AppleWebKit/537.36 (KHTML, like Gecko) Chrome/56.0.2924.87 Safari/537.36"
94.72.101.21 - - [02/Nov/2024:19:55:35 +0000] "GET /cloud/azure/secrets.yaml/v1/keys.pem HTTP/1.1" 404 564 "-" "Mozilla/5.0 (Macintosh; Intel Mac OS X 10_12_3) AppleWebKit/537.36 (KHTML, like Gecko) Chrome/56.0.2924.87 Safari/537.36"
94.72.101.21 - - [02/Nov/2024:19:55:37 +0000] "GET /cloud/azure/secrets.yaml/v1/settings.ini HTTP/1.1" 404 564 "-" "Mozilla/5.0 (Macintosh; Intel Mac OS X 10_12_3) AppleWebKit/537.36 (KHTML, like Gecko) Chrome/56.0.2924.87 Safari/537.36"
94.72.101.21 - - [02/Nov/2024:19:55:37 +0000] "GET /cloud/azure/secrets.yaml/v2/config.json HTTP/1.1" 404 564 "-" "Mozilla/5.0 (Macintosh; Intel Mac OS X 10_12_3) AppleWebKit/537.36 (KHTML, like Gecko) Chrome/56.0.2924.87 Safari/537.36"
94.72.101.21 - - [02/Nov/2024:19:55:37 +0000] "GET /cloud/azure/secrets.yaml/v2/.env HTTP/1.1" 404 564 "-" "Mozilla/5.0 (Macintosh; Intel Mac OS X 10_12_3) AppleWebKit/537.36 (KHTML, like Gecko) Chrome/56.0.2924.87 Safari/537.36"
94.72.101.21 - - [02/Nov/2024:19:55:37 +0000] "GET /cloud/azure/secrets.yaml/v2/secrets.yaml HTTP/1.1" 404 564 "-" "Mozilla/5.0 (Macintosh; Intel Mac OS X 10_12_3) AppleWebKit/537.36 (KHTML, like Gecko) Chrome/56.0.2924.87 Safari/537.36"
94.72.101.21 - - [02/Nov/2024:19:55:38 +0000] "GET /cloud/azure/secrets.yaml/v2/vars.tf HTTP/1.1" 404 564 "-" "Mozilla/5.0 (Macintosh; Intel Mac OS X 10_12_3) AppleWebKit/537.36 (KHTML, like Gecko) Chrome/56.0.2924.87 Safari/537.36"
94.72.101.21 - - [02/Nov/2024:19:55:39 +0000] "GET /cloud/azure/secrets.yaml/v2/credentials HTTP/1.1" 404 564 "-" "Mozilla/5.0 (Macintosh; Intel Mac OS X 10_12_3) AppleWebKit/537.36 (KHTML, like Gecko) Chrome/56.0.2924.87 Safari/537.36"
94.72.101.21 - - [02/Nov/2024:19:55:39 +0000] "GET /cloud/azure/secrets.yaml/v2/secrets.json HTTP/1.1" 404 564 "-" "Mozilla/5.0 (Macintosh; Intel Mac OS X 10_12_3) AppleWebKit/537.36 (KHTML, like Gecko) Chrome/56.0.2924.87 Safari/537.36"
94.72.101.21 - - [02/Nov/2024:19:55:40 +0000] "GET /cloud/azure/secrets.yaml/v2/keys.pem HTTP/1.1" 404 564 "-" "Mozilla/5.0 (Macintosh; Intel Mac OS X 10_12_3) AppleWebKit/537.36 (KHTML, like Gecko) Chrome/56.0.2924.87 Safari/537.36"
94.72.101.21 - - [02/Nov/2024:19:55:40 +0000] "GET /cloud/azure/secrets.yaml/v2/settings.ini HTTP/1.1" 404 564 "-" "Mozilla/5.0 (Macintosh; Intel Mac OS X 10_12_3) AppleWebKit/537.36 (KHTML, like Gecko) Chrome/56.0.2924.87 Safari/537.36"
94.72.101.21 - - [02/Nov/2024:19:55:40 +0000] "GET /cloud/azure/secrets.yaml/dev/config.json HTTP/1.1" 404 564 "-" "Mozilla/5.0 (Macintosh; Intel Mac OS X 10_12_3) AppleWebKit/537.36 (KHTML, like Gecko) Chrome/56.0.2924.87 Safari/537.36"
94.72.101.21 - - [02/Nov/2024:19:55:41 +0000] "GET /cloud/azure/secrets.yaml/dev/.env HTTP/1.1" 404 564 "-" "Mozilla/5.0 (Macintosh; Intel Mac OS X 10_12_3) AppleWebKit/537.36 (KHTML, like Gecko) Chrome/56.0.2924.87 Safari/537.36"
94.72.101.21 - - [02/Nov/2024:19:55:41 +0000] "GET /cloud/azure/secrets.yaml/dev/secrets.yaml HTTP/1.1" 404 564 "-" "Mozilla/5.0 (Macintosh; Intel Mac OS X 10_12_3) AppleWebKit/537.36 (KHTML, like Gecko) Chrome/56.0.2924.87 Safari/537.36"
94.72.101.21 - - [02/Nov/2024:19:55:41 +0000] "GET /cloud/azure/secrets.yaml/dev/vars.tf HTTP/1.1" 404 564 "-" "Mozilla/5.0 (Macintosh; Intel Mac OS X 10_12_3) AppleWebKit/537.36 (KHTML, like Gecko) Chrome/56.0.2924.87 Safari/537.36"
94.72.101.21 - - [02/Nov/2024:19:55:41 +0000] "GET /cloud/azure/secrets.yaml/dev/credentials HTTP/1.1" 404 564 "-" "Mozilla/5.0 (Macintosh; Intel Mac OS X 10_12_3) AppleWebKit/537.36 (KHTML, like Gecko) Chrome/56.0.2924.87 Safari/537.36"
94.72.101.21 - - [02/Nov/2024:19:55:41 +0000] "GET /cloud/azure/secrets.yaml/dev/secrets.json HTTP/1.1" 404 564 "-" "Mozilla/5.0 (Macintosh; Intel Mac OS X 10_12_3) AppleWebKit/537.36 (KHTML, like Gecko) Chrome/56.0.2924.87 Safari/537.36"
94.72.101.21 - - [02/Nov/2024:19:55:41 +0000] "GET /cloud/azure/secrets.yaml/dev/keys.pem HTTP/1.1" 404 564 "-" "Mozilla/5.0 (Macintosh; Intel Mac OS X 10_12_3) AppleWebKit/537.36 (KHTML, like Gecko) Chrome/56.0.2924.87 Safari/537.36"
94.72.101.21 - - [02/Nov/2024:19:55:42 +0000] "GET /cloud/azure/secrets.yaml/dev/settings.ini HTTP/1.1" 404 564 "-" "Mozilla/5.0 (Macintosh; Intel Mac OS X 10_12_3) AppleWebKit/537.36 (KHTML, like Gecko) Chrome/56.0.2924.87 Safari/537.36"
94.72.101.21 - - [02/Nov/2024:19:55:42 +0000] "GET /cloud/azure/secrets.yaml/prod/config.json HTTP/1.1" 404 564 "-" "Mozilla/5.0 (Macintosh; Intel Mac OS X 10_12_3) AppleWebKit/537.36 (KHTML, like Gecko) Chrome/56.0.2924.87 Safari/537.36"
94.72.101.21 - - [02/Nov/2024:19:55:42 +0000] "GET /cloud/azure/secrets.yaml/prod/.env HTTP/1.1" 404 564 "-" "Mozilla/5.0 (Macintosh; Intel Mac OS X 10_12_3) AppleWebKit/537.36 (KHTML, like Gecko) Chrome/56.0.2924.87 Safari/537.36"
94.72.101.21 - - [02/Nov/2024:19:55:42 +0000] "GET /cloud/azure/secrets.yaml/prod/secrets.yaml HTTP/1.1" 404 564 "-" "Mozilla/5.0 (Macintosh; Intel Mac OS X 10_12_3) AppleWebKit/537.36 (KHTML, like Gecko) Chrome/56.0.2924.87 Safari/537.36"
94.72.101.21 - - [02/Nov/2024:19:55:42 +0000] "GET /cloud/azure/secrets.yaml/prod/vars.tf HTTP/1.1" 404 564 "-" "Mozilla/5.0 (Macintosh; Intel Mac OS X 10_12_3) AppleWebKit/537.36 (KHTML, like Gecko) Chrome/56.0.2924.87 Safari/537.36"
94.72.101.21 - - [02/Nov/2024:19:55:43 +0000] "GET /cloud/azure/secrets.yaml/prod/credentials HTTP/1.1" 404 564 "-" "Mozilla/5.0 (Macintosh; Intel Mac OS X 10_12_3) AppleWebKit/537.36 (KHTML, like Gecko) Chrome/56.0.2924.87 Safari/537.36"
94.72.101.21 - - [02/Nov/2024:19:55:43 +0000] "GET /cloud/azure/secrets.yaml/prod/secrets.json HTTP/1.1" 404 564 "-" "Mozilla/5.0 (Macintosh; Intel Mac OS X 10_12_3) AppleWebKit/537.36 (KHTML, like Gecko) Chrome/56.0.2924.87 Safari/537.36"
94.72.101.21 - - [02/Nov/2024:19:55:44 +0000] "GET /cloud/azure/secrets.yaml/prod/keys.pem HTTP/1.1" 404 564 "-" "Mozilla/5.0 (Macintosh; Intel Mac OS X 10_12_3) AppleWebKit/537.36 (KHTML, like Gecko) Chrome/56.0.2924.87 Safari/537.36"
94.72.101.21 - - [02/Nov/2024:19:55:44 +0000] "GET /cloud/azure/secrets.yaml/prod/settings.ini HTTP/1.1" 404 564 "-" "Mozilla/5.0 (Macintosh; Intel Mac OS X 10_12_3) AppleWebKit/537.36 (KHTML, like Gecko) Chrome/56.0.2924.87 Safari/537.36"
94.72.101.21 - - [02/Nov/2024:19:55:44 +0000] "GET /cloud/azure/secrets.yaml/staging/config.json HTTP/1.1" 404 564 "-" "Mozilla/5.0 (Macintosh; Intel Mac OS X 10_12_3) AppleWebKit/537.36 (KHTML, like Gecko) Chrome/56.0.2924.87 Safari/537.36"
94.72.101.21 - - [02/Nov/2024:19:55:44 +0000] "GET /cloud/azure/secrets.yaml/staging/.env HTTP/1.1" 404 564 "-" "Mozilla/5.0 (Macintosh; Intel Mac OS X 10_12_3) AppleWebKit/537.36 (KHTML, like Gecko) Chrome/56.0.2924.87 Safari/537.36"
94.72.101.21 - - [02/Nov/2024:19:55:44 +0000] "GET /cloud/azure/secrets.yaml/staging/secrets.yaml HTTP/1.1" 404 564 "-" "Mozilla/5.0 (Macintosh; Intel Mac OS X 10_12_3) AppleWebKit/537.36 (KHTML, like Gecko) Chrome/56.0.2924.87 Safari/537.36"
94.72.101.21 - - [02/Nov/2024:19:55:44 +0000] "GET /cloud/azure/secrets.yaml/staging/vars.tf HTTP/1.1" 404 564 "-" "Mozilla/5.0 (Macintosh; Intel Mac OS X 10_12_3) AppleWebKit/537.36 (KHTML, like Gecko) Chrome/56.0.2924.87 Safari/537.36"
94.72.101.21 - - [02/Nov/2024:19:55:45 +0000] "GET /cloud/azure/secrets.yaml/staging/credentials HTTP/1.1" 404 564 "-" "Mozilla/5.0 (Macintosh; Intel Mac OS X 10_12_3) AppleWebKit/537.36 (KHTML, like Gecko) Chrome/56.0.2924.87 Safari/537.36"
94.72.101.21 - - [02/Nov/2024:19:55:45 +0000] "GET /cloud/azure/secrets.yaml/staging/secrets.json HTTP/1.1" 404 564 "-" "Mozilla/5.0 (Macintosh; Intel Mac OS X 10_12_3) AppleWebKit/537.36 (KHTML, like Gecko) Chrome/56.0.2924.87 Safari/537.36"
94.72.101.21 - - [02/Nov/2024:19:55:45 +0000] "GET /cloud/azure/secrets.yaml/staging/keys.pem HTTP/1.1" 404 564 "-" "Mozilla/5.0 (Macintosh; Intel Mac OS X 10_12_3) AppleWebKit/537.36 (KHTML, like Gecko) Chrome/56.0.2924.87 Safari/537.36"
94.72.101.21 - - [02/Nov/2024:19:55:45 +0000] "GET /cloud/azure/secrets.yaml/staging/settings.ini HTTP/1.1" 404 564 "-" "Mozilla/5.0 (Macintosh; Intel Mac OS X 10_12_3) AppleWebKit/537.36 (KHTML, like Gecko) Chrome/56.0.2924.87 Safari/537.36"
94.72.101.21 - - [02/Nov/2024:19:55:45 +0000] "GET /cloud/azure/secrets.yaml/src/config.json HTTP/1.1" 404 564 "-" "Mozilla/5.0 (Macintosh; Intel Mac OS X 10_12_3) AppleWebKit/537.36 (KHTML, like Gecko) Chrome/56.0.2924.87 Safari/537.36"
94.72.101.21 - - [02/Nov/2024:19:55:46 +0000] "GET /cloud/azure/secrets.yaml/src/.env HTTP/1.1" 404 564 "-" "Mozilla/5.0 (Macintosh; Intel Mac OS X 10_12_3) AppleWebKit/537.36 (KHTML, like Gecko) Chrome/56.0.2924.87 Safari/537.36"
94.72.101.21 - - [02/Nov/2024:19:55:46 +0000] "GET /cloud/azure/secrets.yaml/src/secrets.yaml HTTP/1.1" 404 564 "-" "Mozilla/5.0 (Macintosh; Intel Mac OS X 10_12_3) AppleWebKit/537.36 (KHTML, like Gecko) Chrome/56.0.2924.87 Safari/537.36"
94.72.101.21 - - [02/Nov/2024:19:55:46 +0000] "GET /cloud/azure/secrets.yaml/src/vars.tf HTTP/1.1" 404 564 "-" "Mozilla/5.0 (Macintosh; Intel Mac OS X 10_12_3) AppleWebKit/537.36 (KHTML, like Gecko) Chrome/56.0.2924.87 Safari/537.36"
94.72.101.21 - - [02/Nov/2024:19:55:46 +0000] "GET /cloud/azure/secrets.yaml/src/credentials HTTP/1.1" 404 564 "-" "Mozilla/5.0 (Macintosh; Intel Mac OS X 10_12_3) AppleWebKit/537.36 (KHTML, like Gecko) Chrome/56.0.2924.87 Safari/537.36"
94.72.101.21 - - [02/Nov/2024:19:55:46 +0000] "GET /cloud/azure/secrets.yaml/src/secrets.json HTTP/1.1" 404 564 "-" "Mozilla/5.0 (Macintosh; Intel Mac OS X 10_12_3) AppleWebKit/537.36 (KHTML, like Gecko) Chrome/56.0.2924.87 Safari/537.36"
94.72.101.21 - - [02/Nov/2024:19:55:47 +0000] "GET /cloud/azure/secrets.yaml/src/keys.pem HTTP/1.1" 404 564 "-" "Mozilla/5.0 (Macintosh; Intel Mac OS X 10_12_3) AppleWebKit/537.36 (KHTML, like Gecko) Chrome/56.0.2924.87 Safari/537.36"
94.72.101.21 - - [02/Nov/2024:19:55:47 +0000] "GET /cloud/azure/secrets.yaml/src/settings.ini HTTP/1.1" 404 564 "-" "Mozilla/5.0 (Macintosh; Intel Mac OS X 10_12_3) AppleWebKit/537.36 (KHTML, like Gecko) Chrome/56.0.2924.87 Safari/537.36"
94.72.101.21 - - [02/Nov/2024:19:55:48 +0000] "GET /cloud/azure/secrets.yaml/dist/config.json HTTP/1.1" 404 564 "-" "Mozilla/5.0 (Macintosh; Intel Mac OS X 10_12_3) AppleWebKit/537.36 (KHTML, like Gecko) Chrome/56.0.2924.87 Safari/537.36"
94.72.101.21 - - [02/Nov/2024:19:55:48 +0000] "GET /cloud/azure/secrets.yaml/dist/.env HTTP/1.1" 404 564 "-" "Mozilla/5.0 (Macintosh; Intel Mac OS X 10_12_3) AppleWebKit/537.36 (KHTML, like Gecko) Chrome/56.0.2924.87 Safari/537.36"
94.72.101.21 - - [02/Nov/2024:19:55:48 +0000] "GET /cloud/azure/secrets.yaml/dist/secrets.yaml HTTP/1.1" 404 564 "-" "Mozilla/5.0 (Macintosh; Intel Mac OS X 10_12_3) AppleWebKit/537.36 (KHTML, like Gecko) Chrome/56.0.2924.87 Safari/537.36"
94.72.101.21 - - [02/Nov/2024:19:55:48 +0000] "GET /cloud/azure/secrets.yaml/dist/vars.tf HTTP/1.1" 404 564 "-" "Mozilla/5.0 (Macintosh; Intel Mac OS X 10_12_3) AppleWebKit/537.36 (KHTML, like Gecko) Chrome/56.0.2924.87 Safari/537.36"
94.72.101.21 - - [02/Nov/2024:19:55:49 +0000] "GET /cloud/azure/secrets.yaml/dist/credentials HTTP/1.1" 404 564 "-" "Mozilla/5.0 (Macintosh; Intel Mac OS X 10_12_3) AppleWebKit/537.36 (KHTML, like Gecko) Chrome/56.0.2924.87 Safari/537.36"
94.72.101.21 - - [02/Nov/2024:19:55:49 +0000] "GET /cloud/azure/secrets.yaml/dist/secrets.json HTTP/1.1" 404 564 "-" "Mozilla/5.0 (Macintosh; Intel Mac OS X 10_12_3) AppleWebKit/537.36 (KHTML, like Gecko) Chrome/56.0.2924.87 Safari/537.36"
94.72.101.21 - - [02/Nov/2024:19:55:49 +0000] "GET /cloud/azure/secrets.yaml/dist/keys.pem HTTP/1.1" 404 564 "-" "Mozilla/5.0 (Macintosh; Intel Mac OS X 10_12_3) AppleWebKit/537.36 (KHTML, like Gecko) Chrome/56.0.2924.87 Safari/537.36"
94.72.101.21 - - [02/Nov/2024:19:55:49 +0000] "GET /cloud/azure/secrets.yaml/dist/settings.ini HTTP/1.1" 404 564 "-" "Mozilla/5.0 (Macintosh; Intel Mac OS X 10_12_3) AppleWebKit/537.36 (KHTML, like Gecko) Chrome/56.0.2924.87 Safari/537.36"
94.72.101.21 - - [02/Nov/2024:19:55:50 +0000] "GET /cloud/azure/secrets.yaml/config/config.json HTTP/1.1" 404 564 "-" "Mozilla/5.0 (Macintosh; Intel Mac OS X 10_12_3) AppleWebKit/537.36 (KHTML, like Gecko) Chrome/56.0.2924.87 Safari/537.36"
94.72.101.21 - - [02/Nov/2024:19:55:50 +0000] "GET /cloud/azure/secrets.yaml/config/.env HTTP/1.1" 404 564 "-" "Mozilla/5.0 (Macintosh; Intel Mac OS X 10_12_3) AppleWebKit/537.36 (KHTML, like Gecko) Chrome/56.0.2924.87 Safari/537.36"
94.72.101.21 - - [02/Nov/2024:19:55:50 +0000] "GET /cloud/azure/secrets.yaml/config/secrets.yaml HTTP/1.1" 404 564 "-" "Mozilla/5.0 (Macintosh; Intel Mac OS X 10_12_3) AppleWebKit/537.36 (KHTML, like Gecko) Chrome/56.0.2924.87 Safari/537.36"
94.72.101.21 - - [02/Nov/2024:19:55:50 +0000] "GET /cloud/azure/secrets.yaml/config/vars.tf HTTP/1.1" 404 564 "-" "Mozilla/5.0 (Macintosh; Intel Mac OS X 10_12_3) AppleWebKit/537.36 (KHTML, like Gecko) Chrome/56.0.2924.87 Safari/537.36"
94.72.101.21 - - [02/Nov/2024:19:55:50 +0000] "GET /cloud/azure/secrets.yaml/config/credentials HTTP/1.1" 404 564 "-" "Mozilla/5.0 (Macintosh; Intel Mac OS X 10_12_3) AppleWebKit/537.36 (KHTML, like Gecko) Chrome/56.0.2924.87 Safari/537.36"
94.72.101.21 - - [02/Nov/2024:19:55:51 +0000] "GET /cloud/azure/secrets.yaml/config/secrets.json HTTP/1.1" 404 564 "-" "Mozilla/5.0 (Macintosh; Intel Mac OS X 10_12_3) AppleWebKit/537.36 (KHTML, like Gecko) Chrome/56.0.2924.87 Safari/537.36"
94.72.101.21 - - [02/Nov/2024:19:55:51 +0000] "GET /cloud/azure/secrets.yaml/config/keys.pem HTTP/1.1" 404 564 "-" "Mozilla/5.0 (Macintosh; Intel Mac OS X 10_12_3) AppleWebKit/537.36 (KHTML, like Gecko) Chrome/56.0.2924.87 Safari/537.36"
94.72.101.21 - - [02/Nov/2024:19:55:51 +0000] "GET /cloud/azure/secrets.yaml/config/settings.ini HTTP/1.1" 404 564 "-" "Mozilla/5.0 (Macintosh; Intel Mac OS X 10_12_3) AppleWebKit/537.36 (KHTML, like Gecko) Chrome/56.0.2924.87 Safari/537.36"
94.72.101.21 - - [02/Nov/2024:19:55:51 +0000] "GET /cloud/azure/secrets.yaml/backups/config.json HTTP/1.1" 404 564 "-" "Mozilla/5.0 (Macintosh; Intel Mac OS X 10_12_3) AppleWebKit/537.36 (KHTML, like Gecko) Chrome/56.0.2924.87 Safari/537.36"
94.72.101.21 - - [02/Nov/2024:19:55:52 +0000] "GET /cloud/azure/secrets.yaml/backups/.env HTTP/1.1" 404 564 "-" "Mozilla/5.0 (Macintosh; Intel Mac OS X 10_12_3) AppleWebKit/537.36 (KHTML, like Gecko) Chrome/56.0.2924.87 Safari/537.36"
94.72.101.21 - - [02/Nov/2024:19:55:52 +0000] "GET /cloud/azure/secrets.yaml/backups/secrets.yaml HTTP/1.1" 404 564 "-" "Mozilla/5.0 (Macintosh; Intel Mac OS X 10_12_3) AppleWebKit/537.36 (KHTML, like Gecko) Chrome/56.0.2924.87 Safari/537.36"
94.72.101.21 - - [02/Nov/2024:19:55:52 +0000] "GET /cloud/azure/secrets.yaml/backups/vars.tf HTTP/1.1" 404 564 "-" "Mozilla/5.0 (Macintosh; Intel Mac OS X 10_12_3) AppleWebKit/537.36 (KHTML, like Gecko) Chrome/56.0.2924.87 Safari/537.36"
94.72.101.21 - - [02/Nov/2024:19:55:52 +0000] "GET /cloud/azure/secrets.yaml/backups/credentials HTTP/1.1" 404 564 "-" "Mozilla/5.0 (Macintosh; Intel Mac OS X 10_12_3) AppleWebKit/537.36 (KHTML, like Gecko) Chrome/56.0.2924.87 Safari/537.36"
94.72.101.21 - - [02/Nov/2024:19:55:52 +0000] "GET /cloud/azure/secrets.yaml/backups/secrets.json HTTP/1.1" 404 564 "-" "Mozilla/5.0 (Macintosh; Intel Mac OS X 10_12_3) AppleWebKit/537.36 (KHTML, like Gecko) Chrome/56.0.2924.87 Safari/537.36"
94.72.101.21 - - [02/Nov/2024:19:55:52 +0000] "GET /cloud/azure/secrets.yaml/backups/keys.pem HTTP/1.1" 404 564 "-" "Mozilla/5.0 (Macintosh; Intel Mac OS X 10_12_3) AppleWebKit/537.36 (KHTML, like Gecko) Chrome/56.0.2924.87 Safari/537.36"
94.72.101.21 - - [02/Nov/2024:19:55:53 +0000] "GET /cloud/azure/secrets.yaml/backups/settings.ini HTTP/1.1" 404 564 "-" "Mozilla/5.0 (Macintosh; Intel Mac OS X 10_12_3) AppleWebKit/537.36 (KHTML, like Gecko) Chrome/56.0.2924.87 Safari/537.36"
94.72.101.21 - - [02/Nov/2024:19:55:53 +0000] "GET /cloud/azure/secrets.yaml/data/config.json HTTP/1.1" 404 564 "-" "Mozilla/5.0 (Macintosh; Intel Mac OS X 10_12_3) AppleWebKit/537.36 (KHTML, like Gecko) Chrome/56.0.2924.87 Safari/537.36"
94.72.101.21 - - [02/Nov/2024:19:55:53 +0000] "GET /cloud/azure/secrets.yaml/data/.env HTTP/1.1" 404 564 "-" "Mozilla/5.0 (Macintosh; Intel Mac OS X 10_12_3) AppleWebKit/537.36 (KHTML, like Gecko) Chrome/56.0.2924.87 Safari/537.36"
94.72.101.21 - - [02/Nov/2024:19:55:53 +0000] "GET /cloud/azure/secrets.yaml/data/secrets.yaml HTTP/1.1" 404 564 "-" "Mozilla/5.0 (Macintosh; Intel Mac OS X 10_12_3) AppleWebKit/537.36 (KHTML, like Gecko) Chrome/56.0.2924.87 Safari/537.36"
94.72.101.21 - - [02/Nov/2024:19:55:53 +0000] "GET /cloud/azure/secrets.yaml/data/vars.tf HTTP/1.1" 404 564 "-" "Mozilla/5.0 (Macintosh; Intel Mac OS X 10_12_3) AppleWebKit/537.36 (KHTML, like Gecko) Chrome/56.0.2924.87 Safari/537.36"
94.72.101.21 - - [02/Nov/2024:19:55:53 +0000] "GET /cloud/azure/secrets.yaml/data/credentials HTTP/1.1" 404 564 "-" "Mozilla/5.0 (Macintosh; Intel Mac OS X 10_12_3) AppleWebKit/537.36 (KHTML, like Gecko) Chrome/56.0.2924.87 Safari/537.36"
94.72.101.21 - - [02/Nov/2024:19:55:54 +0000] "GET /cloud/azure/secrets.yaml/data/secrets.json HTTP/1.1" 404 564 "-" "Mozilla/5.0 (Macintosh; Intel Mac OS X 10_12_3) AppleWebKit/537.36 (KHTML, like Gecko) Chrome/56.0.2924.87 Safari/537.36"
94.72.101.21 - - [02/Nov/2024:19:55:54 +0000] "GET /cloud/azure/secrets.yaml/data/keys.pem HTTP/1.1" 404 564 "-" "Mozilla/5.0 (Macintosh; Intel Mac OS X 10_12_3) AppleWebKit/537.36 (KHTML, like Gecko) Chrome/56.0.2924.87 Safari/537.36"
94.72.101.21 - - [02/Nov/2024:19:55:54 +0000] "GET /cloud/azure/secrets.yaml/data/settings.ini HTTP/1.1" 404 564 "-" "Mozilla/5.0 (Macintosh; Intel Mac OS X 10_12_3) AppleWebKit/537.36 (KHTML, like Gecko) Chrome/56.0.2924.87 Safari/537.36"
94.72.101.21 - - [02/Nov/2024:19:55:54 +0000] "GET /terraform/environments/prod/vars.tf/v1/config.json HTTP/1.1" 404 564 "-" "Mozilla/5.0 (Macintosh; Intel Mac OS X 10_12_3) AppleWebKit/537.36 (KHTML, like Gecko) Chrome/56.0.2924.87 Safari/537.36"
94.72.101.21 - - [02/Nov/2024:19:55:54 +0000] "GET /terraform/environments/prod/vars.tf/v1/.env HTTP/1.1" 404 564 "-" "Mozilla/5.0 (Macintosh; Intel Mac OS X 10_12_3) AppleWebKit/537.36 (KHTML, like Gecko) Chrome/56.0.2924.87 Safari/537.36"
94.72.101.21 - - [02/Nov/2024:19:55:55 +0000] "GET /terraform/environments/prod/vars.tf/v1/secrets.yaml HTTP/1.1" 404 564 "-" "Mozilla/5.0 (Macintosh; Intel Mac OS X 10_12_3) AppleWebKit/537.36 (KHTML, like Gecko) Chrome/56.0.2924.87 Safari/537.36"
94.72.101.21 - - [02/Nov/2024:19:55:55 +0000] "GET /terraform/environments/prod/vars.tf/v1/vars.tf HTTP/1.1" 404 564 "-" "Mozilla/5.0 (Macintosh; Intel Mac OS X 10_12_3) AppleWebKit/537.36 (KHTML, like Gecko) Chrome/56.0.2924.87 Safari/537.36"
94.72.101.21 - - [02/Nov/2024:19:55:55 +0000] "GET /terraform/environments/prod/vars.tf/v1/credentials HTTP/1.1" 404 564 "-" "Mozilla/5.0 (Macintosh; Intel Mac OS X 10_12_3) AppleWebKit/537.36 (KHTML, like Gecko) Chrome/56.0.2924.87 Safari/537.36"
94.72.101.21 - - [02/Nov/2024:19:55:55 +0000] "GET /terraform/environments/prod/vars.tf/v1/secrets.json HTTP/1.1" 404 564 "-" "Mozilla/5.0 (Macintosh; Intel Mac OS X 10_12_3) AppleWebKit/537.36 (KHTML, like Gecko) Chrome/56.0.2924.87 Safari/537.36"
94.72.101.21 - - [02/Nov/2024:19:55:55 +0000] "GET /terraform/environments/prod/vars.tf/v1/keys.pem HTTP/1.1" 404 564 "-" "Mozilla/5.0 (Macintosh; Intel Mac OS X 10_12_3) AppleWebKit/537.36 (KHTML, like Gecko) Chrome/56.0.2924.87 Safari/537.36"
94.72.101.21 - - [02/Nov/2024:19:55:56 +0000] "GET /terraform/environments/prod/vars.tf/v1/settings.ini HTTP/1.1" 404 564 "-" "Mozilla/5.0 (Macintosh; Intel Mac OS X 10_12_3) AppleWebKit/537.36 (KHTML, like Gecko) Chrome/56.0.2924.87 Safari/537.36"
94.72.101.21 - - [02/Nov/2024:19:55:56 +0000] "GET /terraform/environments/prod/vars.tf/v2/config.json HTTP/1.1" 404 564 "-" "Mozilla/5.0 (Macintosh; Intel Mac OS X 10_12_3) AppleWebKit/537.36 (KHTML, like Gecko) Chrome/56.0.2924.87 Safari/537.36"
94.72.101.21 - - [02/Nov/2024:19:55:56 +0000] "GET /terraform/environments/prod/vars.tf/v2/.env HTTP/1.1" 404 564 "-" "Mozilla/5.0 (Macintosh; Intel Mac OS X 10_12_3) AppleWebKit/537.36 (KHTML, like Gecko) Chrome/56.0.2924.87 Safari/537.36"
94.72.101.21 - - [02/Nov/2024:19:55:57 +0000] "GET /terraform/environments/prod/vars.tf/v2/secrets.yaml HTTP/1.1" 404 564 "-" "Mozilla/5.0 (Macintosh; Intel Mac OS X 10_12_3) AppleWebKit/537.36 (KHTML, like Gecko) Chrome/56.0.2924.87 Safari/537.36"
94.72.101.21 - - [02/Nov/2024:19:55:57 +0000] "GET /terraform/environments/prod/vars.tf/v2/vars.tf HTTP/1.1" 404 564 "-" "Mozilla/5.0 (Macintosh; Intel Mac OS X 10_12_3) AppleWebKit/537.36 (KHTML, like Gecko) Chrome/56.0.2924.87 Safari/537.36"
94.72.101.21 - - [02/Nov/2024:19:55:57 +0000] "GET /terraform/environments/prod/vars.tf/v2/credentials HTTP/1.1" 404 564 "-" "Mozilla/5.0 (Macintosh; Intel Mac OS X 10_12_3) AppleWebKit/537.36 (KHTML, like Gecko) Chrome/56.0.2924.87 Safari/537.36"
94.72.101.21 - - [02/Nov/2024:19:55:57 +0000] "GET /terraform/environments/prod/vars.tf/v2/secrets.json HTTP/1.1" 404 564 "-" "Mozilla/5.0 (Macintosh; Intel Mac OS X 10_12_3) AppleWebKit/537.36 (KHTML, like Gecko) Chrome/56.0.2924.87 Safari/537.36"
94.72.101.21 - - [02/Nov/2024:19:55:58 +0000] "GET /terraform/environments/prod/vars.tf/v2/keys.pem HTTP/1.1" 404 564 "-" "Mozilla/5.0 (Macintosh; Intel Mac OS X 10_12_3) AppleWebKit/537.36 (KHTML, like Gecko) Chrome/56.0.2924.87 Safari/537.36"
94.72.101.21 - - [02/Nov/2024:19:55:58 +0000] "GET /terraform/environments/prod/vars.tf/v2/settings.ini HTTP/1.1" 404 564 "-" "Mozilla/5.0 (Macintosh; Intel Mac OS X 10_12_3) AppleWebKit/537.36 (KHTML, like Gecko) Chrome/56.0.2924.87 Safari/537.36"
94.72.101.21 - - [02/Nov/2024:19:55:58 +0000] "GET /terraform/environments/prod/vars.tf/dev/config.json HTTP/1.1" 404 564 "-" "Mozilla/5.0 (Macintosh; Intel Mac OS X 10_12_3) AppleWebKit/537.36 (KHTML, like Gecko) Chrome/56.0.2924.87 Safari/537.36"
94.72.101.21 - - [02/Nov/2024:19:55:59 +0000] "GET /terraform/environments/prod/vars.tf/dev/.env HTTP/1.1" 404 564 "-" "Mozilla/5.0 (Macintosh; Intel Mac OS X 10_12_3) AppleWebKit/537.36 (KHTML, like Gecko) Chrome/56.0.2924.87 Safari/537.36"
94.72.101.21 - - [02/Nov/2024:19:55:59 +0000] "GET /terraform/environments/prod/vars.tf/dev/secrets.yaml HTTP/1.1" 404 564 "-" "Mozilla/5.0 (Macintosh; Intel Mac OS X 10_12_3) AppleWebKit/537.36 (KHTML, like Gecko) Chrome/56.0.2924.87 Safari/537.36"
94.72.101.21 - - [02/Nov/2024:19:55:59 +0000] "GET /terraform/environments/prod/vars.tf/dev/vars.tf HTTP/1.1" 404 564 "-" "Mozilla/5.0 (Macintosh; Intel Mac OS X 10_12_3) AppleWebKit/537.36 (KHTML, like Gecko) Chrome/56.0.2924.87 Safari/537.36"
94.72.101.21 - - [02/Nov/2024:19:55:59 +0000] "GET /terraform/environments/prod/vars.tf/dev/credentials HTTP/1.1" 404 564 "-" "Mozilla/5.0 (Macintosh; Intel Mac OS X 10_12_3) AppleWebKit/537.36 (KHTML, like Gecko) Chrome/56.0.2924.87 Safari/537.36"
94.72.101.21 - - [02/Nov/2024:19:55:59 +0000] "GET /terraform/environments/prod/vars.tf/dev/secrets.json HTTP/1.1" 404 564 "-" "Mozilla/5.0 (Macintosh; Intel Mac OS X 10_12_3) AppleWebKit/537.36 (KHTML, like Gecko) Chrome/56.0.2924.87 Safari/537.36"
94.72.101.21 - - [02/Nov/2024:19:56:00 +0000] "GET /terraform/environments/prod/vars.tf/dev/keys.pem HTTP/1.1" 404 564 "-" "Mozilla/5.0 (Macintosh; Intel Mac OS X 10_12_3) AppleWebKit/537.36 (KHTML, like Gecko) Chrome/56.0.2924.87 Safari/537.36"
94.72.101.21 - - [02/Nov/2024:19:56:00 +0000] "GET /terraform/environments/prod/vars.tf/dev/settings.ini HTTP/1.1" 404 564 "-" "Mozilla/5.0 (Macintosh; Intel Mac OS X 10_12_3) AppleWebKit/537.36 (KHTML, like Gecko) Chrome/56.0.2924.87 Safari/537.36"
94.72.101.21 - - [02/Nov/2024:19:56:00 +0000] "GET /terraform/environments/prod/vars.tf/prod/config.json HTTP/1.1" 404 564 "-" "Mozilla/5.0 (Macintosh; Intel Mac OS X 10_12_3) AppleWebKit/537.36 (KHTML, like Gecko) Chrome/56.0.2924.87 Safari/537.36"
94.72.101.21 - - [02/Nov/2024:19:56:02 +0000] "GET /terraform/environments/prod/vars.tf/prod/.env HTTP/1.1" 404 564 "-" "Mozilla/5.0 (Macintosh; Intel Mac OS X 10_12_3) AppleWebKit/537.36 (KHTML, like Gecko) Chrome/56.0.2924.87 Safari/537.36"
94.72.101.21 - - [02/Nov/2024:19:56:03 +0000] "GET /terraform/environments/prod/vars.tf/prod/secrets.yaml HTTP/1.1" 404 564 "-" "Mozilla/5.0 (Macintosh; Intel Mac OS X 10_12_3) AppleWebKit/537.36 (KHTML, like Gecko) Chrome/56.0.2924.87 Safari/537.36"
94.72.101.21 - - [02/Nov/2024:19:56:03 +0000] "GET /terraform/environments/prod/vars.tf/prod/vars.tf HTTP/1.1" 404 564 "-" "Mozilla/5.0 (Macintosh; Intel Mac OS X 10_12_3) AppleWebKit/537.36 (KHTML, like Gecko) Chrome/56.0.2924.87 Safari/537.36"
94.72.101.21 - - [02/Nov/2024:19:56:03 +0000] "GET /terraform/environments/prod/vars.tf/prod/credentials HTTP/1.1" 404 564 "-" "Mozilla/5.0 (Macintosh; Intel Mac OS X 10_12_3) AppleWebKit/537.36 (KHTML, like Gecko) Chrome/56.0.2924.87 Safari/537.36"
94.72.101.21 - - [02/Nov/2024:19:56:03 +0000] "GET /terraform/environments/prod/vars.tf/prod/secrets.json HTTP/1.1" 404 564 "-" "Mozilla/5.0 (Macintosh; Intel Mac OS X 10_12_3) AppleWebKit/537.36 (KHTML, like Gecko) Chrome/56.0.2924.87 Safari/537.36"
94.72.101.21 - - [02/Nov/2024:19:56:03 +0000] "GET /terraform/environments/prod/vars.tf/prod/keys.pem HTTP/1.1" 404 564 "-" "Mozilla/5.0 (Macintosh; Intel Mac OS X 10_12_3) AppleWebKit/537.36 (KHTML, like Gecko) Chrome/56.0.2924.87 Safari/537.36"
94.72.101.21 - - [02/Nov/2024:19:56:03 +0000] "GET /terraform/environments/prod/vars.tf/prod/settings.ini HTTP/1.1" 404 564 "-" "Mozilla/5.0 (Macintosh; Intel Mac OS X 10_12_3) AppleWebKit/537.36 (KHTML, like Gecko) Chrome/56.0.2924.87 Safari/537.36"
94.72.101.21 - - [02/Nov/2024:19:56:04 +0000] "GET /terraform/environments/prod/vars.tf/staging/config.json HTTP/1.1" 404 564 "-" "Mozilla/5.0 (Macintosh; Intel Mac OS X 10_12_3) AppleWebKit/537.36 (KHTML, like Gecko) Chrome/56.0.2924.87 Safari/537.36"
94.72.101.21 - - [02/Nov/2024:19:56:04 +0000] "GET /terraform/environments/prod/vars.tf/staging/.env HTTP/1.1" 404 564 "-" "Mozilla/5.0 (Macintosh; Intel Mac OS X 10_12_3) AppleWebKit/537.36 (KHTML, like Gecko) Chrome/56.0.2924.87 Safari/537.36"
94.72.101.21 - - [02/Nov/2024:19:56:04 +0000] "GET /terraform/environments/prod/vars.tf/staging/secrets.yaml HTTP/1.1" 404 564 "-" "Mozilla/5.0 (Macintosh; Intel Mac OS X 10_12_3) AppleWebKit/537.36 (KHTML, like Gecko) Chrome/56.0.2924.87 Safari/537.36"
94.72.101.21 - - [02/Nov/2024:19:56:04 +0000] "GET /terraform/environments/prod/vars.tf/staging/vars.tf HTTP/1.1" 404 564 "-" "Mozilla/5.0 (Macintosh; Intel Mac OS X 10_12_3) AppleWebKit/537.36 (KHTML, like Gecko) Chrome/56.0.2924.87 Safari/537.36"
94.72.101.21 - - [02/Nov/2024:19:56:04 +0000] "GET /terraform/environments/prod/vars.tf/staging/credentials HTTP/1.1" 404 564 "-" "Mozilla/5.0 (Macintosh; Intel Mac OS X 10_12_3) AppleWebKit/537.36 (KHTML, like Gecko) Chrome/56.0.2924.87 Safari/537.36"
94.72.101.21 - - [02/Nov/2024:19:56:04 +0000] "GET /terraform/environments/prod/vars.tf/staging/secrets.json HTTP/1.1" 404 564 "-" "Mozilla/5.0 (Macintosh; Intel Mac OS X 10_12_3) AppleWebKit/537.36 (KHTML, like Gecko) Chrome/56.0.2924.87 Safari/537.36"
94.72.101.21 - - [02/Nov/2024:19:56:05 +0000] "GET /terraform/environments/prod/vars.tf/staging/keys.pem HTTP/1.1" 404 564 "-" "Mozilla/5.0 (Macintosh; Intel Mac OS X 10_12_3) AppleWebKit/537.36 (KHTML, like Gecko) Chrome/56.0.2924.87 Safari/537.36"
94.72.101.21 - - [02/Nov/2024:19:56:05 +0000] "GET /terraform/environments/prod/vars.tf/staging/settings.ini HTTP/1.1" 404 564 "-" "Mozilla/5.0 (Macintosh; Intel Mac OS X 10_12_3) AppleWebKit/537.36 (KHTML, like Gecko) Chrome/56.0.2924.87 Safari/537.36"
94.72.101.21 - - [02/Nov/2024:19:56:05 +0000] "GET /terraform/environments/prod/vars.tf/src/config.json HTTP/1.1" 404 564 "-" "Mozilla/5.0 (Macintosh; Intel Mac OS X 10_12_3) AppleWebKit/537.36 (KHTML, like Gecko) Chrome/56.0.2924.87 Safari/537.36"
94.72.101.21 - - [02/Nov/2024:19:56:06 +0000] "GET /terraform/environments/prod/vars.tf/src/.env HTTP/1.1" 404 564 "-" "Mozilla/5.0 (Macintosh; Intel Mac OS X 10_12_3) AppleWebKit/537.36 (KHTML, like Gecko) Chrome/56.0.2924.87 Safari/537.36"
94.72.101.21 - - [02/Nov/2024:19:56:06 +0000] "GET /terraform/environments/prod/vars.tf/src/secrets.yaml HTTP/1.1" 404 564 "-" "Mozilla/5.0 (Macintosh; Intel Mac OS X 10_12_3) AppleWebKit/537.36 (KHTML, like Gecko) Chrome/56.0.2924.87 Safari/537.36"
94.72.101.21 - - [02/Nov/2024:19:56:06 +0000] "GET /terraform/environments/prod/vars.tf/src/vars.tf HTTP/1.1" 404 564 "-" "Mozilla/5.0 (Macintosh; Intel Mac OS X 10_12_3) AppleWebKit/537.36 (KHTML, like Gecko) Chrome/56.0.2924.87 Safari/537.36"
94.72.101.21 - - [02/Nov/2024:19:56:06 +0000] "GET /terraform/environments/prod/vars.tf/src/credentials HTTP/1.1" 404 564 "-" "Mozilla/5.0 (Macintosh; Intel Mac OS X 10_12_3) AppleWebKit/537.36 (KHTML, like Gecko) Chrome/56.0.2924.87 Safari/537.36"
94.72.101.21 - - [02/Nov/2024:19:56:07 +0000] "GET /terraform/environments/prod/vars.tf/src/secrets.json HTTP/1.1" 404 564 "-" "Mozilla/5.0 (Macintosh; Intel Mac OS X 10_12_3) AppleWebKit/537.36 (KHTML, like Gecko) Chrome/56.0.2924.87 Safari/537.36"
94.72.101.21 - - [02/Nov/2024:19:56:07 +0000] "GET /terraform/environments/prod/vars.tf/src/keys.pem HTTP/1.1" 404 564 "-" "Mozilla/5.0 (Macintosh; Intel Mac OS X 10_12_3) AppleWebKit/537.36 (KHTML, like Gecko) Chrome/56.0.2924.87 Safari/537.36"
94.72.101.21 - - [02/Nov/2024:19:56:07 +0000] "GET /terraform/environments/prod/vars.tf/src/settings.ini HTTP/1.1" 404 564 "-" "Mozilla/5.0 (Macintosh; Intel Mac OS X 10_12_3) AppleWebKit/537.36 (KHTML, like Gecko) Chrome/56.0.2924.87 Safari/537.36"
94.72.101.21 - - [02/Nov/2024:19:56:07 +0000] "GET /terraform/environments/prod/vars.tf/dist/config.json HTTP/1.1" 404 564 "-" "Mozilla/5.0 (Macintosh; Intel Mac OS X 10_12_3) AppleWebKit/537.36 (KHTML, like Gecko) Chrome/56.0.2924.87 Safari/537.36"
94.72.101.21 - - [02/Nov/2024:19:56:08 +0000] "GET /terraform/environments/prod/vars.tf/dist/.env HTTP/1.1" 404 564 "-" "Mozilla/5.0 (Macintosh; Intel Mac OS X 10_12_3) AppleWebKit/537.36 (KHTML, like Gecko) Chrome/56.0.2924.87 Safari/537.36"
94.72.101.21 - - [02/Nov/2024:19:56:08 +0000] "GET /terraform/environments/prod/vars.tf/dist/secrets.yaml HTTP/1.1" 404 564 "-" "Mozilla/5.0 (Macintosh; Intel Mac OS X 10_12_3) AppleWebKit/537.36 (KHTML, like Gecko) Chrome/56.0.2924.87 Safari/537.36"
94.72.101.21 - - [02/Nov/2024:19:56:08 +0000] "GET /terraform/environments/prod/vars.tf/dist/vars.tf HTTP/1.1" 404 564 "-" "Mozilla/5.0 (Macintosh; Intel Mac OS X 10_12_3) AppleWebKit/537.36 (KHTML, like Gecko) Chrome/56.0.2924.87 Safari/537.36"
94.72.101.21 - - [02/Nov/2024:19:56:08 +0000] "GET /terraform/environments/prod/vars.tf/dist/credentials HTTP/1.1" 404 564 "-" "Mozilla/5.0 (Macintosh; Intel Mac OS X 10_12_3) AppleWebKit/537.36 (KHTML, like Gecko) Chrome/56.0.2924.87 Safari/537.36"
94.72.101.21 - - [02/Nov/2024:19:56:08 +0000] "GET /terraform/environments/prod/vars.tf/dist/secrets.json HTTP/1.1" 404 564 "-" "Mozilla/5.0 (Macintosh; Intel Mac OS X 10_12_3) AppleWebKit/537.36 (KHTML, like Gecko) Chrome/56.0.2924.87 Safari/537.36"
94.72.101.21 - - [02/Nov/2024:19:56:09 +0000] "GET /terraform/environments/prod/vars.tf/dist/keys.pem HTTP/1.1" 404 564 "-" "Mozilla/5.0 (Macintosh; Intel Mac OS X 10_12_3) AppleWebKit/537.36 (KHTML, like Gecko) Chrome/56.0.2924.87 Safari/537.36"
94.72.101.21 - - [02/Nov/2024:19:56:09 +0000] "GET /terraform/environments/prod/vars.tf/dist/settings.ini HTTP/1.1" 404 564 "-" "Mozilla/5.0 (Macintosh; Intel Mac OS X 10_12_3) AppleWebKit/537.36 (KHTML, like Gecko) Chrome/56.0.2924.87 Safari/537.36"
94.72.101.21 - - [02/Nov/2024:19:56:09 +0000] "GET /terraform/environments/prod/vars.tf/config/config.json HTTP/1.1" 404 564 "-" "Mozilla/5.0 (Macintosh; Intel Mac OS X 10_12_3) AppleWebKit/537.36 (KHTML, like Gecko) Chrome/56.0.2924.87 Safari/537.36"
94.72.101.21 - - [02/Nov/2024:19:56:09 +0000] "GET /terraform/environments/prod/vars.tf/config/.env HTTP/1.1" 404 564 "-" "Mozilla/5.0 (Macintosh; Intel Mac OS X 10_12_3) AppleWebKit/537.36 (KHTML, like Gecko) Chrome/56.0.2924.87 Safari/537.36"
94.72.101.21 - - [02/Nov/2024:19:56:09 +0000] "GET /terraform/environments/prod/vars.tf/config/secrets.yaml HTTP/1.1" 404 564 "-" "Mozilla/5.0 (Macintosh; Intel Mac OS X 10_12_3) AppleWebKit/537.36 (KHTML, like Gecko) Chrome/56.0.2924.87 Safari/537.36"
94.72.101.21 - - [02/Nov/2024:19:56:09 +0000] "GET /terraform/environments/prod/vars.tf/config/vars.tf HTTP/1.1" 404 564 "-" "Mozilla/5.0 (Macintosh; Intel Mac OS X 10_12_3) AppleWebKit/537.36 (KHTML, like Gecko) Chrome/56.0.2924.87 Safari/537.36"
94.72.101.21 - - [02/Nov/2024:19:56:10 +0000] "GET /terraform/environments/prod/vars.tf/config/credentials HTTP/1.1" 404 564 "-" "Mozilla/5.0 (Macintosh; Intel Mac OS X 10_12_3) AppleWebKit/537.36 (KHTML, like Gecko) Chrome/56.0.2924.87 Safari/537.36"
94.72.101.21 - - [02/Nov/2024:19:56:10 +0000] "GET /terraform/environments/prod/vars.tf/config/secrets.json HTTP/1.1" 404 564 "-" "Mozilla/5.0 (Macintosh; Intel Mac OS X 10_12_3) AppleWebKit/537.36 (KHTML, like Gecko) Chrome/56.0.2924.87 Safari/537.36"
94.72.101.21 - - [02/Nov/2024:19:56:10 +0000] "GET /terraform/environments/prod/vars.tf/config/keys.pem HTTP/1.1" 404 564 "-" "Mozilla/5.0 (Macintosh; Intel Mac OS X 10_12_3) AppleWebKit/537.36 (KHTML, like Gecko) Chrome/56.0.2924.87 Safari/537.36"
94.72.101.21 - - [02/Nov/2024:19:56:10 +0000] "GET /terraform/environments/prod/vars.tf/config/settings.ini HTTP/1.1" 404 564 "-" "Mozilla/5.0 (Macintosh; Intel Mac OS X 10_12_3) AppleWebKit/537.36 (KHTML, like Gecko) Chrome/56.0.2924.87 Safari/537.36"
94.72.101.21 - - [02/Nov/2024:19:56:10 +0000] "GET /terraform/environments/prod/vars.tf/backups/config.json HTTP/1.1" 404 564 "-" "Mozilla/5.0 (Macintosh; Intel Mac OS X 10_12_3) AppleWebKit/537.36 (KHTML, like Gecko) Chrome/56.0.2924.87 Safari/537.36"
94.72.101.21 - - [02/Nov/2024:19:56:10 +0000] "GET /terraform/environments/prod/vars.tf/backups/.env HTTP/1.1" 404 564 "-" "Mozilla/5.0 (Macintosh; Intel Mac OS X 10_12_3) AppleWebKit/537.36 (KHTML, like Gecko) Chrome/56.0.2924.87 Safari/537.36"
94.72.101.21 - - [02/Nov/2024:19:56:11 +0000] "GET /terraform/environments/prod/vars.tf/backups/secrets.yaml HTTP/1.1" 404 564 "-" "Mozilla/5.0 (Macintosh; Intel Mac OS X 10_12_3) AppleWebKit/537.36 (KHTML, like Gecko) Chrome/56.0.2924.87 Safari/537.36"
94.72.101.21 - - [02/Nov/2024:19:56:11 +0000] "GET /terraform/environments/prod/vars.tf/backups/vars.tf HTTP/1.1" 404 564 "-" "Mozilla/5.0 (Macintosh; Intel Mac OS X 10_12_3) AppleWebKit/537.36 (KHTML, like Gecko) Chrome/56.0.2924.87 Safari/537.36"
94.72.101.21 - - [02/Nov/2024:19:56:11 +0000] "GET /terraform/environments/prod/vars.tf/backups/credentials HTTP/1.1" 404 564 "-" "Mozilla/5.0 (Macintosh; Intel Mac OS X 10_12_3) AppleWebKit/537.36 (KHTML, like Gecko) Chrome/56.0.2924.87 Safari/537.36"
94.72.101.21 - - [02/Nov/2024:19:56:11 +0000] "GET /terraform/environments/prod/vars.tf/backups/secrets.json HTTP/1.1" 404 564 "-" "Mozilla/5.0 (Macintosh; Intel Mac OS X 10_12_3) AppleWebKit/537.36 (KHTML, like Gecko) Chrome/56.0.2924.87 Safari/537.36"
94.72.101.21 - - [02/Nov/2024:19:56:11 +0000] "GET /terraform/environments/prod/vars.tf/backups/keys.pem HTTP/1.1" 404 564 "-" "Mozilla/5.0 (Macintosh; Intel Mac OS X 10_12_3) AppleWebKit/537.36 (KHTML, like Gecko) Chrome/56.0.2924.87 Safari/537.36"
94.72.101.21 - - [02/Nov/2024:19:56:11 +0000] "GET /terraform/environments/prod/vars.tf/backups/settings.ini HTTP/1.1" 404 564 "-" "Mozilla/5.0 (Macintosh; Intel Mac OS X 10_12_3) AppleWebKit/537.36 (KHTML, like Gecko) Chrome/56.0.2924.87 Safari/537.36"
94.72.101.21 - - [02/Nov/2024:19:56:12 +0000] "GET /terraform/environments/prod/vars.tf/data/config.json HTTP/1.1" 404 564 "-" "Mozilla/5.0 (Macintosh; Intel Mac OS X 10_12_3) AppleWebKit/537.36 (KHTML, like Gecko) Chrome/56.0.2924.87 Safari/537.36"
94.72.101.21 - - [02/Nov/2024:19:56:12 +0000] "GET /terraform/environments/prod/vars.tf/data/.env HTTP/1.1" 404 564 "-" "Mozilla/5.0 (Macintosh; Intel Mac OS X 10_12_3) AppleWebKit/537.36 (KHTML, like Gecko) Chrome/56.0.2924.87 Safari/537.36"
94.72.101.21 - - [02/Nov/2024:19:56:12 +0000] "GET /terraform/environments/prod/vars.tf/data/secrets.yaml HTTP/1.1" 404 564 "-" "Mozilla/5.0 (Macintosh; Intel Mac OS X 10_12_3) AppleWebKit/537.36 (KHTML, like Gecko) Chrome/56.0.2924.87 Safari/537.36"
94.72.101.21 - - [02/Nov/2024:19:56:12 +0000] "GET /terraform/environments/prod/vars.tf/data/vars.tf HTTP/1.1" 404 564 "-" "Mozilla/5.0 (Macintosh; Intel Mac OS X 10_12_3) AppleWebKit/537.36 (KHTML, like Gecko) Chrome/56.0.2924.87 Safari/537.36"
94.72.101.21 - - [02/Nov/2024:19:56:13 +0000] "GET /terraform/environments/prod/vars.tf/data/credentials HTTP/1.1" 404 564 "-" "Mozilla/5.0 (Macintosh; Intel Mac OS X 10_12_3) AppleWebKit/537.36 (KHTML, like Gecko) Chrome/56.0.2924.87 Safari/537.36"
94.72.101.21 - - [02/Nov/2024:19:56:13 +0000] "GET /terraform/environments/prod/vars.tf/data/secrets.json HTTP/1.1" 404 564 "-" "Mozilla/5.0 (Macintosh; Intel Mac OS X 10_12_3) AppleWebKit/537.36 (KHTML, like Gecko) Chrome/56.0.2924.87 Safari/537.36"
94.72.101.21 - - [02/Nov/2024:19:56:13 +0000] "GET /terraform/environments/prod/vars.tf/data/keys.pem HTTP/1.1" 404 564 "-" "Mozilla/5.0 (Macintosh; Intel Mac OS X 10_12_3) AppleWebKit/537.36 (KHTML, like Gecko) Chrome/56.0.2924.87 Safari/537.36"
94.72.101.21 - - [02/Nov/2024:19:56:14 +0000] "GET /terraform/environments/prod/vars.tf/data/settings.ini HTTP/1.1" 404 564 "-" "Mozilla/5.0 (Macintosh; Intel Mac OS X 10_12_3) AppleWebKit/537.36 (KHTML, like Gecko) Chrome/56.0.2924.87 Safari/537.36"
94.72.101.21 - - [02/Nov/2024:19:56:14 +0000] "GET /terraform/environments/dev/vars.tf/v1/config.json HTTP/1.1" 404 564 "-" "Mozilla/5.0 (Macintosh; Intel Mac OS X 10_12_3) AppleWebKit/537.36 (KHTML, like Gecko) Chrome/56.0.2924.87 Safari/537.36"
94.72.101.21 - - [02/Nov/2024:19:56:14 +0000] "GET /terraform/environments/dev/vars.tf/v1/.env HTTP/1.1" 404 564 "-" "Mozilla/5.0 (Macintosh; Intel Mac OS X 10_12_3) AppleWebKit/537.36 (KHTML, like Gecko) Chrome/56.0.2924.87 Safari/537.36"
94.72.101.21 - - [02/Nov/2024:19:56:14 +0000] "GET /terraform/environments/dev/vars.tf/v1/secrets.yaml HTTP/1.1" 404 564 "-" "Mozilla/5.0 (Macintosh; Intel Mac OS X 10_12_3) AppleWebKit/537.36 (KHTML, like Gecko) Chrome/56.0.2924.87 Safari/537.36"
94.72.101.21 - - [02/Nov/2024:19:56:14 +0000] "GET /terraform/environments/dev/vars.tf/v1/vars.tf HTTP/1.1" 404 564 "-" "Mozilla/5.0 (Macintosh; Intel Mac OS X 10_12_3) AppleWebKit/537.36 (KHTML, like Gecko) Chrome/56.0.2924.87 Safari/537.36"
94.72.101.21 - - [02/Nov/2024:19:56:14 +0000] "GET /terraform/environments/dev/vars.tf/v1/credentials HTTP/1.1" 404 564 "-" "Mozilla/5.0 (Macintosh; Intel Mac OS X 10_12_3) AppleWebKit/537.36 (KHTML, like Gecko) Chrome/56.0.2924.87 Safari/537.36"
94.72.101.21 - - [02/Nov/2024:19:56:15 +0000] "GET /terraform/environments/dev/vars.tf/v1/secrets.json HTTP/1.1" 404 564 "-" "Mozilla/5.0 (Macintosh; Intel Mac OS X 10_12_3) AppleWebKit/537.36 (KHTML, like Gecko) Chrome/56.0.2924.87 Safari/537.36"
94.72.101.21 - - [02/Nov/2024:19:56:15 +0000] "GET /terraform/environments/dev/vars.tf/v1/keys.pem HTTP/1.1" 404 564 "-" "Mozilla/5.0 (Macintosh; Intel Mac OS X 10_12_3) AppleWebKit/537.36 (KHTML, like Gecko) Chrome/56.0.2924.87 Safari/537.36"
94.72.101.21 - - [02/Nov/2024:19:56:15 +0000] "GET /terraform/environments/dev/vars.tf/v1/settings.ini HTTP/1.1" 404 564 "-" "Mozilla/5.0 (Macintosh; Intel Mac OS X 10_12_3) AppleWebKit/537.36 (KHTML, like Gecko) Chrome/56.0.2924.87 Safari/537.36"
94.72.101.21 - - [02/Nov/2024:19:56:15 +0000] "GET /terraform/environments/dev/vars.tf/v2/config.json HTTP/1.1" 404 564 "-" "Mozilla/5.0 (Macintosh; Intel Mac OS X 10_12_3) AppleWebKit/537.36 (KHTML, like Gecko) Chrome/56.0.2924.87 Safari/537.36"
94.72.101.21 - - [02/Nov/2024:19:56:15 +0000] "GET /terraform/environments/dev/vars.tf/v2/.env HTTP/1.1" 404 564 "-" "Mozilla/5.0 (Macintosh; Intel Mac OS X 10_12_3) AppleWebKit/537.36 (KHTML, like Gecko) Chrome/56.0.2924.87 Safari/537.36"
94.72.101.21 - - [02/Nov/2024:19:56:15 +0000] "GET /terraform/environments/dev/vars.tf/v2/secrets.yaml HTTP/1.1" 404 564 "-" "Mozilla/5.0 (Macintosh; Intel Mac OS X 10_12_3) AppleWebKit/537.36 (KHTML, like Gecko) Chrome/56.0.2924.87 Safari/537.36"
94.72.101.21 - - [02/Nov/2024:19:56:16 +0000] "GET /terraform/environments/dev/vars.tf/v2/vars.tf HTTP/1.1" 404 564 "-" "Mozilla/5.0 (Macintosh; Intel Mac OS X 10_12_3) AppleWebKit/537.36 (KHTML, like Gecko) Chrome/56.0.2924.87 Safari/537.36"
94.72.101.21 - - [02/Nov/2024:19:56:16 +0000] "GET /terraform/environments/dev/vars.tf/v2/credentials HTTP/1.1" 404 564 "-" "Mozilla/5.0 (Macintosh; Intel Mac OS X 10_12_3) AppleWebKit/537.36 (KHTML, like Gecko) Chrome/56.0.2924.87 Safari/537.36"
94.72.101.21 - - [02/Nov/2024:19:56:16 +0000] "GET /terraform/environments/dev/vars.tf/v2/secrets.json HTTP/1.1" 404 564 "-" "Mozilla/5.0 (Macintosh; Intel Mac OS X 10_12_3) AppleWebKit/537.36 (KHTML, like Gecko) Chrome/56.0.2924.87 Safari/537.36"
94.72.101.21 - - [02/Nov/2024:19:56:16 +0000] "GET /terraform/environments/dev/vars.tf/v2/keys.pem HTTP/1.1" 404 564 "-" "Mozilla/5.0 (Macintosh; Intel Mac OS X 10_12_3) AppleWebKit/537.36 (KHTML, like Gecko) Chrome/56.0.2924.87 Safari/537.36"
94.72.101.21 - - [02/Nov/2024:19:56:17 +0000] "GET /terraform/environments/dev/vars.tf/v2/settings.ini HTTP/1.1" 404 564 "-" "Mozilla/5.0 (Macintosh; Intel Mac OS X 10_12_3) AppleWebKit/537.36 (KHTML, like Gecko) Chrome/56.0.2924.87 Safari/537.36"
94.72.101.21 - - [02/Nov/2024:19:56:17 +0000] "GET /terraform/environments/dev/vars.tf/dev/config.json HTTP/1.1" 404 564 "-" "Mozilla/5.0 (Macintosh; Intel Mac OS X 10_12_3) AppleWebKit/537.36 (KHTML, like Gecko) Chrome/56.0.2924.87 Safari/537.36"
94.72.101.21 - - [02/Nov/2024:19:56:17 +0000] "GET /terraform/environments/dev/vars.tf/dev/.env HTTP/1.1" 404 564 "-" "Mozilla/5.0 (Macintosh; Intel Mac OS X 10_12_3) AppleWebKit/537.36 (KHTML, like Gecko) Chrome/56.0.2924.87 Safari/537.36"
94.72.101.21 - - [02/Nov/2024:19:56:19 +0000] "GET /terraform/environments/dev/vars.tf/dev/secrets.yaml HTTP/1.1" 404 564 "-" "Mozilla/5.0 (Macintosh; Intel Mac OS X 10_12_3) AppleWebKit/537.36 (KHTML, like Gecko) Chrome/56.0.2924.87 Safari/537.36"
94.72.101.21 - - [02/Nov/2024:19:56:19 +0000] "GET /terraform/environments/dev/vars.tf/dev/vars.tf HTTP/1.1" 404 564 "-" "Mozilla/5.0 (Macintosh; Intel Mac OS X 10_12_3) AppleWebKit/537.36 (KHTML, like Gecko) Chrome/56.0.2924.87 Safari/537.36"
94.72.101.21 - - [02/Nov/2024:19:56:19 +0000] "GET /terraform/environments/dev/vars.tf/dev/credentials HTTP/1.1" 404 564 "-" "Mozilla/5.0 (Macintosh; Intel Mac OS X 10_12_3) AppleWebKit/537.36 (KHTML, like Gecko) Chrome/56.0.2924.87 Safari/537.36"
94.72.101.21 - - [02/Nov/2024:19:56:19 +0000] "GET /terraform/environments/dev/vars.tf/dev/secrets.json HTTP/1.1" 404 564 "-" "Mozilla/5.0 (Macintosh; Intel Mac OS X 10_12_3) AppleWebKit/537.36 (KHTML, like Gecko) Chrome/56.0.2924.87 Safari/537.36"
94.72.101.21 - - [02/Nov/2024:19:56:20 +0000] "GET /terraform/environments/dev/vars.tf/dev/keys.pem HTTP/1.1" 404 564 "-" "Mozilla/5.0 (Macintosh; Intel Mac OS X 10_12_3) AppleWebKit/537.36 (KHTML, like Gecko) Chrome/56.0.2924.87 Safari/537.36"
94.72.101.21 - - [02/Nov/2024:19:56:20 +0000] "GET /terraform/environments/dev/vars.tf/dev/settings.ini HTTP/1.1" 404 564 "-" "Mozilla/5.0 (Macintosh; Intel Mac OS X 10_12_3) AppleWebKit/537.36 (KHTML, like Gecko) Chrome/56.0.2924.87 Safari/537.36"
94.72.101.21 - - [02/Nov/2024:19:56:20 +0000] "GET /terraform/environments/dev/vars.tf/prod/config.json HTTP/1.1" 404 564 "-" "Mozilla/5.0 (Macintosh; Intel Mac OS X 10_12_3) AppleWebKit/537.36 (KHTML, like Gecko) Chrome/56.0.2924.87 Safari/537.36"
94.72.101.21 - - [02/Nov/2024:19:56:20 +0000] "GET /terraform/environments/dev/vars.tf/prod/.env HTTP/1.1" 404 564 "-" "Mozilla/5.0 (Macintosh; Intel Mac OS X 10_12_3) AppleWebKit/537.36 (KHTML, like Gecko) Chrome/56.0.2924.87 Safari/537.36"
94.72.101.21 - - [02/Nov/2024:19:56:20 +0000] "GET /terraform/environments/dev/vars.tf/prod/secrets.yaml HTTP/1.1" 404 564 "-" "Mozilla/5.0 (Macintosh; Intel Mac OS X 10_12_3) AppleWebKit/537.36 (KHTML, like Gecko) Chrome/56.0.2924.87 Safari/537.36"
94.72.101.21 - - [02/Nov/2024:19:56:21 +0000] "GET /terraform/environments/dev/vars.tf/prod/vars.tf HTTP/1.1" 404 564 "-" "Mozilla/5.0 (Macintosh; Intel Mac OS X 10_12_3) AppleWebKit/537.36 (KHTML, like Gecko) Chrome/56.0.2924.87 Safari/537.36"
94.72.101.21 - - [02/Nov/2024:19:56:21 +0000] "GET /terraform/environments/dev/vars.tf/prod/credentials HTTP/1.1" 404 564 "-" "Mozilla/5.0 (Macintosh; Intel Mac OS X 10_12_3) AppleWebKit/537.36 (KHTML, like Gecko) Chrome/56.0.2924.87 Safari/537.36"
94.72.101.21 - - [02/Nov/2024:19:56:21 +0000] "GET /terraform/environments/dev/vars.tf/prod/secrets.json HTTP/1.1" 404 564 "-" "Mozilla/5.0 (Macintosh; Intel Mac OS X 10_12_3) AppleWebKit/537.36 (KHTML, like Gecko) Chrome/56.0.2924.87 Safari/537.36"
94.72.101.21 - - [02/Nov/2024:19:56:21 +0000] "GET /terraform/environments/dev/vars.tf/prod/keys.pem HTTP/1.1" 404 564 "-" "Mozilla/5.0 (Macintosh; Intel Mac OS X 10_12_3) AppleWebKit/537.36 (KHTML, like Gecko) Chrome/56.0.2924.87 Safari/537.36"
94.72.101.21 - - [02/Nov/2024:19:56:21 +0000] "GET /terraform/environments/dev/vars.tf/prod/settings.ini HTTP/1.1" 404 564 "-" "Mozilla/5.0 (Macintosh; Intel Mac OS X 10_12_3) AppleWebKit/537.36 (KHTML, like Gecko) Chrome/56.0.2924.87 Safari/537.36"
94.72.101.21 - - [02/Nov/2024:19:56:22 +0000] "GET /terraform/environments/dev/vars.tf/staging/config.json HTTP/1.1" 404 564 "-" "Mozilla/5.0 (Macintosh; Intel Mac OS X 10_12_3) AppleWebKit/537.36 (KHTML, like Gecko) Chrome/56.0.2924.87 Safari/537.36"
94.72.101.21 - - [02/Nov/2024:19:56:22 +0000] "GET /terraform/environments/dev/vars.tf/staging/.env HTTP/1.1" 404 564 "-" "Mozilla/5.0 (Macintosh; Intel Mac OS X 10_12_3) AppleWebKit/537.36 (KHTML, like Gecko) Chrome/56.0.2924.87 Safari/537.36"
94.72.101.21 - - [02/Nov/2024:19:56:22 +0000] "GET /terraform/environments/dev/vars.tf/staging/secrets.yaml HTTP/1.1" 404 564 "-" "Mozilla/5.0 (Macintosh; Intel Mac OS X 10_12_3) AppleWebKit/537.36 (KHTML, like Gecko) Chrome/56.0.2924.87 Safari/537.36"
94.72.101.21 - - [02/Nov/2024:19:56:22 +0000] "GET /terraform/environments/dev/vars.tf/staging/vars.tf HTTP/1.1" 404 564 "-" "Mozilla/5.0 (Macintosh; Intel Mac OS X 10_12_3) AppleWebKit/537.36 (KHTML, like Gecko) Chrome/56.0.2924.87 Safari/537.36"
94.72.101.21 - - [02/Nov/2024:19:56:22 +0000] "GET /terraform/environments/dev/vars.tf/staging/credentials HTTP/1.1" 404 564 "-" "Mozilla/5.0 (Macintosh; Intel Mac OS X 10_12_3) AppleWebKit/537.36 (KHTML, like Gecko) Chrome/56.0.2924.87 Safari/537.36"
94.72.101.21 - - [02/Nov/2024:19:56:22 +0000] "GET /terraform/environments/dev/vars.tf/staging/secrets.json HTTP/1.1" 404 564 "-" "Mozilla/5.0 (Macintosh; Intel Mac OS X 10_12_3) AppleWebKit/537.36 (KHTML, like Gecko) Chrome/56.0.2924.87 Safari/537.36"
94.72.101.21 - - [02/Nov/2024:19:56:23 +0000] "GET /terraform/environments/dev/vars.tf/staging/keys.pem HTTP/1.1" 404 564 "-" "Mozilla/5.0 (Macintosh; Intel Mac OS X 10_12_3) AppleWebKit/537.36 (KHTML, like Gecko) Chrome/56.0.2924.87 Safari/537.36"
94.72.101.21 - - [02/Nov/2024:19:56:23 +0000] "GET /terraform/environments/dev/vars.tf/staging/settings.ini HTTP/1.1" 404 564 "-" "Mozilla/5.0 (Macintosh; Intel Mac OS X 10_12_3) AppleWebKit/537.36 (KHTML, like Gecko) Chrome/56.0.2924.87 Safari/537.36"
94.72.101.21 - - [02/Nov/2024:19:56:23 +0000] "GET /terraform/environments/dev/vars.tf/src/config.json HTTP/1.1" 404 564 "-" "Mozilla/5.0 (Macintosh; Intel Mac OS X 10_12_3) AppleWebKit/537.36 (KHTML, like Gecko) Chrome/56.0.2924.87 Safari/537.36"
94.72.101.21 - - [02/Nov/2024:19:56:23 +0000] "GET /terraform/environments/dev/vars.tf/src/.env HTTP/1.1" 404 564 "-" "Mozilla/5.0 (Macintosh; Intel Mac OS X 10_12_3) AppleWebKit/537.36 (KHTML, like Gecko) Chrome/56.0.2924.87 Safari/537.36"
94.72.101.21 - - [02/Nov/2024:19:56:23 +0000] "GET /terraform/environments/dev/vars.tf/src/secrets.yaml HTTP/1.1" 404 564 "-" "Mozilla/5.0 (Macintosh; Intel Mac OS X 10_12_3) AppleWebKit/537.36 (KHTML, like Gecko) Chrome/56.0.2924.87 Safari/537.36"
94.72.101.21 - - [02/Nov/2024:19:56:24 +0000] "GET /terraform/environments/dev/vars.tf/src/vars.tf HTTP/1.1" 404 564 "-" "Mozilla/5.0 (Macintosh; Intel Mac OS X 10_12_3) AppleWebKit/537.36 (KHTML, like Gecko) Chrome/56.0.2924.87 Safari/537.36"
94.72.101.21 - - [02/Nov/2024:19:56:24 +0000] "GET /terraform/environments/dev/vars.tf/src/credentials HTTP/1.1" 404 564 "-" "Mozilla/5.0 (Macintosh; Intel Mac OS X 10_12_3) AppleWebKit/537.36 (KHTML, like Gecko) Chrome/56.0.2924.87 Safari/537.36"
94.72.101.21 - - [02/Nov/2024:19:56:24 +0000] "GET /terraform/environments/dev/vars.tf/src/secrets.json HTTP/1.1" 404 564 "-" "Mozilla/5.0 (Macintosh; Intel Mac OS X 10_12_3) AppleWebKit/537.36 (KHTML, like Gecko) Chrome/56.0.2924.87 Safari/537.36"
94.72.101.21 - - [02/Nov/2024:19:56:24 +0000] "GET /terraform/environments/dev/vars.tf/src/keys.pem HTTP/1.1" 404 564 "-" "Mozilla/5.0 (Macintosh; Intel Mac OS X 10_12_3) AppleWebKit/537.36 (KHTML, like Gecko) Chrome/56.0.2924.87 Safari/537.36"
94.72.101.21 - - [02/Nov/2024:19:56:24 +0000] "GET /terraform/environments/dev/vars.tf/src/settings.ini HTTP/1.1" 404 564 "-" "Mozilla/5.0 (Macintosh; Intel Mac OS X 10_12_3) AppleWebKit/537.36 (KHTML, like Gecko) Chrome/56.0.2924.87 Safari/537.36"
94.72.101.21 - - [02/Nov/2024:19:56:24 +0000] "GET /terraform/environments/dev/vars.tf/dist/config.json HTTP/1.1" 404 564 "-" "Mozilla/5.0 (Macintosh; Intel Mac OS X 10_12_3) AppleWebKit/537.36 (KHTML, like Gecko) Chrome/56.0.2924.87 Safari/537.36"
94.72.101.21 - - [02/Nov/2024:19:56:25 +0000] "GET /terraform/environments/dev/vars.tf/dist/.env HTTP/1.1" 404 564 "-" "Mozilla/5.0 (Macintosh; Intel Mac OS X 10_12_3) AppleWebKit/537.36 (KHTML, like Gecko) Chrome/56.0.2924.87 Safari/537.36"
94.72.101.21 - - [02/Nov/2024:19:56:25 +0000] "GET /terraform/environments/dev/vars.tf/dist/secrets.yaml HTTP/1.1" 404 564 "-" "Mozilla/5.0 (Macintosh; Intel Mac OS X 10_12_3) AppleWebKit/537.36 (KHTML, like Gecko) Chrome/56.0.2924.87 Safari/537.36"
94.72.101.21 - - [02/Nov/2024:19:56:25 +0000] "GET /terraform/environments/dev/vars.tf/dist/vars.tf HTTP/1.1" 404 564 "-" "Mozilla/5.0 (Macintosh; Intel Mac OS X 10_12_3) AppleWebKit/537.36 (KHTML, like Gecko) Chrome/56.0.2924.87 Safari/537.36"
94.72.101.21 - - [02/Nov/2024:19:56:25 +0000] "GET /terraform/environments/dev/vars.tf/dist/credentials HTTP/1.1" 404 564 "-" "Mozilla/5.0 (Macintosh; Intel Mac OS X 10_12_3) AppleWebKit/537.36 (KHTML, like Gecko) Chrome/56.0.2924.87 Safari/537.36"
94.72.101.21 - - [02/Nov/2024:19:56:26 +0000] "GET /terraform/environments/dev/vars.tf/dist/secrets.json HTTP/1.1" 404 564 "-" "Mozilla/5.0 (Macintosh; Intel Mac OS X 10_12_3) AppleWebKit/537.36 (KHTML, like Gecko) Chrome/56.0.2924.87 Safari/537.36"
94.72.101.21 - - [02/Nov/2024:19:56:26 +0000] "GET /terraform/environments/dev/vars.tf/dist/keys.pem HTTP/1.1" 404 564 "-" "Mozilla/5.0 (Macintosh; Intel Mac OS X 10_12_3) AppleWebKit/537.36 (KHTML, like Gecko) Chrome/56.0.2924.87 Safari/537.36"
94.72.101.21 - - [02/Nov/2024:19:56:26 +0000] "GET /terraform/environments/dev/vars.tf/dist/settings.ini HTTP/1.1" 404 564 "-" "Mozilla/5.0 (Macintosh; Intel Mac OS X 10_12_3) AppleWebKit/537.36 (KHTML, like Gecko) Chrome/56.0.2924.87 Safari/537.36"
94.72.101.21 - - [02/Nov/2024:19:56:26 +0000] "GET /terraform/environments/dev/vars.tf/config/config.json HTTP/1.1" 404 564 "-" "Mozilla/5.0 (Macintosh; Intel Mac OS X 10_12_3) AppleWebKit/537.36 (KHTML, like Gecko) Chrome/56.0.2924.87 Safari/537.36"
94.72.101.21 - - [02/Nov/2024:19:56:27 +0000] "GET /terraform/environments/dev/vars.tf/config/.env HTTP/1.1" 404 564 "-" "Mozilla/5.0 (Macintosh; Intel Mac OS X 10_12_3) AppleWebKit/537.36 (KHTML, like Gecko) Chrome/56.0.2924.87 Safari/537.36"
94.72.101.21 - - [02/Nov/2024:19:56:27 +0000] "GET /terraform/environments/dev/vars.tf/config/secrets.yaml HTTP/1.1" 404 564 "-" "Mozilla/5.0 (Macintosh; Intel Mac OS X 10_12_3) AppleWebKit/537.36 (KHTML, like Gecko) Chrome/56.0.2924.87 Safari/537.36"
94.72.101.21 - - [02/Nov/2024:19:56:28 +0000] "GET /terraform/environments/dev/vars.tf/config/vars.tf HTTP/1.1" 404 564 "-" "Mozilla/5.0 (Macintosh; Intel Mac OS X 10_12_3) AppleWebKit/537.36 (KHTML, like Gecko) Chrome/56.0.2924.87 Safari/537.36"
94.72.101.21 - - [02/Nov/2024:19:56:28 +0000] "GET /terraform/environments/dev/vars.tf/config/credentials HTTP/1.1" 404 564 "-" "Mozilla/5.0 (Macintosh; Intel Mac OS X 10_12_3) AppleWebKit/537.36 (KHTML, like Gecko) Chrome/56.0.2924.87 Safari/537.36"
94.72.101.21 - - [02/Nov/2024:19:56:28 +0000] "GET /terraform/environments/dev/vars.tf/config/secrets.json HTTP/1.1" 404 564 "-" "Mozilla/5.0 (Macintosh; Intel Mac OS X 10_12_3) AppleWebKit/537.36 (KHTML, like Gecko) Chrome/56.0.2924.87 Safari/537.36"
94.72.101.21 - - [02/Nov/2024:19:56:29 +0000] "GET /terraform/environments/dev/vars.tf/config/keys.pem HTTP/1.1" 404 564 "-" "Mozilla/5.0 (Macintosh; Intel Mac OS X 10_12_3) AppleWebKit/537.36 (KHTML, like Gecko) Chrome/56.0.2924.87 Safari/537.36"
94.72.101.21 - - [02/Nov/2024:19:56:29 +0000] "GET /terraform/environments/dev/vars.tf/config/settings.ini HTTP/1.1" 404 564 "-" "Mozilla/5.0 (Macintosh; Intel Mac OS X 10_12_3) AppleWebKit/537.36 (KHTML, like Gecko) Chrome/56.0.2924.87 Safari/537.36"
94.72.101.21 - - [02/Nov/2024:19:56:29 +0000] "GET /terraform/environments/dev/vars.tf/backups/config.json HTTP/1.1" 404 564 "-" "Mozilla/5.0 (Macintosh; Intel Mac OS X 10_12_3) AppleWebKit/537.36 (KHTML, like Gecko) Chrome/56.0.2924.87 Safari/537.36"
94.72.101.21 - - [02/Nov/2024:19:56:29 +0000] "GET /terraform/environments/dev/vars.tf/backups/.env HTTP/1.1" 404 564 "-" "Mozilla/5.0 (Macintosh; Intel Mac OS X 10_12_3) AppleWebKit/537.36 (KHTML, like Gecko) Chrome/56.0.2924.87 Safari/537.36"
94.72.101.21 - - [02/Nov/2024:19:56:30 +0000] "GET /terraform/environments/dev/vars.tf/backups/secrets.yaml HTTP/1.1" 404 564 "-" "Mozilla/5.0 (Macintosh; Intel Mac OS X 10_12_3) AppleWebKit/537.36 (KHTML, like Gecko) Chrome/56.0.2924.87 Safari/537.36"
94.72.101.21 - - [02/Nov/2024:19:56:30 +0000] "GET /terraform/environments/dev/vars.tf/backups/vars.tf HTTP/1.1" 404 564 "-" "Mozilla/5.0 (Macintosh; Intel Mac OS X 10_12_3) AppleWebKit/537.36 (KHTML, like Gecko) Chrome/56.0.2924.87 Safari/537.36"
94.72.101.21 - - [02/Nov/2024:19:56:30 +0000] "GET /terraform/environments/dev/vars.tf/backups/credentials HTTP/1.1" 404 564 "-" "Mozilla/5.0 (Macintosh; Intel Mac OS X 10_12_3) AppleWebKit/537.36 (KHTML, like Gecko) Chrome/56.0.2924.87 Safari/537.36"
94.72.101.21 - - [02/Nov/2024:19:56:30 +0000] "GET /terraform/environments/dev/vars.tf/backups/secrets.json HTTP/1.1" 404 564 "-" "Mozilla/5.0 (Macintosh; Intel Mac OS X 10_12_3) AppleWebKit/537.36 (KHTML, like Gecko) Chrome/56.0.2924.87 Safari/537.36"
94.72.101.21 - - [02/Nov/2024:19:56:31 +0000] "GET /terraform/environments/dev/vars.tf/backups/keys.pem HTTP/1.1" 404 564 "-" "Mozilla/5.0 (Macintosh; Intel Mac OS X 10_12_3) AppleWebKit/537.36 (KHTML, like Gecko) Chrome/56.0.2924.87 Safari/537.36"
94.72.101.21 - - [02/Nov/2024:19:56:31 +0000] "GET /terraform/environments/dev/vars.tf/backups/settings.ini HTTP/1.1" 404 564 "-" "Mozilla/5.0 (Macintosh; Intel Mac OS X 10_12_3) AppleWebKit/537.36 (KHTML, like Gecko) Chrome/56.0.2924.87 Safari/537.36"
94.72.101.21 - - [02/Nov/2024:19:56:31 +0000] "GET /terraform/environments/dev/vars.tf/data/config.json HTTP/1.1" 404 564 "-" "Mozilla/5.0 (Macintosh; Intel Mac OS X 10_12_3) AppleWebKit/537.36 (KHTML, like Gecko) Chrome/56.0.2924.87 Safari/537.36"
94.72.101.21 - - [02/Nov/2024:19:56:32 +0000] "GET /terraform/environments/dev/vars.tf/data/.env HTTP/1.1" 404 564 "-" "Mozilla/5.0 (Macintosh; Intel Mac OS X 10_12_3) AppleWebKit/537.36 (KHTML, like Gecko) Chrome/56.0.2924.87 Safari/537.36"
94.72.101.21 - - [02/Nov/2024:19:56:32 +0000] "GET /terraform/environments/dev/vars.tf/data/secrets.yaml HTTP/1.1" 404 564 "-" "Mozilla/5.0 (Macintosh; Intel Mac OS X 10_12_3) AppleWebKit/537.36 (KHTML, like Gecko) Chrome/56.0.2924.87 Safari/537.36"
94.72.101.21 - - [02/Nov/2024:19:56:32 +0000] "GET /terraform/environments/dev/vars.tf/data/vars.tf HTTP/1.1" 404 564 "-" "Mozilla/5.0 (Macintosh; Intel Mac OS X 10_12_3) AppleWebKit/537.36 (KHTML, like Gecko) Chrome/56.0.2924.87 Safari/537.36"
94.72.101.21 - - [02/Nov/2024:19:56:32 +0000] "GET /terraform/environments/dev/vars.tf/data/credentials HTTP/1.1" 404 564 "-" "Mozilla/5.0 (Macintosh; Intel Mac OS X 10_12_3) AppleWebKit/537.36 (KHTML, like Gecko) Chrome/56.0.2924.87 Safari/537.36"
94.72.101.21 - - [02/Nov/2024:19:56:32 +0000] "GET /terraform/environments/dev/vars.tf/data/secrets.json HTTP/1.1" 404 564 "-" "Mozilla/5.0 (Macintosh; Intel Mac OS X 10_12_3) AppleWebKit/537.36 (KHTML, like Gecko) Chrome/56.0.2924.87 Safari/537.36"
94.72.101.21 - - [02/Nov/2024:19:56:32 +0000] "GET /terraform/environments/dev/vars.tf/data/keys.pem HTTP/1.1" 404 564 "-" "Mozilla/5.0 (Macintosh; Intel Mac OS X 10_12_3) AppleWebKit/537.36 (KHTML, like Gecko) Chrome/56.0.2924.87 Safari/537.36"
94.72.101.21 - - [02/Nov/2024:19:56:33 +0000] "GET /terraform/environments/dev/vars.tf/data/settings.ini HTTP/1.1" 404 564 "-" "Mozilla/5.0 (Macintosh; Intel Mac OS X 10_12_3) AppleWebKit/537.36 (KHTML, like Gecko) Chrome/56.0.2924.87 Safari/537.36"
94.72.101.21 - - [02/Nov/2024:19:56:33 +0000] "GET /config/k8s/secrets.yaml/v1/config.json HTTP/1.1" 404 564 "-" "Mozilla/5.0 (Macintosh; Intel Mac OS X 10_12_3) AppleWebKit/537.36 (KHTML, like Gecko) Chrome/56.0.2924.87 Safari/537.36"
94.72.101.21 - - [02/Nov/2024:19:56:34 +0000] "GET /config/k8s/secrets.yaml/v1/.env HTTP/1.1" 404 564 "-" "Mozilla/5.0 (Macintosh; Intel Mac OS X 10_12_3) AppleWebKit/537.36 (KHTML, like Gecko) Chrome/56.0.2924.87 Safari/537.36"
94.72.101.21 - - [02/Nov/2024:19:56:34 +0000] "GET /config/k8s/secrets.yaml/v1/secrets.yaml HTTP/1.1" 404 564 "-" "Mozilla/5.0 (Macintosh; Intel Mac OS X 10_12_3) AppleWebKit/537.36 (KHTML, like Gecko) Chrome/56.0.2924.87 Safari/537.36"
94.72.101.21 - - [02/Nov/2024:19:56:35 +0000] "GET /config/k8s/secrets.yaml/v1/vars.tf HTTP/1.1" 404 564 "-" "Mozilla/5.0 (Macintosh; Intel Mac OS X 10_12_3) AppleWebKit/537.36 (KHTML, like Gecko) Chrome/56.0.2924.87 Safari/537.36"
94.72.101.21 - - [02/Nov/2024:19:56:35 +0000] "GET /config/k8s/secrets.yaml/v1/credentials HTTP/1.1" 404 564 "-" "Mozilla/5.0 (Macintosh; Intel Mac OS X 10_12_3) AppleWebKit/537.36 (KHTML, like Gecko) Chrome/56.0.2924.87 Safari/537.36"
94.72.101.21 - - [02/Nov/2024:19:56:35 +0000] "GET /config/k8s/secrets.yaml/v1/secrets.json HTTP/1.1" 404 564 "-" "Mozilla/5.0 (Macintosh; Intel Mac OS X 10_12_3) AppleWebKit/537.36 (KHTML, like Gecko) Chrome/56.0.2924.87 Safari/537.36"
94.72.101.21 - - [02/Nov/2024:19:56:35 +0000] "GET /config/k8s/secrets.yaml/v1/keys.pem HTTP/1.1" 404 564 "-" "Mozilla/5.0 (Macintosh; Intel Mac OS X 10_12_3) AppleWebKit/537.36 (KHTML, like Gecko) Chrome/56.0.2924.87 Safari/537.36"
94.72.101.21 - - [02/Nov/2024:19:56:35 +0000] "GET /config/k8s/secrets.yaml/v1/settings.ini HTTP/1.1" 404 564 "-" "Mozilla/5.0 (Macintosh; Intel Mac OS X 10_12_3) AppleWebKit/537.36 (KHTML, like Gecko) Chrome/56.0.2924.87 Safari/537.36"
94.72.101.21 - - [02/Nov/2024:19:56:36 +0000] "GET /config/k8s/secrets.yaml/v2/config.json HTTP/1.1" 404 564 "-" "Mozilla/5.0 (Macintosh; Intel Mac OS X 10_12_3) AppleWebKit/537.36 (KHTML, like Gecko) Chrome/56.0.2924.87 Safari/537.36"
94.72.101.21 - - [02/Nov/2024:19:56:36 +0000] "GET /config/k8s/secrets.yaml/v2/.env HTTP/1.1" 404 564 "-" "Mozilla/5.0 (Macintosh; Intel Mac OS X 10_12_3) AppleWebKit/537.36 (KHTML, like Gecko) Chrome/56.0.2924.87 Safari/537.36"
94.72.101.21 - - [02/Nov/2024:19:56:36 +0000] "GET /config/k8s/secrets.yaml/v2/secrets.yaml HTTP/1.1" 404 564 "-" "Mozilla/5.0 (Macintosh; Intel Mac OS X 10_12_3) AppleWebKit/537.36 (KHTML, like Gecko) Chrome/56.0.2924.87 Safari/537.36"
94.72.101.21 - - [02/Nov/2024:19:56:36 +0000] "GET /config/k8s/secrets.yaml/v2/vars.tf HTTP/1.1" 404 564 "-" "Mozilla/5.0 (Macintosh; Intel Mac OS X 10_12_3) AppleWebKit/537.36 (KHTML, like Gecko) Chrome/56.0.2924.87 Safari/537.36"
94.72.101.21 - - [02/Nov/2024:19:56:36 +0000] "GET /config/k8s/secrets.yaml/v2/credentials HTTP/1.1" 404 564 "-" "Mozilla/5.0 (Macintosh; Intel Mac OS X 10_12_3) AppleWebKit/537.36 (KHTML, like Gecko) Chrome/56.0.2924.87 Safari/537.36"
94.72.101.21 - - [02/Nov/2024:19:56:36 +0000] "GET /config/k8s/secrets.yaml/v2/secrets.json HTTP/1.1" 404 564 "-" "Mozilla/5.0 (Macintosh; Intel Mac OS X 10_12_3) AppleWebKit/537.36 (KHTML, like Gecko) Chrome/56.0.2924.87 Safari/537.36"
94.72.101.21 - - [02/Nov/2024:19:56:37 +0000] "GET /config/k8s/secrets.yaml/v2/keys.pem HTTP/1.1" 404 564 "-" "Mozilla/5.0 (Macintosh; Intel Mac OS X 10_12_3) AppleWebKit/537.36 (KHTML, like Gecko) Chrome/56.0.2924.87 Safari/537.36"
94.72.101.21 - - [02/Nov/2024:19:56:37 +0000] "GET /config/k8s/secrets.yaml/v2/settings.ini HTTP/1.1" 404 564 "-" "Mozilla/5.0 (Macintosh; Intel Mac OS X 10_12_3) AppleWebKit/537.36 (KHTML, like Gecko) Chrome/56.0.2924.87 Safari/537.36"
94.72.101.21 - - [02/Nov/2024:19:56:37 +0000] "GET /config/k8s/secrets.yaml/dev/config.json HTTP/1.1" 404 564 "-" "Mozilla/5.0 (Macintosh; Intel Mac OS X 10_12_3) AppleWebKit/537.36 (KHTML, like Gecko) Chrome/56.0.2924.87 Safari/537.36"
94.72.101.21 - - [02/Nov/2024:19:56:37 +0000] "GET /config/k8s/secrets.yaml/dev/.env HTTP/1.1" 404 564 "-" "Mozilla/5.0 (Macintosh; Intel Mac OS X 10_12_3) AppleWebKit/537.36 (KHTML, like Gecko) Chrome/56.0.2924.87 Safari/537.36"
94.72.101.21 - - [02/Nov/2024:19:56:37 +0000] "GET /config/k8s/secrets.yaml/dev/secrets.yaml HTTP/1.1" 404 564 "-" "Mozilla/5.0 (Macintosh; Intel Mac OS X 10_12_3) AppleWebKit/537.36 (KHTML, like Gecko) Chrome/56.0.2924.87 Safari/537.36"
94.72.101.21 - - [02/Nov/2024:19:56:37 +0000] "GET /config/k8s/secrets.yaml/dev/vars.tf HTTP/1.1" 404 564 "-" "Mozilla/5.0 (Macintosh; Intel Mac OS X 10_12_3) AppleWebKit/537.36 (KHTML, like Gecko) Chrome/56.0.2924.87 Safari/537.36"
94.72.101.21 - - [02/Nov/2024:19:56:38 +0000] "GET /config/k8s/secrets.yaml/dev/credentials HTTP/1.1" 404 564 "-" "Mozilla/5.0 (Macintosh; Intel Mac OS X 10_12_3) AppleWebKit/537.36 (KHTML, like Gecko) Chrome/56.0.2924.87 Safari/537.36"
94.72.101.21 - - [02/Nov/2024:19:56:38 +0000] "GET /config/k8s/secrets.yaml/dev/secrets.json HTTP/1.1" 404 564 "-" "Mozilla/5.0 (Macintosh; Intel Mac OS X 10_12_3) AppleWebKit/537.36 (KHTML, like Gecko) Chrome/56.0.2924.87 Safari/537.36"
94.72.101.21 - - [02/Nov/2024:19:56:38 +0000] "GET /config/k8s/secrets.yaml/dev/keys.pem HTTP/1.1" 404 564 "-" "Mozilla/5.0 (Macintosh; Intel Mac OS X 10_12_3) AppleWebKit/537.36 (KHTML, like Gecko) Chrome/56.0.2924.87 Safari/537.36"
94.72.101.21 - - [02/Nov/2024:19:56:38 +0000] "GET /config/k8s/secrets.yaml/dev/settings.ini HTTP/1.1" 404 564 "-" "Mozilla/5.0 (Macintosh; Intel Mac OS X 10_12_3) AppleWebKit/537.36 (KHTML, like Gecko) Chrome/56.0.2924.87 Safari/537.36"
94.72.101.21 - - [02/Nov/2024:19:56:38 +0000] "GET /config/k8s/secrets.yaml/prod/config.json HTTP/1.1" 404 564 "-" "Mozilla/5.0 (Macintosh; Intel Mac OS X 10_12_3) AppleWebKit/537.36 (KHTML, like Gecko) Chrome/56.0.2924.87 Safari/537.36"
94.72.101.21 - - [02/Nov/2024:19:56:39 +0000] "GET /config/k8s/secrets.yaml/prod/.env HTTP/1.1" 404 564 "-" "Mozilla/5.0 (Macintosh; Intel Mac OS X 10_12_3) AppleWebKit/537.36 (KHTML, like Gecko) Chrome/56.0.2924.87 Safari/537.36"
94.72.101.21 - - [02/Nov/2024:19:56:39 +0000] "GET /config/k8s/secrets.yaml/prod/secrets.yaml HTTP/1.1" 404 564 "-" "Mozilla/5.0 (Macintosh; Intel Mac OS X 10_12_3) AppleWebKit/537.36 (KHTML, like Gecko) Chrome/56.0.2924.87 Safari/537.36"
94.72.101.21 - - [02/Nov/2024:19:56:39 +0000] "GET /config/k8s/secrets.yaml/prod/vars.tf HTTP/1.1" 404 564 "-" "Mozilla/5.0 (Macintosh; Intel Mac OS X 10_12_3) AppleWebKit/537.36 (KHTML, like Gecko) Chrome/56.0.2924.87 Safari/537.36"
94.72.101.21 - - [02/Nov/2024:19:56:39 +0000] "GET /config/k8s/secrets.yaml/prod/credentials HTTP/1.1" 404 564 "-" "Mozilla/5.0 (Macintosh; Intel Mac OS X 10_12_3) AppleWebKit/537.36 (KHTML, like Gecko) Chrome/56.0.2924.87 Safari/537.36"
94.72.101.21 - - [02/Nov/2024:19:56:39 +0000] "GET /config/k8s/secrets.yaml/prod/secrets.json HTTP/1.1" 404 564 "-" "Mozilla/5.0 (Macintosh; Intel Mac OS X 10_12_3) AppleWebKit/537.36 (KHTML, like Gecko) Chrome/56.0.2924.87 Safari/537.36"
94.72.101.21 - - [02/Nov/2024:19:56:40 +0000] "GET /config/k8s/secrets.yaml/prod/keys.pem HTTP/1.1" 404 564 "-" "Mozilla/5.0 (Macintosh; Intel Mac OS X 10_12_3) AppleWebKit/537.36 (KHTML, like Gecko) Chrome/56.0.2924.87 Safari/537.36"
94.72.101.21 - - [02/Nov/2024:19:56:40 +0000] "GET /config/k8s/secrets.yaml/prod/settings.ini HTTP/1.1" 404 564 "-" "Mozilla/5.0 (Macintosh; Intel Mac OS X 10_12_3) AppleWebKit/537.36 (KHTML, like Gecko) Chrome/56.0.2924.87 Safari/537.36"
94.72.101.21 - - [02/Nov/2024:19:56:40 +0000] "GET /config/k8s/secrets.yaml/staging/config.json HTTP/1.1" 404 564 "-" "Mozilla/5.0 (Macintosh; Intel Mac OS X 10_12_3) AppleWebKit/537.36 (KHTML, like Gecko) Chrome/56.0.2924.87 Safari/537.36"
94.72.101.21 - - [02/Nov/2024:19:56:40 +0000] "GET /config/k8s/secrets.yaml/staging/.env HTTP/1.1" 404 564 "-" "Mozilla/5.0 (Macintosh; Intel Mac OS X 10_12_3) AppleWebKit/537.36 (KHTML, like Gecko) Chrome/56.0.2924.87 Safari/537.36"
94.72.101.21 - - [02/Nov/2024:19:56:40 +0000] "GET /config/k8s/secrets.yaml/staging/secrets.yaml HTTP/1.1" 404 564 "-" "Mozilla/5.0 (Macintosh; Intel Mac OS X 10_12_3) AppleWebKit/537.36 (KHTML, like Gecko) Chrome/56.0.2924.87 Safari/537.36"
94.72.101.21 - - [02/Nov/2024:19:56:40 +0000] "GET /config/k8s/secrets.yaml/staging/vars.tf HTTP/1.1" 404 564 "-" "Mozilla/5.0 (Macintosh; Intel Mac OS X 10_12_3) AppleWebKit/537.36 (KHTML, like Gecko) Chrome/56.0.2924.87 Safari/537.36"
94.72.101.21 - - [02/Nov/2024:19:56:41 +0000] "GET /config/k8s/secrets.yaml/staging/credentials HTTP/1.1" 404 564 "-" "Mozilla/5.0 (Macintosh; Intel Mac OS X 10_12_3) AppleWebKit/537.36 (KHTML, like Gecko) Chrome/56.0.2924.87 Safari/537.36"
94.72.101.21 - - [02/Nov/2024:19:56:41 +0000] "GET /config/k8s/secrets.yaml/staging/secrets.json HTTP/1.1" 404 564 "-" "Mozilla/5.0 (Macintosh; Intel Mac OS X 10_12_3) AppleWebKit/537.36 (KHTML, like Gecko) Chrome/56.0.2924.87 Safari/537.36"
94.72.101.21 - - [02/Nov/2024:19:56:41 +0000] "GET /config/k8s/secrets.yaml/staging/keys.pem HTTP/1.1" 404 564 "-" "Mozilla/5.0 (Macintosh; Intel Mac OS X 10_12_3) AppleWebKit/537.36 (KHTML, like Gecko) Chrome/56.0.2924.87 Safari/537.36"
94.72.101.21 - - [02/Nov/2024:19:56:41 +0000] "GET /config/k8s/secrets.yaml/staging/settings.ini HTTP/1.1" 404 564 "-" "Mozilla/5.0 (Macintosh; Intel Mac OS X 10_12_3) AppleWebKit/537.36 (KHTML, like Gecko) Chrome/56.0.2924.87 Safari/537.36"
94.72.101.21 - - [02/Nov/2024:19:56:41 +0000] "GET /config/k8s/secrets.yaml/src/config.json HTTP/1.1" 404 564 "-" "Mozilla/5.0 (Macintosh; Intel Mac OS X 10_12_3) AppleWebKit/537.36 (KHTML, like Gecko) Chrome/56.0.2924.87 Safari/537.36"
94.72.101.21 - - [02/Nov/2024:19:56:42 +0000] "GET /config/k8s/secrets.yaml/src/.env HTTP/1.1" 404 564 "-" "Mozilla/5.0 (Macintosh; Intel Mac OS X 10_12_3) AppleWebKit/537.36 (KHTML, like Gecko) Chrome/56.0.2924.87 Safari/537.36"
94.72.101.21 - - [02/Nov/2024:19:56:42 +0000] "GET /config/k8s/secrets.yaml/src/secrets.yaml HTTP/1.1" 404 564 "-" "Mozilla/5.0 (Macintosh; Intel Mac OS X 10_12_3) AppleWebKit/537.36 (KHTML, like Gecko) Chrome/56.0.2924.87 Safari/537.36"
94.72.101.21 - - [02/Nov/2024:19:56:42 +0000] "GET /config/k8s/secrets.yaml/src/vars.tf HTTP/1.1" 404 564 "-" "Mozilla/5.0 (Macintosh; Intel Mac OS X 10_12_3) AppleWebKit/537.36 (KHTML, like Gecko) Chrome/56.0.2924.87 Safari/537.36"
94.72.101.21 - - [02/Nov/2024:19:56:42 +0000] "GET /config/k8s/secrets.yaml/src/credentials HTTP/1.1" 404 564 "-" "Mozilla/5.0 (Macintosh; Intel Mac OS X 10_12_3) AppleWebKit/537.36 (KHTML, like Gecko) Chrome/56.0.2924.87 Safari/537.36"
94.72.101.21 - - [02/Nov/2024:19:56:42 +0000] "GET /config/k8s/secrets.yaml/src/secrets.json HTTP/1.1" 404 564 "-" "Mozilla/5.0 (Macintosh; Intel Mac OS X 10_12_3) AppleWebKit/537.36 (KHTML, like Gecko) Chrome/56.0.2924.87 Safari/537.36"
94.72.101.21 - - [02/Nov/2024:19:56:42 +0000] "GET /config/k8s/secrets.yaml/src/keys.pem HTTP/1.1" 404 564 "-" "Mozilla/5.0 (Macintosh; Intel Mac OS X 10_12_3) AppleWebKit/537.36 (KHTML, like Gecko) Chrome/56.0.2924.87 Safari/537.36"
94.72.101.21 - - [02/Nov/2024:19:56:43 +0000] "GET /config/k8s/secrets.yaml/src/settings.ini HTTP/1.1" 404 564 "-" "Mozilla/5.0 (Macintosh; Intel Mac OS X 10_12_3) AppleWebKit/537.36 (KHTML, like Gecko) Chrome/56.0.2924.87 Safari/537.36"
94.72.101.21 - - [02/Nov/2024:19:56:43 +0000] "GET /config/k8s/secrets.yaml/dist/config.json HTTP/1.1" 404 564 "-" "Mozilla/5.0 (Macintosh; Intel Mac OS X 10_12_3) AppleWebKit/537.36 (KHTML, like Gecko) Chrome/56.0.2924.87 Safari/537.36"
94.72.101.21 - - [02/Nov/2024:19:56:43 +0000] "GET /config/k8s/secrets.yaml/dist/.env HTTP/1.1" 404 564 "-" "Mozilla/5.0 (Macintosh; Intel Mac OS X 10_12_3) AppleWebKit/537.36 (KHTML, like Gecko) Chrome/56.0.2924.87 Safari/537.36"
94.72.101.21 - - [02/Nov/2024:19:56:43 +0000] "GET /config/k8s/secrets.yaml/dist/secrets.yaml HTTP/1.1" 404 564 "-" "Mozilla/5.0 (Macintosh; Intel Mac OS X 10_12_3) AppleWebKit/537.36 (KHTML, like Gecko) Chrome/56.0.2924.87 Safari/537.36"
94.72.101.21 - - [02/Nov/2024:19:56:43 +0000] "GET /config/k8s/secrets.yaml/dist/vars.tf HTTP/1.1" 404 564 "-" "Mozilla/5.0 (Macintosh; Intel Mac OS X 10_12_3) AppleWebKit/537.36 (KHTML, like Gecko) Chrome/56.0.2924.87 Safari/537.36"
94.72.101.21 - - [02/Nov/2024:19:56:44 +0000] "GET /config/k8s/secrets.yaml/dist/credentials HTTP/1.1" 404 564 "-" "Mozilla/5.0 (Macintosh; Intel Mac OS X 10_12_3) AppleWebKit/537.36 (KHTML, like Gecko) Chrome/56.0.2924.87 Safari/537.36"
94.72.101.21 - - [02/Nov/2024:19:56:44 +0000] "GET /config/k8s/secrets.yaml/dist/secrets.json HTTP/1.1" 404 564 "-" "Mozilla/5.0 (Macintosh; Intel Mac OS X 10_12_3) AppleWebKit/537.36 (KHTML, like Gecko) Chrome/56.0.2924.87 Safari/537.36"
94.72.101.21 - - [02/Nov/2024:19:56:44 +0000] "GET /config/k8s/secrets.yaml/dist/keys.pem HTTP/1.1" 404 564 "-" "Mozilla/5.0 (Macintosh; Intel Mac OS X 10_12_3) AppleWebKit/537.36 (KHTML, like Gecko) Chrome/56.0.2924.87 Safari/537.36"
94.72.101.21 - - [02/Nov/2024:19:56:44 +0000] "GET /config/k8s/secrets.yaml/dist/settings.ini HTTP/1.1" 404 564 "-" "Mozilla/5.0 (Macintosh; Intel Mac OS X 10_12_3) AppleWebKit/537.36 (KHTML, like Gecko) Chrome/56.0.2924.87 Safari/537.36"
94.72.101.21 - - [02/Nov/2024:19:56:44 +0000] "GET /config/k8s/secrets.yaml/config/config.json HTTP/1.1" 404 564 "-" "Mozilla/5.0 (Macintosh; Intel Mac OS X 10_12_3) AppleWebKit/537.36 (KHTML, like Gecko) Chrome/56.0.2924.87 Safari/537.36"
94.72.101.21 - - [02/Nov/2024:19:56:44 +0000] "GET /config/k8s/secrets.yaml/config/.env HTTP/1.1" 404 564 "-" "Mozilla/5.0 (Macintosh; Intel Mac OS X 10_12_3) AppleWebKit/537.36 (KHTML, like Gecko) Chrome/56.0.2924.87 Safari/537.36"
94.72.101.21 - - [02/Nov/2024:19:56:45 +0000] "GET /config/k8s/secrets.yaml/config/secrets.yaml HTTP/1.1" 404 564 "-" "Mozilla/5.0 (Macintosh; Intel Mac OS X 10_12_3) AppleWebKit/537.36 (KHTML, like Gecko) Chrome/56.0.2924.87 Safari/537.36"
94.72.101.21 - - [02/Nov/2024:19:56:45 +0000] "GET /config/k8s/secrets.yaml/config/vars.tf HTTP/1.1" 404 564 "-" "Mozilla/5.0 (Macintosh; Intel Mac OS X 10_12_3) AppleWebKit/537.36 (KHTML, like Gecko) Chrome/56.0.2924.87 Safari/537.36"
94.72.101.21 - - [02/Nov/2024:19:56:45 +0000] "GET /config/k8s/secrets.yaml/config/credentials HTTP/1.1" 404 564 "-" "Mozilla/5.0 (Macintosh; Intel Mac OS X 10_12_3) AppleWebKit/537.36 (KHTML, like Gecko) Chrome/56.0.2924.87 Safari/537.36"
94.72.101.21 - - [02/Nov/2024:19:56:45 +0000] "GET /config/k8s/secrets.yaml/config/secrets.json HTTP/1.1" 404 564 "-" "Mozilla/5.0 (Macintosh; Intel Mac OS X 10_12_3) AppleWebKit/537.36 (KHTML, like Gecko) Chrome/56.0.2924.87 Safari/537.36"
94.72.101.21 - - [02/Nov/2024:19:56:46 +0000] "GET /config/k8s/secrets.yaml/config/keys.pem HTTP/1.1" 404 564 "-" "Mozilla/5.0 (Macintosh; Intel Mac OS X 10_12_3) AppleWebKit/537.36 (KHTML, like Gecko) Chrome/56.0.2924.87 Safari/537.36"
94.72.101.21 - - [02/Nov/2024:19:56:46 +0000] "GET /config/k8s/secrets.yaml/config/settings.ini HTTP/1.1" 404 564 "-" "Mozilla/5.0 (Macintosh; Intel Mac OS X 10_12_3) AppleWebKit/537.36 (KHTML, like Gecko) Chrome/56.0.2924.87 Safari/537.36"
94.72.101.21 - - [02/Nov/2024:19:56:46 +0000] "GET /config/k8s/secrets.yaml/backups/config.json HTTP/1.1" 404 564 "-" "Mozilla/5.0 (Macintosh; Intel Mac OS X 10_12_3) AppleWebKit/537.36 (KHTML, like Gecko) Chrome/56.0.2924.87 Safari/537.36"
94.72.101.21 - - [02/Nov/2024:19:56:47 +0000] "GET /config/k8s/secrets.yaml/backups/.env HTTP/1.1" 404 564 "-" "Mozilla/5.0 (Macintosh; Intel Mac OS X 10_12_3) AppleWebKit/537.36 (KHTML, like Gecko) Chrome/56.0.2924.87 Safari/537.36"
94.72.101.21 - - [02/Nov/2024:19:56:47 +0000] "GET /config/k8s/secrets.yaml/backups/secrets.yaml HTTP/1.1" 404 564 "-" "Mozilla/5.0 (Macintosh; Intel Mac OS X 10_12_3) AppleWebKit/537.36 (KHTML, like Gecko) Chrome/56.0.2924.87 Safari/537.36"
94.72.101.21 - - [02/Nov/2024:19:56:47 +0000] "GET /config/k8s/secrets.yaml/backups/vars.tf HTTP/1.1" 404 564 "-" "Mozilla/5.0 (Macintosh; Intel Mac OS X 10_12_3) AppleWebKit/537.36 (KHTML, like Gecko) Chrome/56.0.2924.87 Safari/537.36"
94.72.101.21 - - [02/Nov/2024:19:56:47 +0000] "GET /config/k8s/secrets.yaml/backups/credentials HTTP/1.1" 404 564 "-" "Mozilla/5.0 (Macintosh; Intel Mac OS X 10_12_3) AppleWebKit/537.36 (KHTML, like Gecko) Chrome/56.0.2924.87 Safari/537.36"
94.72.101.21 - - [02/Nov/2024:19:56:47 +0000] "GET /config/k8s/secrets.yaml/backups/secrets.json HTTP/1.1" 404 564 "-" "Mozilla/5.0 (Macintosh; Intel Mac OS X 10_12_3) AppleWebKit/537.36 (KHTML, like Gecko) Chrome/56.0.2924.87 Safari/537.36"
94.72.101.21 - - [02/Nov/2024:19:56:48 +0000] "GET /config/k8s/secrets.yaml/backups/keys.pem HTTP/1.1" 404 564 "-" "Mozilla/5.0 (Macintosh; Intel Mac OS X 10_12_3) AppleWebKit/537.36 (KHTML, like Gecko) Chrome/56.0.2924.87 Safari/537.36"
94.72.101.21 - - [02/Nov/2024:19:56:48 +0000] "GET /config/k8s/secrets.yaml/backups/settings.ini HTTP/1.1" 404 564 "-" "Mozilla/5.0 (Macintosh; Intel Mac OS X 10_12_3) AppleWebKit/537.36 (KHTML, like Gecko) Chrome/56.0.2924.87 Safari/537.36"
94.72.101.21 - - [02/Nov/2024:19:56:48 +0000] "GET /config/k8s/secrets.yaml/data/config.json HTTP/1.1" 404 564 "-" "Mozilla/5.0 (Macintosh; Intel Mac OS X 10_12_3) AppleWebKit/537.36 (KHTML, like Gecko) Chrome/56.0.2924.87 Safari/537.36"
94.72.101.21 - - [02/Nov/2024:19:56:48 +0000] "GET /config/k8s/secrets.yaml/data/.env HTTP/1.1" 404 564 "-" "Mozilla/5.0 (Macintosh; Intel Mac OS X 10_12_3) AppleWebKit/537.36 (KHTML, like Gecko) Chrome/56.0.2924.87 Safari/537.36"
94.72.101.21 - - [02/Nov/2024:19:56:49 +0000] "GET /config/k8s/secrets.yaml/data/secrets.yaml HTTP/1.1" 404 564 "-" "Mozilla/5.0 (Macintosh; Intel Mac OS X 10_12_3) AppleWebKit/537.36 (KHTML, like Gecko) Chrome/56.0.2924.87 Safari/537.36"
94.72.101.21 - - [02/Nov/2024:19:56:49 +0000] "GET /config/k8s/secrets.yaml/data/vars.tf HTTP/1.1" 404 564 "-" "Mozilla/5.0 (Macintosh; Intel Mac OS X 10_12_3) AppleWebKit/537.36 (KHTML, like Gecko) Chrome/56.0.2924.87 Safari/537.36"
94.72.101.21 - - [02/Nov/2024:19:56:49 +0000] "GET /config/k8s/secrets.yaml/data/credentials HTTP/1.1" 404 564 "-" "Mozilla/5.0 (Macintosh; Intel Mac OS X 10_12_3) AppleWebKit/537.36 (KHTML, like Gecko) Chrome/56.0.2924.87 Safari/537.36"
94.72.101.21 - - [02/Nov/2024:19:56:50 +0000] "GET /config/k8s/secrets.yaml/data/secrets.json HTTP/1.1" 404 564 "-" "Mozilla/5.0 (Macintosh; Intel Mac OS X 10_12_3) AppleWebKit/537.36 (KHTML, like Gecko) Chrome/56.0.2924.87 Safari/537.36"
94.72.101.21 - - [02/Nov/2024:19:56:50 +0000] "GET /config/k8s/secrets.yaml/data/keys.pem HTTP/1.1" 404 564 "-" "Mozilla/5.0 (Macintosh; Intel Mac OS X 10_12_3) AppleWebKit/537.36 (KHTML, like Gecko) Chrome/56.0.2924.87 Safari/537.36"
94.72.101.21 - - [02/Nov/2024:19:56:50 +0000] "GET /config/k8s/secrets.yaml/data/settings.ini HTTP/1.1" 404 564 "-" "Mozilla/5.0 (Macintosh; Intel Mac OS X 10_12_3) AppleWebKit/537.36 (KHTML, like Gecko) Chrome/56.0.2924.87 Safari/537.36"
94.72.101.21 - - [02/Nov/2024:19:56:50 +0000] "GET /api/keys/public.key/v1/config.json HTTP/1.1" 404 564 "-" "Mozilla/5.0 (Macintosh; Intel Mac OS X 10_12_3) AppleWebKit/537.36 (KHTML, like Gecko) Chrome/56.0.2924.87 Safari/537.36"
94.72.101.21 - - [02/Nov/2024:19:56:51 +0000] "GET /api/keys/public.key/v1/.env HTTP/1.1" 404 564 "-" "Mozilla/5.0 (Macintosh; Intel Mac OS X 10_12_3) AppleWebKit/537.36 (KHTML, like Gecko) Chrome/56.0.2924.87 Safari/537.36"
94.72.101.21 - - [02/Nov/2024:19:56:51 +0000] "GET /api/keys/public.key/v1/secrets.yaml HTTP/1.1" 404 564 "-" "Mozilla/5.0 (Macintosh; Intel Mac OS X 10_12_3) AppleWebKit/537.36 (KHTML, like Gecko) Chrome/56.0.2924.87 Safari/537.36"
94.72.101.21 - - [02/Nov/2024:19:56:51 +0000] "GET /api/keys/public.key/v1/vars.tf HTTP/1.1" 404 564 "-" "Mozilla/5.0 (Macintosh; Intel Mac OS X 10_12_3) AppleWebKit/537.36 (KHTML, like Gecko) Chrome/56.0.2924.87 Safari/537.36"
94.72.101.21 - - [02/Nov/2024:19:56:52 +0000] "GET /api/keys/public.key/v1/credentials HTTP/1.1" 404 564 "-" "Mozilla/5.0 (Macintosh; Intel Mac OS X 10_12_3) AppleWebKit/537.36 (KHTML, like Gecko) Chrome/56.0.2924.87 Safari/537.36"
94.72.101.21 - - [02/Nov/2024:19:56:52 +0000] "GET /api/keys/public.key/v1/secrets.json HTTP/1.1" 404 564 "-" "Mozilla/5.0 (Macintosh; Intel Mac OS X 10_12_3) AppleWebKit/537.36 (KHTML, like Gecko) Chrome/56.0.2924.87 Safari/537.36"
94.72.101.21 - - [02/Nov/2024:19:56:52 +0000] "GET /api/keys/public.key/v1/keys.pem HTTP/1.1" 404 564 "-" "Mozilla/5.0 (Macintosh; Intel Mac OS X 10_12_3) AppleWebKit/537.36 (KHTML, like Gecko) Chrome/56.0.2924.87 Safari/537.36"
94.72.101.21 - - [02/Nov/2024:19:56:52 +0000] "GET /api/keys/public.key/v1/settings.ini HTTP/1.1" 404 564 "-" "Mozilla/5.0 (Macintosh; Intel Mac OS X 10_12_3) AppleWebKit/537.36 (KHTML, like Gecko) Chrome/56.0.2924.87 Safari/537.36"
94.72.101.21 - - [02/Nov/2024:19:56:53 +0000] "GET /api/keys/public.key/v2/config.json HTTP/1.1" 404 564 "-" "Mozilla/5.0 (Macintosh; Intel Mac OS X 10_12_3) AppleWebKit/537.36 (KHTML, like Gecko) Chrome/56.0.2924.87 Safari/537.36"
94.72.101.21 - - [02/Nov/2024:19:56:53 +0000] "GET /api/keys/public.key/v2/.env HTTP/1.1" 404 564 "-" "Mozilla/5.0 (Macintosh; Intel Mac OS X 10_12_3) AppleWebKit/537.36 (KHTML, like Gecko) Chrome/56.0.2924.87 Safari/537.36"
94.72.101.21 - - [02/Nov/2024:19:56:53 +0000] "GET /api/keys/public.key/v2/secrets.yaml HTTP/1.1" 404 564 "-" "Mozilla/5.0 (Macintosh; Intel Mac OS X 10_12_3) AppleWebKit/537.36 (KHTML, like Gecko) Chrome/56.0.2924.87 Safari/537.36"
94.72.101.21 - - [02/Nov/2024:19:56:54 +0000] "GET /api/keys/public.key/v2/vars.tf HTTP/1.1" 404 564 "-" "Mozilla/5.0 (Macintosh; Intel Mac OS X 10_12_3) AppleWebKit/537.36 (KHTML, like Gecko) Chrome/56.0.2924.87 Safari/537.36"
94.72.101.21 - - [02/Nov/2024:19:56:54 +0000] "GET /api/keys/public.key/v2/credentials HTTP/1.1" 404 564 "-" "Mozilla/5.0 (Macintosh; Intel Mac OS X 10_12_3) AppleWebKit/537.36 (KHTML, like Gecko) Chrome/56.0.2924.87 Safari/537.36"
94.72.101.21 - - [02/Nov/2024:19:56:54 +0000] "GET /api/keys/public.key/v2/secrets.json HTTP/1.1" 404 564 "-" "Mozilla/5.0 (Macintosh; Intel Mac OS X 10_12_3) AppleWebKit/537.36 (KHTML, like Gecko) Chrome/56.0.2924.87 Safari/537.36"
94.72.101.21 - - [02/Nov/2024:19:56:54 +0000] "GET /api/keys/public.key/v2/keys.pem HTTP/1.1" 404 564 "-" "Mozilla/5.0 (Macintosh; Intel Mac OS X 10_12_3) AppleWebKit/537.36 (KHTML, like Gecko) Chrome/56.0.2924.87 Safari/537.36"
94.72.101.21 - - [02/Nov/2024:19:56:55 +0000] "GET /api/keys/public.key/v2/settings.ini HTTP/1.1" 404 564 "-" "Mozilla/5.0 (Macintosh; Intel Mac OS X 10_12_3) AppleWebKit/537.36 (KHTML, like Gecko) Chrome/56.0.2924.87 Safari/537.36"
94.72.101.21 - - [02/Nov/2024:19:56:55 +0000] "GET /api/keys/public.key/dev/config.json HTTP/1.1" 404 564 "-" "Mozilla/5.0 (Macintosh; Intel Mac OS X 10_12_3) AppleWebKit/537.36 (KHTML, like Gecko) Chrome/56.0.2924.87 Safari/537.36"
94.72.101.21 - - [02/Nov/2024:19:56:55 +0000] "GET /api/keys/public.key/dev/.env HTTP/1.1" 404 564 "-" "Mozilla/5.0 (Macintosh; Intel Mac OS X 10_12_3) AppleWebKit/537.36 (KHTML, like Gecko) Chrome/56.0.2924.87 Safari/537.36"
94.72.101.21 - - [02/Nov/2024:19:56:56 +0000] "GET /api/keys/public.key/dev/secrets.yaml HTTP/1.1" 404 564 "-" "Mozilla/5.0 (Macintosh; Intel Mac OS X 10_12_3) AppleWebKit/537.36 (KHTML, like Gecko) Chrome/56.0.2924.87 Safari/537.36"
94.72.101.21 - - [02/Nov/2024:19:56:56 +0000] "GET /api/keys/public.key/dev/vars.tf HTTP/1.1" 404 564 "-" "Mozilla/5.0 (Macintosh; Intel Mac OS X 10_12_3) AppleWebKit/537.36 (KHTML, like Gecko) Chrome/56.0.2924.87 Safari/537.36"
94.72.101.21 - - [02/Nov/2024:19:56:56 +0000] "GET /api/keys/public.key/dev/credentials HTTP/1.1" 404 564 "-" "Mozilla/5.0 (Macintosh; Intel Mac OS X 10_12_3) AppleWebKit/537.36 (KHTML, like Gecko) Chrome/56.0.2924.87 Safari/537.36"
94.72.101.21 - - [02/Nov/2024:19:56:56 +0000] "GET /api/keys/public.key/dev/secrets.json HTTP/1.1" 404 564 "-" "Mozilla/5.0 (Macintosh; Intel Mac OS X 10_12_3) AppleWebKit/537.36 (KHTML, like Gecko) Chrome/56.0.2924.87 Safari/537.36"
94.72.101.21 - - [02/Nov/2024:19:56:56 +0000] "GET /api/keys/public.key/dev/keys.pem HTTP/1.1" 404 564 "-" "Mozilla/5.0 (Macintosh; Intel Mac OS X 10_12_3) AppleWebKit/537.36 (KHTML, like Gecko) Chrome/56.0.2924.87 Safari/537.36"
94.72.101.21 - - [02/Nov/2024:19:56:56 +0000] "GET /api/keys/public.key/dev/settings.ini HTTP/1.1" 404 564 "-" "Mozilla/5.0 (Macintosh; Intel Mac OS X 10_12_3) AppleWebKit/537.36 (KHTML, like Gecko) Chrome/56.0.2924.87 Safari/537.36"
94.72.101.21 - - [02/Nov/2024:19:56:57 +0000] "GET /api/keys/public.key/prod/config.json HTTP/1.1" 404 564 "-" "Mozilla/5.0 (Macintosh; Intel Mac OS X 10_12_3) AppleWebKit/537.36 (KHTML, like Gecko) Chrome/56.0.2924.87 Safari/537.36"
94.72.101.21 - - [02/Nov/2024:19:56:57 +0000] "GET /api/keys/public.key/prod/.env HTTP/1.1" 404 564 "-" "Mozilla/5.0 (Macintosh; Intel Mac OS X 10_12_3) AppleWebKit/537.36 (KHTML, like Gecko) Chrome/56.0.2924.87 Safari/537.36"
94.72.101.21 - - [02/Nov/2024:19:56:57 +0000] "GET /api/keys/public.key/prod/secrets.yaml HTTP/1.1" 404 564 "-" "Mozilla/5.0 (Macintosh; Intel Mac OS X 10_12_3) AppleWebKit/537.36 (KHTML, like Gecko) Chrome/56.0.2924.87 Safari/537.36"
94.72.101.21 - - [02/Nov/2024:19:56:57 +0000] "GET /api/keys/public.key/prod/vars.tf HTTP/1.1" 404 564 "-" "Mozilla/5.0 (Macintosh; Intel Mac OS X 10_12_3) AppleWebKit/537.36 (KHTML, like Gecko) Chrome/56.0.2924.87 Safari/537.36"
94.72.101.21 - - [02/Nov/2024:19:56:57 +0000] "GET /api/keys/public.key/prod/credentials HTTP/1.1" 404 564 "-" "Mozilla/5.0 (Macintosh; Intel Mac OS X 10_12_3) AppleWebKit/537.36 (KHTML, like Gecko) Chrome/56.0.2924.87 Safari/537.36"
94.72.101.21 - - [02/Nov/2024:19:56:57 +0000] "GET /api/keys/public.key/prod/secrets.json HTTP/1.1" 404 564 "-" "Mozilla/5.0 (Macintosh; Intel Mac OS X 10_12_3) AppleWebKit/537.36 (KHTML, like Gecko) Chrome/56.0.2924.87 Safari/537.36"
94.72.101.21 - - [02/Nov/2024:19:56:58 +0000] "GET /api/keys/public.key/prod/keys.pem HTTP/1.1" 404 564 "-" "Mozilla/5.0 (Macintosh; Intel Mac OS X 10_12_3) AppleWebKit/537.36 (KHTML, like Gecko) Chrome/56.0.2924.87 Safari/537.36"
94.72.101.21 - - [02/Nov/2024:19:56:58 +0000] "GET /api/keys/public.key/prod/settings.ini HTTP/1.1" 404 564 "-" "Mozilla/5.0 (Macintosh; Intel Mac OS X 10_12_3) AppleWebKit/537.36 (KHTML, like Gecko) Chrome/56.0.2924.87 Safari/537.36"
94.72.101.21 - - [02/Nov/2024:19:56:58 +0000] "GET /api/keys/public.key/staging/config.json HTTP/1.1" 404 564 "-" "Mozilla/5.0 (Macintosh; Intel Mac OS X 10_12_3) AppleWebKit/537.36 (KHTML, like Gecko) Chrome/56.0.2924.87 Safari/537.36"
94.72.101.21 - - [02/Nov/2024:19:56:59 +0000] "GET /api/keys/public.key/staging/.env HTTP/1.1" 404 564 "-" "Mozilla/5.0 (Macintosh; Intel Mac OS X 10_12_3) AppleWebKit/537.36 (KHTML, like Gecko) Chrome/56.0.2924.87 Safari/537.36"
94.72.101.21 - - [02/Nov/2024:19:56:59 +0000] "GET /api/keys/public.key/staging/secrets.yaml HTTP/1.1" 404 564 "-" "Mozilla/5.0 (Macintosh; Intel Mac OS X 10_12_3) AppleWebKit/537.36 (KHTML, like Gecko) Chrome/56.0.2924.87 Safari/537.36"
94.72.101.21 - - [02/Nov/2024:19:56:59 +0000] "GET /api/keys/public.key/staging/vars.tf HTTP/1.1" 404 564 "-" "Mozilla/5.0 (Macintosh; Intel Mac OS X 10_12_3) AppleWebKit/537.36 (KHTML, like Gecko) Chrome/56.0.2924.87 Safari/537.36"
94.72.101.21 - - [02/Nov/2024:19:56:59 +0000] "GET /api/keys/public.key/staging/credentials HTTP/1.1" 404 564 "-" "Mozilla/5.0 (Macintosh; Intel Mac OS X 10_12_3) AppleWebKit/537.36 (KHTML, like Gecko) Chrome/56.0.2924.87 Safari/537.36"
94.72.101.21 - - [02/Nov/2024:19:56:59 +0000] "GET /api/keys/public.key/staging/secrets.json HTTP/1.1" 404 564 "-" "Mozilla/5.0 (Macintosh; Intel Mac OS X 10_12_3) AppleWebKit/537.36 (KHTML, like Gecko) Chrome/56.0.2924.87 Safari/537.36"
94.72.101.21 - - [02/Nov/2024:19:56:59 +0000] "GET /api/keys/public.key/staging/keys.pem HTTP/1.1" 404 564 "-" "Mozilla/5.0 (Macintosh; Intel Mac OS X 10_12_3) AppleWebKit/537.36 (KHTML, like Gecko) Chrome/56.0.2924.87 Safari/537.36"
94.72.101.21 - - [02/Nov/2024:19:57:00 +0000] "GET /api/keys/public.key/staging/settings.ini HTTP/1.1" 404 564 "-" "Mozilla/5.0 (Macintosh; Intel Mac OS X 10_12_3) AppleWebKit/537.36 (KHTML, like Gecko) Chrome/56.0.2924.87 Safari/537.36"
94.72.101.21 - - [02/Nov/2024:19:57:00 +0000] "GET /api/keys/public.key/src/config.json HTTP/1.1" 404 564 "-" "Mozilla/5.0 (Macintosh; Intel Mac OS X 10_12_3) AppleWebKit/537.36 (KHTML, like Gecko) Chrome/56.0.2924.87 Safari/537.36"
94.72.101.21 - - [02/Nov/2024:19:57:00 +0000] "GET /api/keys/public.key/src/.env HTTP/1.1" 404 564 "-" "Mozilla/5.0 (Macintosh; Intel Mac OS X 10_12_3) AppleWebKit/537.36 (KHTML, like Gecko) Chrome/56.0.2924.87 Safari/537.36"
94.72.101.21 - - [02/Nov/2024:19:57:00 +0000] "GET /api/keys/public.key/src/secrets.yaml HTTP/1.1" 404 564 "-" "Mozilla/5.0 (Macintosh; Intel Mac OS X 10_12_3) AppleWebKit/537.36 (KHTML, like Gecko) Chrome/56.0.2924.87 Safari/537.36"
94.72.101.21 - - [02/Nov/2024:19:57:00 +0000] "GET /api/keys/public.key/src/vars.tf HTTP/1.1" 404 564 "-" "Mozilla/5.0 (Macintosh; Intel Mac OS X 10_12_3) AppleWebKit/537.36 (KHTML, like Gecko) Chrome/56.0.2924.87 Safari/537.36"
94.72.101.21 - - [02/Nov/2024:19:57:00 +0000] "GET /api/keys/public.key/src/credentials HTTP/1.1" 404 564 "-" "Mozilla/5.0 (Macintosh; Intel Mac OS X 10_12_3) AppleWebKit/537.36 (KHTML, like Gecko) Chrome/56.0.2924.87 Safari/537.36"
94.72.101.21 - - [02/Nov/2024:19:57:01 +0000] "GET /api/keys/public.key/src/secrets.json HTTP/1.1" 404 564 "-" "Mozilla/5.0 (Macintosh; Intel Mac OS X 10_12_3) AppleWebKit/537.36 (KHTML, like Gecko) Chrome/56.0.2924.87 Safari/537.36"
94.72.101.21 - - [02/Nov/2024:19:57:01 +0000] "GET /api/keys/public.key/src/keys.pem HTTP/1.1" 404 564 "-" "Mozilla/5.0 (Macintosh; Intel Mac OS X 10_12_3) AppleWebKit/537.36 (KHTML, like Gecko) Chrome/56.0.2924.87 Safari/537.36"
94.72.101.21 - - [02/Nov/2024:19:57:01 +0000] "GET /api/keys/public.key/src/settings.ini HTTP/1.1" 404 564 "-" "Mozilla/5.0 (Macintosh; Intel Mac OS X 10_12_3) AppleWebKit/537.36 (KHTML, like Gecko) Chrome/56.0.2924.87 Safari/537.36"
94.72.101.21 - - [02/Nov/2024:19:57:02 +0000] "GET /api/keys/public.key/dist/config.json HTTP/1.1" 404 564 "-" "Mozilla/5.0 (Macintosh; Intel Mac OS X 10_12_3) AppleWebKit/537.36 (KHTML, like Gecko) Chrome/56.0.2924.87 Safari/537.36"
94.72.101.21 - - [02/Nov/2024:19:57:02 +0000] "GET /api/keys/public.key/dist/.env HTTP/1.1" 404 564 "-" "Mozilla/5.0 (Macintosh; Intel Mac OS X 10_12_3) AppleWebKit/537.36 (KHTML, like Gecko) Chrome/56.0.2924.87 Safari/537.36"
94.72.101.21 - - [02/Nov/2024:19:57:02 +0000] "GET /api/keys/public.key/dist/secrets.yaml HTTP/1.1" 404 564 "-" "Mozilla/5.0 (Macintosh; Intel Mac OS X 10_12_3) AppleWebKit/537.36 (KHTML, like Gecko) Chrome/56.0.2924.87 Safari/537.36"
94.72.101.21 - - [02/Nov/2024:19:57:02 +0000] "GET /api/keys/public.key/dist/vars.tf HTTP/1.1" 404 564 "-" "Mozilla/5.0 (Macintosh; Intel Mac OS X 10_12_3) AppleWebKit/537.36 (KHTML, like Gecko) Chrome/56.0.2924.87 Safari/537.36"
94.72.101.21 - - [02/Nov/2024:19:57:02 +0000] "GET /api/keys/public.key/dist/credentials HTTP/1.1" 404 564 "-" "Mozilla/5.0 (Macintosh; Intel Mac OS X 10_12_3) AppleWebKit/537.36 (KHTML, like Gecko) Chrome/56.0.2924.87 Safari/537.36"
94.72.101.21 - - [02/Nov/2024:19:57:03 +0000] "GET /api/keys/public.key/dist/secrets.json HTTP/1.1" 404 564 "-" "Mozilla/5.0 (Macintosh; Intel Mac OS X 10_12_3) AppleWebKit/537.36 (KHTML, like Gecko) Chrome/56.0.2924.87 Safari/537.36"
94.72.101.21 - - [02/Nov/2024:19:57:03 +0000] "GET /api/keys/public.key/dist/keys.pem HTTP/1.1" 404 564 "-" "Mozilla/5.0 (Macintosh; Intel Mac OS X 10_12_3) AppleWebKit/537.36 (KHTML, like Gecko) Chrome/56.0.2924.87 Safari/537.36"
94.72.101.21 - - [02/Nov/2024:19:57:03 +0000] "GET /api/keys/public.key/dist/settings.ini HTTP/1.1" 404 564 "-" "Mozilla/5.0 (Macintosh; Intel Mac OS X 10_12_3) AppleWebKit/537.36 (KHTML, like Gecko) Chrome/56.0.2924.87 Safari/537.36"
94.72.101.21 - - [02/Nov/2024:19:57:04 +0000] "GET /api/keys/public.key/config/config.json HTTP/1.1" 404 564 "-" "Mozilla/5.0 (Macintosh; Intel Mac OS X 10_12_3) AppleWebKit/537.36 (KHTML, like Gecko) Chrome/56.0.2924.87 Safari/537.36"
94.72.101.21 - - [02/Nov/2024:19:57:04 +0000] "GET /api/keys/public.key/config/.env HTTP/1.1" 404 564 "-" "Mozilla/5.0 (Macintosh; Intel Mac OS X 10_12_3) AppleWebKit/537.36 (KHTML, like Gecko) Chrome/56.0.2924.87 Safari/537.36"
94.72.101.21 - - [02/Nov/2024:19:57:04 +0000] "GET /api/keys/public.key/config/secrets.yaml HTTP/1.1" 404 564 "-" "Mozilla/5.0 (Macintosh; Intel Mac OS X 10_12_3) AppleWebKit/537.36 (KHTML, like Gecko) Chrome/56.0.2924.87 Safari/537.36"
94.72.101.21 - - [02/Nov/2024:19:57:04 +0000] "GET /api/keys/public.key/config/vars.tf HTTP/1.1" 404 564 "-" "Mozilla/5.0 (Macintosh; Intel Mac OS X 10_12_3) AppleWebKit/537.36 (KHTML, like Gecko) Chrome/56.0.2924.87 Safari/537.36"
94.72.101.21 - - [02/Nov/2024:19:57:05 +0000] "GET /api/keys/public.key/config/credentials HTTP/1.1" 404 564 "-" "Mozilla/5.0 (Macintosh; Intel Mac OS X 10_12_3) AppleWebKit/537.36 (KHTML, like Gecko) Chrome/56.0.2924.87 Safari/537.36"
94.72.101.21 - - [02/Nov/2024:19:57:05 +0000] "GET /api/keys/public.key/config/secrets.json HTTP/1.1" 404 564 "-" "Mozilla/5.0 (Macintosh; Intel Mac OS X 10_12_3) AppleWebKit/537.36 (KHTML, like Gecko) Chrome/56.0.2924.87 Safari/537.36"
94.72.101.21 - - [02/Nov/2024:19:57:05 +0000] "GET /api/keys/public.key/config/keys.pem HTTP/1.1" 404 564 "-" "Mozilla/5.0 (Macintosh; Intel Mac OS X 10_12_3) AppleWebKit/537.36 (KHTML, like Gecko) Chrome/56.0.2924.87 Safari/537.36"
94.72.101.21 - - [02/Nov/2024:19:57:06 +0000] "GET /api/keys/public.key/config/settings.ini HTTP/1.1" 404 564 "-" "Mozilla/5.0 (Macintosh; Intel Mac OS X 10_12_3) AppleWebKit/537.36 (KHTML, like Gecko) Chrome/56.0.2924.87 Safari/537.36"
94.72.101.21 - - [02/Nov/2024:19:57:20 +0000] "GET /api/keys/public.key/backups/config.json HTTP/1.1" 404 564 "-" "Mozilla/5.0 (Macintosh; Intel Mac OS X 10_12_3) AppleWebKit/537.36 (KHTML, like Gecko) Chrome/56.0.2924.87 Safari/537.36"
94.72.101.21 - - [02/Nov/2024:19:57:20 +0000] "GET /api/keys/public.key/backups/.env HTTP/1.1" 404 564 "-" "Mozilla/5.0 (Macintosh; Intel Mac OS X 10_12_3) AppleWebKit/537.36 (KHTML, like Gecko) Chrome/56.0.2924.87 Safari/537.36"
94.72.101.21 - - [02/Nov/2024:19:57:20 +0000] "GET /api/keys/public.key/backups/secrets.yaml HTTP/1.1" 404 564 "-" "Mozilla/5.0 (Macintosh; Intel Mac OS X 10_12_3) AppleWebKit/537.36 (KHTML, like Gecko) Chrome/56.0.2924.87 Safari/537.36"
94.72.101.21 - - [02/Nov/2024:19:57:20 +0000] "GET /api/keys/public.key/backups/vars.tf HTTP/1.1" 404 564 "-" "Mozilla/5.0 (Macintosh; Intel Mac OS X 10_12_3) AppleWebKit/537.36 (KHTML, like Gecko) Chrome/56.0.2924.87 Safari/537.36"
94.72.101.21 - - [02/Nov/2024:19:57:20 +0000] "GET /api/keys/public.key/backups/credentials HTTP/1.1" 404 564 "-" "Mozilla/5.0 (Macintosh; Intel Mac OS X 10_12_3) AppleWebKit/537.36 (KHTML, like Gecko) Chrome/56.0.2924.87 Safari/537.36"
94.72.101.21 - - [02/Nov/2024:19:57:21 +0000] "GET /api/keys/public.key/backups/secrets.json HTTP/1.1" 404 564 "-" "Mozilla/5.0 (Macintosh; Intel Mac OS X 10_12_3) AppleWebKit/537.36 (KHTML, like Gecko) Chrome/56.0.2924.87 Safari/537.36"
94.72.101.21 - - [02/Nov/2024:19:57:21 +0000] "GET /api/keys/public.key/backups/keys.pem HTTP/1.1" 404 564 "-" "Mozilla/5.0 (Macintosh; Intel Mac OS X 10_12_3) AppleWebKit/537.36 (KHTML, like Gecko) Chrome/56.0.2924.87 Safari/537.36"
94.72.101.21 - - [02/Nov/2024:19:57:22 +0000] "GET /api/keys/public.key/backups/settings.ini HTTP/1.1" 404 564 "-" "Mozilla/5.0 (Macintosh; Intel Mac OS X 10_12_3) AppleWebKit/537.36 (KHTML, like Gecko) Chrome/56.0.2924.87 Safari/537.36"
94.72.101.21 - - [02/Nov/2024:19:57:22 +0000] "GET /api/keys/public.key/data/config.json HTTP/1.1" 404 564 "-" "Mozilla/5.0 (Macintosh; Intel Mac OS X 10_12_3) AppleWebKit/537.36 (KHTML, like Gecko) Chrome/56.0.2924.87 Safari/537.36"
94.72.101.21 - - [02/Nov/2024:19:57:23 +0000] "GET /api/keys/public.key/data/.env HTTP/1.1" 404 564 "-" "Mozilla/5.0 (Macintosh; Intel Mac OS X 10_12_3) AppleWebKit/537.36 (KHTML, like Gecko) Chrome/56.0.2924.87 Safari/537.36"
94.72.101.21 - - [02/Nov/2024:19:57:23 +0000] "GET /api/keys/public.key/data/secrets.yaml HTTP/1.1" 404 564 "-" "Mozilla/5.0 (Macintosh; Intel Mac OS X 10_12_3) AppleWebKit/537.36 (KHTML, like Gecko) Chrome/56.0.2924.87 Safari/537.36"
94.72.101.21 - - [02/Nov/2024:19:57:23 +0000] "GET /api/keys/public.key/data/vars.tf HTTP/1.1" 404 564 "-" "Mozilla/5.0 (Macintosh; Intel Mac OS X 10_12_3) AppleWebKit/537.36 (KHTML, like Gecko) Chrome/56.0.2924.87 Safari/537.36"
94.72.101.21 - - [02/Nov/2024:19:57:23 +0000] "GET /api/keys/public.key/data/credentials HTTP/1.1" 404 564 "-" "Mozilla/5.0 (Macintosh; Intel Mac OS X 10_12_3) AppleWebKit/537.36 (KHTML, like Gecko) Chrome/56.0.2924.87 Safari/537.36"
94.72.101.21 - - [02/Nov/2024:19:57:23 +0000] "GET /api/keys/public.key/data/secrets.json HTTP/1.1" 404 564 "-" "Mozilla/5.0 (Macintosh; Intel Mac OS X 10_12_3) AppleWebKit/537.36 (KHTML, like Gecko) Chrome/56.0.2924.87 Safari/537.36"
94.72.101.21 - - [02/Nov/2024:19:57:23 +0000] "GET /api/keys/public.key/data/keys.pem HTTP/1.1" 404 564 "-" "Mozilla/5.0 (Macintosh; Intel Mac OS X 10_12_3) AppleWebKit/537.36 (KHTML, like Gecko) Chrome/56.0.2924.87 Safari/537.36"
94.72.101.21 - - [02/Nov/2024:19:57:24 +0000] "GET /api/keys/public.key/data/settings.ini HTTP/1.1" 404 564 "-" "Mozilla/5.0 (Macintosh; Intel Mac OS X 10_12_3) AppleWebKit/537.36 (KHTML, like Gecko) Chrome/56.0.2924.87 Safari/537.36"
94.72.101.21 - - [02/Nov/2024:19:57:24 +0000] "GET /api/keys/private.key/v1/config.json HTTP/1.1" 404 564 "-" "Mozilla/5.0 (Macintosh; Intel Mac OS X 10_12_3) AppleWebKit/537.36 (KHTML, like Gecko) Chrome/56.0.2924.87 Safari/537.36"
94.72.101.21 - - [02/Nov/2024:19:57:24 +0000] "GET /api/keys/private.key/v1/.env HTTP/1.1" 404 564 "-" "Mozilla/5.0 (Macintosh; Intel Mac OS X 10_12_3) AppleWebKit/537.36 (KHTML, like Gecko) Chrome/56.0.2924.87 Safari/537.36"
94.72.101.21 - - [02/Nov/2024:19:57:24 +0000] "GET /api/keys/private.key/v1/secrets.yaml HTTP/1.1" 404 564 "-" "Mozilla/5.0 (Macintosh; Intel Mac OS X 10_12_3) AppleWebKit/537.36 (KHTML, like Gecko) Chrome/56.0.2924.87 Safari/537.36"
94.72.101.21 - - [02/Nov/2024:19:57:25 +0000] "GET /api/keys/private.key/v1/vars.tf HTTP/1.1" 404 564 "-" "Mozilla/5.0 (Macintosh; Intel Mac OS X 10_12_3) AppleWebKit/537.36 (KHTML, like Gecko) Chrome/56.0.2924.87 Safari/537.36"
94.72.101.21 - - [02/Nov/2024:19:57:25 +0000] "GET /api/keys/private.key/v1/credentials HTTP/1.1" 404 564 "-" "Mozilla/5.0 (Macintosh; Intel Mac OS X 10_12_3) AppleWebKit/537.36 (KHTML, like Gecko) Chrome/56.0.2924.87 Safari/537.36"
94.72.101.21 - - [02/Nov/2024:19:57:25 +0000] "GET /api/keys/private.key/v1/secrets.json HTTP/1.1" 404 564 "-" "Mozilla/5.0 (Macintosh; Intel Mac OS X 10_12_3) AppleWebKit/537.36 (KHTML, like Gecko) Chrome/56.0.2924.87 Safari/537.36"
94.72.101.21 - - [02/Nov/2024:19:57:25 +0000] "GET /api/keys/private.key/v1/keys.pem HTTP/1.1" 404 564 "-" "Mozilla/5.0 (Macintosh; Intel Mac OS X 10_12_3) AppleWebKit/537.36 (KHTML, like Gecko) Chrome/56.0.2924.87 Safari/537.36"
94.72.101.21 - - [02/Nov/2024:19:57:26 +0000] "GET /api/keys/private.key/v1/settings.ini HTTP/1.1" 404 564 "-" "Mozilla/5.0 (Macintosh; Intel Mac OS X 10_12_3) AppleWebKit/537.36 (KHTML, like Gecko) Chrome/56.0.2924.87 Safari/537.36"
94.72.101.21 - - [02/Nov/2024:19:57:26 +0000] "GET /api/keys/private.key/v2/config.json HTTP/1.1" 404 564 "-" "Mozilla/5.0 (Macintosh; Intel Mac OS X 10_12_3) AppleWebKit/537.36 (KHTML, like Gecko) Chrome/56.0.2924.87 Safari/537.36"
94.72.101.21 - - [02/Nov/2024:19:57:26 +0000] "GET /api/keys/private.key/v2/.env HTTP/1.1" 404 564 "-" "Mozilla/5.0 (Macintosh; Intel Mac OS X 10_12_3) AppleWebKit/537.36 (KHTML, like Gecko) Chrome/56.0.2924.87 Safari/537.36"
94.72.101.21 - - [02/Nov/2024:19:57:27 +0000] "GET /api/keys/private.key/v2/secrets.yaml HTTP/1.1" 404 564 "-" "Mozilla/5.0 (Macintosh; Intel Mac OS X 10_12_3) AppleWebKit/537.36 (KHTML, like Gecko) Chrome/56.0.2924.87 Safari/537.36"
94.72.101.21 - - [02/Nov/2024:19:57:27 +0000] "GET /api/keys/private.key/v2/vars.tf HTTP/1.1" 404 564 "-" "Mozilla/5.0 (Macintosh; Intel Mac OS X 10_12_3) AppleWebKit/537.36 (KHTML, like Gecko) Chrome/56.0.2924.87 Safari/537.36"
94.72.101.21 - - [02/Nov/2024:19:57:27 +0000] "GET /api/keys/private.key/v2/credentials HTTP/1.1" 404 564 "-" "Mozilla/5.0 (Macintosh; Intel Mac OS X 10_12_3) AppleWebKit/537.36 (KHTML, like Gecko) Chrome/56.0.2924.87 Safari/537.36"
94.72.101.21 - - [02/Nov/2024:19:57:27 +0000] "GET /api/keys/private.key/v2/secrets.json HTTP/1.1" 404 564 "-" "Mozilla/5.0 (Macintosh; Intel Mac OS X 10_12_3) AppleWebKit/537.36 (KHTML, like Gecko) Chrome/56.0.2924.87 Safari/537.36"
94.72.101.21 - - [02/Nov/2024:19:57:28 +0000] "GET /api/keys/private.key/v2/keys.pem HTTP/1.1" 404 564 "-" "Mozilla/5.0 (Macintosh; Intel Mac OS X 10_12_3) AppleWebKit/537.36 (KHTML, like Gecko) Chrome/56.0.2924.87 Safari/537.36"
94.72.101.21 - - [02/Nov/2024:19:57:28 +0000] "GET /api/keys/private.key/v2/settings.ini HTTP/1.1" 404 564 "-" "Mozilla/5.0 (Macintosh; Intel Mac OS X 10_12_3) AppleWebKit/537.36 (KHTML, like Gecko) Chrome/56.0.2924.87 Safari/537.36"
94.72.101.21 - - [02/Nov/2024:19:57:28 +0000] "GET /api/keys/private.key/dev/config.json HTTP/1.1" 404 564 "-" "Mozilla/5.0 (Macintosh; Intel Mac OS X 10_12_3) AppleWebKit/537.36 (KHTML, like Gecko) Chrome/56.0.2924.87 Safari/537.36"
94.72.101.21 - - [02/Nov/2024:19:57:28 +0000] "GET /api/keys/private.key/dev/.env HTTP/1.1" 404 564 "-" "Mozilla/5.0 (Macintosh; Intel Mac OS X 10_12_3) AppleWebKit/537.36 (KHTML, like Gecko) Chrome/56.0.2924.87 Safari/537.36"
94.72.101.21 - - [02/Nov/2024:19:57:28 +0000] "GET /api/keys/private.key/dev/secrets.yaml HTTP/1.1" 404 564 "-" "Mozilla/5.0 (Macintosh; Intel Mac OS X 10_12_3) AppleWebKit/537.36 (KHTML, like Gecko) Chrome/56.0.2924.87 Safari/537.36"
94.72.101.21 - - [02/Nov/2024:19:57:28 +0000] "GET /api/keys/private.key/dev/vars.tf HTTP/1.1" 404 564 "-" "Mozilla/5.0 (Macintosh; Intel Mac OS X 10_12_3) AppleWebKit/537.36 (KHTML, like Gecko) Chrome/56.0.2924.87 Safari/537.36"
94.72.101.21 - - [02/Nov/2024:19:57:29 +0000] "GET /api/keys/private.key/dev/credentials HTTP/1.1" 404 564 "-" "Mozilla/5.0 (Macintosh; Intel Mac OS X 10_12_3) AppleWebKit/537.36 (KHTML, like Gecko) Chrome/56.0.2924.87 Safari/537.36"
94.72.101.21 - - [02/Nov/2024:19:57:29 +0000] "GET /api/keys/private.key/dev/secrets.json HTTP/1.1" 404 564 "-" "Mozilla/5.0 (Macintosh; Intel Mac OS X 10_12_3) AppleWebKit/537.36 (KHTML, like Gecko) Chrome/56.0.2924.87 Safari/537.36"
94.72.101.21 - - [02/Nov/2024:19:57:30 +0000] "GET /api/keys/private.key/dev/keys.pem HTTP/1.1" 404 564 "-" "Mozilla/5.0 (Macintosh; Intel Mac OS X 10_12_3) AppleWebKit/537.36 (KHTML, like Gecko) Chrome/56.0.2924.87 Safari/537.36"
94.72.101.21 - - [02/Nov/2024:19:57:30 +0000] "GET /api/keys/private.key/dev/settings.ini HTTP/1.1" 404 564 "-" "Mozilla/5.0 (Macintosh; Intel Mac OS X 10_12_3) AppleWebKit/537.36 (KHTML, like Gecko) Chrome/56.0.2924.87 Safari/537.36"
94.72.101.21 - - [02/Nov/2024:19:57:30 +0000] "GET /api/keys/private.key/prod/config.json HTTP/1.1" 404 564 "-" "Mozilla/5.0 (Macintosh; Intel Mac OS X 10_12_3) AppleWebKit/537.36 (KHTML, like Gecko) Chrome/56.0.2924.87 Safari/537.36"
94.72.101.21 - - [02/Nov/2024:19:57:30 +0000] "GET /api/keys/private.key/prod/.env HTTP/1.1" 404 564 "-" "Mozilla/5.0 (Macintosh; Intel Mac OS X 10_12_3) AppleWebKit/537.36 (KHTML, like Gecko) Chrome/56.0.2924.87 Safari/537.36"
94.72.101.21 - - [02/Nov/2024:19:57:31 +0000] "GET /api/keys/private.key/prod/secrets.yaml HTTP/1.1" 404 564 "-" "Mozilla/5.0 (Macintosh; Intel Mac OS X 10_12_3) AppleWebKit/537.36 (KHTML, like Gecko) Chrome/56.0.2924.87 Safari/537.36"
94.72.101.21 - - [02/Nov/2024:19:57:31 +0000] "GET /api/keys/private.key/prod/vars.tf HTTP/1.1" 404 564 "-" "Mozilla/5.0 (Macintosh; Intel Mac OS X 10_12_3) AppleWebKit/537.36 (KHTML, like Gecko) Chrome/56.0.2924.87 Safari/537.36"
94.72.101.21 - - [02/Nov/2024:19:57:31 +0000] "GET /api/keys/private.key/prod/credentials HTTP/1.1" 404 564 "-" "Mozilla/5.0 (Macintosh; Intel Mac OS X 10_12_3) AppleWebKit/537.36 (KHTML, like Gecko) Chrome/56.0.2924.87 Safari/537.36"
94.72.101.21 - - [02/Nov/2024:19:57:31 +0000] "GET /api/keys/private.key/prod/secrets.json HTTP/1.1" 404 564 "-" "Mozilla/5.0 (Macintosh; Intel Mac OS X 10_12_3) AppleWebKit/537.36 (KHTML, like Gecko) Chrome/56.0.2924.87 Safari/537.36"
94.72.101.21 - - [02/Nov/2024:19:57:31 +0000] "GET /api/keys/private.key/prod/keys.pem HTTP/1.1" 404 564 "-" "Mozilla/5.0 (Macintosh; Intel Mac OS X 10_12_3) AppleWebKit/537.36 (KHTML, like Gecko) Chrome/56.0.2924.87 Safari/537.36"
94.72.101.21 - - [02/Nov/2024:19:57:32 +0000] "GET /api/keys/private.key/prod/settings.ini HTTP/1.1" 404 564 "-" "Mozilla/5.0 (Macintosh; Intel Mac OS X 10_12_3) AppleWebKit/537.36 (KHTML, like Gecko) Chrome/56.0.2924.87 Safari/537.36"
94.72.101.21 - - [02/Nov/2024:19:57:32 +0000] "GET /api/keys/private.key/staging/config.json HTTP/1.1" 404 564 "-" "Mozilla/5.0 (Macintosh; Intel Mac OS X 10_12_3) AppleWebKit/537.36 (KHTML, like Gecko) Chrome/56.0.2924.87 Safari/537.36"
94.72.101.21 - - [02/Nov/2024:19:57:32 +0000] "GET /api/keys/private.key/staging/.env HTTP/1.1" 404 564 "-" "Mozilla/5.0 (Macintosh; Intel Mac OS X 10_12_3) AppleWebKit/537.36 (KHTML, like Gecko) Chrome/56.0.2924.87 Safari/537.36"
94.72.101.21 - - [02/Nov/2024:19:57:32 +0000] "GET /api/keys/private.key/staging/secrets.yaml HTTP/1.1" 404 564 "-" "Mozilla/5.0 (Macintosh; Intel Mac OS X 10_12_3) AppleWebKit/537.36 (KHTML, like Gecko) Chrome/56.0.2924.87 Safari/537.36"
94.72.101.21 - - [02/Nov/2024:19:57:32 +0000] "GET /api/keys/private.key/staging/vars.tf HTTP/1.1" 404 564 "-" "Mozilla/5.0 (Macintosh; Intel Mac OS X 10_12_3) AppleWebKit/537.36 (KHTML, like Gecko) Chrome/56.0.2924.87 Safari/537.36"
94.72.101.21 - - [02/Nov/2024:19:57:33 +0000] "GET /api/keys/private.key/staging/credentials HTTP/1.1" 404 564 "-" "Mozilla/5.0 (Macintosh; Intel Mac OS X 10_12_3) AppleWebKit/537.36 (KHTML, like Gecko) Chrome/56.0.2924.87 Safari/537.36"
94.72.101.21 - - [02/Nov/2024:19:57:33 +0000] "GET /api/keys/private.key/staging/secrets.json HTTP/1.1" 404 564 "-" "Mozilla/5.0 (Macintosh; Intel Mac OS X 10_12_3) AppleWebKit/537.36 (KHTML, like Gecko) Chrome/56.0.2924.87 Safari/537.36"
94.72.101.21 - - [02/Nov/2024:19:57:33 +0000] "GET /api/keys/private.key/staging/keys.pem HTTP/1.1" 404 564 "-" "Mozilla/5.0 (Macintosh; Intel Mac OS X 10_12_3) AppleWebKit/537.36 (KHTML, like Gecko) Chrome/56.0.2924.87 Safari/537.36"
94.72.101.21 - - [02/Nov/2024:19:57:33 +0000] "GET /api/keys/private.key/staging/settings.ini HTTP/1.1" 404 564 "-" "Mozilla/5.0 (Macintosh; Intel Mac OS X 10_12_3) AppleWebKit/537.36 (KHTML, like Gecko) Chrome/56.0.2924.87 Safari/537.36"
94.72.101.21 - - [02/Nov/2024:19:57:33 +0000] "GET /api/keys/private.key/src/config.json HTTP/1.1" 404 564 "-" "Mozilla/5.0 (Macintosh; Intel Mac OS X 10_12_3) AppleWebKit/537.36 (KHTML, like Gecko) Chrome/56.0.2924.87 Safari/537.36"
94.72.101.21 - - [02/Nov/2024:19:57:34 +0000] "GET /api/keys/private.key/src/.env HTTP/1.1" 404 564 "-" "Mozilla/5.0 (Macintosh; Intel Mac OS X 10_12_3) AppleWebKit/537.36 (KHTML, like Gecko) Chrome/56.0.2924.87 Safari/537.36"
94.72.101.21 - - [02/Nov/2024:19:57:34 +0000] "GET /api/keys/private.key/src/secrets.yaml HTTP/1.1" 404 564 "-" "Mozilla/5.0 (Macintosh; Intel Mac OS X 10_12_3) AppleWebKit/537.36 (KHTML, like Gecko) Chrome/56.0.2924.87 Safari/537.36"
94.72.101.21 - - [02/Nov/2024:19:57:34 +0000] "GET /api/keys/private.key/src/vars.tf HTTP/1.1" 404 564 "-" "Mozilla/5.0 (Macintosh; Intel Mac OS X 10_12_3) AppleWebKit/537.36 (KHTML, like Gecko) Chrome/56.0.2924.87 Safari/537.36"
94.72.101.21 - - [02/Nov/2024:19:57:35 +0000] "GET /api/keys/private.key/src/credentials HTTP/1.1" 404 564 "-" "Mozilla/5.0 (Macintosh; Intel Mac OS X 10_12_3) AppleWebKit/537.36 (KHTML, like Gecko) Chrome/56.0.2924.87 Safari/537.36"
94.72.101.21 - - [02/Nov/2024:19:57:35 +0000] "GET /api/keys/private.key/src/secrets.json HTTP/1.1" 404 564 "-" "Mozilla/5.0 (Macintosh; Intel Mac OS X 10_12_3) AppleWebKit/537.36 (KHTML, like Gecko) Chrome/56.0.2924.87 Safari/537.36"
94.72.101.21 - - [02/Nov/2024:19:57:36 +0000] "GET /api/keys/private.key/src/keys.pem HTTP/1.1" 404 564 "-" "Mozilla/5.0 (Macintosh; Intel Mac OS X 10_12_3) AppleWebKit/537.36 (KHTML, like Gecko) Chrome/56.0.2924.87 Safari/537.36"
94.72.101.21 - - [02/Nov/2024:19:57:36 +0000] "GET /api/keys/private.key/src/settings.ini HTTP/1.1" 404 564 "-" "Mozilla/5.0 (Macintosh; Intel Mac OS X 10_12_3) AppleWebKit/537.36 (KHTML, like Gecko) Chrome/56.0.2924.87 Safari/537.36"
94.72.101.21 - - [02/Nov/2024:19:57:36 +0000] "GET /api/keys/private.key/dist/config.json HTTP/1.1" 404 564 "-" "Mozilla/5.0 (Macintosh; Intel Mac OS X 10_12_3) AppleWebKit/537.36 (KHTML, like Gecko) Chrome/56.0.2924.87 Safari/537.36"
94.72.101.21 - - [02/Nov/2024:19:57:37 +0000] "GET /api/keys/private.key/dist/.env HTTP/1.1" 404 564 "-" "Mozilla/5.0 (Macintosh; Intel Mac OS X 10_12_3) AppleWebKit/537.36 (KHTML, like Gecko) Chrome/56.0.2924.87 Safari/537.36"
94.72.101.21 - - [02/Nov/2024:19:57:37 +0000] "GET /api/keys/private.key/dist/secrets.yaml HTTP/1.1" 404 564 "-" "Mozilla/5.0 (Macintosh; Intel Mac OS X 10_12_3) AppleWebKit/537.36 (KHTML, like Gecko) Chrome/56.0.2924.87 Safari/537.36"
94.72.101.21 - - [02/Nov/2024:19:57:37 +0000] "GET /api/keys/private.key/dist/vars.tf HTTP/1.1" 404 564 "-" "Mozilla/5.0 (Macintosh; Intel Mac OS X 10_12_3) AppleWebKit/537.36 (KHTML, like Gecko) Chrome/56.0.2924.87 Safari/537.36"
94.72.101.21 - - [02/Nov/2024:19:57:37 +0000] "GET /api/keys/private.key/dist/credentials HTTP/1.1" 404 564 "-" "Mozilla/5.0 (Macintosh; Intel Mac OS X 10_12_3) AppleWebKit/537.36 (KHTML, like Gecko) Chrome/56.0.2924.87 Safari/537.36"
94.72.101.21 - - [02/Nov/2024:19:57:38 +0000] "GET /api/keys/private.key/dist/secrets.json HTTP/1.1" 404 564 "-" "Mozilla/5.0 (Macintosh; Intel Mac OS X 10_12_3) AppleWebKit/537.36 (KHTML, like Gecko) Chrome/56.0.2924.87 Safari/537.36"
94.72.101.21 - - [02/Nov/2024:19:57:38 +0000] "GET /api/keys/private.key/dist/keys.pem HTTP/1.1" 404 564 "-" "Mozilla/5.0 (Macintosh; Intel Mac OS X 10_12_3) AppleWebKit/537.36 (KHTML, like Gecko) Chrome/56.0.2924.87 Safari/537.36"
94.72.101.21 - - [02/Nov/2024:19:57:38 +0000] "GET /api/keys/private.key/dist/settings.ini HTTP/1.1" 404 564 "-" "Mozilla/5.0 (Macintosh; Intel Mac OS X 10_12_3) AppleWebKit/537.36 (KHTML, like Gecko) Chrome/56.0.2924.87 Safari/537.36"
94.72.101.21 - - [02/Nov/2024:19:57:38 +0000] "GET /api/keys/private.key/config/config.json HTTP/1.1" 404 564 "-" "Mozilla/5.0 (Macintosh; Intel Mac OS X 10_12_3) AppleWebKit/537.36 (KHTML, like Gecko) Chrome/56.0.2924.87 Safari/537.36"
94.72.101.21 - - [02/Nov/2024:19:57:38 +0000] "GET /api/keys/private.key/config/.env HTTP/1.1" 404 564 "-" "Mozilla/5.0 (Macintosh; Intel Mac OS X 10_12_3) AppleWebKit/537.36 (KHTML, like Gecko) Chrome/56.0.2924.87 Safari/537.36"
94.72.101.21 - - [02/Nov/2024:19:57:38 +0000] "GET /api/keys/private.key/config/secrets.yaml HTTP/1.1" 404 564 "-" "Mozilla/5.0 (Macintosh; Intel Mac OS X 10_12_3) AppleWebKit/537.36 (KHTML, like Gecko) Chrome/56.0.2924.87 Safari/537.36"
94.72.101.21 - - [02/Nov/2024:19:57:39 +0000] "GET /api/keys/private.key/config/vars.tf HTTP/1.1" 404 564 "-" "Mozilla/5.0 (Macintosh; Intel Mac OS X 10_12_3) AppleWebKit/537.36 (KHTML, like Gecko) Chrome/56.0.2924.87 Safari/537.36"
94.72.101.21 - - [02/Nov/2024:19:57:40 +0000] "GET /api/keys/private.key/config/credentials HTTP/1.1" 404 564 "-" "Mozilla/5.0 (Macintosh; Intel Mac OS X 10_12_3) AppleWebKit/537.36 (KHTML, like Gecko) Chrome/56.0.2924.87 Safari/537.36"
94.72.101.21 - - [02/Nov/2024:19:57:40 +0000] "GET /api/keys/private.key/config/secrets.json HTTP/1.1" 404 564 "-" "Mozilla/5.0 (Macintosh; Intel Mac OS X 10_12_3) AppleWebKit/537.36 (KHTML, like Gecko) Chrome/56.0.2924.87 Safari/537.36"
94.72.101.21 - - [02/Nov/2024:19:57:41 +0000] "GET /api/keys/private.key/config/keys.pem HTTP/1.1" 404 564 "-" "Mozilla/5.0 (Macintosh; Intel Mac OS X 10_12_3) AppleWebKit/537.36 (KHTML, like Gecko) Chrome/56.0.2924.87 Safari/537.36"
94.72.101.21 - - [02/Nov/2024:19:57:41 +0000] "GET /api/keys/private.key/config/settings.ini HTTP/1.1" 404 564 "-" "Mozilla/5.0 (Macintosh; Intel Mac OS X 10_12_3) AppleWebKit/537.36 (KHTML, like Gecko) Chrome/56.0.2924.87 Safari/537.36"
94.72.101.21 - - [02/Nov/2024:19:57:41 +0000] "GET /api/keys/private.key/backups/config.json HTTP/1.1" 404 564 "-" "Mozilla/5.0 (Macintosh; Intel Mac OS X 10_12_3) AppleWebKit/537.36 (KHTML, like Gecko) Chrome/56.0.2924.87 Safari/537.36"
94.72.101.21 - - [02/Nov/2024:19:57:41 +0000] "GET /api/keys/private.key/backups/.env HTTP/1.1" 404 564 "-" "Mozilla/5.0 (Macintosh; Intel Mac OS X 10_12_3) AppleWebKit/537.36 (KHTML, like Gecko) Chrome/56.0.2924.87 Safari/537.36"
94.72.101.21 - - [02/Nov/2024:19:57:41 +0000] "GET /api/keys/private.key/backups/secrets.yaml HTTP/1.1" 404 564 "-" "Mozilla/5.0 (Macintosh; Intel Mac OS X 10_12_3) AppleWebKit/537.36 (KHTML, like Gecko) Chrome/56.0.2924.87 Safari/537.36"
94.72.101.21 - - [02/Nov/2024:19:57:42 +0000] "GET /api/keys/private.key/backups/vars.tf HTTP/1.1" 404 564 "-" "Mozilla/5.0 (Macintosh; Intel Mac OS X 10_12_3) AppleWebKit/537.36 (KHTML, like Gecko) Chrome/56.0.2924.87 Safari/537.36"
94.72.101.21 - - [02/Nov/2024:19:57:42 +0000] "GET /api/keys/private.key/backups/credentials HTTP/1.1" 404 564 "-" "Mozilla/5.0 (Macintosh; Intel Mac OS X 10_12_3) AppleWebKit/537.36 (KHTML, like Gecko) Chrome/56.0.2924.87 Safari/537.36"
94.72.101.21 - - [02/Nov/2024:19:57:42 +0000] "GET /api/keys/private.key/backups/secrets.json HTTP/1.1" 404 564 "-" "Mozilla/5.0 (Macintosh; Intel Mac OS X 10_12_3) AppleWebKit/537.36 (KHTML, like Gecko) Chrome/56.0.2924.87 Safari/537.36"
94.72.101.21 - - [02/Nov/2024:19:57:42 +0000] "GET /api/keys/private.key/backups/keys.pem HTTP/1.1" 404 564 "-" "Mozilla/5.0 (Macintosh; Intel Mac OS X 10_12_3) AppleWebKit/537.36 (KHTML, like Gecko) Chrome/56.0.2924.87 Safari/537.36"
94.72.101.21 - - [02/Nov/2024:19:57:42 +0000] "GET /api/keys/private.key/backups/settings.ini HTTP/1.1" 404 564 "-" "Mozilla/5.0 (Macintosh; Intel Mac OS X 10_12_3) AppleWebKit/537.36 (KHTML, like Gecko) Chrome/56.0.2924.87 Safari/537.36"
94.72.101.21 - - [02/Nov/2024:19:57:42 +0000] "GET /api/keys/private.key/data/config.json HTTP/1.1" 404 564 "-" "Mozilla/5.0 (Macintosh; Intel Mac OS X 10_12_3) AppleWebKit/537.36 (KHTML, like Gecko) Chrome/56.0.2924.87 Safari/537.36"
94.72.101.21 - - [02/Nov/2024:19:57:43 +0000] "GET /api/keys/private.key/data/.env HTTP/1.1" 404 564 "-" "Mozilla/5.0 (Macintosh; Intel Mac OS X 10_12_3) AppleWebKit/537.36 (KHTML, like Gecko) Chrome/56.0.2924.87 Safari/537.36"
94.72.101.21 - - [02/Nov/2024:19:57:43 +0000] "GET /api/keys/private.key/data/secrets.yaml HTTP/1.1" 404 564 "-" "Mozilla/5.0 (Macintosh; Intel Mac OS X 10_12_3) AppleWebKit/537.36 (KHTML, like Gecko) Chrome/56.0.2924.87 Safari/537.36"
94.72.101.21 - - [02/Nov/2024:19:57:43 +0000] "GET /api/keys/private.key/data/vars.tf HTTP/1.1" 404 564 "-" "Mozilla/5.0 (Macintosh; Intel Mac OS X 10_12_3) AppleWebKit/537.36 (KHTML, like Gecko) Chrome/56.0.2924.87 Safari/537.36"
94.72.101.21 - - [02/Nov/2024:19:57:43 +0000] "GET /api/keys/private.key/data/credentials HTTP/1.1" 404 564 "-" "Mozilla/5.0 (Macintosh; Intel Mac OS X 10_12_3) AppleWebKit/537.36 (KHTML, like Gecko) Chrome/56.0.2924.87 Safari/537.36"
94.72.101.21 - - [02/Nov/2024:19:57:44 +0000] "GET /api/keys/private.key/data/secrets.json HTTP/1.1" 404 564 "-" "Mozilla/5.0 (Macintosh; Intel Mac OS X 10_12_3) AppleWebKit/537.36 (KHTML, like Gecko) Chrome/56.0.2924.87 Safari/537.36"
94.72.101.21 - - [02/Nov/2024:19:57:44 +0000] "GET /api/keys/private.key/data/keys.pem HTTP/1.1" 404 564 "-" "Mozilla/5.0 (Macintosh; Intel Mac OS X 10_12_3) AppleWebKit/537.36 (KHTML, like Gecko) Chrome/56.0.2924.87 Safari/537.36"
94.72.101.21 - - [02/Nov/2024:19:57:44 +0000] "GET /api/keys/private.key/data/settings.ini HTTP/1.1" 404 564 "-" "Mozilla/5.0 (Macintosh; Intel Mac OS X 10_12_3) AppleWebKit/537.36 (KHTML, like Gecko) Chrome/56.0.2924.87 Safari/537.36"
94.72.101.21 - - [02/Nov/2024:19:57:45 +0000] "GET /api/config.json/v1/config.json HTTP/1.1" 404 564 "-" "Mozilla/5.0 (Macintosh; Intel Mac OS X 10_12_3) AppleWebKit/537.36 (KHTML, like Gecko) Chrome/56.0.2924.87 Safari/537.36"
94.72.101.21 - - [02/Nov/2024:19:57:45 +0000] "GET /api/config.json/v1/.env HTTP/1.1" 404 564 "-" "Mozilla/5.0 (Macintosh; Intel Mac OS X 10_12_3) AppleWebKit/537.36 (KHTML, like Gecko) Chrome/56.0.2924.87 Safari/537.36"
94.72.101.21 - - [02/Nov/2024:19:57:46 +0000] "GET /api/config.json/v1/secrets.yaml HTTP/1.1" 404 564 "-" "Mozilla/5.0 (Macintosh; Intel Mac OS X 10_12_3) AppleWebKit/537.36 (KHTML, like Gecko) Chrome/56.0.2924.87 Safari/537.36"
94.72.101.21 - - [02/Nov/2024:19:57:47 +0000] "GET /api/config.json/v1/vars.tf HTTP/1.1" 404 564 "-" "Mozilla/5.0 (Macintosh; Intel Mac OS X 10_12_3) AppleWebKit/537.36 (KHTML, like Gecko) Chrome/56.0.2924.87 Safari/537.36"
94.72.101.21 - - [02/Nov/2024:19:57:47 +0000] "GET /api/config.json/v1/credentials HTTP/1.1" 404 564 "-" "Mozilla/5.0 (Macintosh; Intel Mac OS X 10_12_3) AppleWebKit/537.36 (KHTML, like Gecko) Chrome/56.0.2924.87 Safari/537.36"
94.72.101.21 - - [02/Nov/2024:19:57:50 +0000] "GET /api/config.json/v1/secrets.json HTTP/1.1" 404 564 "-" "Mozilla/5.0 (Macintosh; Intel Mac OS X 10_12_3) AppleWebKit/537.36 (KHTML, like Gecko) Chrome/56.0.2924.87 Safari/537.36"
94.72.101.21 - - [02/Nov/2024:19:57:50 +0000] "GET /api/config.json/v1/keys.pem HTTP/1.1" 404 564 "-" "Mozilla/5.0 (Macintosh; Intel Mac OS X 10_12_3) AppleWebKit/537.36 (KHTML, like Gecko) Chrome/56.0.2924.87 Safari/537.36"
94.72.101.21 - - [02/Nov/2024:19:57:51 +0000] "GET /api/config.json/v1/settings.ini HTTP/1.1" 404 564 "-" "Mozilla/5.0 (Macintosh; Intel Mac OS X 10_12_3) AppleWebKit/537.36 (KHTML, like Gecko) Chrome/56.0.2924.87 Safari/537.36"
94.72.101.21 - - [02/Nov/2024:19:57:51 +0000] "GET /api/config.json/v2/config.json HTTP/1.1" 404 564 "-" "Mozilla/5.0 (Macintosh; Intel Mac OS X 10_12_3) AppleWebKit/537.36 (KHTML, like Gecko) Chrome/56.0.2924.87 Safari/537.36"
94.72.101.21 - - [02/Nov/2024:19:57:51 +0000] "GET /api/config.json/v2/.env HTTP/1.1" 404 564 "-" "Mozilla/5.0 (Macintosh; Intel Mac OS X 10_12_3) AppleWebKit/537.36 (KHTML, like Gecko) Chrome/56.0.2924.87 Safari/537.36"
94.72.101.21 - - [02/Nov/2024:19:57:52 +0000] "GET /api/config.json/v2/secrets.yaml HTTP/1.1" 404 564 "-" "Mozilla/5.0 (Macintosh; Intel Mac OS X 10_12_3) AppleWebKit/537.36 (KHTML, like Gecko) Chrome/56.0.2924.87 Safari/537.36"
94.72.101.21 - - [02/Nov/2024:19:57:52 +0000] "GET /api/config.json/v2/vars.tf HTTP/1.1" 404 564 "-" "Mozilla/5.0 (Macintosh; Intel Mac OS X 10_12_3) AppleWebKit/537.36 (KHTML, like Gecko) Chrome/56.0.2924.87 Safari/537.36"
94.72.101.21 - - [02/Nov/2024:19:57:52 +0000] "GET /api/config.json/v2/credentials HTTP/1.1" 404 564 "-" "Mozilla/5.0 (Macintosh; Intel Mac OS X 10_12_3) AppleWebKit/537.36 (KHTML, like Gecko) Chrome/56.0.2924.87 Safari/537.36"
94.72.101.21 - - [02/Nov/2024:19:57:52 +0000] "GET /api/config.json/v2/secrets.json HTTP/1.1" 404 564 "-" "Mozilla/5.0 (Macintosh; Intel Mac OS X 10_12_3) AppleWebKit/537.36 (KHTML, like Gecko) Chrome/56.0.2924.87 Safari/537.36"
94.72.101.21 - - [02/Nov/2024:19:57:52 +0000] "GET /api/config.json/v2/keys.pem HTTP/1.1" 404 564 "-" "Mozilla/5.0 (Macintosh; Intel Mac OS X 10_12_3) AppleWebKit/537.36 (KHTML, like Gecko) Chrome/56.0.2924.87 Safari/537.36"
94.72.101.21 - - [02/Nov/2024:19:57:53 +0000] "GET /api/config.json/v2/settings.ini HTTP/1.1" 404 564 "-" "Mozilla/5.0 (Macintosh; Intel Mac OS X 10_12_3) AppleWebKit/537.36 (KHTML, like Gecko) Chrome/56.0.2924.87 Safari/537.36"
94.72.101.21 - - [02/Nov/2024:19:57:53 +0000] "GET /api/config.json/dev/config.json HTTP/1.1" 404 564 "-" "Mozilla/5.0 (Macintosh; Intel Mac OS X 10_12_3) AppleWebKit/537.36 (KHTML, like Gecko) Chrome/56.0.2924.87 Safari/537.36"
94.72.101.21 - - [02/Nov/2024:19:57:53 +0000] "GET /api/config.json/dev/.env HTTP/1.1" 404 564 "-" "Mozilla/5.0 (Macintosh; Intel Mac OS X 10_12_3) AppleWebKit/537.36 (KHTML, like Gecko) Chrome/56.0.2924.87 Safari/537.36"
94.72.101.21 - - [02/Nov/2024:19:57:53 +0000] "GET /api/config.json/dev/secrets.yaml HTTP/1.1" 404 564 "-" "Mozilla/5.0 (Macintosh; Intel Mac OS X 10_12_3) AppleWebKit/537.36 (KHTML, like Gecko) Chrome/56.0.2924.87 Safari/537.36"
94.72.101.21 - - [02/Nov/2024:19:57:53 +0000] "GET /api/config.json/dev/vars.tf HTTP/1.1" 404 564 "-" "Mozilla/5.0 (Macintosh; Intel Mac OS X 10_12_3) AppleWebKit/537.36 (KHTML, like Gecko) Chrome/56.0.2924.87 Safari/537.36"
94.72.101.21 - - [02/Nov/2024:19:57:53 +0000] "GET /api/config.json/dev/credentials HTTP/1.1" 404 564 "-" "Mozilla/5.0 (Macintosh; Intel Mac OS X 10_12_3) AppleWebKit/537.36 (KHTML, like Gecko) Chrome/56.0.2924.87 Safari/537.36"
94.72.101.21 - - [02/Nov/2024:19:57:54 +0000] "GET /api/config.json/dev/secrets.json HTTP/1.1" 404 564 "-" "Mozilla/5.0 (Macintosh; Intel Mac OS X 10_12_3) AppleWebKit/537.36 (KHTML, like Gecko) Chrome/56.0.2924.87 Safari/537.36"
94.72.101.21 - - [02/Nov/2024:19:57:54 +0000] "GET /api/config.json/dev/keys.pem HTTP/1.1" 404 564 "-" "Mozilla/5.0 (Macintosh; Intel Mac OS X 10_12_3) AppleWebKit/537.36 (KHTML, like Gecko) Chrome/56.0.2924.87 Safari/537.36"
94.72.101.21 - - [02/Nov/2024:19:57:54 +0000] "GET /api/config.json/dev/settings.ini HTTP/1.1" 404 564 "-" "Mozilla/5.0 (Macintosh; Intel Mac OS X 10_12_3) AppleWebKit/537.36 (KHTML, like Gecko) Chrome/56.0.2924.87 Safari/537.36"
94.72.101.21 - - [02/Nov/2024:19:57:54 +0000] "GET /api/config.json/prod/config.json HTTP/1.1" 404 564 "-" "Mozilla/5.0 (Macintosh; Intel Mac OS X 10_12_3) AppleWebKit/537.36 (KHTML, like Gecko) Chrome/56.0.2924.87 Safari/537.36"
94.72.101.21 - - [02/Nov/2024:19:57:56 +0000] "GET /api/config.json/prod/.env HTTP/1.1" 404 564 "-" "Mozilla/5.0 (Macintosh; Intel Mac OS X 10_12_3) AppleWebKit/537.36 (KHTML, like Gecko) Chrome/56.0.2924.87 Safari/537.36"
94.72.101.21 - - [02/Nov/2024:19:57:56 +0000] "GET /api/config.json/prod/secrets.yaml HTTP/1.1" 404 564 "-" "Mozilla/5.0 (Macintosh; Intel Mac OS X 10_12_3) AppleWebKit/537.36 (KHTML, like Gecko) Chrome/56.0.2924.87 Safari/537.36"
94.72.101.21 - - [02/Nov/2024:19:57:57 +0000] "GET /api/config.json/prod/vars.tf HTTP/1.1" 404 564 "-" "Mozilla/5.0 (Macintosh; Intel Mac OS X 10_12_3) AppleWebKit/537.36 (KHTML, like Gecko) Chrome/56.0.2924.87 Safari/537.36"
94.72.101.21 - - [02/Nov/2024:19:57:57 +0000] "GET /api/config.json/prod/credentials HTTP/1.1" 404 564 "-" "Mozilla/5.0 (Macintosh; Intel Mac OS X 10_12_3) AppleWebKit/537.36 (KHTML, like Gecko) Chrome/56.0.2924.87 Safari/537.36"
94.72.101.21 - - [02/Nov/2024:19:57:57 +0000] "GET /api/config.json/prod/secrets.json HTTP/1.1" 404 564 "-" "Mozilla/5.0 (Macintosh; Intel Mac OS X 10_12_3) AppleWebKit/537.36 (KHTML, like Gecko) Chrome/56.0.2924.87 Safari/537.36"
94.72.101.21 - - [02/Nov/2024:19:57:57 +0000] "GET /api/config.json/prod/keys.pem HTTP/1.1" 404 564 "-" "Mozilla/5.0 (Macintosh; Intel Mac OS X 10_12_3) AppleWebKit/537.36 (KHTML, like Gecko) Chrome/56.0.2924.87 Safari/537.36"
94.72.101.21 - - [02/Nov/2024:19:57:57 +0000] "GET /api/config.json/prod/settings.ini HTTP/1.1" 404 564 "-" "Mozilla/5.0 (Macintosh; Intel Mac OS X 10_12_3) AppleWebKit/537.36 (KHTML, like Gecko) Chrome/56.0.2924.87 Safari/537.36"
94.72.101.21 - - [02/Nov/2024:19:57:57 +0000] "GET /api/config.json/staging/config.json HTTP/1.1" 404 564 "-" "Mozilla/5.0 (Macintosh; Intel Mac OS X 10_12_3) AppleWebKit/537.36 (KHTML, like Gecko) Chrome/56.0.2924.87 Safari/537.36"
94.72.101.21 - - [02/Nov/2024:19:57:58 +0000] "GET /api/config.json/staging/.env HTTP/1.1" 404 564 "-" "Mozilla/5.0 (Macintosh; Intel Mac OS X 10_12_3) AppleWebKit/537.36 (KHTML, like Gecko) Chrome/56.0.2924.87 Safari/537.36"
94.72.101.21 - - [02/Nov/2024:19:57:58 +0000] "GET /api/config.json/staging/secrets.yaml HTTP/1.1" 404 564 "-" "Mozilla/5.0 (Macintosh; Intel Mac OS X 10_12_3) AppleWebKit/537.36 (KHTML, like Gecko) Chrome/56.0.2924.87 Safari/537.36"
94.72.101.21 - - [02/Nov/2024:19:57:58 +0000] "GET /api/config.json/staging/vars.tf HTTP/1.1" 404 564 "-" "Mozilla/5.0 (Macintosh; Intel Mac OS X 10_12_3) AppleWebKit/537.36 (KHTML, like Gecko) Chrome/56.0.2924.87 Safari/537.36"
94.72.101.21 - - [02/Nov/2024:19:57:58 +0000] "GET /api/config.json/staging/credentials HTTP/1.1" 404 564 "-" "Mozilla/5.0 (Macintosh; Intel Mac OS X 10_12_3) AppleWebKit/537.36 (KHTML, like Gecko) Chrome/56.0.2924.87 Safari/537.36"
94.72.101.21 - - [02/Nov/2024:19:57:59 +0000] "GET /api/config.json/staging/secrets.json HTTP/1.1" 404 564 "-" "Mozilla/5.0 (Macintosh; Intel Mac OS X 10_12_3) AppleWebKit/537.36 (KHTML, like Gecko) Chrome/56.0.2924.87 Safari/537.36"
94.72.101.21 - - [02/Nov/2024:19:57:59 +0000] "GET /api/config.json/staging/keys.pem HTTP/1.1" 404 564 "-" "Mozilla/5.0 (Macintosh; Intel Mac OS X 10_12_3) AppleWebKit/537.36 (KHTML, like Gecko) Chrome/56.0.2924.87 Safari/537.36"
94.72.101.21 - - [02/Nov/2024:19:57:59 +0000] "GET /api/config.json/staging/settings.ini HTTP/1.1" 404 564 "-" "Mozilla/5.0 (Macintosh; Intel Mac OS X 10_12_3) AppleWebKit/537.36 (KHTML, like Gecko) Chrome/56.0.2924.87 Safari/537.36"
94.72.101.21 - - [02/Nov/2024:19:57:59 +0000] "GET /api/config.json/src/config.json HTTP/1.1" 404 564 "-" "Mozilla/5.0 (Macintosh; Intel Mac OS X 10_12_3) AppleWebKit/537.36 (KHTML, like Gecko) Chrome/56.0.2924.87 Safari/537.36"
94.72.101.21 - - [02/Nov/2024:19:57:59 +0000] "GET /api/config.json/src/.env HTTP/1.1" 404 564 "-" "Mozilla/5.0 (Macintosh; Intel Mac OS X 10_12_3) AppleWebKit/537.36 (KHTML, like Gecko) Chrome/56.0.2924.87 Safari/537.36"
94.72.101.21 - - [02/Nov/2024:19:58:00 +0000] "GET /api/config.json/src/secrets.yaml HTTP/1.1" 404 564 "-" "Mozilla/5.0 (Macintosh; Intel Mac OS X 10_12_3) AppleWebKit/537.36 (KHTML, like Gecko) Chrome/56.0.2924.87 Safari/537.36"
94.72.101.21 - - [02/Nov/2024:19:58:00 +0000] "GET /api/config.json/src/vars.tf HTTP/1.1" 404 564 "-" "Mozilla/5.0 (Macintosh; Intel Mac OS X 10_12_3) AppleWebKit/537.36 (KHTML, like Gecko) Chrome/56.0.2924.87 Safari/537.36"
94.72.101.21 - - [02/Nov/2024:19:58:00 +0000] "GET /api/config.json/src/credentials HTTP/1.1" 404 564 "-" "Mozilla/5.0 (Macintosh; Intel Mac OS X 10_12_3) AppleWebKit/537.36 (KHTML, like Gecko) Chrome/56.0.2924.87 Safari/537.36"
94.72.101.21 - - [02/Nov/2024:19:58:00 +0000] "GET /api/config.json/src/secrets.json HTTP/1.1" 404 564 "-" "Mozilla/5.0 (Macintosh; Intel Mac OS X 10_12_3) AppleWebKit/537.36 (KHTML, like Gecko) Chrome/56.0.2924.87 Safari/537.36"
94.72.101.21 - - [02/Nov/2024:19:58:00 +0000] "GET /api/config.json/src/keys.pem HTTP/1.1" 404 564 "-" "Mozilla/5.0 (Macintosh; Intel Mac OS X 10_12_3) AppleWebKit/537.36 (KHTML, like Gecko) Chrome/56.0.2924.87 Safari/537.36"
94.72.101.21 - - [02/Nov/2024:19:58:00 +0000] "GET /api/config.json/src/settings.ini HTTP/1.1" 404 564 "-" "Mozilla/5.0 (Macintosh; Intel Mac OS X 10_12_3) AppleWebKit/537.36 (KHTML, like Gecko) Chrome/56.0.2924.87 Safari/537.36"
94.72.101.21 - - [02/Nov/2024:19:58:01 +0000] "GET /api/config.json/dist/config.json HTTP/1.1" 404 564 "-" "Mozilla/5.0 (Macintosh; Intel Mac OS X 10_12_3) AppleWebKit/537.36 (KHTML, like Gecko) Chrome/56.0.2924.87 Safari/537.36"
94.72.101.21 - - [02/Nov/2024:19:58:01 +0000] "GET /api/config.json/dist/.env HTTP/1.1" 404 564 "-" "Mozilla/5.0 (Macintosh; Intel Mac OS X 10_12_3) AppleWebKit/537.36 (KHTML, like Gecko) Chrome/56.0.2924.87 Safari/537.36"
94.72.101.21 - - [02/Nov/2024:19:58:01 +0000] "GET /api/config.json/dist/secrets.yaml HTTP/1.1" 404 564 "-" "Mozilla/5.0 (Macintosh; Intel Mac OS X 10_12_3) AppleWebKit/537.36 (KHTML, like Gecko) Chrome/56.0.2924.87 Safari/537.36"
94.72.101.21 - - [02/Nov/2024:19:58:01 +0000] "GET /api/config.json/dist/vars.tf HTTP/1.1" 404 564 "-" "Mozilla/5.0 (Macintosh; Intel Mac OS X 10_12_3) AppleWebKit/537.36 (KHTML, like Gecko) Chrome/56.0.2924.87 Safari/537.36"
94.72.101.21 - - [02/Nov/2024:19:58:01 +0000] "GET /api/config.json/dist/credentials HTTP/1.1" 404 564 "-" "Mozilla/5.0 (Macintosh; Intel Mac OS X 10_12_3) AppleWebKit/537.36 (KHTML, like Gecko) Chrome/56.0.2924.87 Safari/537.36"
94.72.101.21 - - [02/Nov/2024:19:58:02 +0000] "GET /api/config.json/dist/secrets.json HTTP/1.1" 404 564 "-" "Mozilla/5.0 (Macintosh; Intel Mac OS X 10_12_3) AppleWebKit/537.36 (KHTML, like Gecko) Chrome/56.0.2924.87 Safari/537.36"
94.72.101.21 - - [02/Nov/2024:19:58:02 +0000] "GET /api/config.json/dist/keys.pem HTTP/1.1" 404 564 "-" "Mozilla/5.0 (Macintosh; Intel Mac OS X 10_12_3) AppleWebKit/537.36 (KHTML, like Gecko) Chrome/56.0.2924.87 Safari/537.36"
94.72.101.21 - - [02/Nov/2024:19:58:02 +0000] "GET /api/config.json/dist/settings.ini HTTP/1.1" 404 564 "-" "Mozilla/5.0 (Macintosh; Intel Mac OS X 10_12_3) AppleWebKit/537.36 (KHTML, like Gecko) Chrome/56.0.2924.87 Safari/537.36"
94.72.101.21 - - [02/Nov/2024:19:58:02 +0000] "GET /api/config.json/config/config.json HTTP/1.1" 404 564 "-" "Mozilla/5.0 (Macintosh; Intel Mac OS X 10_12_3) AppleWebKit/537.36 (KHTML, like Gecko) Chrome/56.0.2924.87 Safari/537.36"
94.72.101.21 - - [02/Nov/2024:19:58:02 +0000] "GET /api/config.json/config/.env HTTP/1.1" 404 564 "-" "Mozilla/5.0 (Macintosh; Intel Mac OS X 10_12_3) AppleWebKit/537.36 (KHTML, like Gecko) Chrome/56.0.2924.87 Safari/537.36"
94.72.101.21 - - [02/Nov/2024:19:58:03 +0000] "GET /api/config.json/config/secrets.yaml HTTP/1.1" 404 564 "-" "Mozilla/5.0 (Macintosh; Intel Mac OS X 10_12_3) AppleWebKit/537.36 (KHTML, like Gecko) Chrome/56.0.2924.87 Safari/537.36"
94.72.101.21 - - [02/Nov/2024:19:58:03 +0000] "GET /api/config.json/config/vars.tf HTTP/1.1" 404 564 "-" "Mozilla/5.0 (Macintosh; Intel Mac OS X 10_12_3) AppleWebKit/537.36 (KHTML, like Gecko) Chrome/56.0.2924.87 Safari/537.36"
94.72.101.21 - - [02/Nov/2024:19:58:03 +0000] "GET /api/config.json/config/credentials HTTP/1.1" 404 564 "-" "Mozilla/5.0 (Macintosh; Intel Mac OS X 10_12_3) AppleWebKit/537.36 (KHTML, like Gecko) Chrome/56.0.2924.87 Safari/537.36"
94.72.101.21 - - [02/Nov/2024:19:58:04 +0000] "GET /api/config.json/config/secrets.json HTTP/1.1" 404 564 "-" "Mozilla/5.0 (Macintosh; Intel Mac OS X 10_12_3) AppleWebKit/537.36 (KHTML, like Gecko) Chrome/56.0.2924.87 Safari/537.36"
94.72.101.21 - - [02/Nov/2024:19:58:04 +0000] "GET /api/config.json/config/keys.pem HTTP/1.1" 404 564 "-" "Mozilla/5.0 (Macintosh; Intel Mac OS X 10_12_3) AppleWebKit/537.36 (KHTML, like Gecko) Chrome/56.0.2924.87 Safari/537.36"
94.72.101.21 - - [02/Nov/2024:19:58:04 +0000] "GET /api/config.json/config/settings.ini HTTP/1.1" 404 564 "-" "Mozilla/5.0 (Macintosh; Intel Mac OS X 10_12_3) AppleWebKit/537.36 (KHTML, like Gecko) Chrome/56.0.2924.87 Safari/537.36"
94.72.101.21 - - [02/Nov/2024:19:58:05 +0000] "GET /api/config.json/backups/config.json HTTP/1.1" 404 564 "-" "Mozilla/5.0 (Macintosh; Intel Mac OS X 10_12_3) AppleWebKit/537.36 (KHTML, like Gecko) Chrome/56.0.2924.87 Safari/537.36"
94.72.101.21 - - [02/Nov/2024:19:58:05 +0000] "GET /api/config.json/backups/.env HTTP/1.1" 404 564 "-" "Mozilla/5.0 (Macintosh; Intel Mac OS X 10_12_3) AppleWebKit/537.36 (KHTML, like Gecko) Chrome/56.0.2924.87 Safari/537.36"
94.72.101.21 - - [02/Nov/2024:19:58:05 +0000] "GET /api/config.json/backups/secrets.yaml HTTP/1.1" 404 564 "-" "Mozilla/5.0 (Macintosh; Intel Mac OS X 10_12_3) AppleWebKit/537.36 (KHTML, like Gecko) Chrome/56.0.2924.87 Safari/537.36"
94.72.101.21 - - [02/Nov/2024:19:58:05 +0000] "GET /api/config.json/backups/vars.tf HTTP/1.1" 404 564 "-" "Mozilla/5.0 (Macintosh; Intel Mac OS X 10_12_3) AppleWebKit/537.36 (KHTML, like Gecko) Chrome/56.0.2924.87 Safari/537.36"
94.72.101.21 - - [02/Nov/2024:19:58:06 +0000] "GET /api/config.json/backups/credentials HTTP/1.1" 404 564 "-" "Mozilla/5.0 (Macintosh; Intel Mac OS X 10_12_3) AppleWebKit/537.36 (KHTML, like Gecko) Chrome/56.0.2924.87 Safari/537.36"
94.72.101.21 - - [02/Nov/2024:19:58:06 +0000] "GET /api/config.json/backups/secrets.json HTTP/1.1" 404 564 "-" "Mozilla/5.0 (Macintosh; Intel Mac OS X 10_12_3) AppleWebKit/537.36 (KHTML, like Gecko) Chrome/56.0.2924.87 Safari/537.36"
94.72.101.21 - - [02/Nov/2024:19:58:06 +0000] "GET /api/config.json/backups/keys.pem HTTP/1.1" 404 564 "-" "Mozilla/5.0 (Macintosh; Intel Mac OS X 10_12_3) AppleWebKit/537.36 (KHTML, like Gecko) Chrome/56.0.2924.87 Safari/537.36"
94.72.101.21 - - [02/Nov/2024:19:58:06 +0000] "GET /api/config.json/backups/settings.ini HTTP/1.1" 404 564 "-" "Mozilla/5.0 (Macintosh; Intel Mac OS X 10_12_3) AppleWebKit/537.36 (KHTML, like Gecko) Chrome/56.0.2924.87 Safari/537.36"
94.72.101.21 - - [02/Nov/2024:19:58:06 +0000] "GET /api/config.json/data/config.json HTTP/1.1" 404 564 "-" "Mozilla/5.0 (Macintosh; Intel Mac OS X 10_12_3) AppleWebKit/537.36 (KHTML, like Gecko) Chrome/56.0.2924.87 Safari/537.36"
94.72.101.21 - - [02/Nov/2024:19:58:07 +0000] "GET /api/config.json/data/.env HTTP/1.1" 404 564 "-" "Mozilla/5.0 (Macintosh; Intel Mac OS X 10_12_3) AppleWebKit/537.36 (KHTML, like Gecko) Chrome/56.0.2924.87 Safari/537.36"
94.72.101.21 - - [02/Nov/2024:19:58:07 +0000] "GET /api/config.json/data/secrets.yaml HTTP/1.1" 404 564 "-" "Mozilla/5.0 (Macintosh; Intel Mac OS X 10_12_3) AppleWebKit/537.36 (KHTML, like Gecko) Chrome/56.0.2924.87 Safari/537.36"
94.72.101.21 - - [02/Nov/2024:19:58:08 +0000] "GET /api/config.json/data/vars.tf HTTP/1.1" 404 564 "-" "Mozilla/5.0 (Macintosh; Intel Mac OS X 10_12_3) AppleWebKit/537.36 (KHTML, like Gecko) Chrome/56.0.2924.87 Safari/537.36"
94.72.101.21 - - [02/Nov/2024:19:58:08 +0000] "GET /api/config.json/data/credentials HTTP/1.1" 404 564 "-" "Mozilla/5.0 (Macintosh; Intel Mac OS X 10_12_3) AppleWebKit/537.36 (KHTML, like Gecko) Chrome/56.0.2924.87 Safari/537.36"
94.72.101.21 - - [02/Nov/2024:19:58:08 +0000] "GET /api/config.json/data/secrets.json HTTP/1.1" 404 564 "-" "Mozilla/5.0 (Macintosh; Intel Mac OS X 10_12_3) AppleWebKit/537.36 (KHTML, like Gecko) Chrome/56.0.2924.87 Safari/537.36"
94.72.101.21 - - [02/Nov/2024:19:58:08 +0000] "GET /api/config.json/data/keys.pem HTTP/1.1" 404 564 "-" "Mozilla/5.0 (Macintosh; Intel Mac OS X 10_12_3) AppleWebKit/537.36 (KHTML, like Gecko) Chrome/56.0.2924.87 Safari/537.36"
94.72.101.21 - - [02/Nov/2024:19:58:09 +0000] "GET /api/config.json/data/settings.ini HTTP/1.1" 404 564 "-" "Mozilla/5.0 (Macintosh; Intel Mac OS X 10_12_3) AppleWebKit/537.36 (KHTML, like Gecko) Chrome/56.0.2924.87 Safari/537.36"
94.72.101.21 - - [02/Nov/2024:19:58:09 +0000] "GET /integrations/api_keys/secrets.yaml/v1/config.json HTTP/1.1" 404 564 "-" "Mozilla/5.0 (Macintosh; Intel Mac OS X 10_12_3) AppleWebKit/537.36 (KHTML, like Gecko) Chrome/56.0.2924.87 Safari/537.36"
94.72.101.21 - - [02/Nov/2024:19:58:10 +0000] "GET /integrations/api_keys/secrets.yaml/v1/.env HTTP/1.1" 404 564 "-" "Mozilla/5.0 (Macintosh; Intel Mac OS X 10_12_3) AppleWebKit/537.36 (KHTML, like Gecko) Chrome/56.0.2924.87 Safari/537.36"
94.72.101.21 - - [02/Nov/2024:19:58:10 +0000] "GET /integrations/api_keys/secrets.yaml/v1/secrets.yaml HTTP/1.1" 404 564 "-" "Mozilla/5.0 (Macintosh; Intel Mac OS X 10_12_3) AppleWebKit/537.36 (KHTML, like Gecko) Chrome/56.0.2924.87 Safari/537.36"
94.72.101.21 - - [02/Nov/2024:19:58:10 +0000] "GET /integrations/api_keys/secrets.yaml/v1/vars.tf HTTP/1.1" 404 564 "-" "Mozilla/5.0 (Macintosh; Intel Mac OS X 10_12_3) AppleWebKit/537.36 (KHTML, like Gecko) Chrome/56.0.2924.87 Safari/537.36"
94.72.101.21 - - [02/Nov/2024:19:58:10 +0000] "GET /integrations/api_keys/secrets.yaml/v1/credentials HTTP/1.1" 404 564 "-" "Mozilla/5.0 (Macintosh; Intel Mac OS X 10_12_3) AppleWebKit/537.36 (KHTML, like Gecko) Chrome/56.0.2924.87 Safari/537.36"
94.72.101.21 - - [02/Nov/2024:19:58:11 +0000] "GET /integrations/api_keys/secrets.yaml/v1/secrets.json HTTP/1.1" 404 564 "-" "Mozilla/5.0 (Macintosh; Intel Mac OS X 10_12_3) AppleWebKit/537.36 (KHTML, like Gecko) Chrome/56.0.2924.87 Safari/537.36"
94.72.101.21 - - [02/Nov/2024:19:58:11 +0000] "GET /integrations/api_keys/secrets.yaml/v1/keys.pem HTTP/1.1" 404 564 "-" "Mozilla/5.0 (Macintosh; Intel Mac OS X 10_12_3) AppleWebKit/537.36 (KHTML, like Gecko) Chrome/56.0.2924.87 Safari/537.36"
94.72.101.21 - - [02/Nov/2024:19:58:12 +0000] "GET /integrations/api_keys/secrets.yaml/v1/settings.ini HTTP/1.1" 404 564 "-" "Mozilla/5.0 (Macintosh; Intel Mac OS X 10_12_3) AppleWebKit/537.36 (KHTML, like Gecko) Chrome/56.0.2924.87 Safari/537.36"
94.72.101.21 - - [02/Nov/2024:19:58:12 +0000] "GET /integrations/api_keys/secrets.yaml/v2/config.json HTTP/1.1" 404 564 "-" "Mozilla/5.0 (Macintosh; Intel Mac OS X 10_12_3) AppleWebKit/537.36 (KHTML, like Gecko) Chrome/56.0.2924.87 Safari/537.36"
94.72.101.21 - - [02/Nov/2024:19:58:12 +0000] "GET /integrations/api_keys/secrets.yaml/v2/.env HTTP/1.1" 404 564 "-" "Mozilla/5.0 (Macintosh; Intel Mac OS X 10_12_3) AppleWebKit/537.36 (KHTML, like Gecko) Chrome/56.0.2924.87 Safari/537.36"
94.72.101.21 - - [02/Nov/2024:19:58:12 +0000] "GET /integrations/api_keys/secrets.yaml/v2/secrets.yaml HTTP/1.1" 404 564 "-" "Mozilla/5.0 (Macintosh; Intel Mac OS X 10_12_3) AppleWebKit/537.36 (KHTML, like Gecko) Chrome/56.0.2924.87 Safari/537.36"
94.72.101.21 - - [02/Nov/2024:19:58:12 +0000] "GET /integrations/api_keys/secrets.yaml/v2/vars.tf HTTP/1.1" 404 564 "-" "Mozilla/5.0 (Macintosh; Intel Mac OS X 10_12_3) AppleWebKit/537.36 (KHTML, like Gecko) Chrome/56.0.2924.87 Safari/537.36"
94.72.101.21 - - [02/Nov/2024:19:58:13 +0000] "GET /integrations/api_keys/secrets.yaml/v2/credentials HTTP/1.1" 404 564 "-" "Mozilla/5.0 (Macintosh; Intel Mac OS X 10_12_3) AppleWebKit/537.36 (KHTML, like Gecko) Chrome/56.0.2924.87 Safari/537.36"
94.72.101.21 - - [02/Nov/2024:19:58:13 +0000] "GET /integrations/api_keys/secrets.yaml/v2/secrets.json HTTP/1.1" 404 564 "-" "Mozilla/5.0 (Macintosh; Intel Mac OS X 10_12_3) AppleWebKit/537.36 (KHTML, like Gecko) Chrome/56.0.2924.87 Safari/537.36"
94.72.101.21 - - [02/Nov/2024:19:58:13 +0000] "GET /integrations/api_keys/secrets.yaml/v2/keys.pem HTTP/1.1" 404 564 "-" "Mozilla/5.0 (Macintosh; Intel Mac OS X 10_12_3) AppleWebKit/537.36 (KHTML, like Gecko) Chrome/56.0.2924.87 Safari/537.36"
94.72.101.21 - - [02/Nov/2024:19:58:13 +0000] "GET /integrations/api_keys/secrets.yaml/v2/settings.ini HTTP/1.1" 404 564 "-" "Mozilla/5.0 (Macintosh; Intel Mac OS X 10_12_3) AppleWebKit/537.36 (KHTML, like Gecko) Chrome/56.0.2924.87 Safari/537.36"
94.72.101.21 - - [02/Nov/2024:19:58:14 +0000] "GET /integrations/api_keys/secrets.yaml/dev/config.json HTTP/1.1" 404 564 "-" "Mozilla/5.0 (Macintosh; Intel Mac OS X 10_12_3) AppleWebKit/537.36 (KHTML, like Gecko) Chrome/56.0.2924.87 Safari/537.36"
94.72.101.21 - - [02/Nov/2024:19:58:14 +0000] "GET /integrations/api_keys/secrets.yaml/dev/.env HTTP/1.1" 404 564 "-" "Mozilla/5.0 (Macintosh; Intel Mac OS X 10_12_3) AppleWebKit/537.36 (KHTML, like Gecko) Chrome/56.0.2924.87 Safari/537.36"
94.72.101.21 - - [02/Nov/2024:19:58:14 +0000] "GET /integrations/api_keys/secrets.yaml/dev/secrets.yaml HTTP/1.1" 404 564 "-" "Mozilla/5.0 (Macintosh; Intel Mac OS X 10_12_3) AppleWebKit/537.36 (KHTML, like Gecko) Chrome/56.0.2924.87 Safari/537.36"
94.72.101.21 - - [02/Nov/2024:19:58:14 +0000] "GET /integrations/api_keys/secrets.yaml/dev/vars.tf HTTP/1.1" 404 564 "-" "Mozilla/5.0 (Macintosh; Intel Mac OS X 10_12_3) AppleWebKit/537.36 (KHTML, like Gecko) Chrome/56.0.2924.87 Safari/537.36"
94.72.101.21 - - [02/Nov/2024:19:58:15 +0000] "GET /integrations/api_keys/secrets.yaml/dev/credentials HTTP/1.1" 404 564 "-" "Mozilla/5.0 (Macintosh; Intel Mac OS X 10_12_3) AppleWebKit/537.36 (KHTML, like Gecko) Chrome/56.0.2924.87 Safari/537.36"
94.72.101.21 - - [02/Nov/2024:19:58:15 +0000] "GET /integrations/api_keys/secrets.yaml/dev/secrets.json HTTP/1.1" 404 564 "-" "Mozilla/5.0 (Macintosh; Intel Mac OS X 10_12_3) AppleWebKit/537.36 (KHTML, like Gecko) Chrome/56.0.2924.87 Safari/537.36"
94.72.101.21 - - [02/Nov/2024:19:58:15 +0000] "GET /integrations/api_keys/secrets.yaml/dev/keys.pem HTTP/1.1" 404 564 "-" "Mozilla/5.0 (Macintosh; Intel Mac OS X 10_12_3) AppleWebKit/537.36 (KHTML, like Gecko) Chrome/56.0.2924.87 Safari/537.36"
94.72.101.21 - - [02/Nov/2024:19:58:15 +0000] "GET /integrations/api_keys/secrets.yaml/dev/settings.ini HTTP/1.1" 404 564 "-" "Mozilla/5.0 (Macintosh; Intel Mac OS X 10_12_3) AppleWebKit/537.36 (KHTML, like Gecko) Chrome/56.0.2924.87 Safari/537.36"
94.72.101.21 - - [02/Nov/2024:19:58:15 +0000] "GET /integrations/api_keys/secrets.yaml/prod/config.json HTTP/1.1" 404 564 "-" "Mozilla/5.0 (Macintosh; Intel Mac OS X 10_12_3) AppleWebKit/537.36 (KHTML, like Gecko) Chrome/56.0.2924.87 Safari/537.36"
94.72.101.21 - - [02/Nov/2024:19:58:16 +0000] "GET /integrations/api_keys/secrets.yaml/prod/.env HTTP/1.1" 404 564 "-" "Mozilla/5.0 (Macintosh; Intel Mac OS X 10_12_3) AppleWebKit/537.36 (KHTML, like Gecko) Chrome/56.0.2924.87 Safari/537.36"
94.72.101.21 - - [02/Nov/2024:19:58:16 +0000] "GET /integrations/api_keys/secrets.yaml/prod/secrets.yaml HTTP/1.1" 404 564 "-" "Mozilla/5.0 (Macintosh; Intel Mac OS X 10_12_3) AppleWebKit/537.36 (KHTML, like Gecko) Chrome/56.0.2924.87 Safari/537.36"
94.72.101.21 - - [02/Nov/2024:19:58:16 +0000] "GET /integrations/api_keys/secrets.yaml/prod/vars.tf HTTP/1.1" 404 564 "-" "Mozilla/5.0 (Macintosh; Intel Mac OS X 10_12_3) AppleWebKit/537.36 (KHTML, like Gecko) Chrome/56.0.2924.87 Safari/537.36"
94.72.101.21 - - [02/Nov/2024:19:58:16 +0000] "GET /integrations/api_keys/secrets.yaml/prod/credentials HTTP/1.1" 404 564 "-" "Mozilla/5.0 (Macintosh; Intel Mac OS X 10_12_3) AppleWebKit/537.36 (KHTML, like Gecko) Chrome/56.0.2924.87 Safari/537.36"
94.72.101.21 - - [02/Nov/2024:19:58:16 +0000] "GET /integrations/api_keys/secrets.yaml/prod/secrets.json HTTP/1.1" 404 564 "-" "Mozilla/5.0 (Macintosh; Intel Mac OS X 10_12_3) AppleWebKit/537.36 (KHTML, like Gecko) Chrome/56.0.2924.87 Safari/537.36"
94.72.101.21 - - [02/Nov/2024:19:58:17 +0000] "GET /integrations/api_keys/secrets.yaml/prod/keys.pem HTTP/1.1" 404 564 "-" "Mozilla/5.0 (Macintosh; Intel Mac OS X 10_12_3) AppleWebKit/537.36 (KHTML, like Gecko) Chrome/56.0.2924.87 Safari/537.36"
94.72.101.21 - - [02/Nov/2024:19:58:17 +0000] "GET /integrations/api_keys/secrets.yaml/prod/settings.ini HTTP/1.1" 404 564 "-" "Mozilla/5.0 (Macintosh; Intel Mac OS X 10_12_3) AppleWebKit/537.36 (KHTML, like Gecko) Chrome/56.0.2924.87 Safari/537.36"
94.72.101.21 - - [02/Nov/2024:19:58:17 +0000] "GET /integrations/api_keys/secrets.yaml/staging/config.json HTTP/1.1" 404 564 "-" "Mozilla/5.0 (Macintosh; Intel Mac OS X 10_12_3) AppleWebKit/537.36 (KHTML, like Gecko) Chrome/56.0.2924.87 Safari/537.36"
94.72.101.21 - - [02/Nov/2024:19:58:17 +0000] "GET /integrations/api_keys/secrets.yaml/staging/.env HTTP/1.1" 404 564 "-" "Mozilla/5.0 (Macintosh; Intel Mac OS X 10_12_3) AppleWebKit/537.36 (KHTML, like Gecko) Chrome/56.0.2924.87 Safari/537.36"
94.72.101.21 - - [02/Nov/2024:19:58:18 +0000] "GET /integrations/api_keys/secrets.yaml/staging/secrets.yaml HTTP/1.1" 404 564 "-" "Mozilla/5.0 (Macintosh; Intel Mac OS X 10_12_3) AppleWebKit/537.36 (KHTML, like Gecko) Chrome/56.0.2924.87 Safari/537.36"
94.72.101.21 - - [02/Nov/2024:19:58:18 +0000] "GET /integrations/api_keys/secrets.yaml/staging/vars.tf HTTP/1.1" 404 564 "-" "Mozilla/5.0 (Macintosh; Intel Mac OS X 10_12_3) AppleWebKit/537.36 (KHTML, like Gecko) Chrome/56.0.2924.87 Safari/537.36"
94.72.101.21 - - [02/Nov/2024:19:58:18 +0000] "GET /integrations/api_keys/secrets.yaml/staging/credentials HTTP/1.1" 404 564 "-" "Mozilla/5.0 (Macintosh; Intel Mac OS X 10_12_3) AppleWebKit/537.36 (KHTML, like Gecko) Chrome/56.0.2924.87 Safari/537.36"
94.72.101.21 - - [02/Nov/2024:19:58:18 +0000] "GET /integrations/api_keys/secrets.yaml/staging/secrets.json HTTP/1.1" 404 564 "-" "Mozilla/5.0 (Macintosh; Intel Mac OS X 10_12_3) AppleWebKit/537.36 (KHTML, like Gecko) Chrome/56.0.2924.87 Safari/537.36"
94.72.101.21 - - [02/Nov/2024:19:58:18 +0000] "GET /integrations/api_keys/secrets.yaml/staging/keys.pem HTTP/1.1" 404 564 "-" "Mozilla/5.0 (Macintosh; Intel Mac OS X 10_12_3) AppleWebKit/537.36 (KHTML, like Gecko) Chrome/56.0.2924.87 Safari/537.36"
94.72.101.21 - - [02/Nov/2024:19:58:18 +0000] "GET /integrations/api_keys/secrets.yaml/staging/settings.ini HTTP/1.1" 404 564 "-" "Mozilla/5.0 (Macintosh; Intel Mac OS X 10_12_3) AppleWebKit/537.36 (KHTML, like Gecko) Chrome/56.0.2924.87 Safari/537.36"
94.72.101.21 - - [02/Nov/2024:19:58:19 +0000] "GET /integrations/api_keys/secrets.yaml/src/config.json HTTP/1.1" 404 564 "-" "Mozilla/5.0 (Macintosh; Intel Mac OS X 10_12_3) AppleWebKit/537.36 (KHTML, like Gecko) Chrome/56.0.2924.87 Safari/537.36"
94.72.101.21 - - [02/Nov/2024:19:58:19 +0000] "GET /integrations/api_keys/secrets.yaml/src/.env HTTP/1.1" 404 564 "-" "Mozilla/5.0 (Macintosh; Intel Mac OS X 10_12_3) AppleWebKit/537.36 (KHTML, like Gecko) Chrome/56.0.2924.87 Safari/537.36"
94.72.101.21 - - [02/Nov/2024:19:58:19 +0000] "GET /integrations/api_keys/secrets.yaml/src/secrets.yaml HTTP/1.1" 404 564 "-" "Mozilla/5.0 (Macintosh; Intel Mac OS X 10_12_3) AppleWebKit/537.36 (KHTML, like Gecko) Chrome/56.0.2924.87 Safari/537.36"
94.72.101.21 - - [02/Nov/2024:19:58:20 +0000] "GET /integrations/api_keys/secrets.yaml/src/vars.tf HTTP/1.1" 404 564 "-" "Mozilla/5.0 (Macintosh; Intel Mac OS X 10_12_3) AppleWebKit/537.36 (KHTML, like Gecko) Chrome/56.0.2924.87 Safari/537.36"
94.72.101.21 - - [02/Nov/2024:19:58:20 +0000] "GET /integrations/api_keys/secrets.yaml/src/credentials HTTP/1.1" 404 564 "-" "Mozilla/5.0 (Macintosh; Intel Mac OS X 10_12_3) AppleWebKit/537.36 (KHTML, like Gecko) Chrome/56.0.2924.87 Safari/537.36"
94.72.101.21 - - [02/Nov/2024:19:58:20 +0000] "GET /integrations/api_keys/secrets.yaml/src/secrets.json HTTP/1.1" 404 564 "-" "Mozilla/5.0 (Macintosh; Intel Mac OS X 10_12_3) AppleWebKit/537.36 (KHTML, like Gecko) Chrome/56.0.2924.87 Safari/537.36"
94.72.101.21 - - [02/Nov/2024:19:58:20 +0000] "GET /integrations/api_keys/secrets.yaml/src/keys.pem HTTP/1.1" 404 564 "-" "Mozilla/5.0 (Macintosh; Intel Mac OS X 10_12_3) AppleWebKit/537.36 (KHTML, like Gecko) Chrome/56.0.2924.87 Safari/537.36"
94.72.101.21 - - [02/Nov/2024:19:58:20 +0000] "GET /integrations/api_keys/secrets.yaml/src/settings.ini HTTP/1.1" 404 564 "-" "Mozilla/5.0 (Macintosh; Intel Mac OS X 10_12_3) AppleWebKit/537.36 (KHTML, like Gecko) Chrome/56.0.2924.87 Safari/537.36"
94.72.101.21 - - [02/Nov/2024:19:58:20 +0000] "GET /integrations/api_keys/secrets.yaml/dist/config.json HTTP/1.1" 404 564 "-" "Mozilla/5.0 (Macintosh; Intel Mac OS X 10_12_3) AppleWebKit/537.36 (KHTML, like Gecko) Chrome/56.0.2924.87 Safari/537.36"
94.72.101.21 - - [02/Nov/2024:19:58:21 +0000] "GET /integrations/api_keys/secrets.yaml/dist/.env HTTP/1.1" 404 564 "-" "Mozilla/5.0 (Macintosh; Intel Mac OS X 10_12_3) AppleWebKit/537.36 (KHTML, like Gecko) Chrome/56.0.2924.87 Safari/537.36"
94.72.101.21 - - [02/Nov/2024:19:58:21 +0000] "GET /integrations/api_keys/secrets.yaml/dist/secrets.yaml HTTP/1.1" 404 564 "-" "Mozilla/5.0 (Macintosh; Intel Mac OS X 10_12_3) AppleWebKit/537.36 (KHTML, like Gecko) Chrome/56.0.2924.87 Safari/537.36"
94.72.101.21 - - [02/Nov/2024:19:58:21 +0000] "GET /integrations/api_keys/secrets.yaml/dist/vars.tf HTTP/1.1" 404 564 "-" "Mozilla/5.0 (Macintosh; Intel Mac OS X 10_12_3) AppleWebKit/537.36 (KHTML, like Gecko) Chrome/56.0.2924.87 Safari/537.36"
94.72.101.21 - - [02/Nov/2024:19:58:22 +0000] "GET /integrations/api_keys/secrets.yaml/dist/credentials HTTP/1.1" 404 564 "-" "Mozilla/5.0 (Macintosh; Intel Mac OS X 10_12_3) AppleWebKit/537.36 (KHTML, like Gecko) Chrome/56.0.2924.87 Safari/537.36"
94.72.101.21 - - [02/Nov/2024:19:58:22 +0000] "GET /integrations/api_keys/secrets.yaml/dist/secrets.json HTTP/1.1" 404 564 "-" "Mozilla/5.0 (Macintosh; Intel Mac OS X 10_12_3) AppleWebKit/537.36 (KHTML, like Gecko) Chrome/56.0.2924.87 Safari/537.36"
94.72.101.21 - - [02/Nov/2024:19:58:22 +0000] "GET /integrations/api_keys/secrets.yaml/dist/keys.pem HTTP/1.1" 404 564 "-" "Mozilla/5.0 (Macintosh; Intel Mac OS X 10_12_3) AppleWebKit/537.36 (KHTML, like Gecko) Chrome/56.0.2924.87 Safari/537.36"
94.72.101.21 - - [02/Nov/2024:19:58:22 +0000] "GET /integrations/api_keys/secrets.yaml/dist/settings.ini HTTP/1.1" 404 564 "-" "Mozilla/5.0 (Macintosh; Intel Mac OS X 10_12_3) AppleWebKit/537.36 (KHTML, like Gecko) Chrome/56.0.2924.87 Safari/537.36"
94.72.101.21 - - [02/Nov/2024:19:58:22 +0000] "GET /integrations/api_keys/secrets.yaml/config/config.json HTTP/1.1" 404 564 "-" "Mozilla/5.0 (Macintosh; Intel Mac OS X 10_12_3) AppleWebKit/537.36 (KHTML, like Gecko) Chrome/56.0.2924.87 Safari/537.36"
94.72.101.21 - - [02/Nov/2024:19:58:22 +0000] "GET /integrations/api_keys/secrets.yaml/config/.env HTTP/1.1" 404 564 "-" "Mozilla/5.0 (Macintosh; Intel Mac OS X 10_12_3) AppleWebKit/537.36 (KHTML, like Gecko) Chrome/56.0.2924.87 Safari/537.36"
94.72.101.21 - - [02/Nov/2024:19:58:23 +0000] "GET /integrations/api_keys/secrets.yaml/config/secrets.yaml HTTP/1.1" 404 564 "-" "Mozilla/5.0 (Macintosh; Intel Mac OS X 10_12_3) AppleWebKit/537.36 (KHTML, like Gecko) Chrome/56.0.2924.87 Safari/537.36"
94.72.101.21 - - [02/Nov/2024:19:58:23 +0000] "GET /integrations/api_keys/secrets.yaml/config/vars.tf HTTP/1.1" 404 564 "-" "Mozilla/5.0 (Macintosh; Intel Mac OS X 10_12_3) AppleWebKit/537.36 (KHTML, like Gecko) Chrome/56.0.2924.87 Safari/537.36"
94.72.101.21 - - [02/Nov/2024:19:58:23 +0000] "GET /integrations/api_keys/secrets.yaml/config/credentials HTTP/1.1" 404 564 "-" "Mozilla/5.0 (Macintosh; Intel Mac OS X 10_12_3) AppleWebKit/537.36 (KHTML, like Gecko) Chrome/56.0.2924.87 Safari/537.36"
94.72.101.21 - - [02/Nov/2024:19:58:24 +0000] "GET /integrations/api_keys/secrets.yaml/config/secrets.json HTTP/1.1" 404 564 "-" "Mozilla/5.0 (Macintosh; Intel Mac OS X 10_12_3) AppleWebKit/537.36 (KHTML, like Gecko) Chrome/56.0.2924.87 Safari/537.36"
94.72.101.21 - - [02/Nov/2024:19:58:24 +0000] "GET /integrations/api_keys/secrets.yaml/config/keys.pem HTTP/1.1" 404 564 "-" "Mozilla/5.0 (Macintosh; Intel Mac OS X 10_12_3) AppleWebKit/537.36 (KHTML, like Gecko) Chrome/56.0.2924.87 Safari/537.36"
94.72.101.21 - - [02/Nov/2024:19:58:24 +0000] "GET /integrations/api_keys/secrets.yaml/config/settings.ini HTTP/1.1" 404 564 "-" "Mozilla/5.0 (Macintosh; Intel Mac OS X 10_12_3) AppleWebKit/537.36 (KHTML, like Gecko) Chrome/56.0.2924.87 Safari/537.36"
94.72.101.21 - - [02/Nov/2024:19:58:24 +0000] "GET /integrations/api_keys/secrets.yaml/backups/config.json HTTP/1.1" 404 564 "-" "Mozilla/5.0 (Macintosh; Intel Mac OS X 10_12_3) AppleWebKit/537.36 (KHTML, like Gecko) Chrome/56.0.2924.87 Safari/537.36"
94.72.101.21 - - [02/Nov/2024:19:58:24 +0000] "GET /integrations/api_keys/secrets.yaml/backups/.env HTTP/1.1" 404 564 "-" "Mozilla/5.0 (Macintosh; Intel Mac OS X 10_12_3) AppleWebKit/537.36 (KHTML, like Gecko) Chrome/56.0.2924.87 Safari/537.36"
94.72.101.21 - - [02/Nov/2024:19:58:24 +0000] "GET /integrations/api_keys/secrets.yaml/backups/secrets.yaml HTTP/1.1" 404 564 "-" "Mozilla/5.0 (Macintosh; Intel Mac OS X 10_12_3) AppleWebKit/537.36 (KHTML, like Gecko) Chrome/56.0.2924.87 Safari/537.36"
94.72.101.21 - - [02/Nov/2024:19:58:25 +0000] "GET /integrations/api_keys/secrets.yaml/backups/vars.tf HTTP/1.1" 404 564 "-" "Mozilla/5.0 (Macintosh; Intel Mac OS X 10_12_3) AppleWebKit/537.36 (KHTML, like Gecko) Chrome/56.0.2924.87 Safari/537.36"
94.72.101.21 - - [02/Nov/2024:19:58:25 +0000] "GET /integrations/api_keys/secrets.yaml/backups/credentials HTTP/1.1" 404 564 "-" "Mozilla/5.0 (Macintosh; Intel Mac OS X 10_12_3) AppleWebKit/537.36 (KHTML, like Gecko) Chrome/56.0.2924.87 Safari/537.36"
94.72.101.21 - - [02/Nov/2024:19:58:25 +0000] "GET /integrations/api_keys/secrets.yaml/backups/secrets.json HTTP/1.1" 404 564 "-" "Mozilla/5.0 (Macintosh; Intel Mac OS X 10_12_3) AppleWebKit/537.36 (KHTML, like Gecko) Chrome/56.0.2924.87 Safari/537.36"
94.72.101.21 - - [02/Nov/2024:19:58:25 +0000] "GET /integrations/api_keys/secrets.yaml/backups/keys.pem HTTP/1.1" 404 564 "-" "Mozilla/5.0 (Macintosh; Intel Mac OS X 10_12_3) AppleWebKit/537.36 (KHTML, like Gecko) Chrome/56.0.2924.87 Safari/537.36"
94.72.101.21 - - [02/Nov/2024:19:58:25 +0000] "GET /integrations/api_keys/secrets.yaml/backups/settings.ini HTTP/1.1" 404 564 "-" "Mozilla/5.0 (Macintosh; Intel Mac OS X 10_12_3) AppleWebKit/537.36 (KHTML, like Gecko) Chrome/56.0.2924.87 Safari/537.36"
94.72.101.21 - - [02/Nov/2024:19:58:25 +0000] "GET /integrations/api_keys/secrets.yaml/data/config.json HTTP/1.1" 404 564 "-" "Mozilla/5.0 (Macintosh; Intel Mac OS X 10_12_3) AppleWebKit/537.36 (KHTML, like Gecko) Chrome/56.0.2924.87 Safari/537.36"
94.72.101.21 - - [02/Nov/2024:19:58:26 +0000] "GET /integrations/api_keys/secrets.yaml/data/.env HTTP/1.1" 404 564 "-" "Mozilla/5.0 (Macintosh; Intel Mac OS X 10_12_3) AppleWebKit/537.36 (KHTML, like Gecko) Chrome/56.0.2924.87 Safari/537.36"
94.72.101.21 - - [02/Nov/2024:19:58:26 +0000] "GET /integrations/api_keys/secrets.yaml/data/secrets.yaml HTTP/1.1" 404 564 "-" "Mozilla/5.0 (Macintosh; Intel Mac OS X 10_12_3) AppleWebKit/537.36 (KHTML, like Gecko) Chrome/56.0.2924.87 Safari/537.36"
94.72.101.21 - - [02/Nov/2024:19:58:26 +0000] "GET /integrations/api_keys/secrets.yaml/data/vars.tf HTTP/1.1" 404 564 "-" "Mozilla/5.0 (Macintosh; Intel Mac OS X 10_12_3) AppleWebKit/537.36 (KHTML, like Gecko) Chrome/56.0.2924.87 Safari/537.36"
94.72.101.21 - - [02/Nov/2024:19:58:26 +0000] "GET /integrations/api_keys/secrets.yaml/data/credentials HTTP/1.1" 404 564 "-" "Mozilla/5.0 (Macintosh; Intel Mac OS X 10_12_3) AppleWebKit/537.36 (KHTML, like Gecko) Chrome/56.0.2924.87 Safari/537.36"
94.72.101.21 - - [02/Nov/2024:19:58:26 +0000] "GET /integrations/api_keys/secrets.yaml/data/secrets.json HTTP/1.1" 404 564 "-" "Mozilla/5.0 (Macintosh; Intel Mac OS X 10_12_3) AppleWebKit/537.36 (KHTML, like Gecko) Chrome/56.0.2924.87 Safari/537.36"
94.72.101.21 - - [02/Nov/2024:19:58:27 +0000] "GET /integrations/api_keys/secrets.yaml/data/keys.pem HTTP/1.1" 404 564 "-" "Mozilla/5.0 (Macintosh; Intel Mac OS X 10_12_3) AppleWebKit/537.36 (KHTML, like Gecko) Chrome/56.0.2924.87 Safari/537.36"
94.72.101.21 - - [02/Nov/2024:19:58:27 +0000] "GET /integrations/api_keys/secrets.yaml/data/settings.ini HTTP/1.1" 404 564 "-" "Mozilla/5.0 (Macintosh; Intel Mac OS X 10_12_3) AppleWebKit/537.36 (KHTML, like Gecko) Chrome/56.0.2924.87 Safari/537.36"
94.72.101.21 - - [02/Nov/2024:19:58:27 +0000] "GET /integrations/service-account.json/v1/config.json HTTP/1.1" 404 564 "-" "Mozilla/5.0 (Macintosh; Intel Mac OS X 10_12_3) AppleWebKit/537.36 (KHTML, like Gecko) Chrome/56.0.2924.87 Safari/537.36"
94.72.101.21 - - [02/Nov/2024:19:58:28 +0000] "GET /integrations/service-account.json/v1/.env HTTP/1.1" 404 564 "-" "Mozilla/5.0 (Macintosh; Intel Mac OS X 10_12_3) AppleWebKit/537.36 (KHTML, like Gecko) Chrome/56.0.2924.87 Safari/537.36"
94.72.101.21 - - [02/Nov/2024:19:58:28 +0000] "GET /integrations/service-account.json/v1/secrets.yaml HTTP/1.1" 404 564 "-" "Mozilla/5.0 (Macintosh; Intel Mac OS X 10_12_3) AppleWebKit/537.36 (KHTML, like Gecko) Chrome/56.0.2924.87 Safari/537.36"
94.72.101.21 - - [02/Nov/2024:19:58:29 +0000] "GET /integrations/service-account.json/v1/vars.tf HTTP/1.1" 404 564 "-" "Mozilla/5.0 (Macintosh; Intel Mac OS X 10_12_3) AppleWebKit/537.36 (KHTML, like Gecko) Chrome/56.0.2924.87 Safari/537.36"
94.72.101.21 - - [02/Nov/2024:19:58:29 +0000] "GET /integrations/service-account.json/v1/credentials HTTP/1.1" 404 564 "-" "Mozilla/5.0 (Macintosh; Intel Mac OS X 10_12_3) AppleWebKit/537.36 (KHTML, like Gecko) Chrome/56.0.2924.87 Safari/537.36"
94.72.101.21 - - [02/Nov/2024:19:58:29 +0000] "GET /integrations/service-account.json/v1/secrets.json HTTP/1.1" 404 564 "-" "Mozilla/5.0 (Macintosh; Intel Mac OS X 10_12_3) AppleWebKit/537.36 (KHTML, like Gecko) Chrome/56.0.2924.87 Safari/537.36"
94.72.101.21 - - [02/Nov/2024:19:58:29 +0000] "GET /integrations/service-account.json/v1/keys.pem HTTP/1.1" 404 564 "-" "Mozilla/5.0 (Macintosh; Intel Mac OS X 10_12_3) AppleWebKit/537.36 (KHTML, like Gecko) Chrome/56.0.2924.87 Safari/537.36"
94.72.101.21 - - [02/Nov/2024:19:58:29 +0000] "GET /integrations/service-account.json/v1/settings.ini HTTP/1.1" 404 564 "-" "Mozilla/5.0 (Macintosh; Intel Mac OS X 10_12_3) AppleWebKit/537.36 (KHTML, like Gecko) Chrome/56.0.2924.87 Safari/537.36"
94.72.101.21 - - [02/Nov/2024:19:58:29 +0000] "GET /integrations/service-account.json/v2/config.json HTTP/1.1" 404 564 "-" "Mozilla/5.0 (Macintosh; Intel Mac OS X 10_12_3) AppleWebKit/537.36 (KHTML, like Gecko) Chrome/56.0.2924.87 Safari/537.36"
94.72.101.21 - - [02/Nov/2024:19:58:30 +0000] "GET /integrations/service-account.json/v2/.env HTTP/1.1" 404 564 "-" "Mozilla/5.0 (Macintosh; Intel Mac OS X 10_12_3) AppleWebKit/537.36 (KHTML, like Gecko) Chrome/56.0.2924.87 Safari/537.36"
94.72.101.21 - - [02/Nov/2024:19:58:30 +0000] "GET /integrations/service-account.json/v2/secrets.yaml HTTP/1.1" 404 564 "-" "Mozilla/5.0 (Macintosh; Intel Mac OS X 10_12_3) AppleWebKit/537.36 (KHTML, like Gecko) Chrome/56.0.2924.87 Safari/537.36"
94.72.101.21 - - [02/Nov/2024:19:58:30 +0000] "GET /integrations/service-account.json/v2/vars.tf HTTP/1.1" 404 564 "-" "Mozilla/5.0 (Macintosh; Intel Mac OS X 10_12_3) AppleWebKit/537.36 (KHTML, like Gecko) Chrome/56.0.2924.87 Safari/537.36"
94.72.101.21 - - [02/Nov/2024:19:58:31 +0000] "GET /integrations/service-account.json/v2/credentials HTTP/1.1" 404 564 "-" "Mozilla/5.0 (Macintosh; Intel Mac OS X 10_12_3) AppleWebKit/537.36 (KHTML, like Gecko) Chrome/56.0.2924.87 Safari/537.36"
94.72.101.21 - - [02/Nov/2024:19:58:31 +0000] "GET /integrations/service-account.json/v2/secrets.json HTTP/1.1" 404 564 "-" "Mozilla/5.0 (Macintosh; Intel Mac OS X 10_12_3) AppleWebKit/537.36 (KHTML, like Gecko) Chrome/56.0.2924.87 Safari/537.36"
94.72.101.21 - - [02/Nov/2024:19:58:31 +0000] "GET /integrations/service-account.json/v2/keys.pem HTTP/1.1" 404 564 "-" "Mozilla/5.0 (Macintosh; Intel Mac OS X 10_12_3) AppleWebKit/537.36 (KHTML, like Gecko) Chrome/56.0.2924.87 Safari/537.36"
94.72.101.21 - - [02/Nov/2024:19:58:31 +0000] "GET /integrations/service-account.json/v2/settings.ini HTTP/1.1" 404 564 "-" "Mozilla/5.0 (Macintosh; Intel Mac OS X 10_12_3) AppleWebKit/537.36 (KHTML, like Gecko) Chrome/56.0.2924.87 Safari/537.36"
94.72.101.21 - - [02/Nov/2024:19:58:32 +0000] "GET /integrations/service-account.json/dev/config.json HTTP/1.1" 404 564 "-" "Mozilla/5.0 (Macintosh; Intel Mac OS X 10_12_3) AppleWebKit/537.36 (KHTML, like Gecko) Chrome/56.0.2924.87 Safari/537.36"
94.72.101.21 - - [02/Nov/2024:19:58:32 +0000] "GET /integrations/service-account.json/dev/.env HTTP/1.1" 404 564 "-" "Mozilla/5.0 (Macintosh; Intel Mac OS X 10_12_3) AppleWebKit/537.36 (KHTML, like Gecko) Chrome/56.0.2924.87 Safari/537.36"
94.72.101.21 - - [02/Nov/2024:19:58:32 +0000] "GET /integrations/service-account.json/dev/secrets.yaml HTTP/1.1" 404 564 "-" "Mozilla/5.0 (Macintosh; Intel Mac OS X 10_12_3) AppleWebKit/537.36 (KHTML, like Gecko) Chrome/56.0.2924.87 Safari/537.36"
94.72.101.21 - - [02/Nov/2024:19:58:32 +0000] "GET /integrations/service-account.json/dev/vars.tf HTTP/1.1" 404 564 "-" "Mozilla/5.0 (Macintosh; Intel Mac OS X 10_12_3) AppleWebKit/537.36 (KHTML, like Gecko) Chrome/56.0.2924.87 Safari/537.36"
94.72.101.21 - - [02/Nov/2024:19:58:32 +0000] "GET /integrations/service-account.json/dev/credentials HTTP/1.1" 404 564 "-" "Mozilla/5.0 (Macintosh; Intel Mac OS X 10_12_3) AppleWebKit/537.36 (KHTML, like Gecko) Chrome/56.0.2924.87 Safari/537.36"
94.72.101.21 - - [02/Nov/2024:19:58:32 +0000] "GET /integrations/service-account.json/dev/secrets.json HTTP/1.1" 404 564 "-" "Mozilla/5.0 (Macintosh; Intel Mac OS X 10_12_3) AppleWebKit/537.36 (KHTML, like Gecko) Chrome/56.0.2924.87 Safari/537.36"
94.72.101.21 - - [02/Nov/2024:19:58:33 +0000] "GET /integrations/service-account.json/dev/keys.pem HTTP/1.1" 404 564 "-" "Mozilla/5.0 (Macintosh; Intel Mac OS X 10_12_3) AppleWebKit/537.36 (KHTML, like Gecko) Chrome/56.0.2924.87 Safari/537.36"
94.72.101.21 - - [02/Nov/2024:19:58:33 +0000] "GET /integrations/service-account.json/dev/settings.ini HTTP/1.1" 404 564 "-" "Mozilla/5.0 (Macintosh; Intel Mac OS X 10_12_3) AppleWebKit/537.36 (KHTML, like Gecko) Chrome/56.0.2924.87 Safari/537.36"
94.72.101.21 - - [02/Nov/2024:19:58:33 +0000] "GET /integrations/service-account.json/prod/config.json HTTP/1.1" 404 564 "-" "Mozilla/5.0 (Macintosh; Intel Mac OS X 10_12_3) AppleWebKit/537.36 (KHTML, like Gecko) Chrome/56.0.2924.87 Safari/537.36"
94.72.101.21 - - [02/Nov/2024:19:58:33 +0000] "GET /integrations/service-account.json/prod/.env HTTP/1.1" 404 564 "-" "Mozilla/5.0 (Macintosh; Intel Mac OS X 10_12_3) AppleWebKit/537.36 (KHTML, like Gecko) Chrome/56.0.2924.87 Safari/537.36"
94.72.101.21 - - [02/Nov/2024:19:58:33 +0000] "GET /integrations/service-account.json/prod/secrets.yaml HTTP/1.1" 404 564 "-" "Mozilla/5.0 (Macintosh; Intel Mac OS X 10_12_3) AppleWebKit/537.36 (KHTML, like Gecko) Chrome/56.0.2924.87 Safari/537.36"
94.72.101.21 - - [02/Nov/2024:19:58:33 +0000] "GET /integrations/service-account.json/prod/vars.tf HTTP/1.1" 404 564 "-" "Mozilla/5.0 (Macintosh; Intel Mac OS X 10_12_3) AppleWebKit/537.36 (KHTML, like Gecko) Chrome/56.0.2924.87 Safari/537.36"
94.72.101.21 - - [02/Nov/2024:19:58:34 +0000] "GET /integrations/service-account.json/prod/credentials HTTP/1.1" 404 564 "-" "Mozilla/5.0 (Macintosh; Intel Mac OS X 10_12_3) AppleWebKit/537.36 (KHTML, like Gecko) Chrome/56.0.2924.87 Safari/537.36"
94.72.101.21 - - [02/Nov/2024:19:58:34 +0000] "GET /integrations/service-account.json/prod/secrets.json HTTP/1.1" 404 564 "-" "Mozilla/5.0 (Macintosh; Intel Mac OS X 10_12_3) AppleWebKit/537.36 (KHTML, like Gecko) Chrome/56.0.2924.87 Safari/537.36"
94.72.101.21 - - [02/Nov/2024:19:58:34 +0000] "GET /integrations/service-account.json/prod/keys.pem HTTP/1.1" 404 564 "-" "Mozilla/5.0 (Macintosh; Intel Mac OS X 10_12_3) AppleWebKit/537.36 (KHTML, like Gecko) Chrome/56.0.2924.87 Safari/537.36"
94.72.101.21 - - [02/Nov/2024:19:58:34 +0000] "GET /integrations/service-account.json/prod/settings.ini HTTP/1.1" 404 564 "-" "Mozilla/5.0 (Macintosh; Intel Mac OS X 10_12_3) AppleWebKit/537.36 (KHTML, like Gecko) Chrome/56.0.2924.87 Safari/537.36"
94.72.101.21 - - [02/Nov/2024:19:58:35 +0000] "GET /integrations/service-account.json/staging/config.json HTTP/1.1" 404 564 "-" "Mozilla/5.0 (Macintosh; Intel Mac OS X 10_12_3) AppleWebKit/537.36 (KHTML, like Gecko) Chrome/56.0.2924.87 Safari/537.36"
94.72.101.21 - - [02/Nov/2024:19:58:35 +0000] "GET /integrations/service-account.json/staging/.env HTTP/1.1" 404 564 "-" "Mozilla/5.0 (Macintosh; Intel Mac OS X 10_12_3) AppleWebKit/537.36 (KHTML, like Gecko) Chrome/56.0.2924.87 Safari/537.36"
94.72.101.21 - - [02/Nov/2024:19:58:35 +0000] "GET /integrations/service-account.json/staging/secrets.yaml HTTP/1.1" 404 564 "-" "Mozilla/5.0 (Macintosh; Intel Mac OS X 10_12_3) AppleWebKit/537.36 (KHTML, like Gecko) Chrome/56.0.2924.87 Safari/537.36"
94.72.101.21 - - [02/Nov/2024:19:58:36 +0000] "GET /integrations/service-account.json/staging/vars.tf HTTP/1.1" 404 564 "-" "Mozilla/5.0 (Macintosh; Intel Mac OS X 10_12_3) AppleWebKit/537.36 (KHTML, like Gecko) Chrome/56.0.2924.87 Safari/537.36"
94.72.101.21 - - [02/Nov/2024:19:58:36 +0000] "GET /integrations/service-account.json/staging/credentials HTTP/1.1" 404 564 "-" "Mozilla/5.0 (Macintosh; Intel Mac OS X 10_12_3) AppleWebKit/537.36 (KHTML, like Gecko) Chrome/56.0.2924.87 Safari/537.36"
94.72.101.21 - - [02/Nov/2024:19:58:36 +0000] "GET /integrations/service-account.json/staging/secrets.json HTTP/1.1" 404 564 "-" "Mozilla/5.0 (Macintosh; Intel Mac OS X 10_12_3) AppleWebKit/537.36 (KHTML, like Gecko) Chrome/56.0.2924.87 Safari/537.36"
94.72.101.21 - - [02/Nov/2024:19:58:36 +0000] "GET /integrations/service-account.json/staging/keys.pem HTTP/1.1" 404 564 "-" "Mozilla/5.0 (Macintosh; Intel Mac OS X 10_12_3) AppleWebKit/537.36 (KHTML, like Gecko) Chrome/56.0.2924.87 Safari/537.36"
94.72.101.21 - - [02/Nov/2024:19:58:37 +0000] "GET /integrations/service-account.json/staging/settings.ini HTTP/1.1" 404 564 "-" "Mozilla/5.0 (Macintosh; Intel Mac OS X 10_12_3) AppleWebKit/537.36 (KHTML, like Gecko) Chrome/56.0.2924.87 Safari/537.36"
94.72.101.21 - - [02/Nov/2024:19:58:38 +0000] "GET /integrations/service-account.json/src/config.json HTTP/1.1" 404 564 "-" "Mozilla/5.0 (Macintosh; Intel Mac OS X 10_12_3) AppleWebKit/537.36 (KHTML, like Gecko) Chrome/56.0.2924.87 Safari/537.36"
94.72.101.21 - - [02/Nov/2024:19:58:38 +0000] "GET /integrations/service-account.json/src/.env HTTP/1.1" 404 564 "-" "Mozilla/5.0 (Macintosh; Intel Mac OS X 10_12_3) AppleWebKit/537.36 (KHTML, like Gecko) Chrome/56.0.2924.87 Safari/537.36"
94.72.101.21 - - [02/Nov/2024:19:58:39 +0000] "GET /integrations/service-account.json/src/secrets.yaml HTTP/1.1" 404 564 "-" "Mozilla/5.0 (Macintosh; Intel Mac OS X 10_12_3) AppleWebKit/537.36 (KHTML, like Gecko) Chrome/56.0.2924.87 Safari/537.36"
94.72.101.21 - - [02/Nov/2024:19:58:40 +0000] "GET /integrations/service-account.json/src/vars.tf HTTP/1.1" 404 564 "-" "Mozilla/5.0 (Macintosh; Intel Mac OS X 10_12_3) AppleWebKit/537.36 (KHTML, like Gecko) Chrome/56.0.2924.87 Safari/537.36"
94.72.101.21 - - [02/Nov/2024:19:58:40 +0000] "GET /integrations/service-account.json/src/credentials HTTP/1.1" 404 564 "-" "Mozilla/5.0 (Macintosh; Intel Mac OS X 10_12_3) AppleWebKit/537.36 (KHTML, like Gecko) Chrome/56.0.2924.87 Safari/537.36"
94.72.101.21 - - [02/Nov/2024:19:58:40 +0000] "GET /integrations/service-account.json/src/secrets.json HTTP/1.1" 404 564 "-" "Mozilla/5.0 (Macintosh; Intel Mac OS X 10_12_3) AppleWebKit/537.36 (KHTML, like Gecko) Chrome/56.0.2924.87 Safari/537.36"
94.72.101.21 - - [02/Nov/2024:19:58:40 +0000] "GET /integrations/service-account.json/src/keys.pem HTTP/1.1" 404 564 "-" "Mozilla/5.0 (Macintosh; Intel Mac OS X 10_12_3) AppleWebKit/537.36 (KHTML, like Gecko) Chrome/56.0.2924.87 Safari/537.36"
94.72.101.21 - - [02/Nov/2024:19:58:41 +0000] "GET /integrations/service-account.json/src/settings.ini HTTP/1.1" 404 564 "-" "Mozilla/5.0 (Macintosh; Intel Mac OS X 10_12_3) AppleWebKit/537.36 (KHTML, like Gecko) Chrome/56.0.2924.87 Safari/537.36"
94.72.101.21 - - [02/Nov/2024:19:58:41 +0000] "GET /integrations/service-account.json/dist/config.json HTTP/1.1" 404 564 "-" "Mozilla/5.0 (Macintosh; Intel Mac OS X 10_12_3) AppleWebKit/537.36 (KHTML, like Gecko) Chrome/56.0.2924.87 Safari/537.36"
94.72.101.21 - - [02/Nov/2024:19:58:41 +0000] "GET /integrations/service-account.json/dist/.env HTTP/1.1" 404 564 "-" "Mozilla/5.0 (Macintosh; Intel Mac OS X 10_12_3) AppleWebKit/537.36 (KHTML, like Gecko) Chrome/56.0.2924.87 Safari/537.36"
94.72.101.21 - - [02/Nov/2024:19:58:42 +0000] "GET /integrations/service-account.json/dist/secrets.yaml HTTP/1.1" 404 564 "-" "Mozilla/5.0 (Macintosh; Intel Mac OS X 10_12_3) AppleWebKit/537.36 (KHTML, like Gecko) Chrome/56.0.2924.87 Safari/537.36"
94.72.101.21 - - [02/Nov/2024:19:58:42 +0000] "GET /integrations/service-account.json/dist/vars.tf HTTP/1.1" 404 564 "-" "Mozilla/5.0 (Macintosh; Intel Mac OS X 10_12_3) AppleWebKit/537.36 (KHTML, like Gecko) Chrome/56.0.2924.87 Safari/537.36"
94.72.101.21 - - [02/Nov/2024:19:58:42 +0000] "GET /integrations/service-account.json/dist/credentials HTTP/1.1" 404 564 "-" "Mozilla/5.0 (Macintosh; Intel Mac OS X 10_12_3) AppleWebKit/537.36 (KHTML, like Gecko) Chrome/56.0.2924.87 Safari/537.36"
94.72.101.21 - - [02/Nov/2024:19:58:43 +0000] "GET /integrations/service-account.json/dist/secrets.json HTTP/1.1" 404 564 "-" "Mozilla/5.0 (Macintosh; Intel Mac OS X 10_12_3) AppleWebKit/537.36 (KHTML, like Gecko) Chrome/56.0.2924.87 Safari/537.36"
94.72.101.21 - - [02/Nov/2024:19:58:43 +0000] "GET /integrations/service-account.json/dist/keys.pem HTTP/1.1" 404 564 "-" "Mozilla/5.0 (Macintosh; Intel Mac OS X 10_12_3) AppleWebKit/537.36 (KHTML, like Gecko) Chrome/56.0.2924.87 Safari/537.36"
94.72.101.21 - - [02/Nov/2024:19:58:43 +0000] "GET /integrations/service-account.json/dist/settings.ini HTTP/1.1" 404 564 "-" "Mozilla/5.0 (Macintosh; Intel Mac OS X 10_12_3) AppleWebKit/537.36 (KHTML, like Gecko) Chrome/56.0.2924.87 Safari/537.36"
94.72.101.21 - - [02/Nov/2024:19:58:43 +0000] "GET /integrations/service-account.json/config/config.json HTTP/1.1" 404 564 "-" "Mozilla/5.0 (Macintosh; Intel Mac OS X 10_12_3) AppleWebKit/537.36 (KHTML, like Gecko) Chrome/56.0.2924.87 Safari/537.36"
94.72.101.21 - - [02/Nov/2024:19:58:43 +0000] "GET /integrations/service-account.json/config/.env HTTP/1.1" 404 564 "-" "Mozilla/5.0 (Macintosh; Intel Mac OS X 10_12_3) AppleWebKit/537.36 (KHTML, like Gecko) Chrome/56.0.2924.87 Safari/537.36"
94.72.101.21 - - [02/Nov/2024:19:58:43 +0000] "GET /integrations/service-account.json/config/secrets.yaml HTTP/1.1" 404 564 "-" "Mozilla/5.0 (Macintosh; Intel Mac OS X 10_12_3) AppleWebKit/537.36 (KHTML, like Gecko) Chrome/56.0.2924.87 Safari/537.36"
94.72.101.21 - - [02/Nov/2024:19:58:44 +0000] "GET /integrations/service-account.json/config/vars.tf HTTP/1.1" 404 564 "-" "Mozilla/5.0 (Macintosh; Intel Mac OS X 10_12_3) AppleWebKit/537.36 (KHTML, like Gecko) Chrome/56.0.2924.87 Safari/537.36"
94.72.101.21 - - [02/Nov/2024:19:58:44 +0000] "GET /integrations/service-account.json/config/credentials HTTP/1.1" 404 564 "-" "Mozilla/5.0 (Macintosh; Intel Mac OS X 10_12_3) AppleWebKit/537.36 (KHTML, like Gecko) Chrome/56.0.2924.87 Safari/537.36"
94.72.101.21 - - [02/Nov/2024:19:58:45 +0000] "GET /integrations/service-account.json/config/secrets.json HTTP/1.1" 404 564 "-" "Mozilla/5.0 (Macintosh; Intel Mac OS X 10_12_3) AppleWebKit/537.36 (KHTML, like Gecko) Chrome/56.0.2924.87 Safari/537.36"
94.72.101.21 - - [02/Nov/2024:19:58:45 +0000] "GET /integrations/service-account.json/config/keys.pem HTTP/1.1" 404 564 "-" "Mozilla/5.0 (Macintosh; Intel Mac OS X 10_12_3) AppleWebKit/537.36 (KHTML, like Gecko) Chrome/56.0.2924.87 Safari/537.36"
94.72.101.21 - - [02/Nov/2024:19:58:45 +0000] "GET /integrations/service-account.json/config/settings.ini HTTP/1.1" 404 564 "-" "Mozilla/5.0 (Macintosh; Intel Mac OS X 10_12_3) AppleWebKit/537.36 (KHTML, like Gecko) Chrome/56.0.2924.87 Safari/537.36"
94.72.101.21 - - [02/Nov/2024:19:58:45 +0000] "GET /integrations/service-account.json/backups/config.json HTTP/1.1" 404 564 "-" "Mozilla/5.0 (Macintosh; Intel Mac OS X 10_12_3) AppleWebKit/537.36 (KHTML, like Gecko) Chrome/56.0.2924.87 Safari/537.36"
94.72.101.21 - - [02/Nov/2024:19:58:45 +0000] "GET /integrations/service-account.json/backups/.env HTTP/1.1" 404 564 "-" "Mozilla/5.0 (Macintosh; Intel Mac OS X 10_12_3) AppleWebKit/537.36 (KHTML, like Gecko) Chrome/56.0.2924.87 Safari/537.36"
94.72.101.21 - - [02/Nov/2024:19:58:46 +0000] "GET /integrations/service-account.json/backups/secrets.yaml HTTP/1.1" 404 564 "-" "Mozilla/5.0 (Macintosh; Intel Mac OS X 10_12_3) AppleWebKit/537.36 (KHTML, like Gecko) Chrome/56.0.2924.87 Safari/537.36"
94.72.101.21 - - [02/Nov/2024:19:58:46 +0000] "GET /integrations/service-account.json/backups/vars.tf HTTP/1.1" 404 564 "-" "Mozilla/5.0 (Macintosh; Intel Mac OS X 10_12_3) AppleWebKit/537.36 (KHTML, like Gecko) Chrome/56.0.2924.87 Safari/537.36"
94.72.101.21 - - [02/Nov/2024:19:58:46 +0000] "GET /integrations/service-account.json/backups/credentials HTTP/1.1" 404 564 "-" "Mozilla/5.0 (Macintosh; Intel Mac OS X 10_12_3) AppleWebKit/537.36 (KHTML, like Gecko) Chrome/56.0.2924.87 Safari/537.36"
94.72.101.21 - - [02/Nov/2024:19:58:47 +0000] "GET /integrations/service-account.json/backups/secrets.json HTTP/1.1" 404 564 "-" "Mozilla/5.0 (Macintosh; Intel Mac OS X 10_12_3) AppleWebKit/537.36 (KHTML, like Gecko) Chrome/56.0.2924.87 Safari/537.36"
94.72.101.21 - - [02/Nov/2024:19:58:47 +0000] "GET /integrations/service-account.json/backups/keys.pem HTTP/1.1" 404 564 "-" "Mozilla/5.0 (Macintosh; Intel Mac OS X 10_12_3) AppleWebKit/537.36 (KHTML, like Gecko) Chrome/56.0.2924.87 Safari/537.36"
94.72.101.21 - - [02/Nov/2024:19:58:47 +0000] "GET /integrations/service-account.json/backups/settings.ini HTTP/1.1" 404 564 "-" "Mozilla/5.0 (Macintosh; Intel Mac OS X 10_12_3) AppleWebKit/537.36 (KHTML, like Gecko) Chrome/56.0.2924.87 Safari/537.36"
94.72.101.21 - - [02/Nov/2024:19:58:48 +0000] "GET /integrations/service-account.json/data/config.json HTTP/1.1" 404 564 "-" "Mozilla/5.0 (Macintosh; Intel Mac OS X 10_12_3) AppleWebKit/537.36 (KHTML, like Gecko) Chrome/56.0.2924.87 Safari/537.36"
94.72.101.21 - - [02/Nov/2024:19:58:48 +0000] "GET /integrations/service-account.json/data/.env HTTP/1.1" 404 564 "-" "Mozilla/5.0 (Macintosh; Intel Mac OS X 10_12_3) AppleWebKit/537.36 (KHTML, like Gecko) Chrome/56.0.2924.87 Safari/537.36"
94.72.101.21 - - [02/Nov/2024:19:58:48 +0000] "GET /integrations/service-account.json/data/secrets.yaml HTTP/1.1" 404 564 "-" "Mozilla/5.0 (Macintosh; Intel Mac OS X 10_12_3) AppleWebKit/537.36 (KHTML, like Gecko) Chrome/56.0.2924.87 Safari/537.36"
94.72.101.21 - - [02/Nov/2024:19:58:48 +0000] "GET /integrations/service-account.json/data/vars.tf HTTP/1.1" 404 564 "-" "Mozilla/5.0 (Macintosh; Intel Mac OS X 10_12_3) AppleWebKit/537.36 (KHTML, like Gecko) Chrome/56.0.2924.87 Safari/537.36"
94.72.101.21 - - [02/Nov/2024:19:58:49 +0000] "GET /integrations/service-account.json/data/credentials HTTP/1.1" 404 564 "-" "Mozilla/5.0 (Macintosh; Intel Mac OS X 10_12_3) AppleWebKit/537.36 (KHTML, like Gecko) Chrome/56.0.2924.87 Safari/537.36"
94.72.101.21 - - [02/Nov/2024:19:58:49 +0000] "GET /integrations/service-account.json/data/secrets.json HTTP/1.1" 404 564 "-" "Mozilla/5.0 (Macintosh; Intel Mac OS X 10_12_3) AppleWebKit/537.36 (KHTML, like Gecko) Chrome/56.0.2924.87 Safari/537.36"
94.72.101.21 - - [02/Nov/2024:19:58:49 +0000] "GET /integrations/service-account.json/data/keys.pem HTTP/1.1" 404 564 "-" "Mozilla/5.0 (Macintosh; Intel Mac OS X 10_12_3) AppleWebKit/537.36 (KHTML, like Gecko) Chrome/56.0.2924.87 Safari/537.36"
94.72.101.21 - - [02/Nov/2024:19:58:50 +0000] "GET /integrations/service-account.json/data/settings.ini HTTP/1.1" 404 564 "-" "Mozilla/5.0 (Macintosh; Intel Mac OS X 10_12_3) AppleWebKit/537.36 (KHTML, like Gecko) Chrome/56.0.2924.87 Safari/537.36"
94.72.101.21 - - [02/Nov/2024:19:58:50 +0000] "GET /services/api/v1/keys.json/v1/config.json HTTP/1.1" 404 564 "-" "Mozilla/5.0 (Macintosh; Intel Mac OS X 10_12_3) AppleWebKit/537.36 (KHTML, like Gecko) Chrome/56.0.2924.87 Safari/537.36"
94.72.101.21 - - [02/Nov/2024:19:58:50 +0000] "GET /services/api/v1/keys.json/v1/.env HTTP/1.1" 404 564 "-" "Mozilla/5.0 (Macintosh; Intel Mac OS X 10_12_3) AppleWebKit/537.36 (KHTML, like Gecko) Chrome/56.0.2924.87 Safari/537.36"
94.72.101.21 - - [02/Nov/2024:19:58:50 +0000] "GET /services/api/v1/keys.json/v1/secrets.yaml HTTP/1.1" 404 564 "-" "Mozilla/5.0 (Macintosh; Intel Mac OS X 10_12_3) AppleWebKit/537.36 (KHTML, like Gecko) Chrome/56.0.2924.87 Safari/537.36"
94.72.101.21 - - [02/Nov/2024:19:58:51 +0000] "GET /services/api/v1/keys.json/v1/vars.tf HTTP/1.1" 404 564 "-" "Mozilla/5.0 (Macintosh; Intel Mac OS X 10_12_3) AppleWebKit/537.36 (KHTML, like Gecko) Chrome/56.0.2924.87 Safari/537.36"
94.72.101.21 - - [02/Nov/2024:19:58:52 +0000] "GET /services/api/v1/keys.json/v1/credentials HTTP/1.1" 404 564 "-" "Mozilla/5.0 (Macintosh; Intel Mac OS X 10_12_3) AppleWebKit/537.36 (KHTML, like Gecko) Chrome/56.0.2924.87 Safari/537.36"
94.72.101.21 - - [02/Nov/2024:19:58:52 +0000] "GET /services/api/v1/keys.json/v1/secrets.json HTTP/1.1" 404 564 "-" "Mozilla/5.0 (Macintosh; Intel Mac OS X 10_12_3) AppleWebKit/537.36 (KHTML, like Gecko) Chrome/56.0.2924.87 Safari/537.36"
94.72.101.21 - - [02/Nov/2024:19:58:52 +0000] "GET /services/api/v1/keys.json/v1/keys.pem HTTP/1.1" 404 564 "-" "Mozilla/5.0 (Macintosh; Intel Mac OS X 10_12_3) AppleWebKit/537.36 (KHTML, like Gecko) Chrome/56.0.2924.87 Safari/537.36"
94.72.101.21 - - [02/Nov/2024:19:58:52 +0000] "GET /services/api/v1/keys.json/v1/settings.ini HTTP/1.1" 404 564 "-" "Mozilla/5.0 (Macintosh; Intel Mac OS X 10_12_3) AppleWebKit/537.36 (KHTML, like Gecko) Chrome/56.0.2924.87 Safari/537.36"
94.72.101.21 - - [02/Nov/2024:19:58:52 +0000] "GET /services/api/v1/keys.json/v2/config.json HTTP/1.1" 404 564 "-" "Mozilla/5.0 (Macintosh; Intel Mac OS X 10_12_3) AppleWebKit/537.36 (KHTML, like Gecko) Chrome/56.0.2924.87 Safari/537.36"
94.72.101.21 - - [02/Nov/2024:19:58:52 +0000] "GET /services/api/v1/keys.json/v2/.env HTTP/1.1" 404 564 "-" "Mozilla/5.0 (Macintosh; Intel Mac OS X 10_12_3) AppleWebKit/537.36 (KHTML, like Gecko) Chrome/56.0.2924.87 Safari/537.36"
94.72.101.21 - - [02/Nov/2024:19:58:53 +0000] "GET /services/api/v1/keys.json/v2/secrets.yaml HTTP/1.1" 404 564 "-" "Mozilla/5.0 (Macintosh; Intel Mac OS X 10_12_3) AppleWebKit/537.36 (KHTML, like Gecko) Chrome/56.0.2924.87 Safari/537.36"
94.72.101.21 - - [02/Nov/2024:19:58:53 +0000] "GET /services/api/v1/keys.json/v2/vars.tf HTTP/1.1" 404 564 "-" "Mozilla/5.0 (Macintosh; Intel Mac OS X 10_12_3) AppleWebKit/537.36 (KHTML, like Gecko) Chrome/56.0.2924.87 Safari/537.36"
94.72.101.21 - - [02/Nov/2024:19:58:54 +0000] "GET /services/api/v1/keys.json/v2/credentials HTTP/1.1" 404 564 "-" "Mozilla/5.0 (Macintosh; Intel Mac OS X 10_12_3) AppleWebKit/537.36 (KHTML, like Gecko) Chrome/56.0.2924.87 Safari/537.36"
94.72.101.21 - - [02/Nov/2024:19:58:54 +0000] "GET /services/api/v1/keys.json/v2/secrets.json HTTP/1.1" 404 564 "-" "Mozilla/5.0 (Macintosh; Intel Mac OS X 10_12_3) AppleWebKit/537.36 (KHTML, like Gecko) Chrome/56.0.2924.87 Safari/537.36"
94.72.101.21 - - [02/Nov/2024:19:58:55 +0000] "GET /services/api/v1/keys.json/v2/keys.pem HTTP/1.1" 404 564 "-" "Mozilla/5.0 (Macintosh; Intel Mac OS X 10_12_3) AppleWebKit/537.36 (KHTML, like Gecko) Chrome/56.0.2924.87 Safari/537.36"
94.72.101.21 - - [02/Nov/2024:19:58:55 +0000] "GET /services/api/v1/keys.json/v2/settings.ini HTTP/1.1" 404 564 "-" "Mozilla/5.0 (Macintosh; Intel Mac OS X 10_12_3) AppleWebKit/537.36 (KHTML, like Gecko) Chrome/56.0.2924.87 Safari/537.36"
94.72.101.21 - - [02/Nov/2024:19:58:55 +0000] "GET /services/api/v1/keys.json/dev/config.json HTTP/1.1" 404 564 "-" "Mozilla/5.0 (Macintosh; Intel Mac OS X 10_12_3) AppleWebKit/537.36 (KHTML, like Gecko) Chrome/56.0.2924.87 Safari/537.36"
94.72.101.21 - - [02/Nov/2024:19:58:55 +0000] "GET /services/api/v1/keys.json/dev/.env HTTP/1.1" 404 564 "-" "Mozilla/5.0 (Macintosh; Intel Mac OS X 10_12_3) AppleWebKit/537.36 (KHTML, like Gecko) Chrome/56.0.2924.87 Safari/537.36"
94.72.101.21 - - [02/Nov/2024:19:58:55 +0000] "GET /services/api/v1/keys.json/dev/secrets.yaml HTTP/1.1" 404 564 "-" "Mozilla/5.0 (Macintosh; Intel Mac OS X 10_12_3) AppleWebKit/537.36 (KHTML, like Gecko) Chrome/56.0.2924.87 Safari/537.36"
94.72.101.21 - - [02/Nov/2024:19:58:55 +0000] "GET /services/api/v1/keys.json/dev/vars.tf HTTP/1.1" 404 564 "-" "Mozilla/5.0 (Macintosh; Intel Mac OS X 10_12_3) AppleWebKit/537.36 (KHTML, like Gecko) Chrome/56.0.2924.87 Safari/537.36"
94.72.101.21 - - [02/Nov/2024:19:58:56 +0000] "GET /services/api/v1/keys.json/dev/credentials HTTP/1.1" 404 564 "-" "Mozilla/5.0 (Macintosh; Intel Mac OS X 10_12_3) AppleWebKit/537.36 (KHTML, like Gecko) Chrome/56.0.2924.87 Safari/537.36"
94.72.101.21 - - [02/Nov/2024:19:58:56 +0000] "GET /services/api/v1/keys.json/dev/secrets.json HTTP/1.1" 404 564 "-" "Mozilla/5.0 (Macintosh; Intel Mac OS X 10_12_3) AppleWebKit/537.36 (KHTML, like Gecko) Chrome/56.0.2924.87 Safari/537.36"
94.72.101.21 - - [02/Nov/2024:19:58:56 +0000] "GET /services/api/v1/keys.json/dev/keys.pem HTTP/1.1" 404 564 "-" "Mozilla/5.0 (Macintosh; Intel Mac OS X 10_12_3) AppleWebKit/537.36 (KHTML, like Gecko) Chrome/56.0.2924.87 Safari/537.36"
94.72.101.21 - - [02/Nov/2024:19:58:56 +0000] "GET /services/api/v1/keys.json/dev/settings.ini HTTP/1.1" 404 564 "-" "Mozilla/5.0 (Macintosh; Intel Mac OS X 10_12_3) AppleWebKit/537.36 (KHTML, like Gecko) Chrome/56.0.2924.87 Safari/537.36"
94.72.101.21 - - [02/Nov/2024:19:58:56 +0000] "GET /services/api/v1/keys.json/prod/config.json HTTP/1.1" 404 564 "-" "Mozilla/5.0 (Macintosh; Intel Mac OS X 10_12_3) AppleWebKit/537.36 (KHTML, like Gecko) Chrome/56.0.2924.87 Safari/537.36"
94.72.101.21 - - [02/Nov/2024:19:58:57 +0000] "GET /services/api/v1/keys.json/prod/.env HTTP/1.1" 404 564 "-" "Mozilla/5.0 (Macintosh; Intel Mac OS X 10_12_3) AppleWebKit/537.36 (KHTML, like Gecko) Chrome/56.0.2924.87 Safari/537.36"
94.72.101.21 - - [02/Nov/2024:19:58:57 +0000] "GET /services/api/v1/keys.json/prod/secrets.yaml HTTP/1.1" 404 564 "-" "Mozilla/5.0 (Macintosh; Intel Mac OS X 10_12_3) AppleWebKit/537.36 (KHTML, like Gecko) Chrome/56.0.2924.87 Safari/537.36"
94.72.101.21 - - [02/Nov/2024:19:58:57 +0000] "GET /services/api/v1/keys.json/prod/vars.tf HTTP/1.1" 404 564 "-" "Mozilla/5.0 (Macintosh; Intel Mac OS X 10_12_3) AppleWebKit/537.36 (KHTML, like Gecko) Chrome/56.0.2924.87 Safari/537.36"
94.72.101.21 - - [02/Nov/2024:19:58:57 +0000] "GET /services/api/v1/keys.json/prod/credentials HTTP/1.1" 404 564 "-" "Mozilla/5.0 (Macintosh; Intel Mac OS X 10_12_3) AppleWebKit/537.36 (KHTML, like Gecko) Chrome/56.0.2924.87 Safari/537.36"
94.72.101.21 - - [02/Nov/2024:19:58:58 +0000] "GET /services/api/v1/keys.json/prod/secrets.json HTTP/1.1" 404 564 "-" "Mozilla/5.0 (Macintosh; Intel Mac OS X 10_12_3) AppleWebKit/537.36 (KHTML, like Gecko) Chrome/56.0.2924.87 Safari/537.36"
94.72.101.21 - - [02/Nov/2024:19:58:58 +0000] "GET /services/api/v1/keys.json/prod/keys.pem HTTP/1.1" 404 564 "-" "Mozilla/5.0 (Macintosh; Intel Mac OS X 10_12_3) AppleWebKit/537.36 (KHTML, like Gecko) Chrome/56.0.2924.87 Safari/537.36"
94.72.101.21 - - [02/Nov/2024:19:58:58 +0000] "GET /services/api/v1/keys.json/prod/settings.ini HTTP/1.1" 404 564 "-" "Mozilla/5.0 (Macintosh; Intel Mac OS X 10_12_3) AppleWebKit/537.36 (KHTML, like Gecko) Chrome/56.0.2924.87 Safari/537.36"
94.72.101.21 - - [02/Nov/2024:19:58:58 +0000] "GET /services/api/v1/keys.json/staging/config.json HTTP/1.1" 404 564 "-" "Mozilla/5.0 (Macintosh; Intel Mac OS X 10_12_3) AppleWebKit/537.36 (KHTML, like Gecko) Chrome/56.0.2924.87 Safari/537.36"
94.72.101.21 - - [02/Nov/2024:19:58:59 +0000] "GET /services/api/v1/keys.json/staging/.env HTTP/1.1" 404 564 "-" "Mozilla/5.0 (Macintosh; Intel Mac OS X 10_12_3) AppleWebKit/537.36 (KHTML, like Gecko) Chrome/56.0.2924.87 Safari/537.36"
94.72.101.21 - - [02/Nov/2024:19:58:59 +0000] "GET /services/api/v1/keys.json/staging/secrets.yaml HTTP/1.1" 404 564 "-" "Mozilla/5.0 (Macintosh; Intel Mac OS X 10_12_3) AppleWebKit/537.36 (KHTML, like Gecko) Chrome/56.0.2924.87 Safari/537.36"
94.72.101.21 - - [02/Nov/2024:19:58:59 +0000] "GET /services/api/v1/keys.json/staging/vars.tf HTTP/1.1" 404 564 "-" "Mozilla/5.0 (Macintosh; Intel Mac OS X 10_12_3) AppleWebKit/537.36 (KHTML, like Gecko) Chrome/56.0.2924.87 Safari/537.36"
94.72.101.21 - - [02/Nov/2024:19:58:59 +0000] "GET /services/api/v1/keys.json/staging/credentials HTTP/1.1" 404 564 "-" "Mozilla/5.0 (Macintosh; Intel Mac OS X 10_12_3) AppleWebKit/537.36 (KHTML, like Gecko) Chrome/56.0.2924.87 Safari/537.36"
94.72.101.21 - - [02/Nov/2024:19:58:59 +0000] "GET /services/api/v1/keys.json/staging/secrets.json HTTP/1.1" 404 564 "-" "Mozilla/5.0 (Macintosh; Intel Mac OS X 10_12_3) AppleWebKit/537.36 (KHTML, like Gecko) Chrome/56.0.2924.87 Safari/537.36"
94.72.101.21 - - [02/Nov/2024:19:59:00 +0000] "GET /services/api/v1/keys.json/staging/keys.pem HTTP/1.1" 404 564 "-" "Mozilla/5.0 (Macintosh; Intel Mac OS X 10_12_3) AppleWebKit/537.36 (KHTML, like Gecko) Chrome/56.0.2924.87 Safari/537.36"
94.72.101.21 - - [02/Nov/2024:19:59:00 +0000] "GET /services/api/v1/keys.json/staging/settings.ini HTTP/1.1" 404 564 "-" "Mozilla/5.0 (Macintosh; Intel Mac OS X 10_12_3) AppleWebKit/537.36 (KHTML, like Gecko) Chrome/56.0.2924.87 Safari/537.36"
94.72.101.21 - - [02/Nov/2024:19:59:01 +0000] "GET /services/api/v1/keys.json/src/config.json HTTP/1.1" 404 564 "-" "Mozilla/5.0 (Macintosh; Intel Mac OS X 10_12_3) AppleWebKit/537.36 (KHTML, like Gecko) Chrome/56.0.2924.87 Safari/537.36"
94.72.101.21 - - [02/Nov/2024:19:59:02 +0000] "GET /services/api/v1/keys.json/src/.env HTTP/1.1" 404 564 "-" "Mozilla/5.0 (Macintosh; Intel Mac OS X 10_12_3) AppleWebKit/537.36 (KHTML, like Gecko) Chrome/56.0.2924.87 Safari/537.36"
94.72.101.21 - - [02/Nov/2024:19:59:02 +0000] "GET /services/api/v1/keys.json/src/secrets.yaml HTTP/1.1" 404 564 "-" "Mozilla/5.0 (Macintosh; Intel Mac OS X 10_12_3) AppleWebKit/537.36 (KHTML, like Gecko) Chrome/56.0.2924.87 Safari/537.36"
94.72.101.21 - - [02/Nov/2024:19:59:02 +0000] "GET /services/api/v1/keys.json/src/vars.tf HTTP/1.1" 404 564 "-" "Mozilla/5.0 (Macintosh; Intel Mac OS X 10_12_3) AppleWebKit/537.36 (KHTML, like Gecko) Chrome/56.0.2924.87 Safari/537.36"
94.72.101.21 - - [02/Nov/2024:19:59:02 +0000] "GET /services/api/v1/keys.json/src/credentials HTTP/1.1" 404 564 "-" "Mozilla/5.0 (Macintosh; Intel Mac OS X 10_12_3) AppleWebKit/537.36 (KHTML, like Gecko) Chrome/56.0.2924.87 Safari/537.36"
94.72.101.21 - - [02/Nov/2024:19:59:02 +0000] "GET /services/api/v1/keys.json/src/secrets.json HTTP/1.1" 404 564 "-" "Mozilla/5.0 (Macintosh; Intel Mac OS X 10_12_3) AppleWebKit/537.36 (KHTML, like Gecko) Chrome/56.0.2924.87 Safari/537.36"
94.72.101.21 - - [02/Nov/2024:19:59:02 +0000] "GET /services/api/v1/keys.json/src/keys.pem HTTP/1.1" 404 564 "-" "Mozilla/5.0 (Macintosh; Intel Mac OS X 10_12_3) AppleWebKit/537.36 (KHTML, like Gecko) Chrome/56.0.2924.87 Safari/537.36"
94.72.101.21 - - [02/Nov/2024:19:59:03 +0000] "GET /services/api/v1/keys.json/src/settings.ini HTTP/1.1" 404 564 "-" "Mozilla/5.0 (Macintosh; Intel Mac OS X 10_12_3) AppleWebKit/537.36 (KHTML, like Gecko) Chrome/56.0.2924.87 Safari/537.36"
94.72.101.21 - - [02/Nov/2024:19:59:04 +0000] "GET /services/api/v1/keys.json/dist/config.json HTTP/1.1" 404 564 "-" "Mozilla/5.0 (Macintosh; Intel Mac OS X 10_12_3) AppleWebKit/537.36 (KHTML, like Gecko) Chrome/56.0.2924.87 Safari/537.36"
94.72.101.21 - - [02/Nov/2024:19:59:04 +0000] "GET /services/api/v1/keys.json/dist/.env HTTP/1.1" 404 564 "-" "Mozilla/5.0 (Macintosh; Intel Mac OS X 10_12_3) AppleWebKit/537.36 (KHTML, like Gecko) Chrome/56.0.2924.87 Safari/537.36"
94.72.101.21 - - [02/Nov/2024:19:59:04 +0000] "GET /services/api/v1/keys.json/dist/secrets.yaml HTTP/1.1" 404 564 "-" "Mozilla/5.0 (Macintosh; Intel Mac OS X 10_12_3) AppleWebKit/537.36 (KHTML, like Gecko) Chrome/56.0.2924.87 Safari/537.36"
94.72.101.21 - - [02/Nov/2024:19:59:04 +0000] "GET /services/api/v1/keys.json/dist/vars.tf HTTP/1.1" 404 564 "-" "Mozilla/5.0 (Macintosh; Intel Mac OS X 10_12_3) AppleWebKit/537.36 (KHTML, like Gecko) Chrome/56.0.2924.87 Safari/537.36"
94.72.101.21 - - [02/Nov/2024:19:59:05 +0000] "GET /services/api/v1/keys.json/dist/credentials HTTP/1.1" 404 564 "-" "Mozilla/5.0 (Macintosh; Intel Mac OS X 10_12_3) AppleWebKit/537.36 (KHTML, like Gecko) Chrome/56.0.2924.87 Safari/537.36"
94.72.101.21 - - [02/Nov/2024:19:59:05 +0000] "GET /services/api/v1/keys.json/dist/secrets.json HTTP/1.1" 404 564 "-" "Mozilla/5.0 (Macintosh; Intel Mac OS X 10_12_3) AppleWebKit/537.36 (KHTML, like Gecko) Chrome/56.0.2924.87 Safari/537.36"
94.72.101.21 - - [02/Nov/2024:19:59:05 +0000] "GET /services/api/v1/keys.json/dist/keys.pem HTTP/1.1" 404 564 "-" "Mozilla/5.0 (Macintosh; Intel Mac OS X 10_12_3) AppleWebKit/537.36 (KHTML, like Gecko) Chrome/56.0.2924.87 Safari/537.36"
94.72.101.21 - - [02/Nov/2024:19:59:05 +0000] "GET /services/api/v1/keys.json/dist/settings.ini HTTP/1.1" 404 564 "-" "Mozilla/5.0 (Macintosh; Intel Mac OS X 10_12_3) AppleWebKit/537.36 (KHTML, like Gecko) Chrome/56.0.2924.87 Safari/537.36"
94.72.101.21 - - [02/Nov/2024:19:59:05 +0000] "GET /services/api/v1/keys.json/config/config.json HTTP/1.1" 404 564 "-" "Mozilla/5.0 (Macintosh; Intel Mac OS X 10_12_3) AppleWebKit/537.36 (KHTML, like Gecko) Chrome/56.0.2924.87 Safari/537.36"
94.72.101.21 - - [02/Nov/2024:19:59:05 +0000] "GET /services/api/v1/keys.json/config/.env HTTP/1.1" 404 564 "-" "Mozilla/5.0 (Macintosh; Intel Mac OS X 10_12_3) AppleWebKit/537.36 (KHTML, like Gecko) Chrome/56.0.2924.87 Safari/537.36"
94.72.101.21 - - [02/Nov/2024:19:59:06 +0000] "GET /services/api/v1/keys.json/config/secrets.yaml HTTP/1.1" 404 564 "-" "Mozilla/5.0 (Macintosh; Intel Mac OS X 10_12_3) AppleWebKit/537.36 (KHTML, like Gecko) Chrome/56.0.2924.87 Safari/537.36"
94.72.101.21 - - [02/Nov/2024:19:59:06 +0000] "GET /services/api/v1/keys.json/config/vars.tf HTTP/1.1" 404 564 "-" "Mozilla/5.0 (Macintosh; Intel Mac OS X 10_12_3) AppleWebKit/537.36 (KHTML, like Gecko) Chrome/56.0.2924.87 Safari/537.36"
94.72.101.21 - - [02/Nov/2024:19:59:06 +0000] "GET /services/api/v1/keys.json/config/credentials HTTP/1.1" 404 564 "-" "Mozilla/5.0 (Macintosh; Intel Mac OS X 10_12_3) AppleWebKit/537.36 (KHTML, like Gecko) Chrome/56.0.2924.87 Safari/537.36"
94.72.101.21 - - [02/Nov/2024:19:59:06 +0000] "GET /services/api/v1/keys.json/config/secrets.json HTTP/1.1" 404 564 "-" "Mozilla/5.0 (Macintosh; Intel Mac OS X 10_12_3) AppleWebKit/537.36 (KHTML, like Gecko) Chrome/56.0.2924.87 Safari/537.36"
94.72.101.21 - - [02/Nov/2024:19:59:06 +0000] "GET /services/api/v1/keys.json/config/keys.pem HTTP/1.1" 404 564 "-" "Mozilla/5.0 (Macintosh; Intel Mac OS X 10_12_3) AppleWebKit/537.36 (KHTML, like Gecko) Chrome/56.0.2924.87 Safari/537.36"
94.72.101.21 - - [02/Nov/2024:19:59:07 +0000] "GET /services/api/v1/keys.json/config/settings.ini HTTP/1.1" 404 564 "-" "Mozilla/5.0 (Macintosh; Intel Mac OS X 10_12_3) AppleWebKit/537.36 (KHTML, like Gecko) Chrome/56.0.2924.87 Safari/537.36"
94.72.101.21 - - [02/Nov/2024:19:59:07 +0000] "GET /services/api/v1/keys.json/backups/config.json HTTP/1.1" 404 564 "-" "Mozilla/5.0 (Macintosh; Intel Mac OS X 10_12_3) AppleWebKit/537.36 (KHTML, like Gecko) Chrome/56.0.2924.87 Safari/537.36"
94.72.101.21 - - [02/Nov/2024:19:59:07 +0000] "GET /services/api/v1/keys.json/backups/.env HTTP/1.1" 404 564 "-" "Mozilla/5.0 (Macintosh; Intel Mac OS X 10_12_3) AppleWebKit/537.36 (KHTML, like Gecko) Chrome/56.0.2924.87 Safari/537.36"
94.72.101.21 - - [02/Nov/2024:19:59:07 +0000] "GET /services/api/v1/keys.json/backups/secrets.yaml HTTP/1.1" 404 564 "-" "Mozilla/5.0 (Macintosh; Intel Mac OS X 10_12_3) AppleWebKit/537.36 (KHTML, like Gecko) Chrome/56.0.2924.87 Safari/537.36"
94.72.101.21 - - [02/Nov/2024:19:59:07 +0000] "GET /services/api/v1/keys.json/backups/vars.tf HTTP/1.1" 404 564 "-" "Mozilla/5.0 (Macintosh; Intel Mac OS X 10_12_3) AppleWebKit/537.36 (KHTML, like Gecko) Chrome/56.0.2924.87 Safari/537.36"
94.72.101.21 - - [02/Nov/2024:19:59:08 +0000] "GET /services/api/v1/keys.json/backups/credentials HTTP/1.1" 404 564 "-" "Mozilla/5.0 (Macintosh; Intel Mac OS X 10_12_3) AppleWebKit/537.36 (KHTML, like Gecko) Chrome/56.0.2924.87 Safari/537.36"
94.72.101.21 - - [02/Nov/2024:19:59:08 +0000] "GET /services/api/v1/keys.json/backups/secrets.json HTTP/1.1" 404 564 "-" "Mozilla/5.0 (Macintosh; Intel Mac OS X 10_12_3) AppleWebKit/537.36 (KHTML, like Gecko) Chrome/56.0.2924.87 Safari/537.36"
94.72.101.21 - - [02/Nov/2024:19:59:08 +0000] "GET /services/api/v1/keys.json/backups/keys.pem HTTP/1.1" 404 564 "-" "Mozilla/5.0 (Macintosh; Intel Mac OS X 10_12_3) AppleWebKit/537.36 (KHTML, like Gecko) Chrome/56.0.2924.87 Safari/537.36"
94.72.101.21 - - [02/Nov/2024:19:59:08 +0000] "GET /services/api/v1/keys.json/backups/settings.ini HTTP/1.1" 404 564 "-" "Mozilla/5.0 (Macintosh; Intel Mac OS X 10_12_3) AppleWebKit/537.36 (KHTML, like Gecko) Chrome/56.0.2924.87 Safari/537.36"
94.72.101.21 - - [02/Nov/2024:19:59:08 +0000] "GET /services/api/v1/keys.json/data/config.json HTTP/1.1" 404 564 "-" "Mozilla/5.0 (Macintosh; Intel Mac OS X 10_12_3) AppleWebKit/537.36 (KHTML, like Gecko) Chrome/56.0.2924.87 Safari/537.36"
94.72.101.21 - - [02/Nov/2024:19:59:08 +0000] "GET /services/api/v1/keys.json/data/.env HTTP/1.1" 404 564 "-" "Mozilla/5.0 (Macintosh; Intel Mac OS X 10_12_3) AppleWebKit/537.36 (KHTML, like Gecko) Chrome/56.0.2924.87 Safari/537.36"
94.72.101.21 - - [02/Nov/2024:19:59:09 +0000] "GET /services/api/v1/keys.json/data/secrets.yaml HTTP/1.1" 404 564 "-" "Mozilla/5.0 (Macintosh; Intel Mac OS X 10_12_3) AppleWebKit/537.36 (KHTML, like Gecko) Chrome/56.0.2924.87 Safari/537.36"
94.72.101.21 - - [02/Nov/2024:19:59:09 +0000] "GET /services/api/v1/keys.json/data/vars.tf HTTP/1.1" 404 564 "-" "Mozilla/5.0 (Macintosh; Intel Mac OS X 10_12_3) AppleWebKit/537.36 (KHTML, like Gecko) Chrome/56.0.2924.87 Safari/537.36"
94.72.101.21 - - [02/Nov/2024:19:59:09 +0000] "GET /services/api/v1/keys.json/data/credentials HTTP/1.1" 404 564 "-" "Mozilla/5.0 (Macintosh; Intel Mac OS X 10_12_3) AppleWebKit/537.36 (KHTML, like Gecko) Chrome/56.0.2924.87 Safari/537.36"
94.72.101.21 - - [02/Nov/2024:19:59:09 +0000] "GET /services/api/v1/keys.json/data/secrets.json HTTP/1.1" 404 564 "-" "Mozilla/5.0 (Macintosh; Intel Mac OS X 10_12_3) AppleWebKit/537.36 (KHTML, like Gecko) Chrome/56.0.2924.87 Safari/537.36"
94.72.101.21 - - [02/Nov/2024:19:59:09 +0000] "GET /services/api/v1/keys.json/data/keys.pem HTTP/1.1" 404 564 "-" "Mozilla/5.0 (Macintosh; Intel Mac OS X 10_12_3) AppleWebKit/537.36 (KHTML, like Gecko) Chrome/56.0.2924.87 Safari/537.36"
94.72.101.21 - - [02/Nov/2024:19:59:10 +0000] "GET /services/api/v1/keys.json/data/settings.ini HTTP/1.1" 404 564 "-" "Mozilla/5.0 (Macintosh; Intel Mac OS X 10_12_3) AppleWebKit/537.36 (KHTML, like Gecko) Chrome/56.0.2924.87 Safari/537.36"
94.72.101.21 - - [02/Nov/2024:19:59:10 +0000] "GET /.env HTTP/1.1" 404 564 "-" "Mozilla/5.0 (Macintosh; Intel Mac OS X 10_12_3) AppleWebKit/537.36 (KHTML, like Gecko) Chrome/56.0.2924.87 Safari/537.36"
94.72.101.21 - - [02/Nov/2024:19:59:10 +0000] "GET /.remote HTTP/1.1" 404 564 "-" "Mozilla/5.0 (Macintosh; Intel Mac OS X 10_12_3) AppleWebKit/537.36 (KHTML, like Gecko) Chrome/56.0.2924.87 Safari/537.36"
94.72.101.21 - - [02/Nov/2024:19:59:11 +0000] "GET /.local HTTP/1.1" 404 564 "-" "Mozilla/5.0 (Macintosh; Intel Mac OS X 10_12_3) AppleWebKit/537.36 (KHTML, like Gecko) Chrome/56.0.2924.87 Safari/537.36"
94.72.101.21 - - [02/Nov/2024:19:59:11 +0000] "GET /.production HTTP/1.1" 404 564 "-" "Mozilla/5.0 (Macintosh; Intel Mac OS X 10_12_3) AppleWebKit/537.36 (KHTML, like Gecko) Chrome/56.0.2924.87 Safari/537.36"
94.72.101.21 - - [02/Nov/2024:19:59:11 +0000] "GET /vendor/.env HTTP/1.1" 404 564 "-" "Mozilla/5.0 (Macintosh; Intel Mac OS X 10_12_3) AppleWebKit/537.36 (KHTML, like Gecko) Chrome/56.0.2924.87 Safari/537.36"
94.72.101.21 - - [02/Nov/2024:19:59:11 +0000] "GET /lib/.env HTTP/1.1" 404 564 "-" "Mozilla/5.0 (Macintosh; Intel Mac OS X 10_12_3) AppleWebKit/537.36 (KHTML, like Gecko) Chrome/56.0.2924.87 Safari/537.36"
94.72.101.21 - - [02/Nov/2024:19:59:11 +0000] "GET /lab/.env HTTP/1.1" 404 564 "-" "Mozilla/5.0 (Macintosh; Intel Mac OS X 10_12_3) AppleWebKit/537.36 (KHTML, like Gecko) Chrome/56.0.2924.87 Safari/537.36"
94.72.101.21 - - [02/Nov/2024:19:59:11 +0000] "GET /cronlab/.env HTTP/1.1" 404 564 "-" "Mozilla/5.0 (Macintosh; Intel Mac OS X 10_12_3) AppleWebKit/537.36 (KHTML, like Gecko) Chrome/56.0.2924.87 Safari/537.36"
94.72.101.21 - - [02/Nov/2024:19:59:12 +0000] "GET /cron/.env HTTP/1.1" 404 564 "-" "Mozilla/5.0 (Macintosh; Intel Mac OS X 10_12_3) AppleWebKit/537.36 (KHTML, like Gecko) Chrome/56.0.2924.87 Safari/537.36"
94.72.101.21 - - [02/Nov/2024:19:59:12 +0000] "GET /core/.env HTTP/1.1" 404 564 "-" "Mozilla/5.0 (Macintosh; Intel Mac OS X 10_12_3) AppleWebKit/537.36 (KHTML, like Gecko) Chrome/56.0.2924.87 Safari/537.36"
94.72.101.21 - - [02/Nov/2024:19:59:12 +0000] "GET /core/app/.env HTTP/1.1" 404 564 "-" "Mozilla/5.0 (Macintosh; Intel Mac OS X 10_12_3) AppleWebKit/537.36 (KHTML, like Gecko) Chrome/56.0.2924.87 Safari/537.36"
94.72.101.21 - - [02/Nov/2024:19:59:12 +0000] "GET /core/Datavase/.env HTTP/1.1" 404 564 "-" "Mozilla/5.0 (Macintosh; Intel Mac OS X 10_12_3) AppleWebKit/537.36 (KHTML, like Gecko) Chrome/56.0.2924.87 Safari/537.36"
94.72.101.21 - - [02/Nov/2024:19:59:12 +0000] "GET /database/.env HTTP/1.1" 404 564 "-" "Mozilla/5.0 (Macintosh; Intel Mac OS X 10_12_3) AppleWebKit/537.36 (KHTML, like Gecko) Chrome/56.0.2924.87 Safari/537.36"
94.72.101.21 - - [02/Nov/2024:19:59:13 +0000] "GET /config/.env HTTP/1.1" 404 564 "-" "Mozilla/5.0 (Macintosh; Intel Mac OS X 10_12_3) AppleWebKit/537.36 (KHTML, like Gecko) Chrome/56.0.2924.87 Safari/537.36"
94.72.101.21 - - [02/Nov/2024:19:59:13 +0000] "GET /assets/.env HTTP/1.1" 404 564 "-" "Mozilla/5.0 (Macintosh; Intel Mac OS X 10_12_3) AppleWebKit/537.36 (KHTML, like Gecko) Chrome/56.0.2924.87 Safari/537.36"
94.72.101.21 - - [02/Nov/2024:19:59:13 +0000] "GET /app/.env HTTP/1.1" 404 564 "-" "Mozilla/5.0 (Macintosh; Intel Mac OS X 10_12_3) AppleWebKit/537.36 (KHTML, like Gecko) Chrome/56.0.2924.87 Safari/537.36"
94.72.101.21 - - [02/Nov/2024:19:59:14 +0000] "GET /apps/.env HTTP/1.1" 404 564 "-" "Mozilla/5.0 (Macintosh; Intel Mac OS X 10_12_3) AppleWebKit/537.36 (KHTML, like Gecko) Chrome/56.0.2924.87 Safari/537.36"
94.72.101.21 - - [02/Nov/2024:19:59:14 +0000] "GET /uploads/.env HTTP/1.1" 404 564 "-" "Mozilla/5.0 (Macintosh; Intel Mac OS X 10_12_3) AppleWebKit/537.36 (KHTML, like Gecko) Chrome/56.0.2924.87 Safari/537.36"
94.72.101.21 - - [02/Nov/2024:19:59:14 +0000] "GET /sitemaps/.env HTTP/1.1" 404 564 "-" "Mozilla/5.0 (Macintosh; Intel Mac OS X 10_12_3) AppleWebKit/537.36 (KHTML, like Gecko) Chrome/56.0.2924.87 Safari/537.36"
94.72.101.21 - - [02/Nov/2024:19:59:14 +0000] "GET /saas/.env HTTP/1.1" 404 564 "-" "Mozilla/5.0 (Macintosh; Intel Mac OS X 10_12_3) AppleWebKit/537.36 (KHTML, like Gecko) Chrome/56.0.2924.87 Safari/537.36"
94.72.101.21 - - [02/Nov/2024:19:59:15 +0000] "GET /api/.env HTTP/1.1" 404 564 "-" "Mozilla/5.0 (Macintosh; Intel Mac OS X 10_12_3) AppleWebKit/537.36 (KHTML, like Gecko) Chrome/56.0.2924.87 Safari/537.36"
94.72.101.21 - - [02/Nov/2024:19:59:15 +0000] "GET /psnlink/.env HTTP/1.1" 404 564 "-" "Mozilla/5.0 (Macintosh; Intel Mac OS X 10_12_3) AppleWebKit/537.36 (KHTML, like Gecko) Chrome/56.0.2924.87 Safari/537.36"
94.72.101.21 - - [02/Nov/2024:19:59:15 +0000] "GET /exapi/.env HTTP/1.1" 404 564 "-" "Mozilla/5.0 (Macintosh; Intel Mac OS X 10_12_3) AppleWebKit/537.36 (KHTML, like Gecko) Chrome/56.0.2924.87 Safari/537.36"
94.72.101.21 - - [02/Nov/2024:19:59:15 +0000] "GET /site/.env HTTP/1.1" 404 564 "-" "Mozilla/5.0 (Macintosh; Intel Mac OS X 10_12_3) AppleWebKit/537.36 (KHTML, like Gecko) Chrome/56.0.2924.87 Safari/537.36"
94.72.101.21 - - [02/Nov/2024:19:59:15 +0000] "GET /admin/.env HTTP/1.1" 404 564 "-" "Mozilla/5.0 (Macintosh; Intel Mac OS X 10_12_3) AppleWebKit/537.36 (KHTML, like Gecko) Chrome/56.0.2924.87 Safari/537.36"
94.72.101.21 - - [02/Nov/2024:19:59:16 +0000] "GET /web/.env HTTP/1.1" 404 564 "-" "Mozilla/5.0 (Macintosh; Intel Mac OS X 10_12_3) AppleWebKit/537.36 (KHTML, like Gecko) Chrome/56.0.2924.87 Safari/537.36"
94.72.101.21 - - [02/Nov/2024:19:59:16 +0000] "GET /public/.env HTTP/1.1" 404 564 "-" "Mozilla/5.0 (Macintosh; Intel Mac OS X 10_12_3) AppleWebKit/537.36 (KHTML, like Gecko) Chrome/56.0.2924.87 Safari/537.36"
94.72.101.21 - - [02/Nov/2024:19:59:16 +0000] "GET /en/.env HTTP/1.1" 404 564 "-" "Mozilla/5.0 (Macintosh; Intel Mac OS X 10_12_3) AppleWebKit/537.36 (KHTML, like Gecko) Chrome/56.0.2924.87 Safari/537.36"
94.72.101.21 - - [02/Nov/2024:19:59:16 +0000] "GET /tools/.env HTTP/1.1" 404 564 "-" "Mozilla/5.0 (Macintosh; Intel Mac OS X 10_12_3) AppleWebKit/537.36 (KHTML, like Gecko) Chrome/56.0.2924.87 Safari/537.36"
94.72.101.21 - - [02/Nov/2024:19:59:17 +0000] "GET /v1/.env HTTP/1.1" 404 564 "-" "Mozilla/5.0 (Macintosh; Intel Mac OS X 10_12_3) AppleWebKit/537.36 (KHTML, like Gecko) Chrome/56.0.2924.87 Safari/537.36"
94.72.101.21 - - [02/Nov/2024:19:59:17 +0000] "GET /v2/.env HTTP/1.1" 404 564 "-" "Mozilla/5.0 (Macintosh; Intel Mac OS X 10_12_3) AppleWebKit/537.36 (KHTML, like Gecko) Chrome/56.0.2924.87 Safari/537.36"
94.72.101.21 - - [02/Nov/2024:19:59:17 +0000] "GET /administrator/.env HTTP/1.1" 404 564 "-" "Mozilla/5.0 (Macintosh; Intel Mac OS X 10_12_3) AppleWebKit/537.36 (KHTML, like Gecko) Chrome/56.0.2924.87 Safari/537.36"
94.72.101.21 - - [02/Nov/2024:19:59:17 +0000] "GET /laravel/.env HTTP/1.1" 404 564 "-" "Mozilla/5.0 (Macintosh; Intel Mac OS X 10_12_3) AppleWebKit/537.36 (KHTML, like Gecko) Chrome/56.0.2924.87 Safari/537.36"
94.72.101.21 - - [02/Nov/2024:19:59:18 +0000] "GET /sendgrid.env HTTP/1.1" 404 564 "-" "Mozilla/5.0 (Macintosh; Intel Mac OS X 10_12_3) AppleWebKit/537.36 (KHTML, like Gecko) Chrome/56.0.2924.87 Safari/537.36"
94.72.101.21 - - [02/Nov/2024:19:59:18 +0000] "GET /storage/.env HTTP/1.1" 404 564 "-" "Mozilla/5.0 (Macintosh; Intel Mac OS X 10_12_3) AppleWebKit/537.36 (KHTML, like Gecko) Chrome/56.0.2924.87 Safari/537.36"
94.72.101.21 - - [02/Nov/2024:19:59:18 +0000] "GET /__tests__/test-become/.env HTTP/1.1" 404 564 "-" "Mozilla/5.0 (Macintosh; Intel Mac OS X 10_12_3) AppleWebKit/537.36 (KHTML, like Gecko) Chrome/56.0.2924.87 Safari/537.36"
94.72.101.21 - - [02/Nov/2024:19:59:19 +0000] "GET /redmine/.env HTTP/1.1" 404 564 "-" "Mozilla/5.0 (Macintosh; Intel Mac OS X 10_12_3) AppleWebKit/537.36 (KHTML, like Gecko) Chrome/56.0.2924.87 Safari/537.36"
94.72.101.21 - - [02/Nov/2024:19:59:19 +0000] "GET /gists/cache HTTP/1.1" 404 564 "-" "Mozilla/5.0 (Macintosh; Intel Mac OS X 10_12_3) AppleWebKit/537.36 (KHTML, like Gecko) Chrome/56.0.2924.87 Safari/537.36"
94.72.101.21 - - [02/Nov/2024:19:59:19 +0000] "GET /backend/.env HTTP/1.1" 404 564 "-" "Mozilla/5.0 (Macintosh; Intel Mac OS X 10_12_3) AppleWebKit/537.36 (KHTML, like Gecko) Chrome/56.0.2924.87 Safari/537.36"
94.72.101.21 - - [02/Nov/2024:19:59:20 +0000] "GET /.env.example HTTP/1.1" 404 564 "-" "Mozilla/5.0 (Macintosh; Intel Mac OS X 10_12_3) AppleWebKit/537.36 (KHTML, like Gecko) Chrome/56.0.2924.87 Safari/537.36"
94.72.101.21 - - [02/Nov/2024:19:59:20 +0000] "GET /main/.env HTTP/1.1" 404 564 "-" "Mozilla/5.0 (Macintosh; Intel Mac OS X 10_12_3) AppleWebKit/537.36 (KHTML, like Gecko) Chrome/56.0.2924.87 Safari/537.36"
94.72.101.21 - - [02/Nov/2024:19:59:20 +0000] "GET /docs/.env HTTP/1.1" 404 564 "-" "Mozilla/5.0 (Macintosh; Intel Mac OS X 10_12_3) AppleWebKit/537.36 (KHTML, like Gecko) Chrome/56.0.2924.87 Safari/537.36"
94.72.101.21 - - [02/Nov/2024:19:59:20 +0000] "GET /client/.env HTTP/1.1" 404 564 "-" "Mozilla/5.0 (Macintosh; Intel Mac OS X 10_12_3) AppleWebKit/537.36 (KHTML, like Gecko) Chrome/56.0.2924.87 Safari/537.36"
94.72.101.21 - - [02/Nov/2024:19:59:20 +0000] "GET /blog/.env HTTP/1.1" 404 564 "-" "Mozilla/5.0 (Macintosh; Intel Mac OS X 10_12_3) AppleWebKit/537.36 (KHTML, like Gecko) Chrome/56.0.2924.87 Safari/537.36"
94.72.101.21 - - [02/Nov/2024:19:59:20 +0000] "GET /.env.dev HTTP/1.1" 404 564 "-" "Mozilla/5.0 (Macintosh; Intel Mac OS X 10_12_3) AppleWebKit/537.36 (KHTML, like Gecko) Chrome/56.0.2924.87 Safari/537.36"
94.72.101.21 - - [02/Nov/2024:19:59:21 +0000] "GET /blogs/.env HTTP/1.1" 404 564 "-" "Mozilla/5.0 (Macintosh; Intel Mac OS X 10_12_3) AppleWebKit/537.36 (KHTML, like Gecko) Chrome/56.0.2924.87 Safari/537.36"
94.72.101.21 - - [02/Nov/2024:19:59:21 +0000] "GET /shared/.env HTTP/1.1" 404 564 "-" "Mozilla/5.0 (Macintosh; Intel Mac OS X 10_12_3) AppleWebKit/537.36 (KHTML, like Gecko) Chrome/56.0.2924.87 Safari/537.36"
94.72.101.21 - - [02/Nov/2024:19:59:21 +0000] "GET /download/.env HTTP/1.1" 404 564 "-" "Mozilla/5.0 (Macintosh; Intel Mac OS X 10_12_3) AppleWebKit/537.36 (KHTML, like Gecko) Chrome/56.0.2924.87 Safari/537.36"
94.72.101.21 - - [02/Nov/2024:19:59:21 +0000] "GET /.env.php HTTP/1.1" 404 564 "-" "Mozilla/5.0 (Macintosh; Intel Mac OS X 10_12_3) AppleWebKit/537.36 (KHTML, like Gecko) Chrome/56.0.2924.87 Safari/537.36"
94.72.101.21 - - [02/Nov/2024:19:59:21 +0000] "GET /sites/.env HTTP/1.1" 404 564 "-" "Mozilla/5.0 (Macintosh; Intel Mac OS X 10_12_3) AppleWebKit/537.36 (KHTML, like Gecko) Chrome/56.0.2924.87 Safari/537.36"
94.72.101.21 - - [02/Nov/2024:19:59:21 +0000] "GET /web/.env] HTTP/1.1" 404 564 "-" "Mozilla/5.0 (Macintosh; Intel Mac OS X 10_12_3) AppleWebKit/537.36 (KHTML, like Gecko) Chrome/56.0.2924.87 Safari/537.36"
94.72.101.21 - - [02/Nov/2024:19:59:22 +0000] "GET /.env.bak HTTP/1.1" 404 564 "-" "Mozilla/5.0 (Macintosh; Intel Mac OS X 10_12_3) AppleWebKit/537.36 (KHTML, like Gecko) Chrome/56.0.2924.87 Safari/537.36"
94.72.101.21 - - [02/Nov/2024:19:59:22 +0000] "GET /.env.live HTTP/1.1" 404 564 "-" "Mozilla/5.0 (Macintosh; Intel Mac OS X 10_12_3) AppleWebKit/537.36 (KHTML, like Gecko) Chrome/56.0.2924.87 Safari/537.36"
94.72.101.21 - - [02/Nov/2024:19:59:22 +0000] "GET /.env.swp HTTP/1.1" 404 564 "-" "Mozilla/5.0 (Macintosh; Intel Mac OS X 10_12_3) AppleWebKit/537.36 (KHTML, like Gecko) Chrome/56.0.2924.87 Safari/537.36"
94.72.101.21 - - [02/Nov/2024:19:59:22 +0000] "GET /.env.uat HTTP/1.1" 404 564 "-" "Mozilla/5.0 (Macintosh; Intel Mac OS X 10_12_3) AppleWebKit/537.36 (KHTML, like Gecko) Chrome/56.0.2924.87 Safari/537.36"
94.72.101.21 - - [02/Nov/2024:19:59:22 +0000] "GET /.aws/credentials HTTP/1.1" 404 564 "-" "Mozilla/5.0 (Macintosh; Intel Mac OS X 10_12_3) AppleWebKit/537.36 (KHTML, like Gecko) Chrome/56.0.2924.87 Safari/537.36"
94.72.101.21 - - [02/Nov/2024:19:59:23 +0000] "GET /.env.old HTTP/1.1" 404 564 "-" "Mozilla/5.0 (Macintosh; Intel Mac OS X 10_12_3) AppleWebKit/537.36 (KHTML, like Gecko) Chrome/56.0.2924.87 Safari/537.36"
94.72.101.21 - - [02/Nov/2024:19:59:23 +0000] "GET /.env.www HTTP/1.1" 404 564 "-" "Mozilla/5.0 (Macintosh; Intel Mac OS X 10_12_3) AppleWebKit/537.36 (KHTML, like Gecko) Chrome/56.0.2924.87 Safari/537.36"
94.72.101.21 - - [02/Nov/2024:19:59:23 +0000] "GET /.env_1 HTTP/1.1" 404 564 "-" "Mozilla/5.0 (Macintosh; Intel Mac OS X 10_12_3) AppleWebKit/537.36 (KHTML, like Gecko) Chrome/56.0.2924.87 Safari/537.36"
94.72.101.21 - - [02/Nov/2024:19:59:24 +0000] "GET /.env_sample HTTP/1.1" 404 564 "-" "Mozilla/5.0 (Macintosh; Intel Mac OS X 10_12_3) AppleWebKit/537.36 (KHTML, like Gecko) Chrome/56.0.2924.87 Safari/537.36"
94.72.101.21 - - [02/Nov/2024:19:59:24 +0000] "GET /_static/.env HTTP/1.1" 404 564 "-" "Mozilla/5.0 (Macintosh; Intel Mac OS X 10_12_3) AppleWebKit/537.36 (KHTML, like Gecko) Chrome/56.0.2924.87 Safari/537.36"
94.72.101.21 - - [02/Nov/2024:19:59:25 +0000] "GET /.docker/.env HTTP/1.1" 404 564 "-" "Mozilla/5.0 (Macintosh; Intel Mac OS X 10_12_3) AppleWebKit/537.36 (KHTML, like Gecko) Chrome/56.0.2924.87 Safari/537.36"
94.72.101.21 - - [02/Nov/2024:19:59:25 +0000] "GET /.env.backup HTTP/1.1" 404 564 "-" "Mozilla/5.0 (Macintosh; Intel Mac OS X 10_12_3) AppleWebKit/537.36 (KHTML, like Gecko) Chrome/56.0.2924.87 Safari/537.36"
94.72.101.21 - - [02/Nov/2024:19:59:25 +0000] "GET /product/.env.staging HTTP/1.1" 404 564 "-" "Mozilla/5.0 (Macintosh; Intel Mac OS X 10_12_3) AppleWebKit/537.36 (KHTML, like Gecko) Chrome/56.0.2924.87 Safari/537.36"
94.72.101.21 - - [02/Nov/2024:19:59:25 +0000] "GET /content/.env HTTP/1.1" 404 564 "-" "Mozilla/5.0 (Macintosh; Intel Mac OS X 10_12_3) AppleWebKit/537.36 (KHTML, like Gecko) Chrome/56.0.2924.87 Safari/537.36"
94.72.101.21 - - [02/Nov/2024:19:59:26 +0000] "GET /storage/.env.local HTTP/1.1" 404 564 "-" "Mozilla/5.0 (Macintosh; Intel Mac OS X 10_12_3) AppleWebKit/537.36 (KHTML, like Gecko) Chrome/56.0.2924.87 Safari/537.36"
94.72.101.21 - - [02/Nov/2024:19:59:26 +0000] "GET /.env.local HTTP/1.1" 404 564 "-" "Mozilla/5.0 (Macintosh; Intel Mac OS X 10_12_3) AppleWebKit/537.36 (KHTML, like Gecko) Chrome/56.0.2924.87 Safari/537.36"
94.72.101.21 - - [02/Nov/2024:19:59:26 +0000] "GET /media/.env HTTP/1.1" 404 564 "-" "Mozilla/5.0 (Macintosh; Intel Mac OS X 10_12_3) AppleWebKit/537.36 (KHTML, like Gecko) Chrome/56.0.2924.87 Safari/537.36"
94.72.101.21 - - [02/Nov/2024:19:59:27 +0000] "GET /.env.save HTTP/1.1" 404 564 "-" "Mozilla/5.0 (Macintosh; Intel Mac OS X 10_12_3) AppleWebKit/537.36 (KHTML, like Gecko) Chrome/56.0.2924.87 Safari/537.36"
94.72.101.21 - - [02/Nov/2024:19:59:27 +0000] "GET /user/.env.staging HTTP/1.1" 404 564 "-" "Mozilla/5.0 (Macintosh; Intel Mac OS X 10_12_3) AppleWebKit/537.36 (KHTML, like Gecko) Chrome/56.0.2924.87 Safari/537.36"
94.72.101.21 - - [02/Nov/2024:19:59:27 +0000] "GET /files/.env HTTP/1.1" 404 564 "-" "Mozilla/5.0 (Macintosh; Intel Mac OS X 10_12_3) AppleWebKit/537.36 (KHTML, like Gecko) Chrome/56.0.2924.87 Safari/537.36"
94.72.101.21 - - [02/Nov/2024:19:59:27 +0000] "GET /.env.production HTTP/1.1" 404 564 "-" "Mozilla/5.0 (Macintosh; Intel Mac OS X 10_12_3) AppleWebKit/537.36 (KHTML, like Gecko) Chrome/56.0.2924.87 Safari/537.36"
94.72.101.21 - - [02/Nov/2024:19:59:27 +0000] "GET /env/.env HTTP/1.1" 404 564 "-" "Mozilla/5.0 (Macintosh; Intel Mac OS X 10_12_3) AppleWebKit/537.36 (KHTML, like Gecko) Chrome/56.0.2924.87 Safari/537.36"
94.72.101.21 - - [02/Nov/2024:19:59:27 +0000] "GET /icons/.env HTTP/1.1" 404 564 "-" "Mozilla/5.0 (Macintosh; Intel Mac OS X 10_12_3) AppleWebKit/537.36 (KHTML, like Gecko) Chrome/56.0.2924.87 Safari/537.36"
94.72.101.21 - - [02/Nov/2024:19:59:28 +0000] "GET /index.js HTTP/1.1" 404 564 "-" "Mozilla/5.0 (Macintosh; Intel Mac OS X 10_12_3) AppleWebKit/537.36 (KHTML, like Gecko) Chrome/56.0.2924.87 Safari/537.36"
94.72.101.21 - - [02/Nov/2024:19:59:28 +0000] "GET /index.json HTTP/1.1" 404 564 "-" "Mozilla/5.0 (Macintosh; Intel Mac OS X 10_12_3) AppleWebKit/537.36 (KHTML, like Gecko) Chrome/56.0.2924.87 Safari/537.36"
94.72.101.21 - - [02/Nov/2024:19:59:28 +0000] "GET /index.php HTTP/1.1" 404 564 "-" "Mozilla/5.0 (Macintosh; Intel Mac OS X 10_12_3) AppleWebKit/537.36 (KHTML, like Gecko) Chrome/56.0.2924.87 Safari/537.36"
94.72.101.21 - - [02/Nov/2024:19:59:29 +0000] "GET /index1.php HTTP/1.1" 404 564 "-" "Mozilla/5.0 (Macintosh; Intel Mac OS X 10_12_3) AppleWebKit/537.36 (KHTML, like Gecko) Chrome/56.0.2924.87 Safari/537.36"
94.72.101.21 - - [02/Nov/2024:19:59:29 +0000] "GET /.environment HTTP/1.1" 404 564 "-" "Mozilla/5.0 (Macintosh; Intel Mac OS X 10_12_3) AppleWebKit/537.36 (KHTML, like Gecko) Chrome/56.0.2924.87 Safari/537.36"
94.72.101.21 - - [02/Nov/2024:19:59:29 +0000] "GET /conf/.env HTTP/1.1" 404 564 "-" "Mozilla/5.0 (Macintosh; Intel Mac OS X 10_12_3) AppleWebKit/537.36 (KHTML, like Gecko) Chrome/56.0.2924.87 Safari/537.36"
94.72.101.21 - - [02/Nov/2024:19:59:29 +0000] "GET /wp-content/.env HTTP/1.1" 404 564 "-" "Mozilla/5.0 (Macintosh; Intel Mac OS X 10_12_3) AppleWebKit/537.36 (KHTML, like Gecko) Chrome/56.0.2924.87 Safari/537.36"
94.72.101.21 - - [02/Nov/2024:19:59:29 +0000] "GET /wp-admin/.env HTTP/1.1" 404 564 "-" "Mozilla/5.0 (Macintosh; Intel Mac OS X 10_12_3) AppleWebKit/537.36 (KHTML, like Gecko) Chrome/56.0.2924.87 Safari/537.36"
94.72.101.21 - - [02/Nov/2024:19:59:29 +0000] "GET /library/.env HTTP/1.1" 404 564 "-" "Mozilla/5.0 (Macintosh; Intel Mac OS X 10_12_3) AppleWebKit/537.36 (KHTML, like Gecko) Chrome/56.0.2924.87 Safari/537.36"
94.72.101.21 - - [02/Nov/2024:19:59:30 +0000] "GET /new/.env HTTP/1.1" 404 564 "-" "Mozilla/5.0 (Macintosh; Intel Mac OS X 10_12_3) AppleWebKit/537.36 (KHTML, like Gecko) Chrome/56.0.2924.87 Safari/537.36"
94.72.101.21 - - [02/Nov/2024:19:59:30 +0000] "GET /old/.env HTTP/1.1" 404 564 "-" "Mozilla/5.0 (Macintosh; Intel Mac OS X 10_12_3) AppleWebKit/537.36 (KHTML, like Gecko) Chrome/56.0.2924.87 Safari/537.36"
94.72.101.21 - - [02/Nov/2024:19:59:32 +0000] "GET /local/.env HTTP/1.1" 404 564 "-" "Mozilla/5.0 (Macintosh; Intel Mac OS X 10_12_3) AppleWebKit/537.36 (KHTML, like Gecko) Chrome/56.0.2924.87 Safari/537.36"
94.72.101.21 - - [02/Nov/2024:19:59:32 +0000] "GET /crm/.env HTTP/1.1" 404 564 "-" "Mozilla/5.0 (Macintosh; Intel Mac OS X 10_12_3) AppleWebKit/537.36 (KHTML, like Gecko) Chrome/56.0.2924.87 Safari/537.36"
94.72.101.21 - - [02/Nov/2024:19:59:32 +0000] "GET /app/config/.env HTTP/1.1" 404 564 "-" "Mozilla/5.0 (Macintosh; Intel Mac OS X 10_12_3) AppleWebKit/537.36 (KHTML, like Gecko) Chrome/56.0.2924.87 Safari/537.36"
94.72.101.21 - - [02/Nov/2024:19:59:33 +0000] "GET /audio/.env HTTP/1.1" 404 564 "-" "Mozilla/5.0 (Macintosh; Intel Mac OS X 10_12_3) AppleWebKit/537.36 (KHTML, like Gecko) Chrome/56.0.2924.87 Safari/537.36"
94.72.101.21 - - [02/Nov/2024:19:59:33 +0000] "GET /cgi-bin/.env HTTP/1.1" 404 564 "-" "Mozilla/5.0 (Macintosh; Intel Mac OS X 10_12_3) AppleWebKit/537.36 (KHTML, like Gecko) Chrome/56.0.2924.87 Safari/537.36"
94.72.101.21 - - [02/Nov/2024:19:59:33 +0000] "GET /src/.env HTTP/1.1" 404 564 "-" "Mozilla/5.0 (Macintosh; Intel Mac OS X 10_12_3) AppleWebKit/537.36 (KHTML, like Gecko) Chrome/56.0.2924.87 Safari/537.36"
94.72.101.21 - - [02/Nov/2024:19:59:34 +0000] "GET /base/.env HTTP/1.1" 404 564 "-" "Mozilla/5.0 (Macintosh; Intel Mac OS X 10_12_3) AppleWebKit/537.36 (KHTML, like Gecko) Chrome/56.0.2924.87 Safari/537.36"
94.72.101.21 - - [02/Nov/2024:19:59:34 +0000] "GET /vendor/laravel/.env HTTP/1.1" 404 564 "-" "Mozilla/5.0 (Macintosh; Intel Mac OS X 10_12_3) AppleWebKit/537.36 (KHTML, like Gecko) Chrome/56.0.2924.87 Safari/537.36"
94.72.101.21 - - [02/Nov/2024:19:59:34 +0000] "GET /protected/.env HTTP/1.1" 404 564 "-" "Mozilla/5.0 (Macintosh; Intel Mac OS X 10_12_3) AppleWebKit/537.36 (KHTML, like Gecko) Chrome/56.0.2924.87 Safari/537.36"
94.72.101.21 - - [02/Nov/2024:19:59:35 +0000] "GET /newsite/.env HTTP/1.1" 404 564 "-" "Mozilla/5.0 (Macintosh; Intel Mac OS X 10_12_3) AppleWebKit/537.36 (KHTML, like Gecko) Chrome/56.0.2924.87 Safari/537.36"
94.72.101.21 - - [02/Nov/2024:19:59:35 +0000] "GET /www/.env HTTP/1.1" 404 564 "-" "Mozilla/5.0 (Macintosh; Intel Mac OS X 10_12_3) AppleWebKit/537.36 (KHTML, like Gecko) Chrome/56.0.2924.87 Safari/537.36"
94.72.101.21 - - [02/Nov/2024:19:59:35 +0000] "GET /sites/all/libraries/mailchimp/.env HTTP/1.1" 404 564 "-" "Mozilla/5.0 (Macintosh; Intel Mac OS X 10_12_3) AppleWebKit/537.36 (KHTML, like Gecko) Chrome/56.0.2924.87 Safari/537.36"
94.72.101.21 - - [02/Nov/2024:19:59:35 +0000] "GET /aws.env HTTP/1.1" 404 564 "-" "Mozilla/5.0 (Macintosh; Intel Mac OS X 10_12_3) AppleWebKit/537.36 (KHTML, like Gecko) Chrome/56.0.2924.87 Safari/537.36"
94.72.101.21 - - [02/Nov/2024:19:59:35 +0000] "GET /_profiler/phpinfo HTTP/1.1" 404 564 "-" "Mozilla/5.0 (Macintosh; Intel Mac OS X 10_12_3) AppleWebKit/537.36 (KHTML, like Gecko) Chrome/56.0.2924.87 Safari/537.36"
94.72.101.21 - - [02/Nov/2024:19:59:35 +0000] "GET /tool/view/phpinfo.view.php HTTP/1.1" 404 564 "-" "Mozilla/5.0 (Macintosh; Intel Mac OS X 10_12_3) AppleWebKit/537.36 (KHTML, like Gecko) Chrome/56.0.2924.87 Safari/537.36"
94.72.101.21 - - [02/Nov/2024:19:59:36 +0000] "GET /wp-config.php-backup HTTP/1.1" 404 564 "-" "Mozilla/5.0 (Macintosh; Intel Mac OS X 10_12_3) AppleWebKit/537.36 (KHTML, like Gecko) Chrome/56.0.2924.87 Safari/537.36"
94.72.101.21 - - [02/Nov/2024:19:59:36 +0000] "GET /%c0 HTTP/1.1" 404 564 "-" "Mozilla/5.0 (Macintosh; Intel Mac OS X 10_12_3) AppleWebKit/537.36 (KHTML, like Gecko) Chrome/56.0.2924.87 Safari/537.36"
94.72.101.21 - - [02/Nov/2024:19:59:36 +0000] "GET /debug/default/view.html HTTP/1.1" 404 564 "-" "Mozilla/5.0 (Macintosh; Intel Mac OS X 10_12_3) AppleWebKit/537.36 (KHTML, like Gecko) Chrome/56.0.2924.87 Safari/537.36"
94.72.101.21 - - [02/Nov/2024:19:59:36 +0000] "GET /debug/default/view HTTP/1.1" 404 564 "-" "Mozilla/5.0 (Macintosh; Intel Mac OS X 10_12_3) AppleWebKit/537.36 (KHTML, like Gecko) Chrome/56.0.2924.87 Safari/537.36"
94.72.101.21 - - [02/Nov/2024:19:59:36 +0000] "GET /frontend/web/debug/default/view HTTP/1.1" 404 564 "-" "Mozilla/5.0 (Macintosh; Intel Mac OS X 10_12_3) AppleWebKit/537.36 (KHTML, like Gecko) Chrome/56.0.2924.87 Safari/537.36"
94.72.101.21 - - [02/Nov/2024:19:59:37 +0000] "GET /web/debug/default/view HTTP/1.1" 404 564 "-" "Mozilla/5.0 (Macintosh; Intel Mac OS X 10_12_3) AppleWebKit/537.36 (KHTML, like Gecko) Chrome/56.0.2924.87 Safari/537.36"
94.72.101.21 - - [02/Nov/2024:19:59:37 +0000] "GET /sapi/debug/default/view HTTP/1.1" 404 564 "-" "Mozilla/5.0 (Macintosh; Intel Mac OS X 10_12_3) AppleWebKit/537.36 (KHTML, like Gecko) Chrome/56.0.2924.87 Safari/537.36"
94.72.101.21 - - [02/Nov/2024:19:59:37 +0000] "GET /debug/default/view?panel=config HTTP/1.1" 404 564 "-" "Mozilla/5.0 (Macintosh; Intel Mac OS X 10_12_3) AppleWebKit/537.36 (KHTML, like Gecko) Chrome/56.0.2924.87 Safari/537.36"
94.72.101.21 - - [02/Nov/2024:19:59:37 +0000] "GET /phpinfo.php HTTP/1.1" 404 564 "-" "Mozilla/5.0 (Macintosh; Intel Mac OS X 10_12_3) AppleWebKit/537.36 (KHTML, like Gecko) Chrome/56.0.2924.87 Safari/537.36"
94.72.101.21 - - [02/Nov/2024:19:59:38 +0000] "GET /phpinfo HTTP/1.1" 404 564 "-" "Mozilla/5.0 (Macintosh; Intel Mac OS X 10_12_3) AppleWebKit/537.36 (KHTML, like Gecko) Chrome/56.0.2924.87 Safari/537.36"
94.72.101.21 - - [02/Nov/2024:19:59:38 +0000] "GET /aws.yml HTTP/1.1" 404 564 "-" "Mozilla/5.0 (Macintosh; Intel Mac OS X 10_12_3) AppleWebKit/537.36 (KHTML, like Gecko) Chrome/56.0.2924.87 Safari/537.36"
94.72.101.21 - - [02/Nov/2024:19:59:38 +0000] "GET /info.php HTTP/1.1" 404 564 "-" "Mozilla/5.0 (Macintosh; Intel Mac OS X 10_12_3) AppleWebKit/537.36 (KHTML, like Gecko) Chrome/56.0.2924.87 Safari/537.36"
94.72.101.21 - - [02/Nov/2024:19:59:38 +0000] "GET /config/aws.yml HTTP/1.1" 404 564 "-" "Mozilla/5.0 (Macintosh; Intel Mac OS X 10_12_3) AppleWebKit/537.36 (KHTML, like Gecko) Chrome/56.0.2924.87 Safari/537.36"
94.72.101.21 - - [02/Nov/2024:19:59:38 +0000] "GET /config.js HTTP/1.1" 404 564 "-" "Mozilla/5.0 (Macintosh; Intel Mac OS X 10_12_3) AppleWebKit/537.36 (KHTML, like Gecko) Chrome/56.0.2924.87 Safari/537.36"
94.72.101.21 - - [02/Nov/2024:19:59:39 +0000] "GET /symfony/public/_profiler/phpinfo HTTP/1.1" 404 564 "-" "Mozilla/5.0 (Macintosh; Intel Mac OS X 10_12_3) AppleWebKit/537.36 (KHTML, like Gecko) Chrome/56.0.2924.87 Safari/537.36"
94.72.101.21 - - [02/Nov/2024:19:59:39 +0000] "GET /debug/default/view?panel=config/frontend_dev.php HTTP/1.1" 404 564 "-" "Mozilla/5.0 (Macintosh; Intel Mac OS X 10_12_3) AppleWebKit/537.36 (KHTML, like Gecko) Chrome/56.0.2924.87 Safari/537.36"
94.72.101.21 - - [02/Nov/2024:19:59:39 +0000] "GET /.envrc HTTP/1.1" 404 564 "-" "Mozilla/5.0 (Macintosh; Intel Mac OS X 10_12_3) AppleWebKit/537.36 (KHTML, like Gecko) Chrome/56.0.2924.87 Safari/537.36"
94.72.101.21 - - [02/Nov/2024:19:59:40 +0000] "GET /.envs HTTP/1.1" 404 564 "-" "Mozilla/5.0 (Macintosh; Intel Mac OS X 10_12_3) AppleWebKit/537.36 (KHTML, like Gecko) Chrome/56.0.2924.87 Safari/537.36"
94.72.101.21 - - [02/Nov/2024:19:59:40 +0000] "GET /.env.development.local HTTP/1.1" 404 564 "-" "Mozilla/5.0 (Macintosh; Intel Mac OS X 10_12_3) AppleWebKit/537.36 (KHTML, like Gecko) Chrome/56.0.2924.87 Safari/537.36"
94.72.101.21 - - [02/Nov/2024:19:59:40 +0000] "GET /.env.dist HTTP/1.1" 404 564 "-" "Mozilla/5.0 (Macintosh; Intel Mac OS X 10_12_3) AppleWebKit/537.36 (KHTML, like Gecko) Chrome/56.0.2924.87 Safari/537.36"
94.72.101.21 - - [02/Nov/2024:19:59:40 +0000] "GET /.env.docker.dev HTTP/1.1" 404 564 "-" "Mozilla/5.0 (Macintosh; Intel Mac OS X 10_12_3) AppleWebKit/537.36 (KHTML, like Gecko) Chrome/56.0.2924.87 Safari/537.36"
94.72.101.21 - - [02/Nov/2024:19:59:41 +0000] "GET /.env.prod HTTP/1.1" 404 564 "-" "Mozilla/5.0 (Macintosh; Intel Mac OS X 10_12_3) AppleWebKit/537.36 (KHTML, like Gecko) Chrome/56.0.2924.87 Safari/537.36"
94.72.101.21 - - [02/Nov/2024:19:59:41 +0000] "GET /.env.production.local HTTP/1.1" 404 564 "-" "Mozilla/5.0 (Macintosh; Intel Mac OS X 10_12_3) AppleWebKit/537.36 (KHTML, like Gecko) Chrome/56.0.2924.87 Safari/537.36"
94.72.101.21 - - [02/Nov/2024:19:59:41 +0000] "GET /.env.sample.php HTTP/1.1" 404 564 "-" "Mozilla/5.0 (Macintosh; Intel Mac OS X 10_12_3) AppleWebKit/537.36 (KHTML, like Gecko) Chrome/56.0.2924.87 Safari/537.36"
94.72.101.21 - - [02/Nov/2024:19:59:41 +0000] "GET /.env.stage HTTP/1.1" 404 564 "-" "Mozilla/5.0 (Macintosh; Intel Mac OS X 10_12_3) AppleWebKit/537.36 (KHTML, like Gecko) Chrome/56.0.2924.87 Safari/537.36"
94.72.101.21 - - [02/Nov/2024:19:59:41 +0000] "GET /.env.staging HTTP/1.1" 404 564 "-" "Mozilla/5.0 (Macintosh; Intel Mac OS X 10_12_3) AppleWebKit/537.36 (KHTML, like Gecko) Chrome/56.0.2924.87 Safari/537.36"
94.72.101.21 - - [02/Nov/2024:19:59:42 +0000] "GET /.env.test HTTP/1.1" 404 564 "-" "Mozilla/5.0 (Macintosh; Intel Mac OS X 10_12_3) AppleWebKit/537.36 (KHTML, like Gecko) Chrome/56.0.2924.87 Safari/537.36"
94.72.101.21 - - [02/Nov/2024:19:59:42 +0000] "GET /.env.test.local HTTP/1.1" 404 564 "-" "Mozilla/5.0 (Macintosh; Intel Mac OS X 10_12_3) AppleWebKit/537.36 (KHTML, like Gecko) Chrome/56.0.2924.87 Safari/537.36"
94.72.101.21 - - [02/Nov/2024:19:59:42 +0000] "GET /.env.test.localapi/.env HTTP/1.1" 404 564 "-" "Mozilla/5.0 (Macintosh; Intel Mac OS X 10_12_3) AppleWebKit/537.36 (KHTML, like Gecko) Chrome/56.0.2924.87 Safari/537.36"
94.72.101.21 - - [02/Nov/2024:19:59:43 +0000] "GET /.env.{{DN}} HTTP/1.1" 404 564 "-" "Mozilla/5.0 (Macintosh; Intel Mac OS X 10_12_3) AppleWebKit/537.36 (KHTML, like Gecko) Chrome/56.0.2924.87 Safari/537.36"
94.72.101.21 - - [02/Nov/2024:19:59:43 +0000] "GET /.env.{{SD}} HTTP/1.1" 404 564 "-" "Mozilla/5.0 (Macintosh; Intel Mac OS X 10_12_3) AppleWebKit/537.36 (KHTML, like Gecko) Chrome/56.0.2924.87 Safari/537.36"
94.72.101.21 - - [02/Nov/2024:19:59:43 +0000] "GET /.env~ HTTP/1.1" 404 564 "-" "Mozilla/5.0 (Macintosh; Intel Mac OS X 10_12_3) AppleWebKit/537.36 (KHTML, like Gecko) Chrome/56.0.2924.87 Safari/537.36"
94.72.101.21 - - [02/Nov/2024:19:59:43 +0000] "GET /pi.php HTTP/1.1" 404 564 "-" "Mozilla/5.0 (Macintosh; Intel Mac OS X 10_12_3) AppleWebKit/537.36 (KHTML, like Gecko) Chrome/56.0.2924.87 Safari/537.36"
94.72.101.21 - - [02/Nov/2024:19:59:43 +0000] "GET /pinfo.php HTTP/1.1" 404 564 "-" "Mozilla/5.0 (Macintosh; Intel Mac OS X 10_12_3) AppleWebKit/537.36 (KHTML, like Gecko) Chrome/56.0.2924.87 Safari/537.36"
94.72.101.21 - - [02/Nov/2024:19:59:43 +0000] "GET /php.php HTTP/1.1" 404 564 "-" "Mozilla/5.0 (Macintosh; Intel Mac OS X 10_12_3) AppleWebKit/537.36 (KHTML, like Gecko) Chrome/56.0.2924.87 Safari/537.36"
94.72.101.21 - - [02/Nov/2024:19:59:44 +0000] "GET /.phpinfo HTTP/1.1" 404 564 "-" "Mozilla/5.0 (Macintosh; Intel Mac OS X 10_12_3) AppleWebKit/537.36 (KHTML, like Gecko) Chrome/56.0.2924.87 Safari/537.36"
94.72.101.21 - - [02/Nov/2024:19:59:44 +0000] "GET /test.php HTTP/1.1" 404 564 "-" "Mozilla/5.0 (Macintosh; Intel Mac OS X 10_12_3) AppleWebKit/537.36 (KHTML, like Gecko) Chrome/56.0.2924.87 Safari/537.36"
94.72.101.21 - - [02/Nov/2024:19:59:44 +0000] "GET /test0.php HTTP/1.1" 404 564 "-" "Mozilla/5.0 (Macintosh; Intel Mac OS X 10_12_3) AppleWebKit/537.36 (KHTML, like Gecko) Chrome/56.0.2924.87 Safari/537.36"
94.72.101.21 - - [02/Nov/2024:19:59:45 +0000] "GET /test1 HTTP/1.1" 404 564 "-" "Mozilla/5.0 (Macintosh; Intel Mac OS X 10_12_3) AppleWebKit/537.36 (KHTML, like Gecko) Chrome/56.0.2924.87 Safari/537.36"
94.72.101.21 - - [02/Nov/2024:19:59:45 +0000] "GET /test1.php HTTP/1.1" 404 564 "-" "Mozilla/5.0 (Macintosh; Intel Mac OS X 10_12_3) AppleWebKit/537.36 (KHTML, like Gecko) Chrome/56.0.2924.87 Safari/537.36"
94.72.101.21 - - [02/Nov/2024:19:59:45 +0000] "GET /test123.php HTTP/1.1" 404 564 "-" "Mozilla/5.0 (Macintosh; Intel Mac OS X 10_12_3) AppleWebKit/537.36 (KHTML, like Gecko) Chrome/56.0.2924.87 Safari/537.36"
94.72.101.21 - - [02/Nov/2024:19:59:45 +0000] "GET /test2.php HTTP/1.1" 404 564 "-" "Mozilla/5.0 (Macintosh; Intel Mac OS X 10_12_3) AppleWebKit/537.36 (KHTML, like Gecko) Chrome/56.0.2924.87 Safari/537.36"
94.72.101.21 - - [02/Nov/2024:19:59:45 +0000] "GET /test3.php HTTP/1.1" 404 564 "-" "Mozilla/5.0 (Macintosh; Intel Mac OS X 10_12_3) AppleWebKit/537.36 (KHTML, like Gecko) Chrome/56.0.2924.87 Safari/537.36"
94.72.101.21 - - [02/Nov/2024:19:59:45 +0000] "GET /test4.php HTTP/1.1" 404 564 "-" "Mozilla/5.0 (Macintosh; Intel Mac OS X 10_12_3) AppleWebKit/537.36 (KHTML, like Gecko) Chrome/56.0.2924.87 Safari/537.36"
94.72.101.21 - - [02/Nov/2024:19:59:46 +0000] "GET /test5.php HTTP/1.1" 404 564 "-" "Mozilla/5.0 (Macintosh; Intel Mac OS X 10_12_3) AppleWebKit/537.36 (KHTML, like Gecko) Chrome/56.0.2924.87 Safari/537.36"
94.72.101.21 - - [02/Nov/2024:19:59:46 +0000] "GET /test6.php HTTP/1.1" 404 564 "-" "Mozilla/5.0 (Macintosh; Intel Mac OS X 10_12_3) AppleWebKit/537.36 (KHTML, like Gecko) Chrome/56.0.2924.87 Safari/537.36"
94.72.101.21 - - [02/Nov/2024:19:59:46 +0000] "GET /test7.php HTTP/1.1" 404 564 "-" "Mozilla/5.0 (Macintosh; Intel Mac OS X 10_12_3) AppleWebKit/537.36 (KHTML, like Gecko) Chrome/56.0.2924.87 Safari/537.36"
94.72.101.21 - - [02/Nov/2024:19:59:47 +0000] "GET /test8.php HTTP/1.1" 404 564 "-" "Mozilla/5.0 (Macintosh; Intel Mac OS X 10_12_3) AppleWebKit/537.36 (KHTML, like Gecko) Chrome/56.0.2924.87 Safari/537.36"
94.72.101.21 - - [02/Nov/2024:19:59:47 +0000] "GET /test9.php HTTP/1.1" 404 564 "-" "Mozilla/5.0 (Macintosh; Intel Mac OS X 10_12_3) AppleWebKit/537.36 (KHTML, like Gecko) Chrome/56.0.2924.87 Safari/537.36"
94.72.101.21 - - [02/Nov/2024:19:59:47 +0000] "GET /test_info.php HTTP/1.1" 404 564 "-" "Mozilla/5.0 (Macintosh; Intel Mac OS X 10_12_3) AppleWebKit/537.36 (KHTML, like Gecko) Chrome/56.0.2924.87 Safari/537.36"
94.72.101.21 - - [02/Nov/2024:19:59:47 +0000] "GET /test_info1.php HTTP/1.1" 404 564 "-" "Mozilla/5.0 (Macintosh; Intel Mac OS X 10_12_3) AppleWebKit/537.36 (KHTML, like Gecko) Chrome/56.0.2924.87 Safari/537.36"
94.72.101.21 - - [02/Nov/2024:19:59:48 +0000] "GET /test_info2.php HTTP/1.1" 404 564 "-" "Mozilla/5.0 (Macintosh; Intel Mac OS X 10_12_3) AppleWebKit/537.36 (KHTML, like Gecko) Chrome/56.0.2924.87 Safari/537.36"
94.72.101.21 - - [02/Nov/2024:19:59:48 +0000] "GET /test_info3.php HTTP/1.1" 404 564 "-" "Mozilla/5.0 (Macintosh; Intel Mac OS X 10_12_3) AppleWebKit/537.36 (KHTML, like Gecko) Chrome/56.0.2924.87 Safari/537.36"
94.72.101.21 - - [02/Nov/2024:19:59:49 +0000] "GET /test_info4.php HTTP/1.1" 404 564 "-" "Mozilla/5.0 (Macintosh; Intel Mac OS X 10_12_3) AppleWebKit/537.36 (KHTML, like Gecko) Chrome/56.0.2924.87 Safari/537.36"
94.72.101.21 - - [02/Nov/2024:19:59:49 +0000] "GET /test_info5.php HTTP/1.1" 404 564 "-" "Mozilla/5.0 (Macintosh; Intel Mac OS X 10_12_3) AppleWebKit/537.36 (KHTML, like Gecko) Chrome/56.0.2924.87 Safari/537.36"
94.72.101.21 - - [02/Nov/2024:19:59:49 +0000] "GET /test_phpinfo.php HTTP/1.1" 404 564 "-" "Mozilla/5.0 (Macintosh; Intel Mac OS X 10_12_3) AppleWebKit/537.36 (KHTML, like Gecko) Chrome/56.0.2924.87 Safari/537.36"
94.72.101.21 - - [02/Nov/2024:19:59:49 +0000] "GET /test_phpinfo1.php HTTP/1.1" 404 564 "-" "Mozilla/5.0 (Macintosh; Intel Mac OS X 10_12_3) AppleWebKit/537.36 (KHTML, like Gecko) Chrome/56.0.2924.87 Safari/537.36"
94.72.101.21 - - [02/Nov/2024:19:59:50 +0000] "GET /test_phpinfo2.php HTTP/1.1" 404 564 "-" "Mozilla/5.0 (Macintosh; Intel Mac OS X 10_12_3) AppleWebKit/537.36 (KHTML, like Gecko) Chrome/56.0.2924.87 Safari/537.36"
94.72.101.21 - - [02/Nov/2024:19:59:50 +0000] "GET /test_phpinfo3.php HTTP/1.1" 404 564 "-" "Mozilla/5.0 (Macintosh; Intel Mac OS X 10_12_3) AppleWebKit/537.36 (KHTML, like Gecko) Chrome/56.0.2924.87 Safari/537.36"
94.72.101.21 - - [02/Nov/2024:19:59:50 +0000] "GET /test_phpinfo4.php HTTP/1.1" 404 564 "-" "Mozilla/5.0 (Macintosh; Intel Mac OS X 10_12_3) AppleWebKit/537.36 (KHTML, like Gecko) Chrome/56.0.2924.87 Safari/537.36"
94.72.101.21 - - [02/Nov/2024:19:59:50 +0000] "GET /test_phpinfo5.php HTTP/1.1" 404 564 "-" "Mozilla/5.0 (Macintosh; Intel Mac OS X 10_12_3) AppleWebKit/537.36 (KHTML, like Gecko) Chrome/56.0.2924.87 Safari/537.36"
94.72.101.21 - - [02/Nov/2024:19:59:50 +0000] "GET /testphp.php HTTP/1.1" 404 564 "-" "Mozilla/5.0 (Macintosh; Intel Mac OS X 10_12_3) AppleWebKit/537.36 (KHTML, like Gecko) Chrome/56.0.2924.87 Safari/537.36"
94.72.101.21 - - [02/Nov/2024:19:59:51 +0000] "GET /testphpinfo HTTP/1.1" 404 564 "-" "Mozilla/5.0 (Macintosh; Intel Mac OS X 10_12_3) AppleWebKit/537.36 (KHTML, like Gecko) Chrome/56.0.2924.87 Safari/537.36"
94.72.101.21 - - [02/Nov/2024:19:59:51 +0000] "GET /testphpinfo.php HTTP/1.1" 404 564 "-" "Mozilla/5.0 (Macintosh; Intel Mac OS X 10_12_3) AppleWebKit/537.36 (KHTML, like Gecko) Chrome/56.0.2924.87 Safari/537.36"
94.72.101.21 - - [02/Nov/2024:19:59:51 +0000] "GET /tester.php HTTP/1.1" 404 564 "-" "Mozilla/5.0 (Macintosh; Intel Mac OS X 10_12_3) AppleWebKit/537.36 (KHTML, like Gecko) Chrome/56.0.2924.87 Safari/537.36"
94.72.101.21 - - [02/Nov/2024:19:59:51 +0000] "GET /testing.php HTTP/1.1" 404 564 "-" "Mozilla/5.0 (Macintosh; Intel Mac OS X 10_12_3) AppleWebKit/537.36 (KHTML, like Gecko) Chrome/56.0.2924.87 Safari/537.36"
94.72.101.21 - - [02/Nov/2024:19:59:51 +0000] "GET /viewinfo.php HTTP/1.1" 404 564 "-" "Mozilla/5.0 (Macintosh; Intel Mac OS X 10_12_3) AppleWebKit/537.36 (KHTML, like Gecko) Chrome/56.0.2924.87 Safari/537.36"
94.72.101.21 - - [02/Nov/2024:19:59:51 +0000] "GET /inf.php HTTP/1.1" 404 564 "-" "Mozilla/5.0 (Macintosh; Intel Mac OS X 10_12_3) AppleWebKit/537.36 (KHTML, like Gecko) Chrome/56.0.2924.87 Safari/537.36"
94.72.101.21 - - [02/Nov/2024:19:59:52 +0000] "GET /info.json HTTP/1.1" 404 564 "-" "Mozilla/5.0 (Macintosh; Intel Mac OS X 10_12_3) AppleWebKit/537.36 (KHTML, like Gecko) Chrome/56.0.2924.87 Safari/537.36"
94.72.101.21 - - [02/Nov/2024:19:59:52 +0000] "GET /info/info.php HTTP/1.1" 404 564 "-" "Mozilla/5.0 (Macintosh; Intel Mac OS X 10_12_3) AppleWebKit/537.36 (KHTML, like Gecko) Chrome/56.0.2924.87 Safari/537.36"
94.72.101.21 - - [02/Nov/2024:19:59:52 +0000] "GET /info/phpinfo HTTP/1.1" 404 564 "-" "Mozilla/5.0 (Macintosh; Intel Mac OS X 10_12_3) AppleWebKit/537.36 (KHTML, like Gecko) Chrome/56.0.2924.87 Safari/537.36"
94.72.101.21 - - [02/Nov/2024:19:59:52 +0000] "GET /info/phpinfo.php HTTP/1.1" 404 564 "-" "Mozilla/5.0 (Macintosh; Intel Mac OS X 10_12_3) AppleWebKit/537.36 (KHTML, like Gecko) Chrome/56.0.2924.87 Safari/537.36"
94.72.101.21 - - [02/Nov/2024:19:59:53 +0000] "GET /info1.php HTTP/1.1" 404 564 "-" "Mozilla/5.0 (Macintosh; Intel Mac OS X 10_12_3) AppleWebKit/537.36 (KHTML, like Gecko) Chrome/56.0.2924.87 Safari/537.36"
94.72.101.21 - - [02/Nov/2024:19:59:53 +0000] "GET /info2.php HTTP/1.1" 404 564 "-" "Mozilla/5.0 (Macintosh; Intel Mac OS X 10_12_3) AppleWebKit/537.36 (KHTML, like Gecko) Chrome/56.0.2924.87 Safari/537.36"
94.72.101.21 - - [02/Nov/2024:19:59:53 +0000] "GET /info3.php HTTP/1.1" 404 564 "-" "Mozilla/5.0 (Macintosh; Intel Mac OS X 10_12_3) AppleWebKit/537.36 (KHTML, like Gecko) Chrome/56.0.2924.87 Safari/537.36"
94.72.101.21 - - [02/Nov/2024:19:59:54 +0000] "GET /info4.php HTTP/1.1" 404 564 "-" "Mozilla/5.0 (Macintosh; Intel Mac OS X 10_12_3) AppleWebKit/537.36 (KHTML, like Gecko) Chrome/56.0.2924.87 Safari/537.36"
94.72.101.21 - - [02/Nov/2024:19:59:54 +0000] "GET /infophp.php HTTP/1.1" 404 564 "-" "Mozilla/5.0 (Macintosh; Intel Mac OS X 10_12_3) AppleWebKit/537.36 (KHTML, like Gecko) Chrome/56.0.2924.87 Safari/537.36"
94.72.101.21 - - [02/Nov/2024:19:59:54 +0000] "GET /infophp/index.php HTTP/1.1" 404 564 "-" "Mozilla/5.0 (Macintosh; Intel Mac OS X 10_12_3) AppleWebKit/537.36 (KHTML, like Gecko) Chrome/56.0.2924.87 Safari/537.36"
94.72.101.21 - - [02/Nov/2024:19:59:55 +0000] "GET /infophp/testphp.php HTTP/1.1" 404 564 "-" "Mozilla/5.0 (Macintosh; Intel Mac OS X 10_12_3) AppleWebKit/537.36 (KHTML, like Gecko) Chrome/56.0.2924.87 Safari/537.36"
94.72.101.21 - - [02/Nov/2024:19:59:55 +0000] "GET /information HTTP/1.1" 404 564 "-" "Mozilla/5.0 (Macintosh; Intel Mac OS X 10_12_3) AppleWebKit/537.36 (KHTML, like Gecko) Chrome/56.0.2924.87 Safari/537.36"
94.72.101.21 - - [02/Nov/2024:19:59:55 +0000] "GET /information.php HTTP/1.1" 404 564 "-" "Mozilla/5.0 (Macintosh; Intel Mac OS X 10_12_3) AppleWebKit/537.36 (KHTML, like Gecko) Chrome/56.0.2924.87 Safari/537.36"
94.72.101.21 - - [02/Nov/2024:19:59:55 +0000] "GET /infos.php HTTP/1.1" 404 564 "-" "Mozilla/5.0 (Macintosh; Intel Mac OS X 10_12_3) AppleWebKit/537.36 (KHTML, like Gecko) Chrome/56.0.2924.87 Safari/537.36"
94.72.101.21 - - [02/Nov/2024:19:59:56 +0000] "GET /ini.php HTTP/1.1" 404 564 "-" "Mozilla/5.0 (Macintosh; Intel Mac OS X 10_12_3) AppleWebKit/537.36 (KHTML, like Gecko) Chrome/56.0.2924.87 Safari/537.36"
94.72.101.21 - - [02/Nov/2024:19:59:56 +0000] "GET /phpinfo1.php HTTP/1.1" 404 564 "-" "Mozilla/5.0 (Macintosh; Intel Mac OS X 10_12_3) AppleWebKit/537.36 (KHTML, like Gecko) Chrome/56.0.2924.87 Safari/537.36"
94.72.101.21 - - [02/Nov/2024:19:59:56 +0000] "GET /phpinfo2.php HTTP/1.1" 404 564 "-" "Mozilla/5.0 (Macintosh; Intel Mac OS X 10_12_3) AppleWebKit/537.36 (KHTML, like Gecko) Chrome/56.0.2924.87 Safari/537.36"
94.72.101.21 - - [02/Nov/2024:19:59:57 +0000] "GET /phpinfo3.php HTTP/1.1" 404 564 "-" "Mozilla/5.0 (Macintosh; Intel Mac OS X 10_12_3) AppleWebKit/537.36 (KHTML, like Gecko) Chrome/56.0.2924.87 Safari/537.36"
94.72.101.21 - - [02/Nov/2024:19:59:57 +0000] "GET /phpinfo4.php HTTP/1.1" 404 564 "-" "Mozilla/5.0 (Macintosh; Intel Mac OS X 10_12_3) AppleWebKit/537.36 (KHTML, like Gecko) Chrome/56.0.2924.87 Safari/537.36"
94.72.101.21 - - [02/Nov/2024:19:59:57 +0000] "GET /phpinfos.php HTTP/1.1" 404 564 "-" "Mozilla/5.0 (Macintosh; Intel Mac OS X 10_12_3) AppleWebKit/537.36 (KHTML, like Gecko) Chrome/56.0.2924.87 Safari/537.36"
94.72.101.21 - - [02/Nov/2024:19:59:57 +0000] "GET /phpinfodev.php HTTP/1.1" 404 564 "-" "Mozilla/5.0 (Macintosh; Intel Mac OS X 10_12_3) AppleWebKit/537.36 (KHTML, like Gecko) Chrome/56.0.2924.87 Safari/537.36"
94.72.101.21 - - [02/Nov/2024:19:59:57 +0000] "GET /phptest.php HTTP/1.1" 404 564 "-" "Mozilla/5.0 (Macintosh; Intel Mac OS X 10_12_3) AppleWebKit/537.36 (KHTML, like Gecko) Chrome/56.0.2924.87 Safari/537.36"
94.72.101.21 - - [02/Nov/2024:19:59:59 +0000] "GET /phpversion.php HTTP/1.1" 404 564 "-" "Mozilla/5.0 (Macintosh; Intel Mac OS X 10_12_3) AppleWebKit/537.36 (KHTML, like Gecko) Chrome/56.0.2924.87 Safari/537.36"
94.72.101.21 - - [02/Nov/2024:19:59:59 +0000] "GET /phpsysinfo HTTP/1.1" 404 564 "-" "Mozilla/5.0 (Macintosh; Intel Mac OS X 10_12_3) AppleWebKit/537.36 (KHTML, like Gecko) Chrome/56.0.2924.87 Safari/537.36"
94.72.101.21 - - [02/Nov/2024:19:59:59 +0000] "GET /phpsysinfo.php HTTP/1.1" 404 564 "-" "Mozilla/5.0 (Macintosh; Intel Mac OS X 10_12_3) AppleWebKit/537.36 (KHTML, like Gecko) Chrome/56.0.2924.87 Safari/537.36"
94.72.101.21 - - [02/Nov/2024:20:00:00 +0000] "GET /pi.php5 HTTP/1.1" 404 564 "-" "Mozilla/5.0 (Macintosh; Intel Mac OS X 10_12_3) AppleWebKit/537.36 (KHTML, like Gecko) Chrome/56.0.2924.87 Safari/537.36"
94.72.101.21 - - [02/Nov/2024:20:00:00 +0000] "GET /pi.php6 HTTP/1.1" 404 564 "-" "Mozilla/5.0 (Macintosh; Intel Mac OS X 10_12_3) AppleWebKit/537.36 (KHTML, like Gecko) Chrome/56.0.2924.87 Safari/537.36"
94.72.101.21 - - [02/Nov/2024:20:00:00 +0000] "GET /pi.php7 HTTP/1.1" 404 564 "-" "Mozilla/5.0 (Macintosh; Intel Mac OS X 10_12_3) AppleWebKit/537.36 (KHTML, like Gecko) Chrome/56.0.2924.87 Safari/537.36"
94.72.101.21 - - [02/Nov/2024:20:00:00 +0000] "GET /pi.php8 HTTP/1.1" 404 564 "-" "Mozilla/5.0 (Macintosh; Intel Mac OS X 10_12_3) AppleWebKit/537.36 (KHTML, like Gecko) Chrome/56.0.2924.87 Safari/537.36"
94.72.101.21 - - [02/Nov/2024:20:00:00 +0000] "GET /old_phpinfo.php HTTP/1.1" 404 564 "-" "Mozilla/5.0 (Macintosh; Intel Mac OS X 10_12_3) AppleWebKit/537.36 (KHTML, like Gecko) Chrome/56.0.2924.87 Safari/537.36"
94.72.101.21 - - [02/Nov/2024:20:00:00 +0000] "GET /temp.php HTTP/1.1" 404 564 "-" "Mozilla/5.0 (Macintosh; Intel Mac OS X 10_12_3) AppleWebKit/537.36 (KHTML, like Gecko) Chrome/56.0.2924.87 Safari/537.36"
94.72.101.21 - - [02/Nov/2024:20:00:01 +0000] "GET /php-info HTTP/1.1" 404 564 "-" "Mozilla/5.0 (Macintosh; Intel Mac OS X 10_12_3) AppleWebKit/537.36 (KHTML, like Gecko) Chrome/56.0.2924.87 Safari/537.36"
94.72.101.21 - - [02/Nov/2024:20:00:01 +0000] "GET /123.php HTTP/1.1" 404 564 "-" "Mozilla/5.0 (Macintosh; Intel Mac OS X 10_12_3) AppleWebKit/537.36 (KHTML, like Gecko) Chrome/56.0.2924.87 Safari/537.36"
94.72.101.21 - - [02/Nov/2024:20:00:01 +0000] "GET /new.php HTTP/1.1" 404 564 "-" "Mozilla/5.0 (Macintosh; Intel Mac OS X 10_12_3) AppleWebKit/537.36 (KHTML, like Gecko) Chrome/56.0.2924.87 Safari/537.36"
94.72.101.21 - - [02/Nov/2024:20:00:01 +0000] "GET /p.php HTTP/1.1" 404 564 "-" "Mozilla/5.0 (Macintosh; Intel Mac OS X 10_12_3) AppleWebKit/537.36 (KHTML, like Gecko) Chrome/56.0.2924.87 Safari/537.36"
94.72.101.21 - - [02/Nov/2024:20:00:01 +0000] "GET /i.php HTTP/1.1" 404 564 "-" "Mozilla/5.0 (Macintosh; Intel Mac OS X 10_12_3) AppleWebKit/537.36 (KHTML, like Gecko) Chrome/56.0.2924.87 Safari/537.36"
94.72.101.21 - - [02/Nov/2024:20:00:02 +0000] "GET /a.php HTTP/1.1" 404 564 "-" "Mozilla/5.0 (Macintosh; Intel Mac OS X 10_12_3) AppleWebKit/537.36 (KHTML, like Gecko) Chrome/56.0.2924.87 Safari/537.36"
94.72.101.21 - - [02/Nov/2024:20:00:02 +0000] "GET /l.php HTTP/1.1" 404 564 "-" "Mozilla/5.0 (Macintosh; Intel Mac OS X 10_12_3) AppleWebKit/537.36 (KHTML, like Gecko) Chrome/56.0.2924.87 Safari/537.36"
94.72.101.21 - - [02/Nov/2024:20:00:02 +0000] "GET /o.php HTTP/1.1" 404 564 "-" "Mozilla/5.0 (Macintosh; Intel Mac OS X 10_12_3) AppleWebKit/537.36 (KHTML, like Gecko) Chrome/56.0.2924.87 Safari/537.36"
94.72.101.21 - - [02/Nov/2024:20:00:02 +0000] "GET /q.php HTTP/1.1" 404 564 "-" "Mozilla/5.0 (Macintosh; Intel Mac OS X 10_12_3) AppleWebKit/537.36 (KHTML, like Gecko) Chrome/56.0.2924.87 Safari/537.36"
94.72.101.21 - - [02/Nov/2024:20:00:03 +0000] "GET /ocp.php HTTP/1.1" 404 564 "-" "Mozilla/5.0 (Macintosh; Intel Mac OS X 10_12_3) AppleWebKit/537.36 (KHTML, like Gecko) Chrome/56.0.2924.87 Safari/537.36"
94.72.101.21 - - [02/Nov/2024:20:00:03 +0000] "GET /of.php HTTP/1.1" 404 564 "-" "Mozilla/5.0 (Macintosh; Intel Mac OS X 10_12_3) AppleWebKit/537.36 (KHTML, like Gecko) Chrome/56.0.2924.87 Safari/537.36"
94.72.101.21 - - [02/Nov/2024:20:00:03 +0000] "GET /asdf.php HTTP/1.1" 404 564 "-" "Mozilla/5.0 (Macintosh; Intel Mac OS X 10_12_3) AppleWebKit/537.36 (KHTML, like Gecko) Chrome/56.0.2924.87 Safari/537.36"
94.72.101.21 - - [02/Nov/2024:20:00:04 +0000] "GET /qq.php HTTP/1.1" 404 564 "-" "Mozilla/5.0 (Macintosh; Intel Mac OS X 10_12_3) AppleWebKit/537.36 (KHTML, like Gecko) Chrome/56.0.2924.87 Safari/537.36"
94.72.101.21 - - [02/Nov/2024:20:00:04 +0000] "GET /w.php HTTP/1.1" 404 564 "-" "Mozilla/5.0 (Macintosh; Intel Mac OS X 10_12_3) AppleWebKit/537.36 (KHTML, like Gecko) Chrome/56.0.2924.87 Safari/537.36"
94.72.101.21 - - [02/Nov/2024:20:00:05 +0000] "GET /web.php HTTP/1.1" 404 564 "-" "Mozilla/5.0 (Macintosh; Intel Mac OS X 10_12_3) AppleWebKit/537.36 (KHTML, like Gecko) Chrome/56.0.2924.87 Safari/537.36"
94.72.101.21 - - [02/Nov/2024:20:00:05 +0000] "GET /x.php HTTP/1.1" 404 564 "-" "Mozilla/5.0 (Macintosh; Intel Mac OS X 10_12_3) AppleWebKit/537.36 (KHTML, like Gecko) Chrome/56.0.2924.87 Safari/537.36"
94.72.101.21 - - [02/Nov/2024:20:00:05 +0000] "GET /foo.php HTTP/1.1" 404 564 "-" "Mozilla/5.0 (Macintosh; Intel Mac OS X 10_12_3) AppleWebKit/537.36 (KHTML, like Gecko) Chrome/56.0.2924.87 Safari/537.36"
94.72.101.21 - - [02/Nov/2024:20:00:05 +0000] "GET /PHPConf.php HTTP/1.1" 404 564 "-" "Mozilla/5.0 (Macintosh; Intel Mac OS X 10_12_3) AppleWebKit/537.36 (KHTML, like Gecko) Chrome/56.0.2924.87 Safari/537.36"
94.72.101.21 - - [02/Nov/2024:20:00:05 +0000] "GET /tz.php HTTP/1.1" 404 564 "-" "Mozilla/5.0 (Macintosh; Intel Mac OS X 10_12_3) AppleWebKit/537.36 (KHTML, like Gecko) Chrome/56.0.2924.87 Safari/537.36"
94.72.101.21 - - [02/Nov/2024:20:00:05 +0000] "GET /u.php HTTP/1.1" 404 564 "-" "Mozilla/5.0 (Macintosh; Intel Mac OS X 10_12_3) AppleWebKit/537.36 (KHTML, like Gecko) Chrome/56.0.2924.87 Safari/537.36"
94.72.101.21 - - [02/Nov/2024:20:00:06 +0000] "GET /up.php HTTP/1.1" 404 564 "-" "Mozilla/5.0 (Macintosh; Intel Mac OS X 10_12_3) AppleWebKit/537.36 (KHTML, like Gecko) Chrome/56.0.2924.87 Safari/537.36"
94.72.101.21 - - [02/Nov/2024:20:00:06 +0000] "GET /in.php HTTP/1.1" 404 564 "-" "Mozilla/5.0 (Macintosh; Intel Mac OS X 10_12_3) AppleWebKit/537.36 (KHTML, like Gecko) Chrome/56.0.2924.87 Safari/537.36"
94.72.101.21 - - [02/Nov/2024:20:00:06 +0000] "GET /jo.php HTTP/1.1" 404 564 "-" "Mozilla/5.0 (Macintosh; Intel Mac OS X 10_12_3) AppleWebKit/537.36 (KHTML, like Gecko) Chrome/56.0.2924.87 Safari/537.36"
94.72.101.21 - - [02/Nov/2024:20:00:06 +0000] "GET /_phpinfo.php HTTP/1.1" 404 564 "-" "Mozilla/5.0 (Macintosh; Intel Mac OS X 10_12_3) AppleWebKit/537.36 (KHTML, like Gecko) Chrome/56.0.2924.87 Safari/537.36"
94.72.101.21 - - [02/Nov/2024:20:00:06 +0000] "GET /_profiler/phpinfo/info.php HTTP/1.1" 404 564 "-" "Mozilla/5.0 (Macintosh; Intel Mac OS X 10_12_3) AppleWebKit/537.36 (KHTML, like Gecko) Chrome/56.0.2924.87 Safari/537.36"
94.72.101.21 - - [02/Nov/2024:20:00:07 +0000] "GET /_profiler/phpinfo/phpinfo.php HTTP/1.1" 404 564 "-" "Mozilla/5.0 (Macintosh; Intel Mac OS X 10_12_3) AppleWebKit/537.36 (KHTML, like Gecko) Chrome/56.0.2924.87 Safari/537.36"
94.72.101.21 - - [02/Nov/2024:20:00:08 +0000] "GET /admin/dashboard/info.php HTTP/1.1" 404 564 "-" "Mozilla/5.0 (Macintosh; Intel Mac OS X 10_12_3) AppleWebKit/537.36 (KHTML, like Gecko) Chrome/56.0.2924.87 Safari/537.36"
94.72.101.21 - - [02/Nov/2024:20:00:08 +0000] "GET /admin/dashboard/phpinfo HTTP/1.1" 404 564 "-" "Mozilla/5.0 (Macintosh; Intel Mac OS X 10_12_3) AppleWebKit/537.36 (KHTML, like Gecko) Chrome/56.0.2924.87 Safari/537.36"
94.72.101.21 - - [02/Nov/2024:20:00:08 +0000] "GET /admin/dashboard/phpinfo.php HTTP/1.1" 404 564 "-" "Mozilla/5.0 (Macintosh; Intel Mac OS X 10_12_3) AppleWebKit/537.36 (KHTML, like Gecko) Chrome/56.0.2924.87 Safari/537.36"
94.72.101.21 - - [02/Nov/2024:20:00:08 +0000] "GET /admin/info.php HTTP/1.1" 404 564 "-" "Mozilla/5.0 (Macintosh; Intel Mac OS X 10_12_3) AppleWebKit/537.36 (KHTML, like Gecko) Chrome/56.0.2924.87 Safari/537.36"
94.72.101.21 - - [02/Nov/2024:20:00:09 +0000] "GET /admin/infophp.php HTTP/1.1" 404 564 "-" "Mozilla/5.0 (Macintosh; Intel Mac OS X 10_12_3) AppleWebKit/537.36 (KHTML, like Gecko) Chrome/56.0.2924.87 Safari/537.36"
94.72.101.21 - - [02/Nov/2024:20:00:09 +0000] "GET /admin/phpinfo HTTP/1.1" 404 564 "-" "Mozilla/5.0 (Macintosh; Intel Mac OS X 10_12_3) AppleWebKit/537.36 (KHTML, like Gecko) Chrome/56.0.2924.87 Safari/537.36"
94.72.101.21 - - [02/Nov/2024:20:00:09 +0000] "GET /admin/phpinfo.php HTTP/1.1" 404 564 "-" "Mozilla/5.0 (Macintosh; Intel Mac OS X 10_12_3) AppleWebKit/537.36 (KHTML, like Gecko) Chrome/56.0.2924.87 Safari/537.36"
94.72.101.21 - - [02/Nov/2024:20:00:09 +0000] "GET /administrator/info.php HTTP/1.1" 404 564 "-" "Mozilla/5.0 (Macintosh; Intel Mac OS X 10_12_3) AppleWebKit/537.36 (KHTML, like Gecko) Chrome/56.0.2924.87 Safari/537.36"
94.72.101.21 - - [02/Nov/2024:20:00:09 +0000] "GET /administrator/phpinfo.php HTTP/1.1" 404 564 "-" "Mozilla/5.0 (Macintosh; Intel Mac OS X 10_12_3) AppleWebKit/537.36 (KHTML, like Gecko) Chrome/56.0.2924.87 Safari/537.36"
94.72.101.21 - - [02/Nov/2024:20:00:09 +0000] "GET /local-info.php HTTP/1.1" 404 564 "-" "Mozilla/5.0 (Macintosh; Intel Mac OS X 10_12_3) AppleWebKit/537.36 (KHTML, like Gecko) Chrome/56.0.2924.87 Safari/537.36"
94.72.101.21 - - [02/Nov/2024:20:00:10 +0000] "GET /local-phpinfo.php HTTP/1.1" 404 564 "-" "Mozilla/5.0 (Macintosh; Intel Mac OS X 10_12_3) AppleWebKit/537.36 (KHTML, like Gecko) Chrome/56.0.2924.87 Safari/537.36"
94.72.101.21 - - [02/Nov/2024:20:00:10 +0000] "GET /adminphp.php HTTP/1.1" 404 564 "-" "Mozilla/5.0 (Macintosh; Intel Mac OS X 10_12_3) AppleWebKit/537.36 (KHTML, like Gecko) Chrome/56.0.2924.87 Safari/537.36"
94.72.101.21 - - [02/Nov/2024:20:00:10 +0000] "GET /admin.php HTTP/1.1" 404 564 "-" "Mozilla/5.0 (Macintosh; Intel Mac OS X 10_12_3) AppleWebKit/537.36 (KHTML, like Gecko) Chrome/56.0.2924.87 Safari/537.36"
94.72.101.21 - - [02/Nov/2024:20:00:10 +0000] "GET /build.php HTTP/1.1" 404 564 "-" "Mozilla/5.0 (Macintosh; Intel Mac OS X 10_12_3) AppleWebKit/537.36 (KHTML, like Gecko) Chrome/56.0.2924.87 Safari/537.36"
94.72.101.21 - - [02/Nov/2024:20:00:11 +0000] "GET /cache.php HTTP/1.1" 404 564 "-" "Mozilla/5.0 (Macintosh; Intel Mac OS X 10_12_3) AppleWebKit/537.36 (KHTML, like Gecko) Chrome/56.0.2924.87 Safari/537.36"
94.72.101.21 - - [02/Nov/2024:20:00:11 +0000] "GET /php_details HTTP/1.1" 404 564 "-" "Mozilla/5.0 (Macintosh; Intel Mac OS X 10_12_3) AppleWebKit/537.36 (KHTML, like Gecko) Chrome/56.0.2924.87 Safari/537.36"
94.72.101.21 - - [02/Nov/2024:20:00:11 +0000] "GET /phpdetails HTTP/1.1" 404 564 "-" "Mozilla/5.0 (Macintosh; Intel Mac OS X 10_12_3) AppleWebKit/537.36 (KHTML, like Gecko) Chrome/56.0.2924.87 Safari/537.36"
94.72.101.21 - - [02/Nov/2024:20:00:11 +0000] "GET /phpinfo.html HTTP/1.1" 404 564 "-" "Mozilla/5.0 (Macintosh; Intel Mac OS X 10_12_3) AppleWebKit/537.36 (KHTML, like Gecko) Chrome/56.0.2924.87 Safari/537.36"
94.72.101.21 - - [02/Nov/2024:20:00:11 +0000] "GET /phpinfo.php3 HTTP/1.1" 404 564 "-" "Mozilla/5.0 (Macintosh; Intel Mac OS X 10_12_3) AppleWebKit/537.36 (KHTML, like Gecko) Chrome/56.0.2924.87 Safari/537.36"
94.72.101.21 - - [02/Nov/2024:20:00:12 +0000] "GET /phpinfo.php4 HTTP/1.1" 404 564 "-" "Mozilla/5.0 (Macintosh; Intel Mac OS X 10_12_3) AppleWebKit/537.36 (KHTML, like Gecko) Chrome/56.0.2924.87 Safari/537.36"
94.72.101.21 - - [02/Nov/2024:20:00:12 +0000] "GET /phpinfo.php5 HTTP/1.1" 404 564 "-" "Mozilla/5.0 (Macintosh; Intel Mac OS X 10_12_3) AppleWebKit/537.36 (KHTML, like Gecko) Chrome/56.0.2924.87 Safari/537.36"
94.72.101.21 - - [02/Nov/2024:20:00:12 +0000] "GET /phpinfo.txt HTTP/1.1" 404 564 "-" "Mozilla/5.0 (Macintosh; Intel Mac OS X 10_12_3) AppleWebKit/537.36 (KHTML, like Gecko) Chrome/56.0.2924.87 Safari/537.36"
94.72.101.21 - - [02/Nov/2024:20:00:12 +0000] "GET /phpinfo/info.php HTTP/1.1" 404 564 "-" "Mozilla/5.0 (Macintosh; Intel Mac OS X 10_12_3) AppleWebKit/537.36 (KHTML, like Gecko) Chrome/56.0.2924.87 Safari/537.36"
94.72.101.21 - - [02/Nov/2024:20:00:12 +0000] "GET /phpinfo/php-details.php HTTP/1.1" 404 564 "-" "Mozilla/5.0 (Macintosh; Intel Mac OS X 10_12_3) AppleWebKit/537.36 (KHTML, like Gecko) Chrome/56.0.2924.87 Safari/537.36"
94.72.101.21 - - [02/Nov/2024:20:00:13 +0000] "GET /phpinfo/phpinfo.php HTTP/1.1" 404 564 "-" "Mozilla/5.0 (Macintosh; Intel Mac OS X 10_12_3) AppleWebKit/537.36 (KHTML, like Gecko) Chrome/56.0.2924.87 Safari/537.36"
94.72.101.21 - - [02/Nov/2024:20:00:13 +0000] "GET /phpinformation HTTP/1.1" 404 564 "-" "Mozilla/5.0 (Macintosh; Intel Mac OS X 10_12_3) AppleWebKit/537.36 (KHTML, like Gecko) Chrome/56.0.2924.87 Safari/537.36"
94.72.101.21 - - [02/Nov/2024:20:00:13 +0000] "GET /php1.php HTTP/1.1" 404 564 "-" "Mozilla/5.0 (Macintosh; Intel Mac OS X 10_12_3) AppleWebKit/537.36 (KHTML, like Gecko) Chrome/56.0.2924.87 Safari/537.36"
94.72.101.21 - - [02/Nov/2024:20:00:13 +0000] "GET /php52/phpinfo.php HTTP/1.1" 404 564 "-" "Mozilla/5.0 (Macintosh; Intel Mac OS X 10_12_3) AppleWebKit/537.36 (KHTML, like Gecko) Chrome/56.0.2924.87 Safari/537.36"
94.72.101.21 - - [02/Nov/2024:20:00:14 +0000] "GET /phpcustom_info/phpinfo.php HTTP/1.1" 404 564 "-" "Mozilla/5.0 (Macintosh; Intel Mac OS X 10_12_3) AppleWebKit/537.36 (KHTML, like Gecko) Chrome/56.0.2924.87 Safari/537.36"
94.72.101.21 - - [02/Nov/2024:20:00:14 +0000] "GET /php-info/info.php HTTP/1.1" 404 564 "-" "Mozilla/5.0 (Macintosh; Intel Mac OS X 10_12_3) AppleWebKit/537.36 (KHTML, like Gecko) Chrome/56.0.2924.87 Safari/537.36"
94.72.101.21 - - [02/Nov/2024:20:00:14 +0000] "GET /php-info/phpinfo HTTP/1.1" 404 564 "-" "Mozilla/5.0 (Macintosh; Intel Mac OS X 10_12_3) AppleWebKit/537.36 (KHTML, like Gecko) Chrome/56.0.2924.87 Safari/537.36"
94.72.101.21 - - [02/Nov/2024:20:00:15 +0000] "GET /php-info/phpinfo.php HTTP/1.1" 404 564 "-" "Mozilla/5.0 (Macintosh; Intel Mac OS X 10_12_3) AppleWebKit/537.36 (KHTML, like Gecko) Chrome/56.0.2924.87 Safari/537.36"
94.72.101.21 - - [02/Nov/2024:20:00:15 +0000] "GET /php.ini HTTP/1.1" 404 564 "-" "Mozilla/5.0 (Macintosh; Intel Mac OS X 10_12_3) AppleWebKit/537.36 (KHTML, like Gecko) Chrome/56.0.2924.87 Safari/537.36"
94.72.101.21 - - [02/Nov/2024:20:00:15 +0000] "GET /php/phpinfo.php HTTP/1.1" 404 564 "-" "Mozilla/5.0 (Macintosh; Intel Mac OS X 10_12_3) AppleWebKit/537.36 (KHTML, like Gecko) Chrome/56.0.2924.87 Safari/537.36"
94.72.101.21 - - [02/Nov/2024:20:00:16 +0000] "GET /php_info.php HTTP/1.1" 404 564 "-" "Mozilla/5.0 (Macintosh; Intel Mac OS X 10_12_3) AppleWebKit/537.36 (KHTML, like Gecko) Chrome/56.0.2924.87 Safari/537.36"
94.72.101.21 - - [02/Nov/2024:20:00:16 +0000] "GET /phpsysinfo/info.php HTTP/1.1" 404 564 "-" "Mozilla/5.0 (Macintosh; Intel Mac OS X 10_12_3) AppleWebKit/537.36 (KHTML, like Gecko) Chrome/56.0.2924.87 Safari/537.36"
94.72.101.21 - - [02/Nov/2024:20:00:16 +0000] "GET /phpsysinfo/phpinfo.php HTTP/1.1" 404 564 "-" "Mozilla/5.0 (Macintosh; Intel Mac OS X 10_12_3) AppleWebKit/537.36 (KHTML, like Gecko) Chrome/56.0.2924.87 Safari/537.36"
94.72.101.21 - - [02/Nov/2024:20:00:17 +0000] "GET /phpsysinfo/phpsysinfo.php HTTP/1.1" 404 564 "-" "Mozilla/5.0 (Macintosh; Intel Mac OS X 10_12_3) AppleWebKit/537.36 (KHTML, like Gecko) Chrome/56.0.2924.87 Safari/537.36"
94.72.101.21 - - [02/Nov/2024:20:00:17 +0000] "GET /sysinfo/tabs/php-info.php HTTP/1.1" 404 564 "-" "Mozilla/5.0 (Macintosh; Intel Mac OS X 10_12_3) AppleWebKit/537.36 (KHTML, like Gecko) Chrome/56.0.2924.87 Safari/537.36"
94.72.101.21 - - [02/Nov/2024:20:00:17 +0000] "GET /lindex.php HTTP/1.1" 404 564 "-" "Mozilla/5.0 (Macintosh; Intel Mac OS X 10_12_3) AppleWebKit/537.36 (KHTML, like Gecko) Chrome/56.0.2924.87 Safari/537.36"
94.72.101.21 - - [02/Nov/2024:20:00:18 +0000] "GET /linusadmin-phpinfo.php HTTP/1.1" 404 564 "-" "Mozilla/5.0 (Macintosh; Intel Mac OS X 10_12_3) AppleWebKit/537.36 (KHTML, like Gecko) Chrome/56.0.2924.87 Safari/537.36"
94.72.101.21 - - [02/Nov/2024:20:00:18 +0000] "GET /apache.php HTTP/1.1" 404 564 "-" "Mozilla/5.0 (Macintosh; Intel Mac OS X 10_12_3) AppleWebKit/537.36 (KHTML, like Gecko) Chrome/56.0.2924.87 Safari/537.36"
94.72.101.21 - - [02/Nov/2024:20:00:18 +0000] "GET /apache/i.php HTTP/1.1" 404 564 "-" "Mozilla/5.0 (Macintosh; Intel Mac OS X 10_12_3) AppleWebKit/537.36 (KHTML, like Gecko) Chrome/56.0.2924.87 Safari/537.36"
94.72.101.21 - - [02/Nov/2024:20:00:18 +0000] "GET /apache/info.php HTTP/1.1" 404 564 "-" "Mozilla/5.0 (Macintosh; Intel Mac OS X 10_12_3) AppleWebKit/537.36 (KHTML, like Gecko) Chrome/56.0.2924.87 Safari/537.36"
94.72.101.21 - - [02/Nov/2024:20:00:18 +0000] "GET /apache/phpinfo.php HTTP/1.1" 404 564 "-" "Mozilla/5.0 (Macintosh; Intel Mac OS X 10_12_3) AppleWebKit/537.36 (KHTML, like Gecko) Chrome/56.0.2924.87 Safari/537.36"
94.72.101.21 - - [02/Nov/2024:20:00:19 +0000] "GET /apache2.php HTTP/1.1" 404 564 "-" "Mozilla/5.0 (Macintosh; Intel Mac OS X 10_12_3) AppleWebKit/537.36 (KHTML, like Gecko) Chrome/56.0.2924.87 Safari/537.36"
94.72.101.21 - - [02/Nov/2024:20:00:19 +0000] "GET /webdav/phpinfo HTTP/1.1" 404 564 "-" "Mozilla/5.0 (Macintosh; Intel Mac OS X 10_12_3) AppleWebKit/537.36 (KHTML, like Gecko) Chrome/56.0.2924.87 Safari/537.36"
94.72.101.21 - - [02/Nov/2024:20:00:19 +0000] "GET /webdav/phpinfo.php HTTP/1.1" 404 564 "-" "Mozilla/5.0 (Macintosh; Intel Mac OS X 10_12_3) AppleWebKit/537.36 (KHTML, like Gecko) Chrome/56.0.2924.87 Safari/537.36"
94.72.101.21 - - [02/Nov/2024:20:00:19 +0000] "GET /xampp/info.php HTTP/1.1" 404 564 "-" "Mozilla/5.0 (Macintosh; Intel Mac OS X 10_12_3) AppleWebKit/537.36 (KHTML, like Gecko) Chrome/56.0.2924.87 Safari/537.36"
94.72.101.21 - - [02/Nov/2024:20:00:19 +0000] "GET /xampp/phpinfo HTTP/1.1" 404 564 "-" "Mozilla/5.0 (Macintosh; Intel Mac OS X 10_12_3) AppleWebKit/537.36 (KHTML, like Gecko) Chrome/56.0.2924.87 Safari/537.36"
94.72.101.21 - - [02/Nov/2024:20:00:19 +0000] "GET /dashboard/admin/info.php HTTP/1.1" 404 564 "-" "Mozilla/5.0 (Macintosh; Intel Mac OS X 10_12_3) AppleWebKit/537.36 (KHTML, like Gecko) Chrome/56.0.2924.87 Safari/537.36"
94.72.101.21 - - [02/Nov/2024:20:00:20 +0000] "GET /dashboard/admin/phpinfo HTTP/1.1" 404 564 "-" "Mozilla/5.0 (Macintosh; Intel Mac OS X 10_12_3) AppleWebKit/537.36 (KHTML, like Gecko) Chrome/56.0.2924.87 Safari/537.36"
94.72.101.21 - - [02/Nov/2024:20:00:20 +0000] "GET /dashboard/admin/phpinfo.php HTTP/1.1" 404 564 "-" "Mozilla/5.0 (Macintosh; Intel Mac OS X 10_12_3) AppleWebKit/537.36 (KHTML, like Gecko) Chrome/56.0.2924.87 Safari/537.36"
94.72.101.21 - - [02/Nov/2024:20:00:20 +0000] "GET /dashboard/i.php HTTP/1.1" 404 564 "-" "Mozilla/5.0 (Macintosh; Intel Mac OS X 10_12_3) AppleWebKit/537.36 (KHTML, like Gecko) Chrome/56.0.2924.87 Safari/537.36"
94.72.101.21 - - [02/Nov/2024:20:00:20 +0000] "GET /dashboard/info.php HTTP/1.1" 404 564 "-" "Mozilla/5.0 (Macintosh; Intel Mac OS X 10_12_3) AppleWebKit/537.36 (KHTML, like Gecko) Chrome/56.0.2924.87 Safari/537.36"
94.72.101.21 - - [02/Nov/2024:20:00:20 +0000] "GET /dashboard/phpinfo HTTP/1.1" 404 564 "-" "Mozilla/5.0 (Macintosh; Intel Mac OS X 10_12_3) AppleWebKit/537.36 (KHTML, like Gecko) Chrome/56.0.2924.87 Safari/537.36"
94.72.101.21 - - [02/Nov/2024:20:00:21 +0000] "GET /dashboard/phpinfo.php HTTP/1.1" 404 564 "-" "Mozilla/5.0 (Macintosh; Intel Mac OS X 10_12_3) AppleWebKit/537.36 (KHTML, like Gecko) Chrome/56.0.2924.87 Safari/537.36"
94.72.101.21 - - [02/Nov/2024:20:00:21 +0000] "GET /dashboard/test.php HTTP/1.1" 404 564 "-" "Mozilla/5.0 (Macintosh; Intel Mac OS X 10_12_3) AppleWebKit/537.36 (KHTML, like Gecko) Chrome/56.0.2924.87 Safari/537.36"
94.72.101.21 - - [02/Nov/2024:20:00:21 +0000] "GET /dashboardadmin/info.php HTTP/1.1" 404 564 "-" "Mozilla/5.0 (Macintosh; Intel Mac OS X 10_12_3) AppleWebKit/537.36 (KHTML, like Gecko) Chrome/56.0.2924.87 Safari/537.36"
94.72.101.21 - - [02/Nov/2024:20:00:21 +0000] "GET /dashboardadmin/phpinfo HTTP/1.1" 404 564 "-" "Mozilla/5.0 (Macintosh; Intel Mac OS X 10_12_3) AppleWebKit/537.36 (KHTML, like Gecko) Chrome/56.0.2924.87 Safari/537.36"
94.72.101.21 - - [02/Nov/2024:20:00:22 +0000] "GET /dashboardadmin/phpinfo.php HTTP/1.1" 404 564 "-" "Mozilla/5.0 (Macintosh; Intel Mac OS X 10_12_3) AppleWebKit/537.36 (KHTML, like Gecko) Chrome/56.0.2924.87 Safari/537.36"
94.72.101.21 - - [02/Nov/2024:20:00:23 +0000] "GET /api/info.php HTTP/1.1" 404 564 "-" "Mozilla/5.0 (Macintosh; Intel Mac OS X 10_12_3) AppleWebKit/537.36 (KHTML, like Gecko) Chrome/56.0.2924.87 Safari/537.36"
94.72.101.21 - - [02/Nov/2024:20:00:23 +0000] "GET /api/phpinfo.php HTTP/1.1" 404 564 "-" "Mozilla/5.0 (Macintosh; Intel Mac OS X 10_12_3) AppleWebKit/537.36 (KHTML, like Gecko) Chrome/56.0.2924.87 Safari/537.36"
94.72.101.21 - - [02/Nov/2024:20:00:23 +0000] "GET /backend/info.php HTTP/1.1" 404 564 "-" "Mozilla/5.0 (Macintosh; Intel Mac OS X 10_12_3) AppleWebKit/537.36 (KHTML, like Gecko) Chrome/56.0.2924.87 Safari/537.36"
94.72.101.21 - - [02/Nov/2024:20:00:24 +0000] "GET /backend/phpinfo.php HTTP/1.1" 404 564 "-" "Mozilla/5.0 (Macintosh; Intel Mac OS X 10_12_3) AppleWebKit/537.36 (KHTML, like Gecko) Chrome/56.0.2924.87 Safari/537.36"
94.72.101.21 - - [02/Nov/2024:20:00:24 +0000] "GET /backup/info.php HTTP/1.1" 404 564 "-" "Mozilla/5.0 (Macintosh; Intel Mac OS X 10_12_3) AppleWebKit/537.36 (KHTML, like Gecko) Chrome/56.0.2924.87 Safari/537.36"
94.72.101.21 - - [02/Nov/2024:20:00:24 +0000] "GET /backup/phpinfo.php HTTP/1.1" 404 564 "-" "Mozilla/5.0 (Macintosh; Intel Mac OS X 10_12_3) AppleWebKit/537.36 (KHTML, like Gecko) Chrome/56.0.2924.87 Safari/537.36"
94.72.101.21 - - [02/Nov/2024:20:00:25 +0000] "GET /crm/info.php HTTP/1.1" 404 564 "-" "Mozilla/5.0 (Macintosh; Intel Mac OS X 10_12_3) AppleWebKit/537.36 (KHTML, like Gecko) Chrome/56.0.2924.87 Safari/537.36"
94.72.101.21 - - [02/Nov/2024:20:00:25 +0000] "GET /crm/phpinfo.php HTTP/1.1" 404 564 "-" "Mozilla/5.0 (Macintosh; Intel Mac OS X 10_12_3) AppleWebKit/537.36 (KHTML, like Gecko) Chrome/56.0.2924.87 Safari/537.36"
94.72.101.21 - - [02/Nov/2024:20:00:25 +0000] "GET /current/info.php HTTP/1.1" 404 564 "-" "Mozilla/5.0 (Macintosh; Intel Mac OS X 10_12_3) AppleWebKit/537.36 (KHTML, like Gecko) Chrome/56.0.2924.87 Safari/537.36"
94.72.101.21 - - [02/Nov/2024:20:00:25 +0000] "GET /current/phpinfo.php HTTP/1.1" 404 564 "-" "Mozilla/5.0 (Macintosh; Intel Mac OS X 10_12_3) AppleWebKit/537.36 (KHTML, like Gecko) Chrome/56.0.2924.87 Safari/537.36"
94.72.101.21 - - [02/Nov/2024:20:00:25 +0000] "GET /dev/info.php HTTP/1.1" 404 564 "-" "Mozilla/5.0 (Macintosh; Intel Mac OS X 10_12_3) AppleWebKit/537.36 (KHTML, like Gecko) Chrome/56.0.2924.87 Safari/537.36"
94.72.101.21 - - [02/Nov/2024:20:00:25 +0000] "GET /dev/phpinfo.php HTTP/1.1" 404 564 "-" "Mozilla/5.0 (Macintosh; Intel Mac OS X 10_12_3) AppleWebKit/537.36 (KHTML, like Gecko) Chrome/56.0.2924.87 Safari/537.36"
94.72.101.21 - - [02/Nov/2024:20:00:26 +0000] "GET /develop/info.php HTTP/1.1" 404 564 "-" "Mozilla/5.0 (Macintosh; Intel Mac OS X 10_12_3) AppleWebKit/537.36 (KHTML, like Gecko) Chrome/56.0.2924.87 Safari/537.36"
94.72.101.21 - - [02/Nov/2024:20:00:26 +0000] "GET /develop/phpinfo.php HTTP/1.1" 404 564 "-" "Mozilla/5.0 (Macintosh; Intel Mac OS X 10_12_3) AppleWebKit/537.36 (KHTML, like Gecko) Chrome/56.0.2924.87 Safari/537.36"
94.72.101.21 - - [02/Nov/2024:20:00:26 +0000] "GET /development/iinfo.php HTTP/1.1" 404 564 "-" "Mozilla/5.0 (Macintosh; Intel Mac OS X 10_12_3) AppleWebKit/537.36 (KHTML, like Gecko) Chrome/56.0.2924.87 Safari/537.36"
94.72.101.21 - - [02/Nov/2024:20:00:27 +0000] "GET /development/phpinfo.php HTTP/1.1" 404 564 "-" "Mozilla/5.0 (Macintosh; Intel Mac OS X 10_12_3) AppleWebKit/537.36 (KHTML, like Gecko) Chrome/56.0.2924.87 Safari/537.36"
94.72.101.21 - - [02/Nov/2024:20:00:27 +0000] "GET /help/info.php HTTP/1.1" 404 564 "-" "Mozilla/5.0 (Macintosh; Intel Mac OS X 10_12_3) AppleWebKit/537.36 (KHTML, like Gecko) Chrome/56.0.2924.87 Safari/537.36"
94.72.101.21 - - [02/Nov/2024:20:00:27 +0000] "GET /help/phpinfo.php HTTP/1.1" 404 564 "-" "Mozilla/5.0 (Macintosh; Intel Mac OS X 10_12_3) AppleWebKit/537.36 (KHTML, like Gecko) Chrome/56.0.2924.87 Safari/537.36"
94.72.101.21 - - [02/Nov/2024:20:00:27 +0000] "GET /helper/info.php HTTP/1.1" 404 564 "-" "Mozilla/5.0 (Macintosh; Intel Mac OS X 10_12_3) AppleWebKit/537.36 (KHTML, like Gecko) Chrome/56.0.2924.87 Safari/537.36"
94.72.101.21 - - [02/Nov/2024:20:00:28 +0000] "GET /helper/phpinfo.php HTTP/1.1" 404 564 "-" "Mozilla/5.0 (Macintosh; Intel Mac OS X 10_12_3) AppleWebKit/537.36 (KHTML, like Gecko) Chrome/56.0.2924.87 Safari/537.36"
94.72.101.21 - - [02/Nov/2024:20:00:28 +0000] "GET /lara/info.php HTTP/1.1" 404 564 "-" "Mozilla/5.0 (Macintosh; Intel Mac OS X 10_12_3) AppleWebKit/537.36 (KHTML, like Gecko) Chrome/56.0.2924.87 Safari/537.36"
94.72.101.21 - - [02/Nov/2024:20:00:28 +0000] "GET /lara/phpinfo.php HTTP/1.1" 404 564 "-" "Mozilla/5.0 (Macintosh; Intel Mac OS X 10_12_3) AppleWebKit/537.36 (KHTML, like Gecko) Chrome/56.0.2924.87 Safari/537.36"
94.72.101.21 - - [02/Nov/2024:20:00:29 +0000] "GET /laravel/info.php HTTP/1.1" 404 564 "-" "Mozilla/5.0 (Macintosh; Intel Mac OS X 10_12_3) AppleWebKit/537.36 (KHTML, like Gecko) Chrome/56.0.2924.87 Safari/537.36"
94.72.101.21 - - [02/Nov/2024:20:00:29 +0000] "GET /laravel/phpinfo.php HTTP/1.1" 404 564 "-" "Mozilla/5.0 (Macintosh; Intel Mac OS X 10_12_3) AppleWebKit/537.36 (KHTML, like Gecko) Chrome/56.0.2924.87 Safari/537.36"
94.72.101.21 - - [02/Nov/2024:20:00:29 +0000] "GET /laravel8/phpinfo.php HTTP/1.1" 404 564 "-" "Mozilla/5.0 (Macintosh; Intel Mac OS X 10_12_3) AppleWebKit/537.36 (KHTML, like Gecko) Chrome/56.0.2924.87 Safari/537.36"
94.72.101.21 - - [02/Nov/2024:20:00:29 +0000] "GET /laravel9/phpinfo.php HTTP/1.1" 404 564 "-" "Mozilla/5.0 (Macintosh; Intel Mac OS X 10_12_3) AppleWebKit/537.36 (KHTML, like Gecko) Chrome/56.0.2924.87 Safari/537.36"
94.72.101.21 - - [02/Nov/2024:20:00:29 +0000] "GET /laravel10/phpinfo.php HTTP/1.1" 404 564 "-" "Mozilla/5.0 (Macintosh; Intel Mac OS X 10_12_3) AppleWebKit/537.36 (KHTML, like Gecko) Chrome/56.0.2924.87 Safari/537.36"
94.72.101.21 - - [02/Nov/2024:20:00:29 +0000] "GET /server/info.php HTTP/1.1" 404 564 "-" "Mozilla/5.0 (Macintosh; Intel Mac OS X 10_12_3) AppleWebKit/537.36 (KHTML, like Gecko) Chrome/56.0.2924.87 Safari/537.36"
94.72.101.21 - - [02/Nov/2024:20:00:30 +0000] "GET /server/phpinfo.php HTTP/1.1" 404 564 "-" "Mozilla/5.0 (Macintosh; Intel Mac OS X 10_12_3) AppleWebKit/537.36 (KHTML, like Gecko) Chrome/56.0.2924.87 Safari/537.36"
94.72.101.21 - - [02/Nov/2024:20:00:31 +0000] "GET /service/info.php HTTP/1.1" 404 564 "-" "Mozilla/5.0 (Macintosh; Intel Mac OS X 10_12_3) AppleWebKit/537.36 (KHTML, like Gecko) Chrome/56.0.2924.87 Safari/537.36"
94.72.101.21 - - [02/Nov/2024:20:00:31 +0000] "GET /service/phpinfo.php HTTP/1.1" 404 564 "-" "Mozilla/5.0 (Macintosh; Intel Mac OS X 10_12_3) AppleWebKit/537.36 (KHTML, like Gecko) Chrome/56.0.2924.87 Safari/537.36"
94.72.101.21 - - [02/Nov/2024:20:00:31 +0000] "GET /services/info.php HTTP/1.1" 404 564 "-" "Mozilla/5.0 (Macintosh; Intel Mac OS X 10_12_3) AppleWebKit/537.36 (KHTML, like Gecko) Chrome/56.0.2924.87 Safari/537.36"
94.72.101.21 - - [02/Nov/2024:20:00:31 +0000] "GET /services/phpinfo.php HTTP/1.1" 404 564 "-" "Mozilla/5.0 (Macintosh; Intel Mac OS X 10_12_3) AppleWebKit/537.36 (KHTML, like Gecko) Chrome/56.0.2924.87 Safari/537.36"
94.72.101.21 - - [02/Nov/2024:20:00:31 +0000] "GET /xampp/phpinfo.php HTTP/1.1" 404 564 "-" "Mozilla/5.0 (Macintosh; Intel Mac OS X 10_12_3) AppleWebKit/537.36 (KHTML, like Gecko) Chrome/56.0.2924.87 Safari/537.36"
94.72.101.21 - - [02/Nov/2024:20:00:32 +0000] "GET /forum/info.php HTTP/1.1" 404 564 "-" "Mozilla/5.0 (Macintosh; Intel Mac OS X 10_12_3) AppleWebKit/537.36 (KHTML, like Gecko) Chrome/56.0.2924.87 Safari/537.36"
94.72.101.21 - - [02/Nov/2024:20:00:32 +0000] "GET /forum/phpinfo.php HTTP/1.1" 404 564 "-" "Mozilla/5.0 (Macintosh; Intel Mac OS X 10_12_3) AppleWebKit/537.36 (KHTML, like Gecko) Chrome/56.0.2924.87 Safari/537.36"
94.72.101.21 - - [02/Nov/2024:20:00:32 +0000] "GET /root/info.php HTTP/1.1" 404 564 "-" "Mozilla/5.0 (Macintosh; Intel Mac OS X 10_12_3) AppleWebKit/537.36 (KHTML, like Gecko) Chrome/56.0.2924.87 Safari/537.36"
94.72.101.21 - - [02/Nov/2024:20:00:33 +0000] "GET /root/infophp HTTP/1.1" 404 564 "-" "Mozilla/5.0 (Macintosh; Intel Mac OS X 10_12_3) AppleWebKit/537.36 (KHTML, like Gecko) Chrome/56.0.2924.87 Safari/537.36"
94.72.101.21 - - [02/Nov/2024:20:00:33 +0000] "GET /root/phpinfo.php HTTP/1.1" 404 564 "-" "Mozilla/5.0 (Macintosh; Intel Mac OS X 10_12_3) AppleWebKit/537.36 (KHTML, like Gecko) Chrome/56.0.2924.87 Safari/537.36"
94.72.101.21 - - [02/Nov/2024:20:00:34 +0000] "GET /tools/info.php HTTP/1.1" 404 564 "-" "Mozilla/5.0 (Macintosh; Intel Mac OS X 10_12_3) AppleWebKit/537.36 (KHTML, like Gecko) Chrome/56.0.2924.87 Safari/537.36"
94.72.101.21 - - [02/Nov/2024:20:00:35 +0000] "GET /tools/phpinfo HTTP/1.1" 404 564 "-" "Mozilla/5.0 (Macintosh; Intel Mac OS X 10_12_3) AppleWebKit/537.36 (KHTML, like Gecko) Chrome/56.0.2924.87 Safari/537.36"
94.72.101.21 - - [02/Nov/2024:20:00:35 +0000] "GET /tools/phpinfo.php HTTP/1.1" 404 564 "-" "Mozilla/5.0 (Macintosh; Intel Mac OS X 10_12_3) AppleWebKit/537.36 (KHTML, like Gecko) Chrome/56.0.2924.87 Safari/537.36"
94.72.101.21 - - [02/Nov/2024:20:00:35 +0000] "GET /scripts/index.php HTTP/1.1" 404 564 "-" "Mozilla/5.0 (Macintosh; Intel Mac OS X 10_12_3) AppleWebKit/537.36 (KHTML, like Gecko) Chrome/56.0.2924.87 Safari/537.36"
94.72.101.21 - - [02/Nov/2024:20:00:36 +0000] "GET /scripts/info.php HTTP/1.1" 404 564 "-" "Mozilla/5.0 (Macintosh; Intel Mac OS X 10_12_3) AppleWebKit/537.36 (KHTML, like Gecko) Chrome/56.0.2924.87 Safari/537.36"
94.72.101.21 - - [02/Nov/2024:20:00:36 +0000] "GET /scripts/phpinfo HTTP/1.1" 404 564 "-" "Mozilla/5.0 (Macintosh; Intel Mac OS X 10_12_3) AppleWebKit/537.36 (KHTML, like Gecko) Chrome/56.0.2924.87 Safari/537.36"
94.72.101.21 - - [02/Nov/2024:20:00:36 +0000] "GET /scripts/phpinfo.php HTTP/1.1" 404 564 "-" "Mozilla/5.0 (Macintosh; Intel Mac OS X 10_12_3) AppleWebKit/537.36 (KHTML, like Gecko) Chrome/56.0.2924.87 Safari/537.36"
94.72.101.21 - - [02/Nov/2024:20:00:36 +0000] "GET /channel/team/phpinfo.php HTTP/1.1" 404 564 "-" "Mozilla/5.0 (Macintosh; Intel Mac OS X 10_12_3) AppleWebKit/537.36 (KHTML, like Gecko) Chrome/56.0.2924.87 Safari/537.36"
94.72.101.21 - - [02/Nov/2024:20:00:37 +0000] "GET /console/info.php HTTP/1.1" 404 564 "-" "Mozilla/5.0 (Macintosh; Intel Mac OS X 10_12_3) AppleWebKit/537.36 (KHTML, like Gecko) Chrome/56.0.2924.87 Safari/537.36"
94.72.101.21 - - [02/Nov/2024:20:00:37 +0000] "GET /console/phpinfo.php HTTP/1.1" 404 564 "-" "Mozilla/5.0 (Macintosh; Intel Mac OS X 10_12_3) AppleWebKit/537.36 (KHTML, like Gecko) Chrome/56.0.2924.87 Safari/537.36"
94.72.101.21 - - [02/Nov/2024:20:00:38 +0000] "GET /webdav/info.php HTTP/1.1" 404 564 "-" "Mozilla/5.0 (Macintosh; Intel Mac OS X 10_12_3) AppleWebKit/537.36 (KHTML, like Gecko) Chrome/56.0.2924.87 Safari/537.36"
94.72.101.21 - - [02/Nov/2024:20:00:38 +0000] "GET /~cats/php/info.php HTTP/1.1" 404 564 "-" "Mozilla/5.0 (Macintosh; Intel Mac OS X 10_12_3) AppleWebKit/537.36 (KHTML, like Gecko) Chrome/56.0.2924.87 Safari/537.36"
94.72.101.21 - - [02/Nov/2024:20:00:38 +0000] "GET /~cats/php/phpinfo HTTP/1.1" 404 564 "-" "Mozilla/5.0 (Macintosh; Intel Mac OS X 10_12_3) AppleWebKit/537.36 (KHTML, like Gecko) Chrome/56.0.2924.87 Safari/537.36"
94.72.101.21 - - [02/Nov/2024:20:00:38 +0000] "GET /~cats/php/phpinfo.php HTTP/1.1" 404 564 "-" "Mozilla/5.0 (Macintosh; Intel Mac OS X 10_12_3) AppleWebKit/537.36 (KHTML, like Gecko) Chrome/56.0.2924.87 Safari/537.36"
94.72.101.21 - - [02/Nov/2024:20:00:38 +0000] "GET /File/PHP/info.php HTTP/1.1" 404 564 "-" "Mozilla/5.0 (Macintosh; Intel Mac OS X 10_12_3) AppleWebKit/537.36 (KHTML, like Gecko) Chrome/56.0.2924.87 Safari/537.36"
94.72.101.21 - - [02/Nov/2024:20:00:39 +0000] "GET /File/PHP/phpinfo HTTP/1.1" 404 564 "-" "Mozilla/5.0 (Macintosh; Intel Mac OS X 10_12_3) AppleWebKit/537.36 (KHTML, like Gecko) Chrome/56.0.2924.87 Safari/537.36"
94.72.101.21 - - [02/Nov/2024:20:00:39 +0000] "GET /File/PHP/phpinfo.php HTTP/1.1" 404 564 "-" "Mozilla/5.0 (Macintosh; Intel Mac OS X 10_12_3) AppleWebKit/537.36 (KHTML, like Gecko) Chrome/56.0.2924.87 Safari/537.36"
94.72.101.21 - - [02/Nov/2024:20:00:39 +0000] "GET /wp-config HTTP/1.1" 404 564 "-" "Mozilla/5.0 (Macintosh; Intel Mac OS X 10_12_3) AppleWebKit/537.36 (KHTML, like Gecko) Chrome/56.0.2924.87 Safari/537.36"
94.72.101.21 - - [02/Nov/2024:20:00:39 +0000] "GET /wp-config-backup HTTP/1.1" 404 564 "-" "Mozilla/5.0 (Macintosh; Intel Mac OS X 10_12_3) AppleWebKit/537.36 (KHTML, like Gecko) Chrome/56.0.2924.87 Safari/537.36"
94.72.101.21 - - [02/Nov/2024:20:00:40 +0000] "GET /wp-config-backup.php HTTP/1.1" 404 564 "-" "Mozilla/5.0 (Macintosh; Intel Mac OS X 10_12_3) AppleWebKit/537.36 (KHTML, like Gecko) Chrome/56.0.2924.87 Safari/537.36"
94.72.101.21 - - [02/Nov/2024:20:00:40 +0000] "GET /wp-config-backup.txt HTTP/1.1" 404 564 "-" "Mozilla/5.0 (Macintosh; Intel Mac OS X 10_12_3) AppleWebKit/537.36 (KHTML, like Gecko) Chrome/56.0.2924.87 Safari/537.36"
94.72.101.21 - - [02/Nov/2024:20:00:40 +0000] "GET /wp-config-backup1.txt HTTP/1.1" 404 564 "-" "Mozilla/5.0 (Macintosh; Intel Mac OS X 10_12_3) AppleWebKit/537.36 (KHTML, like Gecko) Chrome/56.0.2924.87 Safari/537.36"
94.72.101.21 - - [02/Nov/2024:20:00:41 +0000] "GET /wp-config-good HTTP/1.1" 404 564 "-" "Mozilla/5.0 (Macintosh; Intel Mac OS X 10_12_3) AppleWebKit/537.36 (KHTML, like Gecko) Chrome/56.0.2924.87 Safari/537.36"
94.72.101.21 - - [02/Nov/2024:20:00:41 +0000] "GET /wp-config-sample.bak HTTP/1.1" 404 564 "-" "Mozilla/5.0 (Macintosh; Intel Mac OS X 10_12_3) AppleWebKit/537.36 (KHTML, like Gecko) Chrome/56.0.2924.87 Safari/537.36"
94.72.101.21 - - [02/Nov/2024:20:00:41 +0000] "GET /wp-config-sample.php HTTP/1.1" 404 564 "-" "Mozilla/5.0 (Macintosh; Intel Mac OS X 10_12_3) AppleWebKit/537.36 (KHTML, like Gecko) Chrome/56.0.2924.87 Safari/537.36"
94.72.101.21 - - [02/Nov/2024:20:00:41 +0000] "GET /wp-config-sample.php.bak HTTP/1.1" 404 564 "-" "Mozilla/5.0 (Macintosh; Intel Mac OS X 10_12_3) AppleWebKit/537.36 (KHTML, like Gecko) Chrome/56.0.2924.87 Safari/537.36"
94.72.101.21 - - [02/Nov/2024:20:00:41 +0000] "GET /wp-config-sample.php~ HTTP/1.1" 404 564 "-" "Mozilla/5.0 (Macintosh; Intel Mac OS X 10_12_3) AppleWebKit/537.36 (KHTML, like Gecko) Chrome/56.0.2924.87 Safari/537.36"
94.72.101.21 - - [02/Nov/2024:20:00:41 +0000] "GET /wp-config. HTTP/1.1" 404 564 "-" "Mozilla/5.0 (Macintosh; Intel Mac OS X 10_12_3) AppleWebKit/537.36 (KHTML, like Gecko) Chrome/56.0.2924.87 Safari/537.36"
94.72.101.21 - - [02/Nov/2024:20:00:42 +0000] "GET /wp-config.0 HTTP/1.1" 404 564 "-" "Mozilla/5.0 (Macintosh; Intel Mac OS X 10_12_3) AppleWebKit/537.36 (KHTML, like Gecko) Chrome/56.0.2924.87 Safari/537.36"
94.72.101.21 - - [02/Nov/2024:20:00:42 +0000] "GET /wp-config.1 HTTP/1.1" 404 564 "-" "Mozilla/5.0 (Macintosh; Intel Mac OS X 10_12_3) AppleWebKit/537.36 (KHTML, like Gecko) Chrome/56.0.2924.87 Safari/537.36"
94.72.101.21 - - [02/Nov/2024:20:00:42 +0000] "GET /wp-config.2 HTTP/1.1" 404 564 "-" "Mozilla/5.0 (Macintosh; Intel Mac OS X 10_12_3) AppleWebKit/537.36 (KHTML, like Gecko) Chrome/56.0.2924.87 Safari/537.36"
94.72.101.21 - - [02/Nov/2024:20:00:43 +0000] "GET /wp-config.3 HTTP/1.1" 404 564 "-" "Mozilla/5.0 (Macintosh; Intel Mac OS X 10_12_3) AppleWebKit/537.36 (KHTML, like Gecko) Chrome/56.0.2924.87 Safari/537.36"
94.72.101.21 - - [02/Nov/2024:20:00:43 +0000] "GET /wp-config.4 HTTP/1.1" 404 564 "-" "Mozilla/5.0 (Macintosh; Intel Mac OS X 10_12_3) AppleWebKit/537.36 (KHTML, like Gecko) Chrome/56.0.2924.87 Safari/537.36"
94.72.101.21 - - [02/Nov/2024:20:00:43 +0000] "GET /wp-config.5 HTTP/1.1" 404 564 "-" "Mozilla/5.0 (Macintosh; Intel Mac OS X 10_12_3) AppleWebKit/537.36 (KHTML, like Gecko) Chrome/56.0.2924.87 Safari/537.36"
94.72.101.21 - - [02/Nov/2024:20:00:43 +0000] "GET /wp-config.6 HTTP/1.1" 404 564 "-" "Mozilla/5.0 (Macintosh; Intel Mac OS X 10_12_3) AppleWebKit/537.36 (KHTML, like Gecko) Chrome/56.0.2924.87 Safari/537.36"
94.72.101.21 - - [02/Nov/2024:20:00:44 +0000] "GET /wp-config.7 HTTP/1.1" 404 564 "-" "Mozilla/5.0 (Macintosh; Intel Mac OS X 10_12_3) AppleWebKit/537.36 (KHTML, like Gecko) Chrome/56.0.2924.87 Safari/537.36"
94.72.101.21 - - [02/Nov/2024:20:00:44 +0000] "GET /wp-config.8 HTTP/1.1" 404 564 "-" "Mozilla/5.0 (Macintosh; Intel Mac OS X 10_12_3) AppleWebKit/537.36 (KHTML, like Gecko) Chrome/56.0.2924.87 Safari/537.36"
94.72.101.21 - - [02/Nov/2024:20:00:44 +0000] "GET /wp-config.9 HTTP/1.1" 404 564 "-" "Mozilla/5.0 (Macintosh; Intel Mac OS X 10_12_3) AppleWebKit/537.36 (KHTML, like Gecko) Chrome/56.0.2924.87 Safari/537.36"
94.72.101.21 - - [02/Nov/2024:20:00:45 +0000] "GET /wp-config.ORG HTTP/1.1" 404 564 "-" "Mozilla/5.0 (Macintosh; Intel Mac OS X 10_12_3) AppleWebKit/537.36 (KHTML, like Gecko) Chrome/56.0.2924.87 Safari/537.36"
94.72.101.21 - - [02/Nov/2024:20:00:45 +0000] "GET /wp-config._1 HTTP/1.1" 404 564 "-" "Mozilla/5.0 (Macintosh; Intel Mac OS X 10_12_3) AppleWebKit/537.36 (KHTML, like Gecko) Chrome/56.0.2924.87 Safari/537.36"
94.72.101.21 - - [02/Nov/2024:20:00:45 +0000] "GET /wp-config._2 HTTP/1.1" 404 564 "-" "Mozilla/5.0 (Macintosh; Intel Mac OS X 10_12_3) AppleWebKit/537.36 (KHTML, like Gecko) Chrome/56.0.2924.87 Safari/537.36"
94.72.101.21 - - [02/Nov/2024:20:00:45 +0000] "GET /wp-config._backup HTTP/1.1" 404 564 "-" "Mozilla/5.0 (Macintosh; Intel Mac OS X 10_12_3) AppleWebKit/537.36 (KHTML, like Gecko) Chrome/56.0.2924.87 Safari/537.36"
94.72.101.21 - - [02/Nov/2024:20:00:45 +0000] "GET /wp-config.a HTTP/1.1" 404 564 "-" "Mozilla/5.0 (Macintosh; Intel Mac OS X 10_12_3) AppleWebKit/537.36 (KHTML, like Gecko) Chrome/56.0.2924.87 Safari/537.36"
94.72.101.21 - - [02/Nov/2024:20:00:45 +0000] "GET /wp-config.aws HTTP/1.1" 404 564 "-" "Mozilla/5.0 (Macintosh; Intel Mac OS X 10_12_3) AppleWebKit/537.36 (KHTML, like Gecko) Chrome/56.0.2924.87 Safari/537.36"
94.72.101.21 - - [02/Nov/2024:20:00:46 +0000] "GET /wp-config.azure HTTP/1.1" 404 564 "-" "Mozilla/5.0 (Macintosh; Intel Mac OS X 10_12_3) AppleWebKit/537.36 (KHTML, like Gecko) Chrome/56.0.2924.87 Safari/537.36"
94.72.101.21 - - [02/Nov/2024:20:00:46 +0000] "GET /wp-config.b HTTP/1.1" 404 564 "-" "Mozilla/5.0 (Macintosh; Intel Mac OS X 10_12_3) AppleWebKit/537.36 (KHTML, like Gecko) Chrome/56.0.2924.87 Safari/537.36"
94.72.101.21 - - [02/Nov/2024:20:00:47 +0000] "GET /wp-config.bac HTTP/1.1" 404 564 "-" "Mozilla/5.0 (Macintosh; Intel Mac OS X 10_12_3) AppleWebKit/537.36 (KHTML, like Gecko) Chrome/56.0.2924.87 Safari/537.36"
94.72.101.21 - - [02/Nov/2024:20:00:47 +0000] "GET /wp-config.back HTTP/1.1" 404 564 "-" "Mozilla/5.0 (Macintosh; Intel Mac OS X 10_12_3) AppleWebKit/537.36 (KHTML, like Gecko) Chrome/56.0.2924.87 Safari/537.36"
94.72.101.21 - - [02/Nov/2024:20:00:47 +0000] "GET /wp-config.backup HTTP/1.1" 404 564 "-" "Mozilla/5.0 (Macintosh; Intel Mac OS X 10_12_3) AppleWebKit/537.36 (KHTML, like Gecko) Chrome/56.0.2924.87 Safari/537.36"
94.72.101.21 - - [02/Nov/2024:20:00:47 +0000] "GET /wp-config.backup.txt HTTP/1.1" 404 564 "-" "Mozilla/5.0 (Macintosh; Intel Mac OS X 10_12_3) AppleWebKit/537.36 (KHTML, like Gecko) Chrome/56.0.2924.87 Safari/537.36"
94.72.101.21 - - [02/Nov/2024:20:00:47 +0000] "GET /wp-config.bak HTTP/1.1" 404 564 "-" "Mozilla/5.0 (Macintosh; Intel Mac OS X 10_12_3) AppleWebKit/537.36 (KHTML, like Gecko) Chrome/56.0.2924.87 Safari/537.36"
94.72.101.21 - - [02/Nov/2024:20:00:48 +0000] "GET /wp-config.bak1 HTTP/1.1" 404 564 "-" "Mozilla/5.0 (Macintosh; Intel Mac OS X 10_12_3) AppleWebKit/537.36 (KHTML, like Gecko) Chrome/56.0.2924.87 Safari/537.36"
94.72.101.21 - - [02/Nov/2024:20:00:48 +0000] "GET /wp-config.bk HTTP/1.1" 404 564 "-" "Mozilla/5.0 (Macintosh; Intel Mac OS X 10_12_3) AppleWebKit/537.36 (KHTML, like Gecko) Chrome/56.0.2924.87 Safari/537.36"
94.72.101.21 - - [02/Nov/2024:20:00:48 +0000] "GET /wp-config.bkp HTTP/1.1" 404 564 "-" "Mozilla/5.0 (Macintosh; Intel Mac OS X 10_12_3) AppleWebKit/537.36 (KHTML, like Gecko) Chrome/56.0.2924.87 Safari/537.36"
94.72.101.21 - - [02/Nov/2024:20:00:49 +0000] "GET /wp-config.c HTTP/1.1" 404 564 "-" "Mozilla/5.0 (Macintosh; Intel Mac OS X 10_12_3) AppleWebKit/537.36 (KHTML, like Gecko) Chrome/56.0.2924.87 Safari/537.36"
94.72.101.21 - - [02/Nov/2024:20:00:49 +0000] "GET /wp-config.cache HTTP/1.1" 404 564 "-" "Mozilla/5.0 (Macintosh; Intel Mac OS X 10_12_3) AppleWebKit/537.36 (KHTML, like Gecko) Chrome/56.0.2924.87 Safari/537.36"
94.72.101.21 - - [02/Nov/2024:20:00:49 +0000] "GET /wp-config.cfg HTTP/1.1" 404 564 "-" "Mozilla/5.0 (Macintosh; Intel Mac OS X 10_12_3) AppleWebKit/537.36 (KHTML, like Gecko) Chrome/56.0.2924.87 Safari/537.36"
94.72.101.21 - - [02/Nov/2024:20:00:49 +0000] "GET /wp-config.com HTTP/1.1" 404 564 "-" "Mozilla/5.0 (Macintosh; Intel Mac OS X 10_12_3) AppleWebKit/537.36 (KHTML, like Gecko) Chrome/56.0.2924.87 Safari/537.36"
94.72.101.21 - - [02/Nov/2024:20:00:50 +0000] "GET /wp-config.conf HTTP/1.1" 404 564 "-" "Mozilla/5.0 (Macintosh; Intel Mac OS X 10_12_3) AppleWebKit/537.36 (KHTML, like Gecko) Chrome/56.0.2924.87 Safari/537.36"
94.72.101.21 - - [02/Nov/2024:20:00:50 +0000] "GET /wp-config.cs HTTP/1.1" 404 564 "-" "Mozilla/5.0 (Macintosh; Intel Mac OS X 10_12_3) AppleWebKit/537.36 (KHTML, like Gecko) Chrome/56.0.2924.87 Safari/537.36"
94.72.101.21 - - [02/Nov/2024:20:00:52 +0000] "GET /wp-config.csproj HTTP/1.1" 404 564 "-" "Mozilla/5.0 (Macintosh; Intel Mac OS X 10_12_3) AppleWebKit/537.36 (KHTML, like Gecko) Chrome/56.0.2924.87 Safari/537.36"
94.72.101.21 - - [02/Nov/2024:20:00:52 +0000] "GET /wp-config.cust HTTP/1.1" 404 564 "-" "Mozilla/5.0 (Macintosh; Intel Mac OS X 10_12_3) AppleWebKit/537.36 (KHTML, like Gecko) Chrome/56.0.2924.87 Safari/537.36"
94.72.101.21 - - [02/Nov/2024:20:00:52 +0000] "GET /wp-config.data HTTP/1.1" 404 564 "-" "Mozilla/5.0 (Macintosh; Intel Mac OS X 10_12_3) AppleWebKit/537.36 (KHTML, like Gecko) Chrome/56.0.2924.87 Safari/537.36"
94.72.101.21 - - [02/Nov/2024:20:00:52 +0000] "GET /wp-config.dev HTTP/1.1" 404 564 "-" "Mozilla/5.0 (Macintosh; Intel Mac OS X 10_12_3) AppleWebKit/537.36 (KHTML, like Gecko) Chrome/56.0.2924.87 Safari/537.36"
94.72.101.21 - - [02/Nov/2024:20:00:52 +0000] "GET /wp-config.dif HTTP/1.1" 404 564 "-" "Mozilla/5.0 (Macintosh; Intel Mac OS X 10_12_3) AppleWebKit/537.36 (KHTML, like Gecko) Chrome/56.0.2924.87 Safari/537.36"
94.72.101.21 - - [02/Nov/2024:20:00:52 +0000] "GET /wp-config.disabled HTTP/1.1" 404 564 "-" "Mozilla/5.0 (Macintosh; Intel Mac OS X 10_12_3) AppleWebKit/537.36 (KHTML, like Gecko) Chrome/56.0.2924.87 Safari/537.36"
94.72.101.21 - - [02/Nov/2024:20:00:53 +0000] "GET /wp-config.dist HTTP/1.1" 404 564 "-" "Mozilla/5.0 (Macintosh; Intel Mac OS X 10_12_3) AppleWebKit/537.36 (KHTML, like Gecko) Chrome/56.0.2924.87 Safari/537.36"
94.72.101.21 - - [02/Nov/2024:20:00:53 +0000] "GET /wp-config.dump HTTP/1.1" 404 564 "-" "Mozilla/5.0 (Macintosh; Intel Mac OS X 10_12_3) AppleWebKit/537.36 (KHTML, like Gecko) Chrome/56.0.2924.87 Safari/537.36"
94.72.101.21 - - [02/Nov/2024:20:00:54 +0000] "GET /wp-config.err HTTP/1.1" 404 564 "-" "Mozilla/5.0 (Macintosh; Intel Mac OS X 10_12_3) AppleWebKit/537.36 (KHTML, like Gecko) Chrome/56.0.2924.87 Safari/537.36"
94.72.101.21 - - [02/Nov/2024:20:00:54 +0000] "GET /wp-config.good HTTP/1.1" 404 564 "-" "Mozilla/5.0 (Macintosh; Intel Mac OS X 10_12_3) AppleWebKit/537.36 (KHTML, like Gecko) Chrome/56.0.2924.87 Safari/537.36"
94.72.101.21 - - [02/Nov/2024:20:00:55 +0000] "GET /wp-config.gz HTTP/1.1" 404 564 "-" "Mozilla/5.0 (Macintosh; Intel Mac OS X 10_12_3) AppleWebKit/537.36 (KHTML, like Gecko) Chrome/56.0.2924.87 Safari/537.36"
94.72.101.21 - - [02/Nov/2024:20:00:55 +0000] "GET /wp-config.htm HTTP/1.1" 404 564 "-" "Mozilla/5.0 (Macintosh; Intel Mac OS X 10_12_3) AppleWebKit/537.36 (KHTML, like Gecko) Chrome/56.0.2924.87 Safari/537.36"
94.72.101.21 - - [02/Nov/2024:20:00:56 +0000] "GET /wp-config.html HTTP/1.1" 404 564 "-" "Mozilla/5.0 (Macintosh; Intel Mac OS X 10_12_3) AppleWebKit/537.36 (KHTML, like Gecko) Chrome/56.0.2924.87 Safari/537.36"
94.72.101.21 - - [02/Nov/2024:20:00:56 +0000] "GET /wp-config.in HTTP/1.1" 404 564 "-" "Mozilla/5.0 (Macintosh; Intel Mac OS X 10_12_3) AppleWebKit/537.36 (KHTML, like Gecko) Chrome/56.0.2924.87 Safari/537.36"
94.72.101.21 - - [02/Nov/2024:20:00:56 +0000] "GET /wp-config.inc HTTP/1.1" 404 564 "-" "Mozilla/5.0 (Macintosh; Intel Mac OS X 10_12_3) AppleWebKit/537.36 (KHTML, like Gecko) Chrome/56.0.2924.87 Safari/537.36"
94.72.101.21 - - [02/Nov/2024:20:00:57 +0000] "GET /wp-config.ini HTTP/1.1" 404 564 "-" "Mozilla/5.0 (Macintosh; Intel Mac OS X 10_12_3) AppleWebKit/537.36 (KHTML, like Gecko) Chrome/56.0.2924.87 Safari/537.36"
94.72.101.21 - - [02/Nov/2024:20:00:57 +0000] "GET /wp-config.java HTTP/1.1" 404 564 "-" "Mozilla/5.0 (Macintosh; Intel Mac OS X 10_12_3) AppleWebKit/537.36 (KHTML, like Gecko) Chrome/56.0.2924.87 Safari/537.36"
94.72.101.21 - - [02/Nov/2024:20:00:58 +0000] "GET /wp-config.local HTTP/1.1" 404 564 "-" "Mozilla/5.0 (Macintosh; Intel Mac OS X 10_12_3) AppleWebKit/537.36 (KHTML, like Gecko) Chrome/56.0.2924.87 Safari/537.36"
94.72.101.21 - - [02/Nov/2024:20:00:58 +0000] "GET /wp-config.local.php HTTP/1.1" 404 564 "-" "Mozilla/5.0 (Macintosh; Intel Mac OS X 10_12_3) AppleWebKit/537.36 (KHTML, like Gecko) Chrome/56.0.2924.87 Safari/537.36"
94.72.101.21 - - [02/Nov/2024:20:00:58 +0000] "GET /wp-config.log HTTP/1.1" 404 564 "-" "Mozilla/5.0 (Macintosh; Intel Mac OS X 10_12_3) AppleWebKit/537.36 (KHTML, like Gecko) Chrome/56.0.2924.87 Safari/537.36"
94.72.101.21 - - [02/Nov/2024:20:00:59 +0000] "GET /wp-config.lst HTTP/1.1" 404 564 "-" "Mozilla/5.0 (Macintosh; Intel Mac OS X 10_12_3) AppleWebKit/537.36 (KHTML, like Gecko) Chrome/56.0.2924.87 Safari/537.36"
94.72.101.21 - - [02/Nov/2024:20:00:59 +0000] "GET /wp-config.maj HTTP/1.1" 404 564 "-" "Mozilla/5.0 (Macintosh; Intel Mac OS X 10_12_3) AppleWebKit/537.36 (KHTML, like Gecko) Chrome/56.0.2924.87 Safari/537.36"
94.72.101.21 - - [02/Nov/2024:20:00:59 +0000] "GET /wp-config.map HTTP/1.1" 404 564 "-" "Mozilla/5.0 (Macintosh; Intel Mac OS X 10_12_3) AppleWebKit/537.36 (KHTML, like Gecko) Chrome/56.0.2924.87 Safari/537.36"
94.72.101.21 - - [02/Nov/2024:20:00:59 +0000] "GET /wp-config.new HTTP/1.1" 404 564 "-" "Mozilla/5.0 (Macintosh; Intel Mac OS X 10_12_3) AppleWebKit/537.36 (KHTML, like Gecko) Chrome/56.0.2924.87 Safari/537.36"
94.72.101.21 - - [02/Nov/2024:20:01:00 +0000] "GET /wp-config.old HTTP/1.1" 404 564 "-" "Mozilla/5.0 (Macintosh; Intel Mac OS X 10_12_3) AppleWebKit/537.36 (KHTML, like Gecko) Chrome/56.0.2924.87 Safari/537.36"
94.72.101.21 - - [02/Nov/2024:20:01:00 +0000] "GET /wp-config.old.old HTTP/1.1" 404 564 "-" "Mozilla/5.0 (Macintosh; Intel Mac OS X 10_12_3) AppleWebKit/537.36 (KHTML, like Gecko) Chrome/56.0.2924.87 Safari/537.36"
94.72.101.21 - - [02/Nov/2024:20:01:00 +0000] "GET /wp-config.org HTTP/1.1" 404 564 "-" "Mozilla/5.0 (Macintosh; Intel Mac OS X 10_12_3) AppleWebKit/537.36 (KHTML, like Gecko) Chrome/56.0.2924.87 Safari/537.36"
94.72.101.21 - - [02/Nov/2024:20:01:00 +0000] "GET /wp-config.orig HTTP/1.1" 404 564 "-" "Mozilla/5.0 (Macintosh; Intel Mac OS X 10_12_3) AppleWebKit/537.36 (KHTML, like Gecko) Chrome/56.0.2924.87 Safari/537.36"
94.72.101.21 - - [02/Nov/2024:20:01:00 +0000] "GET /wp-config.original HTTP/1.1" 404 564 "-" "Mozilla/5.0 (Macintosh; Intel Mac OS X 10_12_3) AppleWebKit/537.36 (KHTML, like Gecko) Chrome/56.0.2924.87 Safari/537.36"
94.72.101.21 - - [02/Nov/2024:20:01:01 +0000] "GET /wp-config.part HTTP/1.1" 404 564 "-" "Mozilla/5.0 (Macintosh; Intel Mac OS X 10_12_3) AppleWebKit/537.36 (KHTML, like Gecko) Chrome/56.0.2924.87 Safari/537.36"
94.72.101.21 - - [02/Nov/2024:20:01:01 +0000] "GET /wp-config.php HTTP/1.1" 404 564 "-" "Mozilla/5.0 (Macintosh; Intel Mac OS X 10_12_3) AppleWebKit/537.36 (KHTML, like Gecko) Chrome/56.0.2924.87 Safari/537.36"
94.72.101.21 - - [02/Nov/2024:20:01:01 +0000] "GET /wp-config.php- HTTP/1.1" 404 564 "-" "Mozilla/5.0 (Macintosh; Intel Mac OS X 10_12_3) AppleWebKit/537.36 (KHTML, like Gecko) Chrome/56.0.2924.87 Safari/537.36"
94.72.101.21 - - [02/Nov/2024:20:01:01 +0000] "GET /wp-config.php-bak HTTP/1.1" 404 564 "-" "Mozilla/5.0 (Macintosh; Intel Mac OS X 10_12_3) AppleWebKit/537.36 (KHTML, like Gecko) Chrome/56.0.2924.87 Safari/537.36"
94.72.101.21 - - [02/Nov/2024:20:01:01 +0000] "GET /wp-config.php-n HTTP/1.1" 404 564 "-" "Mozilla/5.0 (Macintosh; Intel Mac OS X 10_12_3) AppleWebKit/537.36 (KHTML, like Gecko) Chrome/56.0.2924.87 Safari/537.36"
94.72.101.21 - - [02/Nov/2024:20:01:02 +0000] "GET /wp-config.php-o HTTP/1.1" 404 564 "-" "Mozilla/5.0 (Macintosh; Intel Mac OS X 10_12_3) AppleWebKit/537.36 (KHTML, like Gecko) Chrome/56.0.2924.87 Safari/537.36"
94.72.101.21 - - [02/Nov/2024:20:01:02 +0000] "GET /wp-config.php-old HTTP/1.1" 404 564 "-" "Mozilla/5.0 (Macintosh; Intel Mac OS X 10_12_3) AppleWebKit/537.36 (KHTML, like Gecko) Chrome/56.0.2924.87 Safari/537.36"
94.72.101.21 - - [02/Nov/2024:20:01:02 +0000] "GET /wp-config.php-original HTTP/1.1" 404 564 "-" "Mozilla/5.0 (Macintosh; Intel Mac OS X 10_12_3) AppleWebKit/537.36 (KHTML, like Gecko) Chrome/56.0.2924.87 Safari/537.36"
94.72.101.21 - - [02/Nov/2024:20:01:02 +0000] "GET /wp-config.php-save HTTP/1.1" 404 564 "-" "Mozilla/5.0 (Macintosh; Intel Mac OS X 10_12_3) AppleWebKit/537.36 (KHTML, like Gecko) Chrome/56.0.2924.87 Safari/537.36"
94.72.101.21 - - [02/Nov/2024:20:01:03 +0000] "GET /wp-config.php-work HTTP/1.1" 404 564 "-" "Mozilla/5.0 (Macintosh; Intel Mac OS X 10_12_3) AppleWebKit/537.36 (KHTML, like Gecko) Chrome/56.0.2924.87 Safari/537.36"
94.72.101.21 - - [02/Nov/2024:20:01:03 +0000] "GET /wp-config.php. HTTP/1.1" 404 564 "-" "Mozilla/5.0 (Macintosh; Intel Mac OS X 10_12_3) AppleWebKit/537.36 (KHTML, like Gecko) Chrome/56.0.2924.87 Safari/537.36"
94.72.101.21 - - [02/Nov/2024:20:01:03 +0000] "GET /wp-config.php.0 HTTP/1.1" 404 564 "-" "Mozilla/5.0 (Macintosh; Intel Mac OS X 10_12_3) AppleWebKit/537.36 (KHTML, like Gecko) Chrome/56.0.2924.87 Safari/537.36"
94.72.101.21 - - [02/Nov/2024:20:01:03 +0000] "GET /wp-config.php.1 HTTP/1.1" 404 564 "-" "Mozilla/5.0 (Macintosh; Intel Mac OS X 10_12_3) AppleWebKit/537.36 (KHTML, like Gecko) Chrome/56.0.2924.87 Safari/537.36"
94.72.101.21 - - [02/Nov/2024:20:01:03 +0000] "GET /wp-config.php.2 HTTP/1.1" 404 564 "-" "Mozilla/5.0 (Macintosh; Intel Mac OS X 10_12_3) AppleWebKit/537.36 (KHTML, like Gecko) Chrome/56.0.2924.87 Safari/537.36"
94.72.101.21 - - [02/Nov/2024:20:01:04 +0000] "GET /wp-config.php.3 HTTP/1.1" 404 564 "-" "Mozilla/5.0 (Macintosh; Intel Mac OS X 10_12_3) AppleWebKit/537.36 (KHTML, like Gecko) Chrome/56.0.2924.87 Safari/537.36"
94.72.101.21 - - [02/Nov/2024:20:01:04 +0000] "GET /wp-config.php.4 HTTP/1.1" 404 564 "-" "Mozilla/5.0 (Macintosh; Intel Mac OS X 10_12_3) AppleWebKit/537.36 (KHTML, like Gecko) Chrome/56.0.2924.87 Safari/537.36"
94.72.101.21 - - [02/Nov/2024:20:01:04 +0000] "GET /wp-config.php.5 HTTP/1.1" 404 564 "-" "Mozilla/5.0 (Macintosh; Intel Mac OS X 10_12_3) AppleWebKit/537.36 (KHTML, like Gecko) Chrome/56.0.2924.87 Safari/537.36"
94.72.101.21 - - [02/Nov/2024:20:01:04 +0000] "GET /wp-config.php.6 HTTP/1.1" 404 564 "-" "Mozilla/5.0 (Macintosh; Intel Mac OS X 10_12_3) AppleWebKit/537.36 (KHTML, like Gecko) Chrome/56.0.2924.87 Safari/537.36"
94.72.101.21 - - [02/Nov/2024:20:01:05 +0000] "GET /wp-config.php.7 HTTP/1.1" 404 564 "-" "Mozilla/5.0 (Macintosh; Intel Mac OS X 10_12_3) AppleWebKit/537.36 (KHTML, like Gecko) Chrome/56.0.2924.87 Safari/537.36"
94.72.101.21 - - [02/Nov/2024:20:01:05 +0000] "GET /wp-config.php.8 HTTP/1.1" 404 564 "-" "Mozilla/5.0 (Macintosh; Intel Mac OS X 10_12_3) AppleWebKit/537.36 (KHTML, like Gecko) Chrome/56.0.2924.87 Safari/537.36"
94.72.101.21 - - [02/Nov/2024:20:01:05 +0000] "GET /wp-config.php.9 HTTP/1.1" 404 564 "-" "Mozilla/5.0 (Macintosh; Intel Mac OS X 10_12_3) AppleWebKit/537.36 (KHTML, like Gecko) Chrome/56.0.2924.87 Safari/537.36"
94.72.101.21 - - [02/Nov/2024:20:01:06 +0000] "GET /wp-config.php.a HTTP/1.1" 404 564 "-" "Mozilla/5.0 (Macintosh; Intel Mac OS X 10_12_3) AppleWebKit/537.36 (KHTML, like Gecko) Chrome/56.0.2924.87 Safari/537.36"
94.72.101.21 - - [02/Nov/2024:20:01:06 +0000] "GET /wp-config.php.aws HTTP/1.1" 404 564 "-" "Mozilla/5.0 (Macintosh; Intel Mac OS X 10_12_3) AppleWebKit/537.36 (KHTML, like Gecko) Chrome/56.0.2924.87 Safari/537.36"
94.72.101.21 - - [02/Nov/2024:20:01:06 +0000] "GET /wp-config.php.azure HTTP/1.1" 404 564 "-" "Mozilla/5.0 (Macintosh; Intel Mac OS X 10_12_3) AppleWebKit/537.36 (KHTML, like Gecko) Chrome/56.0.2924.87 Safari/537.36"
94.72.101.21 - - [02/Nov/2024:20:01:06 +0000] "GET /wp-config.php.b HTTP/1.1" 404 564 "-" "Mozilla/5.0 (Macintosh; Intel Mac OS X 10_12_3) AppleWebKit/537.36 (KHTML, like Gecko) Chrome/56.0.2924.87 Safari/537.36"
94.72.101.21 - - [02/Nov/2024:20:01:06 +0000] "GET /wp-config.php.bac HTTP/1.1" 404 564 "-" "Mozilla/5.0 (Macintosh; Intel Mac OS X 10_12_3) AppleWebKit/537.36 (KHTML, like Gecko) Chrome/56.0.2924.87 Safari/537.36"
94.72.101.21 - - [02/Nov/2024:20:01:06 +0000] "GET /wp-config.php.backup HTTP/1.1" 404 564 "-" "Mozilla/5.0 (Macintosh; Intel Mac OS X 10_12_3) AppleWebKit/537.36 (KHTML, like Gecko) Chrome/56.0.2924.87 Safari/537.36"
94.72.101.21 - - [02/Nov/2024:20:01:07 +0000] "GET /wp-config.php.backup.txt HTTP/1.1" 404 564 "-" "Mozilla/5.0 (Macintosh; Intel Mac OS X 10_12_3) AppleWebKit/537.36 (KHTML, like Gecko) Chrome/56.0.2924.87 Safari/537.36"
94.72.101.21 - - [02/Nov/2024:20:01:07 +0000] "GET /wp-config.php.bak HTTP/1.1" 404 564 "-" "Mozilla/5.0 (Macintosh; Intel Mac OS X 10_12_3) AppleWebKit/537.36 (KHTML, like Gecko) Chrome/56.0.2924.87 Safari/537.36"
94.72.101.21 - - [02/Nov/2024:20:01:07 +0000] "GET /wp-config.php.bak1 HTTP/1.1" 404 564 "-" "Mozilla/5.0 (Macintosh; Intel Mac OS X 10_12_3) AppleWebKit/537.36 (KHTML, like Gecko) Chrome/56.0.2924.87 Safari/537.36"
94.72.101.21 - - [02/Nov/2024:20:01:08 +0000] "GET /wp-config.php.bk HTTP/1.1" 404 564 "-" "Mozilla/5.0 (Macintosh; Intel Mac OS X 10_12_3) AppleWebKit/537.36 (KHTML, like Gecko) Chrome/56.0.2924.87 Safari/537.36"
94.72.101.21 - - [02/Nov/2024:20:01:08 +0000] "GET /wp-config.php.bkp HTTP/1.1" 404 564 "-" "Mozilla/5.0 (Macintosh; Intel Mac OS X 10_12_3) AppleWebKit/537.36 (KHTML, like Gecko) Chrome/56.0.2924.87 Safari/537.36"
94.72.101.21 - - [02/Nov/2024:20:01:08 +0000] "GET /wp-config.php.c HTTP/1.1" 404 564 "-" "Mozilla/5.0 (Macintosh; Intel Mac OS X 10_12_3) AppleWebKit/537.36 (KHTML, like Gecko) Chrome/56.0.2924.87 Safari/537.36"
94.72.101.21 - - [02/Nov/2024:20:01:08 +0000] "GET /wp-config.php.cache HTTP/1.1" 404 564 "-" "Mozilla/5.0 (Macintosh; Intel Mac OS X 10_12_3) AppleWebKit/537.36 (KHTML, like Gecko) Chrome/56.0.2924.87 Safari/537.36"
94.72.101.21 - - [02/Nov/2024:20:01:09 +0000] "GET /wp-config.php.cfg HTTP/1.1" 404 564 "-" "Mozilla/5.0 (Macintosh; Intel Mac OS X 10_12_3) AppleWebKit/537.36 (KHTML, like Gecko) Chrome/56.0.2924.87 Safari/537.36"
94.72.101.21 - - [02/Nov/2024:20:01:09 +0000] "GET /wp-config.php.com HTTP/1.1" 404 564 "-" "Mozilla/5.0 (Macintosh; Intel Mac OS X 10_12_3) AppleWebKit/537.36 (KHTML, like Gecko) Chrome/56.0.2924.87 Safari/537.36"
94.72.101.21 - - [02/Nov/2024:20:01:09 +0000] "GET /wp-config.php.conf HTTP/1.1" 404 564 "-" "Mozilla/5.0 (Macintosh; Intel Mac OS X 10_12_3) AppleWebKit/537.36 (KHTML, like Gecko) Chrome/56.0.2924.87 Safari/537.36"
94.72.101.21 - - [02/Nov/2024:20:01:09 +0000] "GET /wp-config.php.cs HTTP/1.1" 404 564 "-" "Mozilla/5.0 (Macintosh; Intel Mac OS X 10_12_3) AppleWebKit/537.36 (KHTML, like Gecko) Chrome/56.0.2924.87 Safari/537.36"
94.72.101.21 - - [02/Nov/2024:20:01:09 +0000] "GET /wp-config.php.csproj HTTP/1.1" 404 564 "-" "Mozilla/5.0 (Macintosh; Intel Mac OS X 10_12_3) AppleWebKit/537.36 (KHTML, like Gecko) Chrome/56.0.2924.87 Safari/537.36"
94.72.101.21 - - [02/Nov/2024:20:01:10 +0000] "GET /wp-config.php.cust HTTP/1.1" 404 564 "-" "Mozilla/5.0 (Macintosh; Intel Mac OS X 10_12_3) AppleWebKit/537.36 (KHTML, like Gecko) Chrome/56.0.2924.87 Safari/537.36"
94.72.101.21 - - [02/Nov/2024:20:01:10 +0000] "GET /wp-config.php.data HTTP/1.1" 404 564 "-" "Mozilla/5.0 (Macintosh; Intel Mac OS X 10_12_3) AppleWebKit/537.36 (KHTML, like Gecko) Chrome/56.0.2924.87 Safari/537.36"
94.72.101.21 - - [02/Nov/2024:20:01:10 +0000] "GET /wp-config.php.dev HTTP/1.1" 404 564 "-" "Mozilla/5.0 (Macintosh; Intel Mac OS X 10_12_3) AppleWebKit/537.36 (KHTML, like Gecko) Chrome/56.0.2924.87 Safari/537.36"
94.72.101.21 - - [02/Nov/2024:20:01:10 +0000] "GET /wp-config.php.dif HTTP/1.1" 404 564 "-" "Mozilla/5.0 (Macintosh; Intel Mac OS X 10_12_3) AppleWebKit/537.36 (KHTML, like Gecko) Chrome/56.0.2924.87 Safari/537.36"
94.72.101.21 - - [02/Nov/2024:20:01:11 +0000] "GET /wp-config.php.disabled HTTP/1.1" 404 564 "-" "Mozilla/5.0 (Macintosh; Intel Mac OS X 10_12_3) AppleWebKit/537.36 (KHTML, like Gecko) Chrome/56.0.2924.87 Safari/537.36"
94.72.101.21 - - [02/Nov/2024:20:01:11 +0000] "GET /wp-config.php.dist HTTP/1.1" 404 564 "-" "Mozilla/5.0 (Macintosh; Intel Mac OS X 10_12_3) AppleWebKit/537.36 (KHTML, like Gecko) Chrome/56.0.2924.87 Safari/537.36"
94.72.101.21 - - [02/Nov/2024:20:01:11 +0000] "GET /wp-config.php.dump HTTP/1.1" 404 564 "-" "Mozilla/5.0 (Macintosh; Intel Mac OS X 10_12_3) AppleWebKit/537.36 (KHTML, like Gecko) Chrome/56.0.2924.87 Safari/537.36"
94.72.101.21 - - [02/Nov/2024:20:01:12 +0000] "GET /wp-config.php.err HTTP/1.1" 404 564 "-" "Mozilla/5.0 (Macintosh; Intel Mac OS X 10_12_3) AppleWebKit/537.36 (KHTML, like Gecko) Chrome/56.0.2924.87 Safari/537.36"
94.72.101.21 - - [02/Nov/2024:20:01:12 +0000] "GET /wp-config.php.gz HTTP/1.1" 404 564 "-" "Mozilla/5.0 (Macintosh; Intel Mac OS X 10_12_3) AppleWebKit/537.36 (KHTML, like Gecko) Chrome/56.0.2924.87 Safari/537.36"
94.72.101.21 - - [02/Nov/2024:20:01:12 +0000] "GET /wp-config.php.html HTTP/1.1" 404 564 "-" "Mozilla/5.0 (Macintosh; Intel Mac OS X 10_12_3) AppleWebKit/537.36 (KHTML, like Gecko) Chrome/56.0.2924.87 Safari/537.36"
94.72.101.21 - - [02/Nov/2024:20:01:12 +0000] "GET /wp-config.php.in HTTP/1.1" 404 564 "-" "Mozilla/5.0 (Macintosh; Intel Mac OS X 10_12_3) AppleWebKit/537.36 (KHTML, like Gecko) Chrome/56.0.2924.87 Safari/537.36"
94.72.101.21 - - [02/Nov/2024:20:01:12 +0000] "GET /wp-config.php.inc HTTP/1.1" 404 564 "-" "Mozilla/5.0 (Macintosh; Intel Mac OS X 10_12_3) AppleWebKit/537.36 (KHTML, like Gecko) Chrome/56.0.2924.87 Safari/537.36"
94.72.101.21 - - [02/Nov/2024:20:01:12 +0000] "GET /wp-config.php.ini HTTP/1.1" 404 564 "-" "Mozilla/5.0 (Macintosh; Intel Mac OS X 10_12_3) AppleWebKit/537.36 (KHTML, like Gecko) Chrome/56.0.2924.87 Safari/537.36"
94.72.101.21 - - [02/Nov/2024:20:01:13 +0000] "GET /wp-config.php.java HTTP/1.1" 404 564 "-" "Mozilla/5.0 (Macintosh; Intel Mac OS X 10_12_3) AppleWebKit/537.36 (KHTML, like Gecko) Chrome/56.0.2924.87 Safari/537.36"
94.72.101.21 - - [02/Nov/2024:20:01:13 +0000] "GET /wp-config.php.local HTTP/1.1" 404 564 "-" "Mozilla/5.0 (Macintosh; Intel Mac OS X 10_12_3) AppleWebKit/537.36 (KHTML, like Gecko) Chrome/56.0.2924.87 Safari/537.36"
94.72.101.21 - - [02/Nov/2024:20:01:13 +0000] "GET /wp-config.php.log HTTP/1.1" 404 564 "-" "Mozilla/5.0 (Macintosh; Intel Mac OS X 10_12_3) AppleWebKit/537.36 (KHTML, like Gecko) Chrome/56.0.2924.87 Safari/537.36"
94.72.101.21 - - [02/Nov/2024:20:01:13 +0000] "GET /wp-config.php.lst HTTP/1.1" 404 564 "-" "Mozilla/5.0 (Macintosh; Intel Mac OS X 10_12_3) AppleWebKit/537.36 (KHTML, like Gecko) Chrome/56.0.2924.87 Safari/537.36"
94.72.101.21 - - [02/Nov/2024:20:01:14 +0000] "GET /wp-config.php.maj HTTP/1.1" 404 564 "-" "Mozilla/5.0 (Macintosh; Intel Mac OS X 10_12_3) AppleWebKit/537.36 (KHTML, like Gecko) Chrome/56.0.2924.87 Safari/537.36"
94.72.101.21 - - [02/Nov/2024:20:01:14 +0000] "GET /wp-config.php.map HTTP/1.1" 404 564 "-" "Mozilla/5.0 (Macintosh; Intel Mac OS X 10_12_3) AppleWebKit/537.36 (KHTML, like Gecko) Chrome/56.0.2924.87 Safari/537.36"
94.72.101.21 - - [02/Nov/2024:20:01:14 +0000] "GET /wp-config.php.new HTTP/1.1" 404 564 "-" "Mozilla/5.0 (Macintosh; Intel Mac OS X 10_12_3) AppleWebKit/537.36 (KHTML, like Gecko) Chrome/56.0.2924.87 Safari/537.36"
94.72.101.21 - - [02/Nov/2024:20:01:14 +0000] "GET /wp-config.php.old HTTP/1.1" 404 564 "-" "Mozilla/5.0 (Macintosh; Intel Mac OS X 10_12_3) AppleWebKit/537.36 (KHTML, like Gecko) Chrome/56.0.2924.87 Safari/537.36"
94.72.101.21 - - [02/Nov/2024:20:01:15 +0000] "GET /wp-config.php.org HTTP/1.1" 404 564 "-" "Mozilla/5.0 (Macintosh; Intel Mac OS X 10_12_3) AppleWebKit/537.36 (KHTML, like Gecko) Chrome/56.0.2924.87 Safari/537.36"
94.72.101.21 - - [02/Nov/2024:20:01:15 +0000] "GET /wp-config.php.orig HTTP/1.1" 404 564 "-" "Mozilla/5.0 (Macintosh; Intel Mac OS X 10_12_3) AppleWebKit/537.36 (KHTML, like Gecko) Chrome/56.0.2924.87 Safari/537.36"
94.72.101.21 - - [02/Nov/2024:20:01:15 +0000] "GET /wp-config.php.original HTTP/1.1" 404 564 "-" "Mozilla/5.0 (Macintosh; Intel Mac OS X 10_12_3) AppleWebKit/537.36 (KHTML, like Gecko) Chrome/56.0.2924.87 Safari/537.36"
94.72.101.21 - - [02/Nov/2024:20:01:15 +0000] "GET /wp-config.php.part HTTP/1.1" 404 564 "-" "Mozilla/5.0 (Macintosh; Intel Mac OS X 10_12_3) AppleWebKit/537.36 (KHTML, like Gecko) Chrome/56.0.2924.87 Safari/537.36"
94.72.101.21 - - [02/Nov/2024:20:01:15 +0000] "GET /wp-config.php.php-bak HTTP/1.1" 404 564 "-" "Mozilla/5.0 (Macintosh; Intel Mac OS X 10_12_3) AppleWebKit/537.36 (KHTML, like Gecko) Chrome/56.0.2924.87 Safari/537.36"
94.72.101.21 - - [02/Nov/2024:20:01:15 +0000] "GET /wp-config.php.prod HTTP/1.1" 404 564 "-" "Mozilla/5.0 (Macintosh; Intel Mac OS X 10_12_3) AppleWebKit/537.36 (KHTML, like Gecko) Chrome/56.0.2924.87 Safari/537.36"
94.72.101.21 - - [02/Nov/2024:20:01:16 +0000] "GET /wp-config.php.production HTTP/1.1" 404 564 "-" "Mozilla/5.0 (Macintosh; Intel Mac OS X 10_12_3) AppleWebKit/537.36 (KHTML, like Gecko) Chrome/56.0.2924.87 Safari/537.36"
94.72.101.21 - - [02/Nov/2024:20:01:16 +0000] "GET /wp-config.php.rej HTTP/1.1" 404 564 "-" "Mozilla/5.0 (Macintosh; Intel Mac OS X 10_12_3) AppleWebKit/537.36 (KHTML, like Gecko) Chrome/56.0.2924.87 Safari/537.36"
94.72.101.21 - - [02/Nov/2024:20:01:16 +0000] "GET /wp-config.php.sample HTTP/1.1" 404 564 "-" "Mozilla/5.0 (Macintosh; Intel Mac OS X 10_12_3) AppleWebKit/537.36 (KHTML, like Gecko) Chrome/56.0.2924.87 Safari/537.36"
94.72.101.21 - - [02/Nov/2024:20:01:16 +0000] "GET /wp-config.php.sass-cache HTTP/1.1" 404 564 "-" "Mozilla/5.0 (Macintosh; Intel Mac OS X 10_12_3) AppleWebKit/537.36 (KHTML, like Gecko) Chrome/56.0.2924.87 Safari/537.36"
94.72.101.21 - - [02/Nov/2024:20:01:16 +0000] "GET /wp-config.php.sav HTTP/1.1" 404 564 "-" "Mozilla/5.0 (Macintosh; Intel Mac OS X 10_12_3) AppleWebKit/537.36 (KHTML, like Gecko) Chrome/56.0.2924.87 Safari/537.36"
94.72.101.21 - - [02/Nov/2024:20:01:17 +0000] "GET /wp-config.php.save HTTP/1.1" 404 564 "-" "Mozilla/5.0 (Macintosh; Intel Mac OS X 10_12_3) AppleWebKit/537.36 (KHTML, like Gecko) Chrome/56.0.2924.87 Safari/537.36"
94.72.101.21 - - [02/Nov/2024:20:01:17 +0000] "GET /wp-config.php.save.1 HTTP/1.1" 404 564 "-" "Mozilla/5.0 (Macintosh; Intel Mac OS X 10_12_3) AppleWebKit/537.36 (KHTML, like Gecko) Chrome/56.0.2924.87 Safari/537.36"
94.72.101.21 - - [02/Nov/2024:20:01:18 +0000] "GET /wp-config.php.save.2 HTTP/1.1" 404 564 "-" "Mozilla/5.0 (Macintosh; Intel Mac OS X 10_12_3) AppleWebKit/537.36 (KHTML, like Gecko) Chrome/56.0.2924.87 Safari/537.36"
94.72.101.21 - - [02/Nov/2024:20:01:18 +0000] "GET /wp-config.php.save.3 HTTP/1.1" 404 564 "-" "Mozilla/5.0 (Macintosh; Intel Mac OS X 10_12_3) AppleWebKit/537.36 (KHTML, like Gecko) Chrome/56.0.2924.87 Safari/537.36"
94.72.101.21 - - [02/Nov/2024:20:01:19 +0000] "GET /wp-config.php.stage HTTP/1.1" 404 564 "-" "Mozilla/5.0 (Macintosh; Intel Mac OS X 10_12_3) AppleWebKit/537.36 (KHTML, like Gecko) Chrome/56.0.2924.87 Safari/537.36"
94.72.101.21 - - [02/Nov/2024:20:01:19 +0000] "GET /wp-config.php.staging HTTP/1.1" 404 564 "-" "Mozilla/5.0 (Macintosh; Intel Mac OS X 10_12_3) AppleWebKit/537.36 (KHTML, like Gecko) Chrome/56.0.2924.87 Safari/537.36"
94.72.101.21 - - [02/Nov/2024:20:01:19 +0000] "GET /wp-config.php.sublime-project HTTP/1.1" 404 564 "-" "Mozilla/5.0 (Macintosh; Intel Mac OS X 10_12_3) AppleWebKit/537.36 (KHTML, like Gecko) Chrome/56.0.2924.87 Safari/537.36"
94.72.101.21 - - [02/Nov/2024:20:01:19 +0000] "GET /wp-config.php.sublime-workspace HTTP/1.1" 404 564 "-" "Mozilla/5.0 (Macintosh; Intel Mac OS X 10_12_3) AppleWebKit/537.36 (KHTML, like Gecko) Chrome/56.0.2924.87 Safari/537.36"
94.72.101.21 - - [02/Nov/2024:20:01:20 +0000] "GET /wp-config.php.swn HTTP/1.1" 404 564 "-" "Mozilla/5.0 (Macintosh; Intel Mac OS X 10_12_3) AppleWebKit/537.36 (KHTML, like Gecko) Chrome/56.0.2924.87 Safari/537.36"
94.72.101.21 - - [02/Nov/2024:20:01:20 +0000] "GET /wp-config.php.swo HTTP/1.1" 404 564 "-" "Mozilla/5.0 (Macintosh; Intel Mac OS X 10_12_3) AppleWebKit/537.36 (KHTML, like Gecko) Chrome/56.0.2924.87 Safari/537.36"
94.72.101.21 - - [02/Nov/2024:20:01:21 +0000] "GET /wp-config.php.swp HTTP/1.1" 404 564 "-" "Mozilla/5.0 (Macintosh; Intel Mac OS X 10_12_3) AppleWebKit/537.36 (KHTML, like Gecko) Chrome/56.0.2924.87 Safari/537.36"
94.72.101.21 - - [02/Nov/2024:20:01:21 +0000] "GET /wp-config.php.tar HTTP/1.1" 404 564 "-" "Mozilla/5.0 (Macintosh; Intel Mac OS X 10_12_3) AppleWebKit/537.36 (KHTML, like Gecko) Chrome/56.0.2924.87 Safari/537.36"
94.72.101.21 - - [02/Nov/2024:20:01:22 +0000] "GET /wp-config.php.tar.gz HTTP/1.1" 404 564 "-" "Mozilla/5.0 (Macintosh; Intel Mac OS X 10_12_3) AppleWebKit/537.36 (KHTML, like Gecko) Chrome/56.0.2924.87 Safari/537.36"
94.72.101.21 - - [02/Nov/2024:20:01:22 +0000] "GET /wp-config.php.temp HTTP/1.1" 404 564 "-" "Mozilla/5.0 (Macintosh; Intel Mac OS X 10_12_3) AppleWebKit/537.36 (KHTML, like Gecko) Chrome/56.0.2924.87 Safari/537.36"
94.72.101.21 - - [02/Nov/2024:20:01:22 +0000] "GET /wp-config.php.templ HTTP/1.1" 404 564 "-" "Mozilla/5.0 (Macintosh; Intel Mac OS X 10_12_3) AppleWebKit/537.36 (KHTML, like Gecko) Chrome/56.0.2924.87 Safari/537.36"
94.72.101.21 - - [02/Nov/2024:20:01:22 +0000] "GET /wp-config.php.tmp HTTP/1.1" 404 564 "-" "Mozilla/5.0 (Macintosh; Intel Mac OS X 10_12_3) AppleWebKit/537.36 (KHTML, like Gecko) Chrome/56.0.2924.87 Safari/537.36"
94.72.101.21 - - [02/Nov/2024:20:01:23 +0000] "GET /wp-config.php.txt HTTP/1.1" 404 564 "-" "Mozilla/5.0 (Macintosh; Intel Mac OS X 10_12_3) AppleWebKit/537.36 (KHTML, like Gecko) Chrome/56.0.2924.87 Safari/537.36"
94.72.101.21 - - [02/Nov/2024:20:01:23 +0000] "GET /wp-config.php.uk HTTP/1.1" 404 564 "-" "Mozilla/5.0 (Macintosh; Intel Mac OS X 10_12_3) AppleWebKit/537.36 (KHTML, like Gecko) Chrome/56.0.2924.87 Safari/537.36"
94.72.101.21 - - [02/Nov/2024:20:01:23 +0000] "GET /wp-config.php.un~ HTTP/1.1" 404 564 "-" "Mozilla/5.0 (Macintosh; Intel Mac OS X 10_12_3) AppleWebKit/537.36 (KHTML, like Gecko) Chrome/56.0.2924.87 Safari/537.36"
94.72.101.21 - - [02/Nov/2024:20:01:24 +0000] "GET /wp-config.php.us HTTP/1.1" 404 564 "-" "Mozilla/5.0 (Macintosh; Intel Mac OS X 10_12_3) AppleWebKit/537.36 (KHTML, like Gecko) Chrome/56.0.2924.87 Safari/537.36"
94.72.101.21 - - [02/Nov/2024:20:01:24 +0000] "GET /wp-config.php.vb HTTP/1.1" 404 564 "-" "Mozilla/5.0 (Macintosh; Intel Mac OS X 10_12_3) AppleWebKit/537.36 (KHTML, like Gecko) Chrome/56.0.2924.87 Safari/537.36"
94.72.101.21 - - [02/Nov/2024:20:01:24 +0000] "GET /wp-config.php.vbproj HTTP/1.1" 404 564 "-" "Mozilla/5.0 (Macintosh; Intel Mac OS X 10_12_3) AppleWebKit/537.36 (KHTML, like Gecko) Chrome/56.0.2924.87 Safari/537.36"
94.72.101.21 - - [02/Nov/2024:20:01:24 +0000] "GET /wp-config.php.vi HTTP/1.1" 404 564 "-" "Mozilla/5.0 (Macintosh; Intel Mac OS X 10_12_3) AppleWebKit/537.36 (KHTML, like Gecko) Chrome/56.0.2924.87 Safari/537.36"
94.72.101.21 - - [02/Nov/2024:20:01:25 +0000] "GET /wp-config.php.zip HTTP/1.1" 404 564 "-" "Mozilla/5.0 (Macintosh; Intel Mac OS X 10_12_3) AppleWebKit/537.36 (KHTML, like Gecko) Chrome/56.0.2924.87 Safari/537.36"
94.72.101.21 - - [02/Nov/2024:20:01:25 +0000] "GET /wp-config.php0 HTTP/1.1" 404 564 "-" "Mozilla/5.0 (Macintosh; Intel Mac OS X 10_12_3) AppleWebKit/537.36 (KHTML, like Gecko) Chrome/56.0.2924.87 Safari/537.36"
94.72.101.21 - - [02/Nov/2024:20:01:25 +0000] "GET /wp-config.php1 HTTP/1.1" 404 564 "-" "Mozilla/5.0 (Macintosh; Intel Mac OS X 10_12_3) AppleWebKit/537.36 (KHTML, like Gecko) Chrome/56.0.2924.87 Safari/537.36"
94.72.101.21 - - [02/Nov/2024:20:01:26 +0000] "GET /wp-config.php2 HTTP/1.1" 404 564 "-" "Mozilla/5.0 (Macintosh; Intel Mac OS X 10_12_3) AppleWebKit/537.36 (KHTML, like Gecko) Chrome/56.0.2924.87 Safari/537.36"
94.72.101.21 - - [02/Nov/2024:20:01:26 +0000] "GET /wp-config.php3 HTTP/1.1" 404 564 "-" "Mozilla/5.0 (Macintosh; Intel Mac OS X 10_12_3) AppleWebKit/537.36 (KHTML, like Gecko) Chrome/56.0.2924.87 Safari/537.36"
94.72.101.21 - - [02/Nov/2024:20:01:26 +0000] "GET /wp-config.php4 HTTP/1.1" 404 564 "-" "Mozilla/5.0 (Macintosh; Intel Mac OS X 10_12_3) AppleWebKit/537.36 (KHTML, like Gecko) Chrome/56.0.2924.87 Safari/537.36"
94.72.101.21 - - [02/Nov/2024:20:01:27 +0000] "GET /wp-config.php5 HTTP/1.1" 404 564 "-" "Mozilla/5.0 (Macintosh; Intel Mac OS X 10_12_3) AppleWebKit/537.36 (KHTML, like Gecko) Chrome/56.0.2924.87 Safari/537.36"
94.72.101.21 - - [02/Nov/2024:20:01:27 +0000] "GET /wp-config.php6 HTTP/1.1" 404 564 "-" "Mozilla/5.0 (Macintosh; Intel Mac OS X 10_12_3) AppleWebKit/537.36 (KHTML, like Gecko) Chrome/56.0.2924.87 Safari/537.36"
94.72.101.21 - - [02/Nov/2024:20:01:27 +0000] "GET /wp-config.php= HTTP/1.1" 404 564 "-" "Mozilla/5.0 (Macintosh; Intel Mac OS X 10_12_3) AppleWebKit/537.36 (KHTML, like Gecko) Chrome/56.0.2924.87 Safari/537.36"
94.72.101.21 - - [02/Nov/2024:20:01:27 +0000] "GET /wp-config.php_ HTTP/1.1" 404 564 "-" "Mozilla/5.0 (Macintosh; Intel Mac OS X 10_12_3) AppleWebKit/537.36 (KHTML, like Gecko) Chrome/56.0.2924.87 Safari/537.36"
94.72.101.21 - - [02/Nov/2024:20:01:28 +0000] "GET /wp-config.php_1 HTTP/1.1" 404 564 "-" "Mozilla/5.0 (Macintosh; Intel Mac OS X 10_12_3) AppleWebKit/537.36 (KHTML, like Gecko) Chrome/56.0.2924.87 Safari/537.36"
94.72.101.21 - - [02/Nov/2024:20:01:28 +0000] "GET /wp-config.php__ HTTP/1.1" 404 564 "-" "Mozilla/5.0 (Macintosh; Intel Mac OS X 10_12_3) AppleWebKit/537.36 (KHTML, like Gecko) Chrome/56.0.2924.87 Safari/537.36"
94.72.101.21 - - [02/Nov/2024:20:01:28 +0000] "GET /wp-config.php______ HTTP/1.1" 404 564 "-" "Mozilla/5.0 (Macintosh; Intel Mac OS X 10_12_3) AppleWebKit/537.36 (KHTML, like Gecko) Chrome/56.0.2924.87 Safari/537.36"
94.72.101.21 - - [02/Nov/2024:20:01:28 +0000] "GET /wp-config.php__olds HTTP/1.1" 404 564 "-" "Mozilla/5.0 (Macintosh; Intel Mac OS X 10_12_3) AppleWebKit/537.36 (KHTML, like Gecko) Chrome/56.0.2924.87 Safari/537.36"
94.72.101.21 - - [02/Nov/2024:20:01:28 +0000] "GET /wp-config.php_backup HTTP/1.1" 404 564 "-" "Mozilla/5.0 (Macintosh; Intel Mac OS X 10_12_3) AppleWebKit/537.36 (KHTML, like Gecko) Chrome/56.0.2924.87 Safari/537.36"
94.72.101.21 - - [02/Nov/2024:20:01:29 +0000] "GET /wp-config.php_bak HTTP/1.1" 404 564 "-" "Mozilla/5.0 (Macintosh; Intel Mac OS X 10_12_3) AppleWebKit/537.36 (KHTML, like Gecko) Chrome/56.0.2924.87 Safari/537.36"
94.72.101.21 - - [02/Nov/2024:20:01:29 +0000] "GET /wp-config.php_bk HTTP/1.1" 404 564 "-" "Mozilla/5.0 (Macintosh; Intel Mac OS X 10_12_3) AppleWebKit/537.36 (KHTML, like Gecko) Chrome/56.0.2924.87 Safari/537.36"
94.72.101.21 - - [02/Nov/2024:20:01:29 +0000] "GET /wp-config.php_new HTTP/1.1" 404 564 "-" "Mozilla/5.0 (Macintosh; Intel Mac OS X 10_12_3) AppleWebKit/537.36 (KHTML, like Gecko) Chrome/56.0.2924.87 Safari/537.36"
94.72.101.21 - - [02/Nov/2024:20:01:29 +0000] "GET /wp-config.php_old HTTP/1.1" 404 564 "-" "Mozilla/5.0 (Macintosh; Intel Mac OS X 10_12_3) AppleWebKit/537.36 (KHTML, like Gecko) Chrome/56.0.2924.87 Safari/537.36"
94.72.101.21 - - [02/Nov/2024:20:01:29 +0000] "GET /wp-config.php_old2003 HTTP/1.1" 404 564 "-" "Mozilla/5.0 (Macintosh; Intel Mac OS X 10_12_3) AppleWebKit/537.36 (KHTML, like Gecko) Chrome/56.0.2924.87 Safari/537.36"
94.72.101.21 - - [02/Nov/2024:20:01:29 +0000] "GET /wp-config.php_old2004 HTTP/1.1" 404 564 "-" "Mozilla/5.0 (Macintosh; Intel Mac OS X 10_12_3) AppleWebKit/537.36 (KHTML, like Gecko) Chrome/56.0.2924.87 Safari/537.36"
94.72.101.21 - - [02/Nov/2024:20:01:30 +0000] "GET /wp-config.php_old2005 HTTP/1.1" 404 564 "-" "Mozilla/5.0 (Macintosh; Intel Mac OS X 10_12_3) AppleWebKit/537.36 (KHTML, like Gecko) Chrome/56.0.2924.87 Safari/537.36"
94.72.101.21 - - [02/Nov/2024:20:01:30 +0000] "GET /wp-config.php_old2006 HTTP/1.1" 404 564 "-" "Mozilla/5.0 (Macintosh; Intel Mac OS X 10_12_3) AppleWebKit/537.36 (KHTML, like Gecko) Chrome/56.0.2924.87 Safari/537.36"
94.72.101.21 - - [02/Nov/2024:20:01:30 +0000] "GET /wp-config.php_old2007 HTTP/1.1" 404 564 "-" "Mozilla/5.0 (Macintosh; Intel Mac OS X 10_12_3) AppleWebKit/537.36 (KHTML, like Gecko) Chrome/56.0.2924.87 Safari/537.36"
94.72.101.21 - - [02/Nov/2024:20:01:30 +0000] "GET /wp-config.php_old2008 HTTP/1.1" 404 564 "-" "Mozilla/5.0 (Macintosh; Intel Mac OS X 10_12_3) AppleWebKit/537.36 (KHTML, like Gecko) Chrome/56.0.2924.87 Safari/537.36"
143.110.222.166 - - [02/Nov/2024:20:01:30 +0000] "GET / HTTP/1.1" 200 396 "-" "Mozilla/5.0 (iPhone; CPU iPhone OS 16_1 like Mac OS X) AppleWebKit/605.1.15 (KHTML, like Gecko) Version/16.1 Mobile/15E148 Safari/604.1"
94.72.101.21 - - [02/Nov/2024:20:01:31 +0000] "GET /wp-config.php_old2009 HTTP/1.1" 404 564 "-" "Mozilla/5.0 (Macintosh; Intel Mac OS X 10_12_3) AppleWebKit/537.36 (KHTML, like Gecko) Chrome/56.0.2924.87 Safari/537.36"
94.72.101.21 - - [02/Nov/2024:20:01:31 +0000] "GET /wp-config.php_old2010 HTTP/1.1" 404 564 "-" "Mozilla/5.0 (Macintosh; Intel Mac OS X 10_12_3) AppleWebKit/537.36 (KHTML, like Gecko) Chrome/56.0.2924.87 Safari/537.36"
94.72.101.21 - - [02/Nov/2024:20:01:31 +0000] "GET /wp-config.php_old2011 HTTP/1.1" 404 564 "-" "Mozilla/5.0 (Macintosh; Intel Mac OS X 10_12_3) AppleWebKit/537.36 (KHTML, like Gecko) Chrome/56.0.2924.87 Safari/537.36"
94.72.101.21 - - [02/Nov/2024:20:01:31 +0000] "GET /wp-config.php_old2012 HTTP/1.1" 404 564 "-" "Mozilla/5.0 (Macintosh; Intel Mac OS X 10_12_3) AppleWebKit/537.36 (KHTML, like Gecko) Chrome/56.0.2924.87 Safari/537.36"
94.72.101.21 - - [02/Nov/2024:20:01:31 +0000] "GET /wp-config.php_old2013 HTTP/1.1" 404 564 "-" "Mozilla/5.0 (Macintosh; Intel Mac OS X 10_12_3) AppleWebKit/537.36 (KHTML, like Gecko) Chrome/56.0.2924.87 Safari/537.36"
94.72.101.21 - - [02/Nov/2024:20:01:32 +0000] "GET /wp-config.php_old2014 HTTP/1.1" 404 564 "-" "Mozilla/5.0 (Macintosh; Intel Mac OS X 10_12_3) AppleWebKit/537.36 (KHTML, like Gecko) Chrome/56.0.2924.87 Safari/537.36"
94.72.101.21 - - [02/Nov/2024:20:01:32 +0000] "GET /wp-config.php_old2015 HTTP/1.1" 404 564 "-" "Mozilla/5.0 (Macintosh; Intel Mac OS X 10_12_3) AppleWebKit/537.36 (KHTML, like Gecko) Chrome/56.0.2924.87 Safari/537.36"
94.72.101.21 - - [02/Nov/2024:20:01:32 +0000] "GET /wp-config.php_old2016 HTTP/1.1" 404 564 "-" "Mozilla/5.0 (Macintosh; Intel Mac OS X 10_12_3) AppleWebKit/537.36 (KHTML, like Gecko) Chrome/56.0.2924.87 Safari/537.36"
94.72.101.21 - - [02/Nov/2024:20:01:32 +0000] "GET /wp-config.php_old2017 HTTP/1.1" 404 564 "-" "Mozilla/5.0 (Macintosh; Intel Mac OS X 10_12_3) AppleWebKit/537.36 (KHTML, like Gecko) Chrome/56.0.2924.87 Safari/537.36"
94.72.101.21 - - [02/Nov/2024:20:01:32 +0000] "GET /wp-config.php_old2018 HTTP/1.1" 404 564 "-" "Mozilla/5.0 (Macintosh; Intel Mac OS X 10_12_3) AppleWebKit/537.36 (KHTML, like Gecko) Chrome/56.0.2924.87 Safari/537.36"
94.72.101.21 - - [02/Nov/2024:20:01:33 +0000] "GET /wp-config.php_old2019 HTTP/1.1" 404 564 "-" "Mozilla/5.0 (Macintosh; Intel Mac OS X 10_12_3) AppleWebKit/537.36 (KHTML, like Gecko) Chrome/56.0.2924.87 Safari/537.36"
94.72.101.21 - - [02/Nov/2024:20:01:33 +0000] "GET /wp-config.php_old2020 HTTP/1.1" 404 564 "-" "Mozilla/5.0 (Macintosh; Intel Mac OS X 10_12_3) AppleWebKit/537.36 (KHTML, like Gecko) Chrome/56.0.2924.87 Safari/537.36"
94.72.101.21 - - [02/Nov/2024:20:01:33 +0000] "GET /wp-config.php_old2021 HTTP/1.1" 404 564 "-" "Mozilla/5.0 (Macintosh; Intel Mac OS X 10_12_3) AppleWebKit/537.36 (KHTML, like Gecko) Chrome/56.0.2924.87 Safari/537.36"
94.72.101.21 - - [02/Nov/2024:20:01:34 +0000] "GET /wp-config.php_old2022 HTTP/1.1" 404 564 "-" "Mozilla/5.0 (Macintosh; Intel Mac OS X 10_12_3) AppleWebKit/537.36 (KHTML, like Gecko) Chrome/56.0.2924.87 Safari/537.36"
94.72.101.21 - - [02/Nov/2024:20:01:34 +0000] "GET /wp-config.php_old2023 HTTP/1.1" 404 564 "-" "Mozilla/5.0 (Macintosh; Intel Mac OS X 10_12_3) AppleWebKit/537.36 (KHTML, like Gecko) Chrome/56.0.2924.87 Safari/537.36"
94.72.101.21 - - [02/Nov/2024:20:01:34 +0000] "GET /wp-config.php_orig HTTP/1.1" 404 564 "-" "Mozilla/5.0 (Macintosh; Intel Mac OS X 10_12_3) AppleWebKit/537.36 (KHTML, like Gecko) Chrome/56.0.2924.87 Safari/537.36"
94.72.101.21 - - [02/Nov/2024:20:01:35 +0000] "GET /wp-config.php_original HTTP/1.1" 404 564 "-" "Mozilla/5.0 (Macintosh; Intel Mac OS X 10_12_3) AppleWebKit/537.36 (KHTML, like Gecko) Chrome/56.0.2924.87 Safari/537.36"
94.72.101.21 - - [02/Nov/2024:20:01:35 +0000] "GET /wp-config.phpa HTTP/1.1" 404 564 "-" "Mozilla/5.0 (Macintosh; Intel Mac OS X 10_12_3) AppleWebKit/537.36 (KHTML, like Gecko) Chrome/56.0.2924.87 Safari/537.36"
94.72.101.21 - - [02/Nov/2024:20:01:35 +0000] "GET /wp-config.phpb HTTP/1.1" 404 564 "-" "Mozilla/5.0 (Macintosh; Intel Mac OS X 10_12_3) AppleWebKit/537.36 (KHTML, like Gecko) Chrome/56.0.2924.87 Safari/537.36"
94.72.101.21 - - [02/Nov/2024:20:01:35 +0000] "GET /wp-config.phpbak HTTP/1.1" 404 564 "-" "Mozilla/5.0 (Macintosh; Intel Mac OS X 10_12_3) AppleWebKit/537.36 (KHTML, like Gecko) Chrome/56.0.2924.87 Safari/537.36"
94.72.101.21 - - [02/Nov/2024:20:01:35 +0000] "GET /wp-config.phpc HTTP/1.1" 404 564 "-" "Mozilla/5.0 (Macintosh; Intel Mac OS X 10_12_3) AppleWebKit/537.36 (KHTML, like Gecko) Chrome/56.0.2924.87 Safari/537.36"
94.72.101.21 - - [02/Nov/2024:20:01:35 +0000] "GET /wp-config.phpd HTTP/1.1" 404 564 "-" "Mozilla/5.0 (Macintosh; Intel Mac OS X 10_12_3) AppleWebKit/537.36 (KHTML, like Gecko) Chrome/56.0.2924.87 Safari/537.36"
94.72.101.21 - - [02/Nov/2024:20:01:36 +0000] "GET /wp-config.phpn HTTP/1.1" 404 564 "-" "Mozilla/5.0 (Macintosh; Intel Mac OS X 10_12_3) AppleWebKit/537.36 (KHTML, like Gecko) Chrome/56.0.2924.87 Safari/537.36"
94.72.101.21 - - [02/Nov/2024:20:01:36 +0000] "GET /wp-config.phpnew HTTP/1.1" 404 564 "-" "Mozilla/5.0 (Macintosh; Intel Mac OS X 10_12_3) AppleWebKit/537.36 (KHTML, like Gecko) Chrome/56.0.2924.87 Safari/537.36"
94.72.101.21 - - [02/Nov/2024:20:01:36 +0000] "GET /wp-config.phpold HTTP/1.1" 404 564 "-" "Mozilla/5.0 (Macintosh; Intel Mac OS X 10_12_3) AppleWebKit/537.36 (KHTML, like Gecko) Chrome/56.0.2924.87 Safari/537.36"
94.72.101.21 - - [02/Nov/2024:20:01:36 +0000] "GET /wp-config.phporiginal HTTP/1.1" 404 564 "-" "Mozilla/5.0 (Macintosh; Intel Mac OS X 10_12_3) AppleWebKit/537.36 (KHTML, like Gecko) Chrome/56.0.2924.87 Safari/537.36"
94.72.101.21 - - [02/Nov/2024:20:01:36 +0000] "GET /wp-config.phps HTTP/1.1" 404 564 "-" "Mozilla/5.0 (Macintosh; Intel Mac OS X 10_12_3) AppleWebKit/537.36 (KHTML, like Gecko) Chrome/56.0.2924.87 Safari/537.36"
94.72.101.21 - - [02/Nov/2024:20:01:36 +0000] "GET /wp-config.phptmp HTTP/1.1" 404 564 "-" "Mozilla/5.0 (Macintosh; Intel Mac OS X 10_12_3) AppleWebKit/537.36 (KHTML, like Gecko) Chrome/56.0.2924.87 Safari/537.36"
94.72.101.21 - - [02/Nov/2024:20:01:37 +0000] "GET /wp-config.php~ HTTP/1.1" 404 564 "-" "Mozilla/5.0 (Macintosh; Intel Mac OS X 10_12_3) AppleWebKit/537.36 (KHTML, like Gecko) Chrome/56.0.2924.87 Safari/537.36"
94.72.101.21 - - [02/Nov/2024:20:01:37 +0000] "GET /wp-config.php~1 HTTP/1.1" 404 564 "-" "Mozilla/5.0 (Macintosh; Intel Mac OS X 10_12_3) AppleWebKit/537.36 (KHTML, like Gecko) Chrome/56.0.2924.87 Safari/537.36"
94.72.101.21 - - [02/Nov/2024:20:01:37 +0000] "GET /wp-config.php~bk HTTP/1.1" 404 564 "-" "Mozilla/5.0 (Macintosh; Intel Mac OS X 10_12_3) AppleWebKit/537.36 (KHTML, like Gecko) Chrome/56.0.2924.87 Safari/537.36"
94.72.101.21 - - [02/Nov/2024:20:01:38 +0000] "GET /wp-config.php~~~ HTTP/1.1" 404 564 "-" "Mozilla/5.0 (Macintosh; Intel Mac OS X 10_12_3) AppleWebKit/537.36 (KHTML, like Gecko) Chrome/56.0.2924.87 Safari/537.36"
94.72.101.21 - - [02/Nov/2024:20:01:38 +0000] "GET /wp-config.prod HTTP/1.1" 404 564 "-" "Mozilla/5.0 (Macintosh; Intel Mac OS X 10_12_3) AppleWebKit/537.36 (KHTML, like Gecko) Chrome/56.0.2924.87 Safari/537.36"
94.72.101.21 - - [02/Nov/2024:20:01:38 +0000] "GET /wp-config.prod.php.txt HTTP/1.1" 404 564 "-" "Mozilla/5.0 (Macintosh; Intel Mac OS X 10_12_3) AppleWebKit/537.36 (KHTML, like Gecko) Chrome/56.0.2924.87 Safari/537.36"
94.72.101.21 - - [02/Nov/2024:20:01:38 +0000] "GET /wp-config.prod.txt HTTP/1.1" 404 564 "-" "Mozilla/5.0 (Macintosh; Intel Mac OS X 10_12_3) AppleWebKit/537.36 (KHTML, like Gecko) Chrome/56.0.2924.87 Safari/537.36"
94.72.101.21 - - [02/Nov/2024:20:01:38 +0000] "GET /wp-config.production HTTP/1.1" 404 564 "-" "Mozilla/5.0 (Macintosh; Intel Mac OS X 10_12_3) AppleWebKit/537.36 (KHTML, like Gecko) Chrome/56.0.2924.87 Safari/537.36"
94.72.101.21 - - [02/Nov/2024:20:01:39 +0000] "GET /wp-config.rar HTTP/1.1" 404 564 "-" "Mozilla/5.0 (Macintosh; Intel Mac OS X 10_12_3) AppleWebKit/537.36 (KHTML, like Gecko) Chrome/56.0.2924.87 Safari/537.36"
94.72.101.21 - - [02/Nov/2024:20:01:39 +0000] "GET /wp-config.rej HTTP/1.1" 404 564 "-" "Mozilla/5.0 (Macintosh; Intel Mac OS X 10_12_3) AppleWebKit/537.36 (KHTML, like Gecko) Chrome/56.0.2924.87 Safari/537.36"
94.72.101.21 - - [02/Nov/2024:20:01:39 +0000] "GET /wp-config.sample HTTP/1.1" 404 564 "-" "Mozilla/5.0 (Macintosh; Intel Mac OS X 10_12_3) AppleWebKit/537.36 (KHTML, like Gecko) Chrome/56.0.2924.87 Safari/537.36"
94.72.101.21 - - [02/Nov/2024:20:01:39 +0000] "GET /wp-config.sass-cache HTTP/1.1" 404 564 "-" "Mozilla/5.0 (Macintosh; Intel Mac OS X 10_12_3) AppleWebKit/537.36 (KHTML, like Gecko) Chrome/56.0.2924.87 Safari/537.36"
94.72.101.21 - - [02/Nov/2024:20:01:39 +0000] "GET /wp-config.sav HTTP/1.1" 404 564 "-" "Mozilla/5.0 (Macintosh; Intel Mac OS X 10_12_3) AppleWebKit/537.36 (KHTML, like Gecko) Chrome/56.0.2924.87 Safari/537.36"
94.72.101.21 - - [02/Nov/2024:20:01:40 +0000] "GET /wp-config.save HTTP/1.1" 404 564 "-" "Mozilla/5.0 (Macintosh; Intel Mac OS X 10_12_3) AppleWebKit/537.36 (KHTML, like Gecko) Chrome/56.0.2924.87 Safari/537.36"
94.72.101.21 - - [02/Nov/2024:20:01:40 +0000] "GET /wp-config.save.1 HTTP/1.1" 404 564 "-" "Mozilla/5.0 (Macintosh; Intel Mac OS X 10_12_3) AppleWebKit/537.36 (KHTML, like Gecko) Chrome/56.0.2924.87 Safari/537.36"
94.72.101.21 - - [02/Nov/2024:20:01:40 +0000] "GET /wp-config.save.2 HTTP/1.1" 404 564 "-" "Mozilla/5.0 (Macintosh; Intel Mac OS X 10_12_3) AppleWebKit/537.36 (KHTML, like Gecko) Chrome/56.0.2924.87 Safari/537.36"
94.72.101.21 - - [02/Nov/2024:20:01:40 +0000] "GET /wp-config.save.3 HTTP/1.1" 404 564 "-" "Mozilla/5.0 (Macintosh; Intel Mac OS X 10_12_3) AppleWebKit/537.36 (KHTML, like Gecko) Chrome/56.0.2924.87 Safari/537.36"
94.72.101.21 - - [02/Nov/2024:20:01:40 +0000] "GET /wp-config.stage HTTP/1.1" 404 564 "-" "Mozilla/5.0 (Macintosh; Intel Mac OS X 10_12_3) AppleWebKit/537.36 (KHTML, like Gecko) Chrome/56.0.2924.87 Safari/537.36"
94.72.101.21 - - [02/Nov/2024:20:01:40 +0000] "GET /wp-config.staging HTTP/1.1" 404 564 "-" "Mozilla/5.0 (Macintosh; Intel Mac OS X 10_12_3) AppleWebKit/537.36 (KHTML, like Gecko) Chrome/56.0.2924.87 Safari/537.36"
94.72.101.21 - - [02/Nov/2024:20:01:41 +0000] "GET /wp-config.sublime-project HTTP/1.1" 404 564 "-" "Mozilla/5.0 (Macintosh; Intel Mac OS X 10_12_3) AppleWebKit/537.36 (KHTML, like Gecko) Chrome/56.0.2924.87 Safari/537.36"
94.72.101.21 - - [02/Nov/2024:20:01:41 +0000] "GET /wp-config.sublime-workspace HTTP/1.1" 404 564 "-" "Mozilla/5.0 (Macintosh; Intel Mac OS X 10_12_3) AppleWebKit/537.36 (KHTML, like Gecko) Chrome/56.0.2924.87 Safari/537.36"
94.72.101.21 - - [02/Nov/2024:20:01:41 +0000] "GET /wp-config.swn HTTP/1.1" 404 564 "-" "Mozilla/5.0 (Macintosh; Intel Mac OS X 10_12_3) AppleWebKit/537.36 (KHTML, like Gecko) Chrome/56.0.2924.87 Safari/537.36"
94.72.101.21 - - [02/Nov/2024:20:01:41 +0000] "GET /wp-config.swo HTTP/1.1" 404 564 "-" "Mozilla/5.0 (Macintosh; Intel Mac OS X 10_12_3) AppleWebKit/537.36 (KHTML, like Gecko) Chrome/56.0.2924.87 Safari/537.36"
94.72.101.21 - - [02/Nov/2024:20:01:41 +0000] "GET /wp-config.swp HTTP/1.1" 404 564 "-" "Mozilla/5.0 (Macintosh; Intel Mac OS X 10_12_3) AppleWebKit/537.36 (KHTML, like Gecko) Chrome/56.0.2924.87 Safari/537.36"
94.72.101.21 - - [02/Nov/2024:20:01:42 +0000] "GET /wp-config.tar HTTP/1.1" 404 564 "-" "Mozilla/5.0 (Macintosh; Intel Mac OS X 10_12_3) AppleWebKit/537.36 (KHTML, like Gecko) Chrome/56.0.2924.87 Safari/537.36"
94.72.101.21 - - [02/Nov/2024:20:01:42 +0000] "GET /wp-config.tar.gz HTTP/1.1" 404 564 "-" "Mozilla/5.0 (Macintosh; Intel Mac OS X 10_12_3) AppleWebKit/537.36 (KHTML, like Gecko) Chrome/56.0.2924.87 Safari/537.36"
94.72.101.21 - - [02/Nov/2024:20:01:42 +0000] "GET /wp-config.temp HTTP/1.1" 404 564 "-" "Mozilla/5.0 (Macintosh; Intel Mac OS X 10_12_3) AppleWebKit/537.36 (KHTML, like Gecko) Chrome/56.0.2924.87 Safari/537.36"
94.72.101.21 - - [02/Nov/2024:20:01:42 +0000] "GET /wp-config.templ HTTP/1.1" 404 564 "-" "Mozilla/5.0 (Macintosh; Intel Mac OS X 10_12_3) AppleWebKit/537.36 (KHTML, like Gecko) Chrome/56.0.2924.87 Safari/537.36"
94.72.101.21 - - [02/Nov/2024:20:01:42 +0000] "GET /wp-config.tmp HTTP/1.1" 404 564 "-" "Mozilla/5.0 (Macintosh; Intel Mac OS X 10_12_3) AppleWebKit/537.36 (KHTML, like Gecko) Chrome/56.0.2924.87 Safari/537.36"
94.72.101.21 - - [02/Nov/2024:20:01:43 +0000] "GET /wp-config.txt HTTP/1.1" 404 564 "-" "Mozilla/5.0 (Macintosh; Intel Mac OS X 10_12_3) AppleWebKit/537.36 (KHTML, like Gecko) Chrome/56.0.2924.87 Safari/537.36"
94.72.101.21 - - [02/Nov/2024:20:01:43 +0000] "GET /wp-config.uk HTTP/1.1" 404 564 "-" "Mozilla/5.0 (Macintosh; Intel Mac OS X 10_12_3) AppleWebKit/537.36 (KHTML, like Gecko) Chrome/56.0.2924.87 Safari/537.36"
94.72.101.21 - - [02/Nov/2024:20:01:43 +0000] "GET /wp-config.un~ HTTP/1.1" 404 564 "-" "Mozilla/5.0 (Macintosh; Intel Mac OS X 10_12_3) AppleWebKit/537.36 (KHTML, like Gecko) Chrome/56.0.2924.87 Safari/537.36"
94.72.101.21 - - [02/Nov/2024:20:01:43 +0000] "GET /wp-config.us HTTP/1.1" 404 564 "-" "Mozilla/5.0 (Macintosh; Intel Mac OS X 10_12_3) AppleWebKit/537.36 (KHTML, like Gecko) Chrome/56.0.2924.87 Safari/537.36"
94.72.101.21 - - [02/Nov/2024:20:01:43 +0000] "GET /wp-config.vb HTTP/1.1" 404 564 "-" "Mozilla/5.0 (Macintosh; Intel Mac OS X 10_12_3) AppleWebKit/537.36 (KHTML, like Gecko) Chrome/56.0.2924.87 Safari/537.36"
94.72.101.21 - - [02/Nov/2024:20:01:43 +0000] "GET /wp-config.vbproj HTTP/1.1" 404 564 "-" "Mozilla/5.0 (Macintosh; Intel Mac OS X 10_12_3) AppleWebKit/537.36 (KHTML, like Gecko) Chrome/56.0.2924.87 Safari/537.36"
94.72.101.21 - - [02/Nov/2024:20:01:44 +0000] "GET /wp-config.vi HTTP/1.1" 404 564 "-" "Mozilla/5.0 (Macintosh; Intel Mac OS X 10_12_3) AppleWebKit/537.36 (KHTML, like Gecko) Chrome/56.0.2924.87 Safari/537.36"
94.72.101.21 - - [02/Nov/2024:20:01:44 +0000] "GET /wp-config.wp-config.php.swo HTTP/1.1" 404 564 "-" "Mozilla/5.0 (Macintosh; Intel Mac OS X 10_12_3) AppleWebKit/537.36 (KHTML, like Gecko) Chrome/56.0.2924.87 Safari/537.36"
94.72.101.21 - - [02/Nov/2024:20:01:44 +0000] "GET /wp-config.wp-config.php.swp HTTP/1.1" 404 564 "-" "Mozilla/5.0 (Macintosh; Intel Mac OS X 10_12_3) AppleWebKit/537.36 (KHTML, like Gecko) Chrome/56.0.2924.87 Safari/537.36"
94.72.101.21 - - [02/Nov/2024:20:01:44 +0000] "GET /wp-config.zip HTTP/1.1" 404 564 "-" "Mozilla/5.0 (Macintosh; Intel Mac OS X 10_12_3) AppleWebKit/537.36 (KHTML, like Gecko) Chrome/56.0.2924.87 Safari/537.36"
94.72.101.21 - - [02/Nov/2024:20:01:44 +0000] "GET /wp-config_backup HTTP/1.1" 404 564 "-" "Mozilla/5.0 (Macintosh; Intel Mac OS X 10_12_3) AppleWebKit/537.36 (KHTML, like Gecko) Chrome/56.0.2924.87 Safari/537.36"
94.72.101.21 - - [02/Nov/2024:20:01:45 +0000] "GET /wp-config_good HTTP/1.1" 404 564 "-" "Mozilla/5.0 (Macintosh; Intel Mac OS X 10_12_3) AppleWebKit/537.36 (KHTML, like Gecko) Chrome/56.0.2924.87 Safari/537.36"
94.72.101.21 - - [02/Nov/2024:20:01:45 +0000] "GET /wp-configbak HTTP/1.1" 404 564 "-" "Mozilla/5.0 (Macintosh; Intel Mac OS X 10_12_3) AppleWebKit/537.36 (KHTML, like Gecko) Chrome/56.0.2924.87 Safari/537.36"
94.72.101.21 - - [02/Nov/2024:20:01:45 +0000] "GET /wp-config~ HTTP/1.1" 404 564 "-" "Mozilla/5.0 (Macintosh; Intel Mac OS X 10_12_3) AppleWebKit/537.36 (KHTML, like Gecko) Chrome/56.0.2924.87 Safari/537.36"
94.72.101.21 - - [02/Nov/2024:20:01:46 +0000] "GET /wp.php HTTP/1.1" 404 564 "-" "Mozilla/5.0 (Macintosh; Intel Mac OS X 10_12_3) AppleWebKit/537.36 (KHTML, like Gecko) Chrome/56.0.2924.87 Safari/537.36"
94.72.101.21 - - [02/Nov/2024:20:01:46 +0000] "GET /._wp-config.php HTTP/1.1" 404 564 "-" "Mozilla/5.0 (Macintosh; Intel Mac OS X 10_12_3) AppleWebKit/537.36 (KHTML, like Gecko) Chrome/56.0.2924.87 Safari/537.36"
94.72.101.21 - - [02/Nov/2024:20:01:46 +0000] "GET /.wp-config.php.swm HTTP/1.1" 404 564 "-" "Mozilla/5.0 (Macintosh; Intel Mac OS X 10_12_3) AppleWebKit/537.36 (KHTML, like Gecko) Chrome/56.0.2924.87 Safari/537.36"
94.72.101.21 - - [02/Nov/2024:20:01:46 +0000] "GET /.wp-config.php.swn HTTP/1.1" 404 564 "-" "Mozilla/5.0 (Macintosh; Intel Mac OS X 10_12_3) AppleWebKit/537.36 (KHTML, like Gecko) Chrome/56.0.2924.87 Safari/537.36"
94.72.101.21 - - [02/Nov/2024:20:01:46 +0000] "GET /.wp-config.php.swo HTTP/1.1" 404 564 "-" "Mozilla/5.0 (Macintosh; Intel Mac OS X 10_12_3) AppleWebKit/537.36 (KHTML, like Gecko) Chrome/56.0.2924.87 Safari/537.36"
94.72.101.21 - - [02/Nov/2024:20:01:47 +0000] "GET /.wp-config.php.swp HTTP/1.1" 404 564 "-" "Mozilla/5.0 (Macintosh; Intel Mac OS X 10_12_3) AppleWebKit/537.36 (KHTML, like Gecko) Chrome/56.0.2924.87 Safari/537.36"
94.72.101.21 - - [02/Nov/2024:20:01:47 +0000] "GET /.wp-config.swm HTTP/1.1" 404 564 "-" "Mozilla/5.0 (Macintosh; Intel Mac OS X 10_12_3) AppleWebKit/537.36 (KHTML, like Gecko) Chrome/56.0.2924.87 Safari/537.36"
94.72.101.21 - - [02/Nov/2024:20:01:47 +0000] "GET /.wp-config.swn HTTP/1.1" 404 564 "-" "Mozilla/5.0 (Macintosh; Intel Mac OS X 10_12_3) AppleWebKit/537.36 (KHTML, like Gecko) Chrome/56.0.2924.87 Safari/537.36"
94.72.101.21 - - [02/Nov/2024:20:01:47 +0000] "GET /.wp-config.swo HTTP/1.1" 404 564 "-" "Mozilla/5.0 (Macintosh; Intel Mac OS X 10_12_3) AppleWebKit/537.36 (KHTML, like Gecko) Chrome/56.0.2924.87 Safari/537.36"
94.72.101.21 - - [02/Nov/2024:20:01:47 +0000] "GET /.wp-config.swp HTTP/1.1" 404 564 "-" "Mozilla/5.0 (Macintosh; Intel Mac OS X 10_12_3) AppleWebKit/537.36 (KHTML, like Gecko) Chrome/56.0.2924.87 Safari/537.36"
94.72.101.21 - - [02/Nov/2024:20:01:47 +0000] "GET /backup.wp-config.php HTTP/1.1" 404 564 "-" "Mozilla/5.0 (Macintosh; Intel Mac OS X 10_12_3) AppleWebKit/537.36 (KHTML, like Gecko) Chrome/56.0.2924.87 Safari/537.36"
94.72.101.21 - - [02/Nov/2024:20:01:48 +0000] "GET /.cordova/config.json HTTP/1.1" 404 564 "-" "Mozilla/5.0 (Macintosh; Intel Mac OS X 10_12_3) AppleWebKit/537.36 (KHTML, like Gecko) Chrome/56.0.2924.87 Safari/537.36"
94.72.101.21 - - [02/Nov/2024:20:01:48 +0000] "GET /.deployment-config.json HTTP/1.1" 404 564 "-" "Mozilla/5.0 (Macintosh; Intel Mac OS X 10_12_3) AppleWebKit/537.36 (KHTML, like Gecko) Chrome/56.0.2924.87 Safari/537.36"
94.72.101.21 - - [02/Nov/2024:20:01:48 +0000] "GET /.docker/config.json HTTP/1.1" 404 564 "-" "Mozilla/5.0 (Macintosh; Intel Mac OS X 10_12_3) AppleWebKit/537.36 (KHTML, like Gecko) Chrome/56.0.2924.87 Safari/537.36"
94.72.101.21 - - [02/Nov/2024:20:01:48 +0000] "GET /.docker/daemon.json HTTP/1.1" 404 564 "-" "Mozilla/5.0 (Macintosh; Intel Mac OS X 10_12_3) AppleWebKit/537.36 (KHTML, like Gecko) Chrome/56.0.2924.87 Safari/537.36"
94.72.101.21 - - [02/Nov/2024:20:01:49 +0000] "GET /.docker/laravel/app/.env HTTP/1.1" 404 564 "-" "Mozilla/5.0 (Macintosh; Intel Mac OS X 10_12_3) AppleWebKit/537.36 (KHTML, like Gecko) Chrome/56.0.2924.87 Safari/537.36"
94.72.101.21 - - [02/Nov/2024:20:01:49 +0000] "GET /.gitlab-ci/.env HTTP/1.1" 404 564 "-" "Mozilla/5.0 (Macintosh; Intel Mac OS X 10_12_3) AppleWebKit/537.36 (KHTML, like Gecko) Chrome/56.0.2924.87 Safari/537.36"
94.72.101.21 - - [02/Nov/2024:20:01:49 +0000] "GET /.lanproxy/config.json HTTP/1.1" 404 564 "-" "Mozilla/5.0 (Macintosh; Intel Mac OS X 10_12_3) AppleWebKit/537.36 (KHTML, like Gecko) Chrome/56.0.2924.87 Safari/537.36"
94.72.101.21 - - [02/Nov/2024:20:01:49 +0000] "GET /.msmtprc HTTP/1.1" 404 564 "-" "Mozilla/5.0 (Macintosh; Intel Mac OS X 10_12_3) AppleWebKit/537.36 (KHTML, like Gecko) Chrome/56.0.2924.87 Safari/537.36"
94.72.101.21 - - [02/Nov/2024:20:01:49 +0000] "GET /.jupyter/jupyter_notebook_config.json HTTP/1.1" 404 564 "-" "Mozilla/5.0 (Macintosh; Intel Mac OS X 10_12_3) AppleWebKit/537.36 (KHTML, like Gecko) Chrome/56.0.2924.87 Safari/537.36"
94.72.101.21 - - [02/Nov/2024:20:01:50 +0000] "GET /.s3cfg HTTP/1.1" 404 564 "-" "Mozilla/5.0 (Macintosh; Intel Mac OS X 10_12_3) AppleWebKit/537.36 (KHTML, like Gecko) Chrome/56.0.2924.87 Safari/537.36"
94.72.101.21 - - [02/Nov/2024:20:01:51 +0000] "GET /.travis.yml HTTP/1.1" 404 564 "-" "Mozilla/5.0 (Macintosh; Intel Mac OS X 10_12_3) AppleWebKit/537.36 (KHTML, like Gecko) Chrome/56.0.2924.87 Safari/537.36"
94.72.101.21 - - [02/Nov/2024:20:01:51 +0000] "GET /.vscode/.env HTTP/1.1" 404 564 "-" "Mozilla/5.0 (Macintosh; Intel Mac OS X 10_12_3) AppleWebKit/537.36 (KHTML, like Gecko) Chrome/56.0.2924.87 Safari/537.36"
94.72.101.21 - - [02/Nov/2024:20:01:51 +0000] "GET /HUNIV_migration/.env HTTP/1.1" 404 564 "-" "Mozilla/5.0 (Macintosh; Intel Mac OS X 10_12_3) AppleWebKit/537.36 (KHTML, like Gecko) Chrome/56.0.2924.87 Safari/537.36"
94.72.101.21 - - [02/Nov/2024:20:01:51 +0000] "GET /Hash/.env HTTP/1.1" 404 564 "-" "Mozilla/5.0 (Macintosh; Intel Mac OS X 10_12_3) AppleWebKit/537.36 (KHTML, like Gecko) Chrome/56.0.2924.87 Safari/537.36"
94.72.101.21 - - [02/Nov/2024:20:01:51 +0000] "GET /Helmetjs/.env HTTP/1.1" 404 564 "-" "Mozilla/5.0 (Macintosh; Intel Mac OS X 10_12_3) AppleWebKit/537.36 (KHTML, like Gecko) Chrome/56.0.2924.87 Safari/537.36"
94.72.101.21 - - [02/Nov/2024:20:01:52 +0000] "GET /Imagebord/.env HTTP/1.1" 404 564 "-" "Mozilla/5.0 (Macintosh; Intel Mac OS X 10_12_3) AppleWebKit/537.36 (KHTML, like Gecko) Chrome/56.0.2924.87 Safari/537.36"
94.72.101.21 - - [02/Nov/2024:20:01:52 +0000] "GET /InstantCV/server/.env HTTP/1.1" 404 564 "-" "Mozilla/5.0 (Macintosh; Intel Mac OS X 10_12_3) AppleWebKit/537.36 (KHTML, like Gecko) Chrome/56.0.2924.87 Safari/537.36"
94.72.101.21 - - [02/Nov/2024:20:01:52 +0000] "GET /Kubernetes/.env HTTP/1.1" 404 564 "-" "Mozilla/5.0 (Macintosh; Intel Mac OS X 10_12_3) AppleWebKit/537.36 (KHTML, like Gecko) Chrome/56.0.2924.87 Safari/537.36"
94.72.101.21 - - [02/Nov/2024:20:01:52 +0000] "GET /Library/.env HTTP/1.1" 404 564 "-" "Mozilla/5.0 (Macintosh; Intel Mac OS X 10_12_3) AppleWebKit/537.36 (KHTML, like Gecko) Chrome/56.0.2924.87 Safari/537.36"
94.72.101.21 - - [02/Nov/2024:20:01:53 +0000] "GET /Passportjs/.env HTTP/1.1" 404 564 "-" "Mozilla/5.0 (Macintosh; Intel Mac OS X 10_12_3) AppleWebKit/537.36 (KHTML, like Gecko) Chrome/56.0.2924.87 Safari/537.36"
94.72.101.21 - - [02/Nov/2024:20:01:53 +0000] "GET /Serve_time_server/.env HTTP/1.1" 404 564 "-" "Mozilla/5.0 (Macintosh; Intel Mac OS X 10_12_3) AppleWebKit/537.36 (KHTML, like Gecko) Chrome/56.0.2924.87 Safari/537.36"
94.72.101.21 - - [02/Nov/2024:20:01:53 +0000] "GET /Server_with_db/.env HTTP/1.1" 404 564 "-" "Mozilla/5.0 (Macintosh; Intel Mac OS X 10_12_3) AppleWebKit/537.36 (KHTML, like Gecko) Chrome/56.0.2924.87 Safari/537.36"
94.72.101.21 - - [02/Nov/2024:20:01:54 +0000] "GET /Simple_server/.env HTTP/1.1" 404 564 "-" "Mozilla/5.0 (Macintosh; Intel Mac OS X 10_12_3) AppleWebKit/537.36 (KHTML, like Gecko) Chrome/56.0.2924.87 Safari/537.36"
94.72.101.21 - - [02/Nov/2024:20:01:54 +0000] "GET /Socketio/.env HTTP/1.1" 404 564 "-" "Mozilla/5.0 (Macintosh; Intel Mac OS X 10_12_3) AppleWebKit/537.36 (KHTML, like Gecko) Chrome/56.0.2924.87 Safari/537.36"
94.72.101.21 - - [02/Nov/2024:20:01:54 +0000] "GET /Sources/API/.env HTTP/1.1" 404 564 "-" "Mozilla/5.0 (Macintosh; Intel Mac OS X 10_12_3) AppleWebKit/537.36 (KHTML, like Gecko) Chrome/56.0.2924.87 Safari/537.36"
94.72.101.21 - - [02/Nov/2024:20:01:54 +0000] "GET /SpotiApps/.env HTTP/1.1" 404 564 "-" "Mozilla/5.0 (Macintosh; Intel Mac OS X 10_12_3) AppleWebKit/537.36 (KHTML, like Gecko) Chrome/56.0.2924.87 Safari/537.36"
94.72.101.21 - - [02/Nov/2024:20:01:54 +0000] "GET /Tests/Application/.env HTTP/1.1" 404 564 "-" "Mozilla/5.0 (Macintosh; Intel Mac OS X 10_12_3) AppleWebKit/537.36 (KHTML, like Gecko) Chrome/56.0.2924.87 Safari/537.36"
94.72.101.21 - - [02/Nov/2024:20:01:54 +0000] "GET /Travel_form/.env HTTP/1.1" 404 564 "-" "Mozilla/5.0 (Macintosh; Intel Mac OS X 10_12_3) AppleWebKit/537.36 (KHTML, like Gecko) Chrome/56.0.2924.87 Safari/537.36"
94.72.101.21 - - [02/Nov/2024:20:01:55 +0000] "GET /User_info/.env HTTP/1.1" 404 564 "-" "Mozilla/5.0 (Macintosh; Intel Mac OS X 10_12_3) AppleWebKit/537.36 (KHTML, like Gecko) Chrome/56.0.2924.87 Safari/537.36"
94.72.101.21 - - [02/Nov/2024:20:01:55 +0000] "GET /Web/siteMariage/.env HTTP/1.1" 404 564 "-" "Mozilla/5.0 (Macintosh; Intel Mac OS X 10_12_3) AppleWebKit/537.36 (KHTML, like Gecko) Chrome/56.0.2924.87 Safari/537.36"
94.72.101.21 - - [02/Nov/2024:20:01:55 +0000] "GET /_wpeprivate/config.json HTTP/1.1" 404 564 "-" "Mozilla/5.0 (Macintosh; Intel Mac OS X 10_12_3) AppleWebKit/537.36 (KHTML, like Gecko) Chrome/56.0.2924.87 Safari/537.36"
94.72.101.21 - - [02/Nov/2024:20:01:55 +0000] "GET /acme-challenge/.env HTTP/1.1" 404 564 "-" "Mozilla/5.0 (Macintosh; Intel Mac OS X 10_12_3) AppleWebKit/537.36 (KHTML, like Gecko) Chrome/56.0.2924.87 Safari/537.36"
94.72.101.21 - - [02/Nov/2024:20:01:55 +0000] "GET /acme/.env HTTP/1.1" 404 564 "-" "Mozilla/5.0 (Macintosh; Intel Mac OS X 10_12_3) AppleWebKit/537.36 (KHTML, like Gecko) Chrome/56.0.2924.87 Safari/537.36"
94.72.101.21 - - [02/Nov/2024:20:01:56 +0000] "GET /acme_challenges/.env HTTP/1.1" 404 564 "-" "Mozilla/5.0 (Macintosh; Intel Mac OS X 10_12_3) AppleWebKit/537.36 (KHTML, like Gecko) Chrome/56.0.2924.87 Safari/537.36"
94.72.101.21 - - [02/Nov/2024:20:01:56 +0000] "GET /actions-server/.env HTTP/1.1" 404 564 "-" "Mozilla/5.0 (Macintosh; Intel Mac OS X 10_12_3) AppleWebKit/537.36 (KHTML, like Gecko) Chrome/56.0.2924.87 Safari/537.36"
94.72.101.21 - - [02/Nov/2024:20:01:56 +0000] "GET /admin-app/.env HTTP/1.1" 404 564 "-" "Mozilla/5.0 (Macintosh; Intel Mac OS X 10_12_3) AppleWebKit/537.36 (KHTML, like Gecko) Chrome/56.0.2924.87 Safari/537.36"
94.72.101.21 - - [02/Nov/2024:20:01:56 +0000] "GET /admin/.env.local HTTP/1.1" 404 564 "-" "Mozilla/5.0 (Macintosh; Intel Mac OS X 10_12_3) AppleWebKit/537.36 (KHTML, like Gecko) Chrome/56.0.2924.87 Safari/537.36"
94.72.101.21 - - [02/Nov/2024:20:01:56 +0000] "GET /admin/.env.production HTTP/1.1" 404 564 "-" "Mozilla/5.0 (Macintosh; Intel Mac OS X 10_12_3) AppleWebKit/537.36 (KHTML, like Gecko) Chrome/56.0.2924.87 Safari/537.36"
94.72.101.21 - - [02/Nov/2024:20:01:56 +0000] "GET /admin/.env.staging HTTP/1.1" 404 564 "-" "Mozilla/5.0 (Macintosh; Intel Mac OS X 10_12_3) AppleWebKit/537.36 (KHTML, like Gecko) Chrome/56.0.2924.87 Safari/537.36"
94.72.101.21 - - [02/Nov/2024:20:01:57 +0000] "GET /adminer/.env HTTP/1.1" 404 564 "-" "Mozilla/5.0 (Macintosh; Intel Mac OS X 10_12_3) AppleWebKit/537.36 (KHTML, like Gecko) Chrome/56.0.2924.87 Safari/537.36"
94.72.101.21 - - [02/Nov/2024:20:01:57 +0000] "GET /agora/.env HTTP/1.1" 404 564 "-" "Mozilla/5.0 (Macintosh; Intel Mac OS X 10_12_3) AppleWebKit/537.36 (KHTML, like Gecko) Chrome/56.0.2924.87 Safari/537.36"
94.72.101.21 - - [02/Nov/2024:20:01:57 +0000] "GET /alpha/.env HTTP/1.1" 404 564 "-" "Mozilla/5.0 (Macintosh; Intel Mac OS X 10_12_3) AppleWebKit/537.36 (KHTML, like Gecko) Chrome/56.0.2924.87 Safari/537.36"
94.72.101.21 - - [02/Nov/2024:20:01:58 +0000] "GET /anaconda/.env HTTP/1.1" 404 564 "-" "Mozilla/5.0 (Macintosh; Intel Mac OS X 10_12_3) AppleWebKit/537.36 (KHTML, like Gecko) Chrome/56.0.2924.87 Safari/537.36"
94.72.101.21 - - [02/Nov/2024:20:01:58 +0000] "GET /api/.env.local HTTP/1.1" 404 564 "-" "Mozilla/5.0 (Macintosh; Intel Mac OS X 10_12_3) AppleWebKit/537.36 (KHTML, like Gecko) Chrome/56.0.2924.87 Safari/537.36"
94.72.101.21 - - [02/Nov/2024:20:01:58 +0000] "GET /api/.env.production HTTP/1.1" 404 564 "-" "Mozilla/5.0 (Macintosh; Intel Mac OS X 10_12_3) AppleWebKit/537.36 (KHTML, like Gecko) Chrome/56.0.2924.87 Safari/537.36"
94.72.101.21 - - [02/Nov/2024:20:01:58 +0000] "GET /api/.env.staging HTTP/1.1" 404 564 "-" "Mozilla/5.0 (Macintosh; Intel Mac OS X 10_12_3) AppleWebKit/537.36 (KHTML, like Gecko) Chrome/56.0.2924.87 Safari/537.36"
94.72.101.21 - - [02/Nov/2024:20:01:58 +0000] "GET /api/src/.env HTTP/1.1" 404 564 "-" "Mozilla/5.0 (Macintosh; Intel Mac OS X 10_12_3) AppleWebKit/537.36 (KHTML, like Gecko) Chrome/56.0.2924.87 Safari/537.36"
94.72.101.21 - - [02/Nov/2024:20:01:58 +0000] "GET /apis/.env HTTP/1.1" 404 564 "-" "Mozilla/5.0 (Macintosh; Intel Mac OS X 10_12_3) AppleWebKit/537.36 (KHTML, like Gecko) Chrome/56.0.2924.87 Safari/537.36"
94.72.101.21 - - [02/Nov/2024:20:01:59 +0000] "GET /apis/.env.local HTTP/1.1" 404 564 "-" "Mozilla/5.0 (Macintosh; Intel Mac OS X 10_12_3) AppleWebKit/537.36 (KHTML, like Gecko) Chrome/56.0.2924.87 Safari/537.36"
94.72.101.21 - - [02/Nov/2024:20:01:59 +0000] "GET /apis/.env.production HTTP/1.1" 404 564 "-" "Mozilla/5.0 (Macintosh; Intel Mac OS X 10_12_3) AppleWebKit/537.36 (KHTML, like Gecko) Chrome/56.0.2924.87 Safari/537.36"
94.72.101.21 - - [02/Nov/2024:20:01:59 +0000] "GET /apis/.env.staging HTTP/1.1" 404 564 "-" "Mozilla/5.0 (Macintosh; Intel Mac OS X 10_12_3) AppleWebKit/537.36 (KHTML, like Gecko) Chrome/56.0.2924.87 Safari/537.36"
94.72.101.21 - - [02/Nov/2024:20:01:59 +0000] "GET /app-order-client/.env HTTP/1.1" 404 564 "-" "Mozilla/5.0 (Macintosh; Intel Mac OS X 10_12_3) AppleWebKit/537.36 (KHTML, like Gecko) Chrome/56.0.2924.87 Safari/537.36"
94.72.101.21 - - [02/Nov/2024:20:01:59 +0000] "GET /app/.env.local HTTP/1.1" 404 564 "-" "Mozilla/5.0 (Macintosh; Intel Mac OS X 10_12_3) AppleWebKit/537.36 (KHTML, like Gecko) Chrome/56.0.2924.87 Safari/537.36"
94.72.101.21 - - [02/Nov/2024:20:01:59 +0000] "GET /app/.env.production HTTP/1.1" 404 564 "-" "Mozilla/5.0 (Macintosh; Intel Mac OS X 10_12_3) AppleWebKit/537.36 (KHTML, like Gecko) Chrome/56.0.2924.87 Safari/537.36"
94.72.101.21 - - [02/Nov/2024:20:02:00 +0000] "GET /app/.env.staging HTTP/1.1" 404 564 "-" "Mozilla/5.0 (Macintosh; Intel Mac OS X 10_12_3) AppleWebKit/537.36 (KHTML, like Gecko) Chrome/56.0.2924.87 Safari/537.36"
94.72.101.21 - - [02/Nov/2024:20:02:00 +0000] "GET /app/client/.env HTTP/1.1" 404 564 "-" "Mozilla/5.0 (Macintosh; Intel Mac OS X 10_12_3) AppleWebKit/537.36 (KHTML, like Gecko) Chrome/56.0.2924.87 Safari/537.36"
94.72.101.21 - - [02/Nov/2024:20:02:00 +0000] "GET /app/code/community/Nosto/Tagging/.env HTTP/1.1" 404 564 "-" "Mozilla/5.0 (Macintosh; Intel Mac OS X 10_12_3) AppleWebKit/537.36 (KHTML, like Gecko) Chrome/56.0.2924.87 Safari/537.36"
94.72.101.21 - - [02/Nov/2024:20:02:00 +0000] "GET /app/config.yml HTTP/1.1" 404 564 "-" "Mozilla/5.0 (Macintosh; Intel Mac OS X 10_12_3) AppleWebKit/537.36 (KHTML, like Gecko) Chrome/56.0.2924.87 Safari/537.36"
94.72.101.21 - - [02/Nov/2024:20:02:00 +0000] "GET /app/config/dev/.env HTTP/1.1" 404 564 "-" "Mozilla/5.0 (Macintosh; Intel Mac OS X 10_12_3) AppleWebKit/537.36 (KHTML, like Gecko) Chrome/56.0.2924.87 Safari/537.36"
94.72.101.21 - - [02/Nov/2024:20:02:01 +0000] "GET /app/config/parameters.yml HTTP/1.1" 404 564 "-" "Mozilla/5.0 (Macintosh; Intel Mac OS X 10_12_3) AppleWebKit/537.36 (KHTML, like Gecko) Chrome/56.0.2924.87 Safari/537.36"
94.72.101.21 - - [02/Nov/2024:20:02:01 +0000] "GET /app/frontend/.env HTTP/1.1" 404 564 "-" "Mozilla/5.0 (Macintosh; Intel Mac OS X 10_12_3) AppleWebKit/537.36 (KHTML, like Gecko) Chrome/56.0.2924.87 Safari/537.36"
94.72.101.21 - - [02/Nov/2024:20:02:01 +0000] "GET /app1-static/.env HTTP/1.1" 404 564 "-" "Mozilla/5.0 (Macintosh; Intel Mac OS X 10_12_3) AppleWebKit/537.36 (KHTML, like Gecko) Chrome/56.0.2924.87 Safari/537.36"
94.72.101.21 - - [02/Nov/2024:20:02:01 +0000] "GET /app2-static/.env HTTP/1.1" 404 564 "-" "Mozilla/5.0 (Macintosh; Intel Mac OS X 10_12_3) AppleWebKit/537.36 (KHTML, like Gecko) Chrome/56.0.2924.87 Safari/537.36"
94.72.101.21 - - [02/Nov/2024:20:02:02 +0000] "GET /app_dir/.env HTTP/1.1" 404 564 "-" "Mozilla/5.0 (Macintosh; Intel Mac OS X 10_12_3) AppleWebKit/537.36 (KHTML, like Gecko) Chrome/56.0.2924.87 Safari/537.36"
94.72.101.21 - - [02/Nov/2024:20:02:02 +0000] "GET /app_nginx_static_path/.env HTTP/1.1" 404 564 "-" "Mozilla/5.0 (Macintosh; Intel Mac OS X 10_12_3) AppleWebKit/537.36 (KHTML, like Gecko) Chrome/56.0.2924.87 Safari/537.36"
94.72.101.21 - - [02/Nov/2024:20:02:02 +0000] "GET /apps/client/.env HTTP/1.1" 404 564 "-" "Mozilla/5.0 (Macintosh; Intel Mac OS X 10_12_3) AppleWebKit/537.36 (KHTML, like Gecko) Chrome/56.0.2924.87 Safari/537.36"
94.72.101.21 - - [02/Nov/2024:20:02:03 +0000] "GET /asset_img/.env HTTP/1.1" 404 564 "-" "Mozilla/5.0 (Macintosh; Intel Mac OS X 10_12_3) AppleWebKit/537.36 (KHTML, like Gecko) Chrome/56.0.2924.87 Safari/537.36"
94.72.101.21 - - [02/Nov/2024:20:02:03 +0000] "GET /aws-secret.yaml HTTP/1.1" 404 564 "-" "Mozilla/5.0 (Macintosh; Intel Mac OS X 10_12_3) AppleWebKit/537.36 (KHTML, like Gecko) Chrome/56.0.2924.87 Safari/537.36"
94.72.101.21 - - [02/Nov/2024:20:02:04 +0000] "GET /awstats/.env HTTP/1.1" 404 564 "-" "Mozilla/5.0 (Macintosh; Intel Mac OS X 10_12_3) AppleWebKit/537.36 (KHTML, like Gecko) Chrome/56.0.2924.87 Safari/537.36"
94.72.101.21 - - [02/Nov/2024:20:02:04 +0000] "GET /back-end/app/.env HTTP/1.1" 404 564 "-" "Mozilla/5.0 (Macintosh; Intel Mac OS X 10_12_3) AppleWebKit/537.36 (KHTML, like Gecko) Chrome/56.0.2924.87 Safari/537.36"
94.72.101.21 - - [02/Nov/2024:20:02:04 +0000] "GET /back/.env HTTP/1.1" 404 564 "-" "Mozilla/5.0 (Macintosh; Intel Mac OS X 10_12_3) AppleWebKit/537.36 (KHTML, like Gecko) Chrome/56.0.2924.87 Safari/537.36"
94.72.101.21 - - [02/Nov/2024:20:02:04 +0000] "GET /backend/.env.local HTTP/1.1" 404 564 "-" "Mozilla/5.0 (Macintosh; Intel Mac OS X 10_12_3) AppleWebKit/537.36 (KHTML, like Gecko) Chrome/56.0.2924.87 Safari/537.36"
94.72.101.21 - - [02/Nov/2024:20:02:05 +0000] "GET /backend/.env.production HTTP/1.1" 404 564 "-" "Mozilla/5.0 (Macintosh; Intel Mac OS X 10_12_3) AppleWebKit/537.36 (KHTML, like Gecko) Chrome/56.0.2924.87 Safari/537.36"
94.72.101.21 - - [02/Nov/2024:20:02:05 +0000] "GET /backend/.env.staging HTTP/1.1" 404 564 "-" "Mozilla/5.0 (Macintosh; Intel Mac OS X 10_12_3) AppleWebKit/537.36 (KHTML, like Gecko) Chrome/56.0.2924.87 Safari/537.36"
94.72.101.21 - - [02/Nov/2024:20:02:05 +0000] "GET /backend/src/.env HTTP/1.1" 404 564 "-" "Mozilla/5.0 (Macintosh; Intel Mac OS X 10_12_3) AppleWebKit/537.36 (KHTML, like Gecko) Chrome/56.0.2924.87 Safari/537.36"
94.72.101.21 - - [02/Nov/2024:20:02:05 +0000] "GET /backendfinaltest/.env HTTP/1.1" 404 564 "-" "Mozilla/5.0 (Macintosh; Intel Mac OS X 10_12_3) AppleWebKit/537.36 (KHTML, like Gecko) Chrome/56.0.2924.87 Safari/537.36"
94.72.101.21 - - [02/Nov/2024:20:02:05 +0000] "GET /backup/.env HTTP/1.1" 404 564 "-" "Mozilla/5.0 (Macintosh; Intel Mac OS X 10_12_3) AppleWebKit/537.36 (KHTML, like Gecko) Chrome/56.0.2924.87 Safari/537.36"
94.72.101.21 - - [02/Nov/2024:20:02:05 +0000] "GET /backup/.env.local HTTP/1.1" 404 564 "-" "Mozilla/5.0 (Macintosh; Intel Mac OS X 10_12_3) AppleWebKit/537.36 (KHTML, like Gecko) Chrome/56.0.2924.87 Safari/537.36"
94.72.101.21 - - [02/Nov/2024:20:02:06 +0000] "GET /backup/.env.production HTTP/1.1" 404 564 "-" "Mozilla/5.0 (Macintosh; Intel Mac OS X 10_12_3) AppleWebKit/537.36 (KHTML, like Gecko) Chrome/56.0.2924.87 Safari/537.36"
94.72.101.21 - - [02/Nov/2024:20:02:06 +0000] "GET /backup/.env.staging HTTP/1.1" 404 564 "-" "Mozilla/5.0 (Macintosh; Intel Mac OS X 10_12_3) AppleWebKit/537.36 (KHTML, like Gecko) Chrome/56.0.2924.87 Safari/537.36"
94.72.101.21 - - [02/Nov/2024:20:02:06 +0000] "GET /base_dir/.env HTTP/1.1" 404 564 "-" "Mozilla/5.0 (Macintosh; Intel Mac OS X 10_12_3) AppleWebKit/537.36 (KHTML, like Gecko) Chrome/56.0.2924.87 Safari/537.36"
94.72.101.21 - - [02/Nov/2024:20:02:06 +0000] "GET /basic-network/.env HTTP/1.1" 404 564 "-" "Mozilla/5.0 (Macintosh; Intel Mac OS X 10_12_3) AppleWebKit/537.36 (KHTML, like Gecko) Chrome/56.0.2924.87 Safari/537.36"
94.72.101.21 - - [02/Nov/2024:20:02:06 +0000] "GET /beta/.env HTTP/1.1" 404 564 "-" "Mozilla/5.0 (Macintosh; Intel Mac OS X 10_12_3) AppleWebKit/537.36 (KHTML, like Gecko) Chrome/56.0.2924.87 Safari/537.36"
94.72.101.21 - - [02/Nov/2024:20:02:07 +0000] "GET /beta/.env.local HTTP/1.1" 404 564 "-" "Mozilla/5.0 (Macintosh; Intel Mac OS X 10_12_3) AppleWebKit/537.36 (KHTML, like Gecko) Chrome/56.0.2924.87 Safari/537.36"
94.72.101.21 - - [02/Nov/2024:20:02:07 +0000] "GET /beta/.env.production HTTP/1.1" 404 564 "-" "Mozilla/5.0 (Macintosh; Intel Mac OS X 10_12_3) AppleWebKit/537.36 (KHTML, like Gecko) Chrome/56.0.2924.87 Safari/537.36"
94.72.101.21 - - [02/Nov/2024:20:02:07 +0000] "GET /beta/.env.staging HTTP/1.1" 404 564 "-" "Mozilla/5.0 (Macintosh; Intel Mac OS X 10_12_3) AppleWebKit/537.36 (KHTML, like Gecko) Chrome/56.0.2924.87 Safari/537.36"
94.72.101.21 - - [02/Nov/2024:20:02:08 +0000] "GET /bgoldd/.env HTTP/1.1" 404 564 "-" "Mozilla/5.0 (Macintosh; Intel Mac OS X 10_12_3) AppleWebKit/537.36 (KHTML, like Gecko) Chrome/56.0.2924.87 Safari/537.36"
94.72.101.21 - - [02/Nov/2024:20:02:08 +0000] "GET /bitcoind/.env HTTP/1.1" 404 564 "-" "Mozilla/5.0 (Macintosh; Intel Mac OS X 10_12_3) AppleWebKit/537.36 (KHTML, like Gecko) Chrome/56.0.2924.87 Safari/537.36"
94.72.101.21 - - [02/Nov/2024:20:02:08 +0000] "GET /blankon/.env HTTP/1.1" 404 564 "-" "Mozilla/5.0 (Macintosh; Intel Mac OS X 10_12_3) AppleWebKit/537.36 (KHTML, like Gecko) Chrome/56.0.2924.87 Safari/537.36"
94.72.101.21 - - [02/Nov/2024:20:02:08 +0000] "GET /blob/.env HTTP/1.1" 404 564 "-" "Mozilla/5.0 (Macintosh; Intel Mac OS X 10_12_3) AppleWebKit/537.36 (KHTML, like Gecko) Chrome/56.0.2924.87 Safari/537.36"
94.72.101.21 - - [02/Nov/2024:20:02:08 +0000] "GET /blue/.env HTTP/1.1" 404 564 "-" "Mozilla/5.0 (Macintosh; Intel Mac OS X 10_12_3) AppleWebKit/537.36 (KHTML, like Gecko) Chrome/56.0.2924.87 Safari/537.36"
94.72.101.21 - - [02/Nov/2024:20:02:09 +0000] "GET /bookchain-client/.env HTTP/1.1" 404 564 "-" "Mozilla/5.0 (Macintosh; Intel Mac OS X 10_12_3) AppleWebKit/537.36 (KHTML, like Gecko) Chrome/56.0.2924.87 Safari/537.36"
94.72.101.21 - - [02/Nov/2024:20:02:09 +0000] "GET /bootstrap/.env HTTP/1.1" 404 564 "-" "Mozilla/5.0 (Macintosh; Intel Mac OS X 10_12_3) AppleWebKit/537.36 (KHTML, like Gecko) Chrome/56.0.2924.87 Safari/537.36"
94.72.101.21 - - [02/Nov/2024:20:02:09 +0000] "GET /bucoffea/.env HTTP/1.1" 404 564 "-" "Mozilla/5.0 (Macintosh; Intel Mac OS X 10_12_3) AppleWebKit/537.36 (KHTML, like Gecko) Chrome/56.0.2924.87 Safari/537.36"
94.72.101.21 - - [02/Nov/2024:20:02:10 +0000] "GET /build/.env HTTP/1.1" 404 564 "-" "Mozilla/5.0 (Macintosh; Intel Mac OS X 10_12_3) AppleWebKit/537.36 (KHTML, like Gecko) Chrome/56.0.2924.87 Safari/537.36"
94.72.101.21 - - [02/Nov/2024:20:02:10 +0000] "GET /cardea/backend/.env HTTP/1.1" 404 564 "-" "Mozilla/5.0 (Macintosh; Intel Mac OS X 10_12_3) AppleWebKit/537.36 (KHTML, like Gecko) Chrome/56.0.2924.87 Safari/537.36"
94.72.101.21 - - [02/Nov/2024:20:02:10 +0000] "GET /cdw-backend/.env HTTP/1.1" 404 564 "-" "Mozilla/5.0 (Macintosh; Intel Mac OS X 10_12_3) AppleWebKit/537.36 (KHTML, like Gecko) Chrome/56.0.2924.87 Safari/537.36"
94.72.101.21 - - [02/Nov/2024:20:02:10 +0000] "GET /ch2-mytodo/.env HTTP/1.1" 404 564 "-" "Mozilla/5.0 (Macintosh; Intel Mac OS X 10_12_3) AppleWebKit/537.36 (KHTML, like Gecko) Chrome/56.0.2924.87 Safari/537.36"
94.72.101.21 - - [02/Nov/2024:20:02:10 +0000] "GET /ch6-mytodo/.env HTTP/1.1" 404 564 "-" "Mozilla/5.0 (Macintosh; Intel Mac OS X 10_12_3) AppleWebKit/537.36 (KHTML, like Gecko) Chrome/56.0.2924.87 Safari/537.36"
94.72.101.21 - - [02/Nov/2024:20:02:10 +0000] "GET /ch6a-mytodo/.env HTTP/1.1" 404 564 "-" "Mozilla/5.0 (Macintosh; Intel Mac OS X 10_12_3) AppleWebKit/537.36 (KHTML, like Gecko) Chrome/56.0.2924.87 Safari/537.36"
94.72.101.21 - - [02/Nov/2024:20:02:11 +0000] "GET /ch7-mytodo/.env HTTP/1.1" 404 564 "-" "Mozilla/5.0 (Macintosh; Intel Mac OS X 10_12_3) AppleWebKit/537.36 (KHTML, like Gecko) Chrome/56.0.2924.87 Safari/537.36"
94.72.101.21 - - [02/Nov/2024:20:02:11 +0000] "GET /ch7a-mytodo/.env HTTP/1.1" 404 564 "-" "Mozilla/5.0 (Macintosh; Intel Mac OS X 10_12_3) AppleWebKit/537.36 (KHTML, like Gecko) Chrome/56.0.2924.87 Safari/537.36"
94.72.101.21 - - [02/Nov/2024:20:02:11 +0000] "GET /ch8-mytodo/.env HTTP/1.1" 404 564 "-" "Mozilla/5.0 (Macintosh; Intel Mac OS X 10_12_3) AppleWebKit/537.36 (KHTML, like Gecko) Chrome/56.0.2924.87 Safari/537.36"
94.72.101.21 - - [02/Nov/2024:20:02:11 +0000] "GET /ch8a-mytodo/.env HTTP/1.1" 404 564 "-" "Mozilla/5.0 (Macintosh; Intel Mac OS X 10_12_3) AppleWebKit/537.36 (KHTML, like Gecko) Chrome/56.0.2924.87 Safari/537.36"
94.72.101.21 - - [02/Nov/2024:20:02:11 +0000] "GET /ch8b-mytodo/.env HTTP/1.1" 404 564 "-" "Mozilla/5.0 (Macintosh; Intel Mac OS X 10_12_3) AppleWebKit/537.36 (KHTML, like Gecko) Chrome/56.0.2924.87 Safari/537.36"
94.72.101.21 - - [02/Nov/2024:20:02:12 +0000] "GET /challenge/.env HTTP/1.1" 404 564 "-" "Mozilla/5.0 (Macintosh; Intel Mac OS X 10_12_3) AppleWebKit/537.36 (KHTML, like Gecko) Chrome/56.0.2924.87 Safari/537.36"
94.72.101.21 - - [02/Nov/2024:20:02:12 +0000] "GET /challenges/.env HTTP/1.1" 404 564 "-" "Mozilla/5.0 (Macintosh; Intel Mac OS X 10_12_3) AppleWebKit/537.36 (KHTML, like Gecko) Chrome/56.0.2924.87 Safari/537.36"
94.72.101.21 - - [02/Nov/2024:20:02:12 +0000] "GET /charts/liveObjects/.env HTTP/1.1" 404 564 "-" "Mozilla/5.0 (Macintosh; Intel Mac OS X 10_12_3) AppleWebKit/537.36 (KHTML, like Gecko) Chrome/56.0.2924.87 Safari/537.36"
94.72.101.21 - - [02/Nov/2024:20:02:12 +0000] "GET /chat-client/.env HTTP/1.1" 404 564 "-" "Mozilla/5.0 (Macintosh; Intel Mac OS X 10_12_3) AppleWebKit/537.36 (KHTML, like Gecko) Chrome/56.0.2924.87 Safari/537.36"
94.72.101.21 - - [02/Nov/2024:20:02:13 +0000] "GET /check.php HTTP/1.1" 404 564 "-" "Mozilla/5.0 (Macintosh; Intel Mac OS X 10_12_3) AppleWebKit/537.36 (KHTML, like Gecko) Chrome/56.0.2924.87 Safari/537.36"
94.72.101.21 - - [02/Nov/2024:20:02:13 +0000] "GET /chiminey/.env HTTP/1.1" 404 564 "-" "Mozilla/5.0 (Macintosh; Intel Mac OS X 10_12_3) AppleWebKit/537.36 (KHTML, like Gecko) Chrome/56.0.2924.87 Safari/537.36"
94.72.101.21 - - [02/Nov/2024:20:02:13 +0000] "GET /client-app/.env HTTP/1.1" 404 564 "-" "Mozilla/5.0 (Macintosh; Intel Mac OS X 10_12_3) AppleWebKit/537.36 (KHTML, like Gecko) Chrome/56.0.2924.87 Safari/537.36"
94.72.101.21 - - [02/Nov/2024:20:02:13 +0000] "GET /client/.env.local HTTP/1.1" 404 564 "-" "Mozilla/5.0 (Macintosh; Intel Mac OS X 10_12_3) AppleWebKit/537.36 (KHTML, like Gecko) Chrome/56.0.2924.87 Safari/537.36"
94.72.101.21 - - [02/Nov/2024:20:02:13 +0000] "GET /client/.env.production HTTP/1.1" 404 564 "-" "Mozilla/5.0 (Macintosh; Intel Mac OS X 10_12_3) AppleWebKit/537.36 (KHTML, like Gecko) Chrome/56.0.2924.87 Safari/537.36"
94.72.101.21 - - [02/Nov/2024:20:02:13 +0000] "GET /client/.env.staging HTTP/1.1" 404 564 "-" "Mozilla/5.0 (Macintosh; Intel Mac OS X 10_12_3) AppleWebKit/537.36 (KHTML, like Gecko) Chrome/56.0.2924.87 Safari/537.36"
94.72.101.21 - - [02/Nov/2024:20:02:14 +0000] "GET /client/mutual-fund-app/.env HTTP/1.1" 404 564 "-" "Mozilla/5.0 (Macintosh; Intel Mac OS X 10_12_3) AppleWebKit/537.36 (KHTML, like Gecko) Chrome/56.0.2924.87 Safari/537.36"
94.72.101.21 - - [02/Nov/2024:20:02:15 +0000] "GET /client/src/.env HTTP/1.1" 404 564 "-" "Mozilla/5.0 (Macintosh; Intel Mac OS X 10_12_3) AppleWebKit/537.36 (KHTML, like Gecko) Chrome/56.0.2924.87 Safari/537.36"
94.72.101.21 - - [02/Nov/2024:20:02:15 +0000] "GET /clld_dir/.env HTTP/1.1" 404 564 "-" "Mozilla/5.0 (Macintosh; Intel Mac OS X 10_12_3) AppleWebKit/537.36 (KHTML, like Gecko) Chrome/56.0.2924.87 Safari/537.36"
94.72.101.21 - - [02/Nov/2024:20:02:15 +0000] "GET /code/api/.env HTTP/1.1" 404 564 "-" "Mozilla/5.0 (Macintosh; Intel Mac OS X 10_12_3) AppleWebKit/537.36 (KHTML, like Gecko) Chrome/56.0.2924.87 Safari/537.36"
94.72.101.21 - - [02/Nov/2024:20:02:15 +0000] "GET /code/web/.env HTTP/1.1" 404 564 "-" "Mozilla/5.0 (Macintosh; Intel Mac OS X 10_12_3) AppleWebKit/537.36 (KHTML, like Gecko) Chrome/56.0.2924.87 Safari/537.36"
94.72.101.21 - - [02/Nov/2024:20:02:15 +0000] "GET /codenames-frontend/.env HTTP/1.1" 404 564 "-" "Mozilla/5.0 (Macintosh; Intel Mac OS X 10_12_3) AppleWebKit/537.36 (KHTML, like Gecko) Chrome/56.0.2924.87 Safari/537.36"
94.72.101.21 - - [02/Nov/2024:20:02:15 +0000] "GET /collected_static/.env HTTP/1.1" 404 564 "-" "Mozilla/5.0 (Macintosh; Intel Mac OS X 10_12_3) AppleWebKit/537.36 (KHTML, like Gecko) Chrome/56.0.2924.87 Safari/537.36"
94.72.101.21 - - [02/Nov/2024:20:02:16 +0000] "GET /community/.env HTTP/1.1" 404 564 "-" "Mozilla/5.0 (Macintosh; Intel Mac OS X 10_12_3) AppleWebKit/537.36 (KHTML, like Gecko) Chrome/56.0.2924.87 Safari/537.36"
94.72.101.21 - - [02/Nov/2024:20:02:16 +0000] "GET /config.env HTTP/1.1" 404 564 "-" "Mozilla/5.0 (Macintosh; Intel Mac OS X 10_12_3) AppleWebKit/537.36 (KHTML, like Gecko) Chrome/56.0.2924.87 Safari/537.36"
94.72.101.21 - - [02/Nov/2024:20:02:16 +0000] "GET /config.json HTTP/1.1" 404 564 "-" "Mozilla/5.0 (Macintosh; Intel Mac OS X 10_12_3) AppleWebKit/537.36 (KHTML, like Gecko) Chrome/56.0.2924.87 Safari/537.36"
94.72.101.21 - - [02/Nov/2024:20:02:16 +0000] "GET /config/cache.php HTTP/1.1" 404 564 "-" "Mozilla/5.0 (Macintosh; Intel Mac OS X 10_12_3) AppleWebKit/537.36 (KHTML, like Gecko) Chrome/56.0.2924.87 Safari/537.36"
94.72.101.21 - - [02/Nov/2024:20:02:16 +0000] "GET /config/config.js HTTP/1.1" 404 564 "-" "Mozilla/5.0 (Macintosh; Intel Mac OS X 10_12_3) AppleWebKit/537.36 (KHTML, like Gecko) Chrome/56.0.2924.87 Safari/537.36"
94.72.101.21 - - [02/Nov/2024:20:02:17 +0000] "GET /config/config.json HTTP/1.1" 404 564 "-" "Mozilla/5.0 (Macintosh; Intel Mac OS X 10_12_3) AppleWebKit/537.36 (KHTML, like Gecko) Chrome/56.0.2924.87 Safari/537.36"
94.72.101.21 - - [02/Nov/2024:20:02:17 +0000] "GET /config/secrets.yml HTTP/1.1" 404 564 "-" "Mozilla/5.0 (Macintosh; Intel Mac OS X 10_12_3) AppleWebKit/537.36 (KHTML, like Gecko) Chrome/56.0.2924.87 Safari/537.36"
94.72.101.21 - - [02/Nov/2024:20:02:17 +0000] "GET /configuration.php HTTP/1.1" 404 564 "-" "Mozilla/5.0 (Macintosh; Intel Mac OS X 10_12_3) AppleWebKit/537.36 (KHTML, like Gecko) Chrome/56.0.2924.87 Safari/537.36"
94.72.101.21 - - [02/Nov/2024:20:02:17 +0000] "GET /console/base/config.json HTTP/1.1" 404 564 "-" "Mozilla/5.0 (Macintosh; Intel Mac OS X 10_12_3) AppleWebKit/537.36 (KHTML, like Gecko) Chrome/56.0.2924.87 Safari/537.36"
94.72.101.21 - - [02/Nov/2024:20:02:17 +0000] "GET /console/payments/config.json HTTP/1.1" 404 564 "-" "Mozilla/5.0 (Macintosh; Intel Mac OS X 10_12_3) AppleWebKit/537.36 (KHTML, like Gecko) Chrome/56.0.2924.87 Safari/537.36"
94.72.101.21 - - [02/Nov/2024:20:02:17 +0000] "GET /core/persistence/.env HTTP/1.1" 404 564 "-" "Mozilla/5.0 (Macintosh; Intel Mac OS X 10_12_3) AppleWebKit/537.36 (KHTML, like Gecko) Chrome/56.0.2924.87 Safari/537.36"
94.72.101.21 - - [02/Nov/2024:20:02:18 +0000] "GET /counterblockd/.env HTTP/1.1" 404 564 "-" "Mozilla/5.0 (Macintosh; Intel Mac OS X 10_12_3) AppleWebKit/537.36 (KHTML, like Gecko) Chrome/56.0.2924.87 Safari/537.36"
94.72.101.21 - - [02/Nov/2024:20:02:18 +0000] "GET /counterwallet/.env HTTP/1.1" 404 564 "-" "Mozilla/5.0 (Macintosh; Intel Mac OS X 10_12_3) AppleWebKit/537.36 (KHTML, like Gecko) Chrome/56.0.2924.87 Safari/537.36"
94.72.101.21 - - [02/Nov/2024:20:02:18 +0000] "GET /cp/.env HTTP/1.1" 404 564 "-" "Mozilla/5.0 (Macintosh; Intel Mac OS X 10_12_3) AppleWebKit/537.36 (KHTML, like Gecko) Chrome/56.0.2924.87 Safari/537.36"
94.72.101.21 - - [02/Nov/2024:20:02:19 +0000] "GET /crm/.env.local HTTP/1.1" 404 564 "-" "Mozilla/5.0 (Macintosh; Intel Mac OS X 10_12_3) AppleWebKit/537.36 (KHTML, like Gecko) Chrome/56.0.2924.87 Safari/537.36"
94.72.101.21 - - [02/Nov/2024:20:02:19 +0000] "GET /crm/.env.production HTTP/1.1" 404 564 "-" "Mozilla/5.0 (Macintosh; Intel Mac OS X 10_12_3) AppleWebKit/537.36 (KHTML, like Gecko) Chrome/56.0.2924.87 Safari/537.36"
94.72.101.21 - - [02/Nov/2024:20:02:19 +0000] "GET /crm/.env.staging HTTP/1.1" 404 564 "-" "Mozilla/5.0 (Macintosh; Intel Mac OS X 10_12_3) AppleWebKit/537.36 (KHTML, like Gecko) Chrome/56.0.2924.87 Safari/537.36"
94.72.101.21 - - [02/Nov/2024:20:02:20 +0000] "GET /cron/.env.local HTTP/1.1" 404 564 "-" "Mozilla/5.0 (Macintosh; Intel Mac OS X 10_12_3) AppleWebKit/537.36 (KHTML, like Gecko) Chrome/56.0.2924.87 Safari/537.36"
94.72.101.21 - - [02/Nov/2024:20:02:20 +0000] "GET /cron/.env.production HTTP/1.1" 404 564 "-" "Mozilla/5.0 (Macintosh; Intel Mac OS X 10_12_3) AppleWebKit/537.36 (KHTML, like Gecko) Chrome/56.0.2924.87 Safari/537.36"
94.72.101.21 - - [02/Nov/2024:20:02:21 +0000] "GET /cron/.env.staging HTTP/1.1" 404 564 "-" "Mozilla/5.0 (Macintosh; Intel Mac OS X 10_12_3) AppleWebKit/537.36 (KHTML, like Gecko) Chrome/56.0.2924.87 Safari/537.36"
94.72.101.21 - - [02/Nov/2024:20:02:21 +0000] "GET /cryo_project/.env HTTP/1.1" 404 564 "-" "Mozilla/5.0 (Macintosh; Intel Mac OS X 10_12_3) AppleWebKit/537.36 (KHTML, like Gecko) Chrome/56.0.2924.87 Safari/537.36"
94.72.101.21 - - [02/Nov/2024:20:02:21 +0000] "GET /css/.env HTTP/1.1" 404 564 "-" "Mozilla/5.0 (Macintosh; Intel Mac OS X 10_12_3) AppleWebKit/537.36 (KHTML, like Gecko) Chrome/56.0.2924.87 Safari/537.36"
94.72.101.21 - - [02/Nov/2024:20:02:22 +0000] "GET /current/.env HTTP/1.1" 404 564 "-" "Mozilla/5.0 (Macintosh; Intel Mac OS X 10_12_3) AppleWebKit/537.36 (KHTML, like Gecko) Chrome/56.0.2924.87 Safari/537.36"
94.72.101.21 - - [02/Nov/2024:20:02:22 +0000] "GET /current/.env.local HTTP/1.1" 404 564 "-" "Mozilla/5.0 (Macintosh; Intel Mac OS X 10_12_3) AppleWebKit/537.36 (KHTML, like Gecko) Chrome/56.0.2924.87 Safari/537.36"
94.72.101.21 - - [02/Nov/2024:20:02:22 +0000] "GET /current/.env.production HTTP/1.1" 404 564 "-" "Mozilla/5.0 (Macintosh; Intel Mac OS X 10_12_3) AppleWebKit/537.36 (KHTML, like Gecko) Chrome/56.0.2924.87 Safari/537.36"
94.72.101.21 - - [02/Nov/2024:20:02:22 +0000] "GET /current/.env.staging HTTP/1.1" 404 564 "-" "Mozilla/5.0 (Macintosh; Intel Mac OS X 10_12_3) AppleWebKit/537.36 (KHTML, like Gecko) Chrome/56.0.2924.87 Safari/537.36"
94.72.101.21 - - [02/Nov/2024:20:02:23 +0000] "GET /custom/.env HTTP/1.1" 404 564 "-" "Mozilla/5.0 (Macintosh; Intel Mac OS X 10_12_3) AppleWebKit/537.36 (KHTML, like Gecko) Chrome/56.0.2924.87 Safari/537.36"
94.72.101.21 - - [02/Nov/2024:20:02:23 +0000] "GET /d/.env HTTP/1.1" 404 564 "-" "Mozilla/5.0 (Macintosh; Intel Mac OS X 10_12_3) AppleWebKit/537.36 (KHTML, like Gecko) Chrome/56.0.2924.87 Safari/537.36"
94.72.101.21 - - [02/Nov/2024:20:02:23 +0000] "GET /data/.env HTTP/1.1" 404 564 "-" "Mozilla/5.0 (Macintosh; Intel Mac OS X 10_12_3) AppleWebKit/537.36 (KHTML, like Gecko) Chrome/56.0.2924.87 Safari/537.36"
94.72.101.21 - - [02/Nov/2024:20:02:23 +0000] "GET /database.yml HTTP/1.1" 404 564 "-" "Mozilla/5.0 (Macintosh; Intel Mac OS X 10_12_3) AppleWebKit/537.36 (KHTML, like Gecko) Chrome/56.0.2924.87 Safari/537.36"
94.72.101.21 - - [02/Nov/2024:20:02:23 +0000] "GET /dataset/.env HTTP/1.1" 404 564 "-" "Mozilla/5.0 (Macintosh; Intel Mac OS X 10_12_3) AppleWebKit/537.36 (KHTML, like Gecko) Chrome/56.0.2924.87 Safari/537.36"
94.72.101.21 - - [02/Nov/2024:20:02:24 +0000] "GET /dataset1/.env HTTP/1.1" 404 564 "-" "Mozilla/5.0 (Macintosh; Intel Mac OS X 10_12_3) AppleWebKit/537.36 (KHTML, like Gecko) Chrome/56.0.2924.87 Safari/537.36"
94.72.101.21 - - [02/Nov/2024:20:02:24 +0000] "GET /dataset2/.env HTTP/1.1" 404 564 "-" "Mozilla/5.0 (Macintosh; Intel Mac OS X 10_12_3) AppleWebKit/537.36 (KHTML, like Gecko) Chrome/56.0.2924.87 Safari/537.36"
94.72.101.21 - - [02/Nov/2024:20:02:24 +0000] "GET /default/.env HTTP/1.1" 404 564 "-" "Mozilla/5.0 (Macintosh; Intel Mac OS X 10_12_3) AppleWebKit/537.36 (KHTML, like Gecko) Chrome/56.0.2924.87 Safari/537.36"
94.72.101.21 - - [02/Nov/2024:20:02:24 +0000] "GET /delivery/.env HTTP/1.1" 404 564 "-" "Mozilla/5.0 (Macintosh; Intel Mac OS X 10_12_3) AppleWebKit/537.36 (KHTML, like Gecko) Chrome/56.0.2924.87 Safari/537.36"
94.72.101.21 - - [02/Nov/2024:20:02:24 +0000] "GET /demo-app/.env HTTP/1.1" 404 564 "-" "Mozilla/5.0 (Macintosh; Intel Mac OS X 10_12_3) AppleWebKit/537.36 (KHTML, like Gecko) Chrome/56.0.2924.87 Safari/537.36"
94.72.101.21 - - [02/Nov/2024:20:02:25 +0000] "GET /demo/.env HTTP/1.1" 404 564 "-" "Mozilla/5.0 (Macintosh; Intel Mac OS X 10_12_3) AppleWebKit/537.36 (KHTML, like Gecko) Chrome/56.0.2924.87 Safari/537.36"
94.72.101.21 - - [02/Nov/2024:20:02:25 +0000] "GET /demo/.env.local HTTP/1.1" 404 564 "-" "Mozilla/5.0 (Macintosh; Intel Mac OS X 10_12_3) AppleWebKit/537.36 (KHTML, like Gecko) Chrome/56.0.2924.87 Safari/537.36"
94.72.101.21 - - [02/Nov/2024:20:02:26 +0000] "GET /demo/.env.production HTTP/1.1" 404 564 "-" "Mozilla/5.0 (Macintosh; Intel Mac OS X 10_12_3) AppleWebKit/537.36 (KHTML, like Gecko) Chrome/56.0.2924.87 Safari/537.36"
94.72.101.21 - - [02/Nov/2024:20:02:26 +0000] "GET /demo/.env.staging HTTP/1.1" 404 564 "-" "Mozilla/5.0 (Macintosh; Intel Mac OS X 10_12_3) AppleWebKit/537.36 (KHTML, like Gecko) Chrome/56.0.2924.87 Safari/537.36"
94.72.101.21 - - [02/Nov/2024:20:02:26 +0000] "GET /dep.php HTTP/1.1" 404 564 "-" "Mozilla/5.0 (Macintosh; Intel Mac OS X 10_12_3) AppleWebKit/537.36 (KHTML, like Gecko) Chrome/56.0.2924.87 Safari/537.36"
94.72.101.21 - - [02/Nov/2024:20:02:26 +0000] "GET /deploy.php HTTP/1.1" 404 564 "-" "Mozilla/5.0 (Macintosh; Intel Mac OS X 10_12_3) AppleWebKit/537.36 (KHTML, like Gecko) Chrome/56.0.2924.87 Safari/537.36"
94.72.101.21 - - [02/Nov/2024:20:02:26 +0000] "GET /deploy/.env HTTP/1.1" 404 564 "-" "Mozilla/5.0 (Macintosh; Intel Mac OS X 10_12_3) AppleWebKit/537.36 (KHTML, like Gecko) Chrome/56.0.2924.87 Safari/537.36"
94.72.101.21 - - [02/Nov/2024:20:02:27 +0000] "GET /dev.php HTTP/1.1" 404 564 "-" "Mozilla/5.0 (Macintosh; Intel Mac OS X 10_12_3) AppleWebKit/537.36 (KHTML, like Gecko) Chrome/56.0.2924.87 Safari/537.36"
94.72.101.21 - - [02/Nov/2024:20:02:27 +0000] "GET /dev/.env HTTP/1.1" 404 564 "-" "Mozilla/5.0 (Macintosh; Intel Mac OS X 10_12_3) AppleWebKit/537.36 (KHTML, like Gecko) Chrome/56.0.2924.87 Safari/537.36"
94.72.101.21 - - [02/Nov/2024:20:02:27 +0000] "GET /dev/.env.local HTTP/1.1" 404 564 "-" "Mozilla/5.0 (Macintosh; Intel Mac OS X 10_12_3) AppleWebKit/537.36 (KHTML, like Gecko) Chrome/56.0.2924.87 Safari/537.36"
94.72.101.21 - - [02/Nov/2024:20:02:28 +0000] "GET /dev/.env.production HTTP/1.1" 404 564 "-" "Mozilla/5.0 (Macintosh; Intel Mac OS X 10_12_3) AppleWebKit/537.36 (KHTML, like Gecko) Chrome/56.0.2924.87 Safari/537.36"
94.72.101.21 - - [02/Nov/2024:20:02:28 +0000] "GET /dev/.env.staging HTTP/1.1" 404 564 "-" "Mozilla/5.0 (Macintosh; Intel Mac OS X 10_12_3) AppleWebKit/537.36 (KHTML, like Gecko) Chrome/56.0.2924.87 Safari/537.36"
94.72.101.21 - - [02/Nov/2024:20:02:28 +0000] "GET /develop/.env HTTP/1.1" 404 564 "-" "Mozilla/5.0 (Macintosh; Intel Mac OS X 10_12_3) AppleWebKit/537.36 (KHTML, like Gecko) Chrome/56.0.2924.87 Safari/537.36"
94.72.101.21 - - [02/Nov/2024:20:02:28 +0000] "GET /develop/.env.local HTTP/1.1" 404 564 "-" "Mozilla/5.0 (Macintosh; Intel Mac OS X 10_12_3) AppleWebKit/537.36 (KHTML, like Gecko) Chrome/56.0.2924.87 Safari/537.36"
94.72.101.21 - - [02/Nov/2024:20:02:29 +0000] "GET /develop/.env.production HTTP/1.1" 404 564 "-" "Mozilla/5.0 (Macintosh; Intel Mac OS X 10_12_3) AppleWebKit/537.36 (KHTML, like Gecko) Chrome/56.0.2924.87 Safari/537.36"
94.72.101.21 - - [02/Nov/2024:20:02:29 +0000] "GET /develop/.env.staging HTTP/1.1" 404 564 "-" "Mozilla/5.0 (Macintosh; Intel Mac OS X 10_12_3) AppleWebKit/537.36 (KHTML, like Gecko) Chrome/56.0.2924.87 Safari/537.36"
94.72.101.21 - - [02/Nov/2024:20:02:29 +0000] "GET /developer.php HTTP/1.1" 404 564 "-" "Mozilla/5.0 (Macintosh; Intel Mac OS X 10_12_3) AppleWebKit/537.36 (KHTML, like Gecko) Chrome/56.0.2924.87 Safari/537.36"
94.72.101.21 - - [02/Nov/2024:20:02:29 +0000] "GET /developerslv/.env HTTP/1.1" 404 564 "-" "Mozilla/5.0 (Macintosh; Intel Mac OS X 10_12_3) AppleWebKit/537.36 (KHTML, like Gecko) Chrome/56.0.2924.87 Safari/537.36"
94.72.101.21 - - [02/Nov/2024:20:02:29 +0000] "GET /development/.env HTTP/1.1" 404 564 "-" "Mozilla/5.0 (Macintosh; Intel Mac OS X 10_12_3) AppleWebKit/537.36 (KHTML, like Gecko) Chrome/56.0.2924.87 Safari/537.36"
94.72.101.21 - - [02/Nov/2024:20:02:29 +0000] "GET /development/.env.local HTTP/1.1" 404 564 "-" "Mozilla/5.0 (Macintosh; Intel Mac OS X 10_12_3) AppleWebKit/537.36 (KHTML, like Gecko) Chrome/56.0.2924.87 Safari/537.36"
94.72.101.21 - - [02/Nov/2024:20:02:30 +0000] "GET /development/.env.production HTTP/1.1" 404 564 "-" "Mozilla/5.0 (Macintosh; Intel Mac OS X 10_12_3) AppleWebKit/537.36 (KHTML, like Gecko) Chrome/56.0.2924.87 Safari/537.36"
94.72.101.21 - - [02/Nov/2024:20:02:30 +0000] "GET /development/.env.staging HTTP/1.1" 404 564 "-" "Mozilla/5.0 (Macintosh; Intel Mac OS X 10_12_3) AppleWebKit/537.36 (KHTML, like Gecko) Chrome/56.0.2924.87 Safari/537.36"
94.72.101.21 - - [02/Nov/2024:20:02:30 +0000] "GET /devs.php HTTP/1.1" 404 564 "-" "Mozilla/5.0 (Macintosh; Intel Mac OS X 10_12_3) AppleWebKit/537.36 (KHTML, like Gecko) Chrome/56.0.2924.87 Safari/537.36"
94.72.101.21 - - [02/Nov/2024:20:02:30 +0000] "GET /directories/.env HTTP/1.1" 404 564 "-" "Mozilla/5.0 (Macintosh; Intel Mac OS X 10_12_3) AppleWebKit/537.36 (KHTML, like Gecko) Chrome/56.0.2924.87 Safari/537.36"
94.72.101.21 - - [02/Nov/2024:20:02:30 +0000] "GET /dist/.env HTTP/1.1" 404 564 "-" "Mozilla/5.0 (Macintosh; Intel Mac OS X 10_12_3) AppleWebKit/537.36 (KHTML, like Gecko) Chrome/56.0.2924.87 Safari/537.36"
94.72.101.21 - - [02/Nov/2024:20:02:31 +0000] "GET /django-blog/.env HTTP/1.1" 404 564 "-" "Mozilla/5.0 (Macintosh; Intel Mac OS X 10_12_3) AppleWebKit/537.36 (KHTML, like Gecko) Chrome/56.0.2924.87 Safari/537.36"
94.72.101.21 - - [02/Nov/2024:20:02:31 +0000] "GET /django/.env HTTP/1.1" 404 564 "-" "Mozilla/5.0 (Macintosh; Intel Mac OS X 10_12_3) AppleWebKit/537.36 (KHTML, like Gecko) Chrome/56.0.2924.87 Safari/537.36"
94.72.101.21 - - [02/Nov/2024:20:02:31 +0000] "GET /django_project_path/.env HTTP/1.1" 404 564 "-" "Mozilla/5.0 (Macintosh; Intel Mac OS X 10_12_3) AppleWebKit/537.36 (KHTML, like Gecko) Chrome/56.0.2924.87 Safari/537.36"
94.72.101.21 - - [02/Nov/2024:20:02:31 +0000] "GET /doc/.env HTTP/1.1" 404 564 "-" "Mozilla/5.0 (Macintosh; Intel Mac OS X 10_12_3) AppleWebKit/537.36 (KHTML, like Gecko) Chrome/56.0.2924.87 Safari/537.36"
94.72.101.21 - - [02/Nov/2024:20:02:31 +0000] "GET /docker-compose/platform/.env HTTP/1.1" 404 564 "-" "Mozilla/5.0 (Macintosh; Intel Mac OS X 10_12_3) AppleWebKit/537.36 (KHTML, like Gecko) Chrome/56.0.2924.87 Safari/537.36"
94.72.101.21 - - [02/Nov/2024:20:02:31 +0000] "GET /docker-elk/.env HTTP/1.1" 404 564 "-" "Mozilla/5.0 (Macintosh; Intel Mac OS X 10_12_3) AppleWebKit/537.36 (KHTML, like Gecko) Chrome/56.0.2924.87 Safari/537.36"
94.72.101.21 - - [02/Nov/2024:20:02:32 +0000] "GET /docker-network-healthcheck/.env HTTP/1.1" 404 564 "-" "Mozilla/5.0 (Macintosh; Intel Mac OS X 10_12_3) AppleWebKit/537.36 (KHTML, like Gecko) Chrome/56.0.2924.87 Safari/537.36"
94.72.101.21 - - [02/Nov/2024:20:02:32 +0000] "GET /docker-node-mongo-redis/.env HTTP/1.1" 404 564 "-" "Mozilla/5.0 (Macintosh; Intel Mac OS X 10_12_3) AppleWebKit/537.36 (KHTML, like Gecko) Chrome/56.0.2924.87 Safari/537.36"
94.72.101.21 - - [02/Nov/2024:20:02:32 +0000] "GET /docker/.env HTTP/1.1" 404 564 "-" "Mozilla/5.0 (Macintosh; Intel Mac OS X 10_12_3) AppleWebKit/537.36 (KHTML, like Gecko) Chrome/56.0.2924.87 Safari/537.36"
94.72.101.21 - - [02/Nov/2024:20:02:32 +0000] "GET /docker/app/.env HTTP/1.1" 404 564 "-" "Mozilla/5.0 (Macintosh; Intel Mac OS X 10_12_3) AppleWebKit/537.36 (KHTML, like Gecko) Chrome/56.0.2924.87 Safari/537.36"
94.72.101.21 - - [02/Nov/2024:20:02:32 +0000] "GET /docker/compose/withMongo/.env HTTP/1.1" 404 564 "-" "Mozilla/5.0 (Macintosh; Intel Mac OS X 10_12_3) AppleWebKit/537.36 (KHTML, like Gecko) Chrome/56.0.2924.87 Safari/537.36"
94.72.101.21 - - [02/Nov/2024:20:02:33 +0000] "GET /docker/compose/withPostgres/.env HTTP/1.1" 404 564 "-" "Mozilla/5.0 (Macintosh; Intel Mac OS X 10_12_3) AppleWebKit/537.36 (KHTML, like Gecko) Chrome/56.0.2924.87 Safari/537.36"
94.72.101.21 - - [02/Nov/2024:20:02:33 +0000] "GET /docker/database/.env HTTP/1.1" 404 564 "-" "Mozilla/5.0 (Macintosh; Intel Mac OS X 10_12_3) AppleWebKit/537.36 (KHTML, like Gecko) Chrome/56.0.2924.87 Safari/537.36"
94.72.101.21 - - [02/Nov/2024:20:02:34 +0000] "GET /docker/db/.env HTTP/1.1" 404 564 "-" "Mozilla/5.0 (Macintosh; Intel Mac OS X 10_12_3) AppleWebKit/537.36 (KHTML, like Gecko) Chrome/56.0.2924.87 Safari/537.36"
94.72.101.21 - - [02/Nov/2024:20:02:34 +0000] "GET /docker/examples/compose/.env HTTP/1.1" 404 564 "-" "Mozilla/5.0 (Macintosh; Intel Mac OS X 10_12_3) AppleWebKit/537.36 (KHTML, like Gecko) Chrome/56.0.2924.87 Safari/537.36"
94.72.101.21 - - [02/Nov/2024:20:02:34 +0000] "GET /docker/postgres/.env HTTP/1.1" 404 564 "-" "Mozilla/5.0 (Macintosh; Intel Mac OS X 10_12_3) AppleWebKit/537.36 (KHTML, like Gecko) Chrome/56.0.2924.87 Safari/537.36"
94.72.101.21 - - [02/Nov/2024:20:02:35 +0000] "GET /docker/webdav/.env HTTP/1.1" 404 564 "-" "Mozilla/5.0 (Macintosh; Intel Mac OS X 10_12_3) AppleWebKit/537.36 (KHTML, like Gecko) Chrome/56.0.2924.87 Safari/537.36"
94.72.101.21 - - [02/Nov/2024:20:02:35 +0000] "GET /dodoswap-client/.env HTTP/1.1" 404 564 "-" "Mozilla/5.0 (Macintosh; Intel Mac OS X 10_12_3) AppleWebKit/537.36 (KHTML, like Gecko) Chrome/56.0.2924.87 Safari/537.36"
94.72.101.21 - - [02/Nov/2024:20:02:35 +0000] "GET /dotfiles/.env HTTP/1.1" 404 564 "-" "Mozilla/5.0 (Macintosh; Intel Mac OS X 10_12_3) AppleWebKit/537.36 (KHTML, like Gecko) Chrome/56.0.2924.87 Safari/537.36"
94.72.101.21 - - [02/Nov/2024:20:02:35 +0000] "GET /downloads/.env HTTP/1.1" 404 564 "-" "Mozilla/5.0 (Macintosh; Intel Mac OS X 10_12_3) AppleWebKit/537.36 (KHTML, like Gecko) Chrome/56.0.2924.87 Safari/537.36"
94.72.101.21 - - [02/Nov/2024:20:02:35 +0000] "GET /e2e/.env HTTP/1.1" 404 564 "-" "Mozilla/5.0 (Macintosh; Intel Mac OS X 10_12_3) AppleWebKit/537.36 (KHTML, like Gecko) Chrome/56.0.2924.87 Safari/537.36"
94.72.101.21 - - [02/Nov/2024:20:02:35 +0000] "GET /engine/.env HTTP/1.1" 404 564 "-" "Mozilla/5.0 (Macintosh; Intel Mac OS X 10_12_3) AppleWebKit/537.36 (KHTML, like Gecko) Chrome/56.0.2924.87 Safari/537.36"
94.72.101.21 - - [02/Nov/2024:20:02:36 +0000] "GET /env.backup HTTP/1.1" 404 564 "-" "Mozilla/5.0 (Macintosh; Intel Mac OS X 10_12_3) AppleWebKit/537.36 (KHTML, like Gecko) Chrome/56.0.2924.87 Safari/537.36"
94.72.101.21 - - [02/Nov/2024:20:02:36 +0000] "GET /env.config.js HTTP/1.1" 404 564 "-" "Mozilla/5.0 (Macintosh; Intel Mac OS X 10_12_3) AppleWebKit/537.36 (KHTML, like Gecko) Chrome/56.0.2924.87 Safari/537.36"
94.72.101.21 - - [02/Nov/2024:20:02:36 +0000] "GET /env.development.local HTTP/1.1" 404 564 "-" "Mozilla/5.0 (Macintosh; Intel Mac OS X 10_12_3) AppleWebKit/537.36 (KHTML, like Gecko) Chrome/56.0.2924.87 Safari/537.36"
94.72.101.21 - - [02/Nov/2024:20:02:36 +0000] "GET /env.js HTTP/1.1" 404 564 "-" "Mozilla/5.0 (Macintosh; Intel Mac OS X 10_12_3) AppleWebKit/537.36 (KHTML, like Gecko) Chrome/56.0.2924.87 Safari/537.36"
94.72.101.21 - - [02/Nov/2024:20:02:37 +0000] "GET /env.template HTTP/1.1" 404 564 "-" "Mozilla/5.0 (Macintosh; Intel Mac OS X 10_12_3) AppleWebKit/537.36 (KHTML, like Gecko) Chrome/56.0.2924.87 Safari/537.36"
94.72.101.21 - - [02/Nov/2024:20:02:37 +0000] "GET /env/dockers/mariadb-test/.env HTTP/1.1" 404 564 "-" "Mozilla/5.0 (Macintosh; Intel Mac OS X 10_12_3) AppleWebKit/537.36 (KHTML, like Gecko) Chrome/56.0.2924.87 Safari/537.36"
94.72.101.21 - - [02/Nov/2024:20:02:37 +0000] "GET /env/dockers/php-apache/.env HTTP/1.1" 404 564 "-" "Mozilla/5.0 (Macintosh; Intel Mac OS X 10_12_3) AppleWebKit/537.36 (KHTML, like Gecko) Chrome/56.0.2924.87 Safari/537.36"
94.72.101.21 - - [02/Nov/2024:20:02:37 +0000] "GET /env/example/.env HTTP/1.1" 404 564 "-" "Mozilla/5.0 (Macintosh; Intel Mac OS X 10_12_3) AppleWebKit/537.36 (KHTML, like Gecko) Chrome/56.0.2924.87 Safari/537.36"
94.72.101.21 - - [02/Nov/2024:20:02:38 +0000] "GET /env/phpinfo HTTP/1.1" 404 564 "-" "Mozilla/5.0 (Macintosh; Intel Mac OS X 10_12_3) AppleWebKit/537.36 (KHTML, like Gecko) Chrome/56.0.2924.87 Safari/537.36"
94.72.101.21 - - [02/Nov/2024:20:02:38 +0000] "GET /env/template/.env HTTP/1.1" 404 564 "-" "Mozilla/5.0 (Macintosh; Intel Mac OS X 10_12_3) AppleWebKit/537.36 (KHTML, like Gecko) Chrome/56.0.2924.87 Safari/537.36"
94.72.101.21 - - [02/Nov/2024:20:02:38 +0000] "GET /environments/local/.env HTTP/1.1" 404 564 "-" "Mozilla/5.0 (Macintosh; Intel Mac OS X 10_12_3) AppleWebKit/537.36 (KHTML, like Gecko) Chrome/56.0.2924.87 Safari/537.36"
94.72.101.21 - - [02/Nov/2024:20:02:38 +0000] "GET /environments/production/.env HTTP/1.1" 404 564 "-" "Mozilla/5.0 (Macintosh; Intel Mac OS X 10_12_3) AppleWebKit/537.36 (KHTML, like Gecko) Chrome/56.0.2924.87 Safari/537.36"
94.72.101.21 - - [02/Nov/2024:20:02:39 +0000] "GET /error/.env HTTP/1.1" 404 564 "-" "Mozilla/5.0 (Macintosh; Intel Mac OS X 10_12_3) AppleWebKit/537.36 (KHTML, like Gecko) Chrome/56.0.2924.87 Safari/537.36"
94.72.101.21 - - [02/Nov/2024:20:02:39 +0000] "GET /errors/.env HTTP/1.1" 404 564 "-" "Mozilla/5.0 (Macintosh; Intel Mac OS X 10_12_3) AppleWebKit/537.36 (KHTML, like Gecko) Chrome/56.0.2924.87 Safari/537.36"
94.72.101.21 - - [02/Nov/2024:20:02:39 +0000] "GET /example/.env HTTP/1.1" 404 564 "-" "Mozilla/5.0 (Macintosh; Intel Mac OS X 10_12_3) AppleWebKit/537.36 (KHTML, like Gecko) Chrome/56.0.2924.87 Safari/537.36"
94.72.101.21 - - [02/Nov/2024:20:02:40 +0000] "GET /export/.env HTTP/1.1" 404 564 "-" "Mozilla/5.0 (Macintosh; Intel Mac OS X 10_12_3) AppleWebKit/537.36 (KHTML, like Gecko) Chrome/56.0.2924.87 Safari/537.36"
94.72.101.21 - - [02/Nov/2024:20:02:40 +0000] "GET /fastlane/.env HTTP/1.1" 404 564 "-" "Mozilla/5.0 (Macintosh; Intel Mac OS X 10_12_3) AppleWebKit/537.36 (KHTML, like Gecko) Chrome/56.0.2924.87 Safari/537.36"
94.72.101.21 - - [02/Nov/2024:20:02:40 +0000] "GET /favicons/.env HTTP/1.1" 404 564 "-" "Mozilla/5.0 (Macintosh; Intel Mac OS X 10_12_3) AppleWebKit/537.36 (KHTML, like Gecko) Chrome/56.0.2924.87 Safari/537.36"
94.72.101.21 - - [02/Nov/2024:20:02:40 +0000] "GET /favs/.env HTTP/1.1" 404 564 "-" "Mozilla/5.0 (Macintosh; Intel Mac OS X 10_12_3) AppleWebKit/537.36 (KHTML, like Gecko) Chrome/56.0.2924.87 Safari/537.36"
94.72.101.21 - - [02/Nov/2024:20:02:41 +0000] "GET /fedex/.env HTTP/1.1" 404 564 "-" "Mozilla/5.0 (Macintosh; Intel Mac OS X 10_12_3) AppleWebKit/537.36 (KHTML, like Gecko) Chrome/56.0.2924.87 Safari/537.36"
94.72.101.21 - - [02/Nov/2024:20:02:41 +0000] "GET /fedora.php HTTP/1.1" 404 564 "-" "Mozilla/5.0 (Macintosh; Intel Mac OS X 10_12_3) AppleWebKit/537.36 (KHTML, like Gecko) Chrome/56.0.2924.87 Safari/537.36"
94.72.101.21 - - [02/Nov/2024:20:02:41 +0000] "GET /fhir-api/.env HTTP/1.1" 404 564 "-" "Mozilla/5.0 (Macintosh; Intel Mac OS X 10_12_3) AppleWebKit/537.36 (KHTML, like Gecko) Chrome/56.0.2924.87 Safari/537.36"
94.72.101.21 - - [02/Nov/2024:20:02:41 +0000] "GET /fileserver/.env HTTP/1.1" 404 564 "-" "Mozilla/5.0 (Macintosh; Intel Mac OS X 10_12_3) AppleWebKit/537.36 (KHTML, like Gecko) Chrome/56.0.2924.87 Safari/537.36"
94.72.101.21 - - [02/Nov/2024:20:02:41 +0000] "GET /films/.env HTTP/1.1" 404 564 "-" "Mozilla/5.0 (Macintosh; Intel Mac OS X 10_12_3) AppleWebKit/537.36 (KHTML, like Gecko) Chrome/56.0.2924.87 Safari/537.36"
94.72.101.21 - - [02/Nov/2024:20:02:41 +0000] "GET /first-network/.env HTTP/1.1" 404 564 "-" "Mozilla/5.0 (Macintosh; Intel Mac OS X 10_12_3) AppleWebKit/537.36 (KHTML, like Gecko) Chrome/56.0.2924.87 Safari/537.36"
94.72.101.21 - - [02/Nov/2024:20:02:42 +0000] "GET /fisdom/fisdom/.env HTTP/1.1" 404 564 "-" "Mozilla/5.0 (Macintosh; Intel Mac OS X 10_12_3) AppleWebKit/537.36 (KHTML, like Gecko) Chrome/56.0.2924.87 Safari/537.36"
94.72.101.21 - - [02/Nov/2024:20:02:42 +0000] "GET /fixtures/blocks/.env HTTP/1.1" 404 564 "-" "Mozilla/5.0 (Macintosh; Intel Mac OS X 10_12_3) AppleWebKit/537.36 (KHTML, like Gecko) Chrome/56.0.2924.87 Safari/537.36"
94.72.101.21 - - [02/Nov/2024:20:02:42 +0000] "GET /fixtures/fiber-debugger/.env HTTP/1.1" 404 564 "-" "Mozilla/5.0 (Macintosh; Intel Mac OS X 10_12_3) AppleWebKit/537.36 (KHTML, like Gecko) Chrome/56.0.2924.87 Safari/537.36"
94.72.101.21 - - [02/Nov/2024:20:02:42 +0000] "GET /fixtures/flight/.env HTTP/1.1" 404 564 "-" "Mozilla/5.0 (Macintosh; Intel Mac OS X 10_12_3) AppleWebKit/537.36 (KHTML, like Gecko) Chrome/56.0.2924.87 Safari/537.36"
94.72.101.21 - - [02/Nov/2024:20:02:42 +0000] "GET /fixtures/kitchensink/.env HTTP/1.1" 404 564 "-" "Mozilla/5.0 (Macintosh; Intel Mac OS X 10_12_3) AppleWebKit/537.36 (KHTML, like Gecko) Chrome/56.0.2924.87 Safari/537.36"
94.72.101.21 - - [02/Nov/2024:20:02:43 +0000] "GET /flask_test_uploads/.env HTTP/1.1" 404 564 "-" "Mozilla/5.0 (Macintosh; Intel Mac OS X 10_12_3) AppleWebKit/537.36 (KHTML, like Gecko) Chrome/56.0.2924.87 Safari/537.36"
94.72.101.21 - - [02/Nov/2024:20:02:43 +0000] "GET /fm/.env HTTP/1.1" 404 564 "-" "Mozilla/5.0 (Macintosh; Intel Mac OS X 10_12_3) AppleWebKit/537.36 (KHTML, like Gecko) Chrome/56.0.2924.87 Safari/537.36"
94.72.101.21 - - [02/Nov/2024:20:02:43 +0000] "GET /font-icons/.env HTTP/1.1" 404 564 "-" "Mozilla/5.0 (Macintosh; Intel Mac OS X 10_12_3) AppleWebKit/537.36 (KHTML, like Gecko) Chrome/56.0.2924.87 Safari/537.36"
94.72.101.21 - - [02/Nov/2024:20:02:43 +0000] "GET /fonts/.env HTTP/1.1" 404 564 "-" "Mozilla/5.0 (Macintosh; Intel Mac OS X 10_12_3) AppleWebKit/537.36 (KHTML, like Gecko) Chrome/56.0.2924.87 Safari/537.36"
94.72.101.21 - - [02/Nov/2024:20:02:44 +0000] "GET /front-app/.env HTTP/1.1" 404 564 "-" "Mozilla/5.0 (Macintosh; Intel Mac OS X 10_12_3) AppleWebKit/537.36 (KHTML, like Gecko) Chrome/56.0.2924.87 Safari/537.36"
94.72.101.21 - - [02/Nov/2024:20:02:44 +0000] "GET /front-empathy/.env HTTP/1.1" 404 564 "-" "Mozilla/5.0 (Macintosh; Intel Mac OS X 10_12_3) AppleWebKit/537.36 (KHTML, like Gecko) Chrome/56.0.2924.87 Safari/537.36"
94.72.101.21 - - [02/Nov/2024:20:02:44 +0000] "GET /front-end/.env HTTP/1.1" 404 564 "-" "Mozilla/5.0 (Macintosh; Intel Mac OS X 10_12_3) AppleWebKit/537.36 (KHTML, like Gecko) Chrome/56.0.2924.87 Safari/537.36"
94.72.101.21 - - [02/Nov/2024:20:02:45 +0000] "GET /front/.env HTTP/1.1" 404 564 "-" "Mozilla/5.0 (Macintosh; Intel Mac OS X 10_12_3) AppleWebKit/537.36 (KHTML, like Gecko) Chrome/56.0.2924.87 Safari/537.36"
94.72.101.21 - - [02/Nov/2024:20:02:45 +0000] "GET /front/src/.env HTTP/1.1" 404 564 "-" "Mozilla/5.0 (Macintosh; Intel Mac OS X 10_12_3) AppleWebKit/537.36 (KHTML, like Gecko) Chrome/56.0.2924.87 Safari/537.36"
94.72.101.21 - - [02/Nov/2024:20:02:45 +0000] "GET /frontend/.env HTTP/1.1" 404 564 "-" "Mozilla/5.0 (Macintosh; Intel Mac OS X 10_12_3) AppleWebKit/537.36 (KHTML, like Gecko) Chrome/56.0.2924.87 Safari/537.36"
94.72.101.21 - - [02/Nov/2024:20:02:45 +0000] "GET /frontend/momentum-fe/.env HTTP/1.1" 404 564 "-" "Mozilla/5.0 (Macintosh; Intel Mac OS X 10_12_3) AppleWebKit/537.36 (KHTML, like Gecko) Chrome/56.0.2924.87 Safari/537.36"
94.72.101.21 - - [02/Nov/2024:20:02:46 +0000] "GET /frontend/react/.env HTTP/1.1" 404 564 "-" "Mozilla/5.0 (Macintosh; Intel Mac OS X 10_12_3) AppleWebKit/537.36 (KHTML, like Gecko) Chrome/56.0.2924.87 Safari/537.36"
94.72.101.21 - - [02/Nov/2024:20:02:46 +0000] "GET /frontend/vue/.env HTTP/1.1" 404 564 "-" "Mozilla/5.0 (Macintosh; Intel Mac OS X 10_12_3) AppleWebKit/537.36 (KHTML, like Gecko) Chrome/56.0.2924.87 Safari/537.36"
94.72.101.21 - - [02/Nov/2024:20:02:46 +0000] "GET /frontend_dev.php/$ HTTP/1.1" 404 564 "-" "Mozilla/5.0 (Macintosh; Intel Mac OS X 10_12_3) AppleWebKit/537.36 (KHTML, like Gecko) Chrome/56.0.2924.87 Safari/537.36"
94.72.101.21 - - [02/Nov/2024:20:02:47 +0000] "GET /frontendfinaltest/.env HTTP/1.1" 404 564 "-" "Mozilla/5.0 (Macintosh; Intel Mac OS X 10_12_3) AppleWebKit/537.36 (KHTML, like Gecko) Chrome/56.0.2924.87 Safari/537.36"
94.72.101.21 - - [02/Nov/2024:20:02:47 +0000] "GET /ftp/.env HTTP/1.1" 404 564 "-" "Mozilla/5.0 (Macintosh; Intel Mac OS X 10_12_3) AppleWebKit/537.36 (KHTML, like Gecko) Chrome/56.0.2924.87 Safari/537.36"
94.72.101.21 - - [02/Nov/2024:20:02:47 +0000] "GET /ftpmaster/.env HTTP/1.1" 404 564 "-" "Mozilla/5.0 (Macintosh; Intel Mac OS X 10_12_3) AppleWebKit/537.36 (KHTML, like Gecko) Chrome/56.0.2924.87 Safari/537.36"
94.72.101.21 - - [02/Nov/2024:20:02:48 +0000] "GET /gists/cache/.env HTTP/1.1" 404 564 "-" "Mozilla/5.0 (Macintosh; Intel Mac OS X 10_12_3) AppleWebKit/537.36 (KHTML, like Gecko) Chrome/56.0.2924.87 Safari/537.36"
94.72.101.21 - - [02/Nov/2024:20:02:49 +0000] "GET /gists/laravel/.env HTTP/1.1" 404 564 "-" "Mozilla/5.0 (Macintosh; Intel Mac OS X 10_12_3) AppleWebKit/537.36 (KHTML, like Gecko) Chrome/56.0.2924.87 Safari/537.36"
94.72.101.21 - - [02/Nov/2024:20:02:49 +0000] "GET /gists/pusher/.env HTTP/1.1" 404 564 "-" "Mozilla/5.0 (Macintosh; Intel Mac OS X 10_12_3) AppleWebKit/537.36 (KHTML, like Gecko) Chrome/56.0.2924.87 Safari/537.36"
94.72.101.21 - - [02/Nov/2024:20:02:49 +0000] "GET /github-connect/.env HTTP/1.1" 404 564 "-" "Mozilla/5.0 (Macintosh; Intel Mac OS X 10_12_3) AppleWebKit/537.36 (KHTML, like Gecko) Chrome/56.0.2924.87 Safari/537.36"
94.72.101.21 - - [02/Nov/2024:20:02:49 +0000] "GET /grems-api/.env HTTP/1.1" 404 564 "-" "Mozilla/5.0 (Macintosh; Intel Mac OS X 10_12_3) AppleWebKit/537.36 (KHTML, like Gecko) Chrome/56.0.2924.87 Safari/537.36"
94.72.101.21 - - [02/Nov/2024:20:02:49 +0000] "GET /grems-frontend/.env HTTP/1.1" 404 564 "-" "Mozilla/5.0 (Macintosh; Intel Mac OS X 10_12_3) AppleWebKit/537.36 (KHTML, like Gecko) Chrome/56.0.2924.87 Safari/537.36"
94.72.101.21 - - [02/Nov/2024:20:02:50 +0000] "GET /hasura/.env HTTP/1.1" 404 564 "-" "Mozilla/5.0 (Macintosh; Intel Mac OS X 10_12_3) AppleWebKit/537.36 (KHTML, like Gecko) Chrome/56.0.2924.87 Safari/537.36"
94.72.101.21 - - [02/Nov/2024:20:02:50 +0000] "GET /hgs-static/.env HTTP/1.1" 404 564 "-" "Mozilla/5.0 (Macintosh; Intel Mac OS X 10_12_3) AppleWebKit/537.36 (KHTML, like Gecko) Chrome/56.0.2924.87 Safari/537.36"
94.72.101.21 - - [02/Nov/2024:20:02:50 +0000] "GET /higlass-website/.env HTTP/1.1" 404 564 "-" "Mozilla/5.0 (Macintosh; Intel Mac OS X 10_12_3) AppleWebKit/537.36 (KHTML, like Gecko) Chrome/56.0.2924.87 Safari/537.36"
94.72.101.21 - - [02/Nov/2024:20:02:50 +0000] "GET /home/.env HTTP/1.1" 404 564 "-" "Mozilla/5.0 (Macintosh; Intel Mac OS X 10_12_3) AppleWebKit/537.36 (KHTML, like Gecko) Chrome/56.0.2924.87 Safari/537.36"
94.72.101.21 - - [02/Nov/2024:20:02:51 +0000] "GET /horde/.env HTTP/1.1" 404 564 "-" "Mozilla/5.0 (Macintosh; Intel Mac OS X 10_12_3) AppleWebKit/537.36 (KHTML, like Gecko) Chrome/56.0.2924.87 Safari/537.36"
94.72.101.21 - - [02/Nov/2024:20:02:51 +0000] "GET /hotpot-app-frontend/.env HTTP/1.1" 404 564 "-" "Mozilla/5.0 (Macintosh; Intel Mac OS X 10_12_3) AppleWebKit/537.36 (KHTML, like Gecko) Chrome/56.0.2924.87 Safari/537.36"
94.72.101.21 - - [02/Nov/2024:20:02:51 +0000] "GET /htdocs/.env HTTP/1.1" 404 564 "-" "Mozilla/5.0 (Macintosh; Intel Mac OS X 10_12_3) AppleWebKit/537.36 (KHTML, like Gecko) Chrome/56.0.2924.87 Safari/537.36"
94.72.101.21 - - [02/Nov/2024:20:02:51 +0000] "GET /html/.env HTTP/1.1" 404 564 "-" "Mozilla/5.0 (Macintosh; Intel Mac OS X 10_12_3) AppleWebKit/537.36 (KHTML, like Gecko) Chrome/56.0.2924.87 Safari/537.36"
94.72.101.21 - - [02/Nov/2024:20:02:51 +0000] "GET /http/.env HTTP/1.1" 404 564 "-" "Mozilla/5.0 (Macintosh; Intel Mac OS X 10_12_3) AppleWebKit/537.36 (KHTML, like Gecko) Chrome/56.0.2924.87 Safari/537.36"
94.72.101.21 - - [02/Nov/2024:20:02:52 +0000] "GET /httpboot/.env HTTP/1.1" 404 564 "-" "Mozilla/5.0 (Macintosh; Intel Mac OS X 10_12_3) AppleWebKit/537.36 (KHTML, like Gecko) Chrome/56.0.2924.87 Safari/537.36"
94.72.101.21 - - [02/Nov/2024:20:02:52 +0000] "GET /icon/.env HTTP/1.1" 404 564 "-" "Mozilla/5.0 (Macintosh; Intel Mac OS X 10_12_3) AppleWebKit/537.36 (KHTML, like Gecko) Chrome/56.0.2924.87 Safari/537.36"
94.72.101.21 - - [02/Nov/2024:20:02:52 +0000] "GET /ikiwiki/.env HTTP/1.1" 404 564 "-" "Mozilla/5.0 (Macintosh; Intel Mac OS X 10_12_3) AppleWebKit/537.36 (KHTML, like Gecko) Chrome/56.0.2924.87 Safari/537.36"
94.72.101.21 - - [02/Nov/2024:20:02:52 +0000] "GET /image_data/.env HTTP/1.1" 404 564 "-" "Mozilla/5.0 (Macintosh; Intel Mac OS X 10_12_3) AppleWebKit/537.36 (KHTML, like Gecko) Chrome/56.0.2924.87 Safari/537.36"
94.72.101.21 - - [02/Nov/2024:20:02:53 +0000] "GET /images/.env HTTP/1.1" 404 564 "-" "Mozilla/5.0 (Macintosh; Intel Mac OS X 10_12_3) AppleWebKit/537.36 (KHTML, like Gecko) Chrome/56.0.2924.87 Safari/537.36"
94.72.101.21 - - [02/Nov/2024:20:02:53 +0000] "GET /img/.env HTTP/1.1" 404 564 "-" "Mozilla/5.0 (Macintosh; Intel Mac OS X 10_12_3) AppleWebKit/537.36 (KHTML, like Gecko) Chrome/56.0.2924.87 Safari/537.36"
94.72.101.21 - - [02/Nov/2024:20:02:53 +0000] "GET /install/.env HTTP/1.1" 404 564 "-" "Mozilla/5.0 (Macintosh; Intel Mac OS X 10_12_3) AppleWebKit/537.36 (KHTML, like Gecko) Chrome/56.0.2924.87 Safari/537.36"
94.72.101.21 - - [02/Nov/2024:20:02:54 +0000] "GET /isadmin.php HTTP/1.1" 404 564 "-" "Mozilla/5.0 (Macintosh; Intel Mac OS X 10_12_3) AppleWebKit/537.36 (KHTML, like Gecko) Chrome/56.0.2924.87 Safari/537.36"
94.72.101.21 - - [02/Nov/2024:20:02:54 +0000] "GET /items/.env HTTP/1.1" 404 564 "-" "Mozilla/5.0 (Macintosh; Intel Mac OS X 10_12_3) AppleWebKit/537.36 (KHTML, like Gecko) Chrome/56.0.2924.87 Safari/537.36"
94.72.101.21 - - [02/Nov/2024:20:02:54 +0000] "GET /javascript/.env HTTP/1.1" 404 564 "-" "Mozilla/5.0 (Macintosh; Intel Mac OS X 10_12_3) AppleWebKit/537.36 (KHTML, like Gecko) Chrome/56.0.2924.87 Safari/537.36"
94.72.101.21 - - [02/Nov/2024:20:02:54 +0000] "GET /js-plugin/.env HTTP/1.1" 404 564 "-" "Mozilla/5.0 (Macintosh; Intel Mac OS X 10_12_3) AppleWebKit/537.36 (KHTML, like Gecko) Chrome/56.0.2924.87 Safari/537.36"
94.72.101.21 - - [02/Nov/2024:20:02:54 +0000] "GET /js/.env HTTP/1.1" 404 564 "-" "Mozilla/5.0 (Macintosh; Intel Mac OS X 10_12_3) AppleWebKit/537.36 (KHTML, like Gecko) Chrome/56.0.2924.87 Safari/537.36"
94.72.101.21 - - [02/Nov/2024:20:02:54 +0000] "GET /js/config.js HTTP/1.1" 404 564 "-" "Mozilla/5.0 (Macintosh; Intel Mac OS X 10_12_3) AppleWebKit/537.36 (KHTML, like Gecko) Chrome/56.0.2924.87 Safari/537.36"
94.72.101.21 - - [02/Nov/2024:20:02:55 +0000] "GET /js/envConfig.js HTTP/1.1" 404 564 "-" "Mozilla/5.0 (Macintosh; Intel Mac OS X 10_12_3) AppleWebKit/537.36 (KHTML, like Gecko) Chrome/56.0.2924.87 Safari/537.36"
94.72.101.21 - - [02/Nov/2024:20:02:55 +0000] "GET /jsrelay/.env HTTP/1.1" 404 564 "-" "Mozilla/5.0 (Macintosh; Intel Mac OS X 10_12_3) AppleWebKit/537.36 (KHTML, like Gecko) Chrome/56.0.2924.87 Safari/537.36"
94.72.101.21 - - [02/Nov/2024:20:02:55 +0000] "GET /jupyter/.env HTTP/1.1" 404 564 "-" "Mozilla/5.0 (Macintosh; Intel Mac OS X 10_12_3) AppleWebKit/537.36 (KHTML, like Gecko) Chrome/56.0.2924.87 Safari/537.36"
94.72.101.21 - - [02/Nov/2024:20:02:56 +0000] "GET /khanlinks/.env HTTP/1.1" 404 564 "-" "Mozilla/5.0 (Macintosh; Intel Mac OS X 10_12_3) AppleWebKit/537.36 (KHTML, like Gecko) Chrome/56.0.2924.87 Safari/537.36"
94.72.101.21 - - [02/Nov/2024:20:02:56 +0000] "GET /kibana/.env HTTP/1.1" 404 564 "-" "Mozilla/5.0 (Macintosh; Intel Mac OS X 10_12_3) AppleWebKit/537.36 (KHTML, like Gecko) Chrome/56.0.2924.87 Safari/537.36"
94.72.101.21 - - [02/Nov/2024:20:02:56 +0000] "GET /kodenames-server/.env HTTP/1.1" 404 564 "-" "Mozilla/5.0 (Macintosh; Intel Mac OS X 10_12_3) AppleWebKit/537.36 (KHTML, like Gecko) Chrome/56.0.2924.87 Safari/537.36"
94.72.101.21 - - [02/Nov/2024:20:02:56 +0000] "GET /kolab-syncroton/.env HTTP/1.1" 404 564 "-" "Mozilla/5.0 (Macintosh; Intel Mac OS X 10_12_3) AppleWebKit/537.36 (KHTML, like Gecko) Chrome/56.0.2924.87 Safari/537.36"
94.72.101.21 - - [02/Nov/2024:20:02:56 +0000] "GET /kyc/.env HTTP/1.1" 404 564 "-" "Mozilla/5.0 (Macintosh; Intel Mac OS X 10_12_3) AppleWebKit/537.36 (KHTML, like Gecko) Chrome/56.0.2924.87 Safari/537.36"
94.72.101.21 - - [02/Nov/2024:20:02:56 +0000] "GET /kyc/.env.local HTTP/1.1" 404 564 "-" "Mozilla/5.0 (Macintosh; Intel Mac OS X 10_12_3) AppleWebKit/537.36 (KHTML, like Gecko) Chrome/56.0.2924.87 Safari/537.36"
94.72.101.21 - - [02/Nov/2024:20:02:57 +0000] "GET /kyc/.env.production HTTP/1.1" 404 564 "-" "Mozilla/5.0 (Macintosh; Intel Mac OS X 10_12_3) AppleWebKit/537.36 (KHTML, like Gecko) Chrome/56.0.2924.87 Safari/537.36"
94.72.101.21 - - [02/Nov/2024:20:02:57 +0000] "GET /kyc/.env.staging HTTP/1.1" 404 564 "-" "Mozilla/5.0 (Macintosh; Intel Mac OS X 10_12_3) AppleWebKit/537.36 (KHTML, like Gecko) Chrome/56.0.2924.87 Safari/537.36"
94.72.101.21 - - [02/Nov/2024:20:02:57 +0000] "GET /laravel/.env.local HTTP/1.1" 404 564 "-" "Mozilla/5.0 (Macintosh; Intel Mac OS X 10_12_3) AppleWebKit/537.36 (KHTML, like Gecko) Chrome/56.0.2924.87 Safari/537.36"
94.72.101.21 - - [02/Nov/2024:20:02:57 +0000] "GET /laravel/.env.production HTTP/1.1" 404 564 "-" "Mozilla/5.0 (Macintosh; Intel Mac OS X 10_12_3) AppleWebKit/537.36 (KHTML, like Gecko) Chrome/56.0.2924.87 Safari/537.36"
94.72.101.21 - - [02/Nov/2024:20:02:57 +0000] "GET /laravel/.env.staging HTTP/1.1" 404 564 "-" "Mozilla/5.0 (Macintosh; Intel Mac OS X 10_12_3) AppleWebKit/537.36 (KHTML, like Gecko) Chrome/56.0.2924.87 Safari/537.36"
94.72.101.21 - - [02/Nov/2024:20:02:58 +0000] "GET /laravel/core/.env HTTP/1.1" 404 564 "-" "Mozilla/5.0 (Macintosh; Intel Mac OS X 10_12_3) AppleWebKit/537.36 (KHTML, like Gecko) Chrome/56.0.2924.87 Safari/537.36"
94.72.101.21 - - [02/Nov/2024:20:02:58 +0000] "GET /laravel/core/.env.local HTTP/1.1" 404 564 "-" "Mozilla/5.0 (Macintosh; Intel Mac OS X 10_12_3) AppleWebKit/537.36 (KHTML, like Gecko) Chrome/56.0.2924.87 Safari/537.36"
94.72.101.21 - - [02/Nov/2024:20:02:58 +0000] "GET /laravel/core/.env.production HTTP/1.1" 404 564 "-" "Mozilla/5.0 (Macintosh; Intel Mac OS X 10_12_3) AppleWebKit/537.36 (KHTML, like Gecko) Chrome/56.0.2924.87 Safari/537.36"
94.72.101.21 - - [02/Nov/2024:20:02:58 +0000] "GET /laravel/core/.env.staging HTTP/1.1" 404 564 "-" "Mozilla/5.0 (Macintosh; Intel Mac OS X 10_12_3) AppleWebKit/537.36 (KHTML, like Gecko) Chrome/56.0.2924.87 Safari/537.36"
94.72.101.21 - - [02/Nov/2024:20:02:58 +0000] "GET /latest/.env HTTP/1.1" 404 564 "-" "Mozilla/5.0 (Macintosh; Intel Mac OS X 10_12_3) AppleWebKit/537.36 (KHTML, like Gecko) Chrome/56.0.2924.87 Safari/537.36"
94.72.101.21 - - [02/Nov/2024:20:02:58 +0000] "GET /layout/.env HTTP/1.1" 404 564 "-" "Mozilla/5.0 (Macintosh; Intel Mac OS X 10_12_3) AppleWebKit/537.36 (KHTML, like Gecko) Chrome/56.0.2924.87 Safari/537.36"
94.72.101.21 - - [02/Nov/2024:20:02:59 +0000] "GET /lcomernbootcamp/projbackend/.env HTTP/1.1" 404 564 "-" "Mozilla/5.0 (Macintosh; Intel Mac OS X 10_12_3) AppleWebKit/537.36 (KHTML, like Gecko) Chrome/56.0.2924.87 Safari/537.36"
94.72.101.21 - - [02/Nov/2024:20:02:59 +0000] "GET /leafer-app/.env HTTP/1.1" 404 564 "-" "Mozilla/5.0 (Macintosh; Intel Mac OS X 10_12_3) AppleWebKit/537.36 (KHTML, like Gecko) Chrome/56.0.2924.87 Safari/537.36"
94.72.101.21 - - [02/Nov/2024:20:02:59 +0000] "GET /ledger_sync/.env HTTP/1.1" 404 564 "-" "Mozilla/5.0 (Macintosh; Intel Mac OS X 10_12_3) AppleWebKit/537.36 (KHTML, like Gecko) Chrome/56.0.2924.87 Safari/537.36"
94.72.101.21 - - [02/Nov/2024:20:02:59 +0000] "GET /legacy/tests/9.1.1/.env HTTP/1.1" 404 564 "-" "Mozilla/5.0 (Macintosh; Intel Mac OS X 10_12_3) AppleWebKit/537.36 (KHTML, like Gecko) Chrome/56.0.2924.87 Safari/537.36"
94.72.101.21 - - [02/Nov/2024:20:02:59 +0000] "GET /legacy/tests/9.2.0/.env HTTP/1.1" 404 564 "-" "Mozilla/5.0 (Macintosh; Intel Mac OS X 10_12_3) AppleWebKit/537.36 (KHTML, like Gecko) Chrome/56.0.2924.87 Safari/537.36"
94.72.101.21 - - [02/Nov/2024:20:03:00 +0000] "GET /legal/.env HTTP/1.1" 404 564 "-" "Mozilla/5.0 (Macintosh; Intel Mac OS X 10_12_3) AppleWebKit/537.36 (KHTML, like Gecko) Chrome/56.0.2924.87 Safari/537.36"
94.72.101.21 - - [02/Nov/2024:20:03:00 +0000] "GET /lemonldap-ng-doc/.env HTTP/1.1" 404 564 "-" "Mozilla/5.0 (Macintosh; Intel Mac OS X 10_12_3) AppleWebKit/537.36 (KHTML, like Gecko) Chrome/56.0.2924.87 Safari/537.36"
94.72.101.21 - - [02/Nov/2024:20:03:01 +0000] "GET /lemonldap-ng-doc/.env/ HTTP/1.1" 404 564 "-" "Mozilla/5.0 (Macintosh; Intel Mac OS X 10_12_3) AppleWebKit/537.36 (KHTML, like Gecko) Chrome/56.0.2924.87 Safari/537.36"
94.72.101.21 - - [02/Nov/2024:20:03:01 +0000] "GET /lemonldap-ng-fr-doc/.env HTTP/1.1" 404 564 "-" "Mozilla/5.0 (Macintosh; Intel Mac OS X 10_12_3) AppleWebKit/537.36 (KHTML, like Gecko) Chrome/56.0.2924.87 Safari/537.36"
94.72.101.21 - - [02/Nov/2024:20:03:01 +0000] "GET /letsencrypt/.env HTTP/1.1" 404 564 "-" "Mozilla/5.0 (Macintosh; Intel Mac OS X 10_12_3) AppleWebKit/537.36 (KHTML, like Gecko) Chrome/56.0.2924.87 Safari/537.36"
94.72.101.21 - - [02/Nov/2024:20:03:02 +0000] "GET /libs/.env HTTP/1.1" 404 564 "-" "Mozilla/5.0 (Macintosh; Intel Mac OS X 10_12_3) AppleWebKit/537.36 (KHTML, like Gecko) Chrome/56.0.2924.87 Safari/537.36"
94.72.101.21 - - [02/Nov/2024:20:03:02 +0000] "GET /linux/.env HTTP/1.1" 404 564 "-" "Mozilla/5.0 (Macintosh; Intel Mac OS X 10_12_3) AppleWebKit/537.36 (KHTML, like Gecko) Chrome/56.0.2924.87 Safari/537.36"
94.72.101.21 - - [02/Nov/2024:20:03:02 +0000] "GET /live/.env HTTP/1.1" 404 564 "-" "Mozilla/5.0 (Macintosh; Intel Mac OS X 10_12_3) AppleWebKit/537.36 (KHTML, like Gecko) Chrome/56.0.2924.87 Safari/537.36"
94.72.101.21 - - [02/Nov/2024:20:03:02 +0000] "GET /live/.env.local HTTP/1.1" 404 564 "-" "Mozilla/5.0 (Macintosh; Intel Mac OS X 10_12_3) AppleWebKit/537.36 (KHTML, like Gecko) Chrome/56.0.2924.87 Safari/537.36"
94.72.101.21 - - [02/Nov/2024:20:03:03 +0000] "GET /live/.env.production HTTP/1.1" 404 564 "-" "Mozilla/5.0 (Macintosh; Intel Mac OS X 10_12_3) AppleWebKit/537.36 (KHTML, like Gecko) Chrome/56.0.2924.87 Safari/537.36"
94.72.101.21 - - [02/Nov/2024:20:03:03 +0000] "GET /live/.env.staging HTTP/1.1" 404 564 "-" "Mozilla/5.0 (Macintosh; Intel Mac OS X 10_12_3) AppleWebKit/537.36 (KHTML, like Gecko) Chrome/56.0.2924.87 Safari/537.36"
94.72.101.21 - - [02/Nov/2024:20:03:03 +0000] "GET /log/.env HTTP/1.1" 404 564 "-" "Mozilla/5.0 (Macintosh; Intel Mac OS X 10_12_3) AppleWebKit/537.36 (KHTML, like Gecko) Chrome/56.0.2924.87 Safari/537.36"
94.72.101.21 - - [02/Nov/2024:20:03:03 +0000] "GET /logging/.env HTTP/1.1" 404 564 "-" "Mozilla/5.0 (Macintosh; Intel Mac OS X 10_12_3) AppleWebKit/537.36 (KHTML, like Gecko) Chrome/56.0.2924.87 Safari/537.36"
94.72.101.21 - - [02/Nov/2024:20:03:03 +0000] "GET /login/.env HTTP/1.1" 404 564 "-" "Mozilla/5.0 (Macintosh; Intel Mac OS X 10_12_3) AppleWebKit/537.36 (KHTML, like Gecko) Chrome/56.0.2924.87 Safari/537.36"
94.72.101.21 - - [02/Nov/2024:20:03:03 +0000] "GET /mail/.env HTTP/1.1" 404 564 "-" "Mozilla/5.0 (Macintosh; Intel Mac OS X 10_12_3) AppleWebKit/537.36 (KHTML, like Gecko) Chrome/56.0.2924.87 Safari/537.36"
94.72.101.21 - - [02/Nov/2024:20:03:04 +0000] "GET /mailer/.env HTTP/1.1" 404 564 "-" "Mozilla/5.0 (Macintosh; Intel Mac OS X 10_12_3) AppleWebKit/537.36 (KHTML, like Gecko) Chrome/56.0.2924.87 Safari/537.36"
94.72.101.21 - - [02/Nov/2024:20:03:04 +0000] "GET /mailinabox/.env HTTP/1.1" 404 564 "-" "Mozilla/5.0 (Macintosh; Intel Mac OS X 10_12_3) AppleWebKit/537.36 (KHTML, like Gecko) Chrome/56.0.2924.87 Safari/537.36"
94.72.101.21 - - [02/Nov/2024:20:03:04 +0000] "GET /mailman/.env HTTP/1.1" 404 564 "-" "Mozilla/5.0 (Macintosh; Intel Mac OS X 10_12_3) AppleWebKit/537.36 (KHTML, like Gecko) Chrome/56.0.2924.87 Safari/537.36"
94.72.101.21 - - [02/Nov/2024:20:03:05 +0000] "GET /main.php HTTP/1.1" 404 564 "-" "Mozilla/5.0 (Macintosh; Intel Mac OS X 10_12_3) AppleWebKit/537.36 (KHTML, like Gecko) Chrome/56.0.2924.87 Safari/537.36"
94.72.101.21 - - [02/Nov/2024:20:03:05 +0000] "GET /main.yml HTTP/1.1" 404 564 "-" "Mozilla/5.0 (Macintosh; Intel Mac OS X 10_12_3) AppleWebKit/537.36 (KHTML, like Gecko) Chrome/56.0.2924.87 Safari/537.36"
94.72.101.21 - - [02/Nov/2024:20:03:05 +0000] "GET /main_user/.env HTTP/1.1" 404 564 "-" "Mozilla/5.0 (Macintosh; Intel Mac OS X 10_12_3) AppleWebKit/537.36 (KHTML, like Gecko) Chrome/56.0.2924.87 Safari/537.36"
94.72.101.21 - - [02/Nov/2024:20:03:05 +0000] "GET /manual/.env HTTP/1.1" 404 564 "-" "Mozilla/5.0 (Macintosh; Intel Mac OS X 10_12_3) AppleWebKit/537.36 (KHTML, like Gecko) Chrome/56.0.2924.87 Safari/537.36"
94.72.101.21 - - [02/Nov/2024:20:03:05 +0000] "GET /market/.env HTTP/1.1" 404 564 "-" "Mozilla/5.0 (Macintosh; Intel Mac OS X 10_12_3) AppleWebKit/537.36 (KHTML, like Gecko) Chrome/56.0.2924.87 Safari/537.36"
94.72.101.21 - - [02/Nov/2024:20:03:06 +0000] "GET /market/.env.local HTTP/1.1" 404 564 "-" "Mozilla/5.0 (Macintosh; Intel Mac OS X 10_12_3) AppleWebKit/537.36 (KHTML, like Gecko) Chrome/56.0.2924.87 Safari/537.36"
94.72.101.21 - - [02/Nov/2024:20:03:06 +0000] "GET /market/.env.production HTTP/1.1" 404 564 "-" "Mozilla/5.0 (Macintosh; Intel Mac OS X 10_12_3) AppleWebKit/537.36 (KHTML, like Gecko) Chrome/56.0.2924.87 Safari/537.36"
94.72.101.21 - - [02/Nov/2024:20:03:06 +0000] "GET /market/.env.staging HTTP/1.1" 404 564 "-" "Mozilla/5.0 (Macintosh; Intel Mac OS X 10_12_3) AppleWebKit/537.36 (KHTML, like Gecko) Chrome/56.0.2924.87 Safari/537.36"
94.72.101.21 - - [02/Nov/2024:20:03:06 +0000] "GET /marketing/.env HTTP/1.1" 404 564 "-" "Mozilla/5.0 (Macintosh; Intel Mac OS X 10_12_3) AppleWebKit/537.36 (KHTML, like Gecko) Chrome/56.0.2924.87 Safari/537.36"
94.72.101.21 - - [02/Nov/2024:20:03:07 +0000] "GET /marketing/.env.local HTTP/1.1" 404 564 "-" "Mozilla/5.0 (Macintosh; Intel Mac OS X 10_12_3) AppleWebKit/537.36 (KHTML, like Gecko) Chrome/56.0.2924.87 Safari/537.36"
94.72.101.21 - - [02/Nov/2024:20:03:07 +0000] "GET /marketing/.env.production HTTP/1.1" 404 564 "-" "Mozilla/5.0 (Macintosh; Intel Mac OS X 10_12_3) AppleWebKit/537.36 (KHTML, like Gecko) Chrome/56.0.2924.87 Safari/537.36"
94.72.101.21 - - [02/Nov/2024:20:03:07 +0000] "GET /marketing/.env.staging HTTP/1.1" 404 564 "-" "Mozilla/5.0 (Macintosh; Intel Mac OS X 10_12_3) AppleWebKit/537.36 (KHTML, like Gecko) Chrome/56.0.2924.87 Safari/537.36"
94.72.101.21 - - [02/Nov/2024:20:03:08 +0000] "GET /master/.env HTTP/1.1" 404 564 "-" "Mozilla/5.0 (Macintosh; Intel Mac OS X 10_12_3) AppleWebKit/537.36 (KHTML, like Gecko) Chrome/56.0.2924.87 Safari/537.36"
94.72.101.21 - - [02/Nov/2024:20:03:08 +0000] "GET /memcached/.env HTTP/1.1" 404 564 "-" "Mozilla/5.0 (Macintosh; Intel Mac OS X 10_12_3) AppleWebKit/537.36 (KHTML, like Gecko) Chrome/56.0.2924.87 Safari/537.36"
94.72.101.21 - - [02/Nov/2024:20:03:08 +0000] "GET /mentorg-lava-docker/.env HTTP/1.1" 404 564 "-" "Mozilla/5.0 (Macintosh; Intel Mac OS X 10_12_3) AppleWebKit/537.36 (KHTML, like Gecko) Chrome/56.0.2924.87 Safari/537.36"
94.72.101.21 - - [02/Nov/2024:20:03:08 +0000] "GET /micro-app-react-communication/.env HTTP/1.1" 404 564 "-" "Mozilla/5.0 (Macintosh; Intel Mac OS X 10_12_3) AppleWebKit/537.36 (KHTML, like Gecko) Chrome/56.0.2924.87 Safari/537.36"
94.72.101.21 - - [02/Nov/2024:20:03:08 +0000] "GET /micro-app-react/.env HTTP/1.1" 404 564 "-" "Mozilla/5.0 (Macintosh; Intel Mac OS X 10_12_3) AppleWebKit/537.36 (KHTML, like Gecko) Chrome/56.0.2924.87 Safari/537.36"
94.72.101.21 - - [02/Nov/2024:20:03:08 +0000] "GET /mindsweeper/gui/.env HTTP/1.1" 404 564 "-" "Mozilla/5.0 (Macintosh; Intel Mac OS X 10_12_3) AppleWebKit/537.36 (KHTML, like Gecko) Chrome/56.0.2924.87 Safari/537.36"
94.72.101.21 - - [02/Nov/2024:20:03:09 +0000] "GET /minified/.env HTTP/1.1" 404 564 "-" "Mozilla/5.0 (Macintosh; Intel Mac OS X 10_12_3) AppleWebKit/537.36 (KHTML, like Gecko) Chrome/56.0.2924.87 Safari/537.36"
94.72.101.21 - - [02/Nov/2024:20:03:09 +0000] "GET /misc/.env HTTP/1.1" 404 564 "-" "Mozilla/5.0 (Macintosh; Intel Mac OS X 10_12_3) AppleWebKit/537.36 (KHTML, like Gecko) Chrome/56.0.2924.87 Safari/537.36"
94.72.101.21 - - [02/Nov/2024:20:03:09 +0000] "GET /monerod/.env HTTP/1.1" 404 564 "-" "Mozilla/5.0 (Macintosh; Intel Mac OS X 10_12_3) AppleWebKit/537.36 (KHTML, like Gecko) Chrome/56.0.2924.87 Safari/537.36"
94.72.101.21 - - [02/Nov/2024:20:03:09 +0000] "GET /mongodb/config/dev/.env HTTP/1.1" 404 564 "-" "Mozilla/5.0 (Macintosh; Intel Mac OS X 10_12_3) AppleWebKit/537.36 (KHTML, like Gecko) Chrome/56.0.2924.87 Safari/537.36"
94.72.101.21 - - [02/Nov/2024:20:03:10 +0000] "GET /monitoring/compose/.env HTTP/1.1" 404 564 "-" "Mozilla/5.0 (Macintosh; Intel Mac OS X 10_12_3) AppleWebKit/537.36 (KHTML, like Gecko) Chrome/56.0.2924.87 Safari/537.36"
94.72.101.21 - - [02/Nov/2024:20:03:10 +0000] "GET /moodledata/.env HTTP/1.1" 404 564 "-" "Mozilla/5.0 (Macintosh; Intel Mac OS X 10_12_3) AppleWebKit/537.36 (KHTML, like Gecko) Chrome/56.0.2924.87 Safari/537.36"
94.72.101.21 - - [02/Nov/2024:20:03:10 +0000] "GET /msks/.env HTTP/1.1" 404 564 "-" "Mozilla/5.0 (Macintosh; Intel Mac OS X 10_12_3) AppleWebKit/537.36 (KHTML, like Gecko) Chrome/56.0.2924.87 Safari/537.36"
94.72.101.21 - - [02/Nov/2024:20:03:10 +0000] "GET /munki_repo/.env HTTP/1.1" 404 564 "-" "Mozilla/5.0 (Macintosh; Intel Mac OS X 10_12_3) AppleWebKit/537.36 (KHTML, like Gecko) Chrome/56.0.2924.87 Safari/537.36"
94.72.101.21 - - [02/Nov/2024:20:03:10 +0000] "GET /music/.env HTTP/1.1" 404 564 "-" "Mozilla/5.0 (Macintosh; Intel Mac OS X 10_12_3) AppleWebKit/537.36 (KHTML, like Gecko) Chrome/56.0.2924.87 Safari/537.36"
94.72.101.21 - - [02/Nov/2024:20:03:10 +0000] "GET /name/.env HTTP/1.1" 404 564 "-" "Mozilla/5.0 (Macintosh; Intel Mac OS X 10_12_3) AppleWebKit/537.36 (KHTML, like Gecko) Chrome/56.0.2924.87 Safari/537.36"
94.72.101.21 - - [02/Nov/2024:20:03:12 +0000] "GET /new-js/.env HTTP/1.1" 404 564 "-" "Mozilla/5.0 (Macintosh; Intel Mac OS X 10_12_3) AppleWebKit/537.36 (KHTML, like Gecko) Chrome/56.0.2924.87 Safari/537.36"
94.72.101.21 - - [02/Nov/2024:20:03:12 +0000] "GET /new/.env.local HTTP/1.1" 404 564 "-" "Mozilla/5.0 (Macintosh; Intel Mac OS X 10_12_3) AppleWebKit/537.36 (KHTML, like Gecko) Chrome/56.0.2924.87 Safari/537.36"
94.72.101.21 - - [02/Nov/2024:20:03:12 +0000] "GET /new/.env.production HTTP/1.1" 404 564 "-" "Mozilla/5.0 (Macintosh; Intel Mac OS X 10_12_3) AppleWebKit/537.36 (KHTML, like Gecko) Chrome/56.0.2924.87 Safari/537.36"
94.72.101.21 - - [02/Nov/2024:20:03:13 +0000] "GET /new/.env.staging HTTP/1.1" 404 564 "-" "Mozilla/5.0 (Macintosh; Intel Mac OS X 10_12_3) AppleWebKit/537.36 (KHTML, like Gecko) Chrome/56.0.2924.87 Safari/537.36"
94.72.101.21 - - [02/Nov/2024:20:03:13 +0000] "GET /news-app/.env HTTP/1.1" 404 564 "-" "Mozilla/5.0 (Macintosh; Intel Mac OS X 10_12_3) AppleWebKit/537.36 (KHTML, like Gecko) Chrome/56.0.2924.87 Safari/537.36"
94.72.101.21 - - [02/Nov/2024:20:03:13 +0000] "GET /nginx-server/.env HTTP/1.1" 404 564 "-" "Mozilla/5.0 (Macintosh; Intel Mac OS X 10_12_3) AppleWebKit/537.36 (KHTML, like Gecko) Chrome/56.0.2924.87 Safari/537.36"
94.72.101.21 - - [02/Nov/2024:20:03:13 +0000] "GET /nginx/.env HTTP/1.1" 404 564 "-" "Mozilla/5.0 (Macintosh; Intel Mac OS X 10_12_3) AppleWebKit/537.36 (KHTML, like Gecko) Chrome/56.0.2924.87 Safari/537.36"
94.72.101.21 - - [02/Nov/2024:20:03:13 +0000] "GET /niffler-frontend/.env HTTP/1.1" 404 564 "-" "Mozilla/5.0 (Macintosh; Intel Mac OS X 10_12_3) AppleWebKit/537.36 (KHTML, like Gecko) Chrome/56.0.2924.87 Safari/537.36"
94.72.101.21 - - [02/Nov/2024:20:03:14 +0000] "GET /noVNC/.env HTTP/1.1" 404 564 "-" "Mozilla/5.0 (Macintosh; Intel Mac OS X 10_12_3) AppleWebKit/537.36 (KHTML, like Gecko) Chrome/56.0.2924.87 Safari/537.36"
94.72.101.21 - - [02/Nov/2024:20:03:14 +0000] "GET /node_modules/.env HTTP/1.1" 404 564 "-" "Mozilla/5.0 (Macintosh; Intel Mac OS X 10_12_3) AppleWebKit/537.36 (KHTML, like Gecko) Chrome/56.0.2924.87 Safari/537.36"
94.72.101.21 - - [02/Nov/2024:20:03:14 +0000] "GET /old/.env.local HTTP/1.1" 404 564 "-" "Mozilla/5.0 (Macintosh; Intel Mac OS X 10_12_3) AppleWebKit/537.36 (KHTML, like Gecko) Chrome/56.0.2924.87 Safari/537.36"
94.72.101.21 - - [02/Nov/2024:20:03:14 +0000] "GET /old/.env.production HTTP/1.1" 404 564 "-" "Mozilla/5.0 (Macintosh; Intel Mac OS X 10_12_3) AppleWebKit/537.36 (KHTML, like Gecko) Chrome/56.0.2924.87 Safari/537.36"
94.72.101.21 - - [02/Nov/2024:20:03:14 +0000] "GET /old/.env.staging HTTP/1.1" 404 564 "-" "Mozilla/5.0 (Macintosh; Intel Mac OS X 10_12_3) AppleWebKit/537.36 (KHTML, like Gecko) Chrome/56.0.2924.87 Safari/537.36"
94.72.101.21 - - [02/Nov/2024:20:03:15 +0000] "GET /oldsanta/.env HTTP/1.1" 404 564 "-" "Mozilla/5.0 (Macintosh; Intel Mac OS X 10_12_3) AppleWebKit/537.36 (KHTML, like Gecko) Chrome/56.0.2924.87 Safari/537.36"
94.72.101.21 - - [02/Nov/2024:20:03:15 +0000] "GET /ops/vagrant/.env HTTP/1.1" 404 564 "-" "Mozilla/5.0 (Macintosh; Intel Mac OS X 10_12_3) AppleWebKit/537.36 (KHTML, like Gecko) Chrome/56.0.2924.87 Safari/537.36"
94.72.101.21 - - [02/Nov/2024:20:03:15 +0000] "GET /option/.env HTTP/1.1" 404 564 "-" "Mozilla/5.0 (Macintosh; Intel Mac OS X 10_12_3) AppleWebKit/537.36 (KHTML, like Gecko) Chrome/56.0.2924.87 Safari/537.36"
94.72.101.21 - - [02/Nov/2024:20:03:15 +0000] "GET /orientdb-client/.env HTTP/1.1" 404 564 "-" "Mozilla/5.0 (Macintosh; Intel Mac OS X 10_12_3) AppleWebKit/537.36 (KHTML, like Gecko) Chrome/56.0.2924.87 Safari/537.36"
94.72.101.21 - - [02/Nov/2024:20:03:15 +0000] "GET /outputs/.env HTTP/1.1" 404 564 "-" "Mozilla/5.0 (Macintosh; Intel Mac OS X 10_12_3) AppleWebKit/537.36 (KHTML, like Gecko) Chrome/56.0.2924.87 Safari/537.36"
94.72.101.21 - - [02/Nov/2024:20:03:15 +0000] "GET /owncloud/.env HTTP/1.1" 404 564 "-" "Mozilla/5.0 (Macintosh; Intel Mac OS X 10_12_3) AppleWebKit/537.36 (KHTML, like Gecko) Chrome/56.0.2924.87 Safari/537.36"
94.72.101.21 - - [02/Nov/2024:20:03:16 +0000] "GET /packages/api/.env HTTP/1.1" 404 564 "-" "Mozilla/5.0 (Macintosh; Intel Mac OS X 10_12_3) AppleWebKit/537.36 (KHTML, like Gecko) Chrome/56.0.2924.87 Safari/537.36"
94.72.101.21 - - [02/Nov/2024:20:03:17 +0000] "GET /packages/app/.env HTTP/1.1" 404 564 "-" "Mozilla/5.0 (Macintosh; Intel Mac OS X 10_12_3) AppleWebKit/537.36 (KHTML, like Gecko) Chrome/56.0.2924.87 Safari/537.36"
94.72.101.21 - - [02/Nov/2024:20:03:17 +0000] "GET /packages/client/.env HTTP/1.1" 404 564 "-" "Mozilla/5.0 (Macintosh; Intel Mac OS X 10_12_3) AppleWebKit/537.36 (KHTML, like Gecko) Chrome/56.0.2924.87 Safari/537.36"
94.72.101.21 - - [02/Nov/2024:20:03:17 +0000] "GET /packages/frontend/.env HTTP/1.1" 404 564 "-" "Mozilla/5.0 (Macintosh; Intel Mac OS X 10_12_3) AppleWebKit/537.36 (KHTML, like Gecko) Chrome/56.0.2924.87 Safari/537.36"
94.72.101.21 - - [02/Nov/2024:20:03:18 +0000] "GET /packages/styled-ui-docs/.env HTTP/1.1" 404 564 "-" "Mozilla/5.0 (Macintosh; Intel Mac OS X 10_12_3) AppleWebKit/537.36 (KHTML, like Gecko) Chrome/56.0.2924.87 Safari/537.36"
94.72.101.21 - - [02/Nov/2024:20:03:18 +0000] "GET /packages/web/.env HTTP/1.1" 404 564 "-" "Mozilla/5.0 (Macintosh; Intel Mac OS X 10_12_3) AppleWebKit/537.36 (KHTML, like Gecko) Chrome/56.0.2924.87 Safari/537.36"
94.72.101.21 - - [02/Nov/2024:20:03:18 +0000] "GET /packed/.env HTTP/1.1" 404 564 "-" "Mozilla/5.0 (Macintosh; Intel Mac OS X 10_12_3) AppleWebKit/537.36 (KHTML, like Gecko) Chrome/56.0.2924.87 Safari/537.36"
94.72.101.21 - - [02/Nov/2024:20:03:18 +0000] "GET /page-editor/.env HTTP/1.1" 404 564 "-" "Mozilla/5.0 (Macintosh; Intel Mac OS X 10_12_3) AppleWebKit/537.36 (KHTML, like Gecko) Chrome/56.0.2924.87 Safari/537.36"
94.72.101.21 - - [02/Nov/2024:20:03:18 +0000] "GET /parity/.env HTTP/1.1" 404 564 "-" "Mozilla/5.0 (Macintosh; Intel Mac OS X 10_12_3) AppleWebKit/537.36 (KHTML, like Gecko) Chrome/56.0.2924.87 Safari/537.36"
94.72.101.21 - - [02/Nov/2024:20:03:18 +0000] "GET /patchwork/.env HTTP/1.1" 404 564 "-" "Mozilla/5.0 (Macintosh; Intel Mac OS X 10_12_3) AppleWebKit/537.36 (KHTML, like Gecko) Chrome/56.0.2924.87 Safari/537.36"
94.72.101.21 - - [02/Nov/2024:20:03:19 +0000] "GET /path/.env HTTP/1.1" 404 564 "-" "Mozilla/5.0 (Macintosh; Intel Mac OS X 10_12_3) AppleWebKit/537.36 (KHTML, like Gecko) Chrome/56.0.2924.87 Safari/537.36"
94.72.101.21 - - [02/Nov/2024:20:03:19 +0000] "GET /pfbe/.env HTTP/1.1" 404 564 "-" "Mozilla/5.0 (Macintosh; Intel Mac OS X 10_12_3) AppleWebKit/537.36 (KHTML, like Gecko) Chrome/56.0.2924.87 Safari/537.36"
94.72.101.21 - - [02/Nov/2024:20:03:19 +0000] "GET /pictures/.env HTTP/1.1" 404 564 "-" "Mozilla/5.0 (Macintosh; Intel Mac OS X 10_12_3) AppleWebKit/537.36 (KHTML, like Gecko) Chrome/56.0.2924.87 Safari/537.36"
94.72.101.21 - - [02/Nov/2024:20:03:20 +0000] "GET /playground/.env HTTP/1.1" 404 564 "-" "Mozilla/5.0 (Macintosh; Intel Mac OS X 10_12_3) AppleWebKit/537.36 (KHTML, like Gecko) Chrome/56.0.2924.87 Safari/537.36"
94.72.101.21 - - [02/Nov/2024:20:03:20 +0000] "GET /plugin_static/.env HTTP/1.1" 404 564 "-" "Mozilla/5.0 (Macintosh; Intel Mac OS X 10_12_3) AppleWebKit/537.36 (KHTML, like Gecko) Chrome/56.0.2924.87 Safari/537.36"
94.72.101.21 - - [02/Nov/2024:20:03:20 +0000] "GET /portal/.env HTTP/1.1" 404 564 "-" "Mozilla/5.0 (Macintosh; Intel Mac OS X 10_12_3) AppleWebKit/537.36 (KHTML, like Gecko) Chrome/56.0.2924.87 Safari/537.36"
94.72.101.21 - - [02/Nov/2024:20:03:21 +0000] "GET /portal/.env.local HTTP/1.1" 404 564 "-" "Mozilla/5.0 (Macintosh; Intel Mac OS X 10_12_3) AppleWebKit/537.36 (KHTML, like Gecko) Chrome/56.0.2924.87 Safari/537.36"
94.72.101.21 - - [02/Nov/2024:20:03:21 +0000] "GET /portal/.env.production HTTP/1.1" 404 564 "-" "Mozilla/5.0 (Macintosh; Intel Mac OS X 10_12_3) AppleWebKit/537.36 (KHTML, like Gecko) Chrome/56.0.2924.87 Safari/537.36"
94.72.101.21 - - [02/Nov/2024:20:03:21 +0000] "GET /portal/.env.staging HTTP/1.1" 404 564 "-" "Mozilla/5.0 (Macintosh; Intel Mac OS X 10_12_3) AppleWebKit/537.36 (KHTML, like Gecko) Chrome/56.0.2924.87 Safari/537.36"
94.72.101.21 - - [02/Nov/2024:20:03:21 +0000] "GET /post-deployment/.vscode/.env HTTP/1.1" 404 564 "-" "Mozilla/5.0 (Macintosh; Intel Mac OS X 10_12_3) AppleWebKit/537.36 (KHTML, like Gecko) Chrome/56.0.2924.87 Safari/537.36"
94.72.101.21 - - [02/Nov/2024:20:03:21 +0000] "GET /postfixadmin/.env HTTP/1.1" 404 564 "-" "Mozilla/5.0 (Macintosh; Intel Mac OS X 10_12_3) AppleWebKit/537.36 (KHTML, like Gecko) Chrome/56.0.2924.87 Safari/537.36"
94.72.101.21 - - [02/Nov/2024:20:03:21 +0000] "GET /price_hawk_client/.env HTTP/1.1" 404 564 "-" "Mozilla/5.0 (Macintosh; Intel Mac OS X 10_12_3) AppleWebKit/537.36 (KHTML, like Gecko) Chrome/56.0.2924.87 Safari/537.36"
94.72.101.21 - - [02/Nov/2024:20:03:22 +0000] "GET /prisma/.env HTTP/1.1" 404 564 "-" "Mozilla/5.0 (Macintosh; Intel Mac OS X 10_12_3) AppleWebKit/537.36 (KHTML, like Gecko) Chrome/56.0.2924.87 Safari/537.36"
94.72.101.21 - - [02/Nov/2024:20:03:22 +0000] "GET /private/.env HTTP/1.1" 404 564 "-" "Mozilla/5.0 (Macintosh; Intel Mac OS X 10_12_3) AppleWebKit/537.36 (KHTML, like Gecko) Chrome/56.0.2924.87 Safari/537.36"
94.72.101.21 - - [02/Nov/2024:20:03:22 +0000] "GET /processor/.env HTTP/1.1" 404 564 "-" "Mozilla/5.0 (Macintosh; Intel Mac OS X 10_12_3) AppleWebKit/537.36 (KHTML, like Gecko) Chrome/56.0.2924.87 Safari/537.36"
94.72.101.21 - - [02/Nov/2024:20:03:22 +0000] "GET /prod/.env HTTP/1.1" 404 564 "-" "Mozilla/5.0 (Macintosh; Intel Mac OS X 10_12_3) AppleWebKit/537.36 (KHTML, like Gecko) Chrome/56.0.2924.87 Safari/537.36"
94.72.101.21 - - [02/Nov/2024:20:03:22 +0000] "GET /prod/.env.local HTTP/1.1" 404 564 "-" "Mozilla/5.0 (Macintosh; Intel Mac OS X 10_12_3) AppleWebKit/537.36 (KHTML, like Gecko) Chrome/56.0.2924.87 Safari/537.36"
94.72.101.21 - - [02/Nov/2024:20:03:23 +0000] "GET /prod/.env.production HTTP/1.1" 404 564 "-" "Mozilla/5.0 (Macintosh; Intel Mac OS X 10_12_3) AppleWebKit/537.36 (KHTML, like Gecko) Chrome/56.0.2924.87 Safari/537.36"
94.72.101.21 - - [02/Nov/2024:20:03:23 +0000] "GET /prod/.env.staging HTTP/1.1" 404 564 "-" "Mozilla/5.0 (Macintosh; Intel Mac OS X 10_12_3) AppleWebKit/537.36 (KHTML, like Gecko) Chrome/56.0.2924.87 Safari/537.36"
94.72.101.21 - - [02/Nov/2024:20:03:23 +0000] "GET /product/.env HTTP/1.1" 404 564 "-" "Mozilla/5.0 (Macintosh; Intel Mac OS X 10_12_3) AppleWebKit/537.36 (KHTML, like Gecko) Chrome/56.0.2924.87 Safari/537.36"
94.72.101.21 - - [02/Nov/2024:20:03:23 +0000] "GET /product/.env.local HTTP/1.1" 404 564 "-" "Mozilla/5.0 (Macintosh; Intel Mac OS X 10_12_3) AppleWebKit/537.36 (KHTML, like Gecko) Chrome/56.0.2924.87 Safari/537.36"
94.72.101.21 - - [02/Nov/2024:20:03:23 +0000] "GET /product/.env.production HTTP/1.1" 404 564 "-" "Mozilla/5.0 (Macintosh; Intel Mac OS X 10_12_3) AppleWebKit/537.36 (KHTML, like Gecko) Chrome/56.0.2924.87 Safari/537.36"
94.72.101.21 - - [02/Nov/2024:20:03:23 +0000] "GET /production/.env HTTP/1.1" 404 564 "-" "Mozilla/5.0 (Macintosh; Intel Mac OS X 10_12_3) AppleWebKit/537.36 (KHTML, like Gecko) Chrome/56.0.2924.87 Safari/537.36"
94.72.101.21 - - [02/Nov/2024:20:03:24 +0000] "GET /production/.env.local HTTP/1.1" 404 564 "-" "Mozilla/5.0 (Macintosh; Intel Mac OS X 10_12_3) AppleWebKit/537.36 (KHTML, like Gecko) Chrome/56.0.2924.87 Safari/537.36"
94.72.101.21 - - [02/Nov/2024:20:03:24 +0000] "GET /production/.env.production HTTP/1.1" 404 564 "-" "Mozilla/5.0 (Macintosh; Intel Mac OS X 10_12_3) AppleWebKit/537.36 (KHTML, like Gecko) Chrome/56.0.2924.87 Safari/537.36"
94.72.101.21 - - [02/Nov/2024:20:03:24 +0000] "GET /production/.env.staging HTTP/1.1" 404 564 "-" "Mozilla/5.0 (Macintosh; Intel Mac OS X 10_12_3) AppleWebKit/537.36 (KHTML, like Gecko) Chrome/56.0.2924.87 Safari/537.36"
94.72.101.21 - - [02/Nov/2024:20:03:25 +0000] "GET /projbackend/.env HTTP/1.1" 404 564 "-" "Mozilla/5.0 (Macintosh; Intel Mac OS X 10_12_3) AppleWebKit/537.36 (KHTML, like Gecko) Chrome/56.0.2924.87 Safari/537.36"
94.72.101.21 - - [02/Nov/2024:20:03:25 +0000] "GET /project/.env HTTP/1.1" 404 564 "-" "Mozilla/5.0 (Macintosh; Intel Mac OS X 10_12_3) AppleWebKit/537.36 (KHTML, like Gecko) Chrome/56.0.2924.87 Safari/537.36"
94.72.101.21 - - [02/Nov/2024:20:03:25 +0000] "GET /project/.env.local HTTP/1.1" 404 564 "-" "Mozilla/5.0 (Macintosh; Intel Mac OS X 10_12_3) AppleWebKit/537.36 (KHTML, like Gecko) Chrome/56.0.2924.87 Safari/537.36"
94.72.101.21 - - [02/Nov/2024:20:03:25 +0000] "GET /project/.env.production HTTP/1.1" 404 564 "-" "Mozilla/5.0 (Macintosh; Intel Mac OS X 10_12_3) AppleWebKit/537.36 (KHTML, like Gecko) Chrome/56.0.2924.87 Safari/537.36"
94.72.101.21 - - [02/Nov/2024:20:03:26 +0000] "GET /project/.env.staging HTTP/1.1" 404 564 "-" "Mozilla/5.0 (Macintosh; Intel Mac OS X 10_12_3) AppleWebKit/537.36 (KHTML, like Gecko) Chrome/56.0.2924.87 Safari/537.36"
94.72.101.21 - - [02/Nov/2024:20:03:26 +0000] "GET /project_root/.env HTTP/1.1" 404 564 "-" "Mozilla/5.0 (Macintosh; Intel Mac OS X 10_12_3) AppleWebKit/537.36 (KHTML, like Gecko) Chrome/56.0.2924.87 Safari/537.36"
94.72.101.21 - - [02/Nov/2024:20:03:26 +0000] "GET /pt2/countries/src/.env HTTP/1.1" 404 564 "-" "Mozilla/5.0 (Macintosh; Intel Mac OS X 10_12_3) AppleWebKit/537.36 (KHTML, like Gecko) Chrome/56.0.2924.87 Safari/537.36"
94.72.101.21 - - [02/Nov/2024:20:03:27 +0000] "GET /pt8/library-backend-gql/.env HTTP/1.1" 404 564 "-" "Mozilla/5.0 (Macintosh; Intel Mac OS X 10_12_3) AppleWebKit/537.36 (KHTML, like Gecko) Chrome/56.0.2924.87 Safari/537.36"
94.72.101.21 - - [02/Nov/2024:20:03:27 +0000] "GET /pub/.env HTTP/1.1" 404 564 "-" "Mozilla/5.0 (Macintosh; Intel Mac OS X 10_12_3) AppleWebKit/537.36 (KHTML, like Gecko) Chrome/56.0.2924.87 Safari/537.36"
94.72.101.21 - - [02/Nov/2024:20:03:27 +0000] "GET /public/.env.local HTTP/1.1" 404 564 "-" "Mozilla/5.0 (Macintosh; Intel Mac OS X 10_12_3) AppleWebKit/537.36 (KHTML, like Gecko) Chrome/56.0.2924.87 Safari/537.36"
94.72.101.21 - - [02/Nov/2024:20:03:27 +0000] "GET /public/.env.production HTTP/1.1" 404 564 "-" "Mozilla/5.0 (Macintosh; Intel Mac OS X 10_12_3) AppleWebKit/537.36 (KHTML, like Gecko) Chrome/56.0.2924.87 Safari/537.36"
94.72.101.21 - - [02/Nov/2024:20:03:27 +0000] "GET /public/.env.staging HTTP/1.1" 404 564 "-" "Mozilla/5.0 (Macintosh; Intel Mac OS X 10_12_3) AppleWebKit/537.36 (KHTML, like Gecko) Chrome/56.0.2924.87 Safari/537.36"
94.72.101.21 - - [02/Nov/2024:20:03:27 +0000] "GET /public_html/.env HTTP/1.1" 404 564 "-" "Mozilla/5.0 (Macintosh; Intel Mac OS X 10_12_3) AppleWebKit/537.36 (KHTML, like Gecko) Chrome/56.0.2924.87 Safari/537.36"
94.72.101.21 - - [02/Nov/2024:20:03:28 +0000] "GET /public_html/.env.local HTTP/1.1" 404 564 "-" "Mozilla/5.0 (Macintosh; Intel Mac OS X 10_12_3) AppleWebKit/537.36 (KHTML, like Gecko) Chrome/56.0.2924.87 Safari/537.36"
94.72.101.21 - - [02/Nov/2024:20:03:28 +0000] "GET /public_html/.env.production HTTP/1.1" 404 564 "-" "Mozilla/5.0 (Macintosh; Intel Mac OS X 10_12_3) AppleWebKit/537.36 (KHTML, like Gecko) Chrome/56.0.2924.87 Safari/537.36"
94.72.101.21 - - [02/Nov/2024:20:03:29 +0000] "GET /public_html/.env.staging HTTP/1.1" 404 564 "-" "Mozilla/5.0 (Macintosh; Intel Mac OS X 10_12_3) AppleWebKit/537.36 (KHTML, like Gecko) Chrome/56.0.2924.87 Safari/537.36"
94.72.101.21 - - [02/Nov/2024:20:03:29 +0000] "GET /public_root/.env HTTP/1.1" 404 564 "-" "Mozilla/5.0 (Macintosh; Intel Mac OS X 10_12_3) AppleWebKit/537.36 (KHTML, like Gecko) Chrome/56.0.2924.87 Safari/537.36"
94.72.101.21 - - [02/Nov/2024:20:03:29 +0000] "GET /qa/.env HTTP/1.1" 404 564 "-" "Mozilla/5.0 (Macintosh; Intel Mac OS X 10_12_3) AppleWebKit/537.36 (KHTML, like Gecko) Chrome/56.0.2924.87 Safari/537.36"
94.72.101.21 - - [02/Nov/2024:20:03:29 +0000] "GET /qa/.env.local HTTP/1.1" 404 564 "-" "Mozilla/5.0 (Macintosh; Intel Mac OS X 10_12_3) AppleWebKit/537.36 (KHTML, like Gecko) Chrome/56.0.2924.87 Safari/537.36"
94.72.101.21 - - [02/Nov/2024:20:03:30 +0000] "GET /qa/.env.production HTTP/1.1" 404 564 "-" "Mozilla/5.0 (Macintosh; Intel Mac OS X 10_12_3) AppleWebKit/537.36 (KHTML, like Gecko) Chrome/56.0.2924.87 Safari/537.36"
94.72.101.21 - - [02/Nov/2024:20:03:30 +0000] "GET /qa/.env.staging HTTP/1.1" 404 564 "-" "Mozilla/5.0 (Macintosh; Intel Mac OS X 10_12_3) AppleWebKit/537.36 (KHTML, like Gecko) Chrome/56.0.2924.87 Safari/537.36"
94.72.101.21 - - [02/Nov/2024:20:03:31 +0000] "GET /question2/.env HTTP/1.1" 404 564 "-" "Mozilla/5.0 (Macintosh; Intel Mac OS X 10_12_3) AppleWebKit/537.36 (KHTML, like Gecko) Chrome/56.0.2924.87 Safari/537.36"
94.72.101.21 - - [02/Nov/2024:20:03:31 +0000] "GET /qv-frontend/.env HTTP/1.1" 404 564 "-" "Mozilla/5.0 (Macintosh; Intel Mac OS X 10_12_3) AppleWebKit/537.36 (KHTML, like Gecko) Chrome/56.0.2924.87 Safari/537.36"
94.72.101.21 - - [02/Nov/2024:20:03:31 +0000] "GET /rabbitmq-cluster/.env HTTP/1.1" 404 564 "-" "Mozilla/5.0 (Macintosh; Intel Mac OS X 10_12_3) AppleWebKit/537.36 (KHTML, like Gecko) Chrome/56.0.2924.87 Safari/537.36"
94.72.101.21 - - [02/Nov/2024:20:03:31 +0000] "GET /rails-api/react-app/.env HTTP/1.1" 404 564 "-" "Mozilla/5.0 (Macintosh; Intel Mac OS X 10_12_3) AppleWebKit/537.36 (KHTML, like Gecko) Chrome/56.0.2924.87 Safari/537.36"
94.72.101.21 - - [02/Nov/2024:20:03:32 +0000] "GET /rasax/.env HTTP/1.1" 404 564 "-" "Mozilla/5.0 (Macintosh; Intel Mac OS X 10_12_3) AppleWebKit/537.36 (KHTML, like Gecko) Chrome/56.0.2924.87 Safari/537.36"
94.72.101.21 - - [02/Nov/2024:20:03:33 +0000] "GET /react_todo/.env HTTP/1.1" 404 564 "-" "Mozilla/5.0 (Macintosh; Intel Mac OS X 10_12_3) AppleWebKit/537.36 (KHTML, like Gecko) Chrome/56.0.2924.87 Safari/537.36"
94.72.101.21 - - [02/Nov/2024:20:03:33 +0000] "GET /repo/.env HTTP/1.1" 404 564 "-" "Mozilla/5.0 (Macintosh; Intel Mac OS X 10_12_3) AppleWebKit/537.36 (KHTML, like Gecko) Chrome/56.0.2924.87 Safari/537.36"
94.72.101.21 - - [02/Nov/2024:20:03:33 +0000] "GET /repos/.env HTTP/1.1" 404 564 "-" "Mozilla/5.0 (Macintosh; Intel Mac OS X 10_12_3) AppleWebKit/537.36 (KHTML, like Gecko) Chrome/56.0.2924.87 Safari/537.36"
94.72.101.21 - - [02/Nov/2024:20:03:33 +0000] "GET /repository/.env HTTP/1.1" 404 564 "-" "Mozilla/5.0 (Macintosh; Intel Mac OS X 10_12_3) AppleWebKit/537.36 (KHTML, like Gecko) Chrome/56.0.2924.87 Safari/537.36"
94.72.101.21 - - [02/Nov/2024:20:03:34 +0000] "GET /resources/.env HTTP/1.1" 404 564 "-" "Mozilla/5.0 (Macintosh; Intel Mac OS X 10_12_3) AppleWebKit/537.36 (KHTML, like Gecko) Chrome/56.0.2924.87 Safari/537.36"
94.72.101.21 - - [02/Nov/2024:20:03:34 +0000] "GET /resources/docker/.env HTTP/1.1" 404 564 "-" "Mozilla/5.0 (Macintosh; Intel Mac OS X 10_12_3) AppleWebKit/537.36 (KHTML, like Gecko) Chrome/56.0.2924.87 Safari/537.36"
94.72.101.21 - - [02/Nov/2024:20:03:34 +0000] "GET /resources/docker/mysql/.env HTTP/1.1" 404 564 "-" "Mozilla/5.0 (Macintosh; Intel Mac OS X 10_12_3) AppleWebKit/537.36 (KHTML, like Gecko) Chrome/56.0.2924.87 Safari/537.36"
94.72.101.21 - - [02/Nov/2024:20:03:35 +0000] "GET /resources/docker/phpmyadmin/.env HTTP/1.1" 404 564 "-" "Mozilla/5.0 (Macintosh; Intel Mac OS X 10_12_3) AppleWebKit/537.36 (KHTML, like Gecko) Chrome/56.0.2924.87 Safari/537.36"
94.72.101.21 - - [02/Nov/2024:20:03:35 +0000] "GET /resources/docker/rabbitmq/.env HTTP/1.1" 404 564 "-" "Mozilla/5.0 (Macintosh; Intel Mac OS X 10_12_3) AppleWebKit/537.36 (KHTML, like Gecko) Chrome/56.0.2924.87 Safari/537.36"
94.72.101.21 - - [02/Nov/2024:20:03:35 +0000] "GET /resources/docker/rediscommander/.env HTTP/1.1" 404 564 "-" "Mozilla/5.0 (Macintosh; Intel Mac OS X 10_12_3) AppleWebKit/537.36 (KHTML, like Gecko) Chrome/56.0.2924.87 Safari/537.36"
94.72.101.21 - - [02/Nov/2024:20:03:36 +0000] "GET /resourcesync/.env HTTP/1.1" 404 564 "-" "Mozilla/5.0 (Macintosh; Intel Mac OS X 10_12_3) AppleWebKit/537.36 (KHTML, like Gecko) Chrome/56.0.2924.87 Safari/537.36"
94.72.101.21 - - [02/Nov/2024:20:03:36 +0000] "GET /rest.php HTTP/1.1" 404 564 "-" "Mozilla/5.0 (Macintosh; Intel Mac OS X 10_12_3) AppleWebKit/537.36 (KHTML, like Gecko) Chrome/56.0.2924.87 Safari/537.36"
94.72.101.21 - - [02/Nov/2024:20:03:36 +0000] "GET /rest/.env HTTP/1.1" 404 564 "-" "Mozilla/5.0 (Macintosh; Intel Mac OS X 10_12_3) AppleWebKit/537.36 (KHTML, like Gecko) Chrome/56.0.2924.87 Safari/537.36"
94.72.101.21 - - [02/Nov/2024:20:03:36 +0000] "GET /restapi/.env HTTP/1.1" 404 564 "-" "Mozilla/5.0 (Macintosh; Intel Mac OS X 10_12_3) AppleWebKit/537.36 (KHTML, like Gecko) Chrome/56.0.2924.87 Safari/537.36"
94.72.101.21 - - [02/Nov/2024:20:03:37 +0000] "GET /results/.env HTTP/1.1" 404 564 "-" "Mozilla/5.0 (Macintosh; Intel Mac OS X 10_12_3) AppleWebKit/537.36 (KHTML, like Gecko) Chrome/56.0.2924.87 Safari/537.36"
94.72.101.21 - - [02/Nov/2024:20:03:37 +0000] "GET /robots/.env HTTP/1.1" 404 564 "-" "Mozilla/5.0 (Macintosh; Intel Mac OS X 10_12_3) AppleWebKit/537.36 (KHTML, like Gecko) Chrome/56.0.2924.87 Safari/537.36"
94.72.101.21 - - [02/Nov/2024:20:03:37 +0000] "GET /root/.env HTTP/1.1" 404 564 "-" "Mozilla/5.0 (Macintosh; Intel Mac OS X 10_12_3) AppleWebKit/537.36 (KHTML, like Gecko) Chrome/56.0.2924.87 Safari/537.36"
94.72.101.21 - - [02/Nov/2024:20:03:37 +0000] "GET /rosterBack/.env HTTP/1.1" 404 564 "-" "Mozilla/5.0 (Macintosh; Intel Mac OS X 10_12_3) AppleWebKit/537.36 (KHTML, like Gecko) Chrome/56.0.2924.87 Safari/537.36"
94.72.101.21 - - [02/Nov/2024:20:03:38 +0000] "GET /roundcube/.env HTTP/1.1" 404 564 "-" "Mozilla/5.0 (Macintosh; Intel Mac OS X 10_12_3) AppleWebKit/537.36 (KHTML, like Gecko) Chrome/56.0.2924.87 Safari/537.36"
94.72.101.21 - - [02/Nov/2024:20:03:38 +0000] "GET /roundcubemail/.env HTTP/1.1" 404 564 "-" "Mozilla/5.0 (Macintosh; Intel Mac OS X 10_12_3) AppleWebKit/537.36 (KHTML, like Gecko) Chrome/56.0.2924.87 Safari/537.36"
94.72.101.21 - - [02/Nov/2024:20:03:38 +0000] "GET /routes/.env HTTP/1.1" 404 564 "-" "Mozilla/5.0 (Macintosh; Intel Mac OS X 10_12_3) AppleWebKit/537.36 (KHTML, like Gecko) Chrome/56.0.2924.87 Safari/537.36"
94.72.101.21 - - [02/Nov/2024:20:03:38 +0000] "GET /run/.env HTTP/1.1" 404 564 "-" "Mozilla/5.0 (Macintosh; Intel Mac OS X 10_12_3) AppleWebKit/537.36 (KHTML, like Gecko) Chrome/56.0.2924.87 Safari/537.36"
94.72.101.21 - - [02/Nov/2024:20:03:39 +0000] "GET /rust-backend/.env HTTP/1.1" 404 564 "-" "Mozilla/5.0 (Macintosh; Intel Mac OS X 10_12_3) AppleWebKit/537.36 (KHTML, like Gecko) Chrome/56.0.2924.87 Safari/537.36"
94.72.101.21 - - [02/Nov/2024:20:03:39 +0000] "GET /rust-backend/dao/.env HTTP/1.1" 404 564 "-" "Mozilla/5.0 (Macintosh; Intel Mac OS X 10_12_3) AppleWebKit/537.36 (KHTML, like Gecko) Chrome/56.0.2924.87 Safari/537.36"
94.72.101.21 - - [02/Nov/2024:20:03:39 +0000] "GET /s-with-me-front/.env HTTP/1.1" 404 564 "-" "Mozilla/5.0 (Macintosh; Intel Mac OS X 10_12_3) AppleWebKit/537.36 (KHTML, like Gecko) Chrome/56.0.2924.87 Safari/537.36"
94.72.101.21 - - [02/Nov/2024:20:03:40 +0000] "GET /s3.js HTTP/1.1" 404 564 "-" "Mozilla/5.0 (Macintosh; Intel Mac OS X 10_12_3) AppleWebKit/537.36 (KHTML, like Gecko) Chrome/56.0.2924.87 Safari/537.36"
94.72.101.21 - - [02/Nov/2024:20:03:40 +0000] "GET /script/.env HTTP/1.1" 404 564 "-" "Mozilla/5.0 (Macintosh; Intel Mac OS X 10_12_3) AppleWebKit/537.36 (KHTML, like Gecko) Chrome/56.0.2924.87 Safari/537.36"
94.72.101.21 - - [02/Nov/2024:20:03:40 +0000] "GET /scripts/.env HTTP/1.1" 404 564 "-" "Mozilla/5.0 (Macintosh; Intel Mac OS X 10_12_3) AppleWebKit/537.36 (KHTML, like Gecko) Chrome/56.0.2924.87 Safari/537.36"
94.72.101.21 - - [02/Nov/2024:20:03:40 +0000] "GET /scripts/fvt/.env HTTP/1.1" 404 564 "-" "Mozilla/5.0 (Macintosh; Intel Mac OS X 10_12_3) AppleWebKit/537.36 (KHTML, like Gecko) Chrome/56.0.2924.87 Safari/537.36"
94.72.101.21 - - [02/Nov/2024:20:03:41 +0000] "GET /secrets.yml HTTP/1.1" 404 564 "-" "Mozilla/5.0 (Macintosh; Intel Mac OS X 10_12_3) AppleWebKit/537.36 (KHTML, like Gecko) Chrome/56.0.2924.87 Safari/537.36"
94.72.101.21 - - [02/Nov/2024:20:03:41 +0000] "GET /selfish-darling-backend/.env HTTP/1.1" 404 564 "-" "Mozilla/5.0 (Macintosh; Intel Mac OS X 10_12_3) AppleWebKit/537.36 (KHTML, like Gecko) Chrome/56.0.2924.87 Safari/537.36"
94.72.101.21 - - [02/Nov/2024:20:03:41 +0000] "GET /serve-browserbench/.env HTTP/1.1" 404 564 "-" "Mozilla/5.0 (Macintosh; Intel Mac OS X 10_12_3) AppleWebKit/537.36 (KHTML, like Gecko) Chrome/56.0.2924.87 Safari/537.36"
94.72.101.21 - - [02/Nov/2024:20:03:41 +0000] "GET /server/.env HTTP/1.1" 404 564 "-" "Mozilla/5.0 (Macintosh; Intel Mac OS X 10_12_3) AppleWebKit/537.36 (KHTML, like Gecko) Chrome/56.0.2924.87 Safari/537.36"
94.72.101.21 - - [02/Nov/2024:20:03:42 +0000] "GET /server/.env.local HTTP/1.1" 404 564 "-" "Mozilla/5.0 (Macintosh; Intel Mac OS X 10_12_3) AppleWebKit/537.36 (KHTML, like Gecko) Chrome/56.0.2924.87 Safari/537.36"
94.72.101.21 - - [02/Nov/2024:20:03:42 +0000] "GET /server/.env.production HTTP/1.1" 404 564 "-" "Mozilla/5.0 (Macintosh; Intel Mac OS X 10_12_3) AppleWebKit/537.36 (KHTML, like Gecko) Chrome/56.0.2924.87 Safari/537.36"
94.72.101.21 - - [02/Nov/2024:20:03:42 +0000] "GET /server/.env.staging HTTP/1.1" 404 564 "-" "Mozilla/5.0 (Macintosh; Intel Mac OS X 10_12_3) AppleWebKit/537.36 (KHTML, like Gecko) Chrome/56.0.2924.87 Safari/537.36"
94.72.101.21 - - [02/Nov/2024:20:03:42 +0000] "GET /server/config.json HTTP/1.1" 404 564 "-" "Mozilla/5.0 (Macintosh; Intel Mac OS X 10_12_3) AppleWebKit/537.36 (KHTML, like Gecko) Chrome/56.0.2924.87 Safari/537.36"
94.72.101.21 - - [02/Nov/2024:20:03:43 +0000] "GET /server/config/.env HTTP/1.1" 404 564 "-" "Mozilla/5.0 (Macintosh; Intel Mac OS X 10_12_3) AppleWebKit/537.36 (KHTML, like Gecko) Chrome/56.0.2924.87 Safari/537.36"
94.72.101.21 - - [02/Nov/2024:20:03:47 +0000] "GET /server/laravel/.env HTTP/1.1" 404 564 "-" "Mozilla/5.0 (Macintosh; Intel Mac OS X 10_12_3) AppleWebKit/537.36 (KHTML, like Gecko) Chrome/56.0.2924.87 Safari/537.36"
94.72.101.21 - - [02/Nov/2024:20:03:47 +0000] "GET /server/s3.js HTTP/1.1" 404 564 "-" "Mozilla/5.0 (Macintosh; Intel Mac OS X 10_12_3) AppleWebKit/537.36 (KHTML, like Gecko) Chrome/56.0.2924.87 Safari/537.36"
94.72.101.21 - - [02/Nov/2024:20:03:48 +0000] "GET /server/src/persistence/.env HTTP/1.1" 404 564 "-" "Mozilla/5.0 (Macintosh; Intel Mac OS X 10_12_3) AppleWebKit/537.36 (KHTML, like Gecko) Chrome/56.0.2924.87 Safari/537.36"
94.72.101.21 - - [02/Nov/2024:20:03:48 +0000] "GET /service/.env HTTP/1.1" 404 564 "-" "Mozilla/5.0 (Macintosh; Intel Mac OS X 10_12_3) AppleWebKit/537.36 (KHTML, like Gecko) Chrome/56.0.2924.87 Safari/537.36"
94.72.101.21 - - [02/Nov/2024:20:03:48 +0000] "GET /service/.env.local HTTP/1.1" 404 564 "-" "Mozilla/5.0 (Macintosh; Intel Mac OS X 10_12_3) AppleWebKit/537.36 (KHTML, like Gecko) Chrome/56.0.2924.87 Safari/537.36"
94.72.101.21 - - [02/Nov/2024:20:03:48 +0000] "GET /service/.env.production HTTP/1.1" 404 564 "-" "Mozilla/5.0 (Macintosh; Intel Mac OS X 10_12_3) AppleWebKit/537.36 (KHTML, like Gecko) Chrome/56.0.2924.87 Safari/537.36"
94.72.101.21 - - [02/Nov/2024:20:03:48 +0000] "GET /service/.env.staging HTTP/1.1" 404 564 "-" "Mozilla/5.0 (Macintosh; Intel Mac OS X 10_12_3) AppleWebKit/537.36 (KHTML, like Gecko) Chrome/56.0.2924.87 Safari/537.36"
94.72.101.21 - - [02/Nov/2024:20:03:49 +0000] "GET /services/.env HTTP/1.1" 404 564 "-" "Mozilla/5.0 (Macintosh; Intel Mac OS X 10_12_3) AppleWebKit/537.36 (KHTML, like Gecko) Chrome/56.0.2924.87 Safari/537.36"
94.72.101.21 - - [02/Nov/2024:20:03:49 +0000] "GET /services/.env.local HTTP/1.1" 404 564 "-" "Mozilla/5.0 (Macintosh; Intel Mac OS X 10_12_3) AppleWebKit/537.36 (KHTML, like Gecko) Chrome/56.0.2924.87 Safari/537.36"
94.72.101.21 - - [02/Nov/2024:20:03:49 +0000] "GET /services/.env.production HTTP/1.1" 404 564 "-" "Mozilla/5.0 (Macintosh; Intel Mac OS X 10_12_3) AppleWebKit/537.36 (KHTML, like Gecko) Chrome/56.0.2924.87 Safari/537.36"
94.72.101.21 - - [02/Nov/2024:20:03:49 +0000] "GET /services/.env.staging HTTP/1.1" 404 564 "-" "Mozilla/5.0 (Macintosh; Intel Mac OS X 10_12_3) AppleWebKit/537.36 (KHTML, like Gecko) Chrome/56.0.2924.87 Safari/537.36"
94.72.101.21 - - [02/Nov/2024:20:03:49 +0000] "GET /services/adminer/.env HTTP/1.1" 404 564 "-" "Mozilla/5.0 (Macintosh; Intel Mac OS X 10_12_3) AppleWebKit/537.36 (KHTML, like Gecko) Chrome/56.0.2924.87 Safari/537.36"
94.72.101.21 - - [02/Nov/2024:20:03:49 +0000] "GET /services/deployment-agent/.env HTTP/1.1" 404 564 "-" "Mozilla/5.0 (Macintosh; Intel Mac OS X 10_12_3) AppleWebKit/537.36 (KHTML, like Gecko) Chrome/56.0.2924.87 Safari/537.36"
94.72.101.21 - - [02/Nov/2024:20:03:50 +0000] "GET /services/documents/.env HTTP/1.1" 404 564 "-" "Mozilla/5.0 (Macintosh; Intel Mac OS X 10_12_3) AppleWebKit/537.36 (KHTML, like Gecko) Chrome/56.0.2924.87 Safari/537.36"
94.72.101.21 - - [02/Nov/2024:20:03:50 +0000] "GET /services/graylog/.env HTTP/1.1" 404 564 "-" "Mozilla/5.0 (Macintosh; Intel Mac OS X 10_12_3) AppleWebKit/537.36 (KHTML, like Gecko) Chrome/56.0.2924.87 Safari/537.36"
94.72.101.21 - - [02/Nov/2024:20:03:50 +0000] "GET /services/jaeger/.env HTTP/1.1" 404 564 "-" "Mozilla/5.0 (Macintosh; Intel Mac OS X 10_12_3) AppleWebKit/537.36 (KHTML, like Gecko) Chrome/56.0.2924.87 Safari/537.36"
94.72.101.21 - - [02/Nov/2024:20:03:50 +0000] "GET /services/minio/.env HTTP/1.1" 404 564 "-" "Mozilla/5.0 (Macintosh; Intel Mac OS X 10_12_3) AppleWebKit/537.36 (KHTML, like Gecko) Chrome/56.0.2924.87 Safari/537.36"
94.72.101.21 - - [02/Nov/2024:20:03:50 +0000] "GET /services/monitoring/.env HTTP/1.1" 404 564 "-" "Mozilla/5.0 (Macintosh; Intel Mac OS X 10_12_3) AppleWebKit/537.36 (KHTML, like Gecko) Chrome/56.0.2924.87 Safari/537.36"
94.72.101.21 - - [02/Nov/2024:20:03:51 +0000] "GET /services/portainer/.env HTTP/1.1" 404 564 "-" "Mozilla/5.0 (Macintosh; Intel Mac OS X 10_12_3) AppleWebKit/537.36 (KHTML, like Gecko) Chrome/56.0.2924.87 Safari/537.36"
94.72.101.21 - - [02/Nov/2024:20:03:51 +0000] "GET /services/redis-commander/.env HTTP/1.1" 404 564 "-" "Mozilla/5.0 (Macintosh; Intel Mac OS X 10_12_3) AppleWebKit/537.36 (KHTML, like Gecko) Chrome/56.0.2924.87 Safari/537.36"
94.72.101.21 - - [02/Nov/2024:20:03:51 +0000] "GET /services/registry/.env HTTP/1.1" 404 564 "-" "Mozilla/5.0 (Macintosh; Intel Mac OS X 10_12_3) AppleWebKit/537.36 (KHTML, like Gecko) Chrome/56.0.2924.87 Safari/537.36"
94.72.101.21 - - [02/Nov/2024:20:03:51 +0000] "GET /services/simcore/.env HTTP/1.1" 404 564 "-" "Mozilla/5.0 (Macintosh; Intel Mac OS X 10_12_3) AppleWebKit/537.36 (KHTML, like Gecko) Chrome/56.0.2924.87 Safari/537.36"
94.72.101.21 - - [02/Nov/2024:20:03:51 +0000] "GET /services/traefik/.env HTTP/1.1" 404 564 "-" "Mozilla/5.0 (Macintosh; Intel Mac OS X 10_12_3) AppleWebKit/537.36 (KHTML, like Gecko) Chrome/56.0.2924.87 Safari/537.36"
94.72.101.21 - - [02/Nov/2024:20:03:52 +0000] "GET /sessions/.env HTTP/1.1" 404 564 "-" "Mozilla/5.0 (Macintosh; Intel Mac OS X 10_12_3) AppleWebKit/537.36 (KHTML, like Gecko) Chrome/56.0.2924.87 Safari/537.36"
94.72.101.21 - - [02/Nov/2024:20:03:52 +0000] "GET /settings.py HTTP/1.1" 404 564 "-" "Mozilla/5.0 (Macintosh; Intel Mac OS X 10_12_3) AppleWebKit/537.36 (KHTML, like Gecko) Chrome/56.0.2924.87 Safari/537.36"
94.72.101.21 - - [02/Nov/2024:20:03:52 +0000] "GET /shibboleth/.env HTTP/1.1" 404 564 "-" "Mozilla/5.0 (Macintosh; Intel Mac OS X 10_12_3) AppleWebKit/537.36 (KHTML, like Gecko) Chrome/56.0.2924.87 Safari/537.36"
94.72.101.21 - - [02/Nov/2024:20:03:52 +0000] "GET /shop/.env HTTP/1.1" 404 564 "-" "Mozilla/5.0 (Macintosh; Intel Mac OS X 10_12_3) AppleWebKit/537.36 (KHTML, like Gecko) Chrome/56.0.2924.87 Safari/537.36"
94.72.101.21 - - [02/Nov/2024:20:03:53 +0000] "GET /shop/.env.local HTTP/1.1" 404 564 "-" "Mozilla/5.0 (Macintosh; Intel Mac OS X 10_12_3) AppleWebKit/537.36 (KHTML, like Gecko) Chrome/56.0.2924.87 Safari/537.36"
94.72.101.21 - - [02/Nov/2024:20:03:53 +0000] "GET /shop/.env.production HTTP/1.1" 404 564 "-" "Mozilla/5.0 (Macintosh; Intel Mac OS X 10_12_3) AppleWebKit/537.36 (KHTML, like Gecko) Chrome/56.0.2924.87 Safari/537.36"
94.72.101.21 - - [02/Nov/2024:20:03:53 +0000] "GET /shop/.env.staging HTTP/1.1" 404 564 "-" "Mozilla/5.0 (Macintosh; Intel Mac OS X 10_12_3) AppleWebKit/537.36 (KHTML, like Gecko) Chrome/56.0.2924.87 Safari/537.36"
94.72.101.21 - - [02/Nov/2024:20:03:53 +0000] "GET /site-library/.env HTTP/1.1" 404 564 "-" "Mozilla/5.0 (Macintosh; Intel Mac OS X 10_12_3) AppleWebKit/537.36 (KHTML, like Gecko) Chrome/56.0.2924.87 Safari/537.36"
94.72.101.21 - - [02/Nov/2024:20:03:53 +0000] "GET /sitestatic/.env HTTP/1.1" 404 564 "-" "Mozilla/5.0 (Macintosh; Intel Mac OS X 10_12_3) AppleWebKit/537.36 (KHTML, like Gecko) Chrome/56.0.2924.87 Safari/537.36"
94.72.101.21 - - [02/Nov/2024:20:03:53 +0000] "GET /sources/.env HTTP/1.1" 404 564 "-" "Mozilla/5.0 (Macintosh; Intel Mac OS X 10_12_3) AppleWebKit/537.36 (KHTML, like Gecko) Chrome/56.0.2924.87 Safari/537.36"
94.72.101.21 - - [02/Nov/2024:20:03:54 +0000] "GET /spearmint/.env HTTP/1.1" 404 564 "-" "Mozilla/5.0 (Macintosh; Intel Mac OS X 10_12_3) AppleWebKit/537.36 (KHTML, like Gecko) Chrome/56.0.2924.87 Safari/537.36"
94.72.101.21 - - [02/Nov/2024:20:03:54 +0000] "GET /spikes/config-material-app/.env HTTP/1.1" 404 564 "-" "Mozilla/5.0 (Macintosh; Intel Mac OS X 10_12_3) AppleWebKit/537.36 (KHTML, like Gecko) Chrome/56.0.2924.87 Safari/537.36"
94.72.101.21 - - [02/Nov/2024:20:03:54 +0000] "GET /src/add-auth/express/.env HTTP/1.1" 404 564 "-" "Mozilla/5.0 (Macintosh; Intel Mac OS X 10_12_3) AppleWebKit/537.36 (KHTML, like Gecko) Chrome/56.0.2924.87 Safari/537.36"
94.72.101.21 - - [02/Nov/2024:20:03:55 +0000] "GET /src/assembly/.env HTTP/1.1" 404 564 "-" "Mozilla/5.0 (Macintosh; Intel Mac OS X 10_12_3) AppleWebKit/537.36 (KHTML, like Gecko) Chrome/56.0.2924.87 Safari/537.36"
94.72.101.21 - - [02/Nov/2024:20:03:55 +0000] "GET /src/character-service/.env HTTP/1.1" 404 564 "-" "Mozilla/5.0 (Macintosh; Intel Mac OS X 10_12_3) AppleWebKit/537.36 (KHTML, like Gecko) Chrome/56.0.2924.87 Safari/537.36"
94.72.101.21 - - [02/Nov/2024:20:03:55 +0000] "GET /src/client/mobile/.env HTTP/1.1" 404 564 "-" "Mozilla/5.0 (Macintosh; Intel Mac OS X 10_12_3) AppleWebKit/537.36 (KHTML, like Gecko) Chrome/56.0.2924.87 Safari/537.36"
94.72.101.21 - - [02/Nov/2024:20:03:55 +0000] "GET /src/core/tests/dotenv-files/.env HTTP/1.1" 404 564 "-" "Mozilla/5.0 (Macintosh; Intel Mac OS X 10_12_3) AppleWebKit/537.36 (KHTML, like Gecko) Chrome/56.0.2924.87 Safari/537.36"
94.72.101.21 - - [02/Nov/2024:20:03:55 +0000] "GET /src/gameprovider-service/.env HTTP/1.1" 404 564 "-" "Mozilla/5.0 (Macintosh; Intel Mac OS X 10_12_3) AppleWebKit/537.36 (KHTML, like Gecko) Chrome/56.0.2924.87 Safari/537.36"
94.72.101.21 - - [02/Nov/2024:20:03:56 +0000] "GET /src/main/front-end/.env HTTP/1.1" 404 564 "-" "Mozilla/5.0 (Macintosh; Intel Mac OS X 10_12_3) AppleWebKit/537.36 (KHTML, like Gecko) Chrome/56.0.2924.87 Safari/537.36"
94.72.101.21 - - [02/Nov/2024:20:03:56 +0000] "GET /src/renderer/.env HTTP/1.1" 404 564 "-" "Mozilla/5.0 (Macintosh; Intel Mac OS X 10_12_3) AppleWebKit/537.36 (KHTML, like Gecko) Chrome/56.0.2924.87 Safari/537.36"
94.72.101.21 - - [02/Nov/2024:20:03:56 +0000] "GET /srv6_controller/controller/.env HTTP/1.1" 404 564 "-" "Mozilla/5.0 (Macintosh; Intel Mac OS X 10_12_3) AppleWebKit/537.36 (KHTML, like Gecko) Chrome/56.0.2924.87 Safari/537.36"
94.72.101.21 - - [02/Nov/2024:20:03:56 +0000] "GET /srv6_controller/examples/.env HTTP/1.1" 404 564 "-" "Mozilla/5.0 (Macintosh; Intel Mac OS X 10_12_3) AppleWebKit/537.36 (KHTML, like Gecko) Chrome/56.0.2924.87 Safari/537.36"
94.72.101.21 - - [02/Nov/2024:20:03:57 +0000] "GET /srv6_controller/node-manager/.env HTTP/1.1" 404 564 "-" "Mozilla/5.0 (Macintosh; Intel Mac OS X 10_12_3) AppleWebKit/537.36 (KHTML, like Gecko) Chrome/56.0.2924.87 Safari/537.36"
94.72.101.21 - - [02/Nov/2024:20:03:57 +0000] "GET /st-js-be-2020-movies-two/.env HTTP/1.1" 404 564 "-" "Mozilla/5.0 (Macintosh; Intel Mac OS X 10_12_3) AppleWebKit/537.36 (KHTML, like Gecko) Chrome/56.0.2924.87 Safari/537.36"
94.72.101.21 - - [02/Nov/2024:20:03:57 +0000] "GET /stackato-pkg/.env HTTP/1.1" 404 564 "-" "Mozilla/5.0 (Macintosh; Intel Mac OS X 10_12_3) AppleWebKit/537.36 (KHTML, like Gecko) Chrome/56.0.2924.87 Safari/537.36"
94.72.101.21 - - [02/Nov/2024:20:03:57 +0000] "GET /staging/.env HTTP/1.1" 404 564 "-" "Mozilla/5.0 (Macintosh; Intel Mac OS X 10_12_3) AppleWebKit/537.36 (KHTML, like Gecko) Chrome/56.0.2924.87 Safari/537.36"
94.72.101.21 - - [02/Nov/2024:20:03:58 +0000] "GET /staging/.env.local HTTP/1.1" 404 564 "-" "Mozilla/5.0 (Macintosh; Intel Mac OS X 10_12_3) AppleWebKit/537.36 (KHTML, like Gecko) Chrome/56.0.2924.87 Safari/537.36"
94.72.101.21 - - [02/Nov/2024:20:03:58 +0000] "GET /staging/.env.production HTTP/1.1" 404 564 "-" "Mozilla/5.0 (Macintosh; Intel Mac OS X 10_12_3) AppleWebKit/537.36 (KHTML, like Gecko) Chrome/56.0.2924.87 Safari/537.36"
94.72.101.21 - - [02/Nov/2024:20:03:58 +0000] "GET /staging/.env.staging HTTP/1.1" 404 564 "-" "Mozilla/5.0 (Macintosh; Intel Mac OS X 10_12_3) AppleWebKit/537.36 (KHTML, like Gecko) Chrome/56.0.2924.87 Safari/537.36"
94.72.101.21 - - [02/Nov/2024:20:03:58 +0000] "GET /static-collected/.env HTTP/1.1" 404 564 "-" "Mozilla/5.0 (Macintosh; Intel Mac OS X 10_12_3) AppleWebKit/537.36 (KHTML, like Gecko) Chrome/56.0.2924.87 Safari/537.36"
94.72.101.21 - - [02/Nov/2024:20:03:58 +0000] "GET /static-html/.env HTTP/1.1" 404 564 "-" "Mozilla/5.0 (Macintosh; Intel Mac OS X 10_12_3) AppleWebKit/537.36 (KHTML, like Gecko) Chrome/56.0.2924.87 Safari/537.36"
94.72.101.21 - - [02/Nov/2024:20:03:59 +0000] "GET /static-root/.env HTTP/1.1" 404 564 "-" "Mozilla/5.0 (Macintosh; Intel Mac OS X 10_12_3) AppleWebKit/537.36 (KHTML, like Gecko) Chrome/56.0.2924.87 Safari/537.36"
94.72.101.21 - - [02/Nov/2024:20:03:59 +0000] "GET /static/.env HTTP/1.1" 404 564 "-" "Mozilla/5.0 (Macintosh; Intel Mac OS X 10_12_3) AppleWebKit/537.36 (KHTML, like Gecko) Chrome/56.0.2924.87 Safari/537.36"
94.72.101.21 - - [02/Nov/2024:20:03:59 +0000] "GET /static_prod/.env HTTP/1.1" 404 564 "-" "Mozilla/5.0 (Macintosh; Intel Mac OS X 10_12_3) AppleWebKit/537.36 (KHTML, like Gecko) Chrome/56.0.2924.87 Safari/537.36"
94.72.101.21 - - [02/Nov/2024:20:03:59 +0000] "GET /static_root/.env HTTP/1.1" 404 564 "-" "Mozilla/5.0 (Macintosh; Intel Mac OS X 10_12_3) AppleWebKit/537.36 (KHTML, like Gecko) Chrome/56.0.2924.87 Safari/537.36"
94.72.101.21 - - [02/Nov/2024:20:03:59 +0000] "GET /static_user/.env HTTP/1.1" 404 564 "-" "Mozilla/5.0 (Macintosh; Intel Mac OS X 10_12_3) AppleWebKit/537.36 (KHTML, like Gecko) Chrome/56.0.2924.87 Safari/537.36"
94.72.101.21 - - [02/Nov/2024:20:03:59 +0000] "GET /staticfiles/.env HTTP/1.1" 404 564 "-" "Mozilla/5.0 (Macintosh; Intel Mac OS X 10_12_3) AppleWebKit/537.36 (KHTML, like Gecko) Chrome/56.0.2924.87 Safari/537.36"
94.72.101.21 - - [02/Nov/2024:20:04:00 +0000] "GET /stats/.env HTTP/1.1" 404 564 "-" "Mozilla/5.0 (Macintosh; Intel Mac OS X 10_12_3) AppleWebKit/537.36 (KHTML, like Gecko) Chrome/56.0.2924.87 Safari/537.36"
94.72.101.21 - - [02/Nov/2024:20:04:01 +0000] "GET /stg/.env HTTP/1.1" 404 564 "-" "Mozilla/5.0 (Macintosh; Intel Mac OS X 10_12_3) AppleWebKit/537.36 (KHTML, like Gecko) Chrome/56.0.2924.87 Safari/537.36"
94.72.101.21 - - [02/Nov/2024:20:04:01 +0000] "GET /stg/.env.local HTTP/1.1" 404 564 "-" "Mozilla/5.0 (Macintosh; Intel Mac OS X 10_12_3) AppleWebKit/537.36 (KHTML, like Gecko) Chrome/56.0.2924.87 Safari/537.36"
94.72.101.21 - - [02/Nov/2024:20:04:01 +0000] "GET /stg/.env.production HTTP/1.1" 404 564 "-" "Mozilla/5.0 (Macintosh; Intel Mac OS X 10_12_3) AppleWebKit/537.36 (KHTML, like Gecko) Chrome/56.0.2924.87 Safari/537.36"
94.72.101.21 - - [02/Nov/2024:20:04:01 +0000] "GET /stg/.env.staging HTTP/1.1" 404 564 "-" "Mozilla/5.0 (Macintosh; Intel Mac OS X 10_12_3) AppleWebKit/537.36 (KHTML, like Gecko) Chrome/56.0.2924.87 Safari/537.36"
94.72.101.21 - - [02/Nov/2024:20:04:01 +0000] "GET /storage/.env.production HTTP/1.1" 404 564 "-" "Mozilla/5.0 (Macintosh; Intel Mac OS X 10_12_3) AppleWebKit/537.36 (KHTML, like Gecko) Chrome/56.0.2924.87 Safari/537.36"
94.72.101.21 - - [02/Nov/2024:20:04:02 +0000] "GET /storage/.env.staging HTTP/1.1" 404 564 "-" "Mozilla/5.0 (Macintosh; Intel Mac OS X 10_12_3) AppleWebKit/537.36 (KHTML, like Gecko) Chrome/56.0.2924.87 Safari/537.36"
94.72.101.21 - - [02/Nov/2024:20:04:02 +0000] "GET /style/.env HTTP/1.1" 404 564 "-" "Mozilla/5.0 (Macintosh; Intel Mac OS X 10_12_3) AppleWebKit/537.36 (KHTML, like Gecko) Chrome/56.0.2924.87 Safari/537.36"
94.72.101.21 - - [02/Nov/2024:20:04:03 +0000] "GET /styles/.env HTTP/1.1" 404 564 "-" "Mozilla/5.0 (Macintosh; Intel Mac OS X 10_12_3) AppleWebKit/537.36 (KHTML, like Gecko) Chrome/56.0.2924.87 Safari/537.36"
94.72.101.21 - - [02/Nov/2024:20:04:03 +0000] "GET /stylesheets/.env HTTP/1.1" 404 564 "-" "Mozilla/5.0 (Macintosh; Intel Mac OS X 10_12_3) AppleWebKit/537.36 (KHTML, like Gecko) Chrome/56.0.2924.87 Safari/537.36"
94.72.101.21 - - [02/Nov/2024:20:04:03 +0000] "GET /symfony/.env HTTP/1.1" 404 564 "-" "Mozilla/5.0 (Macintosh; Intel Mac OS X 10_12_3) AppleWebKit/537.36 (KHTML, like Gecko) Chrome/56.0.2924.87 Safari/537.36"
94.72.101.21 - - [02/Nov/2024:20:04:03 +0000] "GET /system-config/.env HTTP/1.1" 404 564 "-" "Mozilla/5.0 (Macintosh; Intel Mac OS X 10_12_3) AppleWebKit/537.36 (KHTML, like Gecko) Chrome/56.0.2924.87 Safari/537.36"
94.72.101.21 - - [02/Nov/2024:20:04:03 +0000] "GET /system/.env HTTP/1.1" 404 564 "-" "Mozilla/5.0 (Macintosh; Intel Mac OS X 10_12_3) AppleWebKit/537.36 (KHTML, like Gecko) Chrome/56.0.2924.87 Safari/537.36"
94.72.101.21 - - [02/Nov/2024:20:04:03 +0000] "GET /target/.env HTTP/1.1" 404 564 "-" "Mozilla/5.0 (Macintosh; Intel Mac OS X 10_12_3) AppleWebKit/537.36 (KHTML, like Gecko) Chrome/56.0.2924.87 Safari/537.36"
94.72.101.21 - - [02/Nov/2024:20:04:04 +0000] "GET /temanr10/.env HTTP/1.1" 404 564 "-" "Mozilla/5.0 (Macintosh; Intel Mac OS X 10_12_3) AppleWebKit/537.36 (KHTML, like Gecko) Chrome/56.0.2924.87 Safari/537.36"
94.72.101.21 - - [02/Nov/2024:20:04:04 +0000] "GET /temanr9/.env HTTP/1.1" 404 564 "-" "Mozilla/5.0 (Macintosh; Intel Mac OS X 10_12_3) AppleWebKit/537.36 (KHTML, like Gecko) Chrome/56.0.2924.87 Safari/537.36"
94.72.101.21 - - [02/Nov/2024:20:04:04 +0000] "GET /temp/.env HTTP/1.1" 404 564 "-" "Mozilla/5.0 (Macintosh; Intel Mac OS X 10_12_3) AppleWebKit/537.36 (KHTML, like Gecko) Chrome/56.0.2924.87 Safari/537.36"
94.72.101.21 - - [02/Nov/2024:20:04:05 +0000] "GET /template/.env HTTP/1.1" 404 564 "-" "Mozilla/5.0 (Macintosh; Intel Mac OS X 10_12_3) AppleWebKit/537.36 (KHTML, like Gecko) Chrome/56.0.2924.87 Safari/537.36"
94.72.101.21 - - [02/Nov/2024:20:04:05 +0000] "GET /templates/.env HTTP/1.1" 404 564 "-" "Mozilla/5.0 (Macintosh; Intel Mac OS X 10_12_3) AppleWebKit/537.36 (KHTML, like Gecko) Chrome/56.0.2924.87 Safari/537.36"
94.72.101.21 - - [02/Nov/2024:20:04:05 +0000] "GET /test-network/.env HTTP/1.1" 404 564 "-" "Mozilla/5.0 (Macintosh; Intel Mac OS X 10_12_3) AppleWebKit/537.36 (KHTML, like Gecko) Chrome/56.0.2924.87 Safari/537.36"
94.72.101.21 - - [02/Nov/2024:20:04:05 +0000] "GET /test-network/addOrg3/.env HTTP/1.1" 404 564 "-" "Mozilla/5.0 (Macintosh; Intel Mac OS X 10_12_3) AppleWebKit/537.36 (KHTML, like Gecko) Chrome/56.0.2924.87 Safari/537.36"
94.72.101.21 - - [02/Nov/2024:20:04:06 +0000] "GET /test/.env HTTP/1.1" 404 564 "-" "Mozilla/5.0 (Macintosh; Intel Mac OS X 10_12_3) AppleWebKit/537.36 (KHTML, like Gecko) Chrome/56.0.2924.87 Safari/537.36"
94.72.101.21 - - [02/Nov/2024:20:04:06 +0000] "GET /test/.env.local HTTP/1.1" 404 564 "-" "Mozilla/5.0 (Macintosh; Intel Mac OS X 10_12_3) AppleWebKit/537.36 (KHTML, like Gecko) Chrome/56.0.2924.87 Safari/537.36"
94.72.101.21 - - [02/Nov/2024:20:04:06 +0000] "GET /test/.env.production HTTP/1.1" 404 564 "-" "Mozilla/5.0 (Macintosh; Intel Mac OS X 10_12_3) AppleWebKit/537.36 (KHTML, like Gecko) Chrome/56.0.2924.87 Safari/537.36"
94.72.101.21 - - [02/Nov/2024:20:04:06 +0000] "GET /test/.env.staging HTTP/1.1" 404 564 "-" "Mozilla/5.0 (Macintosh; Intel Mac OS X 10_12_3) AppleWebKit/537.36 (KHTML, like Gecko) Chrome/56.0.2924.87 Safari/537.36"
94.72.101.21 - - [02/Nov/2024:20:04:06 +0000] "GET /test/aries-js-worker/fixtures/.env HTTP/1.1" 404 564 "-" "Mozilla/5.0 (Macintosh; Intel Mac OS X 10_12_3) AppleWebKit/537.36 (KHTML, like Gecko) Chrome/56.0.2924.87 Safari/537.36"
94.72.101.21 - - [02/Nov/2024:20:04:07 +0000] "GET /test/bdd/fixtures/adapter-rest/.env HTTP/1.1" 404 564 "-" "Mozilla/5.0 (Macintosh; Intel Mac OS X 10_12_3) AppleWebKit/537.36 (KHTML, like Gecko) Chrome/56.0.2924.87 Safari/537.36"
94.72.101.21 - - [02/Nov/2024:20:04:07 +0000] "GET /test/bdd/fixtures/agent-rest/.env HTTP/1.1" 404 564 "-" "Mozilla/5.0 (Macintosh; Intel Mac OS X 10_12_3) AppleWebKit/537.36 (KHTML, like Gecko) Chrome/56.0.2924.87 Safari/537.36"
94.72.101.21 - - [02/Nov/2024:20:04:07 +0000] "GET /test/bdd/fixtures/couchdb/.env HTTP/1.1" 404 564 "-" "Mozilla/5.0 (Macintosh; Intel Mac OS X 10_12_3) AppleWebKit/537.36 (KHTML, like Gecko) Chrome/56.0.2924.87 Safari/537.36"
94.72.101.21 - - [02/Nov/2024:20:04:07 +0000] "GET /test/bdd/fixtures/demo/.env HTTP/1.1" 404 564 "-" "Mozilla/5.0 (Macintosh; Intel Mac OS X 10_12_3) AppleWebKit/537.36 (KHTML, like Gecko) Chrome/56.0.2924.87 Safari/537.36"
94.72.101.21 - - [02/Nov/2024:20:04:08 +0000] "GET /test/bdd/fixtures/demo/openapi/.env HTTP/1.1" 404 564 "-" "Mozilla/5.0 (Macintosh; Intel Mac OS X 10_12_3) AppleWebKit/537.36 (KHTML, like Gecko) Chrome/56.0.2924.87 Safari/537.36"
94.72.101.21 - - [02/Nov/2024:20:04:08 +0000] "GET /test/bdd/fixtures/did-method-rest/.env HTTP/1.1" 404 564 "-" "Mozilla/5.0 (Macintosh; Intel Mac OS X 10_12_3) AppleWebKit/537.36 (KHTML, like Gecko) Chrome/56.0.2924.87 Safari/537.36"
94.72.101.21 - - [02/Nov/2024:20:04:08 +0000] "GET /test/bdd/fixtures/did-rest/.env HTTP/1.1" 404 564 "-" "Mozilla/5.0 (Macintosh; Intel Mac OS X 10_12_3) AppleWebKit/537.36 (KHTML, like Gecko) Chrome/56.0.2924.87 Safari/537.36"
94.72.101.21 - - [02/Nov/2024:20:04:08 +0000] "GET /test/bdd/fixtures/edv-rest/.env HTTP/1.1" 404 564 "-" "Mozilla/5.0 (Macintosh; Intel Mac OS X 10_12_3) AppleWebKit/537.36 (KHTML, like Gecko) Chrome/56.0.2924.87 Safari/537.36"
94.72.101.21 - - [02/Nov/2024:20:04:08 +0000] "GET /test/bdd/fixtures/openapi-demo/.env HTTP/1.1" 404 564 "-" "Mozilla/5.0 (Macintosh; Intel Mac OS X 10_12_3) AppleWebKit/537.36 (KHTML, like Gecko) Chrome/56.0.2924.87 Safari/537.36"
94.72.101.21 - - [02/Nov/2024:20:04:09 +0000] "GET /test/bdd/fixtures/sidetree-mock/.env HTTP/1.1" 404 564 "-" "Mozilla/5.0 (Macintosh; Intel Mac OS X 10_12_3) AppleWebKit/537.36 (KHTML, like Gecko) Chrome/56.0.2924.87 Safari/537.36"
94.72.101.21 - - [02/Nov/2024:20:04:09 +0000] "GET /test/bdd/fixtures/universalresolver/.env HTTP/1.1" 404 564 "-" "Mozilla/5.0 (Macintosh; Intel Mac OS X 10_12_3) AppleWebKit/537.36 (KHTML, like Gecko) Chrome/56.0.2924.87 Safari/537.36"
94.72.101.21 - - [02/Nov/2024:20:04:09 +0000] "GET /test/bdd/fixtures/vc-rest/.env HTTP/1.1" 404 564 "-" "Mozilla/5.0 (Macintosh; Intel Mac OS X 10_12_3) AppleWebKit/537.36 (KHTML, like Gecko) Chrome/56.0.2924.87 Safari/537.36"
94.72.101.21 - - [02/Nov/2024:20:04:09 +0000] "GET /test/fixtures/.env HTTP/1.1" 404 564 "-" "Mozilla/5.0 (Macintosh; Intel Mac OS X 10_12_3) AppleWebKit/537.36 (KHTML, like Gecko) Chrome/56.0.2924.87 Safari/537.36"
94.72.101.21 - - [02/Nov/2024:20:04:10 +0000] "GET /test/fixtures/app_types/node/.env HTTP/1.1" 404 564 "-" "Mozilla/5.0 (Macintosh; Intel Mac OS X 10_12_3) AppleWebKit/537.36 (KHTML, like Gecko) Chrome/56.0.2924.87 Safari/537.36"
94.72.101.21 - - [02/Nov/2024:20:04:10 +0000] "GET /test/fixtures/app_types/rails/.env HTTP/1.1" 404 564 "-" "Mozilla/5.0 (Macintosh; Intel Mac OS X 10_12_3) AppleWebKit/537.36 (KHTML, like Gecko) Chrome/56.0.2924.87 Safari/537.36"
94.72.101.21 - - [02/Nov/2024:20:04:10 +0000] "GET /test/fixtures/node_path/.env HTTP/1.1" 404 564 "-" "Mozilla/5.0 (Macintosh; Intel Mac OS X 10_12_3) AppleWebKit/537.36 (KHTML, like Gecko) Chrome/56.0.2924.87 Safari/537.36"
94.72.101.21 - - [02/Nov/2024:20:04:10 +0000] "GET /test/integration/env-config/app/.env HTTP/1.1" 404 564 "-" "Mozilla/5.0 (Macintosh; Intel Mac OS X 10_12_3) AppleWebKit/537.36 (KHTML, like Gecko) Chrome/56.0.2924.87 Safari/537.36"
94.72.101.21 - - [02/Nov/2024:20:04:10 +0000] "GET /testfiles/.env HTTP/1.1" 404 564 "-" "Mozilla/5.0 (Macintosh; Intel Mac OS X 10_12_3) AppleWebKit/537.36 (KHTML, like Gecko) Chrome/56.0.2924.87 Safari/537.36"
94.72.101.21 - - [02/Nov/2024:20:04:11 +0000] "GET /testing/docker/.env HTTP/1.1" 404 564 "-" "Mozilla/5.0 (Macintosh; Intel Mac OS X 10_12_3) AppleWebKit/537.36 (KHTML, like Gecko) Chrome/56.0.2924.87 Safari/537.36"
94.72.101.21 - - [02/Nov/2024:20:04:11 +0000] "GET /tests/.env HTTP/1.1" 404 564 "-" "Mozilla/5.0 (Macintosh; Intel Mac OS X 10_12_3) AppleWebKit/537.36 (KHTML, like Gecko) Chrome/56.0.2924.87 Safari/537.36"
94.72.101.21 - - [02/Nov/2024:20:04:11 +0000] "GET /tests/Integration/Environment/.env HTTP/1.1" 404 564 "-" "Mozilla/5.0 (Macintosh; Intel Mac OS X 10_12_3) AppleWebKit/537.36 (KHTML, like Gecko) Chrome/56.0.2924.87 Safari/537.36"
94.72.101.21 - - [02/Nov/2024:20:04:11 +0000] "GET /tests/default_settings/v10.0/.env HTTP/1.1" 404 564 "-" "Mozilla/5.0 (Macintosh; Intel Mac OS X 10_12_3) AppleWebKit/537.36 (KHTML, like Gecko) Chrome/56.0.2924.87 Safari/537.36"
94.72.101.21 - - [02/Nov/2024:20:04:12 +0000] "GET /tests/default_settings/v11.0/.env HTTP/1.1" 404 564 "-" "Mozilla/5.0 (Macintosh; Intel Mac OS X 10_12_3) AppleWebKit/537.36 (KHTML, like Gecko) Chrome/56.0.2924.87 Safari/537.36"
94.72.101.21 - - [02/Nov/2024:20:04:12 +0000] "GET /tests/default_settings/v12.0/.env HTTP/1.1" 404 564 "-" "Mozilla/5.0 (Macintosh; Intel Mac OS X 10_12_3) AppleWebKit/537.36 (KHTML, like Gecko) Chrome/56.0.2924.87 Safari/537.36"
94.72.101.21 - - [02/Nov/2024:20:04:12 +0000] "GET /tests/default_settings/v13.0/.env HTTP/1.1" 404 564 "-" "Mozilla/5.0 (Macintosh; Intel Mac OS X 10_12_3) AppleWebKit/537.36 (KHTML, like Gecko) Chrome/56.0.2924.87 Safari/537.36"
94.72.101.21 - - [02/Nov/2024:20:04:13 +0000] "GET /tests/default_settings/v7.0/.env HTTP/1.1" 404 564 "-" "Mozilla/5.0 (Macintosh; Intel Mac OS X 10_12_3) AppleWebKit/537.36 (KHTML, like Gecko) Chrome/56.0.2924.87 Safari/537.36"
94.72.101.21 - - [02/Nov/2024:20:04:13 +0000] "GET /tests/default_settings/v8.0/.env HTTP/1.1" 404 564 "-" "Mozilla/5.0 (Macintosh; Intel Mac OS X 10_12_3) AppleWebKit/537.36 (KHTML, like Gecko) Chrome/56.0.2924.87 Safari/537.36"
94.72.101.21 - - [02/Nov/2024:20:04:13 +0000] "GET /tests/default_settings/v9.0/.env HTTP/1.1" 404 564 "-" "Mozilla/5.0 (Macintosh; Intel Mac OS X 10_12_3) AppleWebKit/537.36 (KHTML, like Gecko) Chrome/56.0.2924.87 Safari/537.36"
94.72.101.21 - - [02/Nov/2024:20:04:13 +0000] "GET /tests/drupal-test/.env HTTP/1.1" 404 564 "-" "Mozilla/5.0 (Macintosh; Intel Mac OS X 10_12_3) AppleWebKit/537.36 (KHTML, like Gecko) Chrome/56.0.2924.87 Safari/537.36"
94.72.101.21 - - [02/Nov/2024:20:04:13 +0000] "GET /tests/todo-react/.env HTTP/1.1" 404 564 "-" "Mozilla/5.0 (Macintosh; Intel Mac OS X 10_12_3) AppleWebKit/537.36 (KHTML, like Gecko) Chrome/56.0.2924.87 Safari/537.36"
94.72.101.21 - - [02/Nov/2024:20:04:13 +0000] "GET /testwork_json/.env HTTP/1.1" 404 564 "-" "Mozilla/5.0 (Macintosh; Intel Mac OS X 10_12_3) AppleWebKit/537.36 (KHTML, like Gecko) Chrome/56.0.2924.87 Safari/537.36"
94.72.101.21 - - [02/Nov/2024:20:04:14 +0000] "GET /theme/.env HTTP/1.1" 404 564 "-" "Mozilla/5.0 (Macintosh; Intel Mac OS X 10_12_3) AppleWebKit/537.36 (KHTML, like Gecko) Chrome/56.0.2924.87 Safari/537.36"
94.72.101.21 - - [02/Nov/2024:20:04:15 +0000] "GET /theme_static/.env HTTP/1.1" 404 564 "-" "Mozilla/5.0 (Macintosh; Intel Mac OS X 10_12_3) AppleWebKit/537.36 (KHTML, like Gecko) Chrome/56.0.2924.87 Safari/537.36"
94.72.101.21 - - [02/Nov/2024:20:04:15 +0000] "GET /thumb/.env HTTP/1.1" 404 564 "-" "Mozilla/5.0 (Macintosh; Intel Mac OS X 10_12_3) AppleWebKit/537.36 (KHTML, like Gecko) Chrome/56.0.2924.87 Safari/537.36"
94.72.101.21 - - [02/Nov/2024:20:04:15 +0000] "GET /thumbs/.env HTTP/1.1" 404 564 "-" "Mozilla/5.0 (Macintosh; Intel Mac OS X 10_12_3) AppleWebKit/537.36 (KHTML, like Gecko) Chrome/56.0.2924.87 Safari/537.36"
94.72.101.21 - - [02/Nov/2024:20:04:16 +0000] "GET /tiedostot/.env HTTP/1.1" 404 564 "-" "Mozilla/5.0 (Macintosh; Intel Mac OS X 10_12_3) AppleWebKit/537.36 (KHTML, like Gecko) Chrome/56.0.2924.87 Safari/537.36"
94.72.101.21 - - [02/Nov/2024:20:04:16 +0000] "GET /time.php HTTP/1.1" 404 564 "-" "Mozilla/5.0 (Macintosh; Intel Mac OS X 10_12_3) AppleWebKit/537.36 (KHTML, like Gecko) Chrome/56.0.2924.87 Safari/537.36"
94.72.101.21 - - [02/Nov/2024:20:04:16 +0000] "GET /tmp/.env HTTP/1.1" 404 564 "-" "Mozilla/5.0 (Macintosh; Intel Mac OS X 10_12_3) AppleWebKit/537.36 (KHTML, like Gecko) Chrome/56.0.2924.87 Safari/537.36"
94.72.101.21 - - [02/Nov/2024:20:04:16 +0000] "GET /token.php HTTP/1.1" 404 564 "-" "Mozilla/5.0 (Macintosh; Intel Mac OS X 10_12_3) AppleWebKit/537.36 (KHTML, like Gecko) Chrome/56.0.2924.87 Safari/537.36"
94.72.101.21 - - [02/Nov/2024:20:04:16 +0000] "GET /ts/prime/.env HTTP/1.1" 404 564 "-" "Mozilla/5.0 (Macintosh; Intel Mac OS X 10_12_3) AppleWebKit/537.36 (KHTML, like Gecko) Chrome/56.0.2924.87 Safari/537.36"
94.72.101.21 - - [02/Nov/2024:20:04:16 +0000] "GET /twitter/.env HTTP/1.1" 404 564 "-" "Mozilla/5.0 (Macintosh; Intel Mac OS X 10_12_3) AppleWebKit/537.36 (KHTML, like Gecko) Chrome/56.0.2924.87 Safari/537.36"
94.72.101.21 - - [02/Nov/2024:20:04:17 +0000] "GET /ubuntu/.env HTTP/1.1" 404 564 "-" "Mozilla/5.0 (Macintosh; Intel Mac OS X 10_12_3) AppleWebKit/537.36 (KHTML, like Gecko) Chrome/56.0.2924.87 Safari/537.36"
94.72.101.21 - - [02/Nov/2024:20:04:17 +0000] "GET /ui/.env HTTP/1.1" 404 564 "-" "Mozilla/5.0 (Macintosh; Intel Mac OS X 10_12_3) AppleWebKit/537.36 (KHTML, like Gecko) Chrome/56.0.2924.87 Safari/537.36"
94.72.101.21 - - [02/Nov/2024:20:04:17 +0000] "GET /unixtime/.env HTTP/1.1" 404 564 "-" "Mozilla/5.0 (Macintosh; Intel Mac OS X 10_12_3) AppleWebKit/537.36 (KHTML, like Gecko) Chrome/56.0.2924.87 Safari/537.36"
94.72.101.21 - - [02/Nov/2024:20:04:17 +0000] "GET /unsplash-downloader/.env HTTP/1.1" 404 564 "-" "Mozilla/5.0 (Macintosh; Intel Mac OS X 10_12_3) AppleWebKit/537.36 (KHTML, like Gecko) Chrome/56.0.2924.87 Safari/537.36"
94.72.101.21 - - [02/Nov/2024:20:04:17 +0000] "GET /upfiles/.env HTTP/1.1" 404 564 "-" "Mozilla/5.0 (Macintosh; Intel Mac OS X 10_12_3) AppleWebKit/537.36 (KHTML, like Gecko) Chrome/56.0.2924.87 Safari/537.36"
94.72.101.21 - - [02/Nov/2024:20:04:17 +0000] "GET /upload/.env HTTP/1.1" 404 564 "-" "Mozilla/5.0 (Macintosh; Intel Mac OS X 10_12_3) AppleWebKit/537.36 (KHTML, like Gecko) Chrome/56.0.2924.87 Safari/537.36"
94.72.101.21 - - [02/Nov/2024:20:04:18 +0000] "GET /urlmem-app/.env HTTP/1.1" 404 564 "-" "Mozilla/5.0 (Macintosh; Intel Mac OS X 10_12_3) AppleWebKit/537.36 (KHTML, like Gecko) Chrome/56.0.2924.87 Safari/537.36"
94.72.101.21 - - [02/Nov/2024:20:04:18 +0000] "GET /user/.env HTTP/1.1" 404 564 "-" "Mozilla/5.0 (Macintosh; Intel Mac OS X 10_12_3) AppleWebKit/537.36 (KHTML, like Gecko) Chrome/56.0.2924.87 Safari/537.36"
94.72.101.21 - - [02/Nov/2024:20:04:18 +0000] "GET /user/.env.local HTTP/1.1" 404 564 "-" "Mozilla/5.0 (Macintosh; Intel Mac OS X 10_12_3) AppleWebKit/537.36 (KHTML, like Gecko) Chrome/56.0.2924.87 Safari/537.36"
94.72.101.21 - - [02/Nov/2024:20:04:19 +0000] "GET /var/backup/.env HTTP/1.1" 404 564 "-" "Mozilla/5.0 (Macintosh; Intel Mac OS X 10_12_3) AppleWebKit/537.36 (KHTML, like Gecko) Chrome/56.0.2924.87 Safari/537.36"
94.72.101.21 - - [02/Nov/2024:20:04:19 +0000] "GET /vendor/github.com/gobuffalo/envy/.env HTTP/1.1" 404 564 "-" "Mozilla/5.0 (Macintosh; Intel Mac OS X 10_12_3) AppleWebKit/537.36 (KHTML, like Gecko) Chrome/56.0.2924.87 Safari/537.36"
94.72.101.21 - - [02/Nov/2024:20:04:19 +0000] "GET /vendor/github.com/subosito/gotenv/.env HTTP/1.1" 404 564 "-" "Mozilla/5.0 (Macintosh; Intel Mac OS X 10_12_3) AppleWebKit/537.36 (KHTML, like Gecko) Chrome/56.0.2924.87 Safari/537.36"
94.72.101.21 - - [02/Nov/2024:20:04:19 +0000] "GET /videos/.env HTTP/1.1" 404 564 "-" "Mozilla/5.0 (Macintosh; Intel Mac OS X 10_12_3) AppleWebKit/537.36 (KHTML, like Gecko) Chrome/56.0.2924.87 Safari/537.36"
94.72.101.21 - - [02/Nov/2024:20:04:19 +0000] "GET /vm-docker-compose/.env HTTP/1.1" 404 564 "-" "Mozilla/5.0 (Macintosh; Intel Mac OS X 10_12_3) AppleWebKit/537.36 (KHTML, like Gecko) Chrome/56.0.2924.87 Safari/537.36"
94.72.101.21 - - [02/Nov/2024:20:04:19 +0000] "GET /vod_installer/.env HTTP/1.1" 404 564 "-" "Mozilla/5.0 (Macintosh; Intel Mac OS X 10_12_3) AppleWebKit/537.36 (KHTML, like Gecko) Chrome/56.0.2924.87 Safari/537.36"
94.72.101.21 - - [02/Nov/2024:20:04:20 +0000] "GET /vue-end/vue-til/.env HTTP/1.1" 404 564 "-" "Mozilla/5.0 (Macintosh; Intel Mac OS X 10_12_3) AppleWebKit/537.36 (KHTML, like Gecko) Chrome/56.0.2924.87 Safari/537.36"
94.72.101.21 - - [02/Nov/2024:20:04:20 +0000] "GET /vue/vuecli/.env HTTP/1.1" 404 564 "-" "Mozilla/5.0 (Macintosh; Intel Mac OS X 10_12_3) AppleWebKit/537.36 (KHTML, like Gecko) Chrome/56.0.2924.87 Safari/537.36"
94.72.101.21 - - [02/Nov/2024:20:04:21 +0000] "GET /vue_CRM/.env HTTP/1.1" 404 564 "-" "Mozilla/5.0 (Macintosh; Intel Mac OS X 10_12_3) AppleWebKit/537.36 (KHTML, like Gecko) Chrome/56.0.2924.87 Safari/537.36"
94.72.101.21 - - [02/Nov/2024:20:04:21 +0000] "GET /web-dist/.env HTTP/1.1" 404 564 "-" "Mozilla/5.0 (Macintosh; Intel Mac OS X 10_12_3) AppleWebKit/537.36 (KHTML, like Gecko) Chrome/56.0.2924.87 Safari/537.36"
94.72.101.21 - - [02/Nov/2024:20:04:21 +0000] "GET /web/.env.local HTTP/1.1" 404 564 "-" "Mozilla/5.0 (Macintosh; Intel Mac OS X 10_12_3) AppleWebKit/537.36 (KHTML, like Gecko) Chrome/56.0.2924.87 Safari/537.36"
94.72.101.21 - - [02/Nov/2024:20:04:21 +0000] "GET /web/.env.production HTTP/1.1" 404 564 "-" "Mozilla/5.0 (Macintosh; Intel Mac OS X 10_12_3) AppleWebKit/537.36 (KHTML, like Gecko) Chrome/56.0.2924.87 Safari/537.36"
94.72.101.21 - - [02/Nov/2024:20:04:22 +0000] "GET /web/.env.staging HTTP/1.1" 404 564 "-" "Mozilla/5.0 (Macintosh; Intel Mac OS X 10_12_3) AppleWebKit/537.36 (KHTML, like Gecko) Chrome/56.0.2924.87 Safari/537.36"
94.72.101.21 - - [02/Nov/2024:20:04:22 +0000] "GET /webroot_path/.env HTTP/1.1" 404 564 "-" "Mozilla/5.0 (Macintosh; Intel Mac OS X 10_12_3) AppleWebKit/537.36 (KHTML, like Gecko) Chrome/56.0.2924.87 Safari/537.36"
94.72.101.21 - - [02/Nov/2024:20:04:22 +0000] "GET /website/.env HTTP/1.1" 404 564 "-" "Mozilla/5.0 (Macintosh; Intel Mac OS X 10_12_3) AppleWebKit/537.36 (KHTML, like Gecko) Chrome/56.0.2924.87 Safari/537.36"
94.72.101.21 - - [02/Nov/2024:20:04:22 +0000] "GET /website/.env.local HTTP/1.1" 404 564 "-" "Mozilla/5.0 (Macintosh; Intel Mac OS X 10_12_3) AppleWebKit/537.36 (KHTML, like Gecko) Chrome/56.0.2924.87 Safari/537.36"
94.72.101.21 - - [02/Nov/2024:20:04:23 +0000] "GET /website/.env.production HTTP/1.1" 404 564 "-" "Mozilla/5.0 (Macintosh; Intel Mac OS X 10_12_3) AppleWebKit/537.36 (KHTML, like Gecko) Chrome/56.0.2924.87 Safari/537.36"
94.72.101.21 - - [02/Nov/2024:20:04:23 +0000] "GET /website/.env.staging HTTP/1.1" 404 564 "-" "Mozilla/5.0 (Macintosh; Intel Mac OS X 10_12_3) AppleWebKit/537.36 (KHTML, like Gecko) Chrome/56.0.2924.87 Safari/537.36"
94.72.101.21 - - [02/Nov/2024:20:04:23 +0000] "GET /websocket/.env HTTP/1.1" 404 564 "-" "Mozilla/5.0 (Macintosh; Intel Mac OS X 10_12_3) AppleWebKit/537.36 (KHTML, like Gecko) Chrome/56.0.2924.87 Safari/537.36"
94.72.101.21 - - [02/Nov/2024:20:04:23 +0000] "GET /webstatic/.env HTTP/1.1" 404 564 "-" "Mozilla/5.0 (Macintosh; Intel Mac OS X 10_12_3) AppleWebKit/537.36 (KHTML, like Gecko) Chrome/56.0.2924.87 Safari/537.36"
94.72.101.21 - - [02/Nov/2024:20:04:23 +0000] "GET /webui/.env HTTP/1.1" 404 564 "-" "Mozilla/5.0 (Macintosh; Intel Mac OS X 10_12_3) AppleWebKit/537.36 (KHTML, like Gecko) Chrome/56.0.2924.87 Safari/537.36"
94.72.101.21 - - [02/Nov/2024:20:04:24 +0000] "GET /well-known/.env HTTP/1.1" 404 564 "-" "Mozilla/5.0 (Macintosh; Intel Mac OS X 10_12_3) AppleWebKit/537.36 (KHTML, like Gecko) Chrome/56.0.2924.87 Safari/537.36"
94.72.101.21 - - [02/Nov/2024:20:04:24 +0000] "GET /whturk/.env HTTP/1.1" 404 564 "-" "Mozilla/5.0 (Macintosh; Intel Mac OS X 10_12_3) AppleWebKit/537.36 (KHTML, like Gecko) Chrome/56.0.2924.87 Safari/537.36"
94.72.101.21 - - [02/Nov/2024:20:04:24 +0000] "GET /windows/tests/9.2.x/.env HTTP/1.1" 404 564 "-" "Mozilla/5.0 (Macintosh; Intel Mac OS X 10_12_3) AppleWebKit/537.36 (KHTML, like Gecko) Chrome/56.0.2924.87 Safari/537.36"
94.72.101.21 - - [02/Nov/2024:20:04:24 +0000] "GET /windows/tests/9.3.x/.env HTTP/1.1" 404 564 "-" "Mozilla/5.0 (Macintosh; Intel Mac OS X 10_12_3) AppleWebKit/537.36 (KHTML, like Gecko) Chrome/56.0.2924.87 Safari/537.36"
94.72.101.21 - - [02/Nov/2024:20:04:25 +0000] "GET /www-data/.env HTTP/1.1" 404 564 "-" "Mozilla/5.0 (Macintosh; Intel Mac OS X 10_12_3) AppleWebKit/537.36 (KHTML, like Gecko) Chrome/56.0.2924.87 Safari/537.36"
94.72.101.21 - - [02/Nov/2024:20:04:25 +0000] "GET /xampp/.env HTTP/1.1" 404 564 "-" "Mozilla/5.0 (Macintosh; Intel Mac OS X 10_12_3) AppleWebKit/537.36 (KHTML, like Gecko) Chrome/56.0.2924.87 Safari/537.36"
94.72.101.21 - - [02/Nov/2024:20:04:25 +0000] "GET /xampp/.env.local HTTP/1.1" 404 564 "-" "Mozilla/5.0 (Macintosh; Intel Mac OS X 10_12_3) AppleWebKit/537.36 (KHTML, like Gecko) Chrome/56.0.2924.87 Safari/537.36"
94.72.101.21 - - [02/Nov/2024:20:04:26 +0000] "GET /xampp/.env.production HTTP/1.1" 404 564 "-" "Mozilla/5.0 (Macintosh; Intel Mac OS X 10_12_3) AppleWebKit/537.36 (KHTML, like Gecko) Chrome/56.0.2924.87 Safari/537.36"
94.72.101.21 - - [02/Nov/2024:20:04:26 +0000] "GET /xampp/.env.staging HTTP/1.1" 404 564 "-" "Mozilla/5.0 (Macintosh; Intel Mac OS X 10_12_3) AppleWebKit/537.36 (KHTML, like Gecko) Chrome/56.0.2924.87 Safari/537.36"
94.72.101.21 - - [02/Nov/2024:20:04:26 +0000] "GET /xx-final/vue-heroes/.env HTTP/1.1" 404 564 "-" "Mozilla/5.0 (Macintosh; Intel Mac OS X 10_12_3) AppleWebKit/537.36 (KHTML, like Gecko) Chrome/56.0.2924.87 Safari/537.36"
94.72.101.21 - - [02/Nov/2024:20:04:26 +0000] "GET /zmusic-frontend/.env HTTP/1.1" 404 564 "-" "Mozilla/5.0 (Macintosh; Intel Mac OS X 10_12_3) AppleWebKit/537.36 (KHTML, like Gecko) Chrome/56.0.2924.87 Safari/537.36"
94.72.101.21 - - [02/Nov/2024:20:04:26 +0000] "GET /example02-golang-package/import-underscore/.env HTTP/1.1" 404 564 "-" "Mozilla/5.0 (Macintosh; Intel Mac OS X 10_12_3) AppleWebKit/537.36 (KHTML, like Gecko) Chrome/56.0.2924.87 Safari/537.36"
94.72.101.21 - - [02/Nov/2024:20:04:26 +0000] "GET /example27-how-to-load-env/sample01/.env HTTP/1.1" 404 564 "-" "Mozilla/5.0 (Macintosh; Intel Mac OS X 10_12_3) AppleWebKit/537.36 (KHTML, like Gecko) Chrome/56.0.2924.87 Safari/537.36"
94.72.101.21 - - [02/Nov/2024:20:04:27 +0000] "GET /example27-how-to-load-env/sample02/.env HTTP/1.1" 404 564 "-" "Mozilla/5.0 (Macintosh; Intel Mac OS X 10_12_3) AppleWebKit/537.36 (KHTML, like Gecko) Chrome/56.0.2924.87 Safari/537.36"
94.72.101.21 - - [02/Nov/2024:20:04:27 +0000] "GET /examples/.env HTTP/1.1" 404 564 "-" "Mozilla/5.0 (Macintosh; Intel Mac OS X 10_12_3) AppleWebKit/537.36 (KHTML, like Gecko) Chrome/56.0.2924.87 Safari/537.36"
94.72.101.21 - - [02/Nov/2024:20:04:27 +0000] "GET /examples/01-simple-model/.env HTTP/1.1" 404 564 "-" "Mozilla/5.0 (Macintosh; Intel Mac OS X 10_12_3) AppleWebKit/537.36 (KHTML, like Gecko) Chrome/56.0.2924.87 Safari/537.36"
94.72.101.21 - - [02/Nov/2024:20:04:27 +0000] "GET /examples/02-complex-example/.env HTTP/1.1" 404 564 "-" "Mozilla/5.0 (Macintosh; Intel Mac OS X 10_12_3) AppleWebKit/537.36 (KHTML, like Gecko) Chrome/56.0.2924.87 Safari/537.36"
94.72.101.21 - - [02/Nov/2024:20:04:28 +0000] "GET /examples/03-one-to-many-relationship/.env HTTP/1.1" 404 564 "-" "Mozilla/5.0 (Macintosh; Intel Mac OS X 10_12_3) AppleWebKit/537.36 (KHTML, like Gecko) Chrome/56.0.2924.87 Safari/537.36"
94.72.101.21 - - [02/Nov/2024:20:04:28 +0000] "GET /examples/04-many-to-many-relationship/.env HTTP/1.1" 404 564 "-" "Mozilla/5.0 (Macintosh; Intel Mac OS X 10_12_3) AppleWebKit/537.36 (KHTML, like Gecko) Chrome/56.0.2924.87 Safari/537.36"
94.72.101.21 - - [02/Nov/2024:20:04:28 +0000] "GET /examples/05-migrations/.env HTTP/1.1" 404 564 "-" "Mozilla/5.0 (Macintosh; Intel Mac OS X 10_12_3) AppleWebKit/537.36 (KHTML, like Gecko) Chrome/56.0.2924.87 Safari/537.36"
94.72.101.21 - - [02/Nov/2024:20:04:29 +0000] "GET /examples/06-base-service/.env HTTP/1.1" 404 564 "-" "Mozilla/5.0 (Macintosh; Intel Mac OS X 10_12_3) AppleWebKit/537.36 (KHTML, like Gecko) Chrome/56.0.2924.87 Safari/537.36"
94.72.101.21 - - [02/Nov/2024:20:04:29 +0000] "GET /examples/07-feature-flags/.env HTTP/1.1" 404 564 "-" "Mozilla/5.0 (Macintosh; Intel Mac OS X 10_12_3) AppleWebKit/537.36 (KHTML, like Gecko) Chrome/56.0.2924.87 Safari/537.36"
94.72.101.21 - - [02/Nov/2024:20:04:29 +0000] "GET /examples/08-performance/.env HTTP/1.1" 404 564 "-" "Mozilla/5.0 (Macintosh; Intel Mac OS X 10_12_3) AppleWebKit/537.36 (KHTML, like Gecko) Chrome/56.0.2924.87 Safari/537.36"
94.72.101.21 - - [02/Nov/2024:20:04:30 +0000] "GET /examples/09-production/.env HTTP/1.1" 404 564 "-" "Mozilla/5.0 (Macintosh; Intel Mac OS X 10_12_3) AppleWebKit/537.36 (KHTML, like Gecko) Chrome/56.0.2924.87 Safari/537.36"
94.72.101.21 - - [02/Nov/2024:20:04:30 +0000] "GET /examples/10-subscriptions/.env HTTP/1.1" 404 564 "-" "Mozilla/5.0 (Macintosh; Intel Mac OS X 10_12_3) AppleWebKit/537.36 (KHTML, like Gecko) Chrome/56.0.2924.87 Safari/537.36"
94.72.101.21 - - [02/Nov/2024:20:04:30 +0000] "GET /examples/11-transactions/.env HTTP/1.1" 404 564 "-" "Mozilla/5.0 (Macintosh; Intel Mac OS X 10_12_3) AppleWebKit/537.36 (KHTML, like Gecko) Chrome/56.0.2924.87 Safari/537.36"
94.72.101.21 - - [02/Nov/2024:20:04:31 +0000] "GET /examples/drupal-separate-services/.env HTTP/1.1" 404 564 "-" "Mozilla/5.0 (Macintosh; Intel Mac OS X 10_12_3) AppleWebKit/537.36 (KHTML, like Gecko) Chrome/56.0.2924.87 Safari/537.36"
94.72.101.21 - - [02/Nov/2024:20:04:31 +0000] "GET /examples/react-dashboard/backend/.env HTTP/1.1" 404 564 "-" "Mozilla/5.0 (Macintosh; Intel Mac OS X 10_12_3) AppleWebKit/537.36 (KHTML, like Gecko) Chrome/56.0.2924.87 Safari/537.36"
94.72.101.21 - - [02/Nov/2024:20:04:31 +0000] "GET /examples/sdl-first/.env HTTP/1.1" 404 564 "-" "Mozilla/5.0 (Macintosh; Intel Mac OS X 10_12_3) AppleWebKit/537.36 (KHTML, like Gecko) Chrome/56.0.2924.87 Safari/537.36"
94.72.101.21 - - [02/Nov/2024:20:04:31 +0000] "GET /examples/sdl-first/prisma/.env HTTP/1.1" 404 564 "-" "Mozilla/5.0 (Macintosh; Intel Mac OS X 10_12_3) AppleWebKit/537.36 (KHTML, like Gecko) Chrome/56.0.2924.87 Safari/537.36"
94.72.101.21 - - [02/Nov/2024:20:04:32 +0000] "GET /examples/vue-dashboard/backend/.env HTTP/1.1" 404 564 "-" "Mozilla/5.0 (Macintosh; Intel Mac OS X 10_12_3) AppleWebKit/537.36 (KHTML, like Gecko) Chrome/56.0.2924.87 Safari/537.36"
94.72.101.21 - - [02/Nov/2024:20:04:32 +0000] "GET /examples/web/.env HTTP/1.1" 404 564 "-" "Mozilla/5.0 (Macintosh; Intel Mac OS X 10_12_3) AppleWebKit/537.36 (KHTML, like Gecko) Chrome/56.0.2924.87 Safari/537.36"
94.72.101.21 - - [02/Nov/2024:20:04:32 +0000] "GET /examples/with-cookie-auth-fauna/.env HTTP/1.1" 404 564 "-" "Mozilla/5.0 (Macintosh; Intel Mac OS X 10_12_3) AppleWebKit/537.36 (KHTML, like Gecko) Chrome/56.0.2924.87 Safari/537.36"
94.72.101.21 - - [02/Nov/2024:20:04:32 +0000] "GET /examples/with-dotenv/.env HTTP/1.1" 404 564 "-" "Mozilla/5.0 (Macintosh; Intel Mac OS X 10_12_3) AppleWebKit/537.36 (KHTML, like Gecko) Chrome/56.0.2924.87 Safari/537.36"
94.72.101.21 - - [02/Nov/2024:20:04:32 +0000] "GET /examples/with-firebase-authentication-serverless/.env HTTP/1.1" 404 564 "-" "Mozilla/5.0 (Macintosh; Intel Mac OS X 10_12_3) AppleWebKit/537.36 (KHTML, like Gecko) Chrome/56.0.2924.87 Safari/537.36"
94.72.101.21 - - [02/Nov/2024:20:04:33 +0000] "GET /examples/with-react-relay-network-modern/.env HTTP/1.1" 404 564 "-" "Mozilla/5.0 (Macintosh; Intel Mac OS X 10_12_3) AppleWebKit/537.36 (KHTML, like Gecko) Chrome/56.0.2924.87 Safari/537.36"
94.72.101.21 - - [02/Nov/2024:20:04:33 +0000] "GET /examples/with-relay-modern/.env HTTP/1.1" 404 564 "-" "Mozilla/5.0 (Macintosh; Intel Mac OS X 10_12_3) AppleWebKit/537.36 (KHTML, like Gecko) Chrome/56.0.2924.87 Safari/537.36"
94.72.101.21 - - [02/Nov/2024:20:04:33 +0000] "GET /examples/with-universal-configuration-build-time/.env HTTP/1.1" 404 564 "-" "Mozilla/5.0 (Macintosh; Intel Mac OS X 10_12_3) AppleWebKit/537.36 (KHTML, like Gecko) Chrome/56.0.2924.87 Safari/537.36"
94.72.101.21 - - [02/Nov/2024:20:04:34 +0000] "GET /.c9/metadata/environment/.env HTTP/1.1" 404 564 "-" "Mozilla/5.0 (Macintosh; Intel Mac OS X 10_12_3) AppleWebKit/537.36 (KHTML, like Gecko) Chrome/56.0.2924.87 Safari/537.36"
94.72.101.21 - - [02/Nov/2024:20:04:34 +0000] "GET /.config/gatsby/config.json HTTP/1.1" 404 564 "-" "Mozilla/5.0 (Macintosh; Intel Mac OS X 10_12_3) AppleWebKit/537.36 (KHTML, like Gecko) Chrome/56.0.2924.87 Safari/537.36"
94.72.101.21 - - [02/Nov/2024:20:04:34 +0000] "GET /07-accessing-data/begin/vue-heroes/.env HTTP/1.1" 404 564 "-" "Mozilla/5.0 (Macintosh; Intel Mac OS X 10_12_3) AppleWebKit/537.36 (KHTML, like Gecko) Chrome/56.0.2924.87 Safari/537.36"
94.72.101.21 - - [02/Nov/2024:20:04:34 +0000] "GET /07-accessing-data/end/vue-heroes/.env HTTP/1.1" 404 564 "-" "Mozilla/5.0 (Macintosh; Intel Mac OS X 10_12_3) AppleWebKit/537.36 (KHTML, like Gecko) Chrome/56.0.2924.87 Safari/537.36"
94.72.101.21 - - [02/Nov/2024:20:04:35 +0000] "GET /08-routing/begin/vue-heroes/.env HTTP/1.1" 404 564 "-" "Mozilla/5.0 (Macintosh; Intel Mac OS X 10_12_3) AppleWebKit/537.36 (KHTML, like Gecko) Chrome/56.0.2924.87 Safari/537.36"
94.72.101.21 - - [02/Nov/2024:20:04:35 +0000] "GET /08-routing/end/vue-heroes/.env HTTP/1.1" 404 564 "-" "Mozilla/5.0 (Macintosh; Intel Mac OS X 10_12_3) AppleWebKit/537.36 (KHTML, like Gecko) Chrome/56.0.2924.87 Safari/537.36"
94.72.101.21 - - [02/Nov/2024:20:04:35 +0000] "GET /09-managing-state/begin/vue-heroes/.env HTTP/1.1" 404 564 "-" "Mozilla/5.0 (Macintosh; Intel Mac OS X 10_12_3) AppleWebKit/537.36 (KHTML, like Gecko) Chrome/56.0.2924.87 Safari/537.36"
94.72.101.21 - - [02/Nov/2024:20:04:36 +0000] "GET /09-managing-state/end/vue-heroes/.env HTTP/1.1" 404 564 "-" "Mozilla/5.0 (Macintosh; Intel Mac OS X 10_12_3) AppleWebKit/537.36 (KHTML, like Gecko) Chrome/56.0.2924.87 Safari/537.36"
94.72.101.21 - - [02/Nov/2024:20:04:36 +0000] "GET /packages/plugin-analytics/src/fixtures/analytics-ga-key/.env HTTP/1.1" 404 564 "-" "Mozilla/5.0 (Macintosh; Intel Mac OS X 10_12_3) AppleWebKit/537.36 (KHTML, like Gecko) Chrome/56.0.2924.87 Safari/537.36"
94.72.101.21 - - [02/Nov/2024:20:04:36 +0000] "GET /packages/plugin-qiankun/examples/app1/.env HTTP/1.1" 404 564 "-" "Mozilla/5.0 (Macintosh; Intel Mac OS X 10_12_3) AppleWebKit/537.36 (KHTML, like Gecko) Chrome/56.0.2924.87 Safari/537.36"
94.72.101.21 - - [02/Nov/2024:20:04:37 +0000] "GET /packages/plugin-qiankun/examples/app2/.env HTTP/1.1" 404 564 "-" "Mozilla/5.0 (Macintosh; Intel Mac OS X 10_12_3) AppleWebKit/537.36 (KHTML, like Gecko) Chrome/56.0.2924.87 Safari/537.36"
94.72.101.21 - - [02/Nov/2024:20:04:37 +0000] "GET /packages/plugin-qiankun/examples/app3/.env HTTP/1.1" 404 564 "-" "Mozilla/5.0 (Macintosh; Intel Mac OS X 10_12_3) AppleWebKit/537.36 (KHTML, like Gecko) Chrome/56.0.2924.87 Safari/537.36"
94.72.101.21 - - [02/Nov/2024:20:04:37 +0000] "GET /packages/plugin-qiankun/examples/master/.env HTTP/1.1" 404 564 "-" "Mozilla/5.0 (Macintosh; Intel Mac OS X 10_12_3) AppleWebKit/537.36 (KHTML, like Gecko) Chrome/56.0.2924.87 Safari/537.36"
94.72.101.21 - - [02/Nov/2024:20:04:37 +0000] "GET /packages/react-scripts/fixtures/kitchensink/template/.env HTTP/1.1" 404 564 "-" "Mozilla/5.0 (Macintosh; Intel Mac OS X 10_12_3) AppleWebKit/537.36 (KHTML, like Gecko) Chrome/56.0.2924.87 Safari/537.36"
94.72.101.21 - - [02/Nov/2024:20:04:38 +0000] "GET /babel-plugin-dotenv/test/fixtures/as-alias/.env HTTP/1.1" 404 564 "-" "Mozilla/5.0 (Macintosh; Intel Mac OS X 10_12_3) AppleWebKit/537.36 (KHTML, like Gecko) Chrome/56.0.2924.87 Safari/537.36"
94.72.101.21 - - [02/Nov/2024:20:04:38 +0000] "GET /babel-plugin-dotenv/test/fixtures/default/.env HTTP/1.1" 404 564 "-" "Mozilla/5.0 (Macintosh; Intel Mac OS X 10_12_3) AppleWebKit/537.36 (KHTML, like Gecko) Chrome/56.0.2924.87 Safari/537.36"
94.72.101.21 - - [02/Nov/2024:20:04:38 +0000] "GET /babel-plugin-dotenv/test/fixtures/dev-env/.env HTTP/1.1" 404 564 "-" "Mozilla/5.0 (Macintosh; Intel Mac OS X 10_12_3) AppleWebKit/537.36 (KHTML, like Gecko) Chrome/56.0.2924.87 Safari/537.36"
94.72.101.21 - - [02/Nov/2024:20:04:39 +0000] "GET /babel-plugin-dotenv/test/fixtures/empty-values/.env HTTP/1.1" 404 564 "-" "Mozilla/5.0 (Macintosh; Intel Mac OS X 10_12_3) AppleWebKit/537.36 (KHTML, like Gecko) Chrome/56.0.2924.87 Safari/537.36"
94.72.101.21 - - [02/Nov/2024:20:04:39 +0000] "GET /babel-plugin-dotenv/test/fixtures/filename/.env HTTP/1.1" 404 564 "-" "Mozilla/5.0 (Macintosh; Intel Mac OS X 10_12_3) AppleWebKit/537.36 (KHTML, like Gecko) Chrome/56.0.2924.87 Safari/537.36"
94.72.101.21 - - [02/Nov/2024:20:04:39 +0000] "GET /babel-plugin-dotenv/test/fixtures/override-value/.env HTTP/1.1" 404 564 "-" "Mozilla/5.0 (Macintosh; Intel Mac OS X 10_12_3) AppleWebKit/537.36 (KHTML, like Gecko) Chrome/56.0.2924.87 Safari/537.36"
94.72.101.21 - - [02/Nov/2024:20:04:39 +0000] "GET /babel-plugin-dotenv/test/fixtures/prod-env/.env HTTP/1.1" 404 564 "-" "Mozilla/5.0 (Macintosh; Intel Mac OS X 10_12_3) AppleWebKit/537.36 (KHTML, like Gecko) Chrome/56.0.2924.87 Safari/537.36"
94.72.101.21 - - [02/Nov/2024:20:04:39 +0000] "GET /boxes/oracle-vagrant-boxes/ContainerRegistry/.env HTTP/1.1" 404 564 "-" "Mozilla/5.0 (Macintosh; Intel Mac OS X 10_12_3) AppleWebKit/537.36 (KHTML, like Gecko) Chrome/56.0.2924.87 Safari/537.36"
94.72.101.21 - - [02/Nov/2024:20:04:40 +0000] "GET /boxes/oracle-vagrant-boxes/Kubernetes/.env HTTP/1.1" 404 564 "-" "Mozilla/5.0 (Macintosh; Intel Mac OS X 10_12_3) AppleWebKit/537.36 (KHTML, like Gecko) Chrome/56.0.2924.87 Safari/537.36"
94.72.101.21 - - [02/Nov/2024:20:04:40 +0000] "GET /boxes/oracle-vagrant-boxes/OLCNE/.env HTTP/1.1" 404 564 "-" "Mozilla/5.0 (Macintosh; Intel Mac OS X 10_12_3) AppleWebKit/537.36 (KHTML, like Gecko) Chrome/56.0.2924.87 Safari/537.36"
94.72.101.21 - - [02/Nov/2024:20:04:40 +0000] "GET /cmd/testdata/expected/dot_env/.env HTTP/1.1" 404 564 "-" "Mozilla/5.0 (Macintosh; Intel Mac OS X 10_12_3) AppleWebKit/537.36 (KHTML, like Gecko) Chrome/56.0.2924.87 Safari/537.36"
94.72.101.21 - - [02/Nov/2024:20:04:40 +0000] "GET /collab-connect-web-application/server/.env HTTP/1.1" 404 564 "-" "Mozilla/5.0 (Macintosh; Intel Mac OS X 10_12_3) AppleWebKit/537.36 (KHTML, like Gecko) Chrome/56.0.2924.87 Safari/537.36"
94.72.101.21 - - [02/Nov/2024:20:04:41 +0000] "GET /core/src/main/resources/org/jobrunr/dashboard/frontend/.env HTTP/1.1" 404 564 "-" "Mozilla/5.0 (Macintosh; Intel Mac OS X 10_12_3) AppleWebKit/537.36 (KHTML, like Gecko) Chrome/56.0.2924.87 Safari/537.36"
94.72.101.21 - - [02/Nov/2024:20:04:41 +0000] "GET /finalVersion/lcomernbootcamp/projbackend/.env HTTP/1.1" 404 564 "-" "Mozilla/5.0 (Macintosh; Intel Mac OS X 10_12_3) AppleWebKit/537.36 (KHTML, like Gecko) Chrome/56.0.2924.87 Safari/537.36"
94.72.101.21 - - [02/Nov/2024:20:04:41 +0000] "GET /samples/chatroom/chatroom-spa/.env HTTP/1.1" 404 564 "-" "Mozilla/5.0 (Macintosh; Intel Mac OS X 10_12_3) AppleWebKit/537.36 (KHTML, like Gecko) Chrome/56.0.2924.87 Safari/537.36"
94.72.101.21 - - [02/Nov/2024:20:04:42 +0000] "GET /samples/docker/deploymentscripts/.env HTTP/1.1" 404 564 "-" "Mozilla/5.0 (Macintosh; Intel Mac OS X 10_12_3) AppleWebKit/537.36 (KHTML, like Gecko) Chrome/56.0.2924.87 Safari/537.36"
94.72.101.21 - - [02/Nov/2024:20:04:42 +0000] "GET /src/__tests__/__fixtures__/instanceWithDependentSteps/.env HTTP/1.1" 404 564 "-" "Mozilla/5.0 (Macintosh; Intel Mac OS X 10_12_3) AppleWebKit/537.36 (KHTML, like Gecko) Chrome/56.0.2924.87 Safari/537.36"
94.72.101.21 - - [02/Nov/2024:20:04:42 +0000] "GET /src/__tests__/__fixtures__/typeScriptIntegrationProject/.env HTTP/1.1" 404 564 "-" "Mozilla/5.0 (Macintosh; Intel Mac OS X 10_12_3) AppleWebKit/537.36 (KHTML, like Gecko) Chrome/56.0.2924.87 Safari/537.36"
94.72.101.21 - - [02/Nov/2024:20:04:43 +0000] "GET /src/__tests__/__fixtures__/typeScriptProject/.env HTTP/1.1" 404 564 "-" "Mozilla/5.0 (Macintosh; Intel Mac OS X 10_12_3) AppleWebKit/537.36 (KHTML, like Gecko) Chrome/56.0.2924.87 Safari/537.36"
94.72.101.21 - - [02/Nov/2024:20:04:43 +0000] "GET /src/__tests__/__fixtures__/typeScriptVisualizeProject/.env HTTP/1.1" 404 564 "-" "Mozilla/5.0 (Macintosh; Intel Mac OS X 10_12_3) AppleWebKit/537.36 (KHTML, like Gecko) Chrome/56.0.2924.87 Safari/537.36"
94.72.101.21 - - [02/Nov/2024:20:04:43 +0000] "GET /src/main/resources/archetype-resources/__rootArtifactId__-acceptance-test/src/test/resources/app-launcher-tile/.env HTTP/1.1" 404 564 "-" "Mozilla/5.0 (Macintosh; Intel Mac OS X 10_12_3) AppleWebKit/537.36 (KHTML, like Gecko) Chrome/56.0.2924.87 Safari/537.36"
94.72.101.21 - - [02/Nov/2024:20:04:44 +0000] "GET /Modix/ClientApp/.env HTTP/1.1" 404 564 "-" "Mozilla/5.0 (Macintosh; Intel Mac OS X 10_12_3) AppleWebKit/537.36 (KHTML, like Gecko) Chrome/56.0.2924.87 Safari/537.36"
94.72.101.21 - - [02/Nov/2024:20:04:44 +0000] "GET /MyRentals.Web/ClientApp/.env HTTP/1.1" 404 564 "-" "Mozilla/5.0 (Macintosh; Intel Mac OS X 10_12_3) AppleWebKit/537.36 (KHTML, like Gecko) Chrome/56.0.2924.87 Safari/537.36"
94.72.101.21 - - [02/Nov/2024:20:04:44 +0000] "GET /Nodejs-Projects/play-ground/ManageUserRoles/.env HTTP/1.1" 404 564 "-" "Mozilla/5.0 (Macintosh; Intel Mac OS X 10_12_3) AppleWebKit/537.36 (KHTML, like Gecko) Chrome/56.0.2924.87 Safari/537.36"
94.72.101.21 - - [02/Nov/2024:20:04:45 +0000] "GET /Nodejs-Projects/play-ground/login/.env HTTP/1.1" 404 564 "-" "Mozilla/5.0 (Macintosh; Intel Mac OS X 10_12_3) AppleWebKit/537.36 (KHTML, like Gecko) Chrome/56.0.2924.87 Safari/537.36"
94.72.101.21 - - [02/Nov/2024:20:04:45 +0000] "GET /Nuke.App.Ui/.env HTTP/1.1" 404 564 "-" "Mozilla/5.0 (Macintosh; Intel Mac OS X 10_12_3) AppleWebKit/537.36 (KHTML, like Gecko) Chrome/56.0.2924.87 Safari/537.36"
94.72.101.21 - - [02/Nov/2024:20:04:45 +0000] "GET /Final_Project/Airflow_Dag/.env HTTP/1.1" 404 564 "-" "Mozilla/5.0 (Macintosh; Intel Mac OS X 10_12_3) AppleWebKit/537.36 (KHTML, like Gecko) Chrome/56.0.2924.87 Safari/537.36"
94.72.101.21 - - [02/Nov/2024:20:04:45 +0000] "GET /Final_Project/StartingFile/.env HTTP/1.1" 404 564 "-" "Mozilla/5.0 (Macintosh; Intel Mac OS X 10_12_3) AppleWebKit/537.36 (KHTML, like Gecko) Chrome/56.0.2924.87 Safari/537.36"
94.72.101.21 - - [02/Nov/2024:20:04:46 +0000] "GET /Final_Project/kafka_twitter/.env HTTP/1.1" 404 564 "-" "Mozilla/5.0 (Macintosh; Intel Mac OS X 10_12_3) AppleWebKit/537.36 (KHTML, like Gecko) Chrome/56.0.2924.87 Safari/537.36"
94.72.101.21 - - [02/Nov/2024:20:04:46 +0000] "GET /3-sequelize/final/.env HTTP/1.1" 404 564 "-" "Mozilla/5.0 (Macintosh; Intel Mac OS X 10_12_3) AppleWebKit/537.36 (KHTML, like Gecko) Chrome/56.0.2924.87 Safari/537.36"
94.72.101.21 - - [02/Nov/2024:20:04:46 +0000] "GET /31_structure_tests/.env HTTP/1.1" 404 564 "-" "Mozilla/5.0 (Macintosh; Intel Mac OS X 10_12_3) AppleWebKit/537.36 (KHTML, like Gecko) Chrome/56.0.2924.87 Safari/537.36"
94.72.101.21 - - [02/Nov/2024:20:04:46 +0000] "GET /Archipel/.env HTTP/1.1" 404 564 "-" "Mozilla/5.0 (Macintosh; Intel Mac OS X 10_12_3) AppleWebKit/537.36 (KHTML, like Gecko) Chrome/56.0.2924.87 Safari/537.36"
94.72.101.21 - - [02/Nov/2024:20:04:47 +0000] "GET /Assignment3/.env HTTP/1.1" 404 564 "-" "Mozilla/5.0 (Macintosh; Intel Mac OS X 10_12_3) AppleWebKit/537.36 (KHTML, like Gecko) Chrome/56.0.2924.87 Safari/537.36"
94.72.101.21 - - [02/Nov/2024:20:04:47 +0000] "GET /Assignment4/.env HTTP/1.1" 404 564 "-" "Mozilla/5.0 (Macintosh; Intel Mac OS X 10_12_3) AppleWebKit/537.36 (KHTML, like Gecko) Chrome/56.0.2924.87 Safari/537.36"
94.72.101.21 - - [02/Nov/2024:20:04:47 +0000] "GET /Chai/.env HTTP/1.1" 404 564 "-" "Mozilla/5.0 (Macintosh; Intel Mac OS X 10_12_3) AppleWebKit/537.36 (KHTML, like Gecko) Chrome/56.0.2924.87 Safari/537.36"
94.72.101.21 - - [02/Nov/2024:20:04:47 +0000] "GET /ClientApp/.env HTTP/1.1" 404 564 "-" "Mozilla/5.0 (Macintosh; Intel Mac OS X 10_12_3) AppleWebKit/537.36 (KHTML, like Gecko) Chrome/56.0.2924.87 Safari/537.36"
94.72.101.21 - - [02/Nov/2024:20:04:47 +0000] "GET /CodeGolf.Web/ClientApp/.env HTTP/1.1" 404 564 "-" "Mozilla/5.0 (Macintosh; Intel Mac OS X 10_12_3) AppleWebKit/537.36 (KHTML, like Gecko) Chrome/56.0.2924.87 Safari/537.36"
94.72.101.21 - - [02/Nov/2024:20:04:47 +0000] "GET /ContainerRegistry/.env HTTP/1.1" 404 564 "-" "Mozilla/5.0 (Macintosh; Intel Mac OS X 10_12_3) AppleWebKit/537.36 (KHTML, like Gecko) Chrome/56.0.2924.87 Safari/537.36"
94.72.101.21 - - [02/Nov/2024:20:04:48 +0000] "GET /Exercise.Frontend/.env HTTP/1.1" 404 564 "-" "Mozilla/5.0 (Macintosh; Intel Mac OS X 10_12_3) AppleWebKit/537.36 (KHTML, like Gecko) Chrome/56.0.2924.87 Safari/537.36"
94.72.101.21 - - [02/Nov/2024:20:04:48 +0000] "GET /Exercise.Frontend/train/.env HTTP/1.1" 404 564 "-" "Mozilla/5.0 (Macintosh; Intel Mac OS X 10_12_3) AppleWebKit/537.36 (KHTML, like Gecko) Chrome/56.0.2924.87 Safari/537.36"
94.72.101.21 - - [02/Nov/2024:20:04:49 +0000] "GET /FE/huey/.env HTTP/1.1" 404 564 "-" "Mozilla/5.0 (Macintosh; Intel Mac OS X 10_12_3) AppleWebKit/537.36 (KHTML, like Gecko) Chrome/56.0.2924.87 Safari/537.36"
94.72.101.21 - - [02/Nov/2024:20:04:49 +0000] "GET /FIRST_CONFIG/.env HTTP/1.1" 404 564 "-" "Mozilla/5.0 (Macintosh; Intel Mac OS X 10_12_3) AppleWebKit/537.36 (KHTML, like Gecko) Chrome/56.0.2924.87 Safari/537.36"
94.72.101.21 - - [02/Nov/2024:20:04:49 +0000] "GET /private/App_Config/ConnectionStrings.config HTTP/1.1" 404 564 "-" "Mozilla/5.0 (Macintosh; Intel Mac OS X 10_12_3) AppleWebKit/537.36 (KHTML, like Gecko) Chrome/56.0.2924.87 Safari/537.36"
94.72.101.21 - - [02/Nov/2024:20:04:49 +0000] "GET /resources/.git/config HTTP/1.1" 404 564 "-" "Mozilla/5.0 (Macintosh; Intel Mac OS X 10_12_3) AppleWebKit/537.36 (KHTML, like Gecko) Chrome/56.0.2924.87 Safari/537.36"
94.72.101.21 - - [02/Nov/2024:20:04:50 +0000] "GET /painel/server.xml HTTP/1.1" 404 564 "-" "Mozilla/5.0 (Macintosh; Intel Mac OS X 10_12_3) AppleWebKit/537.36 (KHTML, like Gecko) Chrome/56.0.2924.87 Safari/537.36"
94.72.101.21 - - [02/Nov/2024:20:04:50 +0000] "GET /backup/.vscode/sftp.json HTTP/1.1" 404 564 "-" "Mozilla/5.0 (Macintosh; Intel Mac OS X 10_12_3) AppleWebKit/537.36 (KHTML, like Gecko) Chrome/56.0.2924.87 Safari/537.36"
94.72.101.21 - - [02/Nov/2024:20:04:50 +0000] "GET /backup/.gitlab-ci.yml HTTP/1.1" 404 564 "-" "Mozilla/5.0 (Macintosh; Intel Mac OS X 10_12_3) AppleWebKit/537.36 (KHTML, like Gecko) Chrome/56.0.2924.87 Safari/537.36"
94.72.101.21 - - [02/Nov/2024:20:04:50 +0000] "GET /painel/remote-sync.json HTTP/1.1" 404 564 "-" "Mozilla/5.0 (Macintosh; Intel Mac OS X 10_12_3) AppleWebKit/537.36 (KHTML, like Gecko) Chrome/56.0.2924.87 Safari/537.36"
94.72.101.21 - - [02/Nov/2024:20:04:50 +0000] "GET /projeto/api-config.ini HTTP/1.1" 404 564 "-" "Mozilla/5.0 (Macintosh; Intel Mac OS X 10_12_3) AppleWebKit/537.36 (KHTML, like Gecko) Chrome/56.0.2924.87 Safari/537.36"
94.72.101.21 - - [02/Nov/2024:20:04:50 +0000] "GET /dev/.git/config HTTP/1.1" 404 564 "-" "Mozilla/5.0 (Macintosh; Intel Mac OS X 10_12_3) AppleWebKit/537.36 (KHTML, like Gecko) Chrome/56.0.2924.87 Safari/537.36"
94.72.101.21 - - [02/Nov/2024:20:04:51 +0000] "GET /config/.ftpconfig HTTP/1.1" 404 564 "-" "Mozilla/5.0 (Macintosh; Intel Mac OS X 10_12_3) AppleWebKit/537.36 (KHTML, like Gecko) Chrome/56.0.2924.87 Safari/537.36"
94.72.101.21 - - [02/Nov/2024:20:04:51 +0000] "GET /resources/server.xml HTTP/1.1" 404 564 "-" "Mozilla/5.0 (Macintosh; Intel Mac OS X 10_12_3) AppleWebKit/537.36 (KHTML, like Gecko) Chrome/56.0.2924.87 Safari/537.36"
94.72.101.21 - - [02/Nov/2024:20:04:51 +0000] "GET /dev/server.xml HTTP/1.1" 404 564 "-" "Mozilla/5.0 (Macintosh; Intel Mac OS X 10_12_3) AppleWebKit/537.36 (KHTML, like Gecko) Chrome/56.0.2924.87 Safari/537.36"
94.72.101.21 - - [02/Nov/2024:20:04:51 +0000] "GET /blog/.ssh/authorized_keys HTTP/1.1" 404 564 "-" "Mozilla/5.0 (Macintosh; Intel Mac OS X 10_12_3) AppleWebKit/537.36 (KHTML, like Gecko) Chrome/56.0.2924.87 Safari/537.36"
94.72.101.21 - - [02/Nov/2024:20:04:52 +0000] "GET /admin/web.config HTTP/1.1" 404 564 "-" "Mozilla/5.0 (Macintosh; Intel Mac OS X 10_12_3) AppleWebKit/537.36 (KHTML, like Gecko) Chrome/56.0.2924.87 Safari/537.36"
94.72.101.21 - - [02/Nov/2024:20:04:52 +0000] "GET /portal/remote-sync.json HTTP/1.1" 404 564 "-" "Mozilla/5.0 (Macintosh; Intel Mac OS X 10_12_3) AppleWebKit/537.36 (KHTML, like Gecko) Chrome/56.0.2924.87 Safari/537.36"
94.72.101.21 - - [02/Nov/2024:20:04:52 +0000] "GET /members/laravel.log HTTP/1.1" 404 564 "-" "Mozilla/5.0 (Macintosh; Intel Mac OS X 10_12_3) AppleWebKit/537.36 (KHTML, like Gecko) Chrome/56.0.2924.87 Safari/537.36"
94.72.101.21 - - [02/Nov/2024:20:04:52 +0000] "GET /admin/laravel.log HTTP/1.1" 404 564 "-" "Mozilla/5.0 (Macintosh; Intel Mac OS X 10_12_3) AppleWebKit/537.36 (KHTML, like Gecko) Chrome/56.0.2924.87 Safari/537.36"
94.72.101.21 - - [02/Nov/2024:20:04:52 +0000] "GET /settings/.vscode/ftp-sync.json HTTP/1.1" 404 564 "-" "Mozilla/5.0 (Macintosh; Intel Mac OS X 10_12_3) AppleWebKit/537.36 (KHTML, like Gecko) Chrome/56.0.2924.87 Safari/537.36"
94.72.101.21 - - [02/Nov/2024:20:04:53 +0000] "GET /customer/.vscode/ftp-sync.json HTTP/1.1" 404 564 "-" "Mozilla/5.0 (Macintosh; Intel Mac OS X 10_12_3) AppleWebKit/537.36 (KHTML, like Gecko) Chrome/56.0.2924.87 Safari/537.36"
94.72.101.21 - - [02/Nov/2024:20:04:53 +0000] "GET /site/web.config HTTP/1.1" 404 564 "-" "Mozilla/5.0 (Macintosh; Intel Mac OS X 10_12_3) AppleWebKit/537.36 (KHTML, like Gecko) Chrome/56.0.2924.87 Safari/537.36"
94.72.101.21 - - [02/Nov/2024:20:04:53 +0000] "GET /private/.gitlab-ci.yml HTTP/1.1" 404 564 "-" "Mozilla/5.0 (Macintosh; Intel Mac OS X 10_12_3) AppleWebKit/537.36 (KHTML, like Gecko) Chrome/56.0.2924.87 Safari/537.36"
94.72.101.21 - - [02/Nov/2024:20:04:53 +0000] "GET /private/.git/config HTTP/1.1" 404 564 "-" "Mozilla/5.0 (Macintosh; Intel Mac OS X 10_12_3) AppleWebKit/537.36 (KHTML, like Gecko) Chrome/56.0.2924.87 Safari/537.36"
94.72.101.21 - - [02/Nov/2024:20:04:54 +0000] "GET /cache/jenkinsFile HTTP/1.1" 404 564 "-" "Mozilla/5.0 (Macintosh; Intel Mac OS X 10_12_3) AppleWebKit/537.36 (KHTML, like Gecko) Chrome/56.0.2924.87 Safari/537.36"
94.72.101.21 - - [02/Nov/2024:20:04:54 +0000] "GET /dashboard/.ftpconfig HTTP/1.1" 404 564 "-" "Mozilla/5.0 (Macintosh; Intel Mac OS X 10_12_3) AppleWebKit/537.36 (KHTML, like Gecko) Chrome/56.0.2924.87 Safari/537.36"
94.72.101.21 - - [02/Nov/2024:20:04:54 +0000] "GET /private/config.yaml HTTP/1.1" 404 564 "-" "Mozilla/5.0 (Macintosh; Intel Mac OS X 10_12_3) AppleWebKit/537.36 (KHTML, like Gecko) Chrome/56.0.2924.87 Safari/537.36"
94.72.101.21 - - [02/Nov/2024:20:04:54 +0000] "GET /vendor/.git/config HTTP/1.1" 404 564 "-" "Mozilla/5.0 (Macintosh; Intel Mac OS X 10_12_3) AppleWebKit/537.36 (KHTML, like Gecko) Chrome/56.0.2924.87 Safari/537.36"
94.72.101.21 - - [02/Nov/2024:20:04:54 +0000] "GET /customer/remote-sync.json HTTP/1.1" 404 564 "-" "Mozilla/5.0 (Macintosh; Intel Mac OS X 10_12_3) AppleWebKit/537.36 (KHTML, like Gecko) Chrome/56.0.2924.87 Safari/537.36"
94.72.101.21 - - [02/Nov/2024:20:04:55 +0000] "GET /members/.ssh/authorized_keys HTTP/1.1" 404 564 "-" "Mozilla/5.0 (Macintosh; Intel Mac OS X 10_12_3) AppleWebKit/537.36 (KHTML, like Gecko) Chrome/56.0.2924.87 Safari/537.36"
94.72.101.21 - - [02/Nov/2024:20:04:55 +0000] "GET /static/remote-sync.json HTTP/1.1" 404 564 "-" "Mozilla/5.0 (Macintosh; Intel Mac OS X 10_12_3) AppleWebKit/537.36 (KHTML, like Gecko) Chrome/56.0.2924.87 Safari/537.36"
94.72.101.21 - - [02/Nov/2024:20:04:56 +0000] "GET /static/jenkinsFile HTTP/1.1" 404 564 "-" "Mozilla/5.0 (Macintosh; Intel Mac OS X 10_12_3) AppleWebKit/537.36 (KHTML, like Gecko) Chrome/56.0.2924.87 Safari/537.36"
94.72.101.21 - - [02/Nov/2024:20:04:56 +0000] "GET /tmp/.vscode/sftp.json HTTP/1.1" 404 564 "-" "Mozilla/5.0 (Macintosh; Intel Mac OS X 10_12_3) AppleWebKit/537.36 (KHTML, like Gecko) Chrome/56.0.2924.87 Safari/537.36"
94.72.101.21 - - [02/Nov/2024:20:04:56 +0000] "GET /customer/.git/config HTTP/1.1" 404 564 "-" "Mozilla/5.0 (Macintosh; Intel Mac OS X 10_12_3) AppleWebKit/537.36 (KHTML, like Gecko) Chrome/56.0.2924.87 Safari/537.36"
94.72.101.21 - - [02/Nov/2024:20:04:56 +0000] "GET /customer/config.yaml HTTP/1.1" 404 564 "-" "Mozilla/5.0 (Macintosh; Intel Mac OS X 10_12_3) AppleWebKit/537.36 (KHTML, like Gecko) Chrome/56.0.2924.87 Safari/537.36"
94.72.101.21 - - [02/Nov/2024:20:04:57 +0000] "GET /dashboard/.vscode/ftp-sync.json HTTP/1.1" 404 564 "-" "Mozilla/5.0 (Macintosh; Intel Mac OS X 10_12_3) AppleWebKit/537.36 (KHTML, like Gecko) Chrome/56.0.2924.87 Safari/537.36"
94.72.101.21 - - [02/Nov/2024:20:04:57 +0000] "GET /services/jenkinsFile HTTP/1.1" 404 564 "-" "Mozilla/5.0 (Macintosh; Intel Mac OS X 10_12_3) AppleWebKit/537.36 (KHTML, like Gecko) Chrome/56.0.2924.87 Safari/537.36"
94.72.101.21 - - [02/Nov/2024:20:04:57 +0000] "GET /projeto/config.yaml HTTP/1.1" 404 564 "-" "Mozilla/5.0 (Macintosh; Intel Mac OS X 10_12_3) AppleWebKit/537.36 (KHTML, like Gecko) Chrome/56.0.2924.87 Safari/537.36"
94.72.101.21 - - [02/Nov/2024:20:04:57 +0000] "GET /account/jenkinsFile HTTP/1.1" 404 564 "-" "Mozilla/5.0 (Macintosh; Intel Mac OS X 10_12_3) AppleWebKit/537.36 (KHTML, like Gecko) Chrome/56.0.2924.87 Safari/537.36"
94.72.101.21 - - [02/Nov/2024:20:04:57 +0000] "GET /conta/.git/config HTTP/1.1" 404 564 "-" "Mozilla/5.0 (Macintosh; Intel Mac OS X 10_12_3) AppleWebKit/537.36 (KHTML, like Gecko) Chrome/56.0.2924.87 Safari/537.36"
94.72.101.21 - - [02/Nov/2024:20:04:58 +0000] "GET /profile/.env HTTP/1.1" 404 564 "-" "Mozilla/5.0 (Macintosh; Intel Mac OS X 10_12_3) AppleWebKit/537.36 (KHTML, like Gecko) Chrome/56.0.2924.87 Safari/537.36"
94.72.101.21 - - [02/Nov/2024:20:04:58 +0000] "GET /dashboard/App_Config/ConnectionStrings.config HTTP/1.1" 404 564 "-" "Mozilla/5.0 (Macintosh; Intel Mac OS X 10_12_3) AppleWebKit/537.36 (KHTML, like Gecko) Chrome/56.0.2924.87 Safari/537.36"
94.72.101.21 - - [02/Nov/2024:20:04:58 +0000] "GET /site/.gitlab-ci.yml HTTP/1.1" 404 564 "-" "Mozilla/5.0 (Macintosh; Intel Mac OS X 10_12_3) AppleWebKit/537.36 (KHTML, like Gecko) Chrome/56.0.2924.87 Safari/537.36"
94.72.101.21 - - [02/Nov/2024:20:04:58 +0000] "GET /account/web.config HTTP/1.1" 404 564 "-" "Mozilla/5.0 (Macintosh; Intel Mac OS X 10_12_3) AppleWebKit/537.36 (KHTML, like Gecko) Chrome/56.0.2924.87 Safari/537.36"
94.72.101.21 - - [02/Nov/2024:20:04:58 +0000] "GET /login/web.config HTTP/1.1" 404 564 "-" "Mozilla/5.0 (Macintosh; Intel Mac OS X 10_12_3) AppleWebKit/537.36 (KHTML, like Gecko) Chrome/56.0.2924.87 Safari/537.36"
94.72.101.21 - - [02/Nov/2024:20:04:59 +0000] "GET /client/server.xml HTTP/1.1" 404 564 "-" "Mozilla/5.0 (Macintosh; Intel Mac OS X 10_12_3) AppleWebKit/537.36 (KHTML, like Gecko) Chrome/56.0.2924.87 Safari/537.36"
94.72.101.21 - - [02/Nov/2024:20:04:59 +0000] "GET /cache/.ssh/authorized_keys HTTP/1.1" 404 564 "-" "Mozilla/5.0 (Macintosh; Intel Mac OS X 10_12_3) AppleWebKit/537.36 (KHTML, like Gecko) Chrome/56.0.2924.87 Safari/537.36"
94.72.101.21 - - [02/Nov/2024:20:04:59 +0000] "GET /customer/web.config HTTP/1.1" 404 564 "-" "Mozilla/5.0 (Macintosh; Intel Mac OS X 10_12_3) AppleWebKit/537.36 (KHTML, like Gecko) Chrome/56.0.2924.87 Safari/537.36"
94.72.101.21 - - [02/Nov/2024:20:04:59 +0000] "GET /media/remote-sync.json HTTP/1.1" 404 564 "-" "Mozilla/5.0 (Macintosh; Intel Mac OS X 10_12_3) AppleWebKit/537.36 (KHTML, like Gecko) Chrome/56.0.2924.87 Safari/537.36"
94.72.101.21 - - [02/Nov/2024:20:05:00 +0000] "GET /configuration/App_Config/ConnectionStrings.config HTTP/1.1" 404 564 "-" "Mozilla/5.0 (Macintosh; Intel Mac OS X 10_12_3) AppleWebKit/537.36 (KHTML, like Gecko) Chrome/56.0.2924.87 Safari/537.36"
94.72.101.21 - - [02/Nov/2024:20:05:00 +0000] "GET /cache/.env HTTP/1.1" 404 564 "-" "Mozilla/5.0 (Macintosh; Intel Mac OS X 10_12_3) AppleWebKit/537.36 (KHTML, like Gecko) Chrome/56.0.2924.87 Safari/537.36"
94.72.101.21 - - [02/Nov/2024:20:05:00 +0000] "GET /services/web.config HTTP/1.1" 404 564 "-" "Mozilla/5.0 (Macintosh; Intel Mac OS X 10_12_3) AppleWebKit/537.36 (KHTML, like Gecko) Chrome/56.0.2924.87 Safari/537.36"
94.72.101.21 - - [02/Nov/2024:20:05:02 +0000] "GET /client/.ftpconfig HTTP/1.1" 404 564 "-" "Mozilla/5.0 (Macintosh; Intel Mac OS X 10_12_3) AppleWebKit/537.36 (KHTML, like Gecko) Chrome/56.0.2924.87 Safari/537.36"
94.72.101.21 - - [02/Nov/2024:20:05:02 +0000] "GET /configuration/laravel.log HTTP/1.1" 404 564 "-" "Mozilla/5.0 (Macintosh; Intel Mac OS X 10_12_3) AppleWebKit/537.36 (KHTML, like Gecko) Chrome/56.0.2924.87 Safari/537.36"
94.72.101.21 - - [02/Nov/2024:20:05:02 +0000] "GET /members/.vscode/ftp-sync.json HTTP/1.1" 404 564 "-" "Mozilla/5.0 (Macintosh; Intel Mac OS X 10_12_3) AppleWebKit/537.36 (KHTML, like Gecko) Chrome/56.0.2924.87 Safari/537.36"
94.72.101.21 - - [02/Nov/2024:20:05:03 +0000] "GET /bkp/web.config HTTP/1.1" 404 564 "-" "Mozilla/5.0 (Macintosh; Intel Mac OS X 10_12_3) AppleWebKit/537.36 (KHTML, like Gecko) Chrome/56.0.2924.87 Safari/537.36"
94.72.101.21 - - [02/Nov/2024:20:05:03 +0000] "GET /config/.vscode/sftp.json HTTP/1.1" 404 564 "-" "Mozilla/5.0 (Macintosh; Intel Mac OS X 10_12_3) AppleWebKit/537.36 (KHTML, like Gecko) Chrome/56.0.2924.87 Safari/537.36"
94.72.101.21 - - [02/Nov/2024:20:05:03 +0000] "GET /blog/web.config HTTP/1.1" 404 564 "-" "Mozilla/5.0 (Macintosh; Intel Mac OS X 10_12_3) AppleWebKit/537.36 (KHTML, like Gecko) Chrome/56.0.2924.87 Safari/537.36"
94.72.101.21 - - [02/Nov/2024:20:05:03 +0000] "GET /painel/api-config.ini HTTP/1.1" 404 564 "-" "Mozilla/5.0 (Macintosh; Intel Mac OS X 10_12_3) AppleWebKit/537.36 (KHTML, like Gecko) Chrome/56.0.2924.87 Safari/537.36"
94.72.101.21 - - [02/Nov/2024:20:05:03 +0000] "GET /downloads/.ftpconfig HTTP/1.1" 404 564 "-" "Mozilla/5.0 (Macintosh; Intel Mac OS X 10_12_3) AppleWebKit/537.36 (KHTML, like Gecko) Chrome/56.0.2924.87 Safari/537.36"
94.72.101.21 - - [02/Nov/2024:20:05:04 +0000] "GET /vendor/.gitlab-ci.yml HTTP/1.1" 404 564 "-" "Mozilla/5.0 (Macintosh; Intel Mac OS X 10_12_3) AppleWebKit/537.36 (KHTML, like Gecko) Chrome/56.0.2924.87 Safari/537.36"
94.72.101.21 - - [02/Nov/2024:20:05:04 +0000] "GET /dashboard/remote-sync.json HTTP/1.1" 404 564 "-" "Mozilla/5.0 (Macintosh; Intel Mac OS X 10_12_3) AppleWebKit/537.36 (KHTML, like Gecko) Chrome/56.0.2924.87 Safari/537.36"
94.72.101.21 - - [02/Nov/2024:20:05:04 +0000] "GET /projeto/remote-sync.json HTTP/1.1" 404 564 "-" "Mozilla/5.0 (Macintosh; Intel Mac OS X 10_12_3) AppleWebKit/537.36 (KHTML, like Gecko) Chrome/56.0.2924.87 Safari/537.36"
94.72.101.21 - - [02/Nov/2024:20:05:05 +0000] "GET /configuration/jenkinsFile HTTP/1.1" 404 564 "-" "Mozilla/5.0 (Macintosh; Intel Mac OS X 10_12_3) AppleWebKit/537.36 (KHTML, like Gecko) Chrome/56.0.2924.87 Safari/537.36"
94.72.101.21 - - [02/Nov/2024:20:05:05 +0000] "GET /private/api-config.ini HTTP/1.1" 404 564 "-" "Mozilla/5.0 (Macintosh; Intel Mac OS X 10_12_3) AppleWebKit/537.36 (KHTML, like Gecko) Chrome/56.0.2924.87 Safari/537.36"
94.72.101.21 - - [02/Nov/2024:20:05:05 +0000] "GET /config/jenkinsFile HTTP/1.1" 404 564 "-" "Mozilla/5.0 (Macintosh; Intel Mac OS X 10_12_3) AppleWebKit/537.36 (KHTML, like Gecko) Chrome/56.0.2924.87 Safari/537.36"
94.72.101.21 - - [02/Nov/2024:20:05:05 +0000] "GET /private/.vscode/ftp-sync.json HTTP/1.1" 404 564 "-" "Mozilla/5.0 (Macintosh; Intel Mac OS X 10_12_3) AppleWebKit/537.36 (KHTML, like Gecko) Chrome/56.0.2924.87 Safari/537.36"
94.72.101.21 - - [02/Nov/2024:20:05:05 +0000] "GET /login/App_Config/ConnectionStrings.config HTTP/1.1" 404 564 "-" "Mozilla/5.0 (Macintosh; Intel Mac OS X 10_12_3) AppleWebKit/537.36 (KHTML, like Gecko) Chrome/56.0.2924.87 Safari/537.36"
94.72.101.21 - - [02/Nov/2024:20:05:05 +0000] "GET /cache/api-config.ini HTTP/1.1" 404 564 "-" "Mozilla/5.0 (Macintosh; Intel Mac OS X 10_12_3) AppleWebKit/537.36 (KHTML, like Gecko) Chrome/56.0.2924.87 Safari/537.36"
94.72.101.21 - - [02/Nov/2024:20:05:06 +0000] "GET /profile/App_Config/ConnectionStrings.config HTTP/1.1" 404 564 "-" "Mozilla/5.0 (Macintosh; Intel Mac OS X 10_12_3) AppleWebKit/537.36 (KHTML, like Gecko) Chrome/56.0.2924.87 Safari/537.36"
94.72.101.21 - - [02/Nov/2024:20:05:07 +0000] "GET /public/remote-sync.json HTTP/1.1" 404 564 "-" "Mozilla/5.0 (Macintosh; Intel Mac OS X 10_12_3) AppleWebKit/537.36 (KHTML, like Gecko) Chrome/56.0.2924.87 Safari/537.36"
94.72.101.21 - - [02/Nov/2024:20:05:07 +0000] "GET /media/.vscode/sftp.json HTTP/1.1" 404 564 "-" "Mozilla/5.0 (Macintosh; Intel Mac OS X 10_12_3) AppleWebKit/537.36 (KHTML, like Gecko) Chrome/56.0.2924.87 Safari/537.36"
94.72.101.21 - - [02/Nov/2024:20:05:07 +0000] "GET /settings/.gitlab-ci.yml HTTP/1.1" 404 564 "-" "Mozilla/5.0 (Macintosh; Intel Mac OS X 10_12_3) AppleWebKit/537.36 (KHTML, like Gecko) Chrome/56.0.2924.87 Safari/537.36"
94.72.101.21 - - [02/Nov/2024:20:05:07 +0000] "GET /blog/.ftpconfig HTTP/1.1" 404 564 "-" "Mozilla/5.0 (Macintosh; Intel Mac OS X 10_12_3) AppleWebKit/537.36 (KHTML, like Gecko) Chrome/56.0.2924.87 Safari/537.36"
94.72.101.21 - - [02/Nov/2024:20:05:07 +0000] "GET /members/App_Config/ConnectionStrings.config HTTP/1.1" 404 564 "-" "Mozilla/5.0 (Macintosh; Intel Mac OS X 10_12_3) AppleWebKit/537.36 (KHTML, like Gecko) Chrome/56.0.2924.87 Safari/537.36"
94.72.101.21 - - [02/Nov/2024:20:05:07 +0000] "GET /site/.ftpconfig HTTP/1.1" 404 564 "-" "Mozilla/5.0 (Macintosh; Intel Mac OS X 10_12_3) AppleWebKit/537.36 (KHTML, like Gecko) Chrome/56.0.2924.87 Safari/537.36"
94.72.101.21 - - [02/Nov/2024:20:05:08 +0000] "GET /members/config.yaml HTTP/1.1" 404 564 "-" "Mozilla/5.0 (Macintosh; Intel Mac OS X 10_12_3) AppleWebKit/537.36 (KHTML, like Gecko) Chrome/56.0.2924.87 Safari/537.36"
94.72.101.21 - - [02/Nov/2024:20:05:09 +0000] "GET /account/.ssh/authorized_keys HTTP/1.1" 404 564 "-" "Mozilla/5.0 (Macintosh; Intel Mac OS X 10_12_3) AppleWebKit/537.36 (KHTML, like Gecko) Chrome/56.0.2924.87 Safari/537.36"
94.72.101.21 - - [02/Nov/2024:20:05:09 +0000] "GET /blog/server.xml HTTP/1.1" 404 564 "-" "Mozilla/5.0 (Macintosh; Intel Mac OS X 10_12_3) AppleWebKit/537.36 (KHTML, like Gecko) Chrome/56.0.2924.87 Safari/537.36"
94.72.101.21 - - [02/Nov/2024:20:05:10 +0000] "GET /site/.vscode/ftp-sync.json HTTP/1.1" 404 564 "-" "Mozilla/5.0 (Macintosh; Intel Mac OS X 10_12_3) AppleWebKit/537.36 (KHTML, like Gecko) Chrome/56.0.2924.87 Safari/537.36"
94.72.101.21 - - [02/Nov/2024:20:05:10 +0000] "GET /resources/config.yaml HTTP/1.1" 404 564 "-" "Mozilla/5.0 (Macintosh; Intel Mac OS X 10_12_3) AppleWebKit/537.36 (KHTML, like Gecko) Chrome/56.0.2924.87 Safari/537.36"
94.72.101.21 - - [02/Nov/2024:20:05:10 +0000] "GET /login/.ftpconfig HTTP/1.1" 404 564 "-" "Mozilla/5.0 (Macintosh; Intel Mac OS X 10_12_3) AppleWebKit/537.36 (KHTML, like Gecko) Chrome/56.0.2924.87 Safari/537.36"
94.72.101.21 - - [02/Nov/2024:20:05:10 +0000] "GET /docs/api-config.ini HTTP/1.1" 404 564 "-" "Mozilla/5.0 (Macintosh; Intel Mac OS X 10_12_3) AppleWebKit/537.36 (KHTML, like Gecko) Chrome/56.0.2924.87 Safari/537.36"
94.72.101.21 - - [02/Nov/2024:20:05:11 +0000] "GET /login/laravel.log HTTP/1.1" 404 564 "-" "Mozilla/5.0 (Macintosh; Intel Mac OS X 10_12_3) AppleWebKit/537.36 (KHTML, like Gecko) Chrome/56.0.2924.87 Safari/537.36"
94.72.101.21 - - [02/Nov/2024:20:05:11 +0000] "GET /.vscode/ftp-sync.json HTTP/1.1" 404 564 "-" "Mozilla/5.0 (Macintosh; Intel Mac OS X 10_12_3) AppleWebKit/537.36 (KHTML, like Gecko) Chrome/56.0.2924.87 Safari/537.36"
94.72.101.21 - - [02/Nov/2024:20:05:11 +0000] "GET /App_Config/ConnectionStrings.config HTTP/1.1" 404 564 "-" "Mozilla/5.0 (Macintosh; Intel Mac OS X 10_12_3) AppleWebKit/537.36 (KHTML, like Gecko) Chrome/56.0.2924.87 Safari/537.36"
94.72.101.21 - - [02/Nov/2024:20:05:11 +0000] "GET /private/web.config HTTP/1.1" 404 564 "-" "Mozilla/5.0 (Macintosh; Intel Mac OS X 10_12_3) AppleWebKit/537.36 (KHTML, like Gecko) Chrome/56.0.2924.87 Safari/537.36"
94.72.101.21 - - [02/Nov/2024:20:05:11 +0000] "GET /profile/remote-sync.json HTTP/1.1" 404 564 "-" "Mozilla/5.0 (Macintosh; Intel Mac OS X 10_12_3) AppleWebKit/537.36 (KHTML, like Gecko) Chrome/56.0.2924.87 Safari/537.36"
94.72.101.21 - - [02/Nov/2024:20:05:12 +0000] "GET /admin/App_Config/ConnectionStrings.config HTTP/1.1" 404 564 "-" "Mozilla/5.0 (Macintosh; Intel Mac OS X 10_12_3) AppleWebKit/537.36 (KHTML, like Gecko) Chrome/56.0.2924.87 Safari/537.36"
94.72.101.21 - - [02/Nov/2024:20:05:12 +0000] "GET /static/.ftpconfig HTTP/1.1" 404 564 "-" "Mozilla/5.0 (Macintosh; Intel Mac OS X 10_12_3) AppleWebKit/537.36 (KHTML, like Gecko) Chrome/56.0.2924.87 Safari/537.36"
94.72.101.21 - - [02/Nov/2024:20:05:12 +0000] "GET /config.yaml HTTP/1.1" 404 564 "-" "Mozilla/5.0 (Macintosh; Intel Mac OS X 10_12_3) AppleWebKit/537.36 (KHTML, like Gecko) Chrome/56.0.2924.87 Safari/537.36"
94.72.101.21 - - [02/Nov/2024:20:05:12 +0000] "GET /static/.vscode/sftp.json HTTP/1.1" 404 564 "-" "Mozilla/5.0 (Macintosh; Intel Mac OS X 10_12_3) AppleWebKit/537.36 (KHTML, like Gecko) Chrome/56.0.2924.87 Safari/537.36"
94.72.101.21 - - [02/Nov/2024:20:05:12 +0000] "GET /media/web.config HTTP/1.1" 404 564 "-" "Mozilla/5.0 (Macintosh; Intel Mac OS X 10_12_3) AppleWebKit/537.36 (KHTML, like Gecko) Chrome/56.0.2924.87 Safari/537.36"
94.72.101.21 - - [02/Nov/2024:20:05:12 +0000] "GET /tmp/.gitlab-ci.yml HTTP/1.1" 404 564 "-" "Mozilla/5.0 (Macintosh; Intel Mac OS X 10_12_3) AppleWebKit/537.36 (KHTML, like Gecko) Chrome/56.0.2924.87 Safari/537.36"
94.72.101.21 - - [02/Nov/2024:20:05:13 +0000] "GET /vendor/api-config.ini HTTP/1.1" 404 564 "-" "Mozilla/5.0 (Macintosh; Intel Mac OS X 10_12_3) AppleWebKit/537.36 (KHTML, like Gecko) Chrome/56.0.2924.87 Safari/537.36"
94.72.101.21 - - [02/Nov/2024:20:05:13 +0000] "GET /services/.vscode/ftp-sync.json HTTP/1.1" 404 564 "-" "Mozilla/5.0 (Macintosh; Intel Mac OS X 10_12_3) AppleWebKit/537.36 (KHTML, like Gecko) Chrome/56.0.2924.87 Safari/537.36"
94.72.101.21 - - [02/Nov/2024:20:05:13 +0000] "GET /static/.vscode/ftp-sync.json HTTP/1.1" 404 564 "-" "Mozilla/5.0 (Macintosh; Intel Mac OS X 10_12_3) AppleWebKit/537.36 (KHTML, like Gecko) Chrome/56.0.2924.87 Safari/537.36"
94.72.101.21 - - [02/Nov/2024:20:05:14 +0000] "GET /members/jenkinsFile HTTP/1.1" 404 564 "-" "Mozilla/5.0 (Macintosh; Intel Mac OS X 10_12_3) AppleWebKit/537.36 (KHTML, like Gecko) Chrome/56.0.2924.87 Safari/537.36"
94.72.101.21 - - [02/Nov/2024:20:05:14 +0000] "GET /project/remote-sync.json HTTP/1.1" 404 564 "-" "Mozilla/5.0 (Macintosh; Intel Mac OS X 10_12_3) AppleWebKit/537.36 (KHTML, like Gecko) Chrome/56.0.2924.87 Safari/537.36"
94.72.101.21 - - [02/Nov/2024:20:05:14 +0000] "GET /public/laravel.log HTTP/1.1" 404 564 "-" "Mozilla/5.0 (Macintosh; Intel Mac OS X 10_12_3) AppleWebKit/537.36 (KHTML, like Gecko) Chrome/56.0.2924.87 Safari/537.36"
94.72.101.21 - - [02/Nov/2024:20:05:15 +0000] "GET /vendor/web.config HTTP/1.1" 404 564 "-" "Mozilla/5.0 (Macintosh; Intel Mac OS X 10_12_3) AppleWebKit/537.36 (KHTML, like Gecko) Chrome/56.0.2924.87 Safari/537.36"
94.72.101.21 - - [02/Nov/2024:20:05:15 +0000] "GET /media/.gitlab-ci.yml HTTP/1.1" 404 564 "-" "Mozilla/5.0 (Macintosh; Intel Mac OS X 10_12_3) AppleWebKit/537.36 (KHTML, like Gecko) Chrome/56.0.2924.87 Safari/537.36"
94.72.101.21 - - [02/Nov/2024:20:05:15 +0000] "GET /static/.ssh/authorized_keys HTTP/1.1" 404 564 "-" "Mozilla/5.0 (Macintosh; Intel Mac OS X 10_12_3) AppleWebKit/537.36 (KHTML, like Gecko) Chrome/56.0.2924.87 Safari/537.36"
94.72.101.21 - - [02/Nov/2024:20:05:16 +0000] "GET /tmp/.git/config HTTP/1.1" 404 564 "-" "Mozilla/5.0 (Macintosh; Intel Mac OS X 10_12_3) AppleWebKit/537.36 (KHTML, like Gecko) Chrome/56.0.2924.87 Safari/537.36"
94.72.101.21 - - [02/Nov/2024:20:05:16 +0000] "GET /cache/remote-sync.json HTTP/1.1" 404 564 "-" "Mozilla/5.0 (Macintosh; Intel Mac OS X 10_12_3) AppleWebKit/537.36 (KHTML, like Gecko) Chrome/56.0.2924.87 Safari/537.36"
94.72.101.21 - - [02/Nov/2024:20:05:16 +0000] "GET /client/.vscode/ftp-sync.json HTTP/1.1" 404 564 "-" "Mozilla/5.0 (Macintosh; Intel Mac OS X 10_12_3) AppleWebKit/537.36 (KHTML, like Gecko) Chrome/56.0.2924.87 Safari/537.36"
94.72.101.21 - - [02/Nov/2024:20:05:16 +0000] "GET /profile/laravel.log HTTP/1.1" 404 564 "-" "Mozilla/5.0 (Macintosh; Intel Mac OS X 10_12_3) AppleWebKit/537.36 (KHTML, like Gecko) Chrome/56.0.2924.87 Safari/537.36"
94.72.101.21 - - [02/Nov/2024:20:05:17 +0000] "GET /profile/server.xml HTTP/1.1" 404 564 "-" "Mozilla/5.0 (Macintosh; Intel Mac OS X 10_12_3) AppleWebKit/537.36 (KHTML, like Gecko) Chrome/56.0.2924.87 Safari/537.36"
94.72.101.21 - - [02/Nov/2024:20:05:17 +0000] "GET /private/remote-sync.json HTTP/1.1" 404 564 "-" "Mozilla/5.0 (Macintosh; Intel Mac OS X 10_12_3) AppleWebKit/537.36 (KHTML, like Gecko) Chrome/56.0.2924.87 Safari/537.36"
94.72.101.21 - - [02/Nov/2024:20:05:18 +0000] "GET /blog/laravel.log HTTP/1.1" 404 564 "-" "Mozilla/5.0 (Macintosh; Intel Mac OS X 10_12_3) AppleWebKit/537.36 (KHTML, like Gecko) Chrome/56.0.2924.87 Safari/537.36"
94.72.101.21 - - [02/Nov/2024:20:05:19 +0000] "GET /tmp/App_Config/ConnectionStrings.config HTTP/1.1" 404 564 "-" "Mozilla/5.0 (Macintosh; Intel Mac OS X 10_12_3) AppleWebKit/537.36 (KHTML, like Gecko) Chrome/56.0.2924.87 Safari/537.36"
94.72.101.21 - - [02/Nov/2024:20:05:19 +0000] "GET /tmp/server.xml HTTP/1.1" 404 564 "-" "Mozilla/5.0 (Macintosh; Intel Mac OS X 10_12_3) AppleWebKit/537.36 (KHTML, like Gecko) Chrome/56.0.2924.87 Safari/537.36"
94.72.101.21 - - [02/Nov/2024:20:05:19 +0000] "GET /blog/.gitlab-ci.yml HTTP/1.1" 404 564 "-" "Mozilla/5.0 (Macintosh; Intel Mac OS X 10_12_3) AppleWebKit/537.36 (KHTML, like Gecko) Chrome/56.0.2924.87 Safari/537.36"
94.72.101.21 - - [02/Nov/2024:20:05:19 +0000] "GET /settings/laravel.log HTTP/1.1" 404 564 "-" "Mozilla/5.0 (Macintosh; Intel Mac OS X 10_12_3) AppleWebKit/537.36 (KHTML, like Gecko) Chrome/56.0.2924.87 Safari/537.36"
94.72.101.21 - - [02/Nov/2024:20:05:19 +0000] "GET /customer/jenkinsFile HTTP/1.1" 404 564 "-" "Mozilla/5.0 (Macintosh; Intel Mac OS X 10_12_3) AppleWebKit/537.36 (KHTML, like Gecko) Chrome/56.0.2924.87 Safari/537.36"
94.72.101.21 - - [02/Nov/2024:20:05:20 +0000] "GET /profile/.ftpconfig HTTP/1.1" 404 564 "-" "Mozilla/5.0 (Macintosh; Intel Mac OS X 10_12_3) AppleWebKit/537.36 (KHTML, like Gecko) Chrome/56.0.2924.87 Safari/537.36"
94.72.101.21 - - [02/Nov/2024:20:05:20 +0000] "GET /profile/api-config.ini HTTP/1.1" 404 564 "-" "Mozilla/5.0 (Macintosh; Intel Mac OS X 10_12_3) AppleWebKit/537.36 (KHTML, like Gecko) Chrome/56.0.2924.87 Safari/537.36"
94.72.101.21 - - [02/Nov/2024:20:05:20 +0000] "GET /configuration/config.yaml HTTP/1.1" 404 564 "-" "Mozilla/5.0 (Macintosh; Intel Mac OS X 10_12_3) AppleWebKit/537.36 (KHTML, like Gecko) Chrome/56.0.2924.87 Safari/537.36"
94.72.101.21 - - [02/Nov/2024:20:05:20 +0000] "GET /project/config.yaml HTTP/1.1" 404 564 "-" "Mozilla/5.0 (Macintosh; Intel Mac OS X 10_12_3) AppleWebKit/537.36 (KHTML, like Gecko) Chrome/56.0.2924.87 Safari/537.36"
94.72.101.21 - - [02/Nov/2024:20:05:20 +0000] "GET /settings/web.config HTTP/1.1" 404 564 "-" "Mozilla/5.0 (Macintosh; Intel Mac OS X 10_12_3) AppleWebKit/537.36 (KHTML, like Gecko) Chrome/56.0.2924.87 Safari/537.36"
94.72.101.21 - - [02/Nov/2024:20:05:21 +0000] "GET /downloads/.ssh/authorized_keys HTTP/1.1" 404 564 "-" "Mozilla/5.0 (Macintosh; Intel Mac OS X 10_12_3) AppleWebKit/537.36 (KHTML, like Gecko) Chrome/56.0.2924.87 Safari/537.36"
94.72.101.21 - - [02/Nov/2024:20:05:21 +0000] "GET /downloads/jenkinsFile HTTP/1.1" 404 564 "-" "Mozilla/5.0 (Macintosh; Intel Mac OS X 10_12_3) AppleWebKit/537.36 (KHTML, like Gecko) Chrome/56.0.2924.87 Safari/537.36"
94.72.101.21 - - [02/Nov/2024:20:05:21 +0000] "GET /products/jenkinsFile HTTP/1.1" 404 564 "-" "Mozilla/5.0 (Macintosh; Intel Mac OS X 10_12_3) AppleWebKit/537.36 (KHTML, like Gecko) Chrome/56.0.2924.87 Safari/537.36"
94.72.101.21 - - [02/Nov/2024:20:05:22 +0000] "GET /painel/.vscode/sftp.json HTTP/1.1" 404 564 "-" "Mozilla/5.0 (Macintosh; Intel Mac OS X 10_12_3) AppleWebKit/537.36 (KHTML, like Gecko) Chrome/56.0.2924.87 Safari/537.36"
94.72.101.21 - - [02/Nov/2024:20:05:23 +0000] "GET /services/api-config.ini HTTP/1.1" 404 564 "-" "Mozilla/5.0 (Macintosh; Intel Mac OS X 10_12_3) AppleWebKit/537.36 (KHTML, like Gecko) Chrome/56.0.2924.87 Safari/537.36"
94.72.101.21 - - [02/Nov/2024:20:05:24 +0000] "GET /portal/.gitlab-ci.yml HTTP/1.1" 404 564 "-" "Mozilla/5.0 (Macintosh; Intel Mac OS X 10_12_3) AppleWebKit/537.36 (KHTML, like Gecko) Chrome/56.0.2924.87 Safari/537.36"
94.72.101.21 - - [02/Nov/2024:20:05:25 +0000] "GET /project/web.config HTTP/1.1" 404 564 "-" "Mozilla/5.0 (Macintosh; Intel Mac OS X 10_12_3) AppleWebKit/537.36 (KHTML, like Gecko) Chrome/56.0.2924.87 Safari/537.36"
94.72.101.21 - - [02/Nov/2024:20:05:25 +0000] "GET /services/App_Config/ConnectionStrings.config HTTP/1.1" 404 564 "-" "Mozilla/5.0 (Macintosh; Intel Mac OS X 10_12_3) AppleWebKit/537.36 (KHTML, like Gecko) Chrome/56.0.2924.87 Safari/537.36"
94.72.101.21 - - [02/Nov/2024:20:05:25 +0000] "GET /public/.vscode/ftp-sync.json HTTP/1.1" 404 564 "-" "Mozilla/5.0 (Macintosh; Intel Mac OS X 10_12_3) AppleWebKit/537.36 (KHTML, like Gecko) Chrome/56.0.2924.87 Safari/537.36"
94.72.101.21 - - [02/Nov/2024:20:05:25 +0000] "GET /web.config HTTP/1.1" 404 564 "-" "Mozilla/5.0 (Macintosh; Intel Mac OS X 10_12_3) AppleWebKit/537.36 (KHTML, like Gecko) Chrome/56.0.2924.87 Safari/537.36"
94.72.101.21 - - [02/Nov/2024:20:05:26 +0000] "GET /project/.vscode/ftp-sync.json HTTP/1.1" 404 564 "-" "Mozilla/5.0 (Macintosh; Intel Mac OS X 10_12_3) AppleWebKit/537.36 (KHTML, like Gecko) Chrome/56.0.2924.87 Safari/537.36"
94.72.101.21 - - [02/Nov/2024:20:05:26 +0000] "GET /bkp/.gitlab-ci.yml HTTP/1.1" 404 564 "-" "Mozilla/5.0 (Macintosh; Intel Mac OS X 10_12_3) AppleWebKit/537.36 (KHTML, like Gecko) Chrome/56.0.2924.87 Safari/537.36"
94.72.101.21 - - [02/Nov/2024:20:05:27 +0000] "GET /resources/jenkinsFile HTTP/1.1" 404 564 "-" "Mozilla/5.0 (Macintosh; Intel Mac OS X 10_12_3) AppleWebKit/537.36 (KHTML, like Gecko) Chrome/56.0.2924.87 Safari/537.36"
94.72.101.21 - - [02/Nov/2024:20:05:27 +0000] "GET /customer/App_Config/ConnectionStrings.config HTTP/1.1" 404 564 "-" "Mozilla/5.0 (Macintosh; Intel Mac OS X 10_12_3) AppleWebKit/537.36 (KHTML, like Gecko) Chrome/56.0.2924.87 Safari/537.36"
94.72.101.21 - - [02/Nov/2024:20:05:27 +0000] "GET /portal/.vscode/ftp-sync.json HTTP/1.1" 404 564 "-" "Mozilla/5.0 (Macintosh; Intel Mac OS X 10_12_3) AppleWebKit/537.36 (KHTML, like Gecko) Chrome/56.0.2924.87 Safari/537.36"
94.72.101.21 - - [02/Nov/2024:20:05:27 +0000] "GET /dashboard/config.yaml HTTP/1.1" 404 564 "-" "Mozilla/5.0 (Macintosh; Intel Mac OS X 10_12_3) AppleWebKit/537.36 (KHTML, like Gecko) Chrome/56.0.2924.87 Safari/537.36"
94.72.101.21 - - [02/Nov/2024:20:05:28 +0000] "GET /cache/.vscode/ftp-sync.json HTTP/1.1" 404 564 "-" "Mozilla/5.0 (Macintosh; Intel Mac OS X 10_12_3) AppleWebKit/537.36 (KHTML, like Gecko) Chrome/56.0.2924.87 Safari/537.36"
94.72.101.21 - - [02/Nov/2024:20:05:28 +0000] "GET /dashboard/web.config HTTP/1.1" 404 564 "-" "Mozilla/5.0 (Macintosh; Intel Mac OS X 10_12_3) AppleWebKit/537.36 (KHTML, like Gecko) Chrome/56.0.2924.87 Safari/537.36"
94.72.101.21 - - [02/Nov/2024:20:05:28 +0000] "GET /blog/api-config.ini HTTP/1.1" 404 564 "-" "Mozilla/5.0 (Macintosh; Intel Mac OS X 10_12_3) AppleWebKit/537.36 (KHTML, like Gecko) Chrome/56.0.2924.87 Safari/537.36"
94.72.101.21 - - [02/Nov/2024:20:05:28 +0000] "GET /projeto/server.xml HTTP/1.1" 404 564 "-" "Mozilla/5.0 (Macintosh; Intel Mac OS X 10_12_3) AppleWebKit/537.36 (KHTML, like Gecko) Chrome/56.0.2924.87 Safari/537.36"
94.72.101.21 - - [02/Nov/2024:20:05:29 +0000] "GET /portal/.ftpconfig HTTP/1.1" 404 564 "-" "Mozilla/5.0 (Macintosh; Intel Mac OS X 10_12_3) AppleWebKit/537.36 (KHTML, like Gecko) Chrome/56.0.2924.87 Safari/537.36"
94.72.101.21 - - [02/Nov/2024:20:05:29 +0000] "GET /cache/.gitlab-ci.yml HTTP/1.1" 404 564 "-" "Mozilla/5.0 (Macintosh; Intel Mac OS X 10_12_3) AppleWebKit/537.36 (KHTML, like Gecko) Chrome/56.0.2924.87 Safari/537.36"
94.72.101.21 - - [02/Nov/2024:20:05:29 +0000] "GET /login/server.xml HTTP/1.1" 404 564 "-" "Mozilla/5.0 (Macintosh; Intel Mac OS X 10_12_3) AppleWebKit/537.36 (KHTML, like Gecko) Chrome/56.0.2924.87 Safari/537.36"
94.72.101.21 - - [02/Nov/2024:20:05:29 +0000] "GET /products/laravel.log HTTP/1.1" 404 564 "-" "Mozilla/5.0 (Macintosh; Intel Mac OS X 10_12_3) AppleWebKit/537.36 (KHTML, like Gecko) Chrome/56.0.2924.87 Safari/537.36"
94.72.101.21 - - [02/Nov/2024:20:05:29 +0000] "GET /config/api-config.ini HTTP/1.1" 404 564 "-" "Mozilla/5.0 (Macintosh; Intel Mac OS X 10_12_3) AppleWebKit/537.36 (KHTML, like Gecko) Chrome/56.0.2924.87 Safari/537.36"
94.72.101.21 - - [02/Nov/2024:20:05:30 +0000] "GET /public/App_Config/ConnectionStrings.config HTTP/1.1" 404 564 "-" "Mozilla/5.0 (Macintosh; Intel Mac OS X 10_12_3) AppleWebKit/537.36 (KHTML, like Gecko) Chrome/56.0.2924.87 Safari/537.36"
94.72.101.21 - - [02/Nov/2024:20:05:30 +0000] "GET /client/.git/config HTTP/1.1" 404 564 "-" "Mozilla/5.0 (Macintosh; Intel Mac OS X 10_12_3) AppleWebKit/537.36 (KHTML, like Gecko) Chrome/56.0.2924.87 Safari/537.36"
94.72.101.21 - - [02/Nov/2024:20:05:30 +0000] "GET /site/.ssh/authorized_keys HTTP/1.1" 404 564 "-" "Mozilla/5.0 (Macintosh; Intel Mac OS X 10_12_3) AppleWebKit/537.36 (KHTML, like Gecko) Chrome/56.0.2924.87 Safari/537.36"
94.72.101.21 - - [02/Nov/2024:20:05:30 +0000] "GET /dev/laravel.log HTTP/1.1" 404 564 "-" "Mozilla/5.0 (Macintosh; Intel Mac OS X 10_12_3) AppleWebKit/537.36 (KHTML, like Gecko) Chrome/56.0.2924.87 Safari/537.36"
94.72.101.21 - - [02/Nov/2024:20:05:31 +0000] "GET /server.xml HTTP/1.1" 404 564 "-" "Mozilla/5.0 (Macintosh; Intel Mac OS X 10_12_3) AppleWebKit/537.36 (KHTML, like Gecko) Chrome/56.0.2924.87 Safari/537.36"
94.72.101.21 - - [02/Nov/2024:20:05:31 +0000] "GET /settings/.ssh/authorized_keys HTTP/1.1" 404 564 "-" "Mozilla/5.0 (Macintosh; Intel Mac OS X 10_12_3) AppleWebKit/537.36 (KHTML, like Gecko) Chrome/56.0.2924.87 Safari/537.36"
94.72.101.21 - - [02/Nov/2024:20:05:31 +0000] "GET /profile/.gitlab-ci.yml HTTP/1.1" 404 564 "-" "Mozilla/5.0 (Macintosh; Intel Mac OS X 10_12_3) AppleWebKit/537.36 (KHTML, like Gecko) Chrome/56.0.2924.87 Safari/537.36"
94.72.101.21 - - [02/Nov/2024:20:05:31 +0000] "GET /configuration/.git/config HTTP/1.1" 404 564 "-" "Mozilla/5.0 (Macintosh; Intel Mac OS X 10_12_3) AppleWebKit/537.36 (KHTML, like Gecko) Chrome/56.0.2924.87 Safari/537.36"
94.72.101.21 - - [02/Nov/2024:20:05:31 +0000] "GET /media/.ftpconfig HTTP/1.1" 404 564 "-" "Mozilla/5.0 (Macintosh; Intel Mac OS X 10_12_3) AppleWebKit/537.36 (KHTML, like Gecko) Chrome/56.0.2924.87 Safari/537.36"
94.72.101.21 - - [02/Nov/2024:20:05:33 +0000] "GET /static/App_Config/ConnectionStrings.config HTTP/1.1" 404 564 "-" "Mozilla/5.0 (Macintosh; Intel Mac OS X 10_12_3) AppleWebKit/537.36 (KHTML, like Gecko) Chrome/56.0.2924.87 Safari/537.36"
94.72.101.21 - - [02/Nov/2024:20:05:34 +0000] "GET /services/laravel.log HTTP/1.1" 404 564 "-" "Mozilla/5.0 (Macintosh; Intel Mac OS X 10_12_3) AppleWebKit/537.36 (KHTML, like Gecko) Chrome/56.0.2924.87 Safari/537.36"
94.72.101.21 - - [02/Nov/2024:20:05:34 +0000] "GET /conta/server.xml HTTP/1.1" 404 564 "-" "Mozilla/5.0 (Macintosh; Intel Mac OS X 10_12_3) AppleWebKit/537.36 (KHTML, like Gecko) Chrome/56.0.2924.87 Safari/537.36"
94.72.101.21 - - [02/Nov/2024:20:05:35 +0000] "GET /vendor/remote-sync.json HTTP/1.1" 404 564 "-" "Mozilla/5.0 (Macintosh; Intel Mac OS X 10_12_3) AppleWebKit/537.36 (KHTML, like Gecko) Chrome/56.0.2924.87 Safari/537.36"
94.72.101.21 - - [02/Nov/2024:20:05:35 +0000] "GET /dashboard/.ssh/authorized_keys HTTP/1.1" 404 564 "-" "Mozilla/5.0 (Macintosh; Intel Mac OS X 10_12_3) AppleWebKit/537.36 (KHTML, like Gecko) Chrome/56.0.2924.87 Safari/537.36"
94.72.101.21 - - [02/Nov/2024:20:05:35 +0000] "GET /config/.ssh/authorized_keys HTTP/1.1" 404 564 "-" "Mozilla/5.0 (Macintosh; Intel Mac OS X 10_12_3) AppleWebKit/537.36 (KHTML, like Gecko) Chrome/56.0.2924.87 Safari/537.36"
94.72.101.21 - - [02/Nov/2024:20:05:36 +0000] "GET /docs/.git/config HTTP/1.1" 404 564 "-" "Mozilla/5.0 (Macintosh; Intel Mac OS X 10_12_3) AppleWebKit/537.36 (KHTML, like Gecko) Chrome/56.0.2924.87 Safari/537.36"
94.72.101.21 - - [02/Nov/2024:20:05:36 +0000] "GET /portal/.git/config HTTP/1.1" 404 564 "-" "Mozilla/5.0 (Macintosh; Intel Mac OS X 10_12_3) AppleWebKit/537.36 (KHTML, like Gecko) Chrome/56.0.2924.87 Safari/537.36"
94.72.101.21 - - [02/Nov/2024:20:05:36 +0000] "GET /painel/jenkinsFile HTTP/1.1" 404 564 "-" "Mozilla/5.0 (Macintosh; Intel Mac OS X 10_12_3) AppleWebKit/537.36 (KHTML, like Gecko) Chrome/56.0.2924.87 Safari/537.36"
94.72.101.21 - - [02/Nov/2024:20:05:37 +0000] "GET /backup/App_Config/ConnectionStrings.config HTTP/1.1" 404 564 "-" "Mozilla/5.0 (Macintosh; Intel Mac OS X 10_12_3) AppleWebKit/537.36 (KHTML, like Gecko) Chrome/56.0.2924.87 Safari/537.36"
94.72.101.21 - - [02/Nov/2024:20:05:37 +0000] "GET /services/.git/config HTTP/1.1" 404 564 "-" "Mozilla/5.0 (Macintosh; Intel Mac OS X 10_12_3) AppleWebKit/537.36 (KHTML, like Gecko) Chrome/56.0.2924.87 Safari/537.36"
94.72.101.21 - - [02/Nov/2024:20:05:37 +0000] "GET /dev/App_Config/ConnectionStrings.config HTTP/1.1" 404 564 "-" "Mozilla/5.0 (Macintosh; Intel Mac OS X 10_12_3) AppleWebKit/537.36 (KHTML, like Gecko) Chrome/56.0.2924.87 Safari/537.36"
94.72.101.21 - - [02/Nov/2024:20:05:37 +0000] "GET /cache/.git/config HTTP/1.1" 404 564 "-" "Mozilla/5.0 (Macintosh; Intel Mac OS X 10_12_3) AppleWebKit/537.36 (KHTML, like Gecko) Chrome/56.0.2924.87 Safari/537.36"
94.72.101.21 - - [02/Nov/2024:20:05:38 +0000] "GET /site/config.yaml HTTP/1.1" 404 564 "-" "Mozilla/5.0 (Macintosh; Intel Mac OS X 10_12_3) AppleWebKit/537.36 (KHTML, like Gecko) Chrome/56.0.2924.87 Safari/537.36"
94.72.101.21 - - [02/Nov/2024:20:05:38 +0000] "GET /client/.vscode/sftp.json HTTP/1.1" 404 564 "-" "Mozilla/5.0 (Macintosh; Intel Mac OS X 10_12_3) AppleWebKit/537.36 (KHTML, like Gecko) Chrome/56.0.2924.87 Safari/537.36"
94.72.101.21 - - [02/Nov/2024:20:05:38 +0000] "GET /static/.git/config HTTP/1.1" 404 564 "-" "Mozilla/5.0 (Macintosh; Intel Mac OS X 10_12_3) AppleWebKit/537.36 (KHTML, like Gecko) Chrome/56.0.2924.87 Safari/537.36"
94.72.101.21 - - [02/Nov/2024:20:05:39 +0000] "GET /backup/.vscode/ftp-sync.json HTTP/1.1" 404 564 "-" "Mozilla/5.0 (Macintosh; Intel Mac OS X 10_12_3) AppleWebKit/537.36 (KHTML, like Gecko) Chrome/56.0.2924.87 Safari/537.36"
94.72.101.21 - - [02/Nov/2024:20:05:39 +0000] "GET /docs/.ssh/authorized_keys HTTP/1.1" 404 564 "-" "Mozilla/5.0 (Macintosh; Intel Mac OS X 10_12_3) AppleWebKit/537.36 (KHTML, like Gecko) Chrome/56.0.2924.87 Safari/537.36"
94.72.101.21 - - [02/Nov/2024:20:05:39 +0000] "GET /customer/laravel.log HTTP/1.1" 404 564 "-" "Mozilla/5.0 (Macintosh; Intel Mac OS X 10_12_3) AppleWebKit/537.36 (KHTML, like Gecko) Chrome/56.0.2924.87 Safari/537.36"
94.72.101.21 - - [02/Nov/2024:20:05:39 +0000] "GET /cache/App_Config/ConnectionStrings.config HTTP/1.1" 404 564 "-" "Mozilla/5.0 (Macintosh; Intel Mac OS X 10_12_3) AppleWebKit/537.36 (KHTML, like Gecko) Chrome/56.0.2924.87 Safari/537.36"
94.72.101.21 - - [02/Nov/2024:20:05:39 +0000] "GET /settings/jenkinsFile HTTP/1.1" 404 564 "-" "Mozilla/5.0 (Macintosh; Intel Mac OS X 10_12_3) AppleWebKit/537.36 (KHTML, like Gecko) Chrome/56.0.2924.87 Safari/537.36"
94.72.101.21 - - [02/Nov/2024:20:05:39 +0000] "GET /members/remote-sync.json HTTP/1.1" 404 564 "-" "Mozilla/5.0 (Macintosh; Intel Mac OS X 10_12_3) AppleWebKit/537.36 (KHTML, like Gecko) Chrome/56.0.2924.87 Safari/537.36"
94.72.101.21 - - [02/Nov/2024:20:05:40 +0000] "GET /client/.gitlab-ci.yml HTTP/1.1" 404 564 "-" "Mozilla/5.0 (Macintosh; Intel Mac OS X 10_12_3) AppleWebKit/537.36 (KHTML, like Gecko) Chrome/56.0.2924.87 Safari/537.36"
94.72.101.21 - - [02/Nov/2024:20:05:40 +0000] "GET /vendor/.ftpconfig HTTP/1.1" 404 564 "-" "Mozilla/5.0 (Macintosh; Intel Mac OS X 10_12_3) AppleWebKit/537.36 (KHTML, like Gecko) Chrome/56.0.2924.87 Safari/537.36"
94.72.101.21 - - [02/Nov/2024:20:05:40 +0000] "GET /cache/laravel.log HTTP/1.1" 404 564 "-" "Mozilla/5.0 (Macintosh; Intel Mac OS X 10_12_3) AppleWebKit/537.36 (KHTML, like Gecko) Chrome/56.0.2924.87 Safari/537.36"
94.72.101.21 - - [02/Nov/2024:20:05:40 +0000] "GET /conta/config.yaml HTTP/1.1" 404 564 "-" "Mozilla/5.0 (Macintosh; Intel Mac OS X 10_12_3) AppleWebKit/537.36 (KHTML, like Gecko) Chrome/56.0.2924.87 Safari/537.36"
94.72.101.21 - - [02/Nov/2024:20:05:40 +0000] "GET /projeto/.vscode/ftp-sync.json HTTP/1.1" 404 564 "-" "Mozilla/5.0 (Macintosh; Intel Mac OS X 10_12_3) AppleWebKit/537.36 (KHTML, like Gecko) Chrome/56.0.2924.87 Safari/537.36"
94.72.101.21 - - [02/Nov/2024:20:05:41 +0000] "GET /bkp/.git/config HTTP/1.1" 404 564 "-" "Mozilla/5.0 (Macintosh; Intel Mac OS X 10_12_3) AppleWebKit/537.36 (KHTML, like Gecko) Chrome/56.0.2924.87 Safari/537.36"
94.72.101.21 - - [02/Nov/2024:20:05:41 +0000] "GET /tmp/jenkinsFile HTTP/1.1" 404 564 "-" "Mozilla/5.0 (Macintosh; Intel Mac OS X 10_12_3) AppleWebKit/537.36 (KHTML, like Gecko) Chrome/56.0.2924.87 Safari/537.36"
94.72.101.21 - - [02/Nov/2024:20:05:41 +0000] "GET /conta/laravel.log HTTP/1.1" 404 564 "-" "Mozilla/5.0 (Macintosh; Intel Mac OS X 10_12_3) AppleWebKit/537.36 (KHTML, like Gecko) Chrome/56.0.2924.87 Safari/537.36"
94.72.101.21 - - [02/Nov/2024:20:05:41 +0000] "GET /customer/api-config.ini HTTP/1.1" 404 564 "-" "Mozilla/5.0 (Macintosh; Intel Mac OS X 10_12_3) AppleWebKit/537.36 (KHTML, like Gecko) Chrome/56.0.2924.87 Safari/537.36"
94.72.101.21 - - [02/Nov/2024:20:05:42 +0000] "GET /settings/App_Config/ConnectionStrings.config HTTP/1.1" 404 564 "-" "Mozilla/5.0 (Macintosh; Intel Mac OS X 10_12_3) AppleWebKit/537.36 (KHTML, like Gecko) Chrome/56.0.2924.87 Safari/537.36"
94.72.101.21 - - [02/Nov/2024:20:05:42 +0000] "GET /admin/jenkinsFile HTTP/1.1" 404 564 "-" "Mozilla/5.0 (Macintosh; Intel Mac OS X 10_12_3) AppleWebKit/537.36 (KHTML, like Gecko) Chrome/56.0.2924.87 Safari/537.36"
94.72.101.21 - - [02/Nov/2024:20:05:42 +0000] "GET /resources/web.config HTTP/1.1" 404 564 "-" "Mozilla/5.0 (Macintosh; Intel Mac OS X 10_12_3) AppleWebKit/537.36 (KHTML, like Gecko) Chrome/56.0.2924.87 Safari/537.36"
94.72.101.21 - - [02/Nov/2024:20:05:42 +0000] "GET /portal/server.xml HTTP/1.1" 404 564 "-" "Mozilla/5.0 (Macintosh; Intel Mac OS X 10_12_3) AppleWebKit/537.36 (KHTML, like Gecko) Chrome/56.0.2924.87 Safari/537.36"
94.72.101.21 - - [02/Nov/2024:20:05:43 +0000] "GET /settings/.git/config HTTP/1.1" 404 564 "-" "Mozilla/5.0 (Macintosh; Intel Mac OS X 10_12_3) AppleWebKit/537.36 (KHTML, like Gecko) Chrome/56.0.2924.87 Safari/537.36"
94.72.101.21 - - [02/Nov/2024:20:05:43 +0000] "GET /cache/config.yaml HTTP/1.1" 404 564 "-" "Mozilla/5.0 (Macintosh; Intel Mac OS X 10_12_3) AppleWebKit/537.36 (KHTML, like Gecko) Chrome/56.0.2924.87 Safari/537.36"
94.72.101.21 - - [02/Nov/2024:20:05:43 +0000] "GET /products/.vscode/ftp-sync.json HTTP/1.1" 404 564 "-" "Mozilla/5.0 (Macintosh; Intel Mac OS X 10_12_3) AppleWebKit/537.36 (KHTML, like Gecko) Chrome/56.0.2924.87 Safari/537.36"
94.72.101.21 - - [02/Nov/2024:20:05:44 +0000] "GET /api-config.ini HTTP/1.1" 404 564 "-" "Mozilla/5.0 (Macintosh; Intel Mac OS X 10_12_3) AppleWebKit/537.36 (KHTML, like Gecko) Chrome/56.0.2924.87 Safari/537.36"
94.72.101.21 - - [02/Nov/2024:20:05:44 +0000] "GET /customer/.env HTTP/1.1" 404 564 "-" "Mozilla/5.0 (Macintosh; Intel Mac OS X 10_12_3) AppleWebKit/537.36 (KHTML, like Gecko) Chrome/56.0.2924.87 Safari/537.36"
94.72.101.21 - - [02/Nov/2024:20:05:44 +0000] "GET /user/.vscode/sftp.json HTTP/1.1" 404 564 "-" "Mozilla/5.0 (Macintosh; Intel Mac OS X 10_12_3) AppleWebKit/537.36 (KHTML, like Gecko) Chrome/56.0.2924.87 Safari/537.36"
94.72.101.21 - - [02/Nov/2024:20:05:45 +0000] "GET /bkp/.vscode/sftp.json HTTP/1.1" 404 564 "-" "Mozilla/5.0 (Macintosh; Intel Mac OS X 10_12_3) AppleWebKit/537.36 (KHTML, like Gecko) Chrome/56.0.2924.87 Safari/537.36"
94.72.101.21 - - [02/Nov/2024:20:05:45 +0000] "GET /portal/.vscode/sftp.json HTTP/1.1" 404 564 "-" "Mozilla/5.0 (Macintosh; Intel Mac OS X 10_12_3) AppleWebKit/537.36 (KHTML, like Gecko) Chrome/56.0.2924.87 Safari/537.36"
94.72.101.21 - - [02/Nov/2024:20:05:45 +0000] "GET /docs/.vscode/sftp.json HTTP/1.1" 404 564 "-" "Mozilla/5.0 (Macintosh; Intel Mac OS X 10_12_3) AppleWebKit/537.36 (KHTML, like Gecko) Chrome/56.0.2924.87 Safari/537.36"
94.72.101.21 - - [02/Nov/2024:20:05:45 +0000] "GET /settings/server.xml HTTP/1.1" 404 564 "-" "Mozilla/5.0 (Macintosh; Intel Mac OS X 10_12_3) AppleWebKit/537.36 (KHTML, like Gecko) Chrome/56.0.2924.87 Safari/537.36"
94.72.101.21 - - [02/Nov/2024:20:05:46 +0000] "GET /client/config.yaml HTTP/1.1" 404 564 "-" "Mozilla/5.0 (Macintosh; Intel Mac OS X 10_12_3) AppleWebKit/537.36 (KHTML, like Gecko) Chrome/56.0.2924.87 Safari/537.36"
94.72.101.21 - - [02/Nov/2024:20:05:46 +0000] "GET /media/App_Config/ConnectionStrings.config HTTP/1.1" 404 564 "-" "Mozilla/5.0 (Macintosh; Intel Mac OS X 10_12_3) AppleWebKit/537.36 (KHTML, like Gecko) Chrome/56.0.2924.87 Safari/537.36"
94.72.101.21 - - [02/Nov/2024:20:05:46 +0000] "GET /backup/server.xml HTTP/1.1" 404 564 "-" "Mozilla/5.0 (Macintosh; Intel Mac OS X 10_12_3) AppleWebKit/537.36 (KHTML, like Gecko) Chrome/56.0.2924.87 Safari/537.36"
94.72.101.21 - - [02/Nov/2024:20:05:47 +0000] "GET /conta/.gitlab-ci.yml HTTP/1.1" 404 564 "-" "Mozilla/5.0 (Macintosh; Intel Mac OS X 10_12_3) AppleWebKit/537.36 (KHTML, like Gecko) Chrome/56.0.2924.87 Safari/537.36"
94.72.101.21 - - [02/Nov/2024:20:05:48 +0000] "GET /client/.ssh/authorized_keys HTTP/1.1" 404 564 "-" "Mozilla/5.0 (Macintosh; Intel Mac OS X 10_12_3) AppleWebKit/537.36 (KHTML, like Gecko) Chrome/56.0.2924.87 Safari/537.36"
94.72.101.21 - - [02/Nov/2024:20:05:48 +0000] "GET /admin/.gitlab-ci.yml HTTP/1.1" 404 564 "-" "Mozilla/5.0 (Macintosh; Intel Mac OS X 10_12_3) AppleWebKit/537.36 (KHTML, like Gecko) Chrome/56.0.2924.87 Safari/537.36"
94.72.101.21 - - [02/Nov/2024:20:05:48 +0000] "GET /painel/laravel.log HTTP/1.1" 404 564 "-" "Mozilla/5.0 (Macintosh; Intel Mac OS X 10_12_3) AppleWebKit/537.36 (KHTML, like Gecko) Chrome/56.0.2924.87 Safari/537.36"
94.72.101.21 - - [02/Nov/2024:20:05:48 +0000] "GET /site/server.xml HTTP/1.1" 404 564 "-" "Mozilla/5.0 (Macintosh; Intel Mac OS X 10_12_3) AppleWebKit/537.36 (KHTML, like Gecko) Chrome/56.0.2924.87 Safari/537.36"
94.72.101.21 - - [02/Nov/2024:20:05:49 +0000] "GET /user/jenkinsFile HTTP/1.1" 404 564 "-" "Mozilla/5.0 (Macintosh; Intel Mac OS X 10_12_3) AppleWebKit/537.36 (KHTML, like Gecko) Chrome/56.0.2924.87 Safari/537.36"
94.72.101.21 - - [02/Nov/2024:20:05:49 +0000] "GET /dashboard/api-config.ini HTTP/1.1" 404 564 "-" "Mozilla/5.0 (Macintosh; Intel Mac OS X 10_12_3) AppleWebKit/537.36 (KHTML, like Gecko) Chrome/56.0.2924.87 Safari/537.36"
94.72.101.21 - - [02/Nov/2024:20:05:49 +0000] "GET /login/remote-sync.json HTTP/1.1" 404 564 "-" "Mozilla/5.0 (Macintosh; Intel Mac OS X 10_12_3) AppleWebKit/537.36 (KHTML, like Gecko) Chrome/56.0.2924.87 Safari/537.36"
94.72.101.21 - - [02/Nov/2024:20:05:49 +0000] "GET /dashboard/jenkinsFile HTTP/1.1" 404 564 "-" "Mozilla/5.0 (Macintosh; Intel Mac OS X 10_12_3) AppleWebKit/537.36 (KHTML, like Gecko) Chrome/56.0.2924.87 Safari/537.36"
94.72.101.21 - - [02/Nov/2024:20:05:49 +0000] "GET /projeto/jenkinsFile HTTP/1.1" 404 564 "-" "Mozilla/5.0 (Macintosh; Intel Mac OS X 10_12_3) AppleWebKit/537.36 (KHTML, like Gecko) Chrome/56.0.2924.87 Safari/537.36"
94.72.101.21 - - [02/Nov/2024:20:05:50 +0000] "GET /configuration/.gitlab-ci.yml HTTP/1.1" 404 564 "-" "Mozilla/5.0 (Macintosh; Intel Mac OS X 10_12_3) AppleWebKit/537.36 (KHTML, like Gecko) Chrome/56.0.2924.87 Safari/537.36"
94.72.101.21 - - [02/Nov/2024:20:05:50 +0000] "GET /profile/.ssh/authorized_keys HTTP/1.1" 404 564 "-" "Mozilla/5.0 (Macintosh; Intel Mac OS X 10_12_3) AppleWebKit/537.36 (KHTML, like Gecko) Chrome/56.0.2924.87 Safari/537.36"
94.72.101.21 - - [02/Nov/2024:20:05:50 +0000] "GET /private/jenkinsFile HTTP/1.1" 404 564 "-" "Mozilla/5.0 (Macintosh; Intel Mac OS X 10_12_3) AppleWebKit/537.36 (KHTML, like Gecko) Chrome/56.0.2924.87 Safari/537.36"
94.72.101.21 - - [02/Nov/2024:20:05:50 +0000] "GET /dev/web.config HTTP/1.1" 404 564 "-" "Mozilla/5.0 (Macintosh; Intel Mac OS X 10_12_3) AppleWebKit/537.36 (KHTML, like Gecko) Chrome/56.0.2924.87 Safari/537.36"
94.72.101.21 - - [02/Nov/2024:20:05:51 +0000] "GET /downloads/laravel.log HTTP/1.1" 404 564 "-" "Mozilla/5.0 (Macintosh; Intel Mac OS X 10_12_3) AppleWebKit/537.36 (KHTML, like Gecko) Chrome/56.0.2924.87 Safari/537.36"
94.72.101.21 - - [02/Nov/2024:20:05:51 +0000] "GET /account/App_Config/ConnectionStrings.config HTTP/1.1" 404 564 "-" "Mozilla/5.0 (Macintosh; Intel Mac OS X 10_12_3) AppleWebKit/537.36 (KHTML, like Gecko) Chrome/56.0.2924.87 Safari/537.36"
94.72.101.21 - - [02/Nov/2024:20:05:51 +0000] "GET /services/.gitlab-ci.yml HTTP/1.1" 404 564 "-" "Mozilla/5.0 (Macintosh; Intel Mac OS X 10_12_3) AppleWebKit/537.36 (KHTML, like Gecko) Chrome/56.0.2924.87 Safari/537.36"
94.72.101.21 - - [02/Nov/2024:20:05:52 +0000] "GET /services/.ssh/authorized_keys HTTP/1.1" 404 564 "-" "Mozilla/5.0 (Macintosh; Intel Mac OS X 10_12_3) AppleWebKit/537.36 (KHTML, like Gecko) Chrome/56.0.2924.87 Safari/537.36"
94.72.101.21 - - [02/Nov/2024:20:05:52 +0000] "GET /config/server.xml HTTP/1.1" 404 564 "-" "Mozilla/5.0 (Macintosh; Intel Mac OS X 10_12_3) AppleWebKit/537.36 (KHTML, like Gecko) Chrome/56.0.2924.87 Safari/537.36"
94.72.101.21 - - [02/Nov/2024:20:05:52 +0000] "GET /conta/.vscode/sftp.json HTTP/1.1" 404 564 "-" "Mozilla/5.0 (Macintosh; Intel Mac OS X 10_12_3) AppleWebKit/537.36 (KHTML, like Gecko) Chrome/56.0.2924.87 Safari/537.36"
94.72.101.21 - - [02/Nov/2024:20:05:53 +0000] "GET /bkp/App_Config/ConnectionStrings.config HTTP/1.1" 404 564 "-" "Mozilla/5.0 (Macintosh; Intel Mac OS X 10_12_3) AppleWebKit/537.36 (KHTML, like Gecko) Chrome/56.0.2924.87 Safari/537.36"
94.72.101.21 - - [02/Nov/2024:20:05:53 +0000] "GET /account/.vscode/sftp.json HTTP/1.1" 404 564 "-" "Mozilla/5.0 (Macintosh; Intel Mac OS X 10_12_3) AppleWebKit/537.36 (KHTML, like Gecko) Chrome/56.0.2924.87 Safari/537.36"
94.72.101.21 - - [02/Nov/2024:20:05:53 +0000] "GET /config/web.config HTTP/1.1" 404 564 "-" "Mozilla/5.0 (Macintosh; Intel Mac OS X 10_12_3) AppleWebKit/537.36 (KHTML, like Gecko) Chrome/56.0.2924.87 Safari/537.36"
94.72.101.21 - - [02/Nov/2024:20:05:53 +0000] "GET /products/api-config.ini HTTP/1.1" 404 564 "-" "Mozilla/5.0 (Macintosh; Intel Mac OS X 10_12_3) AppleWebKit/537.36 (KHTML, like Gecko) Chrome/56.0.2924.87 Safari/537.36"
94.72.101.21 - - [02/Nov/2024:20:05:54 +0000] "GET /blog/.vscode/ftp-sync.json HTTP/1.1" 404 564 "-" "Mozilla/5.0 (Macintosh; Intel Mac OS X 10_12_3) AppleWebKit/537.36 (KHTML, like Gecko) Chrome/56.0.2924.87 Safari/537.36"
94.72.101.21 - - [02/Nov/2024:20:05:54 +0000] "GET /public/server.xml HTTP/1.1" 404 564 "-" "Mozilla/5.0 (Macintosh; Intel Mac OS X 10_12_3) AppleWebKit/537.36 (KHTML, like Gecko) Chrome/56.0.2924.87 Safari/537.36"
94.72.101.21 - - [02/Nov/2024:20:05:54 +0000] "GET /vendor/jenkinsFile HTTP/1.1" 404 564 "-" "Mozilla/5.0 (Macintosh; Intel Mac OS X 10_12_3) AppleWebKit/537.36 (KHTML, like Gecko) Chrome/56.0.2924.87 Safari/537.36"
94.72.101.21 - - [02/Nov/2024:20:05:54 +0000] "GET /products/App_Config/ConnectionStrings.config HTTP/1.1" 404 564 "-" "Mozilla/5.0 (Macintosh; Intel Mac OS X 10_12_3) AppleWebKit/537.36 (KHTML, like Gecko) Chrome/56.0.2924.87 Safari/537.36"
94.72.101.21 - - [02/Nov/2024:20:05:54 +0000] "GET /members/.gitlab-ci.yml HTTP/1.1" 404 564 "-" "Mozilla/5.0 (Macintosh; Intel Mac OS X 10_12_3) AppleWebKit/537.36 (KHTML, like Gecko) Chrome/56.0.2924.87 Safari/537.36"
94.72.101.21 - - [02/Nov/2024:20:05:55 +0000] "GET /downloads/App_Config/ConnectionStrings.config HTTP/1.1" 404 564 "-" "Mozilla/5.0 (Macintosh; Intel Mac OS X 10_12_3) AppleWebKit/537.36 (KHTML, like Gecko) Chrome/56.0.2924.87 Safari/537.36"
94.72.101.21 - - [02/Nov/2024:20:05:55 +0000] "GET /portal/laravel.log HTTP/1.1" 404 564 "-" "Mozilla/5.0 (Macintosh; Intel Mac OS X 10_12_3) AppleWebKit/537.36 (KHTML, like Gecko) Chrome/56.0.2924.87 Safari/537.36"
94.72.101.21 - - [02/Nov/2024:20:05:55 +0000] "GET /settings/.vscode/sftp.json HTTP/1.1" 404 564 "-" "Mozilla/5.0 (Macintosh; Intel Mac OS X 10_12_3) AppleWebKit/537.36 (KHTML, like Gecko) Chrome/56.0.2924.87 Safari/537.36"
94.72.101.21 - - [02/Nov/2024:20:05:55 +0000] "GET /account/remote-sync.json HTTP/1.1" 404 564 "-" "Mozilla/5.0 (Macintosh; Intel Mac OS X 10_12_3) AppleWebKit/537.36 (KHTML, like Gecko) Chrome/56.0.2924.87 Safari/537.36"
94.72.101.21 - - [02/Nov/2024:20:05:56 +0000] "GET /jenkinsFile HTTP/1.1" 404 564 "-" "Mozilla/5.0 (Macintosh; Intel Mac OS X 10_12_3) AppleWebKit/537.36 (KHTML, like Gecko) Chrome/56.0.2924.87 Safari/537.36"
94.72.101.21 - - [02/Nov/2024:20:05:56 +0000] "GET /private/.vscode/sftp.json HTTP/1.1" 404 564 "-" "Mozilla/5.0 (Macintosh; Intel Mac OS X 10_12_3) AppleWebKit/537.36 (KHTML, like Gecko) Chrome/56.0.2924.87 Safari/537.36"
94.72.101.21 - - [02/Nov/2024:20:05:56 +0000] "GET /products/server.xml HTTP/1.1" 404 564 "-" "Mozilla/5.0 (Macintosh; Intel Mac OS X 10_12_3) AppleWebKit/537.36 (KHTML, like Gecko) Chrome/56.0.2924.87 Safari/537.36"
94.72.101.21 - - [02/Nov/2024:20:05:57 +0000] "GET /downloads/.vscode/sftp.json HTTP/1.1" 404 564 "-" "Mozilla/5.0 (Macintosh; Intel Mac OS X 10_12_3) AppleWebKit/537.36 (KHTML, like Gecko) Chrome/56.0.2924.87 Safari/537.36"
94.72.101.21 - - [02/Nov/2024:20:05:58 +0000] "GET /dashboard/server.xml HTTP/1.1" 404 564 "-" "Mozilla/5.0 (Macintosh; Intel Mac OS X 10_12_3) AppleWebKit/537.36 (KHTML, like Gecko) Chrome/56.0.2924.87 Safari/537.36"
94.72.101.21 - - [02/Nov/2024:20:05:58 +0000] "GET /login/.git/config HTTP/1.1" 404 564 "-" "Mozilla/5.0 (Macintosh; Intel Mac OS X 10_12_3) AppleWebKit/537.36 (KHTML, like Gecko) Chrome/56.0.2924.87 Safari/537.36"
94.72.101.21 - - [02/Nov/2024:20:05:58 +0000] "GET /configuration/web.config HTTP/1.1" 404 564 "-" "Mozilla/5.0 (Macintosh; Intel Mac OS X 10_12_3) AppleWebKit/537.36 (KHTML, like Gecko) Chrome/56.0.2924.87 Safari/537.36"
94.72.101.21 - - [02/Nov/2024:20:05:58 +0000] "GET /project/App_Config/ConnectionStrings.config HTTP/1.1" 404 564 "-" "Mozilla/5.0 (Macintosh; Intel Mac OS X 10_12_3) AppleWebKit/537.36 (KHTML, like Gecko) Chrome/56.0.2924.87 Safari/537.36"
94.72.101.21 - - [02/Nov/2024:20:05:58 +0000] "GET /conta/web.config HTTP/1.1" 404 564 "-" "Mozilla/5.0 (Macintosh; Intel Mac OS X 10_12_3) AppleWebKit/537.36 (KHTML, like Gecko) Chrome/56.0.2924.87 Safari/537.36"
94.72.101.21 - - [02/Nov/2024:20:05:58 +0000] "GET /site/api-config.ini HTTP/1.1" 404 564 "-" "Mozilla/5.0 (Macintosh; Intel Mac OS X 10_12_3) AppleWebKit/537.36 (KHTML, like Gecko) Chrome/56.0.2924.87 Safari/537.36"
94.72.101.21 - - [02/Nov/2024:20:05:59 +0000] "GET /vendor/App_Config/ConnectionStrings.config HTTP/1.1" 404 564 "-" "Mozilla/5.0 (Macintosh; Intel Mac OS X 10_12_3) AppleWebKit/537.36 (KHTML, like Gecko) Chrome/56.0.2924.87 Safari/537.36"
94.72.101.21 - - [02/Nov/2024:20:05:59 +0000] "GET /docs/.ftpconfig HTTP/1.1" 404 564 "-" "Mozilla/5.0 (Macintosh; Intel Mac OS X 10_12_3) AppleWebKit/537.36 (KHTML, like Gecko) Chrome/56.0.2924.87 Safari/537.36"
94.72.101.21 - - [02/Nov/2024:20:05:59 +0000] "GET /painel/.git/config HTTP/1.1" 404 564 "-" "Mozilla/5.0 (Macintosh; Intel Mac OS X 10_12_3) AppleWebKit/537.36 (KHTML, like Gecko) Chrome/56.0.2924.87 Safari/537.36"
94.72.101.21 - - [02/Nov/2024:20:06:00 +0000] "GET /projeto/.git/config HTTP/1.1" 404 564 "-" "Mozilla/5.0 (Macintosh; Intel Mac OS X 10_12_3) AppleWebKit/537.36 (KHTML, like Gecko) Chrome/56.0.2924.87 Safari/537.36"
94.72.101.21 - - [02/Nov/2024:20:06:00 +0000] "GET /conta/jenkinsFile HTTP/1.1" 404 564 "-" "Mozilla/5.0 (Macintosh; Intel Mac OS X 10_12_3) AppleWebKit/537.36 (KHTML, like Gecko) Chrome/56.0.2924.87 Safari/537.36"
94.72.101.21 - - [02/Nov/2024:20:06:00 +0000] "GET /configuration/.env HTTP/1.1" 404 564 "-" "Mozilla/5.0 (Macintosh; Intel Mac OS X 10_12_3) AppleWebKit/537.36 (KHTML, like Gecko) Chrome/56.0.2924.87 Safari/537.36"
94.72.101.21 - - [02/Nov/2024:20:06:00 +0000] "GET /account/api-config.ini HTTP/1.1" 404 564 "-" "Mozilla/5.0 (Macintosh; Intel Mac OS X 10_12_3) AppleWebKit/537.36 (KHTML, like Gecko) Chrome/56.0.2924.87 Safari/537.36"
94.72.101.21 - - [02/Nov/2024:20:06:01 +0000] "GET /backup/laravel.log HTTP/1.1" 404 564 "-" "Mozilla/5.0 (Macintosh; Intel Mac OS X 10_12_3) AppleWebKit/537.36 (KHTML, like Gecko) Chrome/56.0.2924.87 Safari/537.36"
94.72.101.21 - - [02/Nov/2024:20:06:01 +0000] "GET /products/.gitlab-ci.yml HTTP/1.1" 404 564 "-" "Mozilla/5.0 (Macintosh; Intel Mac OS X 10_12_3) AppleWebKit/537.36 (KHTML, like Gecko) Chrome/56.0.2924.87 Safari/537.36"
94.72.101.21 - - [02/Nov/2024:20:06:01 +0000] "GET /admin/api-config.ini HTTP/1.1" 404 564 "-" "Mozilla/5.0 (Macintosh; Intel Mac OS X 10_12_3) AppleWebKit/537.36 (KHTML, like Gecko) Chrome/56.0.2924.87 Safari/537.36"
94.72.101.21 - - [02/Nov/2024:20:06:01 +0000] "GET /.ssh/authorized_keys HTTP/1.1" 404 564 "-" "Mozilla/5.0 (Macintosh; Intel Mac OS X 10_12_3) AppleWebKit/537.36 (KHTML, like Gecko) Chrome/56.0.2924.87 Safari/537.36"
94.72.101.21 - - [02/Nov/2024:20:06:01 +0000] "GET /account/.vscode/ftp-sync.json HTTP/1.1" 404 564 "-" "Mozilla/5.0 (Macintosh; Intel Mac OS X 10_12_3) AppleWebKit/537.36 (KHTML, like Gecko) Chrome/56.0.2924.87 Safari/537.36"
94.72.101.21 - - [02/Nov/2024:20:06:02 +0000] "GET /dashboard/.vscode/sftp.json HTTP/1.1" 404 564 "-" "Mozilla/5.0 (Macintosh; Intel Mac OS X 10_12_3) AppleWebKit/537.36 (KHTML, like Gecko) Chrome/56.0.2924.87 Safari/537.36"
94.72.101.21 - - [02/Nov/2024:20:06:02 +0000] "GET /resources/.ftpconfig HTTP/1.1" 404 564 "-" "Mozilla/5.0 (Macintosh; Intel Mac OS X 10_12_3) AppleWebKit/537.36 (KHTML, like Gecko) Chrome/56.0.2924.87 Safari/537.36"
94.72.101.21 - - [02/Nov/2024:20:06:02 +0000] "GET /members/api-config.ini HTTP/1.1" 404 564 "-" "Mozilla/5.0 (Macintosh; Intel Mac OS X 10_12_3) AppleWebKit/537.36 (KHTML, like Gecko) Chrome/56.0.2924.87 Safari/537.36"
94.72.101.21 - - [02/Nov/2024:20:06:02 +0000] "GET /site/laravel.log HTTP/1.1" 404 564 "-" "Mozilla/5.0 (Macintosh; Intel Mac OS X 10_12_3) AppleWebKit/537.36 (KHTML, like Gecko) Chrome/56.0.2924.87 Safari/537.36"
94.72.101.21 - - [02/Nov/2024:20:06:02 +0000] "GET /login/.gitlab-ci.yml HTTP/1.1" 404 564 "-" "Mozilla/5.0 (Macintosh; Intel Mac OS X 10_12_3) AppleWebKit/537.36 (KHTML, like Gecko) Chrome/56.0.2924.87 Safari/537.36"
94.72.101.21 - - [02/Nov/2024:20:06:03 +0000] "GET /configuration/remote-sync.json HTTP/1.1" 404 564 "-" "Mozilla/5.0 (Macintosh; Intel Mac OS X 10_12_3) AppleWebKit/537.36 (KHTML, like Gecko) Chrome/56.0.2924.87 Safari/537.36"
94.72.101.21 - - [02/Nov/2024:20:06:03 +0000] "GET /backup/jenkinsFile HTTP/1.1" 404 564 "-" "Mozilla/5.0 (Macintosh; Intel Mac OS X 10_12_3) AppleWebKit/537.36 (KHTML, like Gecko) Chrome/56.0.2924.87 Safari/537.36"
94.72.101.21 - - [02/Nov/2024:20:06:03 +0000] "GET /resources/App_Config/ConnectionStrings.config HTTP/1.1" 404 564 "-" "Mozilla/5.0 (Macintosh; Intel Mac OS X 10_12_3) AppleWebKit/537.36 (KHTML, like Gecko) Chrome/56.0.2924.87 Safari/537.36"
94.72.101.21 - - [02/Nov/2024:20:06:03 +0000] "GET /customer/.ftpconfig HTTP/1.1" 404 564 "-" "Mozilla/5.0 (Macintosh; Intel Mac OS X 10_12_3) AppleWebKit/537.36 (KHTML, like Gecko) Chrome/56.0.2924.87 Safari/537.36"
94.72.101.21 - - [02/Nov/2024:20:06:03 +0000] "GET /.vscode/sftp.json HTTP/1.1" 404 564 "-" "Mozilla/5.0 (Macintosh; Intel Mac OS X 10_12_3) AppleWebKit/537.36 (KHTML, like Gecko) Chrome/56.0.2924.87 Safari/537.36"
94.72.101.21 - - [02/Nov/2024:20:06:03 +0000] "GET /login/.vscode/sftp.json HTTP/1.1" 404 564 "-" "Mozilla/5.0 (Macintosh; Intel Mac OS X 10_12_3) AppleWebKit/537.36 (KHTML, like Gecko) Chrome/56.0.2924.87 Safari/537.36"
94.72.101.21 - - [02/Nov/2024:20:06:04 +0000] "GET /static/web.config HTTP/1.1" 404 564 "-" "Mozilla/5.0 (Macintosh; Intel Mac OS X 10_12_3) AppleWebKit/537.36 (KHTML, like Gecko) Chrome/56.0.2924.87 Safari/537.36"
94.72.101.21 - - [02/Nov/2024:20:06:04 +0000] "GET /blog/.git/config HTTP/1.1" 404 564 "-" "Mozilla/5.0 (Macintosh; Intel Mac OS X 10_12_3) AppleWebKit/537.36 (KHTML, like Gecko) Chrome/56.0.2924.87 Safari/537.36"
94.72.101.21 - - [02/Nov/2024:20:06:04 +0000] "GET /config/.git/config HTTP/1.1" 404 564 "-" "Mozilla/5.0 (Macintosh; Intel Mac OS X 10_12_3) AppleWebKit/537.36 (KHTML, like Gecko) Chrome/56.0.2924.87 Safari/537.36"
94.72.101.21 - - [02/Nov/2024:20:06:04 +0000] "GET /dev/.gitlab-ci.yml HTTP/1.1" 404 564 "-" "Mozilla/5.0 (Macintosh; Intel Mac OS X 10_12_3) AppleWebKit/537.36 (KHTML, like Gecko) Chrome/56.0.2924.87 Safari/537.36"
94.72.101.21 - - [02/Nov/2024:20:06:05 +0000] "GET /settings/.ftpconfig HTTP/1.1" 404 564 "-" "Mozilla/5.0 (Macintosh; Intel Mac OS X 10_12_3) AppleWebKit/537.36 (KHTML, like Gecko) Chrome/56.0.2924.87 Safari/537.36"
94.72.101.21 - - [02/Nov/2024:20:06:05 +0000] "GET /project/.vscode/sftp.json HTTP/1.1" 404 564 "-" "Mozilla/5.0 (Macintosh; Intel Mac OS X 10_12_3) AppleWebKit/537.36 (KHTML, like Gecko) Chrome/56.0.2924.87 Safari/537.36"
94.72.101.21 - - [02/Nov/2024:20:06:05 +0000] "GET /dev/.ftpconfig HTTP/1.1" 404 564 "-" "Mozilla/5.0 (Macintosh; Intel Mac OS X 10_12_3) AppleWebKit/537.36 (KHTML, like Gecko) Chrome/56.0.2924.87 Safari/537.36"
94.72.101.21 - - [02/Nov/2024:20:06:06 +0000] "GET /cache/server.xml HTTP/1.1" 404 564 "-" "Mozilla/5.0 (Macintosh; Intel Mac OS X 10_12_3) AppleWebKit/537.36 (KHTML, like Gecko) Chrome/56.0.2924.87 Safari/537.36"
94.72.101.21 - - [02/Nov/2024:20:06:06 +0000] "GET /login/api-config.ini HTTP/1.1" 404 564 "-" "Mozilla/5.0 (Macintosh; Intel Mac OS X 10_12_3) AppleWebKit/537.36 (KHTML, like Gecko) Chrome/56.0.2924.87 Safari/537.36"
94.72.101.21 - - [02/Nov/2024:20:06:06 +0000] "GET /dev/remote-sync.json HTTP/1.1" 404 564 "-" "Mozilla/5.0 (Macintosh; Intel Mac OS X 10_12_3) AppleWebKit/537.36 (KHTML, like Gecko) Chrome/56.0.2924.87 Safari/537.36"
94.72.101.21 - - [02/Nov/2024:20:06:07 +0000] "GET /dashboard/.gitlab-ci.yml HTTP/1.1" 404 564 "-" "Mozilla/5.0 (Macintosh; Intel Mac OS X 10_12_3) AppleWebKit/537.36 (KHTML, like Gecko) Chrome/56.0.2924.87 Safari/537.36"
94.72.101.21 - - [02/Nov/2024:20:06:07 +0000] "GET /painel/.ssh/authorized_keys HTTP/1.1" 404 564 "-" "Mozilla/5.0 (Macintosh; Intel Mac OS X 10_12_3) AppleWebKit/537.36 (KHTML, like Gecko) Chrome/56.0.2924.87 Safari/537.36"
94.72.101.21 - - [02/Nov/2024:20:06:07 +0000] "GET /admin/.ssh/authorized_keys HTTP/1.1" 404 564 "-" "Mozilla/5.0 (Macintosh; Intel Mac OS X 10_12_3) AppleWebKit/537.36 (KHTML, like Gecko) Chrome/56.0.2924.87 Safari/537.36"
94.72.101.21 - - [02/Nov/2024:20:06:07 +0000] "GET /settings/remote-sync.json HTTP/1.1" 404 564 "-" "Mozilla/5.0 (Macintosh; Intel Mac OS X 10_12_3) AppleWebKit/537.36 (KHTML, like Gecko) Chrome/56.0.2924.87 Safari/537.36"
94.72.101.21 - - [02/Nov/2024:20:06:08 +0000] "GET /bkp/.vscode/ftp-sync.json HTTP/1.1" 404 564 "-" "Mozilla/5.0 (Macintosh; Intel Mac OS X 10_12_3) AppleWebKit/537.36 (KHTML, like Gecko) Chrome/56.0.2924.87 Safari/537.36"
94.72.101.21 - - [02/Nov/2024:20:06:08 +0000] "GET /members/.vscode/sftp.json HTTP/1.1" 404 564 "-" "Mozilla/5.0 (Macintosh; Intel Mac OS X 10_12_3) AppleWebKit/537.36 (KHTML, like Gecko) Chrome/56.0.2924.87 Safari/537.36"
94.72.101.21 - - [02/Nov/2024:20:06:08 +0000] "GET /dev/config.yaml HTTP/1.1" 404 564 "-" "Mozilla/5.0 (Macintosh; Intel Mac OS X 10_12_3) AppleWebKit/537.36 (KHTML, like Gecko) Chrome/56.0.2924.87 Safari/537.36"
94.72.101.21 - - [02/Nov/2024:20:06:08 +0000] "GET /public/.git/config HTTP/1.1" 404 564 "-" "Mozilla/5.0 (Macintosh; Intel Mac OS X 10_12_3) AppleWebKit/537.36 (KHTML, like Gecko) Chrome/56.0.2924.87 Safari/537.36"
94.72.101.21 - - [02/Nov/2024:20:06:08 +0000] "GET /docs/remote-sync.json HTTP/1.1" 404 564 "-" "Mozilla/5.0 (Macintosh; Intel Mac OS X 10_12_3) AppleWebKit/537.36 (KHTML, like Gecko) Chrome/56.0.2924.87 Safari/537.36"
94.72.101.21 - - [02/Nov/2024:20:06:08 +0000] "GET /config/remote-sync.json HTTP/1.1" 404 564 "-" "Mozilla/5.0 (Macintosh; Intel Mac OS X 10_12_3) AppleWebKit/537.36 (KHTML, like Gecko) Chrome/56.0.2924.87 Safari/537.36"
94.72.101.21 - - [02/Nov/2024:20:06:09 +0000] "GET /public/.ftpconfig HTTP/1.1" 404 564 "-" "Mozilla/5.0 (Macintosh; Intel Mac OS X 10_12_3) AppleWebKit/537.36 (KHTML, like Gecko) Chrome/56.0.2924.87 Safari/537.36"
94.72.101.21 - - [02/Nov/2024:20:06:09 +0000] "GET /vendor/server.xml HTTP/1.1" 404 564 "-" "Mozilla/5.0 (Macintosh; Intel Mac OS X 10_12_3) AppleWebKit/537.36 (KHTML, like Gecko) Chrome/56.0.2924.87 Safari/537.36"
94.72.101.21 - - [02/Nov/2024:20:06:09 +0000] "GET /user/remote-sync.json HTTP/1.1" 404 564 "-" "Mozilla/5.0 (Macintosh; Intel Mac OS X 10_12_3) AppleWebKit/537.36 (KHTML, like Gecko) Chrome/56.0.2924.87 Safari/537.36"
94.72.101.21 - - [02/Nov/2024:20:06:10 +0000] "GET /admin/.git/config HTTP/1.1" 404 564 "-" "Mozilla/5.0 (Macintosh; Intel Mac OS X 10_12_3) AppleWebKit/537.36 (KHTML, like Gecko) Chrome/56.0.2924.87 Safari/537.36"
94.72.101.21 - - [02/Nov/2024:20:06:11 +0000] "GET /products/.env HTTP/1.1" 404 564 "-" "Mozilla/5.0 (Macintosh; Intel Mac OS X 10_12_3) AppleWebKit/537.36 (KHTML, like Gecko) Chrome/56.0.2924.87 Safari/537.36"
94.72.101.21 - - [02/Nov/2024:20:06:11 +0000] "GET /admin/.vscode/ftp-sync.json HTTP/1.1" 404 564 "-" "Mozilla/5.0 (Macintosh; Intel Mac OS X 10_12_3) AppleWebKit/537.36 (KHTML, like Gecko) Chrome/56.0.2924.87 Safari/537.36"
94.72.101.21 - - [02/Nov/2024:20:06:11 +0000] "GET /user/web.config HTTP/1.1" 404 564 "-" "Mozilla/5.0 (Macintosh; Intel Mac OS X 10_12_3) AppleWebKit/537.36 (KHTML, like Gecko) Chrome/56.0.2924.87 Safari/537.36"
94.72.101.21 - - [02/Nov/2024:20:06:11 +0000] "GET /dev/.ssh/authorized_keys HTTP/1.1" 404 564 "-" "Mozilla/5.0 (Macintosh; Intel Mac OS X 10_12_3) AppleWebKit/537.36 (KHTML, like Gecko) Chrome/56.0.2924.87 Safari/537.36"
94.72.101.21 - - [02/Nov/2024:20:06:12 +0000] "GET /resources/.gitlab-ci.yml HTTP/1.1" 404 564 "-" "Mozilla/5.0 (Macintosh; Intel Mac OS X 10_12_3) AppleWebKit/537.36 (KHTML, like Gecko) Chrome/56.0.2924.87 Safari/537.36"
94.72.101.21 - - [02/Nov/2024:20:06:12 +0000] "GET /downloads/remote-sync.json HTTP/1.1" 404 564 "-" "Mozilla/5.0 (Macintosh; Intel Mac OS X 10_12_3) AppleWebKit/537.36 (KHTML, like Gecko) Chrome/56.0.2924.87 Safari/537.36"
94.72.101.21 - - [02/Nov/2024:20:06:12 +0000] "GET /static/server.xml HTTP/1.1" 404 564 "-" "Mozilla/5.0 (Macintosh; Intel Mac OS X 10_12_3) AppleWebKit/537.36 (KHTML, like Gecko) Chrome/56.0.2924.87 Safari/537.36"
94.72.101.21 - - [02/Nov/2024:20:06:13 +0000] "GET /media/.vscode/ftp-sync.json HTTP/1.1" 404 564 "-" "Mozilla/5.0 (Macintosh; Intel Mac OS X 10_12_3) AppleWebKit/537.36 (KHTML, like Gecko) Chrome/56.0.2924.87 Safari/537.36"
94.72.101.21 - - [02/Nov/2024:20:06:13 +0000] "GET /projeto/.env HTTP/1.1" 404 564 "-" "Mozilla/5.0 (Macintosh; Intel Mac OS X 10_12_3) AppleWebKit/537.36 (KHTML, like Gecko) Chrome/56.0.2924.87 Safari/537.36"
94.72.101.21 - - [02/Nov/2024:20:06:13 +0000] "GET /profile/.vscode/sftp.json HTTP/1.1" 404 564 "-" "Mozilla/5.0 (Macintosh; Intel Mac OS X 10_12_3) AppleWebKit/537.36 (KHTML, like Gecko) Chrome/56.0.2924.87 Safari/537.36"
94.72.101.21 - - [02/Nov/2024:20:06:13 +0000] "GET /client/remote-sync.json HTTP/1.1" 404 564 "-" "Mozilla/5.0 (Macintosh; Intel Mac OS X 10_12_3) AppleWebKit/537.36 (KHTML, like Gecko) Chrome/56.0.2924.87 Safari/537.36"
94.72.101.21 - - [02/Nov/2024:20:06:14 +0000] "GET /login/config.yaml HTTP/1.1" 404 564 "-" "Mozilla/5.0 (Macintosh; Intel Mac OS X 10_12_3) AppleWebKit/537.36 (KHTML, like Gecko) Chrome/56.0.2924.87 Safari/537.36"
94.72.101.21 - - [02/Nov/2024:20:06:14 +0000] "GET /products/remote-sync.json HTTP/1.1" 404 564 "-" "Mozilla/5.0 (Macintosh; Intel Mac OS X 10_12_3) AppleWebKit/537.36 (KHTML, like Gecko) Chrome/56.0.2924.87 Safari/537.36"
94.72.101.21 - - [02/Nov/2024:20:06:14 +0000] "GET /user/api-config.ini HTTP/1.1" 404 564 "-" "Mozilla/5.0 (Macintosh; Intel Mac OS X 10_12_3) AppleWebKit/537.36 (KHTML, like Gecko) Chrome/56.0.2924.87 Safari/537.36"
94.72.101.21 - - [02/Nov/2024:20:06:15 +0000] "GET /private/.ssh/authorized_keys HTTP/1.1" 404 564 "-" "Mozilla/5.0 (Macintosh; Intel Mac OS X 10_12_3) AppleWebKit/537.36 (KHTML, like Gecko) Chrome/56.0.2924.87 Safari/537.36"
94.72.101.21 - - [02/Nov/2024:20:06:15 +0000] "GET /painel/.gitlab-ci.yml HTTP/1.1" 404 564 "-" "Mozilla/5.0 (Macintosh; Intel Mac OS X 10_12_3) AppleWebKit/537.36 (KHTML, like Gecko) Chrome/56.0.2924.87 Safari/537.36"
94.72.101.21 - - [02/Nov/2024:20:06:15 +0000] "GET /laravel.log HTTP/1.1" 404 564 "-" "Mozilla/5.0 (Macintosh; Intel Mac OS X 10_12_3) AppleWebKit/537.36 (KHTML, like Gecko) Chrome/56.0.2924.87 Safari/537.36"
94.72.101.21 - - [02/Nov/2024:20:06:15 +0000] "GET /user/.vscode/ftp-sync.json HTTP/1.1" 404 564 "-" "Mozilla/5.0 (Macintosh; Intel Mac OS X 10_12_3) AppleWebKit/537.36 (KHTML, like Gecko) Chrome/56.0.2924.87 Safari/537.36"
94.72.101.21 - - [02/Nov/2024:20:06:15 +0000] "GET /profile/.git/config HTTP/1.1" 404 564 "-" "Mozilla/5.0 (Macintosh; Intel Mac OS X 10_12_3) AppleWebKit/537.36 (KHTML, like Gecko) Chrome/56.0.2924.87 Safari/537.36"
94.72.101.21 - - [02/Nov/2024:20:06:15 +0000] "GET /private/laravel.log HTTP/1.1" 404 564 "-" "Mozilla/5.0 (Macintosh; Intel Mac OS X 10_12_3) AppleWebKit/537.36 (KHTML, like Gecko) Chrome/56.0.2924.87 Safari/537.36"
94.72.101.21 - - [02/Nov/2024:20:06:16 +0000] "GET /docs/config.yaml HTTP/1.1" 404 564 "-" "Mozilla/5.0 (Macintosh; Intel Mac OS X 10_12_3) AppleWebKit/537.36 (KHTML, like Gecko) Chrome/56.0.2924.87 Safari/537.36"
94.72.101.21 - - [02/Nov/2024:20:06:16 +0000] "GET /blog/.vscode/sftp.json HTTP/1.1" 404 564 "-" "Mozilla/5.0 (Macintosh; Intel Mac OS X 10_12_3) AppleWebKit/537.36 (KHTML, like Gecko) Chrome/56.0.2924.87 Safari/537.36"
94.72.101.21 - - [02/Nov/2024:20:06:17 +0000] "GET /configuration/.vscode/sftp.json HTTP/1.1" 404 564 "-" "Mozilla/5.0 (Macintosh; Intel Mac OS X 10_12_3) AppleWebKit/537.36 (KHTML, like Gecko) Chrome/56.0.2924.87 Safari/537.36"
94.72.101.21 - - [02/Nov/2024:20:06:17 +0000] "GET /user/laravel.log HTTP/1.1" 404 564 "-" "Mozilla/5.0 (Macintosh; Intel Mac OS X 10_12_3) AppleWebKit/537.36 (KHTML, like Gecko) Chrome/56.0.2924.87 Safari/537.36"
94.72.101.21 - - [02/Nov/2024:20:06:17 +0000] "GET /client/laravel.log HTTP/1.1" 404 564 "-" "Mozilla/5.0 (Macintosh; Intel Mac OS X 10_12_3) AppleWebKit/537.36 (KHTML, like Gecko) Chrome/56.0.2924.87 Safari/537.36"
94.72.101.21 - - [02/Nov/2024:20:06:18 +0000] "GET /backup/.git/config HTTP/1.1" 404 564 "-" "Mozilla/5.0 (Macintosh; Intel Mac OS X 10_12_3) AppleWebKit/537.36 (KHTML, like Gecko) Chrome/56.0.2924.87 Safari/537.36"
94.72.101.21 - - [02/Nov/2024:20:06:18 +0000] "GET /configuration/.ssh/authorized_keys HTTP/1.1" 404 564 "-" "Mozilla/5.0 (Macintosh; Intel Mac OS X 10_12_3) AppleWebKit/537.36 (KHTML, like Gecko) Chrome/56.0.2924.87 Safari/537.36"
94.72.101.21 - - [02/Nov/2024:20:06:18 +0000] "GET /media/.ssh/authorized_keys HTTP/1.1" 404 564 "-" "Mozilla/5.0 (Macintosh; Intel Mac OS X 10_12_3) AppleWebKit/537.36 (KHTML, like Gecko) Chrome/56.0.2924.87 Safari/537.36"
94.72.101.21 - - [02/Nov/2024:20:06:18 +0000] "GET /bkp/remote-sync.json HTTP/1.1" 404 564 "-" "Mozilla/5.0 (Macintosh; Intel Mac OS X 10_12_3) AppleWebKit/537.36 (KHTML, like Gecko) Chrome/56.0.2924.87 Safari/537.36"
94.72.101.21 - - [02/Nov/2024:20:06:18 +0000] "GET /settings/.env HTTP/1.1" 404 564 "-" "Mozilla/5.0 (Macintosh; Intel Mac OS X 10_12_3) AppleWebKit/537.36 (KHTML, like Gecko) Chrome/56.0.2924.87 Safari/537.36"
94.72.101.21 - - [02/Nov/2024:20:06:19 +0000] "GET /blog/remote-sync.json HTTP/1.1" 404 564 "-" "Mozilla/5.0 (Macintosh; Intel Mac OS X 10_12_3) AppleWebKit/537.36 (KHTML, like Gecko) Chrome/56.0.2924.87 Safari/537.36"
94.72.101.21 - - [02/Nov/2024:20:06:19 +0000] "GET /public/jenkinsFile HTTP/1.1" 404 564 "-" "Mozilla/5.0 (Macintosh; Intel Mac OS X 10_12_3) AppleWebKit/537.36 (KHTML, like Gecko) Chrome/56.0.2924.87 Safari/537.36"
94.72.101.21 - - [02/Nov/2024:20:06:19 +0000] "GET /services/server.xml HTTP/1.1" 404 564 "-" "Mozilla/5.0 (Macintosh; Intel Mac OS X 10_12_3) AppleWebKit/537.36 (KHTML, like Gecko) Chrome/56.0.2924.87 Safari/537.36"
94.72.101.21 - - [02/Nov/2024:20:06:19 +0000] "GET /public/api-config.ini HTTP/1.1" 404 564 "-" "Mozilla/5.0 (Macintosh; Intel Mac OS X 10_12_3) AppleWebKit/537.36 (KHTML, like Gecko) Chrome/56.0.2924.87 Safari/537.36"
94.72.101.21 - - [02/Nov/2024:20:06:21 +0000] "GET /account/server.xml HTTP/1.1" 404 564 "-" "Mozilla/5.0 (Macintosh; Intel Mac OS X 10_12_3) AppleWebKit/537.36 (KHTML, like Gecko) Chrome/56.0.2924.87 Safari/537.36"
94.72.101.21 - - [02/Nov/2024:20:06:21 +0000] "GET /user/server.xml HTTP/1.1" 404 564 "-" "Mozilla/5.0 (Macintosh; Intel Mac OS X 10_12_3) AppleWebKit/537.36 (KHTML, like Gecko) Chrome/56.0.2924.87 Safari/537.36"
94.72.101.21 - - [02/Nov/2024:20:06:22 +0000] "GET /client/App_Config/ConnectionStrings.config HTTP/1.1" 404 564 "-" "Mozilla/5.0 (Macintosh; Intel Mac OS X 10_12_3) AppleWebKit/537.36 (KHTML, like Gecko) Chrome/56.0.2924.87 Safari/537.36"
94.72.101.21 - - [02/Nov/2024:20:06:22 +0000] "GET /portal/web.config HTTP/1.1" 404 564 "-" "Mozilla/5.0 (Macintosh; Intel Mac OS X 10_12_3) AppleWebKit/537.36 (KHTML, like Gecko) Chrome/56.0.2924.87 Safari/537.36"
94.72.101.21 - - [02/Nov/2024:20:06:22 +0000] "GET /dashboard/.git/config HTTP/1.1" 404 564 "-" "Mozilla/5.0 (Macintosh; Intel Mac OS X 10_12_3) AppleWebKit/537.36 (KHTML, like Gecko) Chrome/56.0.2924.87 Safari/537.36"
94.72.101.21 - - [02/Nov/2024:20:06:23 +0000] "GET /admin/config.yaml HTTP/1.1" 404 564 "-" "Mozilla/5.0 (Macintosh; Intel Mac OS X 10_12_3) AppleWebKit/537.36 (KHTML, like Gecko) Chrome/56.0.2924.87 Safari/537.36"
94.72.101.21 - - [02/Nov/2024:20:06:23 +0000] "GET /portal/.ssh/authorized_keys HTTP/1.1" 404 564 "-" "Mozilla/5.0 (Macintosh; Intel Mac OS X 10_12_3) AppleWebKit/537.36 (KHTML, like Gecko) Chrome/56.0.2924.87 Safari/537.36"
94.72.101.21 - - [02/Nov/2024:20:06:23 +0000] "GET /project/laravel.log HTTP/1.1" 404 564 "-" "Mozilla/5.0 (Macintosh; Intel Mac OS X 10_12_3) AppleWebKit/537.36 (KHTML, like Gecko) Chrome/56.0.2924.87 Safari/537.36"
94.72.101.21 - - [02/Nov/2024:20:06:24 +0000] "GET /painel/.ftpconfig HTTP/1.1" 404 564 "-" "Mozilla/5.0 (Macintosh; Intel Mac OS X 10_12_3) AppleWebKit/537.36 (KHTML, like Gecko) Chrome/56.0.2924.87 Safari/537.36"
94.72.101.21 - - [02/Nov/2024:20:06:24 +0000] "GET /downloads/.git/config HTTP/1.1" 404 564 "-" "Mozilla/5.0 (Macintosh; Intel Mac OS X 10_12_3) AppleWebKit/537.36 (KHTML, like Gecko) Chrome/56.0.2924.87 Safari/537.36"
94.72.101.21 - - [02/Nov/2024:20:06:24 +0000] "GET /private/.ftpconfig HTTP/1.1" 404 564 "-" "Mozilla/5.0 (Macintosh; Intel Mac OS X 10_12_3) AppleWebKit/537.36 (KHTML, like Gecko) Chrome/56.0.2924.87 Safari/537.36"
94.72.101.21 - - [02/Nov/2024:20:06:24 +0000] "GET /user/.ftpconfig HTTP/1.1" 404 564 "-" "Mozilla/5.0 (Macintosh; Intel Mac OS X 10_12_3) AppleWebKit/537.36 (KHTML, like Gecko) Chrome/56.0.2924.87 Safari/537.36"
94.72.101.21 - - [02/Nov/2024:20:06:25 +0000] "GET /site/remote-sync.json HTTP/1.1" 404 564 "-" "Mozilla/5.0 (Macintosh; Intel Mac OS X 10_12_3) AppleWebKit/537.36 (KHTML, like Gecko) Chrome/56.0.2924.87 Safari/537.36"
94.72.101.21 - - [02/Nov/2024:20:06:25 +0000] "GET /profile/config.yaml HTTP/1.1" 404 564 "-" "Mozilla/5.0 (Macintosh; Intel Mac OS X 10_12_3) AppleWebKit/537.36 (KHTML, like Gecko) Chrome/56.0.2924.87 Safari/537.36"
94.72.101.21 - - [02/Nov/2024:20:06:25 +0000] "GET /account/.git/config HTTP/1.1" 404 564 "-" "Mozilla/5.0 (Macintosh; Intel Mac OS X 10_12_3) AppleWebKit/537.36 (KHTML, like Gecko) Chrome/56.0.2924.87 Safari/537.36"
94.72.101.21 - - [02/Nov/2024:20:06:25 +0000] "GET /project/.ftpconfig HTTP/1.1" 404 564 "-" "Mozilla/5.0 (Macintosh; Intel Mac OS X 10_12_3) AppleWebKit/537.36 (KHTML, like Gecko) Chrome/56.0.2924.87 Safari/537.36"
94.72.101.21 - - [02/Nov/2024:20:06:25 +0000] "GET /site/.git/config HTTP/1.1" 404 564 "-" "Mozilla/5.0 (Macintosh; Intel Mac OS X 10_12_3) AppleWebKit/537.36 (KHTML, like Gecko) Chrome/56.0.2924.87 Safari/537.36"
94.72.101.21 - - [02/Nov/2024:20:06:25 +0000] "GET /docs/web.config HTTP/1.1" 404 564 "-" "Mozilla/5.0 (Macintosh; Intel Mac OS X 10_12_3) AppleWebKit/537.36 (KHTML, like Gecko) Chrome/56.0.2924.87 Safari/537.36"
94.72.101.21 - - [02/Nov/2024:20:06:26 +0000] "GET /settings/api-config.ini HTTP/1.1" 404 564 "-" "Mozilla/5.0 (Macintosh; Intel Mac OS X 10_12_3) AppleWebKit/537.36 (KHTML, like Gecko) Chrome/56.0.2924.87 Safari/537.36"
94.72.101.21 - - [02/Nov/2024:20:06:26 +0000] "GET /tmp/web.config HTTP/1.1" 404 564 "-" "Mozilla/5.0 (Macintosh; Intel Mac OS X 10_12_3) AppleWebKit/537.36 (KHTML, like Gecko) Chrome/56.0.2924.87 Safari/537.36"
94.72.101.21 - - [02/Nov/2024:20:06:26 +0000] "GET /static/config.yaml HTTP/1.1" 404 564 "-" "Mozilla/5.0 (Macintosh; Intel Mac OS X 10_12_3) AppleWebKit/537.36 (KHTML, like Gecko) Chrome/56.0.2924.87 Safari/537.36"
94.72.101.21 - - [02/Nov/2024:20:06:27 +0000] "GET /downloads/config.yaml HTTP/1.1" 404 564 "-" "Mozilla/5.0 (Macintosh; Intel Mac OS X 10_12_3) AppleWebKit/537.36 (KHTML, like Gecko) Chrome/56.0.2924.87 Safari/537.36"
94.72.101.21 - - [02/Nov/2024:20:06:27 +0000] "GET /user/config.yaml HTTP/1.1" 404 564 "-" "Mozilla/5.0 (Macintosh; Intel Mac OS X 10_12_3) AppleWebKit/537.36 (KHTML, like Gecko) Chrome/56.0.2924.87 Safari/537.36"
94.72.101.21 - - [02/Nov/2024:20:06:28 +0000] "GET /blog/config.yaml HTTP/1.1" 404 564 "-" "Mozilla/5.0 (Macintosh; Intel Mac OS X 10_12_3) AppleWebKit/537.36 (KHTML, like Gecko) Chrome/56.0.2924.87 Safari/537.36"
94.72.101.21 - - [02/Nov/2024:20:06:28 +0000] "GET /bkp/.ftpconfig HTTP/1.1" 404 564 "-" "Mozilla/5.0 (Macintosh; Intel Mac OS X 10_12_3) AppleWebKit/537.36 (KHTML, like Gecko) Chrome/56.0.2924.87 Safari/537.36"
94.72.101.21 - - [02/Nov/2024:20:06:28 +0000] "GET /configuration/server.xml HTTP/1.1" 404 564 "-" "Mozilla/5.0 (Macintosh; Intel Mac OS X 10_12_3) AppleWebKit/537.36 (KHTML, like Gecko) Chrome/56.0.2924.87 Safari/537.36"
94.72.101.21 - - [02/Nov/2024:20:06:28 +0000] "GET /bkp/config.yaml HTTP/1.1" 404 564 "-" "Mozilla/5.0 (Macintosh; Intel Mac OS X 10_12_3) AppleWebKit/537.36 (KHTML, like Gecko) Chrome/56.0.2924.87 Safari/537.36"
94.72.101.21 - - [02/Nov/2024:20:06:29 +0000] "GET /products/.ftpconfig HTTP/1.1" 404 564 "-" "Mozilla/5.0 (Macintosh; Intel Mac OS X 10_12_3) AppleWebKit/537.36 (KHTML, like Gecko) Chrome/56.0.2924.87 Safari/537.36"
94.72.101.21 - - [02/Nov/2024:20:06:29 +0000] "GET /blog/App_Config/ConnectionStrings.config HTTP/1.1" 404 564 "-" "Mozilla/5.0 (Macintosh; Intel Mac OS X 10_12_3) AppleWebKit/537.36 (KHTML, like Gecko) Chrome/56.0.2924.87 Safari/537.36"
94.72.101.21 - - [02/Nov/2024:20:06:29 +0000] "GET /conta/.ssh/authorized_keys HTTP/1.1" 404 564 "-" "Mozilla/5.0 (Macintosh; Intel Mac OS X 10_12_3) AppleWebKit/537.36 (KHTML, like Gecko) Chrome/56.0.2924.87 Safari/537.36"
94.72.101.21 - - [02/Nov/2024:20:06:30 +0000] "GET /bkp/.ssh/authorized_keys HTTP/1.1" 404 564 "-" "Mozilla/5.0 (Macintosh; Intel Mac OS X 10_12_3) AppleWebKit/537.36 (KHTML, like Gecko) Chrome/56.0.2924.87 Safari/537.36"
94.72.101.21 - - [02/Nov/2024:20:06:30 +0000] "GET /media/.git/config HTTP/1.1" 404 564 "-" "Mozilla/5.0 (Macintosh; Intel Mac OS X 10_12_3) AppleWebKit/537.36 (KHTML, like Gecko) Chrome/56.0.2924.87 Safari/537.36"
94.72.101.21 - - [02/Nov/2024:20:06:30 +0000] "GET /portal/config.yaml HTTP/1.1" 404 564 "-" "Mozilla/5.0 (Macintosh; Intel Mac OS X 10_12_3) AppleWebKit/537.36 (KHTML, like Gecko) Chrome/56.0.2924.87 Safari/537.36"
94.72.101.21 - - [02/Nov/2024:20:06:31 +0000] "GET /members/.git/config HTTP/1.1" 404 564 "-" "Mozilla/5.0 (Macintosh; Intel Mac OS X 10_12_3) AppleWebKit/537.36 (KHTML, like Gecko) Chrome/56.0.2924.87 Safari/537.36"
94.72.101.21 - - [02/Nov/2024:20:06:31 +0000] "GET /customer/server.xml HTTP/1.1" 404 564 "-" "Mozilla/5.0 (Macintosh; Intel Mac OS X 10_12_3) AppleWebKit/537.36 (KHTML, like Gecko) Chrome/56.0.2924.87 Safari/537.36"
94.72.101.21 - - [02/Nov/2024:20:06:31 +0000] "GET /resources/.ssh/authorized_keys HTTP/1.1" 404 564 "-" "Mozilla/5.0 (Macintosh; Intel Mac OS X 10_12_3) AppleWebKit/537.36 (KHTML, like Gecko) Chrome/56.0.2924.87 Safari/537.36"
94.72.101.21 - - [02/Nov/2024:20:06:32 +0000] "GET /docs/.vscode/ftp-sync.json HTTP/1.1" 404 564 "-" "Mozilla/5.0 (Macintosh; Intel Mac OS X 10_12_3) AppleWebKit/537.36 (KHTML, like Gecko) Chrome/56.0.2924.87 Safari/537.36"
94.72.101.21 - - [02/Nov/2024:20:06:32 +0000] "GET /login/jenkinsFile HTTP/1.1" 404 564 "-" "Mozilla/5.0 (Macintosh; Intel Mac OS X 10_12_3) AppleWebKit/537.36 (KHTML, like Gecko) Chrome/56.0.2924.87 Safari/537.36"
94.72.101.21 - - [02/Nov/2024:20:06:32 +0000] "GET /project/server.xml HTTP/1.1" 404 564 "-" "Mozilla/5.0 (Macintosh; Intel Mac OS X 10_12_3) AppleWebKit/537.36 (KHTML, like Gecko) Chrome/56.0.2924.87 Safari/537.36"
94.72.101.21 - - [02/Nov/2024:20:06:32 +0000] "GET /site/.vscode/sftp.json HTTP/1.1" 404 564 "-" "Mozilla/5.0 (Macintosh; Intel Mac OS X 10_12_3) AppleWebKit/537.36 (KHTML, like Gecko) Chrome/56.0.2924.87 Safari/537.36"
94.72.101.21 - - [02/Nov/2024:20:06:33 +0000] "GET /portal/jenkinsFile HTTP/1.1" 404 564 "-" "Mozilla/5.0 (Macintosh; Intel Mac OS X 10_12_3) AppleWebKit/537.36 (KHTML, like Gecko) Chrome/56.0.2924.87 Safari/537.36"
94.72.101.21 - - [02/Nov/2024:20:06:33 +0000] "GET /conta/.env HTTP/1.1" 404 564 "-" "Mozilla/5.0 (Macintosh; Intel Mac OS X 10_12_3) AppleWebKit/537.36 (KHTML, like Gecko) Chrome/56.0.2924.87 Safari/537.36"
94.72.101.21 - - [02/Nov/2024:20:06:33 +0000] "GET /remote-sync.json HTTP/1.1" 404 564 "-" "Mozilla/5.0 (Macintosh; Intel Mac OS X 10_12_3) AppleWebKit/537.36 (KHTML, like Gecko) Chrome/56.0.2924.87 Safari/537.36"
94.72.101.21 - - [02/Nov/2024:20:06:33 +0000] "GET /project/.git/config HTTP/1.1" 404 564 "-" "Mozilla/5.0 (Macintosh; Intel Mac OS X 10_12_3) AppleWebKit/537.36 (KHTML, like Gecko) Chrome/56.0.2924.87 Safari/537.36"
94.72.101.21 - - [02/Nov/2024:20:06:34 +0000] "GET /services/.ftpconfig HTTP/1.1" 404 564 "-" "Mozilla/5.0 (Macintosh; Intel Mac OS X 10_12_3) AppleWebKit/537.36 (KHTML, like Gecko) Chrome/56.0.2924.87 Safari/537.36"
94.72.101.21 - - [02/Nov/2024:20:06:35 +0000] "GET /.gitlab-ci.yml HTTP/1.1" 404 564 "-" "Mozilla/5.0 (Macintosh; Intel Mac OS X 10_12_3) AppleWebKit/537.36 (KHTML, like Gecko) Chrome/56.0.2924.87 Safari/537.36"
94.72.101.21 - - [02/Nov/2024:20:06:36 +0000] "GET /user/.gitlab-ci.yml HTTP/1.1" 404 564 "-" "Mozilla/5.0 (Macintosh; Intel Mac OS X 10_12_3) AppleWebKit/537.36 (KHTML, like Gecko) Chrome/56.0.2924.87 Safari/537.36"
94.72.101.21 - - [02/Nov/2024:20:06:36 +0000] "GET /vendor/.vscode/sftp.json HTTP/1.1" 404 564 "-" "Mozilla/5.0 (Macintosh; Intel Mac OS X 10_12_3) AppleWebKit/537.36 (KHTML, like Gecko) Chrome/56.0.2924.87 Safari/537.36"
94.72.101.21 - - [02/Nov/2024:20:06:36 +0000] "GET /portal/api-config.ini HTTP/1.1" 404 564 "-" "Mozilla/5.0 (Macintosh; Intel Mac OS X 10_12_3) AppleWebKit/537.36 (KHTML, like Gecko) Chrome/56.0.2924.87 Safari/537.36"
94.72.101.21 - - [02/Nov/2024:20:06:37 +0000] "GET /account/.ftpconfig HTTP/1.1" 404 564 "-" "Mozilla/5.0 (Macintosh; Intel Mac OS X 10_12_3) AppleWebKit/537.36 (KHTML, like Gecko) Chrome/56.0.2924.87 Safari/537.36"
94.72.101.21 - - [02/Nov/2024:20:06:37 +0000] "GET /public/web.config HTTP/1.1" 404 564 "-" "Mozilla/5.0 (Macintosh; Intel Mac OS X 10_12_3) AppleWebKit/537.36 (KHTML, like Gecko) Chrome/56.0.2924.87 Safari/537.36"
94.72.101.21 - - [02/Nov/2024:20:06:37 +0000] "GET /static/laravel.log HTTP/1.1" 404 564 "-" "Mozilla/5.0 (Macintosh; Intel Mac OS X 10_12_3) AppleWebKit/537.36 (KHTML, like Gecko) Chrome/56.0.2924.87 Safari/537.36"
94.72.101.21 - - [02/Nov/2024:20:06:37 +0000] "GET /members/server.xml HTTP/1.1" 404 564 "-" "Mozilla/5.0 (Macintosh; Intel Mac OS X 10_12_3) AppleWebKit/537.36 (KHTML, like Gecko) Chrome/56.0.2924.87 Safari/537.36"
94.72.101.21 - - [02/Nov/2024:20:06:37 +0000] "GET /vendor/config.yaml HTTP/1.1" 404 564 "-" "Mozilla/5.0 (Macintosh; Intel Mac OS X 10_12_3) AppleWebKit/537.36 (KHTML, like Gecko) Chrome/56.0.2924.87 Safari/537.36"
94.72.101.21 - - [02/Nov/2024:20:06:37 +0000] "GET /resources/.vscode/ftp-sync.json HTTP/1.1" 404 564 "-" "Mozilla/5.0 (Macintosh; Intel Mac OS X 10_12_3) AppleWebKit/537.36 (KHTML, like Gecko) Chrome/56.0.2924.87 Safari/537.36"
94.72.101.21 - - [02/Nov/2024:20:06:38 +0000] "GET /.git/config HTTP/1.1" 404 564 "-" "Mozilla/5.0 (Macintosh; Intel Mac OS X 10_12_3) AppleWebKit/537.36 (KHTML, like Gecko) Chrome/56.0.2924.87 Safari/537.36"
94.72.101.21 - - [02/Nov/2024:20:06:38 +0000] "GET /media/jenkinsFile HTTP/1.1" 404 564 "-" "Mozilla/5.0 (Macintosh; Intel Mac OS X 10_12_3) AppleWebKit/537.36 (KHTML, like Gecko) Chrome/56.0.2924.87 Safari/537.36"
94.72.101.21 - - [02/Nov/2024:20:06:38 +0000] "GET /docs/.gitlab-ci.yml HTTP/1.1" 404 564 "-" "Mozilla/5.0 (Macintosh; Intel Mac OS X 10_12_3) AppleWebKit/537.36 (KHTML, like Gecko) Chrome/56.0.2924.87 Safari/537.36"
94.72.101.21 - - [02/Nov/2024:20:06:38 +0000] "GET /bkp/server.xml HTTP/1.1" 404 564 "-" "Mozilla/5.0 (Macintosh; Intel Mac OS X 10_12_3) AppleWebKit/537.36 (KHTML, like Gecko) Chrome/56.0.2924.87 Safari/537.36"
94.72.101.21 - - [02/Nov/2024:20:06:38 +0000] "GET /config/laravel.log HTTP/1.1" 404 564 "-" "Mozilla/5.0 (Macintosh; Intel Mac OS X 10_12_3) AppleWebKit/537.36 (KHTML, like Gecko) Chrome/56.0.2924.87 Safari/537.36"
94.72.101.21 - - [02/Nov/2024:20:06:49 +0000] "GET /account/.env HTTP/1.1" 404 564 "-" "Mozilla/5.0 (Macintosh; Intel Mac OS X 10_12_3) AppleWebKit/537.36 (KHTML, like Gecko) Chrome/56.0.2924.87 Safari/537.36"
94.72.101.21 - - [02/Nov/2024:20:06:49 +0000] "GET /config/.gitlab-ci.yml HTTP/1.1" 404 564 "-" "Mozilla/5.0 (Macintosh; Intel Mac OS X 10_12_3) AppleWebKit/537.36 (KHTML, like Gecko) Chrome/56.0.2924.87 Safari/537.36"
94.72.101.21 - - [02/Nov/2024:20:06:49 +0000] "GET /admin/.ftpconfig HTTP/1.1" 404 564 "-" "Mozilla/5.0 (Macintosh; Intel Mac OS X 10_12_3) AppleWebKit/537.36 (KHTML, like Gecko) Chrome/56.0.2924.87 Safari/537.36"
94.72.101.21 - - [02/Nov/2024:20:06:50 +0000] "GET /products/.ssh/authorized_keys HTTP/1.1" 404 564 "-" "Mozilla/5.0 (Macintosh; Intel Mac OS X 10_12_3) AppleWebKit/537.36 (KHTML, like Gecko) Chrome/56.0.2924.87 Safari/537.36"
94.72.101.21 - - [02/Nov/2024:20:06:50 +0000] "GET /project/api-config.ini HTTP/1.1" 404 564 "-" "Mozilla/5.0 (Macintosh; Intel Mac OS X 10_12_3) AppleWebKit/537.36 (KHTML, like Gecko) Chrome/56.0.2924.87 Safari/537.36"
94.72.101.21 - - [02/Nov/2024:20:06:51 +0000] "GET /docs/laravel.log HTTP/1.1" 404 564 "-" "Mozilla/5.0 (Macintosh; Intel Mac OS X 10_12_3) AppleWebKit/537.36 (KHTML, like Gecko) Chrome/56.0.2924.87 Safari/537.36"
94.72.101.21 - - [02/Nov/2024:20:06:51 +0000] "GET /site/jenkinsFile HTTP/1.1" 404 564 "-" "Mozilla/5.0 (Macintosh; Intel Mac OS X 10_12_3) AppleWebKit/537.36 (KHTML, like Gecko) Chrome/56.0.2924.87 Safari/537.36"
94.72.101.21 - - [02/Nov/2024:20:06:51 +0000] "GET /projeto/App_Config/ConnectionStrings.config HTTP/1.1" 404 564 "-" "Mozilla/5.0 (Macintosh; Intel Mac OS X 10_12_3) AppleWebKit/537.36 (KHTML, like Gecko) Chrome/56.0.2924.87 Safari/537.36"
94.72.101.21 - - [02/Nov/2024:20:06:51 +0000] "GET /media/config.yaml HTTP/1.1" 404 564 "-" "Mozilla/5.0 (Macintosh; Intel Mac OS X 10_12_3) AppleWebKit/537.36 (KHTML, like Gecko) Chrome/56.0.2924.87 Safari/537.36"
94.72.101.21 - - [02/Nov/2024:20:06:52 +0000] "GET /conta/api-config.ini HTTP/1.1" 404 564 "-" "Mozilla/5.0 (Macintosh; Intel Mac OS X 10_12_3) AppleWebKit/537.36 (KHTML, like Gecko) Chrome/56.0.2924.87 Safari/537.36"
94.72.101.21 - - [02/Nov/2024:20:06:52 +0000] "GET /services/remote-sync.json HTTP/1.1" 404 564 "-" "Mozilla/5.0 (Macintosh; Intel Mac OS X 10_12_3) AppleWebKit/537.36 (KHTML, like Gecko) Chrome/56.0.2924.87 Safari/537.36"
94.72.101.21 - - [02/Nov/2024:20:06:52 +0000] "GET /downloads/web.config HTTP/1.1" 404 564 "-" "Mozilla/5.0 (Macintosh; Intel Mac OS X 10_12_3) AppleWebKit/537.36 (KHTML, like Gecko) Chrome/56.0.2924.87 Safari/537.36"
94.72.101.21 - - [02/Nov/2024:20:06:52 +0000] "GET /account/config.yaml HTTP/1.1" 404 564 "-" "Mozilla/5.0 (Macintosh; Intel Mac OS X 10_12_3) AppleWebKit/537.36 (KHTML, like Gecko) Chrome/56.0.2924.87 Safari/537.36"
94.72.101.21 - - [02/Nov/2024:20:06:52 +0000] "GET /client/jenkinsFile HTTP/1.1" 404 564 "-" "Mozilla/5.0 (Macintosh; Intel Mac OS X 10_12_3) AppleWebKit/537.36 (KHTML, like Gecko) Chrome/56.0.2924.87 Safari/537.36"
94.72.101.21 - - [02/Nov/2024:20:06:53 +0000] "GET /dashboard/.env HTTP/1.1" 404 564 "-" "Mozilla/5.0 (Macintosh; Intel Mac OS X 10_12_3) AppleWebKit/537.36 (KHTML, like Gecko) Chrome/56.0.2924.87 Safari/537.36"
94.72.101.21 - - [02/Nov/2024:20:06:53 +0000] "GET /services/config.yaml HTTP/1.1" 404 564 "-" "Mozilla/5.0 (Macintosh; Intel Mac OS X 10_12_3) AppleWebKit/537.36 (KHTML, like Gecko) Chrome/56.0.2924.87 Safari/537.36"
94.72.101.21 - - [02/Nov/2024:20:06:53 +0000] "GET /products/.vscode/sftp.json HTTP/1.1" 404 564 "-" "Mozilla/5.0 (Macintosh; Intel Mac OS X 10_12_3) AppleWebKit/537.36 (KHTML, like Gecko) Chrome/56.0.2924.87 Safari/537.36"
94.72.101.21 - - [02/Nov/2024:20:06:53 +0000] "GET /cache/web.config HTTP/1.1" 404 564 "-" "Mozilla/5.0 (Macintosh; Intel Mac OS X 10_12_3) AppleWebKit/537.36 (KHTML, like Gecko) Chrome/56.0.2924.87 Safari/537.36"
94.72.101.21 - - [02/Nov/2024:20:06:54 +0000] "GET /client/api-config.ini HTTP/1.1" 404 564 "-" "Mozilla/5.0 (Macintosh; Intel Mac OS X 10_12_3) AppleWebKit/537.36 (KHTML, like Gecko) Chrome/56.0.2924.87 Safari/537.36"
94.72.101.21 - - [02/Nov/2024:20:06:54 +0000] "GET /projeto/.ftpconfig HTTP/1.1" 404 564 "-" "Mozilla/5.0 (Macintosh; Intel Mac OS X 10_12_3) AppleWebKit/537.36 (KHTML, like Gecko) Chrome/56.0.2924.87 Safari/537.36"
94.72.101.21 - - [02/Nov/2024:20:06:54 +0000] "GET /project/jenkinsFile HTTP/1.1" 404 564 "-" "Mozilla/5.0 (Macintosh; Intel Mac OS X 10_12_3) AppleWebKit/537.36 (KHTML, like Gecko) Chrome/56.0.2924.87 Safari/537.36"
94.72.101.21 - - [02/Nov/2024:20:06:55 +0000] "GET /members/.ftpconfig HTTP/1.1" 404 564 "-" "Mozilla/5.0 (Macintosh; Intel Mac OS X 10_12_3) AppleWebKit/537.36 (KHTML, like Gecko) Chrome/56.0.2924.87 Safari/537.36"
94.72.101.21 - - [02/Nov/2024:20:06:55 +0000] "GET /user/.git/config HTTP/1.1" 404 564 "-" "Mozilla/5.0 (Macintosh; Intel Mac OS X 10_12_3) AppleWebKit/537.36 (KHTML, like Gecko) Chrome/56.0.2924.87 Safari/537.36"
94.72.101.21 - - [02/Nov/2024:20:06:55 +0000] "GET /private/server.xml HTTP/1.1" 404 564 "-" "Mozilla/5.0 (Macintosh; Intel Mac OS X 10_12_3) AppleWebKit/537.36 (KHTML, like Gecko) Chrome/56.0.2924.87 Safari/537.36"
94.72.101.21 - - [02/Nov/2024:20:06:55 +0000] "GET /public/config.yaml HTTP/1.1" 404 564 "-" "Mozilla/5.0 (Macintosh; Intel Mac OS X 10_12_3) AppleWebKit/537.36 (KHTML, like Gecko) Chrome/56.0.2924.87 Safari/537.36"
94.72.101.21 - - [02/Nov/2024:20:06:55 +0000] "GET /client/web.config HTTP/1.1" 404 564 "-" "Mozilla/5.0 (Macintosh; Intel Mac OS X 10_12_3) AppleWebKit/537.36 (KHTML, like Gecko) Chrome/56.0.2924.87 Safari/537.36"
94.72.101.21 - - [02/Nov/2024:20:06:56 +0000] "GET /bkp/laravel.log HTTP/1.1" 404 564 "-" "Mozilla/5.0 (Macintosh; Intel Mac OS X 10_12_3) AppleWebKit/537.36 (KHTML, like Gecko) Chrome/56.0.2924.87 Safari/537.36"
94.72.101.21 - - [02/Nov/2024:20:06:56 +0000] "GET /config/.vscode/ftp-sync.json HTTP/1.1" 404 564 "-" "Mozilla/5.0 (Macintosh; Intel Mac OS X 10_12_3) AppleWebKit/537.36 (KHTML, like Gecko) Chrome/56.0.2924.87 Safari/537.36"
94.72.101.21 - - [02/Nov/2024:20:06:56 +0000] "GET /docs/server.xml HTTP/1.1" 404 564 "-" "Mozilla/5.0 (Macintosh; Intel Mac OS X 10_12_3) AppleWebKit/537.36 (KHTML, like Gecko) Chrome/56.0.2924.87 Safari/537.36"
94.72.101.21 - - [02/Nov/2024:20:06:56 +0000] "GET /services/.vscode/sftp.json HTTP/1.1" 404 564 "-" "Mozilla/5.0 (Macintosh; Intel Mac OS X 10_12_3) AppleWebKit/537.36 (KHTML, like Gecko) Chrome/56.0.2924.87 Safari/537.36"
94.72.101.21 - - [02/Nov/2024:20:06:57 +0000] "GET /customer/.gitlab-ci.yml HTTP/1.1" 404 564 "-" "Mozilla/5.0 (Macintosh; Intel Mac OS X 10_12_3) AppleWebKit/537.36 (KHTML, like Gecko) Chrome/56.0.2924.87 Safari/537.36"
94.72.101.21 - - [02/Nov/2024:20:06:57 +0000] "GET /backup/.ssh/authorized_keys HTTP/1.1" 404 564 "-" "Mozilla/5.0 (Macintosh; Intel Mac OS X 10_12_3) AppleWebKit/537.36 (KHTML, like Gecko) Chrome/56.0.2924.87 Safari/537.36"
94.72.101.21 - - [02/Nov/2024:20:06:57 +0000] "GET /projeto/web.config HTTP/1.1" 404 564 "-" "Mozilla/5.0 (Macintosh; Intel Mac OS X 10_12_3) AppleWebKit/537.36 (KHTML, like Gecko) Chrome/56.0.2924.87 Safari/537.36"
94.72.101.21 - - [02/Nov/2024:20:06:58 +0000] "GET /static/api-config.ini HTTP/1.1" 404 564 "-" "Mozilla/5.0 (Macintosh; Intel Mac OS X 10_12_3) AppleWebKit/537.36 (KHTML, like Gecko) Chrome/56.0.2924.87 Safari/537.36"
94.72.101.21 - - [02/Nov/2024:20:06:58 +0000] "GET /resources/remote-sync.json HTTP/1.1" 404 564 "-" "Mozilla/5.0 (Macintosh; Intel Mac OS X 10_12_3) AppleWebKit/537.36 (KHTML, like Gecko) Chrome/56.0.2924.87 Safari/537.36"
94.72.101.21 - - [02/Nov/2024:20:06:58 +0000] "GET /configuration/api-config.ini HTTP/1.1" 404 564 "-" "Mozilla/5.0 (Macintosh; Intel Mac OS X 10_12_3) AppleWebKit/537.36 (KHTML, like Gecko) Chrome/56.0.2924.87 Safari/537.36"
94.72.101.21 - - [02/Nov/2024:20:06:58 +0000] "GET /cache/.ftpconfig HTTP/1.1" 404 564 "-" "Mozilla/5.0 (Macintosh; Intel Mac OS X 10_12_3) AppleWebKit/537.36 (KHTML, like Gecko) Chrome/56.0.2924.87 Safari/537.36"
94.72.101.21 - - [02/Nov/2024:20:06:58 +0000] "GET /configuration/.vscode/ftp-sync.json HTTP/1.1" 404 564 "-" "Mozilla/5.0 (Macintosh; Intel Mac OS X 10_12_3) AppleWebKit/537.36 (KHTML, like Gecko) Chrome/56.0.2924.87 Safari/537.36"
94.72.101.21 - - [02/Nov/2024:20:06:59 +0000] "GET /painel/config.yaml HTTP/1.1" 404 564 "-" "Mozilla/5.0 (Macintosh; Intel Mac OS X 10_12_3) AppleWebKit/537.36 (KHTML, like Gecko) Chrome/56.0.2924.87 Safari/537.36"
94.72.101.21 - - [02/Nov/2024:20:06:59 +0000] "GET /account/laravel.log HTTP/1.1" 404 564 "-" "Mozilla/5.0 (Macintosh; Intel Mac OS X 10_12_3) AppleWebKit/537.36 (KHTML, like Gecko) Chrome/56.0.2924.87 Safari/537.36"
94.72.101.21 - - [02/Nov/2024:20:06:59 +0000] "GET /resources/.vscode/sftp.json HTTP/1.1" 404 564 "-" "Mozilla/5.0 (Macintosh; Intel Mac OS X 10_12_3) AppleWebKit/537.36 (KHTML, like Gecko) Chrome/56.0.2924.87 Safari/537.36"
94.72.101.21 - - [02/Nov/2024:20:06:59 +0000] "GET /dev/.vscode/sftp.json HTTP/1.1" 404 564 "-" "Mozilla/5.0 (Macintosh; Intel Mac OS X 10_12_3) AppleWebKit/537.36 (KHTML, like Gecko) Chrome/56.0.2924.87 Safari/537.36"
94.72.101.21 - - [02/Nov/2024:20:07:00 +0000] "GET /conta/.vscode/ftp-sync.json HTTP/1.1" 404 564 "-" "Mozilla/5.0 (Macintosh; Intel Mac OS X 10_12_3) AppleWebKit/537.36 (KHTML, like Gecko) Chrome/56.0.2924.87 Safari/537.36"
94.72.101.21 - - [02/Nov/2024:20:07:00 +0000] "GET /tmp/.ssh/authorized_keys HTTP/1.1" 404 564 "-" "Mozilla/5.0 (Macintosh; Intel Mac OS X 10_12_3) AppleWebKit/537.36 (KHTML, like Gecko) Chrome/56.0.2924.87 Safari/537.36"
94.72.101.21 - - [02/Nov/2024:20:07:00 +0000] "GET /account/.gitlab-ci.yml HTTP/1.1" 404 564 "-" "Mozilla/5.0 (Macintosh; Intel Mac OS X 10_12_3) AppleWebKit/537.36 (KHTML, like Gecko) Chrome/56.0.2924.87 Safari/537.36"
94.72.101.21 - - [02/Nov/2024:20:07:00 +0000] "GET /media/laravel.log HTTP/1.1" 404 564 "-" "Mozilla/5.0 (Macintosh; Intel Mac OS X 10_12_3) AppleWebKit/537.36 (KHTML, like Gecko) Chrome/56.0.2924.87 Safari/537.36"
94.72.101.21 - - [02/Nov/2024:20:07:00 +0000] "GET /public/.gitlab-ci.yml HTTP/1.1" 404 564 "-" "Mozilla/5.0 (Macintosh; Intel Mac OS X 10_12_3) AppleWebKit/537.36 (KHTML, like Gecko) Chrome/56.0.2924.87 Safari/537.36"
94.72.101.21 - - [02/Nov/2024:20:07:01 +0000] "GET /user/.ssh/authorized_keys HTTP/1.1" 404 564 "-" "Mozilla/5.0 (Macintosh; Intel Mac OS X 10_12_3) AppleWebKit/537.36 (KHTML, like Gecko) Chrome/56.0.2924.87 Safari/537.36"
94.72.101.21 - - [02/Nov/2024:20:07:01 +0000] "GET /painel/web.config HTTP/1.1" 404 564 "-" "Mozilla/5.0 (Macintosh; Intel Mac OS X 10_12_3) AppleWebKit/537.36 (KHTML, like Gecko) Chrome/56.0.2924.87 Safari/537.36"
94.72.101.21 - - [02/Nov/2024:20:07:01 +0000] "GET /resources/laravel.log HTTP/1.1" 404 564 "-" "Mozilla/5.0 (Macintosh; Intel Mac OS X 10_12_3) AppleWebKit/537.36 (KHTML, like Gecko) Chrome/56.0.2924.87 Safari/537.36"
94.72.101.21 - - [02/Nov/2024:20:07:01 +0000] "GET /conta/.ftpconfig HTTP/1.1" 404 564 "-" "Mozilla/5.0 (Macintosh; Intel Mac OS X 10_12_3) AppleWebKit/537.36 (KHTML, like Gecko) Chrome/56.0.2924.87 Safari/537.36"
94.72.101.21 - - [02/Nov/2024:20:07:01 +0000] "GET /profile/web.config HTTP/1.1" 404 564 "-" "Mozilla/5.0 (Macintosh; Intel Mac OS X 10_12_3) AppleWebKit/537.36 (KHTML, like Gecko) Chrome/56.0.2924.87 Safari/537.36"
94.72.101.21 - - [02/Nov/2024:20:07:01 +0000] "GET /tmp/config.yaml HTTP/1.1" 404 564 "-" "Mozilla/5.0 (Macintosh; Intel Mac OS X 10_12_3) AppleWebKit/537.36 (KHTML, like Gecko) Chrome/56.0.2924.87 Safari/537.36"
94.72.101.21 - - [02/Nov/2024:20:07:02 +0000] "GET /products/config.yaml HTTP/1.1" 404 564 "-" "Mozilla/5.0 (Macintosh; Intel Mac OS X 10_12_3) AppleWebKit/537.36 (KHTML, like Gecko) Chrome/56.0.2924.87 Safari/537.36"
94.72.101.21 - - [02/Nov/2024:20:07:02 +0000] "GET /members/web.config HTTP/1.1" 404 564 "-" "Mozilla/5.0 (Macintosh; Intel Mac OS X 10_12_3) AppleWebKit/537.36 (KHTML, like Gecko) Chrome/56.0.2924.87 Safari/537.36"
94.72.101.21 - - [02/Nov/2024:20:07:02 +0000] "GET /admin/.vscode/sftp.json HTTP/1.1" 404 564 "-" "Mozilla/5.0 (Macintosh; Intel Mac OS X 10_12_3) AppleWebKit/537.36 (KHTML, like Gecko) Chrome/56.0.2924.87 Safari/537.36"
94.72.101.21 - - [02/Nov/2024:20:07:02 +0000] "GET /project/.gitlab-ci.yml HTTP/1.1" 404 564 "-" "Mozilla/5.0 (Macintosh; Intel Mac OS X 10_12_3) AppleWebKit/537.36 (KHTML, like Gecko) Chrome/56.0.2924.87 Safari/537.36"
94.72.101.21 - - [02/Nov/2024:20:07:02 +0000] "GET /static/.gitlab-ci.yml HTTP/1.1" 404 564 "-" "Mozilla/5.0 (Macintosh; Intel Mac OS X 10_12_3) AppleWebKit/537.36 (KHTML, like Gecko) Chrome/56.0.2924.87 Safari/537.36"
94.72.101.21 - - [02/Nov/2024:20:07:02 +0000] "GET /configuration/.ftpconfig HTTP/1.1" 404 564 "-" "Mozilla/5.0 (Macintosh; Intel Mac OS X 10_12_3) AppleWebKit/537.36 (KHTML, like Gecko) Chrome/56.0.2924.87 Safari/537.36"
94.72.101.21 - - [02/Nov/2024:20:07:03 +0000] "GET /media/api-config.ini HTTP/1.1" 404 564 "-" "Mozilla/5.0 (Macintosh; Intel Mac OS X 10_12_3) AppleWebKit/537.36 (KHTML, like Gecko) Chrome/56.0.2924.87 Safari/537.36"
94.72.101.21 - - [02/Nov/2024:20:07:03 +0000] "GET /admin/remote-sync.json HTTP/1.1" 404 564 "-" "Mozilla/5.0 (Macintosh; Intel Mac OS X 10_12_3) AppleWebKit/537.36 (KHTML, like Gecko) Chrome/56.0.2924.87 Safari/537.36"
94.72.101.21 - - [02/Nov/2024:20:07:03 +0000] "GET /conta/remote-sync.json HTTP/1.1" 404 564 "-" "Mozilla/5.0 (Macintosh; Intel Mac OS X 10_12_3) AppleWebKit/537.36 (KHTML, like Gecko) Chrome/56.0.2924.87 Safari/537.36"
94.72.101.21 - - [02/Nov/2024:20:07:03 +0000] "GET /.ftpconfig HTTP/1.1" 404 564 "-" "Mozilla/5.0 (Macintosh; Intel Mac OS X 10_12_3) AppleWebKit/537.36 (KHTML, like Gecko) Chrome/56.0.2924.87 Safari/537.36"
94.72.101.21 - - [02/Nov/2024:20:07:03 +0000] "GET /bkp/api-config.ini HTTP/1.1" 404 564 "-" "Mozilla/5.0 (Macintosh; Intel Mac OS X 10_12_3) AppleWebKit/537.36 (KHTML, like Gecko) Chrome/56.0.2924.87 Safari/537.36"
94.72.101.21 - - [02/Nov/2024:20:07:04 +0000] "GET /downloads/.gitlab-ci.yml HTTP/1.1" 404 564 "-" "Mozilla/5.0 (Macintosh; Intel Mac OS X 10_12_3) AppleWebKit/537.36 (KHTML, like Gecko) Chrome/56.0.2924.87 Safari/537.36"
94.72.101.21 - - [02/Nov/2024:20:07:04 +0000] "GET /painel/.vscode/ftp-sync.json HTTP/1.1" 404 564 "-" "Mozilla/5.0 (Macintosh; Intel Mac OS X 10_12_3) AppleWebKit/537.36 (KHTML, like Gecko) Chrome/56.0.2924.87 Safari/537.36"
94.72.101.21 - - [02/Nov/2024:20:07:04 +0000] "GET /backup/web.config HTTP/1.1" 404 564 "-" "Mozilla/5.0 (Macintosh; Intel Mac OS X 10_12_3) AppleWebKit/537.36 (KHTML, like Gecko) Chrome/56.0.2924.87 Safari/537.36"
94.72.101.21 - - [02/Nov/2024:20:07:04 +0000] "GET /tmp/api-config.ini HTTP/1.1" 404 564 "-" "Mozilla/5.0 (Macintosh; Intel Mac OS X 10_12_3) AppleWebKit/537.36 (KHTML, like Gecko) Chrome/56.0.2924.87 Safari/537.36"
94.72.101.21 - - [02/Nov/2024:20:07:05 +0000] "GET /dev/api-config.ini HTTP/1.1" 404 564 "-" "Mozilla/5.0 (Macintosh; Intel Mac OS X 10_12_3) AppleWebKit/537.36 (KHTML, like Gecko) Chrome/56.0.2924.87 Safari/537.36"
94.72.101.21 - - [02/Nov/2024:20:07:05 +0000] "GET /portal/App_Config/ConnectionStrings.config HTTP/1.1" 404 564 "-" "Mozilla/5.0 (Macintosh; Intel Mac OS X 10_12_3) AppleWebKit/537.36 (KHTML, like Gecko) Chrome/56.0.2924.87 Safari/537.36"
94.72.101.21 - - [02/Nov/2024:20:07:05 +0000] "GET /public/.vscode/sftp.json HTTP/1.1" 404 564 "-" "Mozilla/5.0 (Macintosh; Intel Mac OS X 10_12_3) AppleWebKit/537.36 (KHTML, like Gecko) Chrome/56.0.2924.87 Safari/537.36"
94.72.101.21 - - [02/Nov/2024:20:07:06 +0000] "GET /customer/.ssh/authorized_keys HTTP/1.1" 404 564 "-" "Mozilla/5.0 (Macintosh; Intel Mac OS X 10_12_3) AppleWebKit/537.36 (KHTML, like Gecko) Chrome/56.0.2924.87 Safari/537.36"
94.72.101.21 - - [02/Nov/2024:20:07:06 +0000] "GET /projeto/.ssh/authorized_keys HTTP/1.1" 404 564 "-" "Mozilla/5.0 (Macintosh; Intel Mac OS X 10_12_3) AppleWebKit/537.36 (KHTML, like Gecko) Chrome/56.0.2924.87 Safari/537.36"
94.72.101.21 - - [02/Nov/2024:20:07:06 +0000] "GET /vendor/laravel.log HTTP/1.1" 404 564 "-" "Mozilla/5.0 (Macintosh; Intel Mac OS X 10_12_3) AppleWebKit/537.36 (KHTML, like Gecko) Chrome/56.0.2924.87 Safari/537.36"
94.72.101.21 - - [02/Nov/2024:20:07:07 +0000] "GET /project/.ssh/authorized_keys HTTP/1.1" 404 564 "-" "Mozilla/5.0 (Macintosh; Intel Mac OS X 10_12_3) AppleWebKit/537.36 (KHTML, like Gecko) Chrome/56.0.2924.87 Safari/537.36"
94.72.101.21 - - [02/Nov/2024:20:07:07 +0000] "GET /backup/remote-sync.json HTTP/1.1" 404 564 "-" "Mozilla/5.0 (Macintosh; Intel Mac OS X 10_12_3) AppleWebKit/537.36 (KHTML, like Gecko) Chrome/56.0.2924.87 Safari/537.36"
94.72.101.21 - - [02/Nov/2024:20:07:07 +0000] "GET /blog/jenkinsFile HTTP/1.1" 404 564 "-" "Mozilla/5.0 (Macintosh; Intel Mac OS X 10_12_3) AppleWebKit/537.36 (KHTML, like Gecko) Chrome/56.0.2924.87 Safari/537.36"
94.72.101.21 - - [02/Nov/2024:20:07:07 +0000] "GET /bkp/.env HTTP/1.1" 404 564 "-" "Mozilla/5.0 (Macintosh; Intel Mac OS X 10_12_3) AppleWebKit/537.36 (KHTML, like Gecko) Chrome/56.0.2924.87 Safari/537.36"
94.72.101.21 - - [02/Nov/2024:20:07:08 +0000] "GET /painel/.env HTTP/1.1" 404 564 "-" "Mozilla/5.0 (Macintosh; Intel Mac OS X 10_12_3) AppleWebKit/537.36 (KHTML, like Gecko) Chrome/56.0.2924.87 Safari/537.36"
94.72.101.21 - - [02/Nov/2024:20:07:08 +0000] "GET /backup/config.yaml HTTP/1.1" 404 564 "-" "Mozilla/5.0 (Macintosh; Intel Mac OS X 10_12_3) AppleWebKit/537.36 (KHTML, like Gecko) Chrome/56.0.2924.87 Safari/537.36"
94.72.101.21 - - [02/Nov/2024:20:07:08 +0000] "GET /profile/jenkinsFile HTTP/1.1" 404 564 "-" "Mozilla/5.0 (Macintosh; Intel Mac OS X 10_12_3) AppleWebKit/537.36 (KHTML, like Gecko) Chrome/56.0.2924.87 Safari/537.36"
94.72.101.21 - - [02/Nov/2024:20:07:08 +0000] "GET /bkp/jenkinsFile HTTP/1.1" 404 564 "-" "Mozilla/5.0 (Macintosh; Intel Mac OS X 10_12_3) AppleWebKit/537.36 (KHTML, like Gecko) Chrome/56.0.2924.87 Safari/537.36"
94.72.101.21 - - [02/Nov/2024:20:07:08 +0000] "GET /vendor/.vscode/ftp-sync.json HTTP/1.1" 404 564 "-" "Mozilla/5.0 (Macintosh; Intel Mac OS X 10_12_3) AppleWebKit/537.36 (KHTML, like Gecko) Chrome/56.0.2924.87 Safari/537.36"
94.72.101.21 - - [02/Nov/2024:20:07:08 +0000] "GET /resources/api-config.ini HTTP/1.1" 404 564 "-" "Mozilla/5.0 (Macintosh; Intel Mac OS X 10_12_3) AppleWebKit/537.36 (KHTML, like Gecko) Chrome/56.0.2924.87 Safari/537.36"
94.72.101.21 - - [02/Nov/2024:20:07:09 +0000] "GET /backup/.ftpconfig HTTP/1.1" 404 564 "-" "Mozilla/5.0 (Macintosh; Intel Mac OS X 10_12_3) AppleWebKit/537.36 (KHTML, like Gecko) Chrome/56.0.2924.87 Safari/537.36"
94.72.101.21 - - [02/Nov/2024:20:07:09 +0000] "GET /user/App_Config/ConnectionStrings.config HTTP/1.1" 404 564 "-" "Mozilla/5.0 (Macintosh; Intel Mac OS X 10_12_3) AppleWebKit/537.36 (KHTML, like Gecko) Chrome/56.0.2924.87 Safari/537.36"
94.72.101.21 - - [02/Nov/2024:20:07:09 +0000] "GET /conta/App_Config/ConnectionStrings.config HTTP/1.1" 404 564 "-" "Mozilla/5.0 (Macintosh; Intel Mac OS X 10_12_3) AppleWebKit/537.36 (KHTML, like Gecko) Chrome/56.0.2924.87 Safari/537.36"
94.72.101.21 - - [02/Nov/2024:20:07:09 +0000] "GET /members/.env HTTP/1.1" 404 564 "-" "Mozilla/5.0 (Macintosh; Intel Mac OS X 10_12_3) AppleWebKit/537.36 (KHTML, like Gecko) Chrome/56.0.2924.87 Safari/537.36"
94.72.101.21 - - [02/Nov/2024:20:07:09 +0000] "GET /customer/.vscode/sftp.json HTTP/1.1" 404 564 "-" "Mozilla/5.0 (Macintosh; Intel Mac OS X 10_12_3) AppleWebKit/537.36 (KHTML, like Gecko) Chrome/56.0.2924.87 Safari/537.36"
94.72.101.21 - - [02/Nov/2024:20:07:10 +0000] "GET /dashboard/laravel.log HTTP/1.1" 404 564 "-" "Mozilla/5.0 (Macintosh; Intel Mac OS X 10_12_3) AppleWebKit/537.36 (KHTML, like Gecko) Chrome/56.0.2924.87 Safari/537.36"
94.72.101.21 - - [02/Nov/2024:20:07:10 +0000] "GET /downloads/server.xml HTTP/1.1" 404 564 "-" "Mozilla/5.0 (Macintosh; Intel Mac OS X 10_12_3) AppleWebKit/537.36 (KHTML, like Gecko) Chrome/56.0.2924.87 Safari/537.36"
94.72.101.21 - - [02/Nov/2024:20:07:10 +0000] "GET /tmp/.ftpconfig HTTP/1.1" 404 564 "-" "Mozilla/5.0 (Macintosh; Intel Mac OS X 10_12_3) AppleWebKit/537.36 (KHTML, like Gecko) Chrome/56.0.2924.87 Safari/537.36"
94.72.101.21 - - [02/Nov/2024:20:07:10 +0000] "GET /tmp/laravel.log HTTP/1.1" 404 564 "-" "Mozilla/5.0 (Macintosh; Intel Mac OS X 10_12_3) AppleWebKit/537.36 (KHTML, like Gecko) Chrome/56.0.2924.87 Safari/537.36"
94.72.101.21 - - [02/Nov/2024:20:07:10 +0000] "GET /dev/jenkinsFile HTTP/1.1" 404 564 "-" "Mozilla/5.0 (Macintosh; Intel Mac OS X 10_12_3) AppleWebKit/537.36 (KHTML, like Gecko) Chrome/56.0.2924.87 Safari/537.36"
94.72.101.21 - - [02/Nov/2024:20:07:10 +0000] "GET /products/.git/config HTTP/1.1" 404 564 "-" "Mozilla/5.0 (Macintosh; Intel Mac OS X 10_12_3) AppleWebKit/537.36 (KHTML, like Gecko) Chrome/56.0.2924.87 Safari/537.36"
94.72.101.21 - - [02/Nov/2024:20:07:11 +0000] "GET /downloads/api-config.ini HTTP/1.1" 404 564 "-" "Mozilla/5.0 (Macintosh; Intel Mac OS X 10_12_3) AppleWebKit/537.36 (KHTML, like Gecko) Chrome/56.0.2924.87 Safari/537.36"
94.72.101.21 - - [02/Nov/2024:20:07:11 +0000] "GET /config/App_Config/ConnectionStrings.config HTTP/1.1" 404 564 "-" "Mozilla/5.0 (Macintosh; Intel Mac OS X 10_12_3) AppleWebKit/537.36 (KHTML, like Gecko) Chrome/56.0.2924.87 Safari/537.36"
94.72.101.21 - - [02/Nov/2024:20:07:11 +0000] "GET /login/.vscode/ftp-sync.json HTTP/1.1" 404 564 "-" "Mozilla/5.0 (Macintosh; Intel Mac OS X 10_12_3) AppleWebKit/537.36 (KHTML, like Gecko) Chrome/56.0.2924.87 Safari/537.36"
94.72.101.21 - - [02/Nov/2024:20:07:11 +0000] "GET /settings/config.yaml HTTP/1.1" 404 564 "-" "Mozilla/5.0 (Macintosh; Intel Mac OS X 10_12_3) AppleWebKit/537.36 (KHTML, like Gecko) Chrome/56.0.2924.87 Safari/537.36"
94.72.101.21 - - [02/Nov/2024:20:07:11 +0000] "GET /site/App_Config/ConnectionStrings.config HTTP/1.1" 404 564 "-" "Mozilla/5.0 (Macintosh; Intel Mac OS X 10_12_3) AppleWebKit/537.36 (KHTML, like Gecko) Chrome/56.0.2924.87 Safari/537.36"
94.72.101.21 - - [02/Nov/2024:20:07:11 +0000] "GET /projeto/.gitlab-ci.yml HTTP/1.1" 404 564 "-" "Mozilla/5.0 (Macintosh; Intel Mac OS X 10_12_3) AppleWebKit/537.36 (KHTML, like Gecko) Chrome/56.0.2924.87 Safari/537.36"
94.72.101.21 - - [02/Nov/2024:20:07:12 +0000] "GET /tmp/remote-sync.json HTTP/1.1" 404 564 "-" "Mozilla/5.0 (Macintosh; Intel Mac OS X 10_12_3) AppleWebKit/537.36 (KHTML, like Gecko) Chrome/56.0.2924.87 Safari/537.36"
94.72.101.21 - - [02/Nov/2024:20:07:13 +0000] "GET /login/.ssh/authorized_keys HTTP/1.1" 404 564 "-" "Mozilla/5.0 (Macintosh; Intel Mac OS X 10_12_3) AppleWebKit/537.36 (KHTML, like Gecko) Chrome/56.0.2924.87 Safari/537.36"
94.72.101.21 - - [02/Nov/2024:20:07:13 +0000] "GET /docs/jenkinsFile HTTP/1.1" 404 564 "-" "Mozilla/5.0 (Macintosh; Intel Mac OS X 10_12_3) AppleWebKit/537.36 (KHTML, like Gecko) Chrome/56.0.2924.87 Safari/537.36"
94.72.101.21 - - [02/Nov/2024:20:07:13 +0000] "GET /tmp/.vscode/ftp-sync.json HTTP/1.1" 404 564 "-" "Mozilla/5.0 (Macintosh; Intel Mac OS X 10_12_3) AppleWebKit/537.36 (KHTML, like Gecko) Chrome/56.0.2924.87 Safari/537.36"
94.72.101.21 - - [02/Nov/2024:20:07:13 +0000] "GET /projeto/laravel.log HTTP/1.1" 404 564 "-" "Mozilla/5.0 (Macintosh; Intel Mac OS X 10_12_3) AppleWebKit/537.36 (KHTML, like Gecko) Chrome/56.0.2924.87 Safari/537.36"
94.72.101.21 - - [02/Nov/2024:20:07:13 +0000] "GET /admin/server.xml HTTP/1.1" 404 564 "-" "Mozilla/5.0 (Macintosh; Intel Mac OS X 10_12_3) AppleWebKit/537.36 (KHTML, like Gecko) Chrome/56.0.2924.87 Safari/537.36"
94.72.101.21 - - [02/Nov/2024:20:07:13 +0000] "GET /painel/App_Config/ConnectionStrings.config HTTP/1.1" 404 564 "-" "Mozilla/5.0 (Macintosh; Intel Mac OS X 10_12_3) AppleWebKit/537.36 (KHTML, like Gecko) Chrome/56.0.2924.87 Safari/537.36"
94.72.101.21 - - [02/Nov/2024:20:07:14 +0000] "GET /includes/ajaxEmail.php HTTP/1.1" 404 564 "-" "Mozilla/5.0 (Macintosh; Intel Mac OS X 10_12_3) AppleWebKit/537.36 (KHTML, like Gecko) Chrome/56.0.2924.87 Safari/537.36"
94.72.101.21 - - [02/Nov/2024:20:07:14 +0000] "GET /PHPMailer/src/PHPMailer.php HTTP/1.1" 404 564 "-" "Mozilla/5.0 (Macintosh; Intel Mac OS X 10_12_3) AppleWebKit/537.36 (KHTML, like Gecko) Chrome/56.0.2924.87 Safari/537.36"
94.72.101.21 - - [02/Nov/2024:20:07:14 +0000] "GET /emails/PHPMailer_old/connection_data.php HTTP/1.1" 404 564 "-" "Mozilla/5.0 (Macintosh; Intel Mac OS X 10_12_3) AppleWebKit/537.36 (KHTML, like Gecko) Chrome/56.0.2924.87 Safari/537.36"
94.72.101.21 - - [02/Nov/2024:20:07:15 +0000] "GET /PHPMailer/src/SMTP.php HTTP/1.1" 404 564 "-" "Mozilla/5.0 (Macintosh; Intel Mac OS X 10_12_3) AppleWebKit/537.36 (KHTML, like Gecko) Chrome/56.0.2924.87 Safari/537.36"
94.72.101.21 - - [02/Nov/2024:20:07:15 +0000] "GET /YiiMailer/src/YiiMailer.php HTTP/1.1" 404 564 "-" "Mozilla/5.0 (Macintosh; Intel Mac OS X 10_12_3) AppleWebKit/537.36 (KHTML, like Gecko) Chrome/56.0.2924.87 Safari/537.36"
94.72.101.21 - - [02/Nov/2024:20:07:15 +0000] "GET /src/SMTP.php HTTP/1.1" 404 564 "-" "Mozilla/5.0 (Macintosh; Intel Mac OS X 10_12_3) AppleWebKit/537.36 (KHTML, like Gecko) Chrome/56.0.2924.87 Safari/537.36"
94.72.101.21 - - [02/Nov/2024:20:07:15 +0000] "GET /src/YiiMailer.php HTTP/1.1" 404 564 "-" "Mozilla/5.0 (Macintosh; Intel Mac OS X 10_12_3) AppleWebKit/537.36 (KHTML, like Gecko) Chrome/56.0.2924.87 Safari/537.36"
94.72.101.21 - - [02/Nov/2024:20:07:15 +0000] "GET /src/PHPMailer.php HTTP/1.1" 404 564 "-" "Mozilla/5.0 (Macintosh; Intel Mac OS X 10_12_3) AppleWebKit/537.36 (KHTML, like Gecko) Chrome/56.0.2924.87 Safari/537.36"
94.72.101.21 - - [02/Nov/2024:20:07:15 +0000] "GET /emails/PHPMailer/connection_data.php HTTP/1.1" 404 564 "-" "Mozilla/5.0 (Macintosh; Intel Mac OS X 10_12_3) AppleWebKit/537.36 (KHTML, like Gecko) Chrome/56.0.2924.87 Safari/537.36"
94.72.101.21 - - [02/Nov/2024:20:07:16 +0000] "GET /emails/PHPMailer/PHPMailer.php HTTP/1.1" 404 564 "-" "Mozilla/5.0 (Macintosh; Intel Mac OS X 10_12_3) AppleWebKit/537.36 (KHTML, like Gecko) Chrome/56.0.2924.87 Safari/537.36"
94.72.101.21 - - [02/Nov/2024:20:07:16 +0000] "GET /emails/PHPMailer/SMTP.php HTTP/1.1" 404 564 "-" "Mozilla/5.0 (Macintosh; Intel Mac OS X 10_12_3) AppleWebKit/537.36 (KHTML, like Gecko) Chrome/56.0.2924.87 Safari/537.36"
94.72.101.21 - - [02/Nov/2024:20:07:17 +0000] "GET /server-status HTTP/1.1" 404 564 "-" "Mozilla/5.0 (Macintosh; Intel Mac OS X 10_12_3) AppleWebKit/537.36 (KHTML, like Gecko) Chrome/56.0.2924.87 Safari/537.36"
94.72.101.21 - - [02/Nov/2024:20:07:17 +0000] "GET /login.sh HTTP/1.1" 404 564 "-" "Mozilla/5.0 (Macintosh; Intel Mac OS X 10_12_3) AppleWebKit/537.36 (KHTML, like Gecko) Chrome/56.0.2924.87 Safari/537.36"
94.72.101.21 - - [02/Nov/2024:20:07:17 +0000] "GET /config.xml HTTP/1.1" 404 564 "-" "Mozilla/5.0 (Macintosh; Intel Mac OS X 10_12_3) AppleWebKit/537.36 (KHTML, like Gecko) Chrome/56.0.2924.87 Safari/537.36"
94.72.101.21 - - [02/Nov/2024:20:07:18 +0000] "GET /config.guess HTTP/1.1" 404 564 "-" "Mozilla/5.0 (Macintosh; Intel Mac OS X 10_12_3) AppleWebKit/537.36 (KHTML, like Gecko) Chrome/56.0.2924.87 Safari/537.36"
94.72.101.21 - - [02/Nov/2024:20:07:18 +0000] "GET /config/settings.ini HTTP/1.1" 404 564 "-" "Mozilla/5.0 (Macintosh; Intel Mac OS X 10_12_3) AppleWebKit/537.36 (KHTML, like Gecko) Chrome/56.0.2924.87 Safari/537.36"
94.72.101.21 - - [02/Nov/2024:20:07:18 +0000] "GET /global.asa.temp HTTP/1.1" 404 564 "-" "Mozilla/5.0 (Macintosh; Intel Mac OS X 10_12_3) AppleWebKit/537.36 (KHTML, like Gecko) Chrome/56.0.2924.87 Safari/537.36"
94.72.101.21 - - [02/Nov/2024:20:07:19 +0000] "GET /docker_run.sh HTTP/1.1" 404 564 "-" "Mozilla/5.0 (Macintosh; Intel Mac OS X 10_12_3) AppleWebKit/537.36 (KHTML, like Gecko) Chrome/56.0.2924.87 Safari/537.36"
94.72.101.21 - - [02/Nov/2024:20:07:19 +0000] "GET /php/dev/ HTTP/1.1" 404 564 "-" "Mozilla/5.0 (Macintosh; Intel Mac OS X 10_12_3) AppleWebKit/537.36 (KHTML, like Gecko) Chrome/56.0.2924.87 Safari/537.36"
94.72.101.21 - - [02/Nov/2024:20:07:20 +0000] "GET /settings.php.bak HTTP/1.1" 404 564 "-" "Mozilla/5.0 (Macintosh; Intel Mac OS X 10_12_3) AppleWebKit/537.36 (KHTML, like Gecko) Chrome/56.0.2924.87 Safari/537.36"
94.72.101.21 - - [02/Nov/2024:20:07:20 +0000] "GET /debug.cgi HTTP/1.1" 404 564 "-" "Mozilla/5.0 (Macintosh; Intel Mac OS X 10_12_3) AppleWebKit/537.36 (KHTML, like Gecko) Chrome/56.0.2924.87 Safari/537.36"
94.72.101.21 - - [02/Nov/2024:20:07:20 +0000] "GET /src/server.js HTTP/1.1" 404 564 "-" "Mozilla/5.0 (Macintosh; Intel Mac OS X 10_12_3) AppleWebKit/537.36 (KHTML, like Gecko) Chrome/56.0.2924.87 Safari/537.36"
94.72.101.21 - - [02/Nov/2024:20:07:20 +0000] "GET /config.h.in HTTP/1.1" 404 564 "-" "Mozilla/5.0 (Macintosh; Intel Mac OS X 10_12_3) AppleWebKit/537.36 (KHTML, like Gecko) Chrome/56.0.2924.87 Safari/537.36"
94.72.101.21 - - [02/Nov/2024:20:07:20 +0000] "GET /config.old HTTP/1.1" 404 564 "-" "Mozilla/5.0 (Macintosh; Intel Mac OS X 10_12_3) AppleWebKit/537.36 (KHTML, like Gecko) Chrome/56.0.2924.87 Safari/537.36"
94.72.101.21 - - [02/Nov/2024:20:07:21 +0000] "GET /Server.txt HTTP/1.1" 404 564 "-" "Mozilla/5.0 (Macintosh; Intel Mac OS X 10_12_3) AppleWebKit/537.36 (KHTML, like Gecko) Chrome/56.0.2924.87 Safari/537.36"
94.72.101.21 - - [02/Nov/2024:20:07:21 +0000] "GET /bin/config.sh HTTP/1.1" 404 564 "-" "Mozilla/5.0 (Macintosh; Intel Mac OS X 10_12_3) AppleWebKit/537.36 (KHTML, like Gecko) Chrome/56.0.2924.87 Safari/537.36"
94.72.101.21 - - [02/Nov/2024:20:07:21 +0000] "GET /main.sh HTTP/1.1" 404 564 "-" "Mozilla/5.0 (Macintosh; Intel Mac OS X 10_12_3) AppleWebKit/537.36 (KHTML, like Gecko) Chrome/56.0.2924.87 Safari/537.36"
94.72.101.21 - - [02/Nov/2024:20:07:22 +0000] "GET /robot.txt HTTP/1.1" 404 564 "-" "Mozilla/5.0 (Macintosh; Intel Mac OS X 10_12_3) AppleWebKit/537.36 (KHTML, like Gecko) Chrome/56.0.2924.87 Safari/537.36"
94.72.101.21 - - [02/Nov/2024:20:07:22 +0000] "GET /config.json.bak HTTP/1.1" 404 564 "-" "Mozilla/5.0 (Macintosh; Intel Mac OS X 10_12_3) AppleWebKit/537.36 (KHTML, like Gecko) Chrome/56.0.2924.87 Safari/537.36"
94.72.101.21 - - [02/Nov/2024:20:07:22 +0000] "GET /config.hash HTTP/1.1" 404 564 "-" "Mozilla/5.0 (Macintosh; Intel Mac OS X 10_12_3) AppleWebKit/537.36 (KHTML, like Gecko) Chrome/56.0.2924.87 Safari/537.36"
94.72.101.21 - - [02/Nov/2024:20:07:22 +0000] "GET /demo.sh HTTP/1.1" 404 564 "-" "Mozilla/5.0 (Macintosh; Intel Mac OS X 10_12_3) AppleWebKit/537.36 (KHTML, like Gecko) Chrome/56.0.2924.87 Safari/537.36"
94.72.101.21 - - [02/Nov/2024:20:07:23 +0000] "GET /global.asax.tmp HTTP/1.1" 404 564 "-" "Mozilla/5.0 (Macintosh; Intel Mac OS X 10_12_3) AppleWebKit/537.36 (KHTML, like Gecko) Chrome/56.0.2924.87 Safari/537.36"
94.72.101.21 - - [02/Nov/2024:20:07:23 +0000] "GET /config.php.swp HTTP/1.1" 404 564 "-" "Mozilla/5.0 (Macintosh; Intel Mac OS X 10_12_3) AppleWebKit/537.36 (KHTML, like Gecko) Chrome/56.0.2924.87 Safari/537.36"
94.72.101.21 - - [02/Nov/2024:20:07:23 +0000] "GET /settings.php.save HTTP/1.1" 404 564 "-" "Mozilla/5.0 (Macintosh; Intel Mac OS X 10_12_3) AppleWebKit/537.36 (KHTML, like Gecko) Chrome/56.0.2924.87 Safari/537.36"
94.72.101.21 - - [02/Nov/2024:20:07:23 +0000] "GET /globals HTTP/1.1" 404 564 "-" "Mozilla/5.0 (Macintosh; Intel Mac OS X 10_12_3) AppleWebKit/537.36 (KHTML, like Gecko) Chrome/56.0.2924.87 Safari/537.36"
94.72.101.21 - - [02/Nov/2024:20:07:23 +0000] "GET /config.php.bkp HTTP/1.1" 404 564 "-" "Mozilla/5.0 (Macintosh; Intel Mac OS X 10_12_3) AppleWebKit/537.36 (KHTML, like Gecko) Chrome/56.0.2924.87 Safari/537.36"
94.72.101.21 - - [02/Nov/2024:20:07:23 +0000] "GET /php4.ini HTTP/1.1" 404 564 "-" "Mozilla/5.0 (Macintosh; Intel Mac OS X 10_12_3) AppleWebKit/537.36 (KHTML, like Gecko) Chrome/56.0.2924.87 Safari/537.36"
94.72.101.21 - - [02/Nov/2024:20:07:24 +0000] "GET /src/ HTTP/1.1" 404 564 "-" "Mozilla/5.0 (Macintosh; Intel Mac OS X 10_12_3) AppleWebKit/537.36 (KHTML, like Gecko) Chrome/56.0.2924.87 Safari/537.36"
94.72.101.21 - - [02/Nov/2024:20:07:24 +0000] "GET /php.log HTTP/1.1" 404 564 "-" "Mozilla/5.0 (Macintosh; Intel Mac OS X 10_12_3) AppleWebKit/537.36 (KHTML, like Gecko) Chrome/56.0.2924.87 Safari/537.36"
94.72.101.21 - - [02/Nov/2024:20:07:24 +0000] "GET /~backup HTTP/1.1" 404 564 "-" "Mozilla/5.0 (Macintosh; Intel Mac OS X 10_12_3) AppleWebKit/537.36 (KHTML, like Gecko) Chrome/56.0.2924.87 Safari/537.36"
94.72.101.21 - - [02/Nov/2024:20:07:25 +0000] "GET /src/index.js HTTP/1.1" 404 564 "-" "Mozilla/5.0 (Macintosh; Intel Mac OS X 10_12_3) AppleWebKit/537.36 (KHTML, like Gecko) Chrome/56.0.2924.87 Safari/537.36"
94.72.101.21 - - [02/Nov/2024:20:07:25 +0000] "GET /dump.sh HTTP/1.1" 404 564 "-" "Mozilla/5.0 (Macintosh; Intel Mac OS X 10_12_3) AppleWebKit/537.36 (KHTML, like Gecko) Chrome/56.0.2924.87 Safari/537.36"
94.72.101.21 - - [02/Nov/2024:20:07:25 +0000] "GET /robots.txt HTTP/1.1" 404 564 "-" "Mozilla/5.0 (Macintosh; Intel Mac OS X 10_12_3) AppleWebKit/537.36 (KHTML, like Gecko) Chrome/56.0.2924.87 Safari/537.36"
94.72.101.21 - - [02/Nov/2024:20:07:25 +0000] "GET /server.cert HTTP/1.1" 404 564 "-" "Mozilla/5.0 (Macintosh; Intel Mac OS X 10_12_3) AppleWebKit/537.36 (KHTML, like Gecko) Chrome/56.0.2924.87 Safari/537.36"
94.72.101.21 - - [02/Nov/2024:20:07:25 +0000] "GET /settings.php.dist HTTP/1.1" 404 564 "-" "Mozilla/5.0 (Macintosh; Intel Mac OS X 10_12_3) AppleWebKit/537.36 (KHTML, like Gecko) Chrome/56.0.2924.87 Safari/537.36"
94.72.101.21 - - [02/Nov/2024:20:07:25 +0000] "GET /config.ini HTTP/1.1" 404 564 "-" "Mozilla/5.0 (Macintosh; Intel Mac OS X 10_12_3) AppleWebKit/537.36 (KHTML, like Gecko) Chrome/56.0.2924.87 Safari/537.36"
94.72.101.21 - - [02/Nov/2024:20:07:26 +0000] "GET /globaladmin HTTP/1.1" 404 564 "-" "Mozilla/5.0 (Macintosh; Intel Mac OS X 10_12_3) AppleWebKit/537.36 (KHTML, like Gecko) Chrome/56.0.2924.87 Safari/537.36"
94.72.101.21 - - [02/Nov/2024:20:07:26 +0000] "GET /config.inc.old HTTP/1.1" 404 564 "-" "Mozilla/5.0 (Macintosh; Intel Mac OS X 10_12_3) AppleWebKit/537.36 (KHTML, like Gecko) Chrome/56.0.2924.87 Safari/537.36"
94.72.101.21 - - [02/Nov/2024:20:07:26 +0000] "GET /php5.fcgi HTTP/1.1" 404 564 "-" "Mozilla/5.0 (Macintosh; Intel Mac OS X 10_12_3) AppleWebKit/537.36 (KHTML, like Gecko) Chrome/56.0.2924.87 Safari/537.36"
94.72.101.21 - - [02/Nov/2024:20:07:26 +0000] "GET /service.pwd HTTP/1.1" 404 564 "-" "Mozilla/5.0 (Macintosh; Intel Mac OS X 10_12_3) AppleWebKit/537.36 (KHTML, like Gecko) Chrome/56.0.2924.87 Safari/537.36"
94.72.101.21 - - [02/Nov/2024:20:07:26 +0000] "GET /config.php HTTP/1.1" 404 564 "-" "Mozilla/5.0 (Macintosh; Intel Mac OS X 10_12_3) AppleWebKit/537.36 (KHTML, like Gecko) Chrome/56.0.2924.87 Safari/537.36"
94.72.101.21 - - [02/Nov/2024:20:07:26 +0000] "GET /config.php.old HTTP/1.1" 404 564 "-" "Mozilla/5.0 (Macintosh; Intel Mac OS X 10_12_3) AppleWebKit/537.36 (KHTML, like Gecko) Chrome/56.0.2924.87 Safari/537.36"
94.72.101.21 - - [02/Nov/2024:20:07:27 +0000] "GET /startup.sh HTTP/1.1" 404 564 "-" "Mozilla/5.0 (Macintosh; Intel Mac OS X 10_12_3) AppleWebKit/537.36 (KHTML, like Gecko) Chrome/56.0.2924.87 Safari/537.36"
94.72.101.21 - - [02/Nov/2024:20:07:27 +0000] "GET /globes_admin/ HTTP/1.1" 404 564 "-" "Mozilla/5.0 (Macintosh; Intel Mac OS X 10_12_3) AppleWebKit/537.36 (KHTML, like Gecko) Chrome/56.0.2924.87 Safari/537.36"
94.72.101.21 - - [02/Nov/2024:20:07:27 +0000] "GET /server.cfg HTTP/1.1" 404 564 "-" "Mozilla/5.0 (Macintosh; Intel Mac OS X 10_12_3) AppleWebKit/537.36 (KHTML, like Gecko) Chrome/56.0.2924.87 Safari/537.36"
94.72.101.21 - - [02/Nov/2024:20:07:28 +0000] "GET /config.codekit HTTP/1.1" 404 564 "-" "Mozilla/5.0 (Macintosh; Intel Mac OS X 10_12_3) AppleWebKit/537.36 (KHTML, like Gecko) Chrome/56.0.2924.87 Safari/537.36"
94.72.101.21 - - [02/Nov/2024:20:07:28 +0000] "GET /settings.html HTTP/1.1" 404 564 "-" "Mozilla/5.0 (Macintosh; Intel Mac OS X 10_12_3) AppleWebKit/537.36 (KHTML, like Gecko) Chrome/56.0.2924.87 Safari/537.36"
94.72.101.21 - - [02/Nov/2024:20:07:28 +0000] "GET /config.local HTTP/1.1" 404 564 "-" "Mozilla/5.0 (Macintosh; Intel Mac OS X 10_12_3) AppleWebKit/537.36 (KHTML, like Gecko) Chrome/56.0.2924.87 Safari/537.36"
94.72.101.21 - - [02/Nov/2024:20:07:28 +0000] "GET /config/settings.local.yml HTTP/1.1" 404 564 "-" "Mozilla/5.0 (Macintosh; Intel Mac OS X 10_12_3) AppleWebKit/537.36 (KHTML, like Gecko) Chrome/56.0.2924.87 Safari/537.36"
94.72.101.21 - - [02/Nov/2024:20:07:29 +0000] "GET /config.php.dist HTTP/1.1" 404 564 "-" "Mozilla/5.0 (Macintosh; Intel Mac OS X 10_12_3) AppleWebKit/537.36 (KHTML, like Gecko) Chrome/56.0.2924.87 Safari/537.36"
94.72.101.21 - - [02/Nov/2024:20:07:29 +0000] "GET /server.sh HTTP/1.1" 404 564 "-" "Mozilla/5.0 (Macintosh; Intel Mac OS X 10_12_3) AppleWebKit/537.36 (KHTML, like Gecko) Chrome/56.0.2924.87 Safari/537.36"
94.72.101.21 - - [02/Nov/2024:20:07:29 +0000] "GET /sample.txt HTTP/1.1" 404 564 "-" "Mozilla/5.0 (Macintosh; Intel Mac OS X 10_12_3) AppleWebKit/537.36 (KHTML, like Gecko) Chrome/56.0.2924.87 Safari/537.36"
94.72.101.21 - - [02/Nov/2024:20:07:30 +0000] "GET /run.sh HTTP/1.1" 404 564 "-" "Mozilla/5.0 (Macintosh; Intel Mac OS X 10_12_3) AppleWebKit/537.36 (KHTML, like Gecko) Chrome/56.0.2924.87 Safari/537.36"
94.72.101.21 - - [02/Nov/2024:20:07:30 +0000] "GET /conf.html HTTP/1.1" 404 564 "-" "Mozilla/5.0 (Macintosh; Intel Mac OS X 10_12_3) AppleWebKit/537.36 (KHTML, like Gecko) Chrome/56.0.2924.87 Safari/537.36"
94.72.101.21 - - [02/Nov/2024:20:07:30 +0000] "GET /build.log HTTP/1.1" 404 564 "-" "Mozilla/5.0 (Macintosh; Intel Mac OS X 10_12_3) AppleWebKit/537.36 (KHTML, like Gecko) Chrome/56.0.2924.87 Safari/537.36"
94.72.101.21 - - [02/Nov/2024:20:07:31 +0000] "GET /config.sh HTTP/1.1" 404 564 "-" "Mozilla/5.0 (Macintosh; Intel Mac OS X 10_12_3) AppleWebKit/537.36 (KHTML, like Gecko) Chrome/56.0.2924.87 Safari/537.36"
94.72.101.21 - - [02/Nov/2024:20:07:31 +0000] "GET /config.inc.txt HTTP/1.1" 404 564 "-" "Mozilla/5.0 (Macintosh; Intel Mac OS X 10_12_3) AppleWebKit/537.36 (KHTML, like Gecko) Chrome/56.0.2924.87 Safari/537.36"
94.72.101.21 - - [02/Nov/2024:20:07:31 +0000] "GET /config.inc HTTP/1.1" 404 564 "-" "Mozilla/5.0 (Macintosh; Intel Mac OS X 10_12_3) AppleWebKit/537.36 (KHTML, like Gecko) Chrome/56.0.2924.87 Safari/537.36"
94.72.101.21 - - [02/Nov/2024:20:07:31 +0000] "GET /config.php.zip HTTP/1.1" 404 564 "-" "Mozilla/5.0 (Macintosh; Intel Mac OS X 10_12_3) AppleWebKit/537.36 (KHTML, like Gecko) Chrome/56.0.2924.87 Safari/537.36"
94.72.101.21 - - [02/Nov/2024:20:07:32 +0000] "GET /config.ini.bak HTTP/1.1" 404 564 "-" "Mozilla/5.0 (Macintosh; Intel Mac OS X 10_12_3) AppleWebKit/537.36 (KHTML, like Gecko) Chrome/56.0.2924.87 Safari/537.36"
94.72.101.21 - - [02/Nov/2024:20:07:32 +0000] "GET /config.ru HTTP/1.1" 404 564 "-" "Mozilla/5.0 (Macintosh; Intel Mac OS X 10_12_3) AppleWebKit/537.36 (KHTML, like Gecko) Chrome/56.0.2924.87 Safari/537.36"
94.72.101.21 - - [02/Nov/2024:20:07:32 +0000] "GET /config.dat HTTP/1.1" 404 564 "-" "Mozilla/5.0 (Macintosh; Intel Mac OS X 10_12_3) AppleWebKit/537.36 (KHTML, like Gecko) Chrome/56.0.2924.87 Safari/537.36"
94.72.101.21 - - [02/Nov/2024:20:07:32 +0000] "GET /aws-credentials.sh HTTP/1.1" 404 564 "-" "Mozilla/5.0 (Macintosh; Intel Mac OS X 10_12_3) AppleWebKit/537.36 (KHTML, like Gecko) Chrome/56.0.2924.87 Safari/537.36"
94.72.101.21 - - [02/Nov/2024:20:07:32 +0000] "GET /global.php HTTP/1.1" 404 564 "-" "Mozilla/5.0 (Macintosh; Intel Mac OS X 10_12_3) AppleWebKit/537.36 (KHTML, like Gecko) Chrome/56.0.2924.87 Safari/537.36"
94.72.101.21 - - [02/Nov/2024:20:07:33 +0000] "GET /src/app.js HTTP/1.1" 404 564 "-" "Mozilla/5.0 (Macintosh; Intel Mac OS X 10_12_3) AppleWebKit/537.36 (KHTML, like Gecko) Chrome/56.0.2924.87 Safari/537.36"
94.72.101.21 - - [02/Nov/2024:20:07:33 +0000] "GET /config.inc.php.txt HTTP/1.1" 404 564 "-" "Mozilla/5.0 (Macintosh; Intel Mac OS X 10_12_3) AppleWebKit/537.36 (KHTML, like Gecko) Chrome/56.0.2924.87 Safari/537.36"
94.72.101.21 - - [02/Nov/2024:20:07:33 +0000] "GET /config.properties HTTP/1.1" 404 564 "-" "Mozilla/5.0 (Macintosh; Intel Mac OS X 10_12_3) AppleWebKit/537.36 (KHTML, like Gecko) Chrome/56.0.2924.87 Safari/537.36"
94.72.101.21 - - [02/Nov/2024:20:07:33 +0000] "GET /config.php.txt HTTP/1.1" 404 564 "-" "Mozilla/5.0 (Macintosh; Intel Mac OS X 10_12_3) AppleWebKit/537.36 (KHTML, like Gecko) Chrome/56.0.2924.87 Safari/537.36"
94.72.101.21 - - [02/Nov/2024:20:07:33 +0000] "GET /start.sh HTTP/1.1" 404 564 "-" "Mozilla/5.0 (Macintosh; Intel Mac OS X 10_12_3) AppleWebKit/537.36 (KHTML, like Gecko) Chrome/56.0.2924.87 Safari/537.36"
94.72.101.21 - - [02/Nov/2024:20:07:34 +0000] "GET /cron.sh HTTP/1.1" 404 564 "-" "Mozilla/5.0 (Macintosh; Intel Mac OS X 10_12_3) AppleWebKit/537.36 (KHTML, like Gecko) Chrome/56.0.2924.87 Safari/537.36"
94.72.101.21 - - [02/Nov/2024:20:07:34 +0000] "GET /config.ini.txt HTTP/1.1" 404 564 "-" "Mozilla/5.0 (Macintosh; Intel Mac OS X 10_12_3) AppleWebKit/537.36 (KHTML, like Gecko) Chrome/56.0.2924.87 Safari/537.36"
94.72.101.21 - - [02/Nov/2024:20:07:34 +0000] "GET /config.bak HTTP/1.1" 404 564 "-" "Mozilla/5.0 (Macintosh; Intel Mac OS X 10_12_3) AppleWebKit/537.36 (KHTML, like Gecko) Chrome/56.0.2924.87 Safari/537.36"
94.72.101.21 - - [02/Nov/2024:20:07:35 +0000] "GET /server.js HTTP/1.1" 404 564 "-" "Mozilla/5.0 (Macintosh; Intel Mac OS X 10_12_3) AppleWebKit/537.36 (KHTML, like Gecko) Chrome/56.0.2924.87 Safari/537.36"
94.72.101.21 - - [02/Nov/2024:20:07:35 +0000] "GET /server.log HTTP/1.1" 404 564 "-" "Mozilla/5.0 (Macintosh; Intel Mac OS X 10_12_3) AppleWebKit/537.36 (KHTML, like Gecko) Chrome/56.0.2924.87 Safari/537.36"
94.72.101.21 - - [02/Nov/2024:20:07:36 +0000] "GET /conf.swp HTTP/1.1" 404 564 "-" "Mozilla/5.0 (Macintosh; Intel Mac OS X 10_12_3) AppleWebKit/537.36 (KHTML, like Gecko) Chrome/56.0.2924.87 Safari/537.36"
94.72.101.21 - - [02/Nov/2024:20:07:36 +0000] "GET /config.core HTTP/1.1" 404 564 "-" "Mozilla/5.0 (Macintosh; Intel Mac OS X 10_12_3) AppleWebKit/537.36 (KHTML, like Gecko) Chrome/56.0.2924.87 Safari/537.36"
94.72.101.21 - - [02/Nov/2024:20:07:36 +0000] "GET /global.asax HTTP/1.1" 404 564 "-" "Mozilla/5.0 (Macintosh; Intel Mac OS X 10_12_3) AppleWebKit/537.36 (KHTML, like Gecko) Chrome/56.0.2924.87 Safari/537.36"
94.72.101.21 - - [02/Nov/2024:20:07:36 +0000] "GET /config.json.cfm HTTP/1.1" 404 564 "-" "Mozilla/5.0 (Macintosh; Intel Mac OS X 10_12_3) AppleWebKit/537.36 (KHTML, like Gecko) Chrome/56.0.2924.87 Safari/537.36"
94.72.101.21 - - [02/Nov/2024:20:07:37 +0000] "GET /config.yml HTTP/1.1" 404 564 "-" "Mozilla/5.0 (Macintosh; Intel Mac OS X 10_12_3) AppleWebKit/537.36 (KHTML, like Gecko) Chrome/56.0.2924.87 Safari/537.36"
94.72.101.21 - - [02/Nov/2024:20:07:37 +0000] "GET /config.sql HTTP/1.1" 404 564 "-" "Mozilla/5.0 (Macintosh; Intel Mac OS X 10_12_3) AppleWebKit/537.36 (KHTML, like Gecko) Chrome/56.0.2924.87 Safari/537.36"
94.72.101.21 - - [02/Nov/2024:20:07:37 +0000] "GET /robots.txt.dist HTTP/1.1" 404 564 "-" "Mozilla/5.0 (Macintosh; Intel Mac OS X 10_12_3) AppleWebKit/537.36 (KHTML, like Gecko) Chrome/56.0.2924.87 Safari/537.36"
94.72.101.21 - - [02/Nov/2024:20:07:38 +0000] "GET /service.asmx HTTP/1.1" 404 564 "-" "Mozilla/5.0 (Macintosh; Intel Mac OS X 10_12_3) AppleWebKit/537.36 (KHTML, like Gecko) Chrome/56.0.2924.87 Safari/537.36"
94.72.101.21 - - [02/Nov/2024:20:07:38 +0000] "GET /config/config.inc HTTP/1.1" 404 564 "-" "Mozilla/5.0 (Macintosh; Intel Mac OS X 10_12_3) AppleWebKit/537.36 (KHTML, like Gecko) Chrome/56.0.2924.87 Safari/537.36"
94.72.101.21 - - [02/Nov/2024:20:07:38 +0000] "GET /config.sub HTTP/1.1" 404 564 "-" "Mozilla/5.0 (Macintosh; Intel Mac OS X 10_12_3) AppleWebKit/537.36 (KHTML, like Gecko) Chrome/56.0.2924.87 Safari/537.36"
94.72.101.21 - - [02/Nov/2024:20:07:39 +0000] "GET /config.codekit3 HTTP/1.1" 404 564 "-" "Mozilla/5.0 (Macintosh; Intel Mac OS X 10_12_3) AppleWebKit/537.36 (KHTML, like Gecko) Chrome/56.0.2924.87 Safari/537.36"
94.72.101.21 - - [02/Nov/2024:20:07:39 +0000] "GET /setup.data HTTP/1.1" 404 564 "-" "Mozilla/5.0 (Macintosh; Intel Mac OS X 10_12_3) AppleWebKit/537.36 (KHTML, like Gecko) Chrome/56.0.2924.87 Safari/537.36"
94.72.101.21 - - [02/Nov/2024:20:07:39 +0000] "GET /.aws.sh HTTP/1.1" 404 564 "-" "Mozilla/5.0 (Macintosh; Intel Mac OS X 10_12_3) AppleWebKit/537.36 (KHTML, like Gecko) Chrome/56.0.2924.87 Safari/537.36"
94.72.101.21 - - [02/Nov/2024:20:07:39 +0000] "GET /Server.php HTTP/1.1" 404 564 "-" "Mozilla/5.0 (Macintosh; Intel Mac OS X 10_12_3) AppleWebKit/537.36 (KHTML, like Gecko) Chrome/56.0.2924.87 Safari/537.36"
94.72.101.21 - - [02/Nov/2024:20:07:40 +0000] "GET /global.asa.bak HTTP/1.1" 404 564 "-" "Mozilla/5.0 (Macintosh; Intel Mac OS X 10_12_3) AppleWebKit/537.36 (KHTML, like Gecko) Chrome/56.0.2924.87 Safari/537.36"
94.72.101.21 - - [02/Nov/2024:20:07:40 +0000] "GET /settings.php.old HTTP/1.1" 404 564 "-" "Mozilla/5.0 (Macintosh; Intel Mac OS X 10_12_3) AppleWebKit/537.36 (KHTML, like Gecko) Chrome/56.0.2924.87 Safari/537.36"
94.72.101.21 - - [02/Nov/2024:20:07:40 +0000] "GET /settings.php.swp HTTP/1.1" 404 564 "-" "Mozilla/5.0 (Macintosh; Intel Mac OS X 10_12_3) AppleWebKit/537.36 (KHTML, like Gecko) Chrome/56.0.2924.87 Safari/537.36"
94.72.101.21 - - [02/Nov/2024:20:07:40 +0000] "GET /web.config.tmp HTTP/1.1" 404 564 "-" "Mozilla/5.0 (Macintosh; Intel Mac OS X 10_12_3) AppleWebKit/537.36 (KHTML, like Gecko) Chrome/56.0.2924.87 Safari/537.36"
94.72.101.21 - - [02/Nov/2024:20:07:41 +0000] "GET /debug.log HTTP/1.1" 404 564 "-" "Mozilla/5.0 (Macintosh; Intel Mac OS X 10_12_3) AppleWebKit/537.36 (KHTML, like Gecko) Chrome/56.0.2924.87 Safari/537.36"
94.72.101.21 - - [02/Nov/2024:20:07:41 +0000] "GET /php.lnk HTTP/1.1" 404 564 "-" "Mozilla/5.0 (Macintosh; Intel Mac OS X 10_12_3) AppleWebKit/537.36 (KHTML, like Gecko) Chrome/56.0.2924.87 Safari/537.36"
94.72.101.21 - - [02/Nov/2024:20:07:41 +0000] "GET /global.asax.old HTTP/1.1" 404 564 "-" "Mozilla/5.0 (Macintosh; Intel Mac OS X 10_12_3) AppleWebKit/537.36 (KHTML, like Gecko) Chrome/56.0.2924.87 Safari/537.36"
94.72.101.21 - - [02/Nov/2024:20:07:41 +0000] "GET /setup.log HTTP/1.1" 404 564 "-" "Mozilla/5.0 (Macintosh; Intel Mac OS X 10_12_3) AppleWebKit/537.36 (KHTML, like Gecko) Chrome/56.0.2924.87 Safari/537.36"
94.72.101.21 - - [02/Nov/2024:20:07:42 +0000] "GET /Build.bat HTTP/1.1" 404 564 "-" "Mozilla/5.0 (Macintosh; Intel Mac OS X 10_12_3) AppleWebKit/537.36 (KHTML, like Gecko) Chrome/56.0.2924.87 Safari/537.36"
94.72.101.21 - - [02/Nov/2024:20:07:42 +0000] "GET /config/app.php HTTP/1.1" 404 564 "-" "Mozilla/5.0 (Macintosh; Intel Mac OS X 10_12_3) AppleWebKit/537.36 (KHTML, like Gecko) Chrome/56.0.2924.87 Safari/537.36"
94.72.101.21 - - [02/Nov/2024:20:07:42 +0000] "GET /builds.sh HTTP/1.1" 404 564 "-" "Mozilla/5.0 (Macintosh; Intel Mac OS X 10_12_3) AppleWebKit/537.36 (KHTML, like Gecko) Chrome/56.0.2924.87 Safari/537.36"
94.72.101.21 - - [02/Nov/2024:20:07:42 +0000] "GET /config.php.save HTTP/1.1" 404 564 "-" "Mozilla/5.0 (Macintosh; Intel Mac OS X 10_12_3) AppleWebKit/537.36 (KHTML, like Gecko) Chrome/56.0.2924.87 Safari/537.36"
94.72.101.21 - - [02/Nov/2024:20:07:42 +0000] "GET /conf.php.old HTTP/1.1" 404 564 "-" "Mozilla/5.0 (Macintosh; Intel Mac OS X 10_12_3) AppleWebKit/537.36 (KHTML, like Gecko) Chrome/56.0.2924.87 Safari/537.36"
94.72.101.21 - - [02/Nov/2024:20:07:43 +0000] "GET /global.asa HTTP/1.1" 404 564 "-" "Mozilla/5.0 (Macintosh; Intel Mac OS X 10_12_3) AppleWebKit/537.36 (KHTML, like Gecko) Chrome/56.0.2924.87 Safari/537.36"
94.72.101.21 - - [02/Nov/2024:20:07:43 +0000] "GET /sftp-config.json HTTP/1.1" 404 564 "-" "Mozilla/5.0 (Macintosh; Intel Mac OS X 10_12_3) AppleWebKit/537.36 (KHTML, like Gecko) Chrome/56.0.2924.87 Safari/537.36"
94.72.101.21 - - [02/Nov/2024:20:07:43 +0000] "GET /common.sh HTTP/1.1" 404 564 "-" "Mozilla/5.0 (Macintosh; Intel Mac OS X 10_12_3) AppleWebKit/537.36 (KHTML, like Gecko) Chrome/56.0.2924.87 Safari/537.36"
94.72.101.21 - - [02/Nov/2024:20:07:43 +0000] "GET /build.properties HTTP/1.1" 404 564 "-" "Mozilla/5.0 (Macintosh; Intel Mac OS X 10_12_3) AppleWebKit/537.36 (KHTML, like Gecko) Chrome/56.0.2924.87 Safari/537.36"
94.72.101.21 - - [02/Nov/2024:20:07:44 +0000] "GET /plugin.xml HTTP/1.1" 404 564 "-" "Mozilla/5.0 (Macintosh; Intel Mac OS X 10_12_3) AppleWebKit/537.36 (KHTML, like Gecko) Chrome/56.0.2924.87 Safari/537.36"
94.72.101.21 - - [02/Nov/2024:20:07:44 +0000] "GET /.dockerfunc HTTP/1.1" 404 564 "-" "Mozilla/5.0 (Macintosh; Intel Mac OS X 10_12_3) AppleWebKit/537.36 (KHTML, like Gecko) Chrome/56.0.2924.87 Safari/537.36"
94.72.101.21 - - [02/Nov/2024:20:07:44 +0000] "GET /config.php.new HTTP/1.1" 404 564 "-" "Mozilla/5.0 (Macintosh; Intel Mac OS X 10_12_3) AppleWebKit/537.36 (KHTML, like Gecko) Chrome/56.0.2924.87 Safari/537.36"
94.72.101.21 - - [02/Nov/2024:20:07:44 +0000] "GET /php.ini.sample HTTP/1.1" 404 564 "-" "Mozilla/5.0 (Macintosh; Intel Mac OS X 10_12_3) AppleWebKit/537.36 (KHTML, like Gecko) Chrome/56.0.2924.87 Safari/537.36"
94.72.101.21 - - [02/Nov/2024:20:07:44 +0000] "GET /config/app.yml HTTP/1.1" 404 564 "-" "Mozilla/5.0 (Macintosh; Intel Mac OS X 10_12_3) AppleWebKit/537.36 (KHTML, like Gecko) Chrome/56.0.2924.87 Safari/537.36"
94.72.101.21 - - [02/Nov/2024:20:07:44 +0000] "GET /docker.sh HTTP/1.1" 404 564 "-" "Mozilla/5.0 (Macintosh; Intel Mac OS X 10_12_3) AppleWebKit/537.36 (KHTML, like Gecko) Chrome/56.0.2924.87 Safari/537.36"
94.72.101.21 - - [02/Nov/2024:20:07:45 +0000] "GET /php5.ini HTTP/1.1" 404 564 "-" "Mozilla/5.0 (Macintosh; Intel Mac OS X 10_12_3) AppleWebKit/537.36 (KHTML, like Gecko) Chrome/56.0.2924.87 Safari/537.36"
94.72.101.21 - - [02/Nov/2024:20:07:45 +0000] "GET /debug HTTP/1.1" 404 564 "-" "Mozilla/5.0 (Macintosh; Intel Mac OS X 10_12_3) AppleWebKit/537.36 (KHTML, like Gecko) Chrome/56.0.2924.87 Safari/537.36"
94.72.101.21 - - [02/Nov/2024:20:07:45 +0000] "GET /php.core HTTP/1.1" 404 564 "-" "Mozilla/5.0 (Macintosh; Intel Mac OS X 10_12_3) AppleWebKit/537.36 (KHTML, like Gecko) Chrome/56.0.2924.87 Safari/537.36"
94.72.101.21 - - [02/Nov/2024:20:07:45 +0000] "GET /globaladminv2 HTTP/1.1" 404 564 "-" "Mozilla/5.0 (Macintosh; Intel Mac OS X 10_12_3) AppleWebKit/537.36 (KHTML, like Gecko) Chrome/56.0.2924.87 Safari/537.36"
94.72.101.21 - - [02/Nov/2024:20:07:45 +0000] "GET /config.php-eb HTTP/1.1" 404 564 "-" "Mozilla/5.0 (Macintosh; Intel Mac OS X 10_12_3) AppleWebKit/537.36 (KHTML, like Gecko) Chrome/56.0.2924.87 Safari/537.36"
94.72.101.21 - - [02/Nov/2024:20:07:46 +0000] "GET /configure.sh HTTP/1.1" 404 564 "-" "Mozilla/5.0 (Macintosh; Intel Mac OS X 10_12_3) AppleWebKit/537.36 (KHTML, like Gecko) Chrome/56.0.2924.87 Safari/537.36"
94.72.101.21 - - [02/Nov/2024:20:07:46 +0000] "GET /config.rb HTTP/1.1" 404 564 "-" "Mozilla/5.0 (Macintosh; Intel Mac OS X 10_12_3) AppleWebKit/537.36 (KHTML, like Gecko) Chrome/56.0.2924.87 Safari/537.36"
94.72.101.21 - - [02/Nov/2024:20:07:46 +0000] "GET /server.key HTTP/1.1" 404 564 "-" "Mozilla/5.0 (Macintosh; Intel Mac OS X 10_12_3) AppleWebKit/537.36 (KHTML, like Gecko) Chrome/56.0.2924.87 Safari/537.36"
94.72.101.21 - - [02/Nov/2024:20:07:47 +0000] "GET /service.grp HTTP/1.1" 404 564 "-" "Mozilla/5.0 (Macintosh; Intel Mac OS X 10_12_3) AppleWebKit/537.36 (KHTML, like Gecko) Chrome/56.0.2924.87 Safari/537.36"
94.72.101.21 - - [02/Nov/2024:20:07:47 +0000] "GET /settings.php.txt HTTP/1.1" 404 564 "-" "Mozilla/5.0 (Macintosh; Intel Mac OS X 10_12_3) AppleWebKit/537.36 (KHTML, like Gecko) Chrome/56.0.2924.87 Safari/537.36"
94.72.101.21 - - [02/Nov/2024:20:07:47 +0000] "GET /settings.php HTTP/1.1" 404 564 "-" "Mozilla/5.0 (Macintosh; Intel Mac OS X 10_12_3) AppleWebKit/537.36 (KHTML, like Gecko) Chrome/56.0.2924.87 Safari/537.36"
94.72.101.21 - - [02/Nov/2024:20:07:47 +0000] "GET /globals.jsa HTTP/1.1" 404 564 "-" "Mozilla/5.0 (Macintosh; Intel Mac OS X 10_12_3) AppleWebKit/537.36 (KHTML, like Gecko) Chrome/56.0.2924.87 Safari/537.36"
94.72.101.21 - - [02/Nov/2024:20:07:48 +0000] "GET /global.asax.temp HTTP/1.1" 404 564 "-" "Mozilla/5.0 (Macintosh; Intel Mac OS X 10_12_3) AppleWebKit/537.36 (KHTML, like Gecko) Chrome/56.0.2924.87 Safari/537.36"
94.72.101.21 - - [02/Nov/2024:20:07:48 +0000] "GET /main.js HTTP/1.1" 404 564 "-" "Mozilla/5.0 (Macintosh; Intel Mac OS X 10_12_3) AppleWebKit/537.36 (KHTML, like Gecko) Chrome/56.0.2924.87 Safari/537.36"
94.72.101.21 - - [02/Nov/2024:20:07:48 +0000] "GET /debug.txt HTTP/1.1" 404 564 "-" "Mozilla/5.0 (Macintosh; Intel Mac OS X 10_12_3) AppleWebKit/537.36 (KHTML, like Gecko) Chrome/56.0.2924.87 Safari/537.36"
94.72.101.21 - - [02/Nov/2024:20:07:49 +0000] "GET /conf.php.swp HTTP/1.1" 404 564 "-" "Mozilla/5.0 (Macintosh; Intel Mac OS X 10_12_3) AppleWebKit/537.36 (KHTML, like Gecko) Chrome/56.0.2924.87 Safari/537.36"
94.72.101.21 - - [02/Nov/2024:20:07:49 +0000] "GET /config.local.php_old HTTP/1.1" 404 564 "-" "Mozilla/5.0 (Macintosh; Intel Mac OS X 10_12_3) AppleWebKit/537.36 (KHTML, like Gecko) Chrome/56.0.2924.87 Safari/537.36"
94.72.101.21 - - [02/Nov/2024:20:07:49 +0000] "GET /conf.sh HTTP/1.1" 404 564 "-" "Mozilla/5.0 (Macintosh; Intel Mac OS X 10_12_3) AppleWebKit/537.36 (KHTML, like Gecko) Chrome/56.0.2924.87 Safari/537.36"
94.72.101.21 - - [02/Nov/2024:20:07:49 +0000] "GET /build.local.xml HTTP/1.1" 404 564 "-" "Mozilla/5.0 (Macintosh; Intel Mac OS X 10_12_3) AppleWebKit/537.36 (KHTML, like Gecko) Chrome/56.0.2924.87 Safari/537.36"
94.72.101.21 - - [02/Nov/2024:20:07:50 +0000] "GET /config.php.inc HTTP/1.1" 404 564 "-" "Mozilla/5.0 (Macintosh; Intel Mac OS X 10_12_3) AppleWebKit/537.36 (KHTML, like Gecko) Chrome/56.0.2924.87 Safari/537.36"
94.72.101.21 - - [02/Nov/2024:20:07:51 +0000] "GET /secrets.sh HTTP/1.1" 404 564 "-" "Mozilla/5.0 (Macintosh; Intel Mac OS X 10_12_3) AppleWebKit/537.36 (KHTML, like Gecko) Chrome/56.0.2924.87 Safari/537.36"
94.72.101.21 - - [02/Nov/2024:20:07:51 +0000] "GET /build.sh HTTP/1.1" 404 564 "-" "Mozilla/5.0 (Macintosh; Intel Mac OS X 10_12_3) AppleWebKit/537.36 (KHTML, like Gecko) Chrome/56.0.2924.87 Safari/537.36"
94.72.101.21 - - [02/Nov/2024:20:07:51 +0000] "GET /dev.sh HTTP/1.1" 404 564 "-" "Mozilla/5.0 (Macintosh; Intel Mac OS X 10_12_3) AppleWebKit/537.36 (KHTML, like Gecko) Chrome/56.0.2924.87 Safari/537.36"
94.72.101.21 - - [02/Nov/2024:20:07:51 +0000] "GET /config.ini.old HTTP/1.1" 404 564 "-" "Mozilla/5.0 (Macintosh; Intel Mac OS X 10_12_3) AppleWebKit/537.36 (KHTML, like Gecko) Chrome/56.0.2924.87 Safari/537.36"
94.72.101.21 - - [02/Nov/2024:20:07:51 +0000] "GET /php.ini_ HTTP/1.1" 404 564 "-" "Mozilla/5.0 (Macintosh; Intel Mac OS X 10_12_3) AppleWebKit/537.36 (KHTML, like Gecko) Chrome/56.0.2924.87 Safari/537.36"
94.72.101.21 - - [02/Nov/2024:20:07:51 +0000] "GET /.codeship.yml HTTP/1.1" 404 564 "-" "Mozilla/5.0 (Macintosh; Intel Mac OS X 10_12_3) AppleWebKit/537.36 (KHTML, like Gecko) Chrome/56.0.2924.87 Safari/537.36"
94.72.101.21 - - [02/Nov/2024:20:07:52 +0000] "GET /Server/ HTTP/1.1" 404 564 "-" "Mozilla/5.0 (Macintosh; Intel Mac OS X 10_12_3) AppleWebKit/537.36 (KHTML, like Gecko) Chrome/56.0.2924.87 Safari/537.36"
94.72.101.21 - - [02/Nov/2024:20:07:52 +0000] "GET /server.pid HTTP/1.1" 404 564 "-" "Mozilla/5.0 (Macintosh; Intel Mac OS X 10_12_3) AppleWebKit/537.36 (KHTML, like Gecko) Chrome/56.0.2924.87 Safari/537.36"
94.72.101.21 - - [02/Nov/2024:20:07:52 +0000] "GET /settings.xml HTTP/1.1" 404 564 "-" "Mozilla/5.0 (Macintosh; Intel Mac OS X 10_12_3) AppleWebKit/537.36 (KHTML, like Gecko) Chrome/56.0.2924.87 Safari/537.36"
94.72.101.21 - - [02/Nov/2024:20:07:53 +0000] "GET /debug.inc HTTP/1.1" 404 564 "-" "Mozilla/5.0 (Macintosh; Intel Mac OS X 10_12_3) AppleWebKit/537.36 (KHTML, like Gecko) Chrome/56.0.2924.87 Safari/537.36"
94.72.101.21 - - [02/Nov/2024:20:07:53 +0000] "GET /config.swp HTTP/1.1" 404 564 "-" "Mozilla/5.0 (Macintosh; Intel Mac OS X 10_12_3) AppleWebKit/537.36 (KHTML, like Gecko) Chrome/56.0.2924.87 Safari/537.36"
94.72.101.21 - - [02/Nov/2024:20:07:53 +0000] "GET /debug.py HTTP/1.1" 404 564 "-" "Mozilla/5.0 (Macintosh; Intel Mac OS X 10_12_3) AppleWebKit/537.36 (KHTML, like Gecko) Chrome/56.0.2924.87 Safari/537.36"
94.72.101.21 - - [02/Nov/2024:20:07:53 +0000] "GET /build.xml HTTP/1.1" 404 564 "-" "Mozilla/5.0 (Macintosh; Intel Mac OS X 10_12_3) AppleWebKit/537.36 (KHTML, like Gecko) Chrome/56.0.2924.87 Safari/537.36"
94.72.101.21 - - [02/Nov/2024:20:07:54 +0000] "GET /.jenkins.sh HTTP/1.1" 404 564 "-" "Mozilla/5.0 (Macintosh; Intel Mac OS X 10_12_3) AppleWebKit/537.36 (KHTML, like Gecko) Chrome/56.0.2924.87 Safari/537.36"
94.72.101.21 - - [02/Nov/2024:20:07:54 +0000] "GET /globals.inc HTTP/1.1" 404 564 "-" "Mozilla/5.0 (Macintosh; Intel Mac OS X 10_12_3) AppleWebKit/537.36 (KHTML, like Gecko) Chrome/56.0.2924.87 Safari/537.36"
94.72.101.21 - - [02/Nov/2024:20:07:54 +0000] "GET /shell.sh HTTP/1.1" 404 564 "-" "Mozilla/5.0 (Macintosh; Intel Mac OS X 10_12_3) AppleWebKit/537.36 (KHTML, like Gecko) Chrome/56.0.2924.87 Safari/537.36"
94.72.101.21 - - [02/Nov/2024:20:07:54 +0000] "GET /serv-u.ini HTTP/1.1" 404 564 "-" "Mozilla/5.0 (Macintosh; Intel Mac OS X 10_12_3) AppleWebKit/537.36 (KHTML, like Gecko) Chrome/56.0.2924.87 Safari/537.36"
94.72.101.21 - - [02/Nov/2024:20:07:55 +0000] "GET /config.source HTTP/1.1" 404 564 "-" "Mozilla/5.0 (Macintosh; Intel Mac OS X 10_12_3) AppleWebKit/537.36 (KHTML, like Gecko) Chrome/56.0.2924.87 Safari/537.36"
94.72.101.21 - - [02/Nov/2024:20:07:55 +0000] "GET /global.asax.orig HTTP/1.1" 404 564 "-" "Mozilla/5.0 (Macintosh; Intel Mac OS X 10_12_3) AppleWebKit/537.36 (KHTML, like Gecko) Chrome/56.0.2924.87 Safari/537.36"
94.72.101.21 - - [02/Nov/2024:20:07:55 +0000] "GET /global.asa.orig HTTP/1.1" 404 564 "-" "Mozilla/5.0 (Macintosh; Intel Mac OS X 10_12_3) AppleWebKit/537.36 (KHTML, like Gecko) Chrome/56.0.2924.87 Safari/537.36"
94.72.101.21 - - [02/Nov/2024:20:07:56 +0000] "GET /conf.php.bak HTTP/1.1" 404 564 "-" "Mozilla/5.0 (Macintosh; Intel Mac OS X 10_12_3) AppleWebKit/537.36 (KHTML, like Gecko) Chrome/56.0.2924.87 Safari/537.36"
94.72.101.21 - - [02/Nov/2024:20:07:56 +0000] "GET /.travis.sh HTTP/1.1" 404 564 "-" "Mozilla/5.0 (Macintosh; Intel Mac OS X 10_12_3) AppleWebKit/537.36 (KHTML, like Gecko) Chrome/56.0.2924.87 Safari/537.36"
94.72.101.21 - - [02/Nov/2024:20:07:56 +0000] "GET /php.ini-orig.txt HTTP/1.1" 404 564 "-" "Mozilla/5.0 (Macintosh; Intel Mac OS X 10_12_3) AppleWebKit/537.36 (KHTML, like Gecko) Chrome/56.0.2924.87 Safari/537.36"
94.72.101.21 - - [02/Nov/2024:20:07:57 +0000] "GET /startup.cfg HTTP/1.1" 404 564 "-" "Mozilla/5.0 (Macintosh; Intel Mac OS X 10_12_3) AppleWebKit/537.36 (KHTML, like Gecko) Chrome/56.0.2924.87 Safari/537.36"
94.72.101.21 - - [02/Nov/2024:20:07:57 +0000] "GET /global.asa.old HTTP/1.1" 404 564 "-" "Mozilla/5.0 (Macintosh; Intel Mac OS X 10_12_3) AppleWebKit/537.36 (KHTML, like Gecko) Chrome/56.0.2924.87 Safari/537.36"
94.72.101.21 - - [02/Nov/2024:20:07:57 +0000] "GET /.codeship.yaml HTTP/1.1" 404 564 "-" "Mozilla/5.0 (Macintosh; Intel Mac OS X 10_12_3) AppleWebKit/537.36 (KHTML, like Gecko) Chrome/56.0.2924.87 Safari/537.36"
94.72.101.21 - - [02/Nov/2024:20:07:57 +0000] "GET /~apache HTTP/1.1" 404 564 "-" "Mozilla/5.0 (Macintosh; Intel Mac OS X 10_12_3) AppleWebKit/537.36 (KHTML, like Gecko) Chrome/56.0.2924.87 Safari/537.36"
94.72.101.21 - - [02/Nov/2024:20:07:57 +0000] "GET /server-info HTTP/1.1" 404 564 "-" "Mozilla/5.0 (Macintosh; Intel Mac OS X 10_12_3) AppleWebKit/537.36 (KHTML, like Gecko) Chrome/56.0.2924.87 Safari/537.36"
94.72.101.21 - - [02/Nov/2024:20:07:58 +0000] "GET /global.asa.tmp HTTP/1.1" 404 564 "-" "Mozilla/5.0 (Macintosh; Intel Mac OS X 10_12_3) AppleWebKit/537.36 (KHTML, like Gecko) Chrome/56.0.2924.87 Safari/537.36"
94.72.101.21 - - [02/Nov/2024:20:07:58 +0000] "GET /config.php.bak HTTP/1.1" 404 564 "-" "Mozilla/5.0 (Macintosh; Intel Mac OS X 10_12_3) AppleWebKit/537.36 (KHTML, like Gecko) Chrome/56.0.2924.87 Safari/537.36"
94.72.101.21 - - [02/Nov/2024:20:07:58 +0000] "GET /debug.php HTTP/1.1" 404 564 "-" "Mozilla/5.0 (Macintosh; Intel Mac OS X 10_12_3) AppleWebKit/537.36 (KHTML, like Gecko) Chrome/56.0.2924.87 Safari/537.36"
94.72.101.21 - - [02/Nov/2024:20:07:58 +0000] "GET /config/AppData.config HTTP/1.1" 404 564 "-" "Mozilla/5.0 (Macintosh; Intel Mac OS X 10_12_3) AppleWebKit/537.36 (KHTML, like Gecko) Chrome/56.0.2924.87 Safari/537.36"
94.72.101.21 - - [02/Nov/2024:20:07:59 +0000] "GET /config/config.ini HTTP/1.1" 404 564 "-" "Mozilla/5.0 (Macintosh; Intel Mac OS X 10_12_3) AppleWebKit/537.36 (KHTML, like Gecko) Chrome/56.0.2924.87 Safari/537.36"
94.72.101.21 - - [02/Nov/2024:20:07:59 +0000] "GET /global.asax.bak HTTP/1.1" 404 564 "-" "Mozilla/5.0 (Macintosh; Intel Mac OS X 10_12_3) AppleWebKit/537.36 (KHTML, like Gecko) Chrome/56.0.2924.87 Safari/537.36"
94.72.101.21 - - [02/Nov/2024:20:07:59 +0000] "GET /main.json HTTP/1.1" 404 564 "-" "Mozilla/5.0 (Macintosh; Intel Mac OS X 10_12_3) AppleWebKit/537.36 (KHTML, like Gecko) Chrome/56.0.2924.87 Safari/537.36"
94.72.101.21 - - [02/Nov/2024:20:07:59 +0000] "GET /server-status/ HTTP/1.1" 404 564 "-" "Mozilla/5.0 (Macintosh; Intel Mac OS X 10_12_3) AppleWebKit/537.36 (KHTML, like Gecko) Chrome/56.0.2924.87 Safari/537.36"
94.72.101.21 - - [02/Nov/2024:20:08:00 +0000] "GET /config/settings.inc HTTP/1.1" 404 564 "-" "Mozilla/5.0 (Macintosh; Intel Mac OS X 10_12_3) AppleWebKit/537.36 (KHTML, like Gecko) Chrome/56.0.2924.87 Safari/537.36"
94.72.101.21 - - [02/Nov/2024:20:08:00 +0000] "GET /setup.sql HTTP/1.1" 404 564 "-" "Mozilla/5.0 (Macintosh; Intel Mac OS X 10_12_3) AppleWebKit/537.36 (KHTML, like Gecko) Chrome/56.0.2924.87 Safari/537.36"
94.72.101.21 - - [02/Nov/2024:20:08:00 +0000] "GET /server/server.js HTTP/1.1" 404 564 "-" "Mozilla/5.0 (Macintosh; Intel Mac OS X 10_12_3) AppleWebKit/537.36 (KHTML, like Gecko) Chrome/56.0.2924.87 Safari/537.36"
94.72.101.21 - - [02/Nov/2024:20:08:00 +0000] "GET /setup.php HTTP/1.1" 404 564 "-" "Mozilla/5.0 (Macintosh; Intel Mac OS X 10_12_3) AppleWebKit/537.36 (KHTML, like Gecko) Chrome/56.0.2924.87 Safari/537.36"
94.72.101.21 - - [02/Nov/2024:20:08:00 +0000] "GET /config/settings.ini.cfm HTTP/1.1" 404 564 "-" "Mozilla/5.0 (Macintosh; Intel Mac OS X 10_12_3) AppleWebKit/537.36 (KHTML, like Gecko) Chrome/56.0.2924.87 Safari/537.36"
94.72.101.21 - - [02/Nov/2024:20:08:01 +0000] "GET /config.inc.bak HTTP/1.1" 404 564 "-" "Mozilla/5.0 (Macintosh; Intel Mac OS X 10_12_3) AppleWebKit/537.36 (KHTML, like Gecko) Chrome/56.0.2924.87 Safari/537.36"
94.72.101.21 - - [02/Nov/2024:20:08:01 +0000] "GET /build_docker.sh HTTP/1.1" 404 564 "-" "Mozilla/5.0 (Macintosh; Intel Mac OS X 10_12_3) AppleWebKit/537.36 (KHTML, like Gecko) Chrome/56.0.2924.87 Safari/537.36"
94.72.101.21 - - [02/Nov/2024:20:08:01 +0000] "GET /debug-output.txt HTTP/1.1" 404 564 "-" "Mozilla/5.0 (Macintosh; Intel Mac OS X 10_12_3) AppleWebKit/537.36 (KHTML, like Gecko) Chrome/56.0.2924.87 Safari/537.36"
94.72.101.21 - - [02/Nov/2024:20:08:01 +0000] "GET /sh.sh HTTP/1.1" 404 564 "-" "Mozilla/5.0 (Macintosh; Intel Mac OS X 10_12_3) AppleWebKit/537.36 (KHTML, like Gecko) Chrome/56.0.2924.87 Safari/537.36"
94.72.101.21 - - [02/Nov/2024:20:08:01 +0000] "GET /php/php.cgi HTTP/1.1" 404 564 "-" "Mozilla/5.0 (Macintosh; Intel Mac OS X 10_12_3) AppleWebKit/537.36 (KHTML, like Gecko) Chrome/56.0.2924.87 Safari/537.36"
94.72.101.21 - - [02/Nov/2024:20:08:01 +0000] "GET /user-data.txt HTTP/1.1" 404 564 "-" "Mozilla/5.0 (Macintosh; Intel Mac OS X 10_12_3) AppleWebKit/537.36 (KHTML, like Gecko) Chrome/56.0.2924.87 Safari/537.36"
94.72.101.21 - - [02/Nov/2024:20:08:02 +0000] "GET /debug.xml HTTP/1.1" 404 564 "-" "Mozilla/5.0 (Macintosh; Intel Mac OS X 10_12_3) AppleWebKit/537.36 (KHTML, like Gecko) Chrome/56.0.2924.87 Safari/537.36"
94.72.101.21 - - [02/Nov/2024:20:08:02 +0000] "GET /config.inc.php HTTP/1.1" 404 564 "-" "Mozilla/5.0 (Macintosh; Intel Mac OS X 10_12_3) AppleWebKit/537.36 (KHTML, like Gecko) Chrome/56.0.2924.87 Safari/537.36"
94.72.101.21 - - [02/Nov/2024:20:08:02 +0000] "GET /.json HTTP/1.1" 404 564 "-" "Mozilla/5.0 (Macintosh; Intel Mac OS X 10_12_3) AppleWebKit/537.36 (KHTML, like Gecko) Chrome/56.0.2924.87 Safari/537.36"
94.72.101.21 - - [02/Nov/2024:20:08:02 +0000] "GET /server.php HTTP/1.1" 404 564 "-" "Mozilla/5.0 (Macintosh; Intel Mac OS X 10_12_3) AppleWebKit/537.36 (KHTML, like Gecko) Chrome/56.0.2924.87 Safari/537.36"
94.72.101.21 - - [02/Nov/2024:20:08:03 +0000] "GET /awsconfig.js HTTP/1.1" 404 564 "-" "Mozilla/5.0 (Macintosh; Intel Mac OS X 10_12_3) AppleWebKit/537.36 (KHTML, like Gecko) Chrome/56.0.2924.87 Safari/537.36"
94.72.101.21 - - [02/Nov/2024:20:08:04 +0000] "GET /secret_key.php HTTP/1.1" 404 564 "-" "Mozilla/5.0 (Macintosh; Intel Mac OS X 10_12_3) AppleWebKit/537.36 (KHTML, like Gecko) Chrome/56.0.2924.87 Safari/537.36"
94.72.101.21 - - [02/Nov/2024:20:08:05 +0000] "GET /config/config.php HTTP/1.1" 404 564 "-" "Mozilla/5.0 (Macintosh; Intel Mac OS X 10_12_3) AppleWebKit/537.36 (KHTML, like Gecko) Chrome/56.0.2924.87 Safari/537.36"
94.72.101.21 - - [02/Nov/2024:20:08:05 +0000] "GET /secrets.json HTTP/1.1" 404 564 "-" "Mozilla/5.0 (Macintosh; Intel Mac OS X 10_12_3) AppleWebKit/537.36 (KHTML, like Gecko) Chrome/56.0.2924.87 Safari/537.36"
94.72.101.21 - - [02/Nov/2024:20:08:06 +0000] "GET /.circleci/config.yml HTTP/1.1" 404 564 "-" "Mozilla/5.0 (Macintosh; Intel Mac OS X 10_12_3) AppleWebKit/537.36 (KHTML, like Gecko) Chrome/56.0.2924.87 Safari/537.36"
94.72.101.21 - - [02/Nov/2024:20:08:06 +0000] "GET /.aws/config HTTP/1.1" 404 564 "-" "Mozilla/5.0 (Macintosh; Intel Mac OS X 10_12_3) AppleWebKit/537.36 (KHTML, like Gecko) Chrome/56.0.2924.87 Safari/537.36"
94.72.101.21 - - [02/Nov/2024:20:08:06 +0000] "GET /parameters.yml HTTP/1.1" 404 564 "-" "Mozilla/5.0 (Macintosh; Intel Mac OS X 10_12_3) AppleWebKit/537.36 (KHTML, like Gecko) Chrome/56.0.2924.87 Safari/537.36"
94.72.101.21 - - [02/Nov/2024:20:08:06 +0000] "GET /test.js HTTP/1.1" 404 564 "-" "Mozilla/5.0 (Macintosh; Intel Mac OS X 10_12_3) AppleWebKit/537.36 (KHTML, like Gecko) Chrome/56.0.2924.87 Safari/537.36"
94.72.101.21 - - [02/Nov/2024:20:08:07 +0000] "GET /html/phpinfo.php HTTP/1.1" 404 564 "-" "Mozilla/5.0 (Macintosh; Intel Mac OS X 10_12_3) AppleWebKit/537.36 (KHTML, like Gecko) Chrome/56.0.2924.87 Safari/537.36"
94.72.101.21 - - [02/Nov/2024:20:08:07 +0000] "GET /phpconf.php HTTP/1.1" 404 564 "-" "Mozilla/5.0 (Macintosh; Intel Mac OS X 10_12_3) AppleWebKit/537.36 (KHTML, like Gecko) Chrome/56.0.2924.87 Safari/537.36"
94.72.101.21 - - [02/Nov/2024:20:08:07 +0000] "GET /src/phpinfo.php HTTP/1.1" 404 564 "-" "Mozilla/5.0 (Macintosh; Intel Mac OS X 10_12_3) AppleWebKit/537.36 (KHTML, like Gecko) Chrome/56.0.2924.87 Safari/537.36"
94.72.101.21 - - [02/Nov/2024:20:08:07 +0000] "GET /configs/application.ini HTTP/1.1" 404 564 "-" "Mozilla/5.0 (Macintosh; Intel Mac OS X 10_12_3) AppleWebKit/537.36 (KHTML, like Gecko) Chrome/56.0.2924.87 Safari/537.36"
94.72.101.21 - - [02/Nov/2024:20:08:07 +0000] "GET /config.php.original HTTP/1.1" 404 564 "-" "Mozilla/5.0 (Macintosh; Intel Mac OS X 10_12_3) AppleWebKit/537.36 (KHTML, like Gecko) Chrome/56.0.2924.87 Safari/537.36"
94.72.101.21 - - [02/Nov/2024:20:08:07 +0000] "GET /configure.php.orig HTTP/1.1" 404 564 "-" "Mozilla/5.0 (Macintosh; Intel Mac OS X 10_12_3) AppleWebKit/537.36 (KHTML, like Gecko) Chrome/56.0.2924.87 Safari/537.36"
94.72.101.21 - - [02/Nov/2024:20:08:08 +0000] "GET /application.conf HTTP/1.1" 404 564 "-" "Mozilla/5.0 (Macintosh; Intel Mac OS X 10_12_3) AppleWebKit/537.36 (KHTML, like Gecko) Chrome/56.0.2924.87 Safari/537.36"
94.72.101.21 - - [02/Nov/2024:20:08:08 +0000] "GET /app.json HTTP/1.1" 404 564 "-" "Mozilla/5.0 (Macintosh; Intel Mac OS X 10_12_3) AppleWebKit/537.36 (KHTML, like Gecko) Chrome/56.0.2924.87 Safari/537.36"
94.72.101.21 - - [02/Nov/2024:20:08:08 +0000] "GET /symfony/_profiler/phpinfo HTTP/1.1" 404 564 "-" "Mozilla/5.0 (Macintosh; Intel Mac OS X 10_12_3) AppleWebKit/537.36 (KHTML, like Gecko) Chrome/56.0.2924.87 Safari/537.36"
94.72.101.21 - - [02/Nov/2024:20:08:08 +0000] "GET /phpinfo.php/ HTTP/1.1" 404 564 "-" "Mozilla/5.0 (Macintosh; Intel Mac OS X 10_12_3) AppleWebKit/537.36 (KHTML, like Gecko) Chrome/56.0.2924.87 Safari/537.36"
94.72.101.21 - - [02/Nov/2024:20:08:08 +0000] "GET /sendgrid.json HTTP/1.1" 404 564 "-" "Mozilla/5.0 (Macintosh; Intel Mac OS X 10_12_3) AppleWebKit/537.36 (KHTML, like Gecko) Chrome/56.0.2924.87 Safari/537.36"
94.72.101.21 - - [02/Nov/2024:20:08:09 +0000] "GET /info.php/ HTTP/1.1" 404 564 "-" "Mozilla/5.0 (Macintosh; Intel Mac OS X 10_12_3) AppleWebKit/537.36 (KHTML, like Gecko) Chrome/56.0.2924.87 Safari/537.36"
94.72.101.21 - - [02/Nov/2024:20:08:09 +0000] "GET /cms/config.php HTTP/1.1" 404 564 "-" "Mozilla/5.0 (Macintosh; Intel Mac OS X 10_12_3) AppleWebKit/537.36 (KHTML, like Gecko) Chrome/56.0.2924.87 Safari/537.36"
94.72.101.21 - - [02/Nov/2024:20:08:09 +0000] "GET /application.yml HTTP/1.1" 404 564 "-" "Mozilla/5.0 (Macintosh; Intel Mac OS X 10_12_3) AppleWebKit/537.36 (KHTML, like Gecko) Chrome/56.0.2924.87 Safari/537.36"
94.72.101.21 - - [02/Nov/2024:20:08:10 +0000] "GET /package.json HTTP/1.1" 404 564 "-" "Mozilla/5.0 (Macintosh; Intel Mac OS X 10_12_3) AppleWebKit/537.36 (KHTML, like Gecko) Chrome/56.0.2924.87 Safari/537.36"
94.72.101.21 - - [02/Nov/2024:20:08:10 +0000] "GET /connectionstrings.json HTTP/1.1" 404 564 "-" "Mozilla/5.0 (Macintosh; Intel Mac OS X 10_12_3) AppleWebKit/537.36 (KHTML, like Gecko) Chrome/56.0.2924.87 Safari/537.36"
94.72.101.21 - - [02/Nov/2024:20:08:10 +0000] "GET /config.prod.js HTTP/1.1" 404 564 "-" "Mozilla/5.0 (Macintosh; Intel Mac OS X 10_12_3) AppleWebKit/537.36 (KHTML, like Gecko) Chrome/56.0.2924.87 Safari/537.36"
94.72.101.21 - - [02/Nov/2024:20:08:10 +0000] "GET /__info.php HTTP/1.1" 404 564 "-" "Mozilla/5.0 (Macintosh; Intel Mac OS X 10_12_3) AppleWebKit/537.36 (KHTML, like Gecko) Chrome/56.0.2924.87 Safari/537.36"
94.72.101.21 - - [02/Nov/2024:20:08:11 +0000] "GET /_info.php HTTP/1.1" 404 564 "-" "Mozilla/5.0 (Macintosh; Intel Mac OS X 10_12_3) AppleWebKit/537.36 (KHTML, like Gecko) Chrome/56.0.2924.87 Safari/537.36"
94.72.101.21 - - [02/Nov/2024:20:08:11 +0000] "GET /1.php HTTP/1.1" 404 564 "-" "Mozilla/5.0 (Macintosh; Intel Mac OS X 10_12_3) AppleWebKit/537.36 (KHTML, like Gecko) Chrome/56.0.2924.87 Safari/537.36"
94.72.101.21 - - [02/Nov/2024:20:08:11 +0000] "GET /appsettings.json HTTP/1.1" 404 564 "-" "Mozilla/5.0 (Macintosh; Intel Mac OS X 10_12_3) AppleWebKit/537.36 (KHTML, like Gecko) Chrome/56.0.2924.87 Safari/537.36"
94.72.101.21 - - [02/Nov/2024:20:08:12 +0000] "GET /smtp.json HTTP/1.1" 404 564 "-" "Mozilla/5.0 (Macintosh; Intel Mac OS X 10_12_3) AppleWebKit/537.36 (KHTML, like Gecko) Chrome/56.0.2924.87 Safari/537.36"
94.72.101.21 - - [02/Nov/2024:20:08:12 +0000] "GET /database.json HTTP/1.1" 404 564 "-" "Mozilla/5.0 (Macintosh; Intel Mac OS X 10_12_3) AppleWebKit/537.36 (KHTML, like Gecko) Chrome/56.0.2924.87 Safari/537.36"
94.72.101.21 - - [02/Nov/2024:20:08:13 +0000] "GET /tmp/phpinfo.php HTTP/1.1" 404 564 "-" "Mozilla/5.0 (Macintosh; Intel Mac OS X 10_12_3) AppleWebKit/537.36 (KHTML, like Gecko) Chrome/56.0.2924.87 Safari/537.36"
94.72.101.21 - - [02/Nov/2024:20:08:13 +0000] "GET /_poopinfo.php HTTP/1.1" 404 564 "-" "Mozilla/5.0 (Macintosh; Intel Mac OS X 10_12_3) AppleWebKit/537.36 (KHTML, like Gecko) Chrome/56.0.2924.87 Safari/537.36"
94.72.101.21 - - [02/Nov/2024:20:08:13 +0000] "GET /local.json HTTP/1.1" 404 564 "-" "Mozilla/5.0 (Macintosh; Intel Mac OS X 10_12_3) AppleWebKit/537.36 (KHTML, like Gecko) Chrome/56.0.2924.87 Safari/537.36"
94.72.101.21 - - [02/Nov/2024:20:08:13 +0000] "GET /local.php HTTP/1.1" 404 564 "-" "Mozilla/5.0 (Macintosh; Intel Mac OS X 10_12_3) AppleWebKit/537.36 (KHTML, like Gecko) Chrome/56.0.2924.87 Safari/537.36"
94.72.101.21 - - [02/Nov/2024:20:08:13 +0000] "GET /application.properties HTTP/1.1" 404 564 "-" "Mozilla/5.0 (Macintosh; Intel Mac OS X 10_12_3) AppleWebKit/537.36 (KHTML, like Gecko) Chrome/56.0.2924.87 Safari/537.36"
94.72.101.21 - - [02/Nov/2024:20:08:14 +0000] "GET /_phpinf.php HTTP/1.1" 404 564 "-" "Mozilla/5.0 (Macintosh; Intel Mac OS X 10_12_3) AppleWebKit/537.36 (KHTML, like Gecko) Chrome/56.0.2924.87 Safari/537.36"
94.72.101.21 - - [02/Nov/2024:20:08:14 +0000] "GET /info HTTP/1.1" 404 564 "-" "Mozilla/5.0 (Macintosh; Intel Mac OS X 10_12_3) AppleWebKit/537.36 (KHTML, like Gecko) Chrome/56.0.2924.87 Safari/537.36"
94.72.101.21 - - [02/Nov/2024:20:08:14 +0000] "GET /aws.js HTTP/1.1" 404 564 "-" "Mozilla/5.0 (Macintosh; Intel Mac OS X 10_12_3) AppleWebKit/537.36 (KHTML, like Gecko) Chrome/56.0.2924.87 Safari/537.36"
94.72.101.21 - - [02/Nov/2024:20:08:14 +0000] "GET /_profiler/phpinfo.php HTTP/1.1" 404 564 "-" "Mozilla/5.0 (Macintosh; Intel Mac OS X 10_12_3) AppleWebKit/537.36 (KHTML, like Gecko) Chrome/56.0.2924.87 Safari/537.36"
94.72.101.21 - - [02/Nov/2024:20:08:14 +0000] "GET /_profiler/app_dev/phpinfo HTTP/1.1" 404 564 "-" "Mozilla/5.0 (Macintosh; Intel Mac OS X 10_12_3) AppleWebKit/537.36 (KHTML, like Gecko) Chrome/56.0.2924.87 Safari/537.36"
94.72.101.21 - - [02/Nov/2024:20:08:15 +0000] "GET /bundle.js HTTP/1.1" 404 564 "-" "Mozilla/5.0 (Macintosh; Intel Mac OS X 10_12_3) AppleWebKit/537.36 (KHTML, like Gecko) Chrome/56.0.2924.87 Safari/537.36"
94.72.101.21 - - [02/Nov/2024:20:08:15 +0000] "GET /_profiler/app_dev.php/phpinfo HTTP/1.1" 404 564 "-" "Mozilla/5.0 (Macintosh; Intel Mac OS X 10_12_3) AppleWebKit/537.36 (KHTML, like Gecko) Chrome/56.0.2924.87 Safari/537.36"
94.72.101.21 - - [02/Nov/2024:20:08:15 +0000] "GET /server-info.php HTTP/1.1" 404 564 "-" "Mozilla/5.0 (Macintosh; Intel Mac OS X 10_12_3) AppleWebKit/537.36 (KHTML, like Gecko) Chrome/56.0.2924.87 Safari/537.36"
94.72.101.21 - - [02/Nov/2024:20:08:15 +0000] "GET /file/php/info.php HTTP/1.1" 404 564 "-" "Mozilla/5.0 (Macintosh; Intel Mac OS X 10_12_3) AppleWebKit/537.36 (KHTML, like Gecko) Chrome/56.0.2924.87 Safari/537.36"
94.72.101.21 - - [02/Nov/2024:20:08:15 +0000] "GET /config.ini.php HTTP/1.1" 404 564 "-" "Mozilla/5.0 (Macintosh; Intel Mac OS X 10_12_3) AppleWebKit/537.36 (KHTML, like Gecko) Chrome/56.0.2924.87 Safari/537.36"
94.72.101.21 - - [02/Nov/2024:20:08:16 +0000] "GET /admin/config.php HTTP/1.1" 404 564 "-" "Mozilla/5.0 (Macintosh; Intel Mac OS X 10_12_3) AppleWebKit/537.36 (KHTML, like Gecko) Chrome/56.0.2924.87 Safari/537.36"
94.72.101.21 - - [02/Nov/2024:20:08:16 +0000] "GET /configuration.php-dist HTTP/1.1" 404 564 "-" "Mozilla/5.0 (Macintosh; Intel Mac OS X 10_12_3) AppleWebKit/537.36 (KHTML, like Gecko) Chrome/56.0.2924.87 Safari/537.36"
94.72.101.21 - - [02/Nov/2024:20:08:16 +0000] "GET /global.inc.php HTTP/1.1" 404 564 "-" "Mozilla/5.0 (Macintosh; Intel Mac OS X 10_12_3) AppleWebKit/537.36 (KHTML, like Gecko) Chrome/56.0.2924.87 Safari/537.36"
94.72.101.21 - - [02/Nov/2024:20:08:17 +0000] "GET /settings.json HTTP/1.1" 404 564 "-" "Mozilla/5.0 (Macintosh; Intel Mac OS X 10_12_3) AppleWebKit/537.36 (KHTML, like Gecko) Chrome/56.0.2924.87 Safari/537.36"
94.72.101.21 - - [02/Nov/2024:20:08:17 +0000] "GET /_profiler/info HTTP/1.1" 404 564 "-" "Mozilla/5.0 (Macintosh; Intel Mac OS X 10_12_3) AppleWebKit/537.36 (KHTML, like Gecko) Chrome/56.0.2924.87 Safari/537.36"
94.72.101.21 - - [02/Nov/2024:20:08:17 +0000] "GET /default.js HTTP/1.1" 404 564 "-" "Mozilla/5.0 (Macintosh; Intel Mac OS X 10_12_3) AppleWebKit/537.36 (KHTML, like Gecko) Chrome/56.0.2924.87 Safari/537.36"
94.72.101.21 - - [02/Nov/2024:20:08:17 +0000] "GET /config.js.bak HTTP/1.1" 404 564 "-" "Mozilla/5.0 (Macintosh; Intel Mac OS X 10_12_3) AppleWebKit/537.36 (KHTML, like Gecko) Chrome/56.0.2924.87 Safari/537.36"
94.72.101.21 - - [02/Nov/2024:20:08:17 +0000] "GET /aws_config.js HTTP/1.1" 404 564 "-" "Mozilla/5.0 (Macintosh; Intel Mac OS X 10_12_3) AppleWebKit/537.36 (KHTML, like Gecko) Chrome/56.0.2924.87 Safari/537.36"
94.72.101.21 - - [02/Nov/2024:20:08:17 +0000] "GET /api/index.php/v1/config/application HTTP/1.1" 404 564 "-" "Mozilla/5.0 (Macintosh; Intel Mac OS X 10_12_3) AppleWebKit/537.36 (KHTML, like Gecko) Chrome/56.0.2924.87 Safari/537.36"
94.72.101.21 - - [02/Nov/2024:20:08:18 +0000] "GET /index.php/phpinfo HTTP/1.1" 404 564 "-" "Mozilla/5.0 (Macintosh; Intel Mac OS X 10_12_3) AppleWebKit/537.36 (KHTML, like Gecko) Chrome/56.0.2924.87 Safari/537.36"
94.72.101.21 - - [02/Nov/2024:20:08:18 +0000] "GET /aws.json HTTP/1.1" 404 564 "-" "Mozilla/5.0 (Macintosh; Intel Mac OS X 10_12_3) AppleWebKit/537.36 (KHTML, like Gecko) Chrome/56.0.2924.87 Safari/537.36"
94.72.101.21 - - [02/Nov/2024:20:08:19 +0000] "GET /.aws/credentials.js HTTP/1.1" 404 564 "-" "Mozilla/5.0 (Macintosh; Intel Mac OS X 10_12_3) AppleWebKit/537.36 (KHTML, like Gecko) Chrome/56.0.2924.87 Safari/537.36"
94.72.101.21 - - [02/Nov/2024:20:08:19 +0000] "GET /composer.json HTTP/1.1" 404 564 "-" "Mozilla/5.0 (Macintosh; Intel Mac OS X 10_12_3) AppleWebKit/537.36 (KHTML, like Gecko) Chrome/56.0.2924.87 Safari/537.36"
94.72.101.21 - - [02/Nov/2024:20:08:19 +0000] "GET /file/php/phpinfo HTTP/1.1" 404 564 "-" "Mozilla/5.0 (Macintosh; Intel Mac OS X 10_12_3) AppleWebKit/537.36 (KHTML, like Gecko) Chrome/56.0.2924.87 Safari/537.36"
94.72.101.21 - - [02/Nov/2024:20:08:19 +0000] "GET /app_dev.php/_profiler/phpinfo HTTP/1.1" 404 564 "-" "Mozilla/5.0 (Macintosh; Intel Mac OS X 10_12_3) AppleWebKit/537.36 (KHTML, like Gecko) Chrome/56.0.2924.87 Safari/537.36"
94.72.101.21 - - [02/Nov/2024:20:08:19 +0000] "GET /_info-backoffice.php HTTP/1.1" 404 564 "-" "Mozilla/5.0 (Macintosh; Intel Mac OS X 10_12_3) AppleWebKit/537.36 (KHTML, like Gecko) Chrome/56.0.2924.87 Safari/537.36"
94.72.101.21 - - [02/Nov/2024:20:08:20 +0000] "GET /info.json/ HTTP/1.1" 404 564 "-" "Mozilla/5.0 (Macintosh; Intel Mac OS X 10_12_3) AppleWebKit/537.36 (KHTML, like Gecko) Chrome/56.0.2924.87 Safari/537.36"
94.72.101.21 - - [02/Nov/2024:20:08:20 +0000] "GET /awsconfig.json HTTP/1.1" 404 564 "-" "Mozilla/5.0 (Macintosh; Intel Mac OS X 10_12_3) AppleWebKit/537.36 (KHTML, like Gecko) Chrome/56.0.2924.87 Safari/537.36"
94.72.101.21 - - [02/Nov/2024:20:08:20 +0000] "GET /global.json HTTP/1.1" 404 564 "-" "Mozilla/5.0 (Macintosh; Intel Mac OS X 10_12_3) AppleWebKit/537.36 (KHTML, like Gecko) Chrome/56.0.2924.87 Safari/537.36"
94.72.101.21 - - [02/Nov/2024:20:08:21 +0000] "GET /php-info.php HTTP/1.1" 404 564 "-" "Mozilla/5.0 (Macintosh; Intel Mac OS X 10_12_3) AppleWebKit/537.36 (KHTML, like Gecko) Chrome/56.0.2924.87 Safari/537.36"
94.72.101.21 - - [02/Nov/2024:20:08:21 +0000] "GET /services.yml HTTP/1.1" 404 564 "-" "Mozilla/5.0 (Macintosh; Intel Mac OS X 10_12_3) AppleWebKit/537.36 (KHTML, like Gecko) Chrome/56.0.2924.87 Safari/537.36"
94.72.101.21 - - [02/Nov/2024:20:08:21 +0000] "GET /config.conf HTTP/1.1" 404 564 "-" "Mozilla/5.0 (Macintosh; Intel Mac OS X 10_12_3) AppleWebKit/537.36 (KHTML, like Gecko) Chrome/56.0.2924.87 Safari/537.36"
94.72.101.21 - - [02/Nov/2024:20:08:21 +0000] "GET /config/default.json HTTP/1.1" 404 564 "-" "Mozilla/5.0 (Macintosh; Intel Mac OS X 10_12_3) AppleWebKit/537.36 (KHTML, like Gecko) Chrome/56.0.2924.87 Safari/537.36"
94.72.101.21 - - [02/Nov/2024:20:08:22 +0000] "GET /.aws/secret_access_key.txt HTTP/1.1" 404 564 "-" "Mozilla/5.0 (Macintosh; Intel Mac OS X 10_12_3) AppleWebKit/537.36 (KHTML, like Gecko) Chrome/56.0.2924.87 Safari/537.36"
94.72.101.21 - - [02/Nov/2024:20:08:22 +0000] "GET /.aws/iam/ HTTP/1.1" 404 564 "-" "Mozilla/5.0 (Macintosh; Intel Mac OS X 10_12_3) AppleWebKit/537.36 (KHTML, like Gecko) Chrome/56.0.2924.87 Safari/537.36"
94.72.101.21 - - [02/Nov/2024:20:08:22 +0000] "GET /home/.aws/credentials HTTP/1.1" 404 564 "-" "Mozilla/5.0 (Macintosh; Intel Mac OS X 10_12_3) AppleWebKit/537.36 (KHTML, like Gecko) Chrome/56.0.2924.87 Safari/537.36"
94.72.101.21 - - [02/Nov/2024:20:08:23 +0000] "GET /.aws/secrets/ HTTP/1.1" 404 564 "-" "Mozilla/5.0 (Macintosh; Intel Mac OS X 10_12_3) AppleWebKit/537.36 (KHTML, like Gecko) Chrome/56.0.2924.87 Safari/537.36"
94.72.101.21 - - [02/Nov/2024:20:08:23 +0000] "GET /.aws/s3/config.json HTTP/1.1" 404 564 "-" "Mozilla/5.0 (Macintosh; Intel Mac OS X 10_12_3) AppleWebKit/537.36 (KHTML, like Gecko) Chrome/56.0.2924.87 Safari/537.36"
94.72.101.21 - - [02/Nov/2024:20:08:23 +0000] "GET /.aws/s3/credentials.ini HTTP/1.1" 404 564 "-" "Mozilla/5.0 (Macintosh; Intel Mac OS X 10_12_3) AppleWebKit/537.36 (KHTML, like Gecko) Chrome/56.0.2924.87 Safari/537.36"
94.72.101.21 - - [02/Nov/2024:20:08:24 +0000] "GET /.aws/secretsmanager/ HTTP/1.1" 404 564 "-" "Mozilla/5.0 (Macintosh; Intel Mac OS X 10_12_3) AppleWebKit/537.36 (KHTML, like Gecko) Chrome/56.0.2924.87 Safari/537.36"
94.72.101.21 - - [02/Nov/2024:20:08:24 +0000] "GET /.aws/keys.conf HTTP/1.1" 404 564 "-" "Mozilla/5.0 (Macintosh; Intel Mac OS X 10_12_3) AppleWebKit/537.36 (KHTML, like Gecko) Chrome/56.0.2924.87 Safari/537.36"
94.72.101.21 - - [02/Nov/2024:20:08:24 +0000] "GET /.aws/s3/secrets.yaml HTTP/1.1" 404 564 "-" "Mozilla/5.0 (Macintosh; Intel Mac OS X 10_12_3) AppleWebKit/537.36 (KHTML, like Gecko) Chrome/56.0.2924.87 Safari/537.36"
94.72.101.21 - - [02/Nov/2024:20:08:25 +0000] "GET /.aws/ses/ HTTP/1.1" 404 564 "-" "Mozilla/5.0 (Macintosh; Intel Mac OS X 10_12_3) AppleWebKit/537.36 (KHTML, like Gecko) Chrome/56.0.2924.87 Safari/537.36"
94.72.101.21 - - [02/Nov/2024:20:08:25 +0000] "GET /.aws/rds/ HTTP/1.1" 404 564 "-" "Mozilla/5.0 (Macintosh; Intel Mac OS X 10_12_3) AppleWebKit/537.36 (KHTML, like Gecko) Chrome/56.0.2924.87 Safari/537.36"
94.72.101.21 - - [02/Nov/2024:20:08:25 +0000] "GET /.aws/keypairs/ HTTP/1.1" 404 564 "-" "Mozilla/5.0 (Macintosh; Intel Mac OS X 10_12_3) AppleWebKit/537.36 (KHTML, like Gecko) Chrome/56.0.2924.87 Safari/537.36"
94.72.101.21 - - [02/Nov/2024:20:08:25 +0000] "GET /.aws/cloudwatch/ HTTP/1.1" 404 564 "-" "Mozilla/5.0 (Macintosh; Intel Mac OS X 10_12_3) AppleWebKit/537.36 (KHTML, like Gecko) Chrome/56.0.2924.87 Safari/537.36"
94.72.101.21 - - [02/Nov/2024:20:08:25 +0000] "GET /.aws/cloudformation/ HTTP/1.1" 404 564 "-" "Mozilla/5.0 (Macintosh; Intel Mac OS X 10_12_3) AppleWebKit/537.36 (KHTML, like Gecko) Chrome/56.0.2924.87 Safari/537.36"
94.72.101.21 - - [02/Nov/2024:20:08:25 +0000] "GET /.aws/config.yaml HTTP/1.1" 404 564 "-" "Mozilla/5.0 (Macintosh; Intel Mac OS X 10_12_3) AppleWebKit/537.36 (KHTML, like Gecko) Chrome/56.0.2924.87 Safari/537.36"
94.72.101.21 - - [02/Nov/2024:20:08:26 +0000] "GET /root/.aws/credentials HTTP/1.1" 404 564 "-" "Mozilla/5.0 (Macintosh; Intel Mac OS X 10_12_3) AppleWebKit/537.36 (KHTML, like Gecko) Chrome/56.0.2924.87 Safari/537.36"
94.72.101.21 - - [02/Nov/2024:20:08:26 +0000] "GET /.aws HTTP/1.1" 404 564 "-" "Mozilla/5.0 (Macintosh; Intel Mac OS X 10_12_3) AppleWebKit/537.36 (KHTML, like Gecko) Chrome/56.0.2924.87 Safari/537.36"
94.72.101.21 - - [02/Nov/2024:20:08:26 +0000] "GET /.aws/kms/ HTTP/1.1" 404 564 "-" "Mozilla/5.0 (Macintosh; Intel Mac OS X 10_12_3) AppleWebKit/537.36 (KHTML, like Gecko) Chrome/56.0.2924.87 Safari/537.36"
94.72.101.21 - - [02/Nov/2024:20:08:27 +0000] "GET /.aws/lambda/ HTTP/1.1" 404 564 "-" "Mozilla/5.0 (Macintosh; Intel Mac OS X 10_12_3) AppleWebKit/537.36 (KHTML, like Gecko) Chrome/56.0.2924.87 Safari/537.36"
94.72.101.21 - - [02/Nov/2024:20:08:28 +0000] "GET /.aws/configurations HTTP/1.1" 404 564 "-" "Mozilla/5.0 (Macintosh; Intel Mac OS X 10_12_3) AppleWebKit/537.36 (KHTML, like Gecko) Chrome/56.0.2924.87 Safari/537.36"
94.72.101.21 - - [02/Nov/2024:20:08:28 +0000] "GET /.pam_environment HTTP/1.1" 404 564 "-" "Mozilla/5.0 (Macintosh; Intel Mac OS X 10_12_3) AppleWebKit/537.36 (KHTML, like Gecko) Chrome/56.0.2924.87 Safari/537.36"
94.72.101.21 - - [02/Nov/2024:20:08:29 +0000] "GET /.powenv HTTP/1.1" 404 564 "-" "Mozilla/5.0 (Macintosh; Intel Mac OS X 10_12_3) AppleWebKit/537.36 (KHTML, like Gecko) Chrome/56.0.2924.87 Safari/537.36"
94.72.101.21 - - [02/Nov/2024:20:08:29 +0000] "GET /.rbenv-gemsets HTTP/1.1" 404 564 "-" "Mozilla/5.0 (Macintosh; Intel Mac OS X 10_12_3) AppleWebKit/537.36 (KHTML, like Gecko) Chrome/56.0.2924.87 Safari/537.36"
94.72.101.21 - - [02/Nov/2024:20:08:29 +0000] "GET /.env.docker HTTP/1.1" 404 564 "-" "Mozilla/5.0 (Macintosh; Intel Mac OS X 10_12_3) AppleWebKit/537.36 (KHTML, like Gecko) Chrome/56.0.2924.87 Safari/537.36"
94.72.101.21 - - [02/Nov/2024:20:08:30 +0000] "GET /.env.sample HTTP/1.1" 404 564 "-" "Mozilla/5.0 (Macintosh; Intel Mac OS X 10_12_3) AppleWebKit/537.36 (KHTML, like Gecko) Chrome/56.0.2924.87 Safari/537.36"
94.72.101.21 - - [02/Nov/2024:20:08:30 +0000] "GET /.env_bak HTTP/1.1" 404 564 "-" "Mozilla/5.0 (Macintosh; Intel Mac OS X 10_12_3) AppleWebKit/537.36 (KHTML, like Gecko) Chrome/56.0.2924.87 Safari/537.36"
94.72.101.21 - - [02/Nov/2024:20:08:30 +0000] "GET /.env-example HTTP/1.1" 404 564 "-" "Mozilla/5.0 (Macintosh; Intel Mac OS X 10_12_3) AppleWebKit/537.36 (KHTML, like Gecko) Chrome/56.0.2924.87 Safari/537.36"
94.72.101.21 - - [02/Nov/2024:20:08:30 +0000] "GET /env HTTP/1.1" 404 564 "-" "Mozilla/5.0 (Macintosh; Intel Mac OS X 10_12_3) AppleWebKit/537.36 (KHTML, like Gecko) Chrome/56.0.2924.87 Safari/537.36"
94.72.101.21 - - [02/Nov/2024:20:08:30 +0000] "GET /env.list HTTP/1.1" 404 564 "-" "Mozilla/5.0 (Macintosh; Intel Mac OS X 10_12_3) AppleWebKit/537.36 (KHTML, like Gecko) Chrome/56.0.2924.87 Safari/537.36"
94.72.101.21 - - [02/Nov/2024:20:08:31 +0000] "GET /.ghc.environment HTTP/1.1" 404 564 "-" "Mozilla/5.0 (Macintosh; Intel Mac OS X 10_12_3) AppleWebKit/537.36 (KHTML, like Gecko) Chrome/56.0.2924.87 Safari/537.36"
94.72.101.21 - - [02/Nov/2024:20:08:31 +0000] "GET /env.txt HTTP/1.1" 404 564 "-" "Mozilla/5.0 (Macintosh; Intel Mac OS X 10_12_3) AppleWebKit/537.36 (KHTML, like Gecko) Chrome/56.0.2924.87 Safari/537.36"
94.72.101.21 - - [02/Nov/2024:20:08:31 +0000] "GET /printenv HTTP/1.1" 404 564 "-" "Mozilla/5.0 (Macintosh; Intel Mac OS X 10_12_3) AppleWebKit/537.36 (KHTML, like Gecko) Chrome/56.0.2924.87 Safari/537.36"
94.72.101.21 - - [02/Nov/2024:20:08:32 +0000] "GET /.hsenv HTTP/1.1" 404 564 "-" "Mozilla/5.0 (Macintosh; Intel Mac OS X 10_12_3) AppleWebKit/537.36 (KHTML, like Gecko) Chrome/56.0.2924.87 Safari/537.36"
94.72.101.21 - - [02/Nov/2024:20:08:32 +0000] "GET /environment HTTP/1.1" 404 564 "-" "Mozilla/5.0 (Macintosh; Intel Mac OS X 10_12_3) AppleWebKit/537.36 (KHTML, like Gecko) Chrome/56.0.2924.87 Safari/537.36"
94.72.101.21 - - [02/Nov/2024:20:08:32 +0000] "GET /env.json HTTP/1.1" 404 564 "-" "Mozilla/5.0 (Macintosh; Intel Mac OS X 10_12_3) AppleWebKit/537.36 (KHTML, like Gecko) Chrome/56.0.2924.87 Safari/537.36"
94.72.101.21 - - [02/Nov/2024:20:08:32 +0000] "GET /envrc HTTP/1.1" 404 564 "-" "Mozilla/5.0 (Macintosh; Intel Mac OS X 10_12_3) AppleWebKit/537.36 (KHTML, like Gecko) Chrome/56.0.2924.87 Safari/537.36"
94.72.101.21 - - [02/Nov/2024:20:08:32 +0000] "GET /.env.dev.local HTTP/1.1" 404 564 "-" "Mozilla/5.0 (Macintosh; Intel Mac OS X 10_12_3) AppleWebKit/537.36 (KHTML, like Gecko) Chrome/56.0.2924.87 Safari/537.36"
94.72.101.21 - - [02/Nov/2024:20:08:33 +0000] "GET /environment.ts HTTP/1.1" 404 564 "-" "Mozilla/5.0 (Macintosh; Intel Mac OS X 10_12_3) AppleWebKit/537.36 (KHTML, like Gecko) Chrome/56.0.2924.87 Safari/537.36"
94.72.101.21 - - [02/Nov/2024:20:08:33 +0000] "GET /.env_old HTTP/1.1" 404 564 "-" "Mozilla/5.0 (Macintosh; Intel Mac OS X 10_12_3) AppleWebKit/537.36 (KHTML, like Gecko) Chrome/56.0.2924.87 Safari/537.36"
94.72.101.21 - - [02/Nov/2024:20:08:33 +0000] "GET /.zshenv HTTP/1.1" 404 564 "-" "Mozilla/5.0 (Macintosh; Intel Mac OS X 10_12_3) AppleWebKit/537.36 (KHTML, like Gecko) Chrome/56.0.2924.87 Safari/537.36"
94.72.101.21 - - [02/Nov/2024:20:08:33 +0000] "GET /.env.development.sample HTTP/1.1" 404 564 "-" "Mozilla/5.0 (Macintosh; Intel Mac OS X 10_12_3) AppleWebKit/537.36 (KHTML, like Gecko) Chrome/56.0.2924.87 Safari/537.36"
94.72.101.21 - - [02/Nov/2024:20:08:34 +0000] "GET /.rbenv-version HTTP/1.1" 404 564 "-" "Mozilla/5.0 (Macintosh; Intel Mac OS X 10_12_3) AppleWebKit/537.36 (KHTML, like Gecko) Chrome/56.0.2924.87 Safari/537.36"
94.72.101.21 - - [02/Nov/2024:20:08:34 +0000] "GET /.env-sample HTTP/1.1" 404 564 "-" "Mozilla/5.0 (Macintosh; Intel Mac OS X 10_12_3) AppleWebKit/537.36 (KHTML, like Gecko) Chrome/56.0.2924.87 Safari/537.36"
94.72.101.21 - - [02/Nov/2024:20:08:34 +0000] "GET /.env.prod.local HTTP/1.1" 404 564 "-" "Mozilla/5.0 (Macintosh; Intel Mac OS X 10_12_3) AppleWebKit/537.36 (KHTML, like Gecko) Chrome/56.0.2924.87 Safari/537.36"
94.72.101.21 - - [02/Nov/2024:20:08:35 +0000] "GET /.env.travis HTTP/1.1" 404 564 "-" "Mozilla/5.0 (Macintosh; Intel Mac OS X 10_12_3) AppleWebKit/537.36 (KHTML, like Gecko) Chrome/56.0.2924.87 Safari/537.36"
94.72.101.21 - - [02/Nov/2024:20:08:35 +0000] "GET /.env.test.sample HTTP/1.1" 404 564 "-" "Mozilla/5.0 (Macintosh; Intel Mac OS X 10_12_3) AppleWebKit/537.36 (KHTML, like Gecko) Chrome/56.0.2924.87 Safari/537.36"
94.72.101.21 - - [02/Nov/2024:20:08:35 +0000] "GET /.env.2 HTTP/1.1" 404 564 "-" "Mozilla/5.0 (Macintosh; Intel Mac OS X 10_12_3) AppleWebKit/537.36 (KHTML, like Gecko) Chrome/56.0.2924.87 Safari/537.36"
94.72.101.21 - - [02/Nov/2024:20:08:35 +0000] "GET /.env.txt HTTP/1.1" 404 564 "-" "Mozilla/5.0 (Macintosh; Intel Mac OS X 10_12_3) AppleWebKit/537.36 (KHTML, like Gecko) Chrome/56.0.2924.87 Safari/537.36"
94.72.101.21 - - [02/Nov/2024:20:08:36 +0000] "GET /printenv.tmp HTTP/1.1" 404 564 "-" "Mozilla/5.0 (Macintosh; Intel Mac OS X 10_12_3) AppleWebKit/537.36 (KHTML, like Gecko) Chrome/56.0.2924.87 Safari/537.36"
94.72.101.21 - - [02/Nov/2024:20:08:36 +0000] "GET /.flaskenv HTTP/1.1" 404 564 "-" "Mozilla/5.0 (Macintosh; Intel Mac OS X 10_12_3) AppleWebKit/537.36 (KHTML, like Gecko) Chrome/56.0.2924.87 Safari/537.36"
94.72.101.21 - - [02/Nov/2024:20:08:36 +0000] "GET /.jenv-version HTTP/1.1" 404 564 "-" "Mozilla/5.0 (Macintosh; Intel Mac OS X 10_12_3) AppleWebKit/537.36 (KHTML, like Gecko) Chrome/56.0.2924.87 Safari/537.36"
94.72.101.21 - - [02/Nov/2024:20:08:37 +0000] "GET /.env1 HTTP/1.1" 404 564 "-" "Mozilla/5.0 (Macintosh; Intel Mac OS X 10_12_3) AppleWebKit/537.36 (KHTML, like Gecko) Chrome/56.0.2924.87 Safari/537.36"
94.72.101.21 - - [02/Nov/2024:20:08:37 +0000] "GET /.venv HTTP/1.1" 404 564 "-" "Mozilla/5.0 (Macintosh; Intel Mac OS X 10_12_3) AppleWebKit/537.36 (KHTML, like Gecko) Chrome/56.0.2924.87 Safari/537.36"
94.72.101.21 - - [02/Nov/2024:20:08:37 +0000] "GET /env.prod.js HTTP/1.1" 404 564 "-" "Mozilla/5.0 (Macintosh; Intel Mac OS X 10_12_3) AppleWebKit/537.36 (KHTML, like Gecko) Chrome/56.0.2924.87 Safari/537.36"
94.72.101.21 - - [02/Nov/2024:20:08:37 +0000] "GET /env.test.js HTTP/1.1" 404 564 "-" "Mozilla/5.0 (Macintosh; Intel Mac OS X 10_12_3) AppleWebKit/537.36 (KHTML, like Gecko) Chrome/56.0.2924.87 Safari/537.36"
94.72.101.21 - - [02/Nov/2024:20:08:38 +0000] "GET /env.bak HTTP/1.1" 404 564 "-" "Mozilla/5.0 (Macintosh; Intel Mac OS X 10_12_3) AppleWebKit/537.36 (KHTML, like Gecko) Chrome/56.0.2924.87 Safari/537.36"
94.72.101.21 - - [02/Nov/2024:20:08:38 +0000] "GET /env.php HTTP/1.1" 404 564 "-" "Mozilla/5.0 (Macintosh; Intel Mac OS X 10_12_3) AppleWebKit/537.36 (KHTML, like Gecko) Chrome/56.0.2924.87 Safari/537.36"
94.72.101.21 - - [02/Nov/2024:20:08:38 +0000] "GET /api/controllers/userController.js HTTP/1.1" 404 564 "-" "Mozilla/5.0 (Macintosh; Intel Mac OS X 10_12_3) AppleWebKit/537.36 (KHTML, like Gecko) Chrome/56.0.2924.87 Safari/537.36"
94.72.101.21 - - [02/Nov/2024:20:08:39 +0000] "GET /docker-compose.yml HTTP/1.1" 404 564 "-" "Mozilla/5.0 (Macintosh; Intel Mac OS X 10_12_3) AppleWebKit/537.36 (KHTML, like Gecko) Chrome/56.0.2924.87 Safari/537.36"
94.72.101.21 - - [02/Nov/2024:20:08:39 +0000] "GET /stable_build/Utilities/config.js HTTP/1.1" 404 564 "-" "Mozilla/5.0 (Macintosh; Intel Mac OS X 10_12_3) AppleWebKit/537.36 (KHTML, like Gecko) Chrome/56.0.2924.87 Safari/537.36"
94.72.101.21 - - [02/Nov/2024:20:08:39 +0000] "GET /Utilities/cred.js HTTP/1.1" 404 564 "-" "Mozilla/5.0 (Macintosh; Intel Mac OS X 10_12_3) AppleWebKit/537.36 (KHTML, like Gecko) Chrome/56.0.2924.87 Safari/537.36"
94.72.101.21 - - [02/Nov/2024:20:08:39 +0000] "GET /Utilities/config.js HTTP/1.1" 404 564 "-" "Mozilla/5.0 (Macintosh; Intel Mac OS X 10_12_3) AppleWebKit/537.36 (KHTML, like Gecko) Chrome/56.0.2924.87 Safari/537.36"
94.72.101.21 - - [02/Nov/2024:20:08:39 +0000] "GET /middleware/config.js HTTP/1.1" 404 564 "-" "Mozilla/5.0 (Macintosh; Intel Mac OS X 10_12_3) AppleWebKit/537.36 (KHTML, like Gecko) Chrome/56.0.2924.87 Safari/537.36"
94.72.101.21 - - [02/Nov/2024:20:08:40 +0000] "GET /config/production.js HTTP/1.1" 404 564 "-" "Mozilla/5.0 (Macintosh; Intel Mac OS X 10_12_3) AppleWebKit/537.36 (KHTML, like Gecko) Chrome/56.0.2924.87 Safari/537.36"
94.72.101.21 - - [02/Nov/2024:20:08:40 +0000] "GET /mail-service/dist/services/email.service.js HTTP/1.1" 404 564 "-" "Mozilla/5.0 (Macintosh; Intel Mac OS X 10_12_3) AppleWebKit/537.36 (KHTML, like Gecko) Chrome/56.0.2924.87 Safari/537.36"
94.72.101.21 - - [02/Nov/2024:20:08:40 +0000] "GET /dist/services/email.service.js HTTP/1.1" 404 564 "-" "Mozilla/5.0 (Macintosh; Intel Mac OS X 10_12_3) AppleWebKit/537.36 (KHTML, like Gecko) Chrome/56.0.2924.87 Safari/537.36"
94.72.101.21 - - [02/Nov/2024:20:08:40 +0000] "GET /leads-backend-nodejs/services/SES.js HTTP/1.1" 404 564 "-" "Mozilla/5.0 (Macintosh; Intel Mac OS X 10_12_3) AppleWebKit/537.36 (KHTML, like Gecko) Chrome/56.0.2924.87 Safari/537.36"
94.72.101.21 - - [02/Nov/2024:20:08:41 +0000] "GET /leads-frontend-nodejs/services/SES.js HTTP/1.1" 404 564 "-" "Mozilla/5.0 (Macintosh; Intel Mac OS X 10_12_3) AppleWebKit/537.36 (KHTML, like Gecko) Chrome/56.0.2924.87 Safari/537.36"
94.72.101.21 - - [02/Nov/2024:20:08:41 +0000] "GET /mup-aws.js HTTP/1.1" 404 564 "-" "Mozilla/5.0 (Macintosh; Intel Mac OS X 10_12_3) AppleWebKit/537.36 (KHTML, like Gecko) Chrome/56.0.2924.87 Safari/537.36"
94.72.101.21 - - [02/Nov/2024:20:08:42 +0000] "GET /api/Constants.js HTTP/1.1" 404 564 "-" "Mozilla/5.0 (Macintosh; Intel Mac OS X 10_12_3) AppleWebKit/537.36 (KHTML, like Gecko) Chrome/56.0.2924.87 Safari/537.36"
94.72.101.21 - - [02/Nov/2024:20:08:42 +0000] "GET /knexfile.js HTTP/1.1" 404 564 "-" "Mozilla/5.0 (Macintosh; Intel Mac OS X 10_12_3) AppleWebKit/537.36 (KHTML, like Gecko) Chrome/56.0.2924.87 Safari/537.36"
94.72.101.21 - - [02/Nov/2024:20:08:42 +0000] "GET /webpack-env.js HTTP/1.1" 404 564 "-" "Mozilla/5.0 (Macintosh; Intel Mac OS X 10_12_3) AppleWebKit/537.36 (KHTML, like Gecko) Chrome/56.0.2924.87 Safari/537.36"
94.72.101.21 - - [02/Nov/2024:20:08:42 +0000] "GET /html/src/js/components/image-upload/image-upload-aws.js HTTP/1.1" 404 564 "-" "Mozilla/5.0 (Macintosh; Intel Mac OS X 10_12_3) AppleWebKit/537.36 (KHTML, like Gecko) Chrome/56.0.2924.87 Safari/537.36"
94.72.101.21 - - [02/Nov/2024:20:08:42 +0000] "GET /backend/app.js HTTP/1.1" 404 564 "-" "Mozilla/5.0 (Macintosh; Intel Mac OS X 10_12_3) AppleWebKit/537.36 (KHTML, like Gecko) Chrome/56.0.2924.87 Safari/537.36"
94.72.101.21 - - [02/Nov/2024:20:08:43 +0000] "GET /frontend/app.js HTTP/1.1" 404 564 "-" "Mozilla/5.0 (Macintosh; Intel Mac OS X 10_12_3) AppleWebKit/537.36 (KHTML, like Gecko) Chrome/56.0.2924.87 Safari/537.36"
94.72.101.21 - - [02/Nov/2024:20:08:43 +0000] "GET /backend/src/helper.js HTTP/1.1" 404 564 "-" "Mozilla/5.0 (Macintosh; Intel Mac OS X 10_12_3) AppleWebKit/537.36 (KHTML, like Gecko) Chrome/56.0.2924.87 Safari/537.36"
94.72.101.21 - - [02/Nov/2024:20:08:43 +0000] "GET /service/email.js HTTP/1.1" 404 564 "-" "Mozilla/5.0 (Macintosh; Intel Mac OS X 10_12_3) AppleWebKit/537.36 (KHTML, like Gecko) Chrome/56.0.2924.87 Safari/537.36"
94.72.101.21 - - [02/Nov/2024:20:08:43 +0000] "GET /service/s3.js HTTP/1.1" 404 564 "-" "Mozilla/5.0 (Macintosh; Intel Mac OS X 10_12_3) AppleWebKit/537.36 (KHTML, like Gecko) Chrome/56.0.2924.87 Safari/537.36"
94.72.101.21 - - [02/Nov/2024:20:08:43 +0000] "GET /chat/talkative-twilio/config/twilio.js HTTP/1.1" 404 564 "-" "Mozilla/5.0 (Macintosh; Intel Mac OS X 10_12_3) AppleWebKit/537.36 (KHTML, like Gecko) Chrome/56.0.2924.87 Safari/537.36"
94.72.101.21 - - [02/Nov/2024:20:08:44 +0000] "GET /src/config/config.js HTTP/1.1" 404 564 "-" "Mozilla/5.0 (Macintosh; Intel Mac OS X 10_12_3) AppleWebKit/537.36 (KHTML, like Gecko) Chrome/56.0.2924.87 Safari/537.36"
94.72.101.21 - - [02/Nov/2024:20:08:44 +0000] "GET /config/constant.js HTTP/1.1" 404 564 "-" "Mozilla/5.0 (Macintosh; Intel Mac OS X 10_12_3) AppleWebKit/537.36 (KHTML, like Gecko) Chrome/56.0.2924.87 Safari/537.36"
94.72.101.21 - - [02/Nov/2024:20:08:44 +0000] "GET /application/configs/application.ini HTTP/1.1" 404 564 "-" "Mozilla/5.0 (Macintosh; Intel Mac OS X 10_12_3) AppleWebKit/537.36 (KHTML, like Gecko) Chrome/56.0.2924.87 Safari/537.36"
94.72.101.21 - - [02/Nov/2024:20:08:44 +0000] "GET /administrator/components/com_ubackapi/aws_lambda_config.json HTTP/1.1" 404 564 "-" "Mozilla/5.0 (Macintosh; Intel Mac OS X 10_12_3) AppleWebKit/537.36 (KHTML, like Gecko) Chrome/56.0.2924.87 Safari/537.36"
94.72.101.21 - - [02/Nov/2024:20:08:44 +0000] "GET /config/general-conf.js HTTP/1.1" 404 564 "-" "Mozilla/5.0 (Macintosh; Intel Mac OS X 10_12_3) AppleWebKit/537.36 (KHTML, like Gecko) Chrome/56.0.2924.87 Safari/537.36"
94.72.101.21 - - [02/Nov/2024:20:08:45 +0000] "GET /node.js HTTP/1.1" 404 564 "-" "Mozilla/5.0 (Macintosh; Intel Mac OS X 10_12_3) AppleWebKit/537.36 (KHTML, like Gecko) Chrome/56.0.2924.87 Safari/537.36"
94.72.101.21 - - [02/Nov/2024:20:08:45 +0000] "GET /config/custom.js HTTP/1.1" 404 564 "-" "Mozilla/5.0 (Macintosh; Intel Mac OS X 10_12_3) AppleWebKit/537.36 (KHTML, like Gecko) Chrome/56.0.2924.87 Safari/537.36"
94.72.101.21 - - [02/Nov/2024:20:08:45 +0000] "GET /sendgrid_email/.env HTTP/1.1" 404 564 "-" "Mozilla/5.0 (Macintosh; Intel Mac OS X 10_12_3) AppleWebKit/537.36 (KHTML, like Gecko) Chrome/56.0.2924.87 Safari/537.36"
94.72.101.21 - - [02/Nov/2024:20:08:45 +0000] "GET /wp-content/plugins/fluent-smtp/assets/admin/js/fluent-mail-admin-app.js HTTP/1.1" 404 564 "-" "Mozilla/5.0 (Macintosh; Intel Mac OS X 10_12_3) AppleWebKit/537.36 (KHTML, like Gecko) Chrome/56.0.2924.87 Safari/537.36"
94.72.101.21 - - [02/Nov/2024:20:08:46 +0000] "GET /api/models/sns_getsmstype.js HTTP/1.1" 404 564 "-" "Mozilla/5.0 (Macintosh; Intel Mac OS X 10_12_3) AppleWebKit/537.36 (KHTML, like Gecko) Chrome/56.0.2924.87 Safari/537.36"
94.72.101.21 - - [02/Nov/2024:20:08:46 +0000] "GET /mailgun/sendemail HTTP/1.1" 404 564 "-" "Mozilla/5.0 (Macintosh; Intel Mac OS X 10_12_3) AppleWebKit/537.36 (KHTML, like Gecko) Chrome/56.0.2924.87 Safari/537.36"
94.72.101.21 - - [02/Nov/2024:20:08:46 +0000] "GET /ses_sendemail.js HTTP/1.1" 404 564 "-" "Mozilla/5.0 (Macintosh; Intel Mac OS X 10_12_3) AppleWebKit/537.36 (KHTML, like Gecko) Chrome/56.0.2924.87 Safari/537.36"
94.72.101.21 - - [02/Nov/2024:20:08:46 +0000] "GET /lib/ses_sendemail.js HTTP/1.1" 404 564 "-" "Mozilla/5.0 (Macintosh; Intel Mac OS X 10_12_3) AppleWebKit/537.36 (KHTML, like Gecko) Chrome/56.0.2924.87 Safari/537.36"
94.72.101.21 - - [02/Nov/2024:20:08:47 +0000] "GET /utils/email.js HTTP/1.1" 404 564 "-" "Mozilla/5.0 (Macintosh; Intel Mac OS X 10_12_3) AppleWebKit/537.36 (KHTML, like Gecko) Chrome/56.0.2924.87 Safari/537.36"
94.72.101.21 - - [02/Nov/2024:20:08:47 +0000] "GET /api/src/mailer.ts HTTP/1.1" 404 564 "-" "Mozilla/5.0 (Macintosh; Intel Mac OS X 10_12_3) AppleWebKit/537.36 (KHTML, like Gecko) Chrome/56.0.2924.87 Safari/537.36"
94.72.101.21 - - [02/Nov/2024:20:08:47 +0000] "GET /settings.js HTTP/1.1" 404 564 "-" "Mozilla/5.0 (Macintosh; Intel Mac OS X 10_12_3) AppleWebKit/537.36 (KHTML, like Gecko) Chrome/56.0.2924.87 Safari/537.36"
94.72.101.21 - - [02/Nov/2024:20:08:48 +0000] "GET /config/index.js HTTP/1.1" 404 564 "-" "Mozilla/5.0 (Macintosh; Intel Mac OS X 10_12_3) AppleWebKit/537.36 (KHTML, like Gecko) Chrome/56.0.2924.87 Safari/537.36"
94.72.101.21 - - [02/Nov/2024:20:08:48 +0000] "GET /config/nodemailer.js HTTP/1.1" 404 564 "-" "Mozilla/5.0 (Macintosh; Intel Mac OS X 10_12_3) AppleWebKit/537.36 (KHTML, like Gecko) Chrome/56.0.2924.87 Safari/537.36"
94.72.101.21 - - [02/Nov/2024:20:08:48 +0000] "GET /send-email.js HTTP/1.1" 404 564 "-" "Mozilla/5.0 (Macintosh; Intel Mac OS X 10_12_3) AppleWebKit/537.36 (KHTML, like Gecko) Chrome/56.0.2924.87 Safari/537.36"
94.72.101.21 - - [02/Nov/2024:20:08:49 +0000] "GET /config/send-email.js HTTP/1.1" 404 564 "-" "Mozilla/5.0 (Macintosh; Intel Mac OS X 10_12_3) AppleWebKit/537.36 (KHTML, like Gecko) Chrome/56.0.2924.87 Safari/537.36"
94.72.101.21 - - [02/Nov/2024:20:08:49 +0000] "GET /settings/send-email.js HTTP/1.1" 404 564 "-" "Mozilla/5.0 (Macintosh; Intel Mac OS X 10_12_3) AppleWebKit/537.36 (KHTML, like Gecko) Chrome/56.0.2924.87 Safari/537.36"
94.72.101.21 - - [02/Nov/2024:20:08:49 +0000] "GET /Dockerfile.dev.server HTTP/1.1" 404 564 "-" "Mozilla/5.0 (Macintosh; Intel Mac OS X 10_12_3) AppleWebKit/537.36 (KHTML, like Gecko) Chrome/56.0.2924.87 Safari/537.36"
94.72.101.21 - - [02/Nov/2024:20:08:49 +0000] "GET /docker/Dockerfile.dev.server HTTP/1.1" 404 564 "-" "Mozilla/5.0 (Macintosh; Intel Mac OS X 10_12_3) AppleWebKit/537.36 (KHTML, like Gecko) Chrome/56.0.2924.87 Safari/537.36"
94.72.101.21 - - [02/Nov/2024:20:08:49 +0000] "GET /server/config/config.js HTTP/1.1" 404 564 "-" "Mozilla/5.0 (Macintosh; Intel Mac OS X 10_12_3) AppleWebKit/537.36 (KHTML, like Gecko) Chrome/56.0.2924.87 Safari/537.36"
94.72.101.21 - - [02/Nov/2024:20:08:50 +0000] "GET /jsconfig.json HTTP/1.1" 404 564 "-" "Mozilla/5.0 (Macintosh; Intel Mac OS X 10_12_3) AppleWebKit/537.36 (KHTML, like Gecko) Chrome/56.0.2924.87 Safari/537.36"
94.72.101.21 - - [02/Nov/2024:20:08:50 +0000] "GET /api/db.js HTTP/1.1" 404 564 "-" "Mozilla/5.0 (Macintosh; Intel Mac OS X 10_12_3) AppleWebKit/537.36 (KHTML, like Gecko) Chrome/56.0.2924.87 Safari/537.36"
94.72.101.21 - - [02/Nov/2024:20:08:50 +0000] "GET /scripts/email.js HTTP/1.1" 404 564 "-" "Mozilla/5.0 (Macintosh; Intel Mac OS X 10_12_3) AppleWebKit/537.36 (KHTML, like Gecko) Chrome/56.0.2924.87 Safari/537.36"
94.72.101.21 - - [02/Nov/2024:20:08:50 +0000] "GET /scripts//.env.js HTTP/1.1" 404 564 "-" "Mozilla/5.0 (Macintosh; Intel Mac OS X 10_12_3) AppleWebKit/537.36 (KHTML, like Gecko) Chrome/56.0.2924.87 Safari/537.36"
94.72.101.21 - - [02/Nov/2024:20:08:51 +0000] "GET /scripts/config.js HTTP/1.1" 404 564 "-" "Mozilla/5.0 (Macintosh; Intel Mac OS X 10_12_3) AppleWebKit/537.36 (KHTML, like Gecko) Chrome/56.0.2924.87 Safari/537.36"
94.72.101.21 - - [02/Nov/2024:20:08:51 +0000] "GET /scripts/nodemailer.js HTTP/1.1" 404 564 "-" "Mozilla/5.0 (Macintosh; Intel Mac OS X 10_12_3) AppleWebKit/537.36 (KHTML, like Gecko) Chrome/56.0.2924.87 Safari/537.36"
94.72.101.21 - - [02/Nov/2024:20:08:51 +0000] "GET /scripts/index.js HTTP/1.1" 404 564 "-" "Mozilla/5.0 (Macintosh; Intel Mac OS X 10_12_3) AppleWebKit/537.36 (KHTML, like Gecko) Chrome/56.0.2924.87 Safari/537.36"
94.72.101.21 - - [02/Nov/2024:20:08:52 +0000] "GET /scripts/app.js HTTP/1.1" 404 564 "-" "Mozilla/5.0 (Macintosh; Intel Mac OS X 10_12_3) AppleWebKit/537.36 (KHTML, like Gecko) Chrome/56.0.2924.87 Safari/537.36"
94.72.101.21 - - [02/Nov/2024:20:08:53 +0000] "GET /lib/email.js HTTP/1.1" 404 564 "-" "Mozilla/5.0 (Macintosh; Intel Mac OS X 10_12_3) AppleWebKit/537.36 (KHTML, like Gecko) Chrome/56.0.2924.87 Safari/537.36"
94.72.101.21 - - [02/Nov/2024:20:08:54 +0000] "GET /lib/config.js HTTP/1.1" 404 564 "-" "Mozilla/5.0 (Macintosh; Intel Mac OS X 10_12_3) AppleWebKit/537.36 (KHTML, like Gecko) Chrome/56.0.2924.87 Safari/537.36"
94.72.101.21 - - [02/Nov/2024:20:08:54 +0000] "GET /static/js/main.141b0494.js HTTP/1.1" 404 564 "-" "Mozilla/5.0 (Macintosh; Intel Mac OS X 10_12_3) AppleWebKit/537.36 (KHTML, like Gecko) Chrome/56.0.2924.87 Safari/537.36"
94.72.101.21 - - [02/Nov/2024:20:08:54 +0000] "GET /static/js/2.ca066a4b.chunk.js HTTP/1.1" 404 564 "-" "Mozilla/5.0 (Macintosh; Intel Mac OS X 10_12_3) AppleWebKit/537.36 (KHTML, like Gecko) Chrome/56.0.2924.87 Safari/537.36"
94.72.101.21 - - [02/Nov/2024:20:08:54 +0000] "GET /static/js/main.e85f7a37.js HTTP/1.1" 404 564 "-" "Mozilla/5.0 (Macintosh; Intel Mac OS X 10_12_3) AppleWebKit/537.36 (KHTML, like Gecko) Chrome/56.0.2924.87 Safari/537.36"
94.72.101.21 - - [02/Nov/2024:20:08:55 +0000] "GET /config.py HTTP/1.1" 404 564 "-" "Mozilla/5.0 (Macintosh; Intel Mac OS X 10_12_3) AppleWebKit/537.36 (KHTML, like Gecko) Chrome/56.0.2924.87 Safari/537.36"
94.72.101.21 - - [02/Nov/2024:20:08:55 +0000] "GET /adm/.env.bak HTTP/1.1" 404 564 "-" "Mozilla/5.0 (Macintosh; Intel Mac OS X 10_12_3) AppleWebKit/537.36 (KHTML, like Gecko) Chrome/56.0.2924.87 Safari/537.36"
94.72.101.21 - - [02/Nov/2024:20:08:55 +0000] "GET /adm/.env HTTP/1.1" 404 564 "-" "Mozilla/5.0 (Macintosh; Intel Mac OS X 10_12_3) AppleWebKit/537.36 (KHTML, like Gecko) Chrome/56.0.2924.87 Safari/537.36"
94.72.101.21 - - [02/Nov/2024:20:08:55 +0000] "GET /adm/config.env HTTP/1.1" 404 564 "-" "Mozilla/5.0 (Macintosh; Intel Mac OS X 10_12_3) AppleWebKit/537.36 (KHTML, like Gecko) Chrome/56.0.2924.87 Safari/537.36"
94.72.101.21 - - [02/Nov/2024:20:08:56 +0000] "GET /adm/.env.dist HTTP/1.1" 404 564 "-" "Mozilla/5.0 (Macintosh; Intel Mac OS X 10_12_3) AppleWebKit/537.36 (KHTML, like Gecko) Chrome/56.0.2924.87 Safari/537.36"
94.72.101.21 - - [02/Nov/2024:20:08:56 +0000] "GET /adm/.env.dev HTTP/1.1" 404 564 "-" "Mozilla/5.0 (Macintosh; Intel Mac OS X 10_12_3) AppleWebKit/537.36 (KHTML, like Gecko) Chrome/56.0.2924.87 Safari/537.36"
94.72.101.21 - - [02/Nov/2024:20:08:56 +0000] "GET /adm/.env.local HTTP/1.1" 404 564 "-" "Mozilla/5.0 (Macintosh; Intel Mac OS X 10_12_3) AppleWebKit/537.36 (KHTML, like Gecko) Chrome/56.0.2924.87 Safari/537.36"
94.72.101.21 - - [02/Nov/2024:20:08:57 +0000] "GET /admin/.env.bak HTTP/1.1" 404 564 "-" "Mozilla/5.0 (Macintosh; Intel Mac OS X 10_12_3) AppleWebKit/537.36 (KHTML, like Gecko) Chrome/56.0.2924.87 Safari/537.36"
94.72.101.21 - - [02/Nov/2024:20:08:58 +0000] "GET /admin/config.env HTTP/1.1" 404 564 "-" "Mozilla/5.0 (Macintosh; Intel Mac OS X 10_12_3) AppleWebKit/537.36 (KHTML, like Gecko) Chrome/56.0.2924.87 Safari/537.36"
94.72.101.21 - - [02/Nov/2024:20:08:58 +0000] "GET /admin/.env.dist HTTP/1.1" 404 564 "-" "Mozilla/5.0 (Macintosh; Intel Mac OS X 10_12_3) AppleWebKit/537.36 (KHTML, like Gecko) Chrome/56.0.2924.87 Safari/537.36"
94.72.101.21 - - [02/Nov/2024:20:08:58 +0000] "GET /admin/.env.dev HTTP/1.1" 404 564 "-" "Mozilla/5.0 (Macintosh; Intel Mac OS X 10_12_3) AppleWebKit/537.36 (KHTML, like Gecko) Chrome/56.0.2924.87 Safari/537.36"
94.72.101.21 - - [02/Nov/2024:20:08:58 +0000] "GET /admins/.env.bak HTTP/1.1" 404 564 "-" "Mozilla/5.0 (Macintosh; Intel Mac OS X 10_12_3) AppleWebKit/537.36 (KHTML, like Gecko) Chrome/56.0.2924.87 Safari/537.36"
94.72.101.21 - - [02/Nov/2024:20:08:59 +0000] "GET /admins/.env HTTP/1.1" 404 564 "-" "Mozilla/5.0 (Macintosh; Intel Mac OS X 10_12_3) AppleWebKit/537.36 (KHTML, like Gecko) Chrome/56.0.2924.87 Safari/537.36"
94.72.101.21 - - [02/Nov/2024:20:08:59 +0000] "GET /admins/config.env HTTP/1.1" 404 564 "-" "Mozilla/5.0 (Macintosh; Intel Mac OS X 10_12_3) AppleWebKit/537.36 (KHTML, like Gecko) Chrome/56.0.2924.87 Safari/537.36"
94.72.101.21 - - [02/Nov/2024:20:08:59 +0000] "GET /admins/.env.dist HTTP/1.1" 404 564 "-" "Mozilla/5.0 (Macintosh; Intel Mac OS X 10_12_3) AppleWebKit/537.36 (KHTML, like Gecko) Chrome/56.0.2924.87 Safari/537.36"
94.72.101.21 - - [02/Nov/2024:20:08:59 +0000] "GET /admins/.env.dev HTTP/1.1" 404 564 "-" "Mozilla/5.0 (Macintosh; Intel Mac OS X 10_12_3) AppleWebKit/537.36 (KHTML, like Gecko) Chrome/56.0.2924.87 Safari/537.36"
94.72.101.21 - - [02/Nov/2024:20:08:59 +0000] "GET /admins/.env.local HTTP/1.1" 404 564 "-" "Mozilla/5.0 (Macintosh; Intel Mac OS X 10_12_3) AppleWebKit/537.36 (KHTML, like Gecko) Chrome/56.0.2924.87 Safari/537.36"
94.72.101.21 - - [02/Nov/2024:20:09:00 +0000] "GET /administration/.env.bak HTTP/1.1" 404 564 "-" "Mozilla/5.0 (Macintosh; Intel Mac OS X 10_12_3) AppleWebKit/537.36 (KHTML, like Gecko) Chrome/56.0.2924.87 Safari/537.36"
94.72.101.21 - - [02/Nov/2024:20:09:00 +0000] "GET /administration/.env HTTP/1.1" 404 564 "-" "Mozilla/5.0 (Macintosh; Intel Mac OS X 10_12_3) AppleWebKit/537.36 (KHTML, like Gecko) Chrome/56.0.2924.87 Safari/537.36"
94.72.101.21 - - [02/Nov/2024:20:09:00 +0000] "GET /administration/config.env HTTP/1.1" 404 564 "-" "Mozilla/5.0 (Macintosh; Intel Mac OS X 10_12_3) AppleWebKit/537.36 (KHTML, like Gecko) Chrome/56.0.2924.87 Safari/537.36"
94.72.101.21 - - [02/Nov/2024:20:09:00 +0000] "GET /administration/.env.dist HTTP/1.1" 404 564 "-" "Mozilla/5.0 (Macintosh; Intel Mac OS X 10_12_3) AppleWebKit/537.36 (KHTML, like Gecko) Chrome/56.0.2924.87 Safari/537.36"
94.72.101.21 - - [02/Nov/2024:20:09:01 +0000] "GET /administration/.env.dev HTTP/1.1" 404 564 "-" "Mozilla/5.0 (Macintosh; Intel Mac OS X 10_12_3) AppleWebKit/537.36 (KHTML, like Gecko) Chrome/56.0.2924.87 Safari/537.36"
94.72.101.21 - - [02/Nov/2024:20:09:01 +0000] "GET /administration/.env.local HTTP/1.1" 404 564 "-" "Mozilla/5.0 (Macintosh; Intel Mac OS X 10_12_3) AppleWebKit/537.36 (KHTML, like Gecko) Chrome/56.0.2924.87 Safari/537.36"
94.72.101.21 - - [02/Nov/2024:20:09:01 +0000] "GET /api/.env.bak HTTP/1.1" 404 564 "-" "Mozilla/5.0 (Macintosh; Intel Mac OS X 10_12_3) AppleWebKit/537.36 (KHTML, like Gecko) Chrome/56.0.2924.87 Safari/537.36"
94.72.101.21 - - [02/Nov/2024:20:09:01 +0000] "GET /api/config.env HTTP/1.1" 404 564 "-" "Mozilla/5.0 (Macintosh; Intel Mac OS X 10_12_3) AppleWebKit/537.36 (KHTML, like Gecko) Chrome/56.0.2924.87 Safari/537.36"
94.72.101.21 - - [02/Nov/2024:20:09:01 +0000] "GET /api/.env.dist HTTP/1.1" 404 564 "-" "Mozilla/5.0 (Macintosh; Intel Mac OS X 10_12_3) AppleWebKit/537.36 (KHTML, like Gecko) Chrome/56.0.2924.87 Safari/537.36"
94.72.101.21 - - [02/Nov/2024:20:09:01 +0000] "GET /api/.env.dev HTTP/1.1" 404 564 "-" "Mozilla/5.0 (Macintosh; Intel Mac OS X 10_12_3) AppleWebKit/537.36 (KHTML, like Gecko) Chrome/56.0.2924.87 Safari/537.36"
94.72.101.21 - - [02/Nov/2024:20:09:02 +0000] "GET /app/.env.bak HTTP/1.1" 404 564 "-" "Mozilla/5.0 (Macintosh; Intel Mac OS X 10_12_3) AppleWebKit/537.36 (KHTML, like Gecko) Chrome/56.0.2924.87 Safari/537.36"
94.72.101.21 - - [02/Nov/2024:20:09:02 +0000] "GET /app/config.env HTTP/1.1" 404 564 "-" "Mozilla/5.0 (Macintosh; Intel Mac OS X 10_12_3) AppleWebKit/537.36 (KHTML, like Gecko) Chrome/56.0.2924.87 Safari/537.36"
94.72.101.21 - - [02/Nov/2024:20:09:02 +0000] "GET /app/.env.dist HTTP/1.1" 404 564 "-" "Mozilla/5.0 (Macintosh; Intel Mac OS X 10_12_3) AppleWebKit/537.36 (KHTML, like Gecko) Chrome/56.0.2924.87 Safari/537.36"
94.72.101.21 - - [02/Nov/2024:20:09:02 +0000] "GET /app/.env.dev HTTP/1.1" 404 564 "-" "Mozilla/5.0 (Macintosh; Intel Mac OS X 10_12_3) AppleWebKit/537.36 (KHTML, like Gecko) Chrome/56.0.2924.87 Safari/537.36"
94.72.101.21 - - [02/Nov/2024:20:09:02 +0000] "GET /apis/.env.bak HTTP/1.1" 404 564 "-" "Mozilla/5.0 (Macintosh; Intel Mac OS X 10_12_3) AppleWebKit/537.36 (KHTML, like Gecko) Chrome/56.0.2924.87 Safari/537.36"
94.72.101.21 - - [02/Nov/2024:20:09:03 +0000] "GET /apis/config.env HTTP/1.1" 404 564 "-" "Mozilla/5.0 (Macintosh; Intel Mac OS X 10_12_3) AppleWebKit/537.36 (KHTML, like Gecko) Chrome/56.0.2924.87 Safari/537.36"
94.72.101.21 - - [02/Nov/2024:20:09:03 +0000] "GET /apis/.env.dist HTTP/1.1" 404 564 "-" "Mozilla/5.0 (Macintosh; Intel Mac OS X 10_12_3) AppleWebKit/537.36 (KHTML, like Gecko) Chrome/56.0.2924.87 Safari/537.36"
94.72.101.21 - - [02/Nov/2024:20:09:03 +0000] "GET /apis/.env.dev HTTP/1.1" 404 564 "-" "Mozilla/5.0 (Macintosh; Intel Mac OS X 10_12_3) AppleWebKit/537.36 (KHTML, like Gecko) Chrome/56.0.2924.87 Safari/537.36"
94.72.101.21 - - [02/Nov/2024:20:09:03 +0000] "GET /back/.env.bak HTTP/1.1" 404 564 "-" "Mozilla/5.0 (Macintosh; Intel Mac OS X 10_12_3) AppleWebKit/537.36 (KHTML, like Gecko) Chrome/56.0.2924.87 Safari/537.36"
94.72.101.21 - - [02/Nov/2024:20:09:03 +0000] "GET /back/config.env HTTP/1.1" 404 564 "-" "Mozilla/5.0 (Macintosh; Intel Mac OS X 10_12_3) AppleWebKit/537.36 (KHTML, like Gecko) Chrome/56.0.2924.87 Safari/537.36"
94.72.101.21 - - [02/Nov/2024:20:09:03 +0000] "GET /back/.env.dist HTTP/1.1" 404 564 "-" "Mozilla/5.0 (Macintosh; Intel Mac OS X 10_12_3) AppleWebKit/537.36 (KHTML, like Gecko) Chrome/56.0.2924.87 Safari/537.36"
94.72.101.21 - - [02/Nov/2024:20:09:04 +0000] "GET /back/.env.dev HTTP/1.1" 404 564 "-" "Mozilla/5.0 (Macintosh; Intel Mac OS X 10_12_3) AppleWebKit/537.36 (KHTML, like Gecko) Chrome/56.0.2924.87 Safari/537.36"
94.72.101.21 - - [02/Nov/2024:20:09:04 +0000] "GET /back/.env.local HTTP/1.1" 404 564 "-" "Mozilla/5.0 (Macintosh; Intel Mac OS X 10_12_3) AppleWebKit/537.36 (KHTML, like Gecko) Chrome/56.0.2924.87 Safari/537.36"
94.72.101.21 - - [02/Nov/2024:20:09:04 +0000] "GET /backend/.env.bak HTTP/1.1" 404 564 "-" "Mozilla/5.0 (Macintosh; Intel Mac OS X 10_12_3) AppleWebKit/537.36 (KHTML, like Gecko) Chrome/56.0.2924.87 Safari/537.36"
94.72.101.21 - - [02/Nov/2024:20:09:04 +0000] "GET /backend/config.env HTTP/1.1" 404 564 "-" "Mozilla/5.0 (Macintosh; Intel Mac OS X 10_12_3) AppleWebKit/537.36 (KHTML, like Gecko) Chrome/56.0.2924.87 Safari/537.36"
94.72.101.21 - - [02/Nov/2024:20:09:04 +0000] "GET /backend/.env.dist HTTP/1.1" 404 564 "-" "Mozilla/5.0 (Macintosh; Intel Mac OS X 10_12_3) AppleWebKit/537.36 (KHTML, like Gecko) Chrome/56.0.2924.87 Safari/537.36"
94.72.101.21 - - [02/Nov/2024:20:09:05 +0000] "GET /backend/.env.dev HTTP/1.1" 404 564 "-" "Mozilla/5.0 (Macintosh; Intel Mac OS X 10_12_3) AppleWebKit/537.36 (KHTML, like Gecko) Chrome/56.0.2924.87 Safari/537.36"
94.72.101.21 - - [02/Nov/2024:20:09:05 +0000] "GET /backup/.env.bak HTTP/1.1" 404 564 "-" "Mozilla/5.0 (Macintosh; Intel Mac OS X 10_12_3) AppleWebKit/537.36 (KHTML, like Gecko) Chrome/56.0.2924.87 Safari/537.36"
94.72.101.21 - - [02/Nov/2024:20:09:05 +0000] "GET /backup/config.env HTTP/1.1" 404 564 "-" "Mozilla/5.0 (Macintosh; Intel Mac OS X 10_12_3) AppleWebKit/537.36 (KHTML, like Gecko) Chrome/56.0.2924.87 Safari/537.36"
94.72.101.21 - - [02/Nov/2024:20:09:05 +0000] "GET /backup/.env.dist HTTP/1.1" 404 564 "-" "Mozilla/5.0 (Macintosh; Intel Mac OS X 10_12_3) AppleWebKit/537.36 (KHTML, like Gecko) Chrome/56.0.2924.87 Safari/537.36"
94.72.101.21 - - [02/Nov/2024:20:09:05 +0000] "GET /backup/.env.dev HTTP/1.1" 404 564 "-" "Mozilla/5.0 (Macintosh; Intel Mac OS X 10_12_3) AppleWebKit/537.36 (KHTML, like Gecko) Chrome/56.0.2924.87 Safari/537.36"
94.72.101.21 - - [02/Nov/2024:20:09:06 +0000] "GET /beta/.env.bak HTTP/1.1" 404 564 "-" "Mozilla/5.0 (Macintosh; Intel Mac OS X 10_12_3) AppleWebKit/537.36 (KHTML, like Gecko) Chrome/56.0.2924.87 Safari/537.36"
94.72.101.21 - - [02/Nov/2024:20:09:06 +0000] "GET /beta/config.env HTTP/1.1" 404 564 "-" "Mozilla/5.0 (Macintosh; Intel Mac OS X 10_12_3) AppleWebKit/537.36 (KHTML, like Gecko) Chrome/56.0.2924.87 Safari/537.36"
94.72.101.21 - - [02/Nov/2024:20:09:06 +0000] "GET /beta/.env.dist HTTP/1.1" 404 564 "-" "Mozilla/5.0 (Macintosh; Intel Mac OS X 10_12_3) AppleWebKit/537.36 (KHTML, like Gecko) Chrome/56.0.2924.87 Safari/537.36"
94.72.101.21 - - [02/Nov/2024:20:09:06 +0000] "GET /beta/.env.dev HTTP/1.1" 404 564 "-" "Mozilla/5.0 (Macintosh; Intel Mac OS X 10_12_3) AppleWebKit/537.36 (KHTML, like Gecko) Chrome/56.0.2924.87 Safari/537.36"
94.72.101.21 - - [02/Nov/2024:20:09:06 +0000] "GET /bot/.env.bak HTTP/1.1" 404 564 "-" "Mozilla/5.0 (Macintosh; Intel Mac OS X 10_12_3) AppleWebKit/537.36 (KHTML, like Gecko) Chrome/56.0.2924.87 Safari/537.36"
94.72.101.21 - - [02/Nov/2024:20:09:06 +0000] "GET /bot/.env HTTP/1.1" 404 564 "-" "Mozilla/5.0 (Macintosh; Intel Mac OS X 10_12_3) AppleWebKit/537.36 (KHTML, like Gecko) Chrome/56.0.2924.87 Safari/537.36"
94.72.101.21 - - [02/Nov/2024:20:09:07 +0000] "GET /bot/config.env HTTP/1.1" 404 564 "-" "Mozilla/5.0 (Macintosh; Intel Mac OS X 10_12_3) AppleWebKit/537.36 (KHTML, like Gecko) Chrome/56.0.2924.87 Safari/537.36"
94.72.101.21 - - [02/Nov/2024:20:09:07 +0000] "GET /bot/.env.dist HTTP/1.1" 404 564 "-" "Mozilla/5.0 (Macintosh; Intel Mac OS X 10_12_3) AppleWebKit/537.36 (KHTML, like Gecko) Chrome/56.0.2924.87 Safari/537.36"
94.72.101.21 - - [02/Nov/2024:20:09:07 +0000] "GET /bot/.env.dev HTTP/1.1" 404 564 "-" "Mozilla/5.0 (Macintosh; Intel Mac OS X 10_12_3) AppleWebKit/537.36 (KHTML, like Gecko) Chrome/56.0.2924.87 Safari/537.36"
94.72.101.21 - - [02/Nov/2024:20:09:07 +0000] "GET /bot/.env.local HTTP/1.1" 404 564 "-" "Mozilla/5.0 (Macintosh; Intel Mac OS X 10_12_3) AppleWebKit/537.36 (KHTML, like Gecko) Chrome/56.0.2924.87 Safari/537.36"
94.72.101.21 - - [02/Nov/2024:20:09:07 +0000] "GET /client/.env.bak HTTP/1.1" 404 564 "-" "Mozilla/5.0 (Macintosh; Intel Mac OS X 10_12_3) AppleWebKit/537.36 (KHTML, like Gecko) Chrome/56.0.2924.87 Safari/537.36"
94.72.101.21 - - [02/Nov/2024:20:09:08 +0000] "GET /client/config.env HTTP/1.1" 404 564 "-" "Mozilla/5.0 (Macintosh; Intel Mac OS X 10_12_3) AppleWebKit/537.36 (KHTML, like Gecko) Chrome/56.0.2924.87 Safari/537.36"
94.72.101.21 - - [02/Nov/2024:20:09:08 +0000] "GET /client/.env.dist HTTP/1.1" 404 564 "-" "Mozilla/5.0 (Macintosh; Intel Mac OS X 10_12_3) AppleWebKit/537.36 (KHTML, like Gecko) Chrome/56.0.2924.87 Safari/537.36"
94.72.101.21 - - [02/Nov/2024:20:09:08 +0000] "GET /client/.env.dev HTTP/1.1" 404 564 "-" "Mozilla/5.0 (Macintosh; Intel Mac OS X 10_12_3) AppleWebKit/537.36 (KHTML, like Gecko) Chrome/56.0.2924.87 Safari/537.36"
94.72.101.21 - - [02/Nov/2024:20:09:09 +0000] "GET /conf/.env.bak HTTP/1.1" 404 564 "-" "Mozilla/5.0 (Macintosh; Intel Mac OS X 10_12_3) AppleWebKit/537.36 (KHTML, like Gecko) Chrome/56.0.2924.87 Safari/537.36"
94.72.101.21 - - [02/Nov/2024:20:09:09 +0000] "GET /conf/config.env HTTP/1.1" 404 564 "-" "Mozilla/5.0 (Macintosh; Intel Mac OS X 10_12_3) AppleWebKit/537.36 (KHTML, like Gecko) Chrome/56.0.2924.87 Safari/537.36"
94.72.101.21 - - [02/Nov/2024:20:09:09 +0000] "GET /conf/.env.dist HTTP/1.1" 404 564 "-" "Mozilla/5.0 (Macintosh; Intel Mac OS X 10_12_3) AppleWebKit/537.36 (KHTML, like Gecko) Chrome/56.0.2924.87 Safari/537.36"
94.72.101.21 - - [02/Nov/2024:20:09:09 +0000] "GET /conf/.env.dev HTTP/1.1" 404 564 "-" "Mozilla/5.0 (Macintosh; Intel Mac OS X 10_12_3) AppleWebKit/537.36 (KHTML, like Gecko) Chrome/56.0.2924.87 Safari/537.36"
94.72.101.21 - - [02/Nov/2024:20:09:10 +0000] "GET /conf/.env.local HTTP/1.1" 404 564 "-" "Mozilla/5.0 (Macintosh; Intel Mac OS X 10_12_3) AppleWebKit/537.36 (KHTML, like Gecko) Chrome/56.0.2924.87 Safari/537.36"
94.72.101.21 - - [02/Nov/2024:20:09:10 +0000] "GET /config/.env.bak HTTP/1.1" 404 564 "-" "Mozilla/5.0 (Macintosh; Intel Mac OS X 10_12_3) AppleWebKit/537.36 (KHTML, like Gecko) Chrome/56.0.2924.87 Safari/537.36"
94.72.101.21 - - [02/Nov/2024:20:09:10 +0000] "GET /config/config.env HTTP/1.1" 404 564 "-" "Mozilla/5.0 (Macintosh; Intel Mac OS X 10_12_3) AppleWebKit/537.36 (KHTML, like Gecko) Chrome/56.0.2924.87 Safari/537.36"
94.72.101.21 - - [02/Nov/2024:20:09:10 +0000] "GET /config/.env.dist HTTP/1.1" 404 564 "-" "Mozilla/5.0 (Macintosh; Intel Mac OS X 10_12_3) AppleWebKit/537.36 (KHTML, like Gecko) Chrome/56.0.2924.87 Safari/537.36"
94.72.101.21 - - [02/Nov/2024:20:09:11 +0000] "GET /config/.env.dev HTTP/1.1" 404 564 "-" "Mozilla/5.0 (Macintosh; Intel Mac OS X 10_12_3) AppleWebKit/537.36 (KHTML, like Gecko) Chrome/56.0.2924.87 Safari/537.36"
94.72.101.21 - - [02/Nov/2024:20:09:11 +0000] "GET /config/.env.local HTTP/1.1" 404 564 "-" "Mozilla/5.0 (Macintosh; Intel Mac OS X 10_12_3) AppleWebKit/537.36 (KHTML, like Gecko) Chrome/56.0.2924.87 Safari/537.36"
94.72.101.21 - - [02/Nov/2024:20:09:12 +0000] "GET /common/.env.bak HTTP/1.1" 404 564 "-" "Mozilla/5.0 (Macintosh; Intel Mac OS X 10_12_3) AppleWebKit/537.36 (KHTML, like Gecko) Chrome/56.0.2924.87 Safari/537.36"
94.72.101.21 - - [02/Nov/2024:20:09:12 +0000] "GET /common/.env HTTP/1.1" 404 564 "-" "Mozilla/5.0 (Macintosh; Intel Mac OS X 10_12_3) AppleWebKit/537.36 (KHTML, like Gecko) Chrome/56.0.2924.87 Safari/537.36"
94.72.101.21 - - [02/Nov/2024:20:09:12 +0000] "GET /common/config.env HTTP/1.1" 404 564 "-" "Mozilla/5.0 (Macintosh; Intel Mac OS X 10_12_3) AppleWebKit/537.36 (KHTML, like Gecko) Chrome/56.0.2924.87 Safari/537.36"
94.72.101.21 - - [02/Nov/2024:20:09:12 +0000] "GET /common/.env.dist HTTP/1.1" 404 564 "-" "Mozilla/5.0 (Macintosh; Intel Mac OS X 10_12_3) AppleWebKit/537.36 (KHTML, like Gecko) Chrome/56.0.2924.87 Safari/537.36"
94.72.101.21 - - [02/Nov/2024:20:09:13 +0000] "GET /common/.env.dev HTTP/1.1" 404 564 "-" "Mozilla/5.0 (Macintosh; Intel Mac OS X 10_12_3) AppleWebKit/537.36 (KHTML, like Gecko) Chrome/56.0.2924.87 Safari/537.36"
94.72.101.21 - - [02/Nov/2024:20:09:13 +0000] "GET /common/.env.local HTTP/1.1" 404 564 "-" "Mozilla/5.0 (Macintosh; Intel Mac OS X 10_12_3) AppleWebKit/537.36 (KHTML, like Gecko) Chrome/56.0.2924.87 Safari/537.36"
94.72.101.21 - - [02/Nov/2024:20:09:14 +0000] "GET /crm/.env.bak HTTP/1.1" 404 564 "-" "Mozilla/5.0 (Macintosh; Intel Mac OS X 10_12_3) AppleWebKit/537.36 (KHTML, like Gecko) Chrome/56.0.2924.87 Safari/537.36"
94.72.101.21 - - [02/Nov/2024:20:09:14 +0000] "GET /crm/config.env HTTP/1.1" 404 564 "-" "Mozilla/5.0 (Macintosh; Intel Mac OS X 10_12_3) AppleWebKit/537.36 (KHTML, like Gecko) Chrome/56.0.2924.87 Safari/537.36"
94.72.101.21 - - [02/Nov/2024:20:09:14 +0000] "GET /crm/.env.dist HTTP/1.1" 404 564 "-" "Mozilla/5.0 (Macintosh; Intel Mac OS X 10_12_3) AppleWebKit/537.36 (KHTML, like Gecko) Chrome/56.0.2924.87 Safari/537.36"
94.72.101.21 - - [02/Nov/2024:20:09:14 +0000] "GET /crm/.env.dev HTTP/1.1" 404 564 "-" "Mozilla/5.0 (Macintosh; Intel Mac OS X 10_12_3) AppleWebKit/537.36 (KHTML, like Gecko) Chrome/56.0.2924.87 Safari/537.36"
94.72.101.21 - - [02/Nov/2024:20:09:14 +0000] "GET /current/.env.bak HTTP/1.1" 404 564 "-" "Mozilla/5.0 (Macintosh; Intel Mac OS X 10_12_3) AppleWebKit/537.36 (KHTML, like Gecko) Chrome/56.0.2924.87 Safari/537.36"
94.72.101.21 - - [02/Nov/2024:20:09:15 +0000] "GET /current/config.env HTTP/1.1" 404 564 "-" "Mozilla/5.0 (Macintosh; Intel Mac OS X 10_12_3) AppleWebKit/537.36 (KHTML, like Gecko) Chrome/56.0.2924.87 Safari/537.36"
94.72.101.21 - - [02/Nov/2024:20:09:15 +0000] "GET /current/.env.dist HTTP/1.1" 404 564 "-" "Mozilla/5.0 (Macintosh; Intel Mac OS X 10_12_3) AppleWebKit/537.36 (KHTML, like Gecko) Chrome/56.0.2924.87 Safari/537.36"
94.72.101.21 - - [02/Nov/2024:20:09:15 +0000] "GET /current/.env.dev HTTP/1.1" 404 564 "-" "Mozilla/5.0 (Macintosh; Intel Mac OS X 10_12_3) AppleWebKit/537.36 (KHTML, like Gecko) Chrome/56.0.2924.87 Safari/537.36"
94.72.101.21 - - [02/Nov/2024:20:09:15 +0000] "GET /cron/.env.bak HTTP/1.1" 404 564 "-" "Mozilla/5.0 (Macintosh; Intel Mac OS X 10_12_3) AppleWebKit/537.36 (KHTML, like Gecko) Chrome/56.0.2924.87 Safari/537.36"
94.72.101.21 - - [02/Nov/2024:20:09:16 +0000] "GET /cron/config.env HTTP/1.1" 404 564 "-" "Mozilla/5.0 (Macintosh; Intel Mac OS X 10_12_3) AppleWebKit/537.36 (KHTML, like Gecko) Chrome/56.0.2924.87 Safari/537.36"
94.72.101.21 - - [02/Nov/2024:20:09:16 +0000] "GET /cron/.env.dist HTTP/1.1" 404 564 "-" "Mozilla/5.0 (Macintosh; Intel Mac OS X 10_12_3) AppleWebKit/537.36 (KHTML, like Gecko) Chrome/56.0.2924.87 Safari/537.36"
94.72.101.21 - - [02/Nov/2024:20:09:16 +0000] "GET /cron/.env.dev HTTP/1.1" 404 564 "-" "Mozilla/5.0 (Macintosh; Intel Mac OS X 10_12_3) AppleWebKit/537.36 (KHTML, like Gecko) Chrome/56.0.2924.87 Safari/537.36"
94.72.101.21 - - [02/Nov/2024:20:09:16 +0000] "GET /cms/.env.bak HTTP/1.1" 404 564 "-" "Mozilla/5.0 (Macintosh; Intel Mac OS X 10_12_3) AppleWebKit/537.36 (KHTML, like Gecko) Chrome/56.0.2924.87 Safari/537.36"
94.72.101.21 - - [02/Nov/2024:20:09:17 +0000] "GET /cms/.env HTTP/1.1" 404 564 "-" "Mozilla/5.0 (Macintosh; Intel Mac OS X 10_12_3) AppleWebKit/537.36 (KHTML, like Gecko) Chrome/56.0.2924.87 Safari/537.36"
94.72.101.21 - - [02/Nov/2024:20:09:17 +0000] "GET /cms/config.env HTTP/1.1" 404 564 "-" "Mozilla/5.0 (Macintosh; Intel Mac OS X 10_12_3) AppleWebKit/537.36 (KHTML, like Gecko) Chrome/56.0.2924.87 Safari/537.36"
94.72.101.21 - - [02/Nov/2024:20:09:17 +0000] "GET /cms/.env.dist HTTP/1.1" 404 564 "-" "Mozilla/5.0 (Macintosh; Intel Mac OS X 10_12_3) AppleWebKit/537.36 (KHTML, like Gecko) Chrome/56.0.2924.87 Safari/537.36"
94.72.101.21 - - [02/Nov/2024:20:09:18 +0000] "GET /cms/.env.dev HTTP/1.1" 404 564 "-" "Mozilla/5.0 (Macintosh; Intel Mac OS X 10_12_3) AppleWebKit/537.36 (KHTML, like Gecko) Chrome/56.0.2924.87 Safari/537.36"
94.72.101.21 - - [02/Nov/2024:20:09:18 +0000] "GET /cms/.env.local HTTP/1.1" 404 564 "-" "Mozilla/5.0 (Macintosh; Intel Mac OS X 10_12_3) AppleWebKit/537.36 (KHTML, like Gecko) Chrome/56.0.2924.87 Safari/537.36"
94.72.101.21 - - [02/Nov/2024:20:09:18 +0000] "GET /default/.env.bak HTTP/1.1" 404 564 "-" "Mozilla/5.0 (Macintosh; Intel Mac OS X 10_12_3) AppleWebKit/537.36 (KHTML, like Gecko) Chrome/56.0.2924.87 Safari/537.36"
94.72.101.21 - - [02/Nov/2024:20:09:18 +0000] "GET /default/config.env HTTP/1.1" 404 564 "-" "Mozilla/5.0 (Macintosh; Intel Mac OS X 10_12_3) AppleWebKit/537.36 (KHTML, like Gecko) Chrome/56.0.2924.87 Safari/537.36"
94.72.101.21 - - [02/Nov/2024:20:09:19 +0000] "GET /default/.env.dist HTTP/1.1" 404 564 "-" "Mozilla/5.0 (Macintosh; Intel Mac OS X 10_12_3) AppleWebKit/537.36 (KHTML, like Gecko) Chrome/56.0.2924.87 Safari/537.36"
94.72.101.21 - - [02/Nov/2024:20:09:19 +0000] "GET /default/.env.dev HTTP/1.1" 404 564 "-" "Mozilla/5.0 (Macintosh; Intel Mac OS X 10_12_3) AppleWebKit/537.36 (KHTML, like Gecko) Chrome/56.0.2924.87 Safari/537.36"
94.72.101.21 - - [02/Nov/2024:20:09:19 +0000] "GET /default/.env.local HTTP/1.1" 404 564 "-" "Mozilla/5.0 (Macintosh; Intel Mac OS X 10_12_3) AppleWebKit/537.36 (KHTML, like Gecko) Chrome/56.0.2924.87 Safari/537.36"
94.72.101.21 - - [02/Nov/2024:20:09:20 +0000] "GET /demo/.env.bak HTTP/1.1" 404 564 "-" "Mozilla/5.0 (Macintosh; Intel Mac OS X 10_12_3) AppleWebKit/537.36 (KHTML, like Gecko) Chrome/56.0.2924.87 Safari/537.36"
94.72.101.21 - - [02/Nov/2024:20:09:20 +0000] "GET /demo/config.env HTTP/1.1" 404 564 "-" "Mozilla/5.0 (Macintosh; Intel Mac OS X 10_12_3) AppleWebKit/537.36 (KHTML, like Gecko) Chrome/56.0.2924.87 Safari/537.36"
94.72.101.21 - - [02/Nov/2024:20:09:21 +0000] "GET /demo/.env.dist HTTP/1.1" 404 564 "-" "Mozilla/5.0 (Macintosh; Intel Mac OS X 10_12_3) AppleWebKit/537.36 (KHTML, like Gecko) Chrome/56.0.2924.87 Safari/537.36"
94.72.101.21 - - [02/Nov/2024:20:09:21 +0000] "GET /demo/.env.dev HTTP/1.1" 404 564 "-" "Mozilla/5.0 (Macintosh; Intel Mac OS X 10_12_3) AppleWebKit/537.36 (KHTML, like Gecko) Chrome/56.0.2924.87 Safari/537.36"
94.72.101.21 - - [02/Nov/2024:20:09:21 +0000] "GET /deploy/.env.bak HTTP/1.1" 404 564 "-" "Mozilla/5.0 (Macintosh; Intel Mac OS X 10_12_3) AppleWebKit/537.36 (KHTML, like Gecko) Chrome/56.0.2924.87 Safari/537.36"
94.72.101.21 - - [02/Nov/2024:20:09:21 +0000] "GET /deploy/config.env HTTP/1.1" 404 564 "-" "Mozilla/5.0 (Macintosh; Intel Mac OS X 10_12_3) AppleWebKit/537.36 (KHTML, like Gecko) Chrome/56.0.2924.87 Safari/537.36"
94.72.101.21 - - [02/Nov/2024:20:09:21 +0000] "GET /deploy/.env.dist HTTP/1.1" 404 564 "-" "Mozilla/5.0 (Macintosh; Intel Mac OS X 10_12_3) AppleWebKit/537.36 (KHTML, like Gecko) Chrome/56.0.2924.87 Safari/537.36"
94.72.101.21 - - [02/Nov/2024:20:09:21 +0000] "GET /deploy/.env.dev HTTP/1.1" 404 564 "-" "Mozilla/5.0 (Macintosh; Intel Mac OS X 10_12_3) AppleWebKit/537.36 (KHTML, like Gecko) Chrome/56.0.2924.87 Safari/537.36"
94.72.101.21 - - [02/Nov/2024:20:09:22 +0000] "GET /deploy/.env.local HTTP/1.1" 404 564 "-" "Mozilla/5.0 (Macintosh; Intel Mac OS X 10_12_3) AppleWebKit/537.36 (KHTML, like Gecko) Chrome/56.0.2924.87 Safari/537.36"
94.72.101.21 - - [02/Nov/2024:20:09:22 +0000] "GET /deployment/.env.bak HTTP/1.1" 404 564 "-" "Mozilla/5.0 (Macintosh; Intel Mac OS X 10_12_3) AppleWebKit/537.36 (KHTML, like Gecko) Chrome/56.0.2924.87 Safari/537.36"
94.72.101.21 - - [02/Nov/2024:20:09:23 +0000] "GET /deployment/.env HTTP/1.1" 404 564 "-" "Mozilla/5.0 (Macintosh; Intel Mac OS X 10_12_3) AppleWebKit/537.36 (KHTML, like Gecko) Chrome/56.0.2924.87 Safari/537.36"
94.72.101.21 - - [02/Nov/2024:20:09:23 +0000] "GET /deployment/config.env HTTP/1.1" 404 564 "-" "Mozilla/5.0 (Macintosh; Intel Mac OS X 10_12_3) AppleWebKit/537.36 (KHTML, like Gecko) Chrome/56.0.2924.87 Safari/537.36"
94.72.101.21 - - [02/Nov/2024:20:09:24 +0000] "GET /deployment/.env.dist HTTP/1.1" 404 564 "-" "Mozilla/5.0 (Macintosh; Intel Mac OS X 10_12_3) AppleWebKit/537.36 (KHTML, like Gecko) Chrome/56.0.2924.87 Safari/537.36"
94.72.101.21 - - [02/Nov/2024:20:09:24 +0000] "GET /deployment/.env.dev HTTP/1.1" 404 564 "-" "Mozilla/5.0 (Macintosh; Intel Mac OS X 10_12_3) AppleWebKit/537.36 (KHTML, like Gecko) Chrome/56.0.2924.87 Safari/537.36"
94.72.101.21 - - [02/Nov/2024:20:09:24 +0000] "GET /deployment/.env.local HTTP/1.1" 404 564 "-" "Mozilla/5.0 (Macintosh; Intel Mac OS X 10_12_3) AppleWebKit/537.36 (KHTML, like Gecko) Chrome/56.0.2924.87 Safari/537.36"
94.72.101.21 - - [02/Nov/2024:20:09:25 +0000] "GET /dev/.env.bak HTTP/1.1" 404 564 "-" "Mozilla/5.0 (Macintosh; Intel Mac OS X 10_12_3) AppleWebKit/537.36 (KHTML, like Gecko) Chrome/56.0.2924.87 Safari/537.36"
94.72.101.21 - - [02/Nov/2024:20:09:25 +0000] "GET /dev/config.env HTTP/1.1" 404 564 "-" "Mozilla/5.0 (Macintosh; Intel Mac OS X 10_12_3) AppleWebKit/537.36 (KHTML, like Gecko) Chrome/56.0.2924.87 Safari/537.36"
94.72.101.21 - - [02/Nov/2024:20:09:26 +0000] "GET /dev/.env.dist HTTP/1.1" 404 564 "-" "Mozilla/5.0 (Macintosh; Intel Mac OS X 10_12_3) AppleWebKit/537.36 (KHTML, like Gecko) Chrome/56.0.2924.87 Safari/537.36"
94.72.101.21 - - [02/Nov/2024:20:09:26 +0000] "GET /dev/.env.dev HTTP/1.1" 404 564 "-" "Mozilla/5.0 (Macintosh; Intel Mac OS X 10_12_3) AppleWebKit/537.36 (KHTML, like Gecko) Chrome/56.0.2924.87 Safari/537.36"
94.72.101.21 - - [02/Nov/2024:20:09:26 +0000] "GET /developer/.env.bak HTTP/1.1" 404 564 "-" "Mozilla/5.0 (Macintosh; Intel Mac OS X 10_12_3) AppleWebKit/537.36 (KHTML, like Gecko) Chrome/56.0.2924.87 Safari/537.36"
94.72.101.21 - - [02/Nov/2024:20:09:27 +0000] "GET /developer/.env HTTP/1.1" 404 564 "-" "Mozilla/5.0 (Macintosh; Intel Mac OS X 10_12_3) AppleWebKit/537.36 (KHTML, like Gecko) Chrome/56.0.2924.87 Safari/537.36"
94.72.101.21 - - [02/Nov/2024:20:09:27 +0000] "GET /developer/config.env HTTP/1.1" 404 564 "-" "Mozilla/5.0 (Macintosh; Intel Mac OS X 10_12_3) AppleWebKit/537.36 (KHTML, like Gecko) Chrome/56.0.2924.87 Safari/537.36"
94.72.101.21 - - [02/Nov/2024:20:09:27 +0000] "GET /developer/.env.dist HTTP/1.1" 404 564 "-" "Mozilla/5.0 (Macintosh; Intel Mac OS X 10_12_3) AppleWebKit/537.36 (KHTML, like Gecko) Chrome/56.0.2924.87 Safari/537.36"
94.72.101.21 - - [02/Nov/2024:20:09:27 +0000] "GET /developer/.env.dev HTTP/1.1" 404 564 "-" "Mozilla/5.0 (Macintosh; Intel Mac OS X 10_12_3) AppleWebKit/537.36 (KHTML, like Gecko) Chrome/56.0.2924.87 Safari/537.36"
94.72.101.21 - - [02/Nov/2024:20:09:28 +0000] "GET /developer/.env.local HTTP/1.1" 404 564 "-" "Mozilla/5.0 (Macintosh; Intel Mac OS X 10_12_3) AppleWebKit/537.36 (KHTML, like Gecko) Chrome/56.0.2924.87 Safari/537.36"
94.72.101.21 - - [02/Nov/2024:20:09:28 +0000] "GET /development/.env.bak HTTP/1.1" 404 564 "-" "Mozilla/5.0 (Macintosh; Intel Mac OS X 10_12_3) AppleWebKit/537.36 (KHTML, like Gecko) Chrome/56.0.2924.87 Safari/537.36"
94.72.101.21 - - [02/Nov/2024:20:09:28 +0000] "GET /development/config.env HTTP/1.1" 404 564 "-" "Mozilla/5.0 (Macintosh; Intel Mac OS X 10_12_3) AppleWebKit/537.36 (KHTML, like Gecko) Chrome/56.0.2924.87 Safari/537.36"
94.72.101.21 - - [02/Nov/2024:20:09:28 +0000] "GET /development/.env.dist HTTP/1.1" 404 564 "-" "Mozilla/5.0 (Macintosh; Intel Mac OS X 10_12_3) AppleWebKit/537.36 (KHTML, like Gecko) Chrome/56.0.2924.87 Safari/537.36"
94.72.101.21 - - [02/Nov/2024:20:09:28 +0000] "GET /development/.env.dev HTTP/1.1" 404 564 "-" "Mozilla/5.0 (Macintosh; Intel Mac OS X 10_12_3) AppleWebKit/537.36 (KHTML, like Gecko) Chrome/56.0.2924.87 Safari/537.36"
94.72.101.21 - - [02/Nov/2024:20:09:29 +0000] "GET /erp/.env.bak HTTP/1.1" 404 564 "-" "Mozilla/5.0 (Macintosh; Intel Mac OS X 10_12_3) AppleWebKit/537.36 (KHTML, like Gecko) Chrome/56.0.2924.87 Safari/537.36"
94.72.101.21 - - [02/Nov/2024:20:09:29 +0000] "GET /erp/.env HTTP/1.1" 404 564 "-" "Mozilla/5.0 (Macintosh; Intel Mac OS X 10_12_3) AppleWebKit/537.36 (KHTML, like Gecko) Chrome/56.0.2924.87 Safari/537.36"
94.72.101.21 - - [02/Nov/2024:20:09:29 +0000] "GET /erp/config.env HTTP/1.1" 404 564 "-" "Mozilla/5.0 (Macintosh; Intel Mac OS X 10_12_3) AppleWebKit/537.36 (KHTML, like Gecko) Chrome/56.0.2924.87 Safari/537.36"
94.72.101.21 - - [02/Nov/2024:20:09:29 +0000] "GET /erp/.env.dist HTTP/1.1" 404 564 "-" "Mozilla/5.0 (Macintosh; Intel Mac OS X 10_12_3) AppleWebKit/537.36 (KHTML, like Gecko) Chrome/56.0.2924.87 Safari/537.36"
94.72.101.21 - - [02/Nov/2024:20:09:30 +0000] "GET /erp/.env.dev HTTP/1.1" 404 564 "-" "Mozilla/5.0 (Macintosh; Intel Mac OS X 10_12_3) AppleWebKit/537.36 (KHTML, like Gecko) Chrome/56.0.2924.87 Safari/537.36"
94.72.101.21 - - [02/Nov/2024:20:09:30 +0000] "GET /erp/.env.local HTTP/1.1" 404 564 "-" "Mozilla/5.0 (Macintosh; Intel Mac OS X 10_12_3) AppleWebKit/537.36 (KHTML, like Gecko) Chrome/56.0.2924.87 Safari/537.36"
94.72.101.21 - - [02/Nov/2024:20:09:30 +0000] "GET /feature/.env.bak HTTP/1.1" 404 564 "-" "Mozilla/5.0 (Macintosh; Intel Mac OS X 10_12_3) AppleWebKit/537.36 (KHTML, like Gecko) Chrome/56.0.2924.87 Safari/537.36"
94.72.101.21 - - [02/Nov/2024:20:09:31 +0000] "GET /feature/.env HTTP/1.1" 404 564 "-" "Mozilla/5.0 (Macintosh; Intel Mac OS X 10_12_3) AppleWebKit/537.36 (KHTML, like Gecko) Chrome/56.0.2924.87 Safari/537.36"
94.72.101.21 - - [02/Nov/2024:20:09:31 +0000] "GET /feature/config.env HTTP/1.1" 404 564 "-" "Mozilla/5.0 (Macintosh; Intel Mac OS X 10_12_3) AppleWebKit/537.36 (KHTML, like Gecko) Chrome/56.0.2924.87 Safari/537.36"
94.72.101.21 - - [02/Nov/2024:20:09:31 +0000] "GET /feature/.env.dist HTTP/1.1" 404 564 "-" "Mozilla/5.0 (Macintosh; Intel Mac OS X 10_12_3) AppleWebKit/537.36 (KHTML, like Gecko) Chrome/56.0.2924.87 Safari/537.36"
94.72.101.21 - - [02/Nov/2024:20:09:31 +0000] "GET /feature/.env.dev HTTP/1.1" 404 564 "-" "Mozilla/5.0 (Macintosh; Intel Mac OS X 10_12_3) AppleWebKit/537.36 (KHTML, like Gecko) Chrome/56.0.2924.87 Safari/537.36"
94.72.101.21 - - [02/Nov/2024:20:09:31 +0000] "GET /feature/.env.local HTTP/1.1" 404 564 "-" "Mozilla/5.0 (Macintosh; Intel Mac OS X 10_12_3) AppleWebKit/537.36 (KHTML, like Gecko) Chrome/56.0.2924.87 Safari/537.36"
94.72.101.21 - - [02/Nov/2024:20:09:32 +0000] "GET /function/.env.bak HTTP/1.1" 404 564 "-" "Mozilla/5.0 (Macintosh; Intel Mac OS X 10_12_3) AppleWebKit/537.36 (KHTML, like Gecko) Chrome/56.0.2924.87 Safari/537.36"
94.72.101.21 - - [02/Nov/2024:20:09:32 +0000] "GET /function/.env HTTP/1.1" 404 564 "-" "Mozilla/5.0 (Macintosh; Intel Mac OS X 10_12_3) AppleWebKit/537.36 (KHTML, like Gecko) Chrome/56.0.2924.87 Safari/537.36"
94.72.101.21 - - [02/Nov/2024:20:09:32 +0000] "GET /function/config.env HTTP/1.1" 404 564 "-" "Mozilla/5.0 (Macintosh; Intel Mac OS X 10_12_3) AppleWebKit/537.36 (KHTML, like Gecko) Chrome/56.0.2924.87 Safari/537.36"
94.72.101.21 - - [02/Nov/2024:20:09:32 +0000] "GET /function/.env.dist HTTP/1.1" 404 564 "-" "Mozilla/5.0 (Macintosh; Intel Mac OS X 10_12_3) AppleWebKit/537.36 (KHTML, like Gecko) Chrome/56.0.2924.87 Safari/537.36"
94.72.101.21 - - [02/Nov/2024:20:09:32 +0000] "GET /function/.env.dev HTTP/1.1" 404 564 "-" "Mozilla/5.0 (Macintosh; Intel Mac OS X 10_12_3) AppleWebKit/537.36 (KHTML, like Gecko) Chrome/56.0.2924.87 Safari/537.36"
94.72.101.21 - - [02/Nov/2024:20:09:32 +0000] "GET /function/.env.local HTTP/1.1" 404 564 "-" "Mozilla/5.0 (Macintosh; Intel Mac OS X 10_12_3) AppleWebKit/537.36 (KHTML, like Gecko) Chrome/56.0.2924.87 Safari/537.36"
94.72.101.21 - - [02/Nov/2024:20:09:33 +0000] "GET /helper/.env.bak HTTP/1.1" 404 564 "-" "Mozilla/5.0 (Macintosh; Intel Mac OS X 10_12_3) AppleWebKit/537.36 (KHTML, like Gecko) Chrome/56.0.2924.87 Safari/537.36"
94.72.101.21 - - [02/Nov/2024:20:09:33 +0000] "GET /helper/.env HTTP/1.1" 404 564 "-" "Mozilla/5.0 (Macintosh; Intel Mac OS X 10_12_3) AppleWebKit/537.36 (KHTML, like Gecko) Chrome/56.0.2924.87 Safari/537.36"
94.72.101.21 - - [02/Nov/2024:20:09:33 +0000] "GET /helper/config.env HTTP/1.1" 404 564 "-" "Mozilla/5.0 (Macintosh; Intel Mac OS X 10_12_3) AppleWebKit/537.36 (KHTML, like Gecko) Chrome/56.0.2924.87 Safari/537.36"
94.72.101.21 - - [02/Nov/2024:20:09:33 +0000] "GET /helper/.env.dist HTTP/1.1" 404 564 "-" "Mozilla/5.0 (Macintosh; Intel Mac OS X 10_12_3) AppleWebKit/537.36 (KHTML, like Gecko) Chrome/56.0.2924.87 Safari/537.36"
94.72.101.21 - - [02/Nov/2024:20:09:33 +0000] "GET /helper/.env.dev HTTP/1.1" 404 564 "-" "Mozilla/5.0 (Macintosh; Intel Mac OS X 10_12_3) AppleWebKit/537.36 (KHTML, like Gecko) Chrome/56.0.2924.87 Safari/537.36"
94.72.101.21 - - [02/Nov/2024:20:09:34 +0000] "GET /helper/.env.local HTTP/1.1" 404 564 "-" "Mozilla/5.0 (Macintosh; Intel Mac OS X 10_12_3) AppleWebKit/537.36 (KHTML, like Gecko) Chrome/56.0.2924.87 Safari/537.36"
94.72.101.21 - - [02/Nov/2024:20:09:34 +0000] "GET /info/.env.bak HTTP/1.1" 404 564 "-" "Mozilla/5.0 (Macintosh; Intel Mac OS X 10_12_3) AppleWebKit/537.36 (KHTML, like Gecko) Chrome/56.0.2924.87 Safari/537.36"
94.72.101.21 - - [02/Nov/2024:20:09:34 +0000] "GET /info/.env HTTP/1.1" 404 564 "-" "Mozilla/5.0 (Macintosh; Intel Mac OS X 10_12_3) AppleWebKit/537.36 (KHTML, like Gecko) Chrome/56.0.2924.87 Safari/537.36"
94.72.101.21 - - [02/Nov/2024:20:09:34 +0000] "GET /info/config.env HTTP/1.1" 404 564 "-" "Mozilla/5.0 (Macintosh; Intel Mac OS X 10_12_3) AppleWebKit/537.36 (KHTML, like Gecko) Chrome/56.0.2924.87 Safari/537.36"
94.72.101.21 - - [02/Nov/2024:20:09:34 +0000] "GET /info/.env.dist HTTP/1.1" 404 564 "-" "Mozilla/5.0 (Macintosh; Intel Mac OS X 10_12_3) AppleWebKit/537.36 (KHTML, like Gecko) Chrome/56.0.2924.87 Safari/537.36"
94.72.101.21 - - [02/Nov/2024:20:09:35 +0000] "GET /info/.env.dev HTTP/1.1" 404 564 "-" "Mozilla/5.0 (Macintosh; Intel Mac OS X 10_12_3) AppleWebKit/537.36 (KHTML, like Gecko) Chrome/56.0.2924.87 Safari/537.36"
94.72.101.21 - - [02/Nov/2024:20:09:35 +0000] "GET /info/.env.local HTTP/1.1" 404 564 "-" "Mozilla/5.0 (Macintosh; Intel Mac OS X 10_12_3) AppleWebKit/537.36 (KHTML, like Gecko) Chrome/56.0.2924.87 Safari/537.36"
94.72.101.21 - - [02/Nov/2024:20:09:35 +0000] "GET /lms/.env.bak HTTP/1.1" 404 564 "-" "Mozilla/5.0 (Macintosh; Intel Mac OS X 10_12_3) AppleWebKit/537.36 (KHTML, like Gecko) Chrome/56.0.2924.87 Safari/537.36"
94.72.101.21 - - [02/Nov/2024:20:09:35 +0000] "GET /lms/.env HTTP/1.1" 404 564 "-" "Mozilla/5.0 (Macintosh; Intel Mac OS X 10_12_3) AppleWebKit/537.36 (KHTML, like Gecko) Chrome/56.0.2924.87 Safari/537.36"
94.72.101.21 - - [02/Nov/2024:20:09:36 +0000] "GET /lms/config.env HTTP/1.1" 404 564 "-" "Mozilla/5.0 (Macintosh; Intel Mac OS X 10_12_3) AppleWebKit/537.36 (KHTML, like Gecko) Chrome/56.0.2924.87 Safari/537.36"
94.72.101.21 - - [02/Nov/2024:20:09:36 +0000] "GET /lms/.env.dist HTTP/1.1" 404 564 "-" "Mozilla/5.0 (Macintosh; Intel Mac OS X 10_12_3) AppleWebKit/537.36 (KHTML, like Gecko) Chrome/56.0.2924.87 Safari/537.36"
94.72.101.21 - - [02/Nov/2024:20:09:36 +0000] "GET /lms/.env.dev HTTP/1.1" 404 564 "-" "Mozilla/5.0 (Macintosh; Intel Mac OS X 10_12_3) AppleWebKit/537.36 (KHTML, like Gecko) Chrome/56.0.2924.87 Safari/537.36"
94.72.101.21 - - [02/Nov/2024:20:09:36 +0000] "GET /lms/.env.local HTTP/1.1" 404 564 "-" "Mozilla/5.0 (Macintosh; Intel Mac OS X 10_12_3) AppleWebKit/537.36 (KHTML, like Gecko) Chrome/56.0.2924.87 Safari/537.36"
94.72.101.21 - - [02/Nov/2024:20:09:37 +0000] "GET /lara/.env.bak HTTP/1.1" 404 564 "-" "Mozilla/5.0 (Macintosh; Intel Mac OS X 10_12_3) AppleWebKit/537.36 (KHTML, like Gecko) Chrome/56.0.2924.87 Safari/537.36"
94.72.101.21 - - [02/Nov/2024:20:09:37 +0000] "GET /lara/.env HTTP/1.1" 404 564 "-" "Mozilla/5.0 (Macintosh; Intel Mac OS X 10_12_3) AppleWebKit/537.36 (KHTML, like Gecko) Chrome/56.0.2924.87 Safari/537.36"
94.72.101.21 - - [02/Nov/2024:20:09:37 +0000] "GET /lara/config.env HTTP/1.1" 404 564 "-" "Mozilla/5.0 (Macintosh; Intel Mac OS X 10_12_3) AppleWebKit/537.36 (KHTML, like Gecko) Chrome/56.0.2924.87 Safari/537.36"
94.72.101.21 - - [02/Nov/2024:20:09:38 +0000] "GET /lara/.env.dist HTTP/1.1" 404 564 "-" "Mozilla/5.0 (Macintosh; Intel Mac OS X 10_12_3) AppleWebKit/537.36 (KHTML, like Gecko) Chrome/56.0.2924.87 Safari/537.36"
94.72.101.21 - - [02/Nov/2024:20:09:38 +0000] "GET /lara/.env.dev HTTP/1.1" 404 564 "-" "Mozilla/5.0 (Macintosh; Intel Mac OS X 10_12_3) AppleWebKit/537.36 (KHTML, like Gecko) Chrome/56.0.2924.87 Safari/537.36"
94.72.101.21 - - [02/Nov/2024:20:09:38 +0000] "GET /lara/.env.local HTTP/1.1" 404 564 "-" "Mozilla/5.0 (Macintosh; Intel Mac OS X 10_12_3) AppleWebKit/537.36 (KHTML, like Gecko) Chrome/56.0.2924.87 Safari/537.36"
94.72.101.21 - - [02/Nov/2024:20:09:38 +0000] "GET /live/.env.bak HTTP/1.1" 404 564 "-" "Mozilla/5.0 (Macintosh; Intel Mac OS X 10_12_3) AppleWebKit/537.36 (KHTML, like Gecko) Chrome/56.0.2924.87 Safari/537.36"
94.72.101.21 - - [02/Nov/2024:20:09:39 +0000] "GET /live/config.env HTTP/1.1" 404 564 "-" "Mozilla/5.0 (Macintosh; Intel Mac OS X 10_12_3) AppleWebKit/537.36 (KHTML, like Gecko) Chrome/56.0.2924.87 Safari/537.36"
94.72.101.21 - - [02/Nov/2024:20:09:39 +0000] "GET /live/.env.dist HTTP/1.1" 404 564 "-" "Mozilla/5.0 (Macintosh; Intel Mac OS X 10_12_3) AppleWebKit/537.36 (KHTML, like Gecko) Chrome/56.0.2924.87 Safari/537.36"
94.72.101.21 - - [02/Nov/2024:20:09:39 +0000] "GET /live/.env.dev HTTP/1.1" 404 564 "-" "Mozilla/5.0 (Macintosh; Intel Mac OS X 10_12_3) AppleWebKit/537.36 (KHTML, like Gecko) Chrome/56.0.2924.87 Safari/537.36"
94.72.101.21 - - [02/Nov/2024:20:09:39 +0000] "GET /laravel/.env.bak HTTP/1.1" 404 564 "-" "Mozilla/5.0 (Macintosh; Intel Mac OS X 10_12_3) AppleWebKit/537.36 (KHTML, like Gecko) Chrome/56.0.2924.87 Safari/537.36"
94.72.101.21 - - [02/Nov/2024:20:09:39 +0000] "GET /laravel/config.env HTTP/1.1" 404 564 "-" "Mozilla/5.0 (Macintosh; Intel Mac OS X 10_12_3) AppleWebKit/537.36 (KHTML, like Gecko) Chrome/56.0.2924.87 Safari/537.36"
94.72.101.21 - - [02/Nov/2024:20:09:40 +0000] "GET /laravel/.env.dist HTTP/1.1" 404 564 "-" "Mozilla/5.0 (Macintosh; Intel Mac OS X 10_12_3) AppleWebKit/537.36 (KHTML, like Gecko) Chrome/56.0.2924.87 Safari/537.36"
94.72.101.21 - - [02/Nov/2024:20:09:40 +0000] "GET /laravel/.env.dev HTTP/1.1" 404 564 "-" "Mozilla/5.0 (Macintosh; Intel Mac OS X 10_12_3) AppleWebKit/537.36 (KHTML, like Gecko) Chrome/56.0.2924.87 Safari/537.36"
94.72.101.21 - - [02/Nov/2024:20:09:40 +0000] "GET /market/.env.bak HTTP/1.1" 404 564 "-" "Mozilla/5.0 (Macintosh; Intel Mac OS X 10_12_3) AppleWebKit/537.36 (KHTML, like Gecko) Chrome/56.0.2924.87 Safari/537.36"
94.72.101.21 - - [02/Nov/2024:20:09:40 +0000] "GET /market/config.env HTTP/1.1" 404 564 "-" "Mozilla/5.0 (Macintosh; Intel Mac OS X 10_12_3) AppleWebKit/537.36 (KHTML, like Gecko) Chrome/56.0.2924.87 Safari/537.36"
94.72.101.21 - - [02/Nov/2024:20:09:41 +0000] "GET /market/.env.dist HTTP/1.1" 404 564 "-" "Mozilla/5.0 (Macintosh; Intel Mac OS X 10_12_3) AppleWebKit/537.36 (KHTML, like Gecko) Chrome/56.0.2924.87 Safari/537.36"
94.72.101.21 - - [02/Nov/2024:20:09:41 +0000] "GET /market/.env.dev HTTP/1.1" 404 564 "-" "Mozilla/5.0 (Macintosh; Intel Mac OS X 10_12_3) AppleWebKit/537.36 (KHTML, like Gecko) Chrome/56.0.2924.87 Safari/537.36"
94.72.101.21 - - [02/Nov/2024:20:09:41 +0000] "GET /marketing/.env.bak HTTP/1.1" 404 564 "-" "Mozilla/5.0 (Macintosh; Intel Mac OS X 10_12_3) AppleWebKit/537.36 (KHTML, like Gecko) Chrome/56.0.2924.87 Safari/537.36"
94.72.101.21 - - [02/Nov/2024:20:09:41 +0000] "GET /marketing/config.env HTTP/1.1" 404 564 "-" "Mozilla/5.0 (Macintosh; Intel Mac OS X 10_12_3) AppleWebKit/537.36 (KHTML, like Gecko) Chrome/56.0.2924.87 Safari/537.36"
94.72.101.21 - - [02/Nov/2024:20:09:42 +0000] "GET /marketing/.env.dist HTTP/1.1" 404 564 "-" "Mozilla/5.0 (Macintosh; Intel Mac OS X 10_12_3) AppleWebKit/537.36 (KHTML, like Gecko) Chrome/56.0.2924.87 Safari/537.36"
94.72.101.21 - - [02/Nov/2024:20:09:42 +0000] "GET /marketing/.env.dev HTTP/1.1" 404 564 "-" "Mozilla/5.0 (Macintosh; Intel Mac OS X 10_12_3) AppleWebKit/537.36 (KHTML, like Gecko) Chrome/56.0.2924.87 Safari/537.36"
94.72.101.21 - - [02/Nov/2024:20:09:42 +0000] "GET /mail/.env.bak HTTP/1.1" 404 564 "-" "Mozilla/5.0 (Macintosh; Intel Mac OS X 10_12_3) AppleWebKit/537.36 (KHTML, like Gecko) Chrome/56.0.2924.87 Safari/537.36"
94.72.101.21 - - [02/Nov/2024:20:09:42 +0000] "GET /mail/config.env HTTP/1.1" 404 564 "-" "Mozilla/5.0 (Macintosh; Intel Mac OS X 10_12_3) AppleWebKit/537.36 (KHTML, like Gecko) Chrome/56.0.2924.87 Safari/537.36"
94.72.101.21 - - [02/Nov/2024:20:09:43 +0000] "GET /mail/.env.dist HTTP/1.1" 404 564 "-" "Mozilla/5.0 (Macintosh; Intel Mac OS X 10_12_3) AppleWebKit/537.36 (KHTML, like Gecko) Chrome/56.0.2924.87 Safari/537.36"
94.72.101.21 - - [02/Nov/2024:20:09:43 +0000] "GET /mail/.env.dev HTTP/1.1" 404 564 "-" "Mozilla/5.0 (Macintosh; Intel Mac OS X 10_12_3) AppleWebKit/537.36 (KHTML, like Gecko) Chrome/56.0.2924.87 Safari/537.36"
94.72.101.21 - - [02/Nov/2024:20:09:43 +0000] "GET /mail/.env.local HTTP/1.1" 404 564 "-" "Mozilla/5.0 (Macintosh; Intel Mac OS X 10_12_3) AppleWebKit/537.36 (KHTML, like Gecko) Chrome/56.0.2924.87 Safari/537.36"
94.72.101.21 - - [02/Nov/2024:20:09:43 +0000] "GET /mailer/.env.bak HTTP/1.1" 404 564 "-" "Mozilla/5.0 (Macintosh; Intel Mac OS X 10_12_3) AppleWebKit/537.36 (KHTML, like Gecko) Chrome/56.0.2924.87 Safari/537.36"
94.72.101.21 - - [02/Nov/2024:20:09:44 +0000] "GET /mailer/config.env HTTP/1.1" 404 564 "-" "Mozilla/5.0 (Macintosh; Intel Mac OS X 10_12_3) AppleWebKit/537.36 (KHTML, like Gecko) Chrome/56.0.2924.87 Safari/537.36"
94.72.101.21 - - [02/Nov/2024:20:09:44 +0000] "GET /mailer/.env.dist HTTP/1.1" 404 564 "-" "Mozilla/5.0 (Macintosh; Intel Mac OS X 10_12_3) AppleWebKit/537.36 (KHTML, like Gecko) Chrome/56.0.2924.87 Safari/537.36"
94.72.101.21 - - [02/Nov/2024:20:09:44 +0000] "GET /mailer/.env.dev HTTP/1.1" 404 564 "-" "Mozilla/5.0 (Macintosh; Intel Mac OS X 10_12_3) AppleWebKit/537.36 (KHTML, like Gecko) Chrome/56.0.2924.87 Safari/537.36"
94.72.101.21 - - [02/Nov/2024:20:09:44 +0000] "GET /mailer/.env.local HTTP/1.1" 404 564 "-" "Mozilla/5.0 (Macintosh; Intel Mac OS X 10_12_3) AppleWebKit/537.36 (KHTML, like Gecko) Chrome/56.0.2924.87 Safari/537.36"
94.72.101.21 - - [02/Nov/2024:20:09:44 +0000] "GET /media/.env.bak HTTP/1.1" 404 564 "-" "Mozilla/5.0 (Macintosh; Intel Mac OS X 10_12_3) AppleWebKit/537.36 (KHTML, like Gecko) Chrome/56.0.2924.87 Safari/537.36"
94.72.101.21 - - [02/Nov/2024:20:09:44 +0000] "GET /media/config.env HTTP/1.1" 404 564 "-" "Mozilla/5.0 (Macintosh; Intel Mac OS X 10_12_3) AppleWebKit/537.36 (KHTML, like Gecko) Chrome/56.0.2924.87 Safari/537.36"
94.72.101.21 - - [02/Nov/2024:20:09:45 +0000] "GET /media/.env.dist HTTP/1.1" 404 564 "-" "Mozilla/5.0 (Macintosh; Intel Mac OS X 10_12_3) AppleWebKit/537.36 (KHTML, like Gecko) Chrome/56.0.2924.87 Safari/537.36"
94.72.101.21 - - [02/Nov/2024:20:09:45 +0000] "GET /media/.env.dev HTTP/1.1" 404 564 "-" "Mozilla/5.0 (Macintosh; Intel Mac OS X 10_12_3) AppleWebKit/537.36 (KHTML, like Gecko) Chrome/56.0.2924.87 Safari/537.36"
94.72.101.21 - - [02/Nov/2024:20:09:45 +0000] "GET /media/.env.local HTTP/1.1" 404 564 "-" "Mozilla/5.0 (Macintosh; Intel Mac OS X 10_12_3) AppleWebKit/537.36 (KHTML, like Gecko) Chrome/56.0.2924.87 Safari/537.36"
94.72.101.21 - - [02/Nov/2024:20:09:45 +0000] "GET /node/.env.bak HTTP/1.1" 404 564 "-" "Mozilla/5.0 (Macintosh; Intel Mac OS X 10_12_3) AppleWebKit/537.36 (KHTML, like Gecko) Chrome/56.0.2924.87 Safari/537.36"
94.72.101.21 - - [02/Nov/2024:20:09:45 +0000] "GET /node/.env HTTP/1.1" 404 564 "-" "Mozilla/5.0 (Macintosh; Intel Mac OS X 10_12_3) AppleWebKit/537.36 (KHTML, like Gecko) Chrome/56.0.2924.87 Safari/537.36"
94.72.101.21 - - [02/Nov/2024:20:09:46 +0000] "GET /node/config.env HTTP/1.1" 404 564 "-" "Mozilla/5.0 (Macintosh; Intel Mac OS X 10_12_3) AppleWebKit/537.36 (KHTML, like Gecko) Chrome/56.0.2924.87 Safari/537.36"
94.72.101.21 - - [02/Nov/2024:20:09:46 +0000] "GET /node/.env.dist HTTP/1.1" 404 564 "-" "Mozilla/5.0 (Macintosh; Intel Mac OS X 10_12_3) AppleWebKit/537.36 (KHTML, like Gecko) Chrome/56.0.2924.87 Safari/537.36"
94.72.101.21 - - [02/Nov/2024:20:09:46 +0000] "GET /node/.env.dev HTTP/1.1" 404 564 "-" "Mozilla/5.0 (Macintosh; Intel Mac OS X 10_12_3) AppleWebKit/537.36 (KHTML, like Gecko) Chrome/56.0.2924.87 Safari/537.36"
94.72.101.21 - - [02/Nov/2024:20:09:46 +0000] "GET /node/.env.local HTTP/1.1" 404 564 "-" "Mozilla/5.0 (Macintosh; Intel Mac OS X 10_12_3) AppleWebKit/537.36 (KHTML, like Gecko) Chrome/56.0.2924.87 Safari/537.36"
94.72.101.21 - - [02/Nov/2024:20:09:46 +0000] "GET /nodeapi/.env.bak HTTP/1.1" 404 564 "-" "Mozilla/5.0 (Macintosh; Intel Mac OS X 10_12_3) AppleWebKit/537.36 (KHTML, like Gecko) Chrome/56.0.2924.87 Safari/537.36"
94.72.101.21 - - [02/Nov/2024:20:09:47 +0000] "GET /nodeapi/.env HTTP/1.1" 404 564 "-" "Mozilla/5.0 (Macintosh; Intel Mac OS X 10_12_3) AppleWebKit/537.36 (KHTML, like Gecko) Chrome/56.0.2924.87 Safari/537.36"
94.72.101.21 - - [02/Nov/2024:20:09:47 +0000] "GET /nodeapi/config.env HTTP/1.1" 404 564 "-" "Mozilla/5.0 (Macintosh; Intel Mac OS X 10_12_3) AppleWebKit/537.36 (KHTML, like Gecko) Chrome/56.0.2924.87 Safari/537.36"
94.72.101.21 - - [02/Nov/2024:20:09:48 +0000] "GET /nodeapi/.env.dist HTTP/1.1" 404 564 "-" "Mozilla/5.0 (Macintosh; Intel Mac OS X 10_12_3) AppleWebKit/537.36 (KHTML, like Gecko) Chrome/56.0.2924.87 Safari/537.36"
94.72.101.21 - - [02/Nov/2024:20:09:48 +0000] "GET /nodeapi/.env.dev HTTP/1.1" 404 564 "-" "Mozilla/5.0 (Macintosh; Intel Mac OS X 10_12_3) AppleWebKit/537.36 (KHTML, like Gecko) Chrome/56.0.2924.87 Safari/537.36"
94.72.101.21 - - [02/Nov/2024:20:09:48 +0000] "GET /nodeapi/.env.local HTTP/1.1" 404 564 "-" "Mozilla/5.0 (Macintosh; Intel Mac OS X 10_12_3) AppleWebKit/537.36 (KHTML, like Gecko) Chrome/56.0.2924.87 Safari/537.36"
94.72.101.21 - - [02/Nov/2024:20:09:49 +0000] "GET /old/.env.bak HTTP/1.1" 404 564 "-" "Mozilla/5.0 (Macintosh; Intel Mac OS X 10_12_3) AppleWebKit/537.36 (KHTML, like Gecko) Chrome/56.0.2924.87 Safari/537.36"
94.72.101.21 - - [02/Nov/2024:20:09:49 +0000] "GET /old/config.env HTTP/1.1" 404 564 "-" "Mozilla/5.0 (Macintosh; Intel Mac OS X 10_12_3) AppleWebKit/537.36 (KHTML, like Gecko) Chrome/56.0.2924.87 Safari/537.36"
94.72.101.21 - - [02/Nov/2024:20:09:50 +0000] "GET /old/.env.dist HTTP/1.1" 404 564 "-" "Mozilla/5.0 (Macintosh; Intel Mac OS X 10_12_3) AppleWebKit/537.36 (KHTML, like Gecko) Chrome/56.0.2924.87 Safari/537.36"
94.72.101.21 - - [02/Nov/2024:20:09:50 +0000] "GET /old/.env.dev HTTP/1.1" 404 564 "-" "Mozilla/5.0 (Macintosh; Intel Mac OS X 10_12_3) AppleWebKit/537.36 (KHTML, like Gecko) Chrome/56.0.2924.87 Safari/537.36"
94.72.101.21 - - [02/Nov/2024:20:09:50 +0000] "GET /portal/.env.bak HTTP/1.1" 404 564 "-" "Mozilla/5.0 (Macintosh; Intel Mac OS X 10_12_3) AppleWebKit/537.36 (KHTML, like Gecko) Chrome/56.0.2924.87 Safari/537.36"
94.72.101.21 - - [02/Nov/2024:20:09:50 +0000] "GET /portal/config.env HTTP/1.1" 404 564 "-" "Mozilla/5.0 (Macintosh; Intel Mac OS X 10_12_3) AppleWebKit/537.36 (KHTML, like Gecko) Chrome/56.0.2924.87 Safari/537.36"
94.72.101.21 - - [02/Nov/2024:20:09:51 +0000] "GET /portal/.env.dist HTTP/1.1" 404 564 "-" "Mozilla/5.0 (Macintosh; Intel Mac OS X 10_12_3) AppleWebKit/537.36 (KHTML, like Gecko) Chrome/56.0.2924.87 Safari/537.36"
94.72.101.21 - - [02/Nov/2024:20:09:51 +0000] "GET /portal/.env.dev HTTP/1.1" 404 564 "-" "Mozilla/5.0 (Macintosh; Intel Mac OS X 10_12_3) AppleWebKit/537.36 (KHTML, like Gecko) Chrome/56.0.2924.87 Safari/537.36"
94.72.101.21 - - [02/Nov/2024:20:09:51 +0000] "GET /public/.env.bak HTTP/1.1" 404 564 "-" "Mozilla/5.0 (Macintosh; Intel Mac OS X 10_12_3) AppleWebKit/537.36 (KHTML, like Gecko) Chrome/56.0.2924.87 Safari/537.36"
94.72.101.21 - - [02/Nov/2024:20:09:52 +0000] "GET /public/config.env HTTP/1.1" 404 564 "-" "Mozilla/5.0 (Macintosh; Intel Mac OS X 10_12_3) AppleWebKit/537.36 (KHTML, like Gecko) Chrome/56.0.2924.87 Safari/537.36"
94.72.101.21 - - [02/Nov/2024:20:09:52 +0000] "GET /public/.env.dist HTTP/1.1" 404 564 "-" "Mozilla/5.0 (Macintosh; Intel Mac OS X 10_12_3) AppleWebKit/537.36 (KHTML, like Gecko) Chrome/56.0.2924.87 Safari/537.36"
94.72.101.21 - - [02/Nov/2024:20:09:52 +0000] "GET /public/.env.dev HTTP/1.1" 404 564 "-" "Mozilla/5.0 (Macintosh; Intel Mac OS X 10_12_3) AppleWebKit/537.36 (KHTML, like Gecko) Chrome/56.0.2924.87 Safari/537.36"
94.72.101.21 - - [02/Nov/2024:20:09:52 +0000] "GET /public_html/.env.bak HTTP/1.1" 404 564 "-" "Mozilla/5.0 (Macintosh; Intel Mac OS X 10_12_3) AppleWebKit/537.36 (KHTML, like Gecko) Chrome/56.0.2924.87 Safari/537.36"
94.72.101.21 - - [02/Nov/2024:20:09:53 +0000] "GET /public_html/config.env HTTP/1.1" 404 564 "-" "Mozilla/5.0 (Macintosh; Intel Mac OS X 10_12_3) AppleWebKit/537.36 (KHTML, like Gecko) Chrome/56.0.2924.87 Safari/537.36"
94.72.101.21 - - [02/Nov/2024:20:09:54 +0000] "GET /public_html/.env.dist HTTP/1.1" 404 564 "-" "Mozilla/5.0 (Macintosh; Intel Mac OS X 10_12_3) AppleWebKit/537.36 (KHTML, like Gecko) Chrome/56.0.2924.87 Safari/537.36"
94.72.101.21 - - [02/Nov/2024:20:09:54 +0000] "GET /public_html/.env.dev HTTP/1.1" 404 564 "-" "Mozilla/5.0 (Macintosh; Intel Mac OS X 10_12_3) AppleWebKit/537.36 (KHTML, like Gecko) Chrome/56.0.2924.87 Safari/537.36"
94.72.101.21 - - [02/Nov/2024:20:09:54 +0000] "GET /prod/.env.bak HTTP/1.1" 404 564 "-" "Mozilla/5.0 (Macintosh; Intel Mac OS X 10_12_3) AppleWebKit/537.36 (KHTML, like Gecko) Chrome/56.0.2924.87 Safari/537.36"
94.72.101.21 - - [02/Nov/2024:20:09:55 +0000] "GET /prod/config.env HTTP/1.1" 404 564 "-" "Mozilla/5.0 (Macintosh; Intel Mac OS X 10_12_3) AppleWebKit/537.36 (KHTML, like Gecko) Chrome/56.0.2924.87 Safari/537.36"
94.72.101.21 - - [02/Nov/2024:20:09:55 +0000] "GET /prod/.env.dist HTTP/1.1" 404 564 "-" "Mozilla/5.0 (Macintosh; Intel Mac OS X 10_12_3) AppleWebKit/537.36 (KHTML, like Gecko) Chrome/56.0.2924.87 Safari/537.36"
94.72.101.21 - - [02/Nov/2024:20:09:55 +0000] "GET /prod/.env.dev HTTP/1.1" 404 564 "-" "Mozilla/5.0 (Macintosh; Intel Mac OS X 10_12_3) AppleWebKit/537.36 (KHTML, like Gecko) Chrome/56.0.2924.87 Safari/537.36"
94.72.101.21 - - [02/Nov/2024:20:09:55 +0000] "GET /product/.env.bak HTTP/1.1" 404 564 "-" "Mozilla/5.0 (Macintosh; Intel Mac OS X 10_12_3) AppleWebKit/537.36 (KHTML, like Gecko) Chrome/56.0.2924.87 Safari/537.36"
94.72.101.21 - - [02/Nov/2024:20:09:55 +0000] "GET /product/config.env HTTP/1.1" 404 564 "-" "Mozilla/5.0 (Macintosh; Intel Mac OS X 10_12_3) AppleWebKit/537.36 (KHTML, like Gecko) Chrome/56.0.2924.87 Safari/537.36"
94.72.101.21 - - [02/Nov/2024:20:09:55 +0000] "GET /product/.env.dist HTTP/1.1" 404 564 "-" "Mozilla/5.0 (Macintosh; Intel Mac OS X 10_12_3) AppleWebKit/537.36 (KHTML, like Gecko) Chrome/56.0.2924.87 Safari/537.36"
94.72.101.21 - - [02/Nov/2024:20:09:56 +0000] "GET /product/.env.dev HTTP/1.1" 404 564 "-" "Mozilla/5.0 (Macintosh; Intel Mac OS X 10_12_3) AppleWebKit/537.36 (KHTML, like Gecko) Chrome/56.0.2924.87 Safari/537.36"
94.72.101.21 - - [02/Nov/2024:20:09:56 +0000] "GET /production/.env.bak HTTP/1.1" 404 564 "-" "Mozilla/5.0 (Macintosh; Intel Mac OS X 10_12_3) AppleWebKit/537.36 (KHTML, like Gecko) Chrome/56.0.2924.87 Safari/537.36"
94.72.101.21 - - [02/Nov/2024:20:09:56 +0000] "GET /production/config.env HTTP/1.1" 404 564 "-" "Mozilla/5.0 (Macintosh; Intel Mac OS X 10_12_3) AppleWebKit/537.36 (KHTML, like Gecko) Chrome/56.0.2924.87 Safari/537.36"
94.72.101.21 - - [02/Nov/2024:20:09:57 +0000] "GET /production/.env.dist HTTP/1.1" 404 564 "-" "Mozilla/5.0 (Macintosh; Intel Mac OS X 10_12_3) AppleWebKit/537.36 (KHTML, like Gecko) Chrome/56.0.2924.87 Safari/537.36"
94.72.101.21 - - [02/Nov/2024:20:09:57 +0000] "GET /production/.env.dev HTTP/1.1" 404 564 "-" "Mozilla/5.0 (Macintosh; Intel Mac OS X 10_12_3) AppleWebKit/537.36 (KHTML, like Gecko) Chrome/56.0.2924.87 Safari/537.36"
94.72.101.21 - - [02/Nov/2024:20:09:57 +0000] "GET /project/.env.bak HTTP/1.1" 404 564 "-" "Mozilla/5.0 (Macintosh; Intel Mac OS X 10_12_3) AppleWebKit/537.36 (KHTML, like Gecko) Chrome/56.0.2924.87 Safari/537.36"
94.72.101.21 - - [02/Nov/2024:20:09:57 +0000] "GET /project/config.env HTTP/1.1" 404 564 "-" "Mozilla/5.0 (Macintosh; Intel Mac OS X 10_12_3) AppleWebKit/537.36 (KHTML, like Gecko) Chrome/56.0.2924.87 Safari/537.36"
94.72.101.21 - - [02/Nov/2024:20:09:57 +0000] "GET /project/.env.dist HTTP/1.1" 404 564 "-" "Mozilla/5.0 (Macintosh; Intel Mac OS X 10_12_3) AppleWebKit/537.36 (KHTML, like Gecko) Chrome/56.0.2924.87 Safari/537.36"
94.72.101.21 - - [02/Nov/2024:20:09:57 +0000] "GET /project/.env.dev HTTP/1.1" 404 564 "-" "Mozilla/5.0 (Macintosh; Intel Mac OS X 10_12_3) AppleWebKit/537.36 (KHTML, like Gecko) Chrome/56.0.2924.87 Safari/537.36"
94.72.101.21 - - [02/Nov/2024:20:09:58 +0000] "GET /qa/.env.bak HTTP/1.1" 404 564 "-" "Mozilla/5.0 (Macintosh; Intel Mac OS X 10_12_3) AppleWebKit/537.36 (KHTML, like Gecko) Chrome/56.0.2924.87 Safari/537.36"
94.72.101.21 - - [02/Nov/2024:20:09:58 +0000] "GET /qa/config.env HTTP/1.1" 404 564 "-" "Mozilla/5.0 (Macintosh; Intel Mac OS X 10_12_3) AppleWebKit/537.36 (KHTML, like Gecko) Chrome/56.0.2924.87 Safari/537.36"
94.72.101.21 - - [02/Nov/2024:20:09:58 +0000] "GET /qa/.env.dist HTTP/1.1" 404 564 "-" "Mozilla/5.0 (Macintosh; Intel Mac OS X 10_12_3) AppleWebKit/537.36 (KHTML, like Gecko) Chrome/56.0.2924.87 Safari/537.36"
94.72.101.21 - - [02/Nov/2024:20:09:59 +0000] "GET /qa/.env.dev HTTP/1.1" 404 564 "-" "Mozilla/5.0 (Macintosh; Intel Mac OS X 10_12_3) AppleWebKit/537.36 (KHTML, like Gecko) Chrome/56.0.2924.87 Safari/537.36"
94.72.101.21 - - [02/Nov/2024:20:09:59 +0000] "GET /server/.env.bak HTTP/1.1" 404 564 "-" "Mozilla/5.0 (Macintosh; Intel Mac OS X 10_12_3) AppleWebKit/537.36 (KHTML, like Gecko) Chrome/56.0.2924.87 Safari/537.36"
94.72.101.21 - - [02/Nov/2024:20:09:59 +0000] "GET /server/config.env HTTP/1.1" 404 564 "-" "Mozilla/5.0 (Macintosh; Intel Mac OS X 10_12_3) AppleWebKit/537.36 (KHTML, like Gecko) Chrome/56.0.2924.87 Safari/537.36"
94.72.101.21 - - [02/Nov/2024:20:10:00 +0000] "GET /server/.env.dist HTTP/1.1" 404 564 "-" "Mozilla/5.0 (Macintosh; Intel Mac OS X 10_12_3) AppleWebKit/537.36 (KHTML, like Gecko) Chrome/56.0.2924.87 Safari/537.36"
94.72.101.21 - - [02/Nov/2024:20:10:00 +0000] "GET /server/.env.dev HTTP/1.1" 404 564 "-" "Mozilla/5.0 (Macintosh; Intel Mac OS X 10_12_3) AppleWebKit/537.36 (KHTML, like Gecko) Chrome/56.0.2924.87 Safari/537.36"
94.72.101.21 - - [02/Nov/2024:20:10:01 +0000] "GET /service/.env.bak HTTP/1.1" 404 564 "-" "Mozilla/5.0 (Macintosh; Intel Mac OS X 10_12_3) AppleWebKit/537.36 (KHTML, like Gecko) Chrome/56.0.2924.87 Safari/537.36"
94.72.101.21 - - [02/Nov/2024:20:10:01 +0000] "GET /service/config.env HTTP/1.1" 404 564 "-" "Mozilla/5.0 (Macintosh; Intel Mac OS X 10_12_3) AppleWebKit/537.36 (KHTML, like Gecko) Chrome/56.0.2924.87 Safari/537.36"
94.72.101.21 - - [02/Nov/2024:20:10:01 +0000] "GET /service/.env.dist HTTP/1.1" 404 564 "-" "Mozilla/5.0 (Macintosh; Intel Mac OS X 10_12_3) AppleWebKit/537.36 (KHTML, like Gecko) Chrome/56.0.2924.87 Safari/537.36"
94.72.101.21 - - [02/Nov/2024:20:10:01 +0000] "GET /service/.env.dev HTTP/1.1" 404 564 "-" "Mozilla/5.0 (Macintosh; Intel Mac OS X 10_12_3) AppleWebKit/537.36 (KHTML, like Gecko) Chrome/56.0.2924.87 Safari/537.36"
94.72.101.21 - - [02/Nov/2024:20:10:02 +0000] "GET /services/.env.bak HTTP/1.1" 404 564 "-" "Mozilla/5.0 (Macintosh; Intel Mac OS X 10_12_3) AppleWebKit/537.36 (KHTML, like Gecko) Chrome/56.0.2924.87 Safari/537.36"
94.72.101.21 - - [02/Nov/2024:20:10:02 +0000] "GET /services/config.env HTTP/1.1" 404 564 "-" "Mozilla/5.0 (Macintosh; Intel Mac OS X 10_12_3) AppleWebKit/537.36 (KHTML, like Gecko) Chrome/56.0.2924.87 Safari/537.36"
94.72.101.21 - - [02/Nov/2024:20:10:02 +0000] "GET /services/.env.dist HTTP/1.1" 404 564 "-" "Mozilla/5.0 (Macintosh; Intel Mac OS X 10_12_3) AppleWebKit/537.36 (KHTML, like Gecko) Chrome/56.0.2924.87 Safari/537.36"
94.72.101.21 - - [02/Nov/2024:20:10:02 +0000] "GET /services/.env.dev HTTP/1.1" 404 564 "-" "Mozilla/5.0 (Macintosh; Intel Mac OS X 10_12_3) AppleWebKit/537.36 (KHTML, like Gecko) Chrome/56.0.2924.87 Safari/537.36"
94.72.101.21 - - [02/Nov/2024:20:10:02 +0000] "GET /stg/.env.bak HTTP/1.1" 404 564 "-" "Mozilla/5.0 (Macintosh; Intel Mac OS X 10_12_3) AppleWebKit/537.36 (KHTML, like Gecko) Chrome/56.0.2924.87 Safari/537.36"
94.72.101.21 - - [02/Nov/2024:20:10:03 +0000] "GET /stg/config.env HTTP/1.1" 404 564 "-" "Mozilla/5.0 (Macintosh; Intel Mac OS X 10_12_3) AppleWebKit/537.36 (KHTML, like Gecko) Chrome/56.0.2924.87 Safari/537.36"
94.72.101.21 - - [02/Nov/2024:20:10:03 +0000] "GET /stg/.env.dist HTTP/1.1" 404 564 "-" "Mozilla/5.0 (Macintosh; Intel Mac OS X 10_12_3) AppleWebKit/537.36 (KHTML, like Gecko) Chrome/56.0.2924.87 Safari/537.36"
94.72.101.21 - - [02/Nov/2024:20:10:03 +0000] "GET /stg/.env.dev HTTP/1.1" 404 564 "-" "Mozilla/5.0 (Macintosh; Intel Mac OS X 10_12_3) AppleWebKit/537.36 (KHTML, like Gecko) Chrome/56.0.2924.87 Safari/537.36"
94.72.101.21 - - [02/Nov/2024:20:10:03 +0000] "GET /stage/.env.bak HTTP/1.1" 404 564 "-" "Mozilla/5.0 (Macintosh; Intel Mac OS X 10_12_3) AppleWebKit/537.36 (KHTML, like Gecko) Chrome/56.0.2924.87 Safari/537.36"
94.72.101.21 - - [02/Nov/2024:20:10:04 +0000] "GET /stage/.env HTTP/1.1" 404 564 "-" "Mozilla/5.0 (Macintosh; Intel Mac OS X 10_12_3) AppleWebKit/537.36 (KHTML, like Gecko) Chrome/56.0.2924.87 Safari/537.36"
94.72.101.21 - - [02/Nov/2024:20:10:04 +0000] "GET /stage/config.env HTTP/1.1" 404 564 "-" "Mozilla/5.0 (Macintosh; Intel Mac OS X 10_12_3) AppleWebKit/537.36 (KHTML, like Gecko) Chrome/56.0.2924.87 Safari/537.36"
94.72.101.21 - - [02/Nov/2024:20:10:04 +0000] "GET /stage/.env.dist HTTP/1.1" 404 564 "-" "Mozilla/5.0 (Macintosh; Intel Mac OS X 10_12_3) AppleWebKit/537.36 (KHTML, like Gecko) Chrome/56.0.2924.87 Safari/537.36"
94.72.101.21 - - [02/Nov/2024:20:10:05 +0000] "GET /stage/.env.dev HTTP/1.1" 404 564 "-" "Mozilla/5.0 (Macintosh; Intel Mac OS X 10_12_3) AppleWebKit/537.36 (KHTML, like Gecko) Chrome/56.0.2924.87 Safari/537.36"
94.72.101.21 - - [02/Nov/2024:20:10:05 +0000] "GET /stage/.env.local HTTP/1.1" 404 564 "-" "Mozilla/5.0 (Macintosh; Intel Mac OS X 10_12_3) AppleWebKit/537.36 (KHTML, like Gecko) Chrome/56.0.2924.87 Safari/537.36"
94.72.101.21 - - [02/Nov/2024:20:10:05 +0000] "GET /staging/.env.bak HTTP/1.1" 404 564 "-" "Mozilla/5.0 (Macintosh; Intel Mac OS X 10_12_3) AppleWebKit/537.36 (KHTML, like Gecko) Chrome/56.0.2924.87 Safari/537.36"
94.72.101.21 - - [02/Nov/2024:20:10:05 +0000] "GET /staging/config.env HTTP/1.1" 404 564 "-" "Mozilla/5.0 (Macintosh; Intel Mac OS X 10_12_3) AppleWebKit/537.36 (KHTML, like Gecko) Chrome/56.0.2924.87 Safari/537.36"
94.72.101.21 - - [02/Nov/2024:20:10:05 +0000] "GET /staging/.env.dist HTTP/1.1" 404 564 "-" "Mozilla/5.0 (Macintosh; Intel Mac OS X 10_12_3) AppleWebKit/537.36 (KHTML, like Gecko) Chrome/56.0.2924.87 Safari/537.36"
94.72.101.21 - - [02/Nov/2024:20:10:05 +0000] "GET /staging/.env.dev HTTP/1.1" 404 564 "-" "Mozilla/5.0 (Macintosh; Intel Mac OS X 10_12_3) AppleWebKit/537.36 (KHTML, like Gecko) Chrome/56.0.2924.87 Safari/537.36"
94.72.101.21 - - [02/Nov/2024:20:10:06 +0000] "GET /test/.env.bak HTTP/1.1" 404 564 "-" "Mozilla/5.0 (Macintosh; Intel Mac OS X 10_12_3) AppleWebKit/537.36 (KHTML, like Gecko) Chrome/56.0.2924.87 Safari/537.36"
94.72.101.21 - - [02/Nov/2024:20:10:06 +0000] "GET /test/config.env HTTP/1.1" 404 564 "-" "Mozilla/5.0 (Macintosh; Intel Mac OS X 10_12_3) AppleWebKit/537.36 (KHTML, like Gecko) Chrome/56.0.2924.87 Safari/537.36"
94.72.101.21 - - [02/Nov/2024:20:10:06 +0000] "GET /test/.env.dist HTTP/1.1" 404 564 "-" "Mozilla/5.0 (Macintosh; Intel Mac OS X 10_12_3) AppleWebKit/537.36 (KHTML, like Gecko) Chrome/56.0.2924.87 Safari/537.36"
94.72.101.21 - - [02/Nov/2024:20:10:06 +0000] "GET /test/.env.dev HTTP/1.1" 404 564 "-" "Mozilla/5.0 (Macintosh; Intel Mac OS X 10_12_3) AppleWebKit/537.36 (KHTML, like Gecko) Chrome/56.0.2924.87 Safari/537.36"
94.72.101.21 - - [02/Nov/2024:20:10:07 +0000] "GET /tests/.env.bak HTTP/1.1" 404 564 "-" "Mozilla/5.0 (Macintosh; Intel Mac OS X 10_12_3) AppleWebKit/537.36 (KHTML, like Gecko) Chrome/56.0.2924.87 Safari/537.36"
94.72.101.21 - - [02/Nov/2024:20:10:07 +0000] "GET /tests/config.env HTTP/1.1" 404 564 "-" "Mozilla/5.0 (Macintosh; Intel Mac OS X 10_12_3) AppleWebKit/537.36 (KHTML, like Gecko) Chrome/56.0.2924.87 Safari/537.36"
94.72.101.21 - - [02/Nov/2024:20:10:07 +0000] "GET /tests/.env.dist HTTP/1.1" 404 564 "-" "Mozilla/5.0 (Macintosh; Intel Mac OS X 10_12_3) AppleWebKit/537.36 (KHTML, like Gecko) Chrome/56.0.2924.87 Safari/537.36"
94.72.101.21 - - [02/Nov/2024:20:10:08 +0000] "GET /tests/.env.dev HTTP/1.1" 404 564 "-" "Mozilla/5.0 (Macintosh; Intel Mac OS X 10_12_3) AppleWebKit/537.36 (KHTML, like Gecko) Chrome/56.0.2924.87 Safari/537.36"
94.72.101.21 - - [02/Nov/2024:20:10:08 +0000] "GET /tests/.env.local HTTP/1.1" 404 564 "-" "Mozilla/5.0 (Macintosh; Intel Mac OS X 10_12_3) AppleWebKit/537.36 (KHTML, like Gecko) Chrome/56.0.2924.87 Safari/537.36"
94.72.101.21 - - [02/Nov/2024:20:10:08 +0000] "GET /testing/.env.bak HTTP/1.1" 404 564 "-" "Mozilla/5.0 (Macintosh; Intel Mac OS X 10_12_3) AppleWebKit/537.36 (KHTML, like Gecko) Chrome/56.0.2924.87 Safari/537.36"
94.72.101.21 - - [02/Nov/2024:20:10:08 +0000] "GET /testing/.env HTTP/1.1" 404 564 "-" "Mozilla/5.0 (Macintosh; Intel Mac OS X 10_12_3) AppleWebKit/537.36 (KHTML, like Gecko) Chrome/56.0.2924.87 Safari/537.36"
94.72.101.21 - - [02/Nov/2024:20:10:08 +0000] "GET /testing/config.env HTTP/1.1" 404 564 "-" "Mozilla/5.0 (Macintosh; Intel Mac OS X 10_12_3) AppleWebKit/537.36 (KHTML, like Gecko) Chrome/56.0.2924.87 Safari/537.36"
94.72.101.21 - - [02/Nov/2024:20:10:09 +0000] "GET /testing/.env.dist HTTP/1.1" 404 564 "-" "Mozilla/5.0 (Macintosh; Intel Mac OS X 10_12_3) AppleWebKit/537.36 (KHTML, like Gecko) Chrome/56.0.2924.87 Safari/537.36"
94.72.101.21 - - [02/Nov/2024:20:10:09 +0000] "GET /testing/.env.dev HTTP/1.1" 404 564 "-" "Mozilla/5.0 (Macintosh; Intel Mac OS X 10_12_3) AppleWebKit/537.36 (KHTML, like Gecko) Chrome/56.0.2924.87 Safari/537.36"
94.72.101.21 - - [02/Nov/2024:20:10:10 +0000] "GET /testing/.env.local HTTP/1.1" 404 564 "-" "Mozilla/5.0 (Macintosh; Intel Mac OS X 10_12_3) AppleWebKit/537.36 (KHTML, like Gecko) Chrome/56.0.2924.87 Safari/537.36"
94.72.101.21 - - [02/Nov/2024:20:10:10 +0000] "GET /user/.env.bak HTTP/1.1" 404 564 "-" "Mozilla/5.0 (Macintosh; Intel Mac OS X 10_12_3) AppleWebKit/537.36 (KHTML, like Gecko) Chrome/56.0.2924.87 Safari/537.36"
94.72.101.21 - - [02/Nov/2024:20:10:10 +0000] "GET /user/config.env HTTP/1.1" 404 564 "-" "Mozilla/5.0 (Macintosh; Intel Mac OS X 10_12_3) AppleWebKit/537.36 (KHTML, like Gecko) Chrome/56.0.2924.87 Safari/537.36"
94.72.101.21 - - [02/Nov/2024:20:10:11 +0000] "GET /user/.env.dist HTTP/1.1" 404 564 "-" "Mozilla/5.0 (Macintosh; Intel Mac OS X 10_12_3) AppleWebKit/537.36 (KHTML, like Gecko) Chrome/56.0.2924.87 Safari/537.36"
94.72.101.21 - - [02/Nov/2024:20:10:11 +0000] "GET /user/.env.dev HTTP/1.1" 404 564 "-" "Mozilla/5.0 (Macintosh; Intel Mac OS X 10_12_3) AppleWebKit/537.36 (KHTML, like Gecko) Chrome/56.0.2924.87 Safari/537.36"
94.72.101.21 - - [02/Nov/2024:20:10:11 +0000] "GET /users/.env.bak HTTP/1.1" 404 564 "-" "Mozilla/5.0 (Macintosh; Intel Mac OS X 10_12_3) AppleWebKit/537.36 (KHTML, like Gecko) Chrome/56.0.2924.87 Safari/537.36"
94.72.101.21 - - [02/Nov/2024:20:10:11 +0000] "GET /users/.env HTTP/1.1" 404 564 "-" "Mozilla/5.0 (Macintosh; Intel Mac OS X 10_12_3) AppleWebKit/537.36 (KHTML, like Gecko) Chrome/56.0.2924.87 Safari/537.36"
94.72.101.21 - - [02/Nov/2024:20:10:12 +0000] "GET /users/config.env HTTP/1.1" 404 564 "-" "Mozilla/5.0 (Macintosh; Intel Mac OS X 10_12_3) AppleWebKit/537.36 (KHTML, like Gecko) Chrome/56.0.2924.87 Safari/537.36"
94.72.101.21 - - [02/Nov/2024:20:10:12 +0000] "GET /users/.env.dist HTTP/1.1" 404 564 "-" "Mozilla/5.0 (Macintosh; Intel Mac OS X 10_12_3) AppleWebKit/537.36 (KHTML, like Gecko) Chrome/56.0.2924.87 Safari/537.36"
94.72.101.21 - - [02/Nov/2024:20:10:12 +0000] "GET /users/.env.dev HTTP/1.1" 404 564 "-" "Mozilla/5.0 (Macintosh; Intel Mac OS X 10_12_3) AppleWebKit/537.36 (KHTML, like Gecko) Chrome/56.0.2924.87 Safari/537.36"
94.72.101.21 - - [02/Nov/2024:20:10:13 +0000] "GET /users/.env.local HTTP/1.1" 404 564 "-" "Mozilla/5.0 (Macintosh; Intel Mac OS X 10_12_3) AppleWebKit/537.36 (KHTML, like Gecko) Chrome/56.0.2924.87 Safari/537.36"
94.72.101.21 - - [02/Nov/2024:20:10:13 +0000] "GET /src/.env.bak HTTP/1.1" 404 564 "-" "Mozilla/5.0 (Macintosh; Intel Mac OS X 10_12_3) AppleWebKit/537.36 (KHTML, like Gecko) Chrome/56.0.2924.87 Safari/537.36"
94.72.101.21 - - [02/Nov/2024:20:10:13 +0000] "GET /src/config.env HTTP/1.1" 404 564 "-" "Mozilla/5.0 (Macintosh; Intel Mac OS X 10_12_3) AppleWebKit/537.36 (KHTML, like Gecko) Chrome/56.0.2924.87 Safari/537.36"
94.72.101.21 - - [02/Nov/2024:20:10:13 +0000] "GET /src/.env.dist HTTP/1.1" 404 564 "-" "Mozilla/5.0 (Macintosh; Intel Mac OS X 10_12_3) AppleWebKit/537.36 (KHTML, like Gecko) Chrome/56.0.2924.87 Safari/537.36"
94.72.101.21 - - [02/Nov/2024:20:10:14 +0000] "GET /src/.env.dev HTTP/1.1" 404 564 "-" "Mozilla/5.0 (Macintosh; Intel Mac OS X 10_12_3) AppleWebKit/537.36 (KHTML, like Gecko) Chrome/56.0.2924.87 Safari/537.36"
94.72.101.21 - - [02/Nov/2024:20:10:14 +0000] "GET /src/.env.local HTTP/1.1" 404 564 "-" "Mozilla/5.0 (Macintosh; Intel Mac OS X 10_12_3) AppleWebKit/537.36 (KHTML, like Gecko) Chrome/56.0.2924.87 Safari/537.36"
94.72.101.21 - - [02/Nov/2024:20:10:14 +0000] "GET /web/.env.bak HTTP/1.1" 404 564 "-" "Mozilla/5.0 (Macintosh; Intel Mac OS X 10_12_3) AppleWebKit/537.36 (KHTML, like Gecko) Chrome/56.0.2924.87 Safari/537.36"
94.72.101.21 - - [02/Nov/2024:20:10:14 +0000] "GET /web/config.env HTTP/1.1" 404 564 "-" "Mozilla/5.0 (Macintosh; Intel Mac OS X 10_12_3) AppleWebKit/537.36 (KHTML, like Gecko) Chrome/56.0.2924.87 Safari/537.36"
94.72.101.21 - - [02/Nov/2024:20:10:15 +0000] "GET /web/.env.dist HTTP/1.1" 404 564 "-" "Mozilla/5.0 (Macintosh; Intel Mac OS X 10_12_3) AppleWebKit/537.36 (KHTML, like Gecko) Chrome/56.0.2924.87 Safari/537.36"
94.72.101.21 - - [02/Nov/2024:20:10:16 +0000] "GET /web/.env.dev HTTP/1.1" 404 564 "-" "Mozilla/5.0 (Macintosh; Intel Mac OS X 10_12_3) AppleWebKit/537.36 (KHTML, like Gecko) Chrome/56.0.2924.87 Safari/537.36"
94.72.101.21 - - [02/Nov/2024:20:10:17 +0000] "GET /website/.env.bak HTTP/1.1" 404 564 "-" "Mozilla/5.0 (Macintosh; Intel Mac OS X 10_12_3) AppleWebKit/537.36 (KHTML, like Gecko) Chrome/56.0.2924.87 Safari/537.36"
94.72.101.21 - - [02/Nov/2024:20:10:17 +0000] "GET /website/config.env HTTP/1.1" 404 564 "-" "Mozilla/5.0 (Macintosh; Intel Mac OS X 10_12_3) AppleWebKit/537.36 (KHTML, like Gecko) Chrome/56.0.2924.87 Safari/537.36"
94.72.101.21 - - [02/Nov/2024:20:10:17 +0000] "GET /website/.env.dist HTTP/1.1" 404 564 "-" "Mozilla/5.0 (Macintosh; Intel Mac OS X 10_12_3) AppleWebKit/537.36 (KHTML, like Gecko) Chrome/56.0.2924.87 Safari/537.36"
94.72.101.21 - - [02/Nov/2024:20:10:18 +0000] "GET /website/.env.dev HTTP/1.1" 404 564 "-" "Mozilla/5.0 (Macintosh; Intel Mac OS X 10_12_3) AppleWebKit/537.36 (KHTML, like Gecko) Chrome/56.0.2924.87 Safari/537.36"
94.72.101.21 - - [02/Nov/2024:20:10:18 +0000] "GET /API/.env.bak HTTP/1.1" 404 564 "-" "Mozilla/5.0 (Macintosh; Intel Mac OS X 10_12_3) AppleWebKit/537.36 (KHTML, like Gecko) Chrome/56.0.2924.87 Safari/537.36"
94.72.101.21 - - [02/Nov/2024:20:10:20 +0000] "GET /API/.env HTTP/1.1" 404 564 "-" "Mozilla/5.0 (Macintosh; Intel Mac OS X 10_12_3) AppleWebKit/537.36 (KHTML, like Gecko) Chrome/56.0.2924.87 Safari/537.36"
94.72.101.21 - - [02/Nov/2024:20:10:20 +0000] "GET /API/config.env HTTP/1.1" 404 564 "-" "Mozilla/5.0 (Macintosh; Intel Mac OS X 10_12_3) AppleWebKit/537.36 (KHTML, like Gecko) Chrome/56.0.2924.87 Safari/537.36"
94.72.101.21 - - [02/Nov/2024:20:10:20 +0000] "GET /API/.env.dist HTTP/1.1" 404 564 "-" "Mozilla/5.0 (Macintosh; Intel Mac OS X 10_12_3) AppleWebKit/537.36 (KHTML, like Gecko) Chrome/56.0.2924.87 Safari/537.36"
94.72.101.21 - - [02/Nov/2024:20:10:21 +0000] "GET /API/.env.dev HTTP/1.1" 404 564 "-" "Mozilla/5.0 (Macintosh; Intel Mac OS X 10_12_3) AppleWebKit/537.36 (KHTML, like Gecko) Chrome/56.0.2924.87 Safari/537.36"
94.72.101.21 - - [02/Nov/2024:20:10:21 +0000] "GET /API/.env.local HTTP/1.1" 404 564 "-" "Mozilla/5.0 (Macintosh; Intel Mac OS X 10_12_3) AppleWebKit/537.36 (KHTML, like Gecko) Chrome/56.0.2924.87 Safari/537.36"
94.72.101.21 - - [02/Nov/2024:20:10:21 +0000] "GET /usr/.env HTTP/1.1" 404 564 "-" "Mozilla/5.0 (Macintosh; Intel Mac OS X 10_12_3) AppleWebKit/537.36 (KHTML, like Gecko) Chrome/56.0.2924.87 Safari/537.36"
94.72.101.21 - - [02/Nov/2024:20:10:21 +0000] "GET /application/.env HTTP/1.1" 404 564 "-" "Mozilla/5.0 (Macintosh; Intel Mac OS X 10_12_3) AppleWebKit/537.36 (KHTML, like Gecko) Chrome/56.0.2924.87 Safari/537.36"
94.72.101.21 - - [02/Nov/2024:20:10:22 +0000] "GET /nodeweb/.env HTTP/1.1" 404 564 "-" "Mozilla/5.0 (Macintosh; Intel Mac OS X 10_12_3) AppleWebKit/537.36 (KHTML, like Gecko) Chrome/56.0.2924.87 Safari/537.36"
94.72.101.21 - - [02/Nov/2024:20:10:22 +0000] "GET /APP/.env HTTP/1.1" 404 564 "-" "Mozilla/5.0 (Macintosh; Intel Mac OS X 10_12_3) AppleWebKit/537.36 (KHTML, like Gecko) Chrome/56.0.2924.87 Safari/537.36"
94.72.101.21 - - [02/Nov/2024:20:10:22 +0000] "GET /BACK/.env HTTP/1.1" 404 564 "-" "Mozilla/5.0 (Macintosh; Intel Mac OS X 10_12_3) AppleWebKit/537.36 (KHTML, like Gecko) Chrome/56.0.2924.87 Safari/537.36"
94.72.101.21 - - [02/Nov/2024:20:10:22 +0000] "GET /BackEnd/.env HTTP/1.1" 404 564 "-" "Mozilla/5.0 (Macintosh; Intel Mac OS X 10_12_3) AppleWebKit/537.36 (KHTML, like Gecko) Chrome/56.0.2924.87 Safari/537.36"
94.72.101.21 - - [02/Nov/2024:20:10:22 +0000] "GET /BACKEND/.env HTTP/1.1" 404 564 "-" "Mozilla/5.0 (Macintosh; Intel Mac OS X 10_12_3) AppleWebKit/537.36 (KHTML, like Gecko) Chrome/56.0.2924.87 Safari/537.36"
94.72.101.21 - - [02/Nov/2024:20:10:23 +0000] "GET /FRONT/.env HTTP/1.1" 404 564 "-" "Mozilla/5.0 (Macintosh; Intel Mac OS X 10_12_3) AppleWebKit/537.36 (KHTML, like Gecko) Chrome/56.0.2924.87 Safari/537.36"
94.72.101.21 - - [02/Nov/2024:20:10:23 +0000] "GET /FRONTEND/.env HTTP/1.1" 404 564 "-" "Mozilla/5.0 (Macintosh; Intel Mac OS X 10_12_3) AppleWebKit/537.36 (KHTML, like Gecko) Chrome/56.0.2924.87 Safari/537.36"
94.72.101.21 - - [02/Nov/2024:20:10:24 +0000] "GET /adm/xampp/phpinfo HTTP/1.1" 404 564 "-" "Mozilla/5.0 (Macintosh; Intel Mac OS X 10_12_3) AppleWebKit/537.36 (KHTML, like Gecko) Chrome/56.0.2924.87 Safari/537.36"
94.72.101.21 - - [02/Nov/2024:20:10:25 +0000] "GET /adm/xampp/info.php HTTP/1.1" 404 564 "-" "Mozilla/5.0 (Macintosh; Intel Mac OS X 10_12_3) AppleWebKit/537.36 (KHTML, like Gecko) Chrome/56.0.2924.87 Safari/537.36"
94.72.101.21 - - [02/Nov/2024:20:10:25 +0000] "GET /adm/_profiler/phpinfo HTTP/1.1" 404 564 "-" "Mozilla/5.0 (Macintosh; Intel Mac OS X 10_12_3) AppleWebKit/537.36 (KHTML, like Gecko) Chrome/56.0.2924.87 Safari/537.36"
94.72.101.21 - - [02/Nov/2024:20:10:27 +0000] "GET /adm/phpinfo.php HTTP/1.1" 404 564 "-" "Mozilla/5.0 (Macintosh; Intel Mac OS X 10_12_3) AppleWebKit/537.36 (KHTML, like Gecko) Chrome/56.0.2924.87 Safari/537.36"
94.72.101.21 - - [02/Nov/2024:20:10:27 +0000] "GET /adm/phpinfo HTTP/1.1" 404 564 "-" "Mozilla/5.0 (Macintosh; Intel Mac OS X 10_12_3) AppleWebKit/537.36 (KHTML, like Gecko) Chrome/56.0.2924.87 Safari/537.36"
94.72.101.21 - - [02/Nov/2024:20:10:27 +0000] "GET /adm/info.php HTTP/1.1" 404 564 "-" "Mozilla/5.0 (Macintosh; Intel Mac OS X 10_12_3) AppleWebKit/537.36 (KHTML, like Gecko) Chrome/56.0.2924.87 Safari/537.36"
94.72.101.21 - - [02/Nov/2024:20:10:28 +0000] "GET /adm/php.ini HTTP/1.1" 404 564 "-" "Mozilla/5.0 (Macintosh; Intel Mac OS X 10_12_3) AppleWebKit/537.36 (KHTML, like Gecko) Chrome/56.0.2924.87 Safari/537.36"
94.72.101.21 - - [02/Nov/2024:20:10:28 +0000] "GET /adm/php.php HTTP/1.1" 404 564 "-" "Mozilla/5.0 (Macintosh; Intel Mac OS X 10_12_3) AppleWebKit/537.36 (KHTML, like Gecko) Chrome/56.0.2924.87 Safari/537.36"
94.72.101.21 - - [02/Nov/2024:20:10:28 +0000] "GET /adm/infophp.php HTTP/1.1" 404 564 "-" "Mozilla/5.0 (Macintosh; Intel Mac OS X 10_12_3) AppleWebKit/537.36 (KHTML, like Gecko) Chrome/56.0.2924.87 Safari/537.36"
94.72.101.21 - - [02/Nov/2024:20:10:28 +0000] "GET /adm/test.php HTTP/1.1" 404 564 "-" "Mozilla/5.0 (Macintosh; Intel Mac OS X 10_12_3) AppleWebKit/537.36 (KHTML, like Gecko) Chrome/56.0.2924.87 Safari/537.36"
94.72.101.21 - - [02/Nov/2024:20:10:28 +0000] "GET /adm/dashboard/phpinfo.php HTTP/1.1" 404 564 "-" "Mozilla/5.0 (Macintosh; Intel Mac OS X 10_12_3) AppleWebKit/537.36 (KHTML, like Gecko) Chrome/56.0.2924.87 Safari/537.36"
94.72.101.21 - - [02/Nov/2024:20:10:28 +0000] "GET /adm/api/phpinfo.php HTTP/1.1" 404 564 "-" "Mozilla/5.0 (Macintosh; Intel Mac OS X 10_12_3) AppleWebKit/537.36 (KHTML, like Gecko) Chrome/56.0.2924.87 Safari/537.36"
94.72.101.21 - - [02/Nov/2024:20:10:29 +0000] "GET /adm/backend/phpinfo.php HTTP/1.1" 404 564 "-" "Mozilla/5.0 (Macintosh; Intel Mac OS X 10_12_3) AppleWebKit/537.36 (KHTML, like Gecko) Chrome/56.0.2924.87 Safari/537.36"
94.72.101.21 - - [02/Nov/2024:20:10:29 +0000] "GET /adm/backup/phpinfo.php HTTP/1.1" 404 564 "-" "Mozilla/5.0 (Macintosh; Intel Mac OS X 10_12_3) AppleWebKit/537.36 (KHTML, like Gecko) Chrome/56.0.2924.87 Safari/537.36"
94.72.101.21 - - [02/Nov/2024:20:10:29 +0000] "GET /adm/crm/phpinfo.php HTTP/1.1" 404 564 "-" "Mozilla/5.0 (Macintosh; Intel Mac OS X 10_12_3) AppleWebKit/537.36 (KHTML, like Gecko) Chrome/56.0.2924.87 Safari/537.36"
94.72.101.21 - - [02/Nov/2024:20:10:29 +0000] "GET /adm/current/phpinfo.php HTTP/1.1" 404 564 "-" "Mozilla/5.0 (Macintosh; Intel Mac OS X 10_12_3) AppleWebKit/537.36 (KHTML, like Gecko) Chrome/56.0.2924.87 Safari/537.36"
94.72.101.21 - - [02/Nov/2024:20:10:29 +0000] "GET /adm/dev/phpinfo.php HTTP/1.1" 404 564 "-" "Mozilla/5.0 (Macintosh; Intel Mac OS X 10_12_3) AppleWebKit/537.36 (KHTML, like Gecko) Chrome/56.0.2924.87 Safari/537.36"
94.72.101.21 - - [02/Nov/2024:20:10:29 +0000] "GET /adm/develop/phpinfo.php HTTP/1.1" 404 564 "-" "Mozilla/5.0 (Macintosh; Intel Mac OS X 10_12_3) AppleWebKit/537.36 (KHTML, like Gecko) Chrome/56.0.2924.87 Safari/537.36"
94.72.101.21 - - [02/Nov/2024:20:10:30 +0000] "GET /adm/development/phpinfo.php HTTP/1.1" 404 564 "-" "Mozilla/5.0 (Macintosh; Intel Mac OS X 10_12_3) AppleWebKit/537.36 (KHTML, like Gecko) Chrome/56.0.2924.87 Safari/537.36"
94.72.101.21 - - [02/Nov/2024:20:10:30 +0000] "GET /adm/help/phpinfo.php HTTP/1.1" 404 564 "-" "Mozilla/5.0 (Macintosh; Intel Mac OS X 10_12_3) AppleWebKit/537.36 (KHTML, like Gecko) Chrome/56.0.2924.87 Safari/537.36"
94.72.101.21 - - [02/Nov/2024:20:10:30 +0000] "GET /adm/helper/phpinfo.php HTTP/1.1" 404 564 "-" "Mozilla/5.0 (Macintosh; Intel Mac OS X 10_12_3) AppleWebKit/537.36 (KHTML, like Gecko) Chrome/56.0.2924.87 Safari/537.36"
94.72.101.21 - - [02/Nov/2024:20:10:31 +0000] "GET /adm/lara/phpinfo.php HTTP/1.1" 404 564 "-" "Mozilla/5.0 (Macintosh; Intel Mac OS X 10_12_3) AppleWebKit/537.36 (KHTML, like Gecko) Chrome/56.0.2924.87 Safari/537.36"
94.72.101.21 - - [02/Nov/2024:20:10:31 +0000] "GET /adm/laravel/phpinfo.php HTTP/1.1" 404 564 "-" "Mozilla/5.0 (Macintosh; Intel Mac OS X 10_12_3) AppleWebKit/537.36 (KHTML, like Gecko) Chrome/56.0.2924.87 Safari/537.36"
94.72.101.21 - - [02/Nov/2024:20:10:32 +0000] "GET /adm/server/phpinfo.php HTTP/1.1" 404 564 "-" "Mozilla/5.0 (Macintosh; Intel Mac OS X 10_12_3) AppleWebKit/537.36 (KHTML, like Gecko) Chrome/56.0.2924.87 Safari/537.36"
94.72.101.21 - - [02/Nov/2024:20:10:32 +0000] "GET /adm/service/phpinfo.php HTTP/1.1" 404 564 "-" "Mozilla/5.0 (Macintosh; Intel Mac OS X 10_12_3) AppleWebKit/537.36 (KHTML, like Gecko) Chrome/56.0.2924.87 Safari/537.36"
94.72.101.21 - - [02/Nov/2024:20:10:32 +0000] "GET /adm/services/phpinfo.php HTTP/1.1" 404 564 "-" "Mozilla/5.0 (Macintosh; Intel Mac OS X 10_12_3) AppleWebKit/537.36 (KHTML, like Gecko) Chrome/56.0.2924.87 Safari/537.36"
94.72.101.21 - - [02/Nov/2024:20:10:32 +0000] "GET /adm/xampp/phpinfo.php HTTP/1.1" 404 564 "-" "Mozilla/5.0 (Macintosh; Intel Mac OS X 10_12_3) AppleWebKit/537.36 (KHTML, like Gecko) Chrome/56.0.2924.87 Safari/537.36"
94.72.101.21 - - [02/Nov/2024:20:10:32 +0000] "GET /adm/api/info.php HTTP/1.1" 404 564 "-" "Mozilla/5.0 (Macintosh; Intel Mac OS X 10_12_3) AppleWebKit/537.36 (KHTML, like Gecko) Chrome/56.0.2924.87 Safari/537.36"
94.72.101.21 - - [02/Nov/2024:20:10:33 +0000] "GET /adm/backend/info.php HTTP/1.1" 404 564 "-" "Mozilla/5.0 (Macintosh; Intel Mac OS X 10_12_3) AppleWebKit/537.36 (KHTML, like Gecko) Chrome/56.0.2924.87 Safari/537.36"
94.72.101.21 - - [02/Nov/2024:20:10:33 +0000] "GET /adm/backup/info.php HTTP/1.1" 404 564 "-" "Mozilla/5.0 (Macintosh; Intel Mac OS X 10_12_3) AppleWebKit/537.36 (KHTML, like Gecko) Chrome/56.0.2924.87 Safari/537.36"
94.72.101.21 - - [02/Nov/2024:20:10:33 +0000] "GET /adm/crm/info.php HTTP/1.1" 404 564 "-" "Mozilla/5.0 (Macintosh; Intel Mac OS X 10_12_3) AppleWebKit/537.36 (KHTML, like Gecko) Chrome/56.0.2924.87 Safari/537.36"
94.72.101.21 - - [02/Nov/2024:20:10:33 +0000] "GET /adm/current/info.php HTTP/1.1" 404 564 "-" "Mozilla/5.0 (Macintosh; Intel Mac OS X 10_12_3) AppleWebKit/537.36 (KHTML, like Gecko) Chrome/56.0.2924.87 Safari/537.36"
94.72.101.21 - - [02/Nov/2024:20:10:33 +0000] "GET /adm/dev/info.php HTTP/1.1" 404 564 "-" "Mozilla/5.0 (Macintosh; Intel Mac OS X 10_12_3) AppleWebKit/537.36 (KHTML, like Gecko) Chrome/56.0.2924.87 Safari/537.36"
94.72.101.21 - - [02/Nov/2024:20:10:33 +0000] "GET /adm/develop/info.php HTTP/1.1" 404 564 "-" "Mozilla/5.0 (Macintosh; Intel Mac OS X 10_12_3) AppleWebKit/537.36 (KHTML, like Gecko) Chrome/56.0.2924.87 Safari/537.36"
94.72.101.21 - - [02/Nov/2024:20:10:34 +0000] "GET /adm/development/iinfo.php HTTP/1.1" 404 564 "-" "Mozilla/5.0 (Macintosh; Intel Mac OS X 10_12_3) AppleWebKit/537.36 (KHTML, like Gecko) Chrome/56.0.2924.87 Safari/537.36"
94.72.101.21 - - [02/Nov/2024:20:10:34 +0000] "GET /adm/help/info.php HTTP/1.1" 404 564 "-" "Mozilla/5.0 (Macintosh; Intel Mac OS X 10_12_3) AppleWebKit/537.36 (KHTML, like Gecko) Chrome/56.0.2924.87 Safari/537.36"
94.72.101.21 - - [02/Nov/2024:20:10:34 +0000] "GET /adm/helper/info.php HTTP/1.1" 404 564 "-" "Mozilla/5.0 (Macintosh; Intel Mac OS X 10_12_3) AppleWebKit/537.36 (KHTML, like Gecko) Chrome/56.0.2924.87 Safari/537.36"
94.72.101.21 - - [02/Nov/2024:20:10:35 +0000] "GET /adm/lara/info.php HTTP/1.1" 404 564 "-" "Mozilla/5.0 (Macintosh; Intel Mac OS X 10_12_3) AppleWebKit/537.36 (KHTML, like Gecko) Chrome/56.0.2924.87 Safari/537.36"
94.72.101.21 - - [02/Nov/2024:20:10:35 +0000] "GET /adm/laravel/info.php HTTP/1.1" 404 564 "-" "Mozilla/5.0 (Macintosh; Intel Mac OS X 10_12_3) AppleWebKit/537.36 (KHTML, like Gecko) Chrome/56.0.2924.87 Safari/537.36"
94.72.101.21 - - [02/Nov/2024:20:10:35 +0000] "GET /adm/server/info.php HTTP/1.1" 404 564 "-" "Mozilla/5.0 (Macintosh; Intel Mac OS X 10_12_3) AppleWebKit/537.36 (KHTML, like Gecko) Chrome/56.0.2924.87 Safari/537.36"
94.72.101.21 - - [02/Nov/2024:20:10:35 +0000] "GET /adm/service/info.php HTTP/1.1" 404 564 "-" "Mozilla/5.0 (Macintosh; Intel Mac OS X 10_12_3) AppleWebKit/537.36 (KHTML, like Gecko) Chrome/56.0.2924.87 Safari/537.36"
94.72.101.21 - - [02/Nov/2024:20:10:35 +0000] "GET /adm/services/info.php HTTP/1.1" 404 564 "-" "Mozilla/5.0 (Macintosh; Intel Mac OS X 10_12_3) AppleWebKit/537.36 (KHTML, like Gecko) Chrome/56.0.2924.87 Safari/537.36"
94.72.101.21 - - [02/Nov/2024:20:10:35 +0000] "GET /adm/php-info.php HTTP/1.1" 404 564 "-" "Mozilla/5.0 (Macintosh; Intel Mac OS X 10_12_3) AppleWebKit/537.36 (KHTML, like Gecko) Chrome/56.0.2924.87 Safari/537.36"
94.72.101.21 - - [02/Nov/2024:20:10:36 +0000] "GET /adm/linusadmin-phpinfo.php HTTP/1.1" 404 564 "-" "Mozilla/5.0 (Macintosh; Intel Mac OS X 10_12_3) AppleWebKit/537.36 (KHTML, like Gecko) Chrome/56.0.2924.87 Safari/537.36"
94.72.101.21 - - [02/Nov/2024:20:10:37 +0000] "GET /adm/infos.php HTTP/1.1" 404 564 "-" "Mozilla/5.0 (Macintosh; Intel Mac OS X 10_12_3) AppleWebKit/537.36 (KHTML, like Gecko) Chrome/56.0.2924.87 Safari/537.36"
94.72.101.21 - - [02/Nov/2024:20:10:37 +0000] "GET /adm/old_phpinfo.php HTTP/1.1" 404 564 "-" "Mozilla/5.0 (Macintosh; Intel Mac OS X 10_12_3) AppleWebKit/537.36 (KHTML, like Gecko) Chrome/56.0.2924.87 Safari/537.36"
94.72.101.21 - - [02/Nov/2024:20:10:37 +0000] "GET /adm/temp.php HTTP/1.1" 404 564 "-" "Mozilla/5.0 (Macintosh; Intel Mac OS X 10_12_3) AppleWebKit/537.36 (KHTML, like Gecko) Chrome/56.0.2924.87 Safari/537.36"
94.72.101.21 - - [02/Nov/2024:20:10:37 +0000] "GET /adm/time.php HTTP/1.1" 404 564 "-" "Mozilla/5.0 (Macintosh; Intel Mac OS X 10_12_3) AppleWebKit/537.36 (KHTML, like Gecko) Chrome/56.0.2924.87 Safari/537.36"
94.72.101.21 - - [02/Nov/2024:20:10:38 +0000] "GET /adm/phpversion.php HTTP/1.1" 404 564 "-" "Mozilla/5.0 (Macintosh; Intel Mac OS X 10_12_3) AppleWebKit/537.36 (KHTML, like Gecko) Chrome/56.0.2924.87 Safari/537.36"
94.72.101.21 - - [02/Nov/2024:20:10:38 +0000] "GET /adm/pinfo.php HTTP/1.1" 404 564 "-" "Mozilla/5.0 (Macintosh; Intel Mac OS X 10_12_3) AppleWebKit/537.36 (KHTML, like Gecko) Chrome/56.0.2924.87 Safari/537.36"
94.72.101.21 - - [02/Nov/2024:20:10:38 +0000] "GET /adm/i.php HTTP/1.1" 404 564 "-" "Mozilla/5.0 (Macintosh; Intel Mac OS X 10_12_3) AppleWebKit/537.36 (KHTML, like Gecko) Chrome/56.0.2924.87 Safari/537.36"
94.72.101.21 - - [02/Nov/2024:20:10:39 +0000] "GET /adm/asdf.php HTTP/1.1" 404 564 "-" "Mozilla/5.0 (Macintosh; Intel Mac OS X 10_12_3) AppleWebKit/537.36 (KHTML, like Gecko) Chrome/56.0.2924.87 Safari/537.36"
94.72.101.21 - - [02/Nov/2024:20:10:39 +0000] "GET /admin/xampp/info.php HTTP/1.1" 404 564 "-" "Mozilla/5.0 (Macintosh; Intel Mac OS X 10_12_3) AppleWebKit/537.36 (KHTML, like Gecko) Chrome/56.0.2924.87 Safari/537.36"
94.72.101.21 - - [02/Nov/2024:20:10:39 +0000] "GET /admin/xampp/phpinfo HTTP/1.1" 404 564 "-" "Mozilla/5.0 (Macintosh; Intel Mac OS X 10_12_3) AppleWebKit/537.36 (KHTML, like Gecko) Chrome/56.0.2924.87 Safari/537.36"
94.72.101.21 - - [02/Nov/2024:20:10:39 +0000] "GET /admin/_profiler/phpinfo HTTP/1.1" 404 564 "-" "Mozilla/5.0 (Macintosh; Intel Mac OS X 10_12_3) AppleWebKit/537.36 (KHTML, like Gecko) Chrome/56.0.2924.87 Safari/537.36"
94.72.101.21 - - [02/Nov/2024:20:10:39 +0000] "GET /admin/php.ini HTTP/1.1" 404 564 "-" "Mozilla/5.0 (Macintosh; Intel Mac OS X 10_12_3) AppleWebKit/537.36 (KHTML, like Gecko) Chrome/56.0.2924.87 Safari/537.36"
94.72.101.21 - - [02/Nov/2024:20:10:39 +0000] "GET /admin/php.php HTTP/1.1" 404 564 "-" "Mozilla/5.0 (Macintosh; Intel Mac OS X 10_12_3) AppleWebKit/537.36 (KHTML, like Gecko) Chrome/56.0.2924.87 Safari/537.36"
94.72.101.21 - - [02/Nov/2024:20:10:40 +0000] "GET /admin/test.php HTTP/1.1" 404 564 "-" "Mozilla/5.0 (Macintosh; Intel Mac OS X 10_12_3) AppleWebKit/537.36 (KHTML, like Gecko) Chrome/56.0.2924.87 Safari/537.36"
94.72.101.21 - - [02/Nov/2024:20:10:40 +0000] "GET /admin/api/phpinfo.php HTTP/1.1" 404 564 "-" "Mozilla/5.0 (Macintosh; Intel Mac OS X 10_12_3) AppleWebKit/537.36 (KHTML, like Gecko) Chrome/56.0.2924.87 Safari/537.36"
94.72.101.21 - - [02/Nov/2024:20:10:40 +0000] "GET /admin/backend/phpinfo.php HTTP/1.1" 404 564 "-" "Mozilla/5.0 (Macintosh; Intel Mac OS X 10_12_3) AppleWebKit/537.36 (KHTML, like Gecko) Chrome/56.0.2924.87 Safari/537.36"
94.72.101.21 - - [02/Nov/2024:20:10:41 +0000] "GET /admin/backup/phpinfo.php HTTP/1.1" 404 564 "-" "Mozilla/5.0 (Macintosh; Intel Mac OS X 10_12_3) AppleWebKit/537.36 (KHTML, like Gecko) Chrome/56.0.2924.87 Safari/537.36"
94.72.101.21 - - [02/Nov/2024:20:10:41 +0000] "GET /admin/crm/phpinfo.php HTTP/1.1" 404 564 "-" "Mozilla/5.0 (Macintosh; Intel Mac OS X 10_12_3) AppleWebKit/537.36 (KHTML, like Gecko) Chrome/56.0.2924.87 Safari/537.36"
94.72.101.21 - - [02/Nov/2024:20:10:41 +0000] "GET /admin/current/phpinfo.php HTTP/1.1" 404 564 "-" "Mozilla/5.0 (Macintosh; Intel Mac OS X 10_12_3) AppleWebKit/537.36 (KHTML, like Gecko) Chrome/56.0.2924.87 Safari/537.36"
94.72.101.21 - - [02/Nov/2024:20:10:41 +0000] "GET /admin/dev/phpinfo.php HTTP/1.1" 404 564 "-" "Mozilla/5.0 (Macintosh; Intel Mac OS X 10_12_3) AppleWebKit/537.36 (KHTML, like Gecko) Chrome/56.0.2924.87 Safari/537.36"
94.72.101.21 - - [02/Nov/2024:20:10:42 +0000] "GET /admin/develop/phpinfo.php HTTP/1.1" 404 564 "-" "Mozilla/5.0 (Macintosh; Intel Mac OS X 10_12_3) AppleWebKit/537.36 (KHTML, like Gecko) Chrome/56.0.2924.87 Safari/537.36"
94.72.101.21 - - [02/Nov/2024:20:10:42 +0000] "GET /admin/development/phpinfo.php HTTP/1.1" 404 564 "-" "Mozilla/5.0 (Macintosh; Intel Mac OS X 10_12_3) AppleWebKit/537.36 (KHTML, like Gecko) Chrome/56.0.2924.87 Safari/537.36"
94.72.101.21 - - [02/Nov/2024:20:10:42 +0000] "GET /admin/help/phpinfo.php HTTP/1.1" 404 564 "-" "Mozilla/5.0 (Macintosh; Intel Mac OS X 10_12_3) AppleWebKit/537.36 (KHTML, like Gecko) Chrome/56.0.2924.87 Safari/537.36"
94.72.101.21 - - [02/Nov/2024:20:10:42 +0000] "GET /admin/helper/phpinfo.php HTTP/1.1" 404 564 "-" "Mozilla/5.0 (Macintosh; Intel Mac OS X 10_12_3) AppleWebKit/537.36 (KHTML, like Gecko) Chrome/56.0.2924.87 Safari/537.36"
94.72.101.21 - - [02/Nov/2024:20:10:43 +0000] "GET /admin/lara/phpinfo.php HTTP/1.1" 404 564 "-" "Mozilla/5.0 (Macintosh; Intel Mac OS X 10_12_3) AppleWebKit/537.36 (KHTML, like Gecko) Chrome/56.0.2924.87 Safari/537.36"
94.72.101.21 - - [02/Nov/2024:20:10:44 +0000] "GET /admin/laravel/phpinfo.php HTTP/1.1" 404 564 "-" "Mozilla/5.0 (Macintosh; Intel Mac OS X 10_12_3) AppleWebKit/537.36 (KHTML, like Gecko) Chrome/56.0.2924.87 Safari/537.36"
94.72.101.21 - - [02/Nov/2024:20:10:44 +0000] "GET /admin/server/phpinfo.php HTTP/1.1" 404 564 "-" "Mozilla/5.0 (Macintosh; Intel Mac OS X 10_12_3) AppleWebKit/537.36 (KHTML, like Gecko) Chrome/56.0.2924.87 Safari/537.36"
94.72.101.21 - - [02/Nov/2024:20:10:44 +0000] "GET /admin/service/phpinfo.php HTTP/1.1" 404 564 "-" "Mozilla/5.0 (Macintosh; Intel Mac OS X 10_12_3) AppleWebKit/537.36 (KHTML, like Gecko) Chrome/56.0.2924.87 Safari/537.36"
94.72.101.21 - - [02/Nov/2024:20:10:45 +0000] "GET /admin/services/phpinfo.php HTTP/1.1" 404 564 "-" "Mozilla/5.0 (Macintosh; Intel Mac OS X 10_12_3) AppleWebKit/537.36 (KHTML, like Gecko) Chrome/56.0.2924.87 Safari/537.36"
94.72.101.21 - - [02/Nov/2024:20:10:45 +0000] "GET /admin/xampp/phpinfo.php HTTP/1.1" 404 564 "-" "Mozilla/5.0 (Macintosh; Intel Mac OS X 10_12_3) AppleWebKit/537.36 (KHTML, like Gecko) Chrome/56.0.2924.87 Safari/537.36"
94.72.101.21 - - [02/Nov/2024:20:10:45 +0000] "GET /admin/api/info.php HTTP/1.1" 404 564 "-" "Mozilla/5.0 (Macintosh; Intel Mac OS X 10_12_3) AppleWebKit/537.36 (KHTML, like Gecko) Chrome/56.0.2924.87 Safari/537.36"
94.72.101.21 - - [02/Nov/2024:20:10:45 +0000] "GET /admin/backend/info.php HTTP/1.1" 404 564 "-" "Mozilla/5.0 (Macintosh; Intel Mac OS X 10_12_3) AppleWebKit/537.36 (KHTML, like Gecko) Chrome/56.0.2924.87 Safari/537.36"
94.72.101.21 - - [02/Nov/2024:20:10:46 +0000] "GET /admin/backup/info.php HTTP/1.1" 404 564 "-" "Mozilla/5.0 (Macintosh; Intel Mac OS X 10_12_3) AppleWebKit/537.36 (KHTML, like Gecko) Chrome/56.0.2924.87 Safari/537.36"
94.72.101.21 - - [02/Nov/2024:20:10:46 +0000] "GET /admin/crm/info.php HTTP/1.1" 404 564 "-" "Mozilla/5.0 (Macintosh; Intel Mac OS X 10_12_3) AppleWebKit/537.36 (KHTML, like Gecko) Chrome/56.0.2924.87 Safari/537.36"
94.72.101.21 - - [02/Nov/2024:20:10:46 +0000] "GET /admin/current/info.php HTTP/1.1" 404 564 "-" "Mozilla/5.0 (Macintosh; Intel Mac OS X 10_12_3) AppleWebKit/537.36 (KHTML, like Gecko) Chrome/56.0.2924.87 Safari/537.36"
94.72.101.21 - - [02/Nov/2024:20:10:47 +0000] "GET /admin/dev/info.php HTTP/1.1" 404 564 "-" "Mozilla/5.0 (Macintosh; Intel Mac OS X 10_12_3) AppleWebKit/537.36 (KHTML, like Gecko) Chrome/56.0.2924.87 Safari/537.36"
94.72.101.21 - - [02/Nov/2024:20:10:48 +0000] "GET /admin/develop/info.php HTTP/1.1" 404 564 "-" "Mozilla/5.0 (Macintosh; Intel Mac OS X 10_12_3) AppleWebKit/537.36 (KHTML, like Gecko) Chrome/56.0.2924.87 Safari/537.36"
94.72.101.21 - - [02/Nov/2024:20:10:48 +0000] "GET /admin/development/iinfo.php HTTP/1.1" 404 564 "-" "Mozilla/5.0 (Macintosh; Intel Mac OS X 10_12_3) AppleWebKit/537.36 (KHTML, like Gecko) Chrome/56.0.2924.87 Safari/537.36"
94.72.101.21 - - [02/Nov/2024:20:10:48 +0000] "GET /admin/help/info.php HTTP/1.1" 404 564 "-" "Mozilla/5.0 (Macintosh; Intel Mac OS X 10_12_3) AppleWebKit/537.36 (KHTML, like Gecko) Chrome/56.0.2924.87 Safari/537.36"
94.72.101.21 - - [02/Nov/2024:20:10:48 +0000] "GET /admin/helper/info.php HTTP/1.1" 404 564 "-" "Mozilla/5.0 (Macintosh; Intel Mac OS X 10_12_3) AppleWebKit/537.36 (KHTML, like Gecko) Chrome/56.0.2924.87 Safari/537.36"
94.72.101.21 - - [02/Nov/2024:20:10:49 +0000] "GET /admin/lara/info.php HTTP/1.1" 404 564 "-" "Mozilla/5.0 (Macintosh; Intel Mac OS X 10_12_3) AppleWebKit/537.36 (KHTML, like Gecko) Chrome/56.0.2924.87 Safari/537.36"
94.72.101.21 - - [02/Nov/2024:20:10:49 +0000] "GET /admin/laravel/info.php HTTP/1.1" 404 564 "-" "Mozilla/5.0 (Macintosh; Intel Mac OS X 10_12_3) AppleWebKit/537.36 (KHTML, like Gecko) Chrome/56.0.2924.87 Safari/537.36"
94.72.101.21 - - [02/Nov/2024:20:10:50 +0000] "GET /admin/server/info.php HTTP/1.1" 404 564 "-" "Mozilla/5.0 (Macintosh; Intel Mac OS X 10_12_3) AppleWebKit/537.36 (KHTML, like Gecko) Chrome/56.0.2924.87 Safari/537.36"
94.72.101.21 - - [02/Nov/2024:20:10:50 +0000] "GET /admin/service/info.php HTTP/1.1" 404 564 "-" "Mozilla/5.0 (Macintosh; Intel Mac OS X 10_12_3) AppleWebKit/537.36 (KHTML, like Gecko) Chrome/56.0.2924.87 Safari/537.36"
94.72.101.21 - - [02/Nov/2024:20:10:50 +0000] "GET /admin/services/info.php HTTP/1.1" 404 564 "-" "Mozilla/5.0 (Macintosh; Intel Mac OS X 10_12_3) AppleWebKit/537.36 (KHTML, like Gecko) Chrome/56.0.2924.87 Safari/537.36"
94.72.101.21 - - [02/Nov/2024:20:10:50 +0000] "GET /admin/php-info.php HTTP/1.1" 404 564 "-" "Mozilla/5.0 (Macintosh; Intel Mac OS X 10_12_3) AppleWebKit/537.36 (KHTML, like Gecko) Chrome/56.0.2924.87 Safari/537.36"
94.72.101.21 - - [02/Nov/2024:20:10:50 +0000] "GET /admin/linusadmin-phpinfo.php HTTP/1.1" 404 564 "-" "Mozilla/5.0 (Macintosh; Intel Mac OS X 10_12_3) AppleWebKit/537.36 (KHTML, like Gecko) Chrome/56.0.2924.87 Safari/537.36"
94.72.101.21 - - [02/Nov/2024:20:10:51 +0000] "GET /admin/infos.php HTTP/1.1" 404 564 "-" "Mozilla/5.0 (Macintosh; Intel Mac OS X 10_12_3) AppleWebKit/537.36 (KHTML, like Gecko) Chrome/56.0.2924.87 Safari/537.36"
94.72.101.21 - - [02/Nov/2024:20:10:51 +0000] "GET /admin/old_phpinfo.php HTTP/1.1" 404 564 "-" "Mozilla/5.0 (Macintosh; Intel Mac OS X 10_12_3) AppleWebKit/537.36 (KHTML, like Gecko) Chrome/56.0.2924.87 Safari/537.36"
94.72.101.21 - - [02/Nov/2024:20:10:51 +0000] "GET /admin/temp.php HTTP/1.1" 404 564 "-" "Mozilla/5.0 (Macintosh; Intel Mac OS X 10_12_3) AppleWebKit/537.36 (KHTML, like Gecko) Chrome/56.0.2924.87 Safari/537.36"
94.72.101.21 - - [02/Nov/2024:20:10:51 +0000] "GET /admin/time.php HTTP/1.1" 404 564 "-" "Mozilla/5.0 (Macintosh; Intel Mac OS X 10_12_3) AppleWebKit/537.36 (KHTML, like Gecko) Chrome/56.0.2924.87 Safari/537.36"
94.72.101.21 - - [02/Nov/2024:20:10:51 +0000] "GET /admin/phpversion.php HTTP/1.1" 404 564 "-" "Mozilla/5.0 (Macintosh; Intel Mac OS X 10_12_3) AppleWebKit/537.36 (KHTML, like Gecko) Chrome/56.0.2924.87 Safari/537.36"
94.72.101.21 - - [02/Nov/2024:20:10:51 +0000] "GET /admin/pinfo.php HTTP/1.1" 404 564 "-" "Mozilla/5.0 (Macintosh; Intel Mac OS X 10_12_3) AppleWebKit/537.36 (KHTML, like Gecko) Chrome/56.0.2924.87 Safari/537.36"
94.72.101.21 - - [02/Nov/2024:20:10:52 +0000] "GET /admin/i.php HTTP/1.1" 404 564 "-" "Mozilla/5.0 (Macintosh; Intel Mac OS X 10_12_3) AppleWebKit/537.36 (KHTML, like Gecko) Chrome/56.0.2924.87 Safari/537.36"
94.72.101.21 - - [02/Nov/2024:20:10:52 +0000] "GET /admin/asdf.php HTTP/1.1" 404 564 "-" "Mozilla/5.0 (Macintosh; Intel Mac OS X 10_12_3) AppleWebKit/537.36 (KHTML, like Gecko) Chrome/56.0.2924.87 Safari/537.36"
94.72.101.21 - - [02/Nov/2024:20:10:52 +0000] "GET /admins/xampp/info.php HTTP/1.1" 404 564 "-" "Mozilla/5.0 (Macintosh; Intel Mac OS X 10_12_3) AppleWebKit/537.36 (KHTML, like Gecko) Chrome/56.0.2924.87 Safari/537.36"
94.72.101.21 - - [02/Nov/2024:20:10:52 +0000] "GET /admins/xampp/phpinfo HTTP/1.1" 404 564 "-" "Mozilla/5.0 (Macintosh; Intel Mac OS X 10_12_3) AppleWebKit/537.36 (KHTML, like Gecko) Chrome/56.0.2924.87 Safari/537.36"
94.72.101.21 - - [02/Nov/2024:20:10:53 +0000] "GET /admins/_profiler/phpinfo HTTP/1.1" 404 564 "-" "Mozilla/5.0 (Macintosh; Intel Mac OS X 10_12_3) AppleWebKit/537.36 (KHTML, like Gecko) Chrome/56.0.2924.87 Safari/537.36"
94.72.101.21 - - [02/Nov/2024:20:10:53 +0000] "GET /admins/phpinfo.php HTTP/1.1" 404 564 "-" "Mozilla/5.0 (Macintosh; Intel Mac OS X 10_12_3) AppleWebKit/537.36 (KHTML, like Gecko) Chrome/56.0.2924.87 Safari/537.36"
94.72.101.21 - - [02/Nov/2024:20:10:53 +0000] "GET /admins/phpinfo HTTP/1.1" 404 564 "-" "Mozilla/5.0 (Macintosh; Intel Mac OS X 10_12_3) AppleWebKit/537.36 (KHTML, like Gecko) Chrome/56.0.2924.87 Safari/537.36"
94.72.101.21 - - [02/Nov/2024:20:10:53 +0000] "GET /admins/info.php HTTP/1.1" 404 564 "-" "Mozilla/5.0 (Macintosh; Intel Mac OS X 10_12_3) AppleWebKit/537.36 (KHTML, like Gecko) Chrome/56.0.2924.87 Safari/537.36"
94.72.101.21 - - [02/Nov/2024:20:10:53 +0000] "GET /admins/php.ini HTTP/1.1" 404 564 "-" "Mozilla/5.0 (Macintosh; Intel Mac OS X 10_12_3) AppleWebKit/537.36 (KHTML, like Gecko) Chrome/56.0.2924.87 Safari/537.36"
94.72.101.21 - - [02/Nov/2024:20:10:54 +0000] "GET /admins/php.php HTTP/1.1" 404 564 "-" "Mozilla/5.0 (Macintosh; Intel Mac OS X 10_12_3) AppleWebKit/537.36 (KHTML, like Gecko) Chrome/56.0.2924.87 Safari/537.36"
94.72.101.21 - - [02/Nov/2024:20:10:54 +0000] "GET /admins/infophp.php HTTP/1.1" 404 564 "-" "Mozilla/5.0 (Macintosh; Intel Mac OS X 10_12_3) AppleWebKit/537.36 (KHTML, like Gecko) Chrome/56.0.2924.87 Safari/537.36"
94.72.101.21 - - [02/Nov/2024:20:10:54 +0000] "GET /admins/test.php HTTP/1.1" 404 564 "-" "Mozilla/5.0 (Macintosh; Intel Mac OS X 10_12_3) AppleWebKit/537.36 (KHTML, like Gecko) Chrome/56.0.2924.87 Safari/537.36"
94.72.101.21 - - [02/Nov/2024:20:10:54 +0000] "GET /admins/dashboard/phpinfo.php HTTP/1.1" 404 564 "-" "Mozilla/5.0 (Macintosh; Intel Mac OS X 10_12_3) AppleWebKit/537.36 (KHTML, like Gecko) Chrome/56.0.2924.87 Safari/537.36"
94.72.101.21 - - [02/Nov/2024:20:10:54 +0000] "GET /admins/api/phpinfo.php HTTP/1.1" 404 564 "-" "Mozilla/5.0 (Macintosh; Intel Mac OS X 10_12_3) AppleWebKit/537.36 (KHTML, like Gecko) Chrome/56.0.2924.87 Safari/537.36"
94.72.101.21 - - [02/Nov/2024:20:10:54 +0000] "GET /admins/backend/phpinfo.php HTTP/1.1" 404 564 "-" "Mozilla/5.0 (Macintosh; Intel Mac OS X 10_12_3) AppleWebKit/537.36 (KHTML, like Gecko) Chrome/56.0.2924.87 Safari/537.36"
94.72.101.21 - - [02/Nov/2024:20:10:55 +0000] "GET /admins/backup/phpinfo.php HTTP/1.1" 404 564 "-" "Mozilla/5.0 (Macintosh; Intel Mac OS X 10_12_3) AppleWebKit/537.36 (KHTML, like Gecko) Chrome/56.0.2924.87 Safari/537.36"
94.72.101.21 - - [02/Nov/2024:20:10:56 +0000] "GET /admins/crm/phpinfo.php HTTP/1.1" 404 564 "-" "Mozilla/5.0 (Macintosh; Intel Mac OS X 10_12_3) AppleWebKit/537.36 (KHTML, like Gecko) Chrome/56.0.2924.87 Safari/537.36"
94.72.101.21 - - [02/Nov/2024:20:10:56 +0000] "GET /admins/current/phpinfo.php HTTP/1.1" 404 564 "-" "Mozilla/5.0 (Macintosh; Intel Mac OS X 10_12_3) AppleWebKit/537.36 (KHTML, like Gecko) Chrome/56.0.2924.87 Safari/537.36"
94.72.101.21 - - [02/Nov/2024:20:10:56 +0000] "GET /admins/dev/phpinfo.php HTTP/1.1" 404 564 "-" "Mozilla/5.0 (Macintosh; Intel Mac OS X 10_12_3) AppleWebKit/537.36 (KHTML, like Gecko) Chrome/56.0.2924.87 Safari/537.36"
94.72.101.21 - - [02/Nov/2024:20:10:56 +0000] "GET /admins/develop/phpinfo.php HTTP/1.1" 404 564 "-" "Mozilla/5.0 (Macintosh; Intel Mac OS X 10_12_3) AppleWebKit/537.36 (KHTML, like Gecko) Chrome/56.0.2924.87 Safari/537.36"
94.72.101.21 - - [02/Nov/2024:20:10:57 +0000] "GET /admins/development/phpinfo.php HTTP/1.1" 404 564 "-" "Mozilla/5.0 (Macintosh; Intel Mac OS X 10_12_3) AppleWebKit/537.36 (KHTML, like Gecko) Chrome/56.0.2924.87 Safari/537.36"
94.72.101.21 - - [02/Nov/2024:20:10:57 +0000] "GET /admins/help/phpinfo.php HTTP/1.1" 404 564 "-" "Mozilla/5.0 (Macintosh; Intel Mac OS X 10_12_3) AppleWebKit/537.36 (KHTML, like Gecko) Chrome/56.0.2924.87 Safari/537.36"
94.72.101.21 - - [02/Nov/2024:20:10:57 +0000] "GET /admins/helper/phpinfo.php HTTP/1.1" 404 564 "-" "Mozilla/5.0 (Macintosh; Intel Mac OS X 10_12_3) AppleWebKit/537.36 (KHTML, like Gecko) Chrome/56.0.2924.87 Safari/537.36"
94.72.101.21 - - [02/Nov/2024:20:10:57 +0000] "GET /admins/lara/phpinfo.php HTTP/1.1" 404 564 "-" "Mozilla/5.0 (Macintosh; Intel Mac OS X 10_12_3) AppleWebKit/537.36 (KHTML, like Gecko) Chrome/56.0.2924.87 Safari/537.36"
94.72.101.21 - - [02/Nov/2024:20:10:58 +0000] "GET /admins/laravel/phpinfo.php HTTP/1.1" 404 564 "-" "Mozilla/5.0 (Macintosh; Intel Mac OS X 10_12_3) AppleWebKit/537.36 (KHTML, like Gecko) Chrome/56.0.2924.87 Safari/537.36"
94.72.101.21 - - [02/Nov/2024:20:10:58 +0000] "GET /admins/server/phpinfo.php HTTP/1.1" 404 564 "-" "Mozilla/5.0 (Macintosh; Intel Mac OS X 10_12_3) AppleWebKit/537.36 (KHTML, like Gecko) Chrome/56.0.2924.87 Safari/537.36"
94.72.101.21 - - [02/Nov/2024:20:10:59 +0000] "GET /admins/service/phpinfo.php HTTP/1.1" 404 564 "-" "Mozilla/5.0 (Macintosh; Intel Mac OS X 10_12_3) AppleWebKit/537.36 (KHTML, like Gecko) Chrome/56.0.2924.87 Safari/537.36"
94.72.101.21 - - [02/Nov/2024:20:10:59 +0000] "GET /admins/services/phpinfo.php HTTP/1.1" 404 564 "-" "Mozilla/5.0 (Macintosh; Intel Mac OS X 10_12_3) AppleWebKit/537.36 (KHTML, like Gecko) Chrome/56.0.2924.87 Safari/537.36"
94.72.101.21 - - [02/Nov/2024:20:10:59 +0000] "GET /admins/xampp/phpinfo.php HTTP/1.1" 404 564 "-" "Mozilla/5.0 (Macintosh; Intel Mac OS X 10_12_3) AppleWebKit/537.36 (KHTML, like Gecko) Chrome/56.0.2924.87 Safari/537.36"
94.72.101.21 - - [02/Nov/2024:20:10:59 +0000] "GET /admins/api/info.php HTTP/1.1" 404 564 "-" "Mozilla/5.0 (Macintosh; Intel Mac OS X 10_12_3) AppleWebKit/537.36 (KHTML, like Gecko) Chrome/56.0.2924.87 Safari/537.36"
94.72.101.21 - - [02/Nov/2024:20:10:59 +0000] "GET /admins/backend/info.php HTTP/1.1" 404 564 "-" "Mozilla/5.0 (Macintosh; Intel Mac OS X 10_12_3) AppleWebKit/537.36 (KHTML, like Gecko) Chrome/56.0.2924.87 Safari/537.36"
94.72.101.21 - - [02/Nov/2024:20:11:00 +0000] "GET /admins/backup/info.php HTTP/1.1" 404 564 "-" "Mozilla/5.0 (Macintosh; Intel Mac OS X 10_12_3) AppleWebKit/537.36 (KHTML, like Gecko) Chrome/56.0.2924.87 Safari/537.36"
94.72.101.21 - - [02/Nov/2024:20:11:00 +0000] "GET /admins/crm/info.php HTTP/1.1" 404 564 "-" "Mozilla/5.0 (Macintosh; Intel Mac OS X 10_12_3) AppleWebKit/537.36 (KHTML, like Gecko) Chrome/56.0.2924.87 Safari/537.36"
94.72.101.21 - - [02/Nov/2024:20:11:02 +0000] "GET /admins/current/info.php HTTP/1.1" 404 564 "-" "Mozilla/5.0 (Macintosh; Intel Mac OS X 10_12_3) AppleWebKit/537.36 (KHTML, like Gecko) Chrome/56.0.2924.87 Safari/537.36"
94.72.101.21 - - [02/Nov/2024:20:11:02 +0000] "GET /admins/dev/info.php HTTP/1.1" 404 564 "-" "Mozilla/5.0 (Macintosh; Intel Mac OS X 10_12_3) AppleWebKit/537.36 (KHTML, like Gecko) Chrome/56.0.2924.87 Safari/537.36"
94.72.101.21 - - [02/Nov/2024:20:11:02 +0000] "GET /admins/develop/info.php HTTP/1.1" 404 564 "-" "Mozilla/5.0 (Macintosh; Intel Mac OS X 10_12_3) AppleWebKit/537.36 (KHTML, like Gecko) Chrome/56.0.2924.87 Safari/537.36"
94.72.101.21 - - [02/Nov/2024:20:11:02 +0000] "GET /admins/development/iinfo.php HTTP/1.1" 404 564 "-" "Mozilla/5.0 (Macintosh; Intel Mac OS X 10_12_3) AppleWebKit/537.36 (KHTML, like Gecko) Chrome/56.0.2924.87 Safari/537.36"
94.72.101.21 - - [02/Nov/2024:20:11:02 +0000] "GET /admins/help/info.php HTTP/1.1" 404 564 "-" "Mozilla/5.0 (Macintosh; Intel Mac OS X 10_12_3) AppleWebKit/537.36 (KHTML, like Gecko) Chrome/56.0.2924.87 Safari/537.36"
94.72.101.21 - - [02/Nov/2024:20:11:02 +0000] "GET /admins/helper/info.php HTTP/1.1" 404 564 "-" "Mozilla/5.0 (Macintosh; Intel Mac OS X 10_12_3) AppleWebKit/537.36 (KHTML, like Gecko) Chrome/56.0.2924.87 Safari/537.36"
94.72.101.21 - - [02/Nov/2024:20:11:03 +0000] "GET /admins/lara/info.php HTTP/1.1" 404 564 "-" "Mozilla/5.0 (Macintosh; Intel Mac OS X 10_12_3) AppleWebKit/537.36 (KHTML, like Gecko) Chrome/56.0.2924.87 Safari/537.36"
94.72.101.21 - - [02/Nov/2024:20:11:03 +0000] "GET /admins/laravel/info.php HTTP/1.1" 404 564 "-" "Mozilla/5.0 (Macintosh; Intel Mac OS X 10_12_3) AppleWebKit/537.36 (KHTML, like Gecko) Chrome/56.0.2924.87 Safari/537.36"
94.72.101.21 - - [02/Nov/2024:20:11:03 +0000] "GET /admins/server/info.php HTTP/1.1" 404 564 "-" "Mozilla/5.0 (Macintosh; Intel Mac OS X 10_12_3) AppleWebKit/537.36 (KHTML, like Gecko) Chrome/56.0.2924.87 Safari/537.36"
94.72.101.21 - - [02/Nov/2024:20:11:03 +0000] "GET /admins/service/info.php HTTP/1.1" 404 564 "-" "Mozilla/5.0 (Macintosh; Intel Mac OS X 10_12_3) AppleWebKit/537.36 (KHTML, like Gecko) Chrome/56.0.2924.87 Safari/537.36"
94.72.101.21 - - [02/Nov/2024:20:11:03 +0000] "GET /admins/services/info.php HTTP/1.1" 404 564 "-" "Mozilla/5.0 (Macintosh; Intel Mac OS X 10_12_3) AppleWebKit/537.36 (KHTML, like Gecko) Chrome/56.0.2924.87 Safari/537.36"
94.72.101.21 - - [02/Nov/2024:20:11:04 +0000] "GET /admins/php-info.php HTTP/1.1" 404 564 "-" "Mozilla/5.0 (Macintosh; Intel Mac OS X 10_12_3) AppleWebKit/537.36 (KHTML, like Gecko) Chrome/56.0.2924.87 Safari/537.36"
94.72.101.21 - - [02/Nov/2024:20:11:04 +0000] "GET /admins/linusadmin-phpinfo.php HTTP/1.1" 404 564 "-" "Mozilla/5.0 (Macintosh; Intel Mac OS X 10_12_3) AppleWebKit/537.36 (KHTML, like Gecko) Chrome/56.0.2924.87 Safari/537.36"
94.72.101.21 - - [02/Nov/2024:20:11:04 +0000] "GET /admins/infos.php HTTP/1.1" 404 564 "-" "Mozilla/5.0 (Macintosh; Intel Mac OS X 10_12_3) AppleWebKit/537.36 (KHTML, like Gecko) Chrome/56.0.2924.87 Safari/537.36"
94.72.101.21 - - [02/Nov/2024:20:11:04 +0000] "GET /admins/old_phpinfo.php HTTP/1.1" 404 564 "-" "Mozilla/5.0 (Macintosh; Intel Mac OS X 10_12_3) AppleWebKit/537.36 (KHTML, like Gecko) Chrome/56.0.2924.87 Safari/537.36"
94.72.101.21 - - [02/Nov/2024:20:11:05 +0000] "GET /admins/temp.php HTTP/1.1" 404 564 "-" "Mozilla/5.0 (Macintosh; Intel Mac OS X 10_12_3) AppleWebKit/537.36 (KHTML, like Gecko) Chrome/56.0.2924.87 Safari/537.36"
94.72.101.21 - - [02/Nov/2024:20:11:05 +0000] "GET /admins/time.php HTTP/1.1" 404 564 "-" "Mozilla/5.0 (Macintosh; Intel Mac OS X 10_12_3) AppleWebKit/537.36 (KHTML, like Gecko) Chrome/56.0.2924.87 Safari/537.36"
94.72.101.21 - - [02/Nov/2024:20:11:05 +0000] "GET /admins/phpversion.php HTTP/1.1" 404 564 "-" "Mozilla/5.0 (Macintosh; Intel Mac OS X 10_12_3) AppleWebKit/537.36 (KHTML, like Gecko) Chrome/56.0.2924.87 Safari/537.36"
94.72.101.21 - - [02/Nov/2024:20:11:06 +0000] "GET /admins/pinfo.php HTTP/1.1" 404 564 "-" "Mozilla/5.0 (Macintosh; Intel Mac OS X 10_12_3) AppleWebKit/537.36 (KHTML, like Gecko) Chrome/56.0.2924.87 Safari/537.36"
94.72.101.21 - - [02/Nov/2024:20:11:06 +0000] "GET /admins/i.php HTTP/1.1" 404 564 "-" "Mozilla/5.0 (Macintosh; Intel Mac OS X 10_12_3) AppleWebKit/537.36 (KHTML, like Gecko) Chrome/56.0.2924.87 Safari/537.36"
94.72.101.21 - - [02/Nov/2024:20:11:06 +0000] "GET /admins/asdf.php HTTP/1.1" 404 564 "-" "Mozilla/5.0 (Macintosh; Intel Mac OS X 10_12_3) AppleWebKit/537.36 (KHTML, like Gecko) Chrome/56.0.2924.87 Safari/537.36"
94.72.101.21 - - [02/Nov/2024:20:11:06 +0000] "GET /administration/xampp/info.php HTTP/1.1" 404 564 "-" "Mozilla/5.0 (Macintosh; Intel Mac OS X 10_12_3) AppleWebKit/537.36 (KHTML, like Gecko) Chrome/56.0.2924.87 Safari/537.36"
94.72.101.21 - - [02/Nov/2024:20:11:06 +0000] "GET /administration/xampp/phpinfo HTTP/1.1" 404 564 "-" "Mozilla/5.0 (Macintosh; Intel Mac OS X 10_12_3) AppleWebKit/537.36 (KHTML, like Gecko) Chrome/56.0.2924.87 Safari/537.36"
94.72.101.21 - - [02/Nov/2024:20:11:06 +0000] "GET /administration/_profiler/phpinfo HTTP/1.1" 404 564 "-" "Mozilla/5.0 (Macintosh; Intel Mac OS X 10_12_3) AppleWebKit/537.36 (KHTML, like Gecko) Chrome/56.0.2924.87 Safari/537.36"
94.72.101.21 - - [02/Nov/2024:20:11:07 +0000] "GET /administration/phpinfo.php HTTP/1.1" 404 564 "-" "Mozilla/5.0 (Macintosh; Intel Mac OS X 10_12_3) AppleWebKit/537.36 (KHTML, like Gecko) Chrome/56.0.2924.87 Safari/537.36"
94.72.101.21 - - [02/Nov/2024:20:11:07 +0000] "GET /administration/phpinfo HTTP/1.1" 404 564 "-" "Mozilla/5.0 (Macintosh; Intel Mac OS X 10_12_3) AppleWebKit/537.36 (KHTML, like Gecko) Chrome/56.0.2924.87 Safari/537.36"
94.72.101.21 - - [02/Nov/2024:20:11:07 +0000] "GET /administration/info.php HTTP/1.1" 404 564 "-" "Mozilla/5.0 (Macintosh; Intel Mac OS X 10_12_3) AppleWebKit/537.36 (KHTML, like Gecko) Chrome/56.0.2924.87 Safari/537.36"
94.72.101.21 - - [02/Nov/2024:20:11:08 +0000] "GET /administration/php.ini HTTP/1.1" 404 564 "-" "Mozilla/5.0 (Macintosh; Intel Mac OS X 10_12_3) AppleWebKit/537.36 (KHTML, like Gecko) Chrome/56.0.2924.87 Safari/537.36"
94.72.101.21 - - [02/Nov/2024:20:11:08 +0000] "GET /administration/php.php HTTP/1.1" 404 564 "-" "Mozilla/5.0 (Macintosh; Intel Mac OS X 10_12_3) AppleWebKit/537.36 (KHTML, like Gecko) Chrome/56.0.2924.87 Safari/537.36"
94.72.101.21 - - [02/Nov/2024:20:11:08 +0000] "GET /administration/infophp.php HTTP/1.1" 404 564 "-" "Mozilla/5.0 (Macintosh; Intel Mac OS X 10_12_3) AppleWebKit/537.36 (KHTML, like Gecko) Chrome/56.0.2924.87 Safari/537.36"
94.72.101.21 - - [02/Nov/2024:20:11:08 +0000] "GET /administration/test.php HTTP/1.1" 404 564 "-" "Mozilla/5.0 (Macintosh; Intel Mac OS X 10_12_3) AppleWebKit/537.36 (KHTML, like Gecko) Chrome/56.0.2924.87 Safari/537.36"
94.72.101.21 - - [02/Nov/2024:20:11:09 +0000] "GET /administration/dashboard/phpinfo.php HTTP/1.1" 404 564 "-" "Mozilla/5.0 (Macintosh; Intel Mac OS X 10_12_3) AppleWebKit/537.36 (KHTML, like Gecko) Chrome/56.0.2924.87 Safari/537.36"
94.72.101.21 - - [02/Nov/2024:20:11:09 +0000] "GET /administration/api/phpinfo.php HTTP/1.1" 404 564 "-" "Mozilla/5.0 (Macintosh; Intel Mac OS X 10_12_3) AppleWebKit/537.36 (KHTML, like Gecko) Chrome/56.0.2924.87 Safari/537.36"
94.72.101.21 - - [02/Nov/2024:20:11:09 +0000] "GET /administration/backend/phpinfo.php HTTP/1.1" 404 564 "-" "Mozilla/5.0 (Macintosh; Intel Mac OS X 10_12_3) AppleWebKit/537.36 (KHTML, like Gecko) Chrome/56.0.2924.87 Safari/537.36"
94.72.101.21 - - [02/Nov/2024:20:11:09 +0000] "GET /administration/backup/phpinfo.php HTTP/1.1" 404 564 "-" "Mozilla/5.0 (Macintosh; Intel Mac OS X 10_12_3) AppleWebKit/537.36 (KHTML, like Gecko) Chrome/56.0.2924.87 Safari/537.36"
94.72.101.21 - - [02/Nov/2024:20:11:09 +0000] "GET /administration/crm/phpinfo.php HTTP/1.1" 404 564 "-" "Mozilla/5.0 (Macintosh; Intel Mac OS X 10_12_3) AppleWebKit/537.36 (KHTML, like Gecko) Chrome/56.0.2924.87 Safari/537.36"
94.72.101.21 - - [02/Nov/2024:20:11:10 +0000] "GET /administration/current/phpinfo.php HTTP/1.1" 404 564 "-" "Mozilla/5.0 (Macintosh; Intel Mac OS X 10_12_3) AppleWebKit/537.36 (KHTML, like Gecko) Chrome/56.0.2924.87 Safari/537.36"
94.72.101.21 - - [02/Nov/2024:20:11:10 +0000] "GET /administration/dev/phpinfo.php HTTP/1.1" 404 564 "-" "Mozilla/5.0 (Macintosh; Intel Mac OS X 10_12_3) AppleWebKit/537.36 (KHTML, like Gecko) Chrome/56.0.2924.87 Safari/537.36"
94.72.101.21 - - [02/Nov/2024:20:11:10 +0000] "GET /administration/develop/phpinfo.php HTTP/1.1" 404 564 "-" "Mozilla/5.0 (Macintosh; Intel Mac OS X 10_12_3) AppleWebKit/537.36 (KHTML, like Gecko) Chrome/56.0.2924.87 Safari/537.36"
94.72.101.21 - - [02/Nov/2024:20:11:11 +0000] "GET /administration/development/phpinfo.php HTTP/1.1" 404 564 "-" "Mozilla/5.0 (Macintosh; Intel Mac OS X 10_12_3) AppleWebKit/537.36 (KHTML, like Gecko) Chrome/56.0.2924.87 Safari/537.36"
94.72.101.21 - - [02/Nov/2024:20:11:11 +0000] "GET /administration/help/phpinfo.php HTTP/1.1" 404 564 "-" "Mozilla/5.0 (Macintosh; Intel Mac OS X 10_12_3) AppleWebKit/537.36 (KHTML, like Gecko) Chrome/56.0.2924.87 Safari/537.36"
94.72.101.21 - - [02/Nov/2024:20:11:11 +0000] "GET /administration/helper/phpinfo.php HTTP/1.1" 404 564 "-" "Mozilla/5.0 (Macintosh; Intel Mac OS X 10_12_3) AppleWebKit/537.36 (KHTML, like Gecko) Chrome/56.0.2924.87 Safari/537.36"
94.72.101.21 - - [02/Nov/2024:20:11:11 +0000] "GET /administration/lara/phpinfo.php HTTP/1.1" 404 564 "-" "Mozilla/5.0 (Macintosh; Intel Mac OS X 10_12_3) AppleWebKit/537.36 (KHTML, like Gecko) Chrome/56.0.2924.87 Safari/537.36"
94.72.101.21 - - [02/Nov/2024:20:11:11 +0000] "GET /administration/laravel/phpinfo.php HTTP/1.1" 404 564 "-" "Mozilla/5.0 (Macintosh; Intel Mac OS X 10_12_3) AppleWebKit/537.36 (KHTML, like Gecko) Chrome/56.0.2924.87 Safari/537.36"
94.72.101.21 - - [02/Nov/2024:20:11:11 +0000] "GET /administration/server/phpinfo.php HTTP/1.1" 404 564 "-" "Mozilla/5.0 (Macintosh; Intel Mac OS X 10_12_3) AppleWebKit/537.36 (KHTML, like Gecko) Chrome/56.0.2924.87 Safari/537.36"
94.72.101.21 - - [02/Nov/2024:20:11:13 +0000] "GET /administration/service/phpinfo.php HTTP/1.1" 404 564 "-" "Mozilla/5.0 (Macintosh; Intel Mac OS X 10_12_3) AppleWebKit/537.36 (KHTML, like Gecko) Chrome/56.0.2924.87 Safari/537.36"
94.72.101.21 - - [02/Nov/2024:20:11:13 +0000] "GET /administration/services/phpinfo.php HTTP/1.1" 404 564 "-" "Mozilla/5.0 (Macintosh; Intel Mac OS X 10_12_3) AppleWebKit/537.36 (KHTML, like Gecko) Chrome/56.0.2924.87 Safari/537.36"
94.72.101.21 - - [02/Nov/2024:20:11:14 +0000] "GET /administration/xampp/phpinfo.php HTTP/1.1" 404 564 "-" "Mozilla/5.0 (Macintosh; Intel Mac OS X 10_12_3) AppleWebKit/537.36 (KHTML, like Gecko) Chrome/56.0.2924.87 Safari/537.36"
94.72.101.21 - - [02/Nov/2024:20:11:14 +0000] "GET /administration/api/info.php HTTP/1.1" 404 564 "-" "Mozilla/5.0 (Macintosh; Intel Mac OS X 10_12_3) AppleWebKit/537.36 (KHTML, like Gecko) Chrome/56.0.2924.87 Safari/537.36"
94.72.101.21 - - [02/Nov/2024:20:11:14 +0000] "GET /administration/backend/info.php HTTP/1.1" 404 564 "-" "Mozilla/5.0 (Macintosh; Intel Mac OS X 10_12_3) AppleWebKit/537.36 (KHTML, like Gecko) Chrome/56.0.2924.87 Safari/537.36"
94.72.101.21 - - [02/Nov/2024:20:11:14 +0000] "GET /administration/backup/info.php HTTP/1.1" 404 564 "-" "Mozilla/5.0 (Macintosh; Intel Mac OS X 10_12_3) AppleWebKit/537.36 (KHTML, like Gecko) Chrome/56.0.2924.87 Safari/537.36"
94.72.101.21 - - [02/Nov/2024:20:11:14 +0000] "GET /administration/crm/info.php HTTP/1.1" 404 564 "-" "Mozilla/5.0 (Macintosh; Intel Mac OS X 10_12_3) AppleWebKit/537.36 (KHTML, like Gecko) Chrome/56.0.2924.87 Safari/537.36"
94.72.101.21 - - [02/Nov/2024:20:11:15 +0000] "GET /administration/current/info.php HTTP/1.1" 404 564 "-" "Mozilla/5.0 (Macintosh; Intel Mac OS X 10_12_3) AppleWebKit/537.36 (KHTML, like Gecko) Chrome/56.0.2924.87 Safari/537.36"
94.72.101.21 - - [02/Nov/2024:20:11:15 +0000] "GET /administration/dev/info.php HTTP/1.1" 404 564 "-" "Mozilla/5.0 (Macintosh; Intel Mac OS X 10_12_3) AppleWebKit/537.36 (KHTML, like Gecko) Chrome/56.0.2924.87 Safari/537.36"
94.72.101.21 - - [02/Nov/2024:20:11:16 +0000] "GET /administration/develop/info.php HTTP/1.1" 404 564 "-" "Mozilla/5.0 (Macintosh; Intel Mac OS X 10_12_3) AppleWebKit/537.36 (KHTML, like Gecko) Chrome/56.0.2924.87 Safari/537.36"
94.72.101.21 - - [02/Nov/2024:20:11:16 +0000] "GET /administration/development/iinfo.php HTTP/1.1" 404 564 "-" "Mozilla/5.0 (Macintosh; Intel Mac OS X 10_12_3) AppleWebKit/537.36 (KHTML, like Gecko) Chrome/56.0.2924.87 Safari/537.36"
94.72.101.21 - - [02/Nov/2024:20:11:16 +0000] "GET /administration/help/info.php HTTP/1.1" 404 564 "-" "Mozilla/5.0 (Macintosh; Intel Mac OS X 10_12_3) AppleWebKit/537.36 (KHTML, like Gecko) Chrome/56.0.2924.87 Safari/537.36"
94.72.101.21 - - [02/Nov/2024:20:11:16 +0000] "GET /administration/helper/info.php HTTP/1.1" 404 564 "-" "Mozilla/5.0 (Macintosh; Intel Mac OS X 10_12_3) AppleWebKit/537.36 (KHTML, like Gecko) Chrome/56.0.2924.87 Safari/537.36"
94.72.101.21 - - [02/Nov/2024:20:11:17 +0000] "GET /administration/lara/info.php HTTP/1.1" 404 564 "-" "Mozilla/5.0 (Macintosh; Intel Mac OS X 10_12_3) AppleWebKit/537.36 (KHTML, like Gecko) Chrome/56.0.2924.87 Safari/537.36"
94.72.101.21 - - [02/Nov/2024:20:11:17 +0000] "GET /administration/laravel/info.php HTTP/1.1" 404 564 "-" "Mozilla/5.0 (Macintosh; Intel Mac OS X 10_12_3) AppleWebKit/537.36 (KHTML, like Gecko) Chrome/56.0.2924.87 Safari/537.36"
94.72.101.21 - - [02/Nov/2024:20:11:17 +0000] "GET /administration/server/info.php HTTP/1.1" 404 564 "-" "Mozilla/5.0 (Macintosh; Intel Mac OS X 10_12_3) AppleWebKit/537.36 (KHTML, like Gecko) Chrome/56.0.2924.87 Safari/537.36"
94.72.101.21 - - [02/Nov/2024:20:11:17 +0000] "GET /administration/service/info.php HTTP/1.1" 404 564 "-" "Mozilla/5.0 (Macintosh; Intel Mac OS X 10_12_3) AppleWebKit/537.36 (KHTML, like Gecko) Chrome/56.0.2924.87 Safari/537.36"
94.72.101.21 - - [02/Nov/2024:20:11:17 +0000] "GET /administration/services/info.php HTTP/1.1" 404 564 "-" "Mozilla/5.0 (Macintosh; Intel Mac OS X 10_12_3) AppleWebKit/537.36 (KHTML, like Gecko) Chrome/56.0.2924.87 Safari/537.36"
94.72.101.21 - - [02/Nov/2024:20:11:17 +0000] "GET /administration/php-info.php HTTP/1.1" 404 564 "-" "Mozilla/5.0 (Macintosh; Intel Mac OS X 10_12_3) AppleWebKit/537.36 (KHTML, like Gecko) Chrome/56.0.2924.87 Safari/537.36"
94.72.101.21 - - [02/Nov/2024:20:11:18 +0000] "GET /administration/linusadmin-phpinfo.php HTTP/1.1" 404 564 "-" "Mozilla/5.0 (Macintosh; Intel Mac OS X 10_12_3) AppleWebKit/537.36 (KHTML, like Gecko) Chrome/56.0.2924.87 Safari/537.36"
94.72.101.21 - - [02/Nov/2024:20:11:18 +0000] "GET /administration/infos.php HTTP/1.1" 404 564 "-" "Mozilla/5.0 (Macintosh; Intel Mac OS X 10_12_3) AppleWebKit/537.36 (KHTML, like Gecko) Chrome/56.0.2924.87 Safari/537.36"
94.72.101.21 - - [02/Nov/2024:20:11:18 +0000] "GET /administration/old_phpinfo.php HTTP/1.1" 404 564 "-" "Mozilla/5.0 (Macintosh; Intel Mac OS X 10_12_3) AppleWebKit/537.36 (KHTML, like Gecko) Chrome/56.0.2924.87 Safari/537.36"
94.72.101.21 - - [02/Nov/2024:20:11:18 +0000] "GET /administration/temp.php HTTP/1.1" 404 564 "-" "Mozilla/5.0 (Macintosh; Intel Mac OS X 10_12_3) AppleWebKit/537.36 (KHTML, like Gecko) Chrome/56.0.2924.87 Safari/537.36"
94.72.101.21 - - [02/Nov/2024:20:11:19 +0000] "GET /administration/time.php HTTP/1.1" 404 564 "-" "Mozilla/5.0 (Macintosh; Intel Mac OS X 10_12_3) AppleWebKit/537.36 (KHTML, like Gecko) Chrome/56.0.2924.87 Safari/537.36"
94.72.101.21 - - [02/Nov/2024:20:11:19 +0000] "GET /administration/phpversion.php HTTP/1.1" 404 564 "-" "Mozilla/5.0 (Macintosh; Intel Mac OS X 10_12_3) AppleWebKit/537.36 (KHTML, like Gecko) Chrome/56.0.2924.87 Safari/537.36"
94.72.101.21 - - [02/Nov/2024:20:11:19 +0000] "GET /administration/pinfo.php HTTP/1.1" 404 564 "-" "Mozilla/5.0 (Macintosh; Intel Mac OS X 10_12_3) AppleWebKit/537.36 (KHTML, like Gecko) Chrome/56.0.2924.87 Safari/537.36"
94.72.101.21 - - [02/Nov/2024:20:11:19 +0000] "GET /administration/i.php HTTP/1.1" 404 564 "-" "Mozilla/5.0 (Macintosh; Intel Mac OS X 10_12_3) AppleWebKit/537.36 (KHTML, like Gecko) Chrome/56.0.2924.87 Safari/537.36"
94.72.101.21 - - [02/Nov/2024:20:11:19 +0000] "GET /administration/asdf.php HTTP/1.1" 404 564 "-" "Mozilla/5.0 (Macintosh; Intel Mac OS X 10_12_3) AppleWebKit/537.36 (KHTML, like Gecko) Chrome/56.0.2924.87 Safari/537.36"
94.72.101.21 - - [02/Nov/2024:20:11:20 +0000] "GET /api/xampp/info.php HTTP/1.1" 404 564 "-" "Mozilla/5.0 (Macintosh; Intel Mac OS X 10_12_3) AppleWebKit/537.36 (KHTML, like Gecko) Chrome/56.0.2924.87 Safari/537.36"
94.72.101.21 - - [02/Nov/2024:20:11:20 +0000] "GET /api/xampp/phpinfo HTTP/1.1" 404 564 "-" "Mozilla/5.0 (Macintosh; Intel Mac OS X 10_12_3) AppleWebKit/537.36 (KHTML, like Gecko) Chrome/56.0.2924.87 Safari/537.36"
94.72.101.21 - - [02/Nov/2024:20:11:20 +0000] "GET /api/_profiler/phpinfo HTTP/1.1" 404 564 "-" "Mozilla/5.0 (Macintosh; Intel Mac OS X 10_12_3) AppleWebKit/537.36 (KHTML, like Gecko) Chrome/56.0.2924.87 Safari/537.36"
94.72.101.21 - - [02/Nov/2024:20:11:21 +0000] "GET /api/phpinfo HTTP/1.1" 404 564 "-" "Mozilla/5.0 (Macintosh; Intel Mac OS X 10_12_3) AppleWebKit/537.36 (KHTML, like Gecko) Chrome/56.0.2924.87 Safari/537.36"
94.72.101.21 - - [02/Nov/2024:20:11:21 +0000] "GET /api/php.ini HTTP/1.1" 404 564 "-" "Mozilla/5.0 (Macintosh; Intel Mac OS X 10_12_3) AppleWebKit/537.36 (KHTML, like Gecko) Chrome/56.0.2924.87 Safari/537.36"
94.72.101.21 - - [02/Nov/2024:20:11:21 +0000] "GET /api/php.php HTTP/1.1" 404 564 "-" "Mozilla/5.0 (Macintosh; Intel Mac OS X 10_12_3) AppleWebKit/537.36 (KHTML, like Gecko) Chrome/56.0.2924.87 Safari/537.36"
94.72.101.21 - - [02/Nov/2024:20:11:21 +0000] "GET /api/infophp.php HTTP/1.1" 404 564 "-" "Mozilla/5.0 (Macintosh; Intel Mac OS X 10_12_3) AppleWebKit/537.36 (KHTML, like Gecko) Chrome/56.0.2924.87 Safari/537.36"
94.72.101.21 - - [02/Nov/2024:20:11:22 +0000] "GET /api/test.php HTTP/1.1" 404 564 "-" "Mozilla/5.0 (Macintosh; Intel Mac OS X 10_12_3) AppleWebKit/537.36 (KHTML, like Gecko) Chrome/56.0.2924.87 Safari/537.36"
94.72.101.21 - - [02/Nov/2024:20:11:22 +0000] "GET /api/dashboard/phpinfo.php HTTP/1.1" 404 564 "-" "Mozilla/5.0 (Macintosh; Intel Mac OS X 10_12_3) AppleWebKit/537.36 (KHTML, like Gecko) Chrome/56.0.2924.87 Safari/537.36"
94.72.101.21 - - [02/Nov/2024:20:11:22 +0000] "GET /api/api/phpinfo.php HTTP/1.1" 404 564 "-" "Mozilla/5.0 (Macintosh; Intel Mac OS X 10_12_3) AppleWebKit/537.36 (KHTML, like Gecko) Chrome/56.0.2924.87 Safari/537.36"
94.72.101.21 - - [02/Nov/2024:20:11:22 +0000] "GET /api/backend/phpinfo.php HTTP/1.1" 404 564 "-" "Mozilla/5.0 (Macintosh; Intel Mac OS X 10_12_3) AppleWebKit/537.36 (KHTML, like Gecko) Chrome/56.0.2924.87 Safari/537.36"
94.72.101.21 - - [02/Nov/2024:20:11:23 +0000] "GET /api/backup/phpinfo.php HTTP/1.1" 404 564 "-" "Mozilla/5.0 (Macintosh; Intel Mac OS X 10_12_3) AppleWebKit/537.36 (KHTML, like Gecko) Chrome/56.0.2924.87 Safari/537.36"
94.72.101.21 - - [02/Nov/2024:20:11:23 +0000] "GET /api/crm/phpinfo.php HTTP/1.1" 404 564 "-" "Mozilla/5.0 (Macintosh; Intel Mac OS X 10_12_3) AppleWebKit/537.36 (KHTML, like Gecko) Chrome/56.0.2924.87 Safari/537.36"
94.72.101.21 - - [02/Nov/2024:20:11:23 +0000] "GET /api/current/phpinfo.php HTTP/1.1" 404 564 "-" "Mozilla/5.0 (Macintosh; Intel Mac OS X 10_12_3) AppleWebKit/537.36 (KHTML, like Gecko) Chrome/56.0.2924.87 Safari/537.36"
94.72.101.21 - - [02/Nov/2024:20:11:23 +0000] "GET /api/dev/phpinfo.php HTTP/1.1" 404 564 "-" "Mozilla/5.0 (Macintosh; Intel Mac OS X 10_12_3) AppleWebKit/537.36 (KHTML, like Gecko) Chrome/56.0.2924.87 Safari/537.36"
94.72.101.21 - - [02/Nov/2024:20:11:24 +0000] "GET /api/develop/phpinfo.php HTTP/1.1" 404 564 "-" "Mozilla/5.0 (Macintosh; Intel Mac OS X 10_12_3) AppleWebKit/537.36 (KHTML, like Gecko) Chrome/56.0.2924.87 Safari/537.36"
94.72.101.21 - - [02/Nov/2024:20:11:24 +0000] "GET /api/development/phpinfo.php HTTP/1.1" 404 564 "-" "Mozilla/5.0 (Macintosh; Intel Mac OS X 10_12_3) AppleWebKit/537.36 (KHTML, like Gecko) Chrome/56.0.2924.87 Safari/537.36"
94.72.101.21 - - [02/Nov/2024:20:11:25 +0000] "GET /api/help/phpinfo.php HTTP/1.1" 404 564 "-" "Mozilla/5.0 (Macintosh; Intel Mac OS X 10_12_3) AppleWebKit/537.36 (KHTML, like Gecko) Chrome/56.0.2924.87 Safari/537.36"
94.72.101.21 - - [02/Nov/2024:20:11:25 +0000] "GET /api/helper/phpinfo.php HTTP/1.1" 404 564 "-" "Mozilla/5.0 (Macintosh; Intel Mac OS X 10_12_3) AppleWebKit/537.36 (KHTML, like Gecko) Chrome/56.0.2924.87 Safari/537.36"
94.72.101.21 - - [02/Nov/2024:20:11:25 +0000] "GET /api/lara/phpinfo.php HTTP/1.1" 404 564 "-" "Mozilla/5.0 (Macintosh; Intel Mac OS X 10_12_3) AppleWebKit/537.36 (KHTML, like Gecko) Chrome/56.0.2924.87 Safari/537.36"
94.72.101.21 - - [02/Nov/2024:20:11:26 +0000] "GET /api/laravel/phpinfo.php HTTP/1.1" 404 564 "-" "Mozilla/5.0 (Macintosh; Intel Mac OS X 10_12_3) AppleWebKit/537.36 (KHTML, like Gecko) Chrome/56.0.2924.87 Safari/537.36"
94.72.101.21 - - [02/Nov/2024:20:11:27 +0000] "GET /api/server/phpinfo.php HTTP/1.1" 404 564 "-" "Mozilla/5.0 (Macintosh; Intel Mac OS X 10_12_3) AppleWebKit/537.36 (KHTML, like Gecko) Chrome/56.0.2924.87 Safari/537.36"
94.72.101.21 - - [02/Nov/2024:20:11:27 +0000] "GET /api/service/phpinfo.php HTTP/1.1" 404 564 "-" "Mozilla/5.0 (Macintosh; Intel Mac OS X 10_12_3) AppleWebKit/537.36 (KHTML, like Gecko) Chrome/56.0.2924.87 Safari/537.36"
94.72.101.21 - - [02/Nov/2024:20:11:27 +0000] "GET /api/services/phpinfo.php HTTP/1.1" 404 564 "-" "Mozilla/5.0 (Macintosh; Intel Mac OS X 10_12_3) AppleWebKit/537.36 (KHTML, like Gecko) Chrome/56.0.2924.87 Safari/537.36"
94.72.101.21 - - [02/Nov/2024:20:11:28 +0000] "GET /api/xampp/phpinfo.php HTTP/1.1" 404 564 "-" "Mozilla/5.0 (Macintosh; Intel Mac OS X 10_12_3) AppleWebKit/537.36 (KHTML, like Gecko) Chrome/56.0.2924.87 Safari/537.36"
94.72.101.21 - - [02/Nov/2024:20:11:28 +0000] "GET /api/api/info.php HTTP/1.1" 404 564 "-" "Mozilla/5.0 (Macintosh; Intel Mac OS X 10_12_3) AppleWebKit/537.36 (KHTML, like Gecko) Chrome/56.0.2924.87 Safari/537.36"
94.72.101.21 - - [02/Nov/2024:20:11:28 +0000] "GET /api/backend/info.php HTTP/1.1" 404 564 "-" "Mozilla/5.0 (Macintosh; Intel Mac OS X 10_12_3) AppleWebKit/537.36 (KHTML, like Gecko) Chrome/56.0.2924.87 Safari/537.36"
94.72.101.21 - - [02/Nov/2024:20:11:28 +0000] "GET /api/backup/info.php HTTP/1.1" 404 564 "-" "Mozilla/5.0 (Macintosh; Intel Mac OS X 10_12_3) AppleWebKit/537.36 (KHTML, like Gecko) Chrome/56.0.2924.87 Safari/537.36"
94.72.101.21 - - [02/Nov/2024:20:11:28 +0000] "GET /api/crm/info.php HTTP/1.1" 404 564 "-" "Mozilla/5.0 (Macintosh; Intel Mac OS X 10_12_3) AppleWebKit/537.36 (KHTML, like Gecko) Chrome/56.0.2924.87 Safari/537.36"
94.72.101.21 - - [02/Nov/2024:20:11:29 +0000] "GET /api/current/info.php HTTP/1.1" 404 564 "-" "Mozilla/5.0 (Macintosh; Intel Mac OS X 10_12_3) AppleWebKit/537.36 (KHTML, like Gecko) Chrome/56.0.2924.87 Safari/537.36"
94.72.101.21 - - [02/Nov/2024:20:11:29 +0000] "GET /api/dev/info.php HTTP/1.1" 404 564 "-" "Mozilla/5.0 (Macintosh; Intel Mac OS X 10_12_3) AppleWebKit/537.36 (KHTML, like Gecko) Chrome/56.0.2924.87 Safari/537.36"
94.72.101.21 - - [02/Nov/2024:20:11:29 +0000] "GET /api/develop/info.php HTTP/1.1" 404 564 "-" "Mozilla/5.0 (Macintosh; Intel Mac OS X 10_12_3) AppleWebKit/537.36 (KHTML, like Gecko) Chrome/56.0.2924.87 Safari/537.36"
94.72.101.21 - - [02/Nov/2024:20:11:30 +0000] "GET /api/development/iinfo.php HTTP/1.1" 404 564 "-" "Mozilla/5.0 (Macintosh; Intel Mac OS X 10_12_3) AppleWebKit/537.36 (KHTML, like Gecko) Chrome/56.0.2924.87 Safari/537.36"
94.72.101.21 - - [02/Nov/2024:20:11:30 +0000] "GET /api/help/info.php HTTP/1.1" 404 564 "-" "Mozilla/5.0 (Macintosh; Intel Mac OS X 10_12_3) AppleWebKit/537.36 (KHTML, like Gecko) Chrome/56.0.2924.87 Safari/537.36"
94.72.101.21 - - [02/Nov/2024:20:11:30 +0000] "GET /api/helper/info.php HTTP/1.1" 404 564 "-" "Mozilla/5.0 (Macintosh; Intel Mac OS X 10_12_3) AppleWebKit/537.36 (KHTML, like Gecko) Chrome/56.0.2924.87 Safari/537.36"
94.72.101.21 - - [02/Nov/2024:20:11:30 +0000] "GET /api/lara/info.php HTTP/1.1" 404 564 "-" "Mozilla/5.0 (Macintosh; Intel Mac OS X 10_12_3) AppleWebKit/537.36 (KHTML, like Gecko) Chrome/56.0.2924.87 Safari/537.36"
94.72.101.21 - - [02/Nov/2024:20:11:30 +0000] "GET /api/laravel/info.php HTTP/1.1" 404 564 "-" "Mozilla/5.0 (Macintosh; Intel Mac OS X 10_12_3) AppleWebKit/537.36 (KHTML, like Gecko) Chrome/56.0.2924.87 Safari/537.36"
94.72.101.21 - - [02/Nov/2024:20:11:30 +0000] "GET /api/server/info.php HTTP/1.1" 404 564 "-" "Mozilla/5.0 (Macintosh; Intel Mac OS X 10_12_3) AppleWebKit/537.36 (KHTML, like Gecko) Chrome/56.0.2924.87 Safari/537.36"
94.72.101.21 - - [02/Nov/2024:20:11:31 +0000] "GET /api/service/info.php HTTP/1.1" 404 564 "-" "Mozilla/5.0 (Macintosh; Intel Mac OS X 10_12_3) AppleWebKit/537.36 (KHTML, like Gecko) Chrome/56.0.2924.87 Safari/537.36"
94.72.101.21 - - [02/Nov/2024:20:11:31 +0000] "GET /api/services/info.php HTTP/1.1" 404 564 "-" "Mozilla/5.0 (Macintosh; Intel Mac OS X 10_12_3) AppleWebKit/537.36 (KHTML, like Gecko) Chrome/56.0.2924.87 Safari/537.36"
94.72.101.21 - - [02/Nov/2024:20:11:31 +0000] "GET /api/php-info.php HTTP/1.1" 404 564 "-" "Mozilla/5.0 (Macintosh; Intel Mac OS X 10_12_3) AppleWebKit/537.36 (KHTML, like Gecko) Chrome/56.0.2924.87 Safari/537.36"
94.72.101.21 - - [02/Nov/2024:20:11:32 +0000] "GET /api/linusadmin-phpinfo.php HTTP/1.1" 404 564 "-" "Mozilla/5.0 (Macintosh; Intel Mac OS X 10_12_3) AppleWebKit/537.36 (KHTML, like Gecko) Chrome/56.0.2924.87 Safari/537.36"
94.72.101.21 - - [02/Nov/2024:20:11:32 +0000] "GET /api/infos.php HTTP/1.1" 404 564 "-" "Mozilla/5.0 (Macintosh; Intel Mac OS X 10_12_3) AppleWebKit/537.36 (KHTML, like Gecko) Chrome/56.0.2924.87 Safari/537.36"
94.72.101.21 - - [02/Nov/2024:20:11:32 +0000] "GET /api/old_phpinfo.php HTTP/1.1" 404 564 "-" "Mozilla/5.0 (Macintosh; Intel Mac OS X 10_12_3) AppleWebKit/537.36 (KHTML, like Gecko) Chrome/56.0.2924.87 Safari/537.36"
94.72.101.21 - - [02/Nov/2024:20:11:32 +0000] "GET /api/temp.php HTTP/1.1" 404 564 "-" "Mozilla/5.0 (Macintosh; Intel Mac OS X 10_12_3) AppleWebKit/537.36 (KHTML, like Gecko) Chrome/56.0.2924.87 Safari/537.36"
94.72.101.21 - - [02/Nov/2024:20:11:33 +0000] "GET /api/time.php HTTP/1.1" 404 564 "-" "Mozilla/5.0 (Macintosh; Intel Mac OS X 10_12_3) AppleWebKit/537.36 (KHTML, like Gecko) Chrome/56.0.2924.87 Safari/537.36"
94.72.101.21 - - [02/Nov/2024:20:11:33 +0000] "GET /api/phpversion.php HTTP/1.1" 404 564 "-" "Mozilla/5.0 (Macintosh; Intel Mac OS X 10_12_3) AppleWebKit/537.36 (KHTML, like Gecko) Chrome/56.0.2924.87 Safari/537.36"
94.72.101.21 - - [02/Nov/2024:20:11:34 +0000] "GET /api/pinfo.php HTTP/1.1" 404 564 "-" "Mozilla/5.0 (Macintosh; Intel Mac OS X 10_12_3) AppleWebKit/537.36 (KHTML, like Gecko) Chrome/56.0.2924.87 Safari/537.36"
94.72.101.21 - - [02/Nov/2024:20:11:34 +0000] "GET /api/i.php HTTP/1.1" 404 564 "-" "Mozilla/5.0 (Macintosh; Intel Mac OS X 10_12_3) AppleWebKit/537.36 (KHTML, like Gecko) Chrome/56.0.2924.87 Safari/537.36"
94.72.101.21 - - [02/Nov/2024:20:11:34 +0000] "GET /api/asdf.php HTTP/1.1" 404 564 "-" "Mozilla/5.0 (Macintosh; Intel Mac OS X 10_12_3) AppleWebKit/537.36 (KHTML, like Gecko) Chrome/56.0.2924.87 Safari/537.36"
94.72.101.21 - - [02/Nov/2024:20:11:34 +0000] "GET /app/xampp/info.php HTTP/1.1" 404 564 "-" "Mozilla/5.0 (Macintosh; Intel Mac OS X 10_12_3) AppleWebKit/537.36 (KHTML, like Gecko) Chrome/56.0.2924.87 Safari/537.36"
94.72.101.21 - - [02/Nov/2024:20:11:34 +0000] "GET /app/xampp/phpinfo HTTP/1.1" 404 564 "-" "Mozilla/5.0 (Macintosh; Intel Mac OS X 10_12_3) AppleWebKit/537.36 (KHTML, like Gecko) Chrome/56.0.2924.87 Safari/537.36"
94.72.101.21 - - [02/Nov/2024:20:11:34 +0000] "GET /app/_profiler/phpinfo HTTP/1.1" 404 564 "-" "Mozilla/5.0 (Macintosh; Intel Mac OS X 10_12_3) AppleWebKit/537.36 (KHTML, like Gecko) Chrome/56.0.2924.87 Safari/537.36"
94.72.101.21 - - [02/Nov/2024:20:11:35 +0000] "GET /app/phpinfo.php HTTP/1.1" 404 564 "-" "Mozilla/5.0 (Macintosh; Intel Mac OS X 10_12_3) AppleWebKit/537.36 (KHTML, like Gecko) Chrome/56.0.2924.87 Safari/537.36"
94.72.101.21 - - [02/Nov/2024:20:11:35 +0000] "GET /app/phpinfo HTTP/1.1" 404 564 "-" "Mozilla/5.0 (Macintosh; Intel Mac OS X 10_12_3) AppleWebKit/537.36 (KHTML, like Gecko) Chrome/56.0.2924.87 Safari/537.36"
94.72.101.21 - - [02/Nov/2024:20:11:35 +0000] "GET /app/info.php HTTP/1.1" 404 564 "-" "Mozilla/5.0 (Macintosh; Intel Mac OS X 10_12_3) AppleWebKit/537.36 (KHTML, like Gecko) Chrome/56.0.2924.87 Safari/537.36"
94.72.101.21 - - [02/Nov/2024:20:11:35 +0000] "GET /app/php.ini HTTP/1.1" 404 564 "-" "Mozilla/5.0 (Macintosh; Intel Mac OS X 10_12_3) AppleWebKit/537.36 (KHTML, like Gecko) Chrome/56.0.2924.87 Safari/537.36"
94.72.101.21 - - [02/Nov/2024:20:11:35 +0000] "GET /app/php.php HTTP/1.1" 404 564 "-" "Mozilla/5.0 (Macintosh; Intel Mac OS X 10_12_3) AppleWebKit/537.36 (KHTML, like Gecko) Chrome/56.0.2924.87 Safari/537.36"
94.72.101.21 - - [02/Nov/2024:20:11:36 +0000] "GET /app/infophp.php HTTP/1.1" 404 564 "-" "Mozilla/5.0 (Macintosh; Intel Mac OS X 10_12_3) AppleWebKit/537.36 (KHTML, like Gecko) Chrome/56.0.2924.87 Safari/537.36"
94.72.101.21 - - [02/Nov/2024:20:11:36 +0000] "GET /app/test.php HTTP/1.1" 404 564 "-" "Mozilla/5.0 (Macintosh; Intel Mac OS X 10_12_3) AppleWebKit/537.36 (KHTML, like Gecko) Chrome/56.0.2924.87 Safari/537.36"
94.72.101.21 - - [02/Nov/2024:20:11:36 +0000] "GET /app/dashboard/phpinfo.php HTTP/1.1" 404 564 "-" "Mozilla/5.0 (Macintosh; Intel Mac OS X 10_12_3) AppleWebKit/537.36 (KHTML, like Gecko) Chrome/56.0.2924.87 Safari/537.36"
94.72.101.21 - - [02/Nov/2024:20:11:36 +0000] "GET /app/api/phpinfo.php HTTP/1.1" 404 564 "-" "Mozilla/5.0 (Macintosh; Intel Mac OS X 10_12_3) AppleWebKit/537.36 (KHTML, like Gecko) Chrome/56.0.2924.87 Safari/537.36"
94.72.101.21 - - [02/Nov/2024:20:11:36 +0000] "GET /app/backend/phpinfo.php HTTP/1.1" 404 564 "-" "Mozilla/5.0 (Macintosh; Intel Mac OS X 10_12_3) AppleWebKit/537.36 (KHTML, like Gecko) Chrome/56.0.2924.87 Safari/537.36"
94.72.101.21 - - [02/Nov/2024:20:11:36 +0000] "GET /app/backup/phpinfo.php HTTP/1.1" 404 564 "-" "Mozilla/5.0 (Macintosh; Intel Mac OS X 10_12_3) AppleWebKit/537.36 (KHTML, like Gecko) Chrome/56.0.2924.87 Safari/537.36"
94.72.101.21 - - [02/Nov/2024:20:11:37 +0000] "GET /app/crm/phpinfo.php HTTP/1.1" 404 564 "-" "Mozilla/5.0 (Macintosh; Intel Mac OS X 10_12_3) AppleWebKit/537.36 (KHTML, like Gecko) Chrome/56.0.2924.87 Safari/537.36"
94.72.101.21 - - [02/Nov/2024:20:11:37 +0000] "GET /app/current/phpinfo.php HTTP/1.1" 404 564 "-" "Mozilla/5.0 (Macintosh; Intel Mac OS X 10_12_3) AppleWebKit/537.36 (KHTML, like Gecko) Chrome/56.0.2924.87 Safari/537.36"
94.72.101.21 - - [02/Nov/2024:20:11:37 +0000] "GET /app/dev/phpinfo.php HTTP/1.1" 404 564 "-" "Mozilla/5.0 (Macintosh; Intel Mac OS X 10_12_3) AppleWebKit/537.36 (KHTML, like Gecko) Chrome/56.0.2924.87 Safari/537.36"
94.72.101.21 - - [02/Nov/2024:20:11:37 +0000] "GET /app/develop/phpinfo.php HTTP/1.1" 404 564 "-" "Mozilla/5.0 (Macintosh; Intel Mac OS X 10_12_3) AppleWebKit/537.36 (KHTML, like Gecko) Chrome/56.0.2924.87 Safari/537.36"
94.72.101.21 - - [02/Nov/2024:20:11:38 +0000] "GET /app/development/phpinfo.php HTTP/1.1" 404 564 "-" "Mozilla/5.0 (Macintosh; Intel Mac OS X 10_12_3) AppleWebKit/537.36 (KHTML, like Gecko) Chrome/56.0.2924.87 Safari/537.36"
94.72.101.21 - - [02/Nov/2024:20:11:38 +0000] "GET /app/help/phpinfo.php HTTP/1.1" 404 564 "-" "Mozilla/5.0 (Macintosh; Intel Mac OS X 10_12_3) AppleWebKit/537.36 (KHTML, like Gecko) Chrome/56.0.2924.87 Safari/537.36"
94.72.101.21 - - [02/Nov/2024:20:11:38 +0000] "GET /app/helper/phpinfo.php HTTP/1.1" 404 564 "-" "Mozilla/5.0 (Macintosh; Intel Mac OS X 10_12_3) AppleWebKit/537.36 (KHTML, like Gecko) Chrome/56.0.2924.87 Safari/537.36"
94.72.101.21 - - [02/Nov/2024:20:11:39 +0000] "GET /app/lara/phpinfo.php HTTP/1.1" 404 564 "-" "Mozilla/5.0 (Macintosh; Intel Mac OS X 10_12_3) AppleWebKit/537.36 (KHTML, like Gecko) Chrome/56.0.2924.87 Safari/537.36"
94.72.101.21 - - [02/Nov/2024:20:11:39 +0000] "GET /app/laravel/phpinfo.php HTTP/1.1" 404 564 "-" "Mozilla/5.0 (Macintosh; Intel Mac OS X 10_12_3) AppleWebKit/537.36 (KHTML, like Gecko) Chrome/56.0.2924.87 Safari/537.36"
94.72.101.21 - - [02/Nov/2024:20:11:39 +0000] "GET /app/server/phpinfo.php HTTP/1.1" 404 564 "-" "Mozilla/5.0 (Macintosh; Intel Mac OS X 10_12_3) AppleWebKit/537.36 (KHTML, like Gecko) Chrome/56.0.2924.87 Safari/537.36"
94.72.101.21 - - [02/Nov/2024:20:11:39 +0000] "GET /app/service/phpinfo.php HTTP/1.1" 404 564 "-" "Mozilla/5.0 (Macintosh; Intel Mac OS X 10_12_3) AppleWebKit/537.36 (KHTML, like Gecko) Chrome/56.0.2924.87 Safari/537.36"
94.72.101.21 - - [02/Nov/2024:20:11:40 +0000] "GET /app/services/phpinfo.php HTTP/1.1" 404 564 "-" "Mozilla/5.0 (Macintosh; Intel Mac OS X 10_12_3) AppleWebKit/537.36 (KHTML, like Gecko) Chrome/56.0.2924.87 Safari/537.36"
94.72.101.21 - - [02/Nov/2024:20:11:40 +0000] "GET /app/xampp/phpinfo.php HTTP/1.1" 404 564 "-" "Mozilla/5.0 (Macintosh; Intel Mac OS X 10_12_3) AppleWebKit/537.36 (KHTML, like Gecko) Chrome/56.0.2924.87 Safari/537.36"
94.72.101.21 - - [02/Nov/2024:20:11:40 +0000] "GET /app/api/info.php HTTP/1.1" 404 564 "-" "Mozilla/5.0 (Macintosh; Intel Mac OS X 10_12_3) AppleWebKit/537.36 (KHTML, like Gecko) Chrome/56.0.2924.87 Safari/537.36"
94.72.101.21 - - [02/Nov/2024:20:11:40 +0000] "GET /app/backend/info.php HTTP/1.1" 404 564 "-" "Mozilla/5.0 (Macintosh; Intel Mac OS X 10_12_3) AppleWebKit/537.36 (KHTML, like Gecko) Chrome/56.0.2924.87 Safari/537.36"
94.72.101.21 - - [02/Nov/2024:20:11:40 +0000] "GET /app/backup/info.php HTTP/1.1" 404 564 "-" "Mozilla/5.0 (Macintosh; Intel Mac OS X 10_12_3) AppleWebKit/537.36 (KHTML, like Gecko) Chrome/56.0.2924.87 Safari/537.36"
94.72.101.21 - - [02/Nov/2024:20:11:41 +0000] "GET /app/crm/info.php HTTP/1.1" 404 564 "-" "Mozilla/5.0 (Macintosh; Intel Mac OS X 10_12_3) AppleWebKit/537.36 (KHTML, like Gecko) Chrome/56.0.2924.87 Safari/537.36"
94.72.101.21 - - [02/Nov/2024:20:11:41 +0000] "GET /app/current/info.php HTTP/1.1" 404 564 "-" "Mozilla/5.0 (Macintosh; Intel Mac OS X 10_12_3) AppleWebKit/537.36 (KHTML, like Gecko) Chrome/56.0.2924.87 Safari/537.36"
94.72.101.21 - - [02/Nov/2024:20:11:41 +0000] "GET /app/dev/info.php HTTP/1.1" 404 564 "-" "Mozilla/5.0 (Macintosh; Intel Mac OS X 10_12_3) AppleWebKit/537.36 (KHTML, like Gecko) Chrome/56.0.2924.87 Safari/537.36"
94.72.101.21 - - [02/Nov/2024:20:11:41 +0000] "GET /app/develop/info.php HTTP/1.1" 404 564 "-" "Mozilla/5.0 (Macintosh; Intel Mac OS X 10_12_3) AppleWebKit/537.36 (KHTML, like Gecko) Chrome/56.0.2924.87 Safari/537.36"
94.72.101.21 - - [02/Nov/2024:20:11:41 +0000] "GET /app/development/iinfo.php HTTP/1.1" 404 564 "-" "Mozilla/5.0 (Macintosh; Intel Mac OS X 10_12_3) AppleWebKit/537.36 (KHTML, like Gecko) Chrome/56.0.2924.87 Safari/537.36"
94.72.101.21 - - [02/Nov/2024:20:11:42 +0000] "GET /app/help/info.php HTTP/1.1" 404 564 "-" "Mozilla/5.0 (Macintosh; Intel Mac OS X 10_12_3) AppleWebKit/537.36 (KHTML, like Gecko) Chrome/56.0.2924.87 Safari/537.36"
94.72.101.21 - - [02/Nov/2024:20:11:42 +0000] "GET /app/helper/info.php HTTP/1.1" 404 564 "-" "Mozilla/5.0 (Macintosh; Intel Mac OS X 10_12_3) AppleWebKit/537.36 (KHTML, like Gecko) Chrome/56.0.2924.87 Safari/537.36"
94.72.101.21 - - [02/Nov/2024:20:11:42 +0000] "GET /app/lara/info.php HTTP/1.1" 404 564 "-" "Mozilla/5.0 (Macintosh; Intel Mac OS X 10_12_3) AppleWebKit/537.36 (KHTML, like Gecko) Chrome/56.0.2924.87 Safari/537.36"
94.72.101.21 - - [02/Nov/2024:20:11:42 +0000] "GET /app/laravel/info.php HTTP/1.1" 404 564 "-" "Mozilla/5.0 (Macintosh; Intel Mac OS X 10_12_3) AppleWebKit/537.36 (KHTML, like Gecko) Chrome/56.0.2924.87 Safari/537.36"
94.72.101.21 - - [02/Nov/2024:20:11:42 +0000] "GET /app/server/info.php HTTP/1.1" 404 564 "-" "Mozilla/5.0 (Macintosh; Intel Mac OS X 10_12_3) AppleWebKit/537.36 (KHTML, like Gecko) Chrome/56.0.2924.87 Safari/537.36"
94.72.101.21 - - [02/Nov/2024:20:11:42 +0000] "GET /app/service/info.php HTTP/1.1" 404 564 "-" "Mozilla/5.0 (Macintosh; Intel Mac OS X 10_12_3) AppleWebKit/537.36 (KHTML, like Gecko) Chrome/56.0.2924.87 Safari/537.36"
94.72.101.21 - - [02/Nov/2024:20:11:43 +0000] "GET /app/services/info.php HTTP/1.1" 404 564 "-" "Mozilla/5.0 (Macintosh; Intel Mac OS X 10_12_3) AppleWebKit/537.36 (KHTML, like Gecko) Chrome/56.0.2924.87 Safari/537.36"
94.72.101.21 - - [02/Nov/2024:20:11:43 +0000] "GET /app/php-info.php HTTP/1.1" 404 564 "-" "Mozilla/5.0 (Macintosh; Intel Mac OS X 10_12_3) AppleWebKit/537.36 (KHTML, like Gecko) Chrome/56.0.2924.87 Safari/537.36"
94.72.101.21 - - [02/Nov/2024:20:11:43 +0000] "GET /app/linusadmin-phpinfo.php HTTP/1.1" 404 564 "-" "Mozilla/5.0 (Macintosh; Intel Mac OS X 10_12_3) AppleWebKit/537.36 (KHTML, like Gecko) Chrome/56.0.2924.87 Safari/537.36"
94.72.101.21 - - [02/Nov/2024:20:11:43 +0000] "GET /app/infos.php HTTP/1.1" 404 564 "-" "Mozilla/5.0 (Macintosh; Intel Mac OS X 10_12_3) AppleWebKit/537.36 (KHTML, like Gecko) Chrome/56.0.2924.87 Safari/537.36"
94.72.101.21 - - [02/Nov/2024:20:11:43 +0000] "GET /app/old_phpinfo.php HTTP/1.1" 404 564 "-" "Mozilla/5.0 (Macintosh; Intel Mac OS X 10_12_3) AppleWebKit/537.36 (KHTML, like Gecko) Chrome/56.0.2924.87 Safari/537.36"
94.72.101.21 - - [02/Nov/2024:20:11:44 +0000] "GET /app/temp.php HTTP/1.1" 404 564 "-" "Mozilla/5.0 (Macintosh; Intel Mac OS X 10_12_3) AppleWebKit/537.36 (KHTML, like Gecko) Chrome/56.0.2924.87 Safari/537.36"
94.72.101.21 - - [02/Nov/2024:20:11:44 +0000] "GET /app/time.php HTTP/1.1" 404 564 "-" "Mozilla/5.0 (Macintosh; Intel Mac OS X 10_12_3) AppleWebKit/537.36 (KHTML, like Gecko) Chrome/56.0.2924.87 Safari/537.36"
94.72.101.21 - - [02/Nov/2024:20:11:45 +0000] "GET /app/phpversion.php HTTP/1.1" 404 564 "-" "Mozilla/5.0 (Macintosh; Intel Mac OS X 10_12_3) AppleWebKit/537.36 (KHTML, like Gecko) Chrome/56.0.2924.87 Safari/537.36"
94.72.101.21 - - [02/Nov/2024:20:11:45 +0000] "GET /app/pinfo.php HTTP/1.1" 404 564 "-" "Mozilla/5.0 (Macintosh; Intel Mac OS X 10_12_3) AppleWebKit/537.36 (KHTML, like Gecko) Chrome/56.0.2924.87 Safari/537.36"
94.72.101.21 - - [02/Nov/2024:20:11:45 +0000] "GET /app/i.php HTTP/1.1" 404 564 "-" "Mozilla/5.0 (Macintosh; Intel Mac OS X 10_12_3) AppleWebKit/537.36 (KHTML, like Gecko) Chrome/56.0.2924.87 Safari/537.36"
94.72.101.21 - - [02/Nov/2024:20:11:46 +0000] "GET /app/asdf.php HTTP/1.1" 404 564 "-" "Mozilla/5.0 (Macintosh; Intel Mac OS X 10_12_3) AppleWebKit/537.36 (KHTML, like Gecko) Chrome/56.0.2924.87 Safari/537.36"
94.72.101.21 - - [02/Nov/2024:20:11:46 +0000] "GET /apis/xampp/info.php HTTP/1.1" 404 564 "-" "Mozilla/5.0 (Macintosh; Intel Mac OS X 10_12_3) AppleWebKit/537.36 (KHTML, like Gecko) Chrome/56.0.2924.87 Safari/537.36"
94.72.101.21 - - [02/Nov/2024:20:11:46 +0000] "GET /apis/xampp/phpinfo HTTP/1.1" 404 564 "-" "Mozilla/5.0 (Macintosh; Intel Mac OS X 10_12_3) AppleWebKit/537.36 (KHTML, like Gecko) Chrome/56.0.2924.87 Safari/537.36"
94.72.101.21 - - [02/Nov/2024:20:11:47 +0000] "GET /apis/_profiler/phpinfo HTTP/1.1" 404 564 "-" "Mozilla/5.0 (Macintosh; Intel Mac OS X 10_12_3) AppleWebKit/537.36 (KHTML, like Gecko) Chrome/56.0.2924.87 Safari/537.36"
94.72.101.21 - - [02/Nov/2024:20:11:47 +0000] "GET /apis/phpinfo.php HTTP/1.1" 404 564 "-" "Mozilla/5.0 (Macintosh; Intel Mac OS X 10_12_3) AppleWebKit/537.36 (KHTML, like Gecko) Chrome/56.0.2924.87 Safari/537.36"
94.72.101.21 - - [02/Nov/2024:20:11:47 +0000] "GET /apis/phpinfo HTTP/1.1" 404 564 "-" "Mozilla/5.0 (Macintosh; Intel Mac OS X 10_12_3) AppleWebKit/537.36 (KHTML, like Gecko) Chrome/56.0.2924.87 Safari/537.36"
94.72.101.21 - - [02/Nov/2024:20:11:47 +0000] "GET /apis/info.php HTTP/1.1" 404 564 "-" "Mozilla/5.0 (Macintosh; Intel Mac OS X 10_12_3) AppleWebKit/537.36 (KHTML, like Gecko) Chrome/56.0.2924.87 Safari/537.36"
94.72.101.21 - - [02/Nov/2024:20:11:47 +0000] "GET /apis/php.ini HTTP/1.1" 404 564 "-" "Mozilla/5.0 (Macintosh; Intel Mac OS X 10_12_3) AppleWebKit/537.36 (KHTML, like Gecko) Chrome/56.0.2924.87 Safari/537.36"
94.72.101.21 - - [02/Nov/2024:20:11:47 +0000] "GET /apis/php.php HTTP/1.1" 404 564 "-" "Mozilla/5.0 (Macintosh; Intel Mac OS X 10_12_3) AppleWebKit/537.36 (KHTML, like Gecko) Chrome/56.0.2924.87 Safari/537.36"
94.72.101.21 - - [02/Nov/2024:20:11:48 +0000] "GET /apis/infophp.php HTTP/1.1" 404 564 "-" "Mozilla/5.0 (Macintosh; Intel Mac OS X 10_12_3) AppleWebKit/537.36 (KHTML, like Gecko) Chrome/56.0.2924.87 Safari/537.36"
94.72.101.21 - - [02/Nov/2024:20:11:48 +0000] "GET /apis/test.php HTTP/1.1" 404 564 "-" "Mozilla/5.0 (Macintosh; Intel Mac OS X 10_12_3) AppleWebKit/537.36 (KHTML, like Gecko) Chrome/56.0.2924.87 Safari/537.36"
94.72.101.21 - - [02/Nov/2024:20:11:48 +0000] "GET /apis/dashboard/phpinfo.php HTTP/1.1" 404 564 "-" "Mozilla/5.0 (Macintosh; Intel Mac OS X 10_12_3) AppleWebKit/537.36 (KHTML, like Gecko) Chrome/56.0.2924.87 Safari/537.36"
94.72.101.21 - - [02/Nov/2024:20:11:49 +0000] "GET /apis/api/phpinfo.php HTTP/1.1" 404 564 "-" "Mozilla/5.0 (Macintosh; Intel Mac OS X 10_12_3) AppleWebKit/537.36 (KHTML, like Gecko) Chrome/56.0.2924.87 Safari/537.36"
94.72.101.21 - - [02/Nov/2024:20:11:49 +0000] "GET /apis/backend/phpinfo.php HTTP/1.1" 404 564 "-" "Mozilla/5.0 (Macintosh; Intel Mac OS X 10_12_3) AppleWebKit/537.36 (KHTML, like Gecko) Chrome/56.0.2924.87 Safari/537.36"
94.72.101.21 - - [02/Nov/2024:20:11:49 +0000] "GET /apis/backup/phpinfo.php HTTP/1.1" 404 564 "-" "Mozilla/5.0 (Macintosh; Intel Mac OS X 10_12_3) AppleWebKit/537.36 (KHTML, like Gecko) Chrome/56.0.2924.87 Safari/537.36"
94.72.101.21 - - [02/Nov/2024:20:11:49 +0000] "GET /apis/crm/phpinfo.php HTTP/1.1" 404 564 "-" "Mozilla/5.0 (Macintosh; Intel Mac OS X 10_12_3) AppleWebKit/537.36 (KHTML, like Gecko) Chrome/56.0.2924.87 Safari/537.36"
94.72.101.21 - - [02/Nov/2024:20:11:49 +0000] "GET /apis/current/phpinfo.php HTTP/1.1" 404 564 "-" "Mozilla/5.0 (Macintosh; Intel Mac OS X 10_12_3) AppleWebKit/537.36 (KHTML, like Gecko) Chrome/56.0.2924.87 Safari/537.36"
94.72.101.21 - - [02/Nov/2024:20:11:49 +0000] "GET /apis/dev/phpinfo.php HTTP/1.1" 404 564 "-" "Mozilla/5.0 (Macintosh; Intel Mac OS X 10_12_3) AppleWebKit/537.36 (KHTML, like Gecko) Chrome/56.0.2924.87 Safari/537.36"
94.72.101.21 - - [02/Nov/2024:20:11:50 +0000] "GET /apis/develop/phpinfo.php HTTP/1.1" 404 564 "-" "Mozilla/5.0 (Macintosh; Intel Mac OS X 10_12_3) AppleWebKit/537.36 (KHTML, like Gecko) Chrome/56.0.2924.87 Safari/537.36"
94.72.101.21 - - [02/Nov/2024:20:11:50 +0000] "GET /apis/development/phpinfo.php HTTP/1.1" 404 564 "-" "Mozilla/5.0 (Macintosh; Intel Mac OS X 10_12_3) AppleWebKit/537.36 (KHTML, like Gecko) Chrome/56.0.2924.87 Safari/537.36"
94.72.101.21 - - [02/Nov/2024:20:11:50 +0000] "GET /apis/help/phpinfo.php HTTP/1.1" 404 564 "-" "Mozilla/5.0 (Macintosh; Intel Mac OS X 10_12_3) AppleWebKit/537.36 (KHTML, like Gecko) Chrome/56.0.2924.87 Safari/537.36"
94.72.101.21 - - [02/Nov/2024:20:11:50 +0000] "GET /apis/helper/phpinfo.php HTTP/1.1" 404 564 "-" "Mozilla/5.0 (Macintosh; Intel Mac OS X 10_12_3) AppleWebKit/537.36 (KHTML, like Gecko) Chrome/56.0.2924.87 Safari/537.36"
94.72.101.21 - - [02/Nov/2024:20:11:50 +0000] "GET /apis/lara/phpinfo.php HTTP/1.1" 404 564 "-" "Mozilla/5.0 (Macintosh; Intel Mac OS X 10_12_3) AppleWebKit/537.36 (KHTML, like Gecko) Chrome/56.0.2924.87 Safari/537.36"
94.72.101.21 - - [02/Nov/2024:20:11:50 +0000] "GET /apis/laravel/phpinfo.php HTTP/1.1" 404 564 "-" "Mozilla/5.0 (Macintosh; Intel Mac OS X 10_12_3) AppleWebKit/537.36 (KHTML, like Gecko) Chrome/56.0.2924.87 Safari/537.36"
94.72.101.21 - - [02/Nov/2024:20:11:51 +0000] "GET /apis/server/phpinfo.php HTTP/1.1" 404 564 "-" "Mozilla/5.0 (Macintosh; Intel Mac OS X 10_12_3) AppleWebKit/537.36 (KHTML, like Gecko) Chrome/56.0.2924.87 Safari/537.36"
94.72.101.21 - - [02/Nov/2024:20:11:51 +0000] "GET /apis/service/phpinfo.php HTTP/1.1" 404 564 "-" "Mozilla/5.0 (Macintosh; Intel Mac OS X 10_12_3) AppleWebKit/537.36 (KHTML, like Gecko) Chrome/56.0.2924.87 Safari/537.36"
94.72.101.21 - - [02/Nov/2024:20:11:51 +0000] "GET /apis/services/phpinfo.php HTTP/1.1" 404 564 "-" "Mozilla/5.0 (Macintosh; Intel Mac OS X 10_12_3) AppleWebKit/537.36 (KHTML, like Gecko) Chrome/56.0.2924.87 Safari/537.36"
94.72.101.21 - - [02/Nov/2024:20:11:51 +0000] "GET /apis/xampp/phpinfo.php HTTP/1.1" 404 564 "-" "Mozilla/5.0 (Macintosh; Intel Mac OS X 10_12_3) AppleWebKit/537.36 (KHTML, like Gecko) Chrome/56.0.2924.87 Safari/537.36"
94.72.101.21 - - [02/Nov/2024:20:11:51 +0000] "GET /apis/api/info.php HTTP/1.1" 404 564 "-" "Mozilla/5.0 (Macintosh; Intel Mac OS X 10_12_3) AppleWebKit/537.36 (KHTML, like Gecko) Chrome/56.0.2924.87 Safari/537.36"
94.72.101.21 - - [02/Nov/2024:20:11:52 +0000] "GET /apis/backend/info.php HTTP/1.1" 404 564 "-" "Mozilla/5.0 (Macintosh; Intel Mac OS X 10_12_3) AppleWebKit/537.36 (KHTML, like Gecko) Chrome/56.0.2924.87 Safari/537.36"
94.72.101.21 - - [02/Nov/2024:20:11:52 +0000] "GET /apis/backup/info.php HTTP/1.1" 404 564 "-" "Mozilla/5.0 (Macintosh; Intel Mac OS X 10_12_3) AppleWebKit/537.36 (KHTML, like Gecko) Chrome/56.0.2924.87 Safari/537.36"
94.72.101.21 - - [02/Nov/2024:20:11:52 +0000] "GET /apis/crm/info.php HTTP/1.1" 404 564 "-" "Mozilla/5.0 (Macintosh; Intel Mac OS X 10_12_3) AppleWebKit/537.36 (KHTML, like Gecko) Chrome/56.0.2924.87 Safari/537.36"
94.72.101.21 - - [02/Nov/2024:20:11:52 +0000] "GET /apis/current/info.php HTTP/1.1" 404 564 "-" "Mozilla/5.0 (Macintosh; Intel Mac OS X 10_12_3) AppleWebKit/537.36 (KHTML, like Gecko) Chrome/56.0.2924.87 Safari/537.36"
94.72.101.21 - - [02/Nov/2024:20:11:52 +0000] "GET /apis/dev/info.php HTTP/1.1" 404 564 "-" "Mozilla/5.0 (Macintosh; Intel Mac OS X 10_12_3) AppleWebKit/537.36 (KHTML, like Gecko) Chrome/56.0.2924.87 Safari/537.36"
94.72.101.21 - - [02/Nov/2024:20:11:52 +0000] "GET /apis/develop/info.php HTTP/1.1" 404 564 "-" "Mozilla/5.0 (Macintosh; Intel Mac OS X 10_12_3) AppleWebKit/537.36 (KHTML, like Gecko) Chrome/56.0.2924.87 Safari/537.36"
94.72.101.21 - - [02/Nov/2024:20:11:53 +0000] "GET /apis/development/iinfo.php HTTP/1.1" 404 564 "-" "Mozilla/5.0 (Macintosh; Intel Mac OS X 10_12_3) AppleWebKit/537.36 (KHTML, like Gecko) Chrome/56.0.2924.87 Safari/537.36"
94.72.101.21 - - [02/Nov/2024:20:11:53 +0000] "GET /apis/help/info.php HTTP/1.1" 404 564 "-" "Mozilla/5.0 (Macintosh; Intel Mac OS X 10_12_3) AppleWebKit/537.36 (KHTML, like Gecko) Chrome/56.0.2924.87 Safari/537.36"
94.72.101.21 - - [02/Nov/2024:20:11:53 +0000] "GET /apis/helper/info.php HTTP/1.1" 404 564 "-" "Mozilla/5.0 (Macintosh; Intel Mac OS X 10_12_3) AppleWebKit/537.36 (KHTML, like Gecko) Chrome/56.0.2924.87 Safari/537.36"
94.72.101.21 - - [02/Nov/2024:20:11:54 +0000] "GET /apis/lara/info.php HTTP/1.1" 404 564 "-" "Mozilla/5.0 (Macintosh; Intel Mac OS X 10_12_3) AppleWebKit/537.36 (KHTML, like Gecko) Chrome/56.0.2924.87 Safari/537.36"
94.72.101.21 - - [02/Nov/2024:20:11:54 +0000] "GET /apis/laravel/info.php HTTP/1.1" 404 564 "-" "Mozilla/5.0 (Macintosh; Intel Mac OS X 10_12_3) AppleWebKit/537.36 (KHTML, like Gecko) Chrome/56.0.2924.87 Safari/537.36"
94.72.101.21 - - [02/Nov/2024:20:11:54 +0000] "GET /apis/server/info.php HTTP/1.1" 404 564 "-" "Mozilla/5.0 (Macintosh; Intel Mac OS X 10_12_3) AppleWebKit/537.36 (KHTML, like Gecko) Chrome/56.0.2924.87 Safari/537.36"
94.72.101.21 - - [02/Nov/2024:20:11:54 +0000] "GET /apis/service/info.php HTTP/1.1" 404 564 "-" "Mozilla/5.0 (Macintosh; Intel Mac OS X 10_12_3) AppleWebKit/537.36 (KHTML, like Gecko) Chrome/56.0.2924.87 Safari/537.36"
94.72.101.21 - - [02/Nov/2024:20:11:55 +0000] "GET /apis/services/info.php HTTP/1.1" 404 564 "-" "Mozilla/5.0 (Macintosh; Intel Mac OS X 10_12_3) AppleWebKit/537.36 (KHTML, like Gecko) Chrome/56.0.2924.87 Safari/537.36"
94.72.101.21 - - [02/Nov/2024:20:11:55 +0000] "GET /apis/php-info.php HTTP/1.1" 404 564 "-" "Mozilla/5.0 (Macintosh; Intel Mac OS X 10_12_3) AppleWebKit/537.36 (KHTML, like Gecko) Chrome/56.0.2924.87 Safari/537.36"
94.72.101.21 - - [02/Nov/2024:20:11:55 +0000] "GET /apis/linusadmin-phpinfo.php HTTP/1.1" 404 564 "-" "Mozilla/5.0 (Macintosh; Intel Mac OS X 10_12_3) AppleWebKit/537.36 (KHTML, like Gecko) Chrome/56.0.2924.87 Safari/537.36"
94.72.101.21 - - [02/Nov/2024:20:11:55 +0000] "GET /apis/infos.php HTTP/1.1" 404 564 "-" "Mozilla/5.0 (Macintosh; Intel Mac OS X 10_12_3) AppleWebKit/537.36 (KHTML, like Gecko) Chrome/56.0.2924.87 Safari/537.36"
94.72.101.21 - - [02/Nov/2024:20:11:55 +0000] "GET /apis/old_phpinfo.php HTTP/1.1" 404 564 "-" "Mozilla/5.0 (Macintosh; Intel Mac OS X 10_12_3) AppleWebKit/537.36 (KHTML, like Gecko) Chrome/56.0.2924.87 Safari/537.36"
94.72.101.21 - - [02/Nov/2024:20:11:56 +0000] "GET /apis/temp.php HTTP/1.1" 404 564 "-" "Mozilla/5.0 (Macintosh; Intel Mac OS X 10_12_3) AppleWebKit/537.36 (KHTML, like Gecko) Chrome/56.0.2924.87 Safari/537.36"
94.72.101.21 - - [02/Nov/2024:20:11:56 +0000] "GET /apis/time.php HTTP/1.1" 404 564 "-" "Mozilla/5.0 (Macintosh; Intel Mac OS X 10_12_3) AppleWebKit/537.36 (KHTML, like Gecko) Chrome/56.0.2924.87 Safari/537.36"
94.72.101.21 - - [02/Nov/2024:20:11:56 +0000] "GET /apis/phpversion.php HTTP/1.1" 404 564 "-" "Mozilla/5.0 (Macintosh; Intel Mac OS X 10_12_3) AppleWebKit/537.36 (KHTML, like Gecko) Chrome/56.0.2924.87 Safari/537.36"
94.72.101.21 - - [02/Nov/2024:20:11:56 +0000] "GET /apis/pinfo.php HTTP/1.1" 404 564 "-" "Mozilla/5.0 (Macintosh; Intel Mac OS X 10_12_3) AppleWebKit/537.36 (KHTML, like Gecko) Chrome/56.0.2924.87 Safari/537.36"
94.72.101.21 - - [02/Nov/2024:20:11:56 +0000] "GET /apis/i.php HTTP/1.1" 404 564 "-" "Mozilla/5.0 (Macintosh; Intel Mac OS X 10_12_3) AppleWebKit/537.36 (KHTML, like Gecko) Chrome/56.0.2924.87 Safari/537.36"
94.72.101.21 - - [02/Nov/2024:20:11:56 +0000] "GET /apis/asdf.php HTTP/1.1" 404 564 "-" "Mozilla/5.0 (Macintosh; Intel Mac OS X 10_12_3) AppleWebKit/537.36 (KHTML, like Gecko) Chrome/56.0.2924.87 Safari/537.36"
94.72.101.21 - - [02/Nov/2024:20:11:57 +0000] "GET /back/xampp/info.php HTTP/1.1" 404 564 "-" "Mozilla/5.0 (Macintosh; Intel Mac OS X 10_12_3) AppleWebKit/537.36 (KHTML, like Gecko) Chrome/56.0.2924.87 Safari/537.36"
94.72.101.21 - - [02/Nov/2024:20:11:57 +0000] "GET /back/xampp/phpinfo HTTP/1.1" 404 564 "-" "Mozilla/5.0 (Macintosh; Intel Mac OS X 10_12_3) AppleWebKit/537.36 (KHTML, like Gecko) Chrome/56.0.2924.87 Safari/537.36"
94.72.101.21 - - [02/Nov/2024:20:11:57 +0000] "GET /back/_profiler/phpinfo HTTP/1.1" 404 564 "-" "Mozilla/5.0 (Macintosh; Intel Mac OS X 10_12_3) AppleWebKit/537.36 (KHTML, like Gecko) Chrome/56.0.2924.87 Safari/537.36"
94.72.101.21 - - [02/Nov/2024:20:11:57 +0000] "GET /back/phpinfo.php HTTP/1.1" 404 564 "-" "Mozilla/5.0 (Macintosh; Intel Mac OS X 10_12_3) AppleWebKit/537.36 (KHTML, like Gecko) Chrome/56.0.2924.87 Safari/537.36"
94.72.101.21 - - [02/Nov/2024:20:11:57 +0000] "GET /back/phpinfo HTTP/1.1" 404 564 "-" "Mozilla/5.0 (Macintosh; Intel Mac OS X 10_12_3) AppleWebKit/537.36 (KHTML, like Gecko) Chrome/56.0.2924.87 Safari/537.36"
94.72.101.21 - - [02/Nov/2024:20:11:57 +0000] "GET /back/info.php HTTP/1.1" 404 564 "-" "Mozilla/5.0 (Macintosh; Intel Mac OS X 10_12_3) AppleWebKit/537.36 (KHTML, like Gecko) Chrome/56.0.2924.87 Safari/537.36"
94.72.101.21 - - [02/Nov/2024:20:11:58 +0000] "GET /back/php.ini HTTP/1.1" 404 564 "-" "Mozilla/5.0 (Macintosh; Intel Mac OS X 10_12_3) AppleWebKit/537.36 (KHTML, like Gecko) Chrome/56.0.2924.87 Safari/537.36"
94.72.101.21 - - [02/Nov/2024:20:11:59 +0000] "GET /back/php.php HTTP/1.1" 404 564 "-" "Mozilla/5.0 (Macintosh; Intel Mac OS X 10_12_3) AppleWebKit/537.36 (KHTML, like Gecko) Chrome/56.0.2924.87 Safari/537.36"
94.72.101.21 - - [02/Nov/2024:20:11:59 +0000] "GET /back/infophp.php HTTP/1.1" 404 564 "-" "Mozilla/5.0 (Macintosh; Intel Mac OS X 10_12_3) AppleWebKit/537.36 (KHTML, like Gecko) Chrome/56.0.2924.87 Safari/537.36"
94.72.101.21 - - [02/Nov/2024:20:11:59 +0000] "GET /back/test.php HTTP/1.1" 404 564 "-" "Mozilla/5.0 (Macintosh; Intel Mac OS X 10_12_3) AppleWebKit/537.36 (KHTML, like Gecko) Chrome/56.0.2924.87 Safari/537.36"
94.72.101.21 - - [02/Nov/2024:20:12:00 +0000] "GET /back/dashboard/phpinfo.php HTTP/1.1" 404 564 "-" "Mozilla/5.0 (Macintosh; Intel Mac OS X 10_12_3) AppleWebKit/537.36 (KHTML, like Gecko) Chrome/56.0.2924.87 Safari/537.36"
94.72.101.21 - - [02/Nov/2024:20:12:00 +0000] "GET /back/api/phpinfo.php HTTP/1.1" 404 564 "-" "Mozilla/5.0 (Macintosh; Intel Mac OS X 10_12_3) AppleWebKit/537.36 (KHTML, like Gecko) Chrome/56.0.2924.87 Safari/537.36"
94.72.101.21 - - [02/Nov/2024:20:12:00 +0000] "GET /back/backend/phpinfo.php HTTP/1.1" 404 564 "-" "Mozilla/5.0 (Macintosh; Intel Mac OS X 10_12_3) AppleWebKit/537.36 (KHTML, like Gecko) Chrome/56.0.2924.87 Safari/537.36"
94.72.101.21 - - [02/Nov/2024:20:12:02 +0000] "GET /back/backup/phpinfo.php HTTP/1.1" 404 564 "-" "Mozilla/5.0 (Macintosh; Intel Mac OS X 10_12_3) AppleWebKit/537.36 (KHTML, like Gecko) Chrome/56.0.2924.87 Safari/537.36"
94.72.101.21 - - [02/Nov/2024:20:12:02 +0000] "GET /back/crm/phpinfo.php HTTP/1.1" 404 564 "-" "Mozilla/5.0 (Macintosh; Intel Mac OS X 10_12_3) AppleWebKit/537.36 (KHTML, like Gecko) Chrome/56.0.2924.87 Safari/537.36"
94.72.101.21 - - [02/Nov/2024:20:12:02 +0000] "GET /back/current/phpinfo.php HTTP/1.1" 404 564 "-" "Mozilla/5.0 (Macintosh; Intel Mac OS X 10_12_3) AppleWebKit/537.36 (KHTML, like Gecko) Chrome/56.0.2924.87 Safari/537.36"
94.72.101.21 - - [02/Nov/2024:20:12:02 +0000] "GET /back/dev/phpinfo.php HTTP/1.1" 404 564 "-" "Mozilla/5.0 (Macintosh; Intel Mac OS X 10_12_3) AppleWebKit/537.36 (KHTML, like Gecko) Chrome/56.0.2924.87 Safari/537.36"
94.72.101.21 - - [02/Nov/2024:20:12:03 +0000] "GET /back/develop/phpinfo.php HTTP/1.1" 404 564 "-" "Mozilla/5.0 (Macintosh; Intel Mac OS X 10_12_3) AppleWebKit/537.36 (KHTML, like Gecko) Chrome/56.0.2924.87 Safari/537.36"
94.72.101.21 - - [02/Nov/2024:20:12:03 +0000] "GET /back/development/phpinfo.php HTTP/1.1" 404 564 "-" "Mozilla/5.0 (Macintosh; Intel Mac OS X 10_12_3) AppleWebKit/537.36 (KHTML, like Gecko) Chrome/56.0.2924.87 Safari/537.36"
94.72.101.21 - - [02/Nov/2024:20:12:03 +0000] "GET /back/help/phpinfo.php HTTP/1.1" 404 564 "-" "Mozilla/5.0 (Macintosh; Intel Mac OS X 10_12_3) AppleWebKit/537.36 (KHTML, like Gecko) Chrome/56.0.2924.87 Safari/537.36"
94.72.101.21 - - [02/Nov/2024:20:12:03 +0000] "GET /back/helper/phpinfo.php HTTP/1.1" 404 564 "-" "Mozilla/5.0 (Macintosh; Intel Mac OS X 10_12_3) AppleWebKit/537.36 (KHTML, like Gecko) Chrome/56.0.2924.87 Safari/537.36"
94.72.101.21 - - [02/Nov/2024:20:12:03 +0000] "GET /back/lara/phpinfo.php HTTP/1.1" 404 564 "-" "Mozilla/5.0 (Macintosh; Intel Mac OS X 10_12_3) AppleWebKit/537.36 (KHTML, like Gecko) Chrome/56.0.2924.87 Safari/537.36"
94.72.101.21 - - [02/Nov/2024:20:12:04 +0000] "GET /back/laravel/phpinfo.php HTTP/1.1" 404 564 "-" "Mozilla/5.0 (Macintosh; Intel Mac OS X 10_12_3) AppleWebKit/537.36 (KHTML, like Gecko) Chrome/56.0.2924.87 Safari/537.36"
94.72.101.21 - - [02/Nov/2024:20:12:05 +0000] "GET /back/server/phpinfo.php HTTP/1.1" 404 564 "-" "Mozilla/5.0 (Macintosh; Intel Mac OS X 10_12_3) AppleWebKit/537.36 (KHTML, like Gecko) Chrome/56.0.2924.87 Safari/537.36"
94.72.101.21 - - [02/Nov/2024:20:12:05 +0000] "GET /back/service/phpinfo.php HTTP/1.1" 404 564 "-" "Mozilla/5.0 (Macintosh; Intel Mac OS X 10_12_3) AppleWebKit/537.36 (KHTML, like Gecko) Chrome/56.0.2924.87 Safari/537.36"
94.72.101.21 - - [02/Nov/2024:20:12:05 +0000] "GET /back/services/phpinfo.php HTTP/1.1" 404 564 "-" "Mozilla/5.0 (Macintosh; Intel Mac OS X 10_12_3) AppleWebKit/537.36 (KHTML, like Gecko) Chrome/56.0.2924.87 Safari/537.36"
94.72.101.21 - - [02/Nov/2024:20:12:05 +0000] "GET /back/xampp/phpinfo.php HTTP/1.1" 404 564 "-" "Mozilla/5.0 (Macintosh; Intel Mac OS X 10_12_3) AppleWebKit/537.36 (KHTML, like Gecko) Chrome/56.0.2924.87 Safari/537.36"
94.72.101.21 - - [02/Nov/2024:20:12:06 +0000] "GET /back/api/info.php HTTP/1.1" 404 564 "-" "Mozilla/5.0 (Macintosh; Intel Mac OS X 10_12_3) AppleWebKit/537.36 (KHTML, like Gecko) Chrome/56.0.2924.87 Safari/537.36"
94.72.101.21 - - [02/Nov/2024:20:12:06 +0000] "GET /back/backend/info.php HTTP/1.1" 404 564 "-" "Mozilla/5.0 (Macintosh; Intel Mac OS X 10_12_3) AppleWebKit/537.36 (KHTML, like Gecko) Chrome/56.0.2924.87 Safari/537.36"
94.72.101.21 - - [02/Nov/2024:20:12:06 +0000] "GET /back/backup/info.php HTTP/1.1" 404 564 "-" "Mozilla/5.0 (Macintosh; Intel Mac OS X 10_12_3) AppleWebKit/537.36 (KHTML, like Gecko) Chrome/56.0.2924.87 Safari/537.36"
94.72.101.21 - - [02/Nov/2024:20:12:07 +0000] "GET /back/crm/info.php HTTP/1.1" 404 564 "-" "Mozilla/5.0 (Macintosh; Intel Mac OS X 10_12_3) AppleWebKit/537.36 (KHTML, like Gecko) Chrome/56.0.2924.87 Safari/537.36"
94.72.101.21 - - [02/Nov/2024:20:12:07 +0000] "GET /back/current/info.php HTTP/1.1" 404 564 "-" "Mozilla/5.0 (Macintosh; Intel Mac OS X 10_12_3) AppleWebKit/537.36 (KHTML, like Gecko) Chrome/56.0.2924.87 Safari/537.36"
94.72.101.21 - - [02/Nov/2024:20:12:07 +0000] "GET /back/dev/info.php HTTP/1.1" 404 564 "-" "Mozilla/5.0 (Macintosh; Intel Mac OS X 10_12_3) AppleWebKit/537.36 (KHTML, like Gecko) Chrome/56.0.2924.87 Safari/537.36"
94.72.101.21 - - [02/Nov/2024:20:12:08 +0000] "GET /back/develop/info.php HTTP/1.1" 404 564 "-" "Mozilla/5.0 (Macintosh; Intel Mac OS X 10_12_3) AppleWebKit/537.36 (KHTML, like Gecko) Chrome/56.0.2924.87 Safari/537.36"
94.72.101.21 - - [02/Nov/2024:20:12:08 +0000] "GET /back/development/iinfo.php HTTP/1.1" 404 564 "-" "Mozilla/5.0 (Macintosh; Intel Mac OS X 10_12_3) AppleWebKit/537.36 (KHTML, like Gecko) Chrome/56.0.2924.87 Safari/537.36"
94.72.101.21 - - [02/Nov/2024:20:12:08 +0000] "GET /back/help/info.php HTTP/1.1" 404 564 "-" "Mozilla/5.0 (Macintosh; Intel Mac OS X 10_12_3) AppleWebKit/537.36 (KHTML, like Gecko) Chrome/56.0.2924.87 Safari/537.36"
94.72.101.21 - - [02/Nov/2024:20:12:08 +0000] "GET /back/helper/info.php HTTP/1.1" 404 564 "-" "Mozilla/5.0 (Macintosh; Intel Mac OS X 10_12_3) AppleWebKit/537.36 (KHTML, like Gecko) Chrome/56.0.2924.87 Safari/537.36"
94.72.101.21 - - [02/Nov/2024:20:12:08 +0000] "GET /back/lara/info.php HTTP/1.1" 404 564 "-" "Mozilla/5.0 (Macintosh; Intel Mac OS X 10_12_3) AppleWebKit/537.36 (KHTML, like Gecko) Chrome/56.0.2924.87 Safari/537.36"
94.72.101.21 - - [02/Nov/2024:20:12:09 +0000] "GET /back/laravel/info.php HTTP/1.1" 404 564 "-" "Mozilla/5.0 (Macintosh; Intel Mac OS X 10_12_3) AppleWebKit/537.36 (KHTML, like Gecko) Chrome/56.0.2924.87 Safari/537.36"
94.72.101.21 - - [02/Nov/2024:20:12:10 +0000] "GET /back/server/info.php HTTP/1.1" 404 564 "-" "Mozilla/5.0 (Macintosh; Intel Mac OS X 10_12_3) AppleWebKit/537.36 (KHTML, like Gecko) Chrome/56.0.2924.87 Safari/537.36"
94.72.101.21 - - [02/Nov/2024:20:12:10 +0000] "GET /back/service/info.php HTTP/1.1" 404 564 "-" "Mozilla/5.0 (Macintosh; Intel Mac OS X 10_12_3) AppleWebKit/537.36 (KHTML, like Gecko) Chrome/56.0.2924.87 Safari/537.36"
94.72.101.21 - - [02/Nov/2024:20:12:10 +0000] "GET /back/services/info.php HTTP/1.1" 404 564 "-" "Mozilla/5.0 (Macintosh; Intel Mac OS X 10_12_3) AppleWebKit/537.36 (KHTML, like Gecko) Chrome/56.0.2924.87 Safari/537.36"
94.72.101.21 - - [02/Nov/2024:20:12:10 +0000] "GET /back/php-info.php HTTP/1.1" 404 564 "-" "Mozilla/5.0 (Macintosh; Intel Mac OS X 10_12_3) AppleWebKit/537.36 (KHTML, like Gecko) Chrome/56.0.2924.87 Safari/537.36"
94.72.101.21 - - [02/Nov/2024:20:12:10 +0000] "GET /back/linusadmin-phpinfo.php HTTP/1.1" 404 564 "-" "Mozilla/5.0 (Macintosh; Intel Mac OS X 10_12_3) AppleWebKit/537.36 (KHTML, like Gecko) Chrome/56.0.2924.87 Safari/537.36"
94.72.101.21 - - [02/Nov/2024:20:12:11 +0000] "GET /back/infos.php HTTP/1.1" 404 564 "-" "Mozilla/5.0 (Macintosh; Intel Mac OS X 10_12_3) AppleWebKit/537.36 (KHTML, like Gecko) Chrome/56.0.2924.87 Safari/537.36"
94.72.101.21 - - [02/Nov/2024:20:12:11 +0000] "GET /back/old_phpinfo.php HTTP/1.1" 404 564 "-" "Mozilla/5.0 (Macintosh; Intel Mac OS X 10_12_3) AppleWebKit/537.36 (KHTML, like Gecko) Chrome/56.0.2924.87 Safari/537.36"
94.72.101.21 - - [02/Nov/2024:20:12:11 +0000] "GET /back/temp.php HTTP/1.1" 404 564 "-" "Mozilla/5.0 (Macintosh; Intel Mac OS X 10_12_3) AppleWebKit/537.36 (KHTML, like Gecko) Chrome/56.0.2924.87 Safari/537.36"
94.72.101.21 - - [02/Nov/2024:20:12:11 +0000] "GET /back/time.php HTTP/1.1" 404 564 "-" "Mozilla/5.0 (Macintosh; Intel Mac OS X 10_12_3) AppleWebKit/537.36 (KHTML, like Gecko) Chrome/56.0.2924.87 Safari/537.36"
94.72.101.21 - - [02/Nov/2024:20:12:11 +0000] "GET /back/phpversion.php HTTP/1.1" 404 564 "-" "Mozilla/5.0 (Macintosh; Intel Mac OS X 10_12_3) AppleWebKit/537.36 (KHTML, like Gecko) Chrome/56.0.2924.87 Safari/537.36"
94.72.101.21 - - [02/Nov/2024:20:12:11 +0000] "GET /back/pinfo.php HTTP/1.1" 404 564 "-" "Mozilla/5.0 (Macintosh; Intel Mac OS X 10_12_3) AppleWebKit/537.36 (KHTML, like Gecko) Chrome/56.0.2924.87 Safari/537.36"
94.72.101.21 - - [02/Nov/2024:20:12:12 +0000] "GET /back/i.php HTTP/1.1" 404 564 "-" "Mozilla/5.0 (Macintosh; Intel Mac OS X 10_12_3) AppleWebKit/537.36 (KHTML, like Gecko) Chrome/56.0.2924.87 Safari/537.36"
94.72.101.21 - - [02/Nov/2024:20:12:12 +0000] "GET /back/asdf.php HTTP/1.1" 404 564 "-" "Mozilla/5.0 (Macintosh; Intel Mac OS X 10_12_3) AppleWebKit/537.36 (KHTML, like Gecko) Chrome/56.0.2924.87 Safari/537.36"
94.72.101.21 - - [02/Nov/2024:20:12:12 +0000] "GET /backend/xampp/info.php HTTP/1.1" 404 564 "-" "Mozilla/5.0 (Macintosh; Intel Mac OS X 10_12_3) AppleWebKit/537.36 (KHTML, like Gecko) Chrome/56.0.2924.87 Safari/537.36"
94.72.101.21 - - [02/Nov/2024:20:12:12 +0000] "GET /backend/xampp/phpinfo HTTP/1.1" 404 564 "-" "Mozilla/5.0 (Macintosh; Intel Mac OS X 10_12_3) AppleWebKit/537.36 (KHTML, like Gecko) Chrome/56.0.2924.87 Safari/537.36"
94.72.101.21 - - [02/Nov/2024:20:12:12 +0000] "GET /backend/_profiler/phpinfo HTTP/1.1" 404 564 "-" "Mozilla/5.0 (Macintosh; Intel Mac OS X 10_12_3) AppleWebKit/537.36 (KHTML, like Gecko) Chrome/56.0.2924.87 Safari/537.36"
94.72.101.21 - - [02/Nov/2024:20:12:13 +0000] "GET /backend/phpinfo HTTP/1.1" 404 564 "-" "Mozilla/5.0 (Macintosh; Intel Mac OS X 10_12_3) AppleWebKit/537.36 (KHTML, like Gecko) Chrome/56.0.2924.87 Safari/537.36"
94.72.101.21 - - [02/Nov/2024:20:12:13 +0000] "GET /backend/php.ini HTTP/1.1" 404 564 "-" "Mozilla/5.0 (Macintosh; Intel Mac OS X 10_12_3) AppleWebKit/537.36 (KHTML, like Gecko) Chrome/56.0.2924.87 Safari/537.36"
94.72.101.21 - - [02/Nov/2024:20:12:13 +0000] "GET /backend/php.php HTTP/1.1" 404 564 "-" "Mozilla/5.0 (Macintosh; Intel Mac OS X 10_12_3) AppleWebKit/537.36 (KHTML, like Gecko) Chrome/56.0.2924.87 Safari/537.36"
94.72.101.21 - - [02/Nov/2024:20:12:13 +0000] "GET /backend/infophp.php HTTP/1.1" 404 564 "-" "Mozilla/5.0 (Macintosh; Intel Mac OS X 10_12_3) AppleWebKit/537.36 (KHTML, like Gecko) Chrome/56.0.2924.87 Safari/537.36"
94.72.101.21 - - [02/Nov/2024:20:12:13 +0000] "GET /backend/test.php HTTP/1.1" 404 564 "-" "Mozilla/5.0 (Macintosh; Intel Mac OS X 10_12_3) AppleWebKit/537.36 (KHTML, like Gecko) Chrome/56.0.2924.87 Safari/537.36"
94.72.101.21 - - [02/Nov/2024:20:12:14 +0000] "GET /backend/dashboard/phpinfo.php HTTP/1.1" 404 564 "-" "Mozilla/5.0 (Macintosh; Intel Mac OS X 10_12_3) AppleWebKit/537.36 (KHTML, like Gecko) Chrome/56.0.2924.87 Safari/537.36"
94.72.101.21 - - [02/Nov/2024:20:12:14 +0000] "GET /backend/api/phpinfo.php HTTP/1.1" 404 564 "-" "Mozilla/5.0 (Macintosh; Intel Mac OS X 10_12_3) AppleWebKit/537.36 (KHTML, like Gecko) Chrome/56.0.2924.87 Safari/537.36"
94.72.101.21 - - [02/Nov/2024:20:12:14 +0000] "GET /backend/backend/phpinfo.php HTTP/1.1" 404 564 "-" "Mozilla/5.0 (Macintosh; Intel Mac OS X 10_12_3) AppleWebKit/537.36 (KHTML, like Gecko) Chrome/56.0.2924.87 Safari/537.36"
94.72.101.21 - - [02/Nov/2024:20:12:14 +0000] "GET /backend/backup/phpinfo.php HTTP/1.1" 404 564 "-" "Mozilla/5.0 (Macintosh; Intel Mac OS X 10_12_3) AppleWebKit/537.36 (KHTML, like Gecko) Chrome/56.0.2924.87 Safari/537.36"
94.72.101.21 - - [02/Nov/2024:20:12:15 +0000] "GET /backend/crm/phpinfo.php HTTP/1.1" 404 564 "-" "Mozilla/5.0 (Macintosh; Intel Mac OS X 10_12_3) AppleWebKit/537.36 (KHTML, like Gecko) Chrome/56.0.2924.87 Safari/537.36"
94.72.101.21 - - [02/Nov/2024:20:12:15 +0000] "GET /backend/current/phpinfo.php HTTP/1.1" 404 564 "-" "Mozilla/5.0 (Macintosh; Intel Mac OS X 10_12_3) AppleWebKit/537.36 (KHTML, like Gecko) Chrome/56.0.2924.87 Safari/537.36"
94.72.101.21 - - [02/Nov/2024:20:12:15 +0000] "GET /backend/dev/phpinfo.php HTTP/1.1" 404 564 "-" "Mozilla/5.0 (Macintosh; Intel Mac OS X 10_12_3) AppleWebKit/537.36 (KHTML, like Gecko) Chrome/56.0.2924.87 Safari/537.36"
94.72.101.21 - - [02/Nov/2024:20:12:16 +0000] "GET /backend/develop/phpinfo.php HTTP/1.1" 404 564 "-" "Mozilla/5.0 (Macintosh; Intel Mac OS X 10_12_3) AppleWebKit/537.36 (KHTML, like Gecko) Chrome/56.0.2924.87 Safari/537.36"
94.72.101.21 - - [02/Nov/2024:20:12:16 +0000] "GET /backend/development/phpinfo.php HTTP/1.1" 404 564 "-" "Mozilla/5.0 (Macintosh; Intel Mac OS X 10_12_3) AppleWebKit/537.36 (KHTML, like Gecko) Chrome/56.0.2924.87 Safari/537.36"
94.72.101.21 - - [02/Nov/2024:20:12:16 +0000] "GET /backend/help/phpinfo.php HTTP/1.1" 404 564 "-" "Mozilla/5.0 (Macintosh; Intel Mac OS X 10_12_3) AppleWebKit/537.36 (KHTML, like Gecko) Chrome/56.0.2924.87 Safari/537.36"
94.72.101.21 - - [02/Nov/2024:20:12:16 +0000] "GET /backend/helper/phpinfo.php HTTP/1.1" 404 564 "-" "Mozilla/5.0 (Macintosh; Intel Mac OS X 10_12_3) AppleWebKit/537.36 (KHTML, like Gecko) Chrome/56.0.2924.87 Safari/537.36"
94.72.101.21 - - [02/Nov/2024:20:12:17 +0000] "GET /backend/lara/phpinfo.php HTTP/1.1" 404 564 "-" "Mozilla/5.0 (Macintosh; Intel Mac OS X 10_12_3) AppleWebKit/537.36 (KHTML, like Gecko) Chrome/56.0.2924.87 Safari/537.36"
94.72.101.21 - - [02/Nov/2024:20:12:17 +0000] "GET /backend/laravel/phpinfo.php HTTP/1.1" 404 564 "-" "Mozilla/5.0 (Macintosh; Intel Mac OS X 10_12_3) AppleWebKit/537.36 (KHTML, like Gecko) Chrome/56.0.2924.87 Safari/537.36"
94.72.101.21 - - [02/Nov/2024:20:12:17 +0000] "GET /backend/server/phpinfo.php HTTP/1.1" 404 564 "-" "Mozilla/5.0 (Macintosh; Intel Mac OS X 10_12_3) AppleWebKit/537.36 (KHTML, like Gecko) Chrome/56.0.2924.87 Safari/537.36"
94.72.101.21 - - [02/Nov/2024:20:12:17 +0000] "GET /backend/service/phpinfo.php HTTP/1.1" 404 564 "-" "Mozilla/5.0 (Macintosh; Intel Mac OS X 10_12_3) AppleWebKit/537.36 (KHTML, like Gecko) Chrome/56.0.2924.87 Safari/537.36"
94.72.101.21 - - [02/Nov/2024:20:12:18 +0000] "GET /backend/services/phpinfo.php HTTP/1.1" 404 564 "-" "Mozilla/5.0 (Macintosh; Intel Mac OS X 10_12_3) AppleWebKit/537.36 (KHTML, like Gecko) Chrome/56.0.2924.87 Safari/537.36"
94.72.101.21 - - [02/Nov/2024:20:12:18 +0000] "GET /backend/xampp/phpinfo.php HTTP/1.1" 404 564 "-" "Mozilla/5.0 (Macintosh; Intel Mac OS X 10_12_3) AppleWebKit/537.36 (KHTML, like Gecko) Chrome/56.0.2924.87 Safari/537.36"
94.72.101.21 - - [02/Nov/2024:20:12:18 +0000] "GET /backend/api/info.php HTTP/1.1" 404 564 "-" "Mozilla/5.0 (Macintosh; Intel Mac OS X 10_12_3) AppleWebKit/537.36 (KHTML, like Gecko) Chrome/56.0.2924.87 Safari/537.36"
94.72.101.21 - - [02/Nov/2024:20:12:18 +0000] "GET /backend/backend/info.php HTTP/1.1" 404 564 "-" "Mozilla/5.0 (Macintosh; Intel Mac OS X 10_12_3) AppleWebKit/537.36 (KHTML, like Gecko) Chrome/56.0.2924.87 Safari/537.36"
94.72.101.21 - - [02/Nov/2024:20:12:19 +0000] "GET /backend/backup/info.php HTTP/1.1" 404 564 "-" "Mozilla/5.0 (Macintosh; Intel Mac OS X 10_12_3) AppleWebKit/537.36 (KHTML, like Gecko) Chrome/56.0.2924.87 Safari/537.36"
94.72.101.21 - - [02/Nov/2024:20:12:19 +0000] "GET /backend/crm/info.php HTTP/1.1" 404 564 "-" "Mozilla/5.0 (Macintosh; Intel Mac OS X 10_12_3) AppleWebKit/537.36 (KHTML, like Gecko) Chrome/56.0.2924.87 Safari/537.36"
94.72.101.21 - - [02/Nov/2024:20:12:19 +0000] "GET /backend/current/info.php HTTP/1.1" 404 564 "-" "Mozilla/5.0 (Macintosh; Intel Mac OS X 10_12_3) AppleWebKit/537.36 (KHTML, like Gecko) Chrome/56.0.2924.87 Safari/537.36"
94.72.101.21 - - [02/Nov/2024:20:12:20 +0000] "GET /backend/dev/info.php HTTP/1.1" 404 564 "-" "Mozilla/5.0 (Macintosh; Intel Mac OS X 10_12_3) AppleWebKit/537.36 (KHTML, like Gecko) Chrome/56.0.2924.87 Safari/537.36"
94.72.101.21 - - [02/Nov/2024:20:12:20 +0000] "GET /backend/develop/info.php HTTP/1.1" 404 564 "-" "Mozilla/5.0 (Macintosh; Intel Mac OS X 10_12_3) AppleWebKit/537.36 (KHTML, like Gecko) Chrome/56.0.2924.87 Safari/537.36"
94.72.101.21 - - [02/Nov/2024:20:12:20 +0000] "GET /backend/development/iinfo.php HTTP/1.1" 404 564 "-" "Mozilla/5.0 (Macintosh; Intel Mac OS X 10_12_3) AppleWebKit/537.36 (KHTML, like Gecko) Chrome/56.0.2924.87 Safari/537.36"
94.72.101.21 - - [02/Nov/2024:20:12:20 +0000] "GET /backend/help/info.php HTTP/1.1" 404 564 "-" "Mozilla/5.0 (Macintosh; Intel Mac OS X 10_12_3) AppleWebKit/537.36 (KHTML, like Gecko) Chrome/56.0.2924.87 Safari/537.36"
94.72.101.21 - - [02/Nov/2024:20:12:20 +0000] "GET /backend/helper/info.php HTTP/1.1" 404 564 "-" "Mozilla/5.0 (Macintosh; Intel Mac OS X 10_12_3) AppleWebKit/537.36 (KHTML, like Gecko) Chrome/56.0.2924.87 Safari/537.36"
94.72.101.21 - - [02/Nov/2024:20:12:20 +0000] "GET /backend/lara/info.php HTTP/1.1" 404 564 "-" "Mozilla/5.0 (Macintosh; Intel Mac OS X 10_12_3) AppleWebKit/537.36 (KHTML, like Gecko) Chrome/56.0.2924.87 Safari/537.36"
94.72.101.21 - - [02/Nov/2024:20:12:21 +0000] "GET /backend/laravel/info.php HTTP/1.1" 404 564 "-" "Mozilla/5.0 (Macintosh; Intel Mac OS X 10_12_3) AppleWebKit/537.36 (KHTML, like Gecko) Chrome/56.0.2924.87 Safari/537.36"
94.72.101.21 - - [02/Nov/2024:20:12:21 +0000] "GET /backend/server/info.php HTTP/1.1" 404 564 "-" "Mozilla/5.0 (Macintosh; Intel Mac OS X 10_12_3) AppleWebKit/537.36 (KHTML, like Gecko) Chrome/56.0.2924.87 Safari/537.36"
94.72.101.21 - - [02/Nov/2024:20:12:21 +0000] "GET /backend/service/info.php HTTP/1.1" 404 564 "-" "Mozilla/5.0 (Macintosh; Intel Mac OS X 10_12_3) AppleWebKit/537.36 (KHTML, like Gecko) Chrome/56.0.2924.87 Safari/537.36"
94.72.101.21 - - [02/Nov/2024:20:12:22 +0000] "GET /backend/services/info.php HTTP/1.1" 404 564 "-" "Mozilla/5.0 (Macintosh; Intel Mac OS X 10_12_3) AppleWebKit/537.36 (KHTML, like Gecko) Chrome/56.0.2924.87 Safari/537.36"
94.72.101.21 - - [02/Nov/2024:20:12:22 +0000] "GET /backend/php-info.php HTTP/1.1" 404 564 "-" "Mozilla/5.0 (Macintosh; Intel Mac OS X 10_12_3) AppleWebKit/537.36 (KHTML, like Gecko) Chrome/56.0.2924.87 Safari/537.36"
94.72.101.21 - - [02/Nov/2024:20:12:22 +0000] "GET /backend/linusadmin-phpinfo.php HTTP/1.1" 404 564 "-" "Mozilla/5.0 (Macintosh; Intel Mac OS X 10_12_3) AppleWebKit/537.36 (KHTML, like Gecko) Chrome/56.0.2924.87 Safari/537.36"
94.72.101.21 - - [02/Nov/2024:20:12:22 +0000] "GET /backend/infos.php HTTP/1.1" 404 564 "-" "Mozilla/5.0 (Macintosh; Intel Mac OS X 10_12_3) AppleWebKit/537.36 (KHTML, like Gecko) Chrome/56.0.2924.87 Safari/537.36"
94.72.101.21 - - [02/Nov/2024:20:12:23 +0000] "GET /backend/old_phpinfo.php HTTP/1.1" 404 564 "-" "Mozilla/5.0 (Macintosh; Intel Mac OS X 10_12_3) AppleWebKit/537.36 (KHTML, like Gecko) Chrome/56.0.2924.87 Safari/537.36"
94.72.101.21 - - [02/Nov/2024:20:12:23 +0000] "GET /backend/temp.php HTTP/1.1" 404 564 "-" "Mozilla/5.0 (Macintosh; Intel Mac OS X 10_12_3) AppleWebKit/537.36 (KHTML, like Gecko) Chrome/56.0.2924.87 Safari/537.36"
94.72.101.21 - - [02/Nov/2024:20:12:23 +0000] "GET /backend/time.php HTTP/1.1" 404 564 "-" "Mozilla/5.0 (Macintosh; Intel Mac OS X 10_12_3) AppleWebKit/537.36 (KHTML, like Gecko) Chrome/56.0.2924.87 Safari/537.36"
94.72.101.21 - - [02/Nov/2024:20:12:23 +0000] "GET /backend/phpversion.php HTTP/1.1" 404 564 "-" "Mozilla/5.0 (Macintosh; Intel Mac OS X 10_12_3) AppleWebKit/537.36 (KHTML, like Gecko) Chrome/56.0.2924.87 Safari/537.36"
94.72.101.21 - - [02/Nov/2024:20:12:23 +0000] "GET /backend/pinfo.php HTTP/1.1" 404 564 "-" "Mozilla/5.0 (Macintosh; Intel Mac OS X 10_12_3) AppleWebKit/537.36 (KHTML, like Gecko) Chrome/56.0.2924.87 Safari/537.36"
94.72.101.21 - - [02/Nov/2024:20:12:24 +0000] "GET /backend/i.php HTTP/1.1" 404 564 "-" "Mozilla/5.0 (Macintosh; Intel Mac OS X 10_12_3) AppleWebKit/537.36 (KHTML, like Gecko) Chrome/56.0.2924.87 Safari/537.36"
94.72.101.21 - - [02/Nov/2024:20:12:24 +0000] "GET /backend/asdf.php HTTP/1.1" 404 564 "-" "Mozilla/5.0 (Macintosh; Intel Mac OS X 10_12_3) AppleWebKit/537.36 (KHTML, like Gecko) Chrome/56.0.2924.87 Safari/537.36"
94.72.101.21 - - [02/Nov/2024:20:12:24 +0000] "GET /backup/xampp/info.php HTTP/1.1" 404 564 "-" "Mozilla/5.0 (Macintosh; Intel Mac OS X 10_12_3) AppleWebKit/537.36 (KHTML, like Gecko) Chrome/56.0.2924.87 Safari/537.36"
94.72.101.21 - - [02/Nov/2024:20:12:24 +0000] "GET /backup/xampp/phpinfo HTTP/1.1" 404 564 "-" "Mozilla/5.0 (Macintosh; Intel Mac OS X 10_12_3) AppleWebKit/537.36 (KHTML, like Gecko) Chrome/56.0.2924.87 Safari/537.36"
94.72.101.21 - - [02/Nov/2024:20:12:24 +0000] "GET /backup/_profiler/phpinfo HTTP/1.1" 404 564 "-" "Mozilla/5.0 (Macintosh; Intel Mac OS X 10_12_3) AppleWebKit/537.36 (KHTML, like Gecko) Chrome/56.0.2924.87 Safari/537.36"
94.72.101.21 - - [02/Nov/2024:20:12:24 +0000] "GET /backup/phpinfo HTTP/1.1" 404 564 "-" "Mozilla/5.0 (Macintosh; Intel Mac OS X 10_12_3) AppleWebKit/537.36 (KHTML, like Gecko) Chrome/56.0.2924.87 Safari/537.36"
94.72.101.21 - - [02/Nov/2024:20:12:25 +0000] "GET /backup/php.ini HTTP/1.1" 404 564 "-" "Mozilla/5.0 (Macintosh; Intel Mac OS X 10_12_3) AppleWebKit/537.36 (KHTML, like Gecko) Chrome/56.0.2924.87 Safari/537.36"
94.72.101.21 - - [02/Nov/2024:20:12:25 +0000] "GET /backup/php.php HTTP/1.1" 404 564 "-" "Mozilla/5.0 (Macintosh; Intel Mac OS X 10_12_3) AppleWebKit/537.36 (KHTML, like Gecko) Chrome/56.0.2924.87 Safari/537.36"
94.72.101.21 - - [02/Nov/2024:20:12:25 +0000] "GET /backup/infophp.php HTTP/1.1" 404 564 "-" "Mozilla/5.0 (Macintosh; Intel Mac OS X 10_12_3) AppleWebKit/537.36 (KHTML, like Gecko) Chrome/56.0.2924.87 Safari/537.36"
94.72.101.21 - - [02/Nov/2024:20:12:26 +0000] "GET /backup/test.php HTTP/1.1" 404 564 "-" "Mozilla/5.0 (Macintosh; Intel Mac OS X 10_12_3) AppleWebKit/537.36 (KHTML, like Gecko) Chrome/56.0.2924.87 Safari/537.36"
94.72.101.21 - - [02/Nov/2024:20:12:26 +0000] "GET /backup/dashboard/phpinfo.php HTTP/1.1" 404 564 "-" "Mozilla/5.0 (Macintosh; Intel Mac OS X 10_12_3) AppleWebKit/537.36 (KHTML, like Gecko) Chrome/56.0.2924.87 Safari/537.36"
94.72.101.21 - - [02/Nov/2024:20:12:26 +0000] "GET /backup/api/phpinfo.php HTTP/1.1" 404 564 "-" "Mozilla/5.0 (Macintosh; Intel Mac OS X 10_12_3) AppleWebKit/537.36 (KHTML, like Gecko) Chrome/56.0.2924.87 Safari/537.36"
94.72.101.21 - - [02/Nov/2024:20:12:26 +0000] "GET /backup/backend/phpinfo.php HTTP/1.1" 404 564 "-" "Mozilla/5.0 (Macintosh; Intel Mac OS X 10_12_3) AppleWebKit/537.36 (KHTML, like Gecko) Chrome/56.0.2924.87 Safari/537.36"
94.72.101.21 - - [02/Nov/2024:20:12:27 +0000] "GET /backup/backup/phpinfo.php HTTP/1.1" 404 564 "-" "Mozilla/5.0 (Macintosh; Intel Mac OS X 10_12_3) AppleWebKit/537.36 (KHTML, like Gecko) Chrome/56.0.2924.87 Safari/537.36"
94.72.101.21 - - [02/Nov/2024:20:12:27 +0000] "GET /backup/crm/phpinfo.php HTTP/1.1" 404 564 "-" "Mozilla/5.0 (Macintosh; Intel Mac OS X 10_12_3) AppleWebKit/537.36 (KHTML, like Gecko) Chrome/56.0.2924.87 Safari/537.36"
94.72.101.21 - - [02/Nov/2024:20:12:27 +0000] "GET /backup/current/phpinfo.php HTTP/1.1" 404 564 "-" "Mozilla/5.0 (Macintosh; Intel Mac OS X 10_12_3) AppleWebKit/537.36 (KHTML, like Gecko) Chrome/56.0.2924.87 Safari/537.36"
94.72.101.21 - - [02/Nov/2024:20:12:28 +0000] "GET /backup/dev/phpinfo.php HTTP/1.1" 404 564 "-" "Mozilla/5.0 (Macintosh; Intel Mac OS X 10_12_3) AppleWebKit/537.36 (KHTML, like Gecko) Chrome/56.0.2924.87 Safari/537.36"
94.72.101.21 - - [02/Nov/2024:20:12:28 +0000] "GET /backup/develop/phpinfo.php HTTP/1.1" 404 564 "-" "Mozilla/5.0 (Macintosh; Intel Mac OS X 10_12_3) AppleWebKit/537.36 (KHTML, like Gecko) Chrome/56.0.2924.87 Safari/537.36"
94.72.101.21 - - [02/Nov/2024:20:12:28 +0000] "GET /backup/development/phpinfo.php HTTP/1.1" 404 564 "-" "Mozilla/5.0 (Macintosh; Intel Mac OS X 10_12_3) AppleWebKit/537.36 (KHTML, like Gecko) Chrome/56.0.2924.87 Safari/537.36"
94.72.101.21 - - [02/Nov/2024:20:12:29 +0000] "GET /backup/help/phpinfo.php HTTP/1.1" 404 564 "-" "Mozilla/5.0 (Macintosh; Intel Mac OS X 10_12_3) AppleWebKit/537.36 (KHTML, like Gecko) Chrome/56.0.2924.87 Safari/537.36"
94.72.101.21 - - [02/Nov/2024:20:12:29 +0000] "GET /backup/helper/phpinfo.php HTTP/1.1" 404 564 "-" "Mozilla/5.0 (Macintosh; Intel Mac OS X 10_12_3) AppleWebKit/537.36 (KHTML, like Gecko) Chrome/56.0.2924.87 Safari/537.36"
94.72.101.21 - - [02/Nov/2024:20:12:29 +0000] "GET /backup/lara/phpinfo.php HTTP/1.1" 404 564 "-" "Mozilla/5.0 (Macintosh; Intel Mac OS X 10_12_3) AppleWebKit/537.36 (KHTML, like Gecko) Chrome/56.0.2924.87 Safari/537.36"
94.72.101.21 - - [02/Nov/2024:20:12:29 +0000] "GET /backup/laravel/phpinfo.php HTTP/1.1" 404 564 "-" "Mozilla/5.0 (Macintosh; Intel Mac OS X 10_12_3) AppleWebKit/537.36 (KHTML, like Gecko) Chrome/56.0.2924.87 Safari/537.36"
94.72.101.21 - - [02/Nov/2024:20:12:29 +0000] "GET /backup/server/phpinfo.php HTTP/1.1" 404 564 "-" "Mozilla/5.0 (Macintosh; Intel Mac OS X 10_12_3) AppleWebKit/537.36 (KHTML, like Gecko) Chrome/56.0.2924.87 Safari/537.36"
94.72.101.21 - - [02/Nov/2024:20:12:29 +0000] "GET /backup/service/phpinfo.php HTTP/1.1" 404 564 "-" "Mozilla/5.0 (Macintosh; Intel Mac OS X 10_12_3) AppleWebKit/537.36 (KHTML, like Gecko) Chrome/56.0.2924.87 Safari/537.36"
94.72.101.21 - - [02/Nov/2024:20:12:30 +0000] "GET /backup/services/phpinfo.php HTTP/1.1" 404 564 "-" "Mozilla/5.0 (Macintosh; Intel Mac OS X 10_12_3) AppleWebKit/537.36 (KHTML, like Gecko) Chrome/56.0.2924.87 Safari/537.36"
94.72.101.21 - - [02/Nov/2024:20:12:30 +0000] "GET /backup/xampp/phpinfo.php HTTP/1.1" 404 564 "-" "Mozilla/5.0 (Macintosh; Intel Mac OS X 10_12_3) AppleWebKit/537.36 (KHTML, like Gecko) Chrome/56.0.2924.87 Safari/537.36"
94.72.101.21 - - [02/Nov/2024:20:12:30 +0000] "GET /backup/api/info.php HTTP/1.1" 404 564 "-" "Mozilla/5.0 (Macintosh; Intel Mac OS X 10_12_3) AppleWebKit/537.36 (KHTML, like Gecko) Chrome/56.0.2924.87 Safari/537.36"
94.72.101.21 - - [02/Nov/2024:20:12:31 +0000] "GET /backup/backend/info.php HTTP/1.1" 404 564 "-" "Mozilla/5.0 (Macintosh; Intel Mac OS X 10_12_3) AppleWebKit/537.36 (KHTML, like Gecko) Chrome/56.0.2924.87 Safari/537.36"
94.72.101.21 - - [02/Nov/2024:20:12:31 +0000] "GET /backup/backup/info.php HTTP/1.1" 404 564 "-" "Mozilla/5.0 (Macintosh; Intel Mac OS X 10_12_3) AppleWebKit/537.36 (KHTML, like Gecko) Chrome/56.0.2924.87 Safari/537.36"
94.72.101.21 - - [02/Nov/2024:20:12:31 +0000] "GET /backup/crm/info.php HTTP/1.1" 404 564 "-" "Mozilla/5.0 (Macintosh; Intel Mac OS X 10_12_3) AppleWebKit/537.36 (KHTML, like Gecko) Chrome/56.0.2924.87 Safari/537.36"
94.72.101.21 - - [02/Nov/2024:20:12:31 +0000] "GET /backup/current/info.php HTTP/1.1" 404 564 "-" "Mozilla/5.0 (Macintosh; Intel Mac OS X 10_12_3) AppleWebKit/537.36 (KHTML, like Gecko) Chrome/56.0.2924.87 Safari/537.36"
94.72.101.21 - - [02/Nov/2024:20:12:31 +0000] "GET /backup/dev/info.php HTTP/1.1" 404 564 "-" "Mozilla/5.0 (Macintosh; Intel Mac OS X 10_12_3) AppleWebKit/537.36 (KHTML, like Gecko) Chrome/56.0.2924.87 Safari/537.36"
94.72.101.21 - - [02/Nov/2024:20:12:32 +0000] "GET /backup/develop/info.php HTTP/1.1" 404 564 "-" "Mozilla/5.0 (Macintosh; Intel Mac OS X 10_12_3) AppleWebKit/537.36 (KHTML, like Gecko) Chrome/56.0.2924.87 Safari/537.36"
94.72.101.21 - - [02/Nov/2024:20:12:32 +0000] "GET /backup/development/iinfo.php HTTP/1.1" 404 564 "-" "Mozilla/5.0 (Macintosh; Intel Mac OS X 10_12_3) AppleWebKit/537.36 (KHTML, like Gecko) Chrome/56.0.2924.87 Safari/537.36"
94.72.101.21 - - [02/Nov/2024:20:12:32 +0000] "GET /backup/help/info.php HTTP/1.1" 404 564 "-" "Mozilla/5.0 (Macintosh; Intel Mac OS X 10_12_3) AppleWebKit/537.36 (KHTML, like Gecko) Chrome/56.0.2924.87 Safari/537.36"
94.72.101.21 - - [02/Nov/2024:20:12:32 +0000] "GET /backup/helper/info.php HTTP/1.1" 404 564 "-" "Mozilla/5.0 (Macintosh; Intel Mac OS X 10_12_3) AppleWebKit/537.36 (KHTML, like Gecko) Chrome/56.0.2924.87 Safari/537.36"
94.72.101.21 - - [02/Nov/2024:20:12:32 +0000] "GET /backup/lara/info.php HTTP/1.1" 404 564 "-" "Mozilla/5.0 (Macintosh; Intel Mac OS X 10_12_3) AppleWebKit/537.36 (KHTML, like Gecko) Chrome/56.0.2924.87 Safari/537.36"
94.72.101.21 - - [02/Nov/2024:20:12:33 +0000] "GET /backup/laravel/info.php HTTP/1.1" 404 564 "-" "Mozilla/5.0 (Macintosh; Intel Mac OS X 10_12_3) AppleWebKit/537.36 (KHTML, like Gecko) Chrome/56.0.2924.87 Safari/537.36"
94.72.101.21 - - [02/Nov/2024:20:12:33 +0000] "GET /backup/server/info.php HTTP/1.1" 404 564 "-" "Mozilla/5.0 (Macintosh; Intel Mac OS X 10_12_3) AppleWebKit/537.36 (KHTML, like Gecko) Chrome/56.0.2924.87 Safari/537.36"
94.72.101.21 - - [02/Nov/2024:20:12:33 +0000] "GET /backup/service/info.php HTTP/1.1" 404 564 "-" "Mozilla/5.0 (Macintosh; Intel Mac OS X 10_12_3) AppleWebKit/537.36 (KHTML, like Gecko) Chrome/56.0.2924.87 Safari/537.36"
94.72.101.21 - - [02/Nov/2024:20:12:34 +0000] "GET /backup/services/info.php HTTP/1.1" 404 564 "-" "Mozilla/5.0 (Macintosh; Intel Mac OS X 10_12_3) AppleWebKit/537.36 (KHTML, like Gecko) Chrome/56.0.2924.87 Safari/537.36"
94.72.101.21 - - [02/Nov/2024:20:12:34 +0000] "GET /backup/php-info.php HTTP/1.1" 404 564 "-" "Mozilla/5.0 (Macintosh; Intel Mac OS X 10_12_3) AppleWebKit/537.36 (KHTML, like Gecko) Chrome/56.0.2924.87 Safari/537.36"
94.72.101.21 - - [02/Nov/2024:20:12:34 +0000] "GET /backup/linusadmin-phpinfo.php HTTP/1.1" 404 564 "-" "Mozilla/5.0 (Macintosh; Intel Mac OS X 10_12_3) AppleWebKit/537.36 (KHTML, like Gecko) Chrome/56.0.2924.87 Safari/537.36"
94.72.101.21 - - [02/Nov/2024:20:12:34 +0000] "GET /backup/infos.php HTTP/1.1" 404 564 "-" "Mozilla/5.0 (Macintosh; Intel Mac OS X 10_12_3) AppleWebKit/537.36 (KHTML, like Gecko) Chrome/56.0.2924.87 Safari/537.36"
94.72.101.21 - - [02/Nov/2024:20:12:34 +0000] "GET /backup/old_phpinfo.php HTTP/1.1" 404 564 "-" "Mozilla/5.0 (Macintosh; Intel Mac OS X 10_12_3) AppleWebKit/537.36 (KHTML, like Gecko) Chrome/56.0.2924.87 Safari/537.36"
94.72.101.21 - - [02/Nov/2024:20:12:34 +0000] "GET /backup/temp.php HTTP/1.1" 404 564 "-" "Mozilla/5.0 (Macintosh; Intel Mac OS X 10_12_3) AppleWebKit/537.36 (KHTML, like Gecko) Chrome/56.0.2924.87 Safari/537.36"
94.72.101.21 - - [02/Nov/2024:20:12:35 +0000] "GET /backup/time.php HTTP/1.1" 404 564 "-" "Mozilla/5.0 (Macintosh; Intel Mac OS X 10_12_3) AppleWebKit/537.36 (KHTML, like Gecko) Chrome/56.0.2924.87 Safari/537.36"
94.72.101.21 - - [02/Nov/2024:20:12:35 +0000] "GET /backup/phpversion.php HTTP/1.1" 404 564 "-" "Mozilla/5.0 (Macintosh; Intel Mac OS X 10_12_3) AppleWebKit/537.36 (KHTML, like Gecko) Chrome/56.0.2924.87 Safari/537.36"
94.72.101.21 - - [02/Nov/2024:20:12:35 +0000] "GET /backup/pinfo.php HTTP/1.1" 404 564 "-" "Mozilla/5.0 (Macintosh; Intel Mac OS X 10_12_3) AppleWebKit/537.36 (KHTML, like Gecko) Chrome/56.0.2924.87 Safari/537.36"
94.72.101.21 - - [02/Nov/2024:20:12:36 +0000] "GET /backup/i.php HTTP/1.1" 404 564 "-" "Mozilla/5.0 (Macintosh; Intel Mac OS X 10_12_3) AppleWebKit/537.36 (KHTML, like Gecko) Chrome/56.0.2924.87 Safari/537.36"
94.72.101.21 - - [02/Nov/2024:20:12:36 +0000] "GET /backup/asdf.php HTTP/1.1" 404 564 "-" "Mozilla/5.0 (Macintosh; Intel Mac OS X 10_12_3) AppleWebKit/537.36 (KHTML, like Gecko) Chrome/56.0.2924.87 Safari/537.36"
94.72.101.21 - - [02/Nov/2024:20:12:36 +0000] "GET /beta/xampp/info.php HTTP/1.1" 404 564 "-" "Mozilla/5.0 (Macintosh; Intel Mac OS X 10_12_3) AppleWebKit/537.36 (KHTML, like Gecko) Chrome/56.0.2924.87 Safari/537.36"
94.72.101.21 - - [02/Nov/2024:20:12:37 +0000] "GET /beta/xampp/phpinfo HTTP/1.1" 404 564 "-" "Mozilla/5.0 (Macintosh; Intel Mac OS X 10_12_3) AppleWebKit/537.36 (KHTML, like Gecko) Chrome/56.0.2924.87 Safari/537.36"
94.72.101.21 - - [02/Nov/2024:20:12:37 +0000] "GET /beta/_profiler/phpinfo HTTP/1.1" 404 564 "-" "Mozilla/5.0 (Macintosh; Intel Mac OS X 10_12_3) AppleWebKit/537.36 (KHTML, like Gecko) Chrome/56.0.2924.87 Safari/537.36"
94.72.101.21 - - [02/Nov/2024:20:12:37 +0000] "GET /beta/phpinfo.php HTTP/1.1" 404 564 "-" "Mozilla/5.0 (Macintosh; Intel Mac OS X 10_12_3) AppleWebKit/537.36 (KHTML, like Gecko) Chrome/56.0.2924.87 Safari/537.36"
94.72.101.21 - - [02/Nov/2024:20:12:38 +0000] "GET /beta/phpinfo HTTP/1.1" 404 564 "-" "Mozilla/5.0 (Macintosh; Intel Mac OS X 10_12_3) AppleWebKit/537.36 (KHTML, like Gecko) Chrome/56.0.2924.87 Safari/537.36"
94.72.101.21 - - [02/Nov/2024:20:12:38 +0000] "GET /beta/info.php HTTP/1.1" 404 564 "-" "Mozilla/5.0 (Macintosh; Intel Mac OS X 10_12_3) AppleWebKit/537.36 (KHTML, like Gecko) Chrome/56.0.2924.87 Safari/537.36"
94.72.101.21 - - [02/Nov/2024:20:12:38 +0000] "GET /beta/php.ini HTTP/1.1" 404 564 "-" "Mozilla/5.0 (Macintosh; Intel Mac OS X 10_12_3) AppleWebKit/537.36 (KHTML, like Gecko) Chrome/56.0.2924.87 Safari/537.36"
94.72.101.21 - - [02/Nov/2024:20:12:38 +0000] "GET /beta/php.php HTTP/1.1" 404 564 "-" "Mozilla/5.0 (Macintosh; Intel Mac OS X 10_12_3) AppleWebKit/537.36 (KHTML, like Gecko) Chrome/56.0.2924.87 Safari/537.36"
94.72.101.21 - - [02/Nov/2024:20:12:38 +0000] "GET /beta/infophp.php HTTP/1.1" 404 564 "-" "Mozilla/5.0 (Macintosh; Intel Mac OS X 10_12_3) AppleWebKit/537.36 (KHTML, like Gecko) Chrome/56.0.2924.87 Safari/537.36"
94.72.101.21 - - [02/Nov/2024:20:12:38 +0000] "GET /beta/test.php HTTP/1.1" 404 564 "-" "Mozilla/5.0 (Macintosh; Intel Mac OS X 10_12_3) AppleWebKit/537.36 (KHTML, like Gecko) Chrome/56.0.2924.87 Safari/537.36"
94.72.101.21 - - [02/Nov/2024:20:12:39 +0000] "GET /beta/dashboard/phpinfo.php HTTP/1.1" 404 564 "-" "Mozilla/5.0 (Macintosh; Intel Mac OS X 10_12_3) AppleWebKit/537.36 (KHTML, like Gecko) Chrome/56.0.2924.87 Safari/537.36"
94.72.101.21 - - [02/Nov/2024:20:12:39 +0000] "GET /beta/api/phpinfo.php HTTP/1.1" 404 564 "-" "Mozilla/5.0 (Macintosh; Intel Mac OS X 10_12_3) AppleWebKit/537.36 (KHTML, like Gecko) Chrome/56.0.2924.87 Safari/537.36"
94.72.101.21 - - [02/Nov/2024:20:12:39 +0000] "GET /beta/backend/phpinfo.php HTTP/1.1" 404 564 "-" "Mozilla/5.0 (Macintosh; Intel Mac OS X 10_12_3) AppleWebKit/537.36 (KHTML, like Gecko) Chrome/56.0.2924.87 Safari/537.36"
94.72.101.21 - - [02/Nov/2024:20:12:39 +0000] "GET /beta/backup/phpinfo.php HTTP/1.1" 404 564 "-" "Mozilla/5.0 (Macintosh; Intel Mac OS X 10_12_3) AppleWebKit/537.36 (KHTML, like Gecko) Chrome/56.0.2924.87 Safari/537.36"
94.72.101.21 - - [02/Nov/2024:20:12:39 +0000] "GET /beta/crm/phpinfo.php HTTP/1.1" 404 564 "-" "Mozilla/5.0 (Macintosh; Intel Mac OS X 10_12_3) AppleWebKit/537.36 (KHTML, like Gecko) Chrome/56.0.2924.87 Safari/537.36"
94.72.101.21 - - [02/Nov/2024:20:12:40 +0000] "GET /beta/current/phpinfo.php HTTP/1.1" 404 564 "-" "Mozilla/5.0 (Macintosh; Intel Mac OS X 10_12_3) AppleWebKit/537.36 (KHTML, like Gecko) Chrome/56.0.2924.87 Safari/537.36"
94.72.101.21 - - [02/Nov/2024:20:12:40 +0000] "GET /beta/dev/phpinfo.php HTTP/1.1" 404 564 "-" "Mozilla/5.0 (Macintosh; Intel Mac OS X 10_12_3) AppleWebKit/537.36 (KHTML, like Gecko) Chrome/56.0.2924.87 Safari/537.36"
94.72.101.21 - - [02/Nov/2024:20:12:40 +0000] "GET /beta/develop/phpinfo.php HTTP/1.1" 404 564 "-" "Mozilla/5.0 (Macintosh; Intel Mac OS X 10_12_3) AppleWebKit/537.36 (KHTML, like Gecko) Chrome/56.0.2924.87 Safari/537.36"
94.72.101.21 - - [02/Nov/2024:20:12:40 +0000] "GET /beta/development/phpinfo.php HTTP/1.1" 404 564 "-" "Mozilla/5.0 (Macintosh; Intel Mac OS X 10_12_3) AppleWebKit/537.36 (KHTML, like Gecko) Chrome/56.0.2924.87 Safari/537.36"
94.72.101.21 - - [02/Nov/2024:20:12:40 +0000] "GET /beta/help/phpinfo.php HTTP/1.1" 404 564 "-" "Mozilla/5.0 (Macintosh; Intel Mac OS X 10_12_3) AppleWebKit/537.36 (KHTML, like Gecko) Chrome/56.0.2924.87 Safari/537.36"
94.72.101.21 - - [02/Nov/2024:20:12:40 +0000] "GET /beta/helper/phpinfo.php HTTP/1.1" 404 564 "-" "Mozilla/5.0 (Macintosh; Intel Mac OS X 10_12_3) AppleWebKit/537.36 (KHTML, like Gecko) Chrome/56.0.2924.87 Safari/537.36"
94.72.101.21 - - [02/Nov/2024:20:12:41 +0000] "GET /beta/lara/phpinfo.php HTTP/1.1" 404 564 "-" "Mozilla/5.0 (Macintosh; Intel Mac OS X 10_12_3) AppleWebKit/537.36 (KHTML, like Gecko) Chrome/56.0.2924.87 Safari/537.36"
94.72.101.21 - - [02/Nov/2024:20:12:41 +0000] "GET /beta/laravel/phpinfo.php HTTP/1.1" 404 564 "-" "Mozilla/5.0 (Macintosh; Intel Mac OS X 10_12_3) AppleWebKit/537.36 (KHTML, like Gecko) Chrome/56.0.2924.87 Safari/537.36"
94.72.101.21 - - [02/Nov/2024:20:12:41 +0000] "GET /beta/server/phpinfo.php HTTP/1.1" 404 564 "-" "Mozilla/5.0 (Macintosh; Intel Mac OS X 10_12_3) AppleWebKit/537.36 (KHTML, like Gecko) Chrome/56.0.2924.87 Safari/537.36"
94.72.101.21 - - [02/Nov/2024:20:12:42 +0000] "GET /beta/service/phpinfo.php HTTP/1.1" 404 564 "-" "Mozilla/5.0 (Macintosh; Intel Mac OS X 10_12_3) AppleWebKit/537.36 (KHTML, like Gecko) Chrome/56.0.2924.87 Safari/537.36"
94.72.101.21 - - [02/Nov/2024:20:12:42 +0000] "GET /beta/services/phpinfo.php HTTP/1.1" 404 564 "-" "Mozilla/5.0 (Macintosh; Intel Mac OS X 10_12_3) AppleWebKit/537.36 (KHTML, like Gecko) Chrome/56.0.2924.87 Safari/537.36"
94.72.101.21 - - [02/Nov/2024:20:12:42 +0000] "GET /beta/xampp/phpinfo.php HTTP/1.1" 404 564 "-" "Mozilla/5.0 (Macintosh; Intel Mac OS X 10_12_3) AppleWebKit/537.36 (KHTML, like Gecko) Chrome/56.0.2924.87 Safari/537.36"
94.72.101.21 - - [02/Nov/2024:20:12:42 +0000] "GET /beta/api/info.php HTTP/1.1" 404 564 "-" "Mozilla/5.0 (Macintosh; Intel Mac OS X 10_12_3) AppleWebKit/537.36 (KHTML, like Gecko) Chrome/56.0.2924.87 Safari/537.36"
94.72.101.21 - - [02/Nov/2024:20:12:42 +0000] "GET /beta/backend/info.php HTTP/1.1" 404 564 "-" "Mozilla/5.0 (Macintosh; Intel Mac OS X 10_12_3) AppleWebKit/537.36 (KHTML, like Gecko) Chrome/56.0.2924.87 Safari/537.36"
94.72.101.21 - - [02/Nov/2024:20:12:43 +0000] "GET /beta/backup/info.php HTTP/1.1" 404 564 "-" "Mozilla/5.0 (Macintosh; Intel Mac OS X 10_12_3) AppleWebKit/537.36 (KHTML, like Gecko) Chrome/56.0.2924.87 Safari/537.36"
94.72.101.21 - - [02/Nov/2024:20:12:43 +0000] "GET /beta/crm/info.php HTTP/1.1" 404 564 "-" "Mozilla/5.0 (Macintosh; Intel Mac OS X 10_12_3) AppleWebKit/537.36 (KHTML, like Gecko) Chrome/56.0.2924.87 Safari/537.36"
94.72.101.21 - - [02/Nov/2024:20:12:43 +0000] "GET /beta/current/info.php HTTP/1.1" 404 564 "-" "Mozilla/5.0 (Macintosh; Intel Mac OS X 10_12_3) AppleWebKit/537.36 (KHTML, like Gecko) Chrome/56.0.2924.87 Safari/537.36"
94.72.101.21 - - [02/Nov/2024:20:12:43 +0000] "GET /beta/dev/info.php HTTP/1.1" 404 564 "-" "Mozilla/5.0 (Macintosh; Intel Mac OS X 10_12_3) AppleWebKit/537.36 (KHTML, like Gecko) Chrome/56.0.2924.87 Safari/537.36"
94.72.101.21 - - [02/Nov/2024:20:12:44 +0000] "GET /beta/develop/info.php HTTP/1.1" 404 564 "-" "Mozilla/5.0 (Macintosh; Intel Mac OS X 10_12_3) AppleWebKit/537.36 (KHTML, like Gecko) Chrome/56.0.2924.87 Safari/537.36"
94.72.101.21 - - [02/Nov/2024:20:12:44 +0000] "GET /beta/development/iinfo.php HTTP/1.1" 404 564 "-" "Mozilla/5.0 (Macintosh; Intel Mac OS X 10_12_3) AppleWebKit/537.36 (KHTML, like Gecko) Chrome/56.0.2924.87 Safari/537.36"
94.72.101.21 - - [02/Nov/2024:20:12:44 +0000] "GET /beta/help/info.php HTTP/1.1" 404 564 "-" "Mozilla/5.0 (Macintosh; Intel Mac OS X 10_12_3) AppleWebKit/537.36 (KHTML, like Gecko) Chrome/56.0.2924.87 Safari/537.36"
94.72.101.21 - - [02/Nov/2024:20:12:44 +0000] "GET /beta/helper/info.php HTTP/1.1" 404 564 "-" "Mozilla/5.0 (Macintosh; Intel Mac OS X 10_12_3) AppleWebKit/537.36 (KHTML, like Gecko) Chrome/56.0.2924.87 Safari/537.36"
94.72.101.21 - - [02/Nov/2024:20:12:44 +0000] "GET /beta/lara/info.php HTTP/1.1" 404 564 "-" "Mozilla/5.0 (Macintosh; Intel Mac OS X 10_12_3) AppleWebKit/537.36 (KHTML, like Gecko) Chrome/56.0.2924.87 Safari/537.36"
94.72.101.21 - - [02/Nov/2024:20:12:45 +0000] "GET /beta/laravel/info.php HTTP/1.1" 404 564 "-" "Mozilla/5.0 (Macintosh; Intel Mac OS X 10_12_3) AppleWebKit/537.36 (KHTML, like Gecko) Chrome/56.0.2924.87 Safari/537.36"
94.72.101.21 - - [02/Nov/2024:20:12:45 +0000] "GET /beta/server/info.php HTTP/1.1" 404 564 "-" "Mozilla/5.0 (Macintosh; Intel Mac OS X 10_12_3) AppleWebKit/537.36 (KHTML, like Gecko) Chrome/56.0.2924.87 Safari/537.36"
94.72.101.21 - - [02/Nov/2024:20:12:45 +0000] "GET /beta/service/info.php HTTP/1.1" 404 564 "-" "Mozilla/5.0 (Macintosh; Intel Mac OS X 10_12_3) AppleWebKit/537.36 (KHTML, like Gecko) Chrome/56.0.2924.87 Safari/537.36"
94.72.101.21 - - [02/Nov/2024:20:12:45 +0000] "GET /beta/services/info.php HTTP/1.1" 404 564 "-" "Mozilla/5.0 (Macintosh; Intel Mac OS X 10_12_3) AppleWebKit/537.36 (KHTML, like Gecko) Chrome/56.0.2924.87 Safari/537.36"
94.72.101.21 - - [02/Nov/2024:20:12:45 +0000] "GET /beta/php-info.php HTTP/1.1" 404 564 "-" "Mozilla/5.0 (Macintosh; Intel Mac OS X 10_12_3) AppleWebKit/537.36 (KHTML, like Gecko) Chrome/56.0.2924.87 Safari/537.36"
94.72.101.21 - - [02/Nov/2024:20:12:45 +0000] "GET /beta/linusadmin-phpinfo.php HTTP/1.1" 404 564 "-" "Mozilla/5.0 (Macintosh; Intel Mac OS X 10_12_3) AppleWebKit/537.36 (KHTML, like Gecko) Chrome/56.0.2924.87 Safari/537.36"
94.72.101.21 - - [02/Nov/2024:20:12:46 +0000] "GET /beta/infos.php HTTP/1.1" 404 564 "-" "Mozilla/5.0 (Macintosh; Intel Mac OS X 10_12_3) AppleWebKit/537.36 (KHTML, like Gecko) Chrome/56.0.2924.87 Safari/537.36"
94.72.101.21 - - [02/Nov/2024:20:12:46 +0000] "GET /beta/old_phpinfo.php HTTP/1.1" 404 564 "-" "Mozilla/5.0 (Macintosh; Intel Mac OS X 10_12_3) AppleWebKit/537.36 (KHTML, like Gecko) Chrome/56.0.2924.87 Safari/537.36"
94.72.101.21 - - [02/Nov/2024:20:12:46 +0000] "GET /beta/temp.php HTTP/1.1" 404 564 "-" "Mozilla/5.0 (Macintosh; Intel Mac OS X 10_12_3) AppleWebKit/537.36 (KHTML, like Gecko) Chrome/56.0.2924.87 Safari/537.36"
94.72.101.21 - - [02/Nov/2024:20:12:46 +0000] "GET /beta/time.php HTTP/1.1" 404 564 "-" "Mozilla/5.0 (Macintosh; Intel Mac OS X 10_12_3) AppleWebKit/537.36 (KHTML, like Gecko) Chrome/56.0.2924.87 Safari/537.36"
94.72.101.21 - - [02/Nov/2024:20:12:46 +0000] "GET /beta/phpversion.php HTTP/1.1" 404 564 "-" "Mozilla/5.0 (Macintosh; Intel Mac OS X 10_12_3) AppleWebKit/537.36 (KHTML, like Gecko) Chrome/56.0.2924.87 Safari/537.36"
94.72.101.21 - - [02/Nov/2024:20:12:47 +0000] "GET /beta/pinfo.php HTTP/1.1" 404 564 "-" "Mozilla/5.0 (Macintosh; Intel Mac OS X 10_12_3) AppleWebKit/537.36 (KHTML, like Gecko) Chrome/56.0.2924.87 Safari/537.36"
94.72.101.21 - - [02/Nov/2024:20:12:47 +0000] "GET /beta/i.php HTTP/1.1" 404 564 "-" "Mozilla/5.0 (Macintosh; Intel Mac OS X 10_12_3) AppleWebKit/537.36 (KHTML, like Gecko) Chrome/56.0.2924.87 Safari/537.36"
94.72.101.21 - - [02/Nov/2024:20:12:47 +0000] "GET /beta/asdf.php HTTP/1.1" 404 564 "-" "Mozilla/5.0 (Macintosh; Intel Mac OS X 10_12_3) AppleWebKit/537.36 (KHTML, like Gecko) Chrome/56.0.2924.87 Safari/537.36"
94.72.101.21 - - [02/Nov/2024:20:12:47 +0000] "GET /bot/xampp/info.php HTTP/1.1" 404 564 "-" "Mozilla/5.0 (Macintosh; Intel Mac OS X 10_12_3) AppleWebKit/537.36 (KHTML, like Gecko) Chrome/56.0.2924.87 Safari/537.36"
94.72.101.21 - - [02/Nov/2024:20:12:47 +0000] "GET /bot/xampp/phpinfo HTTP/1.1" 404 564 "-" "Mozilla/5.0 (Macintosh; Intel Mac OS X 10_12_3) AppleWebKit/537.36 (KHTML, like Gecko) Chrome/56.0.2924.87 Safari/537.36"
94.72.101.21 - - [02/Nov/2024:20:12:47 +0000] "GET /bot/_profiler/phpinfo HTTP/1.1" 404 564 "-" "Mozilla/5.0 (Macintosh; Intel Mac OS X 10_12_3) AppleWebKit/537.36 (KHTML, like Gecko) Chrome/56.0.2924.87 Safari/537.36"
94.72.101.21 - - [02/Nov/2024:20:12:48 +0000] "GET /bot/phpinfo.php HTTP/1.1" 404 564 "-" "Mozilla/5.0 (Macintosh; Intel Mac OS X 10_12_3) AppleWebKit/537.36 (KHTML, like Gecko) Chrome/56.0.2924.87 Safari/537.36"
94.72.101.21 - - [02/Nov/2024:20:12:48 +0000] "GET /bot/phpinfo HTTP/1.1" 404 564 "-" "Mozilla/5.0 (Macintosh; Intel Mac OS X 10_12_3) AppleWebKit/537.36 (KHTML, like Gecko) Chrome/56.0.2924.87 Safari/537.36"
94.72.101.21 - - [02/Nov/2024:20:12:48 +0000] "GET /bot/info.php HTTP/1.1" 404 564 "-" "Mozilla/5.0 (Macintosh; Intel Mac OS X 10_12_3) AppleWebKit/537.36 (KHTML, like Gecko) Chrome/56.0.2924.87 Safari/537.36"
94.72.101.21 - - [02/Nov/2024:20:12:48 +0000] "GET /bot/php.ini HTTP/1.1" 404 564 "-" "Mozilla/5.0 (Macintosh; Intel Mac OS X 10_12_3) AppleWebKit/537.36 (KHTML, like Gecko) Chrome/56.0.2924.87 Safari/537.36"
94.72.101.21 - - [02/Nov/2024:20:12:49 +0000] "GET /bot/php.php HTTP/1.1" 404 564 "-" "Mozilla/5.0 (Macintosh; Intel Mac OS X 10_12_3) AppleWebKit/537.36 (KHTML, like Gecko) Chrome/56.0.2924.87 Safari/537.36"
94.72.101.21 - - [02/Nov/2024:20:12:49 +0000] "GET /bot/infophp.php HTTP/1.1" 404 564 "-" "Mozilla/5.0 (Macintosh; Intel Mac OS X 10_12_3) AppleWebKit/537.36 (KHTML, like Gecko) Chrome/56.0.2924.87 Safari/537.36"
94.72.101.21 - - [02/Nov/2024:20:12:49 +0000] "GET /bot/test.php HTTP/1.1" 404 564 "-" "Mozilla/5.0 (Macintosh; Intel Mac OS X 10_12_3) AppleWebKit/537.36 (KHTML, like Gecko) Chrome/56.0.2924.87 Safari/537.36"
94.72.101.21 - - [02/Nov/2024:20:12:50 +0000] "GET /bot/dashboard/phpinfo.php HTTP/1.1" 404 564 "-" "Mozilla/5.0 (Macintosh; Intel Mac OS X 10_12_3) AppleWebKit/537.36 (KHTML, like Gecko) Chrome/56.0.2924.87 Safari/537.36"
94.72.101.21 - - [02/Nov/2024:20:12:50 +0000] "GET /bot/api/phpinfo.php HTTP/1.1" 404 564 "-" "Mozilla/5.0 (Macintosh; Intel Mac OS X 10_12_3) AppleWebKit/537.36 (KHTML, like Gecko) Chrome/56.0.2924.87 Safari/537.36"
94.72.101.21 - - [02/Nov/2024:20:12:50 +0000] "GET /bot/backend/phpinfo.php HTTP/1.1" 404 564 "-" "Mozilla/5.0 (Macintosh; Intel Mac OS X 10_12_3) AppleWebKit/537.36 (KHTML, like Gecko) Chrome/56.0.2924.87 Safari/537.36"
94.72.101.21 - - [02/Nov/2024:20:12:50 +0000] "GET /bot/backup/phpinfo.php HTTP/1.1" 404 564 "-" "Mozilla/5.0 (Macintosh; Intel Mac OS X 10_12_3) AppleWebKit/537.36 (KHTML, like Gecko) Chrome/56.0.2924.87 Safari/537.36"
94.72.101.21 - - [02/Nov/2024:20:12:50 +0000] "GET /bot/crm/phpinfo.php HTTP/1.1" 404 564 "-" "Mozilla/5.0 (Macintosh; Intel Mac OS X 10_12_3) AppleWebKit/537.36 (KHTML, like Gecko) Chrome/56.0.2924.87 Safari/537.36"
94.72.101.21 - - [02/Nov/2024:20:12:50 +0000] "GET /bot/current/phpinfo.php HTTP/1.1" 404 564 "-" "Mozilla/5.0 (Macintosh; Intel Mac OS X 10_12_3) AppleWebKit/537.36 (KHTML, like Gecko) Chrome/56.0.2924.87 Safari/537.36"
94.72.101.21 - - [02/Nov/2024:20:12:51 +0000] "GET /bot/dev/phpinfo.php HTTP/1.1" 404 564 "-" "Mozilla/5.0 (Macintosh; Intel Mac OS X 10_12_3) AppleWebKit/537.36 (KHTML, like Gecko) Chrome/56.0.2924.87 Safari/537.36"
94.72.101.21 - - [02/Nov/2024:20:12:51 +0000] "GET /bot/develop/phpinfo.php HTTP/1.1" 404 564 "-" "Mozilla/5.0 (Macintosh; Intel Mac OS X 10_12_3) AppleWebKit/537.36 (KHTML, like Gecko) Chrome/56.0.2924.87 Safari/537.36"
94.72.101.21 - - [02/Nov/2024:20:12:51 +0000] "GET /bot/development/phpinfo.php HTTP/1.1" 404 564 "-" "Mozilla/5.0 (Macintosh; Intel Mac OS X 10_12_3) AppleWebKit/537.36 (KHTML, like Gecko) Chrome/56.0.2924.87 Safari/537.36"
94.72.101.21 - - [02/Nov/2024:20:12:51 +0000] "GET /bot/help/phpinfo.php HTTP/1.1" 404 564 "-" "Mozilla/5.0 (Macintosh; Intel Mac OS X 10_12_3) AppleWebKit/537.36 (KHTML, like Gecko) Chrome/56.0.2924.87 Safari/537.36"
94.72.101.21 - - [02/Nov/2024:20:12:52 +0000] "GET /bot/helper/phpinfo.php HTTP/1.1" 404 564 "-" "Mozilla/5.0 (Macintosh; Intel Mac OS X 10_12_3) AppleWebKit/537.36 (KHTML, like Gecko) Chrome/56.0.2924.87 Safari/537.36"
94.72.101.21 - - [02/Nov/2024:20:12:52 +0000] "GET /bot/lara/phpinfo.php HTTP/1.1" 404 564 "-" "Mozilla/5.0 (Macintosh; Intel Mac OS X 10_12_3) AppleWebKit/537.36 (KHTML, like Gecko) Chrome/56.0.2924.87 Safari/537.36"
94.72.101.21 - - [02/Nov/2024:20:12:53 +0000] "GET /bot/laravel/phpinfo.php HTTP/1.1" 404 564 "-" "Mozilla/5.0 (Macintosh; Intel Mac OS X 10_12_3) AppleWebKit/537.36 (KHTML, like Gecko) Chrome/56.0.2924.87 Safari/537.36"
94.72.101.21 - - [02/Nov/2024:20:12:53 +0000] "GET /bot/server/phpinfo.php HTTP/1.1" 404 564 "-" "Mozilla/5.0 (Macintosh; Intel Mac OS X 10_12_3) AppleWebKit/537.36 (KHTML, like Gecko) Chrome/56.0.2924.87 Safari/537.36"
94.72.101.21 - - [02/Nov/2024:20:12:53 +0000] "GET /bot/service/phpinfo.php HTTP/1.1" 404 564 "-" "Mozilla/5.0 (Macintosh; Intel Mac OS X 10_12_3) AppleWebKit/537.36 (KHTML, like Gecko) Chrome/56.0.2924.87 Safari/537.36"
94.72.101.21 - - [02/Nov/2024:20:12:53 +0000] "GET /bot/services/phpinfo.php HTTP/1.1" 404 564 "-" "Mozilla/5.0 (Macintosh; Intel Mac OS X 10_12_3) AppleWebKit/537.36 (KHTML, like Gecko) Chrome/56.0.2924.87 Safari/537.36"
94.72.101.21 - - [02/Nov/2024:20:12:53 +0000] "GET /bot/xampp/phpinfo.php HTTP/1.1" 404 564 "-" "Mozilla/5.0 (Macintosh; Intel Mac OS X 10_12_3) AppleWebKit/537.36 (KHTML, like Gecko) Chrome/56.0.2924.87 Safari/537.36"
94.72.101.21 - - [02/Nov/2024:20:12:54 +0000] "GET /bot/api/info.php HTTP/1.1" 404 564 "-" "Mozilla/5.0 (Macintosh; Intel Mac OS X 10_12_3) AppleWebKit/537.36 (KHTML, like Gecko) Chrome/56.0.2924.87 Safari/537.36"
94.72.101.21 - - [02/Nov/2024:20:12:54 +0000] "GET /bot/backend/info.php HTTP/1.1" 404 564 "-" "Mozilla/5.0 (Macintosh; Intel Mac OS X 10_12_3) AppleWebKit/537.36 (KHTML, like Gecko) Chrome/56.0.2924.87 Safari/537.36"
94.72.101.21 - - [02/Nov/2024:20:12:54 +0000] "GET /bot/backup/info.php HTTP/1.1" 404 564 "-" "Mozilla/5.0 (Macintosh; Intel Mac OS X 10_12_3) AppleWebKit/537.36 (KHTML, like Gecko) Chrome/56.0.2924.87 Safari/537.36"
94.72.101.21 - - [02/Nov/2024:20:12:55 +0000] "GET /bot/crm/info.php HTTP/1.1" 404 564 "-" "Mozilla/5.0 (Macintosh; Intel Mac OS X 10_12_3) AppleWebKit/537.36 (KHTML, like Gecko) Chrome/56.0.2924.87 Safari/537.36"
94.72.101.21 - - [02/Nov/2024:20:12:55 +0000] "GET /bot/current/info.php HTTP/1.1" 404 564 "-" "Mozilla/5.0 (Macintosh; Intel Mac OS X 10_12_3) AppleWebKit/537.36 (KHTML, like Gecko) Chrome/56.0.2924.87 Safari/537.36"
94.72.101.21 - - [02/Nov/2024:20:12:55 +0000] "GET /bot/dev/info.php HTTP/1.1" 404 564 "-" "Mozilla/5.0 (Macintosh; Intel Mac OS X 10_12_3) AppleWebKit/537.36 (KHTML, like Gecko) Chrome/56.0.2924.87 Safari/537.36"
94.72.101.21 - - [02/Nov/2024:20:12:56 +0000] "GET /bot/develop/info.php HTTP/1.1" 404 564 "-" "Mozilla/5.0 (Macintosh; Intel Mac OS X 10_12_3) AppleWebKit/537.36 (KHTML, like Gecko) Chrome/56.0.2924.87 Safari/537.36"
94.72.101.21 - - [02/Nov/2024:20:12:56 +0000] "GET /bot/development/iinfo.php HTTP/1.1" 404 564 "-" "Mozilla/5.0 (Macintosh; Intel Mac OS X 10_12_3) AppleWebKit/537.36 (KHTML, like Gecko) Chrome/56.0.2924.87 Safari/537.36"
94.72.101.21 - - [02/Nov/2024:20:12:56 +0000] "GET /bot/help/info.php HTTP/1.1" 404 564 "-" "Mozilla/5.0 (Macintosh; Intel Mac OS X 10_12_3) AppleWebKit/537.36 (KHTML, like Gecko) Chrome/56.0.2924.87 Safari/537.36"
94.72.101.21 - - [02/Nov/2024:20:12:57 +0000] "GET /bot/helper/info.php HTTP/1.1" 404 564 "-" "Mozilla/5.0 (Macintosh; Intel Mac OS X 10_12_3) AppleWebKit/537.36 (KHTML, like Gecko) Chrome/56.0.2924.87 Safari/537.36"
94.72.101.21 - - [02/Nov/2024:20:12:58 +0000] "GET /bot/lara/info.php HTTP/1.1" 404 564 "-" "Mozilla/5.0 (Macintosh; Intel Mac OS X 10_12_3) AppleWebKit/537.36 (KHTML, like Gecko) Chrome/56.0.2924.87 Safari/537.36"
94.72.101.21 - - [02/Nov/2024:20:12:58 +0000] "GET /bot/laravel/info.php HTTP/1.1" 404 564 "-" "Mozilla/5.0 (Macintosh; Intel Mac OS X 10_12_3) AppleWebKit/537.36 (KHTML, like Gecko) Chrome/56.0.2924.87 Safari/537.36"
94.72.101.21 - - [02/Nov/2024:20:12:58 +0000] "GET /bot/server/info.php HTTP/1.1" 404 564 "-" "Mozilla/5.0 (Macintosh; Intel Mac OS X 10_12_3) AppleWebKit/537.36 (KHTML, like Gecko) Chrome/56.0.2924.87 Safari/537.36"
94.72.101.21 - - [02/Nov/2024:20:12:58 +0000] "GET /bot/service/info.php HTTP/1.1" 404 564 "-" "Mozilla/5.0 (Macintosh; Intel Mac OS X 10_12_3) AppleWebKit/537.36 (KHTML, like Gecko) Chrome/56.0.2924.87 Safari/537.36"
94.72.101.21 - - [02/Nov/2024:20:12:59 +0000] "GET /bot/services/info.php HTTP/1.1" 404 564 "-" "Mozilla/5.0 (Macintosh; Intel Mac OS X 10_12_3) AppleWebKit/537.36 (KHTML, like Gecko) Chrome/56.0.2924.87 Safari/537.36"
94.72.101.21 - - [02/Nov/2024:20:12:59 +0000] "GET /bot/php-info.php HTTP/1.1" 404 564 "-" "Mozilla/5.0 (Macintosh; Intel Mac OS X 10_12_3) AppleWebKit/537.36 (KHTML, like Gecko) Chrome/56.0.2924.87 Safari/537.36"
94.72.101.21 - - [02/Nov/2024:20:12:59 +0000] "GET /bot/linusadmin-phpinfo.php HTTP/1.1" 404 564 "-" "Mozilla/5.0 (Macintosh; Intel Mac OS X 10_12_3) AppleWebKit/537.36 (KHTML, like Gecko) Chrome/56.0.2924.87 Safari/537.36"
94.72.101.21 - - [02/Nov/2024:20:12:59 +0000] "GET /bot/infos.php HTTP/1.1" 404 564 "-" "Mozilla/5.0 (Macintosh; Intel Mac OS X 10_12_3) AppleWebKit/537.36 (KHTML, like Gecko) Chrome/56.0.2924.87 Safari/537.36"
94.72.101.21 - - [02/Nov/2024:20:13:00 +0000] "GET /bot/old_phpinfo.php HTTP/1.1" 404 564 "-" "Mozilla/5.0 (Macintosh; Intel Mac OS X 10_12_3) AppleWebKit/537.36 (KHTML, like Gecko) Chrome/56.0.2924.87 Safari/537.36"
94.72.101.21 - - [02/Nov/2024:20:13:00 +0000] "GET /bot/temp.php HTTP/1.1" 404 564 "-" "Mozilla/5.0 (Macintosh; Intel Mac OS X 10_12_3) AppleWebKit/537.36 (KHTML, like Gecko) Chrome/56.0.2924.87 Safari/537.36"
94.72.101.21 - - [02/Nov/2024:20:13:00 +0000] "GET /bot/time.php HTTP/1.1" 404 564 "-" "Mozilla/5.0 (Macintosh; Intel Mac OS X 10_12_3) AppleWebKit/537.36 (KHTML, like Gecko) Chrome/56.0.2924.87 Safari/537.36"
94.72.101.21 - - [02/Nov/2024:20:13:00 +0000] "GET /bot/phpversion.php HTTP/1.1" 404 564 "-" "Mozilla/5.0 (Macintosh; Intel Mac OS X 10_12_3) AppleWebKit/537.36 (KHTML, like Gecko) Chrome/56.0.2924.87 Safari/537.36"
94.72.101.21 - - [02/Nov/2024:20:13:00 +0000] "GET /bot/pinfo.php HTTP/1.1" 404 564 "-" "Mozilla/5.0 (Macintosh; Intel Mac OS X 10_12_3) AppleWebKit/537.36 (KHTML, like Gecko) Chrome/56.0.2924.87 Safari/537.36"
94.72.101.21 - - [02/Nov/2024:20:13:01 +0000] "GET /bot/i.php HTTP/1.1" 404 564 "-" "Mozilla/5.0 (Macintosh; Intel Mac OS X 10_12_3) AppleWebKit/537.36 (KHTML, like Gecko) Chrome/56.0.2924.87 Safari/537.36"
94.72.101.21 - - [02/Nov/2024:20:13:01 +0000] "GET /bot/asdf.php HTTP/1.1" 404 564 "-" "Mozilla/5.0 (Macintosh; Intel Mac OS X 10_12_3) AppleWebKit/537.36 (KHTML, like Gecko) Chrome/56.0.2924.87 Safari/537.36"
94.72.101.21 - - [02/Nov/2024:20:13:01 +0000] "GET /client/xampp/info.php HTTP/1.1" 404 564 "-" "Mozilla/5.0 (Macintosh; Intel Mac OS X 10_12_3) AppleWebKit/537.36 (KHTML, like Gecko) Chrome/56.0.2924.87 Safari/537.36"
94.72.101.21 - - [02/Nov/2024:20:13:01 +0000] "GET /client/xampp/phpinfo HTTP/1.1" 404 564 "-" "Mozilla/5.0 (Macintosh; Intel Mac OS X 10_12_3) AppleWebKit/537.36 (KHTML, like Gecko) Chrome/56.0.2924.87 Safari/537.36"
94.72.101.21 - - [02/Nov/2024:20:13:01 +0000] "GET /client/_profiler/phpinfo HTTP/1.1" 404 564 "-" "Mozilla/5.0 (Macintosh; Intel Mac OS X 10_12_3) AppleWebKit/537.36 (KHTML, like Gecko) Chrome/56.0.2924.87 Safari/537.36"
94.72.101.21 - - [02/Nov/2024:20:13:01 +0000] "GET /client/phpinfo.php HTTP/1.1" 404 564 "-" "Mozilla/5.0 (Macintosh; Intel Mac OS X 10_12_3) AppleWebKit/537.36 (KHTML, like Gecko) Chrome/56.0.2924.87 Safari/537.36"
94.72.101.21 - - [02/Nov/2024:20:13:02 +0000] "GET /client/phpinfo HTTP/1.1" 404 564 "-" "Mozilla/5.0 (Macintosh; Intel Mac OS X 10_12_3) AppleWebKit/537.36 (KHTML, like Gecko) Chrome/56.0.2924.87 Safari/537.36"
94.72.101.21 - - [02/Nov/2024:20:13:02 +0000] "GET /client/info.php HTTP/1.1" 404 564 "-" "Mozilla/5.0 (Macintosh; Intel Mac OS X 10_12_3) AppleWebKit/537.36 (KHTML, like Gecko) Chrome/56.0.2924.87 Safari/537.36"
94.72.101.21 - - [02/Nov/2024:20:13:02 +0000] "GET /client/php.ini HTTP/1.1" 404 564 "-" "Mozilla/5.0 (Macintosh; Intel Mac OS X 10_12_3) AppleWebKit/537.36 (KHTML, like Gecko) Chrome/56.0.2924.87 Safari/537.36"
94.72.101.21 - - [02/Nov/2024:20:13:03 +0000] "GET /client/php.php HTTP/1.1" 404 564 "-" "Mozilla/5.0 (Macintosh; Intel Mac OS X 10_12_3) AppleWebKit/537.36 (KHTML, like Gecko) Chrome/56.0.2924.87 Safari/537.36"
94.72.101.21 - - [02/Nov/2024:20:13:03 +0000] "GET /client/infophp.php HTTP/1.1" 404 564 "-" "Mozilla/5.0 (Macintosh; Intel Mac OS X 10_12_3) AppleWebKit/537.36 (KHTML, like Gecko) Chrome/56.0.2924.87 Safari/537.36"
94.72.101.21 - - [02/Nov/2024:20:13:03 +0000] "GET /client/test.php HTTP/1.1" 404 564 "-" "Mozilla/5.0 (Macintosh; Intel Mac OS X 10_12_3) AppleWebKit/537.36 (KHTML, like Gecko) Chrome/56.0.2924.87 Safari/537.36"
94.72.101.21 - - [02/Nov/2024:20:13:03 +0000] "GET /client/dashboard/phpinfo.php HTTP/1.1" 404 564 "-" "Mozilla/5.0 (Macintosh; Intel Mac OS X 10_12_3) AppleWebKit/537.36 (KHTML, like Gecko) Chrome/56.0.2924.87 Safari/537.36"
94.72.101.21 - - [02/Nov/2024:20:13:04 +0000] "GET /client/api/phpinfo.php HTTP/1.1" 404 564 "-" "Mozilla/5.0 (Macintosh; Intel Mac OS X 10_12_3) AppleWebKit/537.36 (KHTML, like Gecko) Chrome/56.0.2924.87 Safari/537.36"
94.72.101.21 - - [02/Nov/2024:20:13:04 +0000] "GET /client/backend/phpinfo.php HTTP/1.1" 404 564 "-" "Mozilla/5.0 (Macintosh; Intel Mac OS X 10_12_3) AppleWebKit/537.36 (KHTML, like Gecko) Chrome/56.0.2924.87 Safari/537.36"
94.72.101.21 - - [02/Nov/2024:20:13:04 +0000] "GET /client/backup/phpinfo.php HTTP/1.1" 404 564 "-" "Mozilla/5.0 (Macintosh; Intel Mac OS X 10_12_3) AppleWebKit/537.36 (KHTML, like Gecko) Chrome/56.0.2924.87 Safari/537.36"
94.72.101.21 - - [02/Nov/2024:20:13:04 +0000] "GET /client/crm/phpinfo.php HTTP/1.1" 404 564 "-" "Mozilla/5.0 (Macintosh; Intel Mac OS X 10_12_3) AppleWebKit/537.36 (KHTML, like Gecko) Chrome/56.0.2924.87 Safari/537.36"
94.72.101.21 - - [02/Nov/2024:20:13:04 +0000] "GET /client/current/phpinfo.php HTTP/1.1" 404 564 "-" "Mozilla/5.0 (Macintosh; Intel Mac OS X 10_12_3) AppleWebKit/537.36 (KHTML, like Gecko) Chrome/56.0.2924.87 Safari/537.36"
94.72.101.21 - - [02/Nov/2024:20:13:05 +0000] "GET /client/dev/phpinfo.php HTTP/1.1" 404 564 "-" "Mozilla/5.0 (Macintosh; Intel Mac OS X 10_12_3) AppleWebKit/537.36 (KHTML, like Gecko) Chrome/56.0.2924.87 Safari/537.36"
94.72.101.21 - - [02/Nov/2024:20:13:05 +0000] "GET /client/develop/phpinfo.php HTTP/1.1" 404 564 "-" "Mozilla/5.0 (Macintosh; Intel Mac OS X 10_12_3) AppleWebKit/537.36 (KHTML, like Gecko) Chrome/56.0.2924.87 Safari/537.36"
94.72.101.21 - - [02/Nov/2024:20:13:05 +0000] "GET /client/development/phpinfo.php HTTP/1.1" 404 564 "-" "Mozilla/5.0 (Macintosh; Intel Mac OS X 10_12_3) AppleWebKit/537.36 (KHTML, like Gecko) Chrome/56.0.2924.87 Safari/537.36"
94.72.101.21 - - [02/Nov/2024:20:13:05 +0000] "GET /client/help/phpinfo.php HTTP/1.1" 404 564 "-" "Mozilla/5.0 (Macintosh; Intel Mac OS X 10_12_3) AppleWebKit/537.36 (KHTML, like Gecko) Chrome/56.0.2924.87 Safari/537.36"
94.72.101.21 - - [02/Nov/2024:20:13:06 +0000] "GET /client/helper/phpinfo.php HTTP/1.1" 404 564 "-" "Mozilla/5.0 (Macintosh; Intel Mac OS X 10_12_3) AppleWebKit/537.36 (KHTML, like Gecko) Chrome/56.0.2924.87 Safari/537.36"
94.72.101.21 - - [02/Nov/2024:20:13:06 +0000] "GET /client/lara/phpinfo.php HTTP/1.1" 404 564 "-" "Mozilla/5.0 (Macintosh; Intel Mac OS X 10_12_3) AppleWebKit/537.36 (KHTML, like Gecko) Chrome/56.0.2924.87 Safari/537.36"
94.72.101.21 - - [02/Nov/2024:20:13:06 +0000] "GET /client/laravel/phpinfo.php HTTP/1.1" 404 564 "-" "Mozilla/5.0 (Macintosh; Intel Mac OS X 10_12_3) AppleWebKit/537.36 (KHTML, like Gecko) Chrome/56.0.2924.87 Safari/537.36"
94.72.101.21 - - [02/Nov/2024:20:13:06 +0000] "GET /client/server/phpinfo.php HTTP/1.1" 404 564 "-" "Mozilla/5.0 (Macintosh; Intel Mac OS X 10_12_3) AppleWebKit/537.36 (KHTML, like Gecko) Chrome/56.0.2924.87 Safari/537.36"
94.72.101.21 - - [02/Nov/2024:20:13:07 +0000] "GET /client/service/phpinfo.php HTTP/1.1" 404 564 "-" "Mozilla/5.0 (Macintosh; Intel Mac OS X 10_12_3) AppleWebKit/537.36 (KHTML, like Gecko) Chrome/56.0.2924.87 Safari/537.36"
94.72.101.21 - - [02/Nov/2024:20:13:07 +0000] "GET /client/services/phpinfo.php HTTP/1.1" 404 564 "-" "Mozilla/5.0 (Macintosh; Intel Mac OS X 10_12_3) AppleWebKit/537.36 (KHTML, like Gecko) Chrome/56.0.2924.87 Safari/537.36"
94.72.101.21 - - [02/Nov/2024:20:13:07 +0000] "GET /client/xampp/phpinfo.php HTTP/1.1" 404 564 "-" "Mozilla/5.0 (Macintosh; Intel Mac OS X 10_12_3) AppleWebKit/537.36 (KHTML, like Gecko) Chrome/56.0.2924.87 Safari/537.36"
94.72.101.21 - - [02/Nov/2024:20:13:08 +0000] "GET /client/api/info.php HTTP/1.1" 404 564 "-" "Mozilla/5.0 (Macintosh; Intel Mac OS X 10_12_3) AppleWebKit/537.36 (KHTML, like Gecko) Chrome/56.0.2924.87 Safari/537.36"
94.72.101.21 - - [02/Nov/2024:20:13:08 +0000] "GET /client/backend/info.php HTTP/1.1" 404 564 "-" "Mozilla/5.0 (Macintosh; Intel Mac OS X 10_12_3) AppleWebKit/537.36 (KHTML, like Gecko) Chrome/56.0.2924.87 Safari/537.36"
94.72.101.21 - - [02/Nov/2024:20:13:08 +0000] "GET /client/backup/info.php HTTP/1.1" 404 564 "-" "Mozilla/5.0 (Macintosh; Intel Mac OS X 10_12_3) AppleWebKit/537.36 (KHTML, like Gecko) Chrome/56.0.2924.87 Safari/537.36"
94.72.101.21 - - [02/Nov/2024:20:13:08 +0000] "GET /client/crm/info.php HTTP/1.1" 404 564 "-" "Mozilla/5.0 (Macintosh; Intel Mac OS X 10_12_3) AppleWebKit/537.36 (KHTML, like Gecko) Chrome/56.0.2924.87 Safari/537.36"
94.72.101.21 - - [02/Nov/2024:20:13:08 +0000] "GET /client/current/info.php HTTP/1.1" 404 564 "-" "Mozilla/5.0 (Macintosh; Intel Mac OS X 10_12_3) AppleWebKit/537.36 (KHTML, like Gecko) Chrome/56.0.2924.87 Safari/537.36"
94.72.101.21 - - [02/Nov/2024:20:13:08 +0000] "GET /client/dev/info.php HTTP/1.1" 404 564 "-" "Mozilla/5.0 (Macintosh; Intel Mac OS X 10_12_3) AppleWebKit/537.36 (KHTML, like Gecko) Chrome/56.0.2924.87 Safari/537.36"
94.72.101.21 - - [02/Nov/2024:20:13:09 +0000] "GET /client/develop/info.php HTTP/1.1" 404 564 "-" "Mozilla/5.0 (Macintosh; Intel Mac OS X 10_12_3) AppleWebKit/537.36 (KHTML, like Gecko) Chrome/56.0.2924.87 Safari/537.36"
94.72.101.21 - - [02/Nov/2024:20:13:09 +0000] "GET /client/development/iinfo.php HTTP/1.1" 404 564 "-" "Mozilla/5.0 (Macintosh; Intel Mac OS X 10_12_3) AppleWebKit/537.36 (KHTML, like Gecko) Chrome/56.0.2924.87 Safari/537.36"
94.72.101.21 - - [02/Nov/2024:20:13:09 +0000] "GET /client/help/info.php HTTP/1.1" 404 564 "-" "Mozilla/5.0 (Macintosh; Intel Mac OS X 10_12_3) AppleWebKit/537.36 (KHTML, like Gecko) Chrome/56.0.2924.87 Safari/537.36"
94.72.101.21 - - [02/Nov/2024:20:13:10 +0000] "GET /client/helper/info.php HTTP/1.1" 404 564 "-" "Mozilla/5.0 (Macintosh; Intel Mac OS X 10_12_3) AppleWebKit/537.36 (KHTML, like Gecko) Chrome/56.0.2924.87 Safari/537.36"
94.72.101.21 - - [02/Nov/2024:20:13:10 +0000] "GET /client/lara/info.php HTTP/1.1" 404 564 "-" "Mozilla/5.0 (Macintosh; Intel Mac OS X 10_12_3) AppleWebKit/537.36 (KHTML, like Gecko) Chrome/56.0.2924.87 Safari/537.36"
94.72.101.21 - - [02/Nov/2024:20:13:10 +0000] "GET /client/laravel/info.php HTTP/1.1" 404 564 "-" "Mozilla/5.0 (Macintosh; Intel Mac OS X 10_12_3) AppleWebKit/537.36 (KHTML, like Gecko) Chrome/56.0.2924.87 Safari/537.36"
94.72.101.21 - - [02/Nov/2024:20:13:10 +0000] "GET /client/server/info.php HTTP/1.1" 404 564 "-" "Mozilla/5.0 (Macintosh; Intel Mac OS X 10_12_3) AppleWebKit/537.36 (KHTML, like Gecko) Chrome/56.0.2924.87 Safari/537.36"
94.72.101.21 - - [02/Nov/2024:20:13:11 +0000] "GET /client/service/info.php HTTP/1.1" 404 564 "-" "Mozilla/5.0 (Macintosh; Intel Mac OS X 10_12_3) AppleWebKit/537.36 (KHTML, like Gecko) Chrome/56.0.2924.87 Safari/537.36"
94.72.101.21 - - [02/Nov/2024:20:13:11 +0000] "GET /client/services/info.php HTTP/1.1" 404 564 "-" "Mozilla/5.0 (Macintosh; Intel Mac OS X 10_12_3) AppleWebKit/537.36 (KHTML, like Gecko) Chrome/56.0.2924.87 Safari/537.36"
94.72.101.21 - - [02/Nov/2024:20:13:11 +0000] "GET /client/php-info.php HTTP/1.1" 404 564 "-" "Mozilla/5.0 (Macintosh; Intel Mac OS X 10_12_3) AppleWebKit/537.36 (KHTML, like Gecko) Chrome/56.0.2924.87 Safari/537.36"
94.72.101.21 - - [02/Nov/2024:20:13:12 +0000] "GET /client/linusadmin-phpinfo.php HTTP/1.1" 404 564 "-" "Mozilla/5.0 (Macintosh; Intel Mac OS X 10_12_3) AppleWebKit/537.36 (KHTML, like Gecko) Chrome/56.0.2924.87 Safari/537.36"
94.72.101.21 - - [02/Nov/2024:20:13:12 +0000] "GET /client/infos.php HTTP/1.1" 404 564 "-" "Mozilla/5.0 (Macintosh; Intel Mac OS X 10_12_3) AppleWebKit/537.36 (KHTML, like Gecko) Chrome/56.0.2924.87 Safari/537.36"
94.72.101.21 - - [02/Nov/2024:20:13:12 +0000] "GET /client/old_phpinfo.php HTTP/1.1" 404 564 "-" "Mozilla/5.0 (Macintosh; Intel Mac OS X 10_12_3) AppleWebKit/537.36 (KHTML, like Gecko) Chrome/56.0.2924.87 Safari/537.36"
94.72.101.21 - - [02/Nov/2024:20:13:12 +0000] "GET /client/temp.php HTTP/1.1" 404 564 "-" "Mozilla/5.0 (Macintosh; Intel Mac OS X 10_12_3) AppleWebKit/537.36 (KHTML, like Gecko) Chrome/56.0.2924.87 Safari/537.36"
94.72.101.21 - - [02/Nov/2024:20:13:12 +0000] "GET /client/time.php HTTP/1.1" 404 564 "-" "Mozilla/5.0 (Macintosh; Intel Mac OS X 10_12_3) AppleWebKit/537.36 (KHTML, like Gecko) Chrome/56.0.2924.87 Safari/537.36"
94.72.101.21 - - [02/Nov/2024:20:13:12 +0000] "GET /client/phpversion.php HTTP/1.1" 404 564 "-" "Mozilla/5.0 (Macintosh; Intel Mac OS X 10_12_3) AppleWebKit/537.36 (KHTML, like Gecko) Chrome/56.0.2924.87 Safari/537.36"
94.72.101.21 - - [02/Nov/2024:20:13:13 +0000] "GET /client/pinfo.php HTTP/1.1" 404 564 "-" "Mozilla/5.0 (Macintosh; Intel Mac OS X 10_12_3) AppleWebKit/537.36 (KHTML, like Gecko) Chrome/56.0.2924.87 Safari/537.36"
94.72.101.21 - - [02/Nov/2024:20:13:14 +0000] "GET /client/i.php HTTP/1.1" 404 564 "-" "Mozilla/5.0 (Macintosh; Intel Mac OS X 10_12_3) AppleWebKit/537.36 (KHTML, like Gecko) Chrome/56.0.2924.87 Safari/537.36"
94.72.101.21 - - [02/Nov/2024:20:13:14 +0000] "GET /client/asdf.php HTTP/1.1" 404 564 "-" "Mozilla/5.0 (Macintosh; Intel Mac OS X 10_12_3) AppleWebKit/537.36 (KHTML, like Gecko) Chrome/56.0.2924.87 Safari/537.36"
94.72.101.21 - - [02/Nov/2024:20:13:14 +0000] "GET /conf/xampp/info.php HTTP/1.1" 404 564 "-" "Mozilla/5.0 (Macintosh; Intel Mac OS X 10_12_3) AppleWebKit/537.36 (KHTML, like Gecko) Chrome/56.0.2924.87 Safari/537.36"
94.72.101.21 - - [02/Nov/2024:20:13:14 +0000] "GET /conf/xampp/phpinfo HTTP/1.1" 404 564 "-" "Mozilla/5.0 (Macintosh; Intel Mac OS X 10_12_3) AppleWebKit/537.36 (KHTML, like Gecko) Chrome/56.0.2924.87 Safari/537.36"
94.72.101.21 - - [02/Nov/2024:20:13:14 +0000] "GET /conf/_profiler/phpinfo HTTP/1.1" 404 564 "-" "Mozilla/5.0 (Macintosh; Intel Mac OS X 10_12_3) AppleWebKit/537.36 (KHTML, like Gecko) Chrome/56.0.2924.87 Safari/537.36"
94.72.101.21 - - [02/Nov/2024:20:13:14 +0000] "GET /conf/phpinfo.php HTTP/1.1" 404 564 "-" "Mozilla/5.0 (Macintosh; Intel Mac OS X 10_12_3) AppleWebKit/537.36 (KHTML, like Gecko) Chrome/56.0.2924.87 Safari/537.36"
94.72.101.21 - - [02/Nov/2024:20:13:15 +0000] "GET /conf/phpinfo HTTP/1.1" 404 564 "-" "Mozilla/5.0 (Macintosh; Intel Mac OS X 10_12_3) AppleWebKit/537.36 (KHTML, like Gecko) Chrome/56.0.2924.87 Safari/537.36"
94.72.101.21 - - [02/Nov/2024:20:13:15 +0000] "GET /conf/info.php HTTP/1.1" 404 564 "-" "Mozilla/5.0 (Macintosh; Intel Mac OS X 10_12_3) AppleWebKit/537.36 (KHTML, like Gecko) Chrome/56.0.2924.87 Safari/537.36"
94.72.101.21 - - [02/Nov/2024:20:13:15 +0000] "GET /conf/php.ini HTTP/1.1" 404 564 "-" "Mozilla/5.0 (Macintosh; Intel Mac OS X 10_12_3) AppleWebKit/537.36 (KHTML, like Gecko) Chrome/56.0.2924.87 Safari/537.36"
94.72.101.21 - - [02/Nov/2024:20:13:16 +0000] "GET /conf/php.php HTTP/1.1" 404 564 "-" "Mozilla/5.0 (Macintosh; Intel Mac OS X 10_12_3) AppleWebKit/537.36 (KHTML, like Gecko) Chrome/56.0.2924.87 Safari/537.36"
94.72.101.21 - - [02/Nov/2024:20:13:16 +0000] "GET /conf/infophp.php HTTP/1.1" 404 564 "-" "Mozilla/5.0 (Macintosh; Intel Mac OS X 10_12_3) AppleWebKit/537.36 (KHTML, like Gecko) Chrome/56.0.2924.87 Safari/537.36"
94.72.101.21 - - [02/Nov/2024:20:13:16 +0000] "GET /conf/test.php HTTP/1.1" 404 564 "-" "Mozilla/5.0 (Macintosh; Intel Mac OS X 10_12_3) AppleWebKit/537.36 (KHTML, like Gecko) Chrome/56.0.2924.87 Safari/537.36"
94.72.101.21 - - [02/Nov/2024:20:13:16 +0000] "GET /conf/dashboard/phpinfo.php HTTP/1.1" 404 564 "-" "Mozilla/5.0 (Macintosh; Intel Mac OS X 10_12_3) AppleWebKit/537.36 (KHTML, like Gecko) Chrome/56.0.2924.87 Safari/537.36"
94.72.101.21 - - [02/Nov/2024:20:13:16 +0000] "GET /conf/api/phpinfo.php HTTP/1.1" 404 564 "-" "Mozilla/5.0 (Macintosh; Intel Mac OS X 10_12_3) AppleWebKit/537.36 (KHTML, like Gecko) Chrome/56.0.2924.87 Safari/537.36"
94.72.101.21 - - [02/Nov/2024:20:13:16 +0000] "GET /conf/backend/phpinfo.php HTTP/1.1" 404 564 "-" "Mozilla/5.0 (Macintosh; Intel Mac OS X 10_12_3) AppleWebKit/537.36 (KHTML, like Gecko) Chrome/56.0.2924.87 Safari/537.36"
94.72.101.21 - - [02/Nov/2024:20:13:17 +0000] "GET /conf/backup/phpinfo.php HTTP/1.1" 404 564 "-" "Mozilla/5.0 (Macintosh; Intel Mac OS X 10_12_3) AppleWebKit/537.36 (KHTML, like Gecko) Chrome/56.0.2924.87 Safari/537.36"
94.72.101.21 - - [02/Nov/2024:20:13:17 +0000] "GET /conf/crm/phpinfo.php HTTP/1.1" 404 564 "-" "Mozilla/5.0 (Macintosh; Intel Mac OS X 10_12_3) AppleWebKit/537.36 (KHTML, like Gecko) Chrome/56.0.2924.87 Safari/537.36"
94.72.101.21 - - [02/Nov/2024:20:13:17 +0000] "GET /conf/current/phpinfo.php HTTP/1.1" 404 564 "-" "Mozilla/5.0 (Macintosh; Intel Mac OS X 10_12_3) AppleWebKit/537.36 (KHTML, like Gecko) Chrome/56.0.2924.87 Safari/537.36"
94.72.101.21 - - [02/Nov/2024:20:13:18 +0000] "GET /conf/dev/phpinfo.php HTTP/1.1" 404 564 "-" "Mozilla/5.0 (Macintosh; Intel Mac OS X 10_12_3) AppleWebKit/537.36 (KHTML, like Gecko) Chrome/56.0.2924.87 Safari/537.36"
94.72.101.21 - - [02/Nov/2024:20:13:18 +0000] "GET /conf/develop/phpinfo.php HTTP/1.1" 404 564 "-" "Mozilla/5.0 (Macintosh; Intel Mac OS X 10_12_3) AppleWebKit/537.36 (KHTML, like Gecko) Chrome/56.0.2924.87 Safari/537.36"
94.72.101.21 - - [02/Nov/2024:20:13:18 +0000] "GET /conf/development/phpinfo.php HTTP/1.1" 404 564 "-" "Mozilla/5.0 (Macintosh; Intel Mac OS X 10_12_3) AppleWebKit/537.36 (KHTML, like Gecko) Chrome/56.0.2924.87 Safari/537.36"
94.72.101.21 - - [02/Nov/2024:20:13:18 +0000] "GET /conf/help/phpinfo.php HTTP/1.1" 404 564 "-" "Mozilla/5.0 (Macintosh; Intel Mac OS X 10_12_3) AppleWebKit/537.36 (KHTML, like Gecko) Chrome/56.0.2924.87 Safari/537.36"
94.72.101.21 - - [02/Nov/2024:20:13:18 +0000] "GET /conf/helper/phpinfo.php HTTP/1.1" 404 564 "-" "Mozilla/5.0 (Macintosh; Intel Mac OS X 10_12_3) AppleWebKit/537.36 (KHTML, like Gecko) Chrome/56.0.2924.87 Safari/537.36"
94.72.101.21 - - [02/Nov/2024:20:13:19 +0000] "GET /conf/lara/phpinfo.php HTTP/1.1" 404 564 "-" "Mozilla/5.0 (Macintosh; Intel Mac OS X 10_12_3) AppleWebKit/537.36 (KHTML, like Gecko) Chrome/56.0.2924.87 Safari/537.36"
94.72.101.21 - - [02/Nov/2024:20:13:19 +0000] "GET /conf/laravel/phpinfo.php HTTP/1.1" 404 564 "-" "Mozilla/5.0 (Macintosh; Intel Mac OS X 10_12_3) AppleWebKit/537.36 (KHTML, like Gecko) Chrome/56.0.2924.87 Safari/537.36"
94.72.101.21 - - [02/Nov/2024:20:13:21 +0000] "GET /conf/server/phpinfo.php HTTP/1.1" 404 564 "-" "Mozilla/5.0 (Macintosh; Intel Mac OS X 10_12_3) AppleWebKit/537.36 (KHTML, like Gecko) Chrome/56.0.2924.87 Safari/537.36"
94.72.101.21 - - [02/Nov/2024:20:13:21 +0000] "GET /conf/service/phpinfo.php HTTP/1.1" 404 564 "-" "Mozilla/5.0 (Macintosh; Intel Mac OS X 10_12_3) AppleWebKit/537.36 (KHTML, like Gecko) Chrome/56.0.2924.87 Safari/537.36"
94.72.101.21 - - [02/Nov/2024:20:13:21 +0000] "GET /conf/services/phpinfo.php HTTP/1.1" 404 564 "-" "Mozilla/5.0 (Macintosh; Intel Mac OS X 10_12_3) AppleWebKit/537.36 (KHTML, like Gecko) Chrome/56.0.2924.87 Safari/537.36"
94.72.101.21 - - [02/Nov/2024:20:13:21 +0000] "GET /conf/xampp/phpinfo.php HTTP/1.1" 404 564 "-" "Mozilla/5.0 (Macintosh; Intel Mac OS X 10_12_3) AppleWebKit/537.36 (KHTML, like Gecko) Chrome/56.0.2924.87 Safari/537.36"
94.72.101.21 - - [02/Nov/2024:20:13:22 +0000] "GET /conf/api/info.php HTTP/1.1" 404 564 "-" "Mozilla/5.0 (Macintosh; Intel Mac OS X 10_12_3) AppleWebKit/537.36 (KHTML, like Gecko) Chrome/56.0.2924.87 Safari/537.36"
94.72.101.21 - - [02/Nov/2024:20:13:22 +0000] "GET /conf/backend/info.php HTTP/1.1" 404 564 "-" "Mozilla/5.0 (Macintosh; Intel Mac OS X 10_12_3) AppleWebKit/537.36 (KHTML, like Gecko) Chrome/56.0.2924.87 Safari/537.36"
94.72.101.21 - - [02/Nov/2024:20:13:22 +0000] "GET /conf/backup/info.php HTTP/1.1" 404 564 "-" "Mozilla/5.0 (Macintosh; Intel Mac OS X 10_12_3) AppleWebKit/537.36 (KHTML, like Gecko) Chrome/56.0.2924.87 Safari/537.36"
94.72.101.21 - - [02/Nov/2024:20:13:22 +0000] "GET /conf/crm/info.php HTTP/1.1" 404 564 "-" "Mozilla/5.0 (Macintosh; Intel Mac OS X 10_12_3) AppleWebKit/537.36 (KHTML, like Gecko) Chrome/56.0.2924.87 Safari/537.36"
94.72.101.21 - - [02/Nov/2024:20:13:23 +0000] "GET /conf/current/info.php HTTP/1.1" 404 564 "-" "Mozilla/5.0 (Macintosh; Intel Mac OS X 10_12_3) AppleWebKit/537.36 (KHTML, like Gecko) Chrome/56.0.2924.87 Safari/537.36"
94.72.101.21 - - [02/Nov/2024:20:13:23 +0000] "GET /conf/dev/info.php HTTP/1.1" 404 564 "-" "Mozilla/5.0 (Macintosh; Intel Mac OS X 10_12_3) AppleWebKit/537.36 (KHTML, like Gecko) Chrome/56.0.2924.87 Safari/537.36"
94.72.101.21 - - [02/Nov/2024:20:13:23 +0000] "GET /conf/develop/info.php HTTP/1.1" 404 564 "-" "Mozilla/5.0 (Macintosh; Intel Mac OS X 10_12_3) AppleWebKit/537.36 (KHTML, like Gecko) Chrome/56.0.2924.87 Safari/537.36"
94.72.101.21 - - [02/Nov/2024:20:13:23 +0000] "GET /conf/development/iinfo.php HTTP/1.1" 404 564 "-" "Mozilla/5.0 (Macintosh; Intel Mac OS X 10_12_3) AppleWebKit/537.36 (KHTML, like Gecko) Chrome/56.0.2924.87 Safari/537.36"
94.72.101.21 - - [02/Nov/2024:20:13:24 +0000] "GET /conf/help/info.php HTTP/1.1" 404 564 "-" "Mozilla/5.0 (Macintosh; Intel Mac OS X 10_12_3) AppleWebKit/537.36 (KHTML, like Gecko) Chrome/56.0.2924.87 Safari/537.36"
94.72.101.21 - - [02/Nov/2024:20:13:24 +0000] "GET /conf/helper/info.php HTTP/1.1" 404 564 "-" "Mozilla/5.0 (Macintosh; Intel Mac OS X 10_12_3) AppleWebKit/537.36 (KHTML, like Gecko) Chrome/56.0.2924.87 Safari/537.36"
94.72.101.21 - - [02/Nov/2024:20:13:24 +0000] "GET /conf/lara/info.php HTTP/1.1" 404 564 "-" "Mozilla/5.0 (Macintosh; Intel Mac OS X 10_12_3) AppleWebKit/537.36 (KHTML, like Gecko) Chrome/56.0.2924.87 Safari/537.36"
94.72.101.21 - - [02/Nov/2024:20:13:24 +0000] "GET /conf/laravel/info.php HTTP/1.1" 404 564 "-" "Mozilla/5.0 (Macintosh; Intel Mac OS X 10_12_3) AppleWebKit/537.36 (KHTML, like Gecko) Chrome/56.0.2924.87 Safari/537.36"
94.72.101.21 - - [02/Nov/2024:20:13:24 +0000] "GET /conf/server/info.php HTTP/1.1" 404 564 "-" "Mozilla/5.0 (Macintosh; Intel Mac OS X 10_12_3) AppleWebKit/537.36 (KHTML, like Gecko) Chrome/56.0.2924.87 Safari/537.36"
94.72.101.21 - - [02/Nov/2024:20:13:25 +0000] "GET /conf/service/info.php HTTP/1.1" 404 564 "-" "Mozilla/5.0 (Macintosh; Intel Mac OS X 10_12_3) AppleWebKit/537.36 (KHTML, like Gecko) Chrome/56.0.2924.87 Safari/537.36"
94.72.101.21 - - [02/Nov/2024:20:13:25 +0000] "GET /conf/services/info.php HTTP/1.1" 404 564 "-" "Mozilla/5.0 (Macintosh; Intel Mac OS X 10_12_3) AppleWebKit/537.36 (KHTML, like Gecko) Chrome/56.0.2924.87 Safari/537.36"
94.72.101.21 - - [02/Nov/2024:20:13:26 +0000] "GET /conf/php-info.php HTTP/1.1" 404 564 "-" "Mozilla/5.0 (Macintosh; Intel Mac OS X 10_12_3) AppleWebKit/537.36 (KHTML, like Gecko) Chrome/56.0.2924.87 Safari/537.36"
94.72.101.21 - - [02/Nov/2024:20:13:27 +0000] "GET /conf/linusadmin-phpinfo.php HTTP/1.1" 404 564 "-" "Mozilla/5.0 (Macintosh; Intel Mac OS X 10_12_3) AppleWebKit/537.36 (KHTML, like Gecko) Chrome/56.0.2924.87 Safari/537.36"
94.72.101.21 - - [02/Nov/2024:20:13:27 +0000] "GET /conf/infos.php HTTP/1.1" 404 564 "-" "Mozilla/5.0 (Macintosh; Intel Mac OS X 10_12_3) AppleWebKit/537.36 (KHTML, like Gecko) Chrome/56.0.2924.87 Safari/537.36"
94.72.101.21 - - [02/Nov/2024:20:13:27 +0000] "GET /conf/old_phpinfo.php HTTP/1.1" 404 564 "-" "Mozilla/5.0 (Macintosh; Intel Mac OS X 10_12_3) AppleWebKit/537.36 (KHTML, like Gecko) Chrome/56.0.2924.87 Safari/537.36"
94.72.101.21 - - [02/Nov/2024:20:13:28 +0000] "GET /conf/temp.php HTTP/1.1" 404 564 "-" "Mozilla/5.0 (Macintosh; Intel Mac OS X 10_12_3) AppleWebKit/537.36 (KHTML, like Gecko) Chrome/56.0.2924.87 Safari/537.36"
94.72.101.21 - - [02/Nov/2024:20:13:28 +0000] "GET /conf/time.php HTTP/1.1" 404 564 "-" "Mozilla/5.0 (Macintosh; Intel Mac OS X 10_12_3) AppleWebKit/537.36 (KHTML, like Gecko) Chrome/56.0.2924.87 Safari/537.36"
94.72.101.21 - - [02/Nov/2024:20:13:28 +0000] "GET /conf/phpversion.php HTTP/1.1" 404 564 "-" "Mozilla/5.0 (Macintosh; Intel Mac OS X 10_12_3) AppleWebKit/537.36 (KHTML, like Gecko) Chrome/56.0.2924.87 Safari/537.36"
94.72.101.21 - - [02/Nov/2024:20:13:28 +0000] "GET /conf/pinfo.php HTTP/1.1" 404 564 "-" "Mozilla/5.0 (Macintosh; Intel Mac OS X 10_12_3) AppleWebKit/537.36 (KHTML, like Gecko) Chrome/56.0.2924.87 Safari/537.36"
94.72.101.21 - - [02/Nov/2024:20:13:28 +0000] "GET /conf/i.php HTTP/1.1" 404 564 "-" "Mozilla/5.0 (Macintosh; Intel Mac OS X 10_12_3) AppleWebKit/537.36 (KHTML, like Gecko) Chrome/56.0.2924.87 Safari/537.36"
94.72.101.21 - - [02/Nov/2024:20:13:28 +0000] "GET /conf/asdf.php HTTP/1.1" 404 564 "-" "Mozilla/5.0 (Macintosh; Intel Mac OS X 10_12_3) AppleWebKit/537.36 (KHTML, like Gecko) Chrome/56.0.2924.87 Safari/537.36"
94.72.101.21 - - [02/Nov/2024:20:13:29 +0000] "GET /config/xampp/info.php HTTP/1.1" 404 564 "-" "Mozilla/5.0 (Macintosh; Intel Mac OS X 10_12_3) AppleWebKit/537.36 (KHTML, like Gecko) Chrome/56.0.2924.87 Safari/537.36"
94.72.101.21 - - [02/Nov/2024:20:13:29 +0000] "GET /config/xampp/phpinfo HTTP/1.1" 404 564 "-" "Mozilla/5.0 (Macintosh; Intel Mac OS X 10_12_3) AppleWebKit/537.36 (KHTML, like Gecko) Chrome/56.0.2924.87 Safari/537.36"
94.72.101.21 - - [02/Nov/2024:20:13:29 +0000] "GET /config/_profiler/phpinfo HTTP/1.1" 404 564 "-" "Mozilla/5.0 (Macintosh; Intel Mac OS X 10_12_3) AppleWebKit/537.36 (KHTML, like Gecko) Chrome/56.0.2924.87 Safari/537.36"
94.72.101.21 - - [02/Nov/2024:20:13:29 +0000] "GET /config/phpinfo.php HTTP/1.1" 404 564 "-" "Mozilla/5.0 (Macintosh; Intel Mac OS X 10_12_3) AppleWebKit/537.36 (KHTML, like Gecko) Chrome/56.0.2924.87 Safari/537.36"
94.72.101.21 - - [02/Nov/2024:20:13:29 +0000] "GET /config/phpinfo HTTP/1.1" 404 564 "-" "Mozilla/5.0 (Macintosh; Intel Mac OS X 10_12_3) AppleWebKit/537.36 (KHTML, like Gecko) Chrome/56.0.2924.87 Safari/537.36"
94.72.101.21 - - [02/Nov/2024:20:13:29 +0000] "GET /config/info.php HTTP/1.1" 404 564 "-" "Mozilla/5.0 (Macintosh; Intel Mac OS X 10_12_3) AppleWebKit/537.36 (KHTML, like Gecko) Chrome/56.0.2924.87 Safari/537.36"
94.72.101.21 - - [02/Nov/2024:20:13:30 +0000] "GET /config/php.ini HTTP/1.1" 404 564 "-" "Mozilla/5.0 (Macintosh; Intel Mac OS X 10_12_3) AppleWebKit/537.36 (KHTML, like Gecko) Chrome/56.0.2924.87 Safari/537.36"
94.72.101.21 - - [02/Nov/2024:20:13:30 +0000] "GET /config/php.php HTTP/1.1" 404 564 "-" "Mozilla/5.0 (Macintosh; Intel Mac OS X 10_12_3) AppleWebKit/537.36 (KHTML, like Gecko) Chrome/56.0.2924.87 Safari/537.36"
94.72.101.21 - - [02/Nov/2024:20:13:30 +0000] "GET /config/infophp.php HTTP/1.1" 404 564 "-" "Mozilla/5.0 (Macintosh; Intel Mac OS X 10_12_3) AppleWebKit/537.36 (KHTML, like Gecko) Chrome/56.0.2924.87 Safari/537.36"
94.72.101.21 - - [02/Nov/2024:20:13:31 +0000] "GET /config/test.php HTTP/1.1" 404 564 "-" "Mozilla/5.0 (Macintosh; Intel Mac OS X 10_12_3) AppleWebKit/537.36 (KHTML, like Gecko) Chrome/56.0.2924.87 Safari/537.36"
94.72.101.21 - - [02/Nov/2024:20:13:31 +0000] "GET /config/dashboard/phpinfo.php HTTP/1.1" 404 564 "-" "Mozilla/5.0 (Macintosh; Intel Mac OS X 10_12_3) AppleWebKit/537.36 (KHTML, like Gecko) Chrome/56.0.2924.87 Safari/537.36"
94.72.101.21 - - [02/Nov/2024:20:13:31 +0000] "GET /config/api/phpinfo.php HTTP/1.1" 404 564 "-" "Mozilla/5.0 (Macintosh; Intel Mac OS X 10_12_3) AppleWebKit/537.36 (KHTML, like Gecko) Chrome/56.0.2924.87 Safari/537.36"
94.72.101.21 - - [02/Nov/2024:20:13:31 +0000] "GET /config/backend/phpinfo.php HTTP/1.1" 404 564 "-" "Mozilla/5.0 (Macintosh; Intel Mac OS X 10_12_3) AppleWebKit/537.36 (KHTML, like Gecko) Chrome/56.0.2924.87 Safari/537.36"
94.72.101.21 - - [02/Nov/2024:20:13:31 +0000] "GET /config/backup/phpinfo.php HTTP/1.1" 404 564 "-" "Mozilla/5.0 (Macintosh; Intel Mac OS X 10_12_3) AppleWebKit/537.36 (KHTML, like Gecko) Chrome/56.0.2924.87 Safari/537.36"
94.72.101.21 - - [02/Nov/2024:20:13:31 +0000] "GET /config/crm/phpinfo.php HTTP/1.1" 404 564 "-" "Mozilla/5.0 (Macintosh; Intel Mac OS X 10_12_3) AppleWebKit/537.36 (KHTML, like Gecko) Chrome/56.0.2924.87 Safari/537.36"
94.72.101.21 - - [02/Nov/2024:20:13:32 +0000] "GET /config/current/phpinfo.php HTTP/1.1" 404 564 "-" "Mozilla/5.0 (Macintosh; Intel Mac OS X 10_12_3) AppleWebKit/537.36 (KHTML, like Gecko) Chrome/56.0.2924.87 Safari/537.36"
94.72.101.21 - - [02/Nov/2024:20:13:32 +0000] "GET /config/dev/phpinfo.php HTTP/1.1" 404 564 "-" "Mozilla/5.0 (Macintosh; Intel Mac OS X 10_12_3) AppleWebKit/537.36 (KHTML, like Gecko) Chrome/56.0.2924.87 Safari/537.36"
94.72.101.21 - - [02/Nov/2024:20:13:32 +0000] "GET /config/develop/phpinfo.php HTTP/1.1" 404 564 "-" "Mozilla/5.0 (Macintosh; Intel Mac OS X 10_12_3) AppleWebKit/537.36 (KHTML, like Gecko) Chrome/56.0.2924.87 Safari/537.36"
94.72.101.21 - - [02/Nov/2024:20:13:33 +0000] "GET /config/development/phpinfo.php HTTP/1.1" 404 564 "-" "Mozilla/5.0 (Macintosh; Intel Mac OS X 10_12_3) AppleWebKit/537.36 (KHTML, like Gecko) Chrome/56.0.2924.87 Safari/537.36"
94.72.101.21 - - [02/Nov/2024:20:13:33 +0000] "GET /config/help/phpinfo.php HTTP/1.1" 404 564 "-" "Mozilla/5.0 (Macintosh; Intel Mac OS X 10_12_3) AppleWebKit/537.36 (KHTML, like Gecko) Chrome/56.0.2924.87 Safari/537.36"
94.72.101.21 - - [02/Nov/2024:20:13:33 +0000] "GET /config/helper/phpinfo.php HTTP/1.1" 404 564 "-" "Mozilla/5.0 (Macintosh; Intel Mac OS X 10_12_3) AppleWebKit/537.36 (KHTML, like Gecko) Chrome/56.0.2924.87 Safari/537.36"
94.72.101.21 - - [02/Nov/2024:20:13:34 +0000] "GET /config/lara/phpinfo.php HTTP/1.1" 404 564 "-" "Mozilla/5.0 (Macintosh; Intel Mac OS X 10_12_3) AppleWebKit/537.36 (KHTML, like Gecko) Chrome/56.0.2924.87 Safari/537.36"
94.72.101.21 - - [02/Nov/2024:20:13:35 +0000] "GET /config/laravel/phpinfo.php HTTP/1.1" 404 564 "-" "Mozilla/5.0 (Macintosh; Intel Mac OS X 10_12_3) AppleWebKit/537.36 (KHTML, like Gecko) Chrome/56.0.2924.87 Safari/537.36"
94.72.101.21 - - [02/Nov/2024:20:13:35 +0000] "GET /config/server/phpinfo.php HTTP/1.1" 404 564 "-" "Mozilla/5.0 (Macintosh; Intel Mac OS X 10_12_3) AppleWebKit/537.36 (KHTML, like Gecko) Chrome/56.0.2924.87 Safari/537.36"
94.72.101.21 - - [02/Nov/2024:20:13:35 +0000] "GET /config/service/phpinfo.php HTTP/1.1" 404 564 "-" "Mozilla/5.0 (Macintosh; Intel Mac OS X 10_12_3) AppleWebKit/537.36 (KHTML, like Gecko) Chrome/56.0.2924.87 Safari/537.36"
94.72.101.21 - - [02/Nov/2024:20:13:35 +0000] "GET /config/services/phpinfo.php HTTP/1.1" 404 564 "-" "Mozilla/5.0 (Macintosh; Intel Mac OS X 10_12_3) AppleWebKit/537.36 (KHTML, like Gecko) Chrome/56.0.2924.87 Safari/537.36"
94.72.101.21 - - [02/Nov/2024:20:13:35 +0000] "GET /config/xampp/phpinfo.php HTTP/1.1" 404 564 "-" "Mozilla/5.0 (Macintosh; Intel Mac OS X 10_12_3) AppleWebKit/537.36 (KHTML, like Gecko) Chrome/56.0.2924.87 Safari/537.36"
94.72.101.21 - - [02/Nov/2024:20:13:35 +0000] "GET /config/api/info.php HTTP/1.1" 404 564 "-" "Mozilla/5.0 (Macintosh; Intel Mac OS X 10_12_3) AppleWebKit/537.36 (KHTML, like Gecko) Chrome/56.0.2924.87 Safari/537.36"
94.72.101.21 - - [02/Nov/2024:20:13:36 +0000] "GET /config/backend/info.php HTTP/1.1" 404 564 "-" "Mozilla/5.0 (Macintosh; Intel Mac OS X 10_12_3) AppleWebKit/537.36 (KHTML, like Gecko) Chrome/56.0.2924.87 Safari/537.36"
94.72.101.21 - - [02/Nov/2024:20:13:36 +0000] "GET /config/backup/info.php HTTP/1.1" 404 564 "-" "Mozilla/5.0 (Macintosh; Intel Mac OS X 10_12_3) AppleWebKit/537.36 (KHTML, like Gecko) Chrome/56.0.2924.87 Safari/537.36"
94.72.101.21 - - [02/Nov/2024:20:13:36 +0000] "GET /config/crm/info.php HTTP/1.1" 404 564 "-" "Mozilla/5.0 (Macintosh; Intel Mac OS X 10_12_3) AppleWebKit/537.36 (KHTML, like Gecko) Chrome/56.0.2924.87 Safari/537.36"
94.72.101.21 - - [02/Nov/2024:20:13:36 +0000] "GET /config/current/info.php HTTP/1.1" 404 564 "-" "Mozilla/5.0 (Macintosh; Intel Mac OS X 10_12_3) AppleWebKit/537.36 (KHTML, like Gecko) Chrome/56.0.2924.87 Safari/537.36"
94.72.101.21 - - [02/Nov/2024:20:13:37 +0000] "GET /config/dev/info.php HTTP/1.1" 404 564 "-" "Mozilla/5.0 (Macintosh; Intel Mac OS X 10_12_3) AppleWebKit/537.36 (KHTML, like Gecko) Chrome/56.0.2924.87 Safari/537.36"
94.72.101.21 - - [02/Nov/2024:20:13:37 +0000] "GET /config/develop/info.php HTTP/1.1" 404 564 "-" "Mozilla/5.0 (Macintosh; Intel Mac OS X 10_12_3) AppleWebKit/537.36 (KHTML, like Gecko) Chrome/56.0.2924.87 Safari/537.36"
94.72.101.21 - - [02/Nov/2024:20:13:37 +0000] "GET /config/development/iinfo.php HTTP/1.1" 404 564 "-" "Mozilla/5.0 (Macintosh; Intel Mac OS X 10_12_3) AppleWebKit/537.36 (KHTML, like Gecko) Chrome/56.0.2924.87 Safari/537.36"
94.72.101.21 - - [02/Nov/2024:20:13:38 +0000] "GET /config/help/info.php HTTP/1.1" 404 564 "-" "Mozilla/5.0 (Macintosh; Intel Mac OS X 10_12_3) AppleWebKit/537.36 (KHTML, like Gecko) Chrome/56.0.2924.87 Safari/537.36"
94.72.101.21 - - [02/Nov/2024:20:13:38 +0000] "GET /config/helper/info.php HTTP/1.1" 404 564 "-" "Mozilla/5.0 (Macintosh; Intel Mac OS X 10_12_3) AppleWebKit/537.36 (KHTML, like Gecko) Chrome/56.0.2924.87 Safari/537.36"
94.72.101.21 - - [02/Nov/2024:20:13:38 +0000] "GET /config/lara/info.php HTTP/1.1" 404 564 "-" "Mozilla/5.0 (Macintosh; Intel Mac OS X 10_12_3) AppleWebKit/537.36 (KHTML, like Gecko) Chrome/56.0.2924.87 Safari/537.36"
94.72.101.21 - - [02/Nov/2024:20:13:39 +0000] "GET /config/laravel/info.php HTTP/1.1" 404 564 "-" "Mozilla/5.0 (Macintosh; Intel Mac OS X 10_12_3) AppleWebKit/537.36 (KHTML, like Gecko) Chrome/56.0.2924.87 Safari/537.36"
94.72.101.21 - - [02/Nov/2024:20:13:39 +0000] "GET /config/server/info.php HTTP/1.1" 404 564 "-" "Mozilla/5.0 (Macintosh; Intel Mac OS X 10_12_3) AppleWebKit/537.36 (KHTML, like Gecko) Chrome/56.0.2924.87 Safari/537.36"
94.72.101.21 - - [02/Nov/2024:20:13:39 +0000] "GET /config/service/info.php HTTP/1.1" 404 564 "-" "Mozilla/5.0 (Macintosh; Intel Mac OS X 10_12_3) AppleWebKit/537.36 (KHTML, like Gecko) Chrome/56.0.2924.87 Safari/537.36"
94.72.101.21 - - [02/Nov/2024:20:13:39 +0000] "GET /config/services/info.php HTTP/1.1" 404 564 "-" "Mozilla/5.0 (Macintosh; Intel Mac OS X 10_12_3) AppleWebKit/537.36 (KHTML, like Gecko) Chrome/56.0.2924.87 Safari/537.36"
94.72.101.21 - - [02/Nov/2024:20:13:40 +0000] "GET /config/php-info.php HTTP/1.1" 404 564 "-" "Mozilla/5.0 (Macintosh; Intel Mac OS X 10_12_3) AppleWebKit/537.36 (KHTML, like Gecko) Chrome/56.0.2924.87 Safari/537.36"
94.72.101.21 - - [02/Nov/2024:20:13:40 +0000] "GET /config/linusadmin-phpinfo.php HTTP/1.1" 404 564 "-" "Mozilla/5.0 (Macintosh; Intel Mac OS X 10_12_3) AppleWebKit/537.36 (KHTML, like Gecko) Chrome/56.0.2924.87 Safari/537.36"
94.72.101.21 - - [02/Nov/2024:20:13:40 +0000] "GET /config/infos.php HTTP/1.1" 404 564 "-" "Mozilla/5.0 (Macintosh; Intel Mac OS X 10_12_3) AppleWebKit/537.36 (KHTML, like Gecko) Chrome/56.0.2924.87 Safari/537.36"
94.72.101.21 - - [02/Nov/2024:20:13:41 +0000] "GET /config/old_phpinfo.php HTTP/1.1" 404 564 "-" "Mozilla/5.0 (Macintosh; Intel Mac OS X 10_12_3) AppleWebKit/537.36 (KHTML, like Gecko) Chrome/56.0.2924.87 Safari/537.36"
94.72.101.21 - - [02/Nov/2024:20:13:41 +0000] "GET /config/temp.php HTTP/1.1" 404 564 "-" "Mozilla/5.0 (Macintosh; Intel Mac OS X 10_12_3) AppleWebKit/537.36 (KHTML, like Gecko) Chrome/56.0.2924.87 Safari/537.36"
94.72.101.21 - - [02/Nov/2024:20:13:41 +0000] "GET /config/time.php HTTP/1.1" 404 564 "-" "Mozilla/5.0 (Macintosh; Intel Mac OS X 10_12_3) AppleWebKit/537.36 (KHTML, like Gecko) Chrome/56.0.2924.87 Safari/537.36"
94.72.101.21 - - [02/Nov/2024:20:13:41 +0000] "GET /config/phpversion.php HTTP/1.1" 404 564 "-" "Mozilla/5.0 (Macintosh; Intel Mac OS X 10_12_3) AppleWebKit/537.36 (KHTML, like Gecko) Chrome/56.0.2924.87 Safari/537.36"
94.72.101.21 - - [02/Nov/2024:20:13:41 +0000] "GET /config/pinfo.php HTTP/1.1" 404 564 "-" "Mozilla/5.0 (Macintosh; Intel Mac OS X 10_12_3) AppleWebKit/537.36 (KHTML, like Gecko) Chrome/56.0.2924.87 Safari/537.36"
94.72.101.21 - - [02/Nov/2024:20:13:41 +0000] "GET /config/i.php HTTP/1.1" 404 564 "-" "Mozilla/5.0 (Macintosh; Intel Mac OS X 10_12_3) AppleWebKit/537.36 (KHTML, like Gecko) Chrome/56.0.2924.87 Safari/537.36"
94.72.101.21 - - [02/Nov/2024:20:13:42 +0000] "GET /config/asdf.php HTTP/1.1" 404 564 "-" "Mozilla/5.0 (Macintosh; Intel Mac OS X 10_12_3) AppleWebKit/537.36 (KHTML, like Gecko) Chrome/56.0.2924.87 Safari/537.36"
94.72.101.21 - - [02/Nov/2024:20:13:42 +0000] "GET /common/xampp/info.php HTTP/1.1" 404 564 "-" "Mozilla/5.0 (Macintosh; Intel Mac OS X 10_12_3) AppleWebKit/537.36 (KHTML, like Gecko) Chrome/56.0.2924.87 Safari/537.36"
94.72.101.21 - - [02/Nov/2024:20:13:42 +0000] "GET /common/xampp/phpinfo HTTP/1.1" 404 564 "-" "Mozilla/5.0 (Macintosh; Intel Mac OS X 10_12_3) AppleWebKit/537.36 (KHTML, like Gecko) Chrome/56.0.2924.87 Safari/537.36"
94.72.101.21 - - [02/Nov/2024:20:13:42 +0000] "GET /common/_profiler/phpinfo HTTP/1.1" 404 564 "-" "Mozilla/5.0 (Macintosh; Intel Mac OS X 10_12_3) AppleWebKit/537.36 (KHTML, like Gecko) Chrome/56.0.2924.87 Safari/537.36"
94.72.101.21 - - [02/Nov/2024:20:13:42 +0000] "GET /common/phpinfo.php HTTP/1.1" 404 564 "-" "Mozilla/5.0 (Macintosh; Intel Mac OS X 10_12_3) AppleWebKit/537.36 (KHTML, like Gecko) Chrome/56.0.2924.87 Safari/537.36"
94.72.101.21 - - [02/Nov/2024:20:13:43 +0000] "GET /common/phpinfo HTTP/1.1" 404 564 "-" "Mozilla/5.0 (Macintosh; Intel Mac OS X 10_12_3) AppleWebKit/537.36 (KHTML, like Gecko) Chrome/56.0.2924.87 Safari/537.36"
94.72.101.21 - - [02/Nov/2024:20:13:43 +0000] "GET /common/info.php HTTP/1.1" 404 564 "-" "Mozilla/5.0 (Macintosh; Intel Mac OS X 10_12_3) AppleWebKit/537.36 (KHTML, like Gecko) Chrome/56.0.2924.87 Safari/537.36"
94.72.101.21 - - [02/Nov/2024:20:13:43 +0000] "GET /common/php.ini HTTP/1.1" 404 564 "-" "Mozilla/5.0 (Macintosh; Intel Mac OS X 10_12_3) AppleWebKit/537.36 (KHTML, like Gecko) Chrome/56.0.2924.87 Safari/537.36"
94.72.101.21 - - [02/Nov/2024:20:13:43 +0000] "GET /common/php.php HTTP/1.1" 404 564 "-" "Mozilla/5.0 (Macintosh; Intel Mac OS X 10_12_3) AppleWebKit/537.36 (KHTML, like Gecko) Chrome/56.0.2924.87 Safari/537.36"
94.72.101.21 - - [02/Nov/2024:20:13:43 +0000] "GET /common/infophp.php HTTP/1.1" 404 564 "-" "Mozilla/5.0 (Macintosh; Intel Mac OS X 10_12_3) AppleWebKit/537.36 (KHTML, like Gecko) Chrome/56.0.2924.87 Safari/537.36"
94.72.101.21 - - [02/Nov/2024:20:13:43 +0000] "GET /common/test.php HTTP/1.1" 404 564 "-" "Mozilla/5.0 (Macintosh; Intel Mac OS X 10_12_3) AppleWebKit/537.36 (KHTML, like Gecko) Chrome/56.0.2924.87 Safari/537.36"
94.72.101.21 - - [02/Nov/2024:20:13:44 +0000] "GET /common/dashboard/phpinfo.php HTTP/1.1" 404 564 "-" "Mozilla/5.0 (Macintosh; Intel Mac OS X 10_12_3) AppleWebKit/537.36 (KHTML, like Gecko) Chrome/56.0.2924.87 Safari/537.36"
94.72.101.21 - - [02/Nov/2024:20:13:44 +0000] "GET /common/api/phpinfo.php HTTP/1.1" 404 564 "-" "Mozilla/5.0 (Macintosh; Intel Mac OS X 10_12_3) AppleWebKit/537.36 (KHTML, like Gecko) Chrome/56.0.2924.87 Safari/537.36"
94.72.101.21 - - [02/Nov/2024:20:13:44 +0000] "GET /common/backend/phpinfo.php HTTP/1.1" 404 564 "-" "Mozilla/5.0 (Macintosh; Intel Mac OS X 10_12_3) AppleWebKit/537.36 (KHTML, like Gecko) Chrome/56.0.2924.87 Safari/537.36"
94.72.101.21 - - [02/Nov/2024:20:13:45 +0000] "GET /common/backup/phpinfo.php HTTP/1.1" 404 564 "-" "Mozilla/5.0 (Macintosh; Intel Mac OS X 10_12_3) AppleWebKit/537.36 (KHTML, like Gecko) Chrome/56.0.2924.87 Safari/537.36"
94.72.101.21 - - [02/Nov/2024:20:13:45 +0000] "GET /common/crm/phpinfo.php HTTP/1.1" 404 564 "-" "Mozilla/5.0 (Macintosh; Intel Mac OS X 10_12_3) AppleWebKit/537.36 (KHTML, like Gecko) Chrome/56.0.2924.87 Safari/537.36"
94.72.101.21 - - [02/Nov/2024:20:13:45 +0000] "GET /common/current/phpinfo.php HTTP/1.1" 404 564 "-" "Mozilla/5.0 (Macintosh; Intel Mac OS X 10_12_3) AppleWebKit/537.36 (KHTML, like Gecko) Chrome/56.0.2924.87 Safari/537.36"
94.72.101.21 - - [02/Nov/2024:20:13:45 +0000] "GET /common/dev/phpinfo.php HTTP/1.1" 404 564 "-" "Mozilla/5.0 (Macintosh; Intel Mac OS X 10_12_3) AppleWebKit/537.36 (KHTML, like Gecko) Chrome/56.0.2924.87 Safari/537.36"
94.72.101.21 - - [02/Nov/2024:20:13:47 +0000] "GET /common/develop/phpinfo.php HTTP/1.1" 404 564 "-" "Mozilla/5.0 (Macintosh; Intel Mac OS X 10_12_3) AppleWebKit/537.36 (KHTML, like Gecko) Chrome/56.0.2924.87 Safari/537.36"
94.72.101.21 - - [02/Nov/2024:20:13:47 +0000] "GET /common/development/phpinfo.php HTTP/1.1" 404 564 "-" "Mozilla/5.0 (Macintosh; Intel Mac OS X 10_12_3) AppleWebKit/537.36 (KHTML, like Gecko) Chrome/56.0.2924.87 Safari/537.36"
94.72.101.21 - - [02/Nov/2024:20:13:47 +0000] "GET /common/help/phpinfo.php HTTP/1.1" 404 564 "-" "Mozilla/5.0 (Macintosh; Intel Mac OS X 10_12_3) AppleWebKit/537.36 (KHTML, like Gecko) Chrome/56.0.2924.87 Safari/537.36"
94.72.101.21 - - [02/Nov/2024:20:13:47 +0000] "GET /common/helper/phpinfo.php HTTP/1.1" 404 564 "-" "Mozilla/5.0 (Macintosh; Intel Mac OS X 10_12_3) AppleWebKit/537.36 (KHTML, like Gecko) Chrome/56.0.2924.87 Safari/537.36"
94.72.101.21 - - [02/Nov/2024:20:13:48 +0000] "GET /common/lara/phpinfo.php HTTP/1.1" 404 564 "-" "Mozilla/5.0 (Macintosh; Intel Mac OS X 10_12_3) AppleWebKit/537.36 (KHTML, like Gecko) Chrome/56.0.2924.87 Safari/537.36"
94.72.101.21 - - [02/Nov/2024:20:13:48 +0000] "GET /common/laravel/phpinfo.php HTTP/1.1" 404 564 "-" "Mozilla/5.0 (Macintosh; Intel Mac OS X 10_12_3) AppleWebKit/537.36 (KHTML, like Gecko) Chrome/56.0.2924.87 Safari/537.36"
94.72.101.21 - - [02/Nov/2024:20:13:48 +0000] "GET /common/server/phpinfo.php HTTP/1.1" 404 564 "-" "Mozilla/5.0 (Macintosh; Intel Mac OS X 10_12_3) AppleWebKit/537.36 (KHTML, like Gecko) Chrome/56.0.2924.87 Safari/537.36"
94.72.101.21 - - [02/Nov/2024:20:13:48 +0000] "GET /common/service/phpinfo.php HTTP/1.1" 404 564 "-" "Mozilla/5.0 (Macintosh; Intel Mac OS X 10_12_3) AppleWebKit/537.36 (KHTML, like Gecko) Chrome/56.0.2924.87 Safari/537.36"
94.72.101.21 - - [02/Nov/2024:20:13:48 +0000] "GET /common/services/phpinfo.php HTTP/1.1" 404 564 "-" "Mozilla/5.0 (Macintosh; Intel Mac OS X 10_12_3) AppleWebKit/537.36 (KHTML, like Gecko) Chrome/56.0.2924.87 Safari/537.36"
94.72.101.21 - - [02/Nov/2024:20:13:49 +0000] "GET /common/xampp/phpinfo.php HTTP/1.1" 404 564 "-" "Mozilla/5.0 (Macintosh; Intel Mac OS X 10_12_3) AppleWebKit/537.36 (KHTML, like Gecko) Chrome/56.0.2924.87 Safari/537.36"
94.72.101.21 - - [02/Nov/2024:20:13:49 +0000] "GET /common/api/info.php HTTP/1.1" 404 564 "-" "Mozilla/5.0 (Macintosh; Intel Mac OS X 10_12_3) AppleWebKit/537.36 (KHTML, like Gecko) Chrome/56.0.2924.87 Safari/537.36"
94.72.101.21 - - [02/Nov/2024:20:13:49 +0000] "GET /common/backend/info.php HTTP/1.1" 404 564 "-" "Mozilla/5.0 (Macintosh; Intel Mac OS X 10_12_3) AppleWebKit/537.36 (KHTML, like Gecko) Chrome/56.0.2924.87 Safari/537.36"
94.72.101.21 - - [02/Nov/2024:20:13:50 +0000] "GET /common/backup/info.php HTTP/1.1" 404 564 "-" "Mozilla/5.0 (Macintosh; Intel Mac OS X 10_12_3) AppleWebKit/537.36 (KHTML, like Gecko) Chrome/56.0.2924.87 Safari/537.36"
94.72.101.21 - - [02/Nov/2024:20:13:50 +0000] "GET /common/crm/info.php HTTP/1.1" 404 564 "-" "Mozilla/5.0 (Macintosh; Intel Mac OS X 10_12_3) AppleWebKit/537.36 (KHTML, like Gecko) Chrome/56.0.2924.87 Safari/537.36"
94.72.101.21 - - [02/Nov/2024:20:13:50 +0000] "GET /common/current/info.php HTTP/1.1" 404 564 "-" "Mozilla/5.0 (Macintosh; Intel Mac OS X 10_12_3) AppleWebKit/537.36 (KHTML, like Gecko) Chrome/56.0.2924.87 Safari/537.36"
94.72.101.21 - - [02/Nov/2024:20:13:50 +0000] "GET /common/dev/info.php HTTP/1.1" 404 564 "-" "Mozilla/5.0 (Macintosh; Intel Mac OS X 10_12_3) AppleWebKit/537.36 (KHTML, like Gecko) Chrome/56.0.2924.87 Safari/537.36"
94.72.101.21 - - [02/Nov/2024:20:13:50 +0000] "GET /common/develop/info.php HTTP/1.1" 404 564 "-" "Mozilla/5.0 (Macintosh; Intel Mac OS X 10_12_3) AppleWebKit/537.36 (KHTML, like Gecko) Chrome/56.0.2924.87 Safari/537.36"
94.72.101.21 - - [02/Nov/2024:20:13:50 +0000] "GET /common/development/iinfo.php HTTP/1.1" 404 564 "-" "Mozilla/5.0 (Macintosh; Intel Mac OS X 10_12_3) AppleWebKit/537.36 (KHTML, like Gecko) Chrome/56.0.2924.87 Safari/537.36"
94.72.101.21 - - [02/Nov/2024:20:13:51 +0000] "GET /common/help/info.php HTTP/1.1" 404 564 "-" "Mozilla/5.0 (Macintosh; Intel Mac OS X 10_12_3) AppleWebKit/537.36 (KHTML, like Gecko) Chrome/56.0.2924.87 Safari/537.36"
94.72.101.21 - - [02/Nov/2024:20:13:51 +0000] "GET /common/helper/info.php HTTP/1.1" 404 564 "-" "Mozilla/5.0 (Macintosh; Intel Mac OS X 10_12_3) AppleWebKit/537.36 (KHTML, like Gecko) Chrome/56.0.2924.87 Safari/537.36"
94.72.101.21 - - [02/Nov/2024:20:13:51 +0000] "GET /common/lara/info.php HTTP/1.1" 404 564 "-" "Mozilla/5.0 (Macintosh; Intel Mac OS X 10_12_3) AppleWebKit/537.36 (KHTML, like Gecko) Chrome/56.0.2924.87 Safari/537.36"
94.72.101.21 - - [02/Nov/2024:20:13:51 +0000] "GET /common/laravel/info.php HTTP/1.1" 404 564 "-" "Mozilla/5.0 (Macintosh; Intel Mac OS X 10_12_3) AppleWebKit/537.36 (KHTML, like Gecko) Chrome/56.0.2924.87 Safari/537.36"
94.72.101.21 - - [02/Nov/2024:20:13:52 +0000] "GET /common/server/info.php HTTP/1.1" 404 564 "-" "Mozilla/5.0 (Macintosh; Intel Mac OS X 10_12_3) AppleWebKit/537.36 (KHTML, like Gecko) Chrome/56.0.2924.87 Safari/537.36"
94.72.101.21 - - [02/Nov/2024:20:13:52 +0000] "GET /common/service/info.php HTTP/1.1" 404 564 "-" "Mozilla/5.0 (Macintosh; Intel Mac OS X 10_12_3) AppleWebKit/537.36 (KHTML, like Gecko) Chrome/56.0.2924.87 Safari/537.36"
94.72.101.21 - - [02/Nov/2024:20:13:52 +0000] "GET /common/services/info.php HTTP/1.1" 404 564 "-" "Mozilla/5.0 (Macintosh; Intel Mac OS X 10_12_3) AppleWebKit/537.36 (KHTML, like Gecko) Chrome/56.0.2924.87 Safari/537.36"
94.72.101.21 - - [02/Nov/2024:20:13:53 +0000] "GET /common/php-info.php HTTP/1.1" 404 564 "-" "Mozilla/5.0 (Macintosh; Intel Mac OS X 10_12_3) AppleWebKit/537.36 (KHTML, like Gecko) Chrome/56.0.2924.87 Safari/537.36"
94.72.101.21 - - [02/Nov/2024:20:13:53 +0000] "GET /common/linusadmin-phpinfo.php HTTP/1.1" 404 564 "-" "Mozilla/5.0 (Macintosh; Intel Mac OS X 10_12_3) AppleWebKit/537.36 (KHTML, like Gecko) Chrome/56.0.2924.87 Safari/537.36"
94.72.101.21 - - [02/Nov/2024:20:13:53 +0000] "GET /common/infos.php HTTP/1.1" 404 564 "-" "Mozilla/5.0 (Macintosh; Intel Mac OS X 10_12_3) AppleWebKit/537.36 (KHTML, like Gecko) Chrome/56.0.2924.87 Safari/537.36"
94.72.101.21 - - [02/Nov/2024:20:13:53 +0000] "GET /common/old_phpinfo.php HTTP/1.1" 404 564 "-" "Mozilla/5.0 (Macintosh; Intel Mac OS X 10_12_3) AppleWebKit/537.36 (KHTML, like Gecko) Chrome/56.0.2924.87 Safari/537.36"
94.72.101.21 - - [02/Nov/2024:20:13:54 +0000] "GET /common/temp.php HTTP/1.1" 404 564 "-" "Mozilla/5.0 (Macintosh; Intel Mac OS X 10_12_3) AppleWebKit/537.36 (KHTML, like Gecko) Chrome/56.0.2924.87 Safari/537.36"
94.72.101.21 - - [02/Nov/2024:20:13:55 +0000] "GET /common/time.php HTTP/1.1" 404 564 "-" "Mozilla/5.0 (Macintosh; Intel Mac OS X 10_12_3) AppleWebKit/537.36 (KHTML, like Gecko) Chrome/56.0.2924.87 Safari/537.36"
94.72.101.21 - - [02/Nov/2024:20:13:55 +0000] "GET /common/phpversion.php HTTP/1.1" 404 564 "-" "Mozilla/5.0 (Macintosh; Intel Mac OS X 10_12_3) AppleWebKit/537.36 (KHTML, like Gecko) Chrome/56.0.2924.87 Safari/537.36"
94.72.101.21 - - [02/Nov/2024:20:13:55 +0000] "GET /common/pinfo.php HTTP/1.1" 404 564 "-" "Mozilla/5.0 (Macintosh; Intel Mac OS X 10_12_3) AppleWebKit/537.36 (KHTML, like Gecko) Chrome/56.0.2924.87 Safari/537.36"
94.72.101.21 - - [02/Nov/2024:20:13:55 +0000] "GET /common/i.php HTTP/1.1" 404 564 "-" "Mozilla/5.0 (Macintosh; Intel Mac OS X 10_12_3) AppleWebKit/537.36 (KHTML, like Gecko) Chrome/56.0.2924.87 Safari/537.36"
94.72.101.21 - - [02/Nov/2024:20:13:55 +0000] "GET /common/asdf.php HTTP/1.1" 404 564 "-" "Mozilla/5.0 (Macintosh; Intel Mac OS X 10_12_3) AppleWebKit/537.36 (KHTML, like Gecko) Chrome/56.0.2924.87 Safari/537.36"
94.72.101.21 - - [02/Nov/2024:20:13:55 +0000] "GET /crm/xampp/info.php HTTP/1.1" 404 564 "-" "Mozilla/5.0 (Macintosh; Intel Mac OS X 10_12_3) AppleWebKit/537.36 (KHTML, like Gecko) Chrome/56.0.2924.87 Safari/537.36"
94.72.101.21 - - [02/Nov/2024:20:13:56 +0000] "GET /crm/xampp/phpinfo HTTP/1.1" 404 564 "-" "Mozilla/5.0 (Macintosh; Intel Mac OS X 10_12_3) AppleWebKit/537.36 (KHTML, like Gecko) Chrome/56.0.2924.87 Safari/537.36"
94.72.101.21 - - [02/Nov/2024:20:13:56 +0000] "GET /crm/_profiler/phpinfo HTTP/1.1" 404 564 "-" "Mozilla/5.0 (Macintosh; Intel Mac OS X 10_12_3) AppleWebKit/537.36 (KHTML, like Gecko) Chrome/56.0.2924.87 Safari/537.36"
94.72.101.21 - - [02/Nov/2024:20:13:56 +0000] "GET /crm/phpinfo HTTP/1.1" 404 564 "-" "Mozilla/5.0 (Macintosh; Intel Mac OS X 10_12_3) AppleWebKit/537.36 (KHTML, like Gecko) Chrome/56.0.2924.87 Safari/537.36"
94.72.101.21 - - [02/Nov/2024:20:13:56 +0000] "GET /crm/php.ini HTTP/1.1" 404 564 "-" "Mozilla/5.0 (Macintosh; Intel Mac OS X 10_12_3) AppleWebKit/537.36 (KHTML, like Gecko) Chrome/56.0.2924.87 Safari/537.36"
94.72.101.21 - - [02/Nov/2024:20:13:56 +0000] "GET /crm/php.php HTTP/1.1" 404 564 "-" "Mozilla/5.0 (Macintosh; Intel Mac OS X 10_12_3) AppleWebKit/537.36 (KHTML, like Gecko) Chrome/56.0.2924.87 Safari/537.36"
94.72.101.21 - - [02/Nov/2024:20:13:56 +0000] "GET /crm/infophp.php HTTP/1.1" 404 564 "-" "Mozilla/5.0 (Macintosh; Intel Mac OS X 10_12_3) AppleWebKit/537.36 (KHTML, like Gecko) Chrome/56.0.2924.87 Safari/537.36"
94.72.101.21 - - [02/Nov/2024:20:13:57 +0000] "GET /crm/test.php HTTP/1.1" 404 564 "-" "Mozilla/5.0 (Macintosh; Intel Mac OS X 10_12_3) AppleWebKit/537.36 (KHTML, like Gecko) Chrome/56.0.2924.87 Safari/537.36"
94.72.101.21 - - [02/Nov/2024:20:13:57 +0000] "GET /crm/dashboard/phpinfo.php HTTP/1.1" 404 564 "-" "Mozilla/5.0 (Macintosh; Intel Mac OS X 10_12_3) AppleWebKit/537.36 (KHTML, like Gecko) Chrome/56.0.2924.87 Safari/537.36"
94.72.101.21 - - [02/Nov/2024:20:13:57 +0000] "GET /crm/api/phpinfo.php HTTP/1.1" 404 564 "-" "Mozilla/5.0 (Macintosh; Intel Mac OS X 10_12_3) AppleWebKit/537.36 (KHTML, like Gecko) Chrome/56.0.2924.87 Safari/537.36"
94.72.101.21 - - [02/Nov/2024:20:13:57 +0000] "GET /crm/backend/phpinfo.php HTTP/1.1" 404 564 "-" "Mozilla/5.0 (Macintosh; Intel Mac OS X 10_12_3) AppleWebKit/537.36 (KHTML, like Gecko) Chrome/56.0.2924.87 Safari/537.36"
94.72.101.21 - - [02/Nov/2024:20:13:57 +0000] "GET /crm/backup/phpinfo.php HTTP/1.1" 404 564 "-" "Mozilla/5.0 (Macintosh; Intel Mac OS X 10_12_3) AppleWebKit/537.36 (KHTML, like Gecko) Chrome/56.0.2924.87 Safari/537.36"
94.72.101.21 - - [02/Nov/2024:20:13:58 +0000] "GET /crm/crm/phpinfo.php HTTP/1.1" 404 564 "-" "Mozilla/5.0 (Macintosh; Intel Mac OS X 10_12_3) AppleWebKit/537.36 (KHTML, like Gecko) Chrome/56.0.2924.87 Safari/537.36"
94.72.101.21 - - [02/Nov/2024:20:13:58 +0000] "GET /crm/current/phpinfo.php HTTP/1.1" 404 564 "-" "Mozilla/5.0 (Macintosh; Intel Mac OS X 10_12_3) AppleWebKit/537.36 (KHTML, like Gecko) Chrome/56.0.2924.87 Safari/537.36"
94.72.101.21 - - [02/Nov/2024:20:13:58 +0000] "GET /crm/dev/phpinfo.php HTTP/1.1" 404 564 "-" "Mozilla/5.0 (Macintosh; Intel Mac OS X 10_12_3) AppleWebKit/537.36 (KHTML, like Gecko) Chrome/56.0.2924.87 Safari/537.36"
94.72.101.21 - - [02/Nov/2024:20:13:59 +0000] "GET /crm/develop/phpinfo.php HTTP/1.1" 404 564 "-" "Mozilla/5.0 (Macintosh; Intel Mac OS X 10_12_3) AppleWebKit/537.36 (KHTML, like Gecko) Chrome/56.0.2924.87 Safari/537.36"
94.72.101.21 - - [02/Nov/2024:20:13:59 +0000] "GET /crm/development/phpinfo.php HTTP/1.1" 404 564 "-" "Mozilla/5.0 (Macintosh; Intel Mac OS X 10_12_3) AppleWebKit/537.36 (KHTML, like Gecko) Chrome/56.0.2924.87 Safari/537.36"
94.72.101.21 - - [02/Nov/2024:20:13:59 +0000] "GET /crm/help/phpinfo.php HTTP/1.1" 404 564 "-" "Mozilla/5.0 (Macintosh; Intel Mac OS X 10_12_3) AppleWebKit/537.36 (KHTML, like Gecko) Chrome/56.0.2924.87 Safari/537.36"
94.72.101.21 - - [02/Nov/2024:20:13:59 +0000] "GET /crm/helper/phpinfo.php HTTP/1.1" 404 564 "-" "Mozilla/5.0 (Macintosh; Intel Mac OS X 10_12_3) AppleWebKit/537.36 (KHTML, like Gecko) Chrome/56.0.2924.87 Safari/537.36"
94.72.101.21 - - [02/Nov/2024:20:13:59 +0000] "GET /crm/lara/phpinfo.php HTTP/1.1" 404 564 "-" "Mozilla/5.0 (Macintosh; Intel Mac OS X 10_12_3) AppleWebKit/537.36 (KHTML, like Gecko) Chrome/56.0.2924.87 Safari/537.36"
94.72.101.21 - - [02/Nov/2024:20:13:59 +0000] "GET /crm/laravel/phpinfo.php HTTP/1.1" 404 564 "-" "Mozilla/5.0 (Macintosh; Intel Mac OS X 10_12_3) AppleWebKit/537.36 (KHTML, like Gecko) Chrome/56.0.2924.87 Safari/537.36"
94.72.101.21 - - [02/Nov/2024:20:14:00 +0000] "GET /crm/server/phpinfo.php HTTP/1.1" 404 564 "-" "Mozilla/5.0 (Macintosh; Intel Mac OS X 10_12_3) AppleWebKit/537.36 (KHTML, like Gecko) Chrome/56.0.2924.87 Safari/537.36"
94.72.101.21 - - [02/Nov/2024:20:14:00 +0000] "GET /crm/service/phpinfo.php HTTP/1.1" 404 564 "-" "Mozilla/5.0 (Macintosh; Intel Mac OS X 10_12_3) AppleWebKit/537.36 (KHTML, like Gecko) Chrome/56.0.2924.87 Safari/537.36"
94.72.101.21 - - [02/Nov/2024:20:14:00 +0000] "GET /crm/services/phpinfo.php HTTP/1.1" 404 564 "-" "Mozilla/5.0 (Macintosh; Intel Mac OS X 10_12_3) AppleWebKit/537.36 (KHTML, like Gecko) Chrome/56.0.2924.87 Safari/537.36"
94.72.101.21 - - [02/Nov/2024:20:14:00 +0000] "GET /crm/xampp/phpinfo.php HTTP/1.1" 404 564 "-" "Mozilla/5.0 (Macintosh; Intel Mac OS X 10_12_3) AppleWebKit/537.36 (KHTML, like Gecko) Chrome/56.0.2924.87 Safari/537.36"
94.72.101.21 - - [02/Nov/2024:20:14:00 +0000] "GET /crm/api/info.php HTTP/1.1" 404 564 "-" "Mozilla/5.0 (Macintosh; Intel Mac OS X 10_12_3) AppleWebKit/537.36 (KHTML, like Gecko) Chrome/56.0.2924.87 Safari/537.36"
94.72.101.21 - - [02/Nov/2024:20:14:01 +0000] "GET /crm/backend/info.php HTTP/1.1" 404 564 "-" "Mozilla/5.0 (Macintosh; Intel Mac OS X 10_12_3) AppleWebKit/537.36 (KHTML, like Gecko) Chrome/56.0.2924.87 Safari/537.36"
94.72.101.21 - - [02/Nov/2024:20:14:02 +0000] "GET /crm/backup/info.php HTTP/1.1" 404 564 "-" "Mozilla/5.0 (Macintosh; Intel Mac OS X 10_12_3) AppleWebKit/537.36 (KHTML, like Gecko) Chrome/56.0.2924.87 Safari/537.36"
94.72.101.21 - - [02/Nov/2024:20:14:02 +0000] "GET /crm/crm/info.php HTTP/1.1" 404 564 "-" "Mozilla/5.0 (Macintosh; Intel Mac OS X 10_12_3) AppleWebKit/537.36 (KHTML, like Gecko) Chrome/56.0.2924.87 Safari/537.36"
94.72.101.21 - - [02/Nov/2024:20:14:02 +0000] "GET /crm/current/info.php HTTP/1.1" 404 564 "-" "Mozilla/5.0 (Macintosh; Intel Mac OS X 10_12_3) AppleWebKit/537.36 (KHTML, like Gecko) Chrome/56.0.2924.87 Safari/537.36"
94.72.101.21 - - [02/Nov/2024:20:14:02 +0000] "GET /crm/dev/info.php HTTP/1.1" 404 564 "-" "Mozilla/5.0 (Macintosh; Intel Mac OS X 10_12_3) AppleWebKit/537.36 (KHTML, like Gecko) Chrome/56.0.2924.87 Safari/537.36"
94.72.101.21 - - [02/Nov/2024:20:14:03 +0000] "GET /crm/develop/info.php HTTP/1.1" 404 564 "-" "Mozilla/5.0 (Macintosh; Intel Mac OS X 10_12_3) AppleWebKit/537.36 (KHTML, like Gecko) Chrome/56.0.2924.87 Safari/537.36"
94.72.101.21 - - [02/Nov/2024:20:14:03 +0000] "GET /crm/development/iinfo.php HTTP/1.1" 404 564 "-" "Mozilla/5.0 (Macintosh; Intel Mac OS X 10_12_3) AppleWebKit/537.36 (KHTML, like Gecko) Chrome/56.0.2924.87 Safari/537.36"
94.72.101.21 - - [02/Nov/2024:20:14:03 +0000] "GET /crm/help/info.php HTTP/1.1" 404 564 "-" "Mozilla/5.0 (Macintosh; Intel Mac OS X 10_12_3) AppleWebKit/537.36 (KHTML, like Gecko) Chrome/56.0.2924.87 Safari/537.36"
94.72.101.21 - - [02/Nov/2024:20:14:03 +0000] "GET /crm/helper/info.php HTTP/1.1" 404 564 "-" "Mozilla/5.0 (Macintosh; Intel Mac OS X 10_12_3) AppleWebKit/537.36 (KHTML, like Gecko) Chrome/56.0.2924.87 Safari/537.36"
94.72.101.21 - - [02/Nov/2024:20:14:03 +0000] "GET /crm/lara/info.php HTTP/1.1" 404 564 "-" "Mozilla/5.0 (Macintosh; Intel Mac OS X 10_12_3) AppleWebKit/537.36 (KHTML, like Gecko) Chrome/56.0.2924.87 Safari/537.36"
94.72.101.21 - - [02/Nov/2024:20:14:04 +0000] "GET /crm/laravel/info.php HTTP/1.1" 404 564 "-" "Mozilla/5.0 (Macintosh; Intel Mac OS X 10_12_3) AppleWebKit/537.36 (KHTML, like Gecko) Chrome/56.0.2924.87 Safari/537.36"
94.72.101.21 - - [02/Nov/2024:20:14:04 +0000] "GET /crm/server/info.php HTTP/1.1" 404 564 "-" "Mozilla/5.0 (Macintosh; Intel Mac OS X 10_12_3) AppleWebKit/537.36 (KHTML, like Gecko) Chrome/56.0.2924.87 Safari/537.36"
94.72.101.21 - - [02/Nov/2024:20:14:04 +0000] "GET /crm/service/info.php HTTP/1.1" 404 564 "-" "Mozilla/5.0 (Macintosh; Intel Mac OS X 10_12_3) AppleWebKit/537.36 (KHTML, like Gecko) Chrome/56.0.2924.87 Safari/537.36"
94.72.101.21 - - [02/Nov/2024:20:14:05 +0000] "GET /crm/services/info.php HTTP/1.1" 404 564 "-" "Mozilla/5.0 (Macintosh; Intel Mac OS X 10_12_3) AppleWebKit/537.36 (KHTML, like Gecko) Chrome/56.0.2924.87 Safari/537.36"
94.72.101.21 - - [02/Nov/2024:20:14:05 +0000] "GET /crm/php-info.php HTTP/1.1" 404 564 "-" "Mozilla/5.0 (Macintosh; Intel Mac OS X 10_12_3) AppleWebKit/537.36 (KHTML, like Gecko) Chrome/56.0.2924.87 Safari/537.36"
94.72.101.21 - - [02/Nov/2024:20:14:05 +0000] "GET /crm/linusadmin-phpinfo.php HTTP/1.1" 404 564 "-" "Mozilla/5.0 (Macintosh; Intel Mac OS X 10_12_3) AppleWebKit/537.36 (KHTML, like Gecko) Chrome/56.0.2924.87 Safari/537.36"
94.72.101.21 - - [02/Nov/2024:20:14:05 +0000] "GET /crm/infos.php HTTP/1.1" 404 564 "-" "Mozilla/5.0 (Macintosh; Intel Mac OS X 10_12_3) AppleWebKit/537.36 (KHTML, like Gecko) Chrome/56.0.2924.87 Safari/537.36"
94.72.101.21 - - [02/Nov/2024:20:14:06 +0000] "GET /crm/old_phpinfo.php HTTP/1.1" 404 564 "-" "Mozilla/5.0 (Macintosh; Intel Mac OS X 10_12_3) AppleWebKit/537.36 (KHTML, like Gecko) Chrome/56.0.2924.87 Safari/537.36"
94.72.101.21 - - [02/Nov/2024:20:14:06 +0000] "GET /crm/temp.php HTTP/1.1" 404 564 "-" "Mozilla/5.0 (Macintosh; Intel Mac OS X 10_12_3) AppleWebKit/537.36 (KHTML, like Gecko) Chrome/56.0.2924.87 Safari/537.36"
94.72.101.21 - - [02/Nov/2024:20:14:07 +0000] "GET /crm/time.php HTTP/1.1" 404 564 "-" "Mozilla/5.0 (Macintosh; Intel Mac OS X 10_12_3) AppleWebKit/537.36 (KHTML, like Gecko) Chrome/56.0.2924.87 Safari/537.36"
94.72.101.21 - - [02/Nov/2024:20:14:07 +0000] "GET /crm/phpversion.php HTTP/1.1" 404 564 "-" "Mozilla/5.0 (Macintosh; Intel Mac OS X 10_12_3) AppleWebKit/537.36 (KHTML, like Gecko) Chrome/56.0.2924.87 Safari/537.36"
94.72.101.21 - - [02/Nov/2024:20:14:07 +0000] "GET /crm/pinfo.php HTTP/1.1" 404 564 "-" "Mozilla/5.0 (Macintosh; Intel Mac OS X 10_12_3) AppleWebKit/537.36 (KHTML, like Gecko) Chrome/56.0.2924.87 Safari/537.36"
94.72.101.21 - - [02/Nov/2024:20:14:07 +0000] "GET /crm/i.php HTTP/1.1" 404 564 "-" "Mozilla/5.0 (Macintosh; Intel Mac OS X 10_12_3) AppleWebKit/537.36 (KHTML, like Gecko) Chrome/56.0.2924.87 Safari/537.36"
94.72.101.21 - - [02/Nov/2024:20:14:08 +0000] "GET /crm/asdf.php HTTP/1.1" 404 564 "-" "Mozilla/5.0 (Macintosh; Intel Mac OS X 10_12_3) AppleWebKit/537.36 (KHTML, like Gecko) Chrome/56.0.2924.87 Safari/537.36"
94.72.101.21 - - [02/Nov/2024:20:14:08 +0000] "GET /current/xampp/info.php HTTP/1.1" 404 564 "-" "Mozilla/5.0 (Macintosh; Intel Mac OS X 10_12_3) AppleWebKit/537.36 (KHTML, like Gecko) Chrome/56.0.2924.87 Safari/537.36"
94.72.101.21 - - [02/Nov/2024:20:14:08 +0000] "GET /current/xampp/phpinfo HTTP/1.1" 404 564 "-" "Mozilla/5.0 (Macintosh; Intel Mac OS X 10_12_3) AppleWebKit/537.36 (KHTML, like Gecko) Chrome/56.0.2924.87 Safari/537.36"
94.72.101.21 - - [02/Nov/2024:20:14:08 +0000] "GET /current/_profiler/phpinfo HTTP/1.1" 404 564 "-" "Mozilla/5.0 (Macintosh; Intel Mac OS X 10_12_3) AppleWebKit/537.36 (KHTML, like Gecko) Chrome/56.0.2924.87 Safari/537.36"
94.72.101.21 - - [02/Nov/2024:20:14:08 +0000] "GET /current/phpinfo HTTP/1.1" 404 564 "-" "Mozilla/5.0 (Macintosh; Intel Mac OS X 10_12_3) AppleWebKit/537.36 (KHTML, like Gecko) Chrome/56.0.2924.87 Safari/537.36"
94.72.101.21 - - [02/Nov/2024:20:14:08 +0000] "GET /current/php.ini HTTP/1.1" 404 564 "-" "Mozilla/5.0 (Macintosh; Intel Mac OS X 10_12_3) AppleWebKit/537.36 (KHTML, like Gecko) Chrome/56.0.2924.87 Safari/537.36"
94.72.101.21 - - [02/Nov/2024:20:14:09 +0000] "GET /current/php.php HTTP/1.1" 404 564 "-" "Mozilla/5.0 (Macintosh; Intel Mac OS X 10_12_3) AppleWebKit/537.36 (KHTML, like Gecko) Chrome/56.0.2924.87 Safari/537.36"
94.72.101.21 - - [02/Nov/2024:20:14:09 +0000] "GET /current/infophp.php HTTP/1.1" 404 564 "-" "Mozilla/5.0 (Macintosh; Intel Mac OS X 10_12_3) AppleWebKit/537.36 (KHTML, like Gecko) Chrome/56.0.2924.87 Safari/537.36"
94.72.101.21 - - [02/Nov/2024:20:14:10 +0000] "GET /current/test.php HTTP/1.1" 404 564 "-" "Mozilla/5.0 (Macintosh; Intel Mac OS X 10_12_3) AppleWebKit/537.36 (KHTML, like Gecko) Chrome/56.0.2924.87 Safari/537.36"
94.72.101.21 - - [02/Nov/2024:20:14:10 +0000] "GET /current/dashboard/phpinfo.php HTTP/1.1" 404 564 "-" "Mozilla/5.0 (Macintosh; Intel Mac OS X 10_12_3) AppleWebKit/537.36 (KHTML, like Gecko) Chrome/56.0.2924.87 Safari/537.36"
94.72.101.21 - - [02/Nov/2024:20:14:10 +0000] "GET /current/api/phpinfo.php HTTP/1.1" 404 564 "-" "Mozilla/5.0 (Macintosh; Intel Mac OS X 10_12_3) AppleWebKit/537.36 (KHTML, like Gecko) Chrome/56.0.2924.87 Safari/537.36"
94.72.101.21 - - [02/Nov/2024:20:14:10 +0000] "GET /current/backend/phpinfo.php HTTP/1.1" 404 564 "-" "Mozilla/5.0 (Macintosh; Intel Mac OS X 10_12_3) AppleWebKit/537.36 (KHTML, like Gecko) Chrome/56.0.2924.87 Safari/537.36"
94.72.101.21 - - [02/Nov/2024:20:14:10 +0000] "GET /current/backup/phpinfo.php HTTP/1.1" 404 564 "-" "Mozilla/5.0 (Macintosh; Intel Mac OS X 10_12_3) AppleWebKit/537.36 (KHTML, like Gecko) Chrome/56.0.2924.87 Safari/537.36"
94.72.101.21 - - [02/Nov/2024:20:14:11 +0000] "GET /current/crm/phpinfo.php HTTP/1.1" 404 564 "-" "Mozilla/5.0 (Macintosh; Intel Mac OS X 10_12_3) AppleWebKit/537.36 (KHTML, like Gecko) Chrome/56.0.2924.87 Safari/537.36"
94.72.101.21 - - [02/Nov/2024:20:14:11 +0000] "GET /current/current/phpinfo.php HTTP/1.1" 404 564 "-" "Mozilla/5.0 (Macintosh; Intel Mac OS X 10_12_3) AppleWebKit/537.36 (KHTML, like Gecko) Chrome/56.0.2924.87 Safari/537.36"
94.72.101.21 - - [02/Nov/2024:20:14:11 +0000] "GET /current/dev/phpinfo.php HTTP/1.1" 404 564 "-" "Mozilla/5.0 (Macintosh; Intel Mac OS X 10_12_3) AppleWebKit/537.36 (KHTML, like Gecko) Chrome/56.0.2924.87 Safari/537.36"
94.72.101.21 - - [02/Nov/2024:20:14:12 +0000] "GET /current/develop/phpinfo.php HTTP/1.1" 404 564 "-" "Mozilla/5.0 (Macintosh; Intel Mac OS X 10_12_3) AppleWebKit/537.36 (KHTML, like Gecko) Chrome/56.0.2924.87 Safari/537.36"
94.72.101.21 - - [02/Nov/2024:20:14:12 +0000] "GET /current/development/phpinfo.php HTTP/1.1" 404 564 "-" "Mozilla/5.0 (Macintosh; Intel Mac OS X 10_12_3) AppleWebKit/537.36 (KHTML, like Gecko) Chrome/56.0.2924.87 Safari/537.36"
94.72.101.21 - - [02/Nov/2024:20:14:12 +0000] "GET /current/help/phpinfo.php HTTP/1.1" 404 564 "-" "Mozilla/5.0 (Macintosh; Intel Mac OS X 10_12_3) AppleWebKit/537.36 (KHTML, like Gecko) Chrome/56.0.2924.87 Safari/537.36"
94.72.101.21 - - [02/Nov/2024:20:14:12 +0000] "GET /current/helper/phpinfo.php HTTP/1.1" 404 564 "-" "Mozilla/5.0 (Macintosh; Intel Mac OS X 10_12_3) AppleWebKit/537.36 (KHTML, like Gecko) Chrome/56.0.2924.87 Safari/537.36"
94.72.101.21 - - [02/Nov/2024:20:14:13 +0000] "GET /current/lara/phpinfo.php HTTP/1.1" 404 564 "-" "Mozilla/5.0 (Macintosh; Intel Mac OS X 10_12_3) AppleWebKit/537.36 (KHTML, like Gecko) Chrome/56.0.2924.87 Safari/537.36"
94.72.101.21 - - [02/Nov/2024:20:14:13 +0000] "GET /current/laravel/phpinfo.php HTTP/1.1" 404 564 "-" "Mozilla/5.0 (Macintosh; Intel Mac OS X 10_12_3) AppleWebKit/537.36 (KHTML, like Gecko) Chrome/56.0.2924.87 Safari/537.36"
94.72.101.21 - - [02/Nov/2024:20:14:13 +0000] "GET /current/server/phpinfo.php HTTP/1.1" 404 564 "-" "Mozilla/5.0 (Macintosh; Intel Mac OS X 10_12_3) AppleWebKit/537.36 (KHTML, like Gecko) Chrome/56.0.2924.87 Safari/537.36"
94.72.101.21 - - [02/Nov/2024:20:14:13 +0000] "GET /current/service/phpinfo.php HTTP/1.1" 404 564 "-" "Mozilla/5.0 (Macintosh; Intel Mac OS X 10_12_3) AppleWebKit/537.36 (KHTML, like Gecko) Chrome/56.0.2924.87 Safari/537.36"
94.72.101.21 - - [02/Nov/2024:20:14:14 +0000] "GET /current/services/phpinfo.php HTTP/1.1" 404 564 "-" "Mozilla/5.0 (Macintosh; Intel Mac OS X 10_12_3) AppleWebKit/537.36 (KHTML, like Gecko) Chrome/56.0.2924.87 Safari/537.36"
94.72.101.21 - - [02/Nov/2024:20:14:14 +0000] "GET /current/xampp/phpinfo.php HTTP/1.1" 404 564 "-" "Mozilla/5.0 (Macintosh; Intel Mac OS X 10_12_3) AppleWebKit/537.36 (KHTML, like Gecko) Chrome/56.0.2924.87 Safari/537.36"
94.72.101.21 - - [02/Nov/2024:20:14:14 +0000] "GET /current/api/info.php HTTP/1.1" 404 564 "-" "Mozilla/5.0 (Macintosh; Intel Mac OS X 10_12_3) AppleWebKit/537.36 (KHTML, like Gecko) Chrome/56.0.2924.87 Safari/537.36"
94.72.101.21 - - [02/Nov/2024:20:14:15 +0000] "GET /current/backend/info.php HTTP/1.1" 404 564 "-" "Mozilla/5.0 (Macintosh; Intel Mac OS X 10_12_3) AppleWebKit/537.36 (KHTML, like Gecko) Chrome/56.0.2924.87 Safari/537.36"
94.72.101.21 - - [02/Nov/2024:20:14:15 +0000] "GET /current/backup/info.php HTTP/1.1" 404 564 "-" "Mozilla/5.0 (Macintosh; Intel Mac OS X 10_12_3) AppleWebKit/537.36 (KHTML, like Gecko) Chrome/56.0.2924.87 Safari/537.36"
94.72.101.21 - - [02/Nov/2024:20:14:15 +0000] "GET /current/crm/info.php HTTP/1.1" 404 564 "-" "Mozilla/5.0 (Macintosh; Intel Mac OS X 10_12_3) AppleWebKit/537.36 (KHTML, like Gecko) Chrome/56.0.2924.87 Safari/537.36"
94.72.101.21 - - [02/Nov/2024:20:14:15 +0000] "GET /current/current/info.php HTTP/1.1" 404 564 "-" "Mozilla/5.0 (Macintosh; Intel Mac OS X 10_12_3) AppleWebKit/537.36 (KHTML, like Gecko) Chrome/56.0.2924.87 Safari/537.36"
94.72.101.21 - - [02/Nov/2024:20:14:15 +0000] "GET /current/dev/info.php HTTP/1.1" 404 564 "-" "Mozilla/5.0 (Macintosh; Intel Mac OS X 10_12_3) AppleWebKit/537.36 (KHTML, like Gecko) Chrome/56.0.2924.87 Safari/537.36"
94.72.101.21 - - [02/Nov/2024:20:14:16 +0000] "GET /current/develop/info.php HTTP/1.1" 404 564 "-" "Mozilla/5.0 (Macintosh; Intel Mac OS X 10_12_3) AppleWebKit/537.36 (KHTML, like Gecko) Chrome/56.0.2924.87 Safari/537.36"
94.72.101.21 - - [02/Nov/2024:20:14:16 +0000] "GET /current/development/iinfo.php HTTP/1.1" 404 564 "-" "Mozilla/5.0 (Macintosh; Intel Mac OS X 10_12_3) AppleWebKit/537.36 (KHTML, like Gecko) Chrome/56.0.2924.87 Safari/537.36"
94.72.101.21 - - [02/Nov/2024:20:14:17 +0000] "GET /current/help/info.php HTTP/1.1" 404 564 "-" "Mozilla/5.0 (Macintosh; Intel Mac OS X 10_12_3) AppleWebKit/537.36 (KHTML, like Gecko) Chrome/56.0.2924.87 Safari/537.36"
94.72.101.21 - - [02/Nov/2024:20:14:18 +0000] "GET /current/helper/info.php HTTP/1.1" 404 564 "-" "Mozilla/5.0 (Macintosh; Intel Mac OS X 10_12_3) AppleWebKit/537.36 (KHTML, like Gecko) Chrome/56.0.2924.87 Safari/537.36"
94.72.101.21 - - [02/Nov/2024:20:14:18 +0000] "GET /current/lara/info.php HTTP/1.1" 404 564 "-" "Mozilla/5.0 (Macintosh; Intel Mac OS X 10_12_3) AppleWebKit/537.36 (KHTML, like Gecko) Chrome/56.0.2924.87 Safari/537.36"
94.72.101.21 - - [02/Nov/2024:20:14:18 +0000] "GET /current/laravel/info.php HTTP/1.1" 404 564 "-" "Mozilla/5.0 (Macintosh; Intel Mac OS X 10_12_3) AppleWebKit/537.36 (KHTML, like Gecko) Chrome/56.0.2924.87 Safari/537.36"
94.72.101.21 - - [02/Nov/2024:20:14:19 +0000] "GET /current/server/info.php HTTP/1.1" 404 564 "-" "Mozilla/5.0 (Macintosh; Intel Mac OS X 10_12_3) AppleWebKit/537.36 (KHTML, like Gecko) Chrome/56.0.2924.87 Safari/537.36"
94.72.101.21 - - [02/Nov/2024:20:14:19 +0000] "GET /current/service/info.php HTTP/1.1" 404 564 "-" "Mozilla/5.0 (Macintosh; Intel Mac OS X 10_12_3) AppleWebKit/537.36 (KHTML, like Gecko) Chrome/56.0.2924.87 Safari/537.36"
94.72.101.21 - - [02/Nov/2024:20:14:19 +0000] "GET /current/services/info.php HTTP/1.1" 404 564 "-" "Mozilla/5.0 (Macintosh; Intel Mac OS X 10_12_3) AppleWebKit/537.36 (KHTML, like Gecko) Chrome/56.0.2924.87 Safari/537.36"
94.72.101.21 - - [02/Nov/2024:20:14:20 +0000] "GET /current/php-info.php HTTP/1.1" 404 564 "-" "Mozilla/5.0 (Macintosh; Intel Mac OS X 10_12_3) AppleWebKit/537.36 (KHTML, like Gecko) Chrome/56.0.2924.87 Safari/537.36"
94.72.101.21 - - [02/Nov/2024:20:14:20 +0000] "GET /current/linusadmin-phpinfo.php HTTP/1.1" 404 564 "-" "Mozilla/5.0 (Macintosh; Intel Mac OS X 10_12_3) AppleWebKit/537.36 (KHTML, like Gecko) Chrome/56.0.2924.87 Safari/537.36"
94.72.101.21 - - [02/Nov/2024:20:14:20 +0000] "GET /current/infos.php HTTP/1.1" 404 564 "-" "Mozilla/5.0 (Macintosh; Intel Mac OS X 10_12_3) AppleWebKit/537.36 (KHTML, like Gecko) Chrome/56.0.2924.87 Safari/537.36"
94.72.101.21 - - [02/Nov/2024:20:14:20 +0000] "GET /current/old_phpinfo.php HTTP/1.1" 404 564 "-" "Mozilla/5.0 (Macintosh; Intel Mac OS X 10_12_3) AppleWebKit/537.36 (KHTML, like Gecko) Chrome/56.0.2924.87 Safari/537.36"
94.72.101.21 - - [02/Nov/2024:20:14:20 +0000] "GET /current/temp.php HTTP/1.1" 404 564 "-" "Mozilla/5.0 (Macintosh; Intel Mac OS X 10_12_3) AppleWebKit/537.36 (KHTML, like Gecko) Chrome/56.0.2924.87 Safari/537.36"
94.72.101.21 - - [02/Nov/2024:20:14:20 +0000] "GET /current/time.php HTTP/1.1" 404 564 "-" "Mozilla/5.0 (Macintosh; Intel Mac OS X 10_12_3) AppleWebKit/537.36 (KHTML, like Gecko) Chrome/56.0.2924.87 Safari/537.36"
94.72.101.21 - - [02/Nov/2024:20:14:21 +0000] "GET /current/phpversion.php HTTP/1.1" 404 564 "-" "Mozilla/5.0 (Macintosh; Intel Mac OS X 10_12_3) AppleWebKit/537.36 (KHTML, like Gecko) Chrome/56.0.2924.87 Safari/537.36"
94.72.101.21 - - [02/Nov/2024:20:14:21 +0000] "GET /current/pinfo.php HTTP/1.1" 404 564 "-" "Mozilla/5.0 (Macintosh; Intel Mac OS X 10_12_3) AppleWebKit/537.36 (KHTML, like Gecko) Chrome/56.0.2924.87 Safari/537.36"
94.72.101.21 - - [02/Nov/2024:20:14:21 +0000] "GET /current/i.php HTTP/1.1" 404 564 "-" "Mozilla/5.0 (Macintosh; Intel Mac OS X 10_12_3) AppleWebKit/537.36 (KHTML, like Gecko) Chrome/56.0.2924.87 Safari/537.36"
94.72.101.21 - - [02/Nov/2024:20:14:21 +0000] "GET /current/asdf.php HTTP/1.1" 404 564 "-" "Mozilla/5.0 (Macintosh; Intel Mac OS X 10_12_3) AppleWebKit/537.36 (KHTML, like Gecko) Chrome/56.0.2924.87 Safari/537.36"
94.72.101.21 - - [02/Nov/2024:20:14:21 +0000] "GET /cron/xampp/info.php HTTP/1.1" 404 564 "-" "Mozilla/5.0 (Macintosh; Intel Mac OS X 10_12_3) AppleWebKit/537.36 (KHTML, like Gecko) Chrome/56.0.2924.87 Safari/537.36"
94.72.101.21 - - [02/Nov/2024:20:14:22 +0000] "GET /cron/xampp/phpinfo HTTP/1.1" 404 564 "-" "Mozilla/5.0 (Macintosh; Intel Mac OS X 10_12_3) AppleWebKit/537.36 (KHTML, like Gecko) Chrome/56.0.2924.87 Safari/537.36"
94.72.101.21 - - [02/Nov/2024:20:14:22 +0000] "GET /cron/_profiler/phpinfo HTTP/1.1" 404 564 "-" "Mozilla/5.0 (Macintosh; Intel Mac OS X 10_12_3) AppleWebKit/537.36 (KHTML, like Gecko) Chrome/56.0.2924.87 Safari/537.36"
94.72.101.21 - - [02/Nov/2024:20:14:23 +0000] "GET /cron/phpinfo.php HTTP/1.1" 404 564 "-" "Mozilla/5.0 (Macintosh; Intel Mac OS X 10_12_3) AppleWebKit/537.36 (KHTML, like Gecko) Chrome/56.0.2924.87 Safari/537.36"
94.72.101.21 - - [02/Nov/2024:20:14:23 +0000] "GET /cron/phpinfo HTTP/1.1" 404 564 "-" "Mozilla/5.0 (Macintosh; Intel Mac OS X 10_12_3) AppleWebKit/537.36 (KHTML, like Gecko) Chrome/56.0.2924.87 Safari/537.36"
94.72.101.21 - - [02/Nov/2024:20:14:23 +0000] "GET /cron/info.php HTTP/1.1" 404 564 "-" "Mozilla/5.0 (Macintosh; Intel Mac OS X 10_12_3) AppleWebKit/537.36 (KHTML, like Gecko) Chrome/56.0.2924.87 Safari/537.36"
94.72.101.21 - - [02/Nov/2024:20:14:23 +0000] "GET /cron/php.ini HTTP/1.1" 404 564 "-" "Mozilla/5.0 (Macintosh; Intel Mac OS X 10_12_3) AppleWebKit/537.36 (KHTML, like Gecko) Chrome/56.0.2924.87 Safari/537.36"
94.72.101.21 - - [02/Nov/2024:20:14:23 +0000] "GET /cron/php.php HTTP/1.1" 404 564 "-" "Mozilla/5.0 (Macintosh; Intel Mac OS X 10_12_3) AppleWebKit/537.36 (KHTML, like Gecko) Chrome/56.0.2924.87 Safari/537.36"
94.72.101.21 - - [02/Nov/2024:20:14:24 +0000] "GET /cron/infophp.php HTTP/1.1" 404 564 "-" "Mozilla/5.0 (Macintosh; Intel Mac OS X 10_12_3) AppleWebKit/537.36 (KHTML, like Gecko) Chrome/56.0.2924.87 Safari/537.36"
94.72.101.21 - - [02/Nov/2024:20:14:24 +0000] "GET /cron/test.php HTTP/1.1" 404 564 "-" "Mozilla/5.0 (Macintosh; Intel Mac OS X 10_12_3) AppleWebKit/537.36 (KHTML, like Gecko) Chrome/56.0.2924.87 Safari/537.36"
94.72.101.21 - - [02/Nov/2024:20:14:24 +0000] "GET /cron/dashboard/phpinfo.php HTTP/1.1" 404 564 "-" "Mozilla/5.0 (Macintosh; Intel Mac OS X 10_12_3) AppleWebKit/537.36 (KHTML, like Gecko) Chrome/56.0.2924.87 Safari/537.36"
94.72.101.21 - - [02/Nov/2024:20:14:24 +0000] "GET /cron/api/phpinfo.php HTTP/1.1" 404 564 "-" "Mozilla/5.0 (Macintosh; Intel Mac OS X 10_12_3) AppleWebKit/537.36 (KHTML, like Gecko) Chrome/56.0.2924.87 Safari/537.36"
94.72.101.21 - - [02/Nov/2024:20:14:24 +0000] "GET /cron/backend/phpinfo.php HTTP/1.1" 404 564 "-" "Mozilla/5.0 (Macintosh; Intel Mac OS X 10_12_3) AppleWebKit/537.36 (KHTML, like Gecko) Chrome/56.0.2924.87 Safari/537.36"
94.72.101.21 - - [02/Nov/2024:20:14:25 +0000] "GET /cron/backup/phpinfo.php HTTP/1.1" 404 564 "-" "Mozilla/5.0 (Macintosh; Intel Mac OS X 10_12_3) AppleWebKit/537.36 (KHTML, like Gecko) Chrome/56.0.2924.87 Safari/537.36"
94.72.101.21 - - [02/Nov/2024:20:14:25 +0000] "GET /cron/crm/phpinfo.php HTTP/1.1" 404 564 "-" "Mozilla/5.0 (Macintosh; Intel Mac OS X 10_12_3) AppleWebKit/537.36 (KHTML, like Gecko) Chrome/56.0.2924.87 Safari/537.36"
94.72.101.21 - - [02/Nov/2024:20:14:25 +0000] "GET /cron/current/phpinfo.php HTTP/1.1" 404 564 "-" "Mozilla/5.0 (Macintosh; Intel Mac OS X 10_12_3) AppleWebKit/537.36 (KHTML, like Gecko) Chrome/56.0.2924.87 Safari/537.36"
94.72.101.21 - - [02/Nov/2024:20:14:25 +0000] "GET /cron/dev/phpinfo.php HTTP/1.1" 404 564 "-" "Mozilla/5.0 (Macintosh; Intel Mac OS X 10_12_3) AppleWebKit/537.36 (KHTML, like Gecko) Chrome/56.0.2924.87 Safari/537.36"
94.72.101.21 - - [02/Nov/2024:20:14:25 +0000] "GET /cron/develop/phpinfo.php HTTP/1.1" 404 564 "-" "Mozilla/5.0 (Macintosh; Intel Mac OS X 10_12_3) AppleWebKit/537.36 (KHTML, like Gecko) Chrome/56.0.2924.87 Safari/537.36"
94.72.101.21 - - [02/Nov/2024:20:14:25 +0000] "GET /cron/development/phpinfo.php HTTP/1.1" 404 564 "-" "Mozilla/5.0 (Macintosh; Intel Mac OS X 10_12_3) AppleWebKit/537.36 (KHTML, like Gecko) Chrome/56.0.2924.87 Safari/537.36"
94.72.101.21 - - [02/Nov/2024:20:14:26 +0000] "GET /cron/help/phpinfo.php HTTP/1.1" 404 564 "-" "Mozilla/5.0 (Macintosh; Intel Mac OS X 10_12_3) AppleWebKit/537.36 (KHTML, like Gecko) Chrome/56.0.2924.87 Safari/537.36"
94.72.101.21 - - [02/Nov/2024:20:14:26 +0000] "GET /cron/helper/phpinfo.php HTTP/1.1" 404 564 "-" "Mozilla/5.0 (Macintosh; Intel Mac OS X 10_12_3) AppleWebKit/537.36 (KHTML, like Gecko) Chrome/56.0.2924.87 Safari/537.36"
94.72.101.21 - - [02/Nov/2024:20:14:26 +0000] "GET /cron/lara/phpinfo.php HTTP/1.1" 404 564 "-" "Mozilla/5.0 (Macintosh; Intel Mac OS X 10_12_3) AppleWebKit/537.36 (KHTML, like Gecko) Chrome/56.0.2924.87 Safari/537.36"
94.72.101.21 - - [02/Nov/2024:20:14:27 +0000] "GET /cron/laravel/phpinfo.php HTTP/1.1" 404 564 "-" "Mozilla/5.0 (Macintosh; Intel Mac OS X 10_12_3) AppleWebKit/537.36 (KHTML, like Gecko) Chrome/56.0.2924.87 Safari/537.36"
94.72.101.21 - - [02/Nov/2024:20:14:27 +0000] "GET /cron/server/phpinfo.php HTTP/1.1" 404 564 "-" "Mozilla/5.0 (Macintosh; Intel Mac OS X 10_12_3) AppleWebKit/537.36 (KHTML, like Gecko) Chrome/56.0.2924.87 Safari/537.36"
94.72.101.21 - - [02/Nov/2024:20:14:27 +0000] "GET /cron/service/phpinfo.php HTTP/1.1" 404 564 "-" "Mozilla/5.0 (Macintosh; Intel Mac OS X 10_12_3) AppleWebKit/537.36 (KHTML, like Gecko) Chrome/56.0.2924.87 Safari/537.36"
94.72.101.21 - - [02/Nov/2024:20:14:27 +0000] "GET /cron/services/phpinfo.php HTTP/1.1" 404 564 "-" "Mozilla/5.0 (Macintosh; Intel Mac OS X 10_12_3) AppleWebKit/537.36 (KHTML, like Gecko) Chrome/56.0.2924.87 Safari/537.36"
94.72.101.21 - - [02/Nov/2024:20:14:28 +0000] "GET /cron/xampp/phpinfo.php HTTP/1.1" 404 564 "-" "Mozilla/5.0 (Macintosh; Intel Mac OS X 10_12_3) AppleWebKit/537.36 (KHTML, like Gecko) Chrome/56.0.2924.87 Safari/537.36"
94.72.101.21 - - [02/Nov/2024:20:14:28 +0000] "GET /cron/api/info.php HTTP/1.1" 404 564 "-" "Mozilla/5.0 (Macintosh; Intel Mac OS X 10_12_3) AppleWebKit/537.36 (KHTML, like Gecko) Chrome/56.0.2924.87 Safari/537.36"
94.72.101.21 - - [02/Nov/2024:20:14:28 +0000] "GET /cron/backend/info.php HTTP/1.1" 404 564 "-" "Mozilla/5.0 (Macintosh; Intel Mac OS X 10_12_3) AppleWebKit/537.36 (KHTML, like Gecko) Chrome/56.0.2924.87 Safari/537.36"
94.72.101.21 - - [02/Nov/2024:20:14:29 +0000] "GET /cron/backup/info.php HTTP/1.1" 404 564 "-" "Mozilla/5.0 (Macintosh; Intel Mac OS X 10_12_3) AppleWebKit/537.36 (KHTML, like Gecko) Chrome/56.0.2924.87 Safari/537.36"
94.72.101.21 - - [02/Nov/2024:20:14:29 +0000] "GET /cron/crm/info.php HTTP/1.1" 404 564 "-" "Mozilla/5.0 (Macintosh; Intel Mac OS X 10_12_3) AppleWebKit/537.36 (KHTML, like Gecko) Chrome/56.0.2924.87 Safari/537.36"
94.72.101.21 - - [02/Nov/2024:20:14:30 +0000] "GET /cron/current/info.php HTTP/1.1" 404 564 "-" "Mozilla/5.0 (Macintosh; Intel Mac OS X 10_12_3) AppleWebKit/537.36 (KHTML, like Gecko) Chrome/56.0.2924.87 Safari/537.36"
94.72.101.21 - - [02/Nov/2024:20:14:30 +0000] "GET /cron/dev/info.php HTTP/1.1" 404 564 "-" "Mozilla/5.0 (Macintosh; Intel Mac OS X 10_12_3) AppleWebKit/537.36 (KHTML, like Gecko) Chrome/56.0.2924.87 Safari/537.36"
94.72.101.21 - - [02/Nov/2024:20:14:31 +0000] "GET /cron/develop/info.php HTTP/1.1" 404 564 "-" "Mozilla/5.0 (Macintosh; Intel Mac OS X 10_12_3) AppleWebKit/537.36 (KHTML, like Gecko) Chrome/56.0.2924.87 Safari/537.36"
94.72.101.21 - - [02/Nov/2024:20:14:31 +0000] "GET /cron/development/iinfo.php HTTP/1.1" 404 564 "-" "Mozilla/5.0 (Macintosh; Intel Mac OS X 10_12_3) AppleWebKit/537.36 (KHTML, like Gecko) Chrome/56.0.2924.87 Safari/537.36"
94.72.101.21 - - [02/Nov/2024:20:14:31 +0000] "GET /cron/help/info.php HTTP/1.1" 404 564 "-" "Mozilla/5.0 (Macintosh; Intel Mac OS X 10_12_3) AppleWebKit/537.36 (KHTML, like Gecko) Chrome/56.0.2924.87 Safari/537.36"
94.72.101.21 - - [02/Nov/2024:20:14:31 +0000] "GET /cron/helper/info.php HTTP/1.1" 404 564 "-" "Mozilla/5.0 (Macintosh; Intel Mac OS X 10_12_3) AppleWebKit/537.36 (KHTML, like Gecko) Chrome/56.0.2924.87 Safari/537.36"
94.72.101.21 - - [02/Nov/2024:20:14:31 +0000] "GET /cron/lara/info.php HTTP/1.1" 404 564 "-" "Mozilla/5.0 (Macintosh; Intel Mac OS X 10_12_3) AppleWebKit/537.36 (KHTML, like Gecko) Chrome/56.0.2924.87 Safari/537.36"
94.72.101.21 - - [02/Nov/2024:20:14:31 +0000] "GET /cron/laravel/info.php HTTP/1.1" 404 564 "-" "Mozilla/5.0 (Macintosh; Intel Mac OS X 10_12_3) AppleWebKit/537.36 (KHTML, like Gecko) Chrome/56.0.2924.87 Safari/537.36"
94.72.101.21 - - [02/Nov/2024:20:14:32 +0000] "GET /cron/server/info.php HTTP/1.1" 404 564 "-" "Mozilla/5.0 (Macintosh; Intel Mac OS X 10_12_3) AppleWebKit/537.36 (KHTML, like Gecko) Chrome/56.0.2924.87 Safari/537.36"
94.72.101.21 - - [02/Nov/2024:20:14:32 +0000] "GET /cron/service/info.php HTTP/1.1" 404 564 "-" "Mozilla/5.0 (Macintosh; Intel Mac OS X 10_12_3) AppleWebKit/537.36 (KHTML, like Gecko) Chrome/56.0.2924.87 Safari/537.36"
94.72.101.21 - - [02/Nov/2024:20:14:32 +0000] "GET /cron/services/info.php HTTP/1.1" 404 564 "-" "Mozilla/5.0 (Macintosh; Intel Mac OS X 10_12_3) AppleWebKit/537.36 (KHTML, like Gecko) Chrome/56.0.2924.87 Safari/537.36"
94.72.101.21 - - [02/Nov/2024:20:14:33 +0000] "GET /cron/php-info.php HTTP/1.1" 404 564 "-" "Mozilla/5.0 (Macintosh; Intel Mac OS X 10_12_3) AppleWebKit/537.36 (KHTML, like Gecko) Chrome/56.0.2924.87 Safari/537.36"
94.72.101.21 - - [02/Nov/2024:20:14:33 +0000] "GET /cron/linusadmin-phpinfo.php HTTP/1.1" 404 564 "-" "Mozilla/5.0 (Macintosh; Intel Mac OS X 10_12_3) AppleWebKit/537.36 (KHTML, like Gecko) Chrome/56.0.2924.87 Safari/537.36"
94.72.101.21 - - [02/Nov/2024:20:14:33 +0000] "GET /cron/infos.php HTTP/1.1" 404 564 "-" "Mozilla/5.0 (Macintosh; Intel Mac OS X 10_12_3) AppleWebKit/537.36 (KHTML, like Gecko) Chrome/56.0.2924.87 Safari/537.36"
94.72.101.21 - - [02/Nov/2024:20:14:33 +0000] "GET /cron/old_phpinfo.php HTTP/1.1" 404 564 "-" "Mozilla/5.0 (Macintosh; Intel Mac OS X 10_12_3) AppleWebKit/537.36 (KHTML, like Gecko) Chrome/56.0.2924.87 Safari/537.36"
94.72.101.21 - - [02/Nov/2024:20:14:33 +0000] "GET /cron/temp.php HTTP/1.1" 404 564 "-" "Mozilla/5.0 (Macintosh; Intel Mac OS X 10_12_3) AppleWebKit/537.36 (KHTML, like Gecko) Chrome/56.0.2924.87 Safari/537.36"
94.72.101.21 - - [02/Nov/2024:20:14:33 +0000] "GET /cron/time.php HTTP/1.1" 404 564 "-" "Mozilla/5.0 (Macintosh; Intel Mac OS X 10_12_3) AppleWebKit/537.36 (KHTML, like Gecko) Chrome/56.0.2924.87 Safari/537.36"
94.72.101.21 - - [02/Nov/2024:20:14:34 +0000] "GET /cron/phpversion.php HTTP/1.1" 404 564 "-" "Mozilla/5.0 (Macintosh; Intel Mac OS X 10_12_3) AppleWebKit/537.36 (KHTML, like Gecko) Chrome/56.0.2924.87 Safari/537.36"
94.72.101.21 - - [02/Nov/2024:20:14:34 +0000] "GET /cron/pinfo.php HTTP/1.1" 404 564 "-" "Mozilla/5.0 (Macintosh; Intel Mac OS X 10_12_3) AppleWebKit/537.36 (KHTML, like Gecko) Chrome/56.0.2924.87 Safari/537.36"
94.72.101.21 - - [02/Nov/2024:20:14:34 +0000] "GET /cron/i.php HTTP/1.1" 404 564 "-" "Mozilla/5.0 (Macintosh; Intel Mac OS X 10_12_3) AppleWebKit/537.36 (KHTML, like Gecko) Chrome/56.0.2924.87 Safari/537.36"
94.72.101.21 - - [02/Nov/2024:20:14:35 +0000] "GET /cron/asdf.php HTTP/1.1" 404 564 "-" "Mozilla/5.0 (Macintosh; Intel Mac OS X 10_12_3) AppleWebKit/537.36 (KHTML, like Gecko) Chrome/56.0.2924.87 Safari/537.36"
94.72.101.21 - - [02/Nov/2024:20:14:35 +0000] "GET /cms/xampp/info.php HTTP/1.1" 404 564 "-" "Mozilla/5.0 (Macintosh; Intel Mac OS X 10_12_3) AppleWebKit/537.36 (KHTML, like Gecko) Chrome/56.0.2924.87 Safari/537.36"
94.72.101.21 - - [02/Nov/2024:20:14:35 +0000] "GET /cms/xampp/phpinfo HTTP/1.1" 404 564 "-" "Mozilla/5.0 (Macintosh; Intel Mac OS X 10_12_3) AppleWebKit/537.36 (KHTML, like Gecko) Chrome/56.0.2924.87 Safari/537.36"
94.72.101.21 - - [02/Nov/2024:20:14:35 +0000] "GET /cms/_profiler/phpinfo HTTP/1.1" 404 564 "-" "Mozilla/5.0 (Macintosh; Intel Mac OS X 10_12_3) AppleWebKit/537.36 (KHTML, like Gecko) Chrome/56.0.2924.87 Safari/537.36"
94.72.101.21 - - [02/Nov/2024:20:14:35 +0000] "GET /cms/phpinfo.php HTTP/1.1" 404 564 "-" "Mozilla/5.0 (Macintosh; Intel Mac OS X 10_12_3) AppleWebKit/537.36 (KHTML, like Gecko) Chrome/56.0.2924.87 Safari/537.36"
94.72.101.21 - - [02/Nov/2024:20:14:35 +0000] "GET /cms/phpinfo HTTP/1.1" 404 564 "-" "Mozilla/5.0 (Macintosh; Intel Mac OS X 10_12_3) AppleWebKit/537.36 (KHTML, like Gecko) Chrome/56.0.2924.87 Safari/537.36"
94.72.101.21 - - [02/Nov/2024:20:14:36 +0000] "GET /cms/info.php HTTP/1.1" 404 564 "-" "Mozilla/5.0 (Macintosh; Intel Mac OS X 10_12_3) AppleWebKit/537.36 (KHTML, like Gecko) Chrome/56.0.2924.87 Safari/537.36"
94.72.101.21 - - [02/Nov/2024:20:14:36 +0000] "GET /cms/php.ini HTTP/1.1" 404 564 "-" "Mozilla/5.0 (Macintosh; Intel Mac OS X 10_12_3) AppleWebKit/537.36 (KHTML, like Gecko) Chrome/56.0.2924.87 Safari/537.36"
94.72.101.21 - - [02/Nov/2024:20:14:36 +0000] "GET /cms/php.php HTTP/1.1" 404 564 "-" "Mozilla/5.0 (Macintosh; Intel Mac OS X 10_12_3) AppleWebKit/537.36 (KHTML, like Gecko) Chrome/56.0.2924.87 Safari/537.36"
94.72.101.21 - - [02/Nov/2024:20:14:37 +0000] "GET /cms/infophp.php HTTP/1.1" 404 564 "-" "Mozilla/5.0 (Macintosh; Intel Mac OS X 10_12_3) AppleWebKit/537.36 (KHTML, like Gecko) Chrome/56.0.2924.87 Safari/537.36"
94.72.101.21 - - [02/Nov/2024:20:14:37 +0000] "GET /cms/test.php HTTP/1.1" 404 564 "-" "Mozilla/5.0 (Macintosh; Intel Mac OS X 10_12_3) AppleWebKit/537.36 (KHTML, like Gecko) Chrome/56.0.2924.87 Safari/537.36"
94.72.101.21 - - [02/Nov/2024:20:14:37 +0000] "GET /cms/dashboard/phpinfo.php HTTP/1.1" 404 564 "-" "Mozilla/5.0 (Macintosh; Intel Mac OS X 10_12_3) AppleWebKit/537.36 (KHTML, like Gecko) Chrome/56.0.2924.87 Safari/537.36"
94.72.101.21 - - [02/Nov/2024:20:14:37 +0000] "GET /cms/api/phpinfo.php HTTP/1.1" 404 564 "-" "Mozilla/5.0 (Macintosh; Intel Mac OS X 10_12_3) AppleWebKit/537.36 (KHTML, like Gecko) Chrome/56.0.2924.87 Safari/537.36"
94.72.101.21 - - [02/Nov/2024:20:14:37 +0000] "GET /cms/backend/phpinfo.php HTTP/1.1" 404 564 "-" "Mozilla/5.0 (Macintosh; Intel Mac OS X 10_12_3) AppleWebKit/537.36 (KHTML, like Gecko) Chrome/56.0.2924.87 Safari/537.36"
94.72.101.21 - - [02/Nov/2024:20:14:45 +0000] "GET /cms/backup/phpinfo.php HTTP/1.1" 404 564 "-" "Mozilla/5.0 (Macintosh; Intel Mac OS X 10_12_3) AppleWebKit/537.36 (KHTML, like Gecko) Chrome/56.0.2924.87 Safari/537.36"
94.72.101.21 - - [02/Nov/2024:20:14:45 +0000] "GET /cms/crm/phpinfo.php HTTP/1.1" 404 564 "-" "Mozilla/5.0 (Macintosh; Intel Mac OS X 10_12_3) AppleWebKit/537.36 (KHTML, like Gecko) Chrome/56.0.2924.87 Safari/537.36"
94.72.101.21 - - [02/Nov/2024:20:14:46 +0000] "GET /cms/current/phpinfo.php HTTP/1.1" 404 564 "-" "Mozilla/5.0 (Macintosh; Intel Mac OS X 10_12_3) AppleWebKit/537.36 (KHTML, like Gecko) Chrome/56.0.2924.87 Safari/537.36"
94.72.101.21 - - [02/Nov/2024:20:14:46 +0000] "GET /cms/dev/phpinfo.php HTTP/1.1" 404 564 "-" "Mozilla/5.0 (Macintosh; Intel Mac OS X 10_12_3) AppleWebKit/537.36 (KHTML, like Gecko) Chrome/56.0.2924.87 Safari/537.36"
94.72.101.21 - - [02/Nov/2024:20:14:46 +0000] "GET /cms/develop/phpinfo.php HTTP/1.1" 404 564 "-" "Mozilla/5.0 (Macintosh; Intel Mac OS X 10_12_3) AppleWebKit/537.36 (KHTML, like Gecko) Chrome/56.0.2924.87 Safari/537.36"
94.72.101.21 - - [02/Nov/2024:20:14:46 +0000] "GET /cms/development/phpinfo.php HTTP/1.1" 404 564 "-" "Mozilla/5.0 (Macintosh; Intel Mac OS X 10_12_3) AppleWebKit/537.36 (KHTML, like Gecko) Chrome/56.0.2924.87 Safari/537.36"
94.72.101.21 - - [02/Nov/2024:20:14:48 +0000] "GET /cms/help/phpinfo.php HTTP/1.1" 404 564 "-" "Mozilla/5.0 (Macintosh; Intel Mac OS X 10_12_3) AppleWebKit/537.36 (KHTML, like Gecko) Chrome/56.0.2924.87 Safari/537.36"
94.72.101.21 - - [02/Nov/2024:20:14:48 +0000] "GET /cms/helper/phpinfo.php HTTP/1.1" 404 564 "-" "Mozilla/5.0 (Macintosh; Intel Mac OS X 10_12_3) AppleWebKit/537.36 (KHTML, like Gecko) Chrome/56.0.2924.87 Safari/537.36"
94.72.101.21 - - [02/Nov/2024:20:14:48 +0000] "GET /cms/lara/phpinfo.php HTTP/1.1" 404 564 "-" "Mozilla/5.0 (Macintosh; Intel Mac OS X 10_12_3) AppleWebKit/537.36 (KHTML, like Gecko) Chrome/56.0.2924.87 Safari/537.36"
94.72.101.21 - - [02/Nov/2024:20:14:49 +0000] "GET /cms/laravel/phpinfo.php HTTP/1.1" 404 564 "-" "Mozilla/5.0 (Macintosh; Intel Mac OS X 10_12_3) AppleWebKit/537.36 (KHTML, like Gecko) Chrome/56.0.2924.87 Safari/537.36"
94.72.101.21 - - [02/Nov/2024:20:14:49 +0000] "GET /cms/server/phpinfo.php HTTP/1.1" 404 564 "-" "Mozilla/5.0 (Macintosh; Intel Mac OS X 10_12_3) AppleWebKit/537.36 (KHTML, like Gecko) Chrome/56.0.2924.87 Safari/537.36"
94.72.101.21 - - [02/Nov/2024:20:14:49 +0000] "GET /cms/service/phpinfo.php HTTP/1.1" 404 564 "-" "Mozilla/5.0 (Macintosh; Intel Mac OS X 10_12_3) AppleWebKit/537.36 (KHTML, like Gecko) Chrome/56.0.2924.87 Safari/537.36"
94.72.101.21 - - [02/Nov/2024:20:14:49 +0000] "GET /cms/services/phpinfo.php HTTP/1.1" 404 564 "-" "Mozilla/5.0 (Macintosh; Intel Mac OS X 10_12_3) AppleWebKit/537.36 (KHTML, like Gecko) Chrome/56.0.2924.87 Safari/537.36"
94.72.101.21 - - [02/Nov/2024:20:14:49 +0000] "GET /cms/xampp/phpinfo.php HTTP/1.1" 404 564 "-" "Mozilla/5.0 (Macintosh; Intel Mac OS X 10_12_3) AppleWebKit/537.36 (KHTML, like Gecko) Chrome/56.0.2924.87 Safari/537.36"
94.72.101.21 - - [02/Nov/2024:20:14:49 +0000] "GET /cms/api/info.php HTTP/1.1" 404 564 "-" "Mozilla/5.0 (Macintosh; Intel Mac OS X 10_12_3) AppleWebKit/537.36 (KHTML, like Gecko) Chrome/56.0.2924.87 Safari/537.36"
94.72.101.21 - - [02/Nov/2024:20:14:50 +0000] "GET /cms/backend/info.php HTTP/1.1" 404 564 "-" "Mozilla/5.0 (Macintosh; Intel Mac OS X 10_12_3) AppleWebKit/537.36 (KHTML, like Gecko) Chrome/56.0.2924.87 Safari/537.36"
94.72.101.21 - - [02/Nov/2024:20:14:50 +0000] "GET /cms/backup/info.php HTTP/1.1" 404 564 "-" "Mozilla/5.0 (Macintosh; Intel Mac OS X 10_12_3) AppleWebKit/537.36 (KHTML, like Gecko) Chrome/56.0.2924.87 Safari/537.36"
94.72.101.21 - - [02/Nov/2024:20:14:50 +0000] "GET /cms/crm/info.php HTTP/1.1" 404 564 "-" "Mozilla/5.0 (Macintosh; Intel Mac OS X 10_12_3) AppleWebKit/537.36 (KHTML, like Gecko) Chrome/56.0.2924.87 Safari/537.36"
94.72.101.21 - - [02/Nov/2024:20:14:50 +0000] "GET /cms/current/info.php HTTP/1.1" 404 564 "-" "Mozilla/5.0 (Macintosh; Intel Mac OS X 10_12_3) AppleWebKit/537.36 (KHTML, like Gecko) Chrome/56.0.2924.87 Safari/537.36"
94.72.101.21 - - [02/Nov/2024:20:14:50 +0000] "GET /cms/dev/info.php HTTP/1.1" 404 564 "-" "Mozilla/5.0 (Macintosh; Intel Mac OS X 10_12_3) AppleWebKit/537.36 (KHTML, like Gecko) Chrome/56.0.2924.87 Safari/537.36"
94.72.101.21 - - [02/Nov/2024:20:14:51 +0000] "GET /cms/develop/info.php HTTP/1.1" 404 564 "-" "Mozilla/5.0 (Macintosh; Intel Mac OS X 10_12_3) AppleWebKit/537.36 (KHTML, like Gecko) Chrome/56.0.2924.87 Safari/537.36"
94.72.101.21 - - [02/Nov/2024:20:14:51 +0000] "GET /cms/development/iinfo.php HTTP/1.1" 404 564 "-" "Mozilla/5.0 (Macintosh; Intel Mac OS X 10_12_3) AppleWebKit/537.36 (KHTML, like Gecko) Chrome/56.0.2924.87 Safari/537.36"
94.72.101.21 - - [02/Nov/2024:20:14:51 +0000] "GET /cms/help/info.php HTTP/1.1" 404 564 "-" "Mozilla/5.0 (Macintosh; Intel Mac OS X 10_12_3) AppleWebKit/537.36 (KHTML, like Gecko) Chrome/56.0.2924.87 Safari/537.36"
94.72.101.21 - - [02/Nov/2024:20:14:51 +0000] "GET /cms/helper/info.php HTTP/1.1" 404 564 "-" "Mozilla/5.0 (Macintosh; Intel Mac OS X 10_12_3) AppleWebKit/537.36 (KHTML, like Gecko) Chrome/56.0.2924.87 Safari/537.36"
94.72.101.21 - - [02/Nov/2024:20:14:51 +0000] "GET /cms/lara/info.php HTTP/1.1" 404 564 "-" "Mozilla/5.0 (Macintosh; Intel Mac OS X 10_12_3) AppleWebKit/537.36 (KHTML, like Gecko) Chrome/56.0.2924.87 Safari/537.36"
94.72.101.21 - - [02/Nov/2024:20:14:52 +0000] "GET /cms/laravel/info.php HTTP/1.1" 404 564 "-" "Mozilla/5.0 (Macintosh; Intel Mac OS X 10_12_3) AppleWebKit/537.36 (KHTML, like Gecko) Chrome/56.0.2924.87 Safari/537.36"
94.72.101.21 - - [02/Nov/2024:20:14:52 +0000] "GET /cms/server/info.php HTTP/1.1" 404 564 "-" "Mozilla/5.0 (Macintosh; Intel Mac OS X 10_12_3) AppleWebKit/537.36 (KHTML, like Gecko) Chrome/56.0.2924.87 Safari/537.36"
94.72.101.21 - - [02/Nov/2024:20:14:52 +0000] "GET /cms/service/info.php HTTP/1.1" 404 564 "-" "Mozilla/5.0 (Macintosh; Intel Mac OS X 10_12_3) AppleWebKit/537.36 (KHTML, like Gecko) Chrome/56.0.2924.87 Safari/537.36"
94.72.101.21 - - [02/Nov/2024:20:14:52 +0000] "GET /cms/services/info.php HTTP/1.1" 404 564 "-" "Mozilla/5.0 (Macintosh; Intel Mac OS X 10_12_3) AppleWebKit/537.36 (KHTML, like Gecko) Chrome/56.0.2924.87 Safari/537.36"
94.72.101.21 - - [02/Nov/2024:20:14:53 +0000] "GET /cms/php-info.php HTTP/1.1" 404 564 "-" "Mozilla/5.0 (Macintosh; Intel Mac OS X 10_12_3) AppleWebKit/537.36 (KHTML, like Gecko) Chrome/56.0.2924.87 Safari/537.36"
94.72.101.21 - - [02/Nov/2024:20:14:53 +0000] "GET /cms/linusadmin-phpinfo.php HTTP/1.1" 404 564 "-" "Mozilla/5.0 (Macintosh; Intel Mac OS X 10_12_3) AppleWebKit/537.36 (KHTML, like Gecko) Chrome/56.0.2924.87 Safari/537.36"
94.72.101.21 - - [02/Nov/2024:20:14:53 +0000] "GET /cms/infos.php HTTP/1.1" 404 564 "-" "Mozilla/5.0 (Macintosh; Intel Mac OS X 10_12_3) AppleWebKit/537.36 (KHTML, like Gecko) Chrome/56.0.2924.87 Safari/537.36"
94.72.101.21 - - [02/Nov/2024:20:14:53 +0000] "GET /cms/old_phpinfo.php HTTP/1.1" 404 564 "-" "Mozilla/5.0 (Macintosh; Intel Mac OS X 10_12_3) AppleWebKit/537.36 (KHTML, like Gecko) Chrome/56.0.2924.87 Safari/537.36"
94.72.101.21 - - [02/Nov/2024:20:14:53 +0000] "GET /cms/temp.php HTTP/1.1" 404 564 "-" "Mozilla/5.0 (Macintosh; Intel Mac OS X 10_12_3) AppleWebKit/537.36 (KHTML, like Gecko) Chrome/56.0.2924.87 Safari/537.36"
94.72.101.21 - - [02/Nov/2024:20:14:54 +0000] "GET /cms/time.php HTTP/1.1" 404 564 "-" "Mozilla/5.0 (Macintosh; Intel Mac OS X 10_12_3) AppleWebKit/537.36 (KHTML, like Gecko) Chrome/56.0.2924.87 Safari/537.36"
94.72.101.21 - - [02/Nov/2024:20:14:54 +0000] "GET /cms/phpversion.php HTTP/1.1" 404 564 "-" "Mozilla/5.0 (Macintosh; Intel Mac OS X 10_12_3) AppleWebKit/537.36 (KHTML, like Gecko) Chrome/56.0.2924.87 Safari/537.36"
94.72.101.21 - - [02/Nov/2024:20:14:54 +0000] "GET /cms/pinfo.php HTTP/1.1" 404 564 "-" "Mozilla/5.0 (Macintosh; Intel Mac OS X 10_12_3) AppleWebKit/537.36 (KHTML, like Gecko) Chrome/56.0.2924.87 Safari/537.36"
94.72.101.21 - - [02/Nov/2024:20:14:54 +0000] "GET /cms/i.php HTTP/1.1" 404 564 "-" "Mozilla/5.0 (Macintosh; Intel Mac OS X 10_12_3) AppleWebKit/537.36 (KHTML, like Gecko) Chrome/56.0.2924.87 Safari/537.36"
94.72.101.21 - - [02/Nov/2024:20:14:54 +0000] "GET /cms/asdf.php HTTP/1.1" 404 564 "-" "Mozilla/5.0 (Macintosh; Intel Mac OS X 10_12_3) AppleWebKit/537.36 (KHTML, like Gecko) Chrome/56.0.2924.87 Safari/537.36"
94.72.101.21 - - [02/Nov/2024:20:14:55 +0000] "GET /default/xampp/info.php HTTP/1.1" 404 564 "-" "Mozilla/5.0 (Macintosh; Intel Mac OS X 10_12_3) AppleWebKit/537.36 (KHTML, like Gecko) Chrome/56.0.2924.87 Safari/537.36"
94.72.101.21 - - [02/Nov/2024:20:14:55 +0000] "GET /default/xampp/phpinfo HTTP/1.1" 404 564 "-" "Mozilla/5.0 (Macintosh; Intel Mac OS X 10_12_3) AppleWebKit/537.36 (KHTML, like Gecko) Chrome/56.0.2924.87 Safari/537.36"
94.72.101.21 - - [02/Nov/2024:20:14:56 +0000] "GET /default/_profiler/phpinfo HTTP/1.1" 404 564 "-" "Mozilla/5.0 (Macintosh; Intel Mac OS X 10_12_3) AppleWebKit/537.36 (KHTML, like Gecko) Chrome/56.0.2924.87 Safari/537.36"
94.72.101.21 - - [02/Nov/2024:20:14:56 +0000] "GET /default/phpinfo.php HTTP/1.1" 404 564 "-" "Mozilla/5.0 (Macintosh; Intel Mac OS X 10_12_3) AppleWebKit/537.36 (KHTML, like Gecko) Chrome/56.0.2924.87 Safari/537.36"
94.72.101.21 - - [02/Nov/2024:20:14:56 +0000] "GET /default/phpinfo HTTP/1.1" 404 564 "-" "Mozilla/5.0 (Macintosh; Intel Mac OS X 10_12_3) AppleWebKit/537.36 (KHTML, like Gecko) Chrome/56.0.2924.87 Safari/537.36"
94.72.101.21 - - [02/Nov/2024:20:14:57 +0000] "GET /default/info.php HTTP/1.1" 404 564 "-" "Mozilla/5.0 (Macintosh; Intel Mac OS X 10_12_3) AppleWebKit/537.36 (KHTML, like Gecko) Chrome/56.0.2924.87 Safari/537.36"
94.72.101.21 - - [02/Nov/2024:20:14:57 +0000] "GET /default/php.ini HTTP/1.1" 404 564 "-" "Mozilla/5.0 (Macintosh; Intel Mac OS X 10_12_3) AppleWebKit/537.36 (KHTML, like Gecko) Chrome/56.0.2924.87 Safari/537.36"
94.72.101.21 - - [02/Nov/2024:20:14:57 +0000] "GET /default/php.php HTTP/1.1" 404 564 "-" "Mozilla/5.0 (Macintosh; Intel Mac OS X 10_12_3) AppleWebKit/537.36 (KHTML, like Gecko) Chrome/56.0.2924.87 Safari/537.36"
94.72.101.21 - - [02/Nov/2024:20:14:57 +0000] "GET /default/infophp.php HTTP/1.1" 404 564 "-" "Mozilla/5.0 (Macintosh; Intel Mac OS X 10_12_3) AppleWebKit/537.36 (KHTML, like Gecko) Chrome/56.0.2924.87 Safari/537.36"
94.72.101.21 - - [02/Nov/2024:20:14:57 +0000] "GET /default/test.php HTTP/1.1" 404 564 "-" "Mozilla/5.0 (Macintosh; Intel Mac OS X 10_12_3) AppleWebKit/537.36 (KHTML, like Gecko) Chrome/56.0.2924.87 Safari/537.36"
94.72.101.21 - - [02/Nov/2024:20:14:57 +0000] "GET /default/dashboard/phpinfo.php HTTP/1.1" 404 564 "-" "Mozilla/5.0 (Macintosh; Intel Mac OS X 10_12_3) AppleWebKit/537.36 (KHTML, like Gecko) Chrome/56.0.2924.87 Safari/537.36"
94.72.101.21 - - [02/Nov/2024:20:14:58 +0000] "GET /default/api/phpinfo.php HTTP/1.1" 404 564 "-" "Mozilla/5.0 (Macintosh; Intel Mac OS X 10_12_3) AppleWebKit/537.36 (KHTML, like Gecko) Chrome/56.0.2924.87 Safari/537.36"
94.72.101.21 - - [02/Nov/2024:20:14:58 +0000] "GET /default/backend/phpinfo.php HTTP/1.1" 404 564 "-" "Mozilla/5.0 (Macintosh; Intel Mac OS X 10_12_3) AppleWebKit/537.36 (KHTML, like Gecko) Chrome/56.0.2924.87 Safari/537.36"
94.72.101.21 - - [02/Nov/2024:20:14:58 +0000] "GET /default/backup/phpinfo.php HTTP/1.1" 404 564 "-" "Mozilla/5.0 (Macintosh; Intel Mac OS X 10_12_3) AppleWebKit/537.36 (KHTML, like Gecko) Chrome/56.0.2924.87 Safari/537.36"
94.72.101.21 - - [02/Nov/2024:20:14:59 +0000] "GET /default/crm/phpinfo.php HTTP/1.1" 404 564 "-" "Mozilla/5.0 (Macintosh; Intel Mac OS X 10_12_3) AppleWebKit/537.36 (KHTML, like Gecko) Chrome/56.0.2924.87 Safari/537.36"
94.72.101.21 - - [02/Nov/2024:20:14:59 +0000] "GET /default/current/phpinfo.php HTTP/1.1" 404 564 "-" "Mozilla/5.0 (Macintosh; Intel Mac OS X 10_12_3) AppleWebKit/537.36 (KHTML, like Gecko) Chrome/56.0.2924.87 Safari/537.36"
94.72.101.21 - - [02/Nov/2024:20:15:00 +0000] "GET /default/dev/phpinfo.php HTTP/1.1" 404 564 "-" "Mozilla/5.0 (Macintosh; Intel Mac OS X 10_12_3) AppleWebKit/537.36 (KHTML, like Gecko) Chrome/56.0.2924.87 Safari/537.36"
94.72.101.21 - - [02/Nov/2024:20:15:00 +0000] "GET /default/develop/phpinfo.php HTTP/1.1" 404 564 "-" "Mozilla/5.0 (Macintosh; Intel Mac OS X 10_12_3) AppleWebKit/537.36 (KHTML, like Gecko) Chrome/56.0.2924.87 Safari/537.36"
94.72.101.21 - - [02/Nov/2024:20:15:00 +0000] "GET /default/development/phpinfo.php HTTP/1.1" 404 564 "-" "Mozilla/5.0 (Macintosh; Intel Mac OS X 10_12_3) AppleWebKit/537.36 (KHTML, like Gecko) Chrome/56.0.2924.87 Safari/537.36"
94.72.101.21 - - [02/Nov/2024:20:15:01 +0000] "GET /default/help/phpinfo.php HTTP/1.1" 404 564 "-" "Mozilla/5.0 (Macintosh; Intel Mac OS X 10_12_3) AppleWebKit/537.36 (KHTML, like Gecko) Chrome/56.0.2924.87 Safari/537.36"
94.72.101.21 - - [02/Nov/2024:20:15:01 +0000] "GET /default/helper/phpinfo.php HTTP/1.1" 404 564 "-" "Mozilla/5.0 (Macintosh; Intel Mac OS X 10_12_3) AppleWebKit/537.36 (KHTML, like Gecko) Chrome/56.0.2924.87 Safari/537.36"
94.72.101.21 - - [02/Nov/2024:20:15:01 +0000] "GET /default/lara/phpinfo.php HTTP/1.1" 404 564 "-" "Mozilla/5.0 (Macintosh; Intel Mac OS X 10_12_3) AppleWebKit/537.36 (KHTML, like Gecko) Chrome/56.0.2924.87 Safari/537.36"
94.72.101.21 - - [02/Nov/2024:20:15:01 +0000] "GET /default/laravel/phpinfo.php HTTP/1.1" 404 564 "-" "Mozilla/5.0 (Macintosh; Intel Mac OS X 10_12_3) AppleWebKit/537.36 (KHTML, like Gecko) Chrome/56.0.2924.87 Safari/537.36"
94.72.101.21 - - [02/Nov/2024:20:15:01 +0000] "GET /default/server/phpinfo.php HTTP/1.1" 404 564 "-" "Mozilla/5.0 (Macintosh; Intel Mac OS X 10_12_3) AppleWebKit/537.36 (KHTML, like Gecko) Chrome/56.0.2924.87 Safari/537.36"
94.72.101.21 - - [02/Nov/2024:20:15:02 +0000] "GET /default/service/phpinfo.php HTTP/1.1" 404 564 "-" "Mozilla/5.0 (Macintosh; Intel Mac OS X 10_12_3) AppleWebKit/537.36 (KHTML, like Gecko) Chrome/56.0.2924.87 Safari/537.36"
94.72.101.21 - - [02/Nov/2024:20:15:02 +0000] "GET /default/services/phpinfo.php HTTP/1.1" 404 564 "-" "Mozilla/5.0 (Macintosh; Intel Mac OS X 10_12_3) AppleWebKit/537.36 (KHTML, like Gecko) Chrome/56.0.2924.87 Safari/537.36"
94.72.101.21 - - [02/Nov/2024:20:15:02 +0000] "GET /default/xampp/phpinfo.php HTTP/1.1" 404 564 "-" "Mozilla/5.0 (Macintosh; Intel Mac OS X 10_12_3) AppleWebKit/537.36 (KHTML, like Gecko) Chrome/56.0.2924.87 Safari/537.36"
94.72.101.21 - - [02/Nov/2024:20:15:02 +0000] "GET /default/api/info.php HTTP/1.1" 404 564 "-" "Mozilla/5.0 (Macintosh; Intel Mac OS X 10_12_3) AppleWebKit/537.36 (KHTML, like Gecko) Chrome/56.0.2924.87 Safari/537.36"
94.72.101.21 - - [02/Nov/2024:20:15:03 +0000] "GET /default/backend/info.php HTTP/1.1" 404 564 "-" "Mozilla/5.0 (Macintosh; Intel Mac OS X 10_12_3) AppleWebKit/537.36 (KHTML, like Gecko) Chrome/56.0.2924.87 Safari/537.36"
94.72.101.21 - - [02/Nov/2024:20:15:03 +0000] "GET /default/backup/info.php HTTP/1.1" 404 564 "-" "Mozilla/5.0 (Macintosh; Intel Mac OS X 10_12_3) AppleWebKit/537.36 (KHTML, like Gecko) Chrome/56.0.2924.87 Safari/537.36"
94.72.101.21 - - [02/Nov/2024:20:15:03 +0000] "GET /default/crm/info.php HTTP/1.1" 404 564 "-" "Mozilla/5.0 (Macintosh; Intel Mac OS X 10_12_3) AppleWebKit/537.36 (KHTML, like Gecko) Chrome/56.0.2924.87 Safari/537.36"
94.72.101.21 - - [02/Nov/2024:20:15:04 +0000] "GET /default/current/info.php HTTP/1.1" 404 564 "-" "Mozilla/5.0 (Macintosh; Intel Mac OS X 10_12_3) AppleWebKit/537.36 (KHTML, like Gecko) Chrome/56.0.2924.87 Safari/537.36"
94.72.101.21 - - [02/Nov/2024:20:15:04 +0000] "GET /default/dev/info.php HTTP/1.1" 404 564 "-" "Mozilla/5.0 (Macintosh; Intel Mac OS X 10_12_3) AppleWebKit/537.36 (KHTML, like Gecko) Chrome/56.0.2924.87 Safari/537.36"
94.72.101.21 - - [02/Nov/2024:20:15:04 +0000] "GET /default/develop/info.php HTTP/1.1" 404 564 "-" "Mozilla/5.0 (Macintosh; Intel Mac OS X 10_12_3) AppleWebKit/537.36 (KHTML, like Gecko) Chrome/56.0.2924.87 Safari/537.36"
94.72.101.21 - - [02/Nov/2024:20:15:05 +0000] "GET /default/development/iinfo.php HTTP/1.1" 404 564 "-" "Mozilla/5.0 (Macintosh; Intel Mac OS X 10_12_3) AppleWebKit/537.36 (KHTML, like Gecko) Chrome/56.0.2924.87 Safari/537.36"
94.72.101.21 - - [02/Nov/2024:20:15:05 +0000] "GET /default/help/info.php HTTP/1.1" 404 564 "-" "Mozilla/5.0 (Macintosh; Intel Mac OS X 10_12_3) AppleWebKit/537.36 (KHTML, like Gecko) Chrome/56.0.2924.87 Safari/537.36"
94.72.101.21 - - [02/Nov/2024:20:15:06 +0000] "GET /default/helper/info.php HTTP/1.1" 404 564 "-" "Mozilla/5.0 (Macintosh; Intel Mac OS X 10_12_3) AppleWebKit/537.36 (KHTML, like Gecko) Chrome/56.0.2924.87 Safari/537.36"
94.72.101.21 - - [02/Nov/2024:20:15:07 +0000] "GET /default/lara/info.php HTTP/1.1" 404 564 "-" "Mozilla/5.0 (Macintosh; Intel Mac OS X 10_12_3) AppleWebKit/537.36 (KHTML, like Gecko) Chrome/56.0.2924.87 Safari/537.36"
94.72.101.21 - - [02/Nov/2024:20:15:08 +0000] "GET /default/laravel/info.php HTTP/1.1" 404 564 "-" "Mozilla/5.0 (Macintosh; Intel Mac OS X 10_12_3) AppleWebKit/537.36 (KHTML, like Gecko) Chrome/56.0.2924.87 Safari/537.36"
94.72.101.21 - - [02/Nov/2024:20:15:08 +0000] "GET /default/server/info.php HTTP/1.1" 404 564 "-" "Mozilla/5.0 (Macintosh; Intel Mac OS X 10_12_3) AppleWebKit/537.36 (KHTML, like Gecko) Chrome/56.0.2924.87 Safari/537.36"
94.72.101.21 - - [02/Nov/2024:20:15:08 +0000] "GET /default/service/info.php HTTP/1.1" 404 564 "-" "Mozilla/5.0 (Macintosh; Intel Mac OS X 10_12_3) AppleWebKit/537.36 (KHTML, like Gecko) Chrome/56.0.2924.87 Safari/537.36"
94.72.101.21 - - [02/Nov/2024:20:15:09 +0000] "GET /default/services/info.php HTTP/1.1" 404 564 "-" "Mozilla/5.0 (Macintosh; Intel Mac OS X 10_12_3) AppleWebKit/537.36 (KHTML, like Gecko) Chrome/56.0.2924.87 Safari/537.36"
94.72.101.21 - - [02/Nov/2024:20:15:09 +0000] "GET /default/php-info.php HTTP/1.1" 404 564 "-" "Mozilla/5.0 (Macintosh; Intel Mac OS X 10_12_3) AppleWebKit/537.36 (KHTML, like Gecko) Chrome/56.0.2924.87 Safari/537.36"
94.72.101.21 - - [02/Nov/2024:20:15:09 +0000] "GET /default/linusadmin-phpinfo.php HTTP/1.1" 404 564 "-" "Mozilla/5.0 (Macintosh; Intel Mac OS X 10_12_3) AppleWebKit/537.36 (KHTML, like Gecko) Chrome/56.0.2924.87 Safari/537.36"
94.72.101.21 - - [02/Nov/2024:20:15:09 +0000] "GET /default/infos.php HTTP/1.1" 404 564 "-" "Mozilla/5.0 (Macintosh; Intel Mac OS X 10_12_3) AppleWebKit/537.36 (KHTML, like Gecko) Chrome/56.0.2924.87 Safari/537.36"
94.72.101.21 - - [02/Nov/2024:20:15:09 +0000] "GET /default/old_phpinfo.php HTTP/1.1" 404 564 "-" "Mozilla/5.0 (Macintosh; Intel Mac OS X 10_12_3) AppleWebKit/537.36 (KHTML, like Gecko) Chrome/56.0.2924.87 Safari/537.36"
94.72.101.21 - - [02/Nov/2024:20:15:09 +0000] "GET /default/temp.php HTTP/1.1" 404 564 "-" "Mozilla/5.0 (Macintosh; Intel Mac OS X 10_12_3) AppleWebKit/537.36 (KHTML, like Gecko) Chrome/56.0.2924.87 Safari/537.36"
94.72.101.21 - - [02/Nov/2024:20:15:10 +0000] "GET /default/time.php HTTP/1.1" 404 564 "-" "Mozilla/5.0 (Macintosh; Intel Mac OS X 10_12_3) AppleWebKit/537.36 (KHTML, like Gecko) Chrome/56.0.2924.87 Safari/537.36"
94.72.101.21 - - [02/Nov/2024:20:15:10 +0000] "GET /default/phpversion.php HTTP/1.1" 404 564 "-" "Mozilla/5.0 (Macintosh; Intel Mac OS X 10_12_3) AppleWebKit/537.36 (KHTML, like Gecko) Chrome/56.0.2924.87 Safari/537.36"
94.72.101.21 - - [02/Nov/2024:20:15:10 +0000] "GET /default/pinfo.php HTTP/1.1" 404 564 "-" "Mozilla/5.0 (Macintosh; Intel Mac OS X 10_12_3) AppleWebKit/537.36 (KHTML, like Gecko) Chrome/56.0.2924.87 Safari/537.36"
94.72.101.21 - - [02/Nov/2024:20:15:11 +0000] "GET /default/i.php HTTP/1.1" 404 564 "-" "Mozilla/5.0 (Macintosh; Intel Mac OS X 10_12_3) AppleWebKit/537.36 (KHTML, like Gecko) Chrome/56.0.2924.87 Safari/537.36"
94.72.101.21 - - [02/Nov/2024:20:15:11 +0000] "GET /default/asdf.php HTTP/1.1" 404 564 "-" "Mozilla/5.0 (Macintosh; Intel Mac OS X 10_12_3) AppleWebKit/537.36 (KHTML, like Gecko) Chrome/56.0.2924.87 Safari/537.36"
94.72.101.21 - - [02/Nov/2024:20:15:11 +0000] "GET /demo/xampp/info.php HTTP/1.1" 404 564 "-" "Mozilla/5.0 (Macintosh; Intel Mac OS X 10_12_3) AppleWebKit/537.36 (KHTML, like Gecko) Chrome/56.0.2924.87 Safari/537.36"
94.72.101.21 - - [02/Nov/2024:20:15:11 +0000] "GET /demo/xampp/phpinfo HTTP/1.1" 404 564 "-" "Mozilla/5.0 (Macintosh; Intel Mac OS X 10_12_3) AppleWebKit/537.36 (KHTML, like Gecko) Chrome/56.0.2924.87 Safari/537.36"
94.72.101.21 - - [02/Nov/2024:20:15:12 +0000] "GET /demo/_profiler/phpinfo HTTP/1.1" 404 564 "-" "Mozilla/5.0 (Macintosh; Intel Mac OS X 10_12_3) AppleWebKit/537.36 (KHTML, like Gecko) Chrome/56.0.2924.87 Safari/537.36"
94.72.101.21 - - [02/Nov/2024:20:15:12 +0000] "GET /demo/phpinfo.php HTTP/1.1" 404 564 "-" "Mozilla/5.0 (Macintosh; Intel Mac OS X 10_12_3) AppleWebKit/537.36 (KHTML, like Gecko) Chrome/56.0.2924.87 Safari/537.36"
94.72.101.21 - - [02/Nov/2024:20:15:12 +0000] "GET /demo/phpinfo HTTP/1.1" 404 564 "-" "Mozilla/5.0 (Macintosh; Intel Mac OS X 10_12_3) AppleWebKit/537.36 (KHTML, like Gecko) Chrome/56.0.2924.87 Safari/537.36"
94.72.101.21 - - [02/Nov/2024:20:15:12 +0000] "GET /demo/info.php HTTP/1.1" 404 564 "-" "Mozilla/5.0 (Macintosh; Intel Mac OS X 10_12_3) AppleWebKit/537.36 (KHTML, like Gecko) Chrome/56.0.2924.87 Safari/537.36"
94.72.101.21 - - [02/Nov/2024:20:15:13 +0000] "GET /demo/php.ini HTTP/1.1" 404 564 "-" "Mozilla/5.0 (Macintosh; Intel Mac OS X 10_12_3) AppleWebKit/537.36 (KHTML, like Gecko) Chrome/56.0.2924.87 Safari/537.36"
94.72.101.21 - - [02/Nov/2024:20:15:13 +0000] "GET /demo/php.php HTTP/1.1" 404 564 "-" "Mozilla/5.0 (Macintosh; Intel Mac OS X 10_12_3) AppleWebKit/537.36 (KHTML, like Gecko) Chrome/56.0.2924.87 Safari/537.36"
94.72.101.21 - - [02/Nov/2024:20:15:13 +0000] "GET /demo/infophp.php HTTP/1.1" 404 564 "-" "Mozilla/5.0 (Macintosh; Intel Mac OS X 10_12_3) AppleWebKit/537.36 (KHTML, like Gecko) Chrome/56.0.2924.87 Safari/537.36"
94.72.101.21 - - [02/Nov/2024:20:15:13 +0000] "GET /demo/test.php HTTP/1.1" 404 564 "-" "Mozilla/5.0 (Macintosh; Intel Mac OS X 10_12_3) AppleWebKit/537.36 (KHTML, like Gecko) Chrome/56.0.2924.87 Safari/537.36"
94.72.101.21 - - [02/Nov/2024:20:15:13 +0000] "GET /demo/dashboard/phpinfo.php HTTP/1.1" 404 564 "-" "Mozilla/5.0 (Macintosh; Intel Mac OS X 10_12_3) AppleWebKit/537.36 (KHTML, like Gecko) Chrome/56.0.2924.87 Safari/537.36"
94.72.101.21 - - [02/Nov/2024:20:15:14 +0000] "GET /demo/api/phpinfo.php HTTP/1.1" 404 564 "-" "Mozilla/5.0 (Macintosh; Intel Mac OS X 10_12_3) AppleWebKit/537.36 (KHTML, like Gecko) Chrome/56.0.2924.87 Safari/537.36"
94.72.101.21 - - [02/Nov/2024:20:15:14 +0000] "GET /demo/backend/phpinfo.php HTTP/1.1" 404 564 "-" "Mozilla/5.0 (Macintosh; Intel Mac OS X 10_12_3) AppleWebKit/537.36 (KHTML, like Gecko) Chrome/56.0.2924.87 Safari/537.36"
94.72.101.21 - - [02/Nov/2024:20:15:14 +0000] "GET /demo/backup/phpinfo.php HTTP/1.1" 404 564 "-" "Mozilla/5.0 (Macintosh; Intel Mac OS X 10_12_3) AppleWebKit/537.36 (KHTML, like Gecko) Chrome/56.0.2924.87 Safari/537.36"
94.72.101.21 - - [02/Nov/2024:20:15:14 +0000] "GET /demo/crm/phpinfo.php HTTP/1.1" 404 564 "-" "Mozilla/5.0 (Macintosh; Intel Mac OS X 10_12_3) AppleWebKit/537.36 (KHTML, like Gecko) Chrome/56.0.2924.87 Safari/537.36"
94.72.101.21 - - [02/Nov/2024:20:15:14 +0000] "GET /demo/current/phpinfo.php HTTP/1.1" 404 564 "-" "Mozilla/5.0 (Macintosh; Intel Mac OS X 10_12_3) AppleWebKit/537.36 (KHTML, like Gecko) Chrome/56.0.2924.87 Safari/537.36"
94.72.101.21 - - [02/Nov/2024:20:15:15 +0000] "GET /demo/dev/phpinfo.php HTTP/1.1" 404 564 "-" "Mozilla/5.0 (Macintosh; Intel Mac OS X 10_12_3) AppleWebKit/537.36 (KHTML, like Gecko) Chrome/56.0.2924.87 Safari/537.36"
94.72.101.21 - - [02/Nov/2024:20:15:15 +0000] "GET /demo/develop/phpinfo.php HTTP/1.1" 404 564 "-" "Mozilla/5.0 (Macintosh; Intel Mac OS X 10_12_3) AppleWebKit/537.36 (KHTML, like Gecko) Chrome/56.0.2924.87 Safari/537.36"
94.72.101.21 - - [02/Nov/2024:20:15:15 +0000] "GET /demo/development/phpinfo.php HTTP/1.1" 404 564 "-" "Mozilla/5.0 (Macintosh; Intel Mac OS X 10_12_3) AppleWebKit/537.36 (KHTML, like Gecko) Chrome/56.0.2924.87 Safari/537.36"
94.72.101.21 - - [02/Nov/2024:20:15:16 +0000] "GET /demo/help/phpinfo.php HTTP/1.1" 404 564 "-" "Mozilla/5.0 (Macintosh; Intel Mac OS X 10_12_3) AppleWebKit/537.36 (KHTML, like Gecko) Chrome/56.0.2924.87 Safari/537.36"
94.72.101.21 - - [02/Nov/2024:20:15:16 +0000] "GET /demo/helper/phpinfo.php HTTP/1.1" 404 564 "-" "Mozilla/5.0 (Macintosh; Intel Mac OS X 10_12_3) AppleWebKit/537.36 (KHTML, like Gecko) Chrome/56.0.2924.87 Safari/537.36"
94.72.101.21 - - [02/Nov/2024:20:15:17 +0000] "GET /demo/lara/phpinfo.php HTTP/1.1" 404 564 "-" "Mozilla/5.0 (Macintosh; Intel Mac OS X 10_12_3) AppleWebKit/537.36 (KHTML, like Gecko) Chrome/56.0.2924.87 Safari/537.36"
94.72.101.21 - - [02/Nov/2024:20:15:17 +0000] "GET /demo/laravel/phpinfo.php HTTP/1.1" 404 564 "-" "Mozilla/5.0 (Macintosh; Intel Mac OS X 10_12_3) AppleWebKit/537.36 (KHTML, like Gecko) Chrome/56.0.2924.87 Safari/537.36"
94.72.101.21 - - [02/Nov/2024:20:15:18 +0000] "GET /demo/server/phpinfo.php HTTP/1.1" 404 564 "-" "Mozilla/5.0 (Macintosh; Intel Mac OS X 10_12_3) AppleWebKit/537.36 (KHTML, like Gecko) Chrome/56.0.2924.87 Safari/537.36"
94.72.101.21 - - [02/Nov/2024:20:15:18 +0000] "GET /demo/service/phpinfo.php HTTP/1.1" 404 564 "-" "Mozilla/5.0 (Macintosh; Intel Mac OS X 10_12_3) AppleWebKit/537.36 (KHTML, like Gecko) Chrome/56.0.2924.87 Safari/537.36"
94.72.101.21 - - [02/Nov/2024:20:15:18 +0000] "GET /demo/services/phpinfo.php HTTP/1.1" 404 564 "-" "Mozilla/5.0 (Macintosh; Intel Mac OS X 10_12_3) AppleWebKit/537.36 (KHTML, like Gecko) Chrome/56.0.2924.87 Safari/537.36"
94.72.101.21 - - [02/Nov/2024:20:15:18 +0000] "GET /demo/xampp/phpinfo.php HTTP/1.1" 404 564 "-" "Mozilla/5.0 (Macintosh; Intel Mac OS X 10_12_3) AppleWebKit/537.36 (KHTML, like Gecko) Chrome/56.0.2924.87 Safari/537.36"
94.72.101.21 - - [02/Nov/2024:20:15:19 +0000] "GET /demo/api/info.php HTTP/1.1" 404 564 "-" "Mozilla/5.0 (Macintosh; Intel Mac OS X 10_12_3) AppleWebKit/537.36 (KHTML, like Gecko) Chrome/56.0.2924.87 Safari/537.36"
94.72.101.21 - - [02/Nov/2024:20:15:20 +0000] "GET /demo/backend/info.php HTTP/1.1" 404 564 "-" "Mozilla/5.0 (Macintosh; Intel Mac OS X 10_12_3) AppleWebKit/537.36 (KHTML, like Gecko) Chrome/56.0.2924.87 Safari/537.36"
94.72.101.21 - - [02/Nov/2024:20:15:20 +0000] "GET /demo/backup/info.php HTTP/1.1" 404 564 "-" "Mozilla/5.0 (Macintosh; Intel Mac OS X 10_12_3) AppleWebKit/537.36 (KHTML, like Gecko) Chrome/56.0.2924.87 Safari/537.36"
94.72.101.21 - - [02/Nov/2024:20:15:21 +0000] "GET /demo/crm/info.php HTTP/1.1" 404 564 "-" "Mozilla/5.0 (Macintosh; Intel Mac OS X 10_12_3) AppleWebKit/537.36 (KHTML, like Gecko) Chrome/56.0.2924.87 Safari/537.36"
94.72.101.21 - - [02/Nov/2024:20:15:21 +0000] "GET /demo/current/info.php HTTP/1.1" 404 564 "-" "Mozilla/5.0 (Macintosh; Intel Mac OS X 10_12_3) AppleWebKit/537.36 (KHTML, like Gecko) Chrome/56.0.2924.87 Safari/537.36"
94.72.101.21 - - [02/Nov/2024:20:15:21 +0000] "GET /demo/dev/info.php HTTP/1.1" 404 564 "-" "Mozilla/5.0 (Macintosh; Intel Mac OS X 10_12_3) AppleWebKit/537.36 (KHTML, like Gecko) Chrome/56.0.2924.87 Safari/537.36"
94.72.101.21 - - [02/Nov/2024:20:15:21 +0000] "GET /demo/develop/info.php HTTP/1.1" 404 564 "-" "Mozilla/5.0 (Macintosh; Intel Mac OS X 10_12_3) AppleWebKit/537.36 (KHTML, like Gecko) Chrome/56.0.2924.87 Safari/537.36"
94.72.101.21 - - [02/Nov/2024:20:15:21 +0000] "GET /demo/development/iinfo.php HTTP/1.1" 404 564 "-" "Mozilla/5.0 (Macintosh; Intel Mac OS X 10_12_3) AppleWebKit/537.36 (KHTML, like Gecko) Chrome/56.0.2924.87 Safari/537.36"
94.72.101.21 - - [02/Nov/2024:20:15:22 +0000] "GET /demo/help/info.php HTTP/1.1" 404 564 "-" "Mozilla/5.0 (Macintosh; Intel Mac OS X 10_12_3) AppleWebKit/537.36 (KHTML, like Gecko) Chrome/56.0.2924.87 Safari/537.36"
94.72.101.21 - - [02/Nov/2024:20:15:22 +0000] "GET /demo/helper/info.php HTTP/1.1" 404 564 "-" "Mozilla/5.0 (Macintosh; Intel Mac OS X 10_12_3) AppleWebKit/537.36 (KHTML, like Gecko) Chrome/56.0.2924.87 Safari/537.36"
94.72.101.21 - - [02/Nov/2024:20:15:22 +0000] "GET /demo/lara/info.php HTTP/1.1" 404 564 "-" "Mozilla/5.0 (Macintosh; Intel Mac OS X 10_12_3) AppleWebKit/537.36 (KHTML, like Gecko) Chrome/56.0.2924.87 Safari/537.36"
94.72.101.21 - - [02/Nov/2024:20:15:22 +0000] "GET /demo/laravel/info.php HTTP/1.1" 404 564 "-" "Mozilla/5.0 (Macintosh; Intel Mac OS X 10_12_3) AppleWebKit/537.36 (KHTML, like Gecko) Chrome/56.0.2924.87 Safari/537.36"
94.72.101.21 - - [02/Nov/2024:20:15:23 +0000] "GET /demo/server/info.php HTTP/1.1" 404 564 "-" "Mozilla/5.0 (Macintosh; Intel Mac OS X 10_12_3) AppleWebKit/537.36 (KHTML, like Gecko) Chrome/56.0.2924.87 Safari/537.36"
94.72.101.21 - - [02/Nov/2024:20:15:23 +0000] "GET /demo/service/info.php HTTP/1.1" 404 564 "-" "Mozilla/5.0 (Macintosh; Intel Mac OS X 10_12_3) AppleWebKit/537.36 (KHTML, like Gecko) Chrome/56.0.2924.87 Safari/537.36"
94.72.101.21 - - [02/Nov/2024:20:15:23 +0000] "GET /demo/services/info.php HTTP/1.1" 404 564 "-" "Mozilla/5.0 (Macintosh; Intel Mac OS X 10_12_3) AppleWebKit/537.36 (KHTML, like Gecko) Chrome/56.0.2924.87 Safari/537.36"
94.72.101.21 - - [02/Nov/2024:20:15:23 +0000] "GET /demo/php-info.php HTTP/1.1" 404 564 "-" "Mozilla/5.0 (Macintosh; Intel Mac OS X 10_12_3) AppleWebKit/537.36 (KHTML, like Gecko) Chrome/56.0.2924.87 Safari/537.36"
94.72.101.21 - - [02/Nov/2024:20:15:24 +0000] "GET /demo/linusadmin-phpinfo.php HTTP/1.1" 404 564 "-" "Mozilla/5.0 (Macintosh; Intel Mac OS X 10_12_3) AppleWebKit/537.36 (KHTML, like Gecko) Chrome/56.0.2924.87 Safari/537.36"
94.72.101.21 - - [02/Nov/2024:20:15:24 +0000] "GET /demo/infos.php HTTP/1.1" 404 564 "-" "Mozilla/5.0 (Macintosh; Intel Mac OS X 10_12_3) AppleWebKit/537.36 (KHTML, like Gecko) Chrome/56.0.2924.87 Safari/537.36"
94.72.101.21 - - [02/Nov/2024:20:15:24 +0000] "GET /demo/old_phpinfo.php HTTP/1.1" 404 564 "-" "Mozilla/5.0 (Macintosh; Intel Mac OS X 10_12_3) AppleWebKit/537.36 (KHTML, like Gecko) Chrome/56.0.2924.87 Safari/537.36"
94.72.101.21 - - [02/Nov/2024:20:15:25 +0000] "GET /demo/temp.php HTTP/1.1" 404 564 "-" "Mozilla/5.0 (Macintosh; Intel Mac OS X 10_12_3) AppleWebKit/537.36 (KHTML, like Gecko) Chrome/56.0.2924.87 Safari/537.36"
94.72.101.21 - - [02/Nov/2024:20:15:26 +0000] "GET /demo/time.php HTTP/1.1" 404 564 "-" "Mozilla/5.0 (Macintosh; Intel Mac OS X 10_12_3) AppleWebKit/537.36 (KHTML, like Gecko) Chrome/56.0.2924.87 Safari/537.36"
94.72.101.21 - - [02/Nov/2024:20:15:26 +0000] "GET /demo/phpversion.php HTTP/1.1" 404 564 "-" "Mozilla/5.0 (Macintosh; Intel Mac OS X 10_12_3) AppleWebKit/537.36 (KHTML, like Gecko) Chrome/56.0.2924.87 Safari/537.36"
94.72.101.21 - - [02/Nov/2024:20:15:26 +0000] "GET /demo/pinfo.php HTTP/1.1" 404 564 "-" "Mozilla/5.0 (Macintosh; Intel Mac OS X 10_12_3) AppleWebKit/537.36 (KHTML, like Gecko) Chrome/56.0.2924.87 Safari/537.36"
94.72.101.21 - - [02/Nov/2024:20:15:26 +0000] "GET /demo/i.php HTTP/1.1" 404 564 "-" "Mozilla/5.0 (Macintosh; Intel Mac OS X 10_12_3) AppleWebKit/537.36 (KHTML, like Gecko) Chrome/56.0.2924.87 Safari/537.36"
94.72.101.21 - - [02/Nov/2024:20:15:27 +0000] "GET /demo/asdf.php HTTP/1.1" 404 564 "-" "Mozilla/5.0 (Macintosh; Intel Mac OS X 10_12_3) AppleWebKit/537.36 (KHTML, like Gecko) Chrome/56.0.2924.87 Safari/537.36"
94.72.101.21 - - [02/Nov/2024:20:15:27 +0000] "GET /deploy/xampp/info.php HTTP/1.1" 404 564 "-" "Mozilla/5.0 (Macintosh; Intel Mac OS X 10_12_3) AppleWebKit/537.36 (KHTML, like Gecko) Chrome/56.0.2924.87 Safari/537.36"
94.72.101.21 - - [02/Nov/2024:20:15:27 +0000] "GET /deploy/xampp/phpinfo HTTP/1.1" 404 564 "-" "Mozilla/5.0 (Macintosh; Intel Mac OS X 10_12_3) AppleWebKit/537.36 (KHTML, like Gecko) Chrome/56.0.2924.87 Safari/537.36"
94.72.101.21 - - [02/Nov/2024:20:15:27 +0000] "GET /deploy/_profiler/phpinfo HTTP/1.1" 404 564 "-" "Mozilla/5.0 (Macintosh; Intel Mac OS X 10_12_3) AppleWebKit/537.36 (KHTML, like Gecko) Chrome/56.0.2924.87 Safari/537.36"
94.72.101.21 - - [02/Nov/2024:20:15:27 +0000] "GET /deploy/phpinfo.php HTTP/1.1" 404 564 "-" "Mozilla/5.0 (Macintosh; Intel Mac OS X 10_12_3) AppleWebKit/537.36 (KHTML, like Gecko) Chrome/56.0.2924.87 Safari/537.36"
94.72.101.21 - - [02/Nov/2024:20:15:28 +0000] "GET /deploy/phpinfo HTTP/1.1" 404 564 "-" "Mozilla/5.0 (Macintosh; Intel Mac OS X 10_12_3) AppleWebKit/537.36 (KHTML, like Gecko) Chrome/56.0.2924.87 Safari/537.36"
94.72.101.21 - - [02/Nov/2024:20:15:28 +0000] "GET /deploy/info.php HTTP/1.1" 404 564 "-" "Mozilla/5.0 (Macintosh; Intel Mac OS X 10_12_3) AppleWebKit/537.36 (KHTML, like Gecko) Chrome/56.0.2924.87 Safari/537.36"
94.72.101.21 - - [02/Nov/2024:20:15:28 +0000] "GET /deploy/php.ini HTTP/1.1" 404 564 "-" "Mozilla/5.0 (Macintosh; Intel Mac OS X 10_12_3) AppleWebKit/537.36 (KHTML, like Gecko) Chrome/56.0.2924.87 Safari/537.36"
94.72.101.21 - - [02/Nov/2024:20:15:29 +0000] "GET /deploy/php.php HTTP/1.1" 404 564 "-" "Mozilla/5.0 (Macintosh; Intel Mac OS X 10_12_3) AppleWebKit/537.36 (KHTML, like Gecko) Chrome/56.0.2924.87 Safari/537.36"
94.72.101.21 - - [02/Nov/2024:20:15:29 +0000] "GET /deploy/infophp.php HTTP/1.1" 404 564 "-" "Mozilla/5.0 (Macintosh; Intel Mac OS X 10_12_3) AppleWebKit/537.36 (KHTML, like Gecko) Chrome/56.0.2924.87 Safari/537.36"
94.72.101.21 - - [02/Nov/2024:20:15:29 +0000] "GET /deploy/test.php HTTP/1.1" 404 564 "-" "Mozilla/5.0 (Macintosh; Intel Mac OS X 10_12_3) AppleWebKit/537.36 (KHTML, like Gecko) Chrome/56.0.2924.87 Safari/537.36"
94.72.101.21 - - [02/Nov/2024:20:15:29 +0000] "GET /deploy/dashboard/phpinfo.php HTTP/1.1" 404 564 "-" "Mozilla/5.0 (Macintosh; Intel Mac OS X 10_12_3) AppleWebKit/537.36 (KHTML, like Gecko) Chrome/56.0.2924.87 Safari/537.36"
94.72.101.21 - - [02/Nov/2024:20:15:29 +0000] "GET /deploy/api/phpinfo.php HTTP/1.1" 404 564 "-" "Mozilla/5.0 (Macintosh; Intel Mac OS X 10_12_3) AppleWebKit/537.36 (KHTML, like Gecko) Chrome/56.0.2924.87 Safari/537.36"
94.72.101.21 - - [02/Nov/2024:20:15:30 +0000] "GET /deploy/backend/phpinfo.php HTTP/1.1" 404 564 "-" "Mozilla/5.0 (Macintosh; Intel Mac OS X 10_12_3) AppleWebKit/537.36 (KHTML, like Gecko) Chrome/56.0.2924.87 Safari/537.36"
94.72.101.21 - - [02/Nov/2024:20:15:30 +0000] "GET /deploy/backup/phpinfo.php HTTP/1.1" 404 564 "-" "Mozilla/5.0 (Macintosh; Intel Mac OS X 10_12_3) AppleWebKit/537.36 (KHTML, like Gecko) Chrome/56.0.2924.87 Safari/537.36"
94.72.101.21 - - [02/Nov/2024:20:15:30 +0000] "GET /deploy/crm/phpinfo.php HTTP/1.1" 404 564 "-" "Mozilla/5.0 (Macintosh; Intel Mac OS X 10_12_3) AppleWebKit/537.36 (KHTML, like Gecko) Chrome/56.0.2924.87 Safari/537.36"
94.72.101.21 - - [02/Nov/2024:20:15:31 +0000] "GET /deploy/current/phpinfo.php HTTP/1.1" 404 564 "-" "Mozilla/5.0 (Macintosh; Intel Mac OS X 10_12_3) AppleWebKit/537.36 (KHTML, like Gecko) Chrome/56.0.2924.87 Safari/537.36"
94.72.101.21 - - [02/Nov/2024:20:15:31 +0000] "GET /deploy/dev/phpinfo.php HTTP/1.1" 404 564 "-" "Mozilla/5.0 (Macintosh; Intel Mac OS X 10_12_3) AppleWebKit/537.36 (KHTML, like Gecko) Chrome/56.0.2924.87 Safari/537.36"
94.72.101.21 - - [02/Nov/2024:20:15:31 +0000] "GET /deploy/develop/phpinfo.php HTTP/1.1" 404 564 "-" "Mozilla/5.0 (Macintosh; Intel Mac OS X 10_12_3) AppleWebKit/537.36 (KHTML, like Gecko) Chrome/56.0.2924.87 Safari/537.36"
94.72.101.21 - - [02/Nov/2024:20:15:32 +0000] "GET /deploy/development/phpinfo.php HTTP/1.1" 404 564 "-" "Mozilla/5.0 (Macintosh; Intel Mac OS X 10_12_3) AppleWebKit/537.36 (KHTML, like Gecko) Chrome/56.0.2924.87 Safari/537.36"
94.72.101.21 - - [02/Nov/2024:20:15:32 +0000] "GET /deploy/help/phpinfo.php HTTP/1.1" 404 564 "-" "Mozilla/5.0 (Macintosh; Intel Mac OS X 10_12_3) AppleWebKit/537.36 (KHTML, like Gecko) Chrome/56.0.2924.87 Safari/537.36"
94.72.101.21 - - [02/Nov/2024:20:15:32 +0000] "GET /deploy/helper/phpinfo.php HTTP/1.1" 404 564 "-" "Mozilla/5.0 (Macintosh; Intel Mac OS X 10_12_3) AppleWebKit/537.36 (KHTML, like Gecko) Chrome/56.0.2924.87 Safari/537.36"
94.72.101.21 - - [02/Nov/2024:20:15:32 +0000] "GET /deploy/lara/phpinfo.php HTTP/1.1" 404 564 "-" "Mozilla/5.0 (Macintosh; Intel Mac OS X 10_12_3) AppleWebKit/537.36 (KHTML, like Gecko) Chrome/56.0.2924.87 Safari/537.36"
94.72.101.21 - - [02/Nov/2024:20:15:33 +0000] "GET /deploy/laravel/phpinfo.php HTTP/1.1" 404 564 "-" "Mozilla/5.0 (Macintosh; Intel Mac OS X 10_12_3) AppleWebKit/537.36 (KHTML, like Gecko) Chrome/56.0.2924.87 Safari/537.36"
94.72.101.21 - - [02/Nov/2024:20:15:33 +0000] "GET /deploy/server/phpinfo.php HTTP/1.1" 404 564 "-" "Mozilla/5.0 (Macintosh; Intel Mac OS X 10_12_3) AppleWebKit/537.36 (KHTML, like Gecko) Chrome/56.0.2924.87 Safari/537.36"
94.72.101.21 - - [02/Nov/2024:20:15:33 +0000] "GET /deploy/service/phpinfo.php HTTP/1.1" 404 564 "-" "Mozilla/5.0 (Macintosh; Intel Mac OS X 10_12_3) AppleWebKit/537.36 (KHTML, like Gecko) Chrome/56.0.2924.87 Safari/537.36"
94.72.101.21 - - [02/Nov/2024:20:15:34 +0000] "GET /deploy/services/phpinfo.php HTTP/1.1" 404 564 "-" "Mozilla/5.0 (Macintosh; Intel Mac OS X 10_12_3) AppleWebKit/537.36 (KHTML, like Gecko) Chrome/56.0.2924.87 Safari/537.36"
94.72.101.21 - - [02/Nov/2024:20:15:34 +0000] "GET /deploy/xampp/phpinfo.php HTTP/1.1" 404 564 "-" "Mozilla/5.0 (Macintosh; Intel Mac OS X 10_12_3) AppleWebKit/537.36 (KHTML, like Gecko) Chrome/56.0.2924.87 Safari/537.36"
94.72.101.21 - - [02/Nov/2024:20:15:34 +0000] "GET /deploy/api/info.php HTTP/1.1" 404 564 "-" "Mozilla/5.0 (Macintosh; Intel Mac OS X 10_12_3) AppleWebKit/537.36 (KHTML, like Gecko) Chrome/56.0.2924.87 Safari/537.36"
94.72.101.21 - - [02/Nov/2024:20:15:34 +0000] "GET /deploy/backend/info.php HTTP/1.1" 404 564 "-" "Mozilla/5.0 (Macintosh; Intel Mac OS X 10_12_3) AppleWebKit/537.36 (KHTML, like Gecko) Chrome/56.0.2924.87 Safari/537.36"
94.72.101.21 - - [02/Nov/2024:20:15:35 +0000] "GET /deploy/backup/info.php HTTP/1.1" 404 564 "-" "Mozilla/5.0 (Macintosh; Intel Mac OS X 10_12_3) AppleWebKit/537.36 (KHTML, like Gecko) Chrome/56.0.2924.87 Safari/537.36"
94.72.101.21 - - [02/Nov/2024:20:15:35 +0000] "GET /deploy/crm/info.php HTTP/1.1" 404 564 "-" "Mozilla/5.0 (Macintosh; Intel Mac OS X 10_12_3) AppleWebKit/537.36 (KHTML, like Gecko) Chrome/56.0.2924.87 Safari/537.36"
94.72.101.21 - - [02/Nov/2024:20:15:35 +0000] "GET /deploy/current/info.php HTTP/1.1" 404 564 "-" "Mozilla/5.0 (Macintosh; Intel Mac OS X 10_12_3) AppleWebKit/537.36 (KHTML, like Gecko) Chrome/56.0.2924.87 Safari/537.36"
94.72.101.21 - - [02/Nov/2024:20:15:36 +0000] "GET /deploy/dev/info.php HTTP/1.1" 404 564 "-" "Mozilla/5.0 (Macintosh; Intel Mac OS X 10_12_3) AppleWebKit/537.36 (KHTML, like Gecko) Chrome/56.0.2924.87 Safari/537.36"
94.72.101.21 - - [02/Nov/2024:20:15:36 +0000] "GET /deploy/develop/info.php HTTP/1.1" 404 564 "-" "Mozilla/5.0 (Macintosh; Intel Mac OS X 10_12_3) AppleWebKit/537.36 (KHTML, like Gecko) Chrome/56.0.2924.87 Safari/537.36"
94.72.101.21 - - [02/Nov/2024:20:15:36 +0000] "GET /deploy/development/iinfo.php HTTP/1.1" 404 564 "-" "Mozilla/5.0 (Macintosh; Intel Mac OS X 10_12_3) AppleWebKit/537.36 (KHTML, like Gecko) Chrome/56.0.2924.87 Safari/537.36"
94.72.101.21 - - [02/Nov/2024:20:15:37 +0000] "GET /deploy/help/info.php HTTP/1.1" 404 564 "-" "Mozilla/5.0 (Macintosh; Intel Mac OS X 10_12_3) AppleWebKit/537.36 (KHTML, like Gecko) Chrome/56.0.2924.87 Safari/537.36"
94.72.101.21 - - [02/Nov/2024:20:15:37 +0000] "GET /deploy/helper/info.php HTTP/1.1" 404 564 "-" "Mozilla/5.0 (Macintosh; Intel Mac OS X 10_12_3) AppleWebKit/537.36 (KHTML, like Gecko) Chrome/56.0.2924.87 Safari/537.36"
94.72.101.21 - - [02/Nov/2024:20:15:37 +0000] "GET /deploy/lara/info.php HTTP/1.1" 404 564 "-" "Mozilla/5.0 (Macintosh; Intel Mac OS X 10_12_3) AppleWebKit/537.36 (KHTML, like Gecko) Chrome/56.0.2924.87 Safari/537.36"
94.72.101.21 - - [02/Nov/2024:20:15:37 +0000] "GET /deploy/laravel/info.php HTTP/1.1" 404 564 "-" "Mozilla/5.0 (Macintosh; Intel Mac OS X 10_12_3) AppleWebKit/537.36 (KHTML, like Gecko) Chrome/56.0.2924.87 Safari/537.36"
94.72.101.21 - - [02/Nov/2024:20:15:37 +0000] "GET /deploy/server/info.php HTTP/1.1" 404 564 "-" "Mozilla/5.0 (Macintosh; Intel Mac OS X 10_12_3) AppleWebKit/537.36 (KHTML, like Gecko) Chrome/56.0.2924.87 Safari/537.36"
94.72.101.21 - - [02/Nov/2024:20:15:37 +0000] "GET /deploy/service/info.php HTTP/1.1" 404 564 "-" "Mozilla/5.0 (Macintosh; Intel Mac OS X 10_12_3) AppleWebKit/537.36 (KHTML, like Gecko) Chrome/56.0.2924.87 Safari/537.36"
94.72.101.21 - - [02/Nov/2024:20:15:38 +0000] "GET /deploy/services/info.php HTTP/1.1" 404 564 "-" "Mozilla/5.0 (Macintosh; Intel Mac OS X 10_12_3) AppleWebKit/537.36 (KHTML, like Gecko) Chrome/56.0.2924.87 Safari/537.36"
94.72.101.21 - - [02/Nov/2024:20:15:38 +0000] "GET /deploy/php-info.php HTTP/1.1" 404 564 "-" "Mozilla/5.0 (Macintosh; Intel Mac OS X 10_12_3) AppleWebKit/537.36 (KHTML, like Gecko) Chrome/56.0.2924.87 Safari/537.36"
94.72.101.21 - - [02/Nov/2024:20:15:38 +0000] "GET /deploy/linusadmin-phpinfo.php HTTP/1.1" 404 564 "-" "Mozilla/5.0 (Macintosh; Intel Mac OS X 10_12_3) AppleWebKit/537.36 (KHTML, like Gecko) Chrome/56.0.2924.87 Safari/537.36"
94.72.101.21 - - [02/Nov/2024:20:15:39 +0000] "GET /deploy/infos.php HTTP/1.1" 404 564 "-" "Mozilla/5.0 (Macintosh; Intel Mac OS X 10_12_3) AppleWebKit/537.36 (KHTML, like Gecko) Chrome/56.0.2924.87 Safari/537.36"
94.72.101.21 - - [02/Nov/2024:20:15:39 +0000] "GET /deploy/old_phpinfo.php HTTP/1.1" 404 564 "-" "Mozilla/5.0 (Macintosh; Intel Mac OS X 10_12_3) AppleWebKit/537.36 (KHTML, like Gecko) Chrome/56.0.2924.87 Safari/537.36"
94.72.101.21 - - [02/Nov/2024:20:15:41 +0000] "GET /deploy/temp.php HTTP/1.1" 404 564 "-" "Mozilla/5.0 (Macintosh; Intel Mac OS X 10_12_3) AppleWebKit/537.36 (KHTML, like Gecko) Chrome/56.0.2924.87 Safari/537.36"
94.72.101.21 - - [02/Nov/2024:20:15:41 +0000] "GET /deploy/time.php HTTP/1.1" 404 564 "-" "Mozilla/5.0 (Macintosh; Intel Mac OS X 10_12_3) AppleWebKit/537.36 (KHTML, like Gecko) Chrome/56.0.2924.87 Safari/537.36"
94.72.101.21 - - [02/Nov/2024:20:15:41 +0000] "GET /deploy/phpversion.php HTTP/1.1" 404 564 "-" "Mozilla/5.0 (Macintosh; Intel Mac OS X 10_12_3) AppleWebKit/537.36 (KHTML, like Gecko) Chrome/56.0.2924.87 Safari/537.36"
94.72.101.21 - - [02/Nov/2024:20:15:41 +0000] "GET /deploy/pinfo.php HTTP/1.1" 404 564 "-" "Mozilla/5.0 (Macintosh; Intel Mac OS X 10_12_3) AppleWebKit/537.36 (KHTML, like Gecko) Chrome/56.0.2924.87 Safari/537.36"
94.72.101.21 - - [02/Nov/2024:20:15:41 +0000] "GET /deploy/i.php HTTP/1.1" 404 564 "-" "Mozilla/5.0 (Macintosh; Intel Mac OS X 10_12_3) AppleWebKit/537.36 (KHTML, like Gecko) Chrome/56.0.2924.87 Safari/537.36"
94.72.101.21 - - [02/Nov/2024:20:15:42 +0000] "GET /deploy/asdf.php HTTP/1.1" 404 564 "-" "Mozilla/5.0 (Macintosh; Intel Mac OS X 10_12_3) AppleWebKit/537.36 (KHTML, like Gecko) Chrome/56.0.2924.87 Safari/537.36"
94.72.101.21 - - [02/Nov/2024:20:15:42 +0000] "GET /deployment/xampp/info.php HTTP/1.1" 404 564 "-" "Mozilla/5.0 (Macintosh; Intel Mac OS X 10_12_3) AppleWebKit/537.36 (KHTML, like Gecko) Chrome/56.0.2924.87 Safari/537.36"
94.72.101.21 - - [02/Nov/2024:20:15:42 +0000] "GET /deployment/xampp/phpinfo HTTP/1.1" 404 564 "-" "Mozilla/5.0 (Macintosh; Intel Mac OS X 10_12_3) AppleWebKit/537.36 (KHTML, like Gecko) Chrome/56.0.2924.87 Safari/537.36"
94.72.101.21 - - [02/Nov/2024:20:15:42 +0000] "GET /deployment/_profiler/phpinfo HTTP/1.1" 404 564 "-" "Mozilla/5.0 (Macintosh; Intel Mac OS X 10_12_3) AppleWebKit/537.36 (KHTML, like Gecko) Chrome/56.0.2924.87 Safari/537.36"
94.72.101.21 - - [02/Nov/2024:20:15:42 +0000] "GET /deployment/phpinfo.php HTTP/1.1" 404 564 "-" "Mozilla/5.0 (Macintosh; Intel Mac OS X 10_12_3) AppleWebKit/537.36 (KHTML, like Gecko) Chrome/56.0.2924.87 Safari/537.36"
94.72.101.21 - - [02/Nov/2024:20:15:42 +0000] "GET /deployment/phpinfo HTTP/1.1" 404 564 "-" "Mozilla/5.0 (Macintosh; Intel Mac OS X 10_12_3) AppleWebKit/537.36 (KHTML, like Gecko) Chrome/56.0.2924.87 Safari/537.36"
94.72.101.21 - - [02/Nov/2024:20:15:43 +0000] "GET /deployment/info.php HTTP/1.1" 404 564 "-" "Mozilla/5.0 (Macintosh; Intel Mac OS X 10_12_3) AppleWebKit/537.36 (KHTML, like Gecko) Chrome/56.0.2924.87 Safari/537.36"
94.72.101.21 - - [02/Nov/2024:20:15:43 +0000] "GET /deployment/php.ini HTTP/1.1" 404 564 "-" "Mozilla/5.0 (Macintosh; Intel Mac OS X 10_12_3) AppleWebKit/537.36 (KHTML, like Gecko) Chrome/56.0.2924.87 Safari/537.36"
94.72.101.21 - - [02/Nov/2024:20:15:43 +0000] "GET /deployment/php.php HTTP/1.1" 404 564 "-" "Mozilla/5.0 (Macintosh; Intel Mac OS X 10_12_3) AppleWebKit/537.36 (KHTML, like Gecko) Chrome/56.0.2924.87 Safari/537.36"
94.72.101.21 - - [02/Nov/2024:20:15:44 +0000] "GET /deployment/infophp.php HTTP/1.1" 404 564 "-" "Mozilla/5.0 (Macintosh; Intel Mac OS X 10_12_3) AppleWebKit/537.36 (KHTML, like Gecko) Chrome/56.0.2924.87 Safari/537.36"
94.72.101.21 - - [02/Nov/2024:20:15:45 +0000] "GET /deployment/test.php HTTP/1.1" 404 564 "-" "Mozilla/5.0 (Macintosh; Intel Mac OS X 10_12_3) AppleWebKit/537.36 (KHTML, like Gecko) Chrome/56.0.2924.87 Safari/537.36"
94.72.101.21 - - [02/Nov/2024:20:15:45 +0000] "GET /deployment/dashboard/phpinfo.php HTTP/1.1" 404 564 "-" "Mozilla/5.0 (Macintosh; Intel Mac OS X 10_12_3) AppleWebKit/537.36 (KHTML, like Gecko) Chrome/56.0.2924.87 Safari/537.36"
94.72.101.21 - - [02/Nov/2024:20:15:45 +0000] "GET /deployment/api/phpinfo.php HTTP/1.1" 404 564 "-" "Mozilla/5.0 (Macintosh; Intel Mac OS X 10_12_3) AppleWebKit/537.36 (KHTML, like Gecko) Chrome/56.0.2924.87 Safari/537.36"
94.72.101.21 - - [02/Nov/2024:20:15:46 +0000] "GET /deployment/backend/phpinfo.php HTTP/1.1" 404 564 "-" "Mozilla/5.0 (Macintosh; Intel Mac OS X 10_12_3) AppleWebKit/537.36 (KHTML, like Gecko) Chrome/56.0.2924.87 Safari/537.36"
94.72.101.21 - - [02/Nov/2024:20:15:47 +0000] "GET /deployment/backup/phpinfo.php HTTP/1.1" 404 564 "-" "Mozilla/5.0 (Macintosh; Intel Mac OS X 10_12_3) AppleWebKit/537.36 (KHTML, like Gecko) Chrome/56.0.2924.87 Safari/537.36"
94.72.101.21 - - [02/Nov/2024:20:15:47 +0000] "GET /deployment/crm/phpinfo.php HTTP/1.1" 404 564 "-" "Mozilla/5.0 (Macintosh; Intel Mac OS X 10_12_3) AppleWebKit/537.36 (KHTML, like Gecko) Chrome/56.0.2924.87 Safari/537.36"
94.72.101.21 - - [02/Nov/2024:20:15:47 +0000] "GET /deployment/current/phpinfo.php HTTP/1.1" 404 564 "-" "Mozilla/5.0 (Macintosh; Intel Mac OS X 10_12_3) AppleWebKit/537.36 (KHTML, like Gecko) Chrome/56.0.2924.87 Safari/537.36"
94.72.101.21 - - [02/Nov/2024:20:15:48 +0000] "GET /deployment/dev/phpinfo.php HTTP/1.1" 404 564 "-" "Mozilla/5.0 (Macintosh; Intel Mac OS X 10_12_3) AppleWebKit/537.36 (KHTML, like Gecko) Chrome/56.0.2924.87 Safari/537.36"
94.72.101.21 - - [02/Nov/2024:20:15:48 +0000] "GET /deployment/develop/phpinfo.php HTTP/1.1" 404 564 "-" "Mozilla/5.0 (Macintosh; Intel Mac OS X 10_12_3) AppleWebKit/537.36 (KHTML, like Gecko) Chrome/56.0.2924.87 Safari/537.36"
94.72.101.21 - - [02/Nov/2024:20:15:48 +0000] "GET /deployment/development/phpinfo.php HTTP/1.1" 404 564 "-" "Mozilla/5.0 (Macintosh; Intel Mac OS X 10_12_3) AppleWebKit/537.36 (KHTML, like Gecko) Chrome/56.0.2924.87 Safari/537.36"
94.72.101.21 - - [02/Nov/2024:20:15:48 +0000] "GET /deployment/help/phpinfo.php HTTP/1.1" 404 564 "-" "Mozilla/5.0 (Macintosh; Intel Mac OS X 10_12_3) AppleWebKit/537.36 (KHTML, like Gecko) Chrome/56.0.2924.87 Safari/537.36"
94.72.101.21 - - [02/Nov/2024:20:15:49 +0000] "GET /deployment/helper/phpinfo.php HTTP/1.1" 404 564 "-" "Mozilla/5.0 (Macintosh; Intel Mac OS X 10_12_3) AppleWebKit/537.36 (KHTML, like Gecko) Chrome/56.0.2924.87 Safari/537.36"
94.72.101.21 - - [02/Nov/2024:20:15:49 +0000] "GET /deployment/lara/phpinfo.php HTTP/1.1" 404 564 "-" "Mozilla/5.0 (Macintosh; Intel Mac OS X 10_12_3) AppleWebKit/537.36 (KHTML, like Gecko) Chrome/56.0.2924.87 Safari/537.36"
94.72.101.21 - - [02/Nov/2024:20:15:49 +0000] "GET /deployment/laravel/phpinfo.php HTTP/1.1" 404 564 "-" "Mozilla/5.0 (Macintosh; Intel Mac OS X 10_12_3) AppleWebKit/537.36 (KHTML, like Gecko) Chrome/56.0.2924.87 Safari/537.36"
94.72.101.21 - - [02/Nov/2024:20:15:49 +0000] "GET /deployment/server/phpinfo.php HTTP/1.1" 404 564 "-" "Mozilla/5.0 (Macintosh; Intel Mac OS X 10_12_3) AppleWebKit/537.36 (KHTML, like Gecko) Chrome/56.0.2924.87 Safari/537.36"
94.72.101.21 - - [02/Nov/2024:20:15:49 +0000] "GET /deployment/service/phpinfo.php HTTP/1.1" 404 564 "-" "Mozilla/5.0 (Macintosh; Intel Mac OS X 10_12_3) AppleWebKit/537.36 (KHTML, like Gecko) Chrome/56.0.2924.87 Safari/537.36"
94.72.101.21 - - [02/Nov/2024:20:15:50 +0000] "GET /deployment/services/phpinfo.php HTTP/1.1" 404 564 "-" "Mozilla/5.0 (Macintosh; Intel Mac OS X 10_12_3) AppleWebKit/537.36 (KHTML, like Gecko) Chrome/56.0.2924.87 Safari/537.36"
94.72.101.21 - - [02/Nov/2024:20:15:51 +0000] "GET /deployment/xampp/phpinfo.php HTTP/1.1" 404 564 "-" "Mozilla/5.0 (Macintosh; Intel Mac OS X 10_12_3) AppleWebKit/537.36 (KHTML, like Gecko) Chrome/56.0.2924.87 Safari/537.36"
94.72.101.21 - - [02/Nov/2024:20:15:51 +0000] "GET /deployment/api/info.php HTTP/1.1" 404 564 "-" "Mozilla/5.0 (Macintosh; Intel Mac OS X 10_12_3) AppleWebKit/537.36 (KHTML, like Gecko) Chrome/56.0.2924.87 Safari/537.36"
94.72.101.21 - - [02/Nov/2024:20:15:51 +0000] "GET /deployment/backend/info.php HTTP/1.1" 404 564 "-" "Mozilla/5.0 (Macintosh; Intel Mac OS X 10_12_3) AppleWebKit/537.36 (KHTML, like Gecko) Chrome/56.0.2924.87 Safari/537.36"
94.72.101.21 - - [02/Nov/2024:20:15:51 +0000] "GET /deployment/backup/info.php HTTP/1.1" 404 564 "-" "Mozilla/5.0 (Macintosh; Intel Mac OS X 10_12_3) AppleWebKit/537.36 (KHTML, like Gecko) Chrome/56.0.2924.87 Safari/537.36"
94.72.101.21 - - [02/Nov/2024:20:15:51 +0000] "GET /deployment/crm/info.php HTTP/1.1" 404 564 "-" "Mozilla/5.0 (Macintosh; Intel Mac OS X 10_12_3) AppleWebKit/537.36 (KHTML, like Gecko) Chrome/56.0.2924.87 Safari/537.36"
94.72.101.21 - - [02/Nov/2024:20:15:51 +0000] "GET /deployment/current/info.php HTTP/1.1" 404 564 "-" "Mozilla/5.0 (Macintosh; Intel Mac OS X 10_12_3) AppleWebKit/537.36 (KHTML, like Gecko) Chrome/56.0.2924.87 Safari/537.36"
94.72.101.21 - - [02/Nov/2024:20:15:52 +0000] "GET /deployment/dev/info.php HTTP/1.1" 404 564 "-" "Mozilla/5.0 (Macintosh; Intel Mac OS X 10_12_3) AppleWebKit/537.36 (KHTML, like Gecko) Chrome/56.0.2924.87 Safari/537.36"
94.72.101.21 - - [02/Nov/2024:20:15:53 +0000] "GET /deployment/develop/info.php HTTP/1.1" 404 564 "-" "Mozilla/5.0 (Macintosh; Intel Mac OS X 10_12_3) AppleWebKit/537.36 (KHTML, like Gecko) Chrome/56.0.2924.87 Safari/537.36"
94.72.101.21 - - [02/Nov/2024:20:15:54 +0000] "GET /deployment/development/iinfo.php HTTP/1.1" 404 564 "-" "Mozilla/5.0 (Macintosh; Intel Mac OS X 10_12_3) AppleWebKit/537.36 (KHTML, like Gecko) Chrome/56.0.2924.87 Safari/537.36"
94.72.101.21 - - [02/Nov/2024:20:15:54 +0000] "GET /deployment/help/info.php HTTP/1.1" 404 564 "-" "Mozilla/5.0 (Macintosh; Intel Mac OS X 10_12_3) AppleWebKit/537.36 (KHTML, like Gecko) Chrome/56.0.2924.87 Safari/537.36"
94.72.101.21 - - [02/Nov/2024:20:15:55 +0000] "GET /deployment/helper/info.php HTTP/1.1" 404 564 "-" "Mozilla/5.0 (Macintosh; Intel Mac OS X 10_12_3) AppleWebKit/537.36 (KHTML, like Gecko) Chrome/56.0.2924.87 Safari/537.36"
94.72.101.21 - - [02/Nov/2024:20:15:55 +0000] "GET /deployment/lara/info.php HTTP/1.1" 404 564 "-" "Mozilla/5.0 (Macintosh; Intel Mac OS X 10_12_3) AppleWebKit/537.36 (KHTML, like Gecko) Chrome/56.0.2924.87 Safari/537.36"
94.72.101.21 - - [02/Nov/2024:20:15:55 +0000] "GET /deployment/laravel/info.php HTTP/1.1" 404 564 "-" "Mozilla/5.0 (Macintosh; Intel Mac OS X 10_12_3) AppleWebKit/537.36 (KHTML, like Gecko) Chrome/56.0.2924.87 Safari/537.36"
94.72.101.21 - - [02/Nov/2024:20:15:55 +0000] "GET /deployment/server/info.php HTTP/1.1" 404 564 "-" "Mozilla/5.0 (Macintosh; Intel Mac OS X 10_12_3) AppleWebKit/537.36 (KHTML, like Gecko) Chrome/56.0.2924.87 Safari/537.36"
94.72.101.21 - - [02/Nov/2024:20:15:56 +0000] "GET /deployment/service/info.php HTTP/1.1" 404 564 "-" "Mozilla/5.0 (Macintosh; Intel Mac OS X 10_12_3) AppleWebKit/537.36 (KHTML, like Gecko) Chrome/56.0.2924.87 Safari/537.36"
94.72.101.21 - - [02/Nov/2024:20:15:56 +0000] "GET /deployment/services/info.php HTTP/1.1" 404 564 "-" "Mozilla/5.0 (Macintosh; Intel Mac OS X 10_12_3) AppleWebKit/537.36 (KHTML, like Gecko) Chrome/56.0.2924.87 Safari/537.36"
94.72.101.21 - - [02/Nov/2024:20:15:56 +0000] "GET /deployment/php-info.php HTTP/1.1" 404 564 "-" "Mozilla/5.0 (Macintosh; Intel Mac OS X 10_12_3) AppleWebKit/537.36 (KHTML, like Gecko) Chrome/56.0.2924.87 Safari/537.36"
94.72.101.21 - - [02/Nov/2024:20:15:56 +0000] "GET /deployment/linusadmin-phpinfo.php HTTP/1.1" 404 564 "-" "Mozilla/5.0 (Macintosh; Intel Mac OS X 10_12_3) AppleWebKit/537.36 (KHTML, like Gecko) Chrome/56.0.2924.87 Safari/537.36"
94.72.101.21 - - [02/Nov/2024:20:15:56 +0000] "GET /deployment/infos.php HTTP/1.1" 404 564 "-" "Mozilla/5.0 (Macintosh; Intel Mac OS X 10_12_3) AppleWebKit/537.36 (KHTML, like Gecko) Chrome/56.0.2924.87 Safari/537.36"
94.72.101.21 - - [02/Nov/2024:20:15:56 +0000] "GET /deployment/old_phpinfo.php HTTP/1.1" 404 564 "-" "Mozilla/5.0 (Macintosh; Intel Mac OS X 10_12_3) AppleWebKit/537.36 (KHTML, like Gecko) Chrome/56.0.2924.87 Safari/537.36"
94.72.101.21 - - [02/Nov/2024:20:15:57 +0000] "GET /deployment/temp.php HTTP/1.1" 404 564 "-" "Mozilla/5.0 (Macintosh; Intel Mac OS X 10_12_3) AppleWebKit/537.36 (KHTML, like Gecko) Chrome/56.0.2924.87 Safari/537.36"
94.72.101.21 - - [02/Nov/2024:20:15:58 +0000] "GET /deployment/time.php HTTP/1.1" 404 564 "-" "Mozilla/5.0 (Macintosh; Intel Mac OS X 10_12_3) AppleWebKit/537.36 (KHTML, like Gecko) Chrome/56.0.2924.87 Safari/537.36"
94.72.101.21 - - [02/Nov/2024:20:15:59 +0000] "GET /deployment/phpversion.php HTTP/1.1" 404 564 "-" "Mozilla/5.0 (Macintosh; Intel Mac OS X 10_12_3) AppleWebKit/537.36 (KHTML, like Gecko) Chrome/56.0.2924.87 Safari/537.36"
94.72.101.21 - - [02/Nov/2024:20:16:00 +0000] "GET /deployment/pinfo.php HTTP/1.1" 404 564 "-" "Mozilla/5.0 (Macintosh; Intel Mac OS X 10_12_3) AppleWebKit/537.36 (KHTML, like Gecko) Chrome/56.0.2924.87 Safari/537.36"
94.72.101.21 - - [02/Nov/2024:20:16:00 +0000] "GET /deployment/i.php HTTP/1.1" 404 564 "-" "Mozilla/5.0 (Macintosh; Intel Mac OS X 10_12_3) AppleWebKit/537.36 (KHTML, like Gecko) Chrome/56.0.2924.87 Safari/537.36"
94.72.101.21 - - [02/Nov/2024:20:16:01 +0000] "GET /deployment/asdf.php HTTP/1.1" 404 564 "-" "Mozilla/5.0 (Macintosh; Intel Mac OS X 10_12_3) AppleWebKit/537.36 (KHTML, like Gecko) Chrome/56.0.2924.87 Safari/537.36"
94.72.101.21 - - [02/Nov/2024:20:16:01 +0000] "GET /dev/xampp/info.php HTTP/1.1" 404 564 "-" "Mozilla/5.0 (Macintosh; Intel Mac OS X 10_12_3) AppleWebKit/537.36 (KHTML, like Gecko) Chrome/56.0.2924.87 Safari/537.36"
94.72.101.21 - - [02/Nov/2024:20:16:01 +0000] "GET /dev/xampp/phpinfo HTTP/1.1" 404 564 "-" "Mozilla/5.0 (Macintosh; Intel Mac OS X 10_12_3) AppleWebKit/537.36 (KHTML, like Gecko) Chrome/56.0.2924.87 Safari/537.36"
94.72.101.21 - - [02/Nov/2024:20:16:02 +0000] "GET /dev/_profiler/phpinfo HTTP/1.1" 404 564 "-" "Mozilla/5.0 (Macintosh; Intel Mac OS X 10_12_3) AppleWebKit/537.36 (KHTML, like Gecko) Chrome/56.0.2924.87 Safari/537.36"
94.72.101.21 - - [02/Nov/2024:20:16:02 +0000] "GET /dev/phpinfo HTTP/1.1" 404 564 "-" "Mozilla/5.0 (Macintosh; Intel Mac OS X 10_12_3) AppleWebKit/537.36 (KHTML, like Gecko) Chrome/56.0.2924.87 Safari/537.36"
94.72.101.21 - - [02/Nov/2024:20:16:02 +0000] "GET /dev/php.ini HTTP/1.1" 404 564 "-" "Mozilla/5.0 (Macintosh; Intel Mac OS X 10_12_3) AppleWebKit/537.36 (KHTML, like Gecko) Chrome/56.0.2924.87 Safari/537.36"
94.72.101.21 - - [02/Nov/2024:20:16:02 +0000] "GET /dev/php.php HTTP/1.1" 404 564 "-" "Mozilla/5.0 (Macintosh; Intel Mac OS X 10_12_3) AppleWebKit/537.36 (KHTML, like Gecko) Chrome/56.0.2924.87 Safari/537.36"
94.72.101.21 - - [02/Nov/2024:20:16:02 +0000] "GET /dev/infophp.php HTTP/1.1" 404 564 "-" "Mozilla/5.0 (Macintosh; Intel Mac OS X 10_12_3) AppleWebKit/537.36 (KHTML, like Gecko) Chrome/56.0.2924.87 Safari/537.36"
94.72.101.21 - - [02/Nov/2024:20:16:02 +0000] "GET /dev/test.php HTTP/1.1" 404 564 "-" "Mozilla/5.0 (Macintosh; Intel Mac OS X 10_12_3) AppleWebKit/537.36 (KHTML, like Gecko) Chrome/56.0.2924.87 Safari/537.36"
94.72.101.21 - - [02/Nov/2024:20:16:03 +0000] "GET /dev/dashboard/phpinfo.php HTTP/1.1" 404 564 "-" "Mozilla/5.0 (Macintosh; Intel Mac OS X 10_12_3) AppleWebKit/537.36 (KHTML, like Gecko) Chrome/56.0.2924.87 Safari/537.36"
94.72.101.21 - - [02/Nov/2024:20:16:03 +0000] "GET /dev/api/phpinfo.php HTTP/1.1" 404 564 "-" "Mozilla/5.0 (Macintosh; Intel Mac OS X 10_12_3) AppleWebKit/537.36 (KHTML, like Gecko) Chrome/56.0.2924.87 Safari/537.36"
94.72.101.21 - - [02/Nov/2024:20:16:03 +0000] "GET /dev/backend/phpinfo.php HTTP/1.1" 404 564 "-" "Mozilla/5.0 (Macintosh; Intel Mac OS X 10_12_3) AppleWebKit/537.36 (KHTML, like Gecko) Chrome/56.0.2924.87 Safari/537.36"
94.72.101.21 - - [02/Nov/2024:20:16:03 +0000] "GET /dev/backup/phpinfo.php HTTP/1.1" 404 564 "-" "Mozilla/5.0 (Macintosh; Intel Mac OS X 10_12_3) AppleWebKit/537.36 (KHTML, like Gecko) Chrome/56.0.2924.87 Safari/537.36"
94.72.101.21 - - [02/Nov/2024:20:16:04 +0000] "GET /dev/crm/phpinfo.php HTTP/1.1" 404 564 "-" "Mozilla/5.0 (Macintosh; Intel Mac OS X 10_12_3) AppleWebKit/537.36 (KHTML, like Gecko) Chrome/56.0.2924.87 Safari/537.36"
94.72.101.21 - - [02/Nov/2024:20:16:04 +0000] "GET /dev/current/phpinfo.php HTTP/1.1" 404 564 "-" "Mozilla/5.0 (Macintosh; Intel Mac OS X 10_12_3) AppleWebKit/537.36 (KHTML, like Gecko) Chrome/56.0.2924.87 Safari/537.36"
94.72.101.21 - - [02/Nov/2024:20:16:04 +0000] "GET /dev/dev/phpinfo.php HTTP/1.1" 404 564 "-" "Mozilla/5.0 (Macintosh; Intel Mac OS X 10_12_3) AppleWebKit/537.36 (KHTML, like Gecko) Chrome/56.0.2924.87 Safari/537.36"
94.72.101.21 - - [02/Nov/2024:20:16:05 +0000] "GET /dev/develop/phpinfo.php HTTP/1.1" 404 564 "-" "Mozilla/5.0 (Macintosh; Intel Mac OS X 10_12_3) AppleWebKit/537.36 (KHTML, like Gecko) Chrome/56.0.2924.87 Safari/537.36"
94.72.101.21 - - [02/Nov/2024:20:16:05 +0000] "GET /dev/development/phpinfo.php HTTP/1.1" 404 564 "-" "Mozilla/5.0 (Macintosh; Intel Mac OS X 10_12_3) AppleWebKit/537.36 (KHTML, like Gecko) Chrome/56.0.2924.87 Safari/537.36"
94.72.101.21 - - [02/Nov/2024:20:16:05 +0000] "GET /dev/help/phpinfo.php HTTP/1.1" 404 564 "-" "Mozilla/5.0 (Macintosh; Intel Mac OS X 10_12_3) AppleWebKit/537.36 (KHTML, like Gecko) Chrome/56.0.2924.87 Safari/537.36"
94.72.101.21 - - [02/Nov/2024:20:16:05 +0000] "GET /dev/helper/phpinfo.php HTTP/1.1" 404 564 "-" "Mozilla/5.0 (Macintosh; Intel Mac OS X 10_12_3) AppleWebKit/537.36 (KHTML, like Gecko) Chrome/56.0.2924.87 Safari/537.36"
94.72.101.21 - - [02/Nov/2024:20:16:05 +0000] "GET /dev/lara/phpinfo.php HTTP/1.1" 404 564 "-" "Mozilla/5.0 (Macintosh; Intel Mac OS X 10_12_3) AppleWebKit/537.36 (KHTML, like Gecko) Chrome/56.0.2924.87 Safari/537.36"
94.72.101.21 - - [02/Nov/2024:20:16:05 +0000] "GET /dev/laravel/phpinfo.php HTTP/1.1" 404 564 "-" "Mozilla/5.0 (Macintosh; Intel Mac OS X 10_12_3) AppleWebKit/537.36 (KHTML, like Gecko) Chrome/56.0.2924.87 Safari/537.36"
94.72.101.21 - - [02/Nov/2024:20:16:06 +0000] "GET /dev/server/phpinfo.php HTTP/1.1" 404 564 "-" "Mozilla/5.0 (Macintosh; Intel Mac OS X 10_12_3) AppleWebKit/537.36 (KHTML, like Gecko) Chrome/56.0.2924.87 Safari/537.36"
94.72.101.21 - - [02/Nov/2024:20:16:06 +0000] "GET /dev/service/phpinfo.php HTTP/1.1" 404 564 "-" "Mozilla/5.0 (Macintosh; Intel Mac OS X 10_12_3) AppleWebKit/537.36 (KHTML, like Gecko) Chrome/56.0.2924.87 Safari/537.36"
94.72.101.21 - - [02/Nov/2024:20:16:06 +0000] "GET /dev/services/phpinfo.php HTTP/1.1" 404 564 "-" "Mozilla/5.0 (Macintosh; Intel Mac OS X 10_12_3) AppleWebKit/537.36 (KHTML, like Gecko) Chrome/56.0.2924.87 Safari/537.36"
94.72.101.21 - - [02/Nov/2024:20:16:06 +0000] "GET /dev/xampp/phpinfo.php HTTP/1.1" 404 564 "-" "Mozilla/5.0 (Macintosh; Intel Mac OS X 10_12_3) AppleWebKit/537.36 (KHTML, like Gecko) Chrome/56.0.2924.87 Safari/537.36"
94.72.101.21 - - [02/Nov/2024:20:16:06 +0000] "GET /dev/api/info.php HTTP/1.1" 404 564 "-" "Mozilla/5.0 (Macintosh; Intel Mac OS X 10_12_3) AppleWebKit/537.36 (KHTML, like Gecko) Chrome/56.0.2924.87 Safari/537.36"
94.72.101.21 - - [02/Nov/2024:20:16:07 +0000] "GET /dev/backend/info.php HTTP/1.1" 404 564 "-" "Mozilla/5.0 (Macintosh; Intel Mac OS X 10_12_3) AppleWebKit/537.36 (KHTML, like Gecko) Chrome/56.0.2924.87 Safari/537.36"
94.72.101.21 - - [02/Nov/2024:20:16:07 +0000] "GET /dev/backup/info.php HTTP/1.1" 404 564 "-" "Mozilla/5.0 (Macintosh; Intel Mac OS X 10_12_3) AppleWebKit/537.36 (KHTML, like Gecko) Chrome/56.0.2924.87 Safari/537.36"
94.72.101.21 - - [02/Nov/2024:20:16:07 +0000] "GET /dev/crm/info.php HTTP/1.1" 404 564 "-" "Mozilla/5.0 (Macintosh; Intel Mac OS X 10_12_3) AppleWebKit/537.36 (KHTML, like Gecko) Chrome/56.0.2924.87 Safari/537.36"
94.72.101.21 - - [02/Nov/2024:20:16:07 +0000] "GET /dev/current/info.php HTTP/1.1" 404 564 "-" "Mozilla/5.0 (Macintosh; Intel Mac OS X 10_12_3) AppleWebKit/537.36 (KHTML, like Gecko) Chrome/56.0.2924.87 Safari/537.36"
94.72.101.21 - - [02/Nov/2024:20:16:07 +0000] "GET /dev/dev/info.php HTTP/1.1" 404 564 "-" "Mozilla/5.0 (Macintosh; Intel Mac OS X 10_12_3) AppleWebKit/537.36 (KHTML, like Gecko) Chrome/56.0.2924.87 Safari/537.36"
94.72.101.21 - - [02/Nov/2024:20:16:07 +0000] "GET /dev/develop/info.php HTTP/1.1" 404 564 "-" "Mozilla/5.0 (Macintosh; Intel Mac OS X 10_12_3) AppleWebKit/537.36 (KHTML, like Gecko) Chrome/56.0.2924.87 Safari/537.36"
94.72.101.21 - - [02/Nov/2024:20:16:08 +0000] "GET /dev/development/iinfo.php HTTP/1.1" 404 564 "-" "Mozilla/5.0 (Macintosh; Intel Mac OS X 10_12_3) AppleWebKit/537.36 (KHTML, like Gecko) Chrome/56.0.2924.87 Safari/537.36"
94.72.101.21 - - [02/Nov/2024:20:16:08 +0000] "GET /dev/help/info.php HTTP/1.1" 404 564 "-" "Mozilla/5.0 (Macintosh; Intel Mac OS X 10_12_3) AppleWebKit/537.36 (KHTML, like Gecko) Chrome/56.0.2924.87 Safari/537.36"
94.72.101.21 - - [02/Nov/2024:20:16:08 +0000] "GET /dev/helper/info.php HTTP/1.1" 404 564 "-" "Mozilla/5.0 (Macintosh; Intel Mac OS X 10_12_3) AppleWebKit/537.36 (KHTML, like Gecko) Chrome/56.0.2924.87 Safari/537.36"
94.72.101.21 - - [02/Nov/2024:20:16:08 +0000] "GET /dev/lara/info.php HTTP/1.1" 404 564 "-" "Mozilla/5.0 (Macintosh; Intel Mac OS X 10_12_3) AppleWebKit/537.36 (KHTML, like Gecko) Chrome/56.0.2924.87 Safari/537.36"
94.72.101.21 - - [02/Nov/2024:20:16:08 +0000] "GET /dev/laravel/info.php HTTP/1.1" 404 564 "-" "Mozilla/5.0 (Macintosh; Intel Mac OS X 10_12_3) AppleWebKit/537.36 (KHTML, like Gecko) Chrome/56.0.2924.87 Safari/537.36"
94.72.101.21 - - [02/Nov/2024:20:16:09 +0000] "GET /dev/server/info.php HTTP/1.1" 404 564 "-" "Mozilla/5.0 (Macintosh; Intel Mac OS X 10_12_3) AppleWebKit/537.36 (KHTML, like Gecko) Chrome/56.0.2924.87 Safari/537.36"
94.72.101.21 - - [02/Nov/2024:20:16:09 +0000] "GET /dev/service/info.php HTTP/1.1" 404 564 "-" "Mozilla/5.0 (Macintosh; Intel Mac OS X 10_12_3) AppleWebKit/537.36 (KHTML, like Gecko) Chrome/56.0.2924.87 Safari/537.36"
94.72.101.21 - - [02/Nov/2024:20:16:09 +0000] "GET /dev/services/info.php HTTP/1.1" 404 564 "-" "Mozilla/5.0 (Macintosh; Intel Mac OS X 10_12_3) AppleWebKit/537.36 (KHTML, like Gecko) Chrome/56.0.2924.87 Safari/537.36"
94.72.101.21 - - [02/Nov/2024:20:16:09 +0000] "GET /dev/php-info.php HTTP/1.1" 404 564 "-" "Mozilla/5.0 (Macintosh; Intel Mac OS X 10_12_3) AppleWebKit/537.36 (KHTML, like Gecko) Chrome/56.0.2924.87 Safari/537.36"
94.72.101.21 - - [02/Nov/2024:20:16:09 +0000] "GET /dev/linusadmin-phpinfo.php HTTP/1.1" 404 564 "-" "Mozilla/5.0 (Macintosh; Intel Mac OS X 10_12_3) AppleWebKit/537.36 (KHTML, like Gecko) Chrome/56.0.2924.87 Safari/537.36"
94.72.101.21 - - [02/Nov/2024:20:16:09 +0000] "GET /dev/infos.php HTTP/1.1" 404 564 "-" "Mozilla/5.0 (Macintosh; Intel Mac OS X 10_12_3) AppleWebKit/537.36 (KHTML, like Gecko) Chrome/56.0.2924.87 Safari/537.36"
94.72.101.21 - - [02/Nov/2024:20:16:10 +0000] "GET /dev/old_phpinfo.php HTTP/1.1" 404 564 "-" "Mozilla/5.0 (Macintosh; Intel Mac OS X 10_12_3) AppleWebKit/537.36 (KHTML, like Gecko) Chrome/56.0.2924.87 Safari/537.36"
94.72.101.21 - - [02/Nov/2024:20:16:10 +0000] "GET /dev/temp.php HTTP/1.1" 404 564 "-" "Mozilla/5.0 (Macintosh; Intel Mac OS X 10_12_3) AppleWebKit/537.36 (KHTML, like Gecko) Chrome/56.0.2924.87 Safari/537.36"
94.72.101.21 - - [02/Nov/2024:20:16:10 +0000] "GET /dev/time.php HTTP/1.1" 404 564 "-" "Mozilla/5.0 (Macintosh; Intel Mac OS X 10_12_3) AppleWebKit/537.36 (KHTML, like Gecko) Chrome/56.0.2924.87 Safari/537.36"
94.72.101.21 - - [02/Nov/2024:20:16:10 +0000] "GET /dev/phpversion.php HTTP/1.1" 404 564 "-" "Mozilla/5.0 (Macintosh; Intel Mac OS X 10_12_3) AppleWebKit/537.36 (KHTML, like Gecko) Chrome/56.0.2924.87 Safari/537.36"
94.72.101.21 - - [02/Nov/2024:20:16:11 +0000] "GET /dev/pinfo.php HTTP/1.1" 404 564 "-" "Mozilla/5.0 (Macintosh; Intel Mac OS X 10_12_3) AppleWebKit/537.36 (KHTML, like Gecko) Chrome/56.0.2924.87 Safari/537.36"
94.72.101.21 - - [02/Nov/2024:20:16:11 +0000] "GET /dev/i.php HTTP/1.1" 404 564 "-" "Mozilla/5.0 (Macintosh; Intel Mac OS X 10_12_3) AppleWebKit/537.36 (KHTML, like Gecko) Chrome/56.0.2924.87 Safari/537.36"
94.72.101.21 - - [02/Nov/2024:20:16:11 +0000] "GET /dev/asdf.php HTTP/1.1" 404 564 "-" "Mozilla/5.0 (Macintosh; Intel Mac OS X 10_12_3) AppleWebKit/537.36 (KHTML, like Gecko) Chrome/56.0.2924.87 Safari/537.36"
94.72.101.21 - - [02/Nov/2024:20:16:12 +0000] "GET /developer/xampp/info.php HTTP/1.1" 404 564 "-" "Mozilla/5.0 (Macintosh; Intel Mac OS X 10_12_3) AppleWebKit/537.36 (KHTML, like Gecko) Chrome/56.0.2924.87 Safari/537.36"
94.72.101.21 - - [02/Nov/2024:20:16:12 +0000] "GET /developer/xampp/phpinfo HTTP/1.1" 404 564 "-" "Mozilla/5.0 (Macintosh; Intel Mac OS X 10_12_3) AppleWebKit/537.36 (KHTML, like Gecko) Chrome/56.0.2924.87 Safari/537.36"
94.72.101.21 - - [02/Nov/2024:20:16:12 +0000] "GET /developer/_profiler/phpinfo HTTP/1.1" 404 564 "-" "Mozilla/5.0 (Macintosh; Intel Mac OS X 10_12_3) AppleWebKit/537.36 (KHTML, like Gecko) Chrome/56.0.2924.87 Safari/537.36"
94.72.101.21 - - [02/Nov/2024:20:16:13 +0000] "GET /developer/phpinfo.php HTTP/1.1" 404 564 "-" "Mozilla/5.0 (Macintosh; Intel Mac OS X 10_12_3) AppleWebKit/537.36 (KHTML, like Gecko) Chrome/56.0.2924.87 Safari/537.36"
94.72.101.21 - - [02/Nov/2024:20:16:14 +0000] "GET /developer/phpinfo HTTP/1.1" 404 564 "-" "Mozilla/5.0 (Macintosh; Intel Mac OS X 10_12_3) AppleWebKit/537.36 (KHTML, like Gecko) Chrome/56.0.2924.87 Safari/537.36"
94.72.101.21 - - [02/Nov/2024:20:16:14 +0000] "GET /developer/info.php HTTP/1.1" 404 564 "-" "Mozilla/5.0 (Macintosh; Intel Mac OS X 10_12_3) AppleWebKit/537.36 (KHTML, like Gecko) Chrome/56.0.2924.87 Safari/537.36"
94.72.101.21 - - [02/Nov/2024:20:16:14 +0000] "GET /developer/php.ini HTTP/1.1" 404 564 "-" "Mozilla/5.0 (Macintosh; Intel Mac OS X 10_12_3) AppleWebKit/537.36 (KHTML, like Gecko) Chrome/56.0.2924.87 Safari/537.36"
94.72.101.21 - - [02/Nov/2024:20:16:14 +0000] "GET /developer/php.php HTTP/1.1" 404 564 "-" "Mozilla/5.0 (Macintosh; Intel Mac OS X 10_12_3) AppleWebKit/537.36 (KHTML, like Gecko) Chrome/56.0.2924.87 Safari/537.36"
94.72.101.21 - - [02/Nov/2024:20:16:15 +0000] "GET /developer/infophp.php HTTP/1.1" 404 564 "-" "Mozilla/5.0 (Macintosh; Intel Mac OS X 10_12_3) AppleWebKit/537.36 (KHTML, like Gecko) Chrome/56.0.2924.87 Safari/537.36"
94.72.101.21 - - [02/Nov/2024:20:16:25 +0000] "GET /developer/test.php HTTP/1.1" 404 564 "-" "Mozilla/5.0 (Macintosh; Intel Mac OS X 10_12_3) AppleWebKit/537.36 (KHTML, like Gecko) Chrome/56.0.2924.87 Safari/537.36"
94.72.101.21 - - [02/Nov/2024:20:16:26 +0000] "GET /developer/dashboard/phpinfo.php HTTP/1.1" 404 564 "-" "Mozilla/5.0 (Macintosh; Intel Mac OS X 10_12_3) AppleWebKit/537.36 (KHTML, like Gecko) Chrome/56.0.2924.87 Safari/537.36"
94.72.101.21 - - [02/Nov/2024:20:16:26 +0000] "GET /developer/api/phpinfo.php HTTP/1.1" 404 564 "-" "Mozilla/5.0 (Macintosh; Intel Mac OS X 10_12_3) AppleWebKit/537.36 (KHTML, like Gecko) Chrome/56.0.2924.87 Safari/537.36"
94.72.101.21 - - [02/Nov/2024:20:16:26 +0000] "GET /developer/backend/phpinfo.php HTTP/1.1" 404 564 "-" "Mozilla/5.0 (Macintosh; Intel Mac OS X 10_12_3) AppleWebKit/537.36 (KHTML, like Gecko) Chrome/56.0.2924.87 Safari/537.36"
94.72.101.21 - - [02/Nov/2024:20:16:27 +0000] "GET /developer/backup/phpinfo.php HTTP/1.1" 404 564 "-" "Mozilla/5.0 (Macintosh; Intel Mac OS X 10_12_3) AppleWebKit/537.36 (KHTML, like Gecko) Chrome/56.0.2924.87 Safari/537.36"
94.72.101.21 - - [02/Nov/2024:20:16:27 +0000] "GET /developer/crm/phpinfo.php HTTP/1.1" 404 564 "-" "Mozilla/5.0 (Macintosh; Intel Mac OS X 10_12_3) AppleWebKit/537.36 (KHTML, like Gecko) Chrome/56.0.2924.87 Safari/537.36"
94.72.101.21 - - [02/Nov/2024:20:16:27 +0000] "GET /developer/current/phpinfo.php HTTP/1.1" 404 564 "-" "Mozilla/5.0 (Macintosh; Intel Mac OS X 10_12_3) AppleWebKit/537.36 (KHTML, like Gecko) Chrome/56.0.2924.87 Safari/537.36"
94.72.101.21 - - [02/Nov/2024:20:16:28 +0000] "GET /developer/dev/phpinfo.php HTTP/1.1" 404 564 "-" "Mozilla/5.0 (Macintosh; Intel Mac OS X 10_12_3) AppleWebKit/537.36 (KHTML, like Gecko) Chrome/56.0.2924.87 Safari/537.36"
94.72.101.21 - - [02/Nov/2024:20:16:28 +0000] "GET /developer/develop/phpinfo.php HTTP/1.1" 404 564 "-" "Mozilla/5.0 (Macintosh; Intel Mac OS X 10_12_3) AppleWebKit/537.36 (KHTML, like Gecko) Chrome/56.0.2924.87 Safari/537.36"
94.72.101.21 - - [02/Nov/2024:20:16:28 +0000] "GET /developer/development/phpinfo.php HTTP/1.1" 404 564 "-" "Mozilla/5.0 (Macintosh; Intel Mac OS X 10_12_3) AppleWebKit/537.36 (KHTML, like Gecko) Chrome/56.0.2924.87 Safari/537.36"
94.72.101.21 - - [02/Nov/2024:20:16:28 +0000] "GET /developer/help/phpinfo.php HTTP/1.1" 404 564 "-" "Mozilla/5.0 (Macintosh; Intel Mac OS X 10_12_3) AppleWebKit/537.36 (KHTML, like Gecko) Chrome/56.0.2924.87 Safari/537.36"
94.72.101.21 - - [02/Nov/2024:20:16:28 +0000] "GET /developer/helper/phpinfo.php HTTP/1.1" 404 564 "-" "Mozilla/5.0 (Macintosh; Intel Mac OS X 10_12_3) AppleWebKit/537.36 (KHTML, like Gecko) Chrome/56.0.2924.87 Safari/537.36"
94.72.101.21 - - [02/Nov/2024:20:16:29 +0000] "GET /developer/lara/phpinfo.php HTTP/1.1" 404 564 "-" "Mozilla/5.0 (Macintosh; Intel Mac OS X 10_12_3) AppleWebKit/537.36 (KHTML, like Gecko) Chrome/56.0.2924.87 Safari/537.36"
94.72.101.21 - - [02/Nov/2024:20:16:30 +0000] "GET /developer/laravel/phpinfo.php HTTP/1.1" 404 564 "-" "Mozilla/5.0 (Macintosh; Intel Mac OS X 10_12_3) AppleWebKit/537.36 (KHTML, like Gecko) Chrome/56.0.2924.87 Safari/537.36"
94.72.101.21 - - [02/Nov/2024:20:16:30 +0000] "GET /developer/server/phpinfo.php HTTP/1.1" 404 564 "-" "Mozilla/5.0 (Macintosh; Intel Mac OS X 10_12_3) AppleWebKit/537.36 (KHTML, like Gecko) Chrome/56.0.2924.87 Safari/537.36"
94.72.101.21 - - [02/Nov/2024:20:16:30 +0000] "GET /developer/service/phpinfo.php HTTP/1.1" 404 564 "-" "Mozilla/5.0 (Macintosh; Intel Mac OS X 10_12_3) AppleWebKit/537.36 (KHTML, like Gecko) Chrome/56.0.2924.87 Safari/537.36"
94.72.101.21 - - [02/Nov/2024:20:16:31 +0000] "GET /developer/services/phpinfo.php HTTP/1.1" 404 564 "-" "Mozilla/5.0 (Macintosh; Intel Mac OS X 10_12_3) AppleWebKit/537.36 (KHTML, like Gecko) Chrome/56.0.2924.87 Safari/537.36"
94.72.101.21 - - [02/Nov/2024:20:16:31 +0000] "GET /developer/xampp/phpinfo.php HTTP/1.1" 404 564 "-" "Mozilla/5.0 (Macintosh; Intel Mac OS X 10_12_3) AppleWebKit/537.36 (KHTML, like Gecko) Chrome/56.0.2924.87 Safari/537.36"
94.72.101.21 - - [02/Nov/2024:20:16:31 +0000] "GET /developer/api/info.php HTTP/1.1" 404 564 "-" "Mozilla/5.0 (Macintosh; Intel Mac OS X 10_12_3) AppleWebKit/537.36 (KHTML, like Gecko) Chrome/56.0.2924.87 Safari/537.36"
94.72.101.21 - - [02/Nov/2024:20:16:31 +0000] "GET /developer/backend/info.php HTTP/1.1" 404 564 "-" "Mozilla/5.0 (Macintosh; Intel Mac OS X 10_12_3) AppleWebKit/537.36 (KHTML, like Gecko) Chrome/56.0.2924.87 Safari/537.36"
94.72.101.21 - - [02/Nov/2024:20:16:32 +0000] "GET /developer/backup/info.php HTTP/1.1" 404 564 "-" "Mozilla/5.0 (Macintosh; Intel Mac OS X 10_12_3) AppleWebKit/537.36 (KHTML, like Gecko) Chrome/56.0.2924.87 Safari/537.36"
94.72.101.21 - - [02/Nov/2024:20:16:32 +0000] "GET /developer/crm/info.php HTTP/1.1" 404 564 "-" "Mozilla/5.0 (Macintosh; Intel Mac OS X 10_12_3) AppleWebKit/537.36 (KHTML, like Gecko) Chrome/56.0.2924.87 Safari/537.36"
94.72.101.21 - - [02/Nov/2024:20:16:32 +0000] "GET /developer/current/info.php HTTP/1.1" 404 564 "-" "Mozilla/5.0 (Macintosh; Intel Mac OS X 10_12_3) AppleWebKit/537.36 (KHTML, like Gecko) Chrome/56.0.2924.87 Safari/537.36"
94.72.101.21 - - [02/Nov/2024:20:16:32 +0000] "GET /developer/dev/info.php HTTP/1.1" 404 564 "-" "Mozilla/5.0 (Macintosh; Intel Mac OS X 10_12_3) AppleWebKit/537.36 (KHTML, like Gecko) Chrome/56.0.2924.87 Safari/537.36"
94.72.101.21 - - [02/Nov/2024:20:16:32 +0000] "GET /developer/develop/info.php HTTP/1.1" 404 564 "-" "Mozilla/5.0 (Macintosh; Intel Mac OS X 10_12_3) AppleWebKit/537.36 (KHTML, like Gecko) Chrome/56.0.2924.87 Safari/537.36"
94.72.101.21 - - [02/Nov/2024:20:16:34 +0000] "GET /developer/development/iinfo.php HTTP/1.1" 404 564 "-" "Mozilla/5.0 (Macintosh; Intel Mac OS X 10_12_3) AppleWebKit/537.36 (KHTML, like Gecko) Chrome/56.0.2924.87 Safari/537.36"
94.72.101.21 - - [02/Nov/2024:20:16:34 +0000] "GET /developer/help/info.php HTTP/1.1" 404 564 "-" "Mozilla/5.0 (Macintosh; Intel Mac OS X 10_12_3) AppleWebKit/537.36 (KHTML, like Gecko) Chrome/56.0.2924.87 Safari/537.36"
94.72.101.21 - - [02/Nov/2024:20:16:34 +0000] "GET /developer/helper/info.php HTTP/1.1" 404 564 "-" "Mozilla/5.0 (Macintosh; Intel Mac OS X 10_12_3) AppleWebKit/537.36 (KHTML, like Gecko) Chrome/56.0.2924.87 Safari/537.36"
94.72.101.21 - - [02/Nov/2024:20:16:35 +0000] "GET /developer/lara/info.php HTTP/1.1" 404 564 "-" "Mozilla/5.0 (Macintosh; Intel Mac OS X 10_12_3) AppleWebKit/537.36 (KHTML, like Gecko) Chrome/56.0.2924.87 Safari/537.36"
94.72.101.21 - - [02/Nov/2024:20:16:35 +0000] "GET /developer/laravel/info.php HTTP/1.1" 404 564 "-" "Mozilla/5.0 (Macintosh; Intel Mac OS X 10_12_3) AppleWebKit/537.36 (KHTML, like Gecko) Chrome/56.0.2924.87 Safari/537.36"
94.72.101.21 - - [02/Nov/2024:20:16:35 +0000] "GET /developer/server/info.php HTTP/1.1" 404 564 "-" "Mozilla/5.0 (Macintosh; Intel Mac OS X 10_12_3) AppleWebKit/537.36 (KHTML, like Gecko) Chrome/56.0.2924.87 Safari/537.36"
94.72.101.21 - - [02/Nov/2024:20:16:35 +0000] "GET /developer/service/info.php HTTP/1.1" 404 564 "-" "Mozilla/5.0 (Macintosh; Intel Mac OS X 10_12_3) AppleWebKit/537.36 (KHTML, like Gecko) Chrome/56.0.2924.87 Safari/537.36"
94.72.101.21 - - [02/Nov/2024:20:16:35 +0000] "GET /developer/services/info.php HTTP/1.1" 404 564 "-" "Mozilla/5.0 (Macintosh; Intel Mac OS X 10_12_3) AppleWebKit/537.36 (KHTML, like Gecko) Chrome/56.0.2924.87 Safari/537.36"
94.72.101.21 - - [02/Nov/2024:20:16:36 +0000] "GET /developer/php-info.php HTTP/1.1" 404 564 "-" "Mozilla/5.0 (Macintosh; Intel Mac OS X 10_12_3) AppleWebKit/537.36 (KHTML, like Gecko) Chrome/56.0.2924.87 Safari/537.36"
94.72.101.21 - - [02/Nov/2024:20:16:36 +0000] "GET /developer/linusadmin-phpinfo.php HTTP/1.1" 404 564 "-" "Mozilla/5.0 (Macintosh; Intel Mac OS X 10_12_3) AppleWebKit/537.36 (KHTML, like Gecko) Chrome/56.0.2924.87 Safari/537.36"
94.72.101.21 - - [02/Nov/2024:20:16:36 +0000] "GET /developer/infos.php HTTP/1.1" 404 564 "-" "Mozilla/5.0 (Macintosh; Intel Mac OS X 10_12_3) AppleWebKit/537.36 (KHTML, like Gecko) Chrome/56.0.2924.87 Safari/537.36"
94.72.101.21 - - [02/Nov/2024:20:16:36 +0000] "GET /developer/old_phpinfo.php HTTP/1.1" 404 564 "-" "Mozilla/5.0 (Macintosh; Intel Mac OS X 10_12_3) AppleWebKit/537.36 (KHTML, like Gecko) Chrome/56.0.2924.87 Safari/537.36"
94.72.101.21 - - [02/Nov/2024:20:16:36 +0000] "GET /developer/temp.php HTTP/1.1" 404 564 "-" "Mozilla/5.0 (Macintosh; Intel Mac OS X 10_12_3) AppleWebKit/537.36 (KHTML, like Gecko) Chrome/56.0.2924.87 Safari/537.36"
94.72.101.21 - - [02/Nov/2024:20:16:36 +0000] "GET /developer/time.php HTTP/1.1" 404 564 "-" "Mozilla/5.0 (Macintosh; Intel Mac OS X 10_12_3) AppleWebKit/537.36 (KHTML, like Gecko) Chrome/56.0.2924.87 Safari/537.36"
94.72.101.21 - - [02/Nov/2024:20:16:37 +0000] "GET /developer/phpversion.php HTTP/1.1" 404 564 "-" "Mozilla/5.0 (Macintosh; Intel Mac OS X 10_12_3) AppleWebKit/537.36 (KHTML, like Gecko) Chrome/56.0.2924.87 Safari/537.36"
94.72.101.21 - - [02/Nov/2024:20:16:37 +0000] "GET /developer/pinfo.php HTTP/1.1" 404 564 "-" "Mozilla/5.0 (Macintosh; Intel Mac OS X 10_12_3) AppleWebKit/537.36 (KHTML, like Gecko) Chrome/56.0.2924.87 Safari/537.36"
94.72.101.21 - - [02/Nov/2024:20:16:38 +0000] "GET /developer/i.php HTTP/1.1" 404 564 "-" "Mozilla/5.0 (Macintosh; Intel Mac OS X 10_12_3) AppleWebKit/537.36 (KHTML, like Gecko) Chrome/56.0.2924.87 Safari/537.36"
94.72.101.21 - - [02/Nov/2024:20:16:38 +0000] "GET /developer/asdf.php HTTP/1.1" 404 564 "-" "Mozilla/5.0 (Macintosh; Intel Mac OS X 10_12_3) AppleWebKit/537.36 (KHTML, like Gecko) Chrome/56.0.2924.87 Safari/537.36"
94.72.101.21 - - [02/Nov/2024:20:16:38 +0000] "GET /development/xampp/info.php HTTP/1.1" 404 564 "-" "Mozilla/5.0 (Macintosh; Intel Mac OS X 10_12_3) AppleWebKit/537.36 (KHTML, like Gecko) Chrome/56.0.2924.87 Safari/537.36"
94.72.101.21 - - [02/Nov/2024:20:16:39 +0000] "GET /development/xampp/phpinfo HTTP/1.1" 404 564 "-" "Mozilla/5.0 (Macintosh; Intel Mac OS X 10_12_3) AppleWebKit/537.36 (KHTML, like Gecko) Chrome/56.0.2924.87 Safari/537.36"
94.72.101.21 - - [02/Nov/2024:20:16:39 +0000] "GET /development/_profiler/phpinfo HTTP/1.1" 404 564 "-" "Mozilla/5.0 (Macintosh; Intel Mac OS X 10_12_3) AppleWebKit/537.36 (KHTML, like Gecko) Chrome/56.0.2924.87 Safari/537.36"
94.72.101.21 - - [02/Nov/2024:20:16:40 +0000] "GET /development/phpinfo HTTP/1.1" 404 564 "-" "Mozilla/5.0 (Macintosh; Intel Mac OS X 10_12_3) AppleWebKit/537.36 (KHTML, like Gecko) Chrome/56.0.2924.87 Safari/537.36"
94.72.101.21 - - [02/Nov/2024:20:16:40 +0000] "GET /development/info.php HTTP/1.1" 404 564 "-" "Mozilla/5.0 (Macintosh; Intel Mac OS X 10_12_3) AppleWebKit/537.36 (KHTML, like Gecko) Chrome/56.0.2924.87 Safari/537.36"
94.72.101.21 - - [02/Nov/2024:20:16:40 +0000] "GET /development/php.ini HTTP/1.1" 404 564 "-" "Mozilla/5.0 (Macintosh; Intel Mac OS X 10_12_3) AppleWebKit/537.36 (KHTML, like Gecko) Chrome/56.0.2924.87 Safari/537.36"
94.72.101.21 - - [02/Nov/2024:20:16:40 +0000] "GET /development/php.php HTTP/1.1" 404 564 "-" "Mozilla/5.0 (Macintosh; Intel Mac OS X 10_12_3) AppleWebKit/537.36 (KHTML, like Gecko) Chrome/56.0.2924.87 Safari/537.36"
94.72.101.21 - - [02/Nov/2024:20:16:41 +0000] "GET /development/infophp.php HTTP/1.1" 404 564 "-" "Mozilla/5.0 (Macintosh; Intel Mac OS X 10_12_3) AppleWebKit/537.36 (KHTML, like Gecko) Chrome/56.0.2924.87 Safari/537.36"
94.72.101.21 - - [02/Nov/2024:20:16:41 +0000] "GET /development/test.php HTTP/1.1" 404 564 "-" "Mozilla/5.0 (Macintosh; Intel Mac OS X 10_12_3) AppleWebKit/537.36 (KHTML, like Gecko) Chrome/56.0.2924.87 Safari/537.36"
94.72.101.21 - - [02/Nov/2024:20:16:41 +0000] "GET /development/dashboard/phpinfo.php HTTP/1.1" 404 564 "-" "Mozilla/5.0 (Macintosh; Intel Mac OS X 10_12_3) AppleWebKit/537.36 (KHTML, like Gecko) Chrome/56.0.2924.87 Safari/537.36"
94.72.101.21 - - [02/Nov/2024:20:16:41 +0000] "GET /development/api/phpinfo.php HTTP/1.1" 404 564 "-" "Mozilla/5.0 (Macintosh; Intel Mac OS X 10_12_3) AppleWebKit/537.36 (KHTML, like Gecko) Chrome/56.0.2924.87 Safari/537.36"
94.72.101.21 - - [02/Nov/2024:20:16:42 +0000] "GET /development/backend/phpinfo.php HTTP/1.1" 404 564 "-" "Mozilla/5.0 (Macintosh; Intel Mac OS X 10_12_3) AppleWebKit/537.36 (KHTML, like Gecko) Chrome/56.0.2924.87 Safari/537.36"
94.72.101.21 - - [02/Nov/2024:20:16:42 +0000] "GET /development/backup/phpinfo.php HTTP/1.1" 404 564 "-" "Mozilla/5.0 (Macintosh; Intel Mac OS X 10_12_3) AppleWebKit/537.36 (KHTML, like Gecko) Chrome/56.0.2924.87 Safari/537.36"
94.72.101.21 - - [02/Nov/2024:20:16:42 +0000] "GET /development/crm/phpinfo.php HTTP/1.1" 404 564 "-" "Mozilla/5.0 (Macintosh; Intel Mac OS X 10_12_3) AppleWebKit/537.36 (KHTML, like Gecko) Chrome/56.0.2924.87 Safari/537.36"
94.72.101.21 - - [02/Nov/2024:20:16:42 +0000] "GET /development/current/phpinfo.php HTTP/1.1" 404 564 "-" "Mozilla/5.0 (Macintosh; Intel Mac OS X 10_12_3) AppleWebKit/537.36 (KHTML, like Gecko) Chrome/56.0.2924.87 Safari/537.36"
94.72.101.21 - - [02/Nov/2024:20:16:42 +0000] "GET /development/dev/phpinfo.php HTTP/1.1" 404 564 "-" "Mozilla/5.0 (Macintosh; Intel Mac OS X 10_12_3) AppleWebKit/537.36 (KHTML, like Gecko) Chrome/56.0.2924.87 Safari/537.36"
94.72.101.21 - - [02/Nov/2024:20:16:43 +0000] "GET /development/develop/phpinfo.php HTTP/1.1" 404 564 "-" "Mozilla/5.0 (Macintosh; Intel Mac OS X 10_12_3) AppleWebKit/537.36 (KHTML, like Gecko) Chrome/56.0.2924.87 Safari/537.36"
94.72.101.21 - - [02/Nov/2024:20:16:43 +0000] "GET /development/development/phpinfo.php HTTP/1.1" 404 564 "-" "Mozilla/5.0 (Macintosh; Intel Mac OS X 10_12_3) AppleWebKit/537.36 (KHTML, like Gecko) Chrome/56.0.2924.87 Safari/537.36"
94.72.101.21 - - [02/Nov/2024:20:16:43 +0000] "GET /development/help/phpinfo.php HTTP/1.1" 404 564 "-" "Mozilla/5.0 (Macintosh; Intel Mac OS X 10_12_3) AppleWebKit/537.36 (KHTML, like Gecko) Chrome/56.0.2924.87 Safari/537.36"
94.72.101.21 - - [02/Nov/2024:20:16:43 +0000] "GET /development/helper/phpinfo.php HTTP/1.1" 404 564 "-" "Mozilla/5.0 (Macintosh; Intel Mac OS X 10_12_3) AppleWebKit/537.36 (KHTML, like Gecko) Chrome/56.0.2924.87 Safari/537.36"
94.72.101.21 - - [02/Nov/2024:20:16:43 +0000] "GET /development/lara/phpinfo.php HTTP/1.1" 404 564 "-" "Mozilla/5.0 (Macintosh; Intel Mac OS X 10_12_3) AppleWebKit/537.36 (KHTML, like Gecko) Chrome/56.0.2924.87 Safari/537.36"
94.72.101.21 - - [02/Nov/2024:20:16:43 +0000] "GET /development/laravel/phpinfo.php HTTP/1.1" 404 564 "-" "Mozilla/5.0 (Macintosh; Intel Mac OS X 10_12_3) AppleWebKit/537.36 (KHTML, like Gecko) Chrome/56.0.2924.87 Safari/537.36"
94.72.101.21 - - [02/Nov/2024:20:16:44 +0000] "GET /development/server/phpinfo.php HTTP/1.1" 404 564 "-" "Mozilla/5.0 (Macintosh; Intel Mac OS X 10_12_3) AppleWebKit/537.36 (KHTML, like Gecko) Chrome/56.0.2924.87 Safari/537.36"
94.72.101.21 - - [02/Nov/2024:20:16:44 +0000] "GET /development/service/phpinfo.php HTTP/1.1" 404 564 "-" "Mozilla/5.0 (Macintosh; Intel Mac OS X 10_12_3) AppleWebKit/537.36 (KHTML, like Gecko) Chrome/56.0.2924.87 Safari/537.36"
94.72.101.21 - - [02/Nov/2024:20:16:44 +0000] "GET /development/services/phpinfo.php HTTP/1.1" 404 564 "-" "Mozilla/5.0 (Macintosh; Intel Mac OS X 10_12_3) AppleWebKit/537.36 (KHTML, like Gecko) Chrome/56.0.2924.87 Safari/537.36"
94.72.101.21 - - [02/Nov/2024:20:16:45 +0000] "GET /development/xampp/phpinfo.php HTTP/1.1" 404 564 "-" "Mozilla/5.0 (Macintosh; Intel Mac OS X 10_12_3) AppleWebKit/537.36 (KHTML, like Gecko) Chrome/56.0.2924.87 Safari/537.36"
94.72.101.21 - - [02/Nov/2024:20:16:45 +0000] "GET /development/api/info.php HTTP/1.1" 404 564 "-" "Mozilla/5.0 (Macintosh; Intel Mac OS X 10_12_3) AppleWebKit/537.36 (KHTML, like Gecko) Chrome/56.0.2924.87 Safari/537.36"
94.72.101.21 - - [02/Nov/2024:20:16:45 +0000] "GET /development/backend/info.php HTTP/1.1" 404 564 "-" "Mozilla/5.0 (Macintosh; Intel Mac OS X 10_12_3) AppleWebKit/537.36 (KHTML, like Gecko) Chrome/56.0.2924.87 Safari/537.36"
94.72.101.21 - - [02/Nov/2024:20:16:45 +0000] "GET /development/backup/info.php HTTP/1.1" 404 564 "-" "Mozilla/5.0 (Macintosh; Intel Mac OS X 10_12_3) AppleWebKit/537.36 (KHTML, like Gecko) Chrome/56.0.2924.87 Safari/537.36"
94.72.101.21 - - [02/Nov/2024:20:16:46 +0000] "GET /development/crm/info.php HTTP/1.1" 404 564 "-" "Mozilla/5.0 (Macintosh; Intel Mac OS X 10_12_3) AppleWebKit/537.36 (KHTML, like Gecko) Chrome/56.0.2924.87 Safari/537.36"
94.72.101.21 - - [02/Nov/2024:20:16:46 +0000] "GET /development/current/info.php HTTP/1.1" 404 564 "-" "Mozilla/5.0 (Macintosh; Intel Mac OS X 10_12_3) AppleWebKit/537.36 (KHTML, like Gecko) Chrome/56.0.2924.87 Safari/537.36"
94.72.101.21 - - [02/Nov/2024:20:16:46 +0000] "GET /development/dev/info.php HTTP/1.1" 404 564 "-" "Mozilla/5.0 (Macintosh; Intel Mac OS X 10_12_3) AppleWebKit/537.36 (KHTML, like Gecko) Chrome/56.0.2924.87 Safari/537.36"
94.72.101.21 - - [02/Nov/2024:20:16:46 +0000] "GET /development/develop/info.php HTTP/1.1" 404 564 "-" "Mozilla/5.0 (Macintosh; Intel Mac OS X 10_12_3) AppleWebKit/537.36 (KHTML, like Gecko) Chrome/56.0.2924.87 Safari/537.36"
94.72.101.21 - - [02/Nov/2024:20:16:46 +0000] "GET /development/development/iinfo.php HTTP/1.1" 404 564 "-" "Mozilla/5.0 (Macintosh; Intel Mac OS X 10_12_3) AppleWebKit/537.36 (KHTML, like Gecko) Chrome/56.0.2924.87 Safari/537.36"
94.72.101.21 - - [02/Nov/2024:20:16:47 +0000] "GET /development/help/info.php HTTP/1.1" 404 564 "-" "Mozilla/5.0 (Macintosh; Intel Mac OS X 10_12_3) AppleWebKit/537.36 (KHTML, like Gecko) Chrome/56.0.2924.87 Safari/537.36"
94.72.101.21 - - [02/Nov/2024:20:16:47 +0000] "GET /development/helper/info.php HTTP/1.1" 404 564 "-" "Mozilla/5.0 (Macintosh; Intel Mac OS X 10_12_3) AppleWebKit/537.36 (KHTML, like Gecko) Chrome/56.0.2924.87 Safari/537.36"
94.72.101.21 - - [02/Nov/2024:20:16:47 +0000] "GET /development/lara/info.php HTTP/1.1" 404 564 "-" "Mozilla/5.0 (Macintosh; Intel Mac OS X 10_12_3) AppleWebKit/537.36 (KHTML, like Gecko) Chrome/56.0.2924.87 Safari/537.36"
94.72.101.21 - - [02/Nov/2024:20:16:47 +0000] "GET /development/laravel/info.php HTTP/1.1" 404 564 "-" "Mozilla/5.0 (Macintosh; Intel Mac OS X 10_12_3) AppleWebKit/537.36 (KHTML, like Gecko) Chrome/56.0.2924.87 Safari/537.36"
94.72.101.21 - - [02/Nov/2024:20:16:47 +0000] "GET /development/server/info.php HTTP/1.1" 404 564 "-" "Mozilla/5.0 (Macintosh; Intel Mac OS X 10_12_3) AppleWebKit/537.36 (KHTML, like Gecko) Chrome/56.0.2924.87 Safari/537.36"
94.72.101.21 - - [02/Nov/2024:20:16:47 +0000] "GET /development/service/info.php HTTP/1.1" 404 564 "-" "Mozilla/5.0 (Macintosh; Intel Mac OS X 10_12_3) AppleWebKit/537.36 (KHTML, like Gecko) Chrome/56.0.2924.87 Safari/537.36"
94.72.101.21 - - [02/Nov/2024:20:16:48 +0000] "GET /development/services/info.php HTTP/1.1" 404 564 "-" "Mozilla/5.0 (Macintosh; Intel Mac OS X 10_12_3) AppleWebKit/537.36 (KHTML, like Gecko) Chrome/56.0.2924.87 Safari/537.36"
94.72.101.21 - - [02/Nov/2024:20:16:48 +0000] "GET /development/php-info.php HTTP/1.1" 404 564 "-" "Mozilla/5.0 (Macintosh; Intel Mac OS X 10_12_3) AppleWebKit/537.36 (KHTML, like Gecko) Chrome/56.0.2924.87 Safari/537.36"
94.72.101.21 - - [02/Nov/2024:20:16:49 +0000] "GET /development/linusadmin-phpinfo.php HTTP/1.1" 404 564 "-" "Mozilla/5.0 (Macintosh; Intel Mac OS X 10_12_3) AppleWebKit/537.36 (KHTML, like Gecko) Chrome/56.0.2924.87 Safari/537.36"
94.72.101.21 - - [02/Nov/2024:20:16:49 +0000] "GET /development/infos.php HTTP/1.1" 404 564 "-" "Mozilla/5.0 (Macintosh; Intel Mac OS X 10_12_3) AppleWebKit/537.36 (KHTML, like Gecko) Chrome/56.0.2924.87 Safari/537.36"
94.72.101.21 - - [02/Nov/2024:20:16:49 +0000] "GET /development/old_phpinfo.php HTTP/1.1" 404 564 "-" "Mozilla/5.0 (Macintosh; Intel Mac OS X 10_12_3) AppleWebKit/537.36 (KHTML, like Gecko) Chrome/56.0.2924.87 Safari/537.36"
94.72.101.21 - - [02/Nov/2024:20:16:49 +0000] "GET /development/temp.php HTTP/1.1" 404 564 "-" "Mozilla/5.0 (Macintosh; Intel Mac OS X 10_12_3) AppleWebKit/537.36 (KHTML, like Gecko) Chrome/56.0.2924.87 Safari/537.36"
94.72.101.21 - - [02/Nov/2024:20:16:49 +0000] "GET /development/time.php HTTP/1.1" 404 564 "-" "Mozilla/5.0 (Macintosh; Intel Mac OS X 10_12_3) AppleWebKit/537.36 (KHTML, like Gecko) Chrome/56.0.2924.87 Safari/537.36"
94.72.101.21 - - [02/Nov/2024:20:16:50 +0000] "GET /development/phpversion.php HTTP/1.1" 404 564 "-" "Mozilla/5.0 (Macintosh; Intel Mac OS X 10_12_3) AppleWebKit/537.36 (KHTML, like Gecko) Chrome/56.0.2924.87 Safari/537.36"
94.72.101.21 - - [02/Nov/2024:20:16:51 +0000] "GET /development/pinfo.php HTTP/1.1" 404 564 "-" "Mozilla/5.0 (Macintosh; Intel Mac OS X 10_12_3) AppleWebKit/537.36 (KHTML, like Gecko) Chrome/56.0.2924.87 Safari/537.36"
94.72.101.21 - - [02/Nov/2024:20:16:51 +0000] "GET /development/i.php HTTP/1.1" 404 564 "-" "Mozilla/5.0 (Macintosh; Intel Mac OS X 10_12_3) AppleWebKit/537.36 (KHTML, like Gecko) Chrome/56.0.2924.87 Safari/537.36"
94.72.101.21 - - [02/Nov/2024:20:16:51 +0000] "GET /development/asdf.php HTTP/1.1" 404 564 "-" "Mozilla/5.0 (Macintosh; Intel Mac OS X 10_12_3) AppleWebKit/537.36 (KHTML, like Gecko) Chrome/56.0.2924.87 Safari/537.36"
94.72.101.21 - - [02/Nov/2024:20:16:51 +0000] "GET /erp/xampp/info.php HTTP/1.1" 404 564 "-" "Mozilla/5.0 (Macintosh; Intel Mac OS X 10_12_3) AppleWebKit/537.36 (KHTML, like Gecko) Chrome/56.0.2924.87 Safari/537.36"
94.72.101.21 - - [02/Nov/2024:20:16:51 +0000] "GET /erp/xampp/phpinfo HTTP/1.1" 404 564 "-" "Mozilla/5.0 (Macintosh; Intel Mac OS X 10_12_3) AppleWebKit/537.36 (KHTML, like Gecko) Chrome/56.0.2924.87 Safari/537.36"
94.72.101.21 - - [02/Nov/2024:20:16:52 +0000] "GET /erp/_profiler/phpinfo HTTP/1.1" 404 564 "-" "Mozilla/5.0 (Macintosh; Intel Mac OS X 10_12_3) AppleWebKit/537.36 (KHTML, like Gecko) Chrome/56.0.2924.87 Safari/537.36"
94.72.101.21 - - [02/Nov/2024:20:16:52 +0000] "GET /erp/phpinfo.php HTTP/1.1" 404 564 "-" "Mozilla/5.0 (Macintosh; Intel Mac OS X 10_12_3) AppleWebKit/537.36 (KHTML, like Gecko) Chrome/56.0.2924.87 Safari/537.36"
94.72.101.21 - - [02/Nov/2024:20:16:53 +0000] "GET /erp/phpinfo HTTP/1.1" 404 564 "-" "Mozilla/5.0 (Macintosh; Intel Mac OS X 10_12_3) AppleWebKit/537.36 (KHTML, like Gecko) Chrome/56.0.2924.87 Safari/537.36"
94.72.101.21 - - [02/Nov/2024:20:16:53 +0000] "GET /erp/info.php HTTP/1.1" 404 564 "-" "Mozilla/5.0 (Macintosh; Intel Mac OS X 10_12_3) AppleWebKit/537.36 (KHTML, like Gecko) Chrome/56.0.2924.87 Safari/537.36"
94.72.101.21 - - [02/Nov/2024:20:16:53 +0000] "GET /erp/php.ini HTTP/1.1" 404 564 "-" "Mozilla/5.0 (Macintosh; Intel Mac OS X 10_12_3) AppleWebKit/537.36 (KHTML, like Gecko) Chrome/56.0.2924.87 Safari/537.36"
94.72.101.21 - - [02/Nov/2024:20:16:54 +0000] "GET /erp/php.php HTTP/1.1" 404 564 "-" "Mozilla/5.0 (Macintosh; Intel Mac OS X 10_12_3) AppleWebKit/537.36 (KHTML, like Gecko) Chrome/56.0.2924.87 Safari/537.36"
94.72.101.21 - - [02/Nov/2024:20:16:54 +0000] "GET /erp/infophp.php HTTP/1.1" 404 564 "-" "Mozilla/5.0 (Macintosh; Intel Mac OS X 10_12_3) AppleWebKit/537.36 (KHTML, like Gecko) Chrome/56.0.2924.87 Safari/537.36"
94.72.101.21 - - [02/Nov/2024:20:16:54 +0000] "GET /erp/test.php HTTP/1.1" 404 564 "-" "Mozilla/5.0 (Macintosh; Intel Mac OS X 10_12_3) AppleWebKit/537.36 (KHTML, like Gecko) Chrome/56.0.2924.87 Safari/537.36"
94.72.101.21 - - [02/Nov/2024:20:16:54 +0000] "GET /erp/dashboard/phpinfo.php HTTP/1.1" 404 564 "-" "Mozilla/5.0 (Macintosh; Intel Mac OS X 10_12_3) AppleWebKit/537.36 (KHTML, like Gecko) Chrome/56.0.2924.87 Safari/537.36"
94.72.101.21 - - [02/Nov/2024:20:16:55 +0000] "GET /erp/api/phpinfo.php HTTP/1.1" 404 564 "-" "Mozilla/5.0 (Macintosh; Intel Mac OS X 10_12_3) AppleWebKit/537.36 (KHTML, like Gecko) Chrome/56.0.2924.87 Safari/537.36"
94.72.101.21 - - [02/Nov/2024:20:16:55 +0000] "GET /erp/backend/phpinfo.php HTTP/1.1" 404 564 "-" "Mozilla/5.0 (Macintosh; Intel Mac OS X 10_12_3) AppleWebKit/537.36 (KHTML, like Gecko) Chrome/56.0.2924.87 Safari/537.36"
94.72.101.21 - - [02/Nov/2024:20:16:55 +0000] "GET /erp/backup/phpinfo.php HTTP/1.1" 404 564 "-" "Mozilla/5.0 (Macintosh; Intel Mac OS X 10_12_3) AppleWebKit/537.36 (KHTML, like Gecko) Chrome/56.0.2924.87 Safari/537.36"
94.72.101.21 - - [02/Nov/2024:20:16:55 +0000] "GET /erp/crm/phpinfo.php HTTP/1.1" 404 564 "-" "Mozilla/5.0 (Macintosh; Intel Mac OS X 10_12_3) AppleWebKit/537.36 (KHTML, like Gecko) Chrome/56.0.2924.87 Safari/537.36"
94.72.101.21 - - [02/Nov/2024:20:16:56 +0000] "GET /erp/current/phpinfo.php HTTP/1.1" 404 564 "-" "Mozilla/5.0 (Macintosh; Intel Mac OS X 10_12_3) AppleWebKit/537.36 (KHTML, like Gecko) Chrome/56.0.2924.87 Safari/537.36"
94.72.101.21 - - [02/Nov/2024:20:16:56 +0000] "GET /erp/dev/phpinfo.php HTTP/1.1" 404 564 "-" "Mozilla/5.0 (Macintosh; Intel Mac OS X 10_12_3) AppleWebKit/537.36 (KHTML, like Gecko) Chrome/56.0.2924.87 Safari/537.36"
94.72.101.21 - - [02/Nov/2024:20:16:56 +0000] "GET /erp/develop/phpinfo.php HTTP/1.1" 404 564 "-" "Mozilla/5.0 (Macintosh; Intel Mac OS X 10_12_3) AppleWebKit/537.36 (KHTML, like Gecko) Chrome/56.0.2924.87 Safari/537.36"
94.72.101.21 - - [02/Nov/2024:20:16:56 +0000] "GET /erp/development/phpinfo.php HTTP/1.1" 404 564 "-" "Mozilla/5.0 (Macintosh; Intel Mac OS X 10_12_3) AppleWebKit/537.36 (KHTML, like Gecko) Chrome/56.0.2924.87 Safari/537.36"
94.72.101.21 - - [02/Nov/2024:20:16:56 +0000] "GET /erp/help/phpinfo.php HTTP/1.1" 404 564 "-" "Mozilla/5.0 (Macintosh; Intel Mac OS X 10_12_3) AppleWebKit/537.36 (KHTML, like Gecko) Chrome/56.0.2924.87 Safari/537.36"
94.72.101.21 - - [02/Nov/2024:20:16:57 +0000] "GET /erp/helper/phpinfo.php HTTP/1.1" 404 564 "-" "Mozilla/5.0 (Macintosh; Intel Mac OS X 10_12_3) AppleWebKit/537.36 (KHTML, like Gecko) Chrome/56.0.2924.87 Safari/537.36"
94.72.101.21 - - [02/Nov/2024:20:16:57 +0000] "GET /erp/lara/phpinfo.php HTTP/1.1" 404 564 "-" "Mozilla/5.0 (Macintosh; Intel Mac OS X 10_12_3) AppleWebKit/537.36 (KHTML, like Gecko) Chrome/56.0.2924.87 Safari/537.36"
94.72.101.21 - - [02/Nov/2024:20:16:57 +0000] "GET /erp/laravel/phpinfo.php HTTP/1.1" 404 564 "-" "Mozilla/5.0 (Macintosh; Intel Mac OS X 10_12_3) AppleWebKit/537.36 (KHTML, like Gecko) Chrome/56.0.2924.87 Safari/537.36"
94.72.101.21 - - [02/Nov/2024:20:16:57 +0000] "GET /erp/server/phpinfo.php HTTP/1.1" 404 564 "-" "Mozilla/5.0 (Macintosh; Intel Mac OS X 10_12_3) AppleWebKit/537.36 (KHTML, like Gecko) Chrome/56.0.2924.87 Safari/537.36"
94.72.101.21 - - [02/Nov/2024:20:16:57 +0000] "GET /erp/service/phpinfo.php HTTP/1.1" 404 564 "-" "Mozilla/5.0 (Macintosh; Intel Mac OS X 10_12_3) AppleWebKit/537.36 (KHTML, like Gecko) Chrome/56.0.2924.87 Safari/537.36"
94.72.101.21 - - [02/Nov/2024:20:16:58 +0000] "GET /erp/services/phpinfo.php HTTP/1.1" 404 564 "-" "Mozilla/5.0 (Macintosh; Intel Mac OS X 10_12_3) AppleWebKit/537.36 (KHTML, like Gecko) Chrome/56.0.2924.87 Safari/537.36"
94.72.101.21 - - [02/Nov/2024:20:16:58 +0000] "GET /erp/xampp/phpinfo.php HTTP/1.1" 404 564 "-" "Mozilla/5.0 (Macintosh; Intel Mac OS X 10_12_3) AppleWebKit/537.36 (KHTML, like Gecko) Chrome/56.0.2924.87 Safari/537.36"
94.72.101.21 - - [02/Nov/2024:20:16:58 +0000] "GET /erp/api/info.php HTTP/1.1" 404 564 "-" "Mozilla/5.0 (Macintosh; Intel Mac OS X 10_12_3) AppleWebKit/537.36 (KHTML, like Gecko) Chrome/56.0.2924.87 Safari/537.36"
94.72.101.21 - - [02/Nov/2024:20:16:59 +0000] "GET /erp/backend/info.php HTTP/1.1" 404 564 "-" "Mozilla/5.0 (Macintosh; Intel Mac OS X 10_12_3) AppleWebKit/537.36 (KHTML, like Gecko) Chrome/56.0.2924.87 Safari/537.36"
94.72.101.21 - - [02/Nov/2024:20:17:00 +0000] "GET /erp/backup/info.php HTTP/1.1" 404 564 "-" "Mozilla/5.0 (Macintosh; Intel Mac OS X 10_12_3) AppleWebKit/537.36 (KHTML, like Gecko) Chrome/56.0.2924.87 Safari/537.36"
94.72.101.21 - - [02/Nov/2024:20:17:00 +0000] "GET /erp/crm/info.php HTTP/1.1" 404 564 "-" "Mozilla/5.0 (Macintosh; Intel Mac OS X 10_12_3) AppleWebKit/537.36 (KHTML, like Gecko) Chrome/56.0.2924.87 Safari/537.36"
94.72.101.21 - - [02/Nov/2024:20:17:00 +0000] "GET /erp/current/info.php HTTP/1.1" 404 564 "-" "Mozilla/5.0 (Macintosh; Intel Mac OS X 10_12_3) AppleWebKit/537.36 (KHTML, like Gecko) Chrome/56.0.2924.87 Safari/537.36"
94.72.101.21 - - [02/Nov/2024:20:17:01 +0000] "GET /erp/dev/info.php HTTP/1.1" 404 564 "-" "Mozilla/5.0 (Macintosh; Intel Mac OS X 10_12_3) AppleWebKit/537.36 (KHTML, like Gecko) Chrome/56.0.2924.87 Safari/537.36"
94.72.101.21 - - [02/Nov/2024:20:17:01 +0000] "GET /erp/develop/info.php HTTP/1.1" 404 564 "-" "Mozilla/5.0 (Macintosh; Intel Mac OS X 10_12_3) AppleWebKit/537.36 (KHTML, like Gecko) Chrome/56.0.2924.87 Safari/537.36"
94.72.101.21 - - [02/Nov/2024:20:17:01 +0000] "GET /erp/development/iinfo.php HTTP/1.1" 404 564 "-" "Mozilla/5.0 (Macintosh; Intel Mac OS X 10_12_3) AppleWebKit/537.36 (KHTML, like Gecko) Chrome/56.0.2924.87 Safari/537.36"
94.72.101.21 - - [02/Nov/2024:20:17:02 +0000] "GET /erp/help/info.php HTTP/1.1" 404 564 "-" "Mozilla/5.0 (Macintosh; Intel Mac OS X 10_12_3) AppleWebKit/537.36 (KHTML, like Gecko) Chrome/56.0.2924.87 Safari/537.36"
94.72.101.21 - - [02/Nov/2024:20:17:02 +0000] "GET /erp/helper/info.php HTTP/1.1" 404 564 "-" "Mozilla/5.0 (Macintosh; Intel Mac OS X 10_12_3) AppleWebKit/537.36 (KHTML, like Gecko) Chrome/56.0.2924.87 Safari/537.36"
94.72.101.21 - - [02/Nov/2024:20:17:02 +0000] "GET /erp/lara/info.php HTTP/1.1" 404 564 "-" "Mozilla/5.0 (Macintosh; Intel Mac OS X 10_12_3) AppleWebKit/537.36 (KHTML, like Gecko) Chrome/56.0.2924.87 Safari/537.36"
94.72.101.21 - - [02/Nov/2024:20:17:02 +0000] "GET /erp/laravel/info.php HTTP/1.1" 404 564 "-" "Mozilla/5.0 (Macintosh; Intel Mac OS X 10_12_3) AppleWebKit/537.36 (KHTML, like Gecko) Chrome/56.0.2924.87 Safari/537.36"
94.72.101.21 - - [02/Nov/2024:20:17:02 +0000] "GET /erp/server/info.php HTTP/1.1" 404 564 "-" "Mozilla/5.0 (Macintosh; Intel Mac OS X 10_12_3) AppleWebKit/537.36 (KHTML, like Gecko) Chrome/56.0.2924.87 Safari/537.36"
94.72.101.21 - - [02/Nov/2024:20:17:02 +0000] "GET /erp/service/info.php HTTP/1.1" 404 564 "-" "Mozilla/5.0 (Macintosh; Intel Mac OS X 10_12_3) AppleWebKit/537.36 (KHTML, like Gecko) Chrome/56.0.2924.87 Safari/537.36"
94.72.101.21 - - [02/Nov/2024:20:17:03 +0000] "GET /erp/services/info.php HTTP/1.1" 404 564 "-" "Mozilla/5.0 (Macintosh; Intel Mac OS X 10_12_3) AppleWebKit/537.36 (KHTML, like Gecko) Chrome/56.0.2924.87 Safari/537.36"
94.72.101.21 - - [02/Nov/2024:20:17:03 +0000] "GET /erp/php-info.php HTTP/1.1" 404 564 "-" "Mozilla/5.0 (Macintosh; Intel Mac OS X 10_12_3) AppleWebKit/537.36 (KHTML, like Gecko) Chrome/56.0.2924.87 Safari/537.36"
94.72.101.21 - - [02/Nov/2024:20:17:03 +0000] "GET /erp/linusadmin-phpinfo.php HTTP/1.1" 404 564 "-" "Mozilla/5.0 (Macintosh; Intel Mac OS X 10_12_3) AppleWebKit/537.36 (KHTML, like Gecko) Chrome/56.0.2924.87 Safari/537.36"
94.72.101.21 - - [02/Nov/2024:20:17:03 +0000] "GET /erp/infos.php HTTP/1.1" 404 564 "-" "Mozilla/5.0 (Macintosh; Intel Mac OS X 10_12_3) AppleWebKit/537.36 (KHTML, like Gecko) Chrome/56.0.2924.87 Safari/537.36"
94.72.101.21 - - [02/Nov/2024:20:17:03 +0000] "GET /erp/old_phpinfo.php HTTP/1.1" 404 564 "-" "Mozilla/5.0 (Macintosh; Intel Mac OS X 10_12_3) AppleWebKit/537.36 (KHTML, like Gecko) Chrome/56.0.2924.87 Safari/537.36"
94.72.101.21 - - [02/Nov/2024:20:17:04 +0000] "GET /erp/temp.php HTTP/1.1" 404 564 "-" "Mozilla/5.0 (Macintosh; Intel Mac OS X 10_12_3) AppleWebKit/537.36 (KHTML, like Gecko) Chrome/56.0.2924.87 Safari/537.36"
94.72.101.21 - - [02/Nov/2024:20:17:04 +0000] "GET /erp/time.php HTTP/1.1" 404 564 "-" "Mozilla/5.0 (Macintosh; Intel Mac OS X 10_12_3) AppleWebKit/537.36 (KHTML, like Gecko) Chrome/56.0.2924.87 Safari/537.36"
94.72.101.21 - - [02/Nov/2024:20:17:05 +0000] "GET /erp/phpversion.php HTTP/1.1" 404 564 "-" "Mozilla/5.0 (Macintosh; Intel Mac OS X 10_12_3) AppleWebKit/537.36 (KHTML, like Gecko) Chrome/56.0.2924.87 Safari/537.36"
94.72.101.21 - - [02/Nov/2024:20:17:05 +0000] "GET /erp/pinfo.php HTTP/1.1" 404 564 "-" "Mozilla/5.0 (Macintosh; Intel Mac OS X 10_12_3) AppleWebKit/537.36 (KHTML, like Gecko) Chrome/56.0.2924.87 Safari/537.36"
94.72.101.21 - - [02/Nov/2024:20:17:05 +0000] "GET /erp/i.php HTTP/1.1" 404 564 "-" "Mozilla/5.0 (Macintosh; Intel Mac OS X 10_12_3) AppleWebKit/537.36 (KHTML, like Gecko) Chrome/56.0.2924.87 Safari/537.36"
94.72.101.21 - - [02/Nov/2024:20:17:06 +0000] "GET /erp/asdf.php HTTP/1.1" 404 564 "-" "Mozilla/5.0 (Macintosh; Intel Mac OS X 10_12_3) AppleWebKit/537.36 (KHTML, like Gecko) Chrome/56.0.2924.87 Safari/537.36"
94.72.101.21 - - [02/Nov/2024:20:17:06 +0000] "GET /feature/xampp/info.php HTTP/1.1" 404 564 "-" "Mozilla/5.0 (Macintosh; Intel Mac OS X 10_12_3) AppleWebKit/537.36 (KHTML, like Gecko) Chrome/56.0.2924.87 Safari/537.36"
94.72.101.21 - - [02/Nov/2024:20:17:06 +0000] "GET /feature/xampp/phpinfo HTTP/1.1" 404 564 "-" "Mozilla/5.0 (Macintosh; Intel Mac OS X 10_12_3) AppleWebKit/537.36 (KHTML, like Gecko) Chrome/56.0.2924.87 Safari/537.36"
94.72.101.21 - - [02/Nov/2024:20:17:06 +0000] "GET /feature/_profiler/phpinfo HTTP/1.1" 404 564 "-" "Mozilla/5.0 (Macintosh; Intel Mac OS X 10_12_3) AppleWebKit/537.36 (KHTML, like Gecko) Chrome/56.0.2924.87 Safari/537.36"
94.72.101.21 - - [02/Nov/2024:20:17:07 +0000] "GET /feature/phpinfo.php HTTP/1.1" 404 564 "-" "Mozilla/5.0 (Macintosh; Intel Mac OS X 10_12_3) AppleWebKit/537.36 (KHTML, like Gecko) Chrome/56.0.2924.87 Safari/537.36"
94.72.101.21 - - [02/Nov/2024:20:17:07 +0000] "GET /feature/phpinfo HTTP/1.1" 404 564 "-" "Mozilla/5.0 (Macintosh; Intel Mac OS X 10_12_3) AppleWebKit/537.36 (KHTML, like Gecko) Chrome/56.0.2924.87 Safari/537.36"
94.72.101.21 - - [02/Nov/2024:20:17:07 +0000] "GET /feature/info.php HTTP/1.1" 404 564 "-" "Mozilla/5.0 (Macintosh; Intel Mac OS X 10_12_3) AppleWebKit/537.36 (KHTML, like Gecko) Chrome/56.0.2924.87 Safari/537.36"
94.72.101.21 - - [02/Nov/2024:20:17:07 +0000] "GET /feature/php.ini HTTP/1.1" 404 564 "-" "Mozilla/5.0 (Macintosh; Intel Mac OS X 10_12_3) AppleWebKit/537.36 (KHTML, like Gecko) Chrome/56.0.2924.87 Safari/537.36"
94.72.101.21 - - [02/Nov/2024:20:17:07 +0000] "GET /feature/php.php HTTP/1.1" 404 564 "-" "Mozilla/5.0 (Macintosh; Intel Mac OS X 10_12_3) AppleWebKit/537.36 (KHTML, like Gecko) Chrome/56.0.2924.87 Safari/537.36"
94.72.101.21 - - [02/Nov/2024:20:17:07 +0000] "GET /feature/infophp.php HTTP/1.1" 404 564 "-" "Mozilla/5.0 (Macintosh; Intel Mac OS X 10_12_3) AppleWebKit/537.36 (KHTML, like Gecko) Chrome/56.0.2924.87 Safari/537.36"
94.72.101.21 - - [02/Nov/2024:20:17:08 +0000] "GET /feature/test.php HTTP/1.1" 404 564 "-" "Mozilla/5.0 (Macintosh; Intel Mac OS X 10_12_3) AppleWebKit/537.36 (KHTML, like Gecko) Chrome/56.0.2924.87 Safari/537.36"
94.72.101.21 - - [02/Nov/2024:20:17:08 +0000] "GET /feature/dashboard/phpinfo.php HTTP/1.1" 404 564 "-" "Mozilla/5.0 (Macintosh; Intel Mac OS X 10_12_3) AppleWebKit/537.36 (KHTML, like Gecko) Chrome/56.0.2924.87 Safari/537.36"
94.72.101.21 - - [02/Nov/2024:20:17:08 +0000] "GET /feature/api/phpinfo.php HTTP/1.1" 404 564 "-" "Mozilla/5.0 (Macintosh; Intel Mac OS X 10_12_3) AppleWebKit/537.36 (KHTML, like Gecko) Chrome/56.0.2924.87 Safari/537.36"
94.72.101.21 - - [02/Nov/2024:20:17:08 +0000] "GET /feature/backend/phpinfo.php HTTP/1.1" 404 564 "-" "Mozilla/5.0 (Macintosh; Intel Mac OS X 10_12_3) AppleWebKit/537.36 (KHTML, like Gecko) Chrome/56.0.2924.87 Safari/537.36"
94.72.101.21 - - [02/Nov/2024:20:17:09 +0000] "GET /feature/backup/phpinfo.php HTTP/1.1" 404 564 "-" "Mozilla/5.0 (Macintosh; Intel Mac OS X 10_12_3) AppleWebKit/537.36 (KHTML, like Gecko) Chrome/56.0.2924.87 Safari/537.36"
94.72.101.21 - - [02/Nov/2024:20:17:09 +0000] "GET /feature/crm/phpinfo.php HTTP/1.1" 404 564 "-" "Mozilla/5.0 (Macintosh; Intel Mac OS X 10_12_3) AppleWebKit/537.36 (KHTML, like Gecko) Chrome/56.0.2924.87 Safari/537.36"
94.72.101.21 - - [02/Nov/2024:20:17:09 +0000] "GET /feature/current/phpinfo.php HTTP/1.1" 404 564 "-" "Mozilla/5.0 (Macintosh; Intel Mac OS X 10_12_3) AppleWebKit/537.36 (KHTML, like Gecko) Chrome/56.0.2924.87 Safari/537.36"
94.72.101.21 - - [02/Nov/2024:20:17:09 +0000] "GET /feature/dev/phpinfo.php HTTP/1.1" 404 564 "-" "Mozilla/5.0 (Macintosh; Intel Mac OS X 10_12_3) AppleWebKit/537.36 (KHTML, like Gecko) Chrome/56.0.2924.87 Safari/537.36"
94.72.101.21 - - [02/Nov/2024:20:17:10 +0000] "GET /feature/develop/phpinfo.php HTTP/1.1" 404 564 "-" "Mozilla/5.0 (Macintosh; Intel Mac OS X 10_12_3) AppleWebKit/537.36 (KHTML, like Gecko) Chrome/56.0.2924.87 Safari/537.36"
94.72.101.21 - - [02/Nov/2024:20:17:10 +0000] "GET /feature/development/phpinfo.php HTTP/1.1" 404 564 "-" "Mozilla/5.0 (Macintosh; Intel Mac OS X 10_12_3) AppleWebKit/537.36 (KHTML, like Gecko) Chrome/56.0.2924.87 Safari/537.36"
94.72.101.21 - - [02/Nov/2024:20:17:10 +0000] "GET /feature/help/phpinfo.php HTTP/1.1" 404 564 "-" "Mozilla/5.0 (Macintosh; Intel Mac OS X 10_12_3) AppleWebKit/537.36 (KHTML, like Gecko) Chrome/56.0.2924.87 Safari/537.36"
94.72.101.21 - - [02/Nov/2024:20:17:10 +0000] "GET /feature/helper/phpinfo.php HTTP/1.1" 404 564 "-" "Mozilla/5.0 (Macintosh; Intel Mac OS X 10_12_3) AppleWebKit/537.36 (KHTML, like Gecko) Chrome/56.0.2924.87 Safari/537.36"
94.72.101.21 - - [02/Nov/2024:20:17:10 +0000] "GET /feature/lara/phpinfo.php HTTP/1.1" 404 564 "-" "Mozilla/5.0 (Macintosh; Intel Mac OS X 10_12_3) AppleWebKit/537.36 (KHTML, like Gecko) Chrome/56.0.2924.87 Safari/537.36"
94.72.101.21 - - [02/Nov/2024:20:17:11 +0000] "GET /feature/laravel/phpinfo.php HTTP/1.1" 404 564 "-" "Mozilla/5.0 (Macintosh; Intel Mac OS X 10_12_3) AppleWebKit/537.36 (KHTML, like Gecko) Chrome/56.0.2924.87 Safari/537.36"
94.72.101.21 - - [02/Nov/2024:20:17:12 +0000] "GET /feature/server/phpinfo.php HTTP/1.1" 404 564 "-" "Mozilla/5.0 (Macintosh; Intel Mac OS X 10_12_3) AppleWebKit/537.36 (KHTML, like Gecko) Chrome/56.0.2924.87 Safari/537.36"
94.72.101.21 - - [02/Nov/2024:20:17:12 +0000] "GET /feature/service/phpinfo.php HTTP/1.1" 404 564 "-" "Mozilla/5.0 (Macintosh; Intel Mac OS X 10_12_3) AppleWebKit/537.36 (KHTML, like Gecko) Chrome/56.0.2924.87 Safari/537.36"
94.72.101.21 - - [02/Nov/2024:20:17:12 +0000] "GET /feature/services/phpinfo.php HTTP/1.1" 404 564 "-" "Mozilla/5.0 (Macintosh; Intel Mac OS X 10_12_3) AppleWebKit/537.36 (KHTML, like Gecko) Chrome/56.0.2924.87 Safari/537.36"
94.72.101.21 - - [02/Nov/2024:20:17:12 +0000] "GET /feature/xampp/phpinfo.php HTTP/1.1" 404 564 "-" "Mozilla/5.0 (Macintosh; Intel Mac OS X 10_12_3) AppleWebKit/537.36 (KHTML, like Gecko) Chrome/56.0.2924.87 Safari/537.36"
94.72.101.21 - - [02/Nov/2024:20:17:13 +0000] "GET /feature/api/info.php HTTP/1.1" 404 564 "-" "Mozilla/5.0 (Macintosh; Intel Mac OS X 10_12_3) AppleWebKit/537.36 (KHTML, like Gecko) Chrome/56.0.2924.87 Safari/537.36"
94.72.101.21 - - [02/Nov/2024:20:17:13 +0000] "GET /feature/backend/info.php HTTP/1.1" 404 564 "-" "Mozilla/5.0 (Macintosh; Intel Mac OS X 10_12_3) AppleWebKit/537.36 (KHTML, like Gecko) Chrome/56.0.2924.87 Safari/537.36"
94.72.101.21 - - [02/Nov/2024:20:17:13 +0000] "GET /feature/backup/info.php HTTP/1.1" 404 564 "-" "Mozilla/5.0 (Macintosh; Intel Mac OS X 10_12_3) AppleWebKit/537.36 (KHTML, like Gecko) Chrome/56.0.2924.87 Safari/537.36"
94.72.101.21 - - [02/Nov/2024:20:17:14 +0000] "GET /feature/crm/info.php HTTP/1.1" 404 564 "-" "Mozilla/5.0 (Macintosh; Intel Mac OS X 10_12_3) AppleWebKit/537.36 (KHTML, like Gecko) Chrome/56.0.2924.87 Safari/537.36"
94.72.101.21 - - [02/Nov/2024:20:17:14 +0000] "GET /feature/current/info.php HTTP/1.1" 404 564 "-" "Mozilla/5.0 (Macintosh; Intel Mac OS X 10_12_3) AppleWebKit/537.36 (KHTML, like Gecko) Chrome/56.0.2924.87 Safari/537.36"
94.72.101.21 - - [02/Nov/2024:20:17:14 +0000] "GET /feature/dev/info.php HTTP/1.1" 404 564 "-" "Mozilla/5.0 (Macintosh; Intel Mac OS X 10_12_3) AppleWebKit/537.36 (KHTML, like Gecko) Chrome/56.0.2924.87 Safari/537.36"
94.72.101.21 - - [02/Nov/2024:20:17:14 +0000] "GET /feature/develop/info.php HTTP/1.1" 404 564 "-" "Mozilla/5.0 (Macintosh; Intel Mac OS X 10_12_3) AppleWebKit/537.36 (KHTML, like Gecko) Chrome/56.0.2924.87 Safari/537.36"
94.72.101.21 - - [02/Nov/2024:20:17:14 +0000] "GET /feature/development/iinfo.php HTTP/1.1" 404 564 "-" "Mozilla/5.0 (Macintosh; Intel Mac OS X 10_12_3) AppleWebKit/537.36 (KHTML, like Gecko) Chrome/56.0.2924.87 Safari/537.36"
94.72.101.21 - - [02/Nov/2024:20:17:15 +0000] "GET /feature/help/info.php HTTP/1.1" 404 564 "-" "Mozilla/5.0 (Macintosh; Intel Mac OS X 10_12_3) AppleWebKit/537.36 (KHTML, like Gecko) Chrome/56.0.2924.87 Safari/537.36"
94.72.101.21 - - [02/Nov/2024:20:17:15 +0000] "GET /feature/helper/info.php HTTP/1.1" 404 564 "-" "Mozilla/5.0 (Macintosh; Intel Mac OS X 10_12_3) AppleWebKit/537.36 (KHTML, like Gecko) Chrome/56.0.2924.87 Safari/537.36"
94.72.101.21 - - [02/Nov/2024:20:17:15 +0000] "GET /feature/lara/info.php HTTP/1.1" 404 564 "-" "Mozilla/5.0 (Macintosh; Intel Mac OS X 10_12_3) AppleWebKit/537.36 (KHTML, like Gecko) Chrome/56.0.2924.87 Safari/537.36"
94.72.101.21 - - [02/Nov/2024:20:17:16 +0000] "GET /feature/laravel/info.php HTTP/1.1" 404 564 "-" "Mozilla/5.0 (Macintosh; Intel Mac OS X 10_12_3) AppleWebKit/537.36 (KHTML, like Gecko) Chrome/56.0.2924.87 Safari/537.36"
94.72.101.21 - - [02/Nov/2024:20:17:17 +0000] "GET /feature/server/info.php HTTP/1.1" 404 564 "-" "Mozilla/5.0 (Macintosh; Intel Mac OS X 10_12_3) AppleWebKit/537.36 (KHTML, like Gecko) Chrome/56.0.2924.87 Safari/537.36"
94.72.101.21 - - [02/Nov/2024:20:17:17 +0000] "GET /feature/service/info.php HTTP/1.1" 404 564 "-" "Mozilla/5.0 (Macintosh; Intel Mac OS X 10_12_3) AppleWebKit/537.36 (KHTML, like Gecko) Chrome/56.0.2924.87 Safari/537.36"
94.72.101.21 - - [02/Nov/2024:20:17:17 +0000] "GET /feature/services/info.php HTTP/1.1" 404 564 "-" "Mozilla/5.0 (Macintosh; Intel Mac OS X 10_12_3) AppleWebKit/537.36 (KHTML, like Gecko) Chrome/56.0.2924.87 Safari/537.36"
94.72.101.21 - - [02/Nov/2024:20:17:18 +0000] "GET /feature/php-info.php HTTP/1.1" 404 564 "-" "Mozilla/5.0 (Macintosh; Intel Mac OS X 10_12_3) AppleWebKit/537.36 (KHTML, like Gecko) Chrome/56.0.2924.87 Safari/537.36"
94.72.101.21 - - [02/Nov/2024:20:17:18 +0000] "GET /feature/linusadmin-phpinfo.php HTTP/1.1" 404 564 "-" "Mozilla/5.0 (Macintosh; Intel Mac OS X 10_12_3) AppleWebKit/537.36 (KHTML, like Gecko) Chrome/56.0.2924.87 Safari/537.36"
94.72.101.21 - - [02/Nov/2024:20:17:19 +0000] "GET /feature/infos.php HTTP/1.1" 404 564 "-" "Mozilla/5.0 (Macintosh; Intel Mac OS X 10_12_3) AppleWebKit/537.36 (KHTML, like Gecko) Chrome/56.0.2924.87 Safari/537.36"
94.72.101.21 - - [02/Nov/2024:20:17:19 +0000] "GET /feature/old_phpinfo.php HTTP/1.1" 404 564 "-" "Mozilla/5.0 (Macintosh; Intel Mac OS X 10_12_3) AppleWebKit/537.36 (KHTML, like Gecko) Chrome/56.0.2924.87 Safari/537.36"
94.72.101.21 - - [02/Nov/2024:20:17:19 +0000] "GET /feature/temp.php HTTP/1.1" 404 564 "-" "Mozilla/5.0 (Macintosh; Intel Mac OS X 10_12_3) AppleWebKit/537.36 (KHTML, like Gecko) Chrome/56.0.2924.87 Safari/537.36"
94.72.101.21 - - [02/Nov/2024:20:17:20 +0000] "GET /feature/time.php HTTP/1.1" 404 564 "-" "Mozilla/5.0 (Macintosh; Intel Mac OS X 10_12_3) AppleWebKit/537.36 (KHTML, like Gecko) Chrome/56.0.2924.87 Safari/537.36"
94.72.101.21 - - [02/Nov/2024:20:17:20 +0000] "GET /feature/phpversion.php HTTP/1.1" 404 564 "-" "Mozilla/5.0 (Macintosh; Intel Mac OS X 10_12_3) AppleWebKit/537.36 (KHTML, like Gecko) Chrome/56.0.2924.87 Safari/537.36"
94.72.101.21 - - [02/Nov/2024:20:17:20 +0000] "GET /feature/pinfo.php HTTP/1.1" 404 564 "-" "Mozilla/5.0 (Macintosh; Intel Mac OS X 10_12_3) AppleWebKit/537.36 (KHTML, like Gecko) Chrome/56.0.2924.87 Safari/537.36"
94.72.101.21 - - [02/Nov/2024:20:17:20 +0000] "GET /feature/i.php HTTP/1.1" 404 564 "-" "Mozilla/5.0 (Macintosh; Intel Mac OS X 10_12_3) AppleWebKit/537.36 (KHTML, like Gecko) Chrome/56.0.2924.87 Safari/537.36"
94.72.101.21 - - [02/Nov/2024:20:17:20 +0000] "GET /feature/asdf.php HTTP/1.1" 404 564 "-" "Mozilla/5.0 (Macintosh; Intel Mac OS X 10_12_3) AppleWebKit/537.36 (KHTML, like Gecko) Chrome/56.0.2924.87 Safari/537.36"
94.72.101.21 - - [02/Nov/2024:20:17:20 +0000] "GET /function/xampp/info.php HTTP/1.1" 404 564 "-" "Mozilla/5.0 (Macintosh; Intel Mac OS X 10_12_3) AppleWebKit/537.36 (KHTML, like Gecko) Chrome/56.0.2924.87 Safari/537.36"
94.72.101.21 - - [02/Nov/2024:20:17:21 +0000] "GET /function/xampp/phpinfo HTTP/1.1" 404 564 "-" "Mozilla/5.0 (Macintosh; Intel Mac OS X 10_12_3) AppleWebKit/537.36 (KHTML, like Gecko) Chrome/56.0.2924.87 Safari/537.36"
94.72.101.21 - - [02/Nov/2024:20:17:21 +0000] "GET /function/_profiler/phpinfo HTTP/1.1" 404 564 "-" "Mozilla/5.0 (Macintosh; Intel Mac OS X 10_12_3) AppleWebKit/537.36 (KHTML, like Gecko) Chrome/56.0.2924.87 Safari/537.36"
94.72.101.21 - - [02/Nov/2024:20:17:21 +0000] "GET /function/phpinfo.php HTTP/1.1" 404 564 "-" "Mozilla/5.0 (Macintosh; Intel Mac OS X 10_12_3) AppleWebKit/537.36 (KHTML, like Gecko) Chrome/56.0.2924.87 Safari/537.36"
94.72.101.21 - - [02/Nov/2024:20:17:22 +0000] "GET /function/phpinfo HTTP/1.1" 404 564 "-" "Mozilla/5.0 (Macintosh; Intel Mac OS X 10_12_3) AppleWebKit/537.36 (KHTML, like Gecko) Chrome/56.0.2924.87 Safari/537.36"
94.72.101.21 - - [02/Nov/2024:20:17:22 +0000] "GET /function/info.php HTTP/1.1" 404 564 "-" "Mozilla/5.0 (Macintosh; Intel Mac OS X 10_12_3) AppleWebKit/537.36 (KHTML, like Gecko) Chrome/56.0.2924.87 Safari/537.36"
94.72.101.21 - - [02/Nov/2024:20:17:22 +0000] "GET /function/php.ini HTTP/1.1" 404 564 "-" "Mozilla/5.0 (Macintosh; Intel Mac OS X 10_12_3) AppleWebKit/537.36 (KHTML, like Gecko) Chrome/56.0.2924.87 Safari/537.36"
94.72.101.21 - - [02/Nov/2024:20:17:22 +0000] "GET /function/php.php HTTP/1.1" 404 564 "-" "Mozilla/5.0 (Macintosh; Intel Mac OS X 10_12_3) AppleWebKit/537.36 (KHTML, like Gecko) Chrome/56.0.2924.87 Safari/537.36"
94.72.101.21 - - [02/Nov/2024:20:17:24 +0000] "GET /function/infophp.php HTTP/1.1" 404 564 "-" "Mozilla/5.0 (Macintosh; Intel Mac OS X 10_12_3) AppleWebKit/537.36 (KHTML, like Gecko) Chrome/56.0.2924.87 Safari/537.36"
94.72.101.21 - - [02/Nov/2024:20:17:24 +0000] "GET /function/test.php HTTP/1.1" 404 564 "-" "Mozilla/5.0 (Macintosh; Intel Mac OS X 10_12_3) AppleWebKit/537.36 (KHTML, like Gecko) Chrome/56.0.2924.87 Safari/537.36"
94.72.101.21 - - [02/Nov/2024:20:17:24 +0000] "GET /function/dashboard/phpinfo.php HTTP/1.1" 404 564 "-" "Mozilla/5.0 (Macintosh; Intel Mac OS X 10_12_3) AppleWebKit/537.36 (KHTML, like Gecko) Chrome/56.0.2924.87 Safari/537.36"
94.72.101.21 - - [02/Nov/2024:20:17:25 +0000] "GET /function/api/phpinfo.php HTTP/1.1" 404 564 "-" "Mozilla/5.0 (Macintosh; Intel Mac OS X 10_12_3) AppleWebKit/537.36 (KHTML, like Gecko) Chrome/56.0.2924.87 Safari/537.36"
94.72.101.21 - - [02/Nov/2024:20:17:25 +0000] "GET /function/backend/phpinfo.php HTTP/1.1" 404 564 "-" "Mozilla/5.0 (Macintosh; Intel Mac OS X 10_12_3) AppleWebKit/537.36 (KHTML, like Gecko) Chrome/56.0.2924.87 Safari/537.36"
94.72.101.21 - - [02/Nov/2024:20:17:25 +0000] "GET /function/backup/phpinfo.php HTTP/1.1" 404 564 "-" "Mozilla/5.0 (Macintosh; Intel Mac OS X 10_12_3) AppleWebKit/537.36 (KHTML, like Gecko) Chrome/56.0.2924.87 Safari/537.36"
94.72.101.21 - - [02/Nov/2024:20:17:25 +0000] "GET /function/crm/phpinfo.php HTTP/1.1" 404 564 "-" "Mozilla/5.0 (Macintosh; Intel Mac OS X 10_12_3) AppleWebKit/537.36 (KHTML, like Gecko) Chrome/56.0.2924.87 Safari/537.36"
94.72.101.21 - - [02/Nov/2024:20:17:25 +0000] "GET /function/current/phpinfo.php HTTP/1.1" 404 564 "-" "Mozilla/5.0 (Macintosh; Intel Mac OS X 10_12_3) AppleWebKit/537.36 (KHTML, like Gecko) Chrome/56.0.2924.87 Safari/537.36"
94.72.101.21 - - [02/Nov/2024:20:17:25 +0000] "GET /function/dev/phpinfo.php HTTP/1.1" 404 564 "-" "Mozilla/5.0 (Macintosh; Intel Mac OS X 10_12_3) AppleWebKit/537.36 (KHTML, like Gecko) Chrome/56.0.2924.87 Safari/537.36"
94.72.101.21 - - [02/Nov/2024:20:17:26 +0000] "GET /function/develop/phpinfo.php HTTP/1.1" 404 564 "-" "Mozilla/5.0 (Macintosh; Intel Mac OS X 10_12_3) AppleWebKit/537.36 (KHTML, like Gecko) Chrome/56.0.2924.87 Safari/537.36"
94.72.101.21 - - [02/Nov/2024:20:17:26 +0000] "GET /function/development/phpinfo.php HTTP/1.1" 404 564 "-" "Mozilla/5.0 (Macintosh; Intel Mac OS X 10_12_3) AppleWebKit/537.36 (KHTML, like Gecko) Chrome/56.0.2924.87 Safari/537.36"
94.72.101.21 - - [02/Nov/2024:20:17:26 +0000] "GET /function/help/phpinfo.php HTTP/1.1" 404 564 "-" "Mozilla/5.0 (Macintosh; Intel Mac OS X 10_12_3) AppleWebKit/537.36 (KHTML, like Gecko) Chrome/56.0.2924.87 Safari/537.36"
94.72.101.21 - - [02/Nov/2024:20:17:27 +0000] "GET /function/helper/phpinfo.php HTTP/1.1" 404 564 "-" "Mozilla/5.0 (Macintosh; Intel Mac OS X 10_12_3) AppleWebKit/537.36 (KHTML, like Gecko) Chrome/56.0.2924.87 Safari/537.36"
94.72.101.21 - - [02/Nov/2024:20:17:28 +0000] "GET /function/lara/phpinfo.php HTTP/1.1" 404 564 "-" "Mozilla/5.0 (Macintosh; Intel Mac OS X 10_12_3) AppleWebKit/537.36 (KHTML, like Gecko) Chrome/56.0.2924.87 Safari/537.36"
94.72.101.21 - - [02/Nov/2024:20:17:28 +0000] "GET /function/laravel/phpinfo.php HTTP/1.1" 404 564 "-" "Mozilla/5.0 (Macintosh; Intel Mac OS X 10_12_3) AppleWebKit/537.36 (KHTML, like Gecko) Chrome/56.0.2924.87 Safari/537.36"
94.72.101.21 - - [02/Nov/2024:20:17:29 +0000] "GET /function/server/phpinfo.php HTTP/1.1" 404 564 "-" "Mozilla/5.0 (Macintosh; Intel Mac OS X 10_12_3) AppleWebKit/537.36 (KHTML, like Gecko) Chrome/56.0.2924.87 Safari/537.36"
94.72.101.21 - - [02/Nov/2024:20:17:29 +0000] "GET /function/service/phpinfo.php HTTP/1.1" 404 564 "-" "Mozilla/5.0 (Macintosh; Intel Mac OS X 10_12_3) AppleWebKit/537.36 (KHTML, like Gecko) Chrome/56.0.2924.87 Safari/537.36"
94.72.101.21 - - [02/Nov/2024:20:17:29 +0000] "GET /function/services/phpinfo.php HTTP/1.1" 404 564 "-" "Mozilla/5.0 (Macintosh; Intel Mac OS X 10_12_3) AppleWebKit/537.36 (KHTML, like Gecko) Chrome/56.0.2924.87 Safari/537.36"
94.72.101.21 - - [02/Nov/2024:20:17:30 +0000] "GET /function/xampp/phpinfo.php HTTP/1.1" 404 564 "-" "Mozilla/5.0 (Macintosh; Intel Mac OS X 10_12_3) AppleWebKit/537.36 (KHTML, like Gecko) Chrome/56.0.2924.87 Safari/537.36"
94.72.101.21 - - [02/Nov/2024:20:17:30 +0000] "GET /function/api/info.php HTTP/1.1" 404 564 "-" "Mozilla/5.0 (Macintosh; Intel Mac OS X 10_12_3) AppleWebKit/537.36 (KHTML, like Gecko) Chrome/56.0.2924.87 Safari/537.36"
94.72.101.21 - - [02/Nov/2024:20:17:30 +0000] "GET /function/backend/info.php HTTP/1.1" 404 564 "-" "Mozilla/5.0 (Macintosh; Intel Mac OS X 10_12_3) AppleWebKit/537.36 (KHTML, like Gecko) Chrome/56.0.2924.87 Safari/537.36"
94.72.101.21 - - [02/Nov/2024:20:17:31 +0000] "GET /function/backup/info.php HTTP/1.1" 404 564 "-" "Mozilla/5.0 (Macintosh; Intel Mac OS X 10_12_3) AppleWebKit/537.36 (KHTML, like Gecko) Chrome/56.0.2924.87 Safari/537.36"
94.72.101.21 - - [02/Nov/2024:20:17:32 +0000] "GET /function/crm/info.php HTTP/1.1" 404 564 "-" "Mozilla/5.0 (Macintosh; Intel Mac OS X 10_12_3) AppleWebKit/537.36 (KHTML, like Gecko) Chrome/56.0.2924.87 Safari/537.36"
94.72.101.21 - - [02/Nov/2024:20:17:32 +0000] "GET /function/current/info.php HTTP/1.1" 404 564 "-" "Mozilla/5.0 (Macintosh; Intel Mac OS X 10_12_3) AppleWebKit/537.36 (KHTML, like Gecko) Chrome/56.0.2924.87 Safari/537.36"
94.72.101.21 - - [02/Nov/2024:20:17:32 +0000] "GET /function/dev/info.php HTTP/1.1" 404 564 "-" "Mozilla/5.0 (Macintosh; Intel Mac OS X 10_12_3) AppleWebKit/537.36 (KHTML, like Gecko) Chrome/56.0.2924.87 Safari/537.36"
94.72.101.21 - - [02/Nov/2024:20:17:32 +0000] "GET /function/develop/info.php HTTP/1.1" 404 564 "-" "Mozilla/5.0 (Macintosh; Intel Mac OS X 10_12_3) AppleWebKit/537.36 (KHTML, like Gecko) Chrome/56.0.2924.87 Safari/537.36"
94.72.101.21 - - [02/Nov/2024:20:17:32 +0000] "GET /function/development/iinfo.php HTTP/1.1" 404 564 "-" "Mozilla/5.0 (Macintosh; Intel Mac OS X 10_12_3) AppleWebKit/537.36 (KHTML, like Gecko) Chrome/56.0.2924.87 Safari/537.36"
94.72.101.21 - - [02/Nov/2024:20:17:33 +0000] "GET /function/help/info.php HTTP/1.1" 404 564 "-" "Mozilla/5.0 (Macintosh; Intel Mac OS X 10_12_3) AppleWebKit/537.36 (KHTML, like Gecko) Chrome/56.0.2924.87 Safari/537.36"
94.72.101.21 - - [02/Nov/2024:20:17:33 +0000] "GET /function/helper/info.php HTTP/1.1" 404 564 "-" "Mozilla/5.0 (Macintosh; Intel Mac OS X 10_12_3) AppleWebKit/537.36 (KHTML, like Gecko) Chrome/56.0.2924.87 Safari/537.36"
94.72.101.21 - - [02/Nov/2024:20:17:33 +0000] "GET /function/lara/info.php HTTP/1.1" 404 564 "-" "Mozilla/5.0 (Macintosh; Intel Mac OS X 10_12_3) AppleWebKit/537.36 (KHTML, like Gecko) Chrome/56.0.2924.87 Safari/537.36"
94.72.101.21 - - [02/Nov/2024:20:17:33 +0000] "GET /function/laravel/info.php HTTP/1.1" 404 564 "-" "Mozilla/5.0 (Macintosh; Intel Mac OS X 10_12_3) AppleWebKit/537.36 (KHTML, like Gecko) Chrome/56.0.2924.87 Safari/537.36"
94.72.101.21 - - [02/Nov/2024:20:17:34 +0000] "GET /function/server/info.php HTTP/1.1" 404 564 "-" "Mozilla/5.0 (Macintosh; Intel Mac OS X 10_12_3) AppleWebKit/537.36 (KHTML, like Gecko) Chrome/56.0.2924.87 Safari/537.36"
94.72.101.21 - - [02/Nov/2024:20:17:34 +0000] "GET /function/service/info.php HTTP/1.1" 404 564 "-" "Mozilla/5.0 (Macintosh; Intel Mac OS X 10_12_3) AppleWebKit/537.36 (KHTML, like Gecko) Chrome/56.0.2924.87 Safari/537.36"
94.72.101.21 - - [02/Nov/2024:20:17:34 +0000] "GET /function/services/info.php HTTP/1.1" 404 564 "-" "Mozilla/5.0 (Macintosh; Intel Mac OS X 10_12_3) AppleWebKit/537.36 (KHTML, like Gecko) Chrome/56.0.2924.87 Safari/537.36"
94.72.101.21 - - [02/Nov/2024:20:17:35 +0000] "GET /function/php-info.php HTTP/1.1" 404 564 "-" "Mozilla/5.0 (Macintosh; Intel Mac OS X 10_12_3) AppleWebKit/537.36 (KHTML, like Gecko) Chrome/56.0.2924.87 Safari/537.36"
94.72.101.21 - - [02/Nov/2024:20:17:35 +0000] "GET /function/linusadmin-phpinfo.php HTTP/1.1" 404 564 "-" "Mozilla/5.0 (Macintosh; Intel Mac OS X 10_12_3) AppleWebKit/537.36 (KHTML, like Gecko) Chrome/56.0.2924.87 Safari/537.36"
94.72.101.21 - - [02/Nov/2024:20:17:35 +0000] "GET /function/infos.php HTTP/1.1" 404 564 "-" "Mozilla/5.0 (Macintosh; Intel Mac OS X 10_12_3) AppleWebKit/537.36 (KHTML, like Gecko) Chrome/56.0.2924.87 Safari/537.36"
94.72.101.21 - - [02/Nov/2024:20:17:36 +0000] "GET /function/old_phpinfo.php HTTP/1.1" 404 564 "-" "Mozilla/5.0 (Macintosh; Intel Mac OS X 10_12_3) AppleWebKit/537.36 (KHTML, like Gecko) Chrome/56.0.2924.87 Safari/537.36"
94.72.101.21 - - [02/Nov/2024:20:17:36 +0000] "GET /function/temp.php HTTP/1.1" 404 564 "-" "Mozilla/5.0 (Macintosh; Intel Mac OS X 10_12_3) AppleWebKit/537.36 (KHTML, like Gecko) Chrome/56.0.2924.87 Safari/537.36"
94.72.101.21 - - [02/Nov/2024:20:17:36 +0000] "GET /function/time.php HTTP/1.1" 404 564 "-" "Mozilla/5.0 (Macintosh; Intel Mac OS X 10_12_3) AppleWebKit/537.36 (KHTML, like Gecko) Chrome/56.0.2924.87 Safari/537.36"
94.72.101.21 - - [02/Nov/2024:20:17:36 +0000] "GET /function/phpversion.php HTTP/1.1" 404 564 "-" "Mozilla/5.0 (Macintosh; Intel Mac OS X 10_12_3) AppleWebKit/537.36 (KHTML, like Gecko) Chrome/56.0.2924.87 Safari/537.36"
94.72.101.21 - - [02/Nov/2024:20:17:36 +0000] "GET /function/pinfo.php HTTP/1.1" 404 564 "-" "Mozilla/5.0 (Macintosh; Intel Mac OS X 10_12_3) AppleWebKit/537.36 (KHTML, like Gecko) Chrome/56.0.2924.87 Safari/537.36"
94.72.101.21 - - [02/Nov/2024:20:17:37 +0000] "GET /function/i.php HTTP/1.1" 404 564 "-" "Mozilla/5.0 (Macintosh; Intel Mac OS X 10_12_3) AppleWebKit/537.36 (KHTML, like Gecko) Chrome/56.0.2924.87 Safari/537.36"
94.72.101.21 - - [02/Nov/2024:20:17:37 +0000] "GET /function/asdf.php HTTP/1.1" 404 564 "-" "Mozilla/5.0 (Macintosh; Intel Mac OS X 10_12_3) AppleWebKit/537.36 (KHTML, like Gecko) Chrome/56.0.2924.87 Safari/537.36"
94.72.101.21 - - [02/Nov/2024:20:17:37 +0000] "GET /helper/xampp/info.php HTTP/1.1" 404 564 "-" "Mozilla/5.0 (Macintosh; Intel Mac OS X 10_12_3) AppleWebKit/537.36 (KHTML, like Gecko) Chrome/56.0.2924.87 Safari/537.36"
94.72.101.21 - - [02/Nov/2024:20:17:38 +0000] "GET /helper/xampp/phpinfo HTTP/1.1" 404 564 "-" "Mozilla/5.0 (Macintosh; Intel Mac OS X 10_12_3) AppleWebKit/537.36 (KHTML, like Gecko) Chrome/56.0.2924.87 Safari/537.36"
94.72.101.21 - - [02/Nov/2024:20:17:38 +0000] "GET /helper/_profiler/phpinfo HTTP/1.1" 404 564 "-" "Mozilla/5.0 (Macintosh; Intel Mac OS X 10_12_3) AppleWebKit/537.36 (KHTML, like Gecko) Chrome/56.0.2924.87 Safari/537.36"
94.72.101.21 - - [02/Nov/2024:20:17:39 +0000] "GET /helper/phpinfo HTTP/1.1" 404 564 "-" "Mozilla/5.0 (Macintosh; Intel Mac OS X 10_12_3) AppleWebKit/537.36 (KHTML, like Gecko) Chrome/56.0.2924.87 Safari/537.36"
94.72.101.21 - - [02/Nov/2024:20:17:39 +0000] "GET /helper/php.ini HTTP/1.1" 404 564 "-" "Mozilla/5.0 (Macintosh; Intel Mac OS X 10_12_3) AppleWebKit/537.36 (KHTML, like Gecko) Chrome/56.0.2924.87 Safari/537.36"
94.72.101.21 - - [02/Nov/2024:20:17:39 +0000] "GET /helper/php.php HTTP/1.1" 404 564 "-" "Mozilla/5.0 (Macintosh; Intel Mac OS X 10_12_3) AppleWebKit/537.36 (KHTML, like Gecko) Chrome/56.0.2924.87 Safari/537.36"
94.72.101.21 - - [02/Nov/2024:20:17:39 +0000] "GET /helper/infophp.php HTTP/1.1" 404 564 "-" "Mozilla/5.0 (Macintosh; Intel Mac OS X 10_12_3) AppleWebKit/537.36 (KHTML, like Gecko) Chrome/56.0.2924.87 Safari/537.36"
94.72.101.21 - - [02/Nov/2024:20:17:40 +0000] "GET /helper/test.php HTTP/1.1" 404 564 "-" "Mozilla/5.0 (Macintosh; Intel Mac OS X 10_12_3) AppleWebKit/537.36 (KHTML, like Gecko) Chrome/56.0.2924.87 Safari/537.36"
94.72.101.21 - - [02/Nov/2024:20:17:40 +0000] "GET /helper/dashboard/phpinfo.php HTTP/1.1" 404 564 "-" "Mozilla/5.0 (Macintosh; Intel Mac OS X 10_12_3) AppleWebKit/537.36 (KHTML, like Gecko) Chrome/56.0.2924.87 Safari/537.36"
94.72.101.21 - - [02/Nov/2024:20:17:40 +0000] "GET /helper/api/phpinfo.php HTTP/1.1" 404 564 "-" "Mozilla/5.0 (Macintosh; Intel Mac OS X 10_12_3) AppleWebKit/537.36 (KHTML, like Gecko) Chrome/56.0.2924.87 Safari/537.36"
94.72.101.21 - - [02/Nov/2024:20:17:41 +0000] "GET /helper/backend/phpinfo.php HTTP/1.1" 404 564 "-" "Mozilla/5.0 (Macintosh; Intel Mac OS X 10_12_3) AppleWebKit/537.36 (KHTML, like Gecko) Chrome/56.0.2924.87 Safari/537.36"
94.72.101.21 - - [02/Nov/2024:20:17:41 +0000] "GET /helper/backup/phpinfo.php HTTP/1.1" 404 564 "-" "Mozilla/5.0 (Macintosh; Intel Mac OS X 10_12_3) AppleWebKit/537.36 (KHTML, like Gecko) Chrome/56.0.2924.87 Safari/537.36"
94.72.101.21 - - [02/Nov/2024:20:17:41 +0000] "GET /helper/crm/phpinfo.php HTTP/1.1" 404 564 "-" "Mozilla/5.0 (Macintosh; Intel Mac OS X 10_12_3) AppleWebKit/537.36 (KHTML, like Gecko) Chrome/56.0.2924.87 Safari/537.36"
94.72.101.21 - - [02/Nov/2024:20:17:41 +0000] "GET /helper/current/phpinfo.php HTTP/1.1" 404 564 "-" "Mozilla/5.0 (Macintosh; Intel Mac OS X 10_12_3) AppleWebKit/537.36 (KHTML, like Gecko) Chrome/56.0.2924.87 Safari/537.36"
94.72.101.21 - - [02/Nov/2024:20:17:41 +0000] "GET /helper/dev/phpinfo.php HTTP/1.1" 404 564 "-" "Mozilla/5.0 (Macintosh; Intel Mac OS X 10_12_3) AppleWebKit/537.36 (KHTML, like Gecko) Chrome/56.0.2924.87 Safari/537.36"
94.72.101.21 - - [02/Nov/2024:20:17:42 +0000] "GET /helper/develop/phpinfo.php HTTP/1.1" 404 564 "-" "Mozilla/5.0 (Macintosh; Intel Mac OS X 10_12_3) AppleWebKit/537.36 (KHTML, like Gecko) Chrome/56.0.2924.87 Safari/537.36"
94.72.101.21 - - [02/Nov/2024:20:17:42 +0000] "GET /helper/development/phpinfo.php HTTP/1.1" 404 564 "-" "Mozilla/5.0 (Macintosh; Intel Mac OS X 10_12_3) AppleWebKit/537.36 (KHTML, like Gecko) Chrome/56.0.2924.87 Safari/537.36"
94.72.101.21 - - [02/Nov/2024:20:17:42 +0000] "GET /helper/help/phpinfo.php HTTP/1.1" 404 564 "-" "Mozilla/5.0 (Macintosh; Intel Mac OS X 10_12_3) AppleWebKit/537.36 (KHTML, like Gecko) Chrome/56.0.2924.87 Safari/537.36"
94.72.101.21 - - [02/Nov/2024:20:17:42 +0000] "GET /helper/helper/phpinfo.php HTTP/1.1" 404 564 "-" "Mozilla/5.0 (Macintosh; Intel Mac OS X 10_12_3) AppleWebKit/537.36 (KHTML, like Gecko) Chrome/56.0.2924.87 Safari/537.36"
94.72.101.21 - - [02/Nov/2024:20:17:43 +0000] "GET /helper/lara/phpinfo.php HTTP/1.1" 404 564 "-" "Mozilla/5.0 (Macintosh; Intel Mac OS X 10_12_3) AppleWebKit/537.36 (KHTML, like Gecko) Chrome/56.0.2924.87 Safari/537.36"
94.72.101.21 - - [02/Nov/2024:20:17:43 +0000] "GET /helper/laravel/phpinfo.php HTTP/1.1" 404 564 "-" "Mozilla/5.0 (Macintosh; Intel Mac OS X 10_12_3) AppleWebKit/537.36 (KHTML, like Gecko) Chrome/56.0.2924.87 Safari/537.36"
94.72.101.21 - - [02/Nov/2024:20:17:43 +0000] "GET /helper/server/phpinfo.php HTTP/1.1" 404 564 "-" "Mozilla/5.0 (Macintosh; Intel Mac OS X 10_12_3) AppleWebKit/537.36 (KHTML, like Gecko) Chrome/56.0.2924.87 Safari/537.36"
94.72.101.21 - - [02/Nov/2024:20:17:43 +0000] "GET /helper/service/phpinfo.php HTTP/1.1" 404 564 "-" "Mozilla/5.0 (Macintosh; Intel Mac OS X 10_12_3) AppleWebKit/537.36 (KHTML, like Gecko) Chrome/56.0.2924.87 Safari/537.36"
94.72.101.21 - - [02/Nov/2024:20:17:44 +0000] "GET /helper/services/phpinfo.php HTTP/1.1" 404 564 "-" "Mozilla/5.0 (Macintosh; Intel Mac OS X 10_12_3) AppleWebKit/537.36 (KHTML, like Gecko) Chrome/56.0.2924.87 Safari/537.36"
94.72.101.21 - - [02/Nov/2024:20:17:44 +0000] "GET /helper/xampp/phpinfo.php HTTP/1.1" 404 564 "-" "Mozilla/5.0 (Macintosh; Intel Mac OS X 10_12_3) AppleWebKit/537.36 (KHTML, like Gecko) Chrome/56.0.2924.87 Safari/537.36"
94.72.101.21 - - [02/Nov/2024:20:17:44 +0000] "GET /helper/api/info.php HTTP/1.1" 404 564 "-" "Mozilla/5.0 (Macintosh; Intel Mac OS X 10_12_3) AppleWebKit/537.36 (KHTML, like Gecko) Chrome/56.0.2924.87 Safari/537.36"
94.72.101.21 - - [02/Nov/2024:20:17:45 +0000] "GET /helper/backend/info.php HTTP/1.1" 404 564 "-" "Mozilla/5.0 (Macintosh; Intel Mac OS X 10_12_3) AppleWebKit/537.36 (KHTML, like Gecko) Chrome/56.0.2924.87 Safari/537.36"
94.72.101.21 - - [02/Nov/2024:20:17:45 +0000] "GET /helper/backup/info.php HTTP/1.1" 404 564 "-" "Mozilla/5.0 (Macintosh; Intel Mac OS X 10_12_3) AppleWebKit/537.36 (KHTML, like Gecko) Chrome/56.0.2924.87 Safari/537.36"
94.72.101.21 - - [02/Nov/2024:20:17:45 +0000] "GET /helper/crm/info.php HTTP/1.1" 404 564 "-" "Mozilla/5.0 (Macintosh; Intel Mac OS X 10_12_3) AppleWebKit/537.36 (KHTML, like Gecko) Chrome/56.0.2924.87 Safari/537.36"
94.72.101.21 - - [02/Nov/2024:20:17:46 +0000] "GET /helper/current/info.php HTTP/1.1" 404 564 "-" "Mozilla/5.0 (Macintosh; Intel Mac OS X 10_12_3) AppleWebKit/537.36 (KHTML, like Gecko) Chrome/56.0.2924.87 Safari/537.36"
94.72.101.21 - - [02/Nov/2024:20:17:46 +0000] "GET /helper/dev/info.php HTTP/1.1" 404 564 "-" "Mozilla/5.0 (Macintosh; Intel Mac OS X 10_12_3) AppleWebKit/537.36 (KHTML, like Gecko) Chrome/56.0.2924.87 Safari/537.36"
94.72.101.21 - - [02/Nov/2024:20:17:46 +0000] "GET /helper/develop/info.php HTTP/1.1" 404 564 "-" "Mozilla/5.0 (Macintosh; Intel Mac OS X 10_12_3) AppleWebKit/537.36 (KHTML, like Gecko) Chrome/56.0.2924.87 Safari/537.36"
94.72.101.21 - - [02/Nov/2024:20:17:46 +0000] "GET /helper/development/iinfo.php HTTP/1.1" 404 564 "-" "Mozilla/5.0 (Macintosh; Intel Mac OS X 10_12_3) AppleWebKit/537.36 (KHTML, like Gecko) Chrome/56.0.2924.87 Safari/537.36"
94.72.101.21 - - [02/Nov/2024:20:17:46 +0000] "GET /helper/help/info.php HTTP/1.1" 404 564 "-" "Mozilla/5.0 (Macintosh; Intel Mac OS X 10_12_3) AppleWebKit/537.36 (KHTML, like Gecko) Chrome/56.0.2924.87 Safari/537.36"
94.72.101.21 - - [02/Nov/2024:20:17:47 +0000] "GET /helper/helper/info.php HTTP/1.1" 404 564 "-" "Mozilla/5.0 (Macintosh; Intel Mac OS X 10_12_3) AppleWebKit/537.36 (KHTML, like Gecko) Chrome/56.0.2924.87 Safari/537.36"
94.72.101.21 - - [02/Nov/2024:20:17:47 +0000] "GET /helper/lara/info.php HTTP/1.1" 404 564 "-" "Mozilla/5.0 (Macintosh; Intel Mac OS X 10_12_3) AppleWebKit/537.36 (KHTML, like Gecko) Chrome/56.0.2924.87 Safari/537.36"
94.72.101.21 - - [02/Nov/2024:20:17:47 +0000] "GET /helper/laravel/info.php HTTP/1.1" 404 564 "-" "Mozilla/5.0 (Macintosh; Intel Mac OS X 10_12_3) AppleWebKit/537.36 (KHTML, like Gecko) Chrome/56.0.2924.87 Safari/537.36"
94.72.101.21 - - [02/Nov/2024:20:17:47 +0000] "GET /helper/server/info.php HTTP/1.1" 404 564 "-" "Mozilla/5.0 (Macintosh; Intel Mac OS X 10_12_3) AppleWebKit/537.36 (KHTML, like Gecko) Chrome/56.0.2924.87 Safari/537.36"
94.72.101.21 - - [02/Nov/2024:20:17:48 +0000] "GET /helper/service/info.php HTTP/1.1" 404 564 "-" "Mozilla/5.0 (Macintosh; Intel Mac OS X 10_12_3) AppleWebKit/537.36 (KHTML, like Gecko) Chrome/56.0.2924.87 Safari/537.36"
94.72.101.21 - - [02/Nov/2024:20:17:48 +0000] "GET /helper/services/info.php HTTP/1.1" 404 564 "-" "Mozilla/5.0 (Macintosh; Intel Mac OS X 10_12_3) AppleWebKit/537.36 (KHTML, like Gecko) Chrome/56.0.2924.87 Safari/537.36"
94.72.101.21 - - [02/Nov/2024:20:17:48 +0000] "GET /helper/php-info.php HTTP/1.1" 404 564 "-" "Mozilla/5.0 (Macintosh; Intel Mac OS X 10_12_3) AppleWebKit/537.36 (KHTML, like Gecko) Chrome/56.0.2924.87 Safari/537.36"
94.72.101.21 - - [02/Nov/2024:20:17:48 +0000] "GET /helper/linusadmin-phpinfo.php HTTP/1.1" 404 564 "-" "Mozilla/5.0 (Macintosh; Intel Mac OS X 10_12_3) AppleWebKit/537.36 (KHTML, like Gecko) Chrome/56.0.2924.87 Safari/537.36"
94.72.101.21 - - [02/Nov/2024:20:17:48 +0000] "GET /helper/infos.php HTTP/1.1" 404 564 "-" "Mozilla/5.0 (Macintosh; Intel Mac OS X 10_12_3) AppleWebKit/537.36 (KHTML, like Gecko) Chrome/56.0.2924.87 Safari/537.36"
94.72.101.21 - - [02/Nov/2024:20:17:49 +0000] "GET /helper/old_phpinfo.php HTTP/1.1" 404 564 "-" "Mozilla/5.0 (Macintosh; Intel Mac OS X 10_12_3) AppleWebKit/537.36 (KHTML, like Gecko) Chrome/56.0.2924.87 Safari/537.36"
94.72.101.21 - - [02/Nov/2024:20:17:49 +0000] "GET /helper/temp.php HTTP/1.1" 404 564 "-" "Mozilla/5.0 (Macintosh; Intel Mac OS X 10_12_3) AppleWebKit/537.36 (KHTML, like Gecko) Chrome/56.0.2924.87 Safari/537.36"
94.72.101.21 - - [02/Nov/2024:20:17:49 +0000] "GET /helper/time.php HTTP/1.1" 404 564 "-" "Mozilla/5.0 (Macintosh; Intel Mac OS X 10_12_3) AppleWebKit/537.36 (KHTML, like Gecko) Chrome/56.0.2924.87 Safari/537.36"
94.72.101.21 - - [02/Nov/2024:20:17:49 +0000] "GET /helper/phpversion.php HTTP/1.1" 404 564 "-" "Mozilla/5.0 (Macintosh; Intel Mac OS X 10_12_3) AppleWebKit/537.36 (KHTML, like Gecko) Chrome/56.0.2924.87 Safari/537.36"
94.72.101.21 - - [02/Nov/2024:20:17:50 +0000] "GET /helper/pinfo.php HTTP/1.1" 404 564 "-" "Mozilla/5.0 (Macintosh; Intel Mac OS X 10_12_3) AppleWebKit/537.36 (KHTML, like Gecko) Chrome/56.0.2924.87 Safari/537.36"
94.72.101.21 - - [02/Nov/2024:20:17:50 +0000] "GET /helper/i.php HTTP/1.1" 404 564 "-" "Mozilla/5.0 (Macintosh; Intel Mac OS X 10_12_3) AppleWebKit/537.36 (KHTML, like Gecko) Chrome/56.0.2924.87 Safari/537.36"
94.72.101.21 - - [02/Nov/2024:20:17:50 +0000] "GET /helper/asdf.php HTTP/1.1" 404 564 "-" "Mozilla/5.0 (Macintosh; Intel Mac OS X 10_12_3) AppleWebKit/537.36 (KHTML, like Gecko) Chrome/56.0.2924.87 Safari/537.36"
94.72.101.21 - - [02/Nov/2024:20:17:50 +0000] "GET /info/xampp/info.php HTTP/1.1" 404 564 "-" "Mozilla/5.0 (Macintosh; Intel Mac OS X 10_12_3) AppleWebKit/537.36 (KHTML, like Gecko) Chrome/56.0.2924.87 Safari/537.36"
94.72.101.21 - - [02/Nov/2024:20:17:51 +0000] "GET /info/xampp/phpinfo HTTP/1.1" 404 564 "-" "Mozilla/5.0 (Macintosh; Intel Mac OS X 10_12_3) AppleWebKit/537.36 (KHTML, like Gecko) Chrome/56.0.2924.87 Safari/537.36"
94.72.101.21 - - [02/Nov/2024:20:17:51 +0000] "GET /info/_profiler/phpinfo HTTP/1.1" 404 564 "-" "Mozilla/5.0 (Macintosh; Intel Mac OS X 10_12_3) AppleWebKit/537.36 (KHTML, like Gecko) Chrome/56.0.2924.87 Safari/537.36"
94.72.101.21 - - [02/Nov/2024:20:17:51 +0000] "GET /info/php.ini HTTP/1.1" 404 564 "-" "Mozilla/5.0 (Macintosh; Intel Mac OS X 10_12_3) AppleWebKit/537.36 (KHTML, like Gecko) Chrome/56.0.2924.87 Safari/537.36"
94.72.101.21 - - [02/Nov/2024:20:17:51 +0000] "GET /info/php.php HTTP/1.1" 404 564 "-" "Mozilla/5.0 (Macintosh; Intel Mac OS X 10_12_3) AppleWebKit/537.36 (KHTML, like Gecko) Chrome/56.0.2924.87 Safari/537.36"
94.72.101.21 - - [02/Nov/2024:20:17:51 +0000] "GET /info/infophp.php HTTP/1.1" 404 564 "-" "Mozilla/5.0 (Macintosh; Intel Mac OS X 10_12_3) AppleWebKit/537.36 (KHTML, like Gecko) Chrome/56.0.2924.87 Safari/537.36"
94.72.101.21 - - [02/Nov/2024:20:17:52 +0000] "GET /info/test.php HTTP/1.1" 404 564 "-" "Mozilla/5.0 (Macintosh; Intel Mac OS X 10_12_3) AppleWebKit/537.36 (KHTML, like Gecko) Chrome/56.0.2924.87 Safari/537.36"
94.72.101.21 - - [02/Nov/2024:20:17:53 +0000] "GET /info/dashboard/phpinfo.php HTTP/1.1" 404 564 "-" "Mozilla/5.0 (Macintosh; Intel Mac OS X 10_12_3) AppleWebKit/537.36 (KHTML, like Gecko) Chrome/56.0.2924.87 Safari/537.36"
94.72.101.21 - - [02/Nov/2024:20:17:53 +0000] "GET /info/api/phpinfo.php HTTP/1.1" 404 564 "-" "Mozilla/5.0 (Macintosh; Intel Mac OS X 10_12_3) AppleWebKit/537.36 (KHTML, like Gecko) Chrome/56.0.2924.87 Safari/537.36"
94.72.101.21 - - [02/Nov/2024:20:17:53 +0000] "GET /info/backend/phpinfo.php HTTP/1.1" 404 564 "-" "Mozilla/5.0 (Macintosh; Intel Mac OS X 10_12_3) AppleWebKit/537.36 (KHTML, like Gecko) Chrome/56.0.2924.87 Safari/537.36"
94.72.101.21 - - [02/Nov/2024:20:17:53 +0000] "GET /info/backup/phpinfo.php HTTP/1.1" 404 564 "-" "Mozilla/5.0 (Macintosh; Intel Mac OS X 10_12_3) AppleWebKit/537.36 (KHTML, like Gecko) Chrome/56.0.2924.87 Safari/537.36"
94.72.101.21 - - [02/Nov/2024:20:17:53 +0000] "GET /info/crm/phpinfo.php HTTP/1.1" 404 564 "-" "Mozilla/5.0 (Macintosh; Intel Mac OS X 10_12_3) AppleWebKit/537.36 (KHTML, like Gecko) Chrome/56.0.2924.87 Safari/537.36"
94.72.101.21 - - [02/Nov/2024:20:17:54 +0000] "GET /info/current/phpinfo.php HTTP/1.1" 404 564 "-" "Mozilla/5.0 (Macintosh; Intel Mac OS X 10_12_3) AppleWebKit/537.36 (KHTML, like Gecko) Chrome/56.0.2924.87 Safari/537.36"
94.72.101.21 - - [02/Nov/2024:20:17:54 +0000] "GET /info/dev/phpinfo.php HTTP/1.1" 404 564 "-" "Mozilla/5.0 (Macintosh; Intel Mac OS X 10_12_3) AppleWebKit/537.36 (KHTML, like Gecko) Chrome/56.0.2924.87 Safari/537.36"
94.72.101.21 - - [02/Nov/2024:20:17:54 +0000] "GET /info/develop/phpinfo.php HTTP/1.1" 404 564 "-" "Mozilla/5.0 (Macintosh; Intel Mac OS X 10_12_3) AppleWebKit/537.36 (KHTML, like Gecko) Chrome/56.0.2924.87 Safari/537.36"
94.72.101.21 - - [02/Nov/2024:20:17:54 +0000] "GET /info/development/phpinfo.php HTTP/1.1" 404 564 "-" "Mozilla/5.0 (Macintosh; Intel Mac OS X 10_12_3) AppleWebKit/537.36 (KHTML, like Gecko) Chrome/56.0.2924.87 Safari/537.36"
94.72.101.21 - - [02/Nov/2024:20:17:55 +0000] "GET /info/help/phpinfo.php HTTP/1.1" 404 564 "-" "Mozilla/5.0 (Macintosh; Intel Mac OS X 10_12_3) AppleWebKit/537.36 (KHTML, like Gecko) Chrome/56.0.2924.87 Safari/537.36"
94.72.101.21 - - [02/Nov/2024:20:17:55 +0000] "GET /info/helper/phpinfo.php HTTP/1.1" 404 564 "-" "Mozilla/5.0 (Macintosh; Intel Mac OS X 10_12_3) AppleWebKit/537.36 (KHTML, like Gecko) Chrome/56.0.2924.87 Safari/537.36"
94.72.101.21 - - [02/Nov/2024:20:17:55 +0000] "GET /info/lara/phpinfo.php HTTP/1.1" 404 564 "-" "Mozilla/5.0 (Macintosh; Intel Mac OS X 10_12_3) AppleWebKit/537.36 (KHTML, like Gecko) Chrome/56.0.2924.87 Safari/537.36"
94.72.101.21 - - [02/Nov/2024:20:17:56 +0000] "GET /info/laravel/phpinfo.php HTTP/1.1" 404 564 "-" "Mozilla/5.0 (Macintosh; Intel Mac OS X 10_12_3) AppleWebKit/537.36 (KHTML, like Gecko) Chrome/56.0.2924.87 Safari/537.36"
94.72.101.21 - - [02/Nov/2024:20:17:56 +0000] "GET /info/server/phpinfo.php HTTP/1.1" 404 564 "-" "Mozilla/5.0 (Macintosh; Intel Mac OS X 10_12_3) AppleWebKit/537.36 (KHTML, like Gecko) Chrome/56.0.2924.87 Safari/537.36"
94.72.101.21 - - [02/Nov/2024:20:17:56 +0000] "GET /info/service/phpinfo.php HTTP/1.1" 404 564 "-" "Mozilla/5.0 (Macintosh; Intel Mac OS X 10_12_3) AppleWebKit/537.36 (KHTML, like Gecko) Chrome/56.0.2924.87 Safari/537.36"
94.72.101.21 - - [02/Nov/2024:20:17:56 +0000] "GET /info/services/phpinfo.php HTTP/1.1" 404 564 "-" "Mozilla/5.0 (Macintosh; Intel Mac OS X 10_12_3) AppleWebKit/537.36 (KHTML, like Gecko) Chrome/56.0.2924.87 Safari/537.36"
94.72.101.21 - - [02/Nov/2024:20:17:56 +0000] "GET /info/xampp/phpinfo.php HTTP/1.1" 404 564 "-" "Mozilla/5.0 (Macintosh; Intel Mac OS X 10_12_3) AppleWebKit/537.36 (KHTML, like Gecko) Chrome/56.0.2924.87 Safari/537.36"
94.72.101.21 - - [02/Nov/2024:20:17:56 +0000] "GET /info/api/info.php HTTP/1.1" 404 564 "-" "Mozilla/5.0 (Macintosh; Intel Mac OS X 10_12_3) AppleWebKit/537.36 (KHTML, like Gecko) Chrome/56.0.2924.87 Safari/537.36"
94.72.101.21 - - [02/Nov/2024:20:17:57 +0000] "GET /info/backend/info.php HTTP/1.1" 404 564 "-" "Mozilla/5.0 (Macintosh; Intel Mac OS X 10_12_3) AppleWebKit/537.36 (KHTML, like Gecko) Chrome/56.0.2924.87 Safari/537.36"
94.72.101.21 - - [02/Nov/2024:20:17:57 +0000] "GET /info/backup/info.php HTTP/1.1" 404 564 "-" "Mozilla/5.0 (Macintosh; Intel Mac OS X 10_12_3) AppleWebKit/537.36 (KHTML, like Gecko) Chrome/56.0.2924.87 Safari/537.36"
94.72.101.21 - - [02/Nov/2024:20:17:57 +0000] "GET /info/crm/info.php HTTP/1.1" 404 564 "-" "Mozilla/5.0 (Macintosh; Intel Mac OS X 10_12_3) AppleWebKit/537.36 (KHTML, like Gecko) Chrome/56.0.2924.87 Safari/537.36"
94.72.101.21 - - [02/Nov/2024:20:17:58 +0000] "GET /info/current/info.php HTTP/1.1" 404 564 "-" "Mozilla/5.0 (Macintosh; Intel Mac OS X 10_12_3) AppleWebKit/537.36 (KHTML, like Gecko) Chrome/56.0.2924.87 Safari/537.36"
94.72.101.21 - - [02/Nov/2024:20:17:58 +0000] "GET /info/dev/info.php HTTP/1.1" 404 564 "-" "Mozilla/5.0 (Macintosh; Intel Mac OS X 10_12_3) AppleWebKit/537.36 (KHTML, like Gecko) Chrome/56.0.2924.87 Safari/537.36"
94.72.101.21 - - [02/Nov/2024:20:17:58 +0000] "GET /info/develop/info.php HTTP/1.1" 404 564 "-" "Mozilla/5.0 (Macintosh; Intel Mac OS X 10_12_3) AppleWebKit/537.36 (KHTML, like Gecko) Chrome/56.0.2924.87 Safari/537.36"
94.72.101.21 - - [02/Nov/2024:20:17:58 +0000] "GET /info/development/iinfo.php HTTP/1.1" 404 564 "-" "Mozilla/5.0 (Macintosh; Intel Mac OS X 10_12_3) AppleWebKit/537.36 (KHTML, like Gecko) Chrome/56.0.2924.87 Safari/537.36"
94.72.101.21 - - [02/Nov/2024:20:17:58 +0000] "GET /info/help/info.php HTTP/1.1" 404 564 "-" "Mozilla/5.0 (Macintosh; Intel Mac OS X 10_12_3) AppleWebKit/537.36 (KHTML, like Gecko) Chrome/56.0.2924.87 Safari/537.36"
94.72.101.21 - - [02/Nov/2024:20:17:58 +0000] "GET /info/helper/info.php HTTP/1.1" 404 564 "-" "Mozilla/5.0 (Macintosh; Intel Mac OS X 10_12_3) AppleWebKit/537.36 (KHTML, like Gecko) Chrome/56.0.2924.87 Safari/537.36"
94.72.101.21 - - [02/Nov/2024:20:17:59 +0000] "GET /info/lara/info.php HTTP/1.1" 404 564 "-" "Mozilla/5.0 (Macintosh; Intel Mac OS X 10_12_3) AppleWebKit/537.36 (KHTML, like Gecko) Chrome/56.0.2924.87 Safari/537.36"
94.72.101.21 - - [02/Nov/2024:20:17:59 +0000] "GET /info/laravel/info.php HTTP/1.1" 404 564 "-" "Mozilla/5.0 (Macintosh; Intel Mac OS X 10_12_3) AppleWebKit/537.36 (KHTML, like Gecko) Chrome/56.0.2924.87 Safari/537.36"
94.72.101.21 - - [02/Nov/2024:20:17:59 +0000] "GET /info/server/info.php HTTP/1.1" 404 564 "-" "Mozilla/5.0 (Macintosh; Intel Mac OS X 10_12_3) AppleWebKit/537.36 (KHTML, like Gecko) Chrome/56.0.2924.87 Safari/537.36"
94.72.101.21 - - [02/Nov/2024:20:17:59 +0000] "GET /info/service/info.php HTTP/1.1" 404 564 "-" "Mozilla/5.0 (Macintosh; Intel Mac OS X 10_12_3) AppleWebKit/537.36 (KHTML, like Gecko) Chrome/56.0.2924.87 Safari/537.36"
94.72.101.21 - - [02/Nov/2024:20:17:59 +0000] "GET /info/services/info.php HTTP/1.1" 404 564 "-" "Mozilla/5.0 (Macintosh; Intel Mac OS X 10_12_3) AppleWebKit/537.36 (KHTML, like Gecko) Chrome/56.0.2924.87 Safari/537.36"
94.72.101.21 - - [02/Nov/2024:20:17:59 +0000] "GET /info/php-info.php HTTP/1.1" 404 564 "-" "Mozilla/5.0 (Macintosh; Intel Mac OS X 10_12_3) AppleWebKit/537.36 (KHTML, like Gecko) Chrome/56.0.2924.87 Safari/537.36"
94.72.101.21 - - [02/Nov/2024:20:18:00 +0000] "GET /info/linusadmin-phpinfo.php HTTP/1.1" 404 564 "-" "Mozilla/5.0 (Macintosh; Intel Mac OS X 10_12_3) AppleWebKit/537.36 (KHTML, like Gecko) Chrome/56.0.2924.87 Safari/537.36"
94.72.101.21 - - [02/Nov/2024:20:18:00 +0000] "GET /info/infos.php HTTP/1.1" 404 564 "-" "Mozilla/5.0 (Macintosh; Intel Mac OS X 10_12_3) AppleWebKit/537.36 (KHTML, like Gecko) Chrome/56.0.2924.87 Safari/537.36"
94.72.101.21 - - [02/Nov/2024:20:18:00 +0000] "GET /info/old_phpinfo.php HTTP/1.1" 404 564 "-" "Mozilla/5.0 (Macintosh; Intel Mac OS X 10_12_3) AppleWebKit/537.36 (KHTML, like Gecko) Chrome/56.0.2924.87 Safari/537.36"
94.72.101.21 - - [02/Nov/2024:20:18:00 +0000] "GET /info/temp.php HTTP/1.1" 404 564 "-" "Mozilla/5.0 (Macintosh; Intel Mac OS X 10_12_3) AppleWebKit/537.36 (KHTML, like Gecko) Chrome/56.0.2924.87 Safari/537.36"
94.72.101.21 - - [02/Nov/2024:20:18:00 +0000] "GET /info/time.php HTTP/1.1" 404 564 "-" "Mozilla/5.0 (Macintosh; Intel Mac OS X 10_12_3) AppleWebKit/537.36 (KHTML, like Gecko) Chrome/56.0.2924.87 Safari/537.36"
94.72.101.21 - - [02/Nov/2024:20:18:01 +0000] "GET /info/phpversion.php HTTP/1.1" 404 564 "-" "Mozilla/5.0 (Macintosh; Intel Mac OS X 10_12_3) AppleWebKit/537.36 (KHTML, like Gecko) Chrome/56.0.2924.87 Safari/537.36"
94.72.101.21 - - [02/Nov/2024:20:18:01 +0000] "GET /info/pinfo.php HTTP/1.1" 404 564 "-" "Mozilla/5.0 (Macintosh; Intel Mac OS X 10_12_3) AppleWebKit/537.36 (KHTML, like Gecko) Chrome/56.0.2924.87 Safari/537.36"
94.72.101.21 - - [02/Nov/2024:20:18:01 +0000] "GET /info/i.php HTTP/1.1" 404 564 "-" "Mozilla/5.0 (Macintosh; Intel Mac OS X 10_12_3) AppleWebKit/537.36 (KHTML, like Gecko) Chrome/56.0.2924.87 Safari/537.36"
94.72.101.21 - - [02/Nov/2024:20:18:01 +0000] "GET /info/asdf.php HTTP/1.1" 404 564 "-" "Mozilla/5.0 (Macintosh; Intel Mac OS X 10_12_3) AppleWebKit/537.36 (KHTML, like Gecko) Chrome/56.0.2924.87 Safari/537.36"
94.72.101.21 - - [02/Nov/2024:20:18:02 +0000] "GET /lms/xampp/info.php HTTP/1.1" 404 564 "-" "Mozilla/5.0 (Macintosh; Intel Mac OS X 10_12_3) AppleWebKit/537.36 (KHTML, like Gecko) Chrome/56.0.2924.87 Safari/537.36"
94.72.101.21 - - [02/Nov/2024:20:18:02 +0000] "GET /lms/xampp/phpinfo HTTP/1.1" 404 564 "-" "Mozilla/5.0 (Macintosh; Intel Mac OS X 10_12_3) AppleWebKit/537.36 (KHTML, like Gecko) Chrome/56.0.2924.87 Safari/537.36"
94.72.101.21 - - [02/Nov/2024:20:18:02 +0000] "GET /lms/_profiler/phpinfo HTTP/1.1" 404 564 "-" "Mozilla/5.0 (Macintosh; Intel Mac OS X 10_12_3) AppleWebKit/537.36 (KHTML, like Gecko) Chrome/56.0.2924.87 Safari/537.36"
94.72.101.21 - - [02/Nov/2024:20:18:03 +0000] "GET /lms/phpinfo.php HTTP/1.1" 404 564 "-" "Mozilla/5.0 (Macintosh; Intel Mac OS X 10_12_3) AppleWebKit/537.36 (KHTML, like Gecko) Chrome/56.0.2924.87 Safari/537.36"
94.72.101.21 - - [02/Nov/2024:20:18:03 +0000] "GET /lms/phpinfo HTTP/1.1" 404 564 "-" "Mozilla/5.0 (Macintosh; Intel Mac OS X 10_12_3) AppleWebKit/537.36 (KHTML, like Gecko) Chrome/56.0.2924.87 Safari/537.36"
94.72.101.21 - - [02/Nov/2024:20:18:03 +0000] "GET /lms/info.php HTTP/1.1" 404 564 "-" "Mozilla/5.0 (Macintosh; Intel Mac OS X 10_12_3) AppleWebKit/537.36 (KHTML, like Gecko) Chrome/56.0.2924.87 Safari/537.36"
94.72.101.21 - - [02/Nov/2024:20:18:04 +0000] "GET /lms/php.ini HTTP/1.1" 404 564 "-" "Mozilla/5.0 (Macintosh; Intel Mac OS X 10_12_3) AppleWebKit/537.36 (KHTML, like Gecko) Chrome/56.0.2924.87 Safari/537.36"
94.72.101.21 - - [02/Nov/2024:20:18:04 +0000] "GET /lms/php.php HTTP/1.1" 404 564 "-" "Mozilla/5.0 (Macintosh; Intel Mac OS X 10_12_3) AppleWebKit/537.36 (KHTML, like Gecko) Chrome/56.0.2924.87 Safari/537.36"
94.72.101.21 - - [02/Nov/2024:20:18:04 +0000] "GET /lms/infophp.php HTTP/1.1" 404 564 "-" "Mozilla/5.0 (Macintosh; Intel Mac OS X 10_12_3) AppleWebKit/537.36 (KHTML, like Gecko) Chrome/56.0.2924.87 Safari/537.36"
94.72.101.21 - - [02/Nov/2024:20:18:04 +0000] "GET /lms/test.php HTTP/1.1" 404 564 "-" "Mozilla/5.0 (Macintosh; Intel Mac OS X 10_12_3) AppleWebKit/537.36 (KHTML, like Gecko) Chrome/56.0.2924.87 Safari/537.36"
94.72.101.21 - - [02/Nov/2024:20:18:04 +0000] "GET /lms/dashboard/phpinfo.php HTTP/1.1" 404 564 "-" "Mozilla/5.0 (Macintosh; Intel Mac OS X 10_12_3) AppleWebKit/537.36 (KHTML, like Gecko) Chrome/56.0.2924.87 Safari/537.36"
94.72.101.21 - - [02/Nov/2024:20:18:05 +0000] "GET /lms/api/phpinfo.php HTTP/1.1" 404 564 "-" "Mozilla/5.0 (Macintosh; Intel Mac OS X 10_12_3) AppleWebKit/537.36 (KHTML, like Gecko) Chrome/56.0.2924.87 Safari/537.36"
94.72.101.21 - - [02/Nov/2024:20:18:05 +0000] "GET /lms/backend/phpinfo.php HTTP/1.1" 404 564 "-" "Mozilla/5.0 (Macintosh; Intel Mac OS X 10_12_3) AppleWebKit/537.36 (KHTML, like Gecko) Chrome/56.0.2924.87 Safari/537.36"
94.72.101.21 - - [02/Nov/2024:20:18:06 +0000] "GET /lms/backup/phpinfo.php HTTP/1.1" 404 564 "-" "Mozilla/5.0 (Macintosh; Intel Mac OS X 10_12_3) AppleWebKit/537.36 (KHTML, like Gecko) Chrome/56.0.2924.87 Safari/537.36"
94.72.101.21 - - [02/Nov/2024:20:18:06 +0000] "GET /lms/crm/phpinfo.php HTTP/1.1" 404 564 "-" "Mozilla/5.0 (Macintosh; Intel Mac OS X 10_12_3) AppleWebKit/537.36 (KHTML, like Gecko) Chrome/56.0.2924.87 Safari/537.36"
94.72.101.21 - - [02/Nov/2024:20:18:06 +0000] "GET /lms/current/phpinfo.php HTTP/1.1" 404 564 "-" "Mozilla/5.0 (Macintosh; Intel Mac OS X 10_12_3) AppleWebKit/537.36 (KHTML, like Gecko) Chrome/56.0.2924.87 Safari/537.36"
94.72.101.21 - - [02/Nov/2024:20:18:06 +0000] "GET /lms/dev/phpinfo.php HTTP/1.1" 404 564 "-" "Mozilla/5.0 (Macintosh; Intel Mac OS X 10_12_3) AppleWebKit/537.36 (KHTML, like Gecko) Chrome/56.0.2924.87 Safari/537.36"
94.72.101.21 - - [02/Nov/2024:20:18:06 +0000] "GET /lms/develop/phpinfo.php HTTP/1.1" 404 564 "-" "Mozilla/5.0 (Macintosh; Intel Mac OS X 10_12_3) AppleWebKit/537.36 (KHTML, like Gecko) Chrome/56.0.2924.87 Safari/537.36"
94.72.101.21 - - [02/Nov/2024:20:18:07 +0000] "GET /lms/development/phpinfo.php HTTP/1.1" 404 564 "-" "Mozilla/5.0 (Macintosh; Intel Mac OS X 10_12_3) AppleWebKit/537.36 (KHTML, like Gecko) Chrome/56.0.2924.87 Safari/537.36"
94.72.101.21 - - [02/Nov/2024:20:18:07 +0000] "GET /lms/help/phpinfo.php HTTP/1.1" 404 564 "-" "Mozilla/5.0 (Macintosh; Intel Mac OS X 10_12_3) AppleWebKit/537.36 (KHTML, like Gecko) Chrome/56.0.2924.87 Safari/537.36"
94.72.101.21 - - [02/Nov/2024:20:18:07 +0000] "GET /lms/helper/phpinfo.php HTTP/1.1" 404 564 "-" "Mozilla/5.0 (Macintosh; Intel Mac OS X 10_12_3) AppleWebKit/537.36 (KHTML, like Gecko) Chrome/56.0.2924.87 Safari/537.36"
94.72.101.21 - - [02/Nov/2024:20:18:07 +0000] "GET /lms/lara/phpinfo.php HTTP/1.1" 404 564 "-" "Mozilla/5.0 (Macintosh; Intel Mac OS X 10_12_3) AppleWebKit/537.36 (KHTML, like Gecko) Chrome/56.0.2924.87 Safari/537.36"
94.72.101.21 - - [02/Nov/2024:20:18:08 +0000] "GET /lms/laravel/phpinfo.php HTTP/1.1" 404 564 "-" "Mozilla/5.0 (Macintosh; Intel Mac OS X 10_12_3) AppleWebKit/537.36 (KHTML, like Gecko) Chrome/56.0.2924.87 Safari/537.36"
94.72.101.21 - - [02/Nov/2024:20:18:08 +0000] "GET /lms/server/phpinfo.php HTTP/1.1" 404 564 "-" "Mozilla/5.0 (Macintosh; Intel Mac OS X 10_12_3) AppleWebKit/537.36 (KHTML, like Gecko) Chrome/56.0.2924.87 Safari/537.36"
94.72.101.21 - - [02/Nov/2024:20:18:08 +0000] "GET /lms/service/phpinfo.php HTTP/1.1" 404 564 "-" "Mozilla/5.0 (Macintosh; Intel Mac OS X 10_12_3) AppleWebKit/537.36 (KHTML, like Gecko) Chrome/56.0.2924.87 Safari/537.36"
94.72.101.21 - - [02/Nov/2024:20:18:09 +0000] "GET /lms/services/phpinfo.php HTTP/1.1" 404 564 "-" "Mozilla/5.0 (Macintosh; Intel Mac OS X 10_12_3) AppleWebKit/537.36 (KHTML, like Gecko) Chrome/56.0.2924.87 Safari/537.36"
94.72.101.21 - - [02/Nov/2024:20:18:09 +0000] "GET /lms/xampp/phpinfo.php HTTP/1.1" 404 564 "-" "Mozilla/5.0 (Macintosh; Intel Mac OS X 10_12_3) AppleWebKit/537.36 (KHTML, like Gecko) Chrome/56.0.2924.87 Safari/537.36"
94.72.101.21 - - [02/Nov/2024:20:18:09 +0000] "GET /lms/api/info.php HTTP/1.1" 404 564 "-" "Mozilla/5.0 (Macintosh; Intel Mac OS X 10_12_3) AppleWebKit/537.36 (KHTML, like Gecko) Chrome/56.0.2924.87 Safari/537.36"
94.72.101.21 - - [02/Nov/2024:20:18:09 +0000] "GET /lms/backend/info.php HTTP/1.1" 404 564 "-" "Mozilla/5.0 (Macintosh; Intel Mac OS X 10_12_3) AppleWebKit/537.36 (KHTML, like Gecko) Chrome/56.0.2924.87 Safari/537.36"
94.72.101.21 - - [02/Nov/2024:20:18:10 +0000] "GET /lms/backup/info.php HTTP/1.1" 404 564 "-" "Mozilla/5.0 (Macintosh; Intel Mac OS X 10_12_3) AppleWebKit/537.36 (KHTML, like Gecko) Chrome/56.0.2924.87 Safari/537.36"
94.72.101.21 - - [02/Nov/2024:20:18:10 +0000] "GET /lms/crm/info.php HTTP/1.1" 404 564 "-" "Mozilla/5.0 (Macintosh; Intel Mac OS X 10_12_3) AppleWebKit/537.36 (KHTML, like Gecko) Chrome/56.0.2924.87 Safari/537.36"
94.72.101.21 - - [02/Nov/2024:20:18:10 +0000] "GET /lms/current/info.php HTTP/1.1" 404 564 "-" "Mozilla/5.0 (Macintosh; Intel Mac OS X 10_12_3) AppleWebKit/537.36 (KHTML, like Gecko) Chrome/56.0.2924.87 Safari/537.36"
94.72.101.21 - - [02/Nov/2024:20:18:10 +0000] "GET /lms/dev/info.php HTTP/1.1" 404 564 "-" "Mozilla/5.0 (Macintosh; Intel Mac OS X 10_12_3) AppleWebKit/537.36 (KHTML, like Gecko) Chrome/56.0.2924.87 Safari/537.36"
94.72.101.21 - - [02/Nov/2024:20:18:10 +0000] "GET /lms/develop/info.php HTTP/1.1" 404 564 "-" "Mozilla/5.0 (Macintosh; Intel Mac OS X 10_12_3) AppleWebKit/537.36 (KHTML, like Gecko) Chrome/56.0.2924.87 Safari/537.36"
94.72.101.21 - - [02/Nov/2024:20:18:11 +0000] "GET /lms/development/iinfo.php HTTP/1.1" 404 564 "-" "Mozilla/5.0 (Macintosh; Intel Mac OS X 10_12_3) AppleWebKit/537.36 (KHTML, like Gecko) Chrome/56.0.2924.87 Safari/537.36"
94.72.101.21 - - [02/Nov/2024:20:18:11 +0000] "GET /lms/help/info.php HTTP/1.1" 404 564 "-" "Mozilla/5.0 (Macintosh; Intel Mac OS X 10_12_3) AppleWebKit/537.36 (KHTML, like Gecko) Chrome/56.0.2924.87 Safari/537.36"
94.72.101.21 - - [02/Nov/2024:20:18:11 +0000] "GET /lms/helper/info.php HTTP/1.1" 404 564 "-" "Mozilla/5.0 (Macintosh; Intel Mac OS X 10_12_3) AppleWebKit/537.36 (KHTML, like Gecko) Chrome/56.0.2924.87 Safari/537.36"
94.72.101.21 - - [02/Nov/2024:20:18:11 +0000] "GET /lms/lara/info.php HTTP/1.1" 404 564 "-" "Mozilla/5.0 (Macintosh; Intel Mac OS X 10_12_3) AppleWebKit/537.36 (KHTML, like Gecko) Chrome/56.0.2924.87 Safari/537.36"
94.72.101.21 - - [02/Nov/2024:20:18:11 +0000] "GET /lms/laravel/info.php HTTP/1.1" 404 564 "-" "Mozilla/5.0 (Macintosh; Intel Mac OS X 10_12_3) AppleWebKit/537.36 (KHTML, like Gecko) Chrome/56.0.2924.87 Safari/537.36"
94.72.101.21 - - [02/Nov/2024:20:18:12 +0000] "GET /lms/server/info.php HTTP/1.1" 404 564 "-" "Mozilla/5.0 (Macintosh; Intel Mac OS X 10_12_3) AppleWebKit/537.36 (KHTML, like Gecko) Chrome/56.0.2924.87 Safari/537.36"
94.72.101.21 - - [02/Nov/2024:20:18:12 +0000] "GET /lms/service/info.php HTTP/1.1" 404 564 "-" "Mozilla/5.0 (Macintosh; Intel Mac OS X 10_12_3) AppleWebKit/537.36 (KHTML, like Gecko) Chrome/56.0.2924.87 Safari/537.36"
94.72.101.21 - - [02/Nov/2024:20:18:13 +0000] "GET /lms/services/info.php HTTP/1.1" 404 564 "-" "Mozilla/5.0 (Macintosh; Intel Mac OS X 10_12_3) AppleWebKit/537.36 (KHTML, like Gecko) Chrome/56.0.2924.87 Safari/537.36"
94.72.101.21 - - [02/Nov/2024:20:18:13 +0000] "GET /lms/php-info.php HTTP/1.1" 404 564 "-" "Mozilla/5.0 (Macintosh; Intel Mac OS X 10_12_3) AppleWebKit/537.36 (KHTML, like Gecko) Chrome/56.0.2924.87 Safari/537.36"
94.72.101.21 - - [02/Nov/2024:20:18:14 +0000] "GET /lms/linusadmin-phpinfo.php HTTP/1.1" 404 564 "-" "Mozilla/5.0 (Macintosh; Intel Mac OS X 10_12_3) AppleWebKit/537.36 (KHTML, like Gecko) Chrome/56.0.2924.87 Safari/537.36"
94.72.101.21 - - [02/Nov/2024:20:18:14 +0000] "GET /lms/infos.php HTTP/1.1" 404 564 "-" "Mozilla/5.0 (Macintosh; Intel Mac OS X 10_12_3) AppleWebKit/537.36 (KHTML, like Gecko) Chrome/56.0.2924.87 Safari/537.36"
94.72.101.21 - - [02/Nov/2024:20:18:14 +0000] "GET /lms/old_phpinfo.php HTTP/1.1" 404 564 "-" "Mozilla/5.0 (Macintosh; Intel Mac OS X 10_12_3) AppleWebKit/537.36 (KHTML, like Gecko) Chrome/56.0.2924.87 Safari/537.36"
94.72.101.21 - - [02/Nov/2024:20:18:14 +0000] "GET /lms/temp.php HTTP/1.1" 404 564 "-" "Mozilla/5.0 (Macintosh; Intel Mac OS X 10_12_3) AppleWebKit/537.36 (KHTML, like Gecko) Chrome/56.0.2924.87 Safari/537.36"
94.72.101.21 - - [02/Nov/2024:20:18:15 +0000] "GET /lms/time.php HTTP/1.1" 404 564 "-" "Mozilla/5.0 (Macintosh; Intel Mac OS X 10_12_3) AppleWebKit/537.36 (KHTML, like Gecko) Chrome/56.0.2924.87 Safari/537.36"
94.72.101.21 - - [02/Nov/2024:20:18:15 +0000] "GET /lms/phpversion.php HTTP/1.1" 404 564 "-" "Mozilla/5.0 (Macintosh; Intel Mac OS X 10_12_3) AppleWebKit/537.36 (KHTML, like Gecko) Chrome/56.0.2924.87 Safari/537.36"
94.72.101.21 - - [02/Nov/2024:20:18:15 +0000] "GET /lms/pinfo.php HTTP/1.1" 404 564 "-" "Mozilla/5.0 (Macintosh; Intel Mac OS X 10_12_3) AppleWebKit/537.36 (KHTML, like Gecko) Chrome/56.0.2924.87 Safari/537.36"
94.72.101.21 - - [02/Nov/2024:20:18:15 +0000] "GET /lms/i.php HTTP/1.1" 404 564 "-" "Mozilla/5.0 (Macintosh; Intel Mac OS X 10_12_3) AppleWebKit/537.36 (KHTML, like Gecko) Chrome/56.0.2924.87 Safari/537.36"
94.72.101.21 - - [02/Nov/2024:20:18:15 +0000] "GET /lms/asdf.php HTTP/1.1" 404 564 "-" "Mozilla/5.0 (Macintosh; Intel Mac OS X 10_12_3) AppleWebKit/537.36 (KHTML, like Gecko) Chrome/56.0.2924.87 Safari/537.36"
94.72.101.21 - - [02/Nov/2024:20:18:16 +0000] "GET /lara/xampp/info.php HTTP/1.1" 404 564 "-" "Mozilla/5.0 (Macintosh; Intel Mac OS X 10_12_3) AppleWebKit/537.36 (KHTML, like Gecko) Chrome/56.0.2924.87 Safari/537.36"
94.72.101.21 - - [02/Nov/2024:20:18:16 +0000] "GET /lara/xampp/phpinfo HTTP/1.1" 404 564 "-" "Mozilla/5.0 (Macintosh; Intel Mac OS X 10_12_3) AppleWebKit/537.36 (KHTML, like Gecko) Chrome/56.0.2924.87 Safari/537.36"
94.72.101.21 - - [02/Nov/2024:20:18:17 +0000] "GET /lara/_profiler/phpinfo HTTP/1.1" 404 564 "-" "Mozilla/5.0 (Macintosh; Intel Mac OS X 10_12_3) AppleWebKit/537.36 (KHTML, like Gecko) Chrome/56.0.2924.87 Safari/537.36"
94.72.101.21 - - [02/Nov/2024:20:18:17 +0000] "GET /lara/phpinfo HTTP/1.1" 404 564 "-" "Mozilla/5.0 (Macintosh; Intel Mac OS X 10_12_3) AppleWebKit/537.36 (KHTML, like Gecko) Chrome/56.0.2924.87 Safari/537.36"
94.72.101.21 - - [02/Nov/2024:20:18:17 +0000] "GET /lara/php.ini HTTP/1.1" 404 564 "-" "Mozilla/5.0 (Macintosh; Intel Mac OS X 10_12_3) AppleWebKit/537.36 (KHTML, like Gecko) Chrome/56.0.2924.87 Safari/537.36"
94.72.101.21 - - [02/Nov/2024:20:18:17 +0000] "GET /lara/php.php HTTP/1.1" 404 564 "-" "Mozilla/5.0 (Macintosh; Intel Mac OS X 10_12_3) AppleWebKit/537.36 (KHTML, like Gecko) Chrome/56.0.2924.87 Safari/537.36"
94.72.101.21 - - [02/Nov/2024:20:18:17 +0000] "GET /lara/infophp.php HTTP/1.1" 404 564 "-" "Mozilla/5.0 (Macintosh; Intel Mac OS X 10_12_3) AppleWebKit/537.36 (KHTML, like Gecko) Chrome/56.0.2924.87 Safari/537.36"
94.72.101.21 - - [02/Nov/2024:20:18:17 +0000] "GET /lara/test.php HTTP/1.1" 404 564 "-" "Mozilla/5.0 (Macintosh; Intel Mac OS X 10_12_3) AppleWebKit/537.36 (KHTML, like Gecko) Chrome/56.0.2924.87 Safari/537.36"
94.72.101.21 - - [02/Nov/2024:20:18:18 +0000] "GET /lara/dashboard/phpinfo.php HTTP/1.1" 404 564 "-" "Mozilla/5.0 (Macintosh; Intel Mac OS X 10_12_3) AppleWebKit/537.36 (KHTML, like Gecko) Chrome/56.0.2924.87 Safari/537.36"
94.72.101.21 - - [02/Nov/2024:20:18:18 +0000] "GET /lara/api/phpinfo.php HTTP/1.1" 404 564 "-" "Mozilla/5.0 (Macintosh; Intel Mac OS X 10_12_3) AppleWebKit/537.36 (KHTML, like Gecko) Chrome/56.0.2924.87 Safari/537.36"
94.72.101.21 - - [02/Nov/2024:20:18:18 +0000] "GET /lara/backend/phpinfo.php HTTP/1.1" 404 564 "-" "Mozilla/5.0 (Macintosh; Intel Mac OS X 10_12_3) AppleWebKit/537.36 (KHTML, like Gecko) Chrome/56.0.2924.87 Safari/537.36"
94.72.101.21 - - [02/Nov/2024:20:18:18 +0000] "GET /lara/backup/phpinfo.php HTTP/1.1" 404 564 "-" "Mozilla/5.0 (Macintosh; Intel Mac OS X 10_12_3) AppleWebKit/537.36 (KHTML, like Gecko) Chrome/56.0.2924.87 Safari/537.36"
94.72.101.21 - - [02/Nov/2024:20:18:18 +0000] "GET /lara/crm/phpinfo.php HTTP/1.1" 404 564 "-" "Mozilla/5.0 (Macintosh; Intel Mac OS X 10_12_3) AppleWebKit/537.36 (KHTML, like Gecko) Chrome/56.0.2924.87 Safari/537.36"
94.72.101.21 - - [02/Nov/2024:20:18:19 +0000] "GET /lara/current/phpinfo.php HTTP/1.1" 404 564 "-" "Mozilla/5.0 (Macintosh; Intel Mac OS X 10_12_3) AppleWebKit/537.36 (KHTML, like Gecko) Chrome/56.0.2924.87 Safari/537.36"
94.72.101.21 - - [02/Nov/2024:20:18:19 +0000] "GET /lara/dev/phpinfo.php HTTP/1.1" 404 564 "-" "Mozilla/5.0 (Macintosh; Intel Mac OS X 10_12_3) AppleWebKit/537.36 (KHTML, like Gecko) Chrome/56.0.2924.87 Safari/537.36"
94.72.101.21 - - [02/Nov/2024:20:18:19 +0000] "GET /lara/develop/phpinfo.php HTTP/1.1" 404 564 "-" "Mozilla/5.0 (Macintosh; Intel Mac OS X 10_12_3) AppleWebKit/537.36 (KHTML, like Gecko) Chrome/56.0.2924.87 Safari/537.36"
94.72.101.21 - - [02/Nov/2024:20:18:19 +0000] "GET /lara/development/phpinfo.php HTTP/1.1" 404 564 "-" "Mozilla/5.0 (Macintosh; Intel Mac OS X 10_12_3) AppleWebKit/537.36 (KHTML, like Gecko) Chrome/56.0.2924.87 Safari/537.36"
94.72.101.21 - - [02/Nov/2024:20:18:20 +0000] "GET /lara/help/phpinfo.php HTTP/1.1" 404 564 "-" "Mozilla/5.0 (Macintosh; Intel Mac OS X 10_12_3) AppleWebKit/537.36 (KHTML, like Gecko) Chrome/56.0.2924.87 Safari/537.36"
94.72.101.21 - - [02/Nov/2024:20:18:20 +0000] "GET /lara/helper/phpinfo.php HTTP/1.1" 404 564 "-" "Mozilla/5.0 (Macintosh; Intel Mac OS X 10_12_3) AppleWebKit/537.36 (KHTML, like Gecko) Chrome/56.0.2924.87 Safari/537.36"
94.72.101.21 - - [02/Nov/2024:20:18:20 +0000] "GET /lara/lara/phpinfo.php HTTP/1.1" 404 564 "-" "Mozilla/5.0 (Macintosh; Intel Mac OS X 10_12_3) AppleWebKit/537.36 (KHTML, like Gecko) Chrome/56.0.2924.87 Safari/537.36"
94.72.101.21 - - [02/Nov/2024:20:18:20 +0000] "GET /lara/laravel/phpinfo.php HTTP/1.1" 404 564 "-" "Mozilla/5.0 (Macintosh; Intel Mac OS X 10_12_3) AppleWebKit/537.36 (KHTML, like Gecko) Chrome/56.0.2924.87 Safari/537.36"
94.72.101.21 - - [02/Nov/2024:20:18:20 +0000] "GET /lara/server/phpinfo.php HTTP/1.1" 404 564 "-" "Mozilla/5.0 (Macintosh; Intel Mac OS X 10_12_3) AppleWebKit/537.36 (KHTML, like Gecko) Chrome/56.0.2924.87 Safari/537.36"
94.72.101.21 - - [02/Nov/2024:20:18:21 +0000] "GET /lara/service/phpinfo.php HTTP/1.1" 404 564 "-" "Mozilla/5.0 (Macintosh; Intel Mac OS X 10_12_3) AppleWebKit/537.36 (KHTML, like Gecko) Chrome/56.0.2924.87 Safari/537.36"
94.72.101.21 - - [02/Nov/2024:20:18:21 +0000] "GET /lara/services/phpinfo.php HTTP/1.1" 404 564 "-" "Mozilla/5.0 (Macintosh; Intel Mac OS X 10_12_3) AppleWebKit/537.36 (KHTML, like Gecko) Chrome/56.0.2924.87 Safari/537.36"
94.72.101.21 - - [02/Nov/2024:20:18:21 +0000] "GET /lara/xampp/phpinfo.php HTTP/1.1" 404 564 "-" "Mozilla/5.0 (Macintosh; Intel Mac OS X 10_12_3) AppleWebKit/537.36 (KHTML, like Gecko) Chrome/56.0.2924.87 Safari/537.36"
94.72.101.21 - - [02/Nov/2024:20:18:22 +0000] "GET /lara/api/info.php HTTP/1.1" 404 564 "-" "Mozilla/5.0 (Macintosh; Intel Mac OS X 10_12_3) AppleWebKit/537.36 (KHTML, like Gecko) Chrome/56.0.2924.87 Safari/537.36"
94.72.101.21 - - [02/Nov/2024:20:18:22 +0000] "GET /lara/backend/info.php HTTP/1.1" 404 564 "-" "Mozilla/5.0 (Macintosh; Intel Mac OS X 10_12_3) AppleWebKit/537.36 (KHTML, like Gecko) Chrome/56.0.2924.87 Safari/537.36"
94.72.101.21 - - [02/Nov/2024:20:18:22 +0000] "GET /lara/backup/info.php HTTP/1.1" 404 564 "-" "Mozilla/5.0 (Macintosh; Intel Mac OS X 10_12_3) AppleWebKit/537.36 (KHTML, like Gecko) Chrome/56.0.2924.87 Safari/537.36"
94.72.101.21 - - [02/Nov/2024:20:18:23 +0000] "GET /lara/crm/info.php HTTP/1.1" 404 564 "-" "Mozilla/5.0 (Macintosh; Intel Mac OS X 10_12_3) AppleWebKit/537.36 (KHTML, like Gecko) Chrome/56.0.2924.87 Safari/537.36"
94.72.101.21 - - [02/Nov/2024:20:18:23 +0000] "GET /lara/current/info.php HTTP/1.1" 404 564 "-" "Mozilla/5.0 (Macintosh; Intel Mac OS X 10_12_3) AppleWebKit/537.36 (KHTML, like Gecko) Chrome/56.0.2924.87 Safari/537.36"
94.72.101.21 - - [02/Nov/2024:20:18:23 +0000] "GET /lara/dev/info.php HTTP/1.1" 404 564 "-" "Mozilla/5.0 (Macintosh; Intel Mac OS X 10_12_3) AppleWebKit/537.36 (KHTML, like Gecko) Chrome/56.0.2924.87 Safari/537.36"
94.72.101.21 - - [02/Nov/2024:20:18:23 +0000] "GET /lara/develop/info.php HTTP/1.1" 404 564 "-" "Mozilla/5.0 (Macintosh; Intel Mac OS X 10_12_3) AppleWebKit/537.36 (KHTML, like Gecko) Chrome/56.0.2924.87 Safari/537.36"
94.72.101.21 - - [02/Nov/2024:20:18:23 +0000] "GET /lara/development/iinfo.php HTTP/1.1" 404 564 "-" "Mozilla/5.0 (Macintosh; Intel Mac OS X 10_12_3) AppleWebKit/537.36 (KHTML, like Gecko) Chrome/56.0.2924.87 Safari/537.36"
94.72.101.21 - - [02/Nov/2024:20:18:24 +0000] "GET /lara/help/info.php HTTP/1.1" 404 564 "-" "Mozilla/5.0 (Macintosh; Intel Mac OS X 10_12_3) AppleWebKit/537.36 (KHTML, like Gecko) Chrome/56.0.2924.87 Safari/537.36"
94.72.101.21 - - [02/Nov/2024:20:18:24 +0000] "GET /lara/helper/info.php HTTP/1.1" 404 564 "-" "Mozilla/5.0 (Macintosh; Intel Mac OS X 10_12_3) AppleWebKit/537.36 (KHTML, like Gecko) Chrome/56.0.2924.87 Safari/537.36"
94.72.101.21 - - [02/Nov/2024:20:18:24 +0000] "GET /lara/lara/info.php HTTP/1.1" 404 564 "-" "Mozilla/5.0 (Macintosh; Intel Mac OS X 10_12_3) AppleWebKit/537.36 (KHTML, like Gecko) Chrome/56.0.2924.87 Safari/537.36"
94.72.101.21 - - [02/Nov/2024:20:18:25 +0000] "GET /lara/laravel/info.php HTTP/1.1" 404 564 "-" "Mozilla/5.0 (Macintosh; Intel Mac OS X 10_12_3) AppleWebKit/537.36 (KHTML, like Gecko) Chrome/56.0.2924.87 Safari/537.36"
94.72.101.21 - - [02/Nov/2024:20:18:25 +0000] "GET /lara/server/info.php HTTP/1.1" 404 564 "-" "Mozilla/5.0 (Macintosh; Intel Mac OS X 10_12_3) AppleWebKit/537.36 (KHTML, like Gecko) Chrome/56.0.2924.87 Safari/537.36"
94.72.101.21 - - [02/Nov/2024:20:18:25 +0000] "GET /lara/service/info.php HTTP/1.1" 404 564 "-" "Mozilla/5.0 (Macintosh; Intel Mac OS X 10_12_3) AppleWebKit/537.36 (KHTML, like Gecko) Chrome/56.0.2924.87 Safari/537.36"
94.72.101.21 - - [02/Nov/2024:20:18:25 +0000] "GET /lara/services/info.php HTTP/1.1" 404 564 "-" "Mozilla/5.0 (Macintosh; Intel Mac OS X 10_12_3) AppleWebKit/537.36 (KHTML, like Gecko) Chrome/56.0.2924.87 Safari/537.36"
94.72.101.21 - - [02/Nov/2024:20:18:25 +0000] "GET /lara/php-info.php HTTP/1.1" 404 564 "-" "Mozilla/5.0 (Macintosh; Intel Mac OS X 10_12_3) AppleWebKit/537.36 (KHTML, like Gecko) Chrome/56.0.2924.87 Safari/537.36"
94.72.101.21 - - [02/Nov/2024:20:18:26 +0000] "GET /lara/linusadmin-phpinfo.php HTTP/1.1" 404 564 "-" "Mozilla/5.0 (Macintosh; Intel Mac OS X 10_12_3) AppleWebKit/537.36 (KHTML, like Gecko) Chrome/56.0.2924.87 Safari/537.36"
94.72.101.21 - - [02/Nov/2024:20:18:27 +0000] "GET /lara/infos.php HTTP/1.1" 404 564 "-" "Mozilla/5.0 (Macintosh; Intel Mac OS X 10_12_3) AppleWebKit/537.36 (KHTML, like Gecko) Chrome/56.0.2924.87 Safari/537.36"
94.72.101.21 - - [02/Nov/2024:20:18:27 +0000] "GET /lara/old_phpinfo.php HTTP/1.1" 404 564 "-" "Mozilla/5.0 (Macintosh; Intel Mac OS X 10_12_3) AppleWebKit/537.36 (KHTML, like Gecko) Chrome/56.0.2924.87 Safari/537.36"
94.72.101.21 - - [02/Nov/2024:20:18:27 +0000] "GET /lara/temp.php HTTP/1.1" 404 564 "-" "Mozilla/5.0 (Macintosh; Intel Mac OS X 10_12_3) AppleWebKit/537.36 (KHTML, like Gecko) Chrome/56.0.2924.87 Safari/537.36"
94.72.101.21 - - [02/Nov/2024:20:18:28 +0000] "GET /lara/time.php HTTP/1.1" 404 564 "-" "Mozilla/5.0 (Macintosh; Intel Mac OS X 10_12_3) AppleWebKit/537.36 (KHTML, like Gecko) Chrome/56.0.2924.87 Safari/537.36"
94.72.101.21 - - [02/Nov/2024:20:18:28 +0000] "GET /lara/phpversion.php HTTP/1.1" 404 564 "-" "Mozilla/5.0 (Macintosh; Intel Mac OS X 10_12_3) AppleWebKit/537.36 (KHTML, like Gecko) Chrome/56.0.2924.87 Safari/537.36"
94.72.101.21 - - [02/Nov/2024:20:18:28 +0000] "GET /lara/pinfo.php HTTP/1.1" 404 564 "-" "Mozilla/5.0 (Macintosh; Intel Mac OS X 10_12_3) AppleWebKit/537.36 (KHTML, like Gecko) Chrome/56.0.2924.87 Safari/537.36"
94.72.101.21 - - [02/Nov/2024:20:18:29 +0000] "GET /lara/i.php HTTP/1.1" 404 564 "-" "Mozilla/5.0 (Macintosh; Intel Mac OS X 10_12_3) AppleWebKit/537.36 (KHTML, like Gecko) Chrome/56.0.2924.87 Safari/537.36"
94.72.101.21 - - [02/Nov/2024:20:18:29 +0000] "GET /lara/asdf.php HTTP/1.1" 404 564 "-" "Mozilla/5.0 (Macintosh; Intel Mac OS X 10_12_3) AppleWebKit/537.36 (KHTML, like Gecko) Chrome/56.0.2924.87 Safari/537.36"
94.72.101.21 - - [02/Nov/2024:20:18:29 +0000] "GET /live/xampp/info.php HTTP/1.1" 404 564 "-" "Mozilla/5.0 (Macintosh; Intel Mac OS X 10_12_3) AppleWebKit/537.36 (KHTML, like Gecko) Chrome/56.0.2924.87 Safari/537.36"
94.72.101.21 - - [02/Nov/2024:20:18:29 +0000] "GET /live/xampp/phpinfo HTTP/1.1" 404 564 "-" "Mozilla/5.0 (Macintosh; Intel Mac OS X 10_12_3) AppleWebKit/537.36 (KHTML, like Gecko) Chrome/56.0.2924.87 Safari/537.36"
94.72.101.21 - - [02/Nov/2024:20:18:30 +0000] "GET /live/_profiler/phpinfo HTTP/1.1" 404 564 "-" "Mozilla/5.0 (Macintosh; Intel Mac OS X 10_12_3) AppleWebKit/537.36 (KHTML, like Gecko) Chrome/56.0.2924.87 Safari/537.36"
94.72.101.21 - - [02/Nov/2024:20:18:30 +0000] "GET /live/phpinfo.php HTTP/1.1" 404 564 "-" "Mozilla/5.0 (Macintosh; Intel Mac OS X 10_12_3) AppleWebKit/537.36 (KHTML, like Gecko) Chrome/56.0.2924.87 Safari/537.36"
94.72.101.21 - - [02/Nov/2024:20:18:30 +0000] "GET /live/phpinfo HTTP/1.1" 404 564 "-" "Mozilla/5.0 (Macintosh; Intel Mac OS X 10_12_3) AppleWebKit/537.36 (KHTML, like Gecko) Chrome/56.0.2924.87 Safari/537.36"
94.72.101.21 - - [02/Nov/2024:20:18:30 +0000] "GET /live/info.php HTTP/1.1" 404 564 "-" "Mozilla/5.0 (Macintosh; Intel Mac OS X 10_12_3) AppleWebKit/537.36 (KHTML, like Gecko) Chrome/56.0.2924.87 Safari/537.36"
94.72.101.21 - - [02/Nov/2024:20:18:30 +0000] "GET /live/php.ini HTTP/1.1" 404 564 "-" "Mozilla/5.0 (Macintosh; Intel Mac OS X 10_12_3) AppleWebKit/537.36 (KHTML, like Gecko) Chrome/56.0.2924.87 Safari/537.36"
94.72.101.21 - - [02/Nov/2024:20:18:31 +0000] "GET /live/php.php HTTP/1.1" 404 564 "-" "Mozilla/5.0 (Macintosh; Intel Mac OS X 10_12_3) AppleWebKit/537.36 (KHTML, like Gecko) Chrome/56.0.2924.87 Safari/537.36"
94.72.101.21 - - [02/Nov/2024:20:18:31 +0000] "GET /live/infophp.php HTTP/1.1" 404 564 "-" "Mozilla/5.0 (Macintosh; Intel Mac OS X 10_12_3) AppleWebKit/537.36 (KHTML, like Gecko) Chrome/56.0.2924.87 Safari/537.36"
94.72.101.21 - - [02/Nov/2024:20:18:31 +0000] "GET /live/test.php HTTP/1.1" 404 564 "-" "Mozilla/5.0 (Macintosh; Intel Mac OS X 10_12_3) AppleWebKit/537.36 (KHTML, like Gecko) Chrome/56.0.2924.87 Safari/537.36"
94.72.101.21 - - [02/Nov/2024:20:18:31 +0000] "GET /live/dashboard/phpinfo.php HTTP/1.1" 404 564 "-" "Mozilla/5.0 (Macintosh; Intel Mac OS X 10_12_3) AppleWebKit/537.36 (KHTML, like Gecko) Chrome/56.0.2924.87 Safari/537.36"
94.72.101.21 - - [02/Nov/2024:20:18:31 +0000] "GET /live/api/phpinfo.php HTTP/1.1" 404 564 "-" "Mozilla/5.0 (Macintosh; Intel Mac OS X 10_12_3) AppleWebKit/537.36 (KHTML, like Gecko) Chrome/56.0.2924.87 Safari/537.36"
94.72.101.21 - - [02/Nov/2024:20:18:31 +0000] "GET /live/backend/phpinfo.php HTTP/1.1" 404 564 "-" "Mozilla/5.0 (Macintosh; Intel Mac OS X 10_12_3) AppleWebKit/537.36 (KHTML, like Gecko) Chrome/56.0.2924.87 Safari/537.36"
94.72.101.21 - - [02/Nov/2024:20:18:32 +0000] "GET /live/backup/phpinfo.php HTTP/1.1" 404 564 "-" "Mozilla/5.0 (Macintosh; Intel Mac OS X 10_12_3) AppleWebKit/537.36 (KHTML, like Gecko) Chrome/56.0.2924.87 Safari/537.36"
94.72.101.21 - - [02/Nov/2024:20:18:32 +0000] "GET /live/crm/phpinfo.php HTTP/1.1" 404 564 "-" "Mozilla/5.0 (Macintosh; Intel Mac OS X 10_12_3) AppleWebKit/537.36 (KHTML, like Gecko) Chrome/56.0.2924.87 Safari/537.36"
94.72.101.21 - - [02/Nov/2024:20:18:32 +0000] "GET /live/current/phpinfo.php HTTP/1.1" 404 564 "-" "Mozilla/5.0 (Macintosh; Intel Mac OS X 10_12_3) AppleWebKit/537.36 (KHTML, like Gecko) Chrome/56.0.2924.87 Safari/537.36"
94.72.101.21 - - [02/Nov/2024:20:18:33 +0000] "GET /live/dev/phpinfo.php HTTP/1.1" 404 564 "-" "Mozilla/5.0 (Macintosh; Intel Mac OS X 10_12_3) AppleWebKit/537.36 (KHTML, like Gecko) Chrome/56.0.2924.87 Safari/537.36"
94.72.101.21 - - [02/Nov/2024:20:18:33 +0000] "GET /live/develop/phpinfo.php HTTP/1.1" 404 564 "-" "Mozilla/5.0 (Macintosh; Intel Mac OS X 10_12_3) AppleWebKit/537.36 (KHTML, like Gecko) Chrome/56.0.2924.87 Safari/537.36"
94.72.101.21 - - [02/Nov/2024:20:18:33 +0000] "GET /live/development/phpinfo.php HTTP/1.1" 404 564 "-" "Mozilla/5.0 (Macintosh; Intel Mac OS X 10_12_3) AppleWebKit/537.36 (KHTML, like Gecko) Chrome/56.0.2924.87 Safari/537.36"
94.72.101.21 - - [02/Nov/2024:20:18:33 +0000] "GET /live/help/phpinfo.php HTTP/1.1" 404 564 "-" "Mozilla/5.0 (Macintosh; Intel Mac OS X 10_12_3) AppleWebKit/537.36 (KHTML, like Gecko) Chrome/56.0.2924.87 Safari/537.36"
94.72.101.21 - - [02/Nov/2024:20:18:34 +0000] "GET /live/helper/phpinfo.php HTTP/1.1" 404 564 "-" "Mozilla/5.0 (Macintosh; Intel Mac OS X 10_12_3) AppleWebKit/537.36 (KHTML, like Gecko) Chrome/56.0.2924.87 Safari/537.36"
94.72.101.21 - - [02/Nov/2024:20:18:34 +0000] "GET /live/lara/phpinfo.php HTTP/1.1" 404 564 "-" "Mozilla/5.0 (Macintosh; Intel Mac OS X 10_12_3) AppleWebKit/537.36 (KHTML, like Gecko) Chrome/56.0.2924.87 Safari/537.36"
94.72.101.21 - - [02/Nov/2024:20:18:35 +0000] "GET /live/laravel/phpinfo.php HTTP/1.1" 404 564 "-" "Mozilla/5.0 (Macintosh; Intel Mac OS X 10_12_3) AppleWebKit/537.36 (KHTML, like Gecko) Chrome/56.0.2924.87 Safari/537.36"
94.72.101.21 - - [02/Nov/2024:20:18:35 +0000] "GET /live/server/phpinfo.php HTTP/1.1" 404 564 "-" "Mozilla/5.0 (Macintosh; Intel Mac OS X 10_12_3) AppleWebKit/537.36 (KHTML, like Gecko) Chrome/56.0.2924.87 Safari/537.36"
94.72.101.21 - - [02/Nov/2024:20:18:35 +0000] "GET /live/service/phpinfo.php HTTP/1.1" 404 564 "-" "Mozilla/5.0 (Macintosh; Intel Mac OS X 10_12_3) AppleWebKit/537.36 (KHTML, like Gecko) Chrome/56.0.2924.87 Safari/537.36"
94.72.101.21 - - [02/Nov/2024:20:18:35 +0000] "GET /live/services/phpinfo.php HTTP/1.1" 404 564 "-" "Mozilla/5.0 (Macintosh; Intel Mac OS X 10_12_3) AppleWebKit/537.36 (KHTML, like Gecko) Chrome/56.0.2924.87 Safari/537.36"
94.72.101.21 - - [02/Nov/2024:20:18:36 +0000] "GET /live/xampp/phpinfo.php HTTP/1.1" 404 564 "-" "Mozilla/5.0 (Macintosh; Intel Mac OS X 10_12_3) AppleWebKit/537.36 (KHTML, like Gecko) Chrome/56.0.2924.87 Safari/537.36"
94.72.101.21 - - [02/Nov/2024:20:18:36 +0000] "GET /live/api/info.php HTTP/1.1" 404 564 "-" "Mozilla/5.0 (Macintosh; Intel Mac OS X 10_12_3) AppleWebKit/537.36 (KHTML, like Gecko) Chrome/56.0.2924.87 Safari/537.36"
94.72.101.21 - - [02/Nov/2024:20:18:36 +0000] "GET /live/backend/info.php HTTP/1.1" 404 564 "-" "Mozilla/5.0 (Macintosh; Intel Mac OS X 10_12_3) AppleWebKit/537.36 (KHTML, like Gecko) Chrome/56.0.2924.87 Safari/537.36"
94.72.101.21 - - [02/Nov/2024:20:18:36 +0000] "GET /live/backup/info.php HTTP/1.1" 404 564 "-" "Mozilla/5.0 (Macintosh; Intel Mac OS X 10_12_3) AppleWebKit/537.36 (KHTML, like Gecko) Chrome/56.0.2924.87 Safari/537.36"
94.72.101.21 - - [02/Nov/2024:20:18:36 +0000] "GET /live/crm/info.php HTTP/1.1" 404 564 "-" "Mozilla/5.0 (Macintosh; Intel Mac OS X 10_12_3) AppleWebKit/537.36 (KHTML, like Gecko) Chrome/56.0.2924.87 Safari/537.36"
94.72.101.21 - - [02/Nov/2024:20:18:37 +0000] "GET /live/current/info.php HTTP/1.1" 404 564 "-" "Mozilla/5.0 (Macintosh; Intel Mac OS X 10_12_3) AppleWebKit/537.36 (KHTML, like Gecko) Chrome/56.0.2924.87 Safari/537.36"
94.72.101.21 - - [02/Nov/2024:20:18:37 +0000] "GET /live/dev/info.php HTTP/1.1" 404 564 "-" "Mozilla/5.0 (Macintosh; Intel Mac OS X 10_12_3) AppleWebKit/537.36 (KHTML, like Gecko) Chrome/56.0.2924.87 Safari/537.36"
94.72.101.21 - - [02/Nov/2024:20:18:37 +0000] "GET /live/develop/info.php HTTP/1.1" 404 564 "-" "Mozilla/5.0 (Macintosh; Intel Mac OS X 10_12_3) AppleWebKit/537.36 (KHTML, like Gecko) Chrome/56.0.2924.87 Safari/537.36"
94.72.101.21 - - [02/Nov/2024:20:18:37 +0000] "GET /live/development/iinfo.php HTTP/1.1" 404 564 "-" "Mozilla/5.0 (Macintosh; Intel Mac OS X 10_12_3) AppleWebKit/537.36 (KHTML, like Gecko) Chrome/56.0.2924.87 Safari/537.36"
94.72.101.21 - - [02/Nov/2024:20:18:38 +0000] "GET /live/help/info.php HTTP/1.1" 404 564 "-" "Mozilla/5.0 (Macintosh; Intel Mac OS X 10_12_3) AppleWebKit/537.36 (KHTML, like Gecko) Chrome/56.0.2924.87 Safari/537.36"
94.72.101.21 - - [02/Nov/2024:20:18:38 +0000] "GET /live/helper/info.php HTTP/1.1" 404 564 "-" "Mozilla/5.0 (Macintosh; Intel Mac OS X 10_12_3) AppleWebKit/537.36 (KHTML, like Gecko) Chrome/56.0.2924.87 Safari/537.36"
94.72.101.21 - - [02/Nov/2024:20:18:38 +0000] "GET /live/lara/info.php HTTP/1.1" 404 564 "-" "Mozilla/5.0 (Macintosh; Intel Mac OS X 10_12_3) AppleWebKit/537.36 (KHTML, like Gecko) Chrome/56.0.2924.87 Safari/537.36"
94.72.101.21 - - [02/Nov/2024:20:18:38 +0000] "GET /live/laravel/info.php HTTP/1.1" 404 564 "-" "Mozilla/5.0 (Macintosh; Intel Mac OS X 10_12_3) AppleWebKit/537.36 (KHTML, like Gecko) Chrome/56.0.2924.87 Safari/537.36"
94.72.101.21 - - [02/Nov/2024:20:18:38 +0000] "GET /live/server/info.php HTTP/1.1" 404 564 "-" "Mozilla/5.0 (Macintosh; Intel Mac OS X 10_12_3) AppleWebKit/537.36 (KHTML, like Gecko) Chrome/56.0.2924.87 Safari/537.36"
94.72.101.21 - - [02/Nov/2024:20:18:38 +0000] "GET /live/service/info.php HTTP/1.1" 404 564 "-" "Mozilla/5.0 (Macintosh; Intel Mac OS X 10_12_3) AppleWebKit/537.36 (KHTML, like Gecko) Chrome/56.0.2924.87 Safari/537.36"
94.72.101.21 - - [02/Nov/2024:20:18:39 +0000] "GET /live/services/info.php HTTP/1.1" 404 564 "-" "Mozilla/5.0 (Macintosh; Intel Mac OS X 10_12_3) AppleWebKit/537.36 (KHTML, like Gecko) Chrome/56.0.2924.87 Safari/537.36"
94.72.101.21 - - [02/Nov/2024:20:18:39 +0000] "GET /live/php-info.php HTTP/1.1" 404 564 "-" "Mozilla/5.0 (Macintosh; Intel Mac OS X 10_12_3) AppleWebKit/537.36 (KHTML, like Gecko) Chrome/56.0.2924.87 Safari/537.36"
94.72.101.21 - - [02/Nov/2024:20:18:39 +0000] "GET /live/linusadmin-phpinfo.php HTTP/1.1" 404 564 "-" "Mozilla/5.0 (Macintosh; Intel Mac OS X 10_12_3) AppleWebKit/537.36 (KHTML, like Gecko) Chrome/56.0.2924.87 Safari/537.36"
94.72.101.21 - - [02/Nov/2024:20:18:40 +0000] "GET /live/infos.php HTTP/1.1" 404 564 "-" "Mozilla/5.0 (Macintosh; Intel Mac OS X 10_12_3) AppleWebKit/537.36 (KHTML, like Gecko) Chrome/56.0.2924.87 Safari/537.36"
94.72.101.21 - - [02/Nov/2024:20:18:40 +0000] "GET /live/old_phpinfo.php HTTP/1.1" 404 564 "-" "Mozilla/5.0 (Macintosh; Intel Mac OS X 10_12_3) AppleWebKit/537.36 (KHTML, like Gecko) Chrome/56.0.2924.87 Safari/537.36"
94.72.101.21 - - [02/Nov/2024:20:18:40 +0000] "GET /live/temp.php HTTP/1.1" 404 564 "-" "Mozilla/5.0 (Macintosh; Intel Mac OS X 10_12_3) AppleWebKit/537.36 (KHTML, like Gecko) Chrome/56.0.2924.87 Safari/537.36"
94.72.101.21 - - [02/Nov/2024:20:18:40 +0000] "GET /live/time.php HTTP/1.1" 404 564 "-" "Mozilla/5.0 (Macintosh; Intel Mac OS X 10_12_3) AppleWebKit/537.36 (KHTML, like Gecko) Chrome/56.0.2924.87 Safari/537.36"
94.72.101.21 - - [02/Nov/2024:20:18:40 +0000] "GET /live/phpversion.php HTTP/1.1" 404 564 "-" "Mozilla/5.0 (Macintosh; Intel Mac OS X 10_12_3) AppleWebKit/537.36 (KHTML, like Gecko) Chrome/56.0.2924.87 Safari/537.36"
94.72.101.21 - - [02/Nov/2024:20:18:41 +0000] "GET /live/pinfo.php HTTP/1.1" 404 564 "-" "Mozilla/5.0 (Macintosh; Intel Mac OS X 10_12_3) AppleWebKit/537.36 (KHTML, like Gecko) Chrome/56.0.2924.87 Safari/537.36"
94.72.101.21 - - [02/Nov/2024:20:18:41 +0000] "GET /live/i.php HTTP/1.1" 404 564 "-" "Mozilla/5.0 (Macintosh; Intel Mac OS X 10_12_3) AppleWebKit/537.36 (KHTML, like Gecko) Chrome/56.0.2924.87 Safari/537.36"
94.72.101.21 - - [02/Nov/2024:20:18:41 +0000] "GET /live/asdf.php HTTP/1.1" 404 564 "-" "Mozilla/5.0 (Macintosh; Intel Mac OS X 10_12_3) AppleWebKit/537.36 (KHTML, like Gecko) Chrome/56.0.2924.87 Safari/537.36"
94.72.101.21 - - [02/Nov/2024:20:18:41 +0000] "GET /laravel/xampp/info.php HTTP/1.1" 404 564 "-" "Mozilla/5.0 (Macintosh; Intel Mac OS X 10_12_3) AppleWebKit/537.36 (KHTML, like Gecko) Chrome/56.0.2924.87 Safari/537.36"
94.72.101.21 - - [02/Nov/2024:20:18:41 +0000] "GET /laravel/xampp/phpinfo HTTP/1.1" 404 564 "-" "Mozilla/5.0 (Macintosh; Intel Mac OS X 10_12_3) AppleWebKit/537.36 (KHTML, like Gecko) Chrome/56.0.2924.87 Safari/537.36"
94.72.101.21 - - [02/Nov/2024:20:18:42 +0000] "GET /laravel/_profiler/phpinfo HTTP/1.1" 404 564 "-" "Mozilla/5.0 (Macintosh; Intel Mac OS X 10_12_3) AppleWebKit/537.36 (KHTML, like Gecko) Chrome/56.0.2924.87 Safari/537.36"
94.72.101.21 - - [02/Nov/2024:20:18:42 +0000] "GET /laravel/phpinfo HTTP/1.1" 404 564 "-" "Mozilla/5.0 (Macintosh; Intel Mac OS X 10_12_3) AppleWebKit/537.36 (KHTML, like Gecko) Chrome/56.0.2924.87 Safari/537.36"
94.72.101.21 - - [02/Nov/2024:20:18:42 +0000] "GET /laravel/php.ini HTTP/1.1" 404 564 "-" "Mozilla/5.0 (Macintosh; Intel Mac OS X 10_12_3) AppleWebKit/537.36 (KHTML, like Gecko) Chrome/56.0.2924.87 Safari/537.36"
94.72.101.21 - - [02/Nov/2024:20:18:42 +0000] "GET /laravel/php.php HTTP/1.1" 404 564 "-" "Mozilla/5.0 (Macintosh; Intel Mac OS X 10_12_3) AppleWebKit/537.36 (KHTML, like Gecko) Chrome/56.0.2924.87 Safari/537.36"
94.72.101.21 - - [02/Nov/2024:20:18:42 +0000] "GET /laravel/infophp.php HTTP/1.1" 404 564 "-" "Mozilla/5.0 (Macintosh; Intel Mac OS X 10_12_3) AppleWebKit/537.36 (KHTML, like Gecko) Chrome/56.0.2924.87 Safari/537.36"
94.72.101.21 - - [02/Nov/2024:20:18:42 +0000] "GET /laravel/test.php HTTP/1.1" 404 564 "-" "Mozilla/5.0 (Macintosh; Intel Mac OS X 10_12_3) AppleWebKit/537.36 (KHTML, like Gecko) Chrome/56.0.2924.87 Safari/537.36"
94.72.101.21 - - [02/Nov/2024:20:18:43 +0000] "GET /laravel/dashboard/phpinfo.php HTTP/1.1" 404 564 "-" "Mozilla/5.0 (Macintosh; Intel Mac OS X 10_12_3) AppleWebKit/537.36 (KHTML, like Gecko) Chrome/56.0.2924.87 Safari/537.36"
94.72.101.21 - - [02/Nov/2024:20:18:43 +0000] "GET /laravel/api/phpinfo.php HTTP/1.1" 404 564 "-" "Mozilla/5.0 (Macintosh; Intel Mac OS X 10_12_3) AppleWebKit/537.36 (KHTML, like Gecko) Chrome/56.0.2924.87 Safari/537.36"
94.72.101.21 - - [02/Nov/2024:20:18:43 +0000] "GET /laravel/backend/phpinfo.php HTTP/1.1" 404 564 "-" "Mozilla/5.0 (Macintosh; Intel Mac OS X 10_12_3) AppleWebKit/537.36 (KHTML, like Gecko) Chrome/56.0.2924.87 Safari/537.36"
94.72.101.21 - - [02/Nov/2024:20:18:43 +0000] "GET /laravel/backup/phpinfo.php HTTP/1.1" 404 564 "-" "Mozilla/5.0 (Macintosh; Intel Mac OS X 10_12_3) AppleWebKit/537.36 (KHTML, like Gecko) Chrome/56.0.2924.87 Safari/537.36"
94.72.101.21 - - [02/Nov/2024:20:18:43 +0000] "GET /laravel/crm/phpinfo.php HTTP/1.1" 404 564 "-" "Mozilla/5.0 (Macintosh; Intel Mac OS X 10_12_3) AppleWebKit/537.36 (KHTML, like Gecko) Chrome/56.0.2924.87 Safari/537.36"
94.72.101.21 - - [02/Nov/2024:20:18:44 +0000] "GET /laravel/current/phpinfo.php HTTP/1.1" 404 564 "-" "Mozilla/5.0 (Macintosh; Intel Mac OS X 10_12_3) AppleWebKit/537.36 (KHTML, like Gecko) Chrome/56.0.2924.87 Safari/537.36"
94.72.101.21 - - [02/Nov/2024:20:18:44 +0000] "GET /laravel/dev/phpinfo.php HTTP/1.1" 404 564 "-" "Mozilla/5.0 (Macintosh; Intel Mac OS X 10_12_3) AppleWebKit/537.36 (KHTML, like Gecko) Chrome/56.0.2924.87 Safari/537.36"
94.72.101.21 - - [02/Nov/2024:20:18:44 +0000] "GET /laravel/develop/phpinfo.php HTTP/1.1" 404 564 "-" "Mozilla/5.0 (Macintosh; Intel Mac OS X 10_12_3) AppleWebKit/537.36 (KHTML, like Gecko) Chrome/56.0.2924.87 Safari/537.36"
94.72.101.21 - - [02/Nov/2024:20:18:44 +0000] "GET /laravel/development/phpinfo.php HTTP/1.1" 404 564 "-" "Mozilla/5.0 (Macintosh; Intel Mac OS X 10_12_3) AppleWebKit/537.36 (KHTML, like Gecko) Chrome/56.0.2924.87 Safari/537.36"
94.72.101.21 - - [02/Nov/2024:20:18:45 +0000] "GET /laravel/help/phpinfo.php HTTP/1.1" 404 564 "-" "Mozilla/5.0 (Macintosh; Intel Mac OS X 10_12_3) AppleWebKit/537.36 (KHTML, like Gecko) Chrome/56.0.2924.87 Safari/537.36"
94.72.101.21 - - [02/Nov/2024:20:18:45 +0000] "GET /laravel/helper/phpinfo.php HTTP/1.1" 404 564 "-" "Mozilla/5.0 (Macintosh; Intel Mac OS X 10_12_3) AppleWebKit/537.36 (KHTML, like Gecko) Chrome/56.0.2924.87 Safari/537.36"
94.72.101.21 - - [02/Nov/2024:20:18:45 +0000] "GET /laravel/lara/phpinfo.php HTTP/1.1" 404 564 "-" "Mozilla/5.0 (Macintosh; Intel Mac OS X 10_12_3) AppleWebKit/537.36 (KHTML, like Gecko) Chrome/56.0.2924.87 Safari/537.36"
94.72.101.21 - - [02/Nov/2024:20:18:45 +0000] "GET /laravel/laravel/phpinfo.php HTTP/1.1" 404 564 "-" "Mozilla/5.0 (Macintosh; Intel Mac OS X 10_12_3) AppleWebKit/537.36 (KHTML, like Gecko) Chrome/56.0.2924.87 Safari/537.36"
94.72.101.21 - - [02/Nov/2024:20:18:45 +0000] "GET /laravel/server/phpinfo.php HTTP/1.1" 404 564 "-" "Mozilla/5.0 (Macintosh; Intel Mac OS X 10_12_3) AppleWebKit/537.36 (KHTML, like Gecko) Chrome/56.0.2924.87 Safari/537.36"
94.72.101.21 - - [02/Nov/2024:20:18:46 +0000] "GET /laravel/service/phpinfo.php HTTP/1.1" 404 564 "-" "Mozilla/5.0 (Macintosh; Intel Mac OS X 10_12_3) AppleWebKit/537.36 (KHTML, like Gecko) Chrome/56.0.2924.87 Safari/537.36"
94.72.101.21 - - [02/Nov/2024:20:18:46 +0000] "GET /laravel/services/phpinfo.php HTTP/1.1" 404 564 "-" "Mozilla/5.0 (Macintosh; Intel Mac OS X 10_12_3) AppleWebKit/537.36 (KHTML, like Gecko) Chrome/56.0.2924.87 Safari/537.36"
94.72.101.21 - - [02/Nov/2024:20:18:46 +0000] "GET /laravel/xampp/phpinfo.php HTTP/1.1" 404 564 "-" "Mozilla/5.0 (Macintosh; Intel Mac OS X 10_12_3) AppleWebKit/537.36 (KHTML, like Gecko) Chrome/56.0.2924.87 Safari/537.36"
94.72.101.21 - - [02/Nov/2024:20:18:46 +0000] "GET /laravel/api/info.php HTTP/1.1" 404 564 "-" "Mozilla/5.0 (Macintosh; Intel Mac OS X 10_12_3) AppleWebKit/537.36 (KHTML, like Gecko) Chrome/56.0.2924.87 Safari/537.36"
94.72.101.21 - - [02/Nov/2024:20:18:46 +0000] "GET /laravel/backend/info.php HTTP/1.1" 404 564 "-" "Mozilla/5.0 (Macintosh; Intel Mac OS X 10_12_3) AppleWebKit/537.36 (KHTML, like Gecko) Chrome/56.0.2924.87 Safari/537.36"
94.72.101.21 - - [02/Nov/2024:20:18:46 +0000] "GET /laravel/backup/info.php HTTP/1.1" 404 564 "-" "Mozilla/5.0 (Macintosh; Intel Mac OS X 10_12_3) AppleWebKit/537.36 (KHTML, like Gecko) Chrome/56.0.2924.87 Safari/537.36"
94.72.101.21 - - [02/Nov/2024:20:18:47 +0000] "GET /laravel/crm/info.php HTTP/1.1" 404 564 "-" "Mozilla/5.0 (Macintosh; Intel Mac OS X 10_12_3) AppleWebKit/537.36 (KHTML, like Gecko) Chrome/56.0.2924.87 Safari/537.36"
94.72.101.21 - - [02/Nov/2024:20:18:47 +0000] "GET /laravel/current/info.php HTTP/1.1" 404 564 "-" "Mozilla/5.0 (Macintosh; Intel Mac OS X 10_12_3) AppleWebKit/537.36 (KHTML, like Gecko) Chrome/56.0.2924.87 Safari/537.36"
94.72.101.21 - - [02/Nov/2024:20:18:47 +0000] "GET /laravel/dev/info.php HTTP/1.1" 404 564 "-" "Mozilla/5.0 (Macintosh; Intel Mac OS X 10_12_3) AppleWebKit/537.36 (KHTML, like Gecko) Chrome/56.0.2924.87 Safari/537.36"
94.72.101.21 - - [02/Nov/2024:20:18:48 +0000] "GET /laravel/develop/info.php HTTP/1.1" 404 564 "-" "Mozilla/5.0 (Macintosh; Intel Mac OS X 10_12_3) AppleWebKit/537.36 (KHTML, like Gecko) Chrome/56.0.2924.87 Safari/537.36"
94.72.101.21 - - [02/Nov/2024:20:18:48 +0000] "GET /laravel/development/iinfo.php HTTP/1.1" 404 564 "-" "Mozilla/5.0 (Macintosh; Intel Mac OS X 10_12_3) AppleWebKit/537.36 (KHTML, like Gecko) Chrome/56.0.2924.87 Safari/537.36"
94.72.101.21 - - [02/Nov/2024:20:18:48 +0000] "GET /laravel/help/info.php HTTP/1.1" 404 564 "-" "Mozilla/5.0 (Macintosh; Intel Mac OS X 10_12_3) AppleWebKit/537.36 (KHTML, like Gecko) Chrome/56.0.2924.87 Safari/537.36"
94.72.101.21 - - [02/Nov/2024:20:18:48 +0000] "GET /laravel/helper/info.php HTTP/1.1" 404 564 "-" "Mozilla/5.0 (Macintosh; Intel Mac OS X 10_12_3) AppleWebKit/537.36 (KHTML, like Gecko) Chrome/56.0.2924.87 Safari/537.36"
94.72.101.21 - - [02/Nov/2024:20:18:49 +0000] "GET /laravel/lara/info.php HTTP/1.1" 404 564 "-" "Mozilla/5.0 (Macintosh; Intel Mac OS X 10_12_3) AppleWebKit/537.36 (KHTML, like Gecko) Chrome/56.0.2924.87 Safari/537.36"
94.72.101.21 - - [02/Nov/2024:20:18:49 +0000] "GET /laravel/laravel/info.php HTTP/1.1" 404 564 "-" "Mozilla/5.0 (Macintosh; Intel Mac OS X 10_12_3) AppleWebKit/537.36 (KHTML, like Gecko) Chrome/56.0.2924.87 Safari/537.36"
94.72.101.21 - - [02/Nov/2024:20:18:49 +0000] "GET /laravel/server/info.php HTTP/1.1" 404 564 "-" "Mozilla/5.0 (Macintosh; Intel Mac OS X 10_12_3) AppleWebKit/537.36 (KHTML, like Gecko) Chrome/56.0.2924.87 Safari/537.36"
94.72.101.21 - - [02/Nov/2024:20:18:50 +0000] "GET /laravel/service/info.php HTTP/1.1" 404 564 "-" "Mozilla/5.0 (Macintosh; Intel Mac OS X 10_12_3) AppleWebKit/537.36 (KHTML, like Gecko) Chrome/56.0.2924.87 Safari/537.36"
94.72.101.21 - - [02/Nov/2024:20:18:50 +0000] "GET /laravel/services/info.php HTTP/1.1" 404 564 "-" "Mozilla/5.0 (Macintosh; Intel Mac OS X 10_12_3) AppleWebKit/537.36 (KHTML, like Gecko) Chrome/56.0.2924.87 Safari/537.36"
94.72.101.21 - - [02/Nov/2024:20:18:51 +0000] "GET /laravel/php-info.php HTTP/1.1" 404 564 "-" "Mozilla/5.0 (Macintosh; Intel Mac OS X 10_12_3) AppleWebKit/537.36 (KHTML, like Gecko) Chrome/56.0.2924.87 Safari/537.36"
94.72.101.21 - - [02/Nov/2024:20:18:51 +0000] "GET /laravel/linusadmin-phpinfo.php HTTP/1.1" 404 564 "-" "Mozilla/5.0 (Macintosh; Intel Mac OS X 10_12_3) AppleWebKit/537.36 (KHTML, like Gecko) Chrome/56.0.2924.87 Safari/537.36"
94.72.101.21 - - [02/Nov/2024:20:18:51 +0000] "GET /laravel/infos.php HTTP/1.1" 404 564 "-" "Mozilla/5.0 (Macintosh; Intel Mac OS X 10_12_3) AppleWebKit/537.36 (KHTML, like Gecko) Chrome/56.0.2924.87 Safari/537.36"
94.72.101.21 - - [02/Nov/2024:20:18:51 +0000] "GET /laravel/old_phpinfo.php HTTP/1.1" 404 564 "-" "Mozilla/5.0 (Macintosh; Intel Mac OS X 10_12_3) AppleWebKit/537.36 (KHTML, like Gecko) Chrome/56.0.2924.87 Safari/537.36"
94.72.101.21 - - [02/Nov/2024:20:18:51 +0000] "GET /laravel/temp.php HTTP/1.1" 404 564 "-" "Mozilla/5.0 (Macintosh; Intel Mac OS X 10_12_3) AppleWebKit/537.36 (KHTML, like Gecko) Chrome/56.0.2924.87 Safari/537.36"
94.72.101.21 - - [02/Nov/2024:20:18:52 +0000] "GET /laravel/time.php HTTP/1.1" 404 564 "-" "Mozilla/5.0 (Macintosh; Intel Mac OS X 10_12_3) AppleWebKit/537.36 (KHTML, like Gecko) Chrome/56.0.2924.87 Safari/537.36"
94.72.101.21 - - [02/Nov/2024:20:18:52 +0000] "GET /laravel/phpversion.php HTTP/1.1" 404 564 "-" "Mozilla/5.0 (Macintosh; Intel Mac OS X 10_12_3) AppleWebKit/537.36 (KHTML, like Gecko) Chrome/56.0.2924.87 Safari/537.36"
94.72.101.21 - - [02/Nov/2024:20:18:52 +0000] "GET /laravel/pinfo.php HTTP/1.1" 404 564 "-" "Mozilla/5.0 (Macintosh; Intel Mac OS X 10_12_3) AppleWebKit/537.36 (KHTML, like Gecko) Chrome/56.0.2924.87 Safari/537.36"
94.72.101.21 - - [02/Nov/2024:20:18:52 +0000] "GET /laravel/i.php HTTP/1.1" 404 564 "-" "Mozilla/5.0 (Macintosh; Intel Mac OS X 10_12_3) AppleWebKit/537.36 (KHTML, like Gecko) Chrome/56.0.2924.87 Safari/537.36"
94.72.101.21 - - [02/Nov/2024:20:18:53 +0000] "GET /laravel/asdf.php HTTP/1.1" 404 564 "-" "Mozilla/5.0 (Macintosh; Intel Mac OS X 10_12_3) AppleWebKit/537.36 (KHTML, like Gecko) Chrome/56.0.2924.87 Safari/537.36"
94.72.101.21 - - [02/Nov/2024:20:18:53 +0000] "GET /market/xampp/info.php HTTP/1.1" 404 564 "-" "Mozilla/5.0 (Macintosh; Intel Mac OS X 10_12_3) AppleWebKit/537.36 (KHTML, like Gecko) Chrome/56.0.2924.87 Safari/537.36"
94.72.101.21 - - [02/Nov/2024:20:18:53 +0000] "GET /market/xampp/phpinfo HTTP/1.1" 404 564 "-" "Mozilla/5.0 (Macintosh; Intel Mac OS X 10_12_3) AppleWebKit/537.36 (KHTML, like Gecko) Chrome/56.0.2924.87 Safari/537.36"
94.72.101.21 - - [02/Nov/2024:20:18:54 +0000] "GET /market/_profiler/phpinfo HTTP/1.1" 404 564 "-" "Mozilla/5.0 (Macintosh; Intel Mac OS X 10_12_3) AppleWebKit/537.36 (KHTML, like Gecko) Chrome/56.0.2924.87 Safari/537.36"
94.72.101.21 - - [02/Nov/2024:20:18:54 +0000] "GET /market/phpinfo.php HTTP/1.1" 404 564 "-" "Mozilla/5.0 (Macintosh; Intel Mac OS X 10_12_3) AppleWebKit/537.36 (KHTML, like Gecko) Chrome/56.0.2924.87 Safari/537.36"
94.72.101.21 - - [02/Nov/2024:20:18:54 +0000] "GET /market/phpinfo HTTP/1.1" 404 564 "-" "Mozilla/5.0 (Macintosh; Intel Mac OS X 10_12_3) AppleWebKit/537.36 (KHTML, like Gecko) Chrome/56.0.2924.87 Safari/537.36"
94.72.101.21 - - [02/Nov/2024:20:18:54 +0000] "GET /market/info.php HTTP/1.1" 404 564 "-" "Mozilla/5.0 (Macintosh; Intel Mac OS X 10_12_3) AppleWebKit/537.36 (KHTML, like Gecko) Chrome/56.0.2924.87 Safari/537.36"
94.72.101.21 - - [02/Nov/2024:20:18:54 +0000] "GET /market/php.ini HTTP/1.1" 404 564 "-" "Mozilla/5.0 (Macintosh; Intel Mac OS X 10_12_3) AppleWebKit/537.36 (KHTML, like Gecko) Chrome/56.0.2924.87 Safari/537.36"
94.72.101.21 - - [02/Nov/2024:20:18:54 +0000] "GET /market/php.php HTTP/1.1" 404 564 "-" "Mozilla/5.0 (Macintosh; Intel Mac OS X 10_12_3) AppleWebKit/537.36 (KHTML, like Gecko) Chrome/56.0.2924.87 Safari/537.36"
94.72.101.21 - - [02/Nov/2024:20:18:55 +0000] "GET /market/infophp.php HTTP/1.1" 404 564 "-" "Mozilla/5.0 (Macintosh; Intel Mac OS X 10_12_3) AppleWebKit/537.36 (KHTML, like Gecko) Chrome/56.0.2924.87 Safari/537.36"
94.72.101.21 - - [02/Nov/2024:20:18:55 +0000] "GET /market/test.php HTTP/1.1" 404 564 "-" "Mozilla/5.0 (Macintosh; Intel Mac OS X 10_12_3) AppleWebKit/537.36 (KHTML, like Gecko) Chrome/56.0.2924.87 Safari/537.36"
94.72.101.21 - - [02/Nov/2024:20:18:55 +0000] "GET /market/dashboard/phpinfo.php HTTP/1.1" 404 564 "-" "Mozilla/5.0 (Macintosh; Intel Mac OS X 10_12_3) AppleWebKit/537.36 (KHTML, like Gecko) Chrome/56.0.2924.87 Safari/537.36"
94.72.101.21 - - [02/Nov/2024:20:18:56 +0000] "GET /market/api/phpinfo.php HTTP/1.1" 404 564 "-" "Mozilla/5.0 (Macintosh; Intel Mac OS X 10_12_3) AppleWebKit/537.36 (KHTML, like Gecko) Chrome/56.0.2924.87 Safari/537.36"
94.72.101.21 - - [02/Nov/2024:20:18:56 +0000] "GET /market/backend/phpinfo.php HTTP/1.1" 404 564 "-" "Mozilla/5.0 (Macintosh; Intel Mac OS X 10_12_3) AppleWebKit/537.36 (KHTML, like Gecko) Chrome/56.0.2924.87 Safari/537.36"
94.72.101.21 - - [02/Nov/2024:20:18:56 +0000] "GET /market/backup/phpinfo.php HTTP/1.1" 404 564 "-" "Mozilla/5.0 (Macintosh; Intel Mac OS X 10_12_3) AppleWebKit/537.36 (KHTML, like Gecko) Chrome/56.0.2924.87 Safari/537.36"
94.72.101.21 - - [02/Nov/2024:20:18:56 +0000] "GET /market/crm/phpinfo.php HTTP/1.1" 404 564 "-" "Mozilla/5.0 (Macintosh; Intel Mac OS X 10_12_3) AppleWebKit/537.36 (KHTML, like Gecko) Chrome/56.0.2924.87 Safari/537.36"
94.72.101.21 - - [02/Nov/2024:20:18:57 +0000] "GET /market/current/phpinfo.php HTTP/1.1" 404 564 "-" "Mozilla/5.0 (Macintosh; Intel Mac OS X 10_12_3) AppleWebKit/537.36 (KHTML, like Gecko) Chrome/56.0.2924.87 Safari/537.36"
94.72.101.21 - - [02/Nov/2024:20:18:57 +0000] "GET /market/dev/phpinfo.php HTTP/1.1" 404 564 "-" "Mozilla/5.0 (Macintosh; Intel Mac OS X 10_12_3) AppleWebKit/537.36 (KHTML, like Gecko) Chrome/56.0.2924.87 Safari/537.36"
94.72.101.21 - - [02/Nov/2024:20:18:57 +0000] "GET /market/develop/phpinfo.php HTTP/1.1" 404 564 "-" "Mozilla/5.0 (Macintosh; Intel Mac OS X 10_12_3) AppleWebKit/537.36 (KHTML, like Gecko) Chrome/56.0.2924.87 Safari/537.36"
94.72.101.21 - - [02/Nov/2024:20:18:57 +0000] "GET /market/development/phpinfo.php HTTP/1.1" 404 564 "-" "Mozilla/5.0 (Macintosh; Intel Mac OS X 10_12_3) AppleWebKit/537.36 (KHTML, like Gecko) Chrome/56.0.2924.87 Safari/537.36"
94.72.101.21 - - [02/Nov/2024:20:18:57 +0000] "GET /market/help/phpinfo.php HTTP/1.1" 404 564 "-" "Mozilla/5.0 (Macintosh; Intel Mac OS X 10_12_3) AppleWebKit/537.36 (KHTML, like Gecko) Chrome/56.0.2924.87 Safari/537.36"
94.72.101.21 - - [02/Nov/2024:20:18:58 +0000] "GET /market/helper/phpinfo.php HTTP/1.1" 404 564 "-" "Mozilla/5.0 (Macintosh; Intel Mac OS X 10_12_3) AppleWebKit/537.36 (KHTML, like Gecko) Chrome/56.0.2924.87 Safari/537.36"
94.72.101.21 - - [02/Nov/2024:20:18:58 +0000] "GET /market/lara/phpinfo.php HTTP/1.1" 404 564 "-" "Mozilla/5.0 (Macintosh; Intel Mac OS X 10_12_3) AppleWebKit/537.36 (KHTML, like Gecko) Chrome/56.0.2924.87 Safari/537.36"
94.72.101.21 - - [02/Nov/2024:20:18:58 +0000] "GET /market/laravel/phpinfo.php HTTP/1.1" 404 564 "-" "Mozilla/5.0 (Macintosh; Intel Mac OS X 10_12_3) AppleWebKit/537.36 (KHTML, like Gecko) Chrome/56.0.2924.87 Safari/537.36"
94.72.101.21 - - [02/Nov/2024:20:18:58 +0000] "GET /market/server/phpinfo.php HTTP/1.1" 404 564 "-" "Mozilla/5.0 (Macintosh; Intel Mac OS X 10_12_3) AppleWebKit/537.36 (KHTML, like Gecko) Chrome/56.0.2924.87 Safari/537.36"
94.72.101.21 - - [02/Nov/2024:20:18:59 +0000] "GET /market/service/phpinfo.php HTTP/1.1" 404 564 "-" "Mozilla/5.0 (Macintosh; Intel Mac OS X 10_12_3) AppleWebKit/537.36 (KHTML, like Gecko) Chrome/56.0.2924.87 Safari/537.36"
94.72.101.21 - - [02/Nov/2024:20:18:59 +0000] "GET /market/services/phpinfo.php HTTP/1.1" 404 564 "-" "Mozilla/5.0 (Macintosh; Intel Mac OS X 10_12_3) AppleWebKit/537.36 (KHTML, like Gecko) Chrome/56.0.2924.87 Safari/537.36"
94.72.101.21 - - [02/Nov/2024:20:18:59 +0000] "GET /market/xampp/phpinfo.php HTTP/1.1" 404 564 "-" "Mozilla/5.0 (Macintosh; Intel Mac OS X 10_12_3) AppleWebKit/537.36 (KHTML, like Gecko) Chrome/56.0.2924.87 Safari/537.36"
94.72.101.21 - - [02/Nov/2024:20:19:00 +0000] "GET /market/api/info.php HTTP/1.1" 404 564 "-" "Mozilla/5.0 (Macintosh; Intel Mac OS X 10_12_3) AppleWebKit/537.36 (KHTML, like Gecko) Chrome/56.0.2924.87 Safari/537.36"
94.72.101.21 - - [02/Nov/2024:20:19:00 +0000] "GET /market/backend/info.php HTTP/1.1" 404 564 "-" "Mozilla/5.0 (Macintosh; Intel Mac OS X 10_12_3) AppleWebKit/537.36 (KHTML, like Gecko) Chrome/56.0.2924.87 Safari/537.36"
94.72.101.21 - - [02/Nov/2024:20:19:00 +0000] "GET /market/backup/info.php HTTP/1.1" 404 564 "-" "Mozilla/5.0 (Macintosh; Intel Mac OS X 10_12_3) AppleWebKit/537.36 (KHTML, like Gecko) Chrome/56.0.2924.87 Safari/537.36"
94.72.101.21 - - [02/Nov/2024:20:19:00 +0000] "GET /market/crm/info.php HTTP/1.1" 404 564 "-" "Mozilla/5.0 (Macintosh; Intel Mac OS X 10_12_3) AppleWebKit/537.36 (KHTML, like Gecko) Chrome/56.0.2924.87 Safari/537.36"
94.72.101.21 - - [02/Nov/2024:20:19:00 +0000] "GET /market/current/info.php HTTP/1.1" 404 564 "-" "Mozilla/5.0 (Macintosh; Intel Mac OS X 10_12_3) AppleWebKit/537.36 (KHTML, like Gecko) Chrome/56.0.2924.87 Safari/537.36"
94.72.101.21 - - [02/Nov/2024:20:19:01 +0000] "GET /market/dev/info.php HTTP/1.1" 404 564 "-" "Mozilla/5.0 (Macintosh; Intel Mac OS X 10_12_3) AppleWebKit/537.36 (KHTML, like Gecko) Chrome/56.0.2924.87 Safari/537.36"
94.72.101.21 - - [02/Nov/2024:20:19:01 +0000] "GET /market/develop/info.php HTTP/1.1" 404 564 "-" "Mozilla/5.0 (Macintosh; Intel Mac OS X 10_12_3) AppleWebKit/537.36 (KHTML, like Gecko) Chrome/56.0.2924.87 Safari/537.36"
94.72.101.21 - - [02/Nov/2024:20:19:01 +0000] "GET /market/development/iinfo.php HTTP/1.1" 404 564 "-" "Mozilla/5.0 (Macintosh; Intel Mac OS X 10_12_3) AppleWebKit/537.36 (KHTML, like Gecko) Chrome/56.0.2924.87 Safari/537.36"
94.72.101.21 - - [02/Nov/2024:20:19:01 +0000] "GET /market/help/info.php HTTP/1.1" 404 564 "-" "Mozilla/5.0 (Macintosh; Intel Mac OS X 10_12_3) AppleWebKit/537.36 (KHTML, like Gecko) Chrome/56.0.2924.87 Safari/537.36"
94.72.101.21 - - [02/Nov/2024:20:19:02 +0000] "GET /market/helper/info.php HTTP/1.1" 404 564 "-" "Mozilla/5.0 (Macintosh; Intel Mac OS X 10_12_3) AppleWebKit/537.36 (KHTML, like Gecko) Chrome/56.0.2924.87 Safari/537.36"
94.72.101.21 - - [02/Nov/2024:20:19:02 +0000] "GET /market/lara/info.php HTTP/1.1" 404 564 "-" "Mozilla/5.0 (Macintosh; Intel Mac OS X 10_12_3) AppleWebKit/537.36 (KHTML, like Gecko) Chrome/56.0.2924.87 Safari/537.36"
94.72.101.21 - - [02/Nov/2024:20:19:02 +0000] "GET /market/laravel/info.php HTTP/1.1" 404 564 "-" "Mozilla/5.0 (Macintosh; Intel Mac OS X 10_12_3) AppleWebKit/537.36 (KHTML, like Gecko) Chrome/56.0.2924.87 Safari/537.36"
94.72.101.21 - - [02/Nov/2024:20:19:02 +0000] "GET /market/server/info.php HTTP/1.1" 404 564 "-" "Mozilla/5.0 (Macintosh; Intel Mac OS X 10_12_3) AppleWebKit/537.36 (KHTML, like Gecko) Chrome/56.0.2924.87 Safari/537.36"
94.72.101.21 - - [02/Nov/2024:20:19:03 +0000] "GET /market/service/info.php HTTP/1.1" 404 564 "-" "Mozilla/5.0 (Macintosh; Intel Mac OS X 10_12_3) AppleWebKit/537.36 (KHTML, like Gecko) Chrome/56.0.2924.87 Safari/537.36"
94.72.101.21 - - [02/Nov/2024:20:19:03 +0000] "GET /market/services/info.php HTTP/1.1" 404 564 "-" "Mozilla/5.0 (Macintosh; Intel Mac OS X 10_12_3) AppleWebKit/537.36 (KHTML, like Gecko) Chrome/56.0.2924.87 Safari/537.36"
94.72.101.21 - - [02/Nov/2024:20:19:03 +0000] "GET /market/php-info.php HTTP/1.1" 404 564 "-" "Mozilla/5.0 (Macintosh; Intel Mac OS X 10_12_3) AppleWebKit/537.36 (KHTML, like Gecko) Chrome/56.0.2924.87 Safari/537.36"
94.72.101.21 - - [02/Nov/2024:20:19:04 +0000] "GET /market/linusadmin-phpinfo.php HTTP/1.1" 404 564 "-" "Mozilla/5.0 (Macintosh; Intel Mac OS X 10_12_3) AppleWebKit/537.36 (KHTML, like Gecko) Chrome/56.0.2924.87 Safari/537.36"
94.72.101.21 - - [02/Nov/2024:20:19:04 +0000] "GET /market/infos.php HTTP/1.1" 404 564 "-" "Mozilla/5.0 (Macintosh; Intel Mac OS X 10_12_3) AppleWebKit/537.36 (KHTML, like Gecko) Chrome/56.0.2924.87 Safari/537.36"
94.72.101.21 - - [02/Nov/2024:20:19:04 +0000] "GET /market/old_phpinfo.php HTTP/1.1" 404 564 "-" "Mozilla/5.0 (Macintosh; Intel Mac OS X 10_12_3) AppleWebKit/537.36 (KHTML, like Gecko) Chrome/56.0.2924.87 Safari/537.36"
94.72.101.21 - - [02/Nov/2024:20:19:04 +0000] "GET /market/temp.php HTTP/1.1" 404 564 "-" "Mozilla/5.0 (Macintosh; Intel Mac OS X 10_12_3) AppleWebKit/537.36 (KHTML, like Gecko) Chrome/56.0.2924.87 Safari/537.36"
94.72.101.21 - - [02/Nov/2024:20:19:04 +0000] "GET /market/time.php HTTP/1.1" 404 564 "-" "Mozilla/5.0 (Macintosh; Intel Mac OS X 10_12_3) AppleWebKit/537.36 (KHTML, like Gecko) Chrome/56.0.2924.87 Safari/537.36"
94.72.101.21 - - [02/Nov/2024:20:19:06 +0000] "GET /market/phpversion.php HTTP/1.1" 404 564 "-" "Mozilla/5.0 (Macintosh; Intel Mac OS X 10_12_3) AppleWebKit/537.36 (KHTML, like Gecko) Chrome/56.0.2924.87 Safari/537.36"
94.72.101.21 - - [02/Nov/2024:20:19:06 +0000] "GET /market/pinfo.php HTTP/1.1" 404 564 "-" "Mozilla/5.0 (Macintosh; Intel Mac OS X 10_12_3) AppleWebKit/537.36 (KHTML, like Gecko) Chrome/56.0.2924.87 Safari/537.36"
94.72.101.21 - - [02/Nov/2024:20:19:06 +0000] "GET /market/i.php HTTP/1.1" 404 564 "-" "Mozilla/5.0 (Macintosh; Intel Mac OS X 10_12_3) AppleWebKit/537.36 (KHTML, like Gecko) Chrome/56.0.2924.87 Safari/537.36"
94.72.101.21 - - [02/Nov/2024:20:19:06 +0000] "GET /market/asdf.php HTTP/1.1" 404 564 "-" "Mozilla/5.0 (Macintosh; Intel Mac OS X 10_12_3) AppleWebKit/537.36 (KHTML, like Gecko) Chrome/56.0.2924.87 Safari/537.36"
94.72.101.21 - - [02/Nov/2024:20:19:06 +0000] "GET /marketing/xampp/info.php HTTP/1.1" 404 564 "-" "Mozilla/5.0 (Macintosh; Intel Mac OS X 10_12_3) AppleWebKit/537.36 (KHTML, like Gecko) Chrome/56.0.2924.87 Safari/537.36"
94.72.101.21 - - [02/Nov/2024:20:19:07 +0000] "GET /marketing/xampp/phpinfo HTTP/1.1" 404 564 "-" "Mozilla/5.0 (Macintosh; Intel Mac OS X 10_12_3) AppleWebKit/537.36 (KHTML, like Gecko) Chrome/56.0.2924.87 Safari/537.36"
94.72.101.21 - - [02/Nov/2024:20:19:07 +0000] "GET /marketing/_profiler/phpinfo HTTP/1.1" 404 564 "-" "Mozilla/5.0 (Macintosh; Intel Mac OS X 10_12_3) AppleWebKit/537.36 (KHTML, like Gecko) Chrome/56.0.2924.87 Safari/537.36"
94.72.101.21 - - [02/Nov/2024:20:19:07 +0000] "GET /marketing/phpinfo.php HTTP/1.1" 404 564 "-" "Mozilla/5.0 (Macintosh; Intel Mac OS X 10_12_3) AppleWebKit/537.36 (KHTML, like Gecko) Chrome/56.0.2924.87 Safari/537.36"
94.72.101.21 - - [02/Nov/2024:20:19:08 +0000] "GET /marketing/phpinfo HTTP/1.1" 404 564 "-" "Mozilla/5.0 (Macintosh; Intel Mac OS X 10_12_3) AppleWebKit/537.36 (KHTML, like Gecko) Chrome/56.0.2924.87 Safari/537.36"
94.72.101.21 - - [02/Nov/2024:20:19:08 +0000] "GET /marketing/info.php HTTP/1.1" 404 564 "-" "Mozilla/5.0 (Macintosh; Intel Mac OS X 10_12_3) AppleWebKit/537.36 (KHTML, like Gecko) Chrome/56.0.2924.87 Safari/537.36"
94.72.101.21 - - [02/Nov/2024:20:19:08 +0000] "GET /marketing/php.ini HTTP/1.1" 404 564 "-" "Mozilla/5.0 (Macintosh; Intel Mac OS X 10_12_3) AppleWebKit/537.36 (KHTML, like Gecko) Chrome/56.0.2924.87 Safari/537.36"
94.72.101.21 - - [02/Nov/2024:20:19:08 +0000] "GET /marketing/php.php HTTP/1.1" 404 564 "-" "Mozilla/5.0 (Macintosh; Intel Mac OS X 10_12_3) AppleWebKit/537.36 (KHTML, like Gecko) Chrome/56.0.2924.87 Safari/537.36"
94.72.101.21 - - [02/Nov/2024:20:19:09 +0000] "GET /marketing/infophp.php HTTP/1.1" 404 564 "-" "Mozilla/5.0 (Macintosh; Intel Mac OS X 10_12_3) AppleWebKit/537.36 (KHTML, like Gecko) Chrome/56.0.2924.87 Safari/537.36"
94.72.101.21 - - [02/Nov/2024:20:19:09 +0000] "GET /marketing/test.php HTTP/1.1" 404 564 "-" "Mozilla/5.0 (Macintosh; Intel Mac OS X 10_12_3) AppleWebKit/537.36 (KHTML, like Gecko) Chrome/56.0.2924.87 Safari/537.36"
94.72.101.21 - - [02/Nov/2024:20:19:09 +0000] "GET /marketing/dashboard/phpinfo.php HTTP/1.1" 404 564 "-" "Mozilla/5.0 (Macintosh; Intel Mac OS X 10_12_3) AppleWebKit/537.36 (KHTML, like Gecko) Chrome/56.0.2924.87 Safari/537.36"
94.72.101.21 - - [02/Nov/2024:20:19:10 +0000] "GET /marketing/api/phpinfo.php HTTP/1.1" 404 564 "-" "Mozilla/5.0 (Macintosh; Intel Mac OS X 10_12_3) AppleWebKit/537.36 (KHTML, like Gecko) Chrome/56.0.2924.87 Safari/537.36"
94.72.101.21 - - [02/Nov/2024:20:19:10 +0000] "GET /marketing/backend/phpinfo.php HTTP/1.1" 404 564 "-" "Mozilla/5.0 (Macintosh; Intel Mac OS X 10_12_3) AppleWebKit/537.36 (KHTML, like Gecko) Chrome/56.0.2924.87 Safari/537.36"
94.72.101.21 - - [02/Nov/2024:20:19:10 +0000] "GET /marketing/backup/phpinfo.php HTTP/1.1" 404 564 "-" "Mozilla/5.0 (Macintosh; Intel Mac OS X 10_12_3) AppleWebKit/537.36 (KHTML, like Gecko) Chrome/56.0.2924.87 Safari/537.36"
94.72.101.21 - - [02/Nov/2024:20:19:10 +0000] "GET /marketing/crm/phpinfo.php HTTP/1.1" 404 564 "-" "Mozilla/5.0 (Macintosh; Intel Mac OS X 10_12_3) AppleWebKit/537.36 (KHTML, like Gecko) Chrome/56.0.2924.87 Safari/537.36"
94.72.101.21 - - [02/Nov/2024:20:19:10 +0000] "GET /marketing/current/phpinfo.php HTTP/1.1" 404 564 "-" "Mozilla/5.0 (Macintosh; Intel Mac OS X 10_12_3) AppleWebKit/537.36 (KHTML, like Gecko) Chrome/56.0.2924.87 Safari/537.36"
94.72.101.21 - - [02/Nov/2024:20:19:11 +0000] "GET /marketing/dev/phpinfo.php HTTP/1.1" 404 564 "-" "Mozilla/5.0 (Macintosh; Intel Mac OS X 10_12_3) AppleWebKit/537.36 (KHTML, like Gecko) Chrome/56.0.2924.87 Safari/537.36"
94.72.101.21 - - [02/Nov/2024:20:19:11 +0000] "GET /marketing/develop/phpinfo.php HTTP/1.1" 404 564 "-" "Mozilla/5.0 (Macintosh; Intel Mac OS X 10_12_3) AppleWebKit/537.36 (KHTML, like Gecko) Chrome/56.0.2924.87 Safari/537.36"
94.72.101.21 - - [02/Nov/2024:20:19:11 +0000] "GET /marketing/development/phpinfo.php HTTP/1.1" 404 564 "-" "Mozilla/5.0 (Macintosh; Intel Mac OS X 10_12_3) AppleWebKit/537.36 (KHTML, like Gecko) Chrome/56.0.2924.87 Safari/537.36"
94.72.101.21 - - [02/Nov/2024:20:19:11 +0000] "GET /marketing/help/phpinfo.php HTTP/1.1" 404 564 "-" "Mozilla/5.0 (Macintosh; Intel Mac OS X 10_12_3) AppleWebKit/537.36 (KHTML, like Gecko) Chrome/56.0.2924.87 Safari/537.36"
94.72.101.21 - - [02/Nov/2024:20:19:11 +0000] "GET /marketing/helper/phpinfo.php HTTP/1.1" 404 564 "-" "Mozilla/5.0 (Macintosh; Intel Mac OS X 10_12_3) AppleWebKit/537.36 (KHTML, like Gecko) Chrome/56.0.2924.87 Safari/537.36"
94.72.101.21 - - [02/Nov/2024:20:19:11 +0000] "GET /marketing/lara/phpinfo.php HTTP/1.1" 404 564 "-" "Mozilla/5.0 (Macintosh; Intel Mac OS X 10_12_3) AppleWebKit/537.36 (KHTML, like Gecko) Chrome/56.0.2924.87 Safari/537.36"
94.72.101.21 - - [02/Nov/2024:20:19:12 +0000] "GET /marketing/laravel/phpinfo.php HTTP/1.1" 404 564 "-" "Mozilla/5.0 (Macintosh; Intel Mac OS X 10_12_3) AppleWebKit/537.36 (KHTML, like Gecko) Chrome/56.0.2924.87 Safari/537.36"
94.72.101.21 - - [02/Nov/2024:20:19:12 +0000] "GET /marketing/server/phpinfo.php HTTP/1.1" 404 564 "-" "Mozilla/5.0 (Macintosh; Intel Mac OS X 10_12_3) AppleWebKit/537.36 (KHTML, like Gecko) Chrome/56.0.2924.87 Safari/537.36"
94.72.101.21 - - [02/Nov/2024:20:19:12 +0000] "GET /marketing/service/phpinfo.php HTTP/1.1" 404 564 "-" "Mozilla/5.0 (Macintosh; Intel Mac OS X 10_12_3) AppleWebKit/537.36 (KHTML, like Gecko) Chrome/56.0.2924.87 Safari/537.36"
94.72.101.21 - - [02/Nov/2024:20:19:12 +0000] "GET /marketing/services/phpinfo.php HTTP/1.1" 404 564 "-" "Mozilla/5.0 (Macintosh; Intel Mac OS X 10_12_3) AppleWebKit/537.36 (KHTML, like Gecko) Chrome/56.0.2924.87 Safari/537.36"
94.72.101.21 - - [02/Nov/2024:20:19:13 +0000] "GET /marketing/xampp/phpinfo.php HTTP/1.1" 404 564 "-" "Mozilla/5.0 (Macintosh; Intel Mac OS X 10_12_3) AppleWebKit/537.36 (KHTML, like Gecko) Chrome/56.0.2924.87 Safari/537.36"
94.72.101.21 - - [02/Nov/2024:20:19:13 +0000] "GET /marketing/api/info.php HTTP/1.1" 404 564 "-" "Mozilla/5.0 (Macintosh; Intel Mac OS X 10_12_3) AppleWebKit/537.36 (KHTML, like Gecko) Chrome/56.0.2924.87 Safari/537.36"
94.72.101.21 - - [02/Nov/2024:20:19:13 +0000] "GET /marketing/backend/info.php HTTP/1.1" 404 564 "-" "Mozilla/5.0 (Macintosh; Intel Mac OS X 10_12_3) AppleWebKit/537.36 (KHTML, like Gecko) Chrome/56.0.2924.87 Safari/537.36"
94.72.101.21 - - [02/Nov/2024:20:19:14 +0000] "GET /marketing/backup/info.php HTTP/1.1" 404 564 "-" "Mozilla/5.0 (Macintosh; Intel Mac OS X 10_12_3) AppleWebKit/537.36 (KHTML, like Gecko) Chrome/56.0.2924.87 Safari/537.36"
94.72.101.21 - - [02/Nov/2024:20:19:14 +0000] "GET /marketing/crm/info.php HTTP/1.1" 404 564 "-" "Mozilla/5.0 (Macintosh; Intel Mac OS X 10_12_3) AppleWebKit/537.36 (KHTML, like Gecko) Chrome/56.0.2924.87 Safari/537.36"
94.72.101.21 - - [02/Nov/2024:20:19:14 +0000] "GET /marketing/current/info.php HTTP/1.1" 404 564 "-" "Mozilla/5.0 (Macintosh; Intel Mac OS X 10_12_3) AppleWebKit/537.36 (KHTML, like Gecko) Chrome/56.0.2924.87 Safari/537.36"
94.72.101.21 - - [02/Nov/2024:20:19:14 +0000] "GET /marketing/dev/info.php HTTP/1.1" 404 564 "-" "Mozilla/5.0 (Macintosh; Intel Mac OS X 10_12_3) AppleWebKit/537.36 (KHTML, like Gecko) Chrome/56.0.2924.87 Safari/537.36"
94.72.101.21 - - [02/Nov/2024:20:19:14 +0000] "GET /marketing/develop/info.php HTTP/1.1" 404 564 "-" "Mozilla/5.0 (Macintosh; Intel Mac OS X 10_12_3) AppleWebKit/537.36 (KHTML, like Gecko) Chrome/56.0.2924.87 Safari/537.36"
94.72.101.21 - - [02/Nov/2024:20:19:15 +0000] "GET /marketing/development/iinfo.php HTTP/1.1" 404 564 "-" "Mozilla/5.0 (Macintosh; Intel Mac OS X 10_12_3) AppleWebKit/537.36 (KHTML, like Gecko) Chrome/56.0.2924.87 Safari/537.36"
94.72.101.21 - - [02/Nov/2024:20:19:16 +0000] "GET /marketing/help/info.php HTTP/1.1" 404 564 "-" "Mozilla/5.0 (Macintosh; Intel Mac OS X 10_12_3) AppleWebKit/537.36 (KHTML, like Gecko) Chrome/56.0.2924.87 Safari/537.36"
94.72.101.21 - - [02/Nov/2024:20:19:16 +0000] "GET /marketing/helper/info.php HTTP/1.1" 404 564 "-" "Mozilla/5.0 (Macintosh; Intel Mac OS X 10_12_3) AppleWebKit/537.36 (KHTML, like Gecko) Chrome/56.0.2924.87 Safari/537.36"
94.72.101.21 - - [02/Nov/2024:20:19:16 +0000] "GET /marketing/lara/info.php HTTP/1.1" 404 564 "-" "Mozilla/5.0 (Macintosh; Intel Mac OS X 10_12_3) AppleWebKit/537.36 (KHTML, like Gecko) Chrome/56.0.2924.87 Safari/537.36"
94.72.101.21 - - [02/Nov/2024:20:19:16 +0000] "GET /marketing/laravel/info.php HTTP/1.1" 404 564 "-" "Mozilla/5.0 (Macintosh; Intel Mac OS X 10_12_3) AppleWebKit/537.36 (KHTML, like Gecko) Chrome/56.0.2924.87 Safari/537.36"
94.72.101.21 - - [02/Nov/2024:20:19:17 +0000] "GET /marketing/server/info.php HTTP/1.1" 404 564 "-" "Mozilla/5.0 (Macintosh; Intel Mac OS X 10_12_3) AppleWebKit/537.36 (KHTML, like Gecko) Chrome/56.0.2924.87 Safari/537.36"
94.72.101.21 - - [02/Nov/2024:20:19:17 +0000] "GET /marketing/service/info.php HTTP/1.1" 404 564 "-" "Mozilla/5.0 (Macintosh; Intel Mac OS X 10_12_3) AppleWebKit/537.36 (KHTML, like Gecko) Chrome/56.0.2924.87 Safari/537.36"
94.72.101.21 - - [02/Nov/2024:20:19:17 +0000] "GET /marketing/services/info.php HTTP/1.1" 404 564 "-" "Mozilla/5.0 (Macintosh; Intel Mac OS X 10_12_3) AppleWebKit/537.36 (KHTML, like Gecko) Chrome/56.0.2924.87 Safari/537.36"
94.72.101.21 - - [02/Nov/2024:20:19:17 +0000] "GET /marketing/php-info.php HTTP/1.1" 404 564 "-" "Mozilla/5.0 (Macintosh; Intel Mac OS X 10_12_3) AppleWebKit/537.36 (KHTML, like Gecko) Chrome/56.0.2924.87 Safari/537.36"
94.72.101.21 - - [02/Nov/2024:20:19:17 +0000] "GET /marketing/linusadmin-phpinfo.php HTTP/1.1" 404 564 "-" "Mozilla/5.0 (Macintosh; Intel Mac OS X 10_12_3) AppleWebKit/537.36 (KHTML, like Gecko) Chrome/56.0.2924.87 Safari/537.36"
94.72.101.21 - - [02/Nov/2024:20:19:17 +0000] "GET /marketing/infos.php HTTP/1.1" 404 564 "-" "Mozilla/5.0 (Macintosh; Intel Mac OS X 10_12_3) AppleWebKit/537.36 (KHTML, like Gecko) Chrome/56.0.2924.87 Safari/537.36"
94.72.101.21 - - [02/Nov/2024:20:19:18 +0000] "GET /marketing/old_phpinfo.php HTTP/1.1" 404 564 "-" "Mozilla/5.0 (Macintosh; Intel Mac OS X 10_12_3) AppleWebKit/537.36 (KHTML, like Gecko) Chrome/56.0.2924.87 Safari/537.36"
94.72.101.21 - - [02/Nov/2024:20:19:18 +0000] "GET /marketing/temp.php HTTP/1.1" 404 564 "-" "Mozilla/5.0 (Macintosh; Intel Mac OS X 10_12_3) AppleWebKit/537.36 (KHTML, like Gecko) Chrome/56.0.2924.87 Safari/537.36"
94.72.101.21 - - [02/Nov/2024:20:19:18 +0000] "GET /marketing/time.php HTTP/1.1" 404 564 "-" "Mozilla/5.0 (Macintosh; Intel Mac OS X 10_12_3) AppleWebKit/537.36 (KHTML, like Gecko) Chrome/56.0.2924.87 Safari/537.36"
94.72.101.21 - - [02/Nov/2024:20:19:18 +0000] "GET /marketing/phpversion.php HTTP/1.1" 404 564 "-" "Mozilla/5.0 (Macintosh; Intel Mac OS X 10_12_3) AppleWebKit/537.36 (KHTML, like Gecko) Chrome/56.0.2924.87 Safari/537.36"
94.72.101.21 - - [02/Nov/2024:20:19:18 +0000] "GET /marketing/pinfo.php HTTP/1.1" 404 564 "-" "Mozilla/5.0 (Macintosh; Intel Mac OS X 10_12_3) AppleWebKit/537.36 (KHTML, like Gecko) Chrome/56.0.2924.87 Safari/537.36"
94.72.101.21 - - [02/Nov/2024:20:19:19 +0000] "GET /marketing/i.php HTTP/1.1" 404 564 "-" "Mozilla/5.0 (Macintosh; Intel Mac OS X 10_12_3) AppleWebKit/537.36 (KHTML, like Gecko) Chrome/56.0.2924.87 Safari/537.36"
94.72.101.21 - - [02/Nov/2024:20:19:19 +0000] "GET /marketing/asdf.php HTTP/1.1" 404 564 "-" "Mozilla/5.0 (Macintosh; Intel Mac OS X 10_12_3) AppleWebKit/537.36 (KHTML, like Gecko) Chrome/56.0.2924.87 Safari/537.36"
94.72.101.21 - - [02/Nov/2024:20:19:19 +0000] "GET /mail/xampp/info.php HTTP/1.1" 404 564 "-" "Mozilla/5.0 (Macintosh; Intel Mac OS X 10_12_3) AppleWebKit/537.36 (KHTML, like Gecko) Chrome/56.0.2924.87 Safari/537.36"
94.72.101.21 - - [02/Nov/2024:20:19:20 +0000] "GET /mail/xampp/phpinfo HTTP/1.1" 404 564 "-" "Mozilla/5.0 (Macintosh; Intel Mac OS X 10_12_3) AppleWebKit/537.36 (KHTML, like Gecko) Chrome/56.0.2924.87 Safari/537.36"
94.72.101.21 - - [02/Nov/2024:20:19:20 +0000] "GET /mail/_profiler/phpinfo HTTP/1.1" 404 564 "-" "Mozilla/5.0 (Macintosh; Intel Mac OS X 10_12_3) AppleWebKit/537.36 (KHTML, like Gecko) Chrome/56.0.2924.87 Safari/537.36"
94.72.101.21 - - [02/Nov/2024:20:19:20 +0000] "GET /mail/phpinfo.php HTTP/1.1" 404 564 "-" "Mozilla/5.0 (Macintosh; Intel Mac OS X 10_12_3) AppleWebKit/537.36 (KHTML, like Gecko) Chrome/56.0.2924.87 Safari/537.36"
94.72.101.21 - - [02/Nov/2024:20:19:20 +0000] "GET /mail/phpinfo HTTP/1.1" 404 564 "-" "Mozilla/5.0 (Macintosh; Intel Mac OS X 10_12_3) AppleWebKit/537.36 (KHTML, like Gecko) Chrome/56.0.2924.87 Safari/537.36"
94.72.101.21 - - [02/Nov/2024:20:19:21 +0000] "GET /mail/info.php HTTP/1.1" 404 564 "-" "Mozilla/5.0 (Macintosh; Intel Mac OS X 10_12_3) AppleWebKit/537.36 (KHTML, like Gecko) Chrome/56.0.2924.87 Safari/537.36"
94.72.101.21 - - [02/Nov/2024:20:19:21 +0000] "GET /mail/php.ini HTTP/1.1" 404 564 "-" "Mozilla/5.0 (Macintosh; Intel Mac OS X 10_12_3) AppleWebKit/537.36 (KHTML, like Gecko) Chrome/56.0.2924.87 Safari/537.36"
94.72.101.21 - - [02/Nov/2024:20:19:21 +0000] "GET /mail/php.php HTTP/1.1" 404 564 "-" "Mozilla/5.0 (Macintosh; Intel Mac OS X 10_12_3) AppleWebKit/537.36 (KHTML, like Gecko) Chrome/56.0.2924.87 Safari/537.36"
94.72.101.21 - - [02/Nov/2024:20:19:21 +0000] "GET /mail/infophp.php HTTP/1.1" 404 564 "-" "Mozilla/5.0 (Macintosh; Intel Mac OS X 10_12_3) AppleWebKit/537.36 (KHTML, like Gecko) Chrome/56.0.2924.87 Safari/537.36"
94.72.101.21 - - [02/Nov/2024:20:19:22 +0000] "GET /mail/test.php HTTP/1.1" 404 564 "-" "Mozilla/5.0 (Macintosh; Intel Mac OS X 10_12_3) AppleWebKit/537.36 (KHTML, like Gecko) Chrome/56.0.2924.87 Safari/537.36"
94.72.101.21 - - [02/Nov/2024:20:19:22 +0000] "GET /mail/dashboard/phpinfo.php HTTP/1.1" 404 564 "-" "Mozilla/5.0 (Macintosh; Intel Mac OS X 10_12_3) AppleWebKit/537.36 (KHTML, like Gecko) Chrome/56.0.2924.87 Safari/537.36"
94.72.101.21 - - [02/Nov/2024:20:19:22 +0000] "GET /mail/api/phpinfo.php HTTP/1.1" 404 564 "-" "Mozilla/5.0 (Macintosh; Intel Mac OS X 10_12_3) AppleWebKit/537.36 (KHTML, like Gecko) Chrome/56.0.2924.87 Safari/537.36"
94.72.101.21 - - [02/Nov/2024:20:19:23 +0000] "GET /mail/backend/phpinfo.php HTTP/1.1" 404 564 "-" "Mozilla/5.0 (Macintosh; Intel Mac OS X 10_12_3) AppleWebKit/537.36 (KHTML, like Gecko) Chrome/56.0.2924.87 Safari/537.36"
94.72.101.21 - - [02/Nov/2024:20:19:23 +0000] "GET /mail/backup/phpinfo.php HTTP/1.1" 404 564 "-" "Mozilla/5.0 (Macintosh; Intel Mac OS X 10_12_3) AppleWebKit/537.36 (KHTML, like Gecko) Chrome/56.0.2924.87 Safari/537.36"
94.72.101.21 - - [02/Nov/2024:20:19:23 +0000] "GET /mail/crm/phpinfo.php HTTP/1.1" 404 564 "-" "Mozilla/5.0 (Macintosh; Intel Mac OS X 10_12_3) AppleWebKit/537.36 (KHTML, like Gecko) Chrome/56.0.2924.87 Safari/537.36"
94.72.101.21 - - [02/Nov/2024:20:19:24 +0000] "GET /mail/current/phpinfo.php HTTP/1.1" 404 564 "-" "Mozilla/5.0 (Macintosh; Intel Mac OS X 10_12_3) AppleWebKit/537.36 (KHTML, like Gecko) Chrome/56.0.2924.87 Safari/537.36"
94.72.101.21 - - [02/Nov/2024:20:19:24 +0000] "GET /mail/dev/phpinfo.php HTTP/1.1" 404 564 "-" "Mozilla/5.0 (Macintosh; Intel Mac OS X 10_12_3) AppleWebKit/537.36 (KHTML, like Gecko) Chrome/56.0.2924.87 Safari/537.36"
94.72.101.21 - - [02/Nov/2024:20:19:24 +0000] "GET /mail/develop/phpinfo.php HTTP/1.1" 404 564 "-" "Mozilla/5.0 (Macintosh; Intel Mac OS X 10_12_3) AppleWebKit/537.36 (KHTML, like Gecko) Chrome/56.0.2924.87 Safari/537.36"
94.72.101.21 - - [02/Nov/2024:20:19:25 +0000] "GET /mail/development/phpinfo.php HTTP/1.1" 404 564 "-" "Mozilla/5.0 (Macintosh; Intel Mac OS X 10_12_3) AppleWebKit/537.36 (KHTML, like Gecko) Chrome/56.0.2924.87 Safari/537.36"
94.72.101.21 - - [02/Nov/2024:20:19:25 +0000] "GET /mail/help/phpinfo.php HTTP/1.1" 404 564 "-" "Mozilla/5.0 (Macintosh; Intel Mac OS X 10_12_3) AppleWebKit/537.36 (KHTML, like Gecko) Chrome/56.0.2924.87 Safari/537.36"
94.72.101.21 - - [02/Nov/2024:20:19:25 +0000] "GET /mail/helper/phpinfo.php HTTP/1.1" 404 564 "-" "Mozilla/5.0 (Macintosh; Intel Mac OS X 10_12_3) AppleWebKit/537.36 (KHTML, like Gecko) Chrome/56.0.2924.87 Safari/537.36"
94.72.101.21 - - [02/Nov/2024:20:19:25 +0000] "GET /mail/lara/phpinfo.php HTTP/1.1" 404 564 "-" "Mozilla/5.0 (Macintosh; Intel Mac OS X 10_12_3) AppleWebKit/537.36 (KHTML, like Gecko) Chrome/56.0.2924.87 Safari/537.36"
94.72.101.21 - - [02/Nov/2024:20:19:25 +0000] "GET /mail/laravel/phpinfo.php HTTP/1.1" 404 564 "-" "Mozilla/5.0 (Macintosh; Intel Mac OS X 10_12_3) AppleWebKit/537.36 (KHTML, like Gecko) Chrome/56.0.2924.87 Safari/537.36"
94.72.101.21 - - [02/Nov/2024:20:19:26 +0000] "GET /mail/server/phpinfo.php HTTP/1.1" 404 564 "-" "Mozilla/5.0 (Macintosh; Intel Mac OS X 10_12_3) AppleWebKit/537.36 (KHTML, like Gecko) Chrome/56.0.2924.87 Safari/537.36"
94.72.101.21 - - [02/Nov/2024:20:19:26 +0000] "GET /mail/service/phpinfo.php HTTP/1.1" 404 564 "-" "Mozilla/5.0 (Macintosh; Intel Mac OS X 10_12_3) AppleWebKit/537.36 (KHTML, like Gecko) Chrome/56.0.2924.87 Safari/537.36"
94.72.101.21 - - [02/Nov/2024:20:19:26 +0000] "GET /mail/services/phpinfo.php HTTP/1.1" 404 564 "-" "Mozilla/5.0 (Macintosh; Intel Mac OS X 10_12_3) AppleWebKit/537.36 (KHTML, like Gecko) Chrome/56.0.2924.87 Safari/537.36"
94.72.101.21 - - [02/Nov/2024:20:19:27 +0000] "GET /mail/xampp/phpinfo.php HTTP/1.1" 404 564 "-" "Mozilla/5.0 (Macintosh; Intel Mac OS X 10_12_3) AppleWebKit/537.36 (KHTML, like Gecko) Chrome/56.0.2924.87 Safari/537.36"
94.72.101.21 - - [02/Nov/2024:20:19:27 +0000] "GET /mail/api/info.php HTTP/1.1" 404 564 "-" "Mozilla/5.0 (Macintosh; Intel Mac OS X 10_12_3) AppleWebKit/537.36 (KHTML, like Gecko) Chrome/56.0.2924.87 Safari/537.36"
94.72.101.21 - - [02/Nov/2024:20:19:27 +0000] "GET /mail/backend/info.php HTTP/1.1" 404 564 "-" "Mozilla/5.0 (Macintosh; Intel Mac OS X 10_12_3) AppleWebKit/537.36 (KHTML, like Gecko) Chrome/56.0.2924.87 Safari/537.36"
94.72.101.21 - - [02/Nov/2024:20:19:28 +0000] "GET /mail/backup/info.php HTTP/1.1" 404 564 "-" "Mozilla/5.0 (Macintosh; Intel Mac OS X 10_12_3) AppleWebKit/537.36 (KHTML, like Gecko) Chrome/56.0.2924.87 Safari/537.36"
94.72.101.21 - - [02/Nov/2024:20:19:28 +0000] "GET /mail/crm/info.php HTTP/1.1" 404 564 "-" "Mozilla/5.0 (Macintosh; Intel Mac OS X 10_12_3) AppleWebKit/537.36 (KHTML, like Gecko) Chrome/56.0.2924.87 Safari/537.36"
94.72.101.21 - - [02/Nov/2024:20:19:28 +0000] "GET /mail/current/info.php HTTP/1.1" 404 564 "-" "Mozilla/5.0 (Macintosh; Intel Mac OS X 10_12_3) AppleWebKit/537.36 (KHTML, like Gecko) Chrome/56.0.2924.87 Safari/537.36"
94.72.101.21 - - [02/Nov/2024:20:19:29 +0000] "GET /mail/dev/info.php HTTP/1.1" 404 564 "-" "Mozilla/5.0 (Macintosh; Intel Mac OS X 10_12_3) AppleWebKit/537.36 (KHTML, like Gecko) Chrome/56.0.2924.87 Safari/537.36"
94.72.101.21 - - [02/Nov/2024:20:19:29 +0000] "GET /mail/develop/info.php HTTP/1.1" 404 564 "-" "Mozilla/5.0 (Macintosh; Intel Mac OS X 10_12_3) AppleWebKit/537.36 (KHTML, like Gecko) Chrome/56.0.2924.87 Safari/537.36"
94.72.101.21 - - [02/Nov/2024:20:19:29 +0000] "GET /mail/development/iinfo.php HTTP/1.1" 404 564 "-" "Mozilla/5.0 (Macintosh; Intel Mac OS X 10_12_3) AppleWebKit/537.36 (KHTML, like Gecko) Chrome/56.0.2924.87 Safari/537.36"
94.72.101.21 - - [02/Nov/2024:20:19:29 +0000] "GET /mail/help/info.php HTTP/1.1" 404 564 "-" "Mozilla/5.0 (Macintosh; Intel Mac OS X 10_12_3) AppleWebKit/537.36 (KHTML, like Gecko) Chrome/56.0.2924.87 Safari/537.36"
94.72.101.21 - - [02/Nov/2024:20:19:29 +0000] "GET /mail/helper/info.php HTTP/1.1" 404 564 "-" "Mozilla/5.0 (Macintosh; Intel Mac OS X 10_12_3) AppleWebKit/537.36 (KHTML, like Gecko) Chrome/56.0.2924.87 Safari/537.36"
94.72.101.21 - - [02/Nov/2024:20:19:30 +0000] "GET /mail/lara/info.php HTTP/1.1" 404 564 "-" "Mozilla/5.0 (Macintosh; Intel Mac OS X 10_12_3) AppleWebKit/537.36 (KHTML, like Gecko) Chrome/56.0.2924.87 Safari/537.36"
94.72.101.21 - - [02/Nov/2024:20:19:30 +0000] "GET /mail/laravel/info.php HTTP/1.1" 404 564 "-" "Mozilla/5.0 (Macintosh; Intel Mac OS X 10_12_3) AppleWebKit/537.36 (KHTML, like Gecko) Chrome/56.0.2924.87 Safari/537.36"
94.72.101.21 - - [02/Nov/2024:20:19:30 +0000] "GET /mail/server/info.php HTTP/1.1" 404 564 "-" "Mozilla/5.0 (Macintosh; Intel Mac OS X 10_12_3) AppleWebKit/537.36 (KHTML, like Gecko) Chrome/56.0.2924.87 Safari/537.36"
94.72.101.21 - - [02/Nov/2024:20:19:30 +0000] "GET /mail/service/info.php HTTP/1.1" 404 564 "-" "Mozilla/5.0 (Macintosh; Intel Mac OS X 10_12_3) AppleWebKit/537.36 (KHTML, like Gecko) Chrome/56.0.2924.87 Safari/537.36"
94.72.101.21 - - [02/Nov/2024:20:19:31 +0000] "GET /mail/services/info.php HTTP/1.1" 404 564 "-" "Mozilla/5.0 (Macintosh; Intel Mac OS X 10_12_3) AppleWebKit/537.36 (KHTML, like Gecko) Chrome/56.0.2924.87 Safari/537.36"
94.72.101.21 - - [02/Nov/2024:20:19:31 +0000] "GET /mail/php-info.php HTTP/1.1" 404 564 "-" "Mozilla/5.0 (Macintosh; Intel Mac OS X 10_12_3) AppleWebKit/537.36 (KHTML, like Gecko) Chrome/56.0.2924.87 Safari/537.36"
94.72.101.21 - - [02/Nov/2024:20:19:31 +0000] "GET /mail/linusadmin-phpinfo.php HTTP/1.1" 404 564 "-" "Mozilla/5.0 (Macintosh; Intel Mac OS X 10_12_3) AppleWebKit/537.36 (KHTML, like Gecko) Chrome/56.0.2924.87 Safari/537.36"
94.72.101.21 - - [02/Nov/2024:20:19:31 +0000] "GET /mail/infos.php HTTP/1.1" 404 564 "-" "Mozilla/5.0 (Macintosh; Intel Mac OS X 10_12_3) AppleWebKit/537.36 (KHTML, like Gecko) Chrome/56.0.2924.87 Safari/537.36"
94.72.101.21 - - [02/Nov/2024:20:19:31 +0000] "GET /mail/old_phpinfo.php HTTP/1.1" 404 564 "-" "Mozilla/5.0 (Macintosh; Intel Mac OS X 10_12_3) AppleWebKit/537.36 (KHTML, like Gecko) Chrome/56.0.2924.87 Safari/537.36"
94.72.101.21 - - [02/Nov/2024:20:19:32 +0000] "GET /mail/temp.php HTTP/1.1" 404 564 "-" "Mozilla/5.0 (Macintosh; Intel Mac OS X 10_12_3) AppleWebKit/537.36 (KHTML, like Gecko) Chrome/56.0.2924.87 Safari/537.36"
94.72.101.21 - - [02/Nov/2024:20:19:32 +0000] "GET /mail/time.php HTTP/1.1" 404 564 "-" "Mozilla/5.0 (Macintosh; Intel Mac OS X 10_12_3) AppleWebKit/537.36 (KHTML, like Gecko) Chrome/56.0.2924.87 Safari/537.36"
94.72.101.21 - - [02/Nov/2024:20:19:32 +0000] "GET /mail/phpversion.php HTTP/1.1" 404 564 "-" "Mozilla/5.0 (Macintosh; Intel Mac OS X 10_12_3) AppleWebKit/537.36 (KHTML, like Gecko) Chrome/56.0.2924.87 Safari/537.36"
94.72.101.21 - - [02/Nov/2024:20:19:32 +0000] "GET /mail/pinfo.php HTTP/1.1" 404 564 "-" "Mozilla/5.0 (Macintosh; Intel Mac OS X 10_12_3) AppleWebKit/537.36 (KHTML, like Gecko) Chrome/56.0.2924.87 Safari/537.36"
94.72.101.21 - - [02/Nov/2024:20:19:32 +0000] "GET /mail/i.php HTTP/1.1" 404 564 "-" "Mozilla/5.0 (Macintosh; Intel Mac OS X 10_12_3) AppleWebKit/537.36 (KHTML, like Gecko) Chrome/56.0.2924.87 Safari/537.36"
94.72.101.21 - - [02/Nov/2024:20:19:33 +0000] "GET /mail/asdf.php HTTP/1.1" 404 564 "-" "Mozilla/5.0 (Macintosh; Intel Mac OS X 10_12_3) AppleWebKit/537.36 (KHTML, like Gecko) Chrome/56.0.2924.87 Safari/537.36"
94.72.101.21 - - [02/Nov/2024:20:19:33 +0000] "GET /mailer/xampp/info.php HTTP/1.1" 404 564 "-" "Mozilla/5.0 (Macintosh; Intel Mac OS X 10_12_3) AppleWebKit/537.36 (KHTML, like Gecko) Chrome/56.0.2924.87 Safari/537.36"
94.72.101.21 - - [02/Nov/2024:20:19:34 +0000] "GET /mailer/xampp/phpinfo HTTP/1.1" 404 564 "-" "Mozilla/5.0 (Macintosh; Intel Mac OS X 10_12_3) AppleWebKit/537.36 (KHTML, like Gecko) Chrome/56.0.2924.87 Safari/537.36"
94.72.101.21 - - [02/Nov/2024:20:19:34 +0000] "GET /mailer/_profiler/phpinfo HTTP/1.1" 404 564 "-" "Mozilla/5.0 (Macintosh; Intel Mac OS X 10_12_3) AppleWebKit/537.36 (KHTML, like Gecko) Chrome/56.0.2924.87 Safari/537.36"
94.72.101.21 - - [02/Nov/2024:20:19:34 +0000] "GET /mailer/phpinfo.php HTTP/1.1" 404 564 "-" "Mozilla/5.0 (Macintosh; Intel Mac OS X 10_12_3) AppleWebKit/537.36 (KHTML, like Gecko) Chrome/56.0.2924.87 Safari/537.36"
94.72.101.21 - - [02/Nov/2024:20:19:34 +0000] "GET /mailer/phpinfo HTTP/1.1" 404 564 "-" "Mozilla/5.0 (Macintosh; Intel Mac OS X 10_12_3) AppleWebKit/537.36 (KHTML, like Gecko) Chrome/56.0.2924.87 Safari/537.36"
94.72.101.21 - - [02/Nov/2024:20:19:34 +0000] "GET /mailer/info.php HTTP/1.1" 404 564 "-" "Mozilla/5.0 (Macintosh; Intel Mac OS X 10_12_3) AppleWebKit/537.36 (KHTML, like Gecko) Chrome/56.0.2924.87 Safari/537.36"
94.72.101.21 - - [02/Nov/2024:20:19:35 +0000] "GET /mailer/php.ini HTTP/1.1" 404 564 "-" "Mozilla/5.0 (Macintosh; Intel Mac OS X 10_12_3) AppleWebKit/537.36 (KHTML, like Gecko) Chrome/56.0.2924.87 Safari/537.36"
94.72.101.21 - - [02/Nov/2024:20:19:35 +0000] "GET /mailer/php.php HTTP/1.1" 404 564 "-" "Mozilla/5.0 (Macintosh; Intel Mac OS X 10_12_3) AppleWebKit/537.36 (KHTML, like Gecko) Chrome/56.0.2924.87 Safari/537.36"
94.72.101.21 - - [02/Nov/2024:20:19:35 +0000] "GET /mailer/infophp.php HTTP/1.1" 404 564 "-" "Mozilla/5.0 (Macintosh; Intel Mac OS X 10_12_3) AppleWebKit/537.36 (KHTML, like Gecko) Chrome/56.0.2924.87 Safari/537.36"
94.72.101.21 - - [02/Nov/2024:20:19:35 +0000] "GET /mailer/test.php HTTP/1.1" 404 564 "-" "Mozilla/5.0 (Macintosh; Intel Mac OS X 10_12_3) AppleWebKit/537.36 (KHTML, like Gecko) Chrome/56.0.2924.87 Safari/537.36"
94.72.101.21 - - [02/Nov/2024:20:19:35 +0000] "GET /mailer/dashboard/phpinfo.php HTTP/1.1" 404 564 "-" "Mozilla/5.0 (Macintosh; Intel Mac OS X 10_12_3) AppleWebKit/537.36 (KHTML, like Gecko) Chrome/56.0.2924.87 Safari/537.36"
94.72.101.21 - - [02/Nov/2024:20:19:35 +0000] "GET /mailer/api/phpinfo.php HTTP/1.1" 404 564 "-" "Mozilla/5.0 (Macintosh; Intel Mac OS X 10_12_3) AppleWebKit/537.36 (KHTML, like Gecko) Chrome/56.0.2924.87 Safari/537.36"
94.72.101.21 - - [02/Nov/2024:20:19:36 +0000] "GET /mailer/backend/phpinfo.php HTTP/1.1" 404 564 "-" "Mozilla/5.0 (Macintosh; Intel Mac OS X 10_12_3) AppleWebKit/537.36 (KHTML, like Gecko) Chrome/56.0.2924.87 Safari/537.36"
94.72.101.21 - - [02/Nov/2024:20:19:36 +0000] "GET /mailer/backup/phpinfo.php HTTP/1.1" 404 564 "-" "Mozilla/5.0 (Macintosh; Intel Mac OS X 10_12_3) AppleWebKit/537.36 (KHTML, like Gecko) Chrome/56.0.2924.87 Safari/537.36"
94.72.101.21 - - [02/Nov/2024:20:19:36 +0000] "GET /mailer/crm/phpinfo.php HTTP/1.1" 404 564 "-" "Mozilla/5.0 (Macintosh; Intel Mac OS X 10_12_3) AppleWebKit/537.36 (KHTML, like Gecko) Chrome/56.0.2924.87 Safari/537.36"
94.72.101.21 - - [02/Nov/2024:20:19:37 +0000] "GET /mailer/current/phpinfo.php HTTP/1.1" 404 564 "-" "Mozilla/5.0 (Macintosh; Intel Mac OS X 10_12_3) AppleWebKit/537.36 (KHTML, like Gecko) Chrome/56.0.2924.87 Safari/537.36"
94.72.101.21 - - [02/Nov/2024:20:19:37 +0000] "GET /mailer/dev/phpinfo.php HTTP/1.1" 404 564 "-" "Mozilla/5.0 (Macintosh; Intel Mac OS X 10_12_3) AppleWebKit/537.36 (KHTML, like Gecko) Chrome/56.0.2924.87 Safari/537.36"
94.72.101.21 - - [02/Nov/2024:20:19:37 +0000] "GET /mailer/develop/phpinfo.php HTTP/1.1" 404 564 "-" "Mozilla/5.0 (Macintosh; Intel Mac OS X 10_12_3) AppleWebKit/537.36 (KHTML, like Gecko) Chrome/56.0.2924.87 Safari/537.36"
94.72.101.21 - - [02/Nov/2024:20:19:37 +0000] "GET /mailer/development/phpinfo.php HTTP/1.1" 404 564 "-" "Mozilla/5.0 (Macintosh; Intel Mac OS X 10_12_3) AppleWebKit/537.36 (KHTML, like Gecko) Chrome/56.0.2924.87 Safari/537.36"
94.72.101.21 - - [02/Nov/2024:20:19:38 +0000] "GET /mailer/help/phpinfo.php HTTP/1.1" 404 564 "-" "Mozilla/5.0 (Macintosh; Intel Mac OS X 10_12_3) AppleWebKit/537.36 (KHTML, like Gecko) Chrome/56.0.2924.87 Safari/537.36"
94.72.101.21 - - [02/Nov/2024:20:19:38 +0000] "GET /mailer/helper/phpinfo.php HTTP/1.1" 404 564 "-" "Mozilla/5.0 (Macintosh; Intel Mac OS X 10_12_3) AppleWebKit/537.36 (KHTML, like Gecko) Chrome/56.0.2924.87 Safari/537.36"
94.72.101.21 - - [02/Nov/2024:20:19:38 +0000] "GET /mailer/lara/phpinfo.php HTTP/1.1" 404 564 "-" "Mozilla/5.0 (Macintosh; Intel Mac OS X 10_12_3) AppleWebKit/537.36 (KHTML, like Gecko) Chrome/56.0.2924.87 Safari/537.36"
94.72.101.21 - - [02/Nov/2024:20:19:39 +0000] "GET /mailer/laravel/phpinfo.php HTTP/1.1" 404 564 "-" "Mozilla/5.0 (Macintosh; Intel Mac OS X 10_12_3) AppleWebKit/537.36 (KHTML, like Gecko) Chrome/56.0.2924.87 Safari/537.36"
94.72.101.21 - - [02/Nov/2024:20:19:39 +0000] "GET /mailer/server/phpinfo.php HTTP/1.1" 404 564 "-" "Mozilla/5.0 (Macintosh; Intel Mac OS X 10_12_3) AppleWebKit/537.36 (KHTML, like Gecko) Chrome/56.0.2924.87 Safari/537.36"
94.72.101.21 - - [02/Nov/2024:20:19:39 +0000] "GET /mailer/service/phpinfo.php HTTP/1.1" 404 564 "-" "Mozilla/5.0 (Macintosh; Intel Mac OS X 10_12_3) AppleWebKit/537.36 (KHTML, like Gecko) Chrome/56.0.2924.87 Safari/537.36"
94.72.101.21 - - [02/Nov/2024:20:19:40 +0000] "GET /mailer/services/phpinfo.php HTTP/1.1" 404 564 "-" "Mozilla/5.0 (Macintosh; Intel Mac OS X 10_12_3) AppleWebKit/537.36 (KHTML, like Gecko) Chrome/56.0.2924.87 Safari/537.36"
94.72.101.21 - - [02/Nov/2024:20:19:40 +0000] "GET /mailer/xampp/phpinfo.php HTTP/1.1" 404 564 "-" "Mozilla/5.0 (Macintosh; Intel Mac OS X 10_12_3) AppleWebKit/537.36 (KHTML, like Gecko) Chrome/56.0.2924.87 Safari/537.36"
94.72.101.21 - - [02/Nov/2024:20:19:40 +0000] "GET /mailer/api/info.php HTTP/1.1" 404 564 "-" "Mozilla/5.0 (Macintosh; Intel Mac OS X 10_12_3) AppleWebKit/537.36 (KHTML, like Gecko) Chrome/56.0.2924.87 Safari/537.36"
94.72.101.21 - - [02/Nov/2024:20:19:41 +0000] "GET /mailer/backend/info.php HTTP/1.1" 404 564 "-" "Mozilla/5.0 (Macintosh; Intel Mac OS X 10_12_3) AppleWebKit/537.36 (KHTML, like Gecko) Chrome/56.0.2924.87 Safari/537.36"
94.72.101.21 - - [02/Nov/2024:20:19:41 +0000] "GET /mailer/backup/info.php HTTP/1.1" 404 564 "-" "Mozilla/5.0 (Macintosh; Intel Mac OS X 10_12_3) AppleWebKit/537.36 (KHTML, like Gecko) Chrome/56.0.2924.87 Safari/537.36"
94.72.101.21 - - [02/Nov/2024:20:19:41 +0000] "GET /mailer/crm/info.php HTTP/1.1" 404 564 "-" "Mozilla/5.0 (Macintosh; Intel Mac OS X 10_12_3) AppleWebKit/537.36 (KHTML, like Gecko) Chrome/56.0.2924.87 Safari/537.36"
94.72.101.21 - - [02/Nov/2024:20:19:42 +0000] "GET /mailer/current/info.php HTTP/1.1" 404 564 "-" "Mozilla/5.0 (Macintosh; Intel Mac OS X 10_12_3) AppleWebKit/537.36 (KHTML, like Gecko) Chrome/56.0.2924.87 Safari/537.36"
94.72.101.21 - - [02/Nov/2024:20:19:42 +0000] "GET /mailer/dev/info.php HTTP/1.1" 404 564 "-" "Mozilla/5.0 (Macintosh; Intel Mac OS X 10_12_3) AppleWebKit/537.36 (KHTML, like Gecko) Chrome/56.0.2924.87 Safari/537.36"
94.72.101.21 - - [02/Nov/2024:20:19:43 +0000] "GET /mailer/develop/info.php HTTP/1.1" 404 564 "-" "Mozilla/5.0 (Macintosh; Intel Mac OS X 10_12_3) AppleWebKit/537.36 (KHTML, like Gecko) Chrome/56.0.2924.87 Safari/537.36"
94.72.101.21 - - [02/Nov/2024:20:19:43 +0000] "GET /mailer/development/iinfo.php HTTP/1.1" 404 564 "-" "Mozilla/5.0 (Macintosh; Intel Mac OS X 10_12_3) AppleWebKit/537.36 (KHTML, like Gecko) Chrome/56.0.2924.87 Safari/537.36"
94.72.101.21 - - [02/Nov/2024:20:19:43 +0000] "GET /mailer/help/info.php HTTP/1.1" 404 564 "-" "Mozilla/5.0 (Macintosh; Intel Mac OS X 10_12_3) AppleWebKit/537.36 (KHTML, like Gecko) Chrome/56.0.2924.87 Safari/537.36"
94.72.101.21 - - [02/Nov/2024:20:19:43 +0000] "GET /mailer/helper/info.php HTTP/1.1" 404 564 "-" "Mozilla/5.0 (Macintosh; Intel Mac OS X 10_12_3) AppleWebKit/537.36 (KHTML, like Gecko) Chrome/56.0.2924.87 Safari/537.36"
94.72.101.21 - - [02/Nov/2024:20:19:44 +0000] "GET /mailer/lara/info.php HTTP/1.1" 404 564 "-" "Mozilla/5.0 (Macintosh; Intel Mac OS X 10_12_3) AppleWebKit/537.36 (KHTML, like Gecko) Chrome/56.0.2924.87 Safari/537.36"
94.72.101.21 - - [02/Nov/2024:20:19:44 +0000] "GET /mailer/laravel/info.php HTTP/1.1" 404 564 "-" "Mozilla/5.0 (Macintosh; Intel Mac OS X 10_12_3) AppleWebKit/537.36 (KHTML, like Gecko) Chrome/56.0.2924.87 Safari/537.36"
93.174.93.12 - - [02/Nov/2024:20:19:44 +0000] "\x16\x03\x02\x01o\x01\x00\x01k\x03\x02RH\xC5\x1A#\xF7:N\xDF\xE2\xB4\x82/\xFF\x09T\x9F\xA7\xC4y\xB0h\xC6\x13\x8C\xA4\x1C=\x22\xE1\x1A\x98 \x84\xB4,\x85\xAFn\xE3Y\xBBbhl\xFF(=':\xA9\x82\xD9o\xC8\xA2\xD7\x93\x98\xB4\xEF\x80\xE5\xB9\x90\x00(\xC0" 400 166 "-" "-"
94.72.101.21 - - [02/Nov/2024:20:19:45 +0000] "GET /mailer/server/info.php HTTP/1.1" 404 564 "-" "Mozilla/5.0 (Macintosh; Intel Mac OS X 10_12_3) AppleWebKit/537.36 (KHTML, like Gecko) Chrome/56.0.2924.87 Safari/537.36"
94.72.101.21 - - [02/Nov/2024:20:19:45 +0000] "GET /mailer/service/info.php HTTP/1.1" 404 564 "-" "Mozilla/5.0 (Macintosh; Intel Mac OS X 10_12_3) AppleWebKit/537.36 (KHTML, like Gecko) Chrome/56.0.2924.87 Safari/537.36"
94.72.101.21 - - [02/Nov/2024:20:19:45 +0000] "GET /mailer/services/info.php HTTP/1.1" 404 564 "-" "Mozilla/5.0 (Macintosh; Intel Mac OS X 10_12_3) AppleWebKit/537.36 (KHTML, like Gecko) Chrome/56.0.2924.87 Safari/537.36"
94.72.101.21 - - [02/Nov/2024:20:19:45 +0000] "GET /mailer/php-info.php HTTP/1.1" 404 564 "-" "Mozilla/5.0 (Macintosh; Intel Mac OS X 10_12_3) AppleWebKit/537.36 (KHTML, like Gecko) Chrome/56.0.2924.87 Safari/537.36"
94.72.101.21 - - [02/Nov/2024:20:19:45 +0000] "GET /mailer/linusadmin-phpinfo.php HTTP/1.1" 404 564 "-" "Mozilla/5.0 (Macintosh; Intel Mac OS X 10_12_3) AppleWebKit/537.36 (KHTML, like Gecko) Chrome/56.0.2924.87 Safari/537.36"
94.72.101.21 - - [02/Nov/2024:20:19:45 +0000] "GET /mailer/infos.php HTTP/1.1" 404 564 "-" "Mozilla/5.0 (Macintosh; Intel Mac OS X 10_12_3) AppleWebKit/537.36 (KHTML, like Gecko) Chrome/56.0.2924.87 Safari/537.36"
94.72.101.21 - - [02/Nov/2024:20:19:46 +0000] "GET /mailer/old_phpinfo.php HTTP/1.1" 404 564 "-" "Mozilla/5.0 (Macintosh; Intel Mac OS X 10_12_3) AppleWebKit/537.36 (KHTML, like Gecko) Chrome/56.0.2924.87 Safari/537.36"
94.72.101.21 - - [02/Nov/2024:20:19:46 +0000] "GET /mailer/temp.php HTTP/1.1" 404 564 "-" "Mozilla/5.0 (Macintosh; Intel Mac OS X 10_12_3) AppleWebKit/537.36 (KHTML, like Gecko) Chrome/56.0.2924.87 Safari/537.36"
94.72.101.21 - - [02/Nov/2024:20:19:46 +0000] "GET /mailer/time.php HTTP/1.1" 404 564 "-" "Mozilla/5.0 (Macintosh; Intel Mac OS X 10_12_3) AppleWebKit/537.36 (KHTML, like Gecko) Chrome/56.0.2924.87 Safari/537.36"
94.72.101.21 - - [02/Nov/2024:20:19:46 +0000] "GET /mailer/phpversion.php HTTP/1.1" 404 564 "-" "Mozilla/5.0 (Macintosh; Intel Mac OS X 10_12_3) AppleWebKit/537.36 (KHTML, like Gecko) Chrome/56.0.2924.87 Safari/537.36"
94.72.101.21 - - [02/Nov/2024:20:19:47 +0000] "GET /mailer/pinfo.php HTTP/1.1" 404 564 "-" "Mozilla/5.0 (Macintosh; Intel Mac OS X 10_12_3) AppleWebKit/537.36 (KHTML, like Gecko) Chrome/56.0.2924.87 Safari/537.36"
94.72.101.21 - - [02/Nov/2024:20:19:47 +0000] "GET /mailer/i.php HTTP/1.1" 404 564 "-" "Mozilla/5.0 (Macintosh; Intel Mac OS X 10_12_3) AppleWebKit/537.36 (KHTML, like Gecko) Chrome/56.0.2924.87 Safari/537.36"
94.72.101.21 - - [02/Nov/2024:20:19:47 +0000] "GET /mailer/asdf.php HTTP/1.1" 404 564 "-" "Mozilla/5.0 (Macintosh; Intel Mac OS X 10_12_3) AppleWebKit/537.36 (KHTML, like Gecko) Chrome/56.0.2924.87 Safari/537.36"
94.72.101.21 - - [02/Nov/2024:20:19:48 +0000] "GET /media/xampp/info.php HTTP/1.1" 404 564 "-" "Mozilla/5.0 (Macintosh; Intel Mac OS X 10_12_3) AppleWebKit/537.36 (KHTML, like Gecko) Chrome/56.0.2924.87 Safari/537.36"
94.72.101.21 - - [02/Nov/2024:20:19:48 +0000] "GET /media/xampp/phpinfo HTTP/1.1" 404 564 "-" "Mozilla/5.0 (Macintosh; Intel Mac OS X 10_12_3) AppleWebKit/537.36 (KHTML, like Gecko) Chrome/56.0.2924.87 Safari/537.36"
94.72.101.21 - - [02/Nov/2024:20:19:48 +0000] "GET /media/_profiler/phpinfo HTTP/1.1" 404 564 "-" "Mozilla/5.0 (Macintosh; Intel Mac OS X 10_12_3) AppleWebKit/537.36 (KHTML, like Gecko) Chrome/56.0.2924.87 Safari/537.36"
94.72.101.21 - - [02/Nov/2024:20:19:48 +0000] "GET /media/phpinfo.php HTTP/1.1" 404 564 "-" "Mozilla/5.0 (Macintosh; Intel Mac OS X 10_12_3) AppleWebKit/537.36 (KHTML, like Gecko) Chrome/56.0.2924.87 Safari/537.36"
94.72.101.21 - - [02/Nov/2024:20:19:49 +0000] "GET /media/phpinfo HTTP/1.1" 404 564 "-" "Mozilla/5.0 (Macintosh; Intel Mac OS X 10_12_3) AppleWebKit/537.36 (KHTML, like Gecko) Chrome/56.0.2924.87 Safari/537.36"
94.72.101.21 - - [02/Nov/2024:20:19:50 +0000] "GET /media/info.php HTTP/1.1" 404 564 "-" "Mozilla/5.0 (Macintosh; Intel Mac OS X 10_12_3) AppleWebKit/537.36 (KHTML, like Gecko) Chrome/56.0.2924.87 Safari/537.36"
94.72.101.21 - - [02/Nov/2024:20:19:50 +0000] "GET /media/php.ini HTTP/1.1" 404 564 "-" "Mozilla/5.0 (Macintosh; Intel Mac OS X 10_12_3) AppleWebKit/537.36 (KHTML, like Gecko) Chrome/56.0.2924.87 Safari/537.36"
94.72.101.21 - - [02/Nov/2024:20:19:50 +0000] "GET /media/php.php HTTP/1.1" 404 564 "-" "Mozilla/5.0 (Macintosh; Intel Mac OS X 10_12_3) AppleWebKit/537.36 (KHTML, like Gecko) Chrome/56.0.2924.87 Safari/537.36"
94.72.101.21 - - [02/Nov/2024:20:19:51 +0000] "GET /media/infophp.php HTTP/1.1" 404 564 "-" "Mozilla/5.0 (Macintosh; Intel Mac OS X 10_12_3) AppleWebKit/537.36 (KHTML, like Gecko) Chrome/56.0.2924.87 Safari/537.36"
94.72.101.21 - - [02/Nov/2024:20:19:51 +0000] "GET /media/test.php HTTP/1.1" 404 564 "-" "Mozilla/5.0 (Macintosh; Intel Mac OS X 10_12_3) AppleWebKit/537.36 (KHTML, like Gecko) Chrome/56.0.2924.87 Safari/537.36"
94.72.101.21 - - [02/Nov/2024:20:19:51 +0000] "GET /media/dashboard/phpinfo.php HTTP/1.1" 404 564 "-" "Mozilla/5.0 (Macintosh; Intel Mac OS X 10_12_3) AppleWebKit/537.36 (KHTML, like Gecko) Chrome/56.0.2924.87 Safari/537.36"
94.72.101.21 - - [02/Nov/2024:20:19:51 +0000] "GET /media/api/phpinfo.php HTTP/1.1" 404 564 "-" "Mozilla/5.0 (Macintosh; Intel Mac OS X 10_12_3) AppleWebKit/537.36 (KHTML, like Gecko) Chrome/56.0.2924.87 Safari/537.36"
94.72.101.21 - - [02/Nov/2024:20:19:51 +0000] "GET /media/backend/phpinfo.php HTTP/1.1" 404 564 "-" "Mozilla/5.0 (Macintosh; Intel Mac OS X 10_12_3) AppleWebKit/537.36 (KHTML, like Gecko) Chrome/56.0.2924.87 Safari/537.36"
94.72.101.21 - - [02/Nov/2024:20:19:52 +0000] "GET /media/backup/phpinfo.php HTTP/1.1" 404 564 "-" "Mozilla/5.0 (Macintosh; Intel Mac OS X 10_12_3) AppleWebKit/537.36 (KHTML, like Gecko) Chrome/56.0.2924.87 Safari/537.36"
94.72.101.21 - - [02/Nov/2024:20:19:52 +0000] "GET /media/crm/phpinfo.php HTTP/1.1" 404 564 "-" "Mozilla/5.0 (Macintosh; Intel Mac OS X 10_12_3) AppleWebKit/537.36 (KHTML, like Gecko) Chrome/56.0.2924.87 Safari/537.36"
94.72.101.21 - - [02/Nov/2024:20:19:52 +0000] "GET /media/current/phpinfo.php HTTP/1.1" 404 564 "-" "Mozilla/5.0 (Macintosh; Intel Mac OS X 10_12_3) AppleWebKit/537.36 (KHTML, like Gecko) Chrome/56.0.2924.87 Safari/537.36"
94.72.101.21 - - [02/Nov/2024:20:19:52 +0000] "GET /media/dev/phpinfo.php HTTP/1.1" 404 564 "-" "Mozilla/5.0 (Macintosh; Intel Mac OS X 10_12_3) AppleWebKit/537.36 (KHTML, like Gecko) Chrome/56.0.2924.87 Safari/537.36"
94.72.101.21 - - [02/Nov/2024:20:19:52 +0000] "GET /media/develop/phpinfo.php HTTP/1.1" 404 564 "-" "Mozilla/5.0 (Macintosh; Intel Mac OS X 10_12_3) AppleWebKit/537.36 (KHTML, like Gecko) Chrome/56.0.2924.87 Safari/537.36"
94.72.101.21 - - [02/Nov/2024:20:19:52 +0000] "GET /media/development/phpinfo.php HTTP/1.1" 404 564 "-" "Mozilla/5.0 (Macintosh; Intel Mac OS X 10_12_3) AppleWebKit/537.36 (KHTML, like Gecko) Chrome/56.0.2924.87 Safari/537.36"
94.72.101.21 - - [02/Nov/2024:20:19:53 +0000] "GET /media/help/phpinfo.php HTTP/1.1" 404 564 "-" "Mozilla/5.0 (Macintosh; Intel Mac OS X 10_12_3) AppleWebKit/537.36 (KHTML, like Gecko) Chrome/56.0.2924.87 Safari/537.36"
94.72.101.21 - - [02/Nov/2024:20:19:53 +0000] "GET /media/helper/phpinfo.php HTTP/1.1" 404 564 "-" "Mozilla/5.0 (Macintosh; Intel Mac OS X 10_12_3) AppleWebKit/537.36 (KHTML, like Gecko) Chrome/56.0.2924.87 Safari/537.36"
94.72.101.21 - - [02/Nov/2024:20:19:54 +0000] "GET /media/lara/phpinfo.php HTTP/1.1" 404 564 "-" "Mozilla/5.0 (Macintosh; Intel Mac OS X 10_12_3) AppleWebKit/537.36 (KHTML, like Gecko) Chrome/56.0.2924.87 Safari/537.36"
94.72.101.21 - - [02/Nov/2024:20:19:54 +0000] "GET /media/laravel/phpinfo.php HTTP/1.1" 404 564 "-" "Mozilla/5.0 (Macintosh; Intel Mac OS X 10_12_3) AppleWebKit/537.36 (KHTML, like Gecko) Chrome/56.0.2924.87 Safari/537.36"
94.72.101.21 - - [02/Nov/2024:20:19:55 +0000] "GET /media/server/phpinfo.php HTTP/1.1" 404 564 "-" "Mozilla/5.0 (Macintosh; Intel Mac OS X 10_12_3) AppleWebKit/537.36 (KHTML, like Gecko) Chrome/56.0.2924.87 Safari/537.36"
94.72.101.21 - - [02/Nov/2024:20:19:55 +0000] "GET /media/service/phpinfo.php HTTP/1.1" 404 564 "-" "Mozilla/5.0 (Macintosh; Intel Mac OS X 10_12_3) AppleWebKit/537.36 (KHTML, like Gecko) Chrome/56.0.2924.87 Safari/537.36"
94.72.101.21 - - [02/Nov/2024:20:19:55 +0000] "GET /media/services/phpinfo.php HTTP/1.1" 404 564 "-" "Mozilla/5.0 (Macintosh; Intel Mac OS X 10_12_3) AppleWebKit/537.36 (KHTML, like Gecko) Chrome/56.0.2924.87 Safari/537.36"
94.72.101.21 - - [02/Nov/2024:20:19:55 +0000] "GET /media/xampp/phpinfo.php HTTP/1.1" 404 564 "-" "Mozilla/5.0 (Macintosh; Intel Mac OS X 10_12_3) AppleWebKit/537.36 (KHTML, like Gecko) Chrome/56.0.2924.87 Safari/537.36"
94.72.101.21 - - [02/Nov/2024:20:19:55 +0000] "GET /media/api/info.php HTTP/1.1" 404 564 "-" "Mozilla/5.0 (Macintosh; Intel Mac OS X 10_12_3) AppleWebKit/537.36 (KHTML, like Gecko) Chrome/56.0.2924.87 Safari/537.36"
94.72.101.21 - - [02/Nov/2024:20:19:55 +0000] "GET /media/backend/info.php HTTP/1.1" 404 564 "-" "Mozilla/5.0 (Macintosh; Intel Mac OS X 10_12_3) AppleWebKit/537.36 (KHTML, like Gecko) Chrome/56.0.2924.87 Safari/537.36"
94.72.101.21 - - [02/Nov/2024:20:19:56 +0000] "GET /media/backup/info.php HTTP/1.1" 404 564 "-" "Mozilla/5.0 (Macintosh; Intel Mac OS X 10_12_3) AppleWebKit/537.36 (KHTML, like Gecko) Chrome/56.0.2924.87 Safari/537.36"
94.72.101.21 - - [02/Nov/2024:20:19:56 +0000] "GET /media/crm/info.php HTTP/1.1" 404 564 "-" "Mozilla/5.0 (Macintosh; Intel Mac OS X 10_12_3) AppleWebKit/537.36 (KHTML, like Gecko) Chrome/56.0.2924.87 Safari/537.36"
94.72.101.21 - - [02/Nov/2024:20:19:56 +0000] "GET /media/current/info.php HTTP/1.1" 404 564 "-" "Mozilla/5.0 (Macintosh; Intel Mac OS X 10_12_3) AppleWebKit/537.36 (KHTML, like Gecko) Chrome/56.0.2924.87 Safari/537.36"
94.72.101.21 - - [02/Nov/2024:20:19:57 +0000] "GET /media/dev/info.php HTTP/1.1" 404 564 "-" "Mozilla/5.0 (Macintosh; Intel Mac OS X 10_12_3) AppleWebKit/537.36 (KHTML, like Gecko) Chrome/56.0.2924.87 Safari/537.36"
94.72.101.21 - - [02/Nov/2024:20:19:58 +0000] "GET /media/develop/info.php HTTP/1.1" 404 564 "-" "Mozilla/5.0 (Macintosh; Intel Mac OS X 10_12_3) AppleWebKit/537.36 (KHTML, like Gecko) Chrome/56.0.2924.87 Safari/537.36"
94.72.101.21 - - [02/Nov/2024:20:19:58 +0000] "GET /media/development/iinfo.php HTTP/1.1" 404 564 "-" "Mozilla/5.0 (Macintosh; Intel Mac OS X 10_12_3) AppleWebKit/537.36 (KHTML, like Gecko) Chrome/56.0.2924.87 Safari/537.36"
94.72.101.21 - - [02/Nov/2024:20:19:58 +0000] "GET /media/help/info.php HTTP/1.1" 404 564 "-" "Mozilla/5.0 (Macintosh; Intel Mac OS X 10_12_3) AppleWebKit/537.36 (KHTML, like Gecko) Chrome/56.0.2924.87 Safari/537.36"
94.72.101.21 - - [02/Nov/2024:20:19:58 +0000] "GET /media/helper/info.php HTTP/1.1" 404 564 "-" "Mozilla/5.0 (Macintosh; Intel Mac OS X 10_12_3) AppleWebKit/537.36 (KHTML, like Gecko) Chrome/56.0.2924.87 Safari/537.36"
94.72.101.21 - - [02/Nov/2024:20:19:58 +0000] "GET /media/lara/info.php HTTP/1.1" 404 564 "-" "Mozilla/5.0 (Macintosh; Intel Mac OS X 10_12_3) AppleWebKit/537.36 (KHTML, like Gecko) Chrome/56.0.2924.87 Safari/537.36"
94.72.101.21 - - [02/Nov/2024:20:19:58 +0000] "GET /media/laravel/info.php HTTP/1.1" 404 564 "-" "Mozilla/5.0 (Macintosh; Intel Mac OS X 10_12_3) AppleWebKit/537.36 (KHTML, like Gecko) Chrome/56.0.2924.87 Safari/537.36"
94.72.101.21 - - [02/Nov/2024:20:20:01 +0000] "GET /media/server/info.php HTTP/1.1" 404 564 "-" "Mozilla/5.0 (Macintosh; Intel Mac OS X 10_12_3) AppleWebKit/537.36 (KHTML, like Gecko) Chrome/56.0.2924.87 Safari/537.36"
94.72.101.21 - - [02/Nov/2024:20:20:01 +0000] "GET /media/service/info.php HTTP/1.1" 404 564 "-" "Mozilla/5.0 (Macintosh; Intel Mac OS X 10_12_3) AppleWebKit/537.36 (KHTML, like Gecko) Chrome/56.0.2924.87 Safari/537.36"
94.72.101.21 - - [02/Nov/2024:20:20:01 +0000] "GET /media/services/info.php HTTP/1.1" 404 564 "-" "Mozilla/5.0 (Macintosh; Intel Mac OS X 10_12_3) AppleWebKit/537.36 (KHTML, like Gecko) Chrome/56.0.2924.87 Safari/537.36"
94.72.101.21 - - [02/Nov/2024:20:20:02 +0000] "GET /media/php-info.php HTTP/1.1" 404 564 "-" "Mozilla/5.0 (Macintosh; Intel Mac OS X 10_12_3) AppleWebKit/537.36 (KHTML, like Gecko) Chrome/56.0.2924.87 Safari/537.36"
94.72.101.21 - - [02/Nov/2024:20:20:02 +0000] "GET /media/linusadmin-phpinfo.php HTTP/1.1" 404 564 "-" "Mozilla/5.0 (Macintosh; Intel Mac OS X 10_12_3) AppleWebKit/537.36 (KHTML, like Gecko) Chrome/56.0.2924.87 Safari/537.36"
94.72.101.21 - - [02/Nov/2024:20:20:02 +0000] "GET /media/infos.php HTTP/1.1" 404 564 "-" "Mozilla/5.0 (Macintosh; Intel Mac OS X 10_12_3) AppleWebKit/537.36 (KHTML, like Gecko) Chrome/56.0.2924.87 Safari/537.36"
94.72.101.21 - - [02/Nov/2024:20:20:02 +0000] "GET /media/old_phpinfo.php HTTP/1.1" 404 564 "-" "Mozilla/5.0 (Macintosh; Intel Mac OS X 10_12_3) AppleWebKit/537.36 (KHTML, like Gecko) Chrome/56.0.2924.87 Safari/537.36"
94.72.101.21 - - [02/Nov/2024:20:20:02 +0000] "GET /media/temp.php HTTP/1.1" 404 564 "-" "Mozilla/5.0 (Macintosh; Intel Mac OS X 10_12_3) AppleWebKit/537.36 (KHTML, like Gecko) Chrome/56.0.2924.87 Safari/537.36"
94.72.101.21 - - [02/Nov/2024:20:20:03 +0000] "GET /media/time.php HTTP/1.1" 404 564 "-" "Mozilla/5.0 (Macintosh; Intel Mac OS X 10_12_3) AppleWebKit/537.36 (KHTML, like Gecko) Chrome/56.0.2924.87 Safari/537.36"
94.72.101.21 - - [02/Nov/2024:20:20:03 +0000] "GET /media/phpversion.php HTTP/1.1" 404 564 "-" "Mozilla/5.0 (Macintosh; Intel Mac OS X 10_12_3) AppleWebKit/537.36 (KHTML, like Gecko) Chrome/56.0.2924.87 Safari/537.36"
94.72.101.21 - - [02/Nov/2024:20:20:03 +0000] "GET /media/pinfo.php HTTP/1.1" 404 564 "-" "Mozilla/5.0 (Macintosh; Intel Mac OS X 10_12_3) AppleWebKit/537.36 (KHTML, like Gecko) Chrome/56.0.2924.87 Safari/537.36"
94.72.101.21 - - [02/Nov/2024:20:20:03 +0000] "GET /media/i.php HTTP/1.1" 404 564 "-" "Mozilla/5.0 (Macintosh; Intel Mac OS X 10_12_3) AppleWebKit/537.36 (KHTML, like Gecko) Chrome/56.0.2924.87 Safari/537.36"
94.72.101.21 - - [02/Nov/2024:20:20:03 +0000] "GET /media/asdf.php HTTP/1.1" 404 564 "-" "Mozilla/5.0 (Macintosh; Intel Mac OS X 10_12_3) AppleWebKit/537.36 (KHTML, like Gecko) Chrome/56.0.2924.87 Safari/537.36"
94.72.101.21 - - [02/Nov/2024:20:20:04 +0000] "GET /node/xampp/info.php HTTP/1.1" 404 564 "-" "Mozilla/5.0 (Macintosh; Intel Mac OS X 10_12_3) AppleWebKit/537.36 (KHTML, like Gecko) Chrome/56.0.2924.87 Safari/537.36"
94.72.101.21 - - [02/Nov/2024:20:20:04 +0000] "GET /node/xampp/phpinfo HTTP/1.1" 404 564 "-" "Mozilla/5.0 (Macintosh; Intel Mac OS X 10_12_3) AppleWebKit/537.36 (KHTML, like Gecko) Chrome/56.0.2924.87 Safari/537.36"
94.72.101.21 - - [02/Nov/2024:20:20:04 +0000] "GET /node/_profiler/phpinfo HTTP/1.1" 404 564 "-" "Mozilla/5.0 (Macintosh; Intel Mac OS X 10_12_3) AppleWebKit/537.36 (KHTML, like Gecko) Chrome/56.0.2924.87 Safari/537.36"
94.72.101.21 - - [02/Nov/2024:20:20:04 +0000] "GET /node/phpinfo.php HTTP/1.1" 404 564 "-" "Mozilla/5.0 (Macintosh; Intel Mac OS X 10_12_3) AppleWebKit/537.36 (KHTML, like Gecko) Chrome/56.0.2924.87 Safari/537.36"
94.72.101.21 - - [02/Nov/2024:20:20:05 +0000] "GET /node/phpinfo HTTP/1.1" 404 564 "-" "Mozilla/5.0 (Macintosh; Intel Mac OS X 10_12_3) AppleWebKit/537.36 (KHTML, like Gecko) Chrome/56.0.2924.87 Safari/537.36"
94.72.101.21 - - [02/Nov/2024:20:20:05 +0000] "GET /node/info.php HTTP/1.1" 404 564 "-" "Mozilla/5.0 (Macintosh; Intel Mac OS X 10_12_3) AppleWebKit/537.36 (KHTML, like Gecko) Chrome/56.0.2924.87 Safari/537.36"
94.72.101.21 - - [02/Nov/2024:20:20:05 +0000] "GET /node/php.ini HTTP/1.1" 404 564 "-" "Mozilla/5.0 (Macintosh; Intel Mac OS X 10_12_3) AppleWebKit/537.36 (KHTML, like Gecko) Chrome/56.0.2924.87 Safari/537.36"
94.72.101.21 - - [02/Nov/2024:20:20:05 +0000] "GET /node/php.php HTTP/1.1" 404 564 "-" "Mozilla/5.0 (Macintosh; Intel Mac OS X 10_12_3) AppleWebKit/537.36 (KHTML, like Gecko) Chrome/56.0.2924.87 Safari/537.36"
94.72.101.21 - - [02/Nov/2024:20:20:06 +0000] "GET /node/infophp.php HTTP/1.1" 404 564 "-" "Mozilla/5.0 (Macintosh; Intel Mac OS X 10_12_3) AppleWebKit/537.36 (KHTML, like Gecko) Chrome/56.0.2924.87 Safari/537.36"
94.72.101.21 - - [02/Nov/2024:20:20:06 +0000] "GET /node/test.php HTTP/1.1" 404 564 "-" "Mozilla/5.0 (Macintosh; Intel Mac OS X 10_12_3) AppleWebKit/537.36 (KHTML, like Gecko) Chrome/56.0.2924.87 Safari/537.36"
94.72.101.21 - - [02/Nov/2024:20:20:06 +0000] "GET /node/dashboard/phpinfo.php HTTP/1.1" 404 564 "-" "Mozilla/5.0 (Macintosh; Intel Mac OS X 10_12_3) AppleWebKit/537.36 (KHTML, like Gecko) Chrome/56.0.2924.87 Safari/537.36"
94.72.101.21 - - [02/Nov/2024:20:20:07 +0000] "GET /node/api/phpinfo.php HTTP/1.1" 404 564 "-" "Mozilla/5.0 (Macintosh; Intel Mac OS X 10_12_3) AppleWebKit/537.36 (KHTML, like Gecko) Chrome/56.0.2924.87 Safari/537.36"
94.72.101.21 - - [02/Nov/2024:20:20:07 +0000] "GET /node/backend/phpinfo.php HTTP/1.1" 404 564 "-" "Mozilla/5.0 (Macintosh; Intel Mac OS X 10_12_3) AppleWebKit/537.36 (KHTML, like Gecko) Chrome/56.0.2924.87 Safari/537.36"
94.72.101.21 - - [02/Nov/2024:20:20:07 +0000] "GET /node/backup/phpinfo.php HTTP/1.1" 404 564 "-" "Mozilla/5.0 (Macintosh; Intel Mac OS X 10_12_3) AppleWebKit/537.36 (KHTML, like Gecko) Chrome/56.0.2924.87 Safari/537.36"
94.72.101.21 - - [02/Nov/2024:20:20:08 +0000] "GET /node/crm/phpinfo.php HTTP/1.1" 404 564 "-" "Mozilla/5.0 (Macintosh; Intel Mac OS X 10_12_3) AppleWebKit/537.36 (KHTML, like Gecko) Chrome/56.0.2924.87 Safari/537.36"
94.72.101.21 - - [02/Nov/2024:20:20:08 +0000] "GET /node/current/phpinfo.php HTTP/1.1" 404 564 "-" "Mozilla/5.0 (Macintosh; Intel Mac OS X 10_12_3) AppleWebKit/537.36 (KHTML, like Gecko) Chrome/56.0.2924.87 Safari/537.36"
94.72.101.21 - - [02/Nov/2024:20:20:09 +0000] "GET /node/dev/phpinfo.php HTTP/1.1" 404 564 "-" "Mozilla/5.0 (Macintosh; Intel Mac OS X 10_12_3) AppleWebKit/537.36 (KHTML, like Gecko) Chrome/56.0.2924.87 Safari/537.36"
94.72.101.21 - - [02/Nov/2024:20:20:09 +0000] "GET /node/develop/phpinfo.php HTTP/1.1" 404 564 "-" "Mozilla/5.0 (Macintosh; Intel Mac OS X 10_12_3) AppleWebKit/537.36 (KHTML, like Gecko) Chrome/56.0.2924.87 Safari/537.36"
94.72.101.21 - - [02/Nov/2024:20:20:09 +0000] "GET /node/development/phpinfo.php HTTP/1.1" 404 564 "-" "Mozilla/5.0 (Macintosh; Intel Mac OS X 10_12_3) AppleWebKit/537.36 (KHTML, like Gecko) Chrome/56.0.2924.87 Safari/537.36"
94.72.101.21 - - [02/Nov/2024:20:20:10 +0000] "GET /node/help/phpinfo.php HTTP/1.1" 404 564 "-" "Mozilla/5.0 (Macintosh; Intel Mac OS X 10_12_3) AppleWebKit/537.36 (KHTML, like Gecko) Chrome/56.0.2924.87 Safari/537.36"
94.72.101.21 - - [02/Nov/2024:20:20:10 +0000] "GET /node/helper/phpinfo.php HTTP/1.1" 404 564 "-" "Mozilla/5.0 (Macintosh; Intel Mac OS X 10_12_3) AppleWebKit/537.36 (KHTML, like Gecko) Chrome/56.0.2924.87 Safari/537.36"
94.72.101.21 - - [02/Nov/2024:20:20:10 +0000] "GET /node/lara/phpinfo.php HTTP/1.1" 404 564 "-" "Mozilla/5.0 (Macintosh; Intel Mac OS X 10_12_3) AppleWebKit/537.36 (KHTML, like Gecko) Chrome/56.0.2924.87 Safari/537.36"
94.72.101.21 - - [02/Nov/2024:20:20:10 +0000] "GET /node/laravel/phpinfo.php HTTP/1.1" 404 564 "-" "Mozilla/5.0 (Macintosh; Intel Mac OS X 10_12_3) AppleWebKit/537.36 (KHTML, like Gecko) Chrome/56.0.2924.87 Safari/537.36"
94.72.101.21 - - [02/Nov/2024:20:20:10 +0000] "GET /node/server/phpinfo.php HTTP/1.1" 404 564 "-" "Mozilla/5.0 (Macintosh; Intel Mac OS X 10_12_3) AppleWebKit/537.36 (KHTML, like Gecko) Chrome/56.0.2924.87 Safari/537.36"
94.72.101.21 - - [02/Nov/2024:20:20:10 +0000] "GET /node/service/phpinfo.php HTTP/1.1" 404 564 "-" "Mozilla/5.0 (Macintosh; Intel Mac OS X 10_12_3) AppleWebKit/537.36 (KHTML, like Gecko) Chrome/56.0.2924.87 Safari/537.36"
94.72.101.21 - - [02/Nov/2024:20:20:11 +0000] "GET /node/services/phpinfo.php HTTP/1.1" 404 564 "-" "Mozilla/5.0 (Macintosh; Intel Mac OS X 10_12_3) AppleWebKit/537.36 (KHTML, like Gecko) Chrome/56.0.2924.87 Safari/537.36"
94.72.101.21 - - [02/Nov/2024:20:20:11 +0000] "GET /node/xampp/phpinfo.php HTTP/1.1" 404 564 "-" "Mozilla/5.0 (Macintosh; Intel Mac OS X 10_12_3) AppleWebKit/537.36 (KHTML, like Gecko) Chrome/56.0.2924.87 Safari/537.36"
94.72.101.21 - - [02/Nov/2024:20:20:11 +0000] "GET /node/api/info.php HTTP/1.1" 404 564 "-" "Mozilla/5.0 (Macintosh; Intel Mac OS X 10_12_3) AppleWebKit/537.36 (KHTML, like Gecko) Chrome/56.0.2924.87 Safari/537.36"
94.72.101.21 - - [02/Nov/2024:20:20:11 +0000] "GET /node/backend/info.php HTTP/1.1" 404 564 "-" "Mozilla/5.0 (Macintosh; Intel Mac OS X 10_12_3) AppleWebKit/537.36 (KHTML, like Gecko) Chrome/56.0.2924.87 Safari/537.36"
94.72.101.21 - - [02/Nov/2024:20:20:11 +0000] "GET /node/backup/info.php HTTP/1.1" 404 564 "-" "Mozilla/5.0 (Macintosh; Intel Mac OS X 10_12_3) AppleWebKit/537.36 (KHTML, like Gecko) Chrome/56.0.2924.87 Safari/537.36"
94.72.101.21 - - [02/Nov/2024:20:20:12 +0000] "GET /node/crm/info.php HTTP/1.1" 404 564 "-" "Mozilla/5.0 (Macintosh; Intel Mac OS X 10_12_3) AppleWebKit/537.36 (KHTML, like Gecko) Chrome/56.0.2924.87 Safari/537.36"
94.72.101.21 - - [02/Nov/2024:20:20:12 +0000] "GET /node/current/info.php HTTP/1.1" 404 564 "-" "Mozilla/5.0 (Macintosh; Intel Mac OS X 10_12_3) AppleWebKit/537.36 (KHTML, like Gecko) Chrome/56.0.2924.87 Safari/537.36"
94.72.101.21 - - [02/Nov/2024:20:20:12 +0000] "GET /node/dev/info.php HTTP/1.1" 404 564 "-" "Mozilla/5.0 (Macintosh; Intel Mac OS X 10_12_3) AppleWebKit/537.36 (KHTML, like Gecko) Chrome/56.0.2924.87 Safari/537.36"
94.72.101.21 - - [02/Nov/2024:20:20:12 +0000] "GET /node/develop/info.php HTTP/1.1" 404 564 "-" "Mozilla/5.0 (Macintosh; Intel Mac OS X 10_12_3) AppleWebKit/537.36 (KHTML, like Gecko) Chrome/56.0.2924.87 Safari/537.36"
94.72.101.21 - - [02/Nov/2024:20:20:12 +0000] "GET /node/development/iinfo.php HTTP/1.1" 404 564 "-" "Mozilla/5.0 (Macintosh; Intel Mac OS X 10_12_3) AppleWebKit/537.36 (KHTML, like Gecko) Chrome/56.0.2924.87 Safari/537.36"
94.72.101.21 - - [02/Nov/2024:20:20:13 +0000] "GET /node/help/info.php HTTP/1.1" 404 564 "-" "Mozilla/5.0 (Macintosh; Intel Mac OS X 10_12_3) AppleWebKit/537.36 (KHTML, like Gecko) Chrome/56.0.2924.87 Safari/537.36"
94.72.101.21 - - [02/Nov/2024:20:20:13 +0000] "GET /node/helper/info.php HTTP/1.1" 404 564 "-" "Mozilla/5.0 (Macintosh; Intel Mac OS X 10_12_3) AppleWebKit/537.36 (KHTML, like Gecko) Chrome/56.0.2924.87 Safari/537.36"
94.72.101.21 - - [02/Nov/2024:20:20:13 +0000] "GET /node/lara/info.php HTTP/1.1" 404 564 "-" "Mozilla/5.0 (Macintosh; Intel Mac OS X 10_12_3) AppleWebKit/537.36 (KHTML, like Gecko) Chrome/56.0.2924.87 Safari/537.36"
94.72.101.21 - - [02/Nov/2024:20:20:13 +0000] "GET /node/laravel/info.php HTTP/1.1" 404 564 "-" "Mozilla/5.0 (Macintosh; Intel Mac OS X 10_12_3) AppleWebKit/537.36 (KHTML, like Gecko) Chrome/56.0.2924.87 Safari/537.36"
94.72.101.21 - - [02/Nov/2024:20:20:13 +0000] "GET /node/server/info.php HTTP/1.1" 404 564 "-" "Mozilla/5.0 (Macintosh; Intel Mac OS X 10_12_3) AppleWebKit/537.36 (KHTML, like Gecko) Chrome/56.0.2924.87 Safari/537.36"
94.72.101.21 - - [02/Nov/2024:20:20:14 +0000] "GET /node/service/info.php HTTP/1.1" 404 564 "-" "Mozilla/5.0 (Macintosh; Intel Mac OS X 10_12_3) AppleWebKit/537.36 (KHTML, like Gecko) Chrome/56.0.2924.87 Safari/537.36"
94.72.101.21 - - [02/Nov/2024:20:20:14 +0000] "GET /node/services/info.php HTTP/1.1" 404 564 "-" "Mozilla/5.0 (Macintosh; Intel Mac OS X 10_12_3) AppleWebKit/537.36 (KHTML, like Gecko) Chrome/56.0.2924.87 Safari/537.36"
94.72.101.21 - - [02/Nov/2024:20:20:14 +0000] "GET /node/php-info.php HTTP/1.1" 404 564 "-" "Mozilla/5.0 (Macintosh; Intel Mac OS X 10_12_3) AppleWebKit/537.36 (KHTML, like Gecko) Chrome/56.0.2924.87 Safari/537.36"
94.72.101.21 - - [02/Nov/2024:20:20:14 +0000] "GET /node/linusadmin-phpinfo.php HTTP/1.1" 404 564 "-" "Mozilla/5.0 (Macintosh; Intel Mac OS X 10_12_3) AppleWebKit/537.36 (KHTML, like Gecko) Chrome/56.0.2924.87 Safari/537.36"
94.72.101.21 - - [02/Nov/2024:20:20:15 +0000] "GET /node/infos.php HTTP/1.1" 404 564 "-" "Mozilla/5.0 (Macintosh; Intel Mac OS X 10_12_3) AppleWebKit/537.36 (KHTML, like Gecko) Chrome/56.0.2924.87 Safari/537.36"
94.72.101.21 - - [02/Nov/2024:20:20:15 +0000] "GET /node/old_phpinfo.php HTTP/1.1" 404 564 "-" "Mozilla/5.0 (Macintosh; Intel Mac OS X 10_12_3) AppleWebKit/537.36 (KHTML, like Gecko) Chrome/56.0.2924.87 Safari/537.36"
94.72.101.21 - - [02/Nov/2024:20:20:15 +0000] "GET /node/temp.php HTTP/1.1" 404 564 "-" "Mozilla/5.0 (Macintosh; Intel Mac OS X 10_12_3) AppleWebKit/537.36 (KHTML, like Gecko) Chrome/56.0.2924.87 Safari/537.36"
94.72.101.21 - - [02/Nov/2024:20:20:15 +0000] "GET /node/time.php HTTP/1.1" 404 564 "-" "Mozilla/5.0 (Macintosh; Intel Mac OS X 10_12_3) AppleWebKit/537.36 (KHTML, like Gecko) Chrome/56.0.2924.87 Safari/537.36"
94.72.101.21 - - [02/Nov/2024:20:20:16 +0000] "GET /node/phpversion.php HTTP/1.1" 404 564 "-" "Mozilla/5.0 (Macintosh; Intel Mac OS X 10_12_3) AppleWebKit/537.36 (KHTML, like Gecko) Chrome/56.0.2924.87 Safari/537.36"
94.72.101.21 - - [02/Nov/2024:20:20:17 +0000] "GET /node/pinfo.php HTTP/1.1" 404 564 "-" "Mozilla/5.0 (Macintosh; Intel Mac OS X 10_12_3) AppleWebKit/537.36 (KHTML, like Gecko) Chrome/56.0.2924.87 Safari/537.36"
94.72.101.21 - - [02/Nov/2024:20:20:17 +0000] "GET /node/i.php HTTP/1.1" 404 564 "-" "Mozilla/5.0 (Macintosh; Intel Mac OS X 10_12_3) AppleWebKit/537.36 (KHTML, like Gecko) Chrome/56.0.2924.87 Safari/537.36"
94.72.101.21 - - [02/Nov/2024:20:20:17 +0000] "GET /node/asdf.php HTTP/1.1" 404 564 "-" "Mozilla/5.0 (Macintosh; Intel Mac OS X 10_12_3) AppleWebKit/537.36 (KHTML, like Gecko) Chrome/56.0.2924.87 Safari/537.36"
94.72.101.21 - - [02/Nov/2024:20:20:19 +0000] "GET /nodeapi/xampp/info.php HTTP/1.1" 404 564 "-" "Mozilla/5.0 (Macintosh; Intel Mac OS X 10_12_3) AppleWebKit/537.36 (KHTML, like Gecko) Chrome/56.0.2924.87 Safari/537.36"
94.72.101.21 - - [02/Nov/2024:20:20:19 +0000] "GET /nodeapi/xampp/phpinfo HTTP/1.1" 404 564 "-" "Mozilla/5.0 (Macintosh; Intel Mac OS X 10_12_3) AppleWebKit/537.36 (KHTML, like Gecko) Chrome/56.0.2924.87 Safari/537.36"
94.72.101.21 - - [02/Nov/2024:20:20:19 +0000] "GET /nodeapi/_profiler/phpinfo HTTP/1.1" 404 564 "-" "Mozilla/5.0 (Macintosh; Intel Mac OS X 10_12_3) AppleWebKit/537.36 (KHTML, like Gecko) Chrome/56.0.2924.87 Safari/537.36"
94.72.101.21 - - [02/Nov/2024:20:20:19 +0000] "GET /nodeapi/phpinfo.php HTTP/1.1" 404 564 "-" "Mozilla/5.0 (Macintosh; Intel Mac OS X 10_12_3) AppleWebKit/537.36 (KHTML, like Gecko) Chrome/56.0.2924.87 Safari/537.36"
94.72.101.21 - - [02/Nov/2024:20:20:20 +0000] "GET /nodeapi/phpinfo HTTP/1.1" 404 564 "-" "Mozilla/5.0 (Macintosh; Intel Mac OS X 10_12_3) AppleWebKit/537.36 (KHTML, like Gecko) Chrome/56.0.2924.87 Safari/537.36"
94.72.101.21 - - [02/Nov/2024:20:20:20 +0000] "GET /nodeapi/info.php HTTP/1.1" 404 564 "-" "Mozilla/5.0 (Macintosh; Intel Mac OS X 10_12_3) AppleWebKit/537.36 (KHTML, like Gecko) Chrome/56.0.2924.87 Safari/537.36"
94.72.101.21 - - [02/Nov/2024:20:20:20 +0000] "GET /nodeapi/php.ini HTTP/1.1" 404 564 "-" "Mozilla/5.0 (Macintosh; Intel Mac OS X 10_12_3) AppleWebKit/537.36 (KHTML, like Gecko) Chrome/56.0.2924.87 Safari/537.36"
94.72.101.21 - - [02/Nov/2024:20:20:20 +0000] "GET /nodeapi/php.php HTTP/1.1" 404 564 "-" "Mozilla/5.0 (Macintosh; Intel Mac OS X 10_12_3) AppleWebKit/537.36 (KHTML, like Gecko) Chrome/56.0.2924.87 Safari/537.36"
94.72.101.21 - - [02/Nov/2024:20:20:20 +0000] "GET /nodeapi/infophp.php HTTP/1.1" 404 564 "-" "Mozilla/5.0 (Macintosh; Intel Mac OS X 10_12_3) AppleWebKit/537.36 (KHTML, like Gecko) Chrome/56.0.2924.87 Safari/537.36"
94.72.101.21 - - [02/Nov/2024:20:20:20 +0000] "GET /nodeapi/test.php HTTP/1.1" 404 564 "-" "Mozilla/5.0 (Macintosh; Intel Mac OS X 10_12_3) AppleWebKit/537.36 (KHTML, like Gecko) Chrome/56.0.2924.87 Safari/537.36"
94.72.101.21 - - [02/Nov/2024:20:20:21 +0000] "GET /nodeapi/dashboard/phpinfo.php HTTP/1.1" 404 564 "-" "Mozilla/5.0 (Macintosh; Intel Mac OS X 10_12_3) AppleWebKit/537.36 (KHTML, like Gecko) Chrome/56.0.2924.87 Safari/537.36"
94.72.101.21 - - [02/Nov/2024:20:20:21 +0000] "GET /nodeapi/api/phpinfo.php HTTP/1.1" 404 564 "-" "Mozilla/5.0 (Macintosh; Intel Mac OS X 10_12_3) AppleWebKit/537.36 (KHTML, like Gecko) Chrome/56.0.2924.87 Safari/537.36"
94.72.101.21 - - [02/Nov/2024:20:20:21 +0000] "GET /nodeapi/backend/phpinfo.php HTTP/1.1" 404 564 "-" "Mozilla/5.0 (Macintosh; Intel Mac OS X 10_12_3) AppleWebKit/537.36 (KHTML, like Gecko) Chrome/56.0.2924.87 Safari/537.36"
94.72.101.21 - - [02/Nov/2024:20:20:21 +0000] "GET /nodeapi/backup/phpinfo.php HTTP/1.1" 404 564 "-" "Mozilla/5.0 (Macintosh; Intel Mac OS X 10_12_3) AppleWebKit/537.36 (KHTML, like Gecko) Chrome/56.0.2924.87 Safari/537.36"
94.72.101.21 - - [02/Nov/2024:20:20:21 +0000] "GET /nodeapi/crm/phpinfo.php HTTP/1.1" 404 564 "-" "Mozilla/5.0 (Macintosh; Intel Mac OS X 10_12_3) AppleWebKit/537.36 (KHTML, like Gecko) Chrome/56.0.2924.87 Safari/537.36"
94.72.101.21 - - [02/Nov/2024:20:20:21 +0000] "GET /nodeapi/current/phpinfo.php HTTP/1.1" 404 564 "-" "Mozilla/5.0 (Macintosh; Intel Mac OS X 10_12_3) AppleWebKit/537.36 (KHTML, like Gecko) Chrome/56.0.2924.87 Safari/537.36"
94.72.101.21 - - [02/Nov/2024:20:20:22 +0000] "GET /nodeapi/dev/phpinfo.php HTTP/1.1" 404 564 "-" "Mozilla/5.0 (Macintosh; Intel Mac OS X 10_12_3) AppleWebKit/537.36 (KHTML, like Gecko) Chrome/56.0.2924.87 Safari/537.36"
94.72.101.21 - - [02/Nov/2024:20:20:22 +0000] "GET /nodeapi/develop/phpinfo.php HTTP/1.1" 404 564 "-" "Mozilla/5.0 (Macintosh; Intel Mac OS X 10_12_3) AppleWebKit/537.36 (KHTML, like Gecko) Chrome/56.0.2924.87 Safari/537.36"
94.72.101.21 - - [02/Nov/2024:20:20:22 +0000] "GET /nodeapi/development/phpinfo.php HTTP/1.1" 404 564 "-" "Mozilla/5.0 (Macintosh; Intel Mac OS X 10_12_3) AppleWebKit/537.36 (KHTML, like Gecko) Chrome/56.0.2924.87 Safari/537.36"
94.72.101.21 - - [02/Nov/2024:20:20:22 +0000] "GET /nodeapi/help/phpinfo.php HTTP/1.1" 404 564 "-" "Mozilla/5.0 (Macintosh; Intel Mac OS X 10_12_3) AppleWebKit/537.36 (KHTML, like Gecko) Chrome/56.0.2924.87 Safari/537.36"
94.72.101.21 - - [02/Nov/2024:20:20:22 +0000] "GET /nodeapi/helper/phpinfo.php HTTP/1.1" 404 564 "-" "Mozilla/5.0 (Macintosh; Intel Mac OS X 10_12_3) AppleWebKit/537.36 (KHTML, like Gecko) Chrome/56.0.2924.87 Safari/537.36"
94.72.101.21 - - [02/Nov/2024:20:20:23 +0000] "GET /nodeapi/lara/phpinfo.php HTTP/1.1" 404 564 "-" "Mozilla/5.0 (Macintosh; Intel Mac OS X 10_12_3) AppleWebKit/537.36 (KHTML, like Gecko) Chrome/56.0.2924.87 Safari/537.36"
94.72.101.21 - - [02/Nov/2024:20:20:23 +0000] "GET /nodeapi/laravel/phpinfo.php HTTP/1.1" 404 564 "-" "Mozilla/5.0 (Macintosh; Intel Mac OS X 10_12_3) AppleWebKit/537.36 (KHTML, like Gecko) Chrome/56.0.2924.87 Safari/537.36"
94.72.101.21 - - [02/Nov/2024:20:20:23 +0000] "GET /nodeapi/server/phpinfo.php HTTP/1.1" 404 564 "-" "Mozilla/5.0 (Macintosh; Intel Mac OS X 10_12_3) AppleWebKit/537.36 (KHTML, like Gecko) Chrome/56.0.2924.87 Safari/537.36"
94.72.101.21 - - [02/Nov/2024:20:20:23 +0000] "GET /nodeapi/service/phpinfo.php HTTP/1.1" 404 564 "-" "Mozilla/5.0 (Macintosh; Intel Mac OS X 10_12_3) AppleWebKit/537.36 (KHTML, like Gecko) Chrome/56.0.2924.87 Safari/537.36"
94.72.101.21 - - [02/Nov/2024:20:20:24 +0000] "GET /nodeapi/services/phpinfo.php HTTP/1.1" 404 564 "-" "Mozilla/5.0 (Macintosh; Intel Mac OS X 10_12_3) AppleWebKit/537.36 (KHTML, like Gecko) Chrome/56.0.2924.87 Safari/537.36"
94.72.101.21 - - [02/Nov/2024:20:20:24 +0000] "GET /nodeapi/xampp/phpinfo.php HTTP/1.1" 404 564 "-" "Mozilla/5.0 (Macintosh; Intel Mac OS X 10_12_3) AppleWebKit/537.36 (KHTML, like Gecko) Chrome/56.0.2924.87 Safari/537.36"
94.72.101.21 - - [02/Nov/2024:20:20:24 +0000] "GET /nodeapi/api/info.php HTTP/1.1" 404 564 "-" "Mozilla/5.0 (Macintosh; Intel Mac OS X 10_12_3) AppleWebKit/537.36 (KHTML, like Gecko) Chrome/56.0.2924.87 Safari/537.36"
94.72.101.21 - - [02/Nov/2024:20:20:25 +0000] "GET /nodeapi/backend/info.php HTTP/1.1" 404 564 "-" "Mozilla/5.0 (Macintosh; Intel Mac OS X 10_12_3) AppleWebKit/537.36 (KHTML, like Gecko) Chrome/56.0.2924.87 Safari/537.36"
94.72.101.21 - - [02/Nov/2024:20:20:25 +0000] "GET /nodeapi/backup/info.php HTTP/1.1" 404 564 "-" "Mozilla/5.0 (Macintosh; Intel Mac OS X 10_12_3) AppleWebKit/537.36 (KHTML, like Gecko) Chrome/56.0.2924.87 Safari/537.36"
94.72.101.21 - - [02/Nov/2024:20:20:25 +0000] "GET /nodeapi/crm/info.php HTTP/1.1" 404 564 "-" "Mozilla/5.0 (Macintosh; Intel Mac OS X 10_12_3) AppleWebKit/537.36 (KHTML, like Gecko) Chrome/56.0.2924.87 Safari/537.36"
94.72.101.21 - - [02/Nov/2024:20:20:25 +0000] "GET /nodeapi/current/info.php HTTP/1.1" 404 564 "-" "Mozilla/5.0 (Macintosh; Intel Mac OS X 10_12_3) AppleWebKit/537.36 (KHTML, like Gecko) Chrome/56.0.2924.87 Safari/537.36"
94.72.101.21 - - [02/Nov/2024:20:20:26 +0000] "GET /nodeapi/dev/info.php HTTP/1.1" 404 564 "-" "Mozilla/5.0 (Macintosh; Intel Mac OS X 10_12_3) AppleWebKit/537.36 (KHTML, like Gecko) Chrome/56.0.2924.87 Safari/537.36"
94.72.101.21 - - [02/Nov/2024:20:20:26 +0000] "GET /nodeapi/develop/info.php HTTP/1.1" 404 564 "-" "Mozilla/5.0 (Macintosh; Intel Mac OS X 10_12_3) AppleWebKit/537.36 (KHTML, like Gecko) Chrome/56.0.2924.87 Safari/537.36"
94.72.101.21 - - [02/Nov/2024:20:20:26 +0000] "GET /nodeapi/development/iinfo.php HTTP/1.1" 404 564 "-" "Mozilla/5.0 (Macintosh; Intel Mac OS X 10_12_3) AppleWebKit/537.36 (KHTML, like Gecko) Chrome/56.0.2924.87 Safari/537.36"
94.72.101.21 - - [02/Nov/2024:20:20:27 +0000] "GET /nodeapi/help/info.php HTTP/1.1" 404 564 "-" "Mozilla/5.0 (Macintosh; Intel Mac OS X 10_12_3) AppleWebKit/537.36 (KHTML, like Gecko) Chrome/56.0.2924.87 Safari/537.36"
94.72.101.21 - - [02/Nov/2024:20:20:27 +0000] "GET /nodeapi/helper/info.php HTTP/1.1" 404 564 "-" "Mozilla/5.0 (Macintosh; Intel Mac OS X 10_12_3) AppleWebKit/537.36 (KHTML, like Gecko) Chrome/56.0.2924.87 Safari/537.36"
94.72.101.21 - - [02/Nov/2024:20:20:27 +0000] "GET /nodeapi/lara/info.php HTTP/1.1" 404 564 "-" "Mozilla/5.0 (Macintosh; Intel Mac OS X 10_12_3) AppleWebKit/537.36 (KHTML, like Gecko) Chrome/56.0.2924.87 Safari/537.36"
94.72.101.21 - - [02/Nov/2024:20:20:28 +0000] "GET /nodeapi/laravel/info.php HTTP/1.1" 404 564 "-" "Mozilla/5.0 (Macintosh; Intel Mac OS X 10_12_3) AppleWebKit/537.36 (KHTML, like Gecko) Chrome/56.0.2924.87 Safari/537.36"
94.72.101.21 - - [02/Nov/2024:20:20:28 +0000] "GET /nodeapi/server/info.php HTTP/1.1" 404 564 "-" "Mozilla/5.0 (Macintosh; Intel Mac OS X 10_12_3) AppleWebKit/537.36 (KHTML, like Gecko) Chrome/56.0.2924.87 Safari/537.36"
94.72.101.21 - - [02/Nov/2024:20:20:28 +0000] "GET /nodeapi/service/info.php HTTP/1.1" 404 564 "-" "Mozilla/5.0 (Macintosh; Intel Mac OS X 10_12_3) AppleWebKit/537.36 (KHTML, like Gecko) Chrome/56.0.2924.87 Safari/537.36"
94.72.101.21 - - [02/Nov/2024:20:20:29 +0000] "GET /nodeapi/services/info.php HTTP/1.1" 404 564 "-" "Mozilla/5.0 (Macintosh; Intel Mac OS X 10_12_3) AppleWebKit/537.36 (KHTML, like Gecko) Chrome/56.0.2924.87 Safari/537.36"
94.72.101.21 - - [02/Nov/2024:20:20:29 +0000] "GET /nodeapi/php-info.php HTTP/1.1" 404 564 "-" "Mozilla/5.0 (Macintosh; Intel Mac OS X 10_12_3) AppleWebKit/537.36 (KHTML, like Gecko) Chrome/56.0.2924.87 Safari/537.36"
94.72.101.21 - - [02/Nov/2024:20:20:29 +0000] "GET /nodeapi/linusadmin-phpinfo.php HTTP/1.1" 404 564 "-" "Mozilla/5.0 (Macintosh; Intel Mac OS X 10_12_3) AppleWebKit/537.36 (KHTML, like Gecko) Chrome/56.0.2924.87 Safari/537.36"
94.72.101.21 - - [02/Nov/2024:20:20:29 +0000] "GET /nodeapi/infos.php HTTP/1.1" 404 564 "-" "Mozilla/5.0 (Macintosh; Intel Mac OS X 10_12_3) AppleWebKit/537.36 (KHTML, like Gecko) Chrome/56.0.2924.87 Safari/537.36"
94.72.101.21 - - [02/Nov/2024:20:20:29 +0000] "GET /nodeapi/old_phpinfo.php HTTP/1.1" 404 564 "-" "Mozilla/5.0 (Macintosh; Intel Mac OS X 10_12_3) AppleWebKit/537.36 (KHTML, like Gecko) Chrome/56.0.2924.87 Safari/537.36"
94.72.101.21 - - [02/Nov/2024:20:20:29 +0000] "GET /nodeapi/temp.php HTTP/1.1" 404 564 "-" "Mozilla/5.0 (Macintosh; Intel Mac OS X 10_12_3) AppleWebKit/537.36 (KHTML, like Gecko) Chrome/56.0.2924.87 Safari/537.36"
94.72.101.21 - - [02/Nov/2024:20:20:30 +0000] "GET /nodeapi/time.php HTTP/1.1" 404 564 "-" "Mozilla/5.0 (Macintosh; Intel Mac OS X 10_12_3) AppleWebKit/537.36 (KHTML, like Gecko) Chrome/56.0.2924.87 Safari/537.36"
94.72.101.21 - - [02/Nov/2024:20:20:30 +0000] "GET /nodeapi/phpversion.php HTTP/1.1" 404 564 "-" "Mozilla/5.0 (Macintosh; Intel Mac OS X 10_12_3) AppleWebKit/537.36 (KHTML, like Gecko) Chrome/56.0.2924.87 Safari/537.36"
94.72.101.21 - - [02/Nov/2024:20:20:30 +0000] "GET /nodeapi/pinfo.php HTTP/1.1" 404 564 "-" "Mozilla/5.0 (Macintosh; Intel Mac OS X 10_12_3) AppleWebKit/537.36 (KHTML, like Gecko) Chrome/56.0.2924.87 Safari/537.36"
94.72.101.21 - - [02/Nov/2024:20:20:31 +0000] "GET /nodeapi/i.php HTTP/1.1" 404 564 "-" "Mozilla/5.0 (Macintosh; Intel Mac OS X 10_12_3) AppleWebKit/537.36 (KHTML, like Gecko) Chrome/56.0.2924.87 Safari/537.36"
94.72.101.21 - - [02/Nov/2024:20:20:31 +0000] "GET /nodeapi/asdf.php HTTP/1.1" 404 564 "-" "Mozilla/5.0 (Macintosh; Intel Mac OS X 10_12_3) AppleWebKit/537.36 (KHTML, like Gecko) Chrome/56.0.2924.87 Safari/537.36"
94.72.101.21 - - [02/Nov/2024:20:20:31 +0000] "GET /old/xampp/info.php HTTP/1.1" 404 564 "-" "Mozilla/5.0 (Macintosh; Intel Mac OS X 10_12_3) AppleWebKit/537.36 (KHTML, like Gecko) Chrome/56.0.2924.87 Safari/537.36"
94.72.101.21 - - [02/Nov/2024:20:20:31 +0000] "GET /old/xampp/phpinfo HTTP/1.1" 404 564 "-" "Mozilla/5.0 (Macintosh; Intel Mac OS X 10_12_3) AppleWebKit/537.36 (KHTML, like Gecko) Chrome/56.0.2924.87 Safari/537.36"
94.72.101.21 - - [02/Nov/2024:20:20:31 +0000] "GET /old/_profiler/phpinfo HTTP/1.1" 404 564 "-" "Mozilla/5.0 (Macintosh; Intel Mac OS X 10_12_3) AppleWebKit/537.36 (KHTML, like Gecko) Chrome/56.0.2924.87 Safari/537.36"
94.72.101.21 - - [02/Nov/2024:20:20:31 +0000] "GET /old/phpinfo.php HTTP/1.1" 404 564 "-" "Mozilla/5.0 (Macintosh; Intel Mac OS X 10_12_3) AppleWebKit/537.36 (KHTML, like Gecko) Chrome/56.0.2924.87 Safari/537.36"
94.72.101.21 - - [02/Nov/2024:20:20:32 +0000] "GET /old/phpinfo HTTP/1.1" 404 564 "-" "Mozilla/5.0 (Macintosh; Intel Mac OS X 10_12_3) AppleWebKit/537.36 (KHTML, like Gecko) Chrome/56.0.2924.87 Safari/537.36"
94.72.101.21 - - [02/Nov/2024:20:20:32 +0000] "GET /old/info.php HTTP/1.1" 404 564 "-" "Mozilla/5.0 (Macintosh; Intel Mac OS X 10_12_3) AppleWebKit/537.36 (KHTML, like Gecko) Chrome/56.0.2924.87 Safari/537.36"
94.72.101.21 - - [02/Nov/2024:20:20:32 +0000] "GET /old/php.ini HTTP/1.1" 404 564 "-" "Mozilla/5.0 (Macintosh; Intel Mac OS X 10_12_3) AppleWebKit/537.36 (KHTML, like Gecko) Chrome/56.0.2924.87 Safari/537.36"
94.72.101.21 - - [02/Nov/2024:20:20:32 +0000] "GET /old/php.php HTTP/1.1" 404 564 "-" "Mozilla/5.0 (Macintosh; Intel Mac OS X 10_12_3) AppleWebKit/537.36 (KHTML, like Gecko) Chrome/56.0.2924.87 Safari/537.36"
94.72.101.21 - - [02/Nov/2024:20:20:32 +0000] "GET /old/infophp.php HTTP/1.1" 404 564 "-" "Mozilla/5.0 (Macintosh; Intel Mac OS X 10_12_3) AppleWebKit/537.36 (KHTML, like Gecko) Chrome/56.0.2924.87 Safari/537.36"
94.72.101.21 - - [02/Nov/2024:20:20:33 +0000] "GET /old/test.php HTTP/1.1" 404 564 "-" "Mozilla/5.0 (Macintosh; Intel Mac OS X 10_12_3) AppleWebKit/537.36 (KHTML, like Gecko) Chrome/56.0.2924.87 Safari/537.36"
94.72.101.21 - - [02/Nov/2024:20:20:33 +0000] "GET /old/dashboard/phpinfo.php HTTP/1.1" 404 564 "-" "Mozilla/5.0 (Macintosh; Intel Mac OS X 10_12_3) AppleWebKit/537.36 (KHTML, like Gecko) Chrome/56.0.2924.87 Safari/537.36"
94.72.101.21 - - [02/Nov/2024:20:20:33 +0000] "GET /old/api/phpinfo.php HTTP/1.1" 404 564 "-" "Mozilla/5.0 (Macintosh; Intel Mac OS X 10_12_3) AppleWebKit/537.36 (KHTML, like Gecko) Chrome/56.0.2924.87 Safari/537.36"
94.72.101.21 - - [02/Nov/2024:20:20:33 +0000] "GET /old/backend/phpinfo.php HTTP/1.1" 404 564 "-" "Mozilla/5.0 (Macintosh; Intel Mac OS X 10_12_3) AppleWebKit/537.36 (KHTML, like Gecko) Chrome/56.0.2924.87 Safari/537.36"
94.72.101.21 - - [02/Nov/2024:20:20:33 +0000] "GET /old/backup/phpinfo.php HTTP/1.1" 404 564 "-" "Mozilla/5.0 (Macintosh; Intel Mac OS X 10_12_3) AppleWebKit/537.36 (KHTML, like Gecko) Chrome/56.0.2924.87 Safari/537.36"
94.72.101.21 - - [02/Nov/2024:20:20:33 +0000] "GET /old/crm/phpinfo.php HTTP/1.1" 404 564 "-" "Mozilla/5.0 (Macintosh; Intel Mac OS X 10_12_3) AppleWebKit/537.36 (KHTML, like Gecko) Chrome/56.0.2924.87 Safari/537.36"
94.72.101.21 - - [02/Nov/2024:20:20:34 +0000] "GET /old/current/phpinfo.php HTTP/1.1" 404 564 "-" "Mozilla/5.0 (Macintosh; Intel Mac OS X 10_12_3) AppleWebKit/537.36 (KHTML, like Gecko) Chrome/56.0.2924.87 Safari/537.36"
94.72.101.21 - - [02/Nov/2024:20:20:34 +0000] "GET /old/dev/phpinfo.php HTTP/1.1" 404 564 "-" "Mozilla/5.0 (Macintosh; Intel Mac OS X 10_12_3) AppleWebKit/537.36 (KHTML, like Gecko) Chrome/56.0.2924.87 Safari/537.36"
94.72.101.21 - - [02/Nov/2024:20:20:34 +0000] "GET /old/develop/phpinfo.php HTTP/1.1" 404 564 "-" "Mozilla/5.0 (Macintosh; Intel Mac OS X 10_12_3) AppleWebKit/537.36 (KHTML, like Gecko) Chrome/56.0.2924.87 Safari/537.36"
94.72.101.21 - - [02/Nov/2024:20:20:34 +0000] "GET /old/development/phpinfo.php HTTP/1.1" 404 564 "-" "Mozilla/5.0 (Macintosh; Intel Mac OS X 10_12_3) AppleWebKit/537.36 (KHTML, like Gecko) Chrome/56.0.2924.87 Safari/537.36"
94.72.101.21 - - [02/Nov/2024:20:20:34 +0000] "GET /old/help/phpinfo.php HTTP/1.1" 404 564 "-" "Mozilla/5.0 (Macintosh; Intel Mac OS X 10_12_3) AppleWebKit/537.36 (KHTML, like Gecko) Chrome/56.0.2924.87 Safari/537.36"
94.72.101.21 - - [02/Nov/2024:20:20:35 +0000] "GET /old/helper/phpinfo.php HTTP/1.1" 404 564 "-" "Mozilla/5.0 (Macintosh; Intel Mac OS X 10_12_3) AppleWebKit/537.36 (KHTML, like Gecko) Chrome/56.0.2924.87 Safari/537.36"
94.72.101.21 - - [02/Nov/2024:20:20:36 +0000] "GET /old/lara/phpinfo.php HTTP/1.1" 404 564 "-" "Mozilla/5.0 (Macintosh; Intel Mac OS X 10_12_3) AppleWebKit/537.36 (KHTML, like Gecko) Chrome/56.0.2924.87 Safari/537.36"
94.72.101.21 - - [02/Nov/2024:20:20:36 +0000] "GET /old/laravel/phpinfo.php HTTP/1.1" 404 564 "-" "Mozilla/5.0 (Macintosh; Intel Mac OS X 10_12_3) AppleWebKit/537.36 (KHTML, like Gecko) Chrome/56.0.2924.87 Safari/537.36"
94.72.101.21 - - [02/Nov/2024:20:20:36 +0000] "GET /old/server/phpinfo.php HTTP/1.1" 404 564 "-" "Mozilla/5.0 (Macintosh; Intel Mac OS X 10_12_3) AppleWebKit/537.36 (KHTML, like Gecko) Chrome/56.0.2924.87 Safari/537.36"
94.72.101.21 - - [02/Nov/2024:20:20:36 +0000] "GET /old/service/phpinfo.php HTTP/1.1" 404 564 "-" "Mozilla/5.0 (Macintosh; Intel Mac OS X 10_12_3) AppleWebKit/537.36 (KHTML, like Gecko) Chrome/56.0.2924.87 Safari/537.36"
94.72.101.21 - - [02/Nov/2024:20:20:37 +0000] "GET /old/services/phpinfo.php HTTP/1.1" 404 564 "-" "Mozilla/5.0 (Macintosh; Intel Mac OS X 10_12_3) AppleWebKit/537.36 (KHTML, like Gecko) Chrome/56.0.2924.87 Safari/537.36"
94.72.101.21 - - [02/Nov/2024:20:20:37 +0000] "GET /old/xampp/phpinfo.php HTTP/1.1" 404 564 "-" "Mozilla/5.0 (Macintosh; Intel Mac OS X 10_12_3) AppleWebKit/537.36 (KHTML, like Gecko) Chrome/56.0.2924.87 Safari/537.36"
94.72.101.21 - - [02/Nov/2024:20:20:37 +0000] "GET /old/api/info.php HTTP/1.1" 404 564 "-" "Mozilla/5.0 (Macintosh; Intel Mac OS X 10_12_3) AppleWebKit/537.36 (KHTML, like Gecko) Chrome/56.0.2924.87 Safari/537.36"
94.72.101.21 - - [02/Nov/2024:20:20:37 +0000] "GET /old/backend/info.php HTTP/1.1" 404 564 "-" "Mozilla/5.0 (Macintosh; Intel Mac OS X 10_12_3) AppleWebKit/537.36 (KHTML, like Gecko) Chrome/56.0.2924.87 Safari/537.36"
94.72.101.21 - - [02/Nov/2024:20:20:38 +0000] "GET /old/backup/info.php HTTP/1.1" 404 564 "-" "Mozilla/5.0 (Macintosh; Intel Mac OS X 10_12_3) AppleWebKit/537.36 (KHTML, like Gecko) Chrome/56.0.2924.87 Safari/537.36"
94.72.101.21 - - [02/Nov/2024:20:20:38 +0000] "GET /old/crm/info.php HTTP/1.1" 404 564 "-" "Mozilla/5.0 (Macintosh; Intel Mac OS X 10_12_3) AppleWebKit/537.36 (KHTML, like Gecko) Chrome/56.0.2924.87 Safari/537.36"
94.72.101.21 - - [02/Nov/2024:20:20:38 +0000] "GET /old/current/info.php HTTP/1.1" 404 564 "-" "Mozilla/5.0 (Macintosh; Intel Mac OS X 10_12_3) AppleWebKit/537.36 (KHTML, like Gecko) Chrome/56.0.2924.87 Safari/537.36"
94.72.101.21 - - [02/Nov/2024:20:20:39 +0000] "GET /old/dev/info.php HTTP/1.1" 404 564 "-" "Mozilla/5.0 (Macintosh; Intel Mac OS X 10_12_3) AppleWebKit/537.36 (KHTML, like Gecko) Chrome/56.0.2924.87 Safari/537.36"
94.72.101.21 - - [02/Nov/2024:20:20:39 +0000] "GET /old/develop/info.php HTTP/1.1" 404 564 "-" "Mozilla/5.0 (Macintosh; Intel Mac OS X 10_12_3) AppleWebKit/537.36 (KHTML, like Gecko) Chrome/56.0.2924.87 Safari/537.36"
94.72.101.21 - - [02/Nov/2024:20:20:39 +0000] "GET /old/development/iinfo.php HTTP/1.1" 404 564 "-" "Mozilla/5.0 (Macintosh; Intel Mac OS X 10_12_3) AppleWebKit/537.36 (KHTML, like Gecko) Chrome/56.0.2924.87 Safari/537.36"
94.72.101.21 - - [02/Nov/2024:20:20:40 +0000] "GET /old/help/info.php HTTP/1.1" 404 564 "-" "Mozilla/5.0 (Macintosh; Intel Mac OS X 10_12_3) AppleWebKit/537.36 (KHTML, like Gecko) Chrome/56.0.2924.87 Safari/537.36"
94.72.101.21 - - [02/Nov/2024:20:20:40 +0000] "GET /old/helper/info.php HTTP/1.1" 404 564 "-" "Mozilla/5.0 (Macintosh; Intel Mac OS X 10_12_3) AppleWebKit/537.36 (KHTML, like Gecko) Chrome/56.0.2924.87 Safari/537.36"
94.72.101.21 - - [02/Nov/2024:20:20:40 +0000] "GET /old/lara/info.php HTTP/1.1" 404 564 "-" "Mozilla/5.0 (Macintosh; Intel Mac OS X 10_12_3) AppleWebKit/537.36 (KHTML, like Gecko) Chrome/56.0.2924.87 Safari/537.36"
94.72.101.21 - - [02/Nov/2024:20:20:40 +0000] "GET /old/laravel/info.php HTTP/1.1" 404 564 "-" "Mozilla/5.0 (Macintosh; Intel Mac OS X 10_12_3) AppleWebKit/537.36 (KHTML, like Gecko) Chrome/56.0.2924.87 Safari/537.36"
94.72.101.21 - - [02/Nov/2024:20:20:40 +0000] "GET /old/server/info.php HTTP/1.1" 404 564 "-" "Mozilla/5.0 (Macintosh; Intel Mac OS X 10_12_3) AppleWebKit/537.36 (KHTML, like Gecko) Chrome/56.0.2924.87 Safari/537.36"
94.72.101.21 - - [02/Nov/2024:20:20:40 +0000] "GET /old/service/info.php HTTP/1.1" 404 564 "-" "Mozilla/5.0 (Macintosh; Intel Mac OS X 10_12_3) AppleWebKit/537.36 (KHTML, like Gecko) Chrome/56.0.2924.87 Safari/537.36"
94.72.101.21 - - [02/Nov/2024:20:20:41 +0000] "GET /old/services/info.php HTTP/1.1" 404 564 "-" "Mozilla/5.0 (Macintosh; Intel Mac OS X 10_12_3) AppleWebKit/537.36 (KHTML, like Gecko) Chrome/56.0.2924.87 Safari/537.36"
94.72.101.21 - - [02/Nov/2024:20:20:41 +0000] "GET /old/php-info.php HTTP/1.1" 404 564 "-" "Mozilla/5.0 (Macintosh; Intel Mac OS X 10_12_3) AppleWebKit/537.36 (KHTML, like Gecko) Chrome/56.0.2924.87 Safari/537.36"
94.72.101.21 - - [02/Nov/2024:20:20:41 +0000] "GET /old/linusadmin-phpinfo.php HTTP/1.1" 404 564 "-" "Mozilla/5.0 (Macintosh; Intel Mac OS X 10_12_3) AppleWebKit/537.36 (KHTML, like Gecko) Chrome/56.0.2924.87 Safari/537.36"
94.72.101.21 - - [02/Nov/2024:20:20:42 +0000] "GET /old/infos.php HTTP/1.1" 404 564 "-" "Mozilla/5.0 (Macintosh; Intel Mac OS X 10_12_3) AppleWebKit/537.36 (KHTML, like Gecko) Chrome/56.0.2924.87 Safari/537.36"
94.72.101.21 - - [02/Nov/2024:20:20:42 +0000] "GET /old/old_phpinfo.php HTTP/1.1" 404 564 "-" "Mozilla/5.0 (Macintosh; Intel Mac OS X 10_12_3) AppleWebKit/537.36 (KHTML, like Gecko) Chrome/56.0.2924.87 Safari/537.36"
94.72.101.21 - - [02/Nov/2024:20:20:43 +0000] "GET /old/temp.php HTTP/1.1" 404 564 "-" "Mozilla/5.0 (Macintosh; Intel Mac OS X 10_12_3) AppleWebKit/537.36 (KHTML, like Gecko) Chrome/56.0.2924.87 Safari/537.36"
94.72.101.21 - - [02/Nov/2024:20:20:43 +0000] "GET /old/time.php HTTP/1.1" 404 564 "-" "Mozilla/5.0 (Macintosh; Intel Mac OS X 10_12_3) AppleWebKit/537.36 (KHTML, like Gecko) Chrome/56.0.2924.87 Safari/537.36"
94.72.101.21 - - [02/Nov/2024:20:20:43 +0000] "GET /old/phpversion.php HTTP/1.1" 404 564 "-" "Mozilla/5.0 (Macintosh; Intel Mac OS X 10_12_3) AppleWebKit/537.36 (KHTML, like Gecko) Chrome/56.0.2924.87 Safari/537.36"
94.72.101.21 - - [02/Nov/2024:20:20:44 +0000] "GET /old/pinfo.php HTTP/1.1" 404 564 "-" "Mozilla/5.0 (Macintosh; Intel Mac OS X 10_12_3) AppleWebKit/537.36 (KHTML, like Gecko) Chrome/56.0.2924.87 Safari/537.36"
94.72.101.21 - - [02/Nov/2024:20:20:44 +0000] "GET /old/i.php HTTP/1.1" 404 564 "-" "Mozilla/5.0 (Macintosh; Intel Mac OS X 10_12_3) AppleWebKit/537.36 (KHTML, like Gecko) Chrome/56.0.2924.87 Safari/537.36"
94.72.101.21 - - [02/Nov/2024:20:20:44 +0000] "GET /old/asdf.php HTTP/1.1" 404 564 "-" "Mozilla/5.0 (Macintosh; Intel Mac OS X 10_12_3) AppleWebKit/537.36 (KHTML, like Gecko) Chrome/56.0.2924.87 Safari/537.36"
94.72.101.21 - - [02/Nov/2024:20:20:45 +0000] "GET /portal/xampp/info.php HTTP/1.1" 404 564 "-" "Mozilla/5.0 (Macintosh; Intel Mac OS X 10_12_3) AppleWebKit/537.36 (KHTML, like Gecko) Chrome/56.0.2924.87 Safari/537.36"
94.72.101.21 - - [02/Nov/2024:20:20:45 +0000] "GET /portal/xampp/phpinfo HTTP/1.1" 404 564 "-" "Mozilla/5.0 (Macintosh; Intel Mac OS X 10_12_3) AppleWebKit/537.36 (KHTML, like Gecko) Chrome/56.0.2924.87 Safari/537.36"
94.72.101.21 - - [02/Nov/2024:20:20:45 +0000] "GET /portal/_profiler/phpinfo HTTP/1.1" 404 564 "-" "Mozilla/5.0 (Macintosh; Intel Mac OS X 10_12_3) AppleWebKit/537.36 (KHTML, like Gecko) Chrome/56.0.2924.87 Safari/537.36"
94.72.101.21 - - [02/Nov/2024:20:20:45 +0000] "GET /portal/phpinfo.php HTTP/1.1" 404 564 "-" "Mozilla/5.0 (Macintosh; Intel Mac OS X 10_12_3) AppleWebKit/537.36 (KHTML, like Gecko) Chrome/56.0.2924.87 Safari/537.36"
94.72.101.21 - - [02/Nov/2024:20:20:45 +0000] "GET /portal/phpinfo HTTP/1.1" 404 564 "-" "Mozilla/5.0 (Macintosh; Intel Mac OS X 10_12_3) AppleWebKit/537.36 (KHTML, like Gecko) Chrome/56.0.2924.87 Safari/537.36"
94.72.101.21 - - [02/Nov/2024:20:20:45 +0000] "GET /portal/info.php HTTP/1.1" 404 564 "-" "Mozilla/5.0 (Macintosh; Intel Mac OS X 10_12_3) AppleWebKit/537.36 (KHTML, like Gecko) Chrome/56.0.2924.87 Safari/537.36"
94.72.101.21 - - [02/Nov/2024:20:20:46 +0000] "GET /portal/php.ini HTTP/1.1" 404 564 "-" "Mozilla/5.0 (Macintosh; Intel Mac OS X 10_12_3) AppleWebKit/537.36 (KHTML, like Gecko) Chrome/56.0.2924.87 Safari/537.36"
94.72.101.21 - - [02/Nov/2024:20:20:46 +0000] "GET /portal/php.php HTTP/1.1" 404 564 "-" "Mozilla/5.0 (Macintosh; Intel Mac OS X 10_12_3) AppleWebKit/537.36 (KHTML, like Gecko) Chrome/56.0.2924.87 Safari/537.36"
94.72.101.21 - - [02/Nov/2024:20:20:46 +0000] "GET /portal/infophp.php HTTP/1.1" 404 564 "-" "Mozilla/5.0 (Macintosh; Intel Mac OS X 10_12_3) AppleWebKit/537.36 (KHTML, like Gecko) Chrome/56.0.2924.87 Safari/537.36"
94.72.101.21 - - [02/Nov/2024:20:20:47 +0000] "GET /portal/test.php HTTP/1.1" 404 564 "-" "Mozilla/5.0 (Macintosh; Intel Mac OS X 10_12_3) AppleWebKit/537.36 (KHTML, like Gecko) Chrome/56.0.2924.87 Safari/537.36"
94.72.101.21 - - [02/Nov/2024:20:20:47 +0000] "GET /portal/dashboard/phpinfo.php HTTP/1.1" 404 564 "-" "Mozilla/5.0 (Macintosh; Intel Mac OS X 10_12_3) AppleWebKit/537.36 (KHTML, like Gecko) Chrome/56.0.2924.87 Safari/537.36"
94.72.101.21 - - [02/Nov/2024:20:20:47 +0000] "GET /portal/api/phpinfo.php HTTP/1.1" 404 564 "-" "Mozilla/5.0 (Macintosh; Intel Mac OS X 10_12_3) AppleWebKit/537.36 (KHTML, like Gecko) Chrome/56.0.2924.87 Safari/537.36"
94.72.101.21 - - [02/Nov/2024:20:20:47 +0000] "GET /portal/backend/phpinfo.php HTTP/1.1" 404 564 "-" "Mozilla/5.0 (Macintosh; Intel Mac OS X 10_12_3) AppleWebKit/537.36 (KHTML, like Gecko) Chrome/56.0.2924.87 Safari/537.36"
94.72.101.21 - - [02/Nov/2024:20:20:47 +0000] "GET /portal/backup/phpinfo.php HTTP/1.1" 404 564 "-" "Mozilla/5.0 (Macintosh; Intel Mac OS X 10_12_3) AppleWebKit/537.36 (KHTML, like Gecko) Chrome/56.0.2924.87 Safari/537.36"
94.72.101.21 - - [02/Nov/2024:20:20:47 +0000] "GET /portal/crm/phpinfo.php HTTP/1.1" 404 564 "-" "Mozilla/5.0 (Macintosh; Intel Mac OS X 10_12_3) AppleWebKit/537.36 (KHTML, like Gecko) Chrome/56.0.2924.87 Safari/537.36"
94.72.101.21 - - [02/Nov/2024:20:20:48 +0000] "GET /portal/current/phpinfo.php HTTP/1.1" 404 564 "-" "Mozilla/5.0 (Macintosh; Intel Mac OS X 10_12_3) AppleWebKit/537.36 (KHTML, like Gecko) Chrome/56.0.2924.87 Safari/537.36"
94.72.101.21 - - [02/Nov/2024:20:20:48 +0000] "GET /portal/dev/phpinfo.php HTTP/1.1" 404 564 "-" "Mozilla/5.0 (Macintosh; Intel Mac OS X 10_12_3) AppleWebKit/537.36 (KHTML, like Gecko) Chrome/56.0.2924.87 Safari/537.36"
94.72.101.21 - - [02/Nov/2024:20:20:48 +0000] "GET /portal/develop/phpinfo.php HTTP/1.1" 404 564 "-" "Mozilla/5.0 (Macintosh; Intel Mac OS X 10_12_3) AppleWebKit/537.36 (KHTML, like Gecko) Chrome/56.0.2924.87 Safari/537.36"
94.72.101.21 - - [02/Nov/2024:20:20:49 +0000] "GET /portal/development/phpinfo.php HTTP/1.1" 404 564 "-" "Mozilla/5.0 (Macintosh; Intel Mac OS X 10_12_3) AppleWebKit/537.36 (KHTML, like Gecko) Chrome/56.0.2924.87 Safari/537.36"
94.72.101.21 - - [02/Nov/2024:20:20:49 +0000] "GET /portal/help/phpinfo.php HTTP/1.1" 404 564 "-" "Mozilla/5.0 (Macintosh; Intel Mac OS X 10_12_3) AppleWebKit/537.36 (KHTML, like Gecko) Chrome/56.0.2924.87 Safari/537.36"
94.72.101.21 - - [02/Nov/2024:20:20:49 +0000] "GET /portal/helper/phpinfo.php HTTP/1.1" 404 564 "-" "Mozilla/5.0 (Macintosh; Intel Mac OS X 10_12_3) AppleWebKit/537.36 (KHTML, like Gecko) Chrome/56.0.2924.87 Safari/537.36"
94.72.101.21 - - [02/Nov/2024:20:20:49 +0000] "GET /portal/lara/phpinfo.php HTTP/1.1" 404 564 "-" "Mozilla/5.0 (Macintosh; Intel Mac OS X 10_12_3) AppleWebKit/537.36 (KHTML, like Gecko) Chrome/56.0.2924.87 Safari/537.36"
94.72.101.21 - - [02/Nov/2024:20:20:50 +0000] "GET /portal/laravel/phpinfo.php HTTP/1.1" 404 564 "-" "Mozilla/5.0 (Macintosh; Intel Mac OS X 10_12_3) AppleWebKit/537.36 (KHTML, like Gecko) Chrome/56.0.2924.87 Safari/537.36"
94.72.101.21 - - [02/Nov/2024:20:21:01 +0000] "GET /portal/server/phpinfo.php HTTP/1.1" 404 564 "-" "Mozilla/5.0 (Macintosh; Intel Mac OS X 10_12_3) AppleWebKit/537.36 (KHTML, like Gecko) Chrome/56.0.2924.87 Safari/537.36"
94.72.101.21 - - [02/Nov/2024:20:21:01 +0000] "GET /portal/service/phpinfo.php HTTP/1.1" 404 564 "-" "Mozilla/5.0 (Macintosh; Intel Mac OS X 10_12_3) AppleWebKit/537.36 (KHTML, like Gecko) Chrome/56.0.2924.87 Safari/537.36"
94.72.101.21 - - [02/Nov/2024:20:21:01 +0000] "GET /portal/services/phpinfo.php HTTP/1.1" 404 564 "-" "Mozilla/5.0 (Macintosh; Intel Mac OS X 10_12_3) AppleWebKit/537.36 (KHTML, like Gecko) Chrome/56.0.2924.87 Safari/537.36"
94.72.101.21 - - [02/Nov/2024:20:21:01 +0000] "GET /portal/xampp/phpinfo.php HTTP/1.1" 404 564 "-" "Mozilla/5.0 (Macintosh; Intel Mac OS X 10_12_3) AppleWebKit/537.36 (KHTML, like Gecko) Chrome/56.0.2924.87 Safari/537.36"
94.72.101.21 - - [02/Nov/2024:20:21:02 +0000] "GET /portal/api/info.php HTTP/1.1" 404 564 "-" "Mozilla/5.0 (Macintosh; Intel Mac OS X 10_12_3) AppleWebKit/537.36 (KHTML, like Gecko) Chrome/56.0.2924.87 Safari/537.36"
94.72.101.21 - - [02/Nov/2024:20:21:02 +0000] "GET /portal/backend/info.php HTTP/1.1" 404 564 "-" "Mozilla/5.0 (Macintosh; Intel Mac OS X 10_12_3) AppleWebKit/537.36 (KHTML, like Gecko) Chrome/56.0.2924.87 Safari/537.36"
94.72.101.21 - - [02/Nov/2024:20:21:03 +0000] "GET /portal/backup/info.php HTTP/1.1" 404 564 "-" "Mozilla/5.0 (Macintosh; Intel Mac OS X 10_12_3) AppleWebKit/537.36 (KHTML, like Gecko) Chrome/56.0.2924.87 Safari/537.36"
94.72.101.21 - - [02/Nov/2024:20:21:03 +0000] "GET /portal/crm/info.php HTTP/1.1" 404 564 "-" "Mozilla/5.0 (Macintosh; Intel Mac OS X 10_12_3) AppleWebKit/537.36 (KHTML, like Gecko) Chrome/56.0.2924.87 Safari/537.36"
94.72.101.21 - - [02/Nov/2024:20:21:03 +0000] "GET /portal/current/info.php HTTP/1.1" 404 564 "-" "Mozilla/5.0 (Macintosh; Intel Mac OS X 10_12_3) AppleWebKit/537.36 (KHTML, like Gecko) Chrome/56.0.2924.87 Safari/537.36"
94.72.101.21 - - [02/Nov/2024:20:21:04 +0000] "GET /portal/dev/info.php HTTP/1.1" 404 564 "-" "Mozilla/5.0 (Macintosh; Intel Mac OS X 10_12_3) AppleWebKit/537.36 (KHTML, like Gecko) Chrome/56.0.2924.87 Safari/537.36"
94.72.101.21 - - [02/Nov/2024:20:21:04 +0000] "GET /portal/develop/info.php HTTP/1.1" 404 564 "-" "Mozilla/5.0 (Macintosh; Intel Mac OS X 10_12_3) AppleWebKit/537.36 (KHTML, like Gecko) Chrome/56.0.2924.87 Safari/537.36"
94.72.101.21 - - [02/Nov/2024:20:21:05 +0000] "GET /portal/development/iinfo.php HTTP/1.1" 404 564 "-" "Mozilla/5.0 (Macintosh; Intel Mac OS X 10_12_3) AppleWebKit/537.36 (KHTML, like Gecko) Chrome/56.0.2924.87 Safari/537.36"
94.72.101.21 - - [02/Nov/2024:20:21:05 +0000] "GET /portal/help/info.php HTTP/1.1" 404 564 "-" "Mozilla/5.0 (Macintosh; Intel Mac OS X 10_12_3) AppleWebKit/537.36 (KHTML, like Gecko) Chrome/56.0.2924.87 Safari/537.36"
94.72.101.21 - - [02/Nov/2024:20:21:05 +0000] "GET /portal/helper/info.php HTTP/1.1" 404 564 "-" "Mozilla/5.0 (Macintosh; Intel Mac OS X 10_12_3) AppleWebKit/537.36 (KHTML, like Gecko) Chrome/56.0.2924.87 Safari/537.36"
94.72.101.21 - - [02/Nov/2024:20:21:05 +0000] "GET /portal/lara/info.php HTTP/1.1" 404 564 "-" "Mozilla/5.0 (Macintosh; Intel Mac OS X 10_12_3) AppleWebKit/537.36 (KHTML, like Gecko) Chrome/56.0.2924.87 Safari/537.36"
94.72.101.21 - - [02/Nov/2024:20:21:06 +0000] "GET /portal/laravel/info.php HTTP/1.1" 404 564 "-" "Mozilla/5.0 (Macintosh; Intel Mac OS X 10_12_3) AppleWebKit/537.36 (KHTML, like Gecko) Chrome/56.0.2924.87 Safari/537.36"
94.72.101.21 - - [02/Nov/2024:20:21:06 +0000] "GET /portal/server/info.php HTTP/1.1" 404 564 "-" "Mozilla/5.0 (Macintosh; Intel Mac OS X 10_12_3) AppleWebKit/537.36 (KHTML, like Gecko) Chrome/56.0.2924.87 Safari/537.36"
94.72.101.21 - - [02/Nov/2024:20:21:06 +0000] "GET /portal/service/info.php HTTP/1.1" 404 564 "-" "Mozilla/5.0 (Macintosh; Intel Mac OS X 10_12_3) AppleWebKit/537.36 (KHTML, like Gecko) Chrome/56.0.2924.87 Safari/537.36"
94.72.101.21 - - [02/Nov/2024:20:21:06 +0000] "GET /portal/services/info.php HTTP/1.1" 404 564 "-" "Mozilla/5.0 (Macintosh; Intel Mac OS X 10_12_3) AppleWebKit/537.36 (KHTML, like Gecko) Chrome/56.0.2924.87 Safari/537.36"
94.72.101.21 - - [02/Nov/2024:20:21:07 +0000] "GET /portal/php-info.php HTTP/1.1" 404 564 "-" "Mozilla/5.0 (Macintosh; Intel Mac OS X 10_12_3) AppleWebKit/537.36 (KHTML, like Gecko) Chrome/56.0.2924.87 Safari/537.36"
94.72.101.21 - - [02/Nov/2024:20:21:07 +0000] "GET /portal/linusadmin-phpinfo.php HTTP/1.1" 404 564 "-" "Mozilla/5.0 (Macintosh; Intel Mac OS X 10_12_3) AppleWebKit/537.36 (KHTML, like Gecko) Chrome/56.0.2924.87 Safari/537.36"
94.72.101.21 - - [02/Nov/2024:20:21:07 +0000] "GET /portal/infos.php HTTP/1.1" 404 564 "-" "Mozilla/5.0 (Macintosh; Intel Mac OS X 10_12_3) AppleWebKit/537.36 (KHTML, like Gecko) Chrome/56.0.2924.87 Safari/537.36"
94.72.101.21 - - [02/Nov/2024:20:21:07 +0000] "GET /portal/old_phpinfo.php HTTP/1.1" 404 564 "-" "Mozilla/5.0 (Macintosh; Intel Mac OS X 10_12_3) AppleWebKit/537.36 (KHTML, like Gecko) Chrome/56.0.2924.87 Safari/537.36"
94.72.101.21 - - [02/Nov/2024:20:21:08 +0000] "GET /portal/temp.php HTTP/1.1" 404 564 "-" "Mozilla/5.0 (Macintosh; Intel Mac OS X 10_12_3) AppleWebKit/537.36 (KHTML, like Gecko) Chrome/56.0.2924.87 Safari/537.36"
94.72.101.21 - - [02/Nov/2024:20:21:08 +0000] "GET /portal/time.php HTTP/1.1" 404 564 "-" "Mozilla/5.0 (Macintosh; Intel Mac OS X 10_12_3) AppleWebKit/537.36 (KHTML, like Gecko) Chrome/56.0.2924.87 Safari/537.36"
94.72.101.21 - - [02/Nov/2024:20:21:09 +0000] "GET /portal/phpversion.php HTTP/1.1" 404 564 "-" "Mozilla/5.0 (Macintosh; Intel Mac OS X 10_12_3) AppleWebKit/537.36 (KHTML, like Gecko) Chrome/56.0.2924.87 Safari/537.36"
94.72.101.21 - - [02/Nov/2024:20:21:09 +0000] "GET /portal/pinfo.php HTTP/1.1" 404 564 "-" "Mozilla/5.0 (Macintosh; Intel Mac OS X 10_12_3) AppleWebKit/537.36 (KHTML, like Gecko) Chrome/56.0.2924.87 Safari/537.36"
94.72.101.21 - - [02/Nov/2024:20:21:09 +0000] "GET /portal/i.php HTTP/1.1" 404 564 "-" "Mozilla/5.0 (Macintosh; Intel Mac OS X 10_12_3) AppleWebKit/537.36 (KHTML, like Gecko) Chrome/56.0.2924.87 Safari/537.36"
94.72.101.21 - - [02/Nov/2024:20:21:09 +0000] "GET /portal/asdf.php HTTP/1.1" 404 564 "-" "Mozilla/5.0 (Macintosh; Intel Mac OS X 10_12_3) AppleWebKit/537.36 (KHTML, like Gecko) Chrome/56.0.2924.87 Safari/537.36"
94.72.101.21 - - [02/Nov/2024:20:21:10 +0000] "GET /public/xampp/info.php HTTP/1.1" 404 564 "-" "Mozilla/5.0 (Macintosh; Intel Mac OS X 10_12_3) AppleWebKit/537.36 (KHTML, like Gecko) Chrome/56.0.2924.87 Safari/537.36"
94.72.101.21 - - [02/Nov/2024:20:21:10 +0000] "GET /public/xampp/phpinfo HTTP/1.1" 404 564 "-" "Mozilla/5.0 (Macintosh; Intel Mac OS X 10_12_3) AppleWebKit/537.36 (KHTML, like Gecko) Chrome/56.0.2924.87 Safari/537.36"
94.72.101.21 - - [02/Nov/2024:20:21:10 +0000] "GET /public/_profiler/phpinfo HTTP/1.1" 404 564 "-" "Mozilla/5.0 (Macintosh; Intel Mac OS X 10_12_3) AppleWebKit/537.36 (KHTML, like Gecko) Chrome/56.0.2924.87 Safari/537.36"
94.72.101.21 - - [02/Nov/2024:20:21:10 +0000] "GET /public/phpinfo.php HTTP/1.1" 404 564 "-" "Mozilla/5.0 (Macintosh; Intel Mac OS X 10_12_3) AppleWebKit/537.36 (KHTML, like Gecko) Chrome/56.0.2924.87 Safari/537.36"
94.72.101.21 - - [02/Nov/2024:20:21:11 +0000] "GET /public/phpinfo HTTP/1.1" 404 564 "-" "Mozilla/5.0 (Macintosh; Intel Mac OS X 10_12_3) AppleWebKit/537.36 (KHTML, like Gecko) Chrome/56.0.2924.87 Safari/537.36"
94.72.101.21 - - [02/Nov/2024:20:21:11 +0000] "GET /public/info.php HTTP/1.1" 404 564 "-" "Mozilla/5.0 (Macintosh; Intel Mac OS X 10_12_3) AppleWebKit/537.36 (KHTML, like Gecko) Chrome/56.0.2924.87 Safari/537.36"
94.72.101.21 - - [02/Nov/2024:20:21:11 +0000] "GET /public/php.ini HTTP/1.1" 404 564 "-" "Mozilla/5.0 (Macintosh; Intel Mac OS X 10_12_3) AppleWebKit/537.36 (KHTML, like Gecko) Chrome/56.0.2924.87 Safari/537.36"
94.72.101.21 - - [02/Nov/2024:20:21:11 +0000] "GET /public/php.php HTTP/1.1" 404 564 "-" "Mozilla/5.0 (Macintosh; Intel Mac OS X 10_12_3) AppleWebKit/537.36 (KHTML, like Gecko) Chrome/56.0.2924.87 Safari/537.36"
94.72.101.21 - - [02/Nov/2024:20:21:12 +0000] "GET /public/infophp.php HTTP/1.1" 404 564 "-" "Mozilla/5.0 (Macintosh; Intel Mac OS X 10_12_3) AppleWebKit/537.36 (KHTML, like Gecko) Chrome/56.0.2924.87 Safari/537.36"
94.72.101.21 - - [02/Nov/2024:20:21:12 +0000] "GET /public/test.php HTTP/1.1" 404 564 "-" "Mozilla/5.0 (Macintosh; Intel Mac OS X 10_12_3) AppleWebKit/537.36 (KHTML, like Gecko) Chrome/56.0.2924.87 Safari/537.36"
94.72.101.21 - - [02/Nov/2024:20:21:12 +0000] "GET /public/dashboard/phpinfo.php HTTP/1.1" 404 564 "-" "Mozilla/5.0 (Macintosh; Intel Mac OS X 10_12_3) AppleWebKit/537.36 (KHTML, like Gecko) Chrome/56.0.2924.87 Safari/537.36"
94.72.101.21 - - [02/Nov/2024:20:21:12 +0000] "GET /public/api/phpinfo.php HTTP/1.1" 404 564 "-" "Mozilla/5.0 (Macintosh; Intel Mac OS X 10_12_3) AppleWebKit/537.36 (KHTML, like Gecko) Chrome/56.0.2924.87 Safari/537.36"
94.72.101.21 - - [02/Nov/2024:20:21:13 +0000] "GET /public/backend/phpinfo.php HTTP/1.1" 404 564 "-" "Mozilla/5.0 (Macintosh; Intel Mac OS X 10_12_3) AppleWebKit/537.36 (KHTML, like Gecko) Chrome/56.0.2924.87 Safari/537.36"
94.72.101.21 - - [02/Nov/2024:20:21:13 +0000] "GET /public/backup/phpinfo.php HTTP/1.1" 404 564 "-" "Mozilla/5.0 (Macintosh; Intel Mac OS X 10_12_3) AppleWebKit/537.36 (KHTML, like Gecko) Chrome/56.0.2924.87 Safari/537.36"
94.72.101.21 - - [02/Nov/2024:20:21:13 +0000] "GET /public/crm/phpinfo.php HTTP/1.1" 404 564 "-" "Mozilla/5.0 (Macintosh; Intel Mac OS X 10_12_3) AppleWebKit/537.36 (KHTML, like Gecko) Chrome/56.0.2924.87 Safari/537.36"
94.72.101.21 - - [02/Nov/2024:20:21:14 +0000] "GET /public/current/phpinfo.php HTTP/1.1" 404 564 "-" "Mozilla/5.0 (Macintosh; Intel Mac OS X 10_12_3) AppleWebKit/537.36 (KHTML, like Gecko) Chrome/56.0.2924.87 Safari/537.36"
94.72.101.21 - - [02/Nov/2024:20:21:14 +0000] "GET /public/dev/phpinfo.php HTTP/1.1" 404 564 "-" "Mozilla/5.0 (Macintosh; Intel Mac OS X 10_12_3) AppleWebKit/537.36 (KHTML, like Gecko) Chrome/56.0.2924.87 Safari/537.36"
94.72.101.21 - - [02/Nov/2024:20:21:14 +0000] "GET /public/develop/phpinfo.php HTTP/1.1" 404 564 "-" "Mozilla/5.0 (Macintosh; Intel Mac OS X 10_12_3) AppleWebKit/537.36 (KHTML, like Gecko) Chrome/56.0.2924.87 Safari/537.36"
94.72.101.21 - - [02/Nov/2024:20:21:14 +0000] "GET /public/development/phpinfo.php HTTP/1.1" 404 564 "-" "Mozilla/5.0 (Macintosh; Intel Mac OS X 10_12_3) AppleWebKit/537.36 (KHTML, like Gecko) Chrome/56.0.2924.87 Safari/537.36"
94.72.101.21 - - [02/Nov/2024:20:21:15 +0000] "GET /public/help/phpinfo.php HTTP/1.1" 404 564 "-" "Mozilla/5.0 (Macintosh; Intel Mac OS X 10_12_3) AppleWebKit/537.36 (KHTML, like Gecko) Chrome/56.0.2924.87 Safari/537.36"
94.72.101.21 - - [02/Nov/2024:20:21:15 +0000] "GET /public/helper/phpinfo.php HTTP/1.1" 404 564 "-" "Mozilla/5.0 (Macintosh; Intel Mac OS X 10_12_3) AppleWebKit/537.36 (KHTML, like Gecko) Chrome/56.0.2924.87 Safari/537.36"
94.72.101.21 - - [02/Nov/2024:20:21:15 +0000] "GET /public/lara/phpinfo.php HTTP/1.1" 404 564 "-" "Mozilla/5.0 (Macintosh; Intel Mac OS X 10_12_3) AppleWebKit/537.36 (KHTML, like Gecko) Chrome/56.0.2924.87 Safari/537.36"
94.72.101.21 - - [02/Nov/2024:20:21:15 +0000] "GET /public/laravel/phpinfo.php HTTP/1.1" 404 564 "-" "Mozilla/5.0 (Macintosh; Intel Mac OS X 10_12_3) AppleWebKit/537.36 (KHTML, like Gecko) Chrome/56.0.2924.87 Safari/537.36"
94.72.101.21 - - [02/Nov/2024:20:21:15 +0000] "GET /public/server/phpinfo.php HTTP/1.1" 404 564 "-" "Mozilla/5.0 (Macintosh; Intel Mac OS X 10_12_3) AppleWebKit/537.36 (KHTML, like Gecko) Chrome/56.0.2924.87 Safari/537.36"
94.72.101.21 - - [02/Nov/2024:20:21:16 +0000] "GET /public/service/phpinfo.php HTTP/1.1" 404 564 "-" "Mozilla/5.0 (Macintosh; Intel Mac OS X 10_12_3) AppleWebKit/537.36 (KHTML, like Gecko) Chrome/56.0.2924.87 Safari/537.36"
94.72.101.21 - - [02/Nov/2024:20:21:16 +0000] "GET /public/services/phpinfo.php HTTP/1.1" 404 564 "-" "Mozilla/5.0 (Macintosh; Intel Mac OS X 10_12_3) AppleWebKit/537.36 (KHTML, like Gecko) Chrome/56.0.2924.87 Safari/537.36"
94.72.101.21 - - [02/Nov/2024:20:21:16 +0000] "GET /public/xampp/phpinfo.php HTTP/1.1" 404 564 "-" "Mozilla/5.0 (Macintosh; Intel Mac OS X 10_12_3) AppleWebKit/537.36 (KHTML, like Gecko) Chrome/56.0.2924.87 Safari/537.36"
94.72.101.21 - - [02/Nov/2024:20:21:16 +0000] "GET /public/api/info.php HTTP/1.1" 404 564 "-" "Mozilla/5.0 (Macintosh; Intel Mac OS X 10_12_3) AppleWebKit/537.36 (KHTML, like Gecko) Chrome/56.0.2924.87 Safari/537.36"
94.72.101.21 - - [02/Nov/2024:20:21:17 +0000] "GET /public/backend/info.php HTTP/1.1" 404 564 "-" "Mozilla/5.0 (Macintosh; Intel Mac OS X 10_12_3) AppleWebKit/537.36 (KHTML, like Gecko) Chrome/56.0.2924.87 Safari/537.36"
94.72.101.21 - - [02/Nov/2024:20:21:17 +0000] "GET /public/backup/info.php HTTP/1.1" 404 564 "-" "Mozilla/5.0 (Macintosh; Intel Mac OS X 10_12_3) AppleWebKit/537.36 (KHTML, like Gecko) Chrome/56.0.2924.87 Safari/537.36"
94.72.101.21 - - [02/Nov/2024:20:21:17 +0000] "GET /public/crm/info.php HTTP/1.1" 404 564 "-" "Mozilla/5.0 (Macintosh; Intel Mac OS X 10_12_3) AppleWebKit/537.36 (KHTML, like Gecko) Chrome/56.0.2924.87 Safari/537.36"
94.72.101.21 - - [02/Nov/2024:20:21:17 +0000] "GET /public/current/info.php HTTP/1.1" 404 564 "-" "Mozilla/5.0 (Macintosh; Intel Mac OS X 10_12_3) AppleWebKit/537.36 (KHTML, like Gecko) Chrome/56.0.2924.87 Safari/537.36"
94.72.101.21 - - [02/Nov/2024:20:21:17 +0000] "GET /public/dev/info.php HTTP/1.1" 404 564 "-" "Mozilla/5.0 (Macintosh; Intel Mac OS X 10_12_3) AppleWebKit/537.36 (KHTML, like Gecko) Chrome/56.0.2924.87 Safari/537.36"
94.72.101.21 - - [02/Nov/2024:20:21:18 +0000] "GET /public/develop/info.php HTTP/1.1" 404 564 "-" "Mozilla/5.0 (Macintosh; Intel Mac OS X 10_12_3) AppleWebKit/537.36 (KHTML, like Gecko) Chrome/56.0.2924.87 Safari/537.36"
94.72.101.21 - - [02/Nov/2024:20:21:18 +0000] "GET /public/development/iinfo.php HTTP/1.1" 404 564 "-" "Mozilla/5.0 (Macintosh; Intel Mac OS X 10_12_3) AppleWebKit/537.36 (KHTML, like Gecko) Chrome/56.0.2924.87 Safari/537.36"
94.72.101.21 - - [02/Nov/2024:20:21:18 +0000] "GET /public/help/info.php HTTP/1.1" 404 564 "-" "Mozilla/5.0 (Macintosh; Intel Mac OS X 10_12_3) AppleWebKit/537.36 (KHTML, like Gecko) Chrome/56.0.2924.87 Safari/537.36"
94.72.101.21 - - [02/Nov/2024:20:21:18 +0000] "GET /public/helper/info.php HTTP/1.1" 404 564 "-" "Mozilla/5.0 (Macintosh; Intel Mac OS X 10_12_3) AppleWebKit/537.36 (KHTML, like Gecko) Chrome/56.0.2924.87 Safari/537.36"
94.72.101.21 - - [02/Nov/2024:20:21:19 +0000] "GET /public/lara/info.php HTTP/1.1" 404 564 "-" "Mozilla/5.0 (Macintosh; Intel Mac OS X 10_12_3) AppleWebKit/537.36 (KHTML, like Gecko) Chrome/56.0.2924.87 Safari/537.36"
94.72.101.21 - - [02/Nov/2024:20:21:19 +0000] "GET /public/laravel/info.php HTTP/1.1" 404 564 "-" "Mozilla/5.0 (Macintosh; Intel Mac OS X 10_12_3) AppleWebKit/537.36 (KHTML, like Gecko) Chrome/56.0.2924.87 Safari/537.36"
94.72.101.21 - - [02/Nov/2024:20:21:19 +0000] "GET /public/server/info.php HTTP/1.1" 404 564 "-" "Mozilla/5.0 (Macintosh; Intel Mac OS X 10_12_3) AppleWebKit/537.36 (KHTML, like Gecko) Chrome/56.0.2924.87 Safari/537.36"
94.72.101.21 - - [02/Nov/2024:20:21:20 +0000] "GET /public/service/info.php HTTP/1.1" 404 564 "-" "Mozilla/5.0 (Macintosh; Intel Mac OS X 10_12_3) AppleWebKit/537.36 (KHTML, like Gecko) Chrome/56.0.2924.87 Safari/537.36"
94.72.101.21 - - [02/Nov/2024:20:21:20 +0000] "GET /public/services/info.php HTTP/1.1" 404 564 "-" "Mozilla/5.0 (Macintosh; Intel Mac OS X 10_12_3) AppleWebKit/537.36 (KHTML, like Gecko) Chrome/56.0.2924.87 Safari/537.36"
94.72.101.21 - - [02/Nov/2024:20:21:20 +0000] "GET /public/php-info.php HTTP/1.1" 404 564 "-" "Mozilla/5.0 (Macintosh; Intel Mac OS X 10_12_3) AppleWebKit/537.36 (KHTML, like Gecko) Chrome/56.0.2924.87 Safari/537.36"
94.72.101.21 - - [02/Nov/2024:20:21:20 +0000] "GET /public/linusadmin-phpinfo.php HTTP/1.1" 404 564 "-" "Mozilla/5.0 (Macintosh; Intel Mac OS X 10_12_3) AppleWebKit/537.36 (KHTML, like Gecko) Chrome/56.0.2924.87 Safari/537.36"
94.72.101.21 - - [02/Nov/2024:20:21:20 +0000] "GET /public/infos.php HTTP/1.1" 404 564 "-" "Mozilla/5.0 (Macintosh; Intel Mac OS X 10_12_3) AppleWebKit/537.36 (KHTML, like Gecko) Chrome/56.0.2924.87 Safari/537.36"
94.72.101.21 - - [02/Nov/2024:20:21:20 +0000] "GET /public/old_phpinfo.php HTTP/1.1" 404 564 "-" "Mozilla/5.0 (Macintosh; Intel Mac OS X 10_12_3) AppleWebKit/537.36 (KHTML, like Gecko) Chrome/56.0.2924.87 Safari/537.36"
94.72.101.21 - - [02/Nov/2024:20:21:21 +0000] "GET /public/temp.php HTTP/1.1" 404 564 "-" "Mozilla/5.0 (Macintosh; Intel Mac OS X 10_12_3) AppleWebKit/537.36 (KHTML, like Gecko) Chrome/56.0.2924.87 Safari/537.36"
94.72.101.21 - - [02/Nov/2024:20:21:21 +0000] "GET /public/time.php HTTP/1.1" 404 564 "-" "Mozilla/5.0 (Macintosh; Intel Mac OS X 10_12_3) AppleWebKit/537.36 (KHTML, like Gecko) Chrome/56.0.2924.87 Safari/537.36"
94.72.101.21 - - [02/Nov/2024:20:21:21 +0000] "GET /public/phpversion.php HTTP/1.1" 404 564 "-" "Mozilla/5.0 (Macintosh; Intel Mac OS X 10_12_3) AppleWebKit/537.36 (KHTML, like Gecko) Chrome/56.0.2924.87 Safari/537.36"
94.72.101.21 - - [02/Nov/2024:20:21:22 +0000] "GET /public/pinfo.php HTTP/1.1" 404 564 "-" "Mozilla/5.0 (Macintosh; Intel Mac OS X 10_12_3) AppleWebKit/537.36 (KHTML, like Gecko) Chrome/56.0.2924.87 Safari/537.36"
94.72.101.21 - - [02/Nov/2024:20:21:22 +0000] "GET /public/i.php HTTP/1.1" 404 564 "-" "Mozilla/5.0 (Macintosh; Intel Mac OS X 10_12_3) AppleWebKit/537.36 (KHTML, like Gecko) Chrome/56.0.2924.87 Safari/537.36"
94.72.101.21 - - [02/Nov/2024:20:21:22 +0000] "GET /public/asdf.php HTTP/1.1" 404 564 "-" "Mozilla/5.0 (Macintosh; Intel Mac OS X 10_12_3) AppleWebKit/537.36 (KHTML, like Gecko) Chrome/56.0.2924.87 Safari/537.36"
94.72.101.21 - - [02/Nov/2024:20:21:22 +0000] "GET /public_html/xampp/info.php HTTP/1.1" 404 564 "-" "Mozilla/5.0 (Macintosh; Intel Mac OS X 10_12_3) AppleWebKit/537.36 (KHTML, like Gecko) Chrome/56.0.2924.87 Safari/537.36"
94.72.101.21 - - [02/Nov/2024:20:21:22 +0000] "GET /public_html/xampp/phpinfo HTTP/1.1" 404 564 "-" "Mozilla/5.0 (Macintosh; Intel Mac OS X 10_12_3) AppleWebKit/537.36 (KHTML, like Gecko) Chrome/56.0.2924.87 Safari/537.36"
94.72.101.21 - - [02/Nov/2024:20:21:22 +0000] "GET /public_html/_profiler/phpinfo HTTP/1.1" 404 564 "-" "Mozilla/5.0 (Macintosh; Intel Mac OS X 10_12_3) AppleWebKit/537.36 (KHTML, like Gecko) Chrome/56.0.2924.87 Safari/537.36"
94.72.101.21 - - [02/Nov/2024:20:21:23 +0000] "GET /public_html/phpinfo.php HTTP/1.1" 404 564 "-" "Mozilla/5.0 (Macintosh; Intel Mac OS X 10_12_3) AppleWebKit/537.36 (KHTML, like Gecko) Chrome/56.0.2924.87 Safari/537.36"
94.72.101.21 - - [02/Nov/2024:20:21:23 +0000] "GET /public_html/phpinfo HTTP/1.1" 404 564 "-" "Mozilla/5.0 (Macintosh; Intel Mac OS X 10_12_3) AppleWebKit/537.36 (KHTML, like Gecko) Chrome/56.0.2924.87 Safari/537.36"
94.72.101.21 - - [02/Nov/2024:20:21:23 +0000] "GET /public_html/info.php HTTP/1.1" 404 564 "-" "Mozilla/5.0 (Macintosh; Intel Mac OS X 10_12_3) AppleWebKit/537.36 (KHTML, like Gecko) Chrome/56.0.2924.87 Safari/537.36"
94.72.101.21 - - [02/Nov/2024:20:21:23 +0000] "GET /public_html/php.ini HTTP/1.1" 404 564 "-" "Mozilla/5.0 (Macintosh; Intel Mac OS X 10_12_3) AppleWebKit/537.36 (KHTML, like Gecko) Chrome/56.0.2924.87 Safari/537.36"
94.72.101.21 - - [02/Nov/2024:20:21:23 +0000] "GET /public_html/php.php HTTP/1.1" 404 564 "-" "Mozilla/5.0 (Macintosh; Intel Mac OS X 10_12_3) AppleWebKit/537.36 (KHTML, like Gecko) Chrome/56.0.2924.87 Safari/537.36"
94.72.101.21 - - [02/Nov/2024:20:21:24 +0000] "GET /public_html/infophp.php HTTP/1.1" 404 564 "-" "Mozilla/5.0 (Macintosh; Intel Mac OS X 10_12_3) AppleWebKit/537.36 (KHTML, like Gecko) Chrome/56.0.2924.87 Safari/537.36"
94.72.101.21 - - [02/Nov/2024:20:21:24 +0000] "GET /public_html/test.php HTTP/1.1" 404 564 "-" "Mozilla/5.0 (Macintosh; Intel Mac OS X 10_12_3) AppleWebKit/537.36 (KHTML, like Gecko) Chrome/56.0.2924.87 Safari/537.36"
94.72.101.21 - - [02/Nov/2024:20:21:24 +0000] "GET /public_html/dashboard/phpinfo.php HTTP/1.1" 404 564 "-" "Mozilla/5.0 (Macintosh; Intel Mac OS X 10_12_3) AppleWebKit/537.36 (KHTML, like Gecko) Chrome/56.0.2924.87 Safari/537.36"
94.72.101.21 - - [02/Nov/2024:20:21:24 +0000] "GET /public_html/api/phpinfo.php HTTP/1.1" 404 564 "-" "Mozilla/5.0 (Macintosh; Intel Mac OS X 10_12_3) AppleWebKit/537.36 (KHTML, like Gecko) Chrome/56.0.2924.87 Safari/537.36"
94.72.101.21 - - [02/Nov/2024:20:21:25 +0000] "GET /public_html/backend/phpinfo.php HTTP/1.1" 404 564 "-" "Mozilla/5.0 (Macintosh; Intel Mac OS X 10_12_3) AppleWebKit/537.36 (KHTML, like Gecko) Chrome/56.0.2924.87 Safari/537.36"
94.72.101.21 - - [02/Nov/2024:20:21:25 +0000] "GET /public_html/backup/phpinfo.php HTTP/1.1" 404 564 "-" "Mozilla/5.0 (Macintosh; Intel Mac OS X 10_12_3) AppleWebKit/537.36 (KHTML, like Gecko) Chrome/56.0.2924.87 Safari/537.36"
94.72.101.21 - - [02/Nov/2024:20:21:25 +0000] "GET /public_html/crm/phpinfo.php HTTP/1.1" 404 564 "-" "Mozilla/5.0 (Macintosh; Intel Mac OS X 10_12_3) AppleWebKit/537.36 (KHTML, like Gecko) Chrome/56.0.2924.87 Safari/537.36"
94.72.101.21 - - [02/Nov/2024:20:21:25 +0000] "GET /public_html/current/phpinfo.php HTTP/1.1" 404 564 "-" "Mozilla/5.0 (Macintosh; Intel Mac OS X 10_12_3) AppleWebKit/537.36 (KHTML, like Gecko) Chrome/56.0.2924.87 Safari/537.36"
94.72.101.21 - - [02/Nov/2024:20:21:25 +0000] "GET /public_html/dev/phpinfo.php HTTP/1.1" 404 564 "-" "Mozilla/5.0 (Macintosh; Intel Mac OS X 10_12_3) AppleWebKit/537.36 (KHTML, like Gecko) Chrome/56.0.2924.87 Safari/537.36"
94.72.101.21 - - [02/Nov/2024:20:21:26 +0000] "GET /public_html/develop/phpinfo.php HTTP/1.1" 404 564 "-" "Mozilla/5.0 (Macintosh; Intel Mac OS X 10_12_3) AppleWebKit/537.36 (KHTML, like Gecko) Chrome/56.0.2924.87 Safari/537.36"
94.72.101.21 - - [02/Nov/2024:20:21:26 +0000] "GET /public_html/development/phpinfo.php HTTP/1.1" 404 564 "-" "Mozilla/5.0 (Macintosh; Intel Mac OS X 10_12_3) AppleWebKit/537.36 (KHTML, like Gecko) Chrome/56.0.2924.87 Safari/537.36"
94.72.101.21 - - [02/Nov/2024:20:21:26 +0000] "GET /public_html/help/phpinfo.php HTTP/1.1" 404 564 "-" "Mozilla/5.0 (Macintosh; Intel Mac OS X 10_12_3) AppleWebKit/537.36 (KHTML, like Gecko) Chrome/56.0.2924.87 Safari/537.36"
94.72.101.21 - - [02/Nov/2024:20:21:28 +0000] "GET /public_html/helper/phpinfo.php HTTP/1.1" 404 564 "-" "Mozilla/5.0 (Macintosh; Intel Mac OS X 10_12_3) AppleWebKit/537.36 (KHTML, like Gecko) Chrome/56.0.2924.87 Safari/537.36"
94.72.101.21 - - [02/Nov/2024:20:21:29 +0000] "GET /public_html/lara/phpinfo.php HTTP/1.1" 404 564 "-" "Mozilla/5.0 (Macintosh; Intel Mac OS X 10_12_3) AppleWebKit/537.36 (KHTML, like Gecko) Chrome/56.0.2924.87 Safari/537.36"
94.72.101.21 - - [02/Nov/2024:20:21:29 +0000] "GET /public_html/laravel/phpinfo.php HTTP/1.1" 404 564 "-" "Mozilla/5.0 (Macintosh; Intel Mac OS X 10_12_3) AppleWebKit/537.36 (KHTML, like Gecko) Chrome/56.0.2924.87 Safari/537.36"
94.72.101.21 - - [02/Nov/2024:20:21:29 +0000] "GET /public_html/server/phpinfo.php HTTP/1.1" 404 564 "-" "Mozilla/5.0 (Macintosh; Intel Mac OS X 10_12_3) AppleWebKit/537.36 (KHTML, like Gecko) Chrome/56.0.2924.87 Safari/537.36"
94.72.101.21 - - [02/Nov/2024:20:21:30 +0000] "GET /public_html/service/phpinfo.php HTTP/1.1" 404 564 "-" "Mozilla/5.0 (Macintosh; Intel Mac OS X 10_12_3) AppleWebKit/537.36 (KHTML, like Gecko) Chrome/56.0.2924.87 Safari/537.36"
94.72.101.21 - - [02/Nov/2024:20:21:30 +0000] "GET /public_html/services/phpinfo.php HTTP/1.1" 404 564 "-" "Mozilla/5.0 (Macintosh; Intel Mac OS X 10_12_3) AppleWebKit/537.36 (KHTML, like Gecko) Chrome/56.0.2924.87 Safari/537.36"
94.72.101.21 - - [02/Nov/2024:20:21:30 +0000] "GET /public_html/xampp/phpinfo.php HTTP/1.1" 404 564 "-" "Mozilla/5.0 (Macintosh; Intel Mac OS X 10_12_3) AppleWebKit/537.36 (KHTML, like Gecko) Chrome/56.0.2924.87 Safari/537.36"
94.72.101.21 - - [02/Nov/2024:20:21:31 +0000] "GET /public_html/api/info.php HTTP/1.1" 404 564 "-" "Mozilla/5.0 (Macintosh; Intel Mac OS X 10_12_3) AppleWebKit/537.36 (KHTML, like Gecko) Chrome/56.0.2924.87 Safari/537.36"
94.72.101.21 - - [02/Nov/2024:20:21:31 +0000] "GET /public_html/backend/info.php HTTP/1.1" 404 564 "-" "Mozilla/5.0 (Macintosh; Intel Mac OS X 10_12_3) AppleWebKit/537.36 (KHTML, like Gecko) Chrome/56.0.2924.87 Safari/537.36"
94.72.101.21 - - [02/Nov/2024:20:21:31 +0000] "GET /public_html/backup/info.php HTTP/1.1" 404 564 "-" "Mozilla/5.0 (Macintosh; Intel Mac OS X 10_12_3) AppleWebKit/537.36 (KHTML, like Gecko) Chrome/56.0.2924.87 Safari/537.36"
94.72.101.21 - - [02/Nov/2024:20:21:31 +0000] "GET /public_html/crm/info.php HTTP/1.1" 404 564 "-" "Mozilla/5.0 (Macintosh; Intel Mac OS X 10_12_3) AppleWebKit/537.36 (KHTML, like Gecko) Chrome/56.0.2924.87 Safari/537.36"
94.72.101.21 - - [02/Nov/2024:20:21:31 +0000] "GET /public_html/current/info.php HTTP/1.1" 404 564 "-" "Mozilla/5.0 (Macintosh; Intel Mac OS X 10_12_3) AppleWebKit/537.36 (KHTML, like Gecko) Chrome/56.0.2924.87 Safari/537.36"
94.72.101.21 - - [02/Nov/2024:20:21:31 +0000] "GET /public_html/dev/info.php HTTP/1.1" 404 564 "-" "Mozilla/5.0 (Macintosh; Intel Mac OS X 10_12_3) AppleWebKit/537.36 (KHTML, like Gecko) Chrome/56.0.2924.87 Safari/537.36"
94.72.101.21 - - [02/Nov/2024:20:21:32 +0000] "GET /public_html/develop/info.php HTTP/1.1" 404 564 "-" "Mozilla/5.0 (Macintosh; Intel Mac OS X 10_12_3) AppleWebKit/537.36 (KHTML, like Gecko) Chrome/56.0.2924.87 Safari/537.36"
94.72.101.21 - - [02/Nov/2024:20:21:32 +0000] "GET /public_html/development/iinfo.php HTTP/1.1" 404 564 "-" "Mozilla/5.0 (Macintosh; Intel Mac OS X 10_12_3) AppleWebKit/537.36 (KHTML, like Gecko) Chrome/56.0.2924.87 Safari/537.36"
94.72.101.21 - - [02/Nov/2024:20:21:32 +0000] "GET /public_html/help/info.php HTTP/1.1" 404 564 "-" "Mozilla/5.0 (Macintosh; Intel Mac OS X 10_12_3) AppleWebKit/537.36 (KHTML, like Gecko) Chrome/56.0.2924.87 Safari/537.36"
94.72.101.21 - - [02/Nov/2024:20:21:32 +0000] "GET /public_html/helper/info.php HTTP/1.1" 404 564 "-" "Mozilla/5.0 (Macintosh; Intel Mac OS X 10_12_3) AppleWebKit/537.36 (KHTML, like Gecko) Chrome/56.0.2924.87 Safari/537.36"
94.72.101.21 - - [02/Nov/2024:20:21:33 +0000] "GET /public_html/lara/info.php HTTP/1.1" 404 564 "-" "Mozilla/5.0 (Macintosh; Intel Mac OS X 10_12_3) AppleWebKit/537.36 (KHTML, like Gecko) Chrome/56.0.2924.87 Safari/537.36"
94.72.101.21 - - [02/Nov/2024:20:21:33 +0000] "GET /public_html/laravel/info.php HTTP/1.1" 404 564 "-" "Mozilla/5.0 (Macintosh; Intel Mac OS X 10_12_3) AppleWebKit/537.36 (KHTML, like Gecko) Chrome/56.0.2924.87 Safari/537.36"
94.72.101.21 - - [02/Nov/2024:20:21:33 +0000] "GET /public_html/server/info.php HTTP/1.1" 404 564 "-" "Mozilla/5.0 (Macintosh; Intel Mac OS X 10_12_3) AppleWebKit/537.36 (KHTML, like Gecko) Chrome/56.0.2924.87 Safari/537.36"
94.72.101.21 - - [02/Nov/2024:20:21:33 +0000] "GET /public_html/service/info.php HTTP/1.1" 404 564 "-" "Mozilla/5.0 (Macintosh; Intel Mac OS X 10_12_3) AppleWebKit/537.36 (KHTML, like Gecko) Chrome/56.0.2924.87 Safari/537.36"
94.72.101.21 - - [02/Nov/2024:20:21:34 +0000] "GET /public_html/services/info.php HTTP/1.1" 404 564 "-" "Mozilla/5.0 (Macintosh; Intel Mac OS X 10_12_3) AppleWebKit/537.36 (KHTML, like Gecko) Chrome/56.0.2924.87 Safari/537.36"
94.72.101.21 - - [02/Nov/2024:20:21:34 +0000] "GET /public_html/php-info.php HTTP/1.1" 404 564 "-" "Mozilla/5.0 (Macintosh; Intel Mac OS X 10_12_3) AppleWebKit/537.36 (KHTML, like Gecko) Chrome/56.0.2924.87 Safari/537.36"
94.72.101.21 - - [02/Nov/2024:20:21:34 +0000] "GET /public_html/linusadmin-phpinfo.php HTTP/1.1" 404 564 "-" "Mozilla/5.0 (Macintosh; Intel Mac OS X 10_12_3) AppleWebKit/537.36 (KHTML, like Gecko) Chrome/56.0.2924.87 Safari/537.36"
94.72.101.21 - - [02/Nov/2024:20:21:34 +0000] "GET /public_html/infos.php HTTP/1.1" 404 564 "-" "Mozilla/5.0 (Macintosh; Intel Mac OS X 10_12_3) AppleWebKit/537.36 (KHTML, like Gecko) Chrome/56.0.2924.87 Safari/537.36"
94.72.101.21 - - [02/Nov/2024:20:21:34 +0000] "GET /public_html/old_phpinfo.php HTTP/1.1" 404 564 "-" "Mozilla/5.0 (Macintosh; Intel Mac OS X 10_12_3) AppleWebKit/537.36 (KHTML, like Gecko) Chrome/56.0.2924.87 Safari/537.36"
94.72.101.21 - - [02/Nov/2024:20:21:35 +0000] "GET /public_html/temp.php HTTP/1.1" 404 564 "-" "Mozilla/5.0 (Macintosh; Intel Mac OS X 10_12_3) AppleWebKit/537.36 (KHTML, like Gecko) Chrome/56.0.2924.87 Safari/537.36"
94.72.101.21 - - [02/Nov/2024:20:21:35 +0000] "GET /public_html/time.php HTTP/1.1" 404 564 "-" "Mozilla/5.0 (Macintosh; Intel Mac OS X 10_12_3) AppleWebKit/537.36 (KHTML, like Gecko) Chrome/56.0.2924.87 Safari/537.36"
94.72.101.21 - - [02/Nov/2024:20:21:35 +0000] "GET /public_html/phpversion.php HTTP/1.1" 404 564 "-" "Mozilla/5.0 (Macintosh; Intel Mac OS X 10_12_3) AppleWebKit/537.36 (KHTML, like Gecko) Chrome/56.0.2924.87 Safari/537.36"
94.72.101.21 - - [02/Nov/2024:20:21:35 +0000] "GET /public_html/pinfo.php HTTP/1.1" 404 564 "-" "Mozilla/5.0 (Macintosh; Intel Mac OS X 10_12_3) AppleWebKit/537.36 (KHTML, like Gecko) Chrome/56.0.2924.87 Safari/537.36"
94.72.101.21 - - [02/Nov/2024:20:21:36 +0000] "GET /public_html/i.php HTTP/1.1" 404 564 "-" "Mozilla/5.0 (Macintosh; Intel Mac OS X 10_12_3) AppleWebKit/537.36 (KHTML, like Gecko) Chrome/56.0.2924.87 Safari/537.36"
94.72.101.21 - - [02/Nov/2024:20:21:36 +0000] "GET /public_html/asdf.php HTTP/1.1" 404 564 "-" "Mozilla/5.0 (Macintosh; Intel Mac OS X 10_12_3) AppleWebKit/537.36 (KHTML, like Gecko) Chrome/56.0.2924.87 Safari/537.36"
94.72.101.21 - - [02/Nov/2024:20:21:36 +0000] "GET /prod/xampp/info.php HTTP/1.1" 404 564 "-" "Mozilla/5.0 (Macintosh; Intel Mac OS X 10_12_3) AppleWebKit/537.36 (KHTML, like Gecko) Chrome/56.0.2924.87 Safari/537.36"
94.72.101.21 - - [02/Nov/2024:20:21:37 +0000] "GET /prod/xampp/phpinfo HTTP/1.1" 404 564 "-" "Mozilla/5.0 (Macintosh; Intel Mac OS X 10_12_3) AppleWebKit/537.36 (KHTML, like Gecko) Chrome/56.0.2924.87 Safari/537.36"
94.72.101.21 - - [02/Nov/2024:20:21:37 +0000] "GET /prod/_profiler/phpinfo HTTP/1.1" 404 564 "-" "Mozilla/5.0 (Macintosh; Intel Mac OS X 10_12_3) AppleWebKit/537.36 (KHTML, like Gecko) Chrome/56.0.2924.87 Safari/537.36"
94.72.101.21 - - [02/Nov/2024:20:21:37 +0000] "GET /prod/phpinfo.php HTTP/1.1" 404 564 "-" "Mozilla/5.0 (Macintosh; Intel Mac OS X 10_12_3) AppleWebKit/537.36 (KHTML, like Gecko) Chrome/56.0.2924.87 Safari/537.36"
94.72.101.21 - - [02/Nov/2024:20:21:38 +0000] "GET /prod/phpinfo HTTP/1.1" 404 564 "-" "Mozilla/5.0 (Macintosh; Intel Mac OS X 10_12_3) AppleWebKit/537.36 (KHTML, like Gecko) Chrome/56.0.2924.87 Safari/537.36"
94.72.101.21 - - [02/Nov/2024:20:21:38 +0000] "GET /prod/info.php HTTP/1.1" 404 564 "-" "Mozilla/5.0 (Macintosh; Intel Mac OS X 10_12_3) AppleWebKit/537.36 (KHTML, like Gecko) Chrome/56.0.2924.87 Safari/537.36"
94.72.101.21 - - [02/Nov/2024:20:21:38 +0000] "GET /prod/php.ini HTTP/1.1" 404 564 "-" "Mozilla/5.0 (Macintosh; Intel Mac OS X 10_12_3) AppleWebKit/537.36 (KHTML, like Gecko) Chrome/56.0.2924.87 Safari/537.36"
94.72.101.21 - - [02/Nov/2024:20:21:39 +0000] "GET /prod/php.php HTTP/1.1" 404 564 "-" "Mozilla/5.0 (Macintosh; Intel Mac OS X 10_12_3) AppleWebKit/537.36 (KHTML, like Gecko) Chrome/56.0.2924.87 Safari/537.36"
94.72.101.21 - - [02/Nov/2024:20:21:39 +0000] "GET /prod/infophp.php HTTP/1.1" 404 564 "-" "Mozilla/5.0 (Macintosh; Intel Mac OS X 10_12_3) AppleWebKit/537.36 (KHTML, like Gecko) Chrome/56.0.2924.87 Safari/537.36"
94.72.101.21 - - [02/Nov/2024:20:21:40 +0000] "GET /prod/test.php HTTP/1.1" 404 564 "-" "Mozilla/5.0 (Macintosh; Intel Mac OS X 10_12_3) AppleWebKit/537.36 (KHTML, like Gecko) Chrome/56.0.2924.87 Safari/537.36"
94.72.101.21 - - [02/Nov/2024:20:21:40 +0000] "GET /prod/dashboard/phpinfo.php HTTP/1.1" 404 564 "-" "Mozilla/5.0 (Macintosh; Intel Mac OS X 10_12_3) AppleWebKit/537.36 (KHTML, like Gecko) Chrome/56.0.2924.87 Safari/537.36"
94.72.101.21 - - [02/Nov/2024:20:21:40 +0000] "GET /prod/api/phpinfo.php HTTP/1.1" 404 564 "-" "Mozilla/5.0 (Macintosh; Intel Mac OS X 10_12_3) AppleWebKit/537.36 (KHTML, like Gecko) Chrome/56.0.2924.87 Safari/537.36"
94.72.101.21 - - [02/Nov/2024:20:21:41 +0000] "GET /prod/backend/phpinfo.php HTTP/1.1" 404 564 "-" "Mozilla/5.0 (Macintosh; Intel Mac OS X 10_12_3) AppleWebKit/537.36 (KHTML, like Gecko) Chrome/56.0.2924.87 Safari/537.36"
94.72.101.21 - - [02/Nov/2024:20:21:41 +0000] "GET /prod/backup/phpinfo.php HTTP/1.1" 404 564 "-" "Mozilla/5.0 (Macintosh; Intel Mac OS X 10_12_3) AppleWebKit/537.36 (KHTML, like Gecko) Chrome/56.0.2924.87 Safari/537.36"
94.72.101.21 - - [02/Nov/2024:20:21:41 +0000] "GET /prod/crm/phpinfo.php HTTP/1.1" 404 564 "-" "Mozilla/5.0 (Macintosh; Intel Mac OS X 10_12_3) AppleWebKit/537.36 (KHTML, like Gecko) Chrome/56.0.2924.87 Safari/537.36"
94.72.101.21 - - [02/Nov/2024:20:21:42 +0000] "GET /prod/current/phpinfo.php HTTP/1.1" 404 564 "-" "Mozilla/5.0 (Macintosh; Intel Mac OS X 10_12_3) AppleWebKit/537.36 (KHTML, like Gecko) Chrome/56.0.2924.87 Safari/537.36"
94.72.101.21 - - [02/Nov/2024:20:21:42 +0000] "GET /prod/dev/phpinfo.php HTTP/1.1" 404 564 "-" "Mozilla/5.0 (Macintosh; Intel Mac OS X 10_12_3) AppleWebKit/537.36 (KHTML, like Gecko) Chrome/56.0.2924.87 Safari/537.36"
94.72.101.21 - - [02/Nov/2024:20:21:42 +0000] "GET /prod/develop/phpinfo.php HTTP/1.1" 404 564 "-" "Mozilla/5.0 (Macintosh; Intel Mac OS X 10_12_3) AppleWebKit/537.36 (KHTML, like Gecko) Chrome/56.0.2924.87 Safari/537.36"
94.72.101.21 - - [02/Nov/2024:20:21:43 +0000] "GET /prod/development/phpinfo.php HTTP/1.1" 404 564 "-" "Mozilla/5.0 (Macintosh; Intel Mac OS X 10_12_3) AppleWebKit/537.36 (KHTML, like Gecko) Chrome/56.0.2924.87 Safari/537.36"
94.72.101.21 - - [02/Nov/2024:20:21:43 +0000] "GET /prod/help/phpinfo.php HTTP/1.1" 404 564 "-" "Mozilla/5.0 (Macintosh; Intel Mac OS X 10_12_3) AppleWebKit/537.36 (KHTML, like Gecko) Chrome/56.0.2924.87 Safari/537.36"
94.72.101.21 - - [02/Nov/2024:20:21:43 +0000] "GET /prod/helper/phpinfo.php HTTP/1.1" 404 564 "-" "Mozilla/5.0 (Macintosh; Intel Mac OS X 10_12_3) AppleWebKit/537.36 (KHTML, like Gecko) Chrome/56.0.2924.87 Safari/537.36"
94.72.101.21 - - [02/Nov/2024:20:21:43 +0000] "GET /prod/lara/phpinfo.php HTTP/1.1" 404 564 "-" "Mozilla/5.0 (Macintosh; Intel Mac OS X 10_12_3) AppleWebKit/537.36 (KHTML, like Gecko) Chrome/56.0.2924.87 Safari/537.36"
94.72.101.21 - - [02/Nov/2024:20:21:43 +0000] "GET /prod/laravel/phpinfo.php HTTP/1.1" 404 564 "-" "Mozilla/5.0 (Macintosh; Intel Mac OS X 10_12_3) AppleWebKit/537.36 (KHTML, like Gecko) Chrome/56.0.2924.87 Safari/537.36"
94.72.101.21 - - [02/Nov/2024:20:21:44 +0000] "GET /prod/server/phpinfo.php HTTP/1.1" 404 564 "-" "Mozilla/5.0 (Macintosh; Intel Mac OS X 10_12_3) AppleWebKit/537.36 (KHTML, like Gecko) Chrome/56.0.2924.87 Safari/537.36"
94.72.101.21 - - [02/Nov/2024:20:21:44 +0000] "GET /prod/service/phpinfo.php HTTP/1.1" 404 564 "-" "Mozilla/5.0 (Macintosh; Intel Mac OS X 10_12_3) AppleWebKit/537.36 (KHTML, like Gecko) Chrome/56.0.2924.87 Safari/537.36"
94.72.101.21 - - [02/Nov/2024:20:21:44 +0000] "GET /prod/services/phpinfo.php HTTP/1.1" 404 564 "-" "Mozilla/5.0 (Macintosh; Intel Mac OS X 10_12_3) AppleWebKit/537.36 (KHTML, like Gecko) Chrome/56.0.2924.87 Safari/537.36"
94.72.101.21 - - [02/Nov/2024:20:21:44 +0000] "GET /prod/xampp/phpinfo.php HTTP/1.1" 404 564 "-" "Mozilla/5.0 (Macintosh; Intel Mac OS X 10_12_3) AppleWebKit/537.36 (KHTML, like Gecko) Chrome/56.0.2924.87 Safari/537.36"
94.72.101.21 - - [02/Nov/2024:20:21:45 +0000] "GET /prod/api/info.php HTTP/1.1" 404 564 "-" "Mozilla/5.0 (Macintosh; Intel Mac OS X 10_12_3) AppleWebKit/537.36 (KHTML, like Gecko) Chrome/56.0.2924.87 Safari/537.36"
94.72.101.21 - - [02/Nov/2024:20:21:45 +0000] "GET /prod/backend/info.php HTTP/1.1" 404 564 "-" "Mozilla/5.0 (Macintosh; Intel Mac OS X 10_12_3) AppleWebKit/537.36 (KHTML, like Gecko) Chrome/56.0.2924.87 Safari/537.36"
94.72.101.21 - - [02/Nov/2024:20:21:45 +0000] "GET /prod/backup/info.php HTTP/1.1" 404 564 "-" "Mozilla/5.0 (Macintosh; Intel Mac OS X 10_12_3) AppleWebKit/537.36 (KHTML, like Gecko) Chrome/56.0.2924.87 Safari/537.36"
94.72.101.21 - - [02/Nov/2024:20:21:46 +0000] "GET /prod/crm/info.php HTTP/1.1" 404 564 "-" "Mozilla/5.0 (Macintosh; Intel Mac OS X 10_12_3) AppleWebKit/537.36 (KHTML, like Gecko) Chrome/56.0.2924.87 Safari/537.36"
94.72.101.21 - - [02/Nov/2024:20:21:46 +0000] "GET /prod/current/info.php HTTP/1.1" 404 564 "-" "Mozilla/5.0 (Macintosh; Intel Mac OS X 10_12_3) AppleWebKit/537.36 (KHTML, like Gecko) Chrome/56.0.2924.87 Safari/537.36"
94.72.101.21 - - [02/Nov/2024:20:21:46 +0000] "GET /prod/dev/info.php HTTP/1.1" 404 564 "-" "Mozilla/5.0 (Macintosh; Intel Mac OS X 10_12_3) AppleWebKit/537.36 (KHTML, like Gecko) Chrome/56.0.2924.87 Safari/537.36"
94.72.101.21 - - [02/Nov/2024:20:21:47 +0000] "GET /prod/develop/info.php HTTP/1.1" 404 564 "-" "Mozilla/5.0 (Macintosh; Intel Mac OS X 10_12_3) AppleWebKit/537.36 (KHTML, like Gecko) Chrome/56.0.2924.87 Safari/537.36"
94.72.101.21 - - [02/Nov/2024:20:21:47 +0000] "GET /prod/development/iinfo.php HTTP/1.1" 404 564 "-" "Mozilla/5.0 (Macintosh; Intel Mac OS X 10_12_3) AppleWebKit/537.36 (KHTML, like Gecko) Chrome/56.0.2924.87 Safari/537.36"
94.72.101.21 - - [02/Nov/2024:20:21:47 +0000] "GET /prod/help/info.php HTTP/1.1" 404 564 "-" "Mozilla/5.0 (Macintosh; Intel Mac OS X 10_12_3) AppleWebKit/537.36 (KHTML, like Gecko) Chrome/56.0.2924.87 Safari/537.36"
94.72.101.21 - - [02/Nov/2024:20:21:47 +0000] "GET /prod/helper/info.php HTTP/1.1" 404 564 "-" "Mozilla/5.0 (Macintosh; Intel Mac OS X 10_12_3) AppleWebKit/537.36 (KHTML, like Gecko) Chrome/56.0.2924.87 Safari/537.36"
94.72.101.21 - - [02/Nov/2024:20:21:48 +0000] "GET /prod/lara/info.php HTTP/1.1" 404 564 "-" "Mozilla/5.0 (Macintosh; Intel Mac OS X 10_12_3) AppleWebKit/537.36 (KHTML, like Gecko) Chrome/56.0.2924.87 Safari/537.36"
94.72.101.21 - - [02/Nov/2024:20:21:48 +0000] "GET /prod/laravel/info.php HTTP/1.1" 404 564 "-" "Mozilla/5.0 (Macintosh; Intel Mac OS X 10_12_3) AppleWebKit/537.36 (KHTML, like Gecko) Chrome/56.0.2924.87 Safari/537.36"
94.72.101.21 - - [02/Nov/2024:20:21:48 +0000] "GET /prod/server/info.php HTTP/1.1" 404 564 "-" "Mozilla/5.0 (Macintosh; Intel Mac OS X 10_12_3) AppleWebKit/537.36 (KHTML, like Gecko) Chrome/56.0.2924.87 Safari/537.36"
94.72.101.21 - - [02/Nov/2024:20:21:49 +0000] "GET /prod/service/info.php HTTP/1.1" 404 564 "-" "Mozilla/5.0 (Macintosh; Intel Mac OS X 10_12_3) AppleWebKit/537.36 (KHTML, like Gecko) Chrome/56.0.2924.87 Safari/537.36"
94.72.101.21 - - [02/Nov/2024:20:21:49 +0000] "GET /prod/services/info.php HTTP/1.1" 404 564 "-" "Mozilla/5.0 (Macintosh; Intel Mac OS X 10_12_3) AppleWebKit/537.36 (KHTML, like Gecko) Chrome/56.0.2924.87 Safari/537.36"
94.72.101.21 - - [02/Nov/2024:20:21:49 +0000] "GET /prod/php-info.php HTTP/1.1" 404 564 "-" "Mozilla/5.0 (Macintosh; Intel Mac OS X 10_12_3) AppleWebKit/537.36 (KHTML, like Gecko) Chrome/56.0.2924.87 Safari/537.36"
94.72.101.21 - - [02/Nov/2024:20:21:49 +0000] "GET /prod/linusadmin-phpinfo.php HTTP/1.1" 404 564 "-" "Mozilla/5.0 (Macintosh; Intel Mac OS X 10_12_3) AppleWebKit/537.36 (KHTML, like Gecko) Chrome/56.0.2924.87 Safari/537.36"
94.72.101.21 - - [02/Nov/2024:20:21:49 +0000] "GET /prod/infos.php HTTP/1.1" 404 564 "-" "Mozilla/5.0 (Macintosh; Intel Mac OS X 10_12_3) AppleWebKit/537.36 (KHTML, like Gecko) Chrome/56.0.2924.87 Safari/537.36"
94.72.101.21 - - [02/Nov/2024:20:21:49 +0000] "GET /prod/old_phpinfo.php HTTP/1.1" 404 564 "-" "Mozilla/5.0 (Macintosh; Intel Mac OS X 10_12_3) AppleWebKit/537.36 (KHTML, like Gecko) Chrome/56.0.2924.87 Safari/537.36"
94.72.101.21 - - [02/Nov/2024:20:21:50 +0000] "GET /prod/temp.php HTTP/1.1" 404 564 "-" "Mozilla/5.0 (Macintosh; Intel Mac OS X 10_12_3) AppleWebKit/537.36 (KHTML, like Gecko) Chrome/56.0.2924.87 Safari/537.36"
94.72.101.21 - - [02/Nov/2024:20:21:50 +0000] "GET /prod/time.php HTTP/1.1" 404 564 "-" "Mozilla/5.0 (Macintosh; Intel Mac OS X 10_12_3) AppleWebKit/537.36 (KHTML, like Gecko) Chrome/56.0.2924.87 Safari/537.36"
94.72.101.21 - - [02/Nov/2024:20:21:50 +0000] "GET /prod/phpversion.php HTTP/1.1" 404 564 "-" "Mozilla/5.0 (Macintosh; Intel Mac OS X 10_12_3) AppleWebKit/537.36 (KHTML, like Gecko) Chrome/56.0.2924.87 Safari/537.36"
94.72.101.21 - - [02/Nov/2024:20:21:50 +0000] "GET /prod/pinfo.php HTTP/1.1" 404 564 "-" "Mozilla/5.0 (Macintosh; Intel Mac OS X 10_12_3) AppleWebKit/537.36 (KHTML, like Gecko) Chrome/56.0.2924.87 Safari/537.36"
94.72.101.21 - - [02/Nov/2024:20:21:51 +0000] "GET /prod/i.php HTTP/1.1" 404 564 "-" "Mozilla/5.0 (Macintosh; Intel Mac OS X 10_12_3) AppleWebKit/537.36 (KHTML, like Gecko) Chrome/56.0.2924.87 Safari/537.36"
94.72.101.21 - - [02/Nov/2024:20:21:51 +0000] "GET /prod/asdf.php HTTP/1.1" 404 564 "-" "Mozilla/5.0 (Macintosh; Intel Mac OS X 10_12_3) AppleWebKit/537.36 (KHTML, like Gecko) Chrome/56.0.2924.87 Safari/537.36"
94.72.101.21 - - [02/Nov/2024:20:21:51 +0000] "GET /product/xampp/info.php HTTP/1.1" 404 564 "-" "Mozilla/5.0 (Macintosh; Intel Mac OS X 10_12_3) AppleWebKit/537.36 (KHTML, like Gecko) Chrome/56.0.2924.87 Safari/537.36"
94.72.101.21 - - [02/Nov/2024:20:21:51 +0000] "GET /product/xampp/phpinfo HTTP/1.1" 404 564 "-" "Mozilla/5.0 (Macintosh; Intel Mac OS X 10_12_3) AppleWebKit/537.36 (KHTML, like Gecko) Chrome/56.0.2924.87 Safari/537.36"
94.72.101.21 - - [02/Nov/2024:20:21:51 +0000] "GET /product/_profiler/phpinfo HTTP/1.1" 404 564 "-" "Mozilla/5.0 (Macintosh; Intel Mac OS X 10_12_3) AppleWebKit/537.36 (KHTML, like Gecko) Chrome/56.0.2924.87 Safari/537.36"
94.72.101.21 - - [02/Nov/2024:20:21:52 +0000] "GET /product/phpinfo.php HTTP/1.1" 404 564 "-" "Mozilla/5.0 (Macintosh; Intel Mac OS X 10_12_3) AppleWebKit/537.36 (KHTML, like Gecko) Chrome/56.0.2924.87 Safari/537.36"
94.72.101.21 - - [02/Nov/2024:20:21:52 +0000] "GET /product/phpinfo HTTP/1.1" 404 564 "-" "Mozilla/5.0 (Macintosh; Intel Mac OS X 10_12_3) AppleWebKit/537.36 (KHTML, like Gecko) Chrome/56.0.2924.87 Safari/537.36"
94.72.101.21 - - [02/Nov/2024:20:21:52 +0000] "GET /product/info.php HTTP/1.1" 404 564 "-" "Mozilla/5.0 (Macintosh; Intel Mac OS X 10_12_3) AppleWebKit/537.36 (KHTML, like Gecko) Chrome/56.0.2924.87 Safari/537.36"
94.72.101.21 - - [02/Nov/2024:20:21:52 +0000] "GET /product/php.ini HTTP/1.1" 404 564 "-" "Mozilla/5.0 (Macintosh; Intel Mac OS X 10_12_3) AppleWebKit/537.36 (KHTML, like Gecko) Chrome/56.0.2924.87 Safari/537.36"
94.72.101.21 - - [02/Nov/2024:20:21:52 +0000] "GET /product/php.php HTTP/1.1" 404 564 "-" "Mozilla/5.0 (Macintosh; Intel Mac OS X 10_12_3) AppleWebKit/537.36 (KHTML, like Gecko) Chrome/56.0.2924.87 Safari/537.36"
94.72.101.21 - - [02/Nov/2024:20:21:53 +0000] "GET /product/infophp.php HTTP/1.1" 404 564 "-" "Mozilla/5.0 (Macintosh; Intel Mac OS X 10_12_3) AppleWebKit/537.36 (KHTML, like Gecko) Chrome/56.0.2924.87 Safari/537.36"
94.72.101.21 - - [02/Nov/2024:20:21:53 +0000] "GET /product/test.php HTTP/1.1" 404 564 "-" "Mozilla/5.0 (Macintosh; Intel Mac OS X 10_12_3) AppleWebKit/537.36 (KHTML, like Gecko) Chrome/56.0.2924.87 Safari/537.36"
94.72.101.21 - - [02/Nov/2024:20:21:53 +0000] "GET /product/dashboard/phpinfo.php HTTP/1.1" 404 564 "-" "Mozilla/5.0 (Macintosh; Intel Mac OS X 10_12_3) AppleWebKit/537.36 (KHTML, like Gecko) Chrome/56.0.2924.87 Safari/537.36"
94.72.101.21 - - [02/Nov/2024:20:21:53 +0000] "GET /product/api/phpinfo.php HTTP/1.1" 404 564 "-" "Mozilla/5.0 (Macintosh; Intel Mac OS X 10_12_3) AppleWebKit/537.36 (KHTML, like Gecko) Chrome/56.0.2924.87 Safari/537.36"
94.72.101.21 - - [02/Nov/2024:20:21:53 +0000] "GET /product/backend/phpinfo.php HTTP/1.1" 404 564 "-" "Mozilla/5.0 (Macintosh; Intel Mac OS X 10_12_3) AppleWebKit/537.36 (KHTML, like Gecko) Chrome/56.0.2924.87 Safari/537.36"
94.72.101.21 - - [02/Nov/2024:20:21:53 +0000] "GET /product/backup/phpinfo.php HTTP/1.1" 404 564 "-" "Mozilla/5.0 (Macintosh; Intel Mac OS X 10_12_3) AppleWebKit/537.36 (KHTML, like Gecko) Chrome/56.0.2924.87 Safari/537.36"
94.72.101.21 - - [02/Nov/2024:20:21:54 +0000] "GET /product/crm/phpinfo.php HTTP/1.1" 404 564 "-" "Mozilla/5.0 (Macintosh; Intel Mac OS X 10_12_3) AppleWebKit/537.36 (KHTML, like Gecko) Chrome/56.0.2924.87 Safari/537.36"
94.72.101.21 - - [02/Nov/2024:20:21:54 +0000] "GET /product/current/phpinfo.php HTTP/1.1" 404 564 "-" "Mozilla/5.0 (Macintosh; Intel Mac OS X 10_12_3) AppleWebKit/537.36 (KHTML, like Gecko) Chrome/56.0.2924.87 Safari/537.36"
94.72.101.21 - - [02/Nov/2024:20:21:54 +0000] "GET /product/dev/phpinfo.php HTTP/1.1" 404 564 "-" "Mozilla/5.0 (Macintosh; Intel Mac OS X 10_12_3) AppleWebKit/537.36 (KHTML, like Gecko) Chrome/56.0.2924.87 Safari/537.36"
94.72.101.21 - - [02/Nov/2024:20:21:54 +0000] "GET /product/develop/phpinfo.php HTTP/1.1" 404 564 "-" "Mozilla/5.0 (Macintosh; Intel Mac OS X 10_12_3) AppleWebKit/537.36 (KHTML, like Gecko) Chrome/56.0.2924.87 Safari/537.36"
94.72.101.21 - - [02/Nov/2024:20:21:55 +0000] "GET /product/development/phpinfo.php HTTP/1.1" 404 564 "-" "Mozilla/5.0 (Macintosh; Intel Mac OS X 10_12_3) AppleWebKit/537.36 (KHTML, like Gecko) Chrome/56.0.2924.87 Safari/537.36"
94.72.101.21 - - [02/Nov/2024:20:21:56 +0000] "GET /product/help/phpinfo.php HTTP/1.1" 404 564 "-" "Mozilla/5.0 (Macintosh; Intel Mac OS X 10_12_3) AppleWebKit/537.36 (KHTML, like Gecko) Chrome/56.0.2924.87 Safari/537.36"
94.72.101.21 - - [02/Nov/2024:20:21:57 +0000] "GET /product/helper/phpinfo.php HTTP/1.1" 404 564 "-" "Mozilla/5.0 (Macintosh; Intel Mac OS X 10_12_3) AppleWebKit/537.36 (KHTML, like Gecko) Chrome/56.0.2924.87 Safari/537.36"
94.72.101.21 - - [02/Nov/2024:20:21:57 +0000] "GET /product/lara/phpinfo.php HTTP/1.1" 404 564 "-" "Mozilla/5.0 (Macintosh; Intel Mac OS X 10_12_3) AppleWebKit/537.36 (KHTML, like Gecko) Chrome/56.0.2924.87 Safari/537.36"
94.72.101.21 - - [02/Nov/2024:20:21:57 +0000] "GET /product/laravel/phpinfo.php HTTP/1.1" 404 564 "-" "Mozilla/5.0 (Macintosh; Intel Mac OS X 10_12_3) AppleWebKit/537.36 (KHTML, like Gecko) Chrome/56.0.2924.87 Safari/537.36"
94.72.101.21 - - [02/Nov/2024:20:21:58 +0000] "GET /product/server/phpinfo.php HTTP/1.1" 404 564 "-" "Mozilla/5.0 (Macintosh; Intel Mac OS X 10_12_3) AppleWebKit/537.36 (KHTML, like Gecko) Chrome/56.0.2924.87 Safari/537.36"
94.72.101.21 - - [02/Nov/2024:20:21:58 +0000] "GET /product/service/phpinfo.php HTTP/1.1" 404 564 "-" "Mozilla/5.0 (Macintosh; Intel Mac OS X 10_12_3) AppleWebKit/537.36 (KHTML, like Gecko) Chrome/56.0.2924.87 Safari/537.36"
94.72.101.21 - - [02/Nov/2024:20:21:58 +0000] "GET /product/services/phpinfo.php HTTP/1.1" 404 564 "-" "Mozilla/5.0 (Macintosh; Intel Mac OS X 10_12_3) AppleWebKit/537.36 (KHTML, like Gecko) Chrome/56.0.2924.87 Safari/537.36"
94.72.101.21 - - [02/Nov/2024:20:21:58 +0000] "GET /product/xampp/phpinfo.php HTTP/1.1" 404 564 "-" "Mozilla/5.0 (Macintosh; Intel Mac OS X 10_12_3) AppleWebKit/537.36 (KHTML, like Gecko) Chrome/56.0.2924.87 Safari/537.36"
94.72.101.21 - - [02/Nov/2024:20:21:59 +0000] "GET /product/api/info.php HTTP/1.1" 404 564 "-" "Mozilla/5.0 (Macintosh; Intel Mac OS X 10_12_3) AppleWebKit/537.36 (KHTML, like Gecko) Chrome/56.0.2924.87 Safari/537.36"
94.72.101.21 - - [02/Nov/2024:20:21:59 +0000] "GET /product/backend/info.php HTTP/1.1" 404 564 "-" "Mozilla/5.0 (Macintosh; Intel Mac OS X 10_12_3) AppleWebKit/537.36 (KHTML, like Gecko) Chrome/56.0.2924.87 Safari/537.36"
94.72.101.21 - - [02/Nov/2024:20:21:59 +0000] "GET /product/backup/info.php HTTP/1.1" 404 564 "-" "Mozilla/5.0 (Macintosh; Intel Mac OS X 10_12_3) AppleWebKit/537.36 (KHTML, like Gecko) Chrome/56.0.2924.87 Safari/537.36"
94.72.101.21 - - [02/Nov/2024:20:21:59 +0000] "GET /product/crm/info.php HTTP/1.1" 404 564 "-" "Mozilla/5.0 (Macintosh; Intel Mac OS X 10_12_3) AppleWebKit/537.36 (KHTML, like Gecko) Chrome/56.0.2924.87 Safari/537.36"
94.72.101.21 - - [02/Nov/2024:20:22:00 +0000] "GET /product/current/info.php HTTP/1.1" 404 564 "-" "Mozilla/5.0 (Macintosh; Intel Mac OS X 10_12_3) AppleWebKit/537.36 (KHTML, like Gecko) Chrome/56.0.2924.87 Safari/537.36"
94.72.101.21 - - [02/Nov/2024:20:22:00 +0000] "GET /product/dev/info.php HTTP/1.1" 404 564 "-" "Mozilla/5.0 (Macintosh; Intel Mac OS X 10_12_3) AppleWebKit/537.36 (KHTML, like Gecko) Chrome/56.0.2924.87 Safari/537.36"
94.72.101.21 - - [02/Nov/2024:20:22:00 +0000] "GET /product/develop/info.php HTTP/1.1" 404 564 "-" "Mozilla/5.0 (Macintosh; Intel Mac OS X 10_12_3) AppleWebKit/537.36 (KHTML, like Gecko) Chrome/56.0.2924.87 Safari/537.36"
94.72.101.21 - - [02/Nov/2024:20:22:00 +0000] "GET /product/development/iinfo.php HTTP/1.1" 404 564 "-" "Mozilla/5.0 (Macintosh; Intel Mac OS X 10_12_3) AppleWebKit/537.36 (KHTML, like Gecko) Chrome/56.0.2924.87 Safari/537.36"
94.72.101.21 - - [02/Nov/2024:20:22:00 +0000] "GET /product/help/info.php HTTP/1.1" 404 564 "-" "Mozilla/5.0 (Macintosh; Intel Mac OS X 10_12_3) AppleWebKit/537.36 (KHTML, like Gecko) Chrome/56.0.2924.87 Safari/537.36"
94.72.101.21 - - [02/Nov/2024:20:22:01 +0000] "GET /product/helper/info.php HTTP/1.1" 404 564 "-" "Mozilla/5.0 (Macintosh; Intel Mac OS X 10_12_3) AppleWebKit/537.36 (KHTML, like Gecko) Chrome/56.0.2924.87 Safari/537.36"
94.72.101.21 - - [02/Nov/2024:20:22:01 +0000] "GET /product/lara/info.php HTTP/1.1" 404 564 "-" "Mozilla/5.0 (Macintosh; Intel Mac OS X 10_12_3) AppleWebKit/537.36 (KHTML, like Gecko) Chrome/56.0.2924.87 Safari/537.36"
94.72.101.21 - - [02/Nov/2024:20:22:01 +0000] "GET /product/laravel/info.php HTTP/1.1" 404 564 "-" "Mozilla/5.0 (Macintosh; Intel Mac OS X 10_12_3) AppleWebKit/537.36 (KHTML, like Gecko) Chrome/56.0.2924.87 Safari/537.36"
94.72.101.21 - - [02/Nov/2024:20:22:02 +0000] "GET /product/server/info.php HTTP/1.1" 404 564 "-" "Mozilla/5.0 (Macintosh; Intel Mac OS X 10_12_3) AppleWebKit/537.36 (KHTML, like Gecko) Chrome/56.0.2924.87 Safari/537.36"
94.72.101.21 - - [02/Nov/2024:20:22:02 +0000] "GET /product/service/info.php HTTP/1.1" 404 564 "-" "Mozilla/5.0 (Macintosh; Intel Mac OS X 10_12_3) AppleWebKit/537.36 (KHTML, like Gecko) Chrome/56.0.2924.87 Safari/537.36"
94.72.101.21 - - [02/Nov/2024:20:22:02 +0000] "GET /product/services/info.php HTTP/1.1" 404 564 "-" "Mozilla/5.0 (Macintosh; Intel Mac OS X 10_12_3) AppleWebKit/537.36 (KHTML, like Gecko) Chrome/56.0.2924.87 Safari/537.36"
94.72.101.21 - - [02/Nov/2024:20:22:02 +0000] "GET /product/php-info.php HTTP/1.1" 404 564 "-" "Mozilla/5.0 (Macintosh; Intel Mac OS X 10_12_3) AppleWebKit/537.36 (KHTML, like Gecko) Chrome/56.0.2924.87 Safari/537.36"
94.72.101.21 - - [02/Nov/2024:20:22:05 +0000] "GET /product/linusadmin-phpinfo.php HTTP/1.1" 404 564 "-" "Mozilla/5.0 (Macintosh; Intel Mac OS X 10_12_3) AppleWebKit/537.36 (KHTML, like Gecko) Chrome/56.0.2924.87 Safari/537.36"
94.72.101.21 - - [02/Nov/2024:20:22:06 +0000] "GET /product/infos.php HTTP/1.1" 404 564 "-" "Mozilla/5.0 (Macintosh; Intel Mac OS X 10_12_3) AppleWebKit/537.36 (KHTML, like Gecko) Chrome/56.0.2924.87 Safari/537.36"
94.72.101.21 - - [02/Nov/2024:20:22:06 +0000] "GET /product/old_phpinfo.php HTTP/1.1" 404 564 "-" "Mozilla/5.0 (Macintosh; Intel Mac OS X 10_12_3) AppleWebKit/537.36 (KHTML, like Gecko) Chrome/56.0.2924.87 Safari/537.36"
94.72.101.21 - - [02/Nov/2024:20:22:06 +0000] "GET /product/temp.php HTTP/1.1" 404 564 "-" "Mozilla/5.0 (Macintosh; Intel Mac OS X 10_12_3) AppleWebKit/537.36 (KHTML, like Gecko) Chrome/56.0.2924.87 Safari/537.36"
94.72.101.21 - - [02/Nov/2024:20:22:07 +0000] "GET /product/time.php HTTP/1.1" 404 564 "-" "Mozilla/5.0 (Macintosh; Intel Mac OS X 10_12_3) AppleWebKit/537.36 (KHTML, like Gecko) Chrome/56.0.2924.87 Safari/537.36"
94.72.101.21 - - [02/Nov/2024:20:22:07 +0000] "GET /product/phpversion.php HTTP/1.1" 404 564 "-" "Mozilla/5.0 (Macintosh; Intel Mac OS X 10_12_3) AppleWebKit/537.36 (KHTML, like Gecko) Chrome/56.0.2924.87 Safari/537.36"
94.72.101.21 - - [02/Nov/2024:20:22:07 +0000] "GET /product/pinfo.php HTTP/1.1" 404 564 "-" "Mozilla/5.0 (Macintosh; Intel Mac OS X 10_12_3) AppleWebKit/537.36 (KHTML, like Gecko) Chrome/56.0.2924.87 Safari/537.36"
94.72.101.21 - - [02/Nov/2024:20:22:07 +0000] "GET /product/i.php HTTP/1.1" 404 564 "-" "Mozilla/5.0 (Macintosh; Intel Mac OS X 10_12_3) AppleWebKit/537.36 (KHTML, like Gecko) Chrome/56.0.2924.87 Safari/537.36"
94.72.101.21 - - [02/Nov/2024:20:22:08 +0000] "GET /product/asdf.php HTTP/1.1" 404 564 "-" "Mozilla/5.0 (Macintosh; Intel Mac OS X 10_12_3) AppleWebKit/537.36 (KHTML, like Gecko) Chrome/56.0.2924.87 Safari/537.36"
94.72.101.21 - - [02/Nov/2024:20:22:08 +0000] "GET /production/xampp/info.php HTTP/1.1" 404 564 "-" "Mozilla/5.0 (Macintosh; Intel Mac OS X 10_12_3) AppleWebKit/537.36 (KHTML, like Gecko) Chrome/56.0.2924.87 Safari/537.36"
94.72.101.21 - - [02/Nov/2024:20:22:08 +0000] "GET /production/xampp/phpinfo HTTP/1.1" 404 564 "-" "Mozilla/5.0 (Macintosh; Intel Mac OS X 10_12_3) AppleWebKit/537.36 (KHTML, like Gecko) Chrome/56.0.2924.87 Safari/537.36"
94.72.101.21 - - [02/Nov/2024:20:22:08 +0000] "GET /production/_profiler/phpinfo HTTP/1.1" 404 564 "-" "Mozilla/5.0 (Macintosh; Intel Mac OS X 10_12_3) AppleWebKit/537.36 (KHTML, like Gecko) Chrome/56.0.2924.87 Safari/537.36"
94.72.101.21 - - [02/Nov/2024:20:22:08 +0000] "GET /production/phpinfo.php HTTP/1.1" 404 564 "-" "Mozilla/5.0 (Macintosh; Intel Mac OS X 10_12_3) AppleWebKit/537.36 (KHTML, like Gecko) Chrome/56.0.2924.87 Safari/537.36"
94.72.101.21 - - [02/Nov/2024:20:22:08 +0000] "GET /production/phpinfo HTTP/1.1" 404 564 "-" "Mozilla/5.0 (Macintosh; Intel Mac OS X 10_12_3) AppleWebKit/537.36 (KHTML, like Gecko) Chrome/56.0.2924.87 Safari/537.36"
94.72.101.21 - - [02/Nov/2024:20:22:09 +0000] "GET /production/info.php HTTP/1.1" 404 564 "-" "Mozilla/5.0 (Macintosh; Intel Mac OS X 10_12_3) AppleWebKit/537.36 (KHTML, like Gecko) Chrome/56.0.2924.87 Safari/537.36"
94.72.101.21 - - [02/Nov/2024:20:22:09 +0000] "GET /production/php.ini HTTP/1.1" 404 564 "-" "Mozilla/5.0 (Macintosh; Intel Mac OS X 10_12_3) AppleWebKit/537.36 (KHTML, like Gecko) Chrome/56.0.2924.87 Safari/537.36"
94.72.101.21 - - [02/Nov/2024:20:22:09 +0000] "GET /production/php.php HTTP/1.1" 404 564 "-" "Mozilla/5.0 (Macintosh; Intel Mac OS X 10_12_3) AppleWebKit/537.36 (KHTML, like Gecko) Chrome/56.0.2924.87 Safari/537.36"
94.72.101.21 - - [02/Nov/2024:20:22:09 +0000] "GET /production/infophp.php HTTP/1.1" 404 564 "-" "Mozilla/5.0 (Macintosh; Intel Mac OS X 10_12_3) AppleWebKit/537.36 (KHTML, like Gecko) Chrome/56.0.2924.87 Safari/537.36"
94.72.101.21 - - [02/Nov/2024:20:22:09 +0000] "GET /production/test.php HTTP/1.1" 404 564 "-" "Mozilla/5.0 (Macintosh; Intel Mac OS X 10_12_3) AppleWebKit/537.36 (KHTML, like Gecko) Chrome/56.0.2924.87 Safari/537.36"
94.72.101.21 - - [02/Nov/2024:20:22:10 +0000] "GET /production/dashboard/phpinfo.php HTTP/1.1" 404 564 "-" "Mozilla/5.0 (Macintosh; Intel Mac OS X 10_12_3) AppleWebKit/537.36 (KHTML, like Gecko) Chrome/56.0.2924.87 Safari/537.36"
94.72.101.21 - - [02/Nov/2024:20:22:10 +0000] "GET /production/api/phpinfo.php HTTP/1.1" 404 564 "-" "Mozilla/5.0 (Macintosh; Intel Mac OS X 10_12_3) AppleWebKit/537.36 (KHTML, like Gecko) Chrome/56.0.2924.87 Safari/537.36"
94.72.101.21 - - [02/Nov/2024:20:22:10 +0000] "GET /production/backend/phpinfo.php HTTP/1.1" 404 564 "-" "Mozilla/5.0 (Macintosh; Intel Mac OS X 10_12_3) AppleWebKit/537.36 (KHTML, like Gecko) Chrome/56.0.2924.87 Safari/537.36"
94.72.101.21 - - [02/Nov/2024:20:22:11 +0000] "GET /production/backup/phpinfo.php HTTP/1.1" 404 564 "-" "Mozilla/5.0 (Macintosh; Intel Mac OS X 10_12_3) AppleWebKit/537.36 (KHTML, like Gecko) Chrome/56.0.2924.87 Safari/537.36"
94.72.101.21 - - [02/Nov/2024:20:22:11 +0000] "GET /production/crm/phpinfo.php HTTP/1.1" 404 564 "-" "Mozilla/5.0 (Macintosh; Intel Mac OS X 10_12_3) AppleWebKit/537.36 (KHTML, like Gecko) Chrome/56.0.2924.87 Safari/537.36"
94.72.101.21 - - [02/Nov/2024:20:22:11 +0000] "GET /production/current/phpinfo.php HTTP/1.1" 404 564 "-" "Mozilla/5.0 (Macintosh; Intel Mac OS X 10_12_3) AppleWebKit/537.36 (KHTML, like Gecko) Chrome/56.0.2924.87 Safari/537.36"
94.72.101.21 - - [02/Nov/2024:20:22:11 +0000] "GET /production/dev/phpinfo.php HTTP/1.1" 404 564 "-" "Mozilla/5.0 (Macintosh; Intel Mac OS X 10_12_3) AppleWebKit/537.36 (KHTML, like Gecko) Chrome/56.0.2924.87 Safari/537.36"
94.72.101.21 - - [02/Nov/2024:20:22:12 +0000] "GET /production/develop/phpinfo.php HTTP/1.1" 404 564 "-" "Mozilla/5.0 (Macintosh; Intel Mac OS X 10_12_3) AppleWebKit/537.36 (KHTML, like Gecko) Chrome/56.0.2924.87 Safari/537.36"
94.72.101.21 - - [02/Nov/2024:20:22:12 +0000] "GET /production/development/phpinfo.php HTTP/1.1" 404 564 "-" "Mozilla/5.0 (Macintosh; Intel Mac OS X 10_12_3) AppleWebKit/537.36 (KHTML, like Gecko) Chrome/56.0.2924.87 Safari/537.36"
94.72.101.21 - - [02/Nov/2024:20:22:12 +0000] "GET /production/help/phpinfo.php HTTP/1.1" 404 564 "-" "Mozilla/5.0 (Macintosh; Intel Mac OS X 10_12_3) AppleWebKit/537.36 (KHTML, like Gecko) Chrome/56.0.2924.87 Safari/537.36"
94.72.101.21 - - [02/Nov/2024:20:22:13 +0000] "GET /production/helper/phpinfo.php HTTP/1.1" 404 564 "-" "Mozilla/5.0 (Macintosh; Intel Mac OS X 10_12_3) AppleWebKit/537.36 (KHTML, like Gecko) Chrome/56.0.2924.87 Safari/537.36"
94.72.101.21 - - [02/Nov/2024:20:22:13 +0000] "GET /production/lara/phpinfo.php HTTP/1.1" 404 564 "-" "Mozilla/5.0 (Macintosh; Intel Mac OS X 10_12_3) AppleWebKit/537.36 (KHTML, like Gecko) Chrome/56.0.2924.87 Safari/537.36"
94.72.101.21 - - [02/Nov/2024:20:22:13 +0000] "GET /production/laravel/phpinfo.php HTTP/1.1" 404 564 "-" "Mozilla/5.0 (Macintosh; Intel Mac OS X 10_12_3) AppleWebKit/537.36 (KHTML, like Gecko) Chrome/56.0.2924.87 Safari/537.36"
94.72.101.21 - - [02/Nov/2024:20:22:14 +0000] "GET /production/server/phpinfo.php HTTP/1.1" 404 564 "-" "Mozilla/5.0 (Macintosh; Intel Mac OS X 10_12_3) AppleWebKit/537.36 (KHTML, like Gecko) Chrome/56.0.2924.87 Safari/537.36"
94.72.101.21 - - [02/Nov/2024:20:22:14 +0000] "GET /production/service/phpinfo.php HTTP/1.1" 404 564 "-" "Mozilla/5.0 (Macintosh; Intel Mac OS X 10_12_3) AppleWebKit/537.36 (KHTML, like Gecko) Chrome/56.0.2924.87 Safari/537.36"
94.72.101.21 - - [02/Nov/2024:20:22:14 +0000] "GET /production/services/phpinfo.php HTTP/1.1" 404 564 "-" "Mozilla/5.0 (Macintosh; Intel Mac OS X 10_12_3) AppleWebKit/537.36 (KHTML, like Gecko) Chrome/56.0.2924.87 Safari/537.36"
94.72.101.21 - - [02/Nov/2024:20:22:14 +0000] "GET /production/xampp/phpinfo.php HTTP/1.1" 404 564 "-" "Mozilla/5.0 (Macintosh; Intel Mac OS X 10_12_3) AppleWebKit/537.36 (KHTML, like Gecko) Chrome/56.0.2924.87 Safari/537.36"
94.72.101.21 - - [02/Nov/2024:20:22:15 +0000] "GET /production/api/info.php HTTP/1.1" 404 564 "-" "Mozilla/5.0 (Macintosh; Intel Mac OS X 10_12_3) AppleWebKit/537.36 (KHTML, like Gecko) Chrome/56.0.2924.87 Safari/537.36"
94.72.101.21 - - [02/Nov/2024:20:22:15 +0000] "GET /production/backend/info.php HTTP/1.1" 404 564 "-" "Mozilla/5.0 (Macintosh; Intel Mac OS X 10_12_3) AppleWebKit/537.36 (KHTML, like Gecko) Chrome/56.0.2924.87 Safari/537.36"
94.72.101.21 - - [02/Nov/2024:20:22:15 +0000] "GET /production/backup/info.php HTTP/1.1" 404 564 "-" "Mozilla/5.0 (Macintosh; Intel Mac OS X 10_12_3) AppleWebKit/537.36 (KHTML, like Gecko) Chrome/56.0.2924.87 Safari/537.36"
94.72.101.21 - - [02/Nov/2024:20:22:16 +0000] "GET /production/crm/info.php HTTP/1.1" 404 564 "-" "Mozilla/5.0 (Macintosh; Intel Mac OS X 10_12_3) AppleWebKit/537.36 (KHTML, like Gecko) Chrome/56.0.2924.87 Safari/537.36"
94.72.101.21 - - [02/Nov/2024:20:22:16 +0000] "GET /production/current/info.php HTTP/1.1" 404 564 "-" "Mozilla/5.0 (Macintosh; Intel Mac OS X 10_12_3) AppleWebKit/537.36 (KHTML, like Gecko) Chrome/56.0.2924.87 Safari/537.36"
94.72.101.21 - - [02/Nov/2024:20:22:16 +0000] "GET /production/dev/info.php HTTP/1.1" 404 564 "-" "Mozilla/5.0 (Macintosh; Intel Mac OS X 10_12_3) AppleWebKit/537.36 (KHTML, like Gecko) Chrome/56.0.2924.87 Safari/537.36"
94.72.101.21 - - [02/Nov/2024:20:22:16 +0000] "GET /production/develop/info.php HTTP/1.1" 404 564 "-" "Mozilla/5.0 (Macintosh; Intel Mac OS X 10_12_3) AppleWebKit/537.36 (KHTML, like Gecko) Chrome/56.0.2924.87 Safari/537.36"
94.72.101.21 - - [02/Nov/2024:20:22:16 +0000] "GET /production/development/iinfo.php HTTP/1.1" 404 564 "-" "Mozilla/5.0 (Macintosh; Intel Mac OS X 10_12_3) AppleWebKit/537.36 (KHTML, like Gecko) Chrome/56.0.2924.87 Safari/537.36"
94.72.101.21 - - [02/Nov/2024:20:22:16 +0000] "GET /production/help/info.php HTTP/1.1" 404 564 "-" "Mozilla/5.0 (Macintosh; Intel Mac OS X 10_12_3) AppleWebKit/537.36 (KHTML, like Gecko) Chrome/56.0.2924.87 Safari/537.36"
94.72.101.21 - - [02/Nov/2024:20:22:17 +0000] "GET /production/helper/info.php HTTP/1.1" 404 564 "-" "Mozilla/5.0 (Macintosh; Intel Mac OS X 10_12_3) AppleWebKit/537.36 (KHTML, like Gecko) Chrome/56.0.2924.87 Safari/537.36"
94.72.101.21 - - [02/Nov/2024:20:22:17 +0000] "GET /production/lara/info.php HTTP/1.1" 404 564 "-" "Mozilla/5.0 (Macintosh; Intel Mac OS X 10_12_3) AppleWebKit/537.36 (KHTML, like Gecko) Chrome/56.0.2924.87 Safari/537.36"
94.72.101.21 - - [02/Nov/2024:20:22:17 +0000] "GET /production/laravel/info.php HTTP/1.1" 404 564 "-" "Mozilla/5.0 (Macintosh; Intel Mac OS X 10_12_3) AppleWebKit/537.36 (KHTML, like Gecko) Chrome/56.0.2924.87 Safari/537.36"
94.72.101.21 - - [02/Nov/2024:20:22:18 +0000] "GET /production/server/info.php HTTP/1.1" 404 564 "-" "Mozilla/5.0 (Macintosh; Intel Mac OS X 10_12_3) AppleWebKit/537.36 (KHTML, like Gecko) Chrome/56.0.2924.87 Safari/537.36"
94.72.101.21 - - [02/Nov/2024:20:22:18 +0000] "GET /production/service/info.php HTTP/1.1" 404 564 "-" "Mozilla/5.0 (Macintosh; Intel Mac OS X 10_12_3) AppleWebKit/537.36 (KHTML, like Gecko) Chrome/56.0.2924.87 Safari/537.36"
94.72.101.21 - - [02/Nov/2024:20:22:18 +0000] "GET /production/services/info.php HTTP/1.1" 404 564 "-" "Mozilla/5.0 (Macintosh; Intel Mac OS X 10_12_3) AppleWebKit/537.36 (KHTML, like Gecko) Chrome/56.0.2924.87 Safari/537.36"
94.72.101.21 - - [02/Nov/2024:20:22:18 +0000] "GET /production/php-info.php HTTP/1.1" 404 564 "-" "Mozilla/5.0 (Macintosh; Intel Mac OS X 10_12_3) AppleWebKit/537.36 (KHTML, like Gecko) Chrome/56.0.2924.87 Safari/537.36"
94.72.101.21 - - [02/Nov/2024:20:22:18 +0000] "GET /production/linusadmin-phpinfo.php HTTP/1.1" 404 564 "-" "Mozilla/5.0 (Macintosh; Intel Mac OS X 10_12_3) AppleWebKit/537.36 (KHTML, like Gecko) Chrome/56.0.2924.87 Safari/537.36"
94.72.101.21 - - [02/Nov/2024:20:22:18 +0000] "GET /production/infos.php HTTP/1.1" 404 564 "-" "Mozilla/5.0 (Macintosh; Intel Mac OS X 10_12_3) AppleWebKit/537.36 (KHTML, like Gecko) Chrome/56.0.2924.87 Safari/537.36"
94.72.101.21 - - [02/Nov/2024:20:22:19 +0000] "GET /production/old_phpinfo.php HTTP/1.1" 404 564 "-" "Mozilla/5.0 (Macintosh; Intel Mac OS X 10_12_3) AppleWebKit/537.36 (KHTML, like Gecko) Chrome/56.0.2924.87 Safari/537.36"
94.72.101.21 - - [02/Nov/2024:20:22:19 +0000] "GET /production/temp.php HTTP/1.1" 404 564 "-" "Mozilla/5.0 (Macintosh; Intel Mac OS X 10_12_3) AppleWebKit/537.36 (KHTML, like Gecko) Chrome/56.0.2924.87 Safari/537.36"
94.72.101.21 - - [02/Nov/2024:20:22:19 +0000] "GET /production/time.php HTTP/1.1" 404 564 "-" "Mozilla/5.0 (Macintosh; Intel Mac OS X 10_12_3) AppleWebKit/537.36 (KHTML, like Gecko) Chrome/56.0.2924.87 Safari/537.36"
94.72.101.21 - - [02/Nov/2024:20:22:19 +0000] "GET /production/phpversion.php HTTP/1.1" 404 564 "-" "Mozilla/5.0 (Macintosh; Intel Mac OS X 10_12_3) AppleWebKit/537.36 (KHTML, like Gecko) Chrome/56.0.2924.87 Safari/537.36"
94.72.101.21 - - [02/Nov/2024:20:22:19 +0000] "GET /production/pinfo.php HTTP/1.1" 404 564 "-" "Mozilla/5.0 (Macintosh; Intel Mac OS X 10_12_3) AppleWebKit/537.36 (KHTML, like Gecko) Chrome/56.0.2924.87 Safari/537.36"
94.72.101.21 - - [02/Nov/2024:20:22:19 +0000] "GET /production/i.php HTTP/1.1" 404 564 "-" "Mozilla/5.0 (Macintosh; Intel Mac OS X 10_12_3) AppleWebKit/537.36 (KHTML, like Gecko) Chrome/56.0.2924.87 Safari/537.36"
94.72.101.21 - - [02/Nov/2024:20:22:20 +0000] "GET /production/asdf.php HTTP/1.1" 404 564 "-" "Mozilla/5.0 (Macintosh; Intel Mac OS X 10_12_3) AppleWebKit/537.36 (KHTML, like Gecko) Chrome/56.0.2924.87 Safari/537.36"
94.72.101.21 - - [02/Nov/2024:20:22:20 +0000] "GET /project/xampp/info.php HTTP/1.1" 404 564 "-" "Mozilla/5.0 (Macintosh; Intel Mac OS X 10_12_3) AppleWebKit/537.36 (KHTML, like Gecko) Chrome/56.0.2924.87 Safari/537.36"
94.72.101.21 - - [02/Nov/2024:20:22:20 +0000] "GET /project/xampp/phpinfo HTTP/1.1" 404 564 "-" "Mozilla/5.0 (Macintosh; Intel Mac OS X 10_12_3) AppleWebKit/537.36 (KHTML, like Gecko) Chrome/56.0.2924.87 Safari/537.36"
94.72.101.21 - - [02/Nov/2024:20:22:21 +0000] "GET /project/_profiler/phpinfo HTTP/1.1" 404 564 "-" "Mozilla/5.0 (Macintosh; Intel Mac OS X 10_12_3) AppleWebKit/537.36 (KHTML, like Gecko) Chrome/56.0.2924.87 Safari/537.36"
94.72.101.21 - - [02/Nov/2024:20:22:22 +0000] "GET /project/phpinfo.php HTTP/1.1" 404 564 "-" "Mozilla/5.0 (Macintosh; Intel Mac OS X 10_12_3) AppleWebKit/537.36 (KHTML, like Gecko) Chrome/56.0.2924.87 Safari/537.36"
94.72.101.21 - - [02/Nov/2024:20:22:22 +0000] "GET /project/phpinfo HTTP/1.1" 404 564 "-" "Mozilla/5.0 (Macintosh; Intel Mac OS X 10_12_3) AppleWebKit/537.36 (KHTML, like Gecko) Chrome/56.0.2924.87 Safari/537.36"
94.72.101.21 - - [02/Nov/2024:20:22:22 +0000] "GET /project/info.php HTTP/1.1" 404 564 "-" "Mozilla/5.0 (Macintosh; Intel Mac OS X 10_12_3) AppleWebKit/537.36 (KHTML, like Gecko) Chrome/56.0.2924.87 Safari/537.36"
94.72.101.21 - - [02/Nov/2024:20:22:22 +0000] "GET /project/php.ini HTTP/1.1" 404 564 "-" "Mozilla/5.0 (Macintosh; Intel Mac OS X 10_12_3) AppleWebKit/537.36 (KHTML, like Gecko) Chrome/56.0.2924.87 Safari/537.36"
94.72.101.21 - - [02/Nov/2024:20:22:22 +0000] "GET /project/php.php HTTP/1.1" 404 564 "-" "Mozilla/5.0 (Macintosh; Intel Mac OS X 10_12_3) AppleWebKit/537.36 (KHTML, like Gecko) Chrome/56.0.2924.87 Safari/537.36"
94.72.101.21 - - [02/Nov/2024:20:22:22 +0000] "GET /project/infophp.php HTTP/1.1" 404 564 "-" "Mozilla/5.0 (Macintosh; Intel Mac OS X 10_12_3) AppleWebKit/537.36 (KHTML, like Gecko) Chrome/56.0.2924.87 Safari/537.36"
94.72.101.21 - - [02/Nov/2024:20:22:23 +0000] "GET /project/test.php HTTP/1.1" 404 564 "-" "Mozilla/5.0 (Macintosh; Intel Mac OS X 10_12_3) AppleWebKit/537.36 (KHTML, like Gecko) Chrome/56.0.2924.87 Safari/537.36"
94.72.101.21 - - [02/Nov/2024:20:22:23 +0000] "GET /project/dashboard/phpinfo.php HTTP/1.1" 404 564 "-" "Mozilla/5.0 (Macintosh; Intel Mac OS X 10_12_3) AppleWebKit/537.36 (KHTML, like Gecko) Chrome/56.0.2924.87 Safari/537.36"
94.72.101.21 - - [02/Nov/2024:20:22:23 +0000] "GET /project/api/phpinfo.php HTTP/1.1" 404 564 "-" "Mozilla/5.0 (Macintosh; Intel Mac OS X 10_12_3) AppleWebKit/537.36 (KHTML, like Gecko) Chrome/56.0.2924.87 Safari/537.36"
94.72.101.21 - - [02/Nov/2024:20:22:24 +0000] "GET /project/backend/phpinfo.php HTTP/1.1" 404 564 "-" "Mozilla/5.0 (Macintosh; Intel Mac OS X 10_12_3) AppleWebKit/537.36 (KHTML, like Gecko) Chrome/56.0.2924.87 Safari/537.36"
94.72.101.21 - - [02/Nov/2024:20:22:24 +0000] "GET /project/backup/phpinfo.php HTTP/1.1" 404 564 "-" "Mozilla/5.0 (Macintosh; Intel Mac OS X 10_12_3) AppleWebKit/537.36 (KHTML, like Gecko) Chrome/56.0.2924.87 Safari/537.36"
94.72.101.21 - - [02/Nov/2024:20:22:24 +0000] "GET /project/crm/phpinfo.php HTTP/1.1" 404 564 "-" "Mozilla/5.0 (Macintosh; Intel Mac OS X 10_12_3) AppleWebKit/537.36 (KHTML, like Gecko) Chrome/56.0.2924.87 Safari/537.36"
94.72.101.21 - - [02/Nov/2024:20:22:25 +0000] "GET /project/current/phpinfo.php HTTP/1.1" 404 564 "-" "Mozilla/5.0 (Macintosh; Intel Mac OS X 10_12_3) AppleWebKit/537.36 (KHTML, like Gecko) Chrome/56.0.2924.87 Safari/537.36"
94.72.101.21 - - [02/Nov/2024:20:22:25 +0000] "GET /project/dev/phpinfo.php HTTP/1.1" 404 564 "-" "Mozilla/5.0 (Macintosh; Intel Mac OS X 10_12_3) AppleWebKit/537.36 (KHTML, like Gecko) Chrome/56.0.2924.87 Safari/537.36"
94.72.101.21 - - [02/Nov/2024:20:22:25 +0000] "GET /project/develop/phpinfo.php HTTP/1.1" 404 564 "-" "Mozilla/5.0 (Macintosh; Intel Mac OS X 10_12_3) AppleWebKit/537.36 (KHTML, like Gecko) Chrome/56.0.2924.87 Safari/537.36"
94.72.101.21 - - [02/Nov/2024:20:22:26 +0000] "GET /project/development/phpinfo.php HTTP/1.1" 404 564 "-" "Mozilla/5.0 (Macintosh; Intel Mac OS X 10_12_3) AppleWebKit/537.36 (KHTML, like Gecko) Chrome/56.0.2924.87 Safari/537.36"
94.72.101.21 - - [02/Nov/2024:20:22:26 +0000] "GET /project/help/phpinfo.php HTTP/1.1" 404 564 "-" "Mozilla/5.0 (Macintosh; Intel Mac OS X 10_12_3) AppleWebKit/537.36 (KHTML, like Gecko) Chrome/56.0.2924.87 Safari/537.36"
94.72.101.21 - - [02/Nov/2024:20:22:26 +0000] "GET /project/helper/phpinfo.php HTTP/1.1" 404 564 "-" "Mozilla/5.0 (Macintosh; Intel Mac OS X 10_12_3) AppleWebKit/537.36 (KHTML, like Gecko) Chrome/56.0.2924.87 Safari/537.36"
94.72.101.21 - - [02/Nov/2024:20:22:26 +0000] "GET /project/lara/phpinfo.php HTTP/1.1" 404 564 "-" "Mozilla/5.0 (Macintosh; Intel Mac OS X 10_12_3) AppleWebKit/537.36 (KHTML, like Gecko) Chrome/56.0.2924.87 Safari/537.36"
94.72.101.21 - - [02/Nov/2024:20:22:27 +0000] "GET /project/laravel/phpinfo.php HTTP/1.1" 404 564 "-" "Mozilla/5.0 (Macintosh; Intel Mac OS X 10_12_3) AppleWebKit/537.36 (KHTML, like Gecko) Chrome/56.0.2924.87 Safari/537.36"
94.72.101.21 - - [02/Nov/2024:20:22:27 +0000] "GET /project/server/phpinfo.php HTTP/1.1" 404 564 "-" "Mozilla/5.0 (Macintosh; Intel Mac OS X 10_12_3) AppleWebKit/537.36 (KHTML, like Gecko) Chrome/56.0.2924.87 Safari/537.36"
94.72.101.21 - - [02/Nov/2024:20:22:27 +0000] "GET /project/service/phpinfo.php HTTP/1.1" 404 564 "-" "Mozilla/5.0 (Macintosh; Intel Mac OS X 10_12_3) AppleWebKit/537.36 (KHTML, like Gecko) Chrome/56.0.2924.87 Safari/537.36"
94.72.101.21 - - [02/Nov/2024:20:22:27 +0000] "GET /project/services/phpinfo.php HTTP/1.1" 404 564 "-" "Mozilla/5.0 (Macintosh; Intel Mac OS X 10_12_3) AppleWebKit/537.36 (KHTML, like Gecko) Chrome/56.0.2924.87 Safari/537.36"
94.72.101.21 - - [02/Nov/2024:20:22:28 +0000] "GET /project/xampp/phpinfo.php HTTP/1.1" 404 564 "-" "Mozilla/5.0 (Macintosh; Intel Mac OS X 10_12_3) AppleWebKit/537.36 (KHTML, like Gecko) Chrome/56.0.2924.87 Safari/537.36"
94.72.101.21 - - [02/Nov/2024:20:22:28 +0000] "GET /project/api/info.php HTTP/1.1" 404 564 "-" "Mozilla/5.0 (Macintosh; Intel Mac OS X 10_12_3) AppleWebKit/537.36 (KHTML, like Gecko) Chrome/56.0.2924.87 Safari/537.36"
94.72.101.21 - - [02/Nov/2024:20:22:28 +0000] "GET /project/backend/info.php HTTP/1.1" 404 564 "-" "Mozilla/5.0 (Macintosh; Intel Mac OS X 10_12_3) AppleWebKit/537.36 (KHTML, like Gecko) Chrome/56.0.2924.87 Safari/537.36"
94.72.101.21 - - [02/Nov/2024:20:22:28 +0000] "GET /project/backup/info.php HTTP/1.1" 404 564 "-" "Mozilla/5.0 (Macintosh; Intel Mac OS X 10_12_3) AppleWebKit/537.36 (KHTML, like Gecko) Chrome/56.0.2924.87 Safari/537.36"
94.72.101.21 - - [02/Nov/2024:20:22:29 +0000] "GET /project/crm/info.php HTTP/1.1" 404 564 "-" "Mozilla/5.0 (Macintosh; Intel Mac OS X 10_12_3) AppleWebKit/537.36 (KHTML, like Gecko) Chrome/56.0.2924.87 Safari/537.36"
94.72.101.21 - - [02/Nov/2024:20:22:29 +0000] "GET /project/current/info.php HTTP/1.1" 404 564 "-" "Mozilla/5.0 (Macintosh; Intel Mac OS X 10_12_3) AppleWebKit/537.36 (KHTML, like Gecko) Chrome/56.0.2924.87 Safari/537.36"
94.72.101.21 - - [02/Nov/2024:20:22:29 +0000] "GET /project/dev/info.php HTTP/1.1" 404 564 "-" "Mozilla/5.0 (Macintosh; Intel Mac OS X 10_12_3) AppleWebKit/537.36 (KHTML, like Gecko) Chrome/56.0.2924.87 Safari/537.36"
94.72.101.21 - - [02/Nov/2024:20:22:29 +0000] "GET /project/develop/info.php HTTP/1.1" 404 564 "-" "Mozilla/5.0 (Macintosh; Intel Mac OS X 10_12_3) AppleWebKit/537.36 (KHTML, like Gecko) Chrome/56.0.2924.87 Safari/537.36"
94.72.101.21 - - [02/Nov/2024:20:22:29 +0000] "GET /project/development/iinfo.php HTTP/1.1" 404 564 "-" "Mozilla/5.0 (Macintosh; Intel Mac OS X 10_12_3) AppleWebKit/537.36 (KHTML, like Gecko) Chrome/56.0.2924.87 Safari/537.36"
94.72.101.21 - - [02/Nov/2024:20:22:30 +0000] "GET /project/help/info.php HTTP/1.1" 404 564 "-" "Mozilla/5.0 (Macintosh; Intel Mac OS X 10_12_3) AppleWebKit/537.36 (KHTML, like Gecko) Chrome/56.0.2924.87 Safari/537.36"
94.72.101.21 - - [02/Nov/2024:20:22:30 +0000] "GET /project/helper/info.php HTTP/1.1" 404 564 "-" "Mozilla/5.0 (Macintosh; Intel Mac OS X 10_12_3) AppleWebKit/537.36 (KHTML, like Gecko) Chrome/56.0.2924.87 Safari/537.36"
94.72.101.21 - - [02/Nov/2024:20:22:31 +0000] "GET /project/lara/info.php HTTP/1.1" 404 564 "-" "Mozilla/5.0 (Macintosh; Intel Mac OS X 10_12_3) AppleWebKit/537.36 (KHTML, like Gecko) Chrome/56.0.2924.87 Safari/537.36"
94.72.101.21 - - [02/Nov/2024:20:22:31 +0000] "GET /project/laravel/info.php HTTP/1.1" 404 564 "-" "Mozilla/5.0 (Macintosh; Intel Mac OS X 10_12_3) AppleWebKit/537.36 (KHTML, like Gecko) Chrome/56.0.2924.87 Safari/537.36"
94.72.101.21 - - [02/Nov/2024:20:22:31 +0000] "GET /project/server/info.php HTTP/1.1" 404 564 "-" "Mozilla/5.0 (Macintosh; Intel Mac OS X 10_12_3) AppleWebKit/537.36 (KHTML, like Gecko) Chrome/56.0.2924.87 Safari/537.36"
94.72.101.21 - - [02/Nov/2024:20:22:32 +0000] "GET /project/service/info.php HTTP/1.1" 404 564 "-" "Mozilla/5.0 (Macintosh; Intel Mac OS X 10_12_3) AppleWebKit/537.36 (KHTML, like Gecko) Chrome/56.0.2924.87 Safari/537.36"
94.72.101.21 - - [02/Nov/2024:20:22:32 +0000] "GET /project/services/info.php HTTP/1.1" 404 564 "-" "Mozilla/5.0 (Macintosh; Intel Mac OS X 10_12_3) AppleWebKit/537.36 (KHTML, like Gecko) Chrome/56.0.2924.87 Safari/537.36"
94.72.101.21 - - [02/Nov/2024:20:22:32 +0000] "GET /project/php-info.php HTTP/1.1" 404 564 "-" "Mozilla/5.0 (Macintosh; Intel Mac OS X 10_12_3) AppleWebKit/537.36 (KHTML, like Gecko) Chrome/56.0.2924.87 Safari/537.36"
94.72.101.21 - - [02/Nov/2024:20:22:32 +0000] "GET /project/linusadmin-phpinfo.php HTTP/1.1" 404 564 "-" "Mozilla/5.0 (Macintosh; Intel Mac OS X 10_12_3) AppleWebKit/537.36 (KHTML, like Gecko) Chrome/56.0.2924.87 Safari/537.36"
94.72.101.21 - - [02/Nov/2024:20:22:32 +0000] "GET /project/infos.php HTTP/1.1" 404 564 "-" "Mozilla/5.0 (Macintosh; Intel Mac OS X 10_12_3) AppleWebKit/537.36 (KHTML, like Gecko) Chrome/56.0.2924.87 Safari/537.36"
94.72.101.21 - - [02/Nov/2024:20:22:33 +0000] "GET /project/old_phpinfo.php HTTP/1.1" 404 564 "-" "Mozilla/5.0 (Macintosh; Intel Mac OS X 10_12_3) AppleWebKit/537.36 (KHTML, like Gecko) Chrome/56.0.2924.87 Safari/537.36"
94.72.101.21 - - [02/Nov/2024:20:22:33 +0000] "GET /project/temp.php HTTP/1.1" 404 564 "-" "Mozilla/5.0 (Macintosh; Intel Mac OS X 10_12_3) AppleWebKit/537.36 (KHTML, like Gecko) Chrome/56.0.2924.87 Safari/537.36"
94.72.101.21 - - [02/Nov/2024:20:22:33 +0000] "GET /project/time.php HTTP/1.1" 404 564 "-" "Mozilla/5.0 (Macintosh; Intel Mac OS X 10_12_3) AppleWebKit/537.36 (KHTML, like Gecko) Chrome/56.0.2924.87 Safari/537.36"
94.72.101.21 - - [02/Nov/2024:20:22:34 +0000] "GET /project/phpversion.php HTTP/1.1" 404 564 "-" "Mozilla/5.0 (Macintosh; Intel Mac OS X 10_12_3) AppleWebKit/537.36 (KHTML, like Gecko) Chrome/56.0.2924.87 Safari/537.36"
94.72.101.21 - - [02/Nov/2024:20:22:34 +0000] "GET /project/pinfo.php HTTP/1.1" 404 564 "-" "Mozilla/5.0 (Macintosh; Intel Mac OS X 10_12_3) AppleWebKit/537.36 (KHTML, like Gecko) Chrome/56.0.2924.87 Safari/537.36"
94.72.101.21 - - [02/Nov/2024:20:22:36 +0000] "GET /project/i.php HTTP/1.1" 404 564 "-" "Mozilla/5.0 (Macintosh; Intel Mac OS X 10_12_3) AppleWebKit/537.36 (KHTML, like Gecko) Chrome/56.0.2924.87 Safari/537.36"
94.72.101.21 - - [02/Nov/2024:20:22:36 +0000] "GET /project/asdf.php HTTP/1.1" 404 564 "-" "Mozilla/5.0 (Macintosh; Intel Mac OS X 10_12_3) AppleWebKit/537.36 (KHTML, like Gecko) Chrome/56.0.2924.87 Safari/537.36"
94.72.101.21 - - [02/Nov/2024:20:22:36 +0000] "GET /qa/xampp/info.php HTTP/1.1" 404 564 "-" "Mozilla/5.0 (Macintosh; Intel Mac OS X 10_12_3) AppleWebKit/537.36 (KHTML, like Gecko) Chrome/56.0.2924.87 Safari/537.36"
94.72.101.21 - - [02/Nov/2024:20:22:36 +0000] "GET /qa/xampp/phpinfo HTTP/1.1" 404 564 "-" "Mozilla/5.0 (Macintosh; Intel Mac OS X 10_12_3) AppleWebKit/537.36 (KHTML, like Gecko) Chrome/56.0.2924.87 Safari/537.36"
94.72.101.21 - - [02/Nov/2024:20:22:37 +0000] "GET /qa/_profiler/phpinfo HTTP/1.1" 404 564 "-" "Mozilla/5.0 (Macintosh; Intel Mac OS X 10_12_3) AppleWebKit/537.36 (KHTML, like Gecko) Chrome/56.0.2924.87 Safari/537.36"
94.72.101.21 - - [02/Nov/2024:20:22:37 +0000] "GET /qa/phpinfo.php HTTP/1.1" 404 564 "-" "Mozilla/5.0 (Macintosh; Intel Mac OS X 10_12_3) AppleWebKit/537.36 (KHTML, like Gecko) Chrome/56.0.2924.87 Safari/537.36"
94.72.101.21 - - [02/Nov/2024:20:22:37 +0000] "GET /qa/phpinfo HTTP/1.1" 404 564 "-" "Mozilla/5.0 (Macintosh; Intel Mac OS X 10_12_3) AppleWebKit/537.36 (KHTML, like Gecko) Chrome/56.0.2924.87 Safari/537.36"
94.72.101.21 - - [02/Nov/2024:20:22:37 +0000] "GET /qa/info.php HTTP/1.1" 404 564 "-" "Mozilla/5.0 (Macintosh; Intel Mac OS X 10_12_3) AppleWebKit/537.36 (KHTML, like Gecko) Chrome/56.0.2924.87 Safari/537.36"
94.72.101.21 - - [02/Nov/2024:20:22:37 +0000] "GET /qa/php.ini HTTP/1.1" 404 564 "-" "Mozilla/5.0 (Macintosh; Intel Mac OS X 10_12_3) AppleWebKit/537.36 (KHTML, like Gecko) Chrome/56.0.2924.87 Safari/537.36"
94.72.101.21 - - [02/Nov/2024:20:22:38 +0000] "GET /qa/php.php HTTP/1.1" 404 564 "-" "Mozilla/5.0 (Macintosh; Intel Mac OS X 10_12_3) AppleWebKit/537.36 (KHTML, like Gecko) Chrome/56.0.2924.87 Safari/537.36"
94.72.101.21 - - [02/Nov/2024:20:22:38 +0000] "GET /qa/infophp.php HTTP/1.1" 404 564 "-" "Mozilla/5.0 (Macintosh; Intel Mac OS X 10_12_3) AppleWebKit/537.36 (KHTML, like Gecko) Chrome/56.0.2924.87 Safari/537.36"
94.72.101.21 - - [02/Nov/2024:20:22:38 +0000] "GET /qa/test.php HTTP/1.1" 404 564 "-" "Mozilla/5.0 (Macintosh; Intel Mac OS X 10_12_3) AppleWebKit/537.36 (KHTML, like Gecko) Chrome/56.0.2924.87 Safari/537.36"
94.72.101.21 - - [02/Nov/2024:20:22:39 +0000] "GET /qa/dashboard/phpinfo.php HTTP/1.1" 404 564 "-" "Mozilla/5.0 (Macintosh; Intel Mac OS X 10_12_3) AppleWebKit/537.36 (KHTML, like Gecko) Chrome/56.0.2924.87 Safari/537.36"
94.72.101.21 - - [02/Nov/2024:20:22:39 +0000] "GET /qa/api/phpinfo.php HTTP/1.1" 404 564 "-" "Mozilla/5.0 (Macintosh; Intel Mac OS X 10_12_3) AppleWebKit/537.36 (KHTML, like Gecko) Chrome/56.0.2924.87 Safari/537.36"
94.72.101.21 - - [02/Nov/2024:20:22:39 +0000] "GET /qa/backend/phpinfo.php HTTP/1.1" 404 564 "-" "Mozilla/5.0 (Macintosh; Intel Mac OS X 10_12_3) AppleWebKit/537.36 (KHTML, like Gecko) Chrome/56.0.2924.87 Safari/537.36"
94.72.101.21 - - [02/Nov/2024:20:22:39 +0000] "GET /qa/backup/phpinfo.php HTTP/1.1" 404 564 "-" "Mozilla/5.0 (Macintosh; Intel Mac OS X 10_12_3) AppleWebKit/537.36 (KHTML, like Gecko) Chrome/56.0.2924.87 Safari/537.36"
94.72.101.21 - - [02/Nov/2024:20:22:39 +0000] "GET /qa/crm/phpinfo.php HTTP/1.1" 404 564 "-" "Mozilla/5.0 (Macintosh; Intel Mac OS X 10_12_3) AppleWebKit/537.36 (KHTML, like Gecko) Chrome/56.0.2924.87 Safari/537.36"
94.72.101.21 - - [02/Nov/2024:20:22:39 +0000] "GET /qa/current/phpinfo.php HTTP/1.1" 404 564 "-" "Mozilla/5.0 (Macintosh; Intel Mac OS X 10_12_3) AppleWebKit/537.36 (KHTML, like Gecko) Chrome/56.0.2924.87 Safari/537.36"
94.72.101.21 - - [02/Nov/2024:20:22:40 +0000] "GET /qa/dev/phpinfo.php HTTP/1.1" 404 564 "-" "Mozilla/5.0 (Macintosh; Intel Mac OS X 10_12_3) AppleWebKit/537.36 (KHTML, like Gecko) Chrome/56.0.2924.87 Safari/537.36"
94.72.101.21 - - [02/Nov/2024:20:22:40 +0000] "GET /qa/develop/phpinfo.php HTTP/1.1" 404 564 "-" "Mozilla/5.0 (Macintosh; Intel Mac OS X 10_12_3) AppleWebKit/537.36 (KHTML, like Gecko) Chrome/56.0.2924.87 Safari/537.36"
94.72.101.21 - - [02/Nov/2024:20:22:40 +0000] "GET /qa/development/phpinfo.php HTTP/1.1" 404 564 "-" "Mozilla/5.0 (Macintosh; Intel Mac OS X 10_12_3) AppleWebKit/537.36 (KHTML, like Gecko) Chrome/56.0.2924.87 Safari/537.36"
94.72.101.21 - - [02/Nov/2024:20:22:41 +0000] "GET /qa/help/phpinfo.php HTTP/1.1" 404 564 "-" "Mozilla/5.0 (Macintosh; Intel Mac OS X 10_12_3) AppleWebKit/537.36 (KHTML, like Gecko) Chrome/56.0.2924.87 Safari/537.36"
94.72.101.21 - - [02/Nov/2024:20:22:41 +0000] "GET /qa/helper/phpinfo.php HTTP/1.1" 404 564 "-" "Mozilla/5.0 (Macintosh; Intel Mac OS X 10_12_3) AppleWebKit/537.36 (KHTML, like Gecko) Chrome/56.0.2924.87 Safari/537.36"
94.72.101.21 - - [02/Nov/2024:20:22:41 +0000] "GET /qa/lara/phpinfo.php HTTP/1.1" 404 564 "-" "Mozilla/5.0 (Macintosh; Intel Mac OS X 10_12_3) AppleWebKit/537.36 (KHTML, like Gecko) Chrome/56.0.2924.87 Safari/537.36"
94.72.101.21 - - [02/Nov/2024:20:22:42 +0000] "GET /qa/laravel/phpinfo.php HTTP/1.1" 404 564 "-" "Mozilla/5.0 (Macintosh; Intel Mac OS X 10_12_3) AppleWebKit/537.36 (KHTML, like Gecko) Chrome/56.0.2924.87 Safari/537.36"
94.72.101.21 - - [02/Nov/2024:20:22:42 +0000] "GET /qa/server/phpinfo.php HTTP/1.1" 404 564 "-" "Mozilla/5.0 (Macintosh; Intel Mac OS X 10_12_3) AppleWebKit/537.36 (KHTML, like Gecko) Chrome/56.0.2924.87 Safari/537.36"
94.72.101.21 - - [02/Nov/2024:20:22:42 +0000] "GET /qa/service/phpinfo.php HTTP/1.1" 404 564 "-" "Mozilla/5.0 (Macintosh; Intel Mac OS X 10_12_3) AppleWebKit/537.36 (KHTML, like Gecko) Chrome/56.0.2924.87 Safari/537.36"
94.72.101.21 - - [02/Nov/2024:20:22:42 +0000] "GET /qa/services/phpinfo.php HTTP/1.1" 404 564 "-" "Mozilla/5.0 (Macintosh; Intel Mac OS X 10_12_3) AppleWebKit/537.36 (KHTML, like Gecko) Chrome/56.0.2924.87 Safari/537.36"
94.72.101.21 - - [02/Nov/2024:20:22:42 +0000] "GET /qa/xampp/phpinfo.php HTTP/1.1" 404 564 "-" "Mozilla/5.0 (Macintosh; Intel Mac OS X 10_12_3) AppleWebKit/537.36 (KHTML, like Gecko) Chrome/56.0.2924.87 Safari/537.36"
94.72.101.21 - - [02/Nov/2024:20:22:42 +0000] "GET /qa/api/info.php HTTP/1.1" 404 564 "-" "Mozilla/5.0 (Macintosh; Intel Mac OS X 10_12_3) AppleWebKit/537.36 (KHTML, like Gecko) Chrome/56.0.2924.87 Safari/537.36"
94.72.101.21 - - [02/Nov/2024:20:22:43 +0000] "GET /qa/backend/info.php HTTP/1.1" 404 564 "-" "Mozilla/5.0 (Macintosh; Intel Mac OS X 10_12_3) AppleWebKit/537.36 (KHTML, like Gecko) Chrome/56.0.2924.87 Safari/537.36"
94.72.101.21 - - [02/Nov/2024:20:22:43 +0000] "GET /qa/backup/info.php HTTP/1.1" 404 564 "-" "Mozilla/5.0 (Macintosh; Intel Mac OS X 10_12_3) AppleWebKit/537.36 (KHTML, like Gecko) Chrome/56.0.2924.87 Safari/537.36"
94.72.101.21 - - [02/Nov/2024:20:22:43 +0000] "GET /qa/crm/info.php HTTP/1.1" 404 564 "-" "Mozilla/5.0 (Macintosh; Intel Mac OS X 10_12_3) AppleWebKit/537.36 (KHTML, like Gecko) Chrome/56.0.2924.87 Safari/537.36"
94.72.101.21 - - [02/Nov/2024:20:22:43 +0000] "GET /qa/current/info.php HTTP/1.1" 404 564 "-" "Mozilla/5.0 (Macintosh; Intel Mac OS X 10_12_3) AppleWebKit/537.36 (KHTML, like Gecko) Chrome/56.0.2924.87 Safari/537.36"
94.72.101.21 - - [02/Nov/2024:20:22:43 +0000] "GET /qa/dev/info.php HTTP/1.1" 404 564 "-" "Mozilla/5.0 (Macintosh; Intel Mac OS X 10_12_3) AppleWebKit/537.36 (KHTML, like Gecko) Chrome/56.0.2924.87 Safari/537.36"
94.72.101.21 - - [02/Nov/2024:20:22:44 +0000] "GET /qa/develop/info.php HTTP/1.1" 404 564 "-" "Mozilla/5.0 (Macintosh; Intel Mac OS X 10_12_3) AppleWebKit/537.36 (KHTML, like Gecko) Chrome/56.0.2924.87 Safari/537.36"
94.72.101.21 - - [02/Nov/2024:20:22:44 +0000] "GET /qa/development/iinfo.php HTTP/1.1" 404 564 "-" "Mozilla/5.0 (Macintosh; Intel Mac OS X 10_12_3) AppleWebKit/537.36 (KHTML, like Gecko) Chrome/56.0.2924.87 Safari/537.36"
94.72.101.21 - - [02/Nov/2024:20:22:44 +0000] "GET /qa/help/info.php HTTP/1.1" 404 564 "-" "Mozilla/5.0 (Macintosh; Intel Mac OS X 10_12_3) AppleWebKit/537.36 (KHTML, like Gecko) Chrome/56.0.2924.87 Safari/537.36"
94.72.101.21 - - [02/Nov/2024:20:22:44 +0000] "GET /qa/helper/info.php HTTP/1.1" 404 564 "-" "Mozilla/5.0 (Macintosh; Intel Mac OS X 10_12_3) AppleWebKit/537.36 (KHTML, like Gecko) Chrome/56.0.2924.87 Safari/537.36"
94.72.101.21 - - [02/Nov/2024:20:22:44 +0000] "GET /qa/lara/info.php HTTP/1.1" 404 564 "-" "Mozilla/5.0 (Macintosh; Intel Mac OS X 10_12_3) AppleWebKit/537.36 (KHTML, like Gecko) Chrome/56.0.2924.87 Safari/537.36"
94.72.101.21 - - [02/Nov/2024:20:22:45 +0000] "GET /qa/laravel/info.php HTTP/1.1" 404 564 "-" "Mozilla/5.0 (Macintosh; Intel Mac OS X 10_12_3) AppleWebKit/537.36 (KHTML, like Gecko) Chrome/56.0.2924.87 Safari/537.36"
94.72.101.21 - - [02/Nov/2024:20:22:45 +0000] "GET /qa/server/info.php HTTP/1.1" 404 564 "-" "Mozilla/5.0 (Macintosh; Intel Mac OS X 10_12_3) AppleWebKit/537.36 (KHTML, like Gecko) Chrome/56.0.2924.87 Safari/537.36"
94.72.101.21 - - [02/Nov/2024:20:22:45 +0000] "GET /qa/service/info.php HTTP/1.1" 404 564 "-" "Mozilla/5.0 (Macintosh; Intel Mac OS X 10_12_3) AppleWebKit/537.36 (KHTML, like Gecko) Chrome/56.0.2924.87 Safari/537.36"
94.72.101.21 - - [02/Nov/2024:20:22:45 +0000] "GET /qa/services/info.php HTTP/1.1" 404 564 "-" "Mozilla/5.0 (Macintosh; Intel Mac OS X 10_12_3) AppleWebKit/537.36 (KHTML, like Gecko) Chrome/56.0.2924.87 Safari/537.36"
94.72.101.21 - - [02/Nov/2024:20:22:46 +0000] "GET /qa/php-info.php HTTP/1.1" 404 564 "-" "Mozilla/5.0 (Macintosh; Intel Mac OS X 10_12_3) AppleWebKit/537.36 (KHTML, like Gecko) Chrome/56.0.2924.87 Safari/537.36"
94.72.101.21 - - [02/Nov/2024:20:22:46 +0000] "GET /qa/linusadmin-phpinfo.php HTTP/1.1" 404 564 "-" "Mozilla/5.0 (Macintosh; Intel Mac OS X 10_12_3) AppleWebKit/537.36 (KHTML, like Gecko) Chrome/56.0.2924.87 Safari/537.36"
94.72.101.21 - - [02/Nov/2024:20:22:46 +0000] "GET /qa/infos.php HTTP/1.1" 404 564 "-" "Mozilla/5.0 (Macintosh; Intel Mac OS X 10_12_3) AppleWebKit/537.36 (KHTML, like Gecko) Chrome/56.0.2924.87 Safari/537.36"
94.72.101.21 - - [02/Nov/2024:20:22:46 +0000] "GET /qa/old_phpinfo.php HTTP/1.1" 404 564 "-" "Mozilla/5.0 (Macintosh; Intel Mac OS X 10_12_3) AppleWebKit/537.36 (KHTML, like Gecko) Chrome/56.0.2924.87 Safari/537.36"
94.72.101.21 - - [02/Nov/2024:20:22:46 +0000] "GET /qa/temp.php HTTP/1.1" 404 564 "-" "Mozilla/5.0 (Macintosh; Intel Mac OS X 10_12_3) AppleWebKit/537.36 (KHTML, like Gecko) Chrome/56.0.2924.87 Safari/537.36"
94.72.101.21 - - [02/Nov/2024:20:22:46 +0000] "GET /qa/time.php HTTP/1.1" 404 564 "-" "Mozilla/5.0 (Macintosh; Intel Mac OS X 10_12_3) AppleWebKit/537.36 (KHTML, like Gecko) Chrome/56.0.2924.87 Safari/537.36"
94.72.101.21 - - [02/Nov/2024:20:22:47 +0000] "GET /qa/phpversion.php HTTP/1.1" 404 564 "-" "Mozilla/5.0 (Macintosh; Intel Mac OS X 10_12_3) AppleWebKit/537.36 (KHTML, like Gecko) Chrome/56.0.2924.87 Safari/537.36"
94.72.101.21 - - [02/Nov/2024:20:22:47 +0000] "GET /qa/pinfo.php HTTP/1.1" 404 564 "-" "Mozilla/5.0 (Macintosh; Intel Mac OS X 10_12_3) AppleWebKit/537.36 (KHTML, like Gecko) Chrome/56.0.2924.87 Safari/537.36"
94.72.101.21 - - [02/Nov/2024:20:22:47 +0000] "GET /qa/i.php HTTP/1.1" 404 564 "-" "Mozilla/5.0 (Macintosh; Intel Mac OS X 10_12_3) AppleWebKit/537.36 (KHTML, like Gecko) Chrome/56.0.2924.87 Safari/537.36"
94.72.101.21 - - [02/Nov/2024:20:22:47 +0000] "GET /qa/asdf.php HTTP/1.1" 404 564 "-" "Mozilla/5.0 (Macintosh; Intel Mac OS X 10_12_3) AppleWebKit/537.36 (KHTML, like Gecko) Chrome/56.0.2924.87 Safari/537.36"
94.72.101.21 - - [02/Nov/2024:20:22:47 +0000] "GET /server/xampp/info.php HTTP/1.1" 404 564 "-" "Mozilla/5.0 (Macintosh; Intel Mac OS X 10_12_3) AppleWebKit/537.36 (KHTML, like Gecko) Chrome/56.0.2924.87 Safari/537.36"
94.72.101.21 - - [02/Nov/2024:20:22:48 +0000] "GET /server/xampp/phpinfo HTTP/1.1" 404 564 "-" "Mozilla/5.0 (Macintosh; Intel Mac OS X 10_12_3) AppleWebKit/537.36 (KHTML, like Gecko) Chrome/56.0.2924.87 Safari/537.36"
94.72.101.21 - - [02/Nov/2024:20:22:48 +0000] "GET /server/_profiler/phpinfo HTTP/1.1" 404 564 "-" "Mozilla/5.0 (Macintosh; Intel Mac OS X 10_12_3) AppleWebKit/537.36 (KHTML, like Gecko) Chrome/56.0.2924.87 Safari/537.36"
94.72.101.21 - - [02/Nov/2024:20:22:48 +0000] "GET /server/phpinfo HTTP/1.1" 404 564 "-" "Mozilla/5.0 (Macintosh; Intel Mac OS X 10_12_3) AppleWebKit/537.36 (KHTML, like Gecko) Chrome/56.0.2924.87 Safari/537.36"
94.72.101.21 - - [02/Nov/2024:20:22:48 +0000] "GET /server/php.ini HTTP/1.1" 404 564 "-" "Mozilla/5.0 (Macintosh; Intel Mac OS X 10_12_3) AppleWebKit/537.36 (KHTML, like Gecko) Chrome/56.0.2924.87 Safari/537.36"
94.72.101.21 - - [02/Nov/2024:20:22:48 +0000] "GET /server/php.php HTTP/1.1" 404 564 "-" "Mozilla/5.0 (Macintosh; Intel Mac OS X 10_12_3) AppleWebKit/537.36 (KHTML, like Gecko) Chrome/56.0.2924.87 Safari/537.36"
94.72.101.21 - - [02/Nov/2024:20:22:49 +0000] "GET /server/infophp.php HTTP/1.1" 404 564 "-" "Mozilla/5.0 (Macintosh; Intel Mac OS X 10_12_3) AppleWebKit/537.36 (KHTML, like Gecko) Chrome/56.0.2924.87 Safari/537.36"
94.72.101.21 - - [02/Nov/2024:20:22:49 +0000] "GET /server/test.php HTTP/1.1" 404 564 "-" "Mozilla/5.0 (Macintosh; Intel Mac OS X 10_12_3) AppleWebKit/537.36 (KHTML, like Gecko) Chrome/56.0.2924.87 Safari/537.36"
94.72.101.21 - - [02/Nov/2024:20:22:50 +0000] "GET /server/dashboard/phpinfo.php HTTP/1.1" 404 564 "-" "Mozilla/5.0 (Macintosh; Intel Mac OS X 10_12_3) AppleWebKit/537.36 (KHTML, like Gecko) Chrome/56.0.2924.87 Safari/537.36"
94.72.101.21 - - [02/Nov/2024:20:22:50 +0000] "GET /server/api/phpinfo.php HTTP/1.1" 404 564 "-" "Mozilla/5.0 (Macintosh; Intel Mac OS X 10_12_3) AppleWebKit/537.36 (KHTML, like Gecko) Chrome/56.0.2924.87 Safari/537.36"
94.72.101.21 - - [02/Nov/2024:20:22:51 +0000] "GET /server/backend/phpinfo.php HTTP/1.1" 404 564 "-" "Mozilla/5.0 (Macintosh; Intel Mac OS X 10_12_3) AppleWebKit/537.36 (KHTML, like Gecko) Chrome/56.0.2924.87 Safari/537.36"
94.72.101.21 - - [02/Nov/2024:20:22:51 +0000] "GET /server/backup/phpinfo.php HTTP/1.1" 404 564 "-" "Mozilla/5.0 (Macintosh; Intel Mac OS X 10_12_3) AppleWebKit/537.36 (KHTML, like Gecko) Chrome/56.0.2924.87 Safari/537.36"
94.72.101.21 - - [02/Nov/2024:20:22:51 +0000] "GET /server/crm/phpinfo.php HTTP/1.1" 404 564 "-" "Mozilla/5.0 (Macintosh; Intel Mac OS X 10_12_3) AppleWebKit/537.36 (KHTML, like Gecko) Chrome/56.0.2924.87 Safari/537.36"
94.72.101.21 - - [02/Nov/2024:20:22:51 +0000] "GET /server/current/phpinfo.php HTTP/1.1" 404 564 "-" "Mozilla/5.0 (Macintosh; Intel Mac OS X 10_12_3) AppleWebKit/537.36 (KHTML, like Gecko) Chrome/56.0.2924.87 Safari/537.36"
94.72.101.21 - - [02/Nov/2024:20:22:51 +0000] "GET /server/dev/phpinfo.php HTTP/1.1" 404 564 "-" "Mozilla/5.0 (Macintosh; Intel Mac OS X 10_12_3) AppleWebKit/537.36 (KHTML, like Gecko) Chrome/56.0.2924.87 Safari/537.36"
94.72.101.21 - - [02/Nov/2024:20:22:52 +0000] "GET /server/develop/phpinfo.php HTTP/1.1" 404 564 "-" "Mozilla/5.0 (Macintosh; Intel Mac OS X 10_12_3) AppleWebKit/537.36 (KHTML, like Gecko) Chrome/56.0.2924.87 Safari/537.36"
94.72.101.21 - - [02/Nov/2024:20:22:52 +0000] "GET /server/development/phpinfo.php HTTP/1.1" 404 564 "-" "Mozilla/5.0 (Macintosh; Intel Mac OS X 10_12_3) AppleWebKit/537.36 (KHTML, like Gecko) Chrome/56.0.2924.87 Safari/537.36"
94.72.101.21 - - [02/Nov/2024:20:22:52 +0000] "GET /server/help/phpinfo.php HTTP/1.1" 404 564 "-" "Mozilla/5.0 (Macintosh; Intel Mac OS X 10_12_3) AppleWebKit/537.36 (KHTML, like Gecko) Chrome/56.0.2924.87 Safari/537.36"
94.72.101.21 - - [02/Nov/2024:20:22:53 +0000] "GET /server/helper/phpinfo.php HTTP/1.1" 404 564 "-" "Mozilla/5.0 (Macintosh; Intel Mac OS X 10_12_3) AppleWebKit/537.36 (KHTML, like Gecko) Chrome/56.0.2924.87 Safari/537.36"
94.72.101.21 - - [02/Nov/2024:20:22:53 +0000] "GET /server/lara/phpinfo.php HTTP/1.1" 404 564 "-" "Mozilla/5.0 (Macintosh; Intel Mac OS X 10_12_3) AppleWebKit/537.36 (KHTML, like Gecko) Chrome/56.0.2924.87 Safari/537.36"
94.72.101.21 - - [02/Nov/2024:20:22:53 +0000] "GET /server/laravel/phpinfo.php HTTP/1.1" 404 564 "-" "Mozilla/5.0 (Macintosh; Intel Mac OS X 10_12_3) AppleWebKit/537.36 (KHTML, like Gecko) Chrome/56.0.2924.87 Safari/537.36"
94.72.101.21 - - [02/Nov/2024:20:22:53 +0000] "GET /server/server/phpinfo.php HTTP/1.1" 404 564 "-" "Mozilla/5.0 (Macintosh; Intel Mac OS X 10_12_3) AppleWebKit/537.36 (KHTML, like Gecko) Chrome/56.0.2924.87 Safari/537.36"
94.72.101.21 - - [02/Nov/2024:20:22:53 +0000] "GET /server/service/phpinfo.php HTTP/1.1" 404 564 "-" "Mozilla/5.0 (Macintosh; Intel Mac OS X 10_12_3) AppleWebKit/537.36 (KHTML, like Gecko) Chrome/56.0.2924.87 Safari/537.36"
94.72.101.21 - - [02/Nov/2024:20:22:53 +0000] "GET /server/services/phpinfo.php HTTP/1.1" 404 564 "-" "Mozilla/5.0 (Macintosh; Intel Mac OS X 10_12_3) AppleWebKit/537.36 (KHTML, like Gecko) Chrome/56.0.2924.87 Safari/537.36"
94.72.101.21 - - [02/Nov/2024:20:22:54 +0000] "GET /server/xampp/phpinfo.php HTTP/1.1" 404 564 "-" "Mozilla/5.0 (Macintosh; Intel Mac OS X 10_12_3) AppleWebKit/537.36 (KHTML, like Gecko) Chrome/56.0.2924.87 Safari/537.36"
94.72.101.21 - - [02/Nov/2024:20:22:54 +0000] "GET /server/api/info.php HTTP/1.1" 404 564 "-" "Mozilla/5.0 (Macintosh; Intel Mac OS X 10_12_3) AppleWebKit/537.36 (KHTML, like Gecko) Chrome/56.0.2924.87 Safari/537.36"
94.72.101.21 - - [02/Nov/2024:20:22:54 +0000] "GET /server/backend/info.php HTTP/1.1" 404 564 "-" "Mozilla/5.0 (Macintosh; Intel Mac OS X 10_12_3) AppleWebKit/537.36 (KHTML, like Gecko) Chrome/56.0.2924.87 Safari/537.36"
94.72.101.21 - - [02/Nov/2024:20:22:54 +0000] "GET /server/backup/info.php HTTP/1.1" 404 564 "-" "Mozilla/5.0 (Macintosh; Intel Mac OS X 10_12_3) AppleWebKit/537.36 (KHTML, like Gecko) Chrome/56.0.2924.87 Safari/537.36"
94.72.101.21 - - [02/Nov/2024:20:22:54 +0000] "GET /server/crm/info.php HTTP/1.1" 404 564 "-" "Mozilla/5.0 (Macintosh; Intel Mac OS X 10_12_3) AppleWebKit/537.36 (KHTML, like Gecko) Chrome/56.0.2924.87 Safari/537.36"
94.72.101.21 - - [02/Nov/2024:20:22:55 +0000] "GET /server/current/info.php HTTP/1.1" 404 564 "-" "Mozilla/5.0 (Macintosh; Intel Mac OS X 10_12_3) AppleWebKit/537.36 (KHTML, like Gecko) Chrome/56.0.2924.87 Safari/537.36"
94.72.101.21 - - [02/Nov/2024:20:22:55 +0000] "GET /server/dev/info.php HTTP/1.1" 404 564 "-" "Mozilla/5.0 (Macintosh; Intel Mac OS X 10_12_3) AppleWebKit/537.36 (KHTML, like Gecko) Chrome/56.0.2924.87 Safari/537.36"
94.72.101.21 - - [02/Nov/2024:20:22:55 +0000] "GET /server/develop/info.php HTTP/1.1" 404 564 "-" "Mozilla/5.0 (Macintosh; Intel Mac OS X 10_12_3) AppleWebKit/537.36 (KHTML, like Gecko) Chrome/56.0.2924.87 Safari/537.36"
94.72.101.21 - - [02/Nov/2024:20:22:55 +0000] "GET /server/development/iinfo.php HTTP/1.1" 404 564 "-" "Mozilla/5.0 (Macintosh; Intel Mac OS X 10_12_3) AppleWebKit/537.36 (KHTML, like Gecko) Chrome/56.0.2924.87 Safari/537.36"
94.72.101.21 - - [02/Nov/2024:20:22:55 +0000] "GET /server/help/info.php HTTP/1.1" 404 564 "-" "Mozilla/5.0 (Macintosh; Intel Mac OS X 10_12_3) AppleWebKit/537.36 (KHTML, like Gecko) Chrome/56.0.2924.87 Safari/537.36"
94.72.101.21 - - [02/Nov/2024:20:22:55 +0000] "GET /server/helper/info.php HTTP/1.1" 404 564 "-" "Mozilla/5.0 (Macintosh; Intel Mac OS X 10_12_3) AppleWebKit/537.36 (KHTML, like Gecko) Chrome/56.0.2924.87 Safari/537.36"
94.72.101.21 - - [02/Nov/2024:20:22:56 +0000] "GET /server/lara/info.php HTTP/1.1" 404 564 "-" "Mozilla/5.0 (Macintosh; Intel Mac OS X 10_12_3) AppleWebKit/537.36 (KHTML, like Gecko) Chrome/56.0.2924.87 Safari/537.36"
94.72.101.21 - - [02/Nov/2024:20:22:56 +0000] "GET /server/laravel/info.php HTTP/1.1" 404 564 "-" "Mozilla/5.0 (Macintosh; Intel Mac OS X 10_12_3) AppleWebKit/537.36 (KHTML, like Gecko) Chrome/56.0.2924.87 Safari/537.36"
94.72.101.21 - - [02/Nov/2024:20:22:57 +0000] "GET /server/server/info.php HTTP/1.1" 404 564 "-" "Mozilla/5.0 (Macintosh; Intel Mac OS X 10_12_3) AppleWebKit/537.36 (KHTML, like Gecko) Chrome/56.0.2924.87 Safari/537.36"
94.72.101.21 - - [02/Nov/2024:20:22:57 +0000] "GET /server/service/info.php HTTP/1.1" 404 564 "-" "Mozilla/5.0 (Macintosh; Intel Mac OS X 10_12_3) AppleWebKit/537.36 (KHTML, like Gecko) Chrome/56.0.2924.87 Safari/537.36"
94.72.101.21 - - [02/Nov/2024:20:22:57 +0000] "GET /server/services/info.php HTTP/1.1" 404 564 "-" "Mozilla/5.0 (Macintosh; Intel Mac OS X 10_12_3) AppleWebKit/537.36 (KHTML, like Gecko) Chrome/56.0.2924.87 Safari/537.36"
94.72.101.21 - - [02/Nov/2024:20:22:57 +0000] "GET /server/php-info.php HTTP/1.1" 404 564 "-" "Mozilla/5.0 (Macintosh; Intel Mac OS X 10_12_3) AppleWebKit/537.36 (KHTML, like Gecko) Chrome/56.0.2924.87 Safari/537.36"
94.72.101.21 - - [02/Nov/2024:20:22:57 +0000] "GET /server/linusadmin-phpinfo.php HTTP/1.1" 404 564 "-" "Mozilla/5.0 (Macintosh; Intel Mac OS X 10_12_3) AppleWebKit/537.36 (KHTML, like Gecko) Chrome/56.0.2924.87 Safari/537.36"
94.72.101.21 - - [02/Nov/2024:20:22:58 +0000] "GET /server/infos.php HTTP/1.1" 404 564 "-" "Mozilla/5.0 (Macintosh; Intel Mac OS X 10_12_3) AppleWebKit/537.36 (KHTML, like Gecko) Chrome/56.0.2924.87 Safari/537.36"
94.72.101.21 - - [02/Nov/2024:20:22:58 +0000] "GET /server/old_phpinfo.php HTTP/1.1" 404 564 "-" "Mozilla/5.0 (Macintosh; Intel Mac OS X 10_12_3) AppleWebKit/537.36 (KHTML, like Gecko) Chrome/56.0.2924.87 Safari/537.36"
94.72.101.21 - - [02/Nov/2024:20:22:58 +0000] "GET /server/temp.php HTTP/1.1" 404 564 "-" "Mozilla/5.0 (Macintosh; Intel Mac OS X 10_12_3) AppleWebKit/537.36 (KHTML, like Gecko) Chrome/56.0.2924.87 Safari/537.36"
94.72.101.21 - - [02/Nov/2024:20:22:59 +0000] "GET /server/time.php HTTP/1.1" 404 564 "-" "Mozilla/5.0 (Macintosh; Intel Mac OS X 10_12_3) AppleWebKit/537.36 (KHTML, like Gecko) Chrome/56.0.2924.87 Safari/537.36"
94.72.101.21 - - [02/Nov/2024:20:22:59 +0000] "GET /server/phpversion.php HTTP/1.1" 404 564 "-" "Mozilla/5.0 (Macintosh; Intel Mac OS X 10_12_3) AppleWebKit/537.36 (KHTML, like Gecko) Chrome/56.0.2924.87 Safari/537.36"
94.72.101.21 - - [02/Nov/2024:20:22:59 +0000] "GET /server/pinfo.php HTTP/1.1" 404 564 "-" "Mozilla/5.0 (Macintosh; Intel Mac OS X 10_12_3) AppleWebKit/537.36 (KHTML, like Gecko) Chrome/56.0.2924.87 Safari/537.36"
94.72.101.21 - - [02/Nov/2024:20:22:59 +0000] "GET /server/i.php HTTP/1.1" 404 564 "-" "Mozilla/5.0 (Macintosh; Intel Mac OS X 10_12_3) AppleWebKit/537.36 (KHTML, like Gecko) Chrome/56.0.2924.87 Safari/537.36"
94.72.101.21 - - [02/Nov/2024:20:23:00 +0000] "GET /server/asdf.php HTTP/1.1" 404 564 "-" "Mozilla/5.0 (Macintosh; Intel Mac OS X 10_12_3) AppleWebKit/537.36 (KHTML, like Gecko) Chrome/56.0.2924.87 Safari/537.36"
94.72.101.21 - - [02/Nov/2024:20:23:00 +0000] "GET /service/xampp/info.php HTTP/1.1" 404 564 "-" "Mozilla/5.0 (Macintosh; Intel Mac OS X 10_12_3) AppleWebKit/537.36 (KHTML, like Gecko) Chrome/56.0.2924.87 Safari/537.36"
94.72.101.21 - - [02/Nov/2024:20:23:00 +0000] "GET /service/xampp/phpinfo HTTP/1.1" 404 564 "-" "Mozilla/5.0 (Macintosh; Intel Mac OS X 10_12_3) AppleWebKit/537.36 (KHTML, like Gecko) Chrome/56.0.2924.87 Safari/537.36"
94.72.101.21 - - [02/Nov/2024:20:23:00 +0000] "GET /service/_profiler/phpinfo HTTP/1.1" 404 564 "-" "Mozilla/5.0 (Macintosh; Intel Mac OS X 10_12_3) AppleWebKit/537.36 (KHTML, like Gecko) Chrome/56.0.2924.87 Safari/537.36"
94.72.101.21 - - [02/Nov/2024:20:23:00 +0000] "GET /service/phpinfo HTTP/1.1" 404 564 "-" "Mozilla/5.0 (Macintosh; Intel Mac OS X 10_12_3) AppleWebKit/537.36 (KHTML, like Gecko) Chrome/56.0.2924.87 Safari/537.36"
94.72.101.21 - - [02/Nov/2024:20:23:01 +0000] "GET /service/php.ini HTTP/1.1" 404 564 "-" "Mozilla/5.0 (Macintosh; Intel Mac OS X 10_12_3) AppleWebKit/537.36 (KHTML, like Gecko) Chrome/56.0.2924.87 Safari/537.36"
94.72.101.21 - - [02/Nov/2024:20:23:01 +0000] "GET /service/php.php HTTP/1.1" 404 564 "-" "Mozilla/5.0 (Macintosh; Intel Mac OS X 10_12_3) AppleWebKit/537.36 (KHTML, like Gecko) Chrome/56.0.2924.87 Safari/537.36"
94.72.101.21 - - [02/Nov/2024:20:23:01 +0000] "GET /service/infophp.php HTTP/1.1" 404 564 "-" "Mozilla/5.0 (Macintosh; Intel Mac OS X 10_12_3) AppleWebKit/537.36 (KHTML, like Gecko) Chrome/56.0.2924.87 Safari/537.36"
94.72.101.21 - - [02/Nov/2024:20:23:02 +0000] "GET /service/test.php HTTP/1.1" 404 564 "-" "Mozilla/5.0 (Macintosh; Intel Mac OS X 10_12_3) AppleWebKit/537.36 (KHTML, like Gecko) Chrome/56.0.2924.87 Safari/537.36"
94.72.101.21 - - [02/Nov/2024:20:23:02 +0000] "GET /service/dashboard/phpinfo.php HTTP/1.1" 404 564 "-" "Mozilla/5.0 (Macintosh; Intel Mac OS X 10_12_3) AppleWebKit/537.36 (KHTML, like Gecko) Chrome/56.0.2924.87 Safari/537.36"
94.72.101.21 - - [02/Nov/2024:20:23:02 +0000] "GET /service/api/phpinfo.php HTTP/1.1" 404 564 "-" "Mozilla/5.0 (Macintosh; Intel Mac OS X 10_12_3) AppleWebKit/537.36 (KHTML, like Gecko) Chrome/56.0.2924.87 Safari/537.36"
94.72.101.21 - - [02/Nov/2024:20:23:03 +0000] "GET /service/backend/phpinfo.php HTTP/1.1" 404 564 "-" "Mozilla/5.0 (Macintosh; Intel Mac OS X 10_12_3) AppleWebKit/537.36 (KHTML, like Gecko) Chrome/56.0.2924.87 Safari/537.36"
94.72.101.21 - - [02/Nov/2024:20:23:03 +0000] "GET /service/backup/phpinfo.php HTTP/1.1" 404 564 "-" "Mozilla/5.0 (Macintosh; Intel Mac OS X 10_12_3) AppleWebKit/537.36 (KHTML, like Gecko) Chrome/56.0.2924.87 Safari/537.36"
94.72.101.21 - - [02/Nov/2024:20:23:03 +0000] "GET /service/crm/phpinfo.php HTTP/1.1" 404 564 "-" "Mozilla/5.0 (Macintosh; Intel Mac OS X 10_12_3) AppleWebKit/537.36 (KHTML, like Gecko) Chrome/56.0.2924.87 Safari/537.36"
94.72.101.21 - - [02/Nov/2024:20:23:04 +0000] "GET /service/current/phpinfo.php HTTP/1.1" 404 564 "-" "Mozilla/5.0 (Macintosh; Intel Mac OS X 10_12_3) AppleWebKit/537.36 (KHTML, like Gecko) Chrome/56.0.2924.87 Safari/537.36"
94.72.101.21 - - [02/Nov/2024:20:23:04 +0000] "GET /service/dev/phpinfo.php HTTP/1.1" 404 564 "-" "Mozilla/5.0 (Macintosh; Intel Mac OS X 10_12_3) AppleWebKit/537.36 (KHTML, like Gecko) Chrome/56.0.2924.87 Safari/537.36"
94.72.101.21 - - [02/Nov/2024:20:23:05 +0000] "GET /service/develop/phpinfo.php HTTP/1.1" 404 564 "-" "Mozilla/5.0 (Macintosh; Intel Mac OS X 10_12_3) AppleWebKit/537.36 (KHTML, like Gecko) Chrome/56.0.2924.87 Safari/537.36"
94.72.101.21 - - [02/Nov/2024:20:23:05 +0000] "GET /service/development/phpinfo.php HTTP/1.1" 404 564 "-" "Mozilla/5.0 (Macintosh; Intel Mac OS X 10_12_3) AppleWebKit/537.36 (KHTML, like Gecko) Chrome/56.0.2924.87 Safari/537.36"
94.72.101.21 - - [02/Nov/2024:20:23:05 +0000] "GET /service/help/phpinfo.php HTTP/1.1" 404 564 "-" "Mozilla/5.0 (Macintosh; Intel Mac OS X 10_12_3) AppleWebKit/537.36 (KHTML, like Gecko) Chrome/56.0.2924.87 Safari/537.36"
94.72.101.21 - - [02/Nov/2024:20:23:05 +0000] "GET /service/helper/phpinfo.php HTTP/1.1" 404 564 "-" "Mozilla/5.0 (Macintosh; Intel Mac OS X 10_12_3) AppleWebKit/537.36 (KHTML, like Gecko) Chrome/56.0.2924.87 Safari/537.36"
94.72.101.21 - - [02/Nov/2024:20:23:05 +0000] "GET /service/lara/phpinfo.php HTTP/1.1" 404 564 "-" "Mozilla/5.0 (Macintosh; Intel Mac OS X 10_12_3) AppleWebKit/537.36 (KHTML, like Gecko) Chrome/56.0.2924.87 Safari/537.36"
94.72.101.21 - - [02/Nov/2024:20:23:05 +0000] "GET /service/laravel/phpinfo.php HTTP/1.1" 404 564 "-" "Mozilla/5.0 (Macintosh; Intel Mac OS X 10_12_3) AppleWebKit/537.36 (KHTML, like Gecko) Chrome/56.0.2924.87 Safari/537.36"
94.72.101.21 - - [02/Nov/2024:20:23:06 +0000] "GET /service/server/phpinfo.php HTTP/1.1" 404 564 "-" "Mozilla/5.0 (Macintosh; Intel Mac OS X 10_12_3) AppleWebKit/537.36 (KHTML, like Gecko) Chrome/56.0.2924.87 Safari/537.36"
94.72.101.21 - - [02/Nov/2024:20:23:06 +0000] "GET /service/service/phpinfo.php HTTP/1.1" 404 564 "-" "Mozilla/5.0 (Macintosh; Intel Mac OS X 10_12_3) AppleWebKit/537.36 (KHTML, like Gecko) Chrome/56.0.2924.87 Safari/537.36"
94.72.101.21 - - [02/Nov/2024:20:23:06 +0000] "GET /service/services/phpinfo.php HTTP/1.1" 404 564 "-" "Mozilla/5.0 (Macintosh; Intel Mac OS X 10_12_3) AppleWebKit/537.36 (KHTML, like Gecko) Chrome/56.0.2924.87 Safari/537.36"
94.72.101.21 - - [02/Nov/2024:20:23:07 +0000] "GET /service/xampp/phpinfo.php HTTP/1.1" 404 564 "-" "Mozilla/5.0 (Macintosh; Intel Mac OS X 10_12_3) AppleWebKit/537.36 (KHTML, like Gecko) Chrome/56.0.2924.87 Safari/537.36"
94.72.101.21 - - [02/Nov/2024:20:23:08 +0000] "GET /service/api/info.php HTTP/1.1" 404 564 "-" "Mozilla/5.0 (Macintosh; Intel Mac OS X 10_12_3) AppleWebKit/537.36 (KHTML, like Gecko) Chrome/56.0.2924.87 Safari/537.36"
94.72.101.21 - - [02/Nov/2024:20:23:08 +0000] "GET /service/backend/info.php HTTP/1.1" 404 564 "-" "Mozilla/5.0 (Macintosh; Intel Mac OS X 10_12_3) AppleWebKit/537.36 (KHTML, like Gecko) Chrome/56.0.2924.87 Safari/537.36"
94.72.101.21 - - [02/Nov/2024:20:23:08 +0000] "GET /service/backup/info.php HTTP/1.1" 404 564 "-" "Mozilla/5.0 (Macintosh; Intel Mac OS X 10_12_3) AppleWebKit/537.36 (KHTML, like Gecko) Chrome/56.0.2924.87 Safari/537.36"
94.72.101.21 - - [02/Nov/2024:20:23:08 +0000] "GET /service/crm/info.php HTTP/1.1" 404 564 "-" "Mozilla/5.0 (Macintosh; Intel Mac OS X 10_12_3) AppleWebKit/537.36 (KHTML, like Gecko) Chrome/56.0.2924.87 Safari/537.36"
94.72.101.21 - - [02/Nov/2024:20:23:08 +0000] "GET /service/current/info.php HTTP/1.1" 404 564 "-" "Mozilla/5.0 (Macintosh; Intel Mac OS X 10_12_3) AppleWebKit/537.36 (KHTML, like Gecko) Chrome/56.0.2924.87 Safari/537.36"
94.72.101.21 - - [02/Nov/2024:20:23:08 +0000] "GET /service/dev/info.php HTTP/1.1" 404 564 "-" "Mozilla/5.0 (Macintosh; Intel Mac OS X 10_12_3) AppleWebKit/537.36 (KHTML, like Gecko) Chrome/56.0.2924.87 Safari/537.36"
94.72.101.21 - - [02/Nov/2024:20:23:09 +0000] "GET /service/develop/info.php HTTP/1.1" 404 564 "-" "Mozilla/5.0 (Macintosh; Intel Mac OS X 10_12_3) AppleWebKit/537.36 (KHTML, like Gecko) Chrome/56.0.2924.87 Safari/537.36"
94.72.101.21 - - [02/Nov/2024:20:23:09 +0000] "GET /service/development/iinfo.php HTTP/1.1" 404 564 "-" "Mozilla/5.0 (Macintosh; Intel Mac OS X 10_12_3) AppleWebKit/537.36 (KHTML, like Gecko) Chrome/56.0.2924.87 Safari/537.36"
94.72.101.21 - - [02/Nov/2024:20:23:09 +0000] "GET /service/help/info.php HTTP/1.1" 404 564 "-" "Mozilla/5.0 (Macintosh; Intel Mac OS X 10_12_3) AppleWebKit/537.36 (KHTML, like Gecko) Chrome/56.0.2924.87 Safari/537.36"
94.72.101.21 - - [02/Nov/2024:20:23:10 +0000] "GET /service/helper/info.php HTTP/1.1" 404 564 "-" "Mozilla/5.0 (Macintosh; Intel Mac OS X 10_12_3) AppleWebKit/537.36 (KHTML, like Gecko) Chrome/56.0.2924.87 Safari/537.36"
94.72.101.21 - - [02/Nov/2024:20:23:10 +0000] "GET /service/lara/info.php HTTP/1.1" 404 564 "-" "Mozilla/5.0 (Macintosh; Intel Mac OS X 10_12_3) AppleWebKit/537.36 (KHTML, like Gecko) Chrome/56.0.2924.87 Safari/537.36"
94.72.101.21 - - [02/Nov/2024:20:23:10 +0000] "GET /service/laravel/info.php HTTP/1.1" 404 564 "-" "Mozilla/5.0 (Macintosh; Intel Mac OS X 10_12_3) AppleWebKit/537.36 (KHTML, like Gecko) Chrome/56.0.2924.87 Safari/537.36"
94.72.101.21 - - [02/Nov/2024:20:23:11 +0000] "GET /service/server/info.php HTTP/1.1" 404 564 "-" "Mozilla/5.0 (Macintosh; Intel Mac OS X 10_12_3) AppleWebKit/537.36 (KHTML, like Gecko) Chrome/56.0.2924.87 Safari/537.36"
94.72.101.21 - - [02/Nov/2024:20:23:11 +0000] "GET /service/service/info.php HTTP/1.1" 404 564 "-" "Mozilla/5.0 (Macintosh; Intel Mac OS X 10_12_3) AppleWebKit/537.36 (KHTML, like Gecko) Chrome/56.0.2924.87 Safari/537.36"
94.72.101.21 - - [02/Nov/2024:20:23:11 +0000] "GET /service/services/info.php HTTP/1.1" 404 564 "-" "Mozilla/5.0 (Macintosh; Intel Mac OS X 10_12_3) AppleWebKit/537.36 (KHTML, like Gecko) Chrome/56.0.2924.87 Safari/537.36"
94.72.101.21 - - [02/Nov/2024:20:23:11 +0000] "GET /service/php-info.php HTTP/1.1" 404 564 "-" "Mozilla/5.0 (Macintosh; Intel Mac OS X 10_12_3) AppleWebKit/537.36 (KHTML, like Gecko) Chrome/56.0.2924.87 Safari/537.36"
94.72.101.21 - - [02/Nov/2024:20:23:12 +0000] "GET /service/linusadmin-phpinfo.php HTTP/1.1" 404 564 "-" "Mozilla/5.0 (Macintosh; Intel Mac OS X 10_12_3) AppleWebKit/537.36 (KHTML, like Gecko) Chrome/56.0.2924.87 Safari/537.36"
94.72.101.21 - - [02/Nov/2024:20:23:12 +0000] "GET /service/infos.php HTTP/1.1" 404 564 "-" "Mozilla/5.0 (Macintosh; Intel Mac OS X 10_12_3) AppleWebKit/537.36 (KHTML, like Gecko) Chrome/56.0.2924.87 Safari/537.36"
94.72.101.21 - - [02/Nov/2024:20:23:12 +0000] "GET /service/old_phpinfo.php HTTP/1.1" 404 564 "-" "Mozilla/5.0 (Macintosh; Intel Mac OS X 10_12_3) AppleWebKit/537.36 (KHTML, like Gecko) Chrome/56.0.2924.87 Safari/537.36"
94.72.101.21 - - [02/Nov/2024:20:23:13 +0000] "GET /service/temp.php HTTP/1.1" 404 564 "-" "Mozilla/5.0 (Macintosh; Intel Mac OS X 10_12_3) AppleWebKit/537.36 (KHTML, like Gecko) Chrome/56.0.2924.87 Safari/537.36"
94.72.101.21 - - [02/Nov/2024:20:23:13 +0000] "GET /service/time.php HTTP/1.1" 404 564 "-" "Mozilla/5.0 (Macintosh; Intel Mac OS X 10_12_3) AppleWebKit/537.36 (KHTML, like Gecko) Chrome/56.0.2924.87 Safari/537.36"
94.72.101.21 - - [02/Nov/2024:20:23:13 +0000] "GET /service/phpversion.php HTTP/1.1" 404 564 "-" "Mozilla/5.0 (Macintosh; Intel Mac OS X 10_12_3) AppleWebKit/537.36 (KHTML, like Gecko) Chrome/56.0.2924.87 Safari/537.36"
94.72.101.21 - - [02/Nov/2024:20:23:13 +0000] "GET /service/pinfo.php HTTP/1.1" 404 564 "-" "Mozilla/5.0 (Macintosh; Intel Mac OS X 10_12_3) AppleWebKit/537.36 (KHTML, like Gecko) Chrome/56.0.2924.87 Safari/537.36"
94.72.101.21 - - [02/Nov/2024:20:23:14 +0000] "GET /service/i.php HTTP/1.1" 404 564 "-" "Mozilla/5.0 (Macintosh; Intel Mac OS X 10_12_3) AppleWebKit/537.36 (KHTML, like Gecko) Chrome/56.0.2924.87 Safari/537.36"
94.72.101.21 - - [02/Nov/2024:20:23:14 +0000] "GET /service/asdf.php HTTP/1.1" 404 564 "-" "Mozilla/5.0 (Macintosh; Intel Mac OS X 10_12_3) AppleWebKit/537.36 (KHTML, like Gecko) Chrome/56.0.2924.87 Safari/537.36"
94.72.101.21 - - [02/Nov/2024:20:23:14 +0000] "GET /services/xampp/info.php HTTP/1.1" 404 564 "-" "Mozilla/5.0 (Macintosh; Intel Mac OS X 10_12_3) AppleWebKit/537.36 (KHTML, like Gecko) Chrome/56.0.2924.87 Safari/537.36"
94.72.101.21 - - [02/Nov/2024:20:23:14 +0000] "GET /services/xampp/phpinfo HTTP/1.1" 404 564 "-" "Mozilla/5.0 (Macintosh; Intel Mac OS X 10_12_3) AppleWebKit/537.36 (KHTML, like Gecko) Chrome/56.0.2924.87 Safari/537.36"
94.72.101.21 - - [02/Nov/2024:20:23:15 +0000] "GET /services/_profiler/phpinfo HTTP/1.1" 404 564 "-" "Mozilla/5.0 (Macintosh; Intel Mac OS X 10_12_3) AppleWebKit/537.36 (KHTML, like Gecko) Chrome/56.0.2924.87 Safari/537.36"
94.72.101.21 - - [02/Nov/2024:20:23:15 +0000] "GET /services/phpinfo HTTP/1.1" 404 564 "-" "Mozilla/5.0 (Macintosh; Intel Mac OS X 10_12_3) AppleWebKit/537.36 (KHTML, like Gecko) Chrome/56.0.2924.87 Safari/537.36"
94.72.101.21 - - [02/Nov/2024:20:23:15 +0000] "GET /services/php.ini HTTP/1.1" 404 564 "-" "Mozilla/5.0 (Macintosh; Intel Mac OS X 10_12_3) AppleWebKit/537.36 (KHTML, like Gecko) Chrome/56.0.2924.87 Safari/537.36"
94.72.101.21 - - [02/Nov/2024:20:23:16 +0000] "GET /services/php.php HTTP/1.1" 404 564 "-" "Mozilla/5.0 (Macintosh; Intel Mac OS X 10_12_3) AppleWebKit/537.36 (KHTML, like Gecko) Chrome/56.0.2924.87 Safari/537.36"
94.72.101.21 - - [02/Nov/2024:20:23:16 +0000] "GET /services/infophp.php HTTP/1.1" 404 564 "-" "Mozilla/5.0 (Macintosh; Intel Mac OS X 10_12_3) AppleWebKit/537.36 (KHTML, like Gecko) Chrome/56.0.2924.87 Safari/537.36"
94.72.101.21 - - [02/Nov/2024:20:23:16 +0000] "GET /services/test.php HTTP/1.1" 404 564 "-" "Mozilla/5.0 (Macintosh; Intel Mac OS X 10_12_3) AppleWebKit/537.36 (KHTML, like Gecko) Chrome/56.0.2924.87 Safari/537.36"
94.72.101.21 - - [02/Nov/2024:20:23:17 +0000] "GET /services/dashboard/phpinfo.php HTTP/1.1" 404 564 "-" "Mozilla/5.0 (Macintosh; Intel Mac OS X 10_12_3) AppleWebKit/537.36 (KHTML, like Gecko) Chrome/56.0.2924.87 Safari/537.36"
94.72.101.21 - - [02/Nov/2024:20:23:18 +0000] "GET /services/api/phpinfo.php HTTP/1.1" 404 564 "-" "Mozilla/5.0 (Macintosh; Intel Mac OS X 10_12_3) AppleWebKit/537.36 (KHTML, like Gecko) Chrome/56.0.2924.87 Safari/537.36"
94.72.101.21 - - [02/Nov/2024:20:23:18 +0000] "GET /services/backend/phpinfo.php HTTP/1.1" 404 564 "-" "Mozilla/5.0 (Macintosh; Intel Mac OS X 10_12_3) AppleWebKit/537.36 (KHTML, like Gecko) Chrome/56.0.2924.87 Safari/537.36"
94.72.101.21 - - [02/Nov/2024:20:23:18 +0000] "GET /services/backup/phpinfo.php HTTP/1.1" 404 564 "-" "Mozilla/5.0 (Macintosh; Intel Mac OS X 10_12_3) AppleWebKit/537.36 (KHTML, like Gecko) Chrome/56.0.2924.87 Safari/537.36"
94.72.101.21 - - [02/Nov/2024:20:23:19 +0000] "GET /services/crm/phpinfo.php HTTP/1.1" 404 564 "-" "Mozilla/5.0 (Macintosh; Intel Mac OS X 10_12_3) AppleWebKit/537.36 (KHTML, like Gecko) Chrome/56.0.2924.87 Safari/537.36"
94.72.101.21 - - [02/Nov/2024:20:23:19 +0000] "GET /services/current/phpinfo.php HTTP/1.1" 404 564 "-" "Mozilla/5.0 (Macintosh; Intel Mac OS X 10_12_3) AppleWebKit/537.36 (KHTML, like Gecko) Chrome/56.0.2924.87 Safari/537.36"
94.72.101.21 - - [02/Nov/2024:20:23:19 +0000] "GET /services/dev/phpinfo.php HTTP/1.1" 404 564 "-" "Mozilla/5.0 (Macintosh; Intel Mac OS X 10_12_3) AppleWebKit/537.36 (KHTML, like Gecko) Chrome/56.0.2924.87 Safari/537.36"
94.72.101.21 - - [02/Nov/2024:20:23:20 +0000] "GET /services/develop/phpinfo.php HTTP/1.1" 404 564 "-" "Mozilla/5.0 (Macintosh; Intel Mac OS X 10_12_3) AppleWebKit/537.36 (KHTML, like Gecko) Chrome/56.0.2924.87 Safari/537.36"
94.72.101.21 - - [02/Nov/2024:20:23:20 +0000] "GET /services/development/phpinfo.php HTTP/1.1" 404 564 "-" "Mozilla/5.0 (Macintosh; Intel Mac OS X 10_12_3) AppleWebKit/537.36 (KHTML, like Gecko) Chrome/56.0.2924.87 Safari/537.36"
94.72.101.21 - - [02/Nov/2024:20:23:21 +0000] "GET /services/help/phpinfo.php HTTP/1.1" 404 564 "-" "Mozilla/5.0 (Macintosh; Intel Mac OS X 10_12_3) AppleWebKit/537.36 (KHTML, like Gecko) Chrome/56.0.2924.87 Safari/537.36"
94.72.101.21 - - [02/Nov/2024:20:23:21 +0000] "GET /services/helper/phpinfo.php HTTP/1.1" 404 564 "-" "Mozilla/5.0 (Macintosh; Intel Mac OS X 10_12_3) AppleWebKit/537.36 (KHTML, like Gecko) Chrome/56.0.2924.87 Safari/537.36"
94.72.101.21 - - [02/Nov/2024:20:23:21 +0000] "GET /services/lara/phpinfo.php HTTP/1.1" 404 564 "-" "Mozilla/5.0 (Macintosh; Intel Mac OS X 10_12_3) AppleWebKit/537.36 (KHTML, like Gecko) Chrome/56.0.2924.87 Safari/537.36"
94.72.101.21 - - [02/Nov/2024:20:23:22 +0000] "GET /services/laravel/phpinfo.php HTTP/1.1" 404 564 "-" "Mozilla/5.0 (Macintosh; Intel Mac OS X 10_12_3) AppleWebKit/537.36 (KHTML, like Gecko) Chrome/56.0.2924.87 Safari/537.36"
94.72.101.21 - - [02/Nov/2024:20:23:22 +0000] "GET /services/server/phpinfo.php HTTP/1.1" 404 564 "-" "Mozilla/5.0 (Macintosh; Intel Mac OS X 10_12_3) AppleWebKit/537.36 (KHTML, like Gecko) Chrome/56.0.2924.87 Safari/537.36"
94.72.101.21 - - [02/Nov/2024:20:23:23 +0000] "GET /services/service/phpinfo.php HTTP/1.1" 404 564 "-" "Mozilla/5.0 (Macintosh; Intel Mac OS X 10_12_3) AppleWebKit/537.36 (KHTML, like Gecko) Chrome/56.0.2924.87 Safari/537.36"
94.72.101.21 - - [02/Nov/2024:20:23:23 +0000] "GET /services/services/phpinfo.php HTTP/1.1" 404 564 "-" "Mozilla/5.0 (Macintosh; Intel Mac OS X 10_12_3) AppleWebKit/537.36 (KHTML, like Gecko) Chrome/56.0.2924.87 Safari/537.36"
94.72.101.21 - - [02/Nov/2024:20:23:23 +0000] "GET /services/xampp/phpinfo.php HTTP/1.1" 404 564 "-" "Mozilla/5.0 (Macintosh; Intel Mac OS X 10_12_3) AppleWebKit/537.36 (KHTML, like Gecko) Chrome/56.0.2924.87 Safari/537.36"
94.72.101.21 - - [02/Nov/2024:20:23:23 +0000] "GET /services/api/info.php HTTP/1.1" 404 564 "-" "Mozilla/5.0 (Macintosh; Intel Mac OS X 10_12_3) AppleWebKit/537.36 (KHTML, like Gecko) Chrome/56.0.2924.87 Safari/537.36"
94.72.101.21 - - [02/Nov/2024:20:23:23 +0000] "GET /services/backend/info.php HTTP/1.1" 404 564 "-" "Mozilla/5.0 (Macintosh; Intel Mac OS X 10_12_3) AppleWebKit/537.36 (KHTML, like Gecko) Chrome/56.0.2924.87 Safari/537.36"
94.72.101.21 - - [02/Nov/2024:20:23:24 +0000] "GET /services/backup/info.php HTTP/1.1" 404 564 "-" "Mozilla/5.0 (Macintosh; Intel Mac OS X 10_12_3) AppleWebKit/537.36 (KHTML, like Gecko) Chrome/56.0.2924.87 Safari/537.36"
94.72.101.21 - - [02/Nov/2024:20:23:24 +0000] "GET /services/crm/info.php HTTP/1.1" 404 564 "-" "Mozilla/5.0 (Macintosh; Intel Mac OS X 10_12_3) AppleWebKit/537.36 (KHTML, like Gecko) Chrome/56.0.2924.87 Safari/537.36"
94.72.101.21 - - [02/Nov/2024:20:23:24 +0000] "GET /services/current/info.php HTTP/1.1" 404 564 "-" "Mozilla/5.0 (Macintosh; Intel Mac OS X 10_12_3) AppleWebKit/537.36 (KHTML, like Gecko) Chrome/56.0.2924.87 Safari/537.36"
94.72.101.21 - - [02/Nov/2024:20:23:25 +0000] "GET /services/dev/info.php HTTP/1.1" 404 564 "-" "Mozilla/5.0 (Macintosh; Intel Mac OS X 10_12_3) AppleWebKit/537.36 (KHTML, like Gecko) Chrome/56.0.2924.87 Safari/537.36"
94.72.101.21 - - [02/Nov/2024:20:23:25 +0000] "GET /services/develop/info.php HTTP/1.1" 404 564 "-" "Mozilla/5.0 (Macintosh; Intel Mac OS X 10_12_3) AppleWebKit/537.36 (KHTML, like Gecko) Chrome/56.0.2924.87 Safari/537.36"
94.72.101.21 - - [02/Nov/2024:20:23:25 +0000] "GET /services/development/iinfo.php HTTP/1.1" 404 564 "-" "Mozilla/5.0 (Macintosh; Intel Mac OS X 10_12_3) AppleWebKit/537.36 (KHTML, like Gecko) Chrome/56.0.2924.87 Safari/537.36"
94.72.101.21 - - [02/Nov/2024:20:23:25 +0000] "GET /services/help/info.php HTTP/1.1" 404 564 "-" "Mozilla/5.0 (Macintosh; Intel Mac OS X 10_12_3) AppleWebKit/537.36 (KHTML, like Gecko) Chrome/56.0.2924.87 Safari/537.36"
94.72.101.21 - - [02/Nov/2024:20:23:26 +0000] "GET /services/helper/info.php HTTP/1.1" 404 564 "-" "Mozilla/5.0 (Macintosh; Intel Mac OS X 10_12_3) AppleWebKit/537.36 (KHTML, like Gecko) Chrome/56.0.2924.87 Safari/537.36"
94.72.101.21 - - [02/Nov/2024:20:23:26 +0000] "GET /services/lara/info.php HTTP/1.1" 404 564 "-" "Mozilla/5.0 (Macintosh; Intel Mac OS X 10_12_3) AppleWebKit/537.36 (KHTML, like Gecko) Chrome/56.0.2924.87 Safari/537.36"
94.72.101.21 - - [02/Nov/2024:20:23:26 +0000] "GET /services/laravel/info.php HTTP/1.1" 404 564 "-" "Mozilla/5.0 (Macintosh; Intel Mac OS X 10_12_3) AppleWebKit/537.36 (KHTML, like Gecko) Chrome/56.0.2924.87 Safari/537.36"
94.72.101.21 - - [02/Nov/2024:20:23:27 +0000] "GET /services/server/info.php HTTP/1.1" 404 564 "-" "Mozilla/5.0 (Macintosh; Intel Mac OS X 10_12_3) AppleWebKit/537.36 (KHTML, like Gecko) Chrome/56.0.2924.87 Safari/537.36"
94.72.101.21 - - [02/Nov/2024:20:23:27 +0000] "GET /services/service/info.php HTTP/1.1" 404 564 "-" "Mozilla/5.0 (Macintosh; Intel Mac OS X 10_12_3) AppleWebKit/537.36 (KHTML, like Gecko) Chrome/56.0.2924.87 Safari/537.36"
94.72.101.21 - - [02/Nov/2024:20:23:27 +0000] "GET /services/services/info.php HTTP/1.1" 404 564 "-" "Mozilla/5.0 (Macintosh; Intel Mac OS X 10_12_3) AppleWebKit/537.36 (KHTML, like Gecko) Chrome/56.0.2924.87 Safari/537.36"
94.72.101.21 - - [02/Nov/2024:20:23:27 +0000] "GET /services/php-info.php HTTP/1.1" 404 564 "-" "Mozilla/5.0 (Macintosh; Intel Mac OS X 10_12_3) AppleWebKit/537.36 (KHTML, like Gecko) Chrome/56.0.2924.87 Safari/537.36"
94.72.101.21 - - [02/Nov/2024:20:23:27 +0000] "GET /services/linusadmin-phpinfo.php HTTP/1.1" 404 564 "-" "Mozilla/5.0 (Macintosh; Intel Mac OS X 10_12_3) AppleWebKit/537.36 (KHTML, like Gecko) Chrome/56.0.2924.87 Safari/537.36"
94.72.101.21 - - [02/Nov/2024:20:23:28 +0000] "GET /services/infos.php HTTP/1.1" 404 564 "-" "Mozilla/5.0 (Macintosh; Intel Mac OS X 10_12_3) AppleWebKit/537.36 (KHTML, like Gecko) Chrome/56.0.2924.87 Safari/537.36"
94.72.101.21 - - [02/Nov/2024:20:23:28 +0000] "GET /services/old_phpinfo.php HTTP/1.1" 404 564 "-" "Mozilla/5.0 (Macintosh; Intel Mac OS X 10_12_3) AppleWebKit/537.36 (KHTML, like Gecko) Chrome/56.0.2924.87 Safari/537.36"
94.72.101.21 - - [02/Nov/2024:20:23:28 +0000] "GET /services/temp.php HTTP/1.1" 404 564 "-" "Mozilla/5.0 (Macintosh; Intel Mac OS X 10_12_3) AppleWebKit/537.36 (KHTML, like Gecko) Chrome/56.0.2924.87 Safari/537.36"
94.72.101.21 - - [02/Nov/2024:20:23:28 +0000] "GET /services/time.php HTTP/1.1" 404 564 "-" "Mozilla/5.0 (Macintosh; Intel Mac OS X 10_12_3) AppleWebKit/537.36 (KHTML, like Gecko) Chrome/56.0.2924.87 Safari/537.36"
94.72.101.21 - - [02/Nov/2024:20:23:28 +0000] "GET /services/phpversion.php HTTP/1.1" 404 564 "-" "Mozilla/5.0 (Macintosh; Intel Mac OS X 10_12_3) AppleWebKit/537.36 (KHTML, like Gecko) Chrome/56.0.2924.87 Safari/537.36"
94.72.101.21 - - [02/Nov/2024:20:23:29 +0000] "GET /services/pinfo.php HTTP/1.1" 404 564 "-" "Mozilla/5.0 (Macintosh; Intel Mac OS X 10_12_3) AppleWebKit/537.36 (KHTML, like Gecko) Chrome/56.0.2924.87 Safari/537.36"
94.72.101.21 - - [02/Nov/2024:20:23:29 +0000] "GET /services/i.php HTTP/1.1" 404 564 "-" "Mozilla/5.0 (Macintosh; Intel Mac OS X 10_12_3) AppleWebKit/537.36 (KHTML, like Gecko) Chrome/56.0.2924.87 Safari/537.36"
94.72.101.21 - - [02/Nov/2024:20:23:30 +0000] "GET /services/asdf.php HTTP/1.1" 404 564 "-" "Mozilla/5.0 (Macintosh; Intel Mac OS X 10_12_3) AppleWebKit/537.36 (KHTML, like Gecko) Chrome/56.0.2924.87 Safari/537.36"
94.72.101.21 - - [02/Nov/2024:20:23:30 +0000] "GET /stg/xampp/info.php HTTP/1.1" 404 564 "-" "Mozilla/5.0 (Macintosh; Intel Mac OS X 10_12_3) AppleWebKit/537.36 (KHTML, like Gecko) Chrome/56.0.2924.87 Safari/537.36"
94.72.101.21 - - [02/Nov/2024:20:23:30 +0000] "GET /stg/xampp/phpinfo HTTP/1.1" 404 564 "-" "Mozilla/5.0 (Macintosh; Intel Mac OS X 10_12_3) AppleWebKit/537.36 (KHTML, like Gecko) Chrome/56.0.2924.87 Safari/537.36"
94.72.101.21 - - [02/Nov/2024:20:23:30 +0000] "GET /stg/_profiler/phpinfo HTTP/1.1" 404 564 "-" "Mozilla/5.0 (Macintosh; Intel Mac OS X 10_12_3) AppleWebKit/537.36 (KHTML, like Gecko) Chrome/56.0.2924.87 Safari/537.36"
94.72.101.21 - - [02/Nov/2024:20:23:30 +0000] "GET /stg/phpinfo.php HTTP/1.1" 404 564 "-" "Mozilla/5.0 (Macintosh; Intel Mac OS X 10_12_3) AppleWebKit/537.36 (KHTML, like Gecko) Chrome/56.0.2924.87 Safari/537.36"
94.72.101.21 - - [02/Nov/2024:20:23:31 +0000] "GET /stg/phpinfo HTTP/1.1" 404 564 "-" "Mozilla/5.0 (Macintosh; Intel Mac OS X 10_12_3) AppleWebKit/537.36 (KHTML, like Gecko) Chrome/56.0.2924.87 Safari/537.36"
94.72.101.21 - - [02/Nov/2024:20:23:31 +0000] "GET /stg/info.php HTTP/1.1" 404 564 "-" "Mozilla/5.0 (Macintosh; Intel Mac OS X 10_12_3) AppleWebKit/537.36 (KHTML, like Gecko) Chrome/56.0.2924.87 Safari/537.36"
94.72.101.21 - - [02/Nov/2024:20:23:31 +0000] "GET /stg/php.ini HTTP/1.1" 404 564 "-" "Mozilla/5.0 (Macintosh; Intel Mac OS X 10_12_3) AppleWebKit/537.36 (KHTML, like Gecko) Chrome/56.0.2924.87 Safari/537.36"
94.72.101.21 - - [02/Nov/2024:20:23:32 +0000] "GET /stg/php.php HTTP/1.1" 404 564 "-" "Mozilla/5.0 (Macintosh; Intel Mac OS X 10_12_3) AppleWebKit/537.36 (KHTML, like Gecko) Chrome/56.0.2924.87 Safari/537.36"
94.72.101.21 - - [02/Nov/2024:20:23:32 +0000] "GET /stg/infophp.php HTTP/1.1" 404 564 "-" "Mozilla/5.0 (Macintosh; Intel Mac OS X 10_12_3) AppleWebKit/537.36 (KHTML, like Gecko) Chrome/56.0.2924.87 Safari/537.36"
94.72.101.21 - - [02/Nov/2024:20:23:32 +0000] "GET /stg/test.php HTTP/1.1" 404 564 "-" "Mozilla/5.0 (Macintosh; Intel Mac OS X 10_12_3) AppleWebKit/537.36 (KHTML, like Gecko) Chrome/56.0.2924.87 Safari/537.36"
94.72.101.21 - - [02/Nov/2024:20:23:32 +0000] "GET /stg/dashboard/phpinfo.php HTTP/1.1" 404 564 "-" "Mozilla/5.0 (Macintosh; Intel Mac OS X 10_12_3) AppleWebKit/537.36 (KHTML, like Gecko) Chrome/56.0.2924.87 Safari/537.36"
94.72.101.21 - - [02/Nov/2024:20:23:32 +0000] "GET /stg/api/phpinfo.php HTTP/1.1" 404 564 "-" "Mozilla/5.0 (Macintosh; Intel Mac OS X 10_12_3) AppleWebKit/537.36 (KHTML, like Gecko) Chrome/56.0.2924.87 Safari/537.36"
94.72.101.21 - - [02/Nov/2024:20:23:32 +0000] "GET /stg/backend/phpinfo.php HTTP/1.1" 404 564 "-" "Mozilla/5.0 (Macintosh; Intel Mac OS X 10_12_3) AppleWebKit/537.36 (KHTML, like Gecko) Chrome/56.0.2924.87 Safari/537.36"
94.72.101.21 - - [02/Nov/2024:20:23:33 +0000] "GET /stg/backup/phpinfo.php HTTP/1.1" 404 564 "-" "Mozilla/5.0 (Macintosh; Intel Mac OS X 10_12_3) AppleWebKit/537.36 (KHTML, like Gecko) Chrome/56.0.2924.87 Safari/537.36"
94.72.101.21 - - [02/Nov/2024:20:23:33 +0000] "GET /stg/crm/phpinfo.php HTTP/1.1" 404 564 "-" "Mozilla/5.0 (Macintosh; Intel Mac OS X 10_12_3) AppleWebKit/537.36 (KHTML, like Gecko) Chrome/56.0.2924.87 Safari/537.36"
94.72.101.21 - - [02/Nov/2024:20:23:33 +0000] "GET /stg/current/phpinfo.php HTTP/1.1" 404 564 "-" "Mozilla/5.0 (Macintosh; Intel Mac OS X 10_12_3) AppleWebKit/537.36 (KHTML, like Gecko) Chrome/56.0.2924.87 Safari/537.36"
94.72.101.21 - - [02/Nov/2024:20:23:34 +0000] "GET /stg/dev/phpinfo.php HTTP/1.1" 404 564 "-" "Mozilla/5.0 (Macintosh; Intel Mac OS X 10_12_3) AppleWebKit/537.36 (KHTML, like Gecko) Chrome/56.0.2924.87 Safari/537.36"
94.72.101.21 - - [02/Nov/2024:20:23:34 +0000] "GET /stg/develop/phpinfo.php HTTP/1.1" 404 564 "-" "Mozilla/5.0 (Macintosh; Intel Mac OS X 10_12_3) AppleWebKit/537.36 (KHTML, like Gecko) Chrome/56.0.2924.87 Safari/537.36"
94.72.101.21 - - [02/Nov/2024:20:23:34 +0000] "GET /stg/development/phpinfo.php HTTP/1.1" 404 564 "-" "Mozilla/5.0 (Macintosh; Intel Mac OS X 10_12_3) AppleWebKit/537.36 (KHTML, like Gecko) Chrome/56.0.2924.87 Safari/537.36"
94.72.101.21 - - [02/Nov/2024:20:23:34 +0000] "GET /stg/help/phpinfo.php HTTP/1.1" 404 564 "-" "Mozilla/5.0 (Macintosh; Intel Mac OS X 10_12_3) AppleWebKit/537.36 (KHTML, like Gecko) Chrome/56.0.2924.87 Safari/537.36"
94.72.101.21 - - [02/Nov/2024:20:23:34 +0000] "GET /stg/helper/phpinfo.php HTTP/1.1" 404 564 "-" "Mozilla/5.0 (Macintosh; Intel Mac OS X 10_12_3) AppleWebKit/537.36 (KHTML, like Gecko) Chrome/56.0.2924.87 Safari/537.36"
94.72.101.21 - - [02/Nov/2024:20:23:34 +0000] "GET /stg/lara/phpinfo.php HTTP/1.1" 404 564 "-" "Mozilla/5.0 (Macintosh; Intel Mac OS X 10_12_3) AppleWebKit/537.36 (KHTML, like Gecko) Chrome/56.0.2924.87 Safari/537.36"
94.72.101.21 - - [02/Nov/2024:20:23:35 +0000] "GET /stg/laravel/phpinfo.php HTTP/1.1" 404 564 "-" "Mozilla/5.0 (Macintosh; Intel Mac OS X 10_12_3) AppleWebKit/537.36 (KHTML, like Gecko) Chrome/56.0.2924.87 Safari/537.36"
94.72.101.21 - - [02/Nov/2024:20:23:35 +0000] "GET /stg/server/phpinfo.php HTTP/1.1" 404 564 "-" "Mozilla/5.0 (Macintosh; Intel Mac OS X 10_12_3) AppleWebKit/537.36 (KHTML, like Gecko) Chrome/56.0.2924.87 Safari/537.36"
94.72.101.21 - - [02/Nov/2024:20:23:35 +0000] "GET /stg/service/phpinfo.php HTTP/1.1" 404 564 "-" "Mozilla/5.0 (Macintosh; Intel Mac OS X 10_12_3) AppleWebKit/537.36 (KHTML, like Gecko) Chrome/56.0.2924.87 Safari/537.36"
94.72.101.21 - - [02/Nov/2024:20:23:35 +0000] "GET /stg/services/phpinfo.php HTTP/1.1" 404 564 "-" "Mozilla/5.0 (Macintosh; Intel Mac OS X 10_12_3) AppleWebKit/537.36 (KHTML, like Gecko) Chrome/56.0.2924.87 Safari/537.36"
94.72.101.21 - - [02/Nov/2024:20:23:35 +0000] "GET /stg/xampp/phpinfo.php HTTP/1.1" 404 564 "-" "Mozilla/5.0 (Macintosh; Intel Mac OS X 10_12_3) AppleWebKit/537.36 (KHTML, like Gecko) Chrome/56.0.2924.87 Safari/537.36"
94.72.101.21 - - [02/Nov/2024:20:23:36 +0000] "GET /stg/api/info.php HTTP/1.1" 404 564 "-" "Mozilla/5.0 (Macintosh; Intel Mac OS X 10_12_3) AppleWebKit/537.36 (KHTML, like Gecko) Chrome/56.0.2924.87 Safari/537.36"
94.72.101.21 - - [02/Nov/2024:20:23:36 +0000] "GET /stg/backend/info.php HTTP/1.1" 404 564 "-" "Mozilla/5.0 (Macintosh; Intel Mac OS X 10_12_3) AppleWebKit/537.36 (KHTML, like Gecko) Chrome/56.0.2924.87 Safari/537.36"
94.72.101.21 - - [02/Nov/2024:20:23:36 +0000] "GET /stg/backup/info.php HTTP/1.1" 404 564 "-" "Mozilla/5.0 (Macintosh; Intel Mac OS X 10_12_3) AppleWebKit/537.36 (KHTML, like Gecko) Chrome/56.0.2924.87 Safari/537.36"
94.72.101.21 - - [02/Nov/2024:20:23:36 +0000] "GET /stg/crm/info.php HTTP/1.1" 404 564 "-" "Mozilla/5.0 (Macintosh; Intel Mac OS X 10_12_3) AppleWebKit/537.36 (KHTML, like Gecko) Chrome/56.0.2924.87 Safari/537.36"
94.72.101.21 - - [02/Nov/2024:20:23:36 +0000] "GET /stg/current/info.php HTTP/1.1" 404 564 "-" "Mozilla/5.0 (Macintosh; Intel Mac OS X 10_12_3) AppleWebKit/537.36 (KHTML, like Gecko) Chrome/56.0.2924.87 Safari/537.36"
94.72.101.21 - - [02/Nov/2024:20:23:36 +0000] "GET /stg/dev/info.php HTTP/1.1" 404 564 "-" "Mozilla/5.0 (Macintosh; Intel Mac OS X 10_12_3) AppleWebKit/537.36 (KHTML, like Gecko) Chrome/56.0.2924.87 Safari/537.36"
94.72.101.21 - - [02/Nov/2024:20:23:37 +0000] "GET /stg/develop/info.php HTTP/1.1" 404 564 "-" "Mozilla/5.0 (Macintosh; Intel Mac OS X 10_12_3) AppleWebKit/537.36 (KHTML, like Gecko) Chrome/56.0.2924.87 Safari/537.36"
94.72.101.21 - - [02/Nov/2024:20:23:37 +0000] "GET /stg/development/iinfo.php HTTP/1.1" 404 564 "-" "Mozilla/5.0 (Macintosh; Intel Mac OS X 10_12_3) AppleWebKit/537.36 (KHTML, like Gecko) Chrome/56.0.2924.87 Safari/537.36"
94.72.101.21 - - [02/Nov/2024:20:23:37 +0000] "GET /stg/help/info.php HTTP/1.1" 404 564 "-" "Mozilla/5.0 (Macintosh; Intel Mac OS X 10_12_3) AppleWebKit/537.36 (KHTML, like Gecko) Chrome/56.0.2924.87 Safari/537.36"
94.72.101.21 - - [02/Nov/2024:20:23:38 +0000] "GET /stg/helper/info.php HTTP/1.1" 404 564 "-" "Mozilla/5.0 (Macintosh; Intel Mac OS X 10_12_3) AppleWebKit/537.36 (KHTML, like Gecko) Chrome/56.0.2924.87 Safari/537.36"
94.72.101.21 - - [02/Nov/2024:20:23:38 +0000] "GET /stg/lara/info.php HTTP/1.1" 404 564 "-" "Mozilla/5.0 (Macintosh; Intel Mac OS X 10_12_3) AppleWebKit/537.36 (KHTML, like Gecko) Chrome/56.0.2924.87 Safari/537.36"
94.72.101.21 - - [02/Nov/2024:20:23:38 +0000] "GET /stg/laravel/info.php HTTP/1.1" 404 564 "-" "Mozilla/5.0 (Macintosh; Intel Mac OS X 10_12_3) AppleWebKit/537.36 (KHTML, like Gecko) Chrome/56.0.2924.87 Safari/537.36"
94.72.101.21 - - [02/Nov/2024:20:23:38 +0000] "GET /stg/server/info.php HTTP/1.1" 404 564 "-" "Mozilla/5.0 (Macintosh; Intel Mac OS X 10_12_3) AppleWebKit/537.36 (KHTML, like Gecko) Chrome/56.0.2924.87 Safari/537.36"
94.72.101.21 - - [02/Nov/2024:20:23:39 +0000] "GET /stg/service/info.php HTTP/1.1" 404 564 "-" "Mozilla/5.0 (Macintosh; Intel Mac OS X 10_12_3) AppleWebKit/537.36 (KHTML, like Gecko) Chrome/56.0.2924.87 Safari/537.36"
94.72.101.21 - - [02/Nov/2024:20:23:40 +0000] "GET /stg/services/info.php HTTP/1.1" 404 564 "-" "Mozilla/5.0 (Macintosh; Intel Mac OS X 10_12_3) AppleWebKit/537.36 (KHTML, like Gecko) Chrome/56.0.2924.87 Safari/537.36"
94.72.101.21 - - [02/Nov/2024:20:23:40 +0000] "GET /stg/php-info.php HTTP/1.1" 404 564 "-" "Mozilla/5.0 (Macintosh; Intel Mac OS X 10_12_3) AppleWebKit/537.36 (KHTML, like Gecko) Chrome/56.0.2924.87 Safari/537.36"
94.72.101.21 - - [02/Nov/2024:20:23:40 +0000] "GET /stg/linusadmin-phpinfo.php HTTP/1.1" 404 564 "-" "Mozilla/5.0 (Macintosh; Intel Mac OS X 10_12_3) AppleWebKit/537.36 (KHTML, like Gecko) Chrome/56.0.2924.87 Safari/537.36"
94.72.101.21 - - [02/Nov/2024:20:23:41 +0000] "GET /stg/infos.php HTTP/1.1" 404 564 "-" "Mozilla/5.0 (Macintosh; Intel Mac OS X 10_12_3) AppleWebKit/537.36 (KHTML, like Gecko) Chrome/56.0.2924.87 Safari/537.36"
94.72.101.21 - - [02/Nov/2024:20:23:41 +0000] "GET /stg/old_phpinfo.php HTTP/1.1" 404 564 "-" "Mozilla/5.0 (Macintosh; Intel Mac OS X 10_12_3) AppleWebKit/537.36 (KHTML, like Gecko) Chrome/56.0.2924.87 Safari/537.36"
94.72.101.21 - - [02/Nov/2024:20:23:41 +0000] "GET /stg/temp.php HTTP/1.1" 404 564 "-" "Mozilla/5.0 (Macintosh; Intel Mac OS X 10_12_3) AppleWebKit/537.36 (KHTML, like Gecko) Chrome/56.0.2924.87 Safari/537.36"
94.72.101.21 - - [02/Nov/2024:20:23:42 +0000] "GET /stg/time.php HTTP/1.1" 404 564 "-" "Mozilla/5.0 (Macintosh; Intel Mac OS X 10_12_3) AppleWebKit/537.36 (KHTML, like Gecko) Chrome/56.0.2924.87 Safari/537.36"
94.72.101.21 - - [02/Nov/2024:20:23:42 +0000] "GET /stg/phpversion.php HTTP/1.1" 404 564 "-" "Mozilla/5.0 (Macintosh; Intel Mac OS X 10_12_3) AppleWebKit/537.36 (KHTML, like Gecko) Chrome/56.0.2924.87 Safari/537.36"
94.72.101.21 - - [02/Nov/2024:20:23:42 +0000] "GET /stg/pinfo.php HTTP/1.1" 404 564 "-" "Mozilla/5.0 (Macintosh; Intel Mac OS X 10_12_3) AppleWebKit/537.36 (KHTML, like Gecko) Chrome/56.0.2924.87 Safari/537.36"
94.72.101.21 - - [02/Nov/2024:20:23:42 +0000] "GET /stg/i.php HTTP/1.1" 404 564 "-" "Mozilla/5.0 (Macintosh; Intel Mac OS X 10_12_3) AppleWebKit/537.36 (KHTML, like Gecko) Chrome/56.0.2924.87 Safari/537.36"
94.72.101.21 - - [02/Nov/2024:20:23:43 +0000] "GET /stg/asdf.php HTTP/1.1" 404 564 "-" "Mozilla/5.0 (Macintosh; Intel Mac OS X 10_12_3) AppleWebKit/537.36 (KHTML, like Gecko) Chrome/56.0.2924.87 Safari/537.36"
94.72.101.21 - - [02/Nov/2024:20:23:43 +0000] "GET /stage/xampp/info.php HTTP/1.1" 404 564 "-" "Mozilla/5.0 (Macintosh; Intel Mac OS X 10_12_3) AppleWebKit/537.36 (KHTML, like Gecko) Chrome/56.0.2924.87 Safari/537.36"
94.72.101.21 - - [02/Nov/2024:20:23:43 +0000] "GET /stage/xampp/phpinfo HTTP/1.1" 404 564 "-" "Mozilla/5.0 (Macintosh; Intel Mac OS X 10_12_3) AppleWebKit/537.36 (KHTML, like Gecko) Chrome/56.0.2924.87 Safari/537.36"
94.72.101.21 - - [02/Nov/2024:20:23:43 +0000] "GET /stage/_profiler/phpinfo HTTP/1.1" 404 564 "-" "Mozilla/5.0 (Macintosh; Intel Mac OS X 10_12_3) AppleWebKit/537.36 (KHTML, like Gecko) Chrome/56.0.2924.87 Safari/537.36"
94.72.101.21 - - [02/Nov/2024:20:23:43 +0000] "GET /stage/phpinfo.php HTTP/1.1" 404 564 "-" "Mozilla/5.0 (Macintosh; Intel Mac OS X 10_12_3) AppleWebKit/537.36 (KHTML, like Gecko) Chrome/56.0.2924.87 Safari/537.36"
94.72.101.21 - - [02/Nov/2024:20:23:44 +0000] "GET /stage/phpinfo HTTP/1.1" 404 564 "-" "Mozilla/5.0 (Macintosh; Intel Mac OS X 10_12_3) AppleWebKit/537.36 (KHTML, like Gecko) Chrome/56.0.2924.87 Safari/537.36"
94.72.101.21 - - [02/Nov/2024:20:23:44 +0000] "GET /stage/info.php HTTP/1.1" 404 564 "-" "Mozilla/5.0 (Macintosh; Intel Mac OS X 10_12_3) AppleWebKit/537.36 (KHTML, like Gecko) Chrome/56.0.2924.87 Safari/537.36"
94.72.101.21 - - [02/Nov/2024:20:23:44 +0000] "GET /stage/php.ini HTTP/1.1" 404 564 "-" "Mozilla/5.0 (Macintosh; Intel Mac OS X 10_12_3) AppleWebKit/537.36 (KHTML, like Gecko) Chrome/56.0.2924.87 Safari/537.36"
94.72.101.21 - - [02/Nov/2024:20:23:44 +0000] "GET /stage/php.php HTTP/1.1" 404 564 "-" "Mozilla/5.0 (Macintosh; Intel Mac OS X 10_12_3) AppleWebKit/537.36 (KHTML, like Gecko) Chrome/56.0.2924.87 Safari/537.36"
94.72.101.21 - - [02/Nov/2024:20:23:45 +0000] "GET /stage/infophp.php HTTP/1.1" 404 564 "-" "Mozilla/5.0 (Macintosh; Intel Mac OS X 10_12_3) AppleWebKit/537.36 (KHTML, like Gecko) Chrome/56.0.2924.87 Safari/537.36"
94.72.101.21 - - [02/Nov/2024:20:23:45 +0000] "GET /stage/test.php HTTP/1.1" 404 564 "-" "Mozilla/5.0 (Macintosh; Intel Mac OS X 10_12_3) AppleWebKit/537.36 (KHTML, like Gecko) Chrome/56.0.2924.87 Safari/537.36"
94.72.101.21 - - [02/Nov/2024:20:23:45 +0000] "GET /stage/dashboard/phpinfo.php HTTP/1.1" 404 564 "-" "Mozilla/5.0 (Macintosh; Intel Mac OS X 10_12_3) AppleWebKit/537.36 (KHTML, like Gecko) Chrome/56.0.2924.87 Safari/537.36"
94.72.101.21 - - [02/Nov/2024:20:23:45 +0000] "GET /stage/api/phpinfo.php HTTP/1.1" 404 564 "-" "Mozilla/5.0 (Macintosh; Intel Mac OS X 10_12_3) AppleWebKit/537.36 (KHTML, like Gecko) Chrome/56.0.2924.87 Safari/537.36"
94.72.101.21 - - [02/Nov/2024:20:23:45 +0000] "GET /stage/backend/phpinfo.php HTTP/1.1" 404 564 "-" "Mozilla/5.0 (Macintosh; Intel Mac OS X 10_12_3) AppleWebKit/537.36 (KHTML, like Gecko) Chrome/56.0.2924.87 Safari/537.36"
94.72.101.21 - - [02/Nov/2024:20:23:45 +0000] "GET /stage/backup/phpinfo.php HTTP/1.1" 404 564 "-" "Mozilla/5.0 (Macintosh; Intel Mac OS X 10_12_3) AppleWebKit/537.36 (KHTML, like Gecko) Chrome/56.0.2924.87 Safari/537.36"
94.72.101.21 - - [02/Nov/2024:20:23:46 +0000] "GET /stage/crm/phpinfo.php HTTP/1.1" 404 564 "-" "Mozilla/5.0 (Macintosh; Intel Mac OS X 10_12_3) AppleWebKit/537.36 (KHTML, like Gecko) Chrome/56.0.2924.87 Safari/537.36"
94.72.101.21 - - [02/Nov/2024:20:23:46 +0000] "GET /stage/current/phpinfo.php HTTP/1.1" 404 564 "-" "Mozilla/5.0 (Macintosh; Intel Mac OS X 10_12_3) AppleWebKit/537.36 (KHTML, like Gecko) Chrome/56.0.2924.87 Safari/537.36"
94.72.101.21 - - [02/Nov/2024:20:23:46 +0000] "GET /stage/dev/phpinfo.php HTTP/1.1" 404 564 "-" "Mozilla/5.0 (Macintosh; Intel Mac OS X 10_12_3) AppleWebKit/537.36 (KHTML, like Gecko) Chrome/56.0.2924.87 Safari/537.36"
94.72.101.21 - - [02/Nov/2024:20:23:46 +0000] "GET /stage/develop/phpinfo.php HTTP/1.1" 404 564 "-" "Mozilla/5.0 (Macintosh; Intel Mac OS X 10_12_3) AppleWebKit/537.36 (KHTML, like Gecko) Chrome/56.0.2924.87 Safari/537.36"
94.72.101.21 - - [02/Nov/2024:20:23:46 +0000] "GET /stage/development/phpinfo.php HTTP/1.1" 404 564 "-" "Mozilla/5.0 (Macintosh; Intel Mac OS X 10_12_3) AppleWebKit/537.36 (KHTML, like Gecko) Chrome/56.0.2924.87 Safari/537.36"
94.72.101.21 - - [02/Nov/2024:20:23:47 +0000] "GET /stage/help/phpinfo.php HTTP/1.1" 404 564 "-" "Mozilla/5.0 (Macintosh; Intel Mac OS X 10_12_3) AppleWebKit/537.36 (KHTML, like Gecko) Chrome/56.0.2924.87 Safari/537.36"
94.72.101.21 - - [02/Nov/2024:20:23:47 +0000] "GET /stage/helper/phpinfo.php HTTP/1.1" 404 564 "-" "Mozilla/5.0 (Macintosh; Intel Mac OS X 10_12_3) AppleWebKit/537.36 (KHTML, like Gecko) Chrome/56.0.2924.87 Safari/537.36"
94.72.101.21 - - [02/Nov/2024:20:23:47 +0000] "GET /stage/lara/phpinfo.php HTTP/1.1" 404 564 "-" "Mozilla/5.0 (Macintosh; Intel Mac OS X 10_12_3) AppleWebKit/537.36 (KHTML, like Gecko) Chrome/56.0.2924.87 Safari/537.36"
94.72.101.21 - - [02/Nov/2024:20:23:47 +0000] "GET /stage/laravel/phpinfo.php HTTP/1.1" 404 564 "-" "Mozilla/5.0 (Macintosh; Intel Mac OS X 10_12_3) AppleWebKit/537.36 (KHTML, like Gecko) Chrome/56.0.2924.87 Safari/537.36"
94.72.101.21 - - [02/Nov/2024:20:23:48 +0000] "GET /stage/server/phpinfo.php HTTP/1.1" 404 564 "-" "Mozilla/5.0 (Macintosh; Intel Mac OS X 10_12_3) AppleWebKit/537.36 (KHTML, like Gecko) Chrome/56.0.2924.87 Safari/537.36"
94.72.101.21 - - [02/Nov/2024:20:23:48 +0000] "GET /stage/service/phpinfo.php HTTP/1.1" 404 564 "-" "Mozilla/5.0 (Macintosh; Intel Mac OS X 10_12_3) AppleWebKit/537.36 (KHTML, like Gecko) Chrome/56.0.2924.87 Safari/537.36"
94.72.101.21 - - [02/Nov/2024:20:23:48 +0000] "GET /stage/services/phpinfo.php HTTP/1.1" 404 564 "-" "Mozilla/5.0 (Macintosh; Intel Mac OS X 10_12_3) AppleWebKit/537.36 (KHTML, like Gecko) Chrome/56.0.2924.87 Safari/537.36"
94.72.101.21 - - [02/Nov/2024:20:23:49 +0000] "GET /stage/xampp/phpinfo.php HTTP/1.1" 404 564 "-" "Mozilla/5.0 (Macintosh; Intel Mac OS X 10_12_3) AppleWebKit/537.36 (KHTML, like Gecko) Chrome/56.0.2924.87 Safari/537.36"
94.72.101.21 - - [02/Nov/2024:20:23:49 +0000] "GET /stage/api/info.php HTTP/1.1" 404 564 "-" "Mozilla/5.0 (Macintosh; Intel Mac OS X 10_12_3) AppleWebKit/537.36 (KHTML, like Gecko) Chrome/56.0.2924.87 Safari/537.36"
94.72.101.21 - - [02/Nov/2024:20:23:49 +0000] "GET /stage/backend/info.php HTTP/1.1" 404 564 "-" "Mozilla/5.0 (Macintosh; Intel Mac OS X 10_12_3) AppleWebKit/537.36 (KHTML, like Gecko) Chrome/56.0.2924.87 Safari/537.36"
94.72.101.21 - - [02/Nov/2024:20:23:49 +0000] "GET /stage/backup/info.php HTTP/1.1" 404 564 "-" "Mozilla/5.0 (Macintosh; Intel Mac OS X 10_12_3) AppleWebKit/537.36 (KHTML, like Gecko) Chrome/56.0.2924.87 Safari/537.36"
94.72.101.21 - - [02/Nov/2024:20:23:50 +0000] "GET /stage/crm/info.php HTTP/1.1" 404 564 "-" "Mozilla/5.0 (Macintosh; Intel Mac OS X 10_12_3) AppleWebKit/537.36 (KHTML, like Gecko) Chrome/56.0.2924.87 Safari/537.36"
94.72.101.21 - - [02/Nov/2024:20:23:50 +0000] "GET /stage/current/info.php HTTP/1.1" 404 564 "-" "Mozilla/5.0 (Macintosh; Intel Mac OS X 10_12_3) AppleWebKit/537.36 (KHTML, like Gecko) Chrome/56.0.2924.87 Safari/537.36"
94.72.101.21 - - [02/Nov/2024:20:23:51 +0000] "GET /stage/dev/info.php HTTP/1.1" 404 564 "-" "Mozilla/5.0 (Macintosh; Intel Mac OS X 10_12_3) AppleWebKit/537.36 (KHTML, like Gecko) Chrome/56.0.2924.87 Safari/537.36"
94.72.101.21 - - [02/Nov/2024:20:23:51 +0000] "GET /stage/develop/info.php HTTP/1.1" 404 564 "-" "Mozilla/5.0 (Macintosh; Intel Mac OS X 10_12_3) AppleWebKit/537.36 (KHTML, like Gecko) Chrome/56.0.2924.87 Safari/537.36"
94.72.101.21 - - [02/Nov/2024:20:23:52 +0000] "GET /stage/development/iinfo.php HTTP/1.1" 404 564 "-" "Mozilla/5.0 (Macintosh; Intel Mac OS X 10_12_3) AppleWebKit/537.36 (KHTML, like Gecko) Chrome/56.0.2924.87 Safari/537.36"
94.72.101.21 - - [02/Nov/2024:20:23:52 +0000] "GET /stage/help/info.php HTTP/1.1" 404 564 "-" "Mozilla/5.0 (Macintosh; Intel Mac OS X 10_12_3) AppleWebKit/537.36 (KHTML, like Gecko) Chrome/56.0.2924.87 Safari/537.36"
94.72.101.21 - - [02/Nov/2024:20:23:52 +0000] "GET /stage/helper/info.php HTTP/1.1" 404 564 "-" "Mozilla/5.0 (Macintosh; Intel Mac OS X 10_12_3) AppleWebKit/537.36 (KHTML, like Gecko) Chrome/56.0.2924.87 Safari/537.36"
94.72.101.21 - - [02/Nov/2024:20:23:52 +0000] "GET /stage/lara/info.php HTTP/1.1" 404 564 "-" "Mozilla/5.0 (Macintosh; Intel Mac OS X 10_12_3) AppleWebKit/537.36 (KHTML, like Gecko) Chrome/56.0.2924.87 Safari/537.36"
94.72.101.21 - - [02/Nov/2024:20:23:52 +0000] "GET /stage/laravel/info.php HTTP/1.1" 404 564 "-" "Mozilla/5.0 (Macintosh; Intel Mac OS X 10_12_3) AppleWebKit/537.36 (KHTML, like Gecko) Chrome/56.0.2924.87 Safari/537.36"
94.72.101.21 - - [02/Nov/2024:20:23:52 +0000] "GET /stage/server/info.php HTTP/1.1" 404 564 "-" "Mozilla/5.0 (Macintosh; Intel Mac OS X 10_12_3) AppleWebKit/537.36 (KHTML, like Gecko) Chrome/56.0.2924.87 Safari/537.36"
94.72.101.21 - - [02/Nov/2024:20:23:53 +0000] "GET /stage/service/info.php HTTP/1.1" 404 564 "-" "Mozilla/5.0 (Macintosh; Intel Mac OS X 10_12_3) AppleWebKit/537.36 (KHTML, like Gecko) Chrome/56.0.2924.87 Safari/537.36"
94.72.101.21 - - [02/Nov/2024:20:23:53 +0000] "GET /stage/services/info.php HTTP/1.1" 404 564 "-" "Mozilla/5.0 (Macintosh; Intel Mac OS X 10_12_3) AppleWebKit/537.36 (KHTML, like Gecko) Chrome/56.0.2924.87 Safari/537.36"
94.72.101.21 - - [02/Nov/2024:20:23:54 +0000] "GET /stage/php-info.php HTTP/1.1" 404 564 "-" "Mozilla/5.0 (Macintosh; Intel Mac OS X 10_12_3) AppleWebKit/537.36 (KHTML, like Gecko) Chrome/56.0.2924.87 Safari/537.36"
94.72.101.21 - - [02/Nov/2024:20:23:54 +0000] "GET /stage/linusadmin-phpinfo.php HTTP/1.1" 404 564 "-" "Mozilla/5.0 (Macintosh; Intel Mac OS X 10_12_3) AppleWebKit/537.36 (KHTML, like Gecko) Chrome/56.0.2924.87 Safari/537.36"
94.72.101.21 - - [02/Nov/2024:20:23:54 +0000] "GET /stage/infos.php HTTP/1.1" 404 564 "-" "Mozilla/5.0 (Macintosh; Intel Mac OS X 10_12_3) AppleWebKit/537.36 (KHTML, like Gecko) Chrome/56.0.2924.87 Safari/537.36"
94.72.101.21 - - [02/Nov/2024:20:23:54 +0000] "GET /stage/old_phpinfo.php HTTP/1.1" 404 564 "-" "Mozilla/5.0 (Macintosh; Intel Mac OS X 10_12_3) AppleWebKit/537.36 (KHTML, like Gecko) Chrome/56.0.2924.87 Safari/537.36"
94.72.101.21 - - [02/Nov/2024:20:23:54 +0000] "GET /stage/temp.php HTTP/1.1" 404 564 "-" "Mozilla/5.0 (Macintosh; Intel Mac OS X 10_12_3) AppleWebKit/537.36 (KHTML, like Gecko) Chrome/56.0.2924.87 Safari/537.36"
94.72.101.21 - - [02/Nov/2024:20:23:55 +0000] "GET /stage/time.php HTTP/1.1" 404 564 "-" "Mozilla/5.0 (Macintosh; Intel Mac OS X 10_12_3) AppleWebKit/537.36 (KHTML, like Gecko) Chrome/56.0.2924.87 Safari/537.36"
94.72.101.21 - - [02/Nov/2024:20:23:55 +0000] "GET /stage/phpversion.php HTTP/1.1" 404 564 "-" "Mozilla/5.0 (Macintosh; Intel Mac OS X 10_12_3) AppleWebKit/537.36 (KHTML, like Gecko) Chrome/56.0.2924.87 Safari/537.36"
94.72.101.21 - - [02/Nov/2024:20:23:55 +0000] "GET /stage/pinfo.php HTTP/1.1" 404 564 "-" "Mozilla/5.0 (Macintosh; Intel Mac OS X 10_12_3) AppleWebKit/537.36 (KHTML, like Gecko) Chrome/56.0.2924.87 Safari/537.36"
94.72.101.21 - - [02/Nov/2024:20:23:55 +0000] "GET /stage/i.php HTTP/1.1" 404 564 "-" "Mozilla/5.0 (Macintosh; Intel Mac OS X 10_12_3) AppleWebKit/537.36 (KHTML, like Gecko) Chrome/56.0.2924.87 Safari/537.36"
94.72.101.21 - - [02/Nov/2024:20:23:55 +0000] "GET /stage/asdf.php HTTP/1.1" 404 564 "-" "Mozilla/5.0 (Macintosh; Intel Mac OS X 10_12_3) AppleWebKit/537.36 (KHTML, like Gecko) Chrome/56.0.2924.87 Safari/537.36"
94.72.101.21 - - [02/Nov/2024:20:23:56 +0000] "GET /staging/xampp/info.php HTTP/1.1" 404 564 "-" "Mozilla/5.0 (Macintosh; Intel Mac OS X 10_12_3) AppleWebKit/537.36 (KHTML, like Gecko) Chrome/56.0.2924.87 Safari/537.36"
94.72.101.21 - - [02/Nov/2024:20:23:56 +0000] "GET /staging/xampp/phpinfo HTTP/1.1" 404 564 "-" "Mozilla/5.0 (Macintosh; Intel Mac OS X 10_12_3) AppleWebKit/537.36 (KHTML, like Gecko) Chrome/56.0.2924.87 Safari/537.36"
94.72.101.21 - - [02/Nov/2024:20:23:56 +0000] "GET /staging/_profiler/phpinfo HTTP/1.1" 404 564 "-" "Mozilla/5.0 (Macintosh; Intel Mac OS X 10_12_3) AppleWebKit/537.36 (KHTML, like Gecko) Chrome/56.0.2924.87 Safari/537.36"
94.72.101.21 - - [02/Nov/2024:20:23:57 +0000] "GET /staging/phpinfo.php HTTP/1.1" 404 564 "-" "Mozilla/5.0 (Macintosh; Intel Mac OS X 10_12_3) AppleWebKit/537.36 (KHTML, like Gecko) Chrome/56.0.2924.87 Safari/537.36"
94.72.101.21 - - [02/Nov/2024:20:23:57 +0000] "GET /staging/phpinfo HTTP/1.1" 404 564 "-" "Mozilla/5.0 (Macintosh; Intel Mac OS X 10_12_3) AppleWebKit/537.36 (KHTML, like Gecko) Chrome/56.0.2924.87 Safari/537.36"
94.72.101.21 - - [02/Nov/2024:20:23:57 +0000] "GET /staging/info.php HTTP/1.1" 404 564 "-" "Mozilla/5.0 (Macintosh; Intel Mac OS X 10_12_3) AppleWebKit/537.36 (KHTML, like Gecko) Chrome/56.0.2924.87 Safari/537.36"
94.72.101.21 - - [02/Nov/2024:20:23:57 +0000] "GET /staging/php.ini HTTP/1.1" 404 564 "-" "Mozilla/5.0 (Macintosh; Intel Mac OS X 10_12_3) AppleWebKit/537.36 (KHTML, like Gecko) Chrome/56.0.2924.87 Safari/537.36"
94.72.101.21 - - [02/Nov/2024:20:23:58 +0000] "GET /staging/php.php HTTP/1.1" 404 564 "-" "Mozilla/5.0 (Macintosh; Intel Mac OS X 10_12_3) AppleWebKit/537.36 (KHTML, like Gecko) Chrome/56.0.2924.87 Safari/537.36"
94.72.101.21 - - [02/Nov/2024:20:23:58 +0000] "GET /staging/infophp.php HTTP/1.1" 404 564 "-" "Mozilla/5.0 (Macintosh; Intel Mac OS X 10_12_3) AppleWebKit/537.36 (KHTML, like Gecko) Chrome/56.0.2924.87 Safari/537.36"
94.72.101.21 - - [02/Nov/2024:20:23:58 +0000] "GET /staging/test.php HTTP/1.1" 404 564 "-" "Mozilla/5.0 (Macintosh; Intel Mac OS X 10_12_3) AppleWebKit/537.36 (KHTML, like Gecko) Chrome/56.0.2924.87 Safari/537.36"
94.72.101.21 - - [02/Nov/2024:20:23:59 +0000] "GET /staging/dashboard/phpinfo.php HTTP/1.1" 404 564 "-" "Mozilla/5.0 (Macintosh; Intel Mac OS X 10_12_3) AppleWebKit/537.36 (KHTML, like Gecko) Chrome/56.0.2924.87 Safari/537.36"
94.72.101.21 - - [02/Nov/2024:20:23:59 +0000] "GET /staging/api/phpinfo.php HTTP/1.1" 404 564 "-" "Mozilla/5.0 (Macintosh; Intel Mac OS X 10_12_3) AppleWebKit/537.36 (KHTML, like Gecko) Chrome/56.0.2924.87 Safari/537.36"
94.72.101.21 - - [02/Nov/2024:20:23:59 +0000] "GET /staging/backend/phpinfo.php HTTP/1.1" 404 564 "-" "Mozilla/5.0 (Macintosh; Intel Mac OS X 10_12_3) AppleWebKit/537.36 (KHTML, like Gecko) Chrome/56.0.2924.87 Safari/537.36"
94.72.101.21 - - [02/Nov/2024:20:23:59 +0000] "GET /staging/backup/phpinfo.php HTTP/1.1" 404 564 "-" "Mozilla/5.0 (Macintosh; Intel Mac OS X 10_12_3) AppleWebKit/537.36 (KHTML, like Gecko) Chrome/56.0.2924.87 Safari/537.36"
94.72.101.21 - - [02/Nov/2024:20:23:59 +0000] "GET /staging/crm/phpinfo.php HTTP/1.1" 404 564 "-" "Mozilla/5.0 (Macintosh; Intel Mac OS X 10_12_3) AppleWebKit/537.36 (KHTML, like Gecko) Chrome/56.0.2924.87 Safari/537.36"
94.72.101.21 - - [02/Nov/2024:20:23:59 +0000] "GET /staging/current/phpinfo.php HTTP/1.1" 404 564 "-" "Mozilla/5.0 (Macintosh; Intel Mac OS X 10_12_3) AppleWebKit/537.36 (KHTML, like Gecko) Chrome/56.0.2924.87 Safari/537.36"
94.72.101.21 - - [02/Nov/2024:20:24:00 +0000] "GET /staging/dev/phpinfo.php HTTP/1.1" 404 564 "-" "Mozilla/5.0 (Macintosh; Intel Mac OS X 10_12_3) AppleWebKit/537.36 (KHTML, like Gecko) Chrome/56.0.2924.87 Safari/537.36"
94.72.101.21 - - [02/Nov/2024:20:24:00 +0000] "GET /staging/develop/phpinfo.php HTTP/1.1" 404 564 "-" "Mozilla/5.0 (Macintosh; Intel Mac OS X 10_12_3) AppleWebKit/537.36 (KHTML, like Gecko) Chrome/56.0.2924.87 Safari/537.36"
94.72.101.21 - - [02/Nov/2024:20:24:00 +0000] "GET /staging/development/phpinfo.php HTTP/1.1" 404 564 "-" "Mozilla/5.0 (Macintosh; Intel Mac OS X 10_12_3) AppleWebKit/537.36 (KHTML, like Gecko) Chrome/56.0.2924.87 Safari/537.36"
94.72.101.21 - - [02/Nov/2024:20:24:00 +0000] "GET /staging/help/phpinfo.php HTTP/1.1" 404 564 "-" "Mozilla/5.0 (Macintosh; Intel Mac OS X 10_12_3) AppleWebKit/537.36 (KHTML, like Gecko) Chrome/56.0.2924.87 Safari/537.36"
94.72.101.21 - - [02/Nov/2024:20:24:00 +0000] "GET /staging/helper/phpinfo.php HTTP/1.1" 404 564 "-" "Mozilla/5.0 (Macintosh; Intel Mac OS X 10_12_3) AppleWebKit/537.36 (KHTML, like Gecko) Chrome/56.0.2924.87 Safari/537.36"
94.72.101.21 - - [02/Nov/2024:20:24:01 +0000] "GET /staging/lara/phpinfo.php HTTP/1.1" 404 564 "-" "Mozilla/5.0 (Macintosh; Intel Mac OS X 10_12_3) AppleWebKit/537.36 (KHTML, like Gecko) Chrome/56.0.2924.87 Safari/537.36"
94.72.101.21 - - [02/Nov/2024:20:24:01 +0000] "GET /staging/laravel/phpinfo.php HTTP/1.1" 404 564 "-" "Mozilla/5.0 (Macintosh; Intel Mac OS X 10_12_3) AppleWebKit/537.36 (KHTML, like Gecko) Chrome/56.0.2924.87 Safari/537.36"
94.72.101.21 - - [02/Nov/2024:20:24:02 +0000] "GET /staging/server/phpinfo.php HTTP/1.1" 404 564 "-" "Mozilla/5.0 (Macintosh; Intel Mac OS X 10_12_3) AppleWebKit/537.36 (KHTML, like Gecko) Chrome/56.0.2924.87 Safari/537.36"
94.72.101.21 - - [02/Nov/2024:20:24:02 +0000] "GET /staging/service/phpinfo.php HTTP/1.1" 404 564 "-" "Mozilla/5.0 (Macintosh; Intel Mac OS X 10_12_3) AppleWebKit/537.36 (KHTML, like Gecko) Chrome/56.0.2924.87 Safari/537.36"
94.72.101.21 - - [02/Nov/2024:20:24:02 +0000] "GET /staging/services/phpinfo.php HTTP/1.1" 404 564 "-" "Mozilla/5.0 (Macintosh; Intel Mac OS X 10_12_3) AppleWebKit/537.36 (KHTML, like Gecko) Chrome/56.0.2924.87 Safari/537.36"
94.72.101.21 - - [02/Nov/2024:20:24:03 +0000] "GET /staging/xampp/phpinfo.php HTTP/1.1" 404 564 "-" "Mozilla/5.0 (Macintosh; Intel Mac OS X 10_12_3) AppleWebKit/537.36 (KHTML, like Gecko) Chrome/56.0.2924.87 Safari/537.36"
94.72.101.21 - - [02/Nov/2024:20:24:03 +0000] "GET /staging/api/info.php HTTP/1.1" 404 564 "-" "Mozilla/5.0 (Macintosh; Intel Mac OS X 10_12_3) AppleWebKit/537.36 (KHTML, like Gecko) Chrome/56.0.2924.87 Safari/537.36"
94.72.101.21 - - [02/Nov/2024:20:24:03 +0000] "GET /staging/backend/info.php HTTP/1.1" 404 564 "-" "Mozilla/5.0 (Macintosh; Intel Mac OS X 10_12_3) AppleWebKit/537.36 (KHTML, like Gecko) Chrome/56.0.2924.87 Safari/537.36"
94.72.101.21 - - [02/Nov/2024:20:24:04 +0000] "GET /staging/backup/info.php HTTP/1.1" 404 564 "-" "Mozilla/5.0 (Macintosh; Intel Mac OS X 10_12_3) AppleWebKit/537.36 (KHTML, like Gecko) Chrome/56.0.2924.87 Safari/537.36"
94.72.101.21 - - [02/Nov/2024:20:24:04 +0000] "GET /staging/crm/info.php HTTP/1.1" 404 564 "-" "Mozilla/5.0 (Macintosh; Intel Mac OS X 10_12_3) AppleWebKit/537.36 (KHTML, like Gecko) Chrome/56.0.2924.87 Safari/537.36"
94.72.101.21 - - [02/Nov/2024:20:24:04 +0000] "GET /staging/current/info.php HTTP/1.1" 404 564 "-" "Mozilla/5.0 (Macintosh; Intel Mac OS X 10_12_3) AppleWebKit/537.36 (KHTML, like Gecko) Chrome/56.0.2924.87 Safari/537.36"
94.72.101.21 - - [02/Nov/2024:20:24:04 +0000] "GET /staging/dev/info.php HTTP/1.1" 404 564 "-" "Mozilla/5.0 (Macintosh; Intel Mac OS X 10_12_3) AppleWebKit/537.36 (KHTML, like Gecko) Chrome/56.0.2924.87 Safari/537.36"
94.72.101.21 - - [02/Nov/2024:20:24:04 +0000] "GET /staging/develop/info.php HTTP/1.1" 404 564 "-" "Mozilla/5.0 (Macintosh; Intel Mac OS X 10_12_3) AppleWebKit/537.36 (KHTML, like Gecko) Chrome/56.0.2924.87 Safari/537.36"
94.72.101.21 - - [02/Nov/2024:20:24:04 +0000] "GET /staging/development/iinfo.php HTTP/1.1" 404 564 "-" "Mozilla/5.0 (Macintosh; Intel Mac OS X 10_12_3) AppleWebKit/537.36 (KHTML, like Gecko) Chrome/56.0.2924.87 Safari/537.36"
94.72.101.21 - - [02/Nov/2024:20:24:05 +0000] "GET /staging/help/info.php HTTP/1.1" 404 564 "-" "Mozilla/5.0 (Macintosh; Intel Mac OS X 10_12_3) AppleWebKit/537.36 (KHTML, like Gecko) Chrome/56.0.2924.87 Safari/537.36"
94.72.101.21 - - [02/Nov/2024:20:24:05 +0000] "GET /staging/helper/info.php HTTP/1.1" 404 564 "-" "Mozilla/5.0 (Macintosh; Intel Mac OS X 10_12_3) AppleWebKit/537.36 (KHTML, like Gecko) Chrome/56.0.2924.87 Safari/537.36"
94.72.101.21 - - [02/Nov/2024:20:24:05 +0000] "GET /staging/lara/info.php HTTP/1.1" 404 564 "-" "Mozilla/5.0 (Macintosh; Intel Mac OS X 10_12_3) AppleWebKit/537.36 (KHTML, like Gecko) Chrome/56.0.2924.87 Safari/537.36"
94.72.101.21 - - [02/Nov/2024:20:24:06 +0000] "GET /staging/laravel/info.php HTTP/1.1" 404 564 "-" "Mozilla/5.0 (Macintosh; Intel Mac OS X 10_12_3) AppleWebKit/537.36 (KHTML, like Gecko) Chrome/56.0.2924.87 Safari/537.36"
94.72.101.21 - - [02/Nov/2024:20:24:06 +0000] "GET /staging/server/info.php HTTP/1.1" 404 564 "-" "Mozilla/5.0 (Macintosh; Intel Mac OS X 10_12_3) AppleWebKit/537.36 (KHTML, like Gecko) Chrome/56.0.2924.87 Safari/537.36"
94.72.101.21 - - [02/Nov/2024:20:24:07 +0000] "GET /staging/service/info.php HTTP/1.1" 404 564 "-" "Mozilla/5.0 (Macintosh; Intel Mac OS X 10_12_3) AppleWebKit/537.36 (KHTML, like Gecko) Chrome/56.0.2924.87 Safari/537.36"
94.72.101.21 - - [02/Nov/2024:20:24:07 +0000] "GET /staging/services/info.php HTTP/1.1" 404 564 "-" "Mozilla/5.0 (Macintosh; Intel Mac OS X 10_12_3) AppleWebKit/537.36 (KHTML, like Gecko) Chrome/56.0.2924.87 Safari/537.36"
94.72.101.21 - - [02/Nov/2024:20:24:07 +0000] "GET /staging/php-info.php HTTP/1.1" 404 564 "-" "Mozilla/5.0 (Macintosh; Intel Mac OS X 10_12_3) AppleWebKit/537.36 (KHTML, like Gecko) Chrome/56.0.2924.87 Safari/537.36"
94.72.101.21 - - [02/Nov/2024:20:24:07 +0000] "GET /staging/linusadmin-phpinfo.php HTTP/1.1" 404 564 "-" "Mozilla/5.0 (Macintosh; Intel Mac OS X 10_12_3) AppleWebKit/537.36 (KHTML, like Gecko) Chrome/56.0.2924.87 Safari/537.36"
94.72.101.21 - - [02/Nov/2024:20:24:08 +0000] "GET /staging/infos.php HTTP/1.1" 404 564 "-" "Mozilla/5.0 (Macintosh; Intel Mac OS X 10_12_3) AppleWebKit/537.36 (KHTML, like Gecko) Chrome/56.0.2924.87 Safari/537.36"
94.72.101.21 - - [02/Nov/2024:20:24:08 +0000] "GET /staging/old_phpinfo.php HTTP/1.1" 404 564 "-" "Mozilla/5.0 (Macintosh; Intel Mac OS X 10_12_3) AppleWebKit/537.36 (KHTML, like Gecko) Chrome/56.0.2924.87 Safari/537.36"
94.72.101.21 - - [02/Nov/2024:20:24:08 +0000] "GET /staging/temp.php HTTP/1.1" 404 564 "-" "Mozilla/5.0 (Macintosh; Intel Mac OS X 10_12_3) AppleWebKit/537.36 (KHTML, like Gecko) Chrome/56.0.2924.87 Safari/537.36"
94.72.101.21 - - [02/Nov/2024:20:24:08 +0000] "GET /staging/time.php HTTP/1.1" 404 564 "-" "Mozilla/5.0 (Macintosh; Intel Mac OS X 10_12_3) AppleWebKit/537.36 (KHTML, like Gecko) Chrome/56.0.2924.87 Safari/537.36"
94.72.101.21 - - [02/Nov/2024:20:24:09 +0000] "GET /staging/phpversion.php HTTP/1.1" 404 564 "-" "Mozilla/5.0 (Macintosh; Intel Mac OS X 10_12_3) AppleWebKit/537.36 (KHTML, like Gecko) Chrome/56.0.2924.87 Safari/537.36"
94.72.101.21 - - [02/Nov/2024:20:24:09 +0000] "GET /staging/pinfo.php HTTP/1.1" 404 564 "-" "Mozilla/5.0 (Macintosh; Intel Mac OS X 10_12_3) AppleWebKit/537.36 (KHTML, like Gecko) Chrome/56.0.2924.87 Safari/537.36"
94.72.101.21 - - [02/Nov/2024:20:24:09 +0000] "GET /staging/i.php HTTP/1.1" 404 564 "-" "Mozilla/5.0 (Macintosh; Intel Mac OS X 10_12_3) AppleWebKit/537.36 (KHTML, like Gecko) Chrome/56.0.2924.87 Safari/537.36"
94.72.101.21 - - [02/Nov/2024:20:24:09 +0000] "GET /staging/asdf.php HTTP/1.1" 404 564 "-" "Mozilla/5.0 (Macintosh; Intel Mac OS X 10_12_3) AppleWebKit/537.36 (KHTML, like Gecko) Chrome/56.0.2924.87 Safari/537.36"
94.72.101.21 - - [02/Nov/2024:20:24:10 +0000] "GET /test/xampp/info.php HTTP/1.1" 404 564 "-" "Mozilla/5.0 (Macintosh; Intel Mac OS X 10_12_3) AppleWebKit/537.36 (KHTML, like Gecko) Chrome/56.0.2924.87 Safari/537.36"
94.72.101.21 - - [02/Nov/2024:20:24:10 +0000] "GET /test/xampp/phpinfo HTTP/1.1" 404 564 "-" "Mozilla/5.0 (Macintosh; Intel Mac OS X 10_12_3) AppleWebKit/537.36 (KHTML, like Gecko) Chrome/56.0.2924.87 Safari/537.36"
94.72.101.21 - - [02/Nov/2024:20:24:11 +0000] "GET /test/_profiler/phpinfo HTTP/1.1" 404 564 "-" "Mozilla/5.0 (Macintosh; Intel Mac OS X 10_12_3) AppleWebKit/537.36 (KHTML, like Gecko) Chrome/56.0.2924.87 Safari/537.36"
94.72.101.21 - - [02/Nov/2024:20:24:11 +0000] "GET /test/phpinfo.php HTTP/1.1" 404 564 "-" "Mozilla/5.0 (Macintosh; Intel Mac OS X 10_12_3) AppleWebKit/537.36 (KHTML, like Gecko) Chrome/56.0.2924.87 Safari/537.36"
94.72.101.21 - - [02/Nov/2024:20:24:11 +0000] "GET /test/phpinfo HTTP/1.1" 404 564 "-" "Mozilla/5.0 (Macintosh; Intel Mac OS X 10_12_3) AppleWebKit/537.36 (KHTML, like Gecko) Chrome/56.0.2924.87 Safari/537.36"
94.72.101.21 - - [02/Nov/2024:20:24:12 +0000] "GET /test/info.php HTTP/1.1" 404 564 "-" "Mozilla/5.0 (Macintosh; Intel Mac OS X 10_12_3) AppleWebKit/537.36 (KHTML, like Gecko) Chrome/56.0.2924.87 Safari/537.36"
94.72.101.21 - - [02/Nov/2024:20:24:12 +0000] "GET /test/php.ini HTTP/1.1" 404 564 "-" "Mozilla/5.0 (Macintosh; Intel Mac OS X 10_12_3) AppleWebKit/537.36 (KHTML, like Gecko) Chrome/56.0.2924.87 Safari/537.36"
94.72.101.21 - - [02/Nov/2024:20:24:12 +0000] "GET /test/php.php HTTP/1.1" 404 564 "-" "Mozilla/5.0 (Macintosh; Intel Mac OS X 10_12_3) AppleWebKit/537.36 (KHTML, like Gecko) Chrome/56.0.2924.87 Safari/537.36"
94.72.101.21 - - [02/Nov/2024:20:24:12 +0000] "GET /test/infophp.php HTTP/1.1" 404 564 "-" "Mozilla/5.0 (Macintosh; Intel Mac OS X 10_12_3) AppleWebKit/537.36 (KHTML, like Gecko) Chrome/56.0.2924.87 Safari/537.36"
94.72.101.21 - - [02/Nov/2024:20:24:12 +0000] "GET /test/test.php HTTP/1.1" 404 564 "-" "Mozilla/5.0 (Macintosh; Intel Mac OS X 10_12_3) AppleWebKit/537.36 (KHTML, like Gecko) Chrome/56.0.2924.87 Safari/537.36"
94.72.101.21 - - [02/Nov/2024:20:24:12 +0000] "GET /test/dashboard/phpinfo.php HTTP/1.1" 404 564 "-" "Mozilla/5.0 (Macintosh; Intel Mac OS X 10_12_3) AppleWebKit/537.36 (KHTML, like Gecko) Chrome/56.0.2924.87 Safari/537.36"
94.72.101.21 - - [02/Nov/2024:20:24:13 +0000] "GET /test/api/phpinfo.php HTTP/1.1" 404 564 "-" "Mozilla/5.0 (Macintosh; Intel Mac OS X 10_12_3) AppleWebKit/537.36 (KHTML, like Gecko) Chrome/56.0.2924.87 Safari/537.36"
94.72.101.21 - - [02/Nov/2024:20:24:14 +0000] "GET /test/backend/phpinfo.php HTTP/1.1" 404 564 "-" "Mozilla/5.0 (Macintosh; Intel Mac OS X 10_12_3) AppleWebKit/537.36 (KHTML, like Gecko) Chrome/56.0.2924.87 Safari/537.36"
94.72.101.21 - - [02/Nov/2024:20:24:15 +0000] "GET /test/backup/phpinfo.php HTTP/1.1" 404 564 "-" "Mozilla/5.0 (Macintosh; Intel Mac OS X 10_12_3) AppleWebKit/537.36 (KHTML, like Gecko) Chrome/56.0.2924.87 Safari/537.36"
94.72.101.21 - - [02/Nov/2024:20:24:15 +0000] "GET /test/crm/phpinfo.php HTTP/1.1" 404 564 "-" "Mozilla/5.0 (Macintosh; Intel Mac OS X 10_12_3) AppleWebKit/537.36 (KHTML, like Gecko) Chrome/56.0.2924.87 Safari/537.36"
94.72.101.21 - - [02/Nov/2024:20:24:15 +0000] "GET /test/current/phpinfo.php HTTP/1.1" 404 564 "-" "Mozilla/5.0 (Macintosh; Intel Mac OS X 10_12_3) AppleWebKit/537.36 (KHTML, like Gecko) Chrome/56.0.2924.87 Safari/537.36"
94.72.101.21 - - [02/Nov/2024:20:24:15 +0000] "GET /test/dev/phpinfo.php HTTP/1.1" 404 564 "-" "Mozilla/5.0 (Macintosh; Intel Mac OS X 10_12_3) AppleWebKit/537.36 (KHTML, like Gecko) Chrome/56.0.2924.87 Safari/537.36"
94.72.101.21 - - [02/Nov/2024:20:24:15 +0000] "GET /test/develop/phpinfo.php HTTP/1.1" 404 564 "-" "Mozilla/5.0 (Macintosh; Intel Mac OS X 10_12_3) AppleWebKit/537.36 (KHTML, like Gecko) Chrome/56.0.2924.87 Safari/537.36"
94.72.101.21 - - [02/Nov/2024:20:24:16 +0000] "GET /test/development/phpinfo.php HTTP/1.1" 404 564 "-" "Mozilla/5.0 (Macintosh; Intel Mac OS X 10_12_3) AppleWebKit/537.36 (KHTML, like Gecko) Chrome/56.0.2924.87 Safari/537.36"
94.72.101.21 - - [02/Nov/2024:20:24:16 +0000] "GET /test/help/phpinfo.php HTTP/1.1" 404 564 "-" "Mozilla/5.0 (Macintosh; Intel Mac OS X 10_12_3) AppleWebKit/537.36 (KHTML, like Gecko) Chrome/56.0.2924.87 Safari/537.36"
94.72.101.21 - - [02/Nov/2024:20:24:16 +0000] "GET /test/helper/phpinfo.php HTTP/1.1" 404 564 "-" "Mozilla/5.0 (Macintosh; Intel Mac OS X 10_12_3) AppleWebKit/537.36 (KHTML, like Gecko) Chrome/56.0.2924.87 Safari/537.36"
94.72.101.21 - - [02/Nov/2024:20:24:17 +0000] "GET /test/lara/phpinfo.php HTTP/1.1" 404 564 "-" "Mozilla/5.0 (Macintosh; Intel Mac OS X 10_12_3) AppleWebKit/537.36 (KHTML, like Gecko) Chrome/56.0.2924.87 Safari/537.36"
94.72.101.21 - - [02/Nov/2024:20:24:17 +0000] "GET /test/laravel/phpinfo.php HTTP/1.1" 404 564 "-" "Mozilla/5.0 (Macintosh; Intel Mac OS X 10_12_3) AppleWebKit/537.36 (KHTML, like Gecko) Chrome/56.0.2924.87 Safari/537.36"
94.72.101.21 - - [02/Nov/2024:20:24:17 +0000] "GET /test/server/phpinfo.php HTTP/1.1" 404 564 "-" "Mozilla/5.0 (Macintosh; Intel Mac OS X 10_12_3) AppleWebKit/537.36 (KHTML, like Gecko) Chrome/56.0.2924.87 Safari/537.36"
94.72.101.21 - - [02/Nov/2024:20:24:17 +0000] "GET /test/service/phpinfo.php HTTP/1.1" 404 564 "-" "Mozilla/5.0 (Macintosh; Intel Mac OS X 10_12_3) AppleWebKit/537.36 (KHTML, like Gecko) Chrome/56.0.2924.87 Safari/537.36"
94.72.101.21 - - [02/Nov/2024:20:24:17 +0000] "GET /test/services/phpinfo.php HTTP/1.1" 404 564 "-" "Mozilla/5.0 (Macintosh; Intel Mac OS X 10_12_3) AppleWebKit/537.36 (KHTML, like Gecko) Chrome/56.0.2924.87 Safari/537.36"
94.72.101.21 - - [02/Nov/2024:20:24:18 +0000] "GET /test/xampp/phpinfo.php HTTP/1.1" 404 564 "-" "Mozilla/5.0 (Macintosh; Intel Mac OS X 10_12_3) AppleWebKit/537.36 (KHTML, like Gecko) Chrome/56.0.2924.87 Safari/537.36"
94.72.101.21 - - [02/Nov/2024:20:24:18 +0000] "GET /test/api/info.php HTTP/1.1" 404 564 "-" "Mozilla/5.0 (Macintosh; Intel Mac OS X 10_12_3) AppleWebKit/537.36 (KHTML, like Gecko) Chrome/56.0.2924.87 Safari/537.36"
94.72.101.21 - - [02/Nov/2024:20:24:18 +0000] "GET /test/backend/info.php HTTP/1.1" 404 564 "-" "Mozilla/5.0 (Macintosh; Intel Mac OS X 10_12_3) AppleWebKit/537.36 (KHTML, like Gecko) Chrome/56.0.2924.87 Safari/537.36"
94.72.101.21 - - [02/Nov/2024:20:24:19 +0000] "GET /test/backup/info.php HTTP/1.1" 404 564 "-" "Mozilla/5.0 (Macintosh; Intel Mac OS X 10_12_3) AppleWebKit/537.36 (KHTML, like Gecko) Chrome/56.0.2924.87 Safari/537.36"
94.72.101.21 - - [02/Nov/2024:20:24:19 +0000] "GET /test/crm/info.php HTTP/1.1" 404 564 "-" "Mozilla/5.0 (Macintosh; Intel Mac OS X 10_12_3) AppleWebKit/537.36 (KHTML, like Gecko) Chrome/56.0.2924.87 Safari/537.36"
94.72.101.21 - - [02/Nov/2024:20:24:19 +0000] "GET /test/current/info.php HTTP/1.1" 404 564 "-" "Mozilla/5.0 (Macintosh; Intel Mac OS X 10_12_3) AppleWebKit/537.36 (KHTML, like Gecko) Chrome/56.0.2924.87 Safari/537.36"
94.72.101.21 - - [02/Nov/2024:20:24:19 +0000] "GET /test/dev/info.php HTTP/1.1" 404 564 "-" "Mozilla/5.0 (Macintosh; Intel Mac OS X 10_12_3) AppleWebKit/537.36 (KHTML, like Gecko) Chrome/56.0.2924.87 Safari/537.36"
94.72.101.21 - - [02/Nov/2024:20:24:20 +0000] "GET /test/develop/info.php HTTP/1.1" 404 564 "-" "Mozilla/5.0 (Macintosh; Intel Mac OS X 10_12_3) AppleWebKit/537.36 (KHTML, like Gecko) Chrome/56.0.2924.87 Safari/537.36"
94.72.101.21 - - [02/Nov/2024:20:24:20 +0000] "GET /test/development/iinfo.php HTTP/1.1" 404 564 "-" "Mozilla/5.0 (Macintosh; Intel Mac OS X 10_12_3) AppleWebKit/537.36 (KHTML, like Gecko) Chrome/56.0.2924.87 Safari/537.36"
94.72.101.21 - - [02/Nov/2024:20:24:20 +0000] "GET /test/help/info.php HTTP/1.1" 404 564 "-" "Mozilla/5.0 (Macintosh; Intel Mac OS X 10_12_3) AppleWebKit/537.36 (KHTML, like Gecko) Chrome/56.0.2924.87 Safari/537.36"
94.72.101.21 - - [02/Nov/2024:20:24:21 +0000] "GET /test/helper/info.php HTTP/1.1" 404 564 "-" "Mozilla/5.0 (Macintosh; Intel Mac OS X 10_12_3) AppleWebKit/537.36 (KHTML, like Gecko) Chrome/56.0.2924.87 Safari/537.36"
94.72.101.21 - - [02/Nov/2024:20:24:21 +0000] "GET /test/lara/info.php HTTP/1.1" 404 564 "-" "Mozilla/5.0 (Macintosh; Intel Mac OS X 10_12_3) AppleWebKit/537.36 (KHTML, like Gecko) Chrome/56.0.2924.87 Safari/537.36"
94.72.101.21 - - [02/Nov/2024:20:24:21 +0000] "GET /test/laravel/info.php HTTP/1.1" 404 564 "-" "Mozilla/5.0 (Macintosh; Intel Mac OS X 10_12_3) AppleWebKit/537.36 (KHTML, like Gecko) Chrome/56.0.2924.87 Safari/537.36"
94.72.101.21 - - [02/Nov/2024:20:24:22 +0000] "GET /test/server/info.php HTTP/1.1" 404 564 "-" "Mozilla/5.0 (Macintosh; Intel Mac OS X 10_12_3) AppleWebKit/537.36 (KHTML, like Gecko) Chrome/56.0.2924.87 Safari/537.36"
94.72.101.21 - - [02/Nov/2024:20:24:22 +0000] "GET /test/service/info.php HTTP/1.1" 404 564 "-" "Mozilla/5.0 (Macintosh; Intel Mac OS X 10_12_3) AppleWebKit/537.36 (KHTML, like Gecko) Chrome/56.0.2924.87 Safari/537.36"
94.72.101.21 - - [02/Nov/2024:20:24:22 +0000] "GET /test/services/info.php HTTP/1.1" 404 564 "-" "Mozilla/5.0 (Macintosh; Intel Mac OS X 10_12_3) AppleWebKit/537.36 (KHTML, like Gecko) Chrome/56.0.2924.87 Safari/537.36"
94.72.101.21 - - [02/Nov/2024:20:24:23 +0000] "GET /test/php-info.php HTTP/1.1" 404 564 "-" "Mozilla/5.0 (Macintosh; Intel Mac OS X 10_12_3) AppleWebKit/537.36 (KHTML, like Gecko) Chrome/56.0.2924.87 Safari/537.36"
94.72.101.21 - - [02/Nov/2024:20:24:23 +0000] "GET /test/linusadmin-phpinfo.php HTTP/1.1" 404 564 "-" "Mozilla/5.0 (Macintosh; Intel Mac OS X 10_12_3) AppleWebKit/537.36 (KHTML, like Gecko) Chrome/56.0.2924.87 Safari/537.36"
94.72.101.21 - - [02/Nov/2024:20:24:23 +0000] "GET /test/infos.php HTTP/1.1" 404 564 "-" "Mozilla/5.0 (Macintosh; Intel Mac OS X 10_12_3) AppleWebKit/537.36 (KHTML, like Gecko) Chrome/56.0.2924.87 Safari/537.36"
94.72.101.21 - - [02/Nov/2024:20:24:24 +0000] "GET /test/old_phpinfo.php HTTP/1.1" 404 564 "-" "Mozilla/5.0 (Macintosh; Intel Mac OS X 10_12_3) AppleWebKit/537.36 (KHTML, like Gecko) Chrome/56.0.2924.87 Safari/537.36"
94.72.101.21 - - [02/Nov/2024:20:24:24 +0000] "GET /test/temp.php HTTP/1.1" 404 564 "-" "Mozilla/5.0 (Macintosh; Intel Mac OS X 10_12_3) AppleWebKit/537.36 (KHTML, like Gecko) Chrome/56.0.2924.87 Safari/537.36"
94.72.101.21 - - [02/Nov/2024:20:24:24 +0000] "GET /test/time.php HTTP/1.1" 404 564 "-" "Mozilla/5.0 (Macintosh; Intel Mac OS X 10_12_3) AppleWebKit/537.36 (KHTML, like Gecko) Chrome/56.0.2924.87 Safari/537.36"
94.72.101.21 - - [02/Nov/2024:20:24:24 +0000] "GET /test/phpversion.php HTTP/1.1" 404 564 "-" "Mozilla/5.0 (Macintosh; Intel Mac OS X 10_12_3) AppleWebKit/537.36 (KHTML, like Gecko) Chrome/56.0.2924.87 Safari/537.36"
94.72.101.21 - - [02/Nov/2024:20:24:25 +0000] "GET /test/pinfo.php HTTP/1.1" 404 564 "-" "Mozilla/5.0 (Macintosh; Intel Mac OS X 10_12_3) AppleWebKit/537.36 (KHTML, like Gecko) Chrome/56.0.2924.87 Safari/537.36"
94.72.101.21 - - [02/Nov/2024:20:24:25 +0000] "GET /test/i.php HTTP/1.1" 404 564 "-" "Mozilla/5.0 (Macintosh; Intel Mac OS X 10_12_3) AppleWebKit/537.36 (KHTML, like Gecko) Chrome/56.0.2924.87 Safari/537.36"
94.72.101.21 - - [02/Nov/2024:20:24:25 +0000] "GET /test/asdf.php HTTP/1.1" 404 564 "-" "Mozilla/5.0 (Macintosh; Intel Mac OS X 10_12_3) AppleWebKit/537.36 (KHTML, like Gecko) Chrome/56.0.2924.87 Safari/537.36"
94.72.101.21 - - [02/Nov/2024:20:24:25 +0000] "GET /tests/xampp/info.php HTTP/1.1" 404 564 "-" "Mozilla/5.0 (Macintosh; Intel Mac OS X 10_12_3) AppleWebKit/537.36 (KHTML, like Gecko) Chrome/56.0.2924.87 Safari/537.36"
94.72.101.21 - - [02/Nov/2024:20:24:26 +0000] "GET /tests/xampp/phpinfo HTTP/1.1" 404 564 "-" "Mozilla/5.0 (Macintosh; Intel Mac OS X 10_12_3) AppleWebKit/537.36 (KHTML, like Gecko) Chrome/56.0.2924.87 Safari/537.36"
94.72.101.21 - - [02/Nov/2024:20:24:26 +0000] "GET /tests/_profiler/phpinfo HTTP/1.1" 404 564 "-" "Mozilla/5.0 (Macintosh; Intel Mac OS X 10_12_3) AppleWebKit/537.36 (KHTML, like Gecko) Chrome/56.0.2924.87 Safari/537.36"
94.72.101.21 - - [02/Nov/2024:20:24:27 +0000] "GET /tests/phpinfo.php HTTP/1.1" 404 564 "-" "Mozilla/5.0 (Macintosh; Intel Mac OS X 10_12_3) AppleWebKit/537.36 (KHTML, like Gecko) Chrome/56.0.2924.87 Safari/537.36"
94.72.101.21 - - [02/Nov/2024:20:24:27 +0000] "GET /tests/phpinfo HTTP/1.1" 404 564 "-" "Mozilla/5.0 (Macintosh; Intel Mac OS X 10_12_3) AppleWebKit/537.36 (KHTML, like Gecko) Chrome/56.0.2924.87 Safari/537.36"
94.72.101.21 - - [02/Nov/2024:20:24:27 +0000] "GET /tests/info.php HTTP/1.1" 404 564 "-" "Mozilla/5.0 (Macintosh; Intel Mac OS X 10_12_3) AppleWebKit/537.36 (KHTML, like Gecko) Chrome/56.0.2924.87 Safari/537.36"
94.72.101.21 - - [02/Nov/2024:20:24:27 +0000] "GET /tests/php.ini HTTP/1.1" 404 564 "-" "Mozilla/5.0 (Macintosh; Intel Mac OS X 10_12_3) AppleWebKit/537.36 (KHTML, like Gecko) Chrome/56.0.2924.87 Safari/537.36"
94.72.101.21 - - [02/Nov/2024:20:24:28 +0000] "GET /tests/php.php HTTP/1.1" 404 564 "-" "Mozilla/5.0 (Macintosh; Intel Mac OS X 10_12_3) AppleWebKit/537.36 (KHTML, like Gecko) Chrome/56.0.2924.87 Safari/537.36"
94.72.101.21 - - [02/Nov/2024:20:24:29 +0000] "GET /tests/infophp.php HTTP/1.1" 404 564 "-" "Mozilla/5.0 (Macintosh; Intel Mac OS X 10_12_3) AppleWebKit/537.36 (KHTML, like Gecko) Chrome/56.0.2924.87 Safari/537.36"
94.72.101.21 - - [02/Nov/2024:20:24:29 +0000] "GET /tests/test.php HTTP/1.1" 404 564 "-" "Mozilla/5.0 (Macintosh; Intel Mac OS X 10_12_3) AppleWebKit/537.36 (KHTML, like Gecko) Chrome/56.0.2924.87 Safari/537.36"
94.72.101.21 - - [02/Nov/2024:20:24:29 +0000] "GET /tests/dashboard/phpinfo.php HTTP/1.1" 404 564 "-" "Mozilla/5.0 (Macintosh; Intel Mac OS X 10_12_3) AppleWebKit/537.36 (KHTML, like Gecko) Chrome/56.0.2924.87 Safari/537.36"
94.72.101.21 - - [02/Nov/2024:20:24:29 +0000] "GET /tests/api/phpinfo.php HTTP/1.1" 404 564 "-" "Mozilla/5.0 (Macintosh; Intel Mac OS X 10_12_3) AppleWebKit/537.36 (KHTML, like Gecko) Chrome/56.0.2924.87 Safari/537.36"
94.72.101.21 - - [02/Nov/2024:20:24:30 +0000] "GET /tests/backend/phpinfo.php HTTP/1.1" 404 564 "-" "Mozilla/5.0 (Macintosh; Intel Mac OS X 10_12_3) AppleWebKit/537.36 (KHTML, like Gecko) Chrome/56.0.2924.87 Safari/537.36"
94.72.101.21 - - [02/Nov/2024:20:24:30 +0000] "GET /tests/backup/phpinfo.php HTTP/1.1" 404 564 "-" "Mozilla/5.0 (Macintosh; Intel Mac OS X 10_12_3) AppleWebKit/537.36 (KHTML, like Gecko) Chrome/56.0.2924.87 Safari/537.36"
94.72.101.21 - - [02/Nov/2024:20:24:30 +0000] "GET /tests/crm/phpinfo.php HTTP/1.1" 404 564 "-" "Mozilla/5.0 (Macintosh; Intel Mac OS X 10_12_3) AppleWebKit/537.36 (KHTML, like Gecko) Chrome/56.0.2924.87 Safari/537.36"
94.72.101.21 - - [02/Nov/2024:20:24:31 +0000] "GET /tests/current/phpinfo.php HTTP/1.1" 404 564 "-" "Mozilla/5.0 (Macintosh; Intel Mac OS X 10_12_3) AppleWebKit/537.36 (KHTML, like Gecko) Chrome/56.0.2924.87 Safari/537.36"
94.72.101.21 - - [02/Nov/2024:20:24:31 +0000] "GET /tests/dev/phpinfo.php HTTP/1.1" 404 564 "-" "Mozilla/5.0 (Macintosh; Intel Mac OS X 10_12_3) AppleWebKit/537.36 (KHTML, like Gecko) Chrome/56.0.2924.87 Safari/537.36"
94.72.101.21 - - [02/Nov/2024:20:24:31 +0000] "GET /tests/develop/phpinfo.php HTTP/1.1" 404 564 "-" "Mozilla/5.0 (Macintosh; Intel Mac OS X 10_12_3) AppleWebKit/537.36 (KHTML, like Gecko) Chrome/56.0.2924.87 Safari/537.36"
94.72.101.21 - - [02/Nov/2024:20:24:31 +0000] "GET /tests/development/phpinfo.php HTTP/1.1" 404 564 "-" "Mozilla/5.0 (Macintosh; Intel Mac OS X 10_12_3) AppleWebKit/537.36 (KHTML, like Gecko) Chrome/56.0.2924.87 Safari/537.36"
94.72.101.21 - - [02/Nov/2024:20:24:31 +0000] "GET /tests/help/phpinfo.php HTTP/1.1" 404 564 "-" "Mozilla/5.0 (Macintosh; Intel Mac OS X 10_12_3) AppleWebKit/537.36 (KHTML, like Gecko) Chrome/56.0.2924.87 Safari/537.36"
94.72.101.21 - - [02/Nov/2024:20:24:31 +0000] "GET /tests/helper/phpinfo.php HTTP/1.1" 404 564 "-" "Mozilla/5.0 (Macintosh; Intel Mac OS X 10_12_3) AppleWebKit/537.36 (KHTML, like Gecko) Chrome/56.0.2924.87 Safari/537.36"
94.72.101.21 - - [02/Nov/2024:20:24:32 +0000] "GET /tests/lara/phpinfo.php HTTP/1.1" 404 564 "-" "Mozilla/5.0 (Macintosh; Intel Mac OS X 10_12_3) AppleWebKit/537.36 (KHTML, like Gecko) Chrome/56.0.2924.87 Safari/537.36"
94.72.101.21 - - [02/Nov/2024:20:24:32 +0000] "GET /tests/laravel/phpinfo.php HTTP/1.1" 404 564 "-" "Mozilla/5.0 (Macintosh; Intel Mac OS X 10_12_3) AppleWebKit/537.36 (KHTML, like Gecko) Chrome/56.0.2924.87 Safari/537.36"
94.72.101.21 - - [02/Nov/2024:20:24:32 +0000] "GET /tests/server/phpinfo.php HTTP/1.1" 404 564 "-" "Mozilla/5.0 (Macintosh; Intel Mac OS X 10_12_3) AppleWebKit/537.36 (KHTML, like Gecko) Chrome/56.0.2924.87 Safari/537.36"
94.72.101.21 - - [02/Nov/2024:20:24:33 +0000] "GET /tests/service/phpinfo.php HTTP/1.1" 404 564 "-" "Mozilla/5.0 (Macintosh; Intel Mac OS X 10_12_3) AppleWebKit/537.36 (KHTML, like Gecko) Chrome/56.0.2924.87 Safari/537.36"
94.72.101.21 - - [02/Nov/2024:20:24:33 +0000] "GET /tests/services/phpinfo.php HTTP/1.1" 404 564 "-" "Mozilla/5.0 (Macintosh; Intel Mac OS X 10_12_3) AppleWebKit/537.36 (KHTML, like Gecko) Chrome/56.0.2924.87 Safari/537.36"
94.72.101.21 - - [02/Nov/2024:20:24:33 +0000] "GET /tests/xampp/phpinfo.php HTTP/1.1" 404 564 "-" "Mozilla/5.0 (Macintosh; Intel Mac OS X 10_12_3) AppleWebKit/537.36 (KHTML, like Gecko) Chrome/56.0.2924.87 Safari/537.36"
94.72.101.21 - - [02/Nov/2024:20:24:34 +0000] "GET /tests/api/info.php HTTP/1.1" 404 564 "-" "Mozilla/5.0 (Macintosh; Intel Mac OS X 10_12_3) AppleWebKit/537.36 (KHTML, like Gecko) Chrome/56.0.2924.87 Safari/537.36"
94.72.101.21 - - [02/Nov/2024:20:24:34 +0000] "GET /tests/backend/info.php HTTP/1.1" 404 564 "-" "Mozilla/5.0 (Macintosh; Intel Mac OS X 10_12_3) AppleWebKit/537.36 (KHTML, like Gecko) Chrome/56.0.2924.87 Safari/537.36"
94.72.101.21 - - [02/Nov/2024:20:24:34 +0000] "GET /tests/backup/info.php HTTP/1.1" 404 564 "-" "Mozilla/5.0 (Macintosh; Intel Mac OS X 10_12_3) AppleWebKit/537.36 (KHTML, like Gecko) Chrome/56.0.2924.87 Safari/537.36"
94.72.101.21 - - [02/Nov/2024:20:24:34 +0000] "GET /tests/crm/info.php HTTP/1.1" 404 564 "-" "Mozilla/5.0 (Macintosh; Intel Mac OS X 10_12_3) AppleWebKit/537.36 (KHTML, like Gecko) Chrome/56.0.2924.87 Safari/537.36"
94.72.101.21 - - [02/Nov/2024:20:24:34 +0000] "GET /tests/current/info.php HTTP/1.1" 404 564 "-" "Mozilla/5.0 (Macintosh; Intel Mac OS X 10_12_3) AppleWebKit/537.36 (KHTML, like Gecko) Chrome/56.0.2924.87 Safari/537.36"
94.72.101.21 - - [02/Nov/2024:20:24:34 +0000] "GET /tests/dev/info.php HTTP/1.1" 404 564 "-" "Mozilla/5.0 (Macintosh; Intel Mac OS X 10_12_3) AppleWebKit/537.36 (KHTML, like Gecko) Chrome/56.0.2924.87 Safari/537.36"
94.72.101.21 - - [02/Nov/2024:20:24:35 +0000] "GET /tests/develop/info.php HTTP/1.1" 404 564 "-" "Mozilla/5.0 (Macintosh; Intel Mac OS X 10_12_3) AppleWebKit/537.36 (KHTML, like Gecko) Chrome/56.0.2924.87 Safari/537.36"
94.72.101.21 - - [02/Nov/2024:20:24:35 +0000] "GET /tests/development/iinfo.php HTTP/1.1" 404 564 "-" "Mozilla/5.0 (Macintosh; Intel Mac OS X 10_12_3) AppleWebKit/537.36 (KHTML, like Gecko) Chrome/56.0.2924.87 Safari/537.36"
94.72.101.21 - - [02/Nov/2024:20:24:35 +0000] "GET /tests/help/info.php HTTP/1.1" 404 564 "-" "Mozilla/5.0 (Macintosh; Intel Mac OS X 10_12_3) AppleWebKit/537.36 (KHTML, like Gecko) Chrome/56.0.2924.87 Safari/537.36"
94.72.101.21 - - [02/Nov/2024:20:24:35 +0000] "GET /tests/helper/info.php HTTP/1.1" 404 564 "-" "Mozilla/5.0 (Macintosh; Intel Mac OS X 10_12_3) AppleWebKit/537.36 (KHTML, like Gecko) Chrome/56.0.2924.87 Safari/537.36"
94.72.101.21 - - [02/Nov/2024:20:24:36 +0000] "GET /tests/lara/info.php HTTP/1.1" 404 564 "-" "Mozilla/5.0 (Macintosh; Intel Mac OS X 10_12_3) AppleWebKit/537.36 (KHTML, like Gecko) Chrome/56.0.2924.87 Safari/537.36"
94.72.101.21 - - [02/Nov/2024:20:24:36 +0000] "GET /tests/laravel/info.php HTTP/1.1" 404 564 "-" "Mozilla/5.0 (Macintosh; Intel Mac OS X 10_12_3) AppleWebKit/537.36 (KHTML, like Gecko) Chrome/56.0.2924.87 Safari/537.36"
94.72.101.21 - - [02/Nov/2024:20:24:37 +0000] "GET /tests/server/info.php HTTP/1.1" 404 564 "-" "Mozilla/5.0 (Macintosh; Intel Mac OS X 10_12_3) AppleWebKit/537.36 (KHTML, like Gecko) Chrome/56.0.2924.87 Safari/537.36"
94.72.101.21 - - [02/Nov/2024:20:24:37 +0000] "GET /tests/service/info.php HTTP/1.1" 404 564 "-" "Mozilla/5.0 (Macintosh; Intel Mac OS X 10_12_3) AppleWebKit/537.36 (KHTML, like Gecko) Chrome/56.0.2924.87 Safari/537.36"
94.72.101.21 - - [02/Nov/2024:20:24:37 +0000] "GET /tests/services/info.php HTTP/1.1" 404 564 "-" "Mozilla/5.0 (Macintosh; Intel Mac OS X 10_12_3) AppleWebKit/537.36 (KHTML, like Gecko) Chrome/56.0.2924.87 Safari/537.36"
94.72.101.21 - - [02/Nov/2024:20:24:38 +0000] "GET /tests/php-info.php HTTP/1.1" 404 564 "-" "Mozilla/5.0 (Macintosh; Intel Mac OS X 10_12_3) AppleWebKit/537.36 (KHTML, like Gecko) Chrome/56.0.2924.87 Safari/537.36"
94.72.101.21 - - [02/Nov/2024:20:24:38 +0000] "GET /tests/linusadmin-phpinfo.php HTTP/1.1" 404 564 "-" "Mozilla/5.0 (Macintosh; Intel Mac OS X 10_12_3) AppleWebKit/537.36 (KHTML, like Gecko) Chrome/56.0.2924.87 Safari/537.36"
94.72.101.21 - - [02/Nov/2024:20:24:38 +0000] "GET /tests/infos.php HTTP/1.1" 404 564 "-" "Mozilla/5.0 (Macintosh; Intel Mac OS X 10_12_3) AppleWebKit/537.36 (KHTML, like Gecko) Chrome/56.0.2924.87 Safari/537.36"
94.72.101.21 - - [02/Nov/2024:20:24:39 +0000] "GET /tests/old_phpinfo.php HTTP/1.1" 404 564 "-" "Mozilla/5.0 (Macintosh; Intel Mac OS X 10_12_3) AppleWebKit/537.36 (KHTML, like Gecko) Chrome/56.0.2924.87 Safari/537.36"
94.72.101.21 - - [02/Nov/2024:20:24:39 +0000] "GET /tests/temp.php HTTP/1.1" 404 564 "-" "Mozilla/5.0 (Macintosh; Intel Mac OS X 10_12_3) AppleWebKit/537.36 (KHTML, like Gecko) Chrome/56.0.2924.87 Safari/537.36"
94.72.101.21 - - [02/Nov/2024:20:24:39 +0000] "GET /tests/time.php HTTP/1.1" 404 564 "-" "Mozilla/5.0 (Macintosh; Intel Mac OS X 10_12_3) AppleWebKit/537.36 (KHTML, like Gecko) Chrome/56.0.2924.87 Safari/537.36"
94.72.101.21 - - [02/Nov/2024:20:24:39 +0000] "GET /tests/phpversion.php HTTP/1.1" 404 564 "-" "Mozilla/5.0 (Macintosh; Intel Mac OS X 10_12_3) AppleWebKit/537.36 (KHTML, like Gecko) Chrome/56.0.2924.87 Safari/537.36"
94.72.101.21 - - [02/Nov/2024:20:24:40 +0000] "GET /tests/pinfo.php HTTP/1.1" 404 564 "-" "Mozilla/5.0 (Macintosh; Intel Mac OS X 10_12_3) AppleWebKit/537.36 (KHTML, like Gecko) Chrome/56.0.2924.87 Safari/537.36"
94.72.101.21 - - [02/Nov/2024:20:24:40 +0000] "GET /tests/i.php HTTP/1.1" 404 564 "-" "Mozilla/5.0 (Macintosh; Intel Mac OS X 10_12_3) AppleWebKit/537.36 (KHTML, like Gecko) Chrome/56.0.2924.87 Safari/537.36"
94.72.101.21 - - [02/Nov/2024:20:24:40 +0000] "GET /tests/asdf.php HTTP/1.1" 404 564 "-" "Mozilla/5.0 (Macintosh; Intel Mac OS X 10_12_3) AppleWebKit/537.36 (KHTML, like Gecko) Chrome/56.0.2924.87 Safari/537.36"
94.72.101.21 - - [02/Nov/2024:20:24:40 +0000] "GET /testing/xampp/info.php HTTP/1.1" 404 564 "-" "Mozilla/5.0 (Macintosh; Intel Mac OS X 10_12_3) AppleWebKit/537.36 (KHTML, like Gecko) Chrome/56.0.2924.87 Safari/537.36"
94.72.101.21 - - [02/Nov/2024:20:24:41 +0000] "GET /testing/xampp/phpinfo HTTP/1.1" 404 564 "-" "Mozilla/5.0 (Macintosh; Intel Mac OS X 10_12_3) AppleWebKit/537.36 (KHTML, like Gecko) Chrome/56.0.2924.87 Safari/537.36"
94.72.101.21 - - [02/Nov/2024:20:24:41 +0000] "GET /testing/_profiler/phpinfo HTTP/1.1" 404 564 "-" "Mozilla/5.0 (Macintosh; Intel Mac OS X 10_12_3) AppleWebKit/537.36 (KHTML, like Gecko) Chrome/56.0.2924.87 Safari/537.36"
94.72.101.21 - - [02/Nov/2024:20:24:41 +0000] "GET /testing/phpinfo.php HTTP/1.1" 404 564 "-" "Mozilla/5.0 (Macintosh; Intel Mac OS X 10_12_3) AppleWebKit/537.36 (KHTML, like Gecko) Chrome/56.0.2924.87 Safari/537.36"
94.72.101.21 - - [02/Nov/2024:20:24:41 +0000] "GET /testing/phpinfo HTTP/1.1" 404 564 "-" "Mozilla/5.0 (Macintosh; Intel Mac OS X 10_12_3) AppleWebKit/537.36 (KHTML, like Gecko) Chrome/56.0.2924.87 Safari/537.36"
94.72.101.21 - - [02/Nov/2024:20:24:41 +0000] "GET /testing/info.php HTTP/1.1" 404 564 "-" "Mozilla/5.0 (Macintosh; Intel Mac OS X 10_12_3) AppleWebKit/537.36 (KHTML, like Gecko) Chrome/56.0.2924.87 Safari/537.36"
94.72.101.21 - - [02/Nov/2024:20:24:42 +0000] "GET /testing/php.ini HTTP/1.1" 404 564 "-" "Mozilla/5.0 (Macintosh; Intel Mac OS X 10_12_3) AppleWebKit/537.36 (KHTML, like Gecko) Chrome/56.0.2924.87 Safari/537.36"
94.72.101.21 - - [02/Nov/2024:20:24:42 +0000] "GET /testing/php.php HTTP/1.1" 404 564 "-" "Mozilla/5.0 (Macintosh; Intel Mac OS X 10_12_3) AppleWebKit/537.36 (KHTML, like Gecko) Chrome/56.0.2924.87 Safari/537.36"
94.72.101.21 - - [02/Nov/2024:20:24:42 +0000] "GET /testing/infophp.php HTTP/1.1" 404 564 "-" "Mozilla/5.0 (Macintosh; Intel Mac OS X 10_12_3) AppleWebKit/537.36 (KHTML, like Gecko) Chrome/56.0.2924.87 Safari/537.36"
94.72.101.21 - - [02/Nov/2024:20:24:42 +0000] "GET /testing/test.php HTTP/1.1" 404 564 "-" "Mozilla/5.0 (Macintosh; Intel Mac OS X 10_12_3) AppleWebKit/537.36 (KHTML, like Gecko) Chrome/56.0.2924.87 Safari/537.36"
94.72.101.21 - - [02/Nov/2024:20:24:42 +0000] "GET /testing/dashboard/phpinfo.php HTTP/1.1" 404 564 "-" "Mozilla/5.0 (Macintosh; Intel Mac OS X 10_12_3) AppleWebKit/537.36 (KHTML, like Gecko) Chrome/56.0.2924.87 Safari/537.36"
94.72.101.21 - - [02/Nov/2024:20:24:42 +0000] "GET /testing/api/phpinfo.php HTTP/1.1" 404 564 "-" "Mozilla/5.0 (Macintosh; Intel Mac OS X 10_12_3) AppleWebKit/537.36 (KHTML, like Gecko) Chrome/56.0.2924.87 Safari/537.36"
94.72.101.21 - - [02/Nov/2024:20:24:43 +0000] "GET /testing/backend/phpinfo.php HTTP/1.1" 404 564 "-" "Mozilla/5.0 (Macintosh; Intel Mac OS X 10_12_3) AppleWebKit/537.36 (KHTML, like Gecko) Chrome/56.0.2924.87 Safari/537.36"
94.72.101.21 - - [02/Nov/2024:20:24:43 +0000] "GET /testing/backup/phpinfo.php HTTP/1.1" 404 564 "-" "Mozilla/5.0 (Macintosh; Intel Mac OS X 10_12_3) AppleWebKit/537.36 (KHTML, like Gecko) Chrome/56.0.2924.87 Safari/537.36"
94.72.101.21 - - [02/Nov/2024:20:24:43 +0000] "GET /testing/crm/phpinfo.php HTTP/1.1" 404 564 "-" "Mozilla/5.0 (Macintosh; Intel Mac OS X 10_12_3) AppleWebKit/537.36 (KHTML, like Gecko) Chrome/56.0.2924.87 Safari/537.36"
94.72.101.21 - - [02/Nov/2024:20:24:44 +0000] "GET /testing/current/phpinfo.php HTTP/1.1" 404 564 "-" "Mozilla/5.0 (Macintosh; Intel Mac OS X 10_12_3) AppleWebKit/537.36 (KHTML, like Gecko) Chrome/56.0.2924.87 Safari/537.36"
94.72.101.21 - - [02/Nov/2024:20:24:45 +0000] "GET /testing/dev/phpinfo.php HTTP/1.1" 404 564 "-" "Mozilla/5.0 (Macintosh; Intel Mac OS X 10_12_3) AppleWebKit/537.36 (KHTML, like Gecko) Chrome/56.0.2924.87 Safari/537.36"
94.72.101.21 - - [02/Nov/2024:20:24:45 +0000] "GET /testing/develop/phpinfo.php HTTP/1.1" 404 564 "-" "Mozilla/5.0 (Macintosh; Intel Mac OS X 10_12_3) AppleWebKit/537.36 (KHTML, like Gecko) Chrome/56.0.2924.87 Safari/537.36"
94.72.101.21 - - [02/Nov/2024:20:24:45 +0000] "GET /testing/development/phpinfo.php HTTP/1.1" 404 564 "-" "Mozilla/5.0 (Macintosh; Intel Mac OS X 10_12_3) AppleWebKit/537.36 (KHTML, like Gecko) Chrome/56.0.2924.87 Safari/537.36"
94.72.101.21 - - [02/Nov/2024:20:24:46 +0000] "GET /testing/help/phpinfo.php HTTP/1.1" 404 564 "-" "Mozilla/5.0 (Macintosh; Intel Mac OS X 10_12_3) AppleWebKit/537.36 (KHTML, like Gecko) Chrome/56.0.2924.87 Safari/537.36"
94.72.101.21 - - [02/Nov/2024:20:24:46 +0000] "GET /testing/helper/phpinfo.php HTTP/1.1" 404 564 "-" "Mozilla/5.0 (Macintosh; Intel Mac OS X 10_12_3) AppleWebKit/537.36 (KHTML, like Gecko) Chrome/56.0.2924.87 Safari/537.36"
94.72.101.21 - - [02/Nov/2024:20:24:46 +0000] "GET /testing/lara/phpinfo.php HTTP/1.1" 404 564 "-" "Mozilla/5.0 (Macintosh; Intel Mac OS X 10_12_3) AppleWebKit/537.36 (KHTML, like Gecko) Chrome/56.0.2924.87 Safari/537.36"
94.72.101.21 - - [02/Nov/2024:20:24:47 +0000] "GET /testing/laravel/phpinfo.php HTTP/1.1" 404 564 "-" "Mozilla/5.0 (Macintosh; Intel Mac OS X 10_12_3) AppleWebKit/537.36 (KHTML, like Gecko) Chrome/56.0.2924.87 Safari/537.36"
94.72.101.21 - - [02/Nov/2024:20:24:47 +0000] "GET /testing/server/phpinfo.php HTTP/1.1" 404 564 "-" "Mozilla/5.0 (Macintosh; Intel Mac OS X 10_12_3) AppleWebKit/537.36 (KHTML, like Gecko) Chrome/56.0.2924.87 Safari/537.36"
94.72.101.21 - - [02/Nov/2024:20:24:47 +0000] "GET /testing/service/phpinfo.php HTTP/1.1" 404 564 "-" "Mozilla/5.0 (Macintosh; Intel Mac OS X 10_12_3) AppleWebKit/537.36 (KHTML, like Gecko) Chrome/56.0.2924.87 Safari/537.36"
94.72.101.21 - - [02/Nov/2024:20:24:48 +0000] "GET /testing/services/phpinfo.php HTTP/1.1" 404 564 "-" "Mozilla/5.0 (Macintosh; Intel Mac OS X 10_12_3) AppleWebKit/537.36 (KHTML, like Gecko) Chrome/56.0.2924.87 Safari/537.36"
94.72.101.21 - - [02/Nov/2024:20:24:48 +0000] "GET /testing/xampp/phpinfo.php HTTP/1.1" 404 564 "-" "Mozilla/5.0 (Macintosh; Intel Mac OS X 10_12_3) AppleWebKit/537.36 (KHTML, like Gecko) Chrome/56.0.2924.87 Safari/537.36"
94.72.101.21 - - [02/Nov/2024:20:24:49 +0000] "GET /testing/api/info.php HTTP/1.1" 404 564 "-" "Mozilla/5.0 (Macintosh; Intel Mac OS X 10_12_3) AppleWebKit/537.36 (KHTML, like Gecko) Chrome/56.0.2924.87 Safari/537.36"
94.72.101.21 - - [02/Nov/2024:20:24:49 +0000] "GET /testing/backend/info.php HTTP/1.1" 404 564 "-" "Mozilla/5.0 (Macintosh; Intel Mac OS X 10_12_3) AppleWebKit/537.36 (KHTML, like Gecko) Chrome/56.0.2924.87 Safari/537.36"
94.72.101.21 - - [02/Nov/2024:20:24:49 +0000] "GET /testing/backup/info.php HTTP/1.1" 404 564 "-" "Mozilla/5.0 (Macintosh; Intel Mac OS X 10_12_3) AppleWebKit/537.36 (KHTML, like Gecko) Chrome/56.0.2924.87 Safari/537.36"
94.72.101.21 - - [02/Nov/2024:20:24:50 +0000] "GET /testing/crm/info.php HTTP/1.1" 404 564 "-" "Mozilla/5.0 (Macintosh; Intel Mac OS X 10_12_3) AppleWebKit/537.36 (KHTML, like Gecko) Chrome/56.0.2924.87 Safari/537.36"
94.72.101.21 - - [02/Nov/2024:20:24:50 +0000] "GET /testing/current/info.php HTTP/1.1" 404 564 "-" "Mozilla/5.0 (Macintosh; Intel Mac OS X 10_12_3) AppleWebKit/537.36 (KHTML, like Gecko) Chrome/56.0.2924.87 Safari/537.36"
94.72.101.21 - - [02/Nov/2024:20:24:50 +0000] "GET /testing/dev/info.php HTTP/1.1" 404 564 "-" "Mozilla/5.0 (Macintosh; Intel Mac OS X 10_12_3) AppleWebKit/537.36 (KHTML, like Gecko) Chrome/56.0.2924.87 Safari/537.36"
94.72.101.21 - - [02/Nov/2024:20:24:50 +0000] "GET /testing/develop/info.php HTTP/1.1" 404 564 "-" "Mozilla/5.0 (Macintosh; Intel Mac OS X 10_12_3) AppleWebKit/537.36 (KHTML, like Gecko) Chrome/56.0.2924.87 Safari/537.36"
94.72.101.21 - - [02/Nov/2024:20:24:51 +0000] "GET /testing/development/iinfo.php HTTP/1.1" 404 564 "-" "Mozilla/5.0 (Macintosh; Intel Mac OS X 10_12_3) AppleWebKit/537.36 (KHTML, like Gecko) Chrome/56.0.2924.87 Safari/537.36"
94.72.101.21 - - [02/Nov/2024:20:24:51 +0000] "GET /testing/help/info.php HTTP/1.1" 404 564 "-" "Mozilla/5.0 (Macintosh; Intel Mac OS X 10_12_3) AppleWebKit/537.36 (KHTML, like Gecko) Chrome/56.0.2924.87 Safari/537.36"
94.72.101.21 - - [02/Nov/2024:20:24:51 +0000] "GET /testing/helper/info.php HTTP/1.1" 404 564 "-" "Mozilla/5.0 (Macintosh; Intel Mac OS X 10_12_3) AppleWebKit/537.36 (KHTML, like Gecko) Chrome/56.0.2924.87 Safari/537.36"
94.72.101.21 - - [02/Nov/2024:20:24:52 +0000] "GET /testing/lara/info.php HTTP/1.1" 404 564 "-" "Mozilla/5.0 (Macintosh; Intel Mac OS X 10_12_3) AppleWebKit/537.36 (KHTML, like Gecko) Chrome/56.0.2924.87 Safari/537.36"
94.72.101.21 - - [02/Nov/2024:20:24:52 +0000] "GET /testing/laravel/info.php HTTP/1.1" 404 564 "-" "Mozilla/5.0 (Macintosh; Intel Mac OS X 10_12_3) AppleWebKit/537.36 (KHTML, like Gecko) Chrome/56.0.2924.87 Safari/537.36"
94.72.101.21 - - [02/Nov/2024:20:24:52 +0000] "GET /testing/server/info.php HTTP/1.1" 404 564 "-" "Mozilla/5.0 (Macintosh; Intel Mac OS X 10_12_3) AppleWebKit/537.36 (KHTML, like Gecko) Chrome/56.0.2924.87 Safari/537.36"
94.72.101.21 - - [02/Nov/2024:20:24:52 +0000] "GET /testing/service/info.php HTTP/1.1" 404 564 "-" "Mozilla/5.0 (Macintosh; Intel Mac OS X 10_12_3) AppleWebKit/537.36 (KHTML, like Gecko) Chrome/56.0.2924.87 Safari/537.36"
94.72.101.21 - - [02/Nov/2024:20:24:52 +0000] "GET /testing/services/info.php HTTP/1.1" 404 564 "-" "Mozilla/5.0 (Macintosh; Intel Mac OS X 10_12_3) AppleWebKit/537.36 (KHTML, like Gecko) Chrome/56.0.2924.87 Safari/537.36"
94.72.101.21 - - [02/Nov/2024:20:24:53 +0000] "GET /testing/php-info.php HTTP/1.1" 404 564 "-" "Mozilla/5.0 (Macintosh; Intel Mac OS X 10_12_3) AppleWebKit/537.36 (KHTML, like Gecko) Chrome/56.0.2924.87 Safari/537.36"
94.72.101.21 - - [02/Nov/2024:20:24:53 +0000] "GET /testing/linusadmin-phpinfo.php HTTP/1.1" 404 564 "-" "Mozilla/5.0 (Macintosh; Intel Mac OS X 10_12_3) AppleWebKit/537.36 (KHTML, like Gecko) Chrome/56.0.2924.87 Safari/537.36"
94.72.101.21 - - [02/Nov/2024:20:24:53 +0000] "GET /testing/infos.php HTTP/1.1" 404 564 "-" "Mozilla/5.0 (Macintosh; Intel Mac OS X 10_12_3) AppleWebKit/537.36 (KHTML, like Gecko) Chrome/56.0.2924.87 Safari/537.36"
94.72.101.21 - - [02/Nov/2024:20:24:53 +0000] "GET /testing/old_phpinfo.php HTTP/1.1" 404 564 "-" "Mozilla/5.0 (Macintosh; Intel Mac OS X 10_12_3) AppleWebKit/537.36 (KHTML, like Gecko) Chrome/56.0.2924.87 Safari/537.36"
94.72.101.21 - - [02/Nov/2024:20:24:54 +0000] "GET /testing/temp.php HTTP/1.1" 404 564 "-" "Mozilla/5.0 (Macintosh; Intel Mac OS X 10_12_3) AppleWebKit/537.36 (KHTML, like Gecko) Chrome/56.0.2924.87 Safari/537.36"
94.72.101.21 - - [02/Nov/2024:20:24:55 +0000] "GET /testing/time.php HTTP/1.1" 404 564 "-" "Mozilla/5.0 (Macintosh; Intel Mac OS X 10_12_3) AppleWebKit/537.36 (KHTML, like Gecko) Chrome/56.0.2924.87 Safari/537.36"
94.72.101.21 - - [02/Nov/2024:20:24:55 +0000] "GET /testing/phpversion.php HTTP/1.1" 404 564 "-" "Mozilla/5.0 (Macintosh; Intel Mac OS X 10_12_3) AppleWebKit/537.36 (KHTML, like Gecko) Chrome/56.0.2924.87 Safari/537.36"
94.72.101.21 - - [02/Nov/2024:20:24:55 +0000] "GET /testing/pinfo.php HTTP/1.1" 404 564 "-" "Mozilla/5.0 (Macintosh; Intel Mac OS X 10_12_3) AppleWebKit/537.36 (KHTML, like Gecko) Chrome/56.0.2924.87 Safari/537.36"
94.72.101.21 - - [02/Nov/2024:20:24:55 +0000] "GET /testing/i.php HTTP/1.1" 404 564 "-" "Mozilla/5.0 (Macintosh; Intel Mac OS X 10_12_3) AppleWebKit/537.36 (KHTML, like Gecko) Chrome/56.0.2924.87 Safari/537.36"
94.72.101.21 - - [02/Nov/2024:20:24:55 +0000] "GET /testing/asdf.php HTTP/1.1" 404 564 "-" "Mozilla/5.0 (Macintosh; Intel Mac OS X 10_12_3) AppleWebKit/537.36 (KHTML, like Gecko) Chrome/56.0.2924.87 Safari/537.36"
94.72.101.21 - - [02/Nov/2024:20:24:56 +0000] "GET /user/xampp/info.php HTTP/1.1" 404 564 "-" "Mozilla/5.0 (Macintosh; Intel Mac OS X 10_12_3) AppleWebKit/537.36 (KHTML, like Gecko) Chrome/56.0.2924.87 Safari/537.36"
94.72.101.21 - - [02/Nov/2024:20:24:56 +0000] "GET /user/xampp/phpinfo HTTP/1.1" 404 564 "-" "Mozilla/5.0 (Macintosh; Intel Mac OS X 10_12_3) AppleWebKit/537.36 (KHTML, like Gecko) Chrome/56.0.2924.87 Safari/537.36"
94.72.101.21 - - [02/Nov/2024:20:24:56 +0000] "GET /user/_profiler/phpinfo HTTP/1.1" 404 564 "-" "Mozilla/5.0 (Macintosh; Intel Mac OS X 10_12_3) AppleWebKit/537.36 (KHTML, like Gecko) Chrome/56.0.2924.87 Safari/537.36"
94.72.101.21 - - [02/Nov/2024:20:24:56 +0000] "GET /user/phpinfo.php HTTP/1.1" 404 564 "-" "Mozilla/5.0 (Macintosh; Intel Mac OS X 10_12_3) AppleWebKit/537.36 (KHTML, like Gecko) Chrome/56.0.2924.87 Safari/537.36"
94.72.101.21 - - [02/Nov/2024:20:24:56 +0000] "GET /user/phpinfo HTTP/1.1" 404 564 "-" "Mozilla/5.0 (Macintosh; Intel Mac OS X 10_12_3) AppleWebKit/537.36 (KHTML, like Gecko) Chrome/56.0.2924.87 Safari/537.36"
94.72.101.21 - - [02/Nov/2024:20:24:57 +0000] "GET /user/info.php HTTP/1.1" 404 564 "-" "Mozilla/5.0 (Macintosh; Intel Mac OS X 10_12_3) AppleWebKit/537.36 (KHTML, like Gecko) Chrome/56.0.2924.87 Safari/537.36"
94.72.101.21 - - [02/Nov/2024:20:24:57 +0000] "GET /user/php.ini HTTP/1.1" 404 564 "-" "Mozilla/5.0 (Macintosh; Intel Mac OS X 10_12_3) AppleWebKit/537.36 (KHTML, like Gecko) Chrome/56.0.2924.87 Safari/537.36"
94.72.101.21 - - [02/Nov/2024:20:24:57 +0000] "GET /user/php.php HTTP/1.1" 404 564 "-" "Mozilla/5.0 (Macintosh; Intel Mac OS X 10_12_3) AppleWebKit/537.36 (KHTML, like Gecko) Chrome/56.0.2924.87 Safari/537.36"
94.72.101.21 - - [02/Nov/2024:20:24:57 +0000] "GET /user/infophp.php HTTP/1.1" 404 564 "-" "Mozilla/5.0 (Macintosh; Intel Mac OS X 10_12_3) AppleWebKit/537.36 (KHTML, like Gecko) Chrome/56.0.2924.87 Safari/537.36"
94.72.101.21 - - [02/Nov/2024:20:24:58 +0000] "GET /user/test.php HTTP/1.1" 404 564 "-" "Mozilla/5.0 (Macintosh; Intel Mac OS X 10_12_3) AppleWebKit/537.36 (KHTML, like Gecko) Chrome/56.0.2924.87 Safari/537.36"
94.72.101.21 - - [02/Nov/2024:20:24:58 +0000] "GET /user/dashboard/phpinfo.php HTTP/1.1" 404 564 "-" "Mozilla/5.0 (Macintosh; Intel Mac OS X 10_12_3) AppleWebKit/537.36 (KHTML, like Gecko) Chrome/56.0.2924.87 Safari/537.36"
94.72.101.21 - - [02/Nov/2024:20:24:58 +0000] "GET /user/api/phpinfo.php HTTP/1.1" 404 564 "-" "Mozilla/5.0 (Macintosh; Intel Mac OS X 10_12_3) AppleWebKit/537.36 (KHTML, like Gecko) Chrome/56.0.2924.87 Safari/537.36"
94.72.101.21 - - [02/Nov/2024:20:24:58 +0000] "GET /user/backend/phpinfo.php HTTP/1.1" 404 564 "-" "Mozilla/5.0 (Macintosh; Intel Mac OS X 10_12_3) AppleWebKit/537.36 (KHTML, like Gecko) Chrome/56.0.2924.87 Safari/537.36"
94.72.101.21 - - [02/Nov/2024:20:24:59 +0000] "GET /user/backup/phpinfo.php HTTP/1.1" 404 564 "-" "Mozilla/5.0 (Macintosh; Intel Mac OS X 10_12_3) AppleWebKit/537.36 (KHTML, like Gecko) Chrome/56.0.2924.87 Safari/537.36"
94.72.101.21 - - [02/Nov/2024:20:24:59 +0000] "GET /user/crm/phpinfo.php HTTP/1.1" 404 564 "-" "Mozilla/5.0 (Macintosh; Intel Mac OS X 10_12_3) AppleWebKit/537.36 (KHTML, like Gecko) Chrome/56.0.2924.87 Safari/537.36"
94.72.101.21 - - [02/Nov/2024:20:24:59 +0000] "GET /user/current/phpinfo.php HTTP/1.1" 404 564 "-" "Mozilla/5.0 (Macintosh; Intel Mac OS X 10_12_3) AppleWebKit/537.36 (KHTML, like Gecko) Chrome/56.0.2924.87 Safari/537.36"
94.72.101.21 - - [02/Nov/2024:20:25:00 +0000] "GET /user/dev/phpinfo.php HTTP/1.1" 404 564 "-" "Mozilla/5.0 (Macintosh; Intel Mac OS X 10_12_3) AppleWebKit/537.36 (KHTML, like Gecko) Chrome/56.0.2924.87 Safari/537.36"
94.72.101.21 - - [02/Nov/2024:20:25:00 +0000] "GET /user/develop/phpinfo.php HTTP/1.1" 404 564 "-" "Mozilla/5.0 (Macintosh; Intel Mac OS X 10_12_3) AppleWebKit/537.36 (KHTML, like Gecko) Chrome/56.0.2924.87 Safari/537.36"
94.72.101.21 - - [02/Nov/2024:20:25:01 +0000] "GET /user/development/phpinfo.php HTTP/1.1" 404 564 "-" "Mozilla/5.0 (Macintosh; Intel Mac OS X 10_12_3) AppleWebKit/537.36 (KHTML, like Gecko) Chrome/56.0.2924.87 Safari/537.36"
94.72.101.21 - - [02/Nov/2024:20:25:01 +0000] "GET /user/help/phpinfo.php HTTP/1.1" 404 564 "-" "Mozilla/5.0 (Macintosh; Intel Mac OS X 10_12_3) AppleWebKit/537.36 (KHTML, like Gecko) Chrome/56.0.2924.87 Safari/537.36"
94.72.101.21 - - [02/Nov/2024:20:25:01 +0000] "GET /user/helper/phpinfo.php HTTP/1.1" 404 564 "-" "Mozilla/5.0 (Macintosh; Intel Mac OS X 10_12_3) AppleWebKit/537.36 (KHTML, like Gecko) Chrome/56.0.2924.87 Safari/537.36"
94.72.101.21 - - [02/Nov/2024:20:25:01 +0000] "GET /user/lara/phpinfo.php HTTP/1.1" 404 564 "-" "Mozilla/5.0 (Macintosh; Intel Mac OS X 10_12_3) AppleWebKit/537.36 (KHTML, like Gecko) Chrome/56.0.2924.87 Safari/537.36"
94.72.101.21 - - [02/Nov/2024:20:25:02 +0000] "GET /user/laravel/phpinfo.php HTTP/1.1" 404 564 "-" "Mozilla/5.0 (Macintosh; Intel Mac OS X 10_12_3) AppleWebKit/537.36 (KHTML, like Gecko) Chrome/56.0.2924.87 Safari/537.36"
94.72.101.21 - - [02/Nov/2024:20:25:02 +0000] "GET /user/server/phpinfo.php HTTP/1.1" 404 564 "-" "Mozilla/5.0 (Macintosh; Intel Mac OS X 10_12_3) AppleWebKit/537.36 (KHTML, like Gecko) Chrome/56.0.2924.87 Safari/537.36"
94.72.101.21 - - [02/Nov/2024:20:25:02 +0000] "GET /user/service/phpinfo.php HTTP/1.1" 404 564 "-" "Mozilla/5.0 (Macintosh; Intel Mac OS X 10_12_3) AppleWebKit/537.36 (KHTML, like Gecko) Chrome/56.0.2924.87 Safari/537.36"
94.72.101.21 - - [02/Nov/2024:20:25:02 +0000] "GET /user/services/phpinfo.php HTTP/1.1" 404 564 "-" "Mozilla/5.0 (Macintosh; Intel Mac OS X 10_12_3) AppleWebKit/537.36 (KHTML, like Gecko) Chrome/56.0.2924.87 Safari/537.36"
94.72.101.21 - - [02/Nov/2024:20:25:03 +0000] "GET /user/xampp/phpinfo.php HTTP/1.1" 404 564 "-" "Mozilla/5.0 (Macintosh; Intel Mac OS X 10_12_3) AppleWebKit/537.36 (KHTML, like Gecko) Chrome/56.0.2924.87 Safari/537.36"
94.72.101.21 - - [02/Nov/2024:20:25:03 +0000] "GET /user/api/info.php HTTP/1.1" 404 564 "-" "Mozilla/5.0 (Macintosh; Intel Mac OS X 10_12_3) AppleWebKit/537.36 (KHTML, like Gecko) Chrome/56.0.2924.87 Safari/537.36"
94.72.101.21 - - [02/Nov/2024:20:25:03 +0000] "GET /user/backend/info.php HTTP/1.1" 404 564 "-" "Mozilla/5.0 (Macintosh; Intel Mac OS X 10_12_3) AppleWebKit/537.36 (KHTML, like Gecko) Chrome/56.0.2924.87 Safari/537.36"
94.72.101.21 - - [02/Nov/2024:20:25:04 +0000] "GET /user/backup/info.php HTTP/1.1" 404 564 "-" "Mozilla/5.0 (Macintosh; Intel Mac OS X 10_12_3) AppleWebKit/537.36 (KHTML, like Gecko) Chrome/56.0.2924.87 Safari/537.36"
94.72.101.21 - - [02/Nov/2024:20:25:04 +0000] "GET /user/crm/info.php HTTP/1.1" 404 564 "-" "Mozilla/5.0 (Macintosh; Intel Mac OS X 10_12_3) AppleWebKit/537.36 (KHTML, like Gecko) Chrome/56.0.2924.87 Safari/537.36"
94.72.101.21 - - [02/Nov/2024:20:25:04 +0000] "GET /user/current/info.php HTTP/1.1" 404 564 "-" "Mozilla/5.0 (Macintosh; Intel Mac OS X 10_12_3) AppleWebKit/537.36 (KHTML, like Gecko) Chrome/56.0.2924.87 Safari/537.36"
94.72.101.21 - - [02/Nov/2024:20:25:04 +0000] "GET /user/dev/info.php HTTP/1.1" 404 564 "-" "Mozilla/5.0 (Macintosh; Intel Mac OS X 10_12_3) AppleWebKit/537.36 (KHTML, like Gecko) Chrome/56.0.2924.87 Safari/537.36"
94.72.101.21 - - [02/Nov/2024:20:25:04 +0000] "GET /user/develop/info.php HTTP/1.1" 404 564 "-" "Mozilla/5.0 (Macintosh; Intel Mac OS X 10_12_3) AppleWebKit/537.36 (KHTML, like Gecko) Chrome/56.0.2924.87 Safari/537.36"
94.72.101.21 - - [02/Nov/2024:20:25:04 +0000] "GET /user/development/iinfo.php HTTP/1.1" 404 564 "-" "Mozilla/5.0 (Macintosh; Intel Mac OS X 10_12_3) AppleWebKit/537.36 (KHTML, like Gecko) Chrome/56.0.2924.87 Safari/537.36"
94.72.101.21 - - [02/Nov/2024:20:25:05 +0000] "GET /user/help/info.php HTTP/1.1" 404 564 "-" "Mozilla/5.0 (Macintosh; Intel Mac OS X 10_12_3) AppleWebKit/537.36 (KHTML, like Gecko) Chrome/56.0.2924.87 Safari/537.36"
94.72.101.21 - - [02/Nov/2024:20:25:05 +0000] "GET /user/helper/info.php HTTP/1.1" 404 564 "-" "Mozilla/5.0 (Macintosh; Intel Mac OS X 10_12_3) AppleWebKit/537.36 (KHTML, like Gecko) Chrome/56.0.2924.87 Safari/537.36"
94.72.101.21 - - [02/Nov/2024:20:25:05 +0000] "GET /user/lara/info.php HTTP/1.1" 404 564 "-" "Mozilla/5.0 (Macintosh; Intel Mac OS X 10_12_3) AppleWebKit/537.36 (KHTML, like Gecko) Chrome/56.0.2924.87 Safari/537.36"
94.72.101.21 - - [02/Nov/2024:20:25:05 +0000] "GET /user/laravel/info.php HTTP/1.1" 404 564 "-" "Mozilla/5.0 (Macintosh; Intel Mac OS X 10_12_3) AppleWebKit/537.36 (KHTML, like Gecko) Chrome/56.0.2924.87 Safari/537.36"
94.72.101.21 - - [02/Nov/2024:20:25:05 +0000] "GET /user/server/info.php HTTP/1.1" 404 564 "-" "Mozilla/5.0 (Macintosh; Intel Mac OS X 10_12_3) AppleWebKit/537.36 (KHTML, like Gecko) Chrome/56.0.2924.87 Safari/537.36"
94.72.101.21 - - [02/Nov/2024:20:25:06 +0000] "GET /user/service/info.php HTTP/1.1" 404 564 "-" "Mozilla/5.0 (Macintosh; Intel Mac OS X 10_12_3) AppleWebKit/537.36 (KHTML, like Gecko) Chrome/56.0.2924.87 Safari/537.36"
94.72.101.21 - - [02/Nov/2024:20:25:06 +0000] "GET /user/services/info.php HTTP/1.1" 404 564 "-" "Mozilla/5.0 (Macintosh; Intel Mac OS X 10_12_3) AppleWebKit/537.36 (KHTML, like Gecko) Chrome/56.0.2924.87 Safari/537.36"
94.72.101.21 - - [02/Nov/2024:20:25:06 +0000] "GET /user/php-info.php HTTP/1.1" 404 564 "-" "Mozilla/5.0 (Macintosh; Intel Mac OS X 10_12_3) AppleWebKit/537.36 (KHTML, like Gecko) Chrome/56.0.2924.87 Safari/537.36"
94.72.101.21 - - [02/Nov/2024:20:25:06 +0000] "GET /user/linusadmin-phpinfo.php HTTP/1.1" 404 564 "-" "Mozilla/5.0 (Macintosh; Intel Mac OS X 10_12_3) AppleWebKit/537.36 (KHTML, like Gecko) Chrome/56.0.2924.87 Safari/537.36"
94.72.101.21 - - [02/Nov/2024:20:25:07 +0000] "GET /user/infos.php HTTP/1.1" 404 564 "-" "Mozilla/5.0 (Macintosh; Intel Mac OS X 10_12_3) AppleWebKit/537.36 (KHTML, like Gecko) Chrome/56.0.2924.87 Safari/537.36"
94.72.101.21 - - [02/Nov/2024:20:25:07 +0000] "GET /user/old_phpinfo.php HTTP/1.1" 404 564 "-" "Mozilla/5.0 (Macintosh; Intel Mac OS X 10_12_3) AppleWebKit/537.36 (KHTML, like Gecko) Chrome/56.0.2924.87 Safari/537.36"
94.72.101.21 - - [02/Nov/2024:20:25:07 +0000] "GET /user/temp.php HTTP/1.1" 404 564 "-" "Mozilla/5.0 (Macintosh; Intel Mac OS X 10_12_3) AppleWebKit/537.36 (KHTML, like Gecko) Chrome/56.0.2924.87 Safari/537.36"
94.72.101.21 - - [02/Nov/2024:20:25:08 +0000] "GET /user/time.php HTTP/1.1" 404 564 "-" "Mozilla/5.0 (Macintosh; Intel Mac OS X 10_12_3) AppleWebKit/537.36 (KHTML, like Gecko) Chrome/56.0.2924.87 Safari/537.36"
94.72.101.21 - - [02/Nov/2024:20:25:08 +0000] "GET /user/phpversion.php HTTP/1.1" 404 564 "-" "Mozilla/5.0 (Macintosh; Intel Mac OS X 10_12_3) AppleWebKit/537.36 (KHTML, like Gecko) Chrome/56.0.2924.87 Safari/537.36"
94.72.101.21 - - [02/Nov/2024:20:25:08 +0000] "GET /user/pinfo.php HTTP/1.1" 404 564 "-" "Mozilla/5.0 (Macintosh; Intel Mac OS X 10_12_3) AppleWebKit/537.36 (KHTML, like Gecko) Chrome/56.0.2924.87 Safari/537.36"
94.72.101.21 - - [02/Nov/2024:20:25:09 +0000] "GET /user/i.php HTTP/1.1" 404 564 "-" "Mozilla/5.0 (Macintosh; Intel Mac OS X 10_12_3) AppleWebKit/537.36 (KHTML, like Gecko) Chrome/56.0.2924.87 Safari/537.36"
94.72.101.21 - - [02/Nov/2024:20:25:09 +0000] "GET /user/asdf.php HTTP/1.1" 404 564 "-" "Mozilla/5.0 (Macintosh; Intel Mac OS X 10_12_3) AppleWebKit/537.36 (KHTML, like Gecko) Chrome/56.0.2924.87 Safari/537.36"
94.72.101.21 - - [02/Nov/2024:20:25:09 +0000] "GET /users/xampp/info.php HTTP/1.1" 404 564 "-" "Mozilla/5.0 (Macintosh; Intel Mac OS X 10_12_3) AppleWebKit/537.36 (KHTML, like Gecko) Chrome/56.0.2924.87 Safari/537.36"
94.72.101.21 - - [02/Nov/2024:20:25:10 +0000] "GET /users/xampp/phpinfo HTTP/1.1" 404 564 "-" "Mozilla/5.0 (Macintosh; Intel Mac OS X 10_12_3) AppleWebKit/537.36 (KHTML, like Gecko) Chrome/56.0.2924.87 Safari/537.36"
94.72.101.21 - - [02/Nov/2024:20:25:10 +0000] "GET /users/_profiler/phpinfo HTTP/1.1" 404 564 "-" "Mozilla/5.0 (Macintosh; Intel Mac OS X 10_12_3) AppleWebKit/537.36 (KHTML, like Gecko) Chrome/56.0.2924.87 Safari/537.36"
94.72.101.21 - - [02/Nov/2024:20:25:10 +0000] "GET /users/phpinfo.php HTTP/1.1" 404 564 "-" "Mozilla/5.0 (Macintosh; Intel Mac OS X 10_12_3) AppleWebKit/537.36 (KHTML, like Gecko) Chrome/56.0.2924.87 Safari/537.36"
94.72.101.21 - - [02/Nov/2024:20:25:10 +0000] "GET /users/phpinfo HTTP/1.1" 404 564 "-" "Mozilla/5.0 (Macintosh; Intel Mac OS X 10_12_3) AppleWebKit/537.36 (KHTML, like Gecko) Chrome/56.0.2924.87 Safari/537.36"
94.72.101.21 - - [02/Nov/2024:20:25:11 +0000] "GET /users/info.php HTTP/1.1" 404 564 "-" "Mozilla/5.0 (Macintosh; Intel Mac OS X 10_12_3) AppleWebKit/537.36 (KHTML, like Gecko) Chrome/56.0.2924.87 Safari/537.36"
94.72.101.21 - - [02/Nov/2024:20:25:11 +0000] "GET /users/php.ini HTTP/1.1" 404 564 "-" "Mozilla/5.0 (Macintosh; Intel Mac OS X 10_12_3) AppleWebKit/537.36 (KHTML, like Gecko) Chrome/56.0.2924.87 Safari/537.36"
94.72.101.21 - - [02/Nov/2024:20:25:11 +0000] "GET /users/php.php HTTP/1.1" 404 564 "-" "Mozilla/5.0 (Macintosh; Intel Mac OS X 10_12_3) AppleWebKit/537.36 (KHTML, like Gecko) Chrome/56.0.2924.87 Safari/537.36"
94.72.101.21 - - [02/Nov/2024:20:25:11 +0000] "GET /users/infophp.php HTTP/1.1" 404 564 "-" "Mozilla/5.0 (Macintosh; Intel Mac OS X 10_12_3) AppleWebKit/537.36 (KHTML, like Gecko) Chrome/56.0.2924.87 Safari/537.36"
94.72.101.21 - - [02/Nov/2024:20:25:11 +0000] "GET /users/test.php HTTP/1.1" 404 564 "-" "Mozilla/5.0 (Macintosh; Intel Mac OS X 10_12_3) AppleWebKit/537.36 (KHTML, like Gecko) Chrome/56.0.2924.87 Safari/537.36"
94.72.101.21 - - [02/Nov/2024:20:25:12 +0000] "GET /users/dashboard/phpinfo.php HTTP/1.1" 404 564 "-" "Mozilla/5.0 (Macintosh; Intel Mac OS X 10_12_3) AppleWebKit/537.36 (KHTML, like Gecko) Chrome/56.0.2924.87 Safari/537.36"
94.72.101.21 - - [02/Nov/2024:20:25:12 +0000] "GET /users/api/phpinfo.php HTTP/1.1" 404 564 "-" "Mozilla/5.0 (Macintosh; Intel Mac OS X 10_12_3) AppleWebKit/537.36 (KHTML, like Gecko) Chrome/56.0.2924.87 Safari/537.36"
94.72.101.21 - - [02/Nov/2024:20:25:12 +0000] "GET /users/backend/phpinfo.php HTTP/1.1" 404 564 "-" "Mozilla/5.0 (Macintosh; Intel Mac OS X 10_12_3) AppleWebKit/537.36 (KHTML, like Gecko) Chrome/56.0.2924.87 Safari/537.36"
94.72.101.21 - - [02/Nov/2024:20:25:12 +0000] "GET /users/backup/phpinfo.php HTTP/1.1" 404 564 "-" "Mozilla/5.0 (Macintosh; Intel Mac OS X 10_12_3) AppleWebKit/537.36 (KHTML, like Gecko) Chrome/56.0.2924.87 Safari/537.36"
94.72.101.21 - - [02/Nov/2024:20:25:12 +0000] "GET /users/crm/phpinfo.php HTTP/1.1" 404 564 "-" "Mozilla/5.0 (Macintosh; Intel Mac OS X 10_12_3) AppleWebKit/537.36 (KHTML, like Gecko) Chrome/56.0.2924.87 Safari/537.36"
94.72.101.21 - - [02/Nov/2024:20:25:13 +0000] "GET /users/current/phpinfo.php HTTP/1.1" 404 564 "-" "Mozilla/5.0 (Macintosh; Intel Mac OS X 10_12_3) AppleWebKit/537.36 (KHTML, like Gecko) Chrome/56.0.2924.87 Safari/537.36"
94.72.101.21 - - [02/Nov/2024:20:25:14 +0000] "GET /users/dev/phpinfo.php HTTP/1.1" 404 564 "-" "Mozilla/5.0 (Macintosh; Intel Mac OS X 10_12_3) AppleWebKit/537.36 (KHTML, like Gecko) Chrome/56.0.2924.87 Safari/537.36"
94.72.101.21 - - [02/Nov/2024:20:25:14 +0000] "GET /users/develop/phpinfo.php HTTP/1.1" 404 564 "-" "Mozilla/5.0 (Macintosh; Intel Mac OS X 10_12_3) AppleWebKit/537.36 (KHTML, like Gecko) Chrome/56.0.2924.87 Safari/537.36"
94.72.101.21 - - [02/Nov/2024:20:25:14 +0000] "GET /users/development/phpinfo.php HTTP/1.1" 404 564 "-" "Mozilla/5.0 (Macintosh; Intel Mac OS X 10_12_3) AppleWebKit/537.36 (KHTML, like Gecko) Chrome/56.0.2924.87 Safari/537.36"
94.72.101.21 - - [02/Nov/2024:20:25:15 +0000] "GET /users/help/phpinfo.php HTTP/1.1" 404 564 "-" "Mozilla/5.0 (Macintosh; Intel Mac OS X 10_12_3) AppleWebKit/537.36 (KHTML, like Gecko) Chrome/56.0.2924.87 Safari/537.36"
94.72.101.21 - - [02/Nov/2024:20:25:15 +0000] "GET /users/helper/phpinfo.php HTTP/1.1" 404 564 "-" "Mozilla/5.0 (Macintosh; Intel Mac OS X 10_12_3) AppleWebKit/537.36 (KHTML, like Gecko) Chrome/56.0.2924.87 Safari/537.36"
94.72.101.21 - - [02/Nov/2024:20:25:15 +0000] "GET /users/lara/phpinfo.php HTTP/1.1" 404 564 "-" "Mozilla/5.0 (Macintosh; Intel Mac OS X 10_12_3) AppleWebKit/537.36 (KHTML, like Gecko) Chrome/56.0.2924.87 Safari/537.36"
94.72.101.21 - - [02/Nov/2024:20:25:15 +0000] "GET /users/laravel/phpinfo.php HTTP/1.1" 404 564 "-" "Mozilla/5.0 (Macintosh; Intel Mac OS X 10_12_3) AppleWebKit/537.36 (KHTML, like Gecko) Chrome/56.0.2924.87 Safari/537.36"
94.72.101.21 - - [02/Nov/2024:20:25:15 +0000] "GET /users/server/phpinfo.php HTTP/1.1" 404 564 "-" "Mozilla/5.0 (Macintosh; Intel Mac OS X 10_12_3) AppleWebKit/537.36 (KHTML, like Gecko) Chrome/56.0.2924.87 Safari/537.36"
94.72.101.21 - - [02/Nov/2024:20:25:15 +0000] "GET /users/service/phpinfo.php HTTP/1.1" 404 564 "-" "Mozilla/5.0 (Macintosh; Intel Mac OS X 10_12_3) AppleWebKit/537.36 (KHTML, like Gecko) Chrome/56.0.2924.87 Safari/537.36"
94.72.101.21 - - [02/Nov/2024:20:25:16 +0000] "GET /users/services/phpinfo.php HTTP/1.1" 404 564 "-" "Mozilla/5.0 (Macintosh; Intel Mac OS X 10_12_3) AppleWebKit/537.36 (KHTML, like Gecko) Chrome/56.0.2924.87 Safari/537.36"
94.72.101.21 - - [02/Nov/2024:20:25:16 +0000] "GET /users/xampp/phpinfo.php HTTP/1.1" 404 564 "-" "Mozilla/5.0 (Macintosh; Intel Mac OS X 10_12_3) AppleWebKit/537.36 (KHTML, like Gecko) Chrome/56.0.2924.87 Safari/537.36"
94.72.101.21 - - [02/Nov/2024:20:25:16 +0000] "GET /users/api/info.php HTTP/1.1" 404 564 "-" "Mozilla/5.0 (Macintosh; Intel Mac OS X 10_12_3) AppleWebKit/537.36 (KHTML, like Gecko) Chrome/56.0.2924.87 Safari/537.36"
94.72.101.21 - - [02/Nov/2024:20:25:16 +0000] "GET /users/backend/info.php HTTP/1.1" 404 564 "-" "Mozilla/5.0 (Macintosh; Intel Mac OS X 10_12_3) AppleWebKit/537.36 (KHTML, like Gecko) Chrome/56.0.2924.87 Safari/537.36"
94.72.101.21 - - [02/Nov/2024:20:25:16 +0000] "GET /users/backup/info.php HTTP/1.1" 404 564 "-" "Mozilla/5.0 (Macintosh; Intel Mac OS X 10_12_3) AppleWebKit/537.36 (KHTML, like Gecko) Chrome/56.0.2924.87 Safari/537.36"
94.72.101.21 - - [02/Nov/2024:20:25:17 +0000] "GET /users/crm/info.php HTTP/1.1" 404 564 "-" "Mozilla/5.0 (Macintosh; Intel Mac OS X 10_12_3) AppleWebKit/537.36 (KHTML, like Gecko) Chrome/56.0.2924.87 Safari/537.36"
94.72.101.21 - - [02/Nov/2024:20:25:17 +0000] "GET /users/current/info.php HTTP/1.1" 404 564 "-" "Mozilla/5.0 (Macintosh; Intel Mac OS X 10_12_3) AppleWebKit/537.36 (KHTML, like Gecko) Chrome/56.0.2924.87 Safari/537.36"
94.72.101.21 - - [02/Nov/2024:20:25:17 +0000] "GET /users/dev/info.php HTTP/1.1" 404 564 "-" "Mozilla/5.0 (Macintosh; Intel Mac OS X 10_12_3) AppleWebKit/537.36 (KHTML, like Gecko) Chrome/56.0.2924.87 Safari/537.36"
94.72.101.21 - - [02/Nov/2024:20:25:18 +0000] "GET /users/develop/info.php HTTP/1.1" 404 564 "-" "Mozilla/5.0 (Macintosh; Intel Mac OS X 10_12_3) AppleWebKit/537.36 (KHTML, like Gecko) Chrome/56.0.2924.87 Safari/537.36"
94.72.101.21 - - [02/Nov/2024:20:25:18 +0000] "GET /users/development/iinfo.php HTTP/1.1" 404 564 "-" "Mozilla/5.0 (Macintosh; Intel Mac OS X 10_12_3) AppleWebKit/537.36 (KHTML, like Gecko) Chrome/56.0.2924.87 Safari/537.36"
94.72.101.21 - - [02/Nov/2024:20:25:18 +0000] "GET /users/help/info.php HTTP/1.1" 404 564 "-" "Mozilla/5.0 (Macintosh; Intel Mac OS X 10_12_3) AppleWebKit/537.36 (KHTML, like Gecko) Chrome/56.0.2924.87 Safari/537.36"
94.72.101.21 - - [02/Nov/2024:20:25:18 +0000] "GET /users/helper/info.php HTTP/1.1" 404 564 "-" "Mozilla/5.0 (Macintosh; Intel Mac OS X 10_12_3) AppleWebKit/537.36 (KHTML, like Gecko) Chrome/56.0.2924.87 Safari/537.36"
94.72.101.21 - - [02/Nov/2024:20:25:19 +0000] "GET /users/lara/info.php HTTP/1.1" 404 564 "-" "Mozilla/5.0 (Macintosh; Intel Mac OS X 10_12_3) AppleWebKit/537.36 (KHTML, like Gecko) Chrome/56.0.2924.87 Safari/537.36"
94.72.101.21 - - [02/Nov/2024:20:25:19 +0000] "GET /users/laravel/info.php HTTP/1.1" 404 564 "-" "Mozilla/5.0 (Macintosh; Intel Mac OS X 10_12_3) AppleWebKit/537.36 (KHTML, like Gecko) Chrome/56.0.2924.87 Safari/537.36"
94.72.101.21 - - [02/Nov/2024:20:25:19 +0000] "GET /users/server/info.php HTTP/1.1" 404 564 "-" "Mozilla/5.0 (Macintosh; Intel Mac OS X 10_12_3) AppleWebKit/537.36 (KHTML, like Gecko) Chrome/56.0.2924.87 Safari/537.36"
94.72.101.21 - - [02/Nov/2024:20:25:20 +0000] "GET /users/service/info.php HTTP/1.1" 404 564 "-" "Mozilla/5.0 (Macintosh; Intel Mac OS X 10_12_3) AppleWebKit/537.36 (KHTML, like Gecko) Chrome/56.0.2924.87 Safari/537.36"
94.72.101.21 - - [02/Nov/2024:20:25:20 +0000] "GET /users/services/info.php HTTP/1.1" 404 564 "-" "Mozilla/5.0 (Macintosh; Intel Mac OS X 10_12_3) AppleWebKit/537.36 (KHTML, like Gecko) Chrome/56.0.2924.87 Safari/537.36"
94.72.101.21 - - [02/Nov/2024:20:25:20 +0000] "GET /users/php-info.php HTTP/1.1" 404 564 "-" "Mozilla/5.0 (Macintosh; Intel Mac OS X 10_12_3) AppleWebKit/537.36 (KHTML, like Gecko) Chrome/56.0.2924.87 Safari/537.36"
94.72.101.21 - - [02/Nov/2024:20:25:20 +0000] "GET /users/linusadmin-phpinfo.php HTTP/1.1" 404 564 "-" "Mozilla/5.0 (Macintosh; Intel Mac OS X 10_12_3) AppleWebKit/537.36 (KHTML, like Gecko) Chrome/56.0.2924.87 Safari/537.36"
94.72.101.21 - - [02/Nov/2024:20:25:20 +0000] "GET /users/infos.php HTTP/1.1" 404 564 "-" "Mozilla/5.0 (Macintosh; Intel Mac OS X 10_12_3) AppleWebKit/537.36 (KHTML, like Gecko) Chrome/56.0.2924.87 Safari/537.36"
94.72.101.21 - - [02/Nov/2024:20:25:21 +0000] "GET /users/old_phpinfo.php HTTP/1.1" 404 564 "-" "Mozilla/5.0 (Macintosh; Intel Mac OS X 10_12_3) AppleWebKit/537.36 (KHTML, like Gecko) Chrome/56.0.2924.87 Safari/537.36"
94.72.101.21 - - [02/Nov/2024:20:25:21 +0000] "GET /users/temp.php HTTP/1.1" 404 564 "-" "Mozilla/5.0 (Macintosh; Intel Mac OS X 10_12_3) AppleWebKit/537.36 (KHTML, like Gecko) Chrome/56.0.2924.87 Safari/537.36"
94.72.101.21 - - [02/Nov/2024:20:25:21 +0000] "GET /users/time.php HTTP/1.1" 404 564 "-" "Mozilla/5.0 (Macintosh; Intel Mac OS X 10_12_3) AppleWebKit/537.36 (KHTML, like Gecko) Chrome/56.0.2924.87 Safari/537.36"
94.72.101.21 - - [02/Nov/2024:20:25:21 +0000] "GET /users/phpversion.php HTTP/1.1" 404 564 "-" "Mozilla/5.0 (Macintosh; Intel Mac OS X 10_12_3) AppleWebKit/537.36 (KHTML, like Gecko) Chrome/56.0.2924.87 Safari/537.36"
94.72.101.21 - - [02/Nov/2024:20:25:21 +0000] "GET /users/pinfo.php HTTP/1.1" 404 564 "-" "Mozilla/5.0 (Macintosh; Intel Mac OS X 10_12_3) AppleWebKit/537.36 (KHTML, like Gecko) Chrome/56.0.2924.87 Safari/537.36"
94.72.101.21 - - [02/Nov/2024:20:25:22 +0000] "GET /users/i.php HTTP/1.1" 404 564 "-" "Mozilla/5.0 (Macintosh; Intel Mac OS X 10_12_3) AppleWebKit/537.36 (KHTML, like Gecko) Chrome/56.0.2924.87 Safari/537.36"
94.72.101.21 - - [02/Nov/2024:20:25:22 +0000] "GET /users/asdf.php HTTP/1.1" 404 564 "-" "Mozilla/5.0 (Macintosh; Intel Mac OS X 10_12_3) AppleWebKit/537.36 (KHTML, like Gecko) Chrome/56.0.2924.87 Safari/537.36"
94.72.101.21 - - [02/Nov/2024:20:25:22 +0000] "GET /src/xampp/info.php HTTP/1.1" 404 564 "-" "Mozilla/5.0 (Macintosh; Intel Mac OS X 10_12_3) AppleWebKit/537.36 (KHTML, like Gecko) Chrome/56.0.2924.87 Safari/537.36"
94.72.101.21 - - [02/Nov/2024:20:25:23 +0000] "GET /src/xampp/phpinfo HTTP/1.1" 404 564 "-" "Mozilla/5.0 (Macintosh; Intel Mac OS X 10_12_3) AppleWebKit/537.36 (KHTML, like Gecko) Chrome/56.0.2924.87 Safari/537.36"
94.72.101.21 - - [02/Nov/2024:20:25:23 +0000] "GET /src/_profiler/phpinfo HTTP/1.1" 404 564 "-" "Mozilla/5.0 (Macintosh; Intel Mac OS X 10_12_3) AppleWebKit/537.36 (KHTML, like Gecko) Chrome/56.0.2924.87 Safari/537.36"
94.72.101.21 - - [02/Nov/2024:20:25:23 +0000] "GET /src/phpinfo HTTP/1.1" 404 564 "-" "Mozilla/5.0 (Macintosh; Intel Mac OS X 10_12_3) AppleWebKit/537.36 (KHTML, like Gecko) Chrome/56.0.2924.87 Safari/537.36"
94.72.101.21 - - [02/Nov/2024:20:25:24 +0000] "GET /src/info.php HTTP/1.1" 404 564 "-" "Mozilla/5.0 (Macintosh; Intel Mac OS X 10_12_3) AppleWebKit/537.36 (KHTML, like Gecko) Chrome/56.0.2924.87 Safari/537.36"
94.72.101.21 - - [02/Nov/2024:20:25:24 +0000] "GET /src/php.ini HTTP/1.1" 404 564 "-" "Mozilla/5.0 (Macintosh; Intel Mac OS X 10_12_3) AppleWebKit/537.36 (KHTML, like Gecko) Chrome/56.0.2924.87 Safari/537.36"
94.72.101.21 - - [02/Nov/2024:20:25:24 +0000] "GET /src/php.php HTTP/1.1" 404 564 "-" "Mozilla/5.0 (Macintosh; Intel Mac OS X 10_12_3) AppleWebKit/537.36 (KHTML, like Gecko) Chrome/56.0.2924.87 Safari/537.36"
94.72.101.21 - - [02/Nov/2024:20:25:24 +0000] "GET /src/infophp.php HTTP/1.1" 404 564 "-" "Mozilla/5.0 (Macintosh; Intel Mac OS X 10_12_3) AppleWebKit/537.36 (KHTML, like Gecko) Chrome/56.0.2924.87 Safari/537.36"
94.72.101.21 - - [02/Nov/2024:20:25:24 +0000] "GET /src/test.php HTTP/1.1" 404 564 "-" "Mozilla/5.0 (Macintosh; Intel Mac OS X 10_12_3) AppleWebKit/537.36 (KHTML, like Gecko) Chrome/56.0.2924.87 Safari/537.36"
94.72.101.21 - - [02/Nov/2024:20:25:24 +0000] "GET /src/dashboard/phpinfo.php HTTP/1.1" 404 564 "-" "Mozilla/5.0 (Macintosh; Intel Mac OS X 10_12_3) AppleWebKit/537.36 (KHTML, like Gecko) Chrome/56.0.2924.87 Safari/537.36"
94.72.101.21 - - [02/Nov/2024:20:25:25 +0000] "GET /src/api/phpinfo.php HTTP/1.1" 404 564 "-" "Mozilla/5.0 (Macintosh; Intel Mac OS X 10_12_3) AppleWebKit/537.36 (KHTML, like Gecko) Chrome/56.0.2924.87 Safari/537.36"
94.72.101.21 - - [02/Nov/2024:20:25:25 +0000] "GET /src/backend/phpinfo.php HTTP/1.1" 404 564 "-" "Mozilla/5.0 (Macintosh; Intel Mac OS X 10_12_3) AppleWebKit/537.36 (KHTML, like Gecko) Chrome/56.0.2924.87 Safari/537.36"
94.72.101.21 - - [02/Nov/2024:20:25:25 +0000] "GET /src/backup/phpinfo.php HTTP/1.1" 404 564 "-" "Mozilla/5.0 (Macintosh; Intel Mac OS X 10_12_3) AppleWebKit/537.36 (KHTML, like Gecko) Chrome/56.0.2924.87 Safari/537.36"
94.72.101.21 - - [02/Nov/2024:20:25:25 +0000] "GET /src/crm/phpinfo.php HTTP/1.1" 404 564 "-" "Mozilla/5.0 (Macintosh; Intel Mac OS X 10_12_3) AppleWebKit/537.36 (KHTML, like Gecko) Chrome/56.0.2924.87 Safari/537.36"
94.72.101.21 - - [02/Nov/2024:20:25:25 +0000] "GET /src/current/phpinfo.php HTTP/1.1" 404 564 "-" "Mozilla/5.0 (Macintosh; Intel Mac OS X 10_12_3) AppleWebKit/537.36 (KHTML, like Gecko) Chrome/56.0.2924.87 Safari/537.36"
94.72.101.21 - - [02/Nov/2024:20:25:26 +0000] "GET /src/dev/phpinfo.php HTTP/1.1" 404 564 "-" "Mozilla/5.0 (Macintosh; Intel Mac OS X 10_12_3) AppleWebKit/537.36 (KHTML, like Gecko) Chrome/56.0.2924.87 Safari/537.36"
94.72.101.21 - - [02/Nov/2024:20:25:26 +0000] "GET /src/develop/phpinfo.php HTTP/1.1" 404 564 "-" "Mozilla/5.0 (Macintosh; Intel Mac OS X 10_12_3) AppleWebKit/537.36 (KHTML, like Gecko) Chrome/56.0.2924.87 Safari/537.36"
94.72.101.21 - - [02/Nov/2024:20:25:26 +0000] "GET /src/development/phpinfo.php HTTP/1.1" 404 564 "-" "Mozilla/5.0 (Macintosh; Intel Mac OS X 10_12_3) AppleWebKit/537.36 (KHTML, like Gecko) Chrome/56.0.2924.87 Safari/537.36"
94.72.101.21 - - [02/Nov/2024:20:25:26 +0000] "GET /src/help/phpinfo.php HTTP/1.1" 404 564 "-" "Mozilla/5.0 (Macintosh; Intel Mac OS X 10_12_3) AppleWebKit/537.36 (KHTML, like Gecko) Chrome/56.0.2924.87 Safari/537.36"
94.72.101.21 - - [02/Nov/2024:20:25:26 +0000] "GET /src/helper/phpinfo.php HTTP/1.1" 404 564 "-" "Mozilla/5.0 (Macintosh; Intel Mac OS X 10_12_3) AppleWebKit/537.36 (KHTML, like Gecko) Chrome/56.0.2924.87 Safari/537.36"
94.72.101.21 - - [02/Nov/2024:20:25:26 +0000] "GET /src/lara/phpinfo.php HTTP/1.1" 404 564 "-" "Mozilla/5.0 (Macintosh; Intel Mac OS X 10_12_3) AppleWebKit/537.36 (KHTML, like Gecko) Chrome/56.0.2924.87 Safari/537.36"
94.72.101.21 - - [02/Nov/2024:20:25:27 +0000] "GET /src/laravel/phpinfo.php HTTP/1.1" 404 564 "-" "Mozilla/5.0 (Macintosh; Intel Mac OS X 10_12_3) AppleWebKit/537.36 (KHTML, like Gecko) Chrome/56.0.2924.87 Safari/537.36"
94.72.101.21 - - [02/Nov/2024:20:25:27 +0000] "GET /src/server/phpinfo.php HTTP/1.1" 404 564 "-" "Mozilla/5.0 (Macintosh; Intel Mac OS X 10_12_3) AppleWebKit/537.36 (KHTML, like Gecko) Chrome/56.0.2924.87 Safari/537.36"
94.72.101.21 - - [02/Nov/2024:20:25:27 +0000] "GET /src/service/phpinfo.php HTTP/1.1" 404 564 "-" "Mozilla/5.0 (Macintosh; Intel Mac OS X 10_12_3) AppleWebKit/537.36 (KHTML, like Gecko) Chrome/56.0.2924.87 Safari/537.36"
94.72.101.21 - - [02/Nov/2024:20:25:27 +0000] "GET /src/services/phpinfo.php HTTP/1.1" 404 564 "-" "Mozilla/5.0 (Macintosh; Intel Mac OS X 10_12_3) AppleWebKit/537.36 (KHTML, like Gecko) Chrome/56.0.2924.87 Safari/537.36"
94.72.101.21 - - [02/Nov/2024:20:25:27 +0000] "GET /src/xampp/phpinfo.php HTTP/1.1" 404 564 "-" "Mozilla/5.0 (Macintosh; Intel Mac OS X 10_12_3) AppleWebKit/537.36 (KHTML, like Gecko) Chrome/56.0.2924.87 Safari/537.36"
94.72.101.21 - - [02/Nov/2024:20:25:28 +0000] "GET /src/api/info.php HTTP/1.1" 404 564 "-" "Mozilla/5.0 (Macintosh; Intel Mac OS X 10_12_3) AppleWebKit/537.36 (KHTML, like Gecko) Chrome/56.0.2924.87 Safari/537.36"
94.72.101.21 - - [02/Nov/2024:20:25:29 +0000] "GET /src/backend/info.php HTTP/1.1" 404 564 "-" "Mozilla/5.0 (Macintosh; Intel Mac OS X 10_12_3) AppleWebKit/537.36 (KHTML, like Gecko) Chrome/56.0.2924.87 Safari/537.36"
94.72.101.21 - - [02/Nov/2024:20:25:29 +0000] "GET /src/backup/info.php HTTP/1.1" 404 564 "-" "Mozilla/5.0 (Macintosh; Intel Mac OS X 10_12_3) AppleWebKit/537.36 (KHTML, like Gecko) Chrome/56.0.2924.87 Safari/537.36"
94.72.101.21 - - [02/Nov/2024:20:25:29 +0000] "GET /src/crm/info.php HTTP/1.1" 404 564 "-" "Mozilla/5.0 (Macintosh; Intel Mac OS X 10_12_3) AppleWebKit/537.36 (KHTML, like Gecko) Chrome/56.0.2924.87 Safari/537.36"
94.72.101.21 - - [02/Nov/2024:20:25:29 +0000] "GET /src/current/info.php HTTP/1.1" 404 564 "-" "Mozilla/5.0 (Macintosh; Intel Mac OS X 10_12_3) AppleWebKit/537.36 (KHTML, like Gecko) Chrome/56.0.2924.87 Safari/537.36"
94.72.101.21 - - [02/Nov/2024:20:25:30 +0000] "GET /src/dev/info.php HTTP/1.1" 404 564 "-" "Mozilla/5.0 (Macintosh; Intel Mac OS X 10_12_3) AppleWebKit/537.36 (KHTML, like Gecko) Chrome/56.0.2924.87 Safari/537.36"
94.72.101.21 - - [02/Nov/2024:20:25:30 +0000] "GET /src/develop/info.php HTTP/1.1" 404 564 "-" "Mozilla/5.0 (Macintosh; Intel Mac OS X 10_12_3) AppleWebKit/537.36 (KHTML, like Gecko) Chrome/56.0.2924.87 Safari/537.36"
94.72.101.21 - - [02/Nov/2024:20:25:31 +0000] "GET /src/development/iinfo.php HTTP/1.1" 404 564 "-" "Mozilla/5.0 (Macintosh; Intel Mac OS X 10_12_3) AppleWebKit/537.36 (KHTML, like Gecko) Chrome/56.0.2924.87 Safari/537.36"
94.72.101.21 - - [02/Nov/2024:20:25:31 +0000] "GET /src/help/info.php HTTP/1.1" 404 564 "-" "Mozilla/5.0 (Macintosh; Intel Mac OS X 10_12_3) AppleWebKit/537.36 (KHTML, like Gecko) Chrome/56.0.2924.87 Safari/537.36"
94.72.101.21 - - [02/Nov/2024:20:25:32 +0000] "GET /src/helper/info.php HTTP/1.1" 404 564 "-" "Mozilla/5.0 (Macintosh; Intel Mac OS X 10_12_3) AppleWebKit/537.36 (KHTML, like Gecko) Chrome/56.0.2924.87 Safari/537.36"
94.72.101.21 - - [02/Nov/2024:20:25:32 +0000] "GET /src/lara/info.php HTTP/1.1" 404 564 "-" "Mozilla/5.0 (Macintosh; Intel Mac OS X 10_12_3) AppleWebKit/537.36 (KHTML, like Gecko) Chrome/56.0.2924.87 Safari/537.36"
94.72.101.21 - - [02/Nov/2024:20:25:32 +0000] "GET /src/laravel/info.php HTTP/1.1" 404 564 "-" "Mozilla/5.0 (Macintosh; Intel Mac OS X 10_12_3) AppleWebKit/537.36 (KHTML, like Gecko) Chrome/56.0.2924.87 Safari/537.36"
94.72.101.21 - - [02/Nov/2024:20:25:32 +0000] "GET /src/server/info.php HTTP/1.1" 404 564 "-" "Mozilla/5.0 (Macintosh; Intel Mac OS X 10_12_3) AppleWebKit/537.36 (KHTML, like Gecko) Chrome/56.0.2924.87 Safari/537.36"
94.72.101.21 - - [02/Nov/2024:20:25:32 +0000] "GET /src/service/info.php HTTP/1.1" 404 564 "-" "Mozilla/5.0 (Macintosh; Intel Mac OS X 10_12_3) AppleWebKit/537.36 (KHTML, like Gecko) Chrome/56.0.2924.87 Safari/537.36"
94.72.101.21 - - [02/Nov/2024:20:25:33 +0000] "GET /src/services/info.php HTTP/1.1" 404 564 "-" "Mozilla/5.0 (Macintosh; Intel Mac OS X 10_12_3) AppleWebKit/537.36 (KHTML, like Gecko) Chrome/56.0.2924.87 Safari/537.36"
94.72.101.21 - - [02/Nov/2024:20:25:33 +0000] "GET /src/php-info.php HTTP/1.1" 404 564 "-" "Mozilla/5.0 (Macintosh; Intel Mac OS X 10_12_3) AppleWebKit/537.36 (KHTML, like Gecko) Chrome/56.0.2924.87 Safari/537.36"
94.72.101.21 - - [02/Nov/2024:20:25:33 +0000] "GET /src/linusadmin-phpinfo.php HTTP/1.1" 404 564 "-" "Mozilla/5.0 (Macintosh; Intel Mac OS X 10_12_3) AppleWebKit/537.36 (KHTML, like Gecko) Chrome/56.0.2924.87 Safari/537.36"
94.72.101.21 - - [02/Nov/2024:20:25:33 +0000] "GET /src/infos.php HTTP/1.1" 404 564 "-" "Mozilla/5.0 (Macintosh; Intel Mac OS X 10_12_3) AppleWebKit/537.36 (KHTML, like Gecko) Chrome/56.0.2924.87 Safari/537.36"
94.72.101.21 - - [02/Nov/2024:20:25:34 +0000] "GET /src/old_phpinfo.php HTTP/1.1" 404 564 "-" "Mozilla/5.0 (Macintosh; Intel Mac OS X 10_12_3) AppleWebKit/537.36 (KHTML, like Gecko) Chrome/56.0.2924.87 Safari/537.36"
94.72.101.21 - - [02/Nov/2024:20:25:35 +0000] "GET /src/temp.php HTTP/1.1" 404 564 "-" "Mozilla/5.0 (Macintosh; Intel Mac OS X 10_12_3) AppleWebKit/537.36 (KHTML, like Gecko) Chrome/56.0.2924.87 Safari/537.36"
94.72.101.21 - - [02/Nov/2024:20:25:35 +0000] "GET /src/time.php HTTP/1.1" 404 564 "-" "Mozilla/5.0 (Macintosh; Intel Mac OS X 10_12_3) AppleWebKit/537.36 (KHTML, like Gecko) Chrome/56.0.2924.87 Safari/537.36"
94.72.101.21 - - [02/Nov/2024:20:25:35 +0000] "GET /src/phpversion.php HTTP/1.1" 404 564 "-" "Mozilla/5.0 (Macintosh; Intel Mac OS X 10_12_3) AppleWebKit/537.36 (KHTML, like Gecko) Chrome/56.0.2924.87 Safari/537.36"
94.72.101.21 - - [02/Nov/2024:20:25:35 +0000] "GET /src/pinfo.php HTTP/1.1" 404 564 "-" "Mozilla/5.0 (Macintosh; Intel Mac OS X 10_12_3) AppleWebKit/537.36 (KHTML, like Gecko) Chrome/56.0.2924.87 Safari/537.36"
94.72.101.21 - - [02/Nov/2024:20:25:35 +0000] "GET /src/i.php HTTP/1.1" 404 564 "-" "Mozilla/5.0 (Macintosh; Intel Mac OS X 10_12_3) AppleWebKit/537.36 (KHTML, like Gecko) Chrome/56.0.2924.87 Safari/537.36"
94.72.101.21 - - [02/Nov/2024:20:25:36 +0000] "GET /src/asdf.php HTTP/1.1" 404 564 "-" "Mozilla/5.0 (Macintosh; Intel Mac OS X 10_12_3) AppleWebKit/537.36 (KHTML, like Gecko) Chrome/56.0.2924.87 Safari/537.36"
94.72.101.21 - - [02/Nov/2024:20:25:36 +0000] "GET /web/xampp/info.php HTTP/1.1" 404 564 "-" "Mozilla/5.0 (Macintosh; Intel Mac OS X 10_12_3) AppleWebKit/537.36 (KHTML, like Gecko) Chrome/56.0.2924.87 Safari/537.36"
94.72.101.21 - - [02/Nov/2024:20:25:36 +0000] "GET /web/xampp/phpinfo HTTP/1.1" 404 564 "-" "Mozilla/5.0 (Macintosh; Intel Mac OS X 10_12_3) AppleWebKit/537.36 (KHTML, like Gecko) Chrome/56.0.2924.87 Safari/537.36"
94.72.101.21 - - [02/Nov/2024:20:25:37 +0000] "GET /web/_profiler/phpinfo HTTP/1.1" 404 564 "-" "Mozilla/5.0 (Macintosh; Intel Mac OS X 10_12_3) AppleWebKit/537.36 (KHTML, like Gecko) Chrome/56.0.2924.87 Safari/537.36"
94.72.101.21 - - [02/Nov/2024:20:25:37 +0000] "GET /web/phpinfo.php HTTP/1.1" 404 564 "-" "Mozilla/5.0 (Macintosh; Intel Mac OS X 10_12_3) AppleWebKit/537.36 (KHTML, like Gecko) Chrome/56.0.2924.87 Safari/537.36"
94.72.101.21 - - [02/Nov/2024:20:25:38 +0000] "GET /web/phpinfo HTTP/1.1" 404 564 "-" "Mozilla/5.0 (Macintosh; Intel Mac OS X 10_12_3) AppleWebKit/537.36 (KHTML, like Gecko) Chrome/56.0.2924.87 Safari/537.36"
94.72.101.21 - - [02/Nov/2024:20:25:38 +0000] "GET /web/info.php HTTP/1.1" 404 564 "-" "Mozilla/5.0 (Macintosh; Intel Mac OS X 10_12_3) AppleWebKit/537.36 (KHTML, like Gecko) Chrome/56.0.2924.87 Safari/537.36"
94.72.101.21 - - [02/Nov/2024:20:25:39 +0000] "GET /web/php.ini HTTP/1.1" 404 564 "-" "Mozilla/5.0 (Macintosh; Intel Mac OS X 10_12_3) AppleWebKit/537.36 (KHTML, like Gecko) Chrome/56.0.2924.87 Safari/537.36"
94.72.101.21 - - [02/Nov/2024:20:25:39 +0000] "GET /web/php.php HTTP/1.1" 404 564 "-" "Mozilla/5.0 (Macintosh; Intel Mac OS X 10_12_3) AppleWebKit/537.36 (KHTML, like Gecko) Chrome/56.0.2924.87 Safari/537.36"
94.72.101.21 - - [02/Nov/2024:20:25:39 +0000] "GET /web/infophp.php HTTP/1.1" 404 564 "-" "Mozilla/5.0 (Macintosh; Intel Mac OS X 10_12_3) AppleWebKit/537.36 (KHTML, like Gecko) Chrome/56.0.2924.87 Safari/537.36"
94.72.101.21 - - [02/Nov/2024:20:25:39 +0000] "GET /web/test.php HTTP/1.1" 404 564 "-" "Mozilla/5.0 (Macintosh; Intel Mac OS X 10_12_3) AppleWebKit/537.36 (KHTML, like Gecko) Chrome/56.0.2924.87 Safari/537.36"
94.72.101.21 - - [02/Nov/2024:20:25:40 +0000] "GET /web/dashboard/phpinfo.php HTTP/1.1" 404 564 "-" "Mozilla/5.0 (Macintosh; Intel Mac OS X 10_12_3) AppleWebKit/537.36 (KHTML, like Gecko) Chrome/56.0.2924.87 Safari/537.36"
94.72.101.21 - - [02/Nov/2024:20:25:40 +0000] "GET /web/api/phpinfo.php HTTP/1.1" 404 564 "-" "Mozilla/5.0 (Macintosh; Intel Mac OS X 10_12_3) AppleWebKit/537.36 (KHTML, like Gecko) Chrome/56.0.2924.87 Safari/537.36"
94.72.101.21 - - [02/Nov/2024:20:25:40 +0000] "GET /web/backend/phpinfo.php HTTP/1.1" 404 564 "-" "Mozilla/5.0 (Macintosh; Intel Mac OS X 10_12_3) AppleWebKit/537.36 (KHTML, like Gecko) Chrome/56.0.2924.87 Safari/537.36"
94.72.101.21 - - [02/Nov/2024:20:25:41 +0000] "GET /web/backup/phpinfo.php HTTP/1.1" 404 564 "-" "Mozilla/5.0 (Macintosh; Intel Mac OS X 10_12_3) AppleWebKit/537.36 (KHTML, like Gecko) Chrome/56.0.2924.87 Safari/537.36"
94.72.101.21 - - [02/Nov/2024:20:25:41 +0000] "GET /web/crm/phpinfo.php HTTP/1.1" 404 564 "-" "Mozilla/5.0 (Macintosh; Intel Mac OS X 10_12_3) AppleWebKit/537.36 (KHTML, like Gecko) Chrome/56.0.2924.87 Safari/537.36"
94.72.101.21 - - [02/Nov/2024:20:25:41 +0000] "GET /web/current/phpinfo.php HTTP/1.1" 404 564 "-" "Mozilla/5.0 (Macintosh; Intel Mac OS X 10_12_3) AppleWebKit/537.36 (KHTML, like Gecko) Chrome/56.0.2924.87 Safari/537.36"
94.72.101.21 - - [02/Nov/2024:20:25:42 +0000] "GET /web/dev/phpinfo.php HTTP/1.1" 404 564 "-" "Mozilla/5.0 (Macintosh; Intel Mac OS X 10_12_3) AppleWebKit/537.36 (KHTML, like Gecko) Chrome/56.0.2924.87 Safari/537.36"
94.72.101.21 - - [02/Nov/2024:20:25:42 +0000] "GET /web/develop/phpinfo.php HTTP/1.1" 404 564 "-" "Mozilla/5.0 (Macintosh; Intel Mac OS X 10_12_3) AppleWebKit/537.36 (KHTML, like Gecko) Chrome/56.0.2924.87 Safari/537.36"
94.72.101.21 - - [02/Nov/2024:20:25:42 +0000] "GET /web/development/phpinfo.php HTTP/1.1" 404 564 "-" "Mozilla/5.0 (Macintosh; Intel Mac OS X 10_12_3) AppleWebKit/537.36 (KHTML, like Gecko) Chrome/56.0.2924.87 Safari/537.36"
94.72.101.21 - - [02/Nov/2024:20:25:42 +0000] "GET /web/help/phpinfo.php HTTP/1.1" 404 564 "-" "Mozilla/5.0 (Macintosh; Intel Mac OS X 10_12_3) AppleWebKit/537.36 (KHTML, like Gecko) Chrome/56.0.2924.87 Safari/537.36"
94.72.101.21 - - [02/Nov/2024:20:25:43 +0000] "GET /web/helper/phpinfo.php HTTP/1.1" 404 564 "-" "Mozilla/5.0 (Macintosh; Intel Mac OS X 10_12_3) AppleWebKit/537.36 (KHTML, like Gecko) Chrome/56.0.2924.87 Safari/537.36"
94.72.101.21 - - [02/Nov/2024:20:25:43 +0000] "GET /web/lara/phpinfo.php HTTP/1.1" 404 564 "-" "Mozilla/5.0 (Macintosh; Intel Mac OS X 10_12_3) AppleWebKit/537.36 (KHTML, like Gecko) Chrome/56.0.2924.87 Safari/537.36"
94.72.101.21 - - [02/Nov/2024:20:25:43 +0000] "GET /web/laravel/phpinfo.php HTTP/1.1" 404 564 "-" "Mozilla/5.0 (Macintosh; Intel Mac OS X 10_12_3) AppleWebKit/537.36 (KHTML, like Gecko) Chrome/56.0.2924.87 Safari/537.36"
94.72.101.21 - - [02/Nov/2024:20:25:43 +0000] "GET /web/server/phpinfo.php HTTP/1.1" 404 564 "-" "Mozilla/5.0 (Macintosh; Intel Mac OS X 10_12_3) AppleWebKit/537.36 (KHTML, like Gecko) Chrome/56.0.2924.87 Safari/537.36"
94.72.101.21 - - [02/Nov/2024:20:25:43 +0000] "GET /web/service/phpinfo.php HTTP/1.1" 404 564 "-" "Mozilla/5.0 (Macintosh; Intel Mac OS X 10_12_3) AppleWebKit/537.36 (KHTML, like Gecko) Chrome/56.0.2924.87 Safari/537.36"
94.72.101.21 - - [02/Nov/2024:20:25:44 +0000] "GET /web/services/phpinfo.php HTTP/1.1" 404 564 "-" "Mozilla/5.0 (Macintosh; Intel Mac OS X 10_12_3) AppleWebKit/537.36 (KHTML, like Gecko) Chrome/56.0.2924.87 Safari/537.36"
94.72.101.21 - - [02/Nov/2024:20:25:44 +0000] "GET /web/xampp/phpinfo.php HTTP/1.1" 404 564 "-" "Mozilla/5.0 (Macintosh; Intel Mac OS X 10_12_3) AppleWebKit/537.36 (KHTML, like Gecko) Chrome/56.0.2924.87 Safari/537.36"
94.72.101.21 - - [02/Nov/2024:20:25:44 +0000] "GET /web/api/info.php HTTP/1.1" 404 564 "-" "Mozilla/5.0 (Macintosh; Intel Mac OS X 10_12_3) AppleWebKit/537.36 (KHTML, like Gecko) Chrome/56.0.2924.87 Safari/537.36"
94.72.101.21 - - [02/Nov/2024:20:25:44 +0000] "GET /web/backend/info.php HTTP/1.1" 404 564 "-" "Mozilla/5.0 (Macintosh; Intel Mac OS X 10_12_3) AppleWebKit/537.36 (KHTML, like Gecko) Chrome/56.0.2924.87 Safari/537.36"
94.72.101.21 - - [02/Nov/2024:20:25:44 +0000] "GET /web/backup/info.php HTTP/1.1" 404 564 "-" "Mozilla/5.0 (Macintosh; Intel Mac OS X 10_12_3) AppleWebKit/537.36 (KHTML, like Gecko) Chrome/56.0.2924.87 Safari/537.36"
94.72.101.21 - - [02/Nov/2024:20:25:44 +0000] "GET /web/crm/info.php HTTP/1.1" 404 564 "-" "Mozilla/5.0 (Macintosh; Intel Mac OS X 10_12_3) AppleWebKit/537.36 (KHTML, like Gecko) Chrome/56.0.2924.87 Safari/537.36"
94.72.101.21 - - [02/Nov/2024:20:25:45 +0000] "GET /web/current/info.php HTTP/1.1" 404 564 "-" "Mozilla/5.0 (Macintosh; Intel Mac OS X 10_12_3) AppleWebKit/537.36 (KHTML, like Gecko) Chrome/56.0.2924.87 Safari/537.36"
94.72.101.21 - - [02/Nov/2024:20:25:45 +0000] "GET /web/dev/info.php HTTP/1.1" 404 564 "-" "Mozilla/5.0 (Macintosh; Intel Mac OS X 10_12_3) AppleWebKit/537.36 (KHTML, like Gecko) Chrome/56.0.2924.87 Safari/537.36"
94.72.101.21 - - [02/Nov/2024:20:25:45 +0000] "GET /web/develop/info.php HTTP/1.1" 404 564 "-" "Mozilla/5.0 (Macintosh; Intel Mac OS X 10_12_3) AppleWebKit/537.36 (KHTML, like Gecko) Chrome/56.0.2924.87 Safari/537.36"
94.72.101.21 - - [02/Nov/2024:20:25:46 +0000] "GET /web/development/iinfo.php HTTP/1.1" 404 564 "-" "Mozilla/5.0 (Macintosh; Intel Mac OS X 10_12_3) AppleWebKit/537.36 (KHTML, like Gecko) Chrome/56.0.2924.87 Safari/537.36"
94.72.101.21 - - [02/Nov/2024:20:25:46 +0000] "GET /web/help/info.php HTTP/1.1" 404 564 "-" "Mozilla/5.0 (Macintosh; Intel Mac OS X 10_12_3) AppleWebKit/537.36 (KHTML, like Gecko) Chrome/56.0.2924.87 Safari/537.36"
94.72.101.21 - - [02/Nov/2024:20:25:46 +0000] "GET /web/helper/info.php HTTP/1.1" 404 564 "-" "Mozilla/5.0 (Macintosh; Intel Mac OS X 10_12_3) AppleWebKit/537.36 (KHTML, like Gecko) Chrome/56.0.2924.87 Safari/537.36"
94.72.101.21 - - [02/Nov/2024:20:25:46 +0000] "GET /web/lara/info.php HTTP/1.1" 404 564 "-" "Mozilla/5.0 (Macintosh; Intel Mac OS X 10_12_3) AppleWebKit/537.36 (KHTML, like Gecko) Chrome/56.0.2924.87 Safari/537.36"
94.72.101.21 - - [02/Nov/2024:20:25:46 +0000] "GET /web/laravel/info.php HTTP/1.1" 404 564 "-" "Mozilla/5.0 (Macintosh; Intel Mac OS X 10_12_3) AppleWebKit/537.36 (KHTML, like Gecko) Chrome/56.0.2924.87 Safari/537.36"
94.72.101.21 - - [02/Nov/2024:20:25:47 +0000] "GET /web/server/info.php HTTP/1.1" 404 564 "-" "Mozilla/5.0 (Macintosh; Intel Mac OS X 10_12_3) AppleWebKit/537.36 (KHTML, like Gecko) Chrome/56.0.2924.87 Safari/537.36"
94.72.101.21 - - [02/Nov/2024:20:25:47 +0000] "GET /web/service/info.php HTTP/1.1" 404 564 "-" "Mozilla/5.0 (Macintosh; Intel Mac OS X 10_12_3) AppleWebKit/537.36 (KHTML, like Gecko) Chrome/56.0.2924.87 Safari/537.36"
94.72.101.21 - - [02/Nov/2024:20:25:47 +0000] "GET /web/services/info.php HTTP/1.1" 404 564 "-" "Mozilla/5.0 (Macintosh; Intel Mac OS X 10_12_3) AppleWebKit/537.36 (KHTML, like Gecko) Chrome/56.0.2924.87 Safari/537.36"
94.72.101.21 - - [02/Nov/2024:20:25:47 +0000] "GET /web/php-info.php HTTP/1.1" 404 564 "-" "Mozilla/5.0 (Macintosh; Intel Mac OS X 10_12_3) AppleWebKit/537.36 (KHTML, like Gecko) Chrome/56.0.2924.87 Safari/537.36"
94.72.101.21 - - [02/Nov/2024:20:25:47 +0000] "GET /web/linusadmin-phpinfo.php HTTP/1.1" 404 564 "-" "Mozilla/5.0 (Macintosh; Intel Mac OS X 10_12_3) AppleWebKit/537.36 (KHTML, like Gecko) Chrome/56.0.2924.87 Safari/537.36"
94.72.101.21 - - [02/Nov/2024:20:25:47 +0000] "GET /web/infos.php HTTP/1.1" 404 564 "-" "Mozilla/5.0 (Macintosh; Intel Mac OS X 10_12_3) AppleWebKit/537.36 (KHTML, like Gecko) Chrome/56.0.2924.87 Safari/537.36"
94.72.101.21 - - [02/Nov/2024:20:25:48 +0000] "GET /web/old_phpinfo.php HTTP/1.1" 404 564 "-" "Mozilla/5.0 (Macintosh; Intel Mac OS X 10_12_3) AppleWebKit/537.36 (KHTML, like Gecko) Chrome/56.0.2924.87 Safari/537.36"
94.72.101.21 - - [02/Nov/2024:20:25:48 +0000] "GET /web/temp.php HTTP/1.1" 404 564 "-" "Mozilla/5.0 (Macintosh; Intel Mac OS X 10_12_3) AppleWebKit/537.36 (KHTML, like Gecko) Chrome/56.0.2924.87 Safari/537.36"
94.72.101.21 - - [02/Nov/2024:20:25:48 +0000] "GET /web/time.php HTTP/1.1" 404 564 "-" "Mozilla/5.0 (Macintosh; Intel Mac OS X 10_12_3) AppleWebKit/537.36 (KHTML, like Gecko) Chrome/56.0.2924.87 Safari/537.36"
94.72.101.21 - - [02/Nov/2024:20:25:49 +0000] "GET /web/phpversion.php HTTP/1.1" 404 564 "-" "Mozilla/5.0 (Macintosh; Intel Mac OS X 10_12_3) AppleWebKit/537.36 (KHTML, like Gecko) Chrome/56.0.2924.87 Safari/537.36"
94.72.101.21 - - [02/Nov/2024:20:25:49 +0000] "GET /web/pinfo.php HTTP/1.1" 404 564 "-" "Mozilla/5.0 (Macintosh; Intel Mac OS X 10_12_3) AppleWebKit/537.36 (KHTML, like Gecko) Chrome/56.0.2924.87 Safari/537.36"
94.72.101.21 - - [02/Nov/2024:20:25:49 +0000] "GET /web/i.php HTTP/1.1" 404 564 "-" "Mozilla/5.0 (Macintosh; Intel Mac OS X 10_12_3) AppleWebKit/537.36 (KHTML, like Gecko) Chrome/56.0.2924.87 Safari/537.36"
94.72.101.21 - - [02/Nov/2024:20:25:49 +0000] "GET /web/asdf.php HTTP/1.1" 404 564 "-" "Mozilla/5.0 (Macintosh; Intel Mac OS X 10_12_3) AppleWebKit/537.36 (KHTML, like Gecko) Chrome/56.0.2924.87 Safari/537.36"
94.72.101.21 - - [02/Nov/2024:20:25:50 +0000] "GET /website/xampp/info.php HTTP/1.1" 404 564 "-" "Mozilla/5.0 (Macintosh; Intel Mac OS X 10_12_3) AppleWebKit/537.36 (KHTML, like Gecko) Chrome/56.0.2924.87 Safari/537.36"
94.72.101.21 - - [02/Nov/2024:20:25:50 +0000] "GET /website/xampp/phpinfo HTTP/1.1" 404 564 "-" "Mozilla/5.0 (Macintosh; Intel Mac OS X 10_12_3) AppleWebKit/537.36 (KHTML, like Gecko) Chrome/56.0.2924.87 Safari/537.36"
94.72.101.21 - - [02/Nov/2024:20:25:50 +0000] "GET /website/_profiler/phpinfo HTTP/1.1" 404 564 "-" "Mozilla/5.0 (Macintosh; Intel Mac OS X 10_12_3) AppleWebKit/537.36 (KHTML, like Gecko) Chrome/56.0.2924.87 Safari/537.36"
94.72.101.21 - - [02/Nov/2024:20:25:50 +0000] "GET /website/phpinfo.php HTTP/1.1" 404 564 "-" "Mozilla/5.0 (Macintosh; Intel Mac OS X 10_12_3) AppleWebKit/537.36 (KHTML, like Gecko) Chrome/56.0.2924.87 Safari/537.36"
94.72.101.21 - - [02/Nov/2024:20:25:50 +0000] "GET /website/phpinfo HTTP/1.1" 404 564 "-" "Mozilla/5.0 (Macintosh; Intel Mac OS X 10_12_3) AppleWebKit/537.36 (KHTML, like Gecko) Chrome/56.0.2924.87 Safari/537.36"
94.72.101.21 - - [02/Nov/2024:20:25:51 +0000] "GET /website/info.php HTTP/1.1" 404 564 "-" "Mozilla/5.0 (Macintosh; Intel Mac OS X 10_12_3) AppleWebKit/537.36 (KHTML, like Gecko) Chrome/56.0.2924.87 Safari/537.36"
94.72.101.21 - - [02/Nov/2024:20:25:51 +0000] "GET /website/php.ini HTTP/1.1" 404 564 "-" "Mozilla/5.0 (Macintosh; Intel Mac OS X 10_12_3) AppleWebKit/537.36 (KHTML, like Gecko) Chrome/56.0.2924.87 Safari/537.36"
94.72.101.21 - - [02/Nov/2024:20:25:54 +0000] "GET /website/php.php HTTP/1.1" 404 564 "-" "Mozilla/5.0 (Macintosh; Intel Mac OS X 10_12_3) AppleWebKit/537.36 (KHTML, like Gecko) Chrome/56.0.2924.87 Safari/537.36"
94.72.101.21 - - [02/Nov/2024:20:25:54 +0000] "GET /website/infophp.php HTTP/1.1" 404 564 "-" "Mozilla/5.0 (Macintosh; Intel Mac OS X 10_12_3) AppleWebKit/537.36 (KHTML, like Gecko) Chrome/56.0.2924.87 Safari/537.36"
94.72.101.21 - - [02/Nov/2024:20:25:54 +0000] "GET /website/test.php HTTP/1.1" 404 564 "-" "Mozilla/5.0 (Macintosh; Intel Mac OS X 10_12_3) AppleWebKit/537.36 (KHTML, like Gecko) Chrome/56.0.2924.87 Safari/537.36"
94.72.101.21 - - [02/Nov/2024:20:25:55 +0000] "GET /website/dashboard/phpinfo.php HTTP/1.1" 404 564 "-" "Mozilla/5.0 (Macintosh; Intel Mac OS X 10_12_3) AppleWebKit/537.36 (KHTML, like Gecko) Chrome/56.0.2924.87 Safari/537.36"
94.72.101.21 - - [02/Nov/2024:20:25:55 +0000] "GET /website/api/phpinfo.php HTTP/1.1" 404 564 "-" "Mozilla/5.0 (Macintosh; Intel Mac OS X 10_12_3) AppleWebKit/537.36 (KHTML, like Gecko) Chrome/56.0.2924.87 Safari/537.36"
94.72.101.21 - - [02/Nov/2024:20:25:55 +0000] "GET /website/backend/phpinfo.php HTTP/1.1" 404 564 "-" "Mozilla/5.0 (Macintosh; Intel Mac OS X 10_12_3) AppleWebKit/537.36 (KHTML, like Gecko) Chrome/56.0.2924.87 Safari/537.36"
94.72.101.21 - - [02/Nov/2024:20:25:56 +0000] "GET /website/backup/phpinfo.php HTTP/1.1" 404 564 "-" "Mozilla/5.0 (Macintosh; Intel Mac OS X 10_12_3) AppleWebKit/537.36 (KHTML, like Gecko) Chrome/56.0.2924.87 Safari/537.36"
94.72.101.21 - - [02/Nov/2024:20:25:56 +0000] "GET /website/crm/phpinfo.php HTTP/1.1" 404 564 "-" "Mozilla/5.0 (Macintosh; Intel Mac OS X 10_12_3) AppleWebKit/537.36 (KHTML, like Gecko) Chrome/56.0.2924.87 Safari/537.36"
94.72.101.21 - - [02/Nov/2024:20:25:56 +0000] "GET /website/current/phpinfo.php HTTP/1.1" 404 564 "-" "Mozilla/5.0 (Macintosh; Intel Mac OS X 10_12_3) AppleWebKit/537.36 (KHTML, like Gecko) Chrome/56.0.2924.87 Safari/537.36"
94.72.101.21 - - [02/Nov/2024:20:25:56 +0000] "GET /website/dev/phpinfo.php HTTP/1.1" 404 564 "-" "Mozilla/5.0 (Macintosh; Intel Mac OS X 10_12_3) AppleWebKit/537.36 (KHTML, like Gecko) Chrome/56.0.2924.87 Safari/537.36"
94.72.101.21 - - [02/Nov/2024:20:25:56 +0000] "GET /website/develop/phpinfo.php HTTP/1.1" 404 564 "-" "Mozilla/5.0 (Macintosh; Intel Mac OS X 10_12_3) AppleWebKit/537.36 (KHTML, like Gecko) Chrome/56.0.2924.87 Safari/537.36"
94.72.101.21 - - [02/Nov/2024:20:25:56 +0000] "GET /website/development/phpinfo.php HTTP/1.1" 404 564 "-" "Mozilla/5.0 (Macintosh; Intel Mac OS X 10_12_3) AppleWebKit/537.36 (KHTML, like Gecko) Chrome/56.0.2924.87 Safari/537.36"
94.72.101.21 - - [02/Nov/2024:20:25:57 +0000] "GET /website/help/phpinfo.php HTTP/1.1" 404 564 "-" "Mozilla/5.0 (Macintosh; Intel Mac OS X 10_12_3) AppleWebKit/537.36 (KHTML, like Gecko) Chrome/56.0.2924.87 Safari/537.36"
94.72.101.21 - - [02/Nov/2024:20:25:57 +0000] "GET /website/helper/phpinfo.php HTTP/1.1" 404 564 "-" "Mozilla/5.0 (Macintosh; Intel Mac OS X 10_12_3) AppleWebKit/537.36 (KHTML, like Gecko) Chrome/56.0.2924.87 Safari/537.36"
94.72.101.21 - - [02/Nov/2024:20:25:57 +0000] "GET /website/lara/phpinfo.php HTTP/1.1" 404 564 "-" "Mozilla/5.0 (Macintosh; Intel Mac OS X 10_12_3) AppleWebKit/537.36 (KHTML, like Gecko) Chrome/56.0.2924.87 Safari/537.36"
94.72.101.21 - - [02/Nov/2024:20:25:57 +0000] "GET /website/laravel/phpinfo.php HTTP/1.1" 404 564 "-" "Mozilla/5.0 (Macintosh; Intel Mac OS X 10_12_3) AppleWebKit/537.36 (KHTML, like Gecko) Chrome/56.0.2924.87 Safari/537.36"
94.72.101.21 - - [02/Nov/2024:20:25:58 +0000] "GET /website/server/phpinfo.php HTTP/1.1" 404 564 "-" "Mozilla/5.0 (Macintosh; Intel Mac OS X 10_12_3) AppleWebKit/537.36 (KHTML, like Gecko) Chrome/56.0.2924.87 Safari/537.36"
94.72.101.21 - - [02/Nov/2024:20:25:58 +0000] "GET /website/service/phpinfo.php HTTP/1.1" 404 564 "-" "Mozilla/5.0 (Macintosh; Intel Mac OS X 10_12_3) AppleWebKit/537.36 (KHTML, like Gecko) Chrome/56.0.2924.87 Safari/537.36"
94.72.101.21 - - [02/Nov/2024:20:25:58 +0000] "GET /website/services/phpinfo.php HTTP/1.1" 404 564 "-" "Mozilla/5.0 (Macintosh; Intel Mac OS X 10_12_3) AppleWebKit/537.36 (KHTML, like Gecko) Chrome/56.0.2924.87 Safari/537.36"
94.72.101.21 - - [02/Nov/2024:20:25:58 +0000] "GET /website/xampp/phpinfo.php HTTP/1.1" 404 564 "-" "Mozilla/5.0 (Macintosh; Intel Mac OS X 10_12_3) AppleWebKit/537.36 (KHTML, like Gecko) Chrome/56.0.2924.87 Safari/537.36"
94.72.101.21 - - [02/Nov/2024:20:25:59 +0000] "GET /website/api/info.php HTTP/1.1" 404 564 "-" "Mozilla/5.0 (Macintosh; Intel Mac OS X 10_12_3) AppleWebKit/537.36 (KHTML, like Gecko) Chrome/56.0.2924.87 Safari/537.36"
94.72.101.21 - - [02/Nov/2024:20:25:59 +0000] "GET /website/backend/info.php HTTP/1.1" 404 564 "-" "Mozilla/5.0 (Macintosh; Intel Mac OS X 10_12_3) AppleWebKit/537.36 (KHTML, like Gecko) Chrome/56.0.2924.87 Safari/537.36"
94.72.101.21 - - [02/Nov/2024:20:26:00 +0000] "GET /website/backup/info.php HTTP/1.1" 404 564 "-" "Mozilla/5.0 (Macintosh; Intel Mac OS X 10_12_3) AppleWebKit/537.36 (KHTML, like Gecko) Chrome/56.0.2924.87 Safari/537.36"
94.72.101.21 - - [02/Nov/2024:20:26:00 +0000] "GET /website/crm/info.php HTTP/1.1" 404 564 "-" "Mozilla/5.0 (Macintosh; Intel Mac OS X 10_12_3) AppleWebKit/537.36 (KHTML, like Gecko) Chrome/56.0.2924.87 Safari/537.36"
94.72.101.21 - - [02/Nov/2024:20:26:00 +0000] "GET /website/current/info.php HTTP/1.1" 404 564 "-" "Mozilla/5.0 (Macintosh; Intel Mac OS X 10_12_3) AppleWebKit/537.36 (KHTML, like Gecko) Chrome/56.0.2924.87 Safari/537.36"
94.72.101.21 - - [02/Nov/2024:20:26:01 +0000] "GET /website/dev/info.php HTTP/1.1" 404 564 "-" "Mozilla/5.0 (Macintosh; Intel Mac OS X 10_12_3) AppleWebKit/537.36 (KHTML, like Gecko) Chrome/56.0.2924.87 Safari/537.36"
94.72.101.21 - - [02/Nov/2024:20:26:01 +0000] "GET /website/develop/info.php HTTP/1.1" 404 564 "-" "Mozilla/5.0 (Macintosh; Intel Mac OS X 10_12_3) AppleWebKit/537.36 (KHTML, like Gecko) Chrome/56.0.2924.87 Safari/537.36"
94.72.101.21 - - [02/Nov/2024:20:26:01 +0000] "GET /website/development/iinfo.php HTTP/1.1" 404 564 "-" "Mozilla/5.0 (Macintosh; Intel Mac OS X 10_12_3) AppleWebKit/537.36 (KHTML, like Gecko) Chrome/56.0.2924.87 Safari/537.36"
94.72.101.21 - - [02/Nov/2024:20:26:02 +0000] "GET /website/help/info.php HTTP/1.1" 404 564 "-" "Mozilla/5.0 (Macintosh; Intel Mac OS X 10_12_3) AppleWebKit/537.36 (KHTML, like Gecko) Chrome/56.0.2924.87 Safari/537.36"
94.72.101.21 - - [02/Nov/2024:20:26:02 +0000] "GET /website/helper/info.php HTTP/1.1" 404 564 "-" "Mozilla/5.0 (Macintosh; Intel Mac OS X 10_12_3) AppleWebKit/537.36 (KHTML, like Gecko) Chrome/56.0.2924.87 Safari/537.36"
94.72.101.21 - - [02/Nov/2024:20:26:02 +0000] "GET /website/lara/info.php HTTP/1.1" 404 564 "-" "Mozilla/5.0 (Macintosh; Intel Mac OS X 10_12_3) AppleWebKit/537.36 (KHTML, like Gecko) Chrome/56.0.2924.87 Safari/537.36"
94.72.101.21 - - [02/Nov/2024:20:26:03 +0000] "GET /website/laravel/info.php HTTP/1.1" 404 564 "-" "Mozilla/5.0 (Macintosh; Intel Mac OS X 10_12_3) AppleWebKit/537.36 (KHTML, like Gecko) Chrome/56.0.2924.87 Safari/537.36"
94.72.101.21 - - [02/Nov/2024:20:26:03 +0000] "GET /website/server/info.php HTTP/1.1" 404 564 "-" "Mozilla/5.0 (Macintosh; Intel Mac OS X 10_12_3) AppleWebKit/537.36 (KHTML, like Gecko) Chrome/56.0.2924.87 Safari/537.36"
94.72.101.21 - - [02/Nov/2024:20:26:03 +0000] "GET /website/service/info.php HTTP/1.1" 404 564 "-" "Mozilla/5.0 (Macintosh; Intel Mac OS X 10_12_3) AppleWebKit/537.36 (KHTML, like Gecko) Chrome/56.0.2924.87 Safari/537.36"
94.72.101.21 - - [02/Nov/2024:20:26:03 +0000] "GET /website/services/info.php HTTP/1.1" 404 564 "-" "Mozilla/5.0 (Macintosh; Intel Mac OS X 10_12_3) AppleWebKit/537.36 (KHTML, like Gecko) Chrome/56.0.2924.87 Safari/537.36"
94.72.101.21 - - [02/Nov/2024:20:26:03 +0000] "GET /website/php-info.php HTTP/1.1" 404 564 "-" "Mozilla/5.0 (Macintosh; Intel Mac OS X 10_12_3) AppleWebKit/537.36 (KHTML, like Gecko) Chrome/56.0.2924.87 Safari/537.36"
94.72.101.21 - - [02/Nov/2024:20:26:04 +0000] "GET /website/linusadmin-phpinfo.php HTTP/1.1" 404 564 "-" "Mozilla/5.0 (Macintosh; Intel Mac OS X 10_12_3) AppleWebKit/537.36 (KHTML, like Gecko) Chrome/56.0.2924.87 Safari/537.36"
94.72.101.21 - - [02/Nov/2024:20:26:04 +0000] "GET /website/infos.php HTTP/1.1" 404 564 "-" "Mozilla/5.0 (Macintosh; Intel Mac OS X 10_12_3) AppleWebKit/537.36 (KHTML, like Gecko) Chrome/56.0.2924.87 Safari/537.36"
94.72.101.21 - - [02/Nov/2024:20:26:04 +0000] "GET /website/old_phpinfo.php HTTP/1.1" 404 564 "-" "Mozilla/5.0 (Macintosh; Intel Mac OS X 10_12_3) AppleWebKit/537.36 (KHTML, like Gecko) Chrome/56.0.2924.87 Safari/537.36"
94.72.101.21 - - [02/Nov/2024:20:26:04 +0000] "GET /website/temp.php HTTP/1.1" 404 564 "-" "Mozilla/5.0 (Macintosh; Intel Mac OS X 10_12_3) AppleWebKit/537.36 (KHTML, like Gecko) Chrome/56.0.2924.87 Safari/537.36"
94.72.101.21 - - [02/Nov/2024:20:26:04 +0000] "GET /website/time.php HTTP/1.1" 404 564 "-" "Mozilla/5.0 (Macintosh; Intel Mac OS X 10_12_3) AppleWebKit/537.36 (KHTML, like Gecko) Chrome/56.0.2924.87 Safari/537.36"
94.72.101.21 - - [02/Nov/2024:20:26:05 +0000] "GET /website/phpversion.php HTTP/1.1" 404 564 "-" "Mozilla/5.0 (Macintosh; Intel Mac OS X 10_12_3) AppleWebKit/537.36 (KHTML, like Gecko) Chrome/56.0.2924.87 Safari/537.36"
94.72.101.21 - - [02/Nov/2024:20:26:05 +0000] "GET /website/pinfo.php HTTP/1.1" 404 564 "-" "Mozilla/5.0 (Macintosh; Intel Mac OS X 10_12_3) AppleWebKit/537.36 (KHTML, like Gecko) Chrome/56.0.2924.87 Safari/537.36"
94.72.101.21 - - [02/Nov/2024:20:26:06 +0000] "GET /website/i.php HTTP/1.1" 404 564 "-" "Mozilla/5.0 (Macintosh; Intel Mac OS X 10_12_3) AppleWebKit/537.36 (KHTML, like Gecko) Chrome/56.0.2924.87 Safari/537.36"
94.72.101.21 - - [02/Nov/2024:20:26:06 +0000] "GET /website/asdf.php HTTP/1.1" 404 564 "-" "Mozilla/5.0 (Macintosh; Intel Mac OS X 10_12_3) AppleWebKit/537.36 (KHTML, like Gecko) Chrome/56.0.2924.87 Safari/537.36"
94.72.101.21 - - [02/Nov/2024:20:26:06 +0000] "GET /wp-content/plugins/wp-mail-smtp/wp_mail_smtp.php HTTP/1.1" 404 564 "-" "Mozilla/5.0 (Macintosh; Intel Mac OS X 10_12_3) AppleWebKit/537.36 (KHTML, like Gecko) Chrome/56.0.2924.87 Safari/537.36"
94.72.101.21 - - [02/Nov/2024:20:26:07 +0000] "GET /wp-content/plugins/wp-mail-smtp/src/Providers/Gmail.php HTTP/1.1" 404 564 "-" "Mozilla/5.0 (Macintosh; Intel Mac OS X 10_12_3) AppleWebKit/537.36 (KHTML, like Gecko) Chrome/56.0.2924.87 Safari/537.36"
94.72.101.21 - - [02/Nov/2024:20:26:07 +0000] "GET /wp-content/plugins/wp-mail-smtp/src/Providers/Mailgun.php HTTP/1.1" 404 564 "-" "Mozilla/5.0 (Macintosh; Intel Mac OS X 10_12_3) AppleWebKit/537.36 (KHTML, like Gecko) Chrome/56.0.2924.87 Safari/537.36"
94.72.101.21 - - [02/Nov/2024:20:26:07 +0000] "GET /wp-content/plugins/wp-mail-smtp/src/Providers/Sendinblue.php HTTP/1.1" 404 564 "-" "Mozilla/5.0 (Macintosh; Intel Mac OS X 10_12_3) AppleWebKit/537.36 (KHTML, like Gecko) Chrome/56.0.2924.87 Safari/537.36"
94.72.101.21 - - [02/Nov/2024:20:26:07 +0000] "GET /wp-content/plugins/wp-mail-smtp/src/Providers/Smtp.php HTTP/1.1" 404 564 "-" "Mozilla/5.0 (Macintosh; Intel Mac OS X 10_12_3) AppleWebKit/537.36 (KHTML, like Gecko) Chrome/56.0.2924.87 Safari/537.36"
94.72.101.21 - - [02/Nov/2024:20:26:08 +0000] "GET /error_log HTTP/1.1" 404 564 "-" "Mozilla/5.0 (Macintosh; Intel Mac OS X 10_12_3) AppleWebKit/537.36 (KHTML, like Gecko) Chrome/56.0.2924.87 Safari/537.36"
94.72.101.21 - - [02/Nov/2024:20:26:08 +0000] "GET /wp-debug.log HTTP/1.1" 404 564 "-" "Mozilla/5.0 (Macintosh; Intel Mac OS X 10_12_3) AppleWebKit/537.36 (KHTML, like Gecko) Chrome/56.0.2924.87 Safari/537.36"
94.72.101.21 - - [02/Nov/2024:20:26:08 +0000] "GET /wp-content/debug.log HTTP/1.1" 404 564 "-" "Mozilla/5.0 (Macintosh; Intel Mac OS X 10_12_3) AppleWebKit/537.36 (KHTML, like Gecko) Chrome/56.0.2924.87 Safari/537.36"
94.72.101.21 - - [02/Nov/2024:20:26:09 +0000] "GET /wp-content/uploads/error_log HTTP/1.1" 404 564 "-" "Mozilla/5.0 (Macintosh; Intel Mac OS X 10_12_3) AppleWebKit/537.36 (KHTML, like Gecko) Chrome/56.0.2924.87 Safari/537.36"
94.72.101.21 - - [02/Nov/2024:20:26:09 +0000] "GET /wp-content/uploads/debug.log HTTP/1.1" 404 564 "-" "Mozilla/5.0 (Macintosh; Intel Mac OS X 10_12_3) AppleWebKit/537.36 (KHTML, like Gecko) Chrome/56.0.2924.87 Safari/537.36"
94.72.101.21 - - [02/Nov/2024:20:26:09 +0000] "GET /wp-content/uploads/wp-debug.log HTTP/1.1" 404 564 "-" "Mozilla/5.0 (Macintosh; Intel Mac OS X 10_12_3) AppleWebKit/537.36 (KHTML, like Gecko) Chrome/56.0.2924.87 Safari/537.36"
94.72.101.21 - - [02/Nov/2024:20:26:09 +0000] "GET /wp-content/uploads/wp-content/debug.log HTTP/1.1" 404 564 "-" "Mozilla/5.0 (Macintosh; Intel Mac OS X 10_12_3) AppleWebKit/537.36 (KHTML, like Gecko) Chrome/56.0.2924.87 Safari/537.36"
94.72.101.21 - - [02/Nov/2024:20:26:09 +0000] "GET /wp-content/error_log HTTP/1.1" 404 564 "-" "Mozilla/5.0 (Macintosh; Intel Mac OS X 10_12_3) AppleWebKit/537.36 (KHTML, like Gecko) Chrome/56.0.2924.87 Safari/537.36"
94.72.101.21 - - [02/Nov/2024:20:26:10 +0000] "GET /wp-content/wp-debug.log HTTP/1.1" 404 564 "-" "Mozilla/5.0 (Macintosh; Intel Mac OS X 10_12_3) AppleWebKit/537.36 (KHTML, like Gecko) Chrome/56.0.2924.87 Safari/537.36"
94.72.101.21 - - [02/Nov/2024:20:26:10 +0000] "GET /wp-includes/error_log HTTP/1.1" 404 564 "-" "Mozilla/5.0 (Macintosh; Intel Mac OS X 10_12_3) AppleWebKit/537.36 (KHTML, like Gecko) Chrome/56.0.2924.87 Safari/537.36"
94.72.101.21 - - [02/Nov/2024:20:26:10 +0000] "GET /wp-includes/debug.log HTTP/1.1" 404 564 "-" "Mozilla/5.0 (Macintosh; Intel Mac OS X 10_12_3) AppleWebKit/537.36 (KHTML, like Gecko) Chrome/56.0.2924.87 Safari/537.36"
94.72.101.21 - - [02/Nov/2024:20:26:10 +0000] "GET /wp-includes/wp-debug.log HTTP/1.1" 404 564 "-" "Mozilla/5.0 (Macintosh; Intel Mac OS X 10_12_3) AppleWebKit/537.36 (KHTML, like Gecko) Chrome/56.0.2924.87 Safari/537.36"
94.72.101.21 - - [02/Nov/2024:20:26:11 +0000] "GET /wp-content/plugins/plugin-name/error_log HTTP/1.1" 404 564 "-" "Mozilla/5.0 (Macintosh; Intel Mac OS X 10_12_3) AppleWebKit/537.36 (KHTML, like Gecko) Chrome/56.0.2924.87 Safari/537.36"
94.72.101.21 - - [02/Nov/2024:20:26:11 +0000] "GET /wp-content/plugins/plugin-name/debug.log HTTP/1.1" 404 564 "-" "Mozilla/5.0 (Macintosh; Intel Mac OS X 10_12_3) AppleWebKit/537.36 (KHTML, like Gecko) Chrome/56.0.2924.87 Safari/537.36"
94.72.101.21 - - [02/Nov/2024:20:26:11 +0000] "GET /wp-content/themes/theme-name/error_log HTTP/1.1" 404 564 "-" "Mozilla/5.0 (Macintosh; Intel Mac OS X 10_12_3) AppleWebKit/537.36 (KHTML, like Gecko) Chrome/56.0.2924.87 Safari/537.36"
94.72.101.21 - - [02/Nov/2024:20:26:11 +0000] "GET /wp-content/themes/theme-name/debug.log HTTP/1.1" 404 564 "-" "Mozilla/5.0 (Macintosh; Intel Mac OS X 10_12_3) AppleWebKit/537.36 (KHTML, like Gecko) Chrome/56.0.2924.87 Safari/537.36"
94.72.101.21 - - [02/Nov/2024:20:26:12 +0000] "GET /logs/error.log HTTP/1.1" 404 564 "-" "Mozilla/5.0 (Macintosh; Intel Mac OS X 10_12_3) AppleWebKit/537.36 (KHTML, like Gecko) Chrome/56.0.2924.87 Safari/537.36"
94.72.101.21 - - [02/Nov/2024:20:26:12 +0000] "GET /logs/debug.log HTTP/1.1" 404 564 "-" "Mozilla/5.0 (Macintosh; Intel Mac OS X 10_12_3) AppleWebKit/537.36 (KHTML, like Gecko) Chrome/56.0.2924.87 Safari/537.36"
94.72.101.21 - - [02/Nov/2024:20:26:12 +0000] "GET /logs/wp-debug.log HTTP/1.1" 404 564 "-" "Mozilla/5.0 (Macintosh; Intel Mac OS X 10_12_3) AppleWebKit/537.36 (KHTML, like Gecko) Chrome/56.0.2924.87 Safari/537.36"
94.72.101.21 - - [02/Nov/2024:20:26:12 +0000] "GET /logs/wp-content/debug.log HTTP/1.1" 404 564 "-" "Mozilla/5.0 (Macintosh; Intel Mac OS X 10_12_3) AppleWebKit/537.36 (KHTML, like Gecko) Chrome/56.0.2924.87 Safari/537.36"
94.72.101.21 - - [02/Nov/2024:20:26:12 +0000] "GET /logs/wp-content/uploads/error_log HTTP/1.1" 404 564 "-" "Mozilla/5.0 (Macintosh; Intel Mac OS X 10_12_3) AppleWebKit/537.36 (KHTML, like Gecko) Chrome/56.0.2924.87 Safari/537.36"
94.72.101.21 - - [02/Nov/2024:20:26:13 +0000] "GET /logs/wp-content/uploads/debug.log HTTP/1.1" 404 564 "-" "Mozilla/5.0 (Macintosh; Intel Mac OS X 10_12_3) AppleWebKit/537.36 (KHTML, like Gecko) Chrome/56.0.2924.87 Safari/537.36"
94.72.101.21 - - [02/Nov/2024:20:26:13 +0000] "GET /logs/wp-content/uploads/wp-debug.log HTTP/1.1" 404 564 "-" "Mozilla/5.0 (Macintosh; Intel Mac OS X 10_12_3) AppleWebKit/537.36 (KHTML, like Gecko) Chrome/56.0.2924.87 Safari/537.36"
94.72.101.21 - - [02/Nov/2024:20:26:13 +0000] "GET /logs/wp-content/plugins/plugin-name/error_log HTTP/1.1" 404 564 "-" "Mozilla/5.0 (Macintosh; Intel Mac OS X 10_12_3) AppleWebKit/537.36 (KHTML, like Gecko) Chrome/56.0.2924.87 Safari/537.36"
94.72.101.21 - - [02/Nov/2024:20:26:13 +0000] "GET /logs/wp-content/plugins/plugin-name/debug.log HTTP/1.1" 404 564 "-" "Mozilla/5.0 (Macintosh; Intel Mac OS X 10_12_3) AppleWebKit/537.36 (KHTML, like Gecko) Chrome/56.0.2924.87 Safari/537.36"
94.72.101.21 - - [02/Nov/2024:20:26:13 +0000] "GET /logs/wp-content/themes/theme-name/error_log HTTP/1.1" 404 564 "-" "Mozilla/5.0 (Macintosh; Intel Mac OS X 10_12_3) AppleWebKit/537.36 (KHTML, like Gecko) Chrome/56.0.2924.87 Safari/537.36"
94.72.101.21 - - [02/Nov/2024:20:26:14 +0000] "GET /logs/wp-content/themes/theme-name/debug.log HTTP/1.1" 404 564 "-" "Mozilla/5.0 (Macintosh; Intel Mac OS X 10_12_3) AppleWebKit/537.36 (KHTML, like Gecko) Chrome/56.0.2924.87 Safari/537.36"
94.72.101.21 - - [02/Nov/2024:20:26:15 +0000] "GET /administrator/logs/error.php HTTP/1.1" 404 564 "-" "Mozilla/5.0 (Macintosh; Intel Mac OS X 10_12_3) AppleWebKit/537.36 (KHTML, like Gecko) Chrome/56.0.2924.87 Safari/537.36"
94.72.101.21 - - [02/Nov/2024:20:26:15 +0000] "GET /administrator/logs/error_log HTTP/1.1" 404 564 "-" "Mozilla/5.0 (Macintosh; Intel Mac OS X 10_12_3) AppleWebKit/537.36 (KHTML, like Gecko) Chrome/56.0.2924.87 Safari/537.36"
94.72.101.21 - - [02/Nov/2024:20:26:15 +0000] "GET /logs/error.php HTTP/1.1" 404 564 "-" "Mozilla/5.0 (Macintosh; Intel Mac OS X 10_12_3) AppleWebKit/537.36 (KHTML, like Gecko) Chrome/56.0.2924.87 Safari/537.36"
94.72.101.21 - - [02/Nov/2024:20:26:16 +0000] "GET /logs/error_log HTTP/1.1" 404 564 "-" "Mozilla/5.0 (Macintosh; Intel Mac OS X 10_12_3) AppleWebKit/537.36 (KHTML, like Gecko) Chrome/56.0.2924.87 Safari/537.36"
94.72.101.21 - - [02/Nov/2024:20:26:16 +0000] "GET /tmp/debug.log HTTP/1.1" 404 564 "-" "Mozilla/5.0 (Macintosh; Intel Mac OS X 10_12_3) AppleWebKit/537.36 (KHTML, like Gecko) Chrome/56.0.2924.87 Safari/537.36"
94.72.101.21 - - [02/Nov/2024:20:26:16 +0000] "GET /tmp/error_log HTTP/1.1" 404 564 "-" "Mozilla/5.0 (Macintosh; Intel Mac OS X 10_12_3) AppleWebKit/537.36 (KHTML, like Gecko) Chrome/56.0.2924.87 Safari/537.36"
94.72.101.21 - - [02/Nov/2024:20:26:16 +0000] "GET /config/settings_data.json HTTP/1.1" 404 564 "-" "Mozilla/5.0 (Macintosh; Intel Mac OS X 10_12_3) AppleWebKit/537.36 (KHTML, like Gecko) Chrome/56.0.2924.87 Safari/537.36"
94.72.101.21 - - [02/Nov/2024:20:26:17 +0000] "GET /config/settings_schema.json HTTP/1.1" 404 564 "-" "Mozilla/5.0 (Macintosh; Intel Mac OS X 10_12_3) AppleWebKit/537.36 (KHTML, like Gecko) Chrome/56.0.2924.87 Safari/537.36"
94.72.101.21 - - [02/Nov/2024:20:26:17 +0000] "GET /config/settings.json HTTP/1.1" 404 564 "-" "Mozilla/5.0 (Macintosh; Intel Mac OS X 10_12_3) AppleWebKit/537.36 (KHTML, like Gecko) Chrome/56.0.2924.87 Safari/537.36"
94.72.101.21 - - [02/Nov/2024:20:26:17 +0000] "GET /assets/config.js HTTP/1.1" 404 564 "-" "Mozilla/5.0 (Macintosh; Intel Mac OS X 10_12_3) AppleWebKit/537.36 (KHTML, like Gecko) Chrome/56.0.2924.87 Safari/537.36"
94.72.101.21 - - [02/Nov/2024:20:26:17 +0000] "GET /assets/settings.js HTTP/1.1" 404 564 "-" "Mozilla/5.0 (Macintosh; Intel Mac OS X 10_12_3) AppleWebKit/537.36 (KHTML, like Gecko) Chrome/56.0.2924.87 Safari/537.36"
94.72.101.21 - - [02/Nov/2024:20:26:17 +0000] "GET /assets/config.json HTTP/1.1" 404 564 "-" "Mozilla/5.0 (Macintosh; Intel Mac OS X 10_12_3) AppleWebKit/537.36 (KHTML, like Gecko) Chrome/56.0.2924.87 Safari/537.36"
94.72.101.21 - - [02/Nov/2024:20:26:18 +0000] "GET /assets/settings.json HTTP/1.1" 404 564 "-" "Mozilla/5.0 (Macintosh; Intel Mac OS X 10_12_3) AppleWebKit/537.36 (KHTML, like Gecko) Chrome/56.0.2924.87 Safari/537.36"
94.72.101.21 - - [02/Nov/2024:20:26:18 +0000] "GET /sites/default/settings.php HTTP/1.1" 404 564 "-" "Mozilla/5.0 (Macintosh; Intel Mac OS X 10_12_3) AppleWebKit/537.36 (KHTML, like Gecko) Chrome/56.0.2924.87 Safari/537.36"
94.72.101.21 - - [02/Nov/2024:20:26:18 +0000] "GET /sites/default/error_log HTTP/1.1" 404 564 "-" "Mozilla/5.0 (Macintosh; Intel Mac OS X 10_12_3) AppleWebKit/537.36 (KHTML, like Gecko) Chrome/56.0.2924.87 Safari/537.36"
94.72.101.21 - - [02/Nov/2024:20:26:19 +0000] "GET /sites/default/debug.log HTTP/1.1" 404 564 "-" "Mozilla/5.0 (Macintosh; Intel Mac OS X 10_12_3) AppleWebKit/537.36 (KHTML, like Gecko) Chrome/56.0.2924.87 Safari/537.36"
94.72.101.21 - - [02/Nov/2024:20:26:19 +0000] "GET /config/settings.inc.php HTTP/1.1" 404 564 "-" "Mozilla/5.0 (Macintosh; Intel Mac OS X 10_12_3) AppleWebKit/537.36 (KHTML, like Gecko) Chrome/56.0.2924.87 Safari/537.36"
94.72.101.21 - - [02/Nov/2024:20:26:19 +0000] "GET /app/config/parameters.php HTTP/1.1" 404 564 "-" "Mozilla/5.0 (Macintosh; Intel Mac OS X 10_12_3) AppleWebKit/537.36 (KHTML, like Gecko) Chrome/56.0.2924.87 Safari/537.36"
94.72.101.21 - - [02/Nov/2024:20:26:20 +0000] "GET /var/logs/debug.log HTTP/1.1" 404 564 "-" "Mozilla/5.0 (Macintosh; Intel Mac OS X 10_12_3) AppleWebKit/537.36 (KHTML, like Gecko) Chrome/56.0.2924.87 Safari/537.36"
94.72.101.21 - - [02/Nov/2024:20:26:20 +0000] "GET /var/logs/error.log HTTP/1.1" 404 564 "-" "Mozilla/5.0 (Macintosh; Intel Mac OS X 10_12_3) AppleWebKit/537.36 (KHTML, like Gecko) Chrome/56.0.2924.87 Safari/537.36"
94.72.101.21 - - [02/Nov/2024:20:26:20 +0000] "GET /config/settings.py HTTP/1.1" 404 564 "-" "Mozilla/5.0 (Macintosh; Intel Mac OS X 10_12_3) AppleWebKit/537.36 (KHTML, like Gecko) Chrome/56.0.2924.87 Safari/537.36"
94.72.101.21 - - [02/Nov/2024:20:26:21 +0000] "GET /app/config.php HTTP/1.1" 404 564 "-" "Mozilla/5.0 (Macintosh; Intel Mac OS X 10_12_3) AppleWebKit/537.36 (KHTML, like Gecko) Chrome/56.0.2924.87 Safari/537.36"
94.72.101.21 - - [02/Nov/2024:20:26:21 +0000] "GET /app/settings.py HTTP/1.1" 404 564 "-" "Mozilla/5.0 (Macintosh; Intel Mac OS X 10_12_3) AppleWebKit/537.36 (KHTML, like Gecko) Chrome/56.0.2924.87 Safari/537.36"
94.72.101.21 - - [02/Nov/2024:20:26:21 +0000] "GET /config/.env.production HTTP/1.1" 404 564 "-" "Mozilla/5.0 (Macintosh; Intel Mac OS X 10_12_3) AppleWebKit/537.36 (KHTML, like Gecko) Chrome/56.0.2924.87 Safari/537.36"
94.72.101.21 - - [02/Nov/2024:20:26:22 +0000] "GET /config/.env.development HTTP/1.1" 404 564 "-" "Mozilla/5.0 (Macintosh; Intel Mac OS X 10_12_3) AppleWebKit/537.36 (KHTML, like Gecko) Chrome/56.0.2924.87 Safari/537.36"
94.72.101.21 - - [02/Nov/2024:20:26:22 +0000] "GET /config/.env.test HTTP/1.1" 404 564 "-" "Mozilla/5.0 (Macintosh; Intel Mac OS X 10_12_3) AppleWebKit/537.36 (KHTML, like Gecko) Chrome/56.0.2924.87 Safari/537.36"
94.72.101.21 - - [02/Nov/2024:20:26:22 +0000] "GET /app/.env.development HTTP/1.1" 404 564 "-" "Mozilla/5.0 (Macintosh; Intel Mac OS X 10_12_3) AppleWebKit/537.36 (KHTML, like Gecko) Chrome/56.0.2924.87 Safari/537.36"
94.72.101.21 - - [02/Nov/2024:20:26:22 +0000] "GET /app/.env.test HTTP/1.1" 404 564 "-" "Mozilla/5.0 (Macintosh; Intel Mac OS X 10_12_3) AppleWebKit/537.36 (KHTML, like Gecko) Chrome/56.0.2924.87 Safari/537.36"
94.72.101.21 - - [02/Nov/2024:20:26:22 +0000] "GET /api/.env.development HTTP/1.1" 404 564 "-" "Mozilla/5.0 (Macintosh; Intel Mac OS X 10_12_3) AppleWebKit/537.36 (KHTML, like Gecko) Chrome/56.0.2924.87 Safari/537.36"
94.72.101.21 - - [02/Nov/2024:20:26:22 +0000] "GET /api/.env.test HTTP/1.1" 404 564 "-" "Mozilla/5.0 (Macintosh; Intel Mac OS X 10_12_3) AppleWebKit/537.36 (KHTML, like Gecko) Chrome/56.0.2924.87 Safari/537.36"
94.72.101.21 - - [02/Nov/2024:20:26:23 +0000] "GET /src/.env.production HTTP/1.1" 404 564 "-" "Mozilla/5.0 (Macintosh; Intel Mac OS X 10_12_3) AppleWebKit/537.36 (KHTML, like Gecko) Chrome/56.0.2924.87 Safari/537.36"
94.72.101.21 - - [02/Nov/2024:20:26:23 +0000] "GET /src/.env.development HTTP/1.1" 404 564 "-" "Mozilla/5.0 (Macintosh; Intel Mac OS X 10_12_3) AppleWebKit/537.36 (KHTML, like Gecko) Chrome/56.0.2924.87 Safari/537.36"
94.72.101.21 - - [02/Nov/2024:20:26:23 +0000] "GET /src/.env.test HTTP/1.1" 404 564 "-" "Mozilla/5.0 (Macintosh; Intel Mac OS X 10_12_3) AppleWebKit/537.36 (KHTML, like Gecko) Chrome/56.0.2924.87 Safari/537.36"
94.72.101.21 - - [02/Nov/2024:20:26:23 +0000] "GET /settings/.env.local HTTP/1.1" 404 564 "-" "Mozilla/5.0 (Macintosh; Intel Mac OS X 10_12_3) AppleWebKit/537.36 (KHTML, like Gecko) Chrome/56.0.2924.87 Safari/537.36"
94.72.101.21 - - [02/Nov/2024:20:26:24 +0000] "GET /settings/.env.production HTTP/1.1" 404 564 "-" "Mozilla/5.0 (Macintosh; Intel Mac OS X 10_12_3) AppleWebKit/537.36 (KHTML, like Gecko) Chrome/56.0.2924.87 Safari/537.36"
94.72.101.21 - - [02/Nov/2024:20:26:24 +0000] "GET /settings/.env.development HTTP/1.1" 404 564 "-" "Mozilla/5.0 (Macintosh; Intel Mac OS X 10_12_3) AppleWebKit/537.36 (KHTML, like Gecko) Chrome/56.0.2924.87 Safari/537.36"
94.72.101.21 - - [02/Nov/2024:20:26:24 +0000] "GET /settings/.env.test HTTP/1.1" 404 564 "-" "Mozilla/5.0 (Macintosh; Intel Mac OS X 10_12_3) AppleWebKit/537.36 (KHTML, like Gecko) Chrome/56.0.2924.87 Safari/537.36"
94.72.101.21 - - [02/Nov/2024:20:26:24 +0000] "GET /config/settings.php HTTP/1.1" 404 564 "-" "Mozilla/5.0 (Macintosh; Intel Mac OS X 10_12_3) AppleWebKit/537.36 (KHTML, like Gecko) Chrome/56.0.2924.87 Safari/537.36"
94.72.101.21 - - [02/Nov/2024:20:26:25 +0000] "GET /config/database.php HTTP/1.1" 404 564 "-" "Mozilla/5.0 (Macintosh; Intel Mac OS X 10_12_3) AppleWebKit/537.36 (KHTML, like Gecko) Chrome/56.0.2924.87 Safari/537.36"
94.72.101.21 - - [02/Nov/2024:20:26:25 +0000] "GET /config/mail.php HTTP/1.1" 404 564 "-" "Mozilla/5.0 (Macintosh; Intel Mac OS X 10_12_3) AppleWebKit/537.36 (KHTML, like Gecko) Chrome/56.0.2924.87 Safari/537.36"
94.72.101.21 - - [02/Nov/2024:20:26:25 +0000] "GET /config/smtp.php HTTP/1.1" 404 564 "-" "Mozilla/5.0 (Macintosh; Intel Mac OS X 10_12_3) AppleWebKit/537.36 (KHTML, like Gecko) Chrome/56.0.2924.87 Safari/537.36"
94.72.101.21 - - [02/Nov/2024:20:26:25 +0000] "GET /app/config/config.php HTTP/1.1" 404 564 "-" "Mozilla/5.0 (Macintosh; Intel Mac OS X 10_12_3) AppleWebKit/537.36 (KHTML, like Gecko) Chrome/56.0.2924.87 Safari/537.36"
94.72.101.21 - - [02/Nov/2024:20:26:25 +0000] "GET /app/config/settings.php HTTP/1.1" 404 564 "-" "Mozilla/5.0 (Macintosh; Intel Mac OS X 10_12_3) AppleWebKit/537.36 (KHTML, like Gecko) Chrome/56.0.2924.87 Safari/537.36"
94.72.101.21 - - [02/Nov/2024:20:26:26 +0000] "GET /app/config/database.php HTTP/1.1" 404 564 "-" "Mozilla/5.0 (Macintosh; Intel Mac OS X 10_12_3) AppleWebKit/537.36 (KHTML, like Gecko) Chrome/56.0.2924.87 Safari/537.36"
94.72.101.21 - - [02/Nov/2024:20:26:27 +0000] "GET /app/config/mail.php HTTP/1.1" 404 564 "-" "Mozilla/5.0 (Macintosh; Intel Mac OS X 10_12_3) AppleWebKit/537.36 (KHTML, like Gecko) Chrome/56.0.2924.87 Safari/537.36"
94.72.101.21 - - [02/Nov/2024:20:26:27 +0000] "GET /app/config/smtp.php HTTP/1.1" 404 564 "-" "Mozilla/5.0 (Macintosh; Intel Mac OS X 10_12_3) AppleWebKit/537.36 (KHTML, like Gecko) Chrome/56.0.2924.87 Safari/537.36"
94.72.101.21 - - [02/Nov/2024:20:26:27 +0000] "GET /core/config.php HTTP/1.1" 404 564 "-" "Mozilla/5.0 (Macintosh; Intel Mac OS X 10_12_3) AppleWebKit/537.36 (KHTML, like Gecko) Chrome/56.0.2924.87 Safari/537.36"
94.72.101.21 - - [02/Nov/2024:20:26:27 +0000] "GET /core/settings.php HTTP/1.1" 404 564 "-" "Mozilla/5.0 (Macintosh; Intel Mac OS X 10_12_3) AppleWebKit/537.36 (KHTML, like Gecko) Chrome/56.0.2924.87 Safari/537.36"
94.72.101.21 - - [02/Nov/2024:20:26:28 +0000] "GET /core/database.php HTTP/1.1" 404 564 "-" "Mozilla/5.0 (Macintosh; Intel Mac OS X 10_12_3) AppleWebKit/537.36 (KHTML, like Gecko) Chrome/56.0.2924.87 Safari/537.36"
94.72.101.21 - - [02/Nov/2024:20:26:28 +0000] "GET /core/mail.php HTTP/1.1" 404 564 "-" "Mozilla/5.0 (Macintosh; Intel Mac OS X 10_12_3) AppleWebKit/537.36 (KHTML, like Gecko) Chrome/56.0.2924.87 Safari/537.36"
94.72.101.21 - - [02/Nov/2024:20:26:28 +0000] "GET /core/smtp.php HTTP/1.1" 404 564 "-" "Mozilla/5.0 (Macintosh; Intel Mac OS X 10_12_3) AppleWebKit/537.36 (KHTML, like Gecko) Chrome/56.0.2924.87 Safari/537.36"
94.72.101.21 - - [02/Nov/2024:20:26:29 +0000] "GET /backend/config.php HTTP/1.1" 404 564 "-" "Mozilla/5.0 (Macintosh; Intel Mac OS X 10_12_3) AppleWebKit/537.36 (KHTML, like Gecko) Chrome/56.0.2924.87 Safari/537.36"
94.72.101.21 - - [02/Nov/2024:20:26:29 +0000] "GET /backend/settings.php HTTP/1.1" 404 564 "-" "Mozilla/5.0 (Macintosh; Intel Mac OS X 10_12_3) AppleWebKit/537.36 (KHTML, like Gecko) Chrome/56.0.2924.87 Safari/537.36"
94.72.101.21 - - [02/Nov/2024:20:26:29 +0000] "GET /backend/database.php HTTP/1.1" 404 564 "-" "Mozilla/5.0 (Macintosh; Intel Mac OS X 10_12_3) AppleWebKit/537.36 (KHTML, like Gecko) Chrome/56.0.2924.87 Safari/537.36"
94.72.101.21 - - [02/Nov/2024:20:26:29 +0000] "GET /backend/mail.php HTTP/1.1" 404 564 "-" "Mozilla/5.0 (Macintosh; Intel Mac OS X 10_12_3) AppleWebKit/537.36 (KHTML, like Gecko) Chrome/56.0.2924.87 Safari/537.36"
94.72.101.21 - - [02/Nov/2024:20:26:30 +0000] "GET /backend/smtp.php HTTP/1.1" 404 564 "-" "Mozilla/5.0 (Macintosh; Intel Mac OS X 10_12_3) AppleWebKit/537.36 (KHTML, like Gecko) Chrome/56.0.2924.87 Safari/537.36"
94.72.101.21 - - [02/Nov/2024:20:26:30 +0000] "GET /site/config.php HTTP/1.1" 404 564 "-" "Mozilla/5.0 (Macintosh; Intel Mac OS X 10_12_3) AppleWebKit/537.36 (KHTML, like Gecko) Chrome/56.0.2924.87 Safari/537.36"
94.72.101.21 - - [02/Nov/2024:20:26:30 +0000] "GET /site/settings.php HTTP/1.1" 404 564 "-" "Mozilla/5.0 (Macintosh; Intel Mac OS X 10_12_3) AppleWebKit/537.36 (KHTML, like Gecko) Chrome/56.0.2924.87 Safari/537.36"
94.72.101.21 - - [02/Nov/2024:20:26:30 +0000] "GET /site/database.php HTTP/1.1" 404 564 "-" "Mozilla/5.0 (Macintosh; Intel Mac OS X 10_12_3) AppleWebKit/537.36 (KHTML, like Gecko) Chrome/56.0.2924.87 Safari/537.36"
94.72.101.21 - - [02/Nov/2024:20:26:30 +0000] "GET /site/mail.php HTTP/1.1" 404 564 "-" "Mozilla/5.0 (Macintosh; Intel Mac OS X 10_12_3) AppleWebKit/537.36 (KHTML, like Gecko) Chrome/56.0.2924.87 Safari/537.36"
94.72.101.21 - - [02/Nov/2024:20:26:30 +0000] "GET /site/smtp.php HTTP/1.1" 404 564 "-" "Mozilla/5.0 (Macintosh; Intel Mac OS X 10_12_3) AppleWebKit/537.36 (KHTML, like Gecko) Chrome/56.0.2924.87 Safari/537.36"
94.72.101.21 - - [02/Nov/2024:20:26:31 +0000] "GET /web/config.php HTTP/1.1" 404 564 "-" "Mozilla/5.0 (Macintosh; Intel Mac OS X 10_12_3) AppleWebKit/537.36 (KHTML, like Gecko) Chrome/56.0.2924.87 Safari/537.36"
94.72.101.21 - - [02/Nov/2024:20:26:31 +0000] "GET /web/settings.php HTTP/1.1" 404 564 "-" "Mozilla/5.0 (Macintosh; Intel Mac OS X 10_12_3) AppleWebKit/537.36 (KHTML, like Gecko) Chrome/56.0.2924.87 Safari/537.36"
94.72.101.21 - - [02/Nov/2024:20:26:31 +0000] "GET /web/database.php HTTP/1.1" 404 564 "-" "Mozilla/5.0 (Macintosh; Intel Mac OS X 10_12_3) AppleWebKit/537.36 (KHTML, like Gecko) Chrome/56.0.2924.87 Safari/537.36"
94.72.101.21 - - [02/Nov/2024:20:26:32 +0000] "GET /web/mail.php HTTP/1.1" 404 564 "-" "Mozilla/5.0 (Macintosh; Intel Mac OS X 10_12_3) AppleWebKit/537.36 (KHTML, like Gecko) Chrome/56.0.2924.87 Safari/537.36"
94.72.101.21 - - [02/Nov/2024:20:26:32 +0000] "GET /web/smtp.php HTTP/1.1" 404 564 "-" "Mozilla/5.0 (Macintosh; Intel Mac OS X 10_12_3) AppleWebKit/537.36 (KHTML, like Gecko) Chrome/56.0.2924.87 Safari/537.36"
94.72.101.21 - - [02/Nov/2024:20:26:33 +0000] "GET /public/config.php HTTP/1.1" 404 564 "-" "Mozilla/5.0 (Macintosh; Intel Mac OS X 10_12_3) AppleWebKit/537.36 (KHTML, like Gecko) Chrome/56.0.2924.87 Safari/537.36"
94.72.101.21 - - [02/Nov/2024:20:26:33 +0000] "GET /public/settings.php HTTP/1.1" 404 564 "-" "Mozilla/5.0 (Macintosh; Intel Mac OS X 10_12_3) AppleWebKit/537.36 (KHTML, like Gecko) Chrome/56.0.2924.87 Safari/537.36"
94.72.101.21 - - [02/Nov/2024:20:26:34 +0000] "GET /public/database.php HTTP/1.1" 404 564 "-" "Mozilla/5.0 (Macintosh; Intel Mac OS X 10_12_3) AppleWebKit/537.36 (KHTML, like Gecko) Chrome/56.0.2924.87 Safari/537.36"
94.72.101.21 - - [02/Nov/2024:20:26:34 +0000] "GET /public/mail.php HTTP/1.1" 404 564 "-" "Mozilla/5.0 (Macintosh; Intel Mac OS X 10_12_3) AppleWebKit/537.36 (KHTML, like Gecko) Chrome/56.0.2924.87 Safari/537.36"
94.72.101.21 - - [02/Nov/2024:20:26:34 +0000] "GET /public/smtp.php HTTP/1.1" 404 564 "-" "Mozilla/5.0 (Macintosh; Intel Mac OS X 10_12_3) AppleWebKit/537.36 (KHTML, like Gecko) Chrome/56.0.2924.87 Safari/537.36"
94.72.101.21 - - [02/Nov/2024:20:26:34 +0000] "GET /admin/settings.php HTTP/1.1" 404 564 "-" "Mozilla/5.0 (Macintosh; Intel Mac OS X 10_12_3) AppleWebKit/537.36 (KHTML, like Gecko) Chrome/56.0.2924.87 Safari/537.36"
94.72.101.21 - - [02/Nov/2024:20:26:35 +0000] "GET /admin/database.php HTTP/1.1" 404 564 "-" "Mozilla/5.0 (Macintosh; Intel Mac OS X 10_12_3) AppleWebKit/537.36 (KHTML, like Gecko) Chrome/56.0.2924.87 Safari/537.36"
94.72.101.21 - - [02/Nov/2024:20:26:35 +0000] "GET /admin/mail.php HTTP/1.1" 404 564 "-" "Mozilla/5.0 (Macintosh; Intel Mac OS X 10_12_3) AppleWebKit/537.36 (KHTML, like Gecko) Chrome/56.0.2924.87 Safari/537.36"
94.72.101.21 - - [02/Nov/2024:20:26:35 +0000] "GET /admin/smtp.php HTTP/1.1" 404 564 "-" "Mozilla/5.0 (Macintosh; Intel Mac OS X 10_12_3) AppleWebKit/537.36 (KHTML, like Gecko) Chrome/56.0.2924.87 Safari/537.36"
94.72.101.21 - - [02/Nov/2024:20:26:35 +0000] "GET /dashboard/config.php HTTP/1.1" 404 564 "-" "Mozilla/5.0 (Macintosh; Intel Mac OS X 10_12_3) AppleWebKit/537.36 (KHTML, like Gecko) Chrome/56.0.2924.87 Safari/537.36"
94.72.101.21 - - [02/Nov/2024:20:26:35 +0000] "GET /dashboard/settings.php HTTP/1.1" 404 564 "-" "Mozilla/5.0 (Macintosh; Intel Mac OS X 10_12_3) AppleWebKit/537.36 (KHTML, like Gecko) Chrome/56.0.2924.87 Safari/537.36"
94.72.101.21 - - [02/Nov/2024:20:26:36 +0000] "GET /dashboard/database.php HTTP/1.1" 404 564 "-" "Mozilla/5.0 (Macintosh; Intel Mac OS X 10_12_3) AppleWebKit/537.36 (KHTML, like Gecko) Chrome/56.0.2924.87 Safari/537.36"
94.72.101.21 - - [02/Nov/2024:20:26:36 +0000] "GET /dashboard/mail.php HTTP/1.1" 404 564 "-" "Mozilla/5.0 (Macintosh; Intel Mac OS X 10_12_3) AppleWebKit/537.36 (KHTML, like Gecko) Chrome/56.0.2924.87 Safari/537.36"
94.72.101.21 - - [02/Nov/2024:20:26:36 +0000] "GET /dashboard/smtp.php HTTP/1.1" 404 564 "-" "Mozilla/5.0 (Macintosh; Intel Mac OS X 10_12_3) AppleWebKit/537.36 (KHTML, like Gecko) Chrome/56.0.2924.87 Safari/537.36"
94.72.101.21 - - [02/Nov/2024:20:26:36 +0000] "GET /private/config.php HTTP/1.1" 404 564 "-" "Mozilla/5.0 (Macintosh; Intel Mac OS X 10_12_3) AppleWebKit/537.36 (KHTML, like Gecko) Chrome/56.0.2924.87 Safari/537.36"
94.72.101.21 - - [02/Nov/2024:20:26:36 +0000] "GET /private/settings.php HTTP/1.1" 404 564 "-" "Mozilla/5.0 (Macintosh; Intel Mac OS X 10_12_3) AppleWebKit/537.36 (KHTML, like Gecko) Chrome/56.0.2924.87 Safari/537.36"
94.72.101.21 - - [02/Nov/2024:20:26:36 +0000] "GET /private/database.php HTTP/1.1" 404 564 "-" "Mozilla/5.0 (Macintosh; Intel Mac OS X 10_12_3) AppleWebKit/537.36 (KHTML, like Gecko) Chrome/56.0.2924.87 Safari/537.36"
94.72.101.21 - - [02/Nov/2024:20:26:37 +0000] "GET /private/mail.php HTTP/1.1" 404 564 "-" "Mozilla/5.0 (Macintosh; Intel Mac OS X 10_12_3) AppleWebKit/537.36 (KHTML, like Gecko) Chrome/56.0.2924.87 Safari/537.36"
94.72.101.21 - - [02/Nov/2024:20:26:37 +0000] "GET /private/smtp.php HTTP/1.1" 404 564 "-" "Mozilla/5.0 (Macintosh; Intel Mac OS X 10_12_3) AppleWebKit/537.36 (KHTML, like Gecko) Chrome/56.0.2924.87 Safari/537.36"
94.72.101.21 - - [02/Nov/2024:20:26:37 +0000] "GET /app/config.js HTTP/1.1" 404 564 "-" "Mozilla/5.0 (Macintosh; Intel Mac OS X 10_12_3) AppleWebKit/537.36 (KHTML, like Gecko) Chrome/56.0.2924.87 Safari/537.36"
94.72.101.21 - - [02/Nov/2024:20:26:37 +0000] "GET /app/settings.js HTTP/1.1" 404 564 "-" "Mozilla/5.0 (Macintosh; Intel Mac OS X 10_12_3) AppleWebKit/537.36 (KHTML, like Gecko) Chrome/56.0.2924.87 Safari/537.36"
94.72.101.21 - - [02/Nov/2024:20:26:37 +0000] "GET /src/config.js HTTP/1.1" 404 564 "-" "Mozilla/5.0 (Macintosh; Intel Mac OS X 10_12_3) AppleWebKit/537.36 (KHTML, like Gecko) Chrome/56.0.2924.87 Safari/537.36"
94.72.101.21 - - [02/Nov/2024:20:26:38 +0000] "GET /src/settings.js HTTP/1.1" 404 564 "-" "Mozilla/5.0 (Macintosh; Intel Mac OS X 10_12_3) AppleWebKit/537.36 (KHTML, like Gecko) Chrome/56.0.2924.87 Safari/537.36"
94.72.101.21 - - [02/Nov/2024:20:26:38 +0000] "GET /settings.ini HTTP/1.1" 404 564 "-" "Mozilla/5.0 (Macintosh; Intel Mac OS X 10_12_3) AppleWebKit/537.36 (KHTML, like Gecko) Chrome/56.0.2924.87 Safari/537.36"
94.72.101.21 - - [02/Nov/2024:20:26:38 +0000] "GET /app/config.ini HTTP/1.1" 404 564 "-" "Mozilla/5.0 (Macintosh; Intel Mac OS X 10_12_3) AppleWebKit/537.36 (KHTML, like Gecko) Chrome/56.0.2924.87 Safari/537.36"
94.72.101.21 - - [02/Nov/2024:20:26:39 +0000] "GET /app/settings.ini HTTP/1.1" 404 564 "-" "Mozilla/5.0 (Macintosh; Intel Mac OS X 10_12_3) AppleWebKit/537.36 (KHTML, like Gecko) Chrome/56.0.2924.87 Safari/537.36"
94.72.101.21 - - [02/Nov/2024:20:26:40 +0000] "GET /src/config.ini HTTP/1.1" 404 564 "-" "Mozilla/5.0 (Macintosh; Intel Mac OS X 10_12_3) AppleWebKit/537.36 (KHTML, like Gecko) Chrome/56.0.2924.87 Safari/537.36"
94.72.101.21 - - [02/Nov/2024:20:26:40 +0000] "GET /src/settings.ini HTTP/1.1" 404 564 "-" "Mozilla/5.0 (Macintosh; Intel Mac OS X 10_12_3) AppleWebKit/537.36 (KHTML, like Gecko) Chrome/56.0.2924.87 Safari/537.36"
94.72.101.21 - - [02/Nov/2024:20:26:41 +0000] "GET /settings.sh HTTP/1.1" 404 564 "-" "Mozilla/5.0 (Macintosh; Intel Mac OS X 10_12_3) AppleWebKit/537.36 (KHTML, like Gecko) Chrome/56.0.2924.87 Safari/537.36"
94.72.101.21 - - [02/Nov/2024:20:26:41 +0000] "GET /app/config.sh HTTP/1.1" 404 564 "-" "Mozilla/5.0 (Macintosh; Intel Mac OS X 10_12_3) AppleWebKit/537.36 (KHTML, like Gecko) Chrome/56.0.2924.87 Safari/537.36"
94.72.101.21 - - [02/Nov/2024:20:26:41 +0000] "GET /app/settings.sh HTTP/1.1" 404 564 "-" "Mozilla/5.0 (Macintosh; Intel Mac OS X 10_12_3) AppleWebKit/537.36 (KHTML, like Gecko) Chrome/56.0.2924.87 Safari/537.36"
94.72.101.21 - - [02/Nov/2024:20:26:41 +0000] "GET /src/config.sh HTTP/1.1" 404 564 "-" "Mozilla/5.0 (Macintosh; Intel Mac OS X 10_12_3) AppleWebKit/537.36 (KHTML, like Gecko) Chrome/56.0.2924.87 Safari/537.36"
94.72.101.21 - - [02/Nov/2024:20:26:41 +0000] "GET /src/settings.sh HTTP/1.1" 404 564 "-" "Mozilla/5.0 (Macintosh; Intel Mac OS X 10_12_3) AppleWebKit/537.36 (KHTML, like Gecko) Chrome/56.0.2924.87 Safari/537.36"
94.72.101.21 - - [02/Nov/2024:20:26:42 +0000] "GET /config.txt HTTP/1.1" 404 564 "-" "Mozilla/5.0 (Macintosh; Intel Mac OS X 10_12_3) AppleWebKit/537.36 (KHTML, like Gecko) Chrome/56.0.2924.87 Safari/537.36"
94.72.101.21 - - [02/Nov/2024:20:26:42 +0000] "GET /settings.txt HTTP/1.1" 404 564 "-" "Mozilla/5.0 (Macintosh; Intel Mac OS X 10_12_3) AppleWebKit/537.36 (KHTML, like Gecko) Chrome/56.0.2924.87 Safari/537.36"
94.72.101.21 - - [02/Nov/2024:20:26:42 +0000] "GET /app/config.txt HTTP/1.1" 404 564 "-" "Mozilla/5.0 (Macintosh; Intel Mac OS X 10_12_3) AppleWebKit/537.36 (KHTML, like Gecko) Chrome/56.0.2924.87 Safari/537.36"
94.72.101.21 - - [02/Nov/2024:20:26:42 +0000] "GET /app/settings.txt HTTP/1.1" 404 564 "-" "Mozilla/5.0 (Macintosh; Intel Mac OS X 10_12_3) AppleWebKit/537.36 (KHTML, like Gecko) Chrome/56.0.2924.87 Safari/537.36"
94.72.101.21 - - [02/Nov/2024:20:26:42 +0000] "GET /src/config.txt HTTP/1.1" 404 564 "-" "Mozilla/5.0 (Macintosh; Intel Mac OS X 10_12_3) AppleWebKit/537.36 (KHTML, like Gecko) Chrome/56.0.2924.87 Safari/537.36"
94.72.101.21 - - [02/Nov/2024:20:26:42 +0000] "GET /src/settings.txt HTTP/1.1" 404 564 "-" "Mozilla/5.0 (Macintosh; Intel Mac OS X 10_12_3) AppleWebKit/537.36 (KHTML, like Gecko) Chrome/56.0.2924.87 Safari/537.36"
94.72.101.21 - - [02/Nov/2024:20:26:43 +0000] "GET /app/config.json HTTP/1.1" 404 564 "-" "Mozilla/5.0 (Macintosh; Intel Mac OS X 10_12_3) AppleWebKit/537.36 (KHTML, like Gecko) Chrome/56.0.2924.87 Safari/537.36"
94.72.101.21 - - [02/Nov/2024:20:26:43 +0000] "GET /app/settings.json HTTP/1.1" 404 564 "-" "Mozilla/5.0 (Macintosh; Intel Mac OS X 10_12_3) AppleWebKit/537.36 (KHTML, like Gecko) Chrome/56.0.2924.87 Safari/537.36"
94.72.101.21 - - [02/Nov/2024:20:26:43 +0000] "GET /src/config.json HTTP/1.1" 404 564 "-" "Mozilla/5.0 (Macintosh; Intel Mac OS X 10_12_3) AppleWebKit/537.36 (KHTML, like Gecko) Chrome/56.0.2924.87 Safari/537.36"
94.72.101.21 - - [02/Nov/2024:20:26:44 +0000] "GET /src/settings.json HTTP/1.1" 404 564 "-" "Mozilla/5.0 (Macintosh; Intel Mac OS X 10_12_3) AppleWebKit/537.36 (KHTML, like Gecko) Chrome/56.0.2924.87 Safari/537.36"
94.72.101.21 - - [02/Nov/2024:20:26:45 +0000] "GET /config/database.json HTTP/1.1" 404 564 "-" "Mozilla/5.0 (Macintosh; Intel Mac OS X 10_12_3) AppleWebKit/537.36 (KHTML, like Gecko) Chrome/56.0.2924.87 Safari/537.36"
94.72.101.21 - - [02/Nov/2024:20:26:45 +0000] "GET /config/mail.json HTTP/1.1" 404 564 "-" "Mozilla/5.0 (Macintosh; Intel Mac OS X 10_12_3) AppleWebKit/537.36 (KHTML, like Gecko) Chrome/56.0.2924.87 Safari/537.36"
94.72.101.21 - - [02/Nov/2024:20:26:45 +0000] "GET /config/smtp.json HTTP/1.1" 404 564 "-" "Mozilla/5.0 (Macintosh; Intel Mac OS X 10_12_3) AppleWebKit/537.36 (KHTML, like Gecko) Chrome/56.0.2924.87 Safari/537.36"
94.72.101.21 - - [02/Nov/2024:20:26:45 +0000] "GET /app/config/config.json HTTP/1.1" 404 564 "-" "Mozilla/5.0 (Macintosh; Intel Mac OS X 10_12_3) AppleWebKit/537.36 (KHTML, like Gecko) Chrome/56.0.2924.87 Safari/537.36"
94.72.101.21 - - [02/Nov/2024:20:26:46 +0000] "GET /app/config/settings.json HTTP/1.1" 404 564 "-" "Mozilla/5.0 (Macintosh; Intel Mac OS X 10_12_3) AppleWebKit/537.36 (KHTML, like Gecko) Chrome/56.0.2924.87 Safari/537.36"
94.72.101.21 - - [02/Nov/2024:20:26:46 +0000] "GET /app/config/database.json HTTP/1.1" 404 564 "-" "Mozilla/5.0 (Macintosh; Intel Mac OS X 10_12_3) AppleWebKit/537.36 (KHTML, like Gecko) Chrome/56.0.2924.87 Safari/537.36"
94.72.101.21 - - [02/Nov/2024:20:26:46 +0000] "GET /app/config/mail.json HTTP/1.1" 404 564 "-" "Mozilla/5.0 (Macintosh; Intel Mac OS X 10_12_3) AppleWebKit/537.36 (KHTML, like Gecko) Chrome/56.0.2924.87 Safari/537.36"
94.72.101.21 - - [02/Nov/2024:20:26:47 +0000] "GET /app/config/smtp.json HTTP/1.1" 404 564 "-" "Mozilla/5.0 (Macintosh; Intel Mac OS X 10_12_3) AppleWebKit/537.36 (KHTML, like Gecko) Chrome/56.0.2924.87 Safari/537.36"
94.72.101.21 - - [02/Nov/2024:20:26:47 +0000] "GET /core/config.json HTTP/1.1" 404 564 "-" "Mozilla/5.0 (Macintosh; Intel Mac OS X 10_12_3) AppleWebKit/537.36 (KHTML, like Gecko) Chrome/56.0.2924.87 Safari/537.36"
94.72.101.21 - - [02/Nov/2024:20:26:47 +0000] "GET /core/settings.json HTTP/1.1" 404 564 "-" "Mozilla/5.0 (Macintosh; Intel Mac OS X 10_12_3) AppleWebKit/537.36 (KHTML, like Gecko) Chrome/56.0.2924.87 Safari/537.36"
94.72.101.21 - - [02/Nov/2024:20:26:48 +0000] "GET /core/database.json HTTP/1.1" 404 564 "-" "Mozilla/5.0 (Macintosh; Intel Mac OS X 10_12_3) AppleWebKit/537.36 (KHTML, like Gecko) Chrome/56.0.2924.87 Safari/537.36"
94.72.101.21 - - [02/Nov/2024:20:26:48 +0000] "GET /core/mail.json HTTP/1.1" 404 564 "-" "Mozilla/5.0 (Macintosh; Intel Mac OS X 10_12_3) AppleWebKit/537.36 (KHTML, like Gecko) Chrome/56.0.2924.87 Safari/537.36"
94.72.101.21 - - [02/Nov/2024:20:26:48 +0000] "GET /core/smtp.json HTTP/1.1" 404 564 "-" "Mozilla/5.0 (Macintosh; Intel Mac OS X 10_12_3) AppleWebKit/537.36 (KHTML, like Gecko) Chrome/56.0.2924.87 Safari/537.36"
94.72.101.21 - - [02/Nov/2024:20:26:48 +0000] "GET /backend/config.json HTTP/1.1" 404 564 "-" "Mozilla/5.0 (Macintosh; Intel Mac OS X 10_12_3) AppleWebKit/537.36 (KHTML, like Gecko) Chrome/56.0.2924.87 Safari/537.36"
94.72.101.21 - - [02/Nov/2024:20:26:49 +0000] "GET /backend/settings.json HTTP/1.1" 404 564 "-" "Mozilla/5.0 (Macintosh; Intel Mac OS X 10_12_3) AppleWebKit/537.36 (KHTML, like Gecko) Chrome/56.0.2924.87 Safari/537.36"
94.72.101.21 - - [02/Nov/2024:20:26:49 +0000] "GET /backend/database.json HTTP/1.1" 404 564 "-" "Mozilla/5.0 (Macintosh; Intel Mac OS X 10_12_3) AppleWebKit/537.36 (KHTML, like Gecko) Chrome/56.0.2924.87 Safari/537.36"
94.72.101.21 - - [02/Nov/2024:20:26:50 +0000] "GET /backend/mail.json HTTP/1.1" 404 564 "-" "Mozilla/5.0 (Macintosh; Intel Mac OS X 10_12_3) AppleWebKit/537.36 (KHTML, like Gecko) Chrome/56.0.2924.87 Safari/537.36"
94.72.101.21 - - [02/Nov/2024:20:26:50 +0000] "GET /backend/smtp.json HTTP/1.1" 404 564 "-" "Mozilla/5.0 (Macintosh; Intel Mac OS X 10_12_3) AppleWebKit/537.36 (KHTML, like Gecko) Chrome/56.0.2924.87 Safari/537.36"
94.72.101.21 - - [02/Nov/2024:20:26:50 +0000] "GET /site/config.json HTTP/1.1" 404 564 "-" "Mozilla/5.0 (Macintosh; Intel Mac OS X 10_12_3) AppleWebKit/537.36 (KHTML, like Gecko) Chrome/56.0.2924.87 Safari/537.36"
94.72.101.21 - - [02/Nov/2024:20:26:50 +0000] "GET /site/settings.json HTTP/1.1" 404 564 "-" "Mozilla/5.0 (Macintosh; Intel Mac OS X 10_12_3) AppleWebKit/537.36 (KHTML, like Gecko) Chrome/56.0.2924.87 Safari/537.36"
94.72.101.21 - - [02/Nov/2024:20:26:50 +0000] "GET /site/database.json HTTP/1.1" 404 564 "-" "Mozilla/5.0 (Macintosh; Intel Mac OS X 10_12_3) AppleWebKit/537.36 (KHTML, like Gecko) Chrome/56.0.2924.87 Safari/537.36"
94.72.101.21 - - [02/Nov/2024:20:26:51 +0000] "GET /site/mail.json HTTP/1.1" 404 564 "-" "Mozilla/5.0 (Macintosh; Intel Mac OS X 10_12_3) AppleWebKit/537.36 (KHTML, like Gecko) Chrome/56.0.2924.87 Safari/537.36"
94.72.101.21 - - [02/Nov/2024:20:26:51 +0000] "GET /site/smtp.json HTTP/1.1" 404 564 "-" "Mozilla/5.0 (Macintosh; Intel Mac OS X 10_12_3) AppleWebKit/537.36 (KHTML, like Gecko) Chrome/56.0.2924.87 Safari/537.36"
94.72.101.21 - - [02/Nov/2024:20:26:51 +0000] "GET /web/config.json HTTP/1.1" 404 564 "-" "Mozilla/5.0 (Macintosh; Intel Mac OS X 10_12_3) AppleWebKit/537.36 (KHTML, like Gecko) Chrome/56.0.2924.87 Safari/537.36"
94.72.101.21 - - [02/Nov/2024:20:26:52 +0000] "GET /web/settings.json HTTP/1.1" 404 564 "-" "Mozilla/5.0 (Macintosh; Intel Mac OS X 10_12_3) AppleWebKit/537.36 (KHTML, like Gecko) Chrome/56.0.2924.87 Safari/537.36"
94.72.101.21 - - [02/Nov/2024:20:26:52 +0000] "GET /web/database.json HTTP/1.1" 404 564 "-" "Mozilla/5.0 (Macintosh; Intel Mac OS X 10_12_3) AppleWebKit/537.36 (KHTML, like Gecko) Chrome/56.0.2924.87 Safari/537.36"
94.72.101.21 - - [02/Nov/2024:20:26:52 +0000] "GET /web/mail.json HTTP/1.1" 404 564 "-" "Mozilla/5.0 (Macintosh; Intel Mac OS X 10_12_3) AppleWebKit/537.36 (KHTML, like Gecko) Chrome/56.0.2924.87 Safari/537.36"
94.72.101.21 - - [02/Nov/2024:20:26:53 +0000] "GET /web/smtp.json HTTP/1.1" 404 564 "-" "Mozilla/5.0 (Macintosh; Intel Mac OS X 10_12_3) AppleWebKit/537.36 (KHTML, like Gecko) Chrome/56.0.2924.87 Safari/537.36"
94.72.101.21 - - [02/Nov/2024:20:26:53 +0000] "GET /public/config.json HTTP/1.1" 404 564 "-" "Mozilla/5.0 (Macintosh; Intel Mac OS X 10_12_3) AppleWebKit/537.36 (KHTML, like Gecko) Chrome/56.0.2924.87 Safari/537.36"
94.72.101.21 - - [02/Nov/2024:20:26:53 +0000] "GET /public/settings.json HTTP/1.1" 404 564 "-" "Mozilla/5.0 (Macintosh; Intel Mac OS X 10_12_3) AppleWebKit/537.36 (KHTML, like Gecko) Chrome/56.0.2924.87 Safari/537.36"
94.72.101.21 - - [02/Nov/2024:20:26:53 +0000] "GET /public/database.json HTTP/1.1" 404 564 "-" "Mozilla/5.0 (Macintosh; Intel Mac OS X 10_12_3) AppleWebKit/537.36 (KHTML, like Gecko) Chrome/56.0.2924.87 Safari/537.36"
94.72.101.21 - - [02/Nov/2024:20:26:54 +0000] "GET /public/mail.json HTTP/1.1" 404 564 "-" "Mozilla/5.0 (Macintosh; Intel Mac OS X 10_12_3) AppleWebKit/537.36 (KHTML, like Gecko) Chrome/56.0.2924.87 Safari/537.36"
94.72.101.21 - - [02/Nov/2024:20:26:54 +0000] "GET /public/smtp.json HTTP/1.1" 404 564 "-" "Mozilla/5.0 (Macintosh; Intel Mac OS X 10_12_3) AppleWebKit/537.36 (KHTML, like Gecko) Chrome/56.0.2924.87 Safari/537.36"
94.72.101.21 - - [02/Nov/2024:20:26:54 +0000] "GET /admin/config.json HTTP/1.1" 404 564 "-" "Mozilla/5.0 (Macintosh; Intel Mac OS X 10_12_3) AppleWebKit/537.36 (KHTML, like Gecko) Chrome/56.0.2924.87 Safari/537.36"
94.72.101.21 - - [02/Nov/2024:20:26:54 +0000] "GET /admin/settings.json HTTP/1.1" 404 564 "-" "Mozilla/5.0 (Macintosh; Intel Mac OS X 10_12_3) AppleWebKit/537.36 (KHTML, like Gecko) Chrome/56.0.2924.87 Safari/537.36"
94.72.101.21 - - [02/Nov/2024:20:26:55 +0000] "GET /admin/database.json HTTP/1.1" 404 564 "-" "Mozilla/5.0 (Macintosh; Intel Mac OS X 10_12_3) AppleWebKit/537.36 (KHTML, like Gecko) Chrome/56.0.2924.87 Safari/537.36"
94.72.101.21 - - [02/Nov/2024:20:26:55 +0000] "GET /admin/mail.json HTTP/1.1" 404 564 "-" "Mozilla/5.0 (Macintosh; Intel Mac OS X 10_12_3) AppleWebKit/537.36 (KHTML, like Gecko) Chrome/56.0.2924.87 Safari/537.36"
94.72.101.21 - - [02/Nov/2024:20:26:55 +0000] "GET /admin/smtp.json HTTP/1.1" 404 564 "-" "Mozilla/5.0 (Macintosh; Intel Mac OS X 10_12_3) AppleWebKit/537.36 (KHTML, like Gecko) Chrome/56.0.2924.87 Safari/537.36"
94.72.101.21 - - [02/Nov/2024:20:26:55 +0000] "GET /dashboard/config.json HTTP/1.1" 404 564 "-" "Mozilla/5.0 (Macintosh; Intel Mac OS X 10_12_3) AppleWebKit/537.36 (KHTML, like Gecko) Chrome/56.0.2924.87 Safari/537.36"
94.72.101.21 - - [02/Nov/2024:20:26:55 +0000] "GET /dashboard/settings.json HTTP/1.1" 404 564 "-" "Mozilla/5.0 (Macintosh; Intel Mac OS X 10_12_3) AppleWebKit/537.36 (KHTML, like Gecko) Chrome/56.0.2924.87 Safari/537.36"
94.72.101.21 - - [02/Nov/2024:20:26:55 +0000] "GET /dashboard/database.json HTTP/1.1" 404 564 "-" "Mozilla/5.0 (Macintosh; Intel Mac OS X 10_12_3) AppleWebKit/537.36 (KHTML, like Gecko) Chrome/56.0.2924.87 Safari/537.36"
94.72.101.21 - - [02/Nov/2024:20:26:56 +0000] "GET /dashboard/mail.json HTTP/1.1" 404 564 "-" "Mozilla/5.0 (Macintosh; Intel Mac OS X 10_12_3) AppleWebKit/537.36 (KHTML, like Gecko) Chrome/56.0.2924.87 Safari/537.36"
94.72.101.21 - - [02/Nov/2024:20:26:56 +0000] "GET /dashboard/smtp.json HTTP/1.1" 404 564 "-" "Mozilla/5.0 (Macintosh; Intel Mac OS X 10_12_3) AppleWebKit/537.36 (KHTML, like Gecko) Chrome/56.0.2924.87 Safari/537.36"
94.72.101.21 - - [02/Nov/2024:20:26:56 +0000] "GET /private/config.json HTTP/1.1" 404 564 "-" "Mozilla/5.0 (Macintosh; Intel Mac OS X 10_12_3) AppleWebKit/537.36 (KHTML, like Gecko) Chrome/56.0.2924.87 Safari/537.36"
94.72.101.21 - - [02/Nov/2024:20:26:56 +0000] "GET /private/settings.json HTTP/1.1" 404 564 "-" "Mozilla/5.0 (Macintosh; Intel Mac OS X 10_12_3) AppleWebKit/537.36 (KHTML, like Gecko) Chrome/56.0.2924.87 Safari/537.36"
94.72.101.21 - - [02/Nov/2024:20:26:56 +0000] "GET /private/database.json HTTP/1.1" 404 564 "-" "Mozilla/5.0 (Macintosh; Intel Mac OS X 10_12_3) AppleWebKit/537.36 (KHTML, like Gecko) Chrome/56.0.2924.87 Safari/537.36"
94.72.101.21 - - [02/Nov/2024:20:26:57 +0000] "GET /private/mail.json HTTP/1.1" 404 564 "-" "Mozilla/5.0 (Macintosh; Intel Mac OS X 10_12_3) AppleWebKit/537.36 (KHTML, like Gecko) Chrome/56.0.2924.87 Safari/537.36"
94.72.101.21 - - [02/Nov/2024:20:26:57 +0000] "GET /private/smtp.json HTTP/1.1" 404 564 "-" "Mozilla/5.0 (Macintosh; Intel Mac OS X 10_12_3) AppleWebKit/537.36 (KHTML, like Gecko) Chrome/56.0.2924.87 Safari/537.36"
94.72.101.21 - - [02/Nov/2024:20:26:57 +0000] "GET /phpinfo/test.php HTTP/1.1" 404 564 "-" "Mozilla/5.0 (Macintosh; Intel Mac OS X 10_12_3) AppleWebKit/537.36 (KHTML, like Gecko) Chrome/56.0.2924.87 Safari/537.36"
94.72.101.21 - - [02/Nov/2024:20:26:58 +0000] "GET /phpinfo/index.php HTTP/1.1" 404 564 "-" "Mozilla/5.0 (Macintosh; Intel Mac OS X 10_12_3) AppleWebKit/537.36 (KHTML, like Gecko) Chrome/56.0.2924.87 Safari/537.36"
94.72.101.21 - - [02/Nov/2024:20:26:58 +0000] "GET /phpinfo-test.php HTTP/1.1" 404 564 "-" "Mozilla/5.0 (Macintosh; Intel Mac OS X 10_12_3) AppleWebKit/537.36 (KHTML, like Gecko) Chrome/56.0.2924.87 Safari/537.36"
94.72.101.21 - - [02/Nov/2024:20:26:58 +0000] "GET /phpinfo/test/index.php HTTP/1.1" 404 564 "-" "Mozilla/5.0 (Macintosh; Intel Mac OS X 10_12_3) AppleWebKit/537.36 (KHTML, like Gecko) Chrome/56.0.2924.87 Safari/537.36"
94.72.101.21 - - [02/Nov/2024:20:26:58 +0000] "GET /phpinfo/test/info.php HTTP/1.1" 404 564 "-" "Mozilla/5.0 (Macintosh; Intel Mac OS X 10_12_3) AppleWebKit/537.36 (KHTML, like Gecko) Chrome/56.0.2924.87 Safari/537.36"
94.72.101.21 - - [02/Nov/2024:20:26:58 +0000] "GET /phpinfo/test/phpinfo.php HTTP/1.1" 404 564 "-" "Mozilla/5.0 (Macintosh; Intel Mac OS X 10_12_3) AppleWebKit/537.36 (KHTML, like Gecko) Chrome/56.0.2924.87 Safari/537.36"
94.72.101.21 - - [02/Nov/2024:20:26:58 +0000] "GET /phpinfo_test.php HTTP/1.1" 404 564 "-" "Mozilla/5.0 (Macintosh; Intel Mac OS X 10_12_3) AppleWebKit/537.36 (KHTML, like Gecko) Chrome/56.0.2924.87 Safari/537.36"
94.72.101.21 - - [02/Nov/2024:20:26:59 +0000] "GET /phpinfo/php_info.php HTTP/1.1" 404 564 "-" "Mozilla/5.0 (Macintosh; Intel Mac OS X 10_12_3) AppleWebKit/537.36 (KHTML, like Gecko) Chrome/56.0.2924.87 Safari/537.36"
94.72.101.21 - - [02/Nov/2024:20:26:59 +0000] "GET /phpinfo/phpinfo_test.php HTTP/1.1" 404 564 "-" "Mozilla/5.0 (Macintosh; Intel Mac OS X 10_12_3) AppleWebKit/537.36 (KHTML, like Gecko) Chrome/56.0.2924.87 Safari/537.36"
94.72.101.21 - - [02/Nov/2024:20:26:59 +0000] "GET /info/index.php HTTP/1.1" 404 564 "-" "Mozilla/5.0 (Macintosh; Intel Mac OS X 10_12_3) AppleWebKit/537.36 (KHTML, like Gecko) Chrome/56.0.2924.87 Safari/537.36"
94.72.101.21 - - [02/Nov/2024:20:26:59 +0000] "GET /php/index.php HTTP/1.1" 404 564 "-" "Mozilla/5.0 (Macintosh; Intel Mac OS X 10_12_3) AppleWebKit/537.36 (KHTML, like Gecko) Chrome/56.0.2924.87 Safari/537.36"
94.72.101.21 - - [02/Nov/2024:20:27:00 +0000] "GET /php/info.php HTTP/1.1" 404 564 "-" "Mozilla/5.0 (Macintosh; Intel Mac OS X 10_12_3) AppleWebKit/537.36 (KHTML, like Gecko) Chrome/56.0.2924.87 Safari/537.36"
94.72.101.21 - - [02/Nov/2024:20:27:00 +0000] "GET /error.php HTTP/1.1" 404 564 "-" "Mozilla/5.0 (Macintosh; Intel Mac OS X 10_12_3) AppleWebKit/537.36 (KHTML, like Gecko) Chrome/56.0.2924.87 Safari/537.36"
94.72.101.21 - - [02/Nov/2024:20:27:00 +0000] "GET /errors.php HTTP/1.1" 404 564 "-" "Mozilla/5.0 (Macintosh; Intel Mac OS X 10_12_3) AppleWebKit/537.36 (KHTML, like Gecko) Chrome/56.0.2924.87 Safari/537.36"
94.72.101.21 - - [02/Nov/2024:20:27:00 +0000] "GET /profiler.php HTTP/1.1" 404 564 "-" "Mozilla/5.0 (Macintosh; Intel Mac OS X 10_12_3) AppleWebKit/537.36 (KHTML, like Gecko) Chrome/56.0.2924.87 Safari/537.36"
94.72.101.21 - - [02/Nov/2024:20:27:00 +0000] "GET /profiler/index.php HTTP/1.1" 404 564 "-" "Mozilla/5.0 (Macintosh; Intel Mac OS X 10_12_3) AppleWebKit/537.36 (KHTML, like Gecko) Chrome/56.0.2924.87 Safari/537.36"
94.72.101.21 - - [02/Nov/2024:20:27:01 +0000] "GET /profiler/info.php HTTP/1.1" 404 564 "-" "Mozilla/5.0 (Macintosh; Intel Mac OS X 10_12_3) AppleWebKit/537.36 (KHTML, like Gecko) Chrome/56.0.2924.87 Safari/537.36"
94.72.101.21 - - [02/Nov/2024:20:27:01 +0000] "GET /debug/profiler.php HTTP/1.1" 404 564 "-" "Mozilla/5.0 (Macintosh; Intel Mac OS X 10_12_3) AppleWebKit/537.36 (KHTML, like Gecko) Chrome/56.0.2924.87 Safari/537.36"
94.72.101.21 - - [02/Nov/2024:20:27:01 +0000] "GET /debug/profiler/index.php HTTP/1.1" 404 564 "-" "Mozilla/5.0 (Macintosh; Intel Mac OS X 10_12_3) AppleWebKit/537.36 (KHTML, like Gecko) Chrome/56.0.2924.87 Safari/537.36"
94.72.101.21 - - [02/Nov/2024:20:27:01 +0000] "GET /debug/profiler/info.php HTTP/1.1" 404 564 "-" "Mozilla/5.0 (Macintosh; Intel Mac OS X 10_12_3) AppleWebKit/537.36 (KHTML, like Gecko) Chrome/56.0.2924.87 Safari/537.36"
94.72.101.21 - - [02/Nov/2024:20:27:01 +0000] "GET /tools/profiler.php HTTP/1.1" 404 564 "-" "Mozilla/5.0 (Macintosh; Intel Mac OS X 10_12_3) AppleWebKit/537.36 (KHTML, like Gecko) Chrome/56.0.2924.87 Safari/537.36"
94.72.101.21 - - [02/Nov/2024:20:27:02 +0000] "GET /tools/profiler/index.php HTTP/1.1" 404 564 "-" "Mozilla/5.0 (Macintosh; Intel Mac OS X 10_12_3) AppleWebKit/537.36 (KHTML, like Gecko) Chrome/56.0.2924.87 Safari/537.36"
94.72.101.21 - - [02/Nov/2024:20:27:02 +0000] "GET /tools/profiler/info.php HTTP/1.1" 404 564 "-" "Mozilla/5.0 (Macintosh; Intel Mac OS X 10_12_3) AppleWebKit/537.36 (KHTML, like Gecko) Chrome/56.0.2924.87 Safari/537.36"
94.72.101.21 - - [02/Nov/2024:20:27:02 +0000] "GET /profile/info.php HTTP/1.1" 404 564 "-" "Mozilla/5.0 (Macintosh; Intel Mac OS X 10_12_3) AppleWebKit/537.36 (KHTML, like Gecko) Chrome/56.0.2924.87 Safari/537.36"
94.72.101.21 - - [02/Nov/2024:20:27:02 +0000] "GET /debug/profile.php HTTP/1.1" 404 564 "-" "Mozilla/5.0 (Macintosh; Intel Mac OS X 10_12_3) AppleWebKit/537.36 (KHTML, like Gecko) Chrome/56.0.2924.87 Safari/537.36"
94.72.101.21 - - [02/Nov/2024:20:27:03 +0000] "GET /debug/profile/index.php HTTP/1.1" 404 564 "-" "Mozilla/5.0 (Macintosh; Intel Mac OS X 10_12_3) AppleWebKit/537.36 (KHTML, like Gecko) Chrome/56.0.2924.87 Safari/537.36"
94.72.101.21 - - [02/Nov/2024:20:27:03 +0000] "GET /debug/profile/info.php HTTP/1.1" 404 564 "-" "Mozilla/5.0 (Macintosh; Intel Mac OS X 10_12_3) AppleWebKit/537.36 (KHTML, like Gecko) Chrome/56.0.2924.87 Safari/537.36"
94.72.101.21 - - [02/Nov/2024:20:27:03 +0000] "GET /tools/profile.php HTTP/1.1" 404 564 "-" "Mozilla/5.0 (Macintosh; Intel Mac OS X 10_12_3) AppleWebKit/537.36 (KHTML, like Gecko) Chrome/56.0.2924.87 Safari/537.36"
94.72.101.21 - - [02/Nov/2024:20:27:03 +0000] "GET /tools/profile/index.php HTTP/1.1" 404 564 "-" "Mozilla/5.0 (Macintosh; Intel Mac OS X 10_12_3) AppleWebKit/537.36 (KHTML, like Gecko) Chrome/56.0.2924.87 Safari/537.36"
94.72.101.21 - - [02/Nov/2024:20:27:04 +0000] "GET /tools/profile/info.php HTTP/1.1" 404 564 "-" "Mozilla/5.0 (Macintosh; Intel Mac OS X 10_12_3) AppleWebKit/537.36 (KHTML, like Gecko) Chrome/56.0.2924.87 Safari/537.36"
94.72.101.21 - - [02/Nov/2024:20:27:04 +0000] "GET /profiler/profiler.php HTTP/1.1" 404 564 "-" "Mozilla/5.0 (Macintosh; Intel Mac OS X 10_12_3) AppleWebKit/537.36 (KHTML, like Gecko) Chrome/56.0.2924.87 Safari/537.36"
94.72.101.21 - - [02/Nov/2024:20:27:04 +0000] "GET /profiler/profile.php HTTP/1.1" 404 564 "-" "Mozilla/5.0 (Macintosh; Intel Mac OS X 10_12_3) AppleWebKit/537.36 (KHTML, like Gecko) Chrome/56.0.2924.87 Safari/537.36"
94.72.101.21 - - [02/Nov/2024:20:27:05 +0000] "GET /profiler/test.php HTTP/1.1" 404 564 "-" "Mozilla/5.0 (Macintosh; Intel Mac OS X 10_12_3) AppleWebKit/537.36 (KHTML, like Gecko) Chrome/56.0.2924.87 Safari/537.36"
94.72.101.21 - - [02/Nov/2024:20:27:05 +0000] "GET /profile/profiler.php HTTP/1.1" 404 564 "-" "Mozilla/5.0 (Macintosh; Intel Mac OS X 10_12_3) AppleWebKit/537.36 (KHTML, like Gecko) Chrome/56.0.2924.87 Safari/537.36"
94.72.101.21 - - [02/Nov/2024:20:27:05 +0000] "GET /profile/test.php HTTP/1.1" 404 564 "-" "Mozilla/5.0 (Macintosh; Intel Mac OS X 10_12_3) AppleWebKit/537.36 (KHTML, like Gecko) Chrome/56.0.2924.87 Safari/537.36"
94.72.101.21 - - [02/Nov/2024:20:27:06 +0000] "GET /laravel/config/mail.php HTTP/1.1" 404 564 "-" "Mozilla/5.0 (Macintosh; Intel Mac OS X 10_12_3) AppleWebKit/537.36 (KHTML, like Gecko) Chrome/56.0.2924.87 Safari/537.36"
94.72.101.21 - - [02/Nov/2024:20:27:07 +0000] "GET /laravel/config/database.php HTTP/1.1" 404 564 "-" "Mozilla/5.0 (Macintosh; Intel Mac OS X 10_12_3) AppleWebKit/537.36 (KHTML, like Gecko) Chrome/56.0.2924.87 Safari/537.36"
94.72.101.21 - - [02/Nov/2024:20:27:07 +0000] "GET /laravel/config/app.php HTTP/1.1" 404 564 "-" "Mozilla/5.0 (Macintosh; Intel Mac OS X 10_12_3) AppleWebKit/537.36 (KHTML, like Gecko) Chrome/56.0.2924.87 Safari/537.36"
94.72.101.21 - - [02/Nov/2024:20:27:07 +0000] "GET /laravel/config/services.php HTTP/1.1" 404 564 "-" "Mozilla/5.0 (Macintosh; Intel Mac OS X 10_12_3) AppleWebKit/537.36 (KHTML, like Gecko) Chrome/56.0.2924.87 Safari/537.36"
94.72.101.21 - - [02/Nov/2024:20:27:07 +0000] "GET /laravel/config/smtp.php HTTP/1.1" 404 564 "-" "Mozilla/5.0 (Macintosh; Intel Mac OS X 10_12_3) AppleWebKit/537.36 (KHTML, like Gecko) Chrome/56.0.2924.87 Safari/537.36"
94.72.101.21 - - [02/Nov/2024:20:27:07 +0000] "GET /laravel/app/config.php HTTP/1.1" 404 564 "-" "Mozilla/5.0 (Macintosh; Intel Mac OS X 10_12_3) AppleWebKit/537.36 (KHTML, like Gecko) Chrome/56.0.2924.87 Safari/537.36"
94.72.101.21 - - [02/Nov/2024:20:27:07 +0000] "GET /laravel/app/settings.php HTTP/1.1" 404 564 "-" "Mozilla/5.0 (Macintosh; Intel Mac OS X 10_12_3) AppleWebKit/537.36 (KHTML, like Gecko) Chrome/56.0.2924.87 Safari/537.36"
94.72.101.21 - - [02/Nov/2024:20:27:08 +0000] "GET /laravel/app/database.php HTTP/1.1" 404 564 "-" "Mozilla/5.0 (Macintosh; Intel Mac OS X 10_12_3) AppleWebKit/537.36 (KHTML, like Gecko) Chrome/56.0.2924.87 Safari/537.36"
94.72.101.21 - - [02/Nov/2024:20:27:08 +0000] "GET /laravel/app/mail.php HTTP/1.1" 404 564 "-" "Mozilla/5.0 (Macintosh; Intel Mac OS X 10_12_3) AppleWebKit/537.36 (KHTML, like Gecko) Chrome/56.0.2924.87 Safari/537.36"
94.72.101.21 - - [02/Nov/2024:20:27:08 +0000] "GET /laravel/app/smtp.php HTTP/1.1" 404 564 "-" "Mozilla/5.0 (Macintosh; Intel Mac OS X 10_12_3) AppleWebKit/537.36 (KHTML, like Gecko) Chrome/56.0.2924.87 Safari/537.36"
94.72.101.21 - - [02/Nov/2024:20:27:09 +0000] "GET /symfony/config/packages/mail.yaml HTTP/1.1" 404 564 "-" "Mozilla/5.0 (Macintosh; Intel Mac OS X 10_12_3) AppleWebKit/537.36 (KHTML, like Gecko) Chrome/56.0.2924.87 Safari/537.36"
94.72.101.21 - - [02/Nov/2024:20:27:09 +0000] "GET /symfony/config/packages/database.yaml HTTP/1.1" 404 564 "-" "Mozilla/5.0 (Macintosh; Intel Mac OS X 10_12_3) AppleWebKit/537.36 (KHTML, like Gecko) Chrome/56.0.2924.87 Safari/537.36"
94.72.101.21 - - [02/Nov/2024:20:27:09 +0000] "GET /symfony/config/packages/smtp.yaml HTTP/1.1" 404 564 "-" "Mozilla/5.0 (Macintosh; Intel Mac OS X 10_12_3) AppleWebKit/537.36 (KHTML, like Gecko) Chrome/56.0.2924.87 Safari/537.36"
94.72.101.21 - - [02/Nov/2024:20:27:09 +0000] "GET /symfony/config/packages/app.yaml HTTP/1.1" 404 564 "-" "Mozilla/5.0 (Macintosh; Intel Mac OS X 10_12_3) AppleWebKit/537.36 (KHTML, like Gecko) Chrome/56.0.2924.87 Safari/537.36"
94.72.101.21 - - [02/Nov/2024:20:27:10 +0000] "GET /symfony/config/packages/settings.yaml HTTP/1.1" 404 564 "-" "Mozilla/5.0 (Macintosh; Intel Mac OS X 10_12_3) AppleWebKit/537.36 (KHTML, like Gecko) Chrome/56.0.2924.87 Safari/537.36"
185.224.128.47 - - [02/Nov/2024:20:27:10 +0000] "GET / HTTP/1.1" 200 612 "-" "Mozilla/5.0 (Macintosh; Intel Mac OS X 10_15_7) AppleWebKit/537.36 (KHTML, like Gecko) Chrome/128.0.0.0 Safari/537.36"
94.72.101.21 - - [02/Nov/2024:20:27:10 +0000] "GET /symfony/app/config.php HTTP/1.1" 404 564 "-" "Mozilla/5.0 (Macintosh; Intel Mac OS X 10_12_3) AppleWebKit/537.36 (KHTML, like Gecko) Chrome/56.0.2924.87 Safari/537.36"
94.72.101.21 - - [02/Nov/2024:20:27:11 +0000] "GET /symfony/app/settings.php HTTP/1.1" 404 564 "-" "Mozilla/5.0 (Macintosh; Intel Mac OS X 10_12_3) AppleWebKit/537.36 (KHTML, like Gecko) Chrome/56.0.2924.87 Safari/537.36"
94.72.101.21 - - [02/Nov/2024:20:27:12 +0000] "GET /symfony/app/database.php HTTP/1.1" 404 564 "-" "Mozilla/5.0 (Macintosh; Intel Mac OS X 10_12_3) AppleWebKit/537.36 (KHTML, like Gecko) Chrome/56.0.2924.87 Safari/537.36"
94.72.101.21 - - [02/Nov/2024:20:27:12 +0000] "GET /symfony/app/mail.php HTTP/1.1" 404 564 "-" "Mozilla/5.0 (Macintosh; Intel Mac OS X 10_12_3) AppleWebKit/537.36 (KHTML, like Gecko) Chrome/56.0.2924.87 Safari/537.36"
94.72.101.21 - - [02/Nov/2024:20:27:13 +0000] "GET /symfony/app/smtp.php HTTP/1.1" 404 564 "-" "Mozilla/5.0 (Macintosh; Intel Mac OS X 10_12_3) AppleWebKit/537.36 (KHTML, like Gecko) Chrome/56.0.2924.87 Safari/537.36"
94.72.101.21 - - [02/Nov/2024:20:27:13 +0000] "GET /codeigniter/.env HTTP/1.1" 404 564 "-" "Mozilla/5.0 (Macintosh; Intel Mac OS X 10_12_3) AppleWebKit/537.36 (KHTML, like Gecko) Chrome/56.0.2924.87 Safari/537.36"
94.72.101.21 - - [02/Nov/2024:20:27:13 +0000] "GET /codeigniter/application/config/config.php HTTP/1.1" 404 564 "-" "Mozilla/5.0 (Macintosh; Intel Mac OS X 10_12_3) AppleWebKit/537.36 (KHTML, like Gecko) Chrome/56.0.2924.87 Safari/537.36"
94.72.101.21 - - [02/Nov/2024:20:27:13 +0000] "GET /codeigniter/application/config/email.php HTTP/1.1" 404 564 "-" "Mozilla/5.0 (Macintosh; Intel Mac OS X 10_12_3) AppleWebKit/537.36 (KHTML, like Gecko) Chrome/56.0.2924.87 Safari/537.36"
94.72.101.21 - - [02/Nov/2024:20:27:13 +0000] "GET /codeigniter/application/config/database.php HTTP/1.1" 404 564 "-" "Mozilla/5.0 (Macintosh; Intel Mac OS X 10_12_3) AppleWebKit/537.36 (KHTML, like Gecko) Chrome/56.0.2924.87 Safari/537.36"
94.72.101.21 - - [02/Nov/2024:20:27:13 +0000] "GET /codeigniter/application/config/smtp.php HTTP/1.1" 404 564 "-" "Mozilla/5.0 (Macintosh; Intel Mac OS X 10_12_3) AppleWebKit/537.36 (KHTML, like Gecko) Chrome/56.0.2924.87 Safari/537.36"
94.72.101.21 - - [02/Nov/2024:20:27:14 +0000] "GET /codeigniter/application/config/app.php HTTP/1.1" 404 564 "-" "Mozilla/5.0 (Macintosh; Intel Mac OS X 10_12_3) AppleWebKit/537.36 (KHTML, like Gecko) Chrome/56.0.2924.87 Safari/537.36"
94.72.101.21 - - [02/Nov/2024:20:27:14 +0000] "GET /codeigniter/application/config/settings.php HTTP/1.1" 404 564 "-" "Mozilla/5.0 (Macintosh; Intel Mac OS X 10_12_3) AppleWebKit/537.36 (KHTML, like Gecko) Chrome/56.0.2924.87 Safari/537.36"
94.72.101.21 - - [02/Nov/2024:20:27:14 +0000] "GET /codeigniter/application/config/mail.php HTTP/1.1" 404 564 "-" "Mozilla/5.0 (Macintosh; Intel Mac OS X 10_12_3) AppleWebKit/537.36 (KHTML, like Gecko) Chrome/56.0.2924.87 Safari/537.36"
94.72.101.21 - - [02/Nov/2024:20:27:15 +0000] "GET /django/settings.py HTTP/1.1" 404 564 "-" "Mozilla/5.0 (Macintosh; Intel Mac OS X 10_12_3) AppleWebKit/537.36 (KHTML, like Gecko) Chrome/56.0.2924.87 Safari/537.36"
94.72.101.21 - - [02/Nov/2024:20:27:15 +0000] "GET /django/project/settings.py HTTP/1.1" 404 564 "-" "Mozilla/5.0 (Macintosh; Intel Mac OS X 10_12_3) AppleWebKit/537.36 (KHTML, like Gecko) Chrome/56.0.2924.87 Safari/537.36"
94.72.101.21 - - [02/Nov/2024:20:27:15 +0000] "GET /django/project/config.py HTTP/1.1" 404 564 "-" "Mozilla/5.0 (Macintosh; Intel Mac OS X 10_12_3) AppleWebKit/537.36 (KHTML, like Gecko) Chrome/56.0.2924.87 Safari/537.36"
94.72.101.21 - - [02/Nov/2024:20:27:15 +0000] "GET /django/project/mail.py HTTP/1.1" 404 564 "-" "Mozilla/5.0 (Macintosh; Intel Mac OS X 10_12_3) AppleWebKit/537.36 (KHTML, like Gecko) Chrome/56.0.2924.87 Safari/537.36"
94.72.101.21 - - [02/Nov/2024:20:27:16 +0000] "GET /django/project/smtp.py HTTP/1.1" 404 564 "-" "Mozilla/5.0 (Macintosh; Intel Mac OS X 10_12_3) AppleWebKit/537.36 (KHTML, like Gecko) Chrome/56.0.2924.87 Safari/537.36"
94.72.101.21 - - [02/Nov/2024:20:27:16 +0000] "GET /django/project/database.py HTTP/1.1" 404 564 "-" "Mozilla/5.0 (Macintosh; Intel Mac OS X 10_12_3) AppleWebKit/537.36 (KHTML, like Gecko) Chrome/56.0.2924.87 Safari/537.36"
94.72.101.21 - - [02/Nov/2024:20:27:16 +0000] "GET /django/project/app.py HTTP/1.1" 404 564 "-" "Mozilla/5.0 (Macintosh; Intel Mac OS X 10_12_3) AppleWebKit/537.36 (KHTML, like Gecko) Chrome/56.0.2924.87 Safari/537.36"
94.72.101.21 - - [02/Nov/2024:20:27:16 +0000] "GET /flask/.env HTTP/1.1" 404 564 "-" "Mozilla/5.0 (Macintosh; Intel Mac OS X 10_12_3) AppleWebKit/537.36 (KHTML, like Gecko) Chrome/56.0.2924.87 Safari/537.36"
94.72.101.21 - - [02/Nov/2024:20:27:16 +0000] "GET /flask/config.py HTTP/1.1" 404 564 "-" "Mozilla/5.0 (Macintosh; Intel Mac OS X 10_12_3) AppleWebKit/537.36 (KHTML, like Gecko) Chrome/56.0.2924.87 Safari/537.36"
94.72.101.21 - - [02/Nov/2024:20:27:17 +0000] "GET /flask/settings.py HTTP/1.1" 404 564 "-" "Mozilla/5.0 (Macintosh; Intel Mac OS X 10_12_3) AppleWebKit/537.36 (KHTML, like Gecko) Chrome/56.0.2924.87 Safari/537.36"
94.72.101.21 - - [02/Nov/2024:20:27:17 +0000] "GET /flask/mail.py HTTP/1.1" 404 564 "-" "Mozilla/5.0 (Macintosh; Intel Mac OS X 10_12_3) AppleWebKit/537.36 (KHTML, like Gecko) Chrome/56.0.2924.87 Safari/537.36"
94.72.101.21 - - [02/Nov/2024:20:27:17 +0000] "GET /flask/smtp.py HTTP/1.1" 404 564 "-" "Mozilla/5.0 (Macintosh; Intel Mac OS X 10_12_3) AppleWebKit/537.36 (KHTML, like Gecko) Chrome/56.0.2924.87 Safari/537.36"
94.72.101.21 - - [02/Nov/2024:20:27:17 +0000] "GET /status HTTP/1.1" 404 564 "-" "Mozilla/5.0 (Macintosh; Intel Mac OS X 10_12_3) AppleWebKit/537.36 (KHTML, like Gecko) Chrome/56.0.2924.87 Safari/537.36"
94.72.101.21 - - [02/Nov/2024:20:27:17 +0000] "GET /version.php HTTP/1.1" 404 564 "-" "Mozilla/5.0 (Macintosh; Intel Mac OS X 10_12_3) AppleWebKit/537.36 (KHTML, like Gecko) Chrome/56.0.2924.87 Safari/537.36"
94.72.101.21 - - [02/Nov/2024:20:27:18 +0000] "GET /install.php HTTP/1.1" 404 564 "-" "Mozilla/5.0 (Macintosh; Intel Mac OS X 10_12_3) AppleWebKit/537.36 (KHTML, like Gecko) Chrome/56.0.2924.87 Safari/537.36"
94.72.101.21 - - [02/Nov/2024:20:27:18 +0000] "GET /license.php HTTP/1.1" 404 564 "-" "Mozilla/5.0 (Macintosh; Intel Mac OS X 10_12_3) AppleWebKit/537.36 (KHTML, like Gecko) Chrome/56.0.2924.87 Safari/537.36"
94.72.101.21 - - [02/Nov/2024:20:27:18 +0000] "GET /php_test/info.php HTTP/1.1" 404 564 "-" "Mozilla/5.0 (Macintosh; Intel Mac OS X 10_12_3) AppleWebKit/537.36 (KHTML, like Gecko) Chrome/56.0.2924.87 Safari/537.36"
94.72.101.21 - - [02/Nov/2024:20:27:18 +0000] "GET /php_info/info.php HTTP/1.1" 404 564 "-" "Mozilla/5.0 (Macintosh; Intel Mac OS X 10_12_3) AppleWebKit/537.36 (KHTML, like Gecko) Chrome/56.0.2924.87 Safari/537.36"
94.72.101.21 - - [02/Nov/2024:20:27:18 +0000] "GET /config/setup.php HTTP/1.1" 404 564 "-" "Mozilla/5.0 (Macintosh; Intel Mac OS X 10_12_3) AppleWebKit/537.36 (KHTML, like Gecko) Chrome/56.0.2924.87 Safari/537.36"
94.72.101.21 - - [02/Nov/2024:20:27:18 +0000] "GET /phpadmin/phpinfo.php HTTP/1.1" 404 564 "-" "Mozilla/5.0 (Macintosh; Intel Mac OS X 10_12_3) AppleWebKit/537.36 (KHTML, like Gecko) Chrome/56.0.2924.87 Safari/537.36"
94.72.101.21 - - [02/Nov/2024:20:27:19 +0000] "GET /site/phpinfo.php HTTP/1.1" 404 564 "-" "Mozilla/5.0 (Macintosh; Intel Mac OS X 10_12_3) AppleWebKit/537.36 (KHTML, like Gecko) Chrome/56.0.2924.87 Safari/537.36"
94.72.101.21 - - [02/Nov/2024:20:27:19 +0000] "GET /config/production.json HTTP/1.1" 404 564 "-" "Mozilla/5.0 (Macintosh; Intel Mac OS X 10_12_3) AppleWebKit/537.36 (KHTML, like Gecko) Chrome/56.0.2924.87 Safari/537.36"
94.72.101.21 - - [02/Nov/2024:20:27:19 +0000] "GET /config/development.json HTTP/1.1" 404 564 "-" "Mozilla/5.0 (Macintosh; Intel Mac OS X 10_12_3) AppleWebKit/537.36 (KHTML, like Gecko) Chrome/56.0.2924.87 Safari/537.36"
94.72.101.21 - - [02/Nov/2024:20:27:20 +0000] "GET /config/test.json HTTP/1.1" 404 564 "-" "Mozilla/5.0 (Macintosh; Intel Mac OS X 10_12_3) AppleWebKit/537.36 (KHTML, like Gecko) Chrome/56.0.2924.87 Safari/537.36"
94.72.101.21 - - [02/Nov/2024:20:27:20 +0000] "GET /config/aws.json HTTP/1.1" 404 564 "-" "Mozilla/5.0 (Macintosh; Intel Mac OS X 10_12_3) AppleWebKit/537.36 (KHTML, like Gecko) Chrome/56.0.2924.87 Safari/537.36"
94.72.101.21 - - [02/Nov/2024:20:27:20 +0000] "GET /config/mailgun.json HTTP/1.1" 404 564 "-" "Mozilla/5.0 (Macintosh; Intel Mac OS X 10_12_3) AppleWebKit/537.36 (KHTML, like Gecko) Chrome/56.0.2924.87 Safari/537.36"
94.72.101.21 - - [02/Nov/2024:20:27:21 +0000] "GET /config/mandrill.json HTTP/1.1" 404 564 "-" "Mozilla/5.0 (Macintosh; Intel Mac OS X 10_12_3) AppleWebKit/537.36 (KHTML, like Gecko) Chrome/56.0.2924.87 Safari/537.36"
94.72.101.21 - - [02/Nov/2024:20:27:21 +0000] "GET /config/mailjet.json HTTP/1.1" 404 564 "-" "Mozilla/5.0 (Macintosh; Intel Mac OS X 10_12_3) AppleWebKit/537.36 (KHTML, like Gecko) Chrome/56.0.2924.87 Safari/537.36"
94.72.101.21 - - [02/Nov/2024:20:27:21 +0000] "GET /config/sendgrid.json HTTP/1.1" 404 564 "-" "Mozilla/5.0 (Macintosh; Intel Mac OS X 10_12_3) AppleWebKit/537.36 (KHTML, like Gecko) Chrome/56.0.2924.87 Safari/537.36"
94.72.101.21 - - [02/Nov/2024:20:27:21 +0000] "GET /config/sparkpost.json HTTP/1.1" 404 564 "-" "Mozilla/5.0 (Macintosh; Intel Mac OS X 10_12_3) AppleWebKit/537.36 (KHTML, like Gecko) Chrome/56.0.2924.87 Safari/537.36"
94.72.101.21 - - [02/Nov/2024:20:27:22 +0000] "GET /config/mailer_dsn.json HTTP/1.1" 404 564 "-" "Mozilla/5.0 (Macintosh; Intel Mac OS X 10_12_3) AppleWebKit/537.36 (KHTML, like Gecko) Chrome/56.0.2924.87 Safari/537.36"
94.72.101.21 - - [02/Nov/2024:20:27:23 +0000] "GET /config/mailer_url.json HTTP/1.1" 404 564 "-" "Mozilla/5.0 (Macintosh; Intel Mac OS X 10_12_3) AppleWebKit/537.36 (KHTML, like Gecko) Chrome/56.0.2924.87 Safari/537.36"
94.72.101.21 - - [02/Nov/2024:20:27:23 +0000] "GET /.env.development HTTP/1.1" 404 564 "-" "Mozilla/5.0 (Macintosh; Intel Mac OS X 10_12_3) AppleWebKit/537.36 (KHTML, like Gecko) Chrome/56.0.2924.87 Safari/537.36"
94.72.101.21 - - [02/Nov/2024:20:27:23 +0000] "GET /.env.aws HTTP/1.1" 404 564 "-" "Mozilla/5.0 (Macintosh; Intel Mac OS X 10_12_3) AppleWebKit/537.36 (KHTML, like Gecko) Chrome/56.0.2924.87 Safari/537.36"
94.72.101.21 - - [02/Nov/2024:20:27:23 +0000] "GET /.env.mailgun HTTP/1.1" 404 564 "-" "Mozilla/5.0 (Macintosh; Intel Mac OS X 10_12_3) AppleWebKit/537.36 (KHTML, like Gecko) Chrome/56.0.2924.87 Safari/537.36"
94.72.101.21 - - [02/Nov/2024:20:27:24 +0000] "GET /.env.mandrill HTTP/1.1" 404 564 "-" "Mozilla/5.0 (Macintosh; Intel Mac OS X 10_12_3) AppleWebKit/537.36 (KHTML, like Gecko) Chrome/56.0.2924.87 Safari/537.36"
94.72.101.21 - - [02/Nov/2024:20:27:24 +0000] "GET /.env.mailjet HTTP/1.1" 404 564 "-" "Mozilla/5.0 (Macintosh; Intel Mac OS X 10_12_3) AppleWebKit/537.36 (KHTML, like Gecko) Chrome/56.0.2924.87 Safari/537.36"
94.72.101.21 - - [02/Nov/2024:20:27:24 +0000] "GET /.env.sendgrid HTTP/1.1" 404 564 "-" "Mozilla/5.0 (Macintosh; Intel Mac OS X 10_12_3) AppleWebKit/537.36 (KHTML, like Gecko) Chrome/56.0.2924.87 Safari/537.36"
94.72.101.21 - - [02/Nov/2024:20:27:24 +0000] "GET /.env.sparkpost HTTP/1.1" 404 564 "-" "Mozilla/5.0 (Macintosh; Intel Mac OS X 10_12_3) AppleWebKit/537.36 (KHTML, like Gecko) Chrome/56.0.2924.87 Safari/537.36"
94.72.101.21 - - [02/Nov/2024:20:27:24 +0000] "GET /.env.mailer_dsn HTTP/1.1" 404 564 "-" "Mozilla/5.0 (Macintosh; Intel Mac OS X 10_12_3) AppleWebKit/537.36 (KHTML, like Gecko) Chrome/56.0.2924.87 Safari/537.36"
94.72.101.21 - - [02/Nov/2024:20:27:24 +0000] "GET /.env.mailer_url HTTP/1.1" 404 564 "-" "Mozilla/5.0 (Macintosh; Intel Mac OS X 10_12_3) AppleWebKit/537.36 (KHTML, like Gecko) Chrome/56.0.2924.87 Safari/537.36"
94.72.101.21 - - [02/Nov/2024:20:27:25 +0000] "GET /aws_keys.json HTTP/1.1" 404 564 "-" "Mozilla/5.0 (Macintosh; Intel Mac OS X 10_12_3) AppleWebKit/537.36 (KHTML, like Gecko) Chrome/56.0.2924.87 Safari/537.36"
94.72.101.21 - - [02/Nov/2024:20:27:25 +0000] "GET /aws_keys.js HTTP/1.1" 404 564 "-" "Mozilla/5.0 (Macintosh; Intel Mac OS X 10_12_3) AppleWebKit/537.36 (KHTML, like Gecko) Chrome/56.0.2924.87 Safari/537.36"
94.72.101.21 - - [02/Nov/2024:20:27:25 +0000] "GET /mailgun_keys.json HTTP/1.1" 404 564 "-" "Mozilla/5.0 (Macintosh; Intel Mac OS X 10_12_3) AppleWebKit/537.36 (KHTML, like Gecko) Chrome/56.0.2924.87 Safari/537.36"
94.72.101.21 - - [02/Nov/2024:20:27:26 +0000] "GET /mailgun_keys.js HTTP/1.1" 404 564 "-" "Mozilla/5.0 (Macintosh; Intel Mac OS X 10_12_3) AppleWebKit/537.36 (KHTML, like Gecko) Chrome/56.0.2924.87 Safari/537.36"
94.72.101.21 - - [02/Nov/2024:20:27:26 +0000] "GET /mandrill_keys.json HTTP/1.1" 404 564 "-" "Mozilla/5.0 (Macintosh; Intel Mac OS X 10_12_3) AppleWebKit/537.36 (KHTML, like Gecko) Chrome/56.0.2924.87 Safari/537.36"
94.72.101.21 - - [02/Nov/2024:20:27:26 +0000] "GET /mandrill_keys.js HTTP/1.1" 404 564 "-" "Mozilla/5.0 (Macintosh; Intel Mac OS X 10_12_3) AppleWebKit/537.36 (KHTML, like Gecko) Chrome/56.0.2924.87 Safari/537.36"
94.72.101.21 - - [02/Nov/2024:20:27:27 +0000] "GET /mailjet_keys.json HTTP/1.1" 404 564 "-" "Mozilla/5.0 (Macintosh; Intel Mac OS X 10_12_3) AppleWebKit/537.36 (KHTML, like Gecko) Chrome/56.0.2924.87 Safari/537.36"
94.72.101.21 - - [02/Nov/2024:20:27:27 +0000] "GET /mailjet_keys.js HTTP/1.1" 404 564 "-" "Mozilla/5.0 (Macintosh; Intel Mac OS X 10_12_3) AppleWebKit/537.36 (KHTML, like Gecko) Chrome/56.0.2924.87 Safari/537.36"
94.72.101.21 - - [02/Nov/2024:20:27:27 +0000] "GET /sendgrid_keys.json HTTP/1.1" 404 564 "-" "Mozilla/5.0 (Macintosh; Intel Mac OS X 10_12_3) AppleWebKit/537.36 (KHTML, like Gecko) Chrome/56.0.2924.87 Safari/537.36"
94.72.101.21 - - [02/Nov/2024:20:27:28 +0000] "GET /sendgrid_keys.js HTTP/1.1" 404 564 "-" "Mozilla/5.0 (Macintosh; Intel Mac OS X 10_12_3) AppleWebKit/537.36 (KHTML, like Gecko) Chrome/56.0.2924.87 Safari/537.36"
94.72.101.21 - - [02/Nov/2024:20:27:28 +0000] "GET /sparkpost_keys.json HTTP/1.1" 404 564 "-" "Mozilla/5.0 (Macintosh; Intel Mac OS X 10_12_3) AppleWebKit/537.36 (KHTML, like Gecko) Chrome/56.0.2924.87 Safari/537.36"
94.72.101.21 - - [02/Nov/2024:20:27:28 +0000] "GET /sparkpost_keys.js HTTP/1.1" 404 564 "-" "Mozilla/5.0 (Macintosh; Intel Mac OS X 10_12_3) AppleWebKit/537.36 (KHTML, like Gecko) Chrome/56.0.2924.87 Safari/537.36"
94.72.101.21 - - [02/Nov/2024:20:27:29 +0000] "GET /mailer_dsn_keys.json HTTP/1.1" 404 564 "-" "Mozilla/5.0 (Macintosh; Intel Mac OS X 10_12_3) AppleWebKit/537.36 (KHTML, like Gecko) Chrome/56.0.2924.87 Safari/537.36"
94.72.101.21 - - [02/Nov/2024:20:27:29 +0000] "GET /mailer_dsn_keys.js HTTP/1.1" 404 564 "-" "Mozilla/5.0 (Macintosh; Intel Mac OS X 10_12_3) AppleWebKit/537.36 (KHTML, like Gecko) Chrome/56.0.2924.87 Safari/537.36"
94.72.101.21 - - [02/Nov/2024:20:27:29 +0000] "GET /mailer_url_keys.json HTTP/1.1" 404 564 "-" "Mozilla/5.0 (Macintosh; Intel Mac OS X 10_12_3) AppleWebKit/537.36 (KHTML, like Gecko) Chrome/56.0.2924.87 Safari/537.36"
94.72.101.21 - - [02/Nov/2024:20:27:29 +0000] "GET /mailer_url_keys.js HTTP/1.1" 404 564 "-" "Mozilla/5.0 (Macintosh; Intel Mac OS X 10_12_3) AppleWebKit/537.36 (KHTML, like Gecko) Chrome/56.0.2924.87 Safari/537.36"
94.72.101.21 - - [02/Nov/2024:20:27:29 +0000] "GET /api_keys.json HTTP/1.1" 404 564 "-" "Mozilla/5.0 (Macintosh; Intel Mac OS X 10_12_3) AppleWebKit/537.36 (KHTML, like Gecko) Chrome/56.0.2924.87 Safari/537.36"
94.72.101.21 - - [02/Nov/2024:20:27:29 +0000] "GET /api_keys.js HTTP/1.1" 404 564 "-" "Mozilla/5.0 (Macintosh; Intel Mac OS X 10_12_3) AppleWebKit/537.36 (KHTML, like Gecko) Chrome/56.0.2924.87 Safari/537.36"
94.72.101.21 - - [02/Nov/2024:20:27:30 +0000] "GET /keys.json HTTP/1.1" 404 564 "-" "Mozilla/5.0 (Macintosh; Intel Mac OS X 10_12_3) AppleWebKit/537.36 (KHTML, like Gecko) Chrome/56.0.2924.87 Safari/537.36"
94.72.101.21 - - [02/Nov/2024:20:27:30 +0000] "GET /keys.js HTTP/1.1" 404 564 "-" "Mozilla/5.0 (Macintosh; Intel Mac OS X 10_12_3) AppleWebKit/537.36 (KHTML, like Gecko) Chrome/56.0.2924.87 Safari/537.36"
94.72.101.21 - - [02/Nov/2024:20:27:30 +0000] "GET /secrets.js HTTP/1.1" 404 564 "-" "Mozilla/5.0 (Macintosh; Intel Mac OS X 10_12_3) AppleWebKit/537.36 (KHTML, like Gecko) Chrome/56.0.2924.87 Safari/537.36"
94.72.101.21 - - [02/Nov/2024:20:27:30 +0000] "GET /private/aws_credentials.json HTTP/1.1" 404 564 "-" "Mozilla/5.0 (Macintosh; Intel Mac OS X 10_12_3) AppleWebKit/537.36 (KHTML, like Gecko) Chrome/56.0.2924.87 Safari/537.36"
94.72.101.21 - - [02/Nov/2024:20:27:32 +0000] "GET /private/aws_config.json HTTP/1.1" 404 564 "-" "Mozilla/5.0 (Macintosh; Intel Mac OS X 10_12_3) AppleWebKit/537.36 (KHTML, like Gecko) Chrome/56.0.2924.87 Safari/537.36"
94.72.101.21 - - [02/Nov/2024:20:27:32 +0000] "GET /private/mailgun_keys.json HTTP/1.1" 404 564 "-" "Mozilla/5.0 (Macintosh; Intel Mac OS X 10_12_3) AppleWebKit/537.36 (KHTML, like Gecko) Chrome/56.0.2924.87 Safari/537.36"
94.72.101.21 - - [02/Nov/2024:20:27:32 +0000] "GET /private/mandrill_keys.json HTTP/1.1" 404 564 "-" "Mozilla/5.0 (Macintosh; Intel Mac OS X 10_12_3) AppleWebKit/537.36 (KHTML, like Gecko) Chrome/56.0.2924.87 Safari/537.36"
94.72.101.21 - - [02/Nov/2024:20:27:33 +0000] "GET /private/mailjet_keys.json HTTP/1.1" 404 564 "-" "Mozilla/5.0 (Macintosh; Intel Mac OS X 10_12_3) AppleWebKit/537.36 (KHTML, like Gecko) Chrome/56.0.2924.87 Safari/537.36"
94.72.101.21 - - [02/Nov/2024:20:27:33 +0000] "GET /private/sendgrid_keys.json HTTP/1.1" 404 564 "-" "Mozilla/5.0 (Macintosh; Intel Mac OS X 10_12_3) AppleWebKit/537.36 (KHTML, like Gecko) Chrome/56.0.2924.87 Safari/537.36"
94.72.101.21 - - [02/Nov/2024:20:27:33 +0000] "GET /private/sparkpost_keys.json HTTP/1.1" 404 564 "-" "Mozilla/5.0 (Macintosh; Intel Mac OS X 10_12_3) AppleWebKit/537.36 (KHTML, like Gecko) Chrome/56.0.2924.87 Safari/537.36"
94.72.101.21 - - [02/Nov/2024:20:27:33 +0000] "GET /private/mailer_dsn_keys.json HTTP/1.1" 404 564 "-" "Mozilla/5.0 (Macintosh; Intel Mac OS X 10_12_3) AppleWebKit/537.36 (KHTML, like Gecko) Chrome/56.0.2924.87 Safari/537.36"
94.72.101.21 - - [02/Nov/2024:20:27:33 +0000] "GET /private/mailer_url_keys.json HTTP/1.1" 404 564 "-" "Mozilla/5.0 (Macintosh; Intel Mac OS X 10_12_3) AppleWebKit/537.36 (KHTML, like Gecko) Chrome/56.0.2924.87 Safari/537.36"
94.72.101.21 - - [02/Nov/2024:20:27:33 +0000] "GET /config/private/aws_credentials.json HTTP/1.1" 404 564 "-" "Mozilla/5.0 (Macintosh; Intel Mac OS X 10_12_3) AppleWebKit/537.36 (KHTML, like Gecko) Chrome/56.0.2924.87 Safari/537.36"
94.72.101.21 - - [02/Nov/2024:20:27:34 +0000] "GET /config/private/aws_config.json HTTP/1.1" 404 564 "-" "Mozilla/5.0 (Macintosh; Intel Mac OS X 10_12_3) AppleWebKit/537.36 (KHTML, like Gecko) Chrome/56.0.2924.87 Safari/537.36"
94.72.101.21 - - [02/Nov/2024:20:27:34 +0000] "GET /config/private/mailgun_keys.json HTTP/1.1" 404 564 "-" "Mozilla/5.0 (Macintosh; Intel Mac OS X 10_12_3) AppleWebKit/537.36 (KHTML, like Gecko) Chrome/56.0.2924.87 Safari/537.36"
94.72.101.21 - - [02/Nov/2024:20:27:34 +0000] "GET /config/private/mandrill_keys.json HTTP/1.1" 404 564 "-" "Mozilla/5.0 (Macintosh; Intel Mac OS X 10_12_3) AppleWebKit/537.36 (KHTML, like Gecko) Chrome/56.0.2924.87 Safari/537.36"
94.72.101.21 - - [02/Nov/2024:20:27:35 +0000] "GET /config/private/mailjet_keys.json HTTP/1.1" 404 564 "-" "Mozilla/5.0 (Macintosh; Intel Mac OS X 10_12_3) AppleWebKit/537.36 (KHTML, like Gecko) Chrome/56.0.2924.87 Safari/537.36"
94.72.101.21 - - [02/Nov/2024:20:27:35 +0000] "GET /config/private/sendgrid_keys.json HTTP/1.1" 404 564 "-" "Mozilla/5.0 (Macintosh; Intel Mac OS X 10_12_3) AppleWebKit/537.36 (KHTML, like Gecko) Chrome/56.0.2924.87 Safari/537.36"
94.72.101.21 - - [02/Nov/2024:20:27:35 +0000] "GET /config/private/sparkpost_keys.json HTTP/1.1" 404 564 "-" "Mozilla/5.0 (Macintosh; Intel Mac OS X 10_12_3) AppleWebKit/537.36 (KHTML, like Gecko) Chrome/56.0.2924.87 Safari/537.36"
94.72.101.21 - - [02/Nov/2024:20:27:35 +0000] "GET /config/private/mailer_dsn_keys.json HTTP/1.1" 404 564 "-" "Mozilla/5.0 (Macintosh; Intel Mac OS X 10_12_3) AppleWebKit/537.36 (KHTML, like Gecko) Chrome/56.0.2924.87 Safari/537.36"
94.72.101.21 - - [02/Nov/2024:20:27:35 +0000] "GET /config/private/mailer_url_keys.json HTTP/1.1" 404 564 "-" "Mozilla/5.0 (Macintosh; Intel Mac OS X 10_12_3) AppleWebKit/537.36 (KHTML, like Gecko) Chrome/56.0.2924.87 Safari/537.36"
94.72.101.21 - - [02/Nov/2024:20:27:36 +0000] "GET /backup/aws_credentials.json HTTP/1.1" 404 564 "-" "Mozilla/5.0 (Macintosh; Intel Mac OS X 10_12_3) AppleWebKit/537.36 (KHTML, like Gecko) Chrome/56.0.2924.87 Safari/537.36"
94.72.101.21 - - [02/Nov/2024:20:27:36 +0000] "GET /backup/aws_config.json HTTP/1.1" 404 564 "-" "Mozilla/5.0 (Macintosh; Intel Mac OS X 10_12_3) AppleWebKit/537.36 (KHTML, like Gecko) Chrome/56.0.2924.87 Safari/537.36"
94.72.101.21 - - [02/Nov/2024:20:27:37 +0000] "GET /backup/mailgun_keys.json HTTP/1.1" 404 564 "-" "Mozilla/5.0 (Macintosh; Intel Mac OS X 10_12_3) AppleWebKit/537.36 (KHTML, like Gecko) Chrome/56.0.2924.87 Safari/537.36"
94.72.101.21 - - [02/Nov/2024:20:27:37 +0000] "GET /backup/mandrill_keys.json HTTP/1.1" 404 564 "-" "Mozilla/5.0 (Macintosh; Intel Mac OS X 10_12_3) AppleWebKit/537.36 (KHTML, like Gecko) Chrome/56.0.2924.87 Safari/537.36"
94.72.101.21 - - [02/Nov/2024:20:27:37 +0000] "GET /backup/mailjet_keys.json HTTP/1.1" 404 564 "-" "Mozilla/5.0 (Macintosh; Intel Mac OS X 10_12_3) AppleWebKit/537.36 (KHTML, like Gecko) Chrome/56.0.2924.87 Safari/537.36"
94.72.101.21 - - [02/Nov/2024:20:27:37 +0000] "GET /backup/sendgrid_keys.json HTTP/1.1" 404 564 "-" "Mozilla/5.0 (Macintosh; Intel Mac OS X 10_12_3) AppleWebKit/537.36 (KHTML, like Gecko) Chrome/56.0.2924.87 Safari/537.36"
94.72.101.21 - - [02/Nov/2024:20:27:37 +0000] "GET /backup/sparkpost_keys.json HTTP/1.1" 404 564 "-" "Mozilla/5.0 (Macintosh; Intel Mac OS X 10_12_3) AppleWebKit/537.36 (KHTML, like Gecko) Chrome/56.0.2924.87 Safari/537.36"
94.72.101.21 - - [02/Nov/2024:20:27:38 +0000] "GET /backup/mailer_dsn_keys.json HTTP/1.1" 404 564 "-" "Mozilla/5.0 (Macintosh; Intel Mac OS X 10_12_3) AppleWebKit/537.36 (KHTML, like Gecko) Chrome/56.0.2924.87 Safari/537.36"
94.72.101.21 - - [02/Nov/2024:20:27:38 +0000] "GET /backup/mailer_url_keys.json HTTP/1.1" 404 564 "-" "Mozilla/5.0 (Macintosh; Intel Mac OS X 10_12_3) AppleWebKit/537.36 (KHTML, like Gecko) Chrome/56.0.2924.87 Safari/537.36"
94.72.101.21 - - [02/Nov/2024:20:27:38 +0000] "GET /secrets/aws_credentials.json HTTP/1.1" 404 564 "-" "Mozilla/5.0 (Macintosh; Intel Mac OS X 10_12_3) AppleWebKit/537.36 (KHTML, like Gecko) Chrome/56.0.2924.87 Safari/537.36"
94.72.101.21 - - [02/Nov/2024:20:27:38 +0000] "GET /secrets/aws_config.json HTTP/1.1" 404 564 "-" "Mozilla/5.0 (Macintosh; Intel Mac OS X 10_12_3) AppleWebKit/537.36 (KHTML, like Gecko) Chrome/56.0.2924.87 Safari/537.36"
94.72.101.21 - - [02/Nov/2024:20:27:38 +0000] "GET /secrets/mailgun_keys.json HTTP/1.1" 404 564 "-" "Mozilla/5.0 (Macintosh; Intel Mac OS X 10_12_3) AppleWebKit/537.36 (KHTML, like Gecko) Chrome/56.0.2924.87 Safari/537.36"
94.72.101.21 - - [02/Nov/2024:20:27:39 +0000] "GET /secrets/mandrill_keys.json HTTP/1.1" 404 564 "-" "Mozilla/5.0 (Macintosh; Intel Mac OS X 10_12_3) AppleWebKit/537.36 (KHTML, like Gecko) Chrome/56.0.2924.87 Safari/537.36"
94.72.101.21 - - [02/Nov/2024:20:27:39 +0000] "GET /secrets/mailjet_keys.json HTTP/1.1" 404 564 "-" "Mozilla/5.0 (Macintosh; Intel Mac OS X 10_12_3) AppleWebKit/537.36 (KHTML, like Gecko) Chrome/56.0.2924.87 Safari/537.36"
94.72.101.21 - - [02/Nov/2024:20:27:40 +0000] "GET /secrets/sendgrid_keys.json HTTP/1.1" 404 564 "-" "Mozilla/5.0 (Macintosh; Intel Mac OS X 10_12_3) AppleWebKit/537.36 (KHTML, like Gecko) Chrome/56.0.2924.87 Safari/537.36"
94.72.101.21 - - [02/Nov/2024:20:27:40 +0000] "GET /secrets/sparkpost_keys.json HTTP/1.1" 404 564 "-" "Mozilla/5.0 (Macintosh; Intel Mac OS X 10_12_3) AppleWebKit/537.36 (KHTML, like Gecko) Chrome/56.0.2924.87 Safari/537.36"
94.72.101.21 - - [02/Nov/2024:20:27:40 +0000] "GET /secrets/mailer_dsn_keys.json HTTP/1.1" 404 564 "-" "Mozilla/5.0 (Macintosh; Intel Mac OS X 10_12_3) AppleWebKit/537.36 (KHTML, like Gecko) Chrome/56.0.2924.87 Safari/537.36"
94.72.101.21 - - [02/Nov/2024:20:27:40 +0000] "GET /secrets/mailer_url_keys.json HTTP/1.1" 404 564 "-" "Mozilla/5.0 (Macintosh; Intel Mac OS X 10_12_3) AppleWebKit/537.36 (KHTML, like Gecko) Chrome/56.0.2924.87 Safari/537.36"
94.72.101.21 - - [02/Nov/2024:20:27:40 +0000] "GET /wp-content/uploads/aws_keys.json HTTP/1.1" 404 564 "-" "Mozilla/5.0 (Macintosh; Intel Mac OS X 10_12_3) AppleWebKit/537.36 (KHTML, like Gecko) Chrome/56.0.2924.87 Safari/537.36"
94.72.101.21 - - [02/Nov/2024:20:27:41 +0000] "GET /wp-content/uploads/mailgun_keys.json HTTP/1.1" 404 564 "-" "Mozilla/5.0 (Macintosh; Intel Mac OS X 10_12_3) AppleWebKit/537.36 (KHTML, like Gecko) Chrome/56.0.2924.87 Safari/537.36"
94.72.101.21 - - [02/Nov/2024:20:27:41 +0000] "GET /wp-content/uploads/mandrill_keys.json HTTP/1.1" 404 564 "-" "Mozilla/5.0 (Macintosh; Intel Mac OS X 10_12_3) AppleWebKit/537.36 (KHTML, like Gecko) Chrome/56.0.2924.87 Safari/537.36"
94.72.101.21 - - [02/Nov/2024:20:27:41 +0000] "GET /wp-content/uploads/mailjet_keys.json HTTP/1.1" 404 564 "-" "Mozilla/5.0 (Macintosh; Intel Mac OS X 10_12_3) AppleWebKit/537.36 (KHTML, like Gecko) Chrome/56.0.2924.87 Safari/537.36"
94.72.101.21 - - [02/Nov/2024:20:27:41 +0000] "GET /wp-content/uploads/sendgrid_keys.json HTTP/1.1" 404 564 "-" "Mozilla/5.0 (Macintosh; Intel Mac OS X 10_12_3) AppleWebKit/537.36 (KHTML, like Gecko) Chrome/56.0.2924.87 Safari/537.36"
94.72.101.21 - - [02/Nov/2024:20:27:42 +0000] "GET /wp-content/uploads/sparkpost_keys.json HTTP/1.1" 404 564 "-" "Mozilla/5.0 (Macintosh; Intel Mac OS X 10_12_3) AppleWebKit/537.36 (KHTML, like Gecko) Chrome/56.0.2924.87 Safari/537.36"
94.72.101.21 - - [02/Nov/2024:20:27:42 +0000] "GET /wp-content/uploads/mailer_dsn_keys.json HTTP/1.1" 404 564 "-" "Mozilla/5.0 (Macintosh; Intel Mac OS X 10_12_3) AppleWebKit/537.36 (KHTML, like Gecko) Chrome/56.0.2924.87 Safari/537.36"
94.72.101.21 - - [02/Nov/2024:20:27:42 +0000] "GET /wp-content/uploads/mailer_url_keys.json HTTP/1.1" 404 564 "-" "Mozilla/5.0 (Macintosh; Intel Mac OS X 10_12_3) AppleWebKit/537.36 (KHTML, like Gecko) Chrome/56.0.2924.87 Safari/537.36"
94.72.101.21 - - [02/Nov/2024:20:27:43 +0000] "GET /wp-content/uploads/api_keys.json HTTP/1.1" 404 564 "-" "Mozilla/5.0 (Macintosh; Intel Mac OS X 10_12_3) AppleWebKit/537.36 (KHTML, like Gecko) Chrome/56.0.2924.87 Safari/537.36"
94.72.101.21 - - [02/Nov/2024:20:27:43 +0000] "GET /wp-content/uploads/keys.json HTTP/1.1" 404 564 "-" "Mozilla/5.0 (Macintosh; Intel Mac OS X 10_12_3) AppleWebKit/537.36 (KHTML, like Gecko) Chrome/56.0.2924.87 Safari/537.36"
94.72.101.21 - - [02/Nov/2024:20:27:43 +0000] "GET /wp-content/uploads/secrets.json HTTP/1.1" 404 564 "-" "Mozilla/5.0 (Macintosh; Intel Mac OS X 10_12_3) AppleWebKit/537.36 (KHTML, like Gecko) Chrome/56.0.2924.87 Safari/537.36"
94.72.101.21 - - [02/Nov/2024:20:27:43 +0000] "GET /wp-content/plugins/aws_credentials.json HTTP/1.1" 404 564 "-" "Mozilla/5.0 (Macintosh; Intel Mac OS X 10_12_3) AppleWebKit/537.36 (KHTML, like Gecko) Chrome/56.0.2924.87 Safari/537.36"
94.72.101.21 - - [02/Nov/2024:20:27:43 +0000] "GET /wp-content/plugins/aws_config.json HTTP/1.1" 404 564 "-" "Mozilla/5.0 (Macintosh; Intel Mac OS X 10_12_3) AppleWebKit/537.36 (KHTML, like Gecko) Chrome/56.0.2924.87 Safari/537.36"
94.72.101.21 - - [02/Nov/2024:20:27:44 +0000] "GET /wp-content/plugins/mailgun_keys.json HTTP/1.1" 404 564 "-" "Mozilla/5.0 (Macintosh; Intel Mac OS X 10_12_3) AppleWebKit/537.36 (KHTML, like Gecko) Chrome/56.0.2924.87 Safari/537.36"
94.72.101.21 - - [02/Nov/2024:20:27:44 +0000] "GET /wp-content/plugins/mandrill_keys.json HTTP/1.1" 404 564 "-" "Mozilla/5.0 (Macintosh; Intel Mac OS X 10_12_3) AppleWebKit/537.36 (KHTML, like Gecko) Chrome/56.0.2924.87 Safari/537.36"
94.72.101.21 - - [02/Nov/2024:20:27:44 +0000] "GET /wp-content/plugins/mailjet_keys.json HTTP/1.1" 404 564 "-" "Mozilla/5.0 (Macintosh; Intel Mac OS X 10_12_3) AppleWebKit/537.36 (KHTML, like Gecko) Chrome/56.0.2924.87 Safari/537.36"
94.72.101.21 - - [02/Nov/2024:20:27:45 +0000] "GET /wp-content/plugins/sendgrid_keys.json HTTP/1.1" 404 564 "-" "Mozilla/5.0 (Macintosh; Intel Mac OS X 10_12_3) AppleWebKit/537.36 (KHTML, like Gecko) Chrome/56.0.2924.87 Safari/537.36"
94.72.101.21 - - [02/Nov/2024:20:27:45 +0000] "GET /wp-content/plugins/sparkpost_keys.json HTTP/1.1" 404 564 "-" "Mozilla/5.0 (Macintosh; Intel Mac OS X 10_12_3) AppleWebKit/537.36 (KHTML, like Gecko) Chrome/56.0.2924.87 Safari/537.36"
94.72.101.21 - - [02/Nov/2024:20:27:45 +0000] "GET /wp-content/plugins/mailer_dsn_keys.json HTTP/1.1" 404 564 "-" "Mozilla/5.0 (Macintosh; Intel Mac OS X 10_12_3) AppleWebKit/537.36 (KHTML, like Gecko) Chrome/56.0.2924.87 Safari/537.36"
94.72.101.21 - - [02/Nov/2024:20:27:45 +0000] "GET /wp-content/plugins/mailer_url_keys.json HTTP/1.1" 404 564 "-" "Mozilla/5.0 (Macintosh; Intel Mac OS X 10_12_3) AppleWebKit/537.36 (KHTML, like Gecko) Chrome/56.0.2924.87 Safari/537.36"
94.72.101.21 - - [02/Nov/2024:20:27:45 +0000] "GET /wp-content/plugins/api_keys.json HTTP/1.1" 404 564 "-" "Mozilla/5.0 (Macintosh; Intel Mac OS X 10_12_3) AppleWebKit/537.36 (KHTML, like Gecko) Chrome/56.0.2924.87 Safari/537.36"
94.72.101.21 - - [02/Nov/2024:20:27:46 +0000] "GET /wp-content/plugins/keys.json HTTP/1.1" 404 564 "-" "Mozilla/5.0 (Macintosh; Intel Mac OS X 10_12_3) AppleWebKit/537.36 (KHTML, like Gecko) Chrome/56.0.2924.87 Safari/537.36"
94.72.101.21 - - [02/Nov/2024:20:27:47 +0000] "GET /wp-content/plugins/secrets.json HTTP/1.1" 404 564 "-" "Mozilla/5.0 (Macintosh; Intel Mac OS X 10_12_3) AppleWebKit/537.36 (KHTML, like Gecko) Chrome/56.0.2924.87 Safari/537.36"
94.72.101.21 - - [02/Nov/2024:20:27:47 +0000] "GET /wp-content/themes/aws_credentials.json HTTP/1.1" 404 564 "-" "Mozilla/5.0 (Macintosh; Intel Mac OS X 10_12_3) AppleWebKit/537.36 (KHTML, like Gecko) Chrome/56.0.2924.87 Safari/537.36"
94.72.101.21 - - [02/Nov/2024:20:27:47 +0000] "GET /wp-content/themes/aws_config.json HTTP/1.1" 404 564 "-" "Mozilla/5.0 (Macintosh; Intel Mac OS X 10_12_3) AppleWebKit/537.36 (KHTML, like Gecko) Chrome/56.0.2924.87 Safari/537.36"
94.72.101.21 - - [02/Nov/2024:20:27:47 +0000] "GET /wp-content/themes/mailgun_keys.json HTTP/1.1" 404 564 "-" "Mozilla/5.0 (Macintosh; Intel Mac OS X 10_12_3) AppleWebKit/537.36 (KHTML, like Gecko) Chrome/56.0.2924.87 Safari/537.36"
94.72.101.21 - - [02/Nov/2024:20:27:47 +0000] "GET /wp-content/themes/mandrill_keys.json HTTP/1.1" 404 564 "-" "Mozilla/5.0 (Macintosh; Intel Mac OS X 10_12_3) AppleWebKit/537.36 (KHTML, like Gecko) Chrome/56.0.2924.87 Safari/537.36"
94.72.101.21 - - [02/Nov/2024:20:27:47 +0000] "GET /wp-content/themes/mailjet_keys.json HTTP/1.1" 404 564 "-" "Mozilla/5.0 (Macintosh; Intel Mac OS X 10_12_3) AppleWebKit/537.36 (KHTML, like Gecko) Chrome/56.0.2924.87 Safari/537.36"
94.72.101.21 - - [02/Nov/2024:20:27:48 +0000] "GET /wp-content/themes/sendgrid_keys.json HTTP/1.1" 404 564 "-" "Mozilla/5.0 (Macintosh; Intel Mac OS X 10_12_3) AppleWebKit/537.36 (KHTML, like Gecko) Chrome/56.0.2924.87 Safari/537.36"
94.72.101.21 - - [02/Nov/2024:20:27:48 +0000] "GET /wp-content/themes/sparkpost_keys.json HTTP/1.1" 404 564 "-" "Mozilla/5.0 (Macintosh; Intel Mac OS X 10_12_3) AppleWebKit/537.36 (KHTML, like Gecko) Chrome/56.0.2924.87 Safari/537.36"
94.72.101.21 - - [02/Nov/2024:20:27:48 +0000] "GET /wp-content/themes/mailer_dsn_keys.json HTTP/1.1" 404 564 "-" "Mozilla/5.0 (Macintosh; Intel Mac OS X 10_12_3) AppleWebKit/537.36 (KHTML, like Gecko) Chrome/56.0.2924.87 Safari/537.36"
94.72.101.21 - - [02/Nov/2024:20:27:48 +0000] "GET /wp-content/themes/mailer_url_keys.json HTTP/1.1" 404 564 "-" "Mozilla/5.0 (Macintosh; Intel Mac OS X 10_12_3) AppleWebKit/537.36 (KHTML, like Gecko) Chrome/56.0.2924.87 Safari/537.36"
94.72.101.21 - - [02/Nov/2024:20:27:48 +0000] "GET /wp-content/themes/api_keys.json HTTP/1.1" 404 564 "-" "Mozilla/5.0 (Macintosh; Intel Mac OS X 10_12_3) AppleWebKit/537.36 (KHTML, like Gecko) Chrome/56.0.2924.87 Safari/537.36"
94.72.101.21 - - [02/Nov/2024:20:27:49 +0000] "GET /wp-content/themes/keys.json HTTP/1.1" 404 564 "-" "Mozilla/5.0 (Macintosh; Intel Mac OS X 10_12_3) AppleWebKit/537.36 (KHTML, like Gecko) Chrome/56.0.2924.87 Safari/537.36"
94.72.101.21 - - [02/Nov/2024:20:27:49 +0000] "GET /wp-content/themes/secrets.json HTTP/1.1" 404 564 "-" "Mozilla/5.0 (Macintosh; Intel Mac OS X 10_12_3) AppleWebKit/537.36 (KHTML, like Gecko) Chrome/56.0.2924.87 Safari/537.36"
94.72.101.21 - - [02/Nov/2024:20:27:49 +0000] "GET /wp-includes/aws_credentials.json HTTP/1.1" 404 564 "-" "Mozilla/5.0 (Macintosh; Intel Mac OS X 10_12_3) AppleWebKit/537.36 (KHTML, like Gecko) Chrome/56.0.2924.87 Safari/537.36"
94.72.101.21 - - [02/Nov/2024:20:27:49 +0000] "GET /wp-includes/aws_config.json HTTP/1.1" 404 564 "-" "Mozilla/5.0 (Macintosh; Intel Mac OS X 10_12_3) AppleWebKit/537.36 (KHTML, like Gecko) Chrome/56.0.2924.87 Safari/537.36"
94.72.101.21 - - [02/Nov/2024:20:27:50 +0000] "GET /wp-includes/mailgun_keys.json HTTP/1.1" 404 564 "-" "Mozilla/5.0 (Macintosh; Intel Mac OS X 10_12_3) AppleWebKit/537.36 (KHTML, like Gecko) Chrome/56.0.2924.87 Safari/537.36"
94.72.101.21 - - [02/Nov/2024:20:27:50 +0000] "GET /wp-includes/mandrill_keys.json HTTP/1.1" 404 564 "-" "Mozilla/5.0 (Macintosh; Intel Mac OS X 10_12_3) AppleWebKit/537.36 (KHTML, like Gecko) Chrome/56.0.2924.87 Safari/537.36"
94.72.101.21 - - [02/Nov/2024:20:27:50 +0000] "GET /wp-includes/mailjet_keys.json HTTP/1.1" 404 564 "-" "Mozilla/5.0 (Macintosh; Intel Mac OS X 10_12_3) AppleWebKit/537.36 (KHTML, like Gecko) Chrome/56.0.2924.87 Safari/537.36"
94.72.101.21 - - [02/Nov/2024:20:27:50 +0000] "GET /wp-includes/sendgrid_keys.json HTTP/1.1" 404 564 "-" "Mozilla/5.0 (Macintosh; Intel Mac OS X 10_12_3) AppleWebKit/537.36 (KHTML, like Gecko) Chrome/56.0.2924.87 Safari/537.36"
94.72.101.21 - - [02/Nov/2024:20:27:51 +0000] "GET /wp-includes/sparkpost_keys.json HTTP/1.1" 404 564 "-" "Mozilla/5.0 (Macintosh; Intel Mac OS X 10_12_3) AppleWebKit/537.36 (KHTML, like Gecko) Chrome/56.0.2924.87 Safari/537.36"
94.72.101.21 - - [02/Nov/2024:20:27:51 +0000] "GET /wp-includes/mailer_dsn_keys.json HTTP/1.1" 404 564 "-" "Mozilla/5.0 (Macintosh; Intel Mac OS X 10_12_3) AppleWebKit/537.36 (KHTML, like Gecko) Chrome/56.0.2924.87 Safari/537.36"
94.72.101.21 - - [02/Nov/2024:20:27:51 +0000] "GET /wp-includes/mailer_url_keys.json HTTP/1.1" 404 564 "-" "Mozilla/5.0 (Macintosh; Intel Mac OS X 10_12_3) AppleWebKit/537.36 (KHTML, like Gecko) Chrome/56.0.2924.87 Safari/537.36"
94.72.101.21 - - [02/Nov/2024:20:27:52 +0000] "GET /wp-includes/api_keys.json HTTP/1.1" 404 564 "-" "Mozilla/5.0 (Macintosh; Intel Mac OS X 10_12_3) AppleWebKit/537.36 (KHTML, like Gecko) Chrome/56.0.2924.87 Safari/537.36"
94.72.101.21 - - [02/Nov/2024:20:27:53 +0000] "GET /wp-includes/keys.json HTTP/1.1" 404 564 "-" "Mozilla/5.0 (Macintosh; Intel Mac OS X 10_12_3) AppleWebKit/537.36 (KHTML, like Gecko) Chrome/56.0.2924.87 Safari/537.36"
94.72.101.21 - - [02/Nov/2024:20:27:53 +0000] "GET /wp-includes/secrets.json HTTP/1.1" 404 564 "-" "Mozilla/5.0 (Macintosh; Intel Mac OS X 10_12_3) AppleWebKit/537.36 (KHTML, like Gecko) Chrome/56.0.2924.87 Safari/537.36"
94.72.101.21 - - [02/Nov/2024:20:27:53 +0000] "GET /wp-content/aws_credentials.json HTTP/1.1" 404 564 "-" "Mozilla/5.0 (Macintosh; Intel Mac OS X 10_12_3) AppleWebKit/537.36 (KHTML, like Gecko) Chrome/56.0.2924.87 Safari/537.36"
94.72.101.21 - - [02/Nov/2024:20:27:53 +0000] "GET /wp-content/aws_config.json HTTP/1.1" 404 564 "-" "Mozilla/5.0 (Macintosh; Intel Mac OS X 10_12_3) AppleWebKit/537.36 (KHTML, like Gecko) Chrome/56.0.2924.87 Safari/537.36"
94.72.101.21 - - [02/Nov/2024:20:27:53 +0000] "GET /wp-content/mailgun_keys.json HTTP/1.1" 404 564 "-" "Mozilla/5.0 (Macintosh; Intel Mac OS X 10_12_3) AppleWebKit/537.36 (KHTML, like Gecko) Chrome/56.0.2924.87 Safari/537.36"
94.72.101.21 - - [02/Nov/2024:20:27:53 +0000] "GET /wp-content/mandrill_keys.json HTTP/1.1" 404 564 "-" "Mozilla/5.0 (Macintosh; Intel Mac OS X 10_12_3) AppleWebKit/537.36 (KHTML, like Gecko) Chrome/56.0.2924.87 Safari/537.36"
94.72.101.21 - - [02/Nov/2024:20:27:54 +0000] "GET /wp-content/mailjet_keys.json HTTP/1.1" 404 564 "-" "Mozilla/5.0 (Macintosh; Intel Mac OS X 10_12_3) AppleWebKit/537.36 (KHTML, like Gecko) Chrome/56.0.2924.87 Safari/537.36"
94.72.101.21 - - [02/Nov/2024:20:27:54 +0000] "GET /wp-content/sendgrid_keys.json HTTP/1.1" 404 564 "-" "Mozilla/5.0 (Macintosh; Intel Mac OS X 10_12_3) AppleWebKit/537.36 (KHTML, like Gecko) Chrome/56.0.2924.87 Safari/537.36"
94.72.101.21 - - [02/Nov/2024:20:27:54 +0000] "GET /wp-content/sparkpost_keys.json HTTP/1.1" 404 564 "-" "Mozilla/5.0 (Macintosh; Intel Mac OS X 10_12_3) AppleWebKit/537.36 (KHTML, like Gecko) Chrome/56.0.2924.87 Safari/537.36"
94.72.101.21 - - [02/Nov/2024:20:27:55 +0000] "GET /wp-content/mailer_dsn_keys.json HTTP/1.1" 404 564 "-" "Mozilla/5.0 (Macintosh; Intel Mac OS X 10_12_3) AppleWebKit/537.36 (KHTML, like Gecko) Chrome/56.0.2924.87 Safari/537.36"
94.72.101.21 - - [02/Nov/2024:20:27:55 +0000] "GET /wp-content/mailer_url_keys.json HTTP/1.1" 404 564 "-" "Mozilla/5.0 (Macintosh; Intel Mac OS X 10_12_3) AppleWebKit/537.36 (KHTML, like Gecko) Chrome/56.0.2924.87 Safari/537.36"
94.72.101.21 - - [02/Nov/2024:20:27:55 +0000] "GET /wp-content/api_keys.json HTTP/1.1" 404 564 "-" "Mozilla/5.0 (Macintosh; Intel Mac OS X 10_12_3) AppleWebKit/537.36 (KHTML, like Gecko) Chrome/56.0.2924.87 Safari/537.36"
94.72.101.21 - - [02/Nov/2024:20:27:56 +0000] "GET /wp-content/keys.json HTTP/1.1" 404 564 "-" "Mozilla/5.0 (Macintosh; Intel Mac OS X 10_12_3) AppleWebKit/537.36 (KHTML, like Gecko) Chrome/56.0.2924.87 Safari/537.36"
94.72.101.21 - - [02/Nov/2024:20:27:56 +0000] "GET /wp-content/secrets.json HTTP/1.1" 404 564 "-" "Mozilla/5.0 (Macintosh; Intel Mac OS X 10_12_3) AppleWebKit/537.36 (KHTML, like Gecko) Chrome/56.0.2924.87 Safari/537.36"
94.72.101.21 - - [02/Nov/2024:20:27:56 +0000] "GET /wp-admin/aws_credentials.json HTTP/1.1" 404 564 "-" "Mozilla/5.0 (Macintosh; Intel Mac OS X 10_12_3) AppleWebKit/537.36 (KHTML, like Gecko) Chrome/56.0.2924.87 Safari/537.36"
94.72.101.21 - - [02/Nov/2024:20:27:56 +0000] "GET /wp-admin/aws_config.json HTTP/1.1" 404 564 "-" "Mozilla/5.0 (Macintosh; Intel Mac OS X 10_12_3) AppleWebKit/537.36 (KHTML, like Gecko) Chrome/56.0.2924.87 Safari/537.36"
94.72.101.21 - - [02/Nov/2024:20:27:56 +0000] "GET /wp-admin/mailgun_keys.json HTTP/1.1" 404 564 "-" "Mozilla/5.0 (Macintosh; Intel Mac OS X 10_12_3) AppleWebKit/537.36 (KHTML, like Gecko) Chrome/56.0.2924.87 Safari/537.36"
94.72.101.21 - - [02/Nov/2024:20:27:56 +0000] "GET /wp-admin/mandrill_keys.json HTTP/1.1" 404 564 "-" "Mozilla/5.0 (Macintosh; Intel Mac OS X 10_12_3) AppleWebKit/537.36 (KHTML, like Gecko) Chrome/56.0.2924.87 Safari/537.36"
94.72.101.21 - - [02/Nov/2024:20:27:57 +0000] "GET /wp-admin/mailjet_keys.json HTTP/1.1" 404 564 "-" "Mozilla/5.0 (Macintosh; Intel Mac OS X 10_12_3) AppleWebKit/537.36 (KHTML, like Gecko) Chrome/56.0.2924.87 Safari/537.36"
94.72.101.21 - - [02/Nov/2024:20:27:57 +0000] "GET /wp-admin/sendgrid_keys.json HTTP/1.1" 404 564 "-" "Mozilla/5.0 (Macintosh; Intel Mac OS X 10_12_3) AppleWebKit/537.36 (KHTML, like Gecko) Chrome/56.0.2924.87 Safari/537.36"
94.72.101.21 - - [02/Nov/2024:20:27:57 +0000] "GET /wp-admin/sparkpost_keys.json HTTP/1.1" 404 564 "-" "Mozilla/5.0 (Macintosh; Intel Mac OS X 10_12_3) AppleWebKit/537.36 (KHTML, like Gecko) Chrome/56.0.2924.87 Safari/537.36"
94.72.101.21 - - [02/Nov/2024:20:27:57 +0000] "GET /wp-admin/mailer_dsn_keys.json HTTP/1.1" 404 564 "-" "Mozilla/5.0 (Macintosh; Intel Mac OS X 10_12_3) AppleWebKit/537.36 (KHTML, like Gecko) Chrome/56.0.2924.87 Safari/537.36"
94.72.101.21 - - [02/Nov/2024:20:27:57 +0000] "GET /wp-admin/mailer_url_keys.json HTTP/1.1" 404 564 "-" "Mozilla/5.0 (Macintosh; Intel Mac OS X 10_12_3) AppleWebKit/537.36 (KHTML, like Gecko) Chrome/56.0.2924.87 Safari/537.36"
94.72.101.21 - - [02/Nov/2024:20:27:58 +0000] "GET /wp-admin/api_keys.json HTTP/1.1" 404 564 "-" "Mozilla/5.0 (Macintosh; Intel Mac OS X 10_12_3) AppleWebKit/537.36 (KHTML, like Gecko) Chrome/56.0.2924.87 Safari/537.36"
94.72.101.21 - - [02/Nov/2024:20:27:58 +0000] "GET /wp-admin/keys.json HTTP/1.1" 404 564 "-" "Mozilla/5.0 (Macintosh; Intel Mac OS X 10_12_3) AppleWebKit/537.36 (KHTML, like Gecko) Chrome/56.0.2924.87 Safari/537.36"
94.72.101.21 - - [02/Nov/2024:20:27:58 +0000] "GET /wp-admin/secrets.json HTTP/1.1" 404 564 "-" "Mozilla/5.0 (Macintosh; Intel Mac OS X 10_12_3) AppleWebKit/537.36 (KHTML, like Gecko) Chrome/56.0.2924.87 Safari/537.36"
94.72.101.21 - - [02/Nov/2024:20:27:58 +0000] "GET /config/aws_credentials.json HTTP/1.1" 404 564 "-" "Mozilla/5.0 (Macintosh; Intel Mac OS X 10_12_3) AppleWebKit/537.36 (KHTML, like Gecko) Chrome/56.0.2924.87 Safari/537.36"
94.72.101.21 - - [02/Nov/2024:20:27:58 +0000] "GET /config/aws_config.json HTTP/1.1" 404 564 "-" "Mozilla/5.0 (Macintosh; Intel Mac OS X 10_12_3) AppleWebKit/537.36 (KHTML, like Gecko) Chrome/56.0.2924.87 Safari/537.36"
94.72.101.21 - - [02/Nov/2024:20:27:58 +0000] "GET /private/aws_credentials HTTP/1.1" 404 564 "-" "Mozilla/5.0 (Macintosh; Intel Mac OS X 10_12_3) AppleWebKit/537.36 (KHTML, like Gecko) Chrome/56.0.2924.87 Safari/537.36"
94.72.101.21 - - [02/Nov/2024:20:27:59 +0000] "GET /private/aws_config HTTP/1.1" 404 564 "-" "Mozilla/5.0 (Macintosh; Intel Mac OS X 10_12_3) AppleWebKit/537.36 (KHTML, like Gecko) Chrome/56.0.2924.87 Safari/537.36"
94.72.101.21 - - [02/Nov/2024:20:27:59 +0000] "GET /backup/aws_credentials HTTP/1.1" 404 564 "-" "Mozilla/5.0 (Macintosh; Intel Mac OS X 10_12_3) AppleWebKit/537.36 (KHTML, like Gecko) Chrome/56.0.2924.87 Safari/537.36"
94.72.101.21 - - [02/Nov/2024:20:28:00 +0000] "GET /backup/aws_config HTTP/1.1" 404 564 "-" "Mozilla/5.0 (Macintosh; Intel Mac OS X 10_12_3) AppleWebKit/537.36 (KHTML, like Gecko) Chrome/56.0.2924.87 Safari/537.36"
94.72.101.21 - - [02/Nov/2024:20:28:00 +0000] "GET /secrets/aws_credentials HTTP/1.1" 404 564 "-" "Mozilla/5.0 (Macintosh; Intel Mac OS X 10_12_3) AppleWebKit/537.36 (KHTML, like Gecko) Chrome/56.0.2924.87 Safari/537.36"
94.72.101.21 - - [02/Nov/2024:20:28:00 +0000] "GET /secrets/aws_config HTTP/1.1" 404 564 "-" "Mozilla/5.0 (Macintosh; Intel Mac OS X 10_12_3) AppleWebKit/537.36 (KHTML, like Gecko) Chrome/56.0.2924.87 Safari/537.36"
94.72.101.21 - - [02/Nov/2024:20:28:00 +0000] "GET /config/aws.py HTTP/1.1" 404 564 "-" "Mozilla/5.0 (Macintosh; Intel Mac OS X 10_12_3) AppleWebKit/537.36 (KHTML, like Gecko) Chrome/56.0.2924.87 Safari/537.36"
94.72.101.21 - - [02/Nov/2024:20:28:01 +0000] "GET /settings/aws_credentials HTTP/1.1" 404 564 "-" "Mozilla/5.0 (Macintosh; Intel Mac OS X 10_12_3) AppleWebKit/537.36 (KHTML, like Gecko) Chrome/56.0.2924.87 Safari/537.36"
94.72.101.21 - - [02/Nov/2024:20:28:01 +0000] "GET /settings/aws_config HTTP/1.1" 404 564 "-" "Mozilla/5.0 (Macintosh; Intel Mac OS X 10_12_3) AppleWebKit/537.36 (KHTML, like Gecko) Chrome/56.0.2924.87 Safari/537.36"
94.72.101.21 - - [02/Nov/2024:20:28:01 +0000] "GET /config/settings/aws_credentials.json HTTP/1.1" 404 564 "-" "Mozilla/5.0 (Macintosh; Intel Mac OS X 10_12_3) AppleWebKit/537.36 (KHTML, like Gecko) Chrome/56.0.2924.87 Safari/537.36"
94.72.101.21 - - [02/Nov/2024:20:28:01 +0000] "GET /config/settings/aws_config.json HTTP/1.1" 404 564 "-" "Mozilla/5.0 (Macintosh; Intel Mac OS X 10_12_3) AppleWebKit/537.36 (KHTML, like Gecko) Chrome/56.0.2924.87 Safari/537.36"
94.72.101.21 - - [02/Nov/2024:20:28:01 +0000] "GET /config/env/aws.env HTTP/1.1" 404 564 "-" "Mozilla/5.0 (Macintosh; Intel Mac OS X 10_12_3) AppleWebKit/537.36 (KHTML, like Gecko) Chrome/56.0.2924.87 Safari/537.36"
94.72.101.21 - - [02/Nov/2024:20:28:02 +0000] "GET /config/env/aws_credentials.env HTTP/1.1" 404 564 "-" "Mozilla/5.0 (Macintosh; Intel Mac OS X 10_12_3) AppleWebKit/537.36 (KHTML, like Gecko) Chrome/56.0.2924.87 Safari/537.36"
94.72.101.21 - - [02/Nov/2024:20:28:02 +0000] "GET /instance/aws_credentials.py HTTP/1.1" 404 564 "-" "Mozilla/5.0 (Macintosh; Intel Mac OS X 10_12_3) AppleWebKit/537.36 (KHTML, like Gecko) Chrome/56.0.2924.87 Safari/537.36"
94.72.101.21 - - [02/Nov/2024:20:28:02 +0000] "GET /aws_keys.txt HTTP/1.1" 404 564 "-" "Mozilla/5.0 (Macintosh; Intel Mac OS X 10_12_3) AppleWebKit/537.36 (KHTML, like Gecko) Chrome/56.0.2924.87 Safari/537.36"
94.72.101.21 - - [02/Nov/2024:20:28:03 +0000] "GET /aws_keys.py HTTP/1.1" 404 564 "-" "Mozilla/5.0 (Macintosh; Intel Mac OS X 10_12_3) AppleWebKit/537.36 (KHTML, like Gecko) Chrome/56.0.2924.87 Safari/537.36"
94.72.101.21 - - [02/Nov/2024:20:28:03 +0000] "GET /keys/aws_keys.json HTTP/1.1" 404 564 "-" "Mozilla/5.0 (Macintosh; Intel Mac OS X 10_12_3) AppleWebKit/537.36 (KHTML, like Gecko) Chrome/56.0.2924.87 Safari/537.36"
94.72.101.21 - - [02/Nov/2024:20:28:03 +0000] "GET /api_keys/aws_keys.json HTTP/1.1" 404 564 "-" "Mozilla/5.0 (Macintosh; Intel Mac OS X 10_12_3) AppleWebKit/537.36 (KHTML, like Gecko) Chrome/56.0.2924.87 Safari/537.36"
94.72.101.21 - - [02/Nov/2024:20:28:03 +0000] "GET /aws_access_keys HTTP/1.1" 404 564 "-" "Mozilla/5.0 (Macintosh; Intel Mac OS X 10_12_3) AppleWebKit/537.36 (KHTML, like Gecko) Chrome/56.0.2924.87 Safari/537.36"
94.72.101.21 - - [02/Nov/2024:20:28:03 +0000] "GET /config/aws_access_keys.json HTTP/1.1" 404 564 "-" "Mozilla/5.0 (Macintosh; Intel Mac OS X 10_12_3) AppleWebKit/537.36 (KHTML, like Gecko) Chrome/56.0.2924.87 Safari/537.36"
94.72.101.21 - - [02/Nov/2024:20:28:04 +0000] "GET /private/aws_access_keys HTTP/1.1" 404 564 "-" "Mozilla/5.0 (Macintosh; Intel Mac OS X 10_12_3) AppleWebKit/537.36 (KHTML, like Gecko) Chrome/56.0.2924.87 Safari/537.36"
94.72.101.21 - - [02/Nov/2024:20:28:04 +0000] "GET /backup/aws_access_keys HTTP/1.1" 404 564 "-" "Mozilla/5.0 (Macintosh; Intel Mac OS X 10_12_3) AppleWebKit/537.36 (KHTML, like Gecko) Chrome/56.0.2924.87 Safari/537.36"
94.72.101.21 - - [02/Nov/2024:20:28:04 +0000] "GET /secrets/aws_access_keys HTTP/1.1" 404 564 "-" "Mozilla/5.0 (Macintosh; Intel Mac OS X 10_12_3) AppleWebKit/537.36 (KHTML, like Gecko) Chrome/56.0.2924.87 Safari/537.36"
94.72.101.21 - - [02/Nov/2024:20:28:04 +0000] "GET /config/aws_access_keys.py HTTP/1.1" 404 564 "-" "Mozilla/5.0 (Macintosh; Intel Mac OS X 10_12_3) AppleWebKit/537.36 (KHTML, like Gecko) Chrome/56.0.2924.87 Safari/537.36"
94.72.101.21 - - [02/Nov/2024:20:28:05 +0000] "GET /settings/aws_access_keys HTTP/1.1" 404 564 "-" "Mozilla/5.0 (Macintosh; Intel Mac OS X 10_12_3) AppleWebKit/537.36 (KHTML, like Gecko) Chrome/56.0.2924.87 Safari/537.36"
94.72.101.21 - - [02/Nov/2024:20:28:05 +0000] "GET /.env.aws_access_keys HTTP/1.1" 404 564 "-" "Mozilla/5.0 (Macintosh; Intel Mac OS X 10_12_3) AppleWebKit/537.36 (KHTML, like Gecko) Chrome/56.0.2924.87 Safari/537.36"
94.72.101.21 - - [02/Nov/2024:20:28:05 +0000] "GET /mailgun_keys HTTP/1.1" 404 564 "-" "Mozilla/5.0 (Macintosh; Intel Mac OS X 10_12_3) AppleWebKit/537.36 (KHTML, like Gecko) Chrome/56.0.2924.87 Safari/537.36"
94.72.101.21 - - [02/Nov/2024:20:28:05 +0000] "GET /.mailgun/credentials HTTP/1.1" 404 564 "-" "Mozilla/5.0 (Macintosh; Intel Mac OS X 10_12_3) AppleWebKit/537.36 (KHTML, like Gecko) Chrome/56.0.2924.87 Safari/537.36"
94.72.101.21 - - [02/Nov/2024:20:28:05 +0000] "GET /.mailgun/config HTTP/1.1" 404 564 "-" "Mozilla/5.0 (Macintosh; Intel Mac OS X 10_12_3) AppleWebKit/537.36 (KHTML, like Gecko) Chrome/56.0.2924.87 Safari/537.36"
94.72.101.21 - - [02/Nov/2024:20:28:06 +0000] "GET /config/mailgun_keys.json HTTP/1.1" 404 564 "-" "Mozilla/5.0 (Macintosh; Intel Mac OS X 10_12_3) AppleWebKit/537.36 (KHTML, like Gecko) Chrome/56.0.2924.87 Safari/537.36"
94.72.101.21 - - [02/Nov/2024:20:28:06 +0000] "GET /config/mailgun_config.json HTTP/1.1" 404 564 "-" "Mozilla/5.0 (Macintosh; Intel Mac OS X 10_12_3) AppleWebKit/537.36 (KHTML, like Gecko) Chrome/56.0.2924.87 Safari/537.36"
94.72.101.21 - - [02/Nov/2024:20:28:07 +0000] "GET /private/mailgun_keys HTTP/1.1" 404 564 "-" "Mozilla/5.0 (Macintosh; Intel Mac OS X 10_12_3) AppleWebKit/537.36 (KHTML, like Gecko) Chrome/56.0.2924.87 Safari/537.36"
94.72.101.21 - - [02/Nov/2024:20:28:07 +0000] "GET /private/mailgun_config HTTP/1.1" 404 564 "-" "Mozilla/5.0 (Macintosh; Intel Mac OS X 10_12_3) AppleWebKit/537.36 (KHTML, like Gecko) Chrome/56.0.2924.87 Safari/537.36"
94.72.101.21 - - [02/Nov/2024:20:28:07 +0000] "GET /backup/mailgun_keys HTTP/1.1" 404 564 "-" "Mozilla/5.0 (Macintosh; Intel Mac OS X 10_12_3) AppleWebKit/537.36 (KHTML, like Gecko) Chrome/56.0.2924.87 Safari/537.36"
94.72.101.21 - - [02/Nov/2024:20:28:08 +0000] "GET /backup/mailgun_config HTTP/1.1" 404 564 "-" "Mozilla/5.0 (Macintosh; Intel Mac OS X 10_12_3) AppleWebKit/537.36 (KHTML, like Gecko) Chrome/56.0.2924.87 Safari/537.36"
94.72.101.21 - - [02/Nov/2024:20:28:08 +0000] "GET /secrets/mailgun_keys HTTP/1.1" 404 564 "-" "Mozilla/5.0 (Macintosh; Intel Mac OS X 10_12_3) AppleWebKit/537.36 (KHTML, like Gecko) Chrome/56.0.2924.87 Safari/537.36"
94.72.101.21 - - [02/Nov/2024:20:28:09 +0000] "GET /secrets/mailgun_config HTTP/1.1" 404 564 "-" "Mozilla/5.0 (Macintosh; Intel Mac OS X 10_12_3) AppleWebKit/537.36 (KHTML, like Gecko) Chrome/56.0.2924.87 Safari/537.36"
94.72.101.21 - - [02/Nov/2024:20:28:10 +0000] "GET /config/mailgun.py HTTP/1.1" 404 564 "-" "Mozilla/5.0 (Macintosh; Intel Mac OS X 10_12_3) AppleWebKit/537.36 (KHTML, like Gecko) Chrome/56.0.2924.87 Safari/537.36"
94.72.101.21 - - [02/Nov/2024:20:28:10 +0000] "GET /settings/mailgun_keys HTTP/1.1" 404 564 "-" "Mozilla/5.0 (Macintosh; Intel Mac OS X 10_12_3) AppleWebKit/537.36 (KHTML, like Gecko) Chrome/56.0.2924.87 Safari/537.36"
94.72.101.21 - - [02/Nov/2024:20:28:10 +0000] "GET /settings/mailgun_config HTTP/1.1" 404 564 "-" "Mozilla/5.0 (Macintosh; Intel Mac OS X 10_12_3) AppleWebKit/537.36 (KHTML, like Gecko) Chrome/56.0.2924.87 Safari/537.36"
94.72.101.21 - - [02/Nov/2024:20:28:10 +0000] "GET /config/settings/mailgun_keys.json HTTP/1.1" 404 564 "-" "Mozilla/5.0 (Macintosh; Intel Mac OS X 10_12_3) AppleWebKit/537.36 (KHTML, like Gecko) Chrome/56.0.2924.87 Safari/537.36"
94.72.101.21 - - [02/Nov/2024:20:28:10 +0000] "GET /config/settings/mailgun_config.json HTTP/1.1" 404 564 "-" "Mozilla/5.0 (Macintosh; Intel Mac OS X 10_12_3) AppleWebKit/537.36 (KHTML, like Gecko) Chrome/56.0.2924.87 Safari/537.36"
94.72.101.21 - - [02/Nov/2024:20:28:11 +0000] "GET /config/env/mailgun.env HTTP/1.1" 404 564 "-" "Mozilla/5.0 (Macintosh; Intel Mac OS X 10_12_3) AppleWebKit/537.36 (KHTML, like Gecko) Chrome/56.0.2924.87 Safari/537.36"
94.72.101.21 - - [02/Nov/2024:20:28:11 +0000] "GET /config/env/mailgun_keys.env HTTP/1.1" 404 564 "-" "Mozilla/5.0 (Macintosh; Intel Mac OS X 10_12_3) AppleWebKit/537.36 (KHTML, like Gecko) Chrome/56.0.2924.87 Safari/537.36"
94.72.101.21 - - [02/Nov/2024:20:28:11 +0000] "GET /instance/mailgun_keys.py HTTP/1.1" 404 564 "-" "Mozilla/5.0 (Macintosh; Intel Mac OS X 10_12_3) AppleWebKit/537.36 (KHTML, like Gecko) Chrome/56.0.2924.87 Safari/537.36"
94.72.101.21 - - [02/Nov/2024:20:28:12 +0000] "GET /mailgun_keys.txt HTTP/1.1" 404 564 "-" "Mozilla/5.0 (Macintosh; Intel Mac OS X 10_12_3) AppleWebKit/537.36 (KHTML, like Gecko) Chrome/56.0.2924.87 Safari/537.36"
94.72.101.21 - - [02/Nov/2024:20:28:12 +0000] "GET /mailgun_keys.py HTTP/1.1" 404 564 "-" "Mozilla/5.0 (Macintosh; Intel Mac OS X 10_12_3) AppleWebKit/537.36 (KHTML, like Gecko) Chrome/56.0.2924.87 Safari/537.36"
94.72.101.21 - - [02/Nov/2024:20:28:14 +0000] "GET /keys/mailgun_keys.json HTTP/1.1" 404 564 "-" "Mozilla/5.0 (Macintosh; Intel Mac OS X 10_12_3) AppleWebKit/537.36 (KHTML, like Gecko) Chrome/56.0.2924.87 Safari/537.36"
94.72.101.21 - - [02/Nov/2024:20:28:14 +0000] "GET /api_keys/mailgun_keys.json HTTP/1.1" 404 564 "-" "Mozilla/5.0 (Macintosh; Intel Mac OS X 10_12_3) AppleWebKit/537.36 (KHTML, like Gecko) Chrome/56.0.2924.87 Safari/537.36"
94.72.101.21 - - [02/Nov/2024:20:28:14 +0000] "GET /mandrill_keys HTTP/1.1" 404 564 "-" "Mozilla/5.0 (Macintosh; Intel Mac OS X 10_12_3) AppleWebKit/537.36 (KHTML, like Gecko) Chrome/56.0.2924.87 Safari/537.36"
94.72.101.21 - - [02/Nov/2024:20:28:14 +0000] "GET /.mandrill/credentials HTTP/1.1" 404 564 "-" "Mozilla/5.0 (Macintosh; Intel Mac OS X 10_12_3) AppleWebKit/537.36 (KHTML, like Gecko) Chrome/56.0.2924.87 Safari/537.36"
94.72.101.21 - - [02/Nov/2024:20:28:15 +0000] "GET /.mandrill/config HTTP/1.1" 404 564 "-" "Mozilla/5.0 (Macintosh; Intel Mac OS X 10_12_3) AppleWebKit/537.36 (KHTML, like Gecko) Chrome/56.0.2924.87 Safari/537.36"
94.72.101.21 - - [02/Nov/2024:20:28:15 +0000] "GET /config/mandrill_keys.json HTTP/1.1" 404 564 "-" "Mozilla/5.0 (Macintosh; Intel Mac OS X 10_12_3) AppleWebKit/537.36 (KHTML, like Gecko) Chrome/56.0.2924.87 Safari/537.36"
94.72.101.21 - - [02/Nov/2024:20:28:15 +0000] "GET /config/mandrill_config.json HTTP/1.1" 404 564 "-" "Mozilla/5.0 (Macintosh; Intel Mac OS X 10_12_3) AppleWebKit/537.36 (KHTML, like Gecko) Chrome/56.0.2924.87 Safari/537.36"
94.72.101.21 - - [02/Nov/2024:20:28:15 +0000] "GET /private/mandrill_keys HTTP/1.1" 404 564 "-" "Mozilla/5.0 (Macintosh; Intel Mac OS X 10_12_3) AppleWebKit/537.36 (KHTML, like Gecko) Chrome/56.0.2924.87 Safari/537.36"
94.72.101.21 - - [02/Nov/2024:20:28:15 +0000] "GET /private/mandrill_config HTTP/1.1" 404 564 "-" "Mozilla/5.0 (Macintosh; Intel Mac OS X 10_12_3) AppleWebKit/537.36 (KHTML, like Gecko) Chrome/56.0.2924.87 Safari/537.36"
94.72.101.21 - - [02/Nov/2024:20:28:16 +0000] "GET /backup/mandrill_keys HTTP/1.1" 404 564 "-" "Mozilla/5.0 (Macintosh; Intel Mac OS X 10_12_3) AppleWebKit/537.36 (KHTML, like Gecko) Chrome/56.0.2924.87 Safari/537.36"
94.72.101.21 - - [02/Nov/2024:20:28:16 +0000] "GET /backup/mandrill_config HTTP/1.1" 404 564 "-" "Mozilla/5.0 (Macintosh; Intel Mac OS X 10_12_3) AppleWebKit/537.36 (KHTML, like Gecko) Chrome/56.0.2924.87 Safari/537.36"
94.72.101.21 - - [02/Nov/2024:20:28:16 +0000] "GET /secrets/mandrill_keys HTTP/1.1" 404 564 "-" "Mozilla/5.0 (Macintosh; Intel Mac OS X 10_12_3) AppleWebKit/537.36 (KHTML, like Gecko) Chrome/56.0.2924.87 Safari/537.36"
94.72.101.21 - - [02/Nov/2024:20:28:16 +0000] "GET /secrets/mandrill_config HTTP/1.1" 404 564 "-" "Mozilla/5.0 (Macintosh; Intel Mac OS X 10_12_3) AppleWebKit/537.36 (KHTML, like Gecko) Chrome/56.0.2924.87 Safari/537.36"
94.72.101.21 - - [02/Nov/2024:20:28:17 +0000] "GET /config/mandrill.py HTTP/1.1" 404 564 "-" "Mozilla/5.0 (Macintosh; Intel Mac OS X 10_12_3) AppleWebKit/537.36 (KHTML, like Gecko) Chrome/56.0.2924.87 Safari/537.36"
94.72.101.21 - - [02/Nov/2024:20:28:17 +0000] "GET /settings/mandrill_keys HTTP/1.1" 404 564 "-" "Mozilla/5.0 (Macintosh; Intel Mac OS X 10_12_3) AppleWebKit/537.36 (KHTML, like Gecko) Chrome/56.0.2924.87 Safari/537.36"
94.72.101.21 - - [02/Nov/2024:20:28:17 +0000] "GET /settings/mandrill_config HTTP/1.1" 404 564 "-" "Mozilla/5.0 (Macintosh; Intel Mac OS X 10_12_3) AppleWebKit/537.36 (KHTML, like Gecko) Chrome/56.0.2924.87 Safari/537.36"
94.72.101.21 - - [02/Nov/2024:20:28:17 +0000] "GET /config/settings/mandrill_keys.json HTTP/1.1" 404 564 "-" "Mozilla/5.0 (Macintosh; Intel Mac OS X 10_12_3) AppleWebKit/537.36 (KHTML, like Gecko) Chrome/56.0.2924.87 Safari/537.36"
94.72.101.21 - - [02/Nov/2024:20:28:19 +0000] "GET /config/settings/mandrill_config.json HTTP/1.1" 404 564 "-" "Mozilla/5.0 (Macintosh; Intel Mac OS X 10_12_3) AppleWebKit/537.36 (KHTML, like Gecko) Chrome/56.0.2924.87 Safari/537.36"
94.72.101.21 - - [02/Nov/2024:20:28:20 +0000] "GET /config/env/mandrill.env HTTP/1.1" 404 564 "-" "Mozilla/5.0 (Macintosh; Intel Mac OS X 10_12_3) AppleWebKit/537.36 (KHTML, like Gecko) Chrome/56.0.2924.87 Safari/537.36"
94.72.101.21 - - [02/Nov/2024:20:28:20 +0000] "GET /config/env/mandrill_keys.env HTTP/1.1" 404 564 "-" "Mozilla/5.0 (Macintosh; Intel Mac OS X 10_12_3) AppleWebKit/537.36 (KHTML, like Gecko) Chrome/56.0.2924.87 Safari/537.36"
94.72.101.21 - - [02/Nov/2024:20:28:21 +0000] "GET /instance/mandrill_keys.py HTTP/1.1" 404 564 "-" "Mozilla/5.0 (Macintosh; Intel Mac OS X 10_12_3) AppleWebKit/537.36 (KHTML, like Gecko) Chrome/56.0.2924.87 Safari/537.36"
94.72.101.21 - - [02/Nov/2024:20:28:22 +0000] "GET /mandrill_keys.txt HTTP/1.1" 404 564 "-" "Mozilla/5.0 (Macintosh; Intel Mac OS X 10_12_3) AppleWebKit/537.36 (KHTML, like Gecko) Chrome/56.0.2924.87 Safari/537.36"
94.72.101.21 - - [02/Nov/2024:20:28:22 +0000] "GET /mandrill_keys.py HTTP/1.1" 404 564 "-" "Mozilla/5.0 (Macintosh; Intel Mac OS X 10_12_3) AppleWebKit/537.36 (KHTML, like Gecko) Chrome/56.0.2924.87 Safari/537.36"
94.72.101.21 - - [02/Nov/2024:20:28:22 +0000] "GET /keys/mandrill_keys.json HTTP/1.1" 404 564 "-" "Mozilla/5.0 (Macintosh; Intel Mac OS X 10_12_3) AppleWebKit/537.36 (KHTML, like Gecko) Chrome/56.0.2924.87 Safari/537.36"
94.72.101.21 - - [02/Nov/2024:20:28:22 +0000] "GET /api_keys/mandrill_keys.json HTTP/1.1" 404 564 "-" "Mozilla/5.0 (Macintosh; Intel Mac OS X 10_12_3) AppleWebKit/537.36 (KHTML, like Gecko) Chrome/56.0.2924.87 Safari/537.36"
94.72.101.21 - - [02/Nov/2024:20:28:22 +0000] "GET /mailjet_keys HTTP/1.1" 404 564 "-" "Mozilla/5.0 (Macintosh; Intel Mac OS X 10_12_3) AppleWebKit/537.36 (KHTML, like Gecko) Chrome/56.0.2924.87 Safari/537.36"
94.72.101.21 - - [02/Nov/2024:20:28:23 +0000] "GET /.mailjet/credentials HTTP/1.1" 404 564 "-" "Mozilla/5.0 (Macintosh; Intel Mac OS X 10_12_3) AppleWebKit/537.36 (KHTML, like Gecko) Chrome/56.0.2924.87 Safari/537.36"
94.72.101.21 - - [02/Nov/2024:20:28:23 +0000] "GET /.mailjet/config HTTP/1.1" 404 564 "-" "Mozilla/5.0 (Macintosh; Intel Mac OS X 10_12_3) AppleWebKit/537.36 (KHTML, like Gecko) Chrome/56.0.2924.87 Safari/537.36"
94.72.101.21 - - [02/Nov/2024:20:28:23 +0000] "GET /config/mailjet_keys.json HTTP/1.1" 404 564 "-" "Mozilla/5.0 (Macintosh; Intel Mac OS X 10_12_3) AppleWebKit/537.36 (KHTML, like Gecko) Chrome/56.0.2924.87 Safari/537.36"
94.72.101.21 - - [02/Nov/2024:20:28:23 +0000] "GET /config/mailjet_config.json HTTP/1.1" 404 564 "-" "Mozilla/5.0 (Macintosh; Intel Mac OS X 10_12_3) AppleWebKit/537.36 (KHTML, like Gecko) Chrome/56.0.2924.87 Safari/537.36"
94.72.101.21 - - [02/Nov/2024:20:28:23 +0000] "GET /private/mailjet_keys HTTP/1.1" 404 564 "-" "Mozilla/5.0 (Macintosh; Intel Mac OS X 10_12_3) AppleWebKit/537.36 (KHTML, like Gecko) Chrome/56.0.2924.87 Safari/537.36"
94.72.101.21 - - [02/Nov/2024:20:28:24 +0000] "GET /private/mailjet_config HTTP/1.1" 404 564 "-" "Mozilla/5.0 (Macintosh; Intel Mac OS X 10_12_3) AppleWebKit/537.36 (KHTML, like Gecko) Chrome/56.0.2924.87 Safari/537.36"
94.72.101.21 - - [02/Nov/2024:20:28:24 +0000] "GET /backup/mailjet_keys HTTP/1.1" 404 564 "-" "Mozilla/5.0 (Macintosh; Intel Mac OS X 10_12_3) AppleWebKit/537.36 (KHTML, like Gecko) Chrome/56.0.2924.87 Safari/537.36"
94.72.101.21 - - [02/Nov/2024:20:28:25 +0000] "GET /backup/mailjet_config HTTP/1.1" 404 564 "-" "Mozilla/5.0 (Macintosh; Intel Mac OS X 10_12_3) AppleWebKit/537.36 (KHTML, like Gecko) Chrome/56.0.2924.87 Safari/537.36"
94.72.101.21 - - [02/Nov/2024:20:28:25 +0000] "GET /secrets/mailjet_keys HTTP/1.1" 404 564 "-" "Mozilla/5.0 (Macintosh; Intel Mac OS X 10_12_3) AppleWebKit/537.36 (KHTML, like Gecko) Chrome/56.0.2924.87 Safari/537.36"
94.72.101.21 - - [02/Nov/2024:20:28:25 +0000] "GET /secrets/mailjet_config HTTP/1.1" 404 564 "-" "Mozilla/5.0 (Macintosh; Intel Mac OS X 10_12_3) AppleWebKit/537.36 (KHTML, like Gecko) Chrome/56.0.2924.87 Safari/537.36"
94.72.101.21 - - [02/Nov/2024:20:28:26 +0000] "GET /config/mailjet.py HTTP/1.1" 404 564 "-" "Mozilla/5.0 (Macintosh; Intel Mac OS X 10_12_3) AppleWebKit/537.36 (KHTML, like Gecko) Chrome/56.0.2924.87 Safari/537.36"
94.72.101.21 - - [02/Nov/2024:20:28:26 +0000] "GET /settings/mailjet_keys HTTP/1.1" 404 564 "-" "Mozilla/5.0 (Macintosh; Intel Mac OS X 10_12_3) AppleWebKit/537.36 (KHTML, like Gecko) Chrome/56.0.2924.87 Safari/537.36"
94.72.101.21 - - [02/Nov/2024:20:28:26 +0000] "GET /settings/mailjet_config HTTP/1.1" 404 564 "-" "Mozilla/5.0 (Macintosh; Intel Mac OS X 10_12_3) AppleWebKit/537.36 (KHTML, like Gecko) Chrome/56.0.2924.87 Safari/537.36"
94.72.101.21 - - [02/Nov/2024:20:28:27 +0000] "GET /config/settings/mailjet_keys.json HTTP/1.1" 404 564 "-" "Mozilla/5.0 (Macintosh; Intel Mac OS X 10_12_3) AppleWebKit/537.36 (KHTML, like Gecko) Chrome/56.0.2924.87 Safari/537.36"
94.72.101.21 - - [02/Nov/2024:20:28:27 +0000] "GET /config/settings/mailjet_config.json HTTP/1.1" 404 564 "-" "Mozilla/5.0 (Macintosh; Intel Mac OS X 10_12_3) AppleWebKit/537.36 (KHTML, like Gecko) Chrome/56.0.2924.87 Safari/537.36"
94.72.101.21 - - [02/Nov/2024:20:28:27 +0000] "GET /config/env/mailjet.env HTTP/1.1" 404 564 "-" "Mozilla/5.0 (Macintosh; Intel Mac OS X 10_12_3) AppleWebKit/537.36 (KHTML, like Gecko) Chrome/56.0.2924.87 Safari/537.36"
94.72.101.21 - - [02/Nov/2024:20:28:27 +0000] "GET /config/env/mailjet_keys.env HTTP/1.1" 404 564 "-" "Mozilla/5.0 (Macintosh; Intel Mac OS X 10_12_3) AppleWebKit/537.36 (KHTML, like Gecko) Chrome/56.0.2924.87 Safari/537.36"
94.72.101.21 - - [02/Nov/2024:20:28:27 +0000] "GET /instance/mailjet_keys.py HTTP/1.1" 404 564 "-" "Mozilla/5.0 (Macintosh; Intel Mac OS X 10_12_3) AppleWebKit/537.36 (KHTML, like Gecko) Chrome/56.0.2924.87 Safari/537.36"
94.72.101.21 - - [02/Nov/2024:20:28:27 +0000] "GET /mailjet_keys.txt HTTP/1.1" 404 564 "-" "Mozilla/5.0 (Macintosh; Intel Mac OS X 10_12_3) AppleWebKit/537.36 (KHTML, like Gecko) Chrome/56.0.2924.87 Safari/537.36"
94.72.101.21 - - [02/Nov/2024:20:28:28 +0000] "GET /mailjet_keys.py HTTP/1.1" 404 564 "-" "Mozilla/5.0 (Macintosh; Intel Mac OS X 10_12_3) AppleWebKit/537.36 (KHTML, like Gecko) Chrome/56.0.2924.87 Safari/537.36"
94.72.101.21 - - [02/Nov/2024:20:28:28 +0000] "GET /keys/mailjet_keys.json HTTP/1.1" 404 564 "-" "Mozilla/5.0 (Macintosh; Intel Mac OS X 10_12_3) AppleWebKit/537.36 (KHTML, like Gecko) Chrome/56.0.2924.87 Safari/537.36"
94.72.101.21 - - [02/Nov/2024:20:28:28 +0000] "GET /api_keys/mailjet_keys.json HTTP/1.1" 404 564 "-" "Mozilla/5.0 (Macintosh; Intel Mac OS X 10_12_3) AppleWebKit/537.36 (KHTML, like Gecko) Chrome/56.0.2924.87 Safari/537.36"
94.72.101.21 - - [02/Nov/2024:20:28:28 +0000] "GET /sendgrid_keys HTTP/1.1" 404 564 "-" "Mozilla/5.0 (Macintosh; Intel Mac OS X 10_12_3) AppleWebKit/537.36 (KHTML, like Gecko) Chrome/56.0.2924.87 Safari/537.36"
94.72.101.21 - - [02/Nov/2024:20:28:28 +0000] "GET /.sendgrid/credentials HTTP/1.1" 404 564 "-" "Mozilla/5.0 (Macintosh; Intel Mac OS X 10_12_3) AppleWebKit/537.36 (KHTML, like Gecko) Chrome/56.0.2924.87 Safari/537.36"
94.72.101.21 - - [02/Nov/2024:20:28:29 +0000] "GET /.sendgrid/config HTTP/1.1" 404 564 "-" "Mozilla/5.0 (Macintosh; Intel Mac OS X 10_12_3) AppleWebKit/537.36 (KHTML, like Gecko) Chrome/56.0.2924.87 Safari/537.36"
94.72.101.21 - - [02/Nov/2024:20:28:30 +0000] "GET /config/sendgrid_keys.json HTTP/1.1" 404 564 "-" "Mozilla/5.0 (Macintosh; Intel Mac OS X 10_12_3) AppleWebKit/537.36 (KHTML, like Gecko) Chrome/56.0.2924.87 Safari/537.36"
94.72.101.21 - - [02/Nov/2024:20:28:30 +0000] "GET /config/sendgrid_config.json HTTP/1.1" 404 564 "-" "Mozilla/5.0 (Macintosh; Intel Mac OS X 10_12_3) AppleWebKit/537.36 (KHTML, like Gecko) Chrome/56.0.2924.87 Safari/537.36"
94.72.101.21 - - [02/Nov/2024:20:28:30 +0000] "GET /private/sendgrid_keys HTTP/1.1" 404 564 "-" "Mozilla/5.0 (Macintosh; Intel Mac OS X 10_12_3) AppleWebKit/537.36 (KHTML, like Gecko) Chrome/56.0.2924.87 Safari/537.36"
94.72.101.21 - - [02/Nov/2024:20:28:30 +0000] "GET /private/sendgrid_config HTTP/1.1" 404 564 "-" "Mozilla/5.0 (Macintosh; Intel Mac OS X 10_12_3) AppleWebKit/537.36 (KHTML, like Gecko) Chrome/56.0.2924.87 Safari/537.36"
94.72.101.21 - - [02/Nov/2024:20:28:30 +0000] "GET /backup/sendgrid_keys HTTP/1.1" 404 564 "-" "Mozilla/5.0 (Macintosh; Intel Mac OS X 10_12_3) AppleWebKit/537.36 (KHTML, like Gecko) Chrome/56.0.2924.87 Safari/537.36"
94.72.101.21 - - [02/Nov/2024:20:28:31 +0000] "GET /backup/sendgrid_config HTTP/1.1" 404 564 "-" "Mozilla/5.0 (Macintosh; Intel Mac OS X 10_12_3) AppleWebKit/537.36 (KHTML, like Gecko) Chrome/56.0.2924.87 Safari/537.36"
94.72.101.21 - - [02/Nov/2024:20:28:31 +0000] "GET /secrets/sendgrid_keys HTTP/1.1" 404 564 "-" "Mozilla/5.0 (Macintosh; Intel Mac OS X 10_12_3) AppleWebKit/537.36 (KHTML, like Gecko) Chrome/56.0.2924.87 Safari/537.36"
94.72.101.21 - - [02/Nov/2024:20:28:31 +0000] "GET /secrets/sendgrid_config HTTP/1.1" 404 564 "-" "Mozilla/5.0 (Macintosh; Intel Mac OS X 10_12_3) AppleWebKit/537.36 (KHTML, like Gecko) Chrome/56.0.2924.87 Safari/537.36"
94.72.101.21 - - [02/Nov/2024:20:28:31 +0000] "GET /config/sendgrid.py HTTP/1.1" 404 564 "-" "Mozilla/5.0 (Macintosh; Intel Mac OS X 10_12_3) AppleWebKit/537.36 (KHTML, like Gecko) Chrome/56.0.2924.87 Safari/537.36"
94.72.101.21 - - [02/Nov/2024:20:28:31 +0000] "GET /settings/sendgrid_keys HTTP/1.1" 404 564 "-" "Mozilla/5.0 (Macintosh; Intel Mac OS X 10_12_3) AppleWebKit/537.36 (KHTML, like Gecko) Chrome/56.0.2924.87 Safari/537.36"
94.72.101.21 - - [02/Nov/2024:20:28:31 +0000] "GET /settings/sendgrid_config HTTP/1.1" 404 564 "-" "Mozilla/5.0 (Macintosh; Intel Mac OS X 10_12_3) AppleWebKit/537.36 (KHTML, like Gecko) Chrome/56.0.2924.87 Safari/537.36"
94.72.101.21 - - [02/Nov/2024:20:28:32 +0000] "GET /config/settings/sendgrid_keys.json HTTP/1.1" 404 564 "-" "Mozilla/5.0 (Macintosh; Intel Mac OS X 10_12_3) AppleWebKit/537.36 (KHTML, like Gecko) Chrome/56.0.2924.87 Safari/537.36"
94.72.101.21 - - [02/Nov/2024:20:28:32 +0000] "GET /config/settings/sendgrid_config.json HTTP/1.1" 404 564 "-" "Mozilla/5.0 (Macintosh; Intel Mac OS X 10_12_3) AppleWebKit/537.36 (KHTML, like Gecko) Chrome/56.0.2924.87 Safari/537.36"
94.72.101.21 - - [02/Nov/2024:20:28:32 +0000] "GET /config/env/sendgrid.env HTTP/1.1" 404 564 "-" "Mozilla/5.0 (Macintosh; Intel Mac OS X 10_12_3) AppleWebKit/537.36 (KHTML, like Gecko) Chrome/56.0.2924.87 Safari/537.36"
94.72.101.21 - - [02/Nov/2024:20:28:32 +0000] "GET /config/env/sendgrid_keys.env HTTP/1.1" 404 564 "-" "Mozilla/5.0 (Macintosh; Intel Mac OS X 10_12_3) AppleWebKit/537.36 (KHTML, like Gecko) Chrome/56.0.2924.87 Safari/537.36"
94.72.101.21 - - [02/Nov/2024:20:28:32 +0000] "GET /instance/sendgrid_keys.py HTTP/1.1" 404 564 "-" "Mozilla/5.0 (Macintosh; Intel Mac OS X 10_12_3) AppleWebKit/537.36 (KHTML, like Gecko) Chrome/56.0.2924.87 Safari/537.36"
94.72.101.21 - - [02/Nov/2024:20:28:33 +0000] "GET /sendgrid_keys.txt HTTP/1.1" 404 564 "-" "Mozilla/5.0 (Macintosh; Intel Mac OS X 10_12_3) AppleWebKit/537.36 (KHTML, like Gecko) Chrome/56.0.2924.87 Safari/537.36"
94.72.101.21 - - [02/Nov/2024:20:28:34 +0000] "GET /sendgrid_keys.py HTTP/1.1" 404 564 "-" "Mozilla/5.0 (Macintosh; Intel Mac OS X 10_12_3) AppleWebKit/537.36 (KHTML, like Gecko) Chrome/56.0.2924.87 Safari/537.36"
94.72.101.21 - - [02/Nov/2024:20:28:34 +0000] "GET /keys/sendgrid_keys.json HTTP/1.1" 404 564 "-" "Mozilla/5.0 (Macintosh; Intel Mac OS X 10_12_3) AppleWebKit/537.36 (KHTML, like Gecko) Chrome/56.0.2924.87 Safari/537.36"
94.72.101.21 - - [02/Nov/2024:20:28:34 +0000] "GET /api_keys/sendgrid_keys.json HTTP/1.1" 404 564 "-" "Mozilla/5.0 (Macintosh; Intel Mac OS X 10_12_3) AppleWebKit/537.36 (KHTML, like Gecko) Chrome/56.0.2924.87 Safari/537.36"
94.72.101.21 - - [02/Nov/2024:20:28:34 +0000] "GET /sparkpost_keys HTTP/1.1" 404 564 "-" "Mozilla/5.0 (Macintosh; Intel Mac OS X 10_12_3) AppleWebKit/537.36 (KHTML, like Gecko) Chrome/56.0.2924.87 Safari/537.36"
94.72.101.21 - - [02/Nov/2024:20:28:34 +0000] "GET /.sparkpost/credentials HTTP/1.1" 404 564 "-" "Mozilla/5.0 (Macintosh; Intel Mac OS X 10_12_3) AppleWebKit/537.36 (KHTML, like Gecko) Chrome/56.0.2924.87 Safari/537.36"
94.72.101.21 - - [02/Nov/2024:20:28:34 +0000] "GET /.sparkpost/config HTTP/1.1" 404 564 "-" "Mozilla/5.0 (Macintosh; Intel Mac OS X 10_12_3) AppleWebKit/537.36 (KHTML, like Gecko) Chrome/56.0.2924.87 Safari/537.36"
94.72.101.21 - - [02/Nov/2024:20:28:35 +0000] "GET /config/sparkpost_keys.json HTTP/1.1" 404 564 "-" "Mozilla/5.0 (Macintosh; Intel Mac OS X 10_12_3) AppleWebKit/537.36 (KHTML, like Gecko) Chrome/56.0.2924.87 Safari/537.36"
94.72.101.21 - - [02/Nov/2024:20:28:35 +0000] "GET /config/sparkpost_config.json HTTP/1.1" 404 564 "-" "Mozilla/5.0 (Macintosh; Intel Mac OS X 10_12_3) AppleWebKit/537.36 (KHTML, like Gecko) Chrome/56.0.2924.87 Safari/537.36"
94.72.101.21 - - [02/Nov/2024:20:28:35 +0000] "GET /private/sparkpost_keys HTTP/1.1" 404 564 "-" "Mozilla/5.0 (Macintosh; Intel Mac OS X 10_12_3) AppleWebKit/537.36 (KHTML, like Gecko) Chrome/56.0.2924.87 Safari/537.36"
94.72.101.21 - - [02/Nov/2024:20:28:35 +0000] "GET /private/sparkpost_config HTTP/1.1" 404 564 "-" "Mozilla/5.0 (Macintosh; Intel Mac OS X 10_12_3) AppleWebKit/537.36 (KHTML, like Gecko) Chrome/56.0.2924.87 Safari/537.36"
94.72.101.21 - - [02/Nov/2024:20:28:35 +0000] "GET /backup/sparkpost_keys HTTP/1.1" 404 564 "-" "Mozilla/5.0 (Macintosh; Intel Mac OS X 10_12_3) AppleWebKit/537.36 (KHTML, like Gecko) Chrome/56.0.2924.87 Safari/537.36"
94.72.101.21 - - [02/Nov/2024:20:28:36 +0000] "GET /backup/sparkpost_config HTTP/1.1" 404 564 "-" "Mozilla/5.0 (Macintosh; Intel Mac OS X 10_12_3) AppleWebKit/537.36 (KHTML, like Gecko) Chrome/56.0.2924.87 Safari/537.36"
94.72.101.21 - - [02/Nov/2024:20:28:36 +0000] "GET /secrets/sparkpost_keys HTTP/1.1" 404 564 "-" "Mozilla/5.0 (Macintosh; Intel Mac OS X 10_12_3) AppleWebKit/537.36 (KHTML, like Gecko) Chrome/56.0.2924.87 Safari/537.36"
94.72.101.21 - - [02/Nov/2024:20:28:36 +0000] "GET /secrets/sparkpost_config HTTP/1.1" 404 564 "-" "Mozilla/5.0 (Macintosh; Intel Mac OS X 10_12_3) AppleWebKit/537.36 (KHTML, like Gecko) Chrome/56.0.2924.87 Safari/537.36"
94.72.101.21 - - [02/Nov/2024:20:28:37 +0000] "GET /config/sparkpost.py HTTP/1.1" 404 564 "-" "Mozilla/5.0 (Macintosh; Intel Mac OS X 10_12_3) AppleWebKit/537.36 (KHTML, like Gecko) Chrome/56.0.2924.87 Safari/537.36"
94.72.101.21 - - [02/Nov/2024:20:28:37 +0000] "GET /settings/sparkpost_keys HTTP/1.1" 404 564 "-" "Mozilla/5.0 (Macintosh; Intel Mac OS X 10_12_3) AppleWebKit/537.36 (KHTML, like Gecko) Chrome/56.0.2924.87 Safari/537.36"
94.72.101.21 - - [02/Nov/2024:20:28:37 +0000] "GET /settings/sparkpost_config HTTP/1.1" 404 564 "-" "Mozilla/5.0 (Macintosh; Intel Mac OS X 10_12_3) AppleWebKit/537.36 (KHTML, like Gecko) Chrome/56.0.2924.87 Safari/537.36"
94.72.101.21 - - [02/Nov/2024:20:28:37 +0000] "GET /config/settings/sparkpost_keys.json HTTP/1.1" 404 564 "-" "Mozilla/5.0 (Macintosh; Intel Mac OS X 10_12_3) AppleWebKit/537.36 (KHTML, like Gecko) Chrome/56.0.2924.87 Safari/537.36"
94.72.101.21 - - [02/Nov/2024:20:28:38 +0000] "GET /config/settings/sparkpost_config.json HTTP/1.1" 404 564 "-" "Mozilla/5.0 (Macintosh; Intel Mac OS X 10_12_3) AppleWebKit/537.36 (KHTML, like Gecko) Chrome/56.0.2924.87 Safari/537.36"
94.72.101.21 - - [02/Nov/2024:20:28:38 +0000] "GET /config/env/sparkpost.env HTTP/1.1" 404 564 "-" "Mozilla/5.0 (Macintosh; Intel Mac OS X 10_12_3) AppleWebKit/537.36 (KHTML, like Gecko) Chrome/56.0.2924.87 Safari/537.36"
94.72.101.21 - - [02/Nov/2024:20:28:38 +0000] "GET /config/env/sparkpost_keys.env HTTP/1.1" 404 564 "-" "Mozilla/5.0 (Macintosh; Intel Mac OS X 10_12_3) AppleWebKit/537.36 (KHTML, like Gecko) Chrome/56.0.2924.87 Safari/537.36"
94.72.101.21 - - [02/Nov/2024:20:28:38 +0000] "GET /instance/sparkpost_keys.py HTTP/1.1" 404 564 "-" "Mozilla/5.0 (Macintosh; Intel Mac OS X 10_12_3) AppleWebKit/537.36 (KHTML, like Gecko) Chrome/56.0.2924.87 Safari/537.36"
94.72.101.21 - - [02/Nov/2024:20:28:39 +0000] "GET /sparkpost_keys.txt HTTP/1.1" 404 564 "-" "Mozilla/5.0 (Macintosh; Intel Mac OS X 10_12_3) AppleWebKit/537.36 (KHTML, like Gecko) Chrome/56.0.2924.87 Safari/537.36"
94.72.101.21 - - [02/Nov/2024:20:28:40 +0000] "GET /sparkpost_keys.py HTTP/1.1" 404 564 "-" "Mozilla/5.0 (Macintosh; Intel Mac OS X 10_12_3) AppleWebKit/537.36 (KHTML, like Gecko) Chrome/56.0.2924.87 Safari/537.36"
94.72.101.21 - - [02/Nov/2024:20:28:40 +0000] "GET /keys/sparkpost_keys.json HTTP/1.1" 404 564 "-" "Mozilla/5.0 (Macintosh; Intel Mac OS X 10_12_3) AppleWebKit/537.36 (KHTML, like Gecko) Chrome/56.0.2924.87 Safari/537.36"
94.72.101.21 - - [02/Nov/2024:20:28:40 +0000] "GET /api_keys/sparkpost_keys.json HTTP/1.1" 404 564 "-" "Mozilla/5.0 (Macintosh; Intel Mac OS X 10_12_3) AppleWebKit/537.36 (KHTML, like Gecko) Chrome/56.0.2924.87 Safari/537.36"
94.72.101.21 - - [02/Nov/2024:20:28:41 +0000] "GET /mailer_dsn HTTP/1.1" 404 564 "-" "Mozilla/5.0 (Macintosh; Intel Mac OS X 10_12_3) AppleWebKit/537.36 (KHTML, like Gecko) Chrome/56.0.2924.87 Safari/537.36"
94.72.101.21 - - [02/Nov/2024:20:28:41 +0000] "GET /.mailer_dsn/credentials HTTP/1.1" 404 564 "-" "Mozilla/5.0 (Macintosh; Intel Mac OS X 10_12_3) AppleWebKit/537.36 (KHTML, like Gecko) Chrome/56.0.2924.87 Safari/537.36"
94.72.101.21 - - [02/Nov/2024:20:28:41 +0000] "GET /.mailer_dsn/config HTTP/1.1" 404 564 "-" "Mozilla/5.0 (Macintosh; Intel Mac OS X 10_12_3) AppleWebKit/537.36 (KHTML, like Gecko) Chrome/56.0.2924.87 Safari/537.36"
94.72.101.21 - - [02/Nov/2024:20:28:41 +0000] "GET /config/mailer_dsn_config.json HTTP/1.1" 404 564 "-" "Mozilla/5.0 (Macintosh; Intel Mac OS X 10_12_3) AppleWebKit/537.36 (KHTML, like Gecko) Chrome/56.0.2924.87 Safari/537.36"
94.72.101.21 - - [02/Nov/2024:20:28:41 +0000] "GET /private/mailer_dsn HTTP/1.1" 404 564 "-" "Mozilla/5.0 (Macintosh; Intel Mac OS X 10_12_3) AppleWebKit/537.36 (KHTML, like Gecko) Chrome/56.0.2924.87 Safari/537.36"
94.72.101.21 - - [02/Nov/2024:20:28:41 +0000] "GET /private/mailer_dsn_config HTTP/1.1" 404 564 "-" "Mozilla/5.0 (Macintosh; Intel Mac OS X 10_12_3) AppleWebKit/537.36 (KHTML, like Gecko) Chrome/56.0.2924.87 Safari/537.36"
94.72.101.21 - - [02/Nov/2024:20:28:42 +0000] "GET /backup/mailer_dsn HTTP/1.1" 404 564 "-" "Mozilla/5.0 (Macintosh; Intel Mac OS X 10_12_3) AppleWebKit/537.36 (KHTML, like Gecko) Chrome/56.0.2924.87 Safari/537.36"
94.72.101.21 - - [02/Nov/2024:20:28:42 +0000] "GET /backup/mailer_dsn_config HTTP/1.1" 404 564 "-" "Mozilla/5.0 (Macintosh; Intel Mac OS X 10_12_3) AppleWebKit/537.36 (KHTML, like Gecko) Chrome/56.0.2924.87 Safari/537.36"
94.72.101.21 - - [02/Nov/2024:20:28:42 +0000] "GET /secrets/mailer_dsn HTTP/1.1" 404 564 "-" "Mozilla/5.0 (Macintosh; Intel Mac OS X 10_12_3) AppleWebKit/537.36 (KHTML, like Gecko) Chrome/56.0.2924.87 Safari/537.36"
94.72.101.21 - - [02/Nov/2024:20:28:43 +0000] "GET /secrets/mailer_dsn_config HTTP/1.1" 404 564 "-" "Mozilla/5.0 (Macintosh; Intel Mac OS X 10_12_3) AppleWebKit/537.36 (KHTML, like Gecko) Chrome/56.0.2924.87 Safari/537.36"
94.72.101.21 - - [02/Nov/2024:20:28:43 +0000] "GET /config/mailer_dsn.py HTTP/1.1" 404 564 "-" "Mozilla/5.0 (Macintosh; Intel Mac OS X 10_12_3) AppleWebKit/537.36 (KHTML, like Gecko) Chrome/56.0.2924.87 Safari/537.36"
94.72.101.21 - - [02/Nov/2024:20:28:43 +0000] "GET /settings/mailer_dsn HTTP/1.1" 404 564 "-" "Mozilla/5.0 (Macintosh; Intel Mac OS X 10_12_3) AppleWebKit/537.36 (KHTML, like Gecko) Chrome/56.0.2924.87 Safari/537.36"
94.72.101.21 - - [02/Nov/2024:20:28:43 +0000] "GET /settings/mailer_dsn_config HTTP/1.1" 404 564 "-" "Mozilla/5.0 (Macintosh; Intel Mac OS X 10_12_3) AppleWebKit/537.36 (KHTML, like Gecko) Chrome/56.0.2924.87 Safari/537.36"
94.72.101.21 - - [02/Nov/2024:20:28:43 +0000] "GET /config/settings/mailer_dsn.json HTTP/1.1" 404 564 "-" "Mozilla/5.0 (Macintosh; Intel Mac OS X 10_12_3) AppleWebKit/537.36 (KHTML, like Gecko) Chrome/56.0.2924.87 Safari/537.36"
94.72.101.21 - - [02/Nov/2024:20:28:43 +0000] "GET /config/settings/mailer_dsn_config.json HTTP/1.1" 404 564 "-" "Mozilla/5.0 (Macintosh; Intel Mac OS X 10_12_3) AppleWebKit/537.36 (KHTML, like Gecko) Chrome/56.0.2924.87 Safari/537.36"
94.72.101.21 - - [02/Nov/2024:20:28:44 +0000] "GET /config/env/mailer_dsn.env HTTP/1.1" 404 564 "-" "Mozilla/5.0 (Macintosh; Intel Mac OS X 10_12_3) AppleWebKit/537.36 (KHTML, like Gecko) Chrome/56.0.2924.87 Safari/537.36"
94.72.101.21 - - [02/Nov/2024:20:28:44 +0000] "GET /config/env/mailer_dsn_config.env HTTP/1.1" 404 564 "-" "Mozilla/5.0 (Macintosh; Intel Mac OS X 10_12_3) AppleWebKit/537.36 (KHTML, like Gecko) Chrome/56.0.2924.87 Safari/537.36"
94.72.101.21 - - [02/Nov/2024:20:28:44 +0000] "GET /instance/mailer_dsn.py HTTP/1.1" 404 564 "-" "Mozilla/5.0 (Macintosh; Intel Mac OS X 10_12_3) AppleWebKit/537.36 (KHTML, like Gecko) Chrome/56.0.2924.87 Safari/537.36"
94.72.101.21 - - [02/Nov/2024:20:28:45 +0000] "GET /mailer_dsn.txt HTTP/1.1" 404 564 "-" "Mozilla/5.0 (Macintosh; Intel Mac OS X 10_12_3) AppleWebKit/537.36 (KHTML, like Gecko) Chrome/56.0.2924.87 Safari/537.36"
94.72.101.21 - - [02/Nov/2024:20:28:45 +0000] "GET /mailer_dsn.py HTTP/1.1" 404 564 "-" "Mozilla/5.0 (Macintosh; Intel Mac OS X 10_12_3) AppleWebKit/537.36 (KHTML, like Gecko) Chrome/56.0.2924.87 Safari/537.36"
94.72.101.21 - - [02/Nov/2024:20:28:45 +0000] "GET /keys/mailer_dsn.json HTTP/1.1" 404 564 "-" "Mozilla/5.0 (Macintosh; Intel Mac OS X 10_12_3) AppleWebKit/537.36 (KHTML, like Gecko) Chrome/56.0.2924.87 Safari/537.36"
94.72.101.21 - - [02/Nov/2024:20:28:45 +0000] "GET /api_keys/mailer_dsn.json HTTP/1.1" 404 564 "-" "Mozilla/5.0 (Macintosh; Intel Mac OS X 10_12_3) AppleWebKit/537.36 (KHTML, like Gecko) Chrome/56.0.2924.87 Safari/537.36"
94.72.101.21 - - [02/Nov/2024:20:28:45 +0000] "GET /config/packages/aws.yaml HTTP/1.1" 404 564 "-" "Mozilla/5.0 (Macintosh; Intel Mac OS X 10_12_3) AppleWebKit/537.36 (KHTML, like Gecko) Chrome/56.0.2924.87 Safari/537.36"
94.72.101.21 - - [02/Nov/2024:20:28:47 +0000] "GET /config/packages/mailgun.yaml HTTP/1.1" 404 564 "-" "Mozilla/5.0 (Macintosh; Intel Mac OS X 10_12_3) AppleWebKit/537.36 (KHTML, like Gecko) Chrome/56.0.2924.87 Safari/537.36"
94.72.101.21 - - [02/Nov/2024:20:28:47 +0000] "GET /config/packages/mandrill.yaml HTTP/1.1" 404 564 "-" "Mozilla/5.0 (Macintosh; Intel Mac OS X 10_12_3) AppleWebKit/537.36 (KHTML, like Gecko) Chrome/56.0.2924.87 Safari/537.36"
94.72.101.21 - - [02/Nov/2024:20:28:47 +0000] "GET /config/packages/mailjet.yaml HTTP/1.1" 404 564 "-" "Mozilla/5.0 (Macintosh; Intel Mac OS X 10_12_3) AppleWebKit/537.36 (KHTML, like Gecko) Chrome/56.0.2924.87 Safari/537.36"
94.72.101.21 - - [02/Nov/2024:20:28:47 +0000] "GET /config/packages/sendgrid.yaml HTTP/1.1" 404 564 "-" "Mozilla/5.0 (Macintosh; Intel Mac OS X 10_12_3) AppleWebKit/537.36 (KHTML, like Gecko) Chrome/56.0.2924.87 Safari/537.36"
94.72.101.21 - - [02/Nov/2024:20:28:47 +0000] "GET /config/packages/sparkpost.yaml HTTP/1.1" 404 564 "-" "Mozilla/5.0 (Macintosh; Intel Mac OS X 10_12_3) AppleWebKit/537.36 (KHTML, like Gecko) Chrome/56.0.2924.87 Safari/537.36"
94.72.101.21 - - [02/Nov/2024:20:28:48 +0000] "GET /config/packages/mailer_dsn.yaml HTTP/1.1" 404 564 "-" "Mozilla/5.0 (Macintosh; Intel Mac OS X 10_12_3) AppleWebKit/537.36 (KHTML, like Gecko) Chrome/56.0.2924.87 Safari/537.36"
94.72.101.21 - - [02/Nov/2024:20:28:48 +0000] "GET /config/packages/mailer_url.yaml HTTP/1.1" 404 564 "-" "Mozilla/5.0 (Macintosh; Intel Mac OS X 10_12_3) AppleWebKit/537.36 (KHTML, like Gecko) Chrome/56.0.2924.87 Safari/537.36"
94.72.101.21 - - [02/Nov/2024:20:28:48 +0000] "GET /config/services.yaml HTTP/1.1" 404 564 "-" "Mozilla/5.0 (Macintosh; Intel Mac OS X 10_12_3) AppleWebKit/537.36 (KHTML, like Gecko) Chrome/56.0.2924.87 Safari/537.36"
94.72.101.21 - - [02/Nov/2024:20:28:48 +0000] "GET /config/secrets/prod/aws_credentials.json HTTP/1.1" 404 564 "-" "Mozilla/5.0 (Macintosh; Intel Mac OS X 10_12_3) AppleWebKit/537.36 (KHTML, like Gecko) Chrome/56.0.2924.87 Safari/537.36"
94.72.101.21 - - [02/Nov/2024:20:28:48 +0000] "GET /config/secrets/prod/aws_config.json HTTP/1.1" 404 564 "-" "Mozilla/5.0 (Macintosh; Intel Mac OS X 10_12_3) AppleWebKit/537.36 (KHTML, like Gecko) Chrome/56.0.2924.87 Safari/537.36"
94.72.101.21 - - [02/Nov/2024:20:28:48 +0000] "GET /config/secrets/prod/mailgun_keys.json HTTP/1.1" 404 564 "-" "Mozilla/5.0 (Macintosh; Intel Mac OS X 10_12_3) AppleWebKit/537.36 (KHTML, like Gecko) Chrome/56.0.2924.87 Safari/537.36"
94.72.101.21 - - [02/Nov/2024:20:28:49 +0000] "GET /config/secrets/prod/mandrill_keys.json HTTP/1.1" 404 564 "-" "Mozilla/5.0 (Macintosh; Intel Mac OS X 10_12_3) AppleWebKit/537.36 (KHTML, like Gecko) Chrome/56.0.2924.87 Safari/537.36"
94.72.101.21 - - [02/Nov/2024:20:28:49 +0000] "GET /config/secrets/prod/mailjet_keys.json HTTP/1.1" 404 564 "-" "Mozilla/5.0 (Macintosh; Intel Mac OS X 10_12_3) AppleWebKit/537.36 (KHTML, like Gecko) Chrome/56.0.2924.87 Safari/537.36"
94.72.101.21 - - [02/Nov/2024:20:28:49 +0000] "GET /config/secrets/prod/sendgrid_keys.json HTTP/1.1" 404 564 "-" "Mozilla/5.0 (Macintosh; Intel Mac OS X 10_12_3) AppleWebKit/537.36 (KHTML, like Gecko) Chrome/56.0.2924.87 Safari/537.36"
94.72.101.21 - - [02/Nov/2024:20:28:49 +0000] "GET /config/secrets/prod/sparkpost_keys.json HTTP/1.1" 404 564 "-" "Mozilla/5.0 (Macintosh; Intel Mac OS X 10_12_3) AppleWebKit/537.36 (KHTML, like Gecko) Chrome/56.0.2924.87 Safari/537.36"
94.72.101.21 - - [02/Nov/2024:20:28:49 +0000] "GET /config/secrets/prod/mailer_dsn_keys.json HTTP/1.1" 404 564 "-" "Mozilla/5.0 (Macintosh; Intel Mac OS X 10_12_3) AppleWebKit/537.36 (KHTML, like Gecko) Chrome/56.0.2924.87 Safari/537.36"
94.72.101.21 - - [02/Nov/2024:20:28:50 +0000] "GET /config/secrets/prod/mailer_url_keys.json HTTP/1.1" 404 564 "-" "Mozilla/5.0 (Macintosh; Intel Mac OS X 10_12_3) AppleWebKit/537.36 (KHTML, like Gecko) Chrome/56.0.2924.87 Safari/537.36"
94.72.101.21 - - [02/Nov/2024:20:28:50 +0000] "GET /config/secrets/dev/aws_credentials.json HTTP/1.1" 404 564 "-" "Mozilla/5.0 (Macintosh; Intel Mac OS X 10_12_3) AppleWebKit/537.36 (KHTML, like Gecko) Chrome/56.0.2924.87 Safari/537.36"
94.72.101.21 - - [02/Nov/2024:20:28:50 +0000] "GET /config/secrets/dev/aws_config.json HTTP/1.1" 404 564 "-" "Mozilla/5.0 (Macintosh; Intel Mac OS X 10_12_3) AppleWebKit/537.36 (KHTML, like Gecko) Chrome/56.0.2924.87 Safari/537.36"
94.72.101.21 - - [02/Nov/2024:20:28:50 +0000] "GET /config/secrets/dev/mailgun_keys.json HTTP/1.1" 404 564 "-" "Mozilla/5.0 (Macintosh; Intel Mac OS X 10_12_3) AppleWebKit/537.36 (KHTML, like Gecko) Chrome/56.0.2924.87 Safari/537.36"
94.72.101.21 - - [02/Nov/2024:20:28:50 +0000] "GET /config/secrets/dev/mandrill_keys.json HTTP/1.1" 404 564 "-" "Mozilla/5.0 (Macintosh; Intel Mac OS X 10_12_3) AppleWebKit/537.36 (KHTML, like Gecko) Chrome/56.0.2924.87 Safari/537.36"
94.72.101.21 - - [02/Nov/2024:20:28:50 +0000] "GET /config/secrets/dev/mailjet_keys.json HTTP/1.1" 404 564 "-" "Mozilla/5.0 (Macintosh; Intel Mac OS X 10_12_3) AppleWebKit/537.36 (KHTML, like Gecko) Chrome/56.0.2924.87 Safari/537.36"
94.72.101.21 - - [02/Nov/2024:20:28:51 +0000] "GET /config/secrets/dev/sendgrid_keys.json HTTP/1.1" 404 564 "-" "Mozilla/5.0 (Macintosh; Intel Mac OS X 10_12_3) AppleWebKit/537.36 (KHTML, like Gecko) Chrome/56.0.2924.87 Safari/537.36"
94.72.101.21 - - [02/Nov/2024:20:28:51 +0000] "GET /config/secrets/dev/sparkpost_keys.json HTTP/1.1" 404 564 "-" "Mozilla/5.0 (Macintosh; Intel Mac OS X 10_12_3) AppleWebKit/537.36 (KHTML, like Gecko) Chrome/56.0.2924.87 Safari/537.36"
94.72.101.21 - - [02/Nov/2024:20:28:51 +0000] "GET /config/secrets/dev/mailer_dsn_keys.json HTTP/1.1" 404 564 "-" "Mozilla/5.0 (Macintosh; Intel Mac OS X 10_12_3) AppleWebKit/537.36 (KHTML, like Gecko) Chrome/56.0.2924.87 Safari/537.36"
94.72.101.21 - - [02/Nov/2024:20:28:52 +0000] "GET /config/secrets/dev/mailer_url_keys.json HTTP/1.1" 404 564 "-" "Mozilla/5.0 (Macintosh; Intel Mac OS X 10_12_3) AppleWebKit/537.36 (KHTML, like Gecko) Chrome/56.0.2924.87 Safari/537.36"
94.72.101.21 - - [02/Nov/2024:20:28:52 +0000] "GET /private/mailer_dsn_keys HTTP/1.1" 404 564 "-" "Mozilla/5.0 (Macintosh; Intel Mac OS X 10_12_3) AppleWebKit/537.36 (KHTML, like Gecko) Chrome/56.0.2924.87 Safari/537.36"
94.72.101.21 - - [02/Nov/2024:20:28:52 +0000] "GET /private/mailer_url_keys HTTP/1.1" 404 564 "-" "Mozilla/5.0 (Macintosh; Intel Mac OS X 10_12_3) AppleWebKit/537.36 (KHTML, like Gecko) Chrome/56.0.2924.87 Safari/537.36"
94.72.101.21 - - [02/Nov/2024:20:28:52 +0000] "GET /backup/mailer_dsn_keys HTTP/1.1" 404 564 "-" "Mozilla/5.0 (Macintosh; Intel Mac OS X 10_12_3) AppleWebKit/537.36 (KHTML, like Gecko) Chrome/56.0.2924.87 Safari/537.36"
94.72.101.21 - - [02/Nov/2024:20:28:52 +0000] "GET /backup/mailer_url_keys HTTP/1.1" 404 564 "-" "Mozilla/5.0 (Macintosh; Intel Mac OS X 10_12_3) AppleWebKit/537.36 (KHTML, like Gecko) Chrome/56.0.2924.87 Safari/537.36"
94.72.101.21 - - [02/Nov/2024:20:28:52 +0000] "GET /secrets/mailer_dsn_keys HTTP/1.1" 404 564 "-" "Mozilla/5.0 (Macintosh; Intel Mac OS X 10_12_3) AppleWebKit/537.36 (KHTML, like Gecko) Chrome/56.0.2924.87 Safari/537.36"
94.72.101.21 - - [02/Nov/2024:20:28:53 +0000] "GET /secrets/mailer_url_keys HTTP/1.1" 404 564 "-" "Mozilla/5.0 (Macintosh; Intel Mac OS X 10_12_3) AppleWebKit/537.36 (KHTML, like Gecko) Chrome/56.0.2924.87 Safari/537.36"
94.72.101.21 - - [02/Nov/2024:20:28:53 +0000] "GET /mailer_url HTTP/1.1" 404 564 "-" "Mozilla/5.0 (Macintosh; Intel Mac OS X 10_12_3) AppleWebKit/537.36 (KHTML, like Gecko) Chrome/56.0.2924.87 Safari/537.36"
94.72.101.21 - - [02/Nov/2024:20:28:53 +0000] "GET /.mailer/credentials HTTP/1.1" 404 564 "-" "Mozilla/5.0 (Macintosh; Intel Mac OS X 10_12_3) AppleWebKit/537.36 (KHTML, like Gecko) Chrome/56.0.2924.87 Safari/537.36"
94.72.101.21 - - [02/Nov/2024:20:28:53 +0000] "GET /.mailer/config HTTP/1.1" 404 564 "-" "Mozilla/5.0 (Macintosh; Intel Mac OS X 10_12_3) AppleWebKit/537.36 (KHTML, like Gecko) Chrome/56.0.2924.87 Safari/537.36"
94.72.101.21 - - [02/Nov/2024:20:28:53 +0000] "GET /config/mailer_config.json HTTP/1.1" 404 564 "-" "Mozilla/5.0 (Macintosh; Intel Mac OS X 10_12_3) AppleWebKit/537.36 (KHTML, like Gecko) Chrome/56.0.2924.87 Safari/537.36"
94.72.101.21 - - [02/Nov/2024:20:28:54 +0000] "GET /private/mailer_url HTTP/1.1" 404 564 "-" "Mozilla/5.0 (Macintosh; Intel Mac OS X 10_12_3) AppleWebKit/537.36 (KHTML, like Gecko) Chrome/56.0.2924.87 Safari/537.36"
94.72.101.21 - - [02/Nov/2024:20:28:54 +0000] "GET /private/mailer_config HTTP/1.1" 404 564 "-" "Mozilla/5.0 (Macintosh; Intel Mac OS X 10_12_3) AppleWebKit/537.36 (KHTML, like Gecko) Chrome/56.0.2924.87 Safari/537.36"
94.72.101.21 - - [02/Nov/2024:20:28:54 +0000] "GET /backup/mailer_url HTTP/1.1" 404 564 "-" "Mozilla/5.0 (Macintosh; Intel Mac OS X 10_12_3) AppleWebKit/537.36 (KHTML, like Gecko) Chrome/56.0.2924.87 Safari/537.36"
94.72.101.21 - - [02/Nov/2024:20:28:54 +0000] "GET /backup/mailer_config HTTP/1.1" 404 564 "-" "Mozilla/5.0 (Macintosh; Intel Mac OS X 10_12_3) AppleWebKit/537.36 (KHTML, like Gecko) Chrome/56.0.2924.87 Safari/537.36"
94.72.101.21 - - [02/Nov/2024:20:28:55 +0000] "GET /secrets/mailer_url HTTP/1.1" 404 564 "-" "Mozilla/5.0 (Macintosh; Intel Mac OS X 10_12_3) AppleWebKit/537.36 (KHTML, like Gecko) Chrome/56.0.2924.87 Safari/537.36"
94.72.101.21 - - [02/Nov/2024:20:28:55 +0000] "GET /secrets/mailer_config HTTP/1.1" 404 564 "-" "Mozilla/5.0 (Macintosh; Intel Mac OS X 10_12_3) AppleWebKit/537.36 (KHTML, like Gecko) Chrome/56.0.2924.87 Safari/537.36"
94.72.101.21 - - [02/Nov/2024:20:28:56 +0000] "GET /config/mailer.py HTTP/1.1" 404 564 "-" "Mozilla/5.0 (Macintosh; Intel Mac OS X 10_12_3) AppleWebKit/537.36 (KHTML, like Gecko) Chrome/56.0.2924.87 Safari/537.36"
94.72.101.21 - - [02/Nov/2024:20:28:56 +0000] "GET /config/mailer.json HTTP/1.1" 404 564 "-" "Mozilla/5.0 (Macintosh; Intel Mac OS X 10_12_3) AppleWebKit/537.36 (KHTML, like Gecko) Chrome/56.0.2924.87 Safari/537.36"
94.72.101.21 - - [02/Nov/2024:20:28:57 +0000] "GET /settings/mailer_url HTTP/1.1" 404 564 "-" "Mozilla/5.0 (Macintosh; Intel Mac OS X 10_12_3) AppleWebKit/537.36 (KHTML, like Gecko) Chrome/56.0.2924.87 Safari/537.36"
94.72.101.21 - - [02/Nov/2024:20:28:57 +0000] "GET /settings/mailer_config HTTP/1.1" 404 564 "-" "Mozilla/5.0 (Macintosh; Intel Mac OS X 10_12_3) AppleWebKit/537.36 (KHTML, like Gecko) Chrome/56.0.2924.87 Safari/537.36"
94.72.101.21 - - [02/Nov/2024:20:28:57 +0000] "GET /config/settings/mailer_url.json HTTP/1.1" 404 564 "-" "Mozilla/5.0 (Macintosh; Intel Mac OS X 10_12_3) AppleWebKit/537.36 (KHTML, like Gecko) Chrome/56.0.2924.87 Safari/537.36"
94.72.101.21 - - [02/Nov/2024:20:28:58 +0000] "GET /config/settings/mailer_config.json HTTP/1.1" 404 564 "-" "Mozilla/5.0 (Macintosh; Intel Mac OS X 10_12_3) AppleWebKit/537.36 (KHTML, like Gecko) Chrome/56.0.2924.87 Safari/537.36"
94.72.101.21 - - [02/Nov/2024:20:28:58 +0000] "GET /.env.mailer HTTP/1.1" 404 564 "-" "Mozilla/5.0 (Macintosh; Intel Mac OS X 10_12_3) AppleWebKit/537.36 (KHTML, like Gecko) Chrome/56.0.2924.87 Safari/537.36"
94.72.101.21 - - [02/Nov/2024:20:28:59 +0000] "GET /config/env/mailer.env HTTP/1.1" 404 564 "-" "Mozilla/5.0 (Macintosh; Intel Mac OS X 10_12_3) AppleWebKit/537.36 (KHTML, like Gecko) Chrome/56.0.2924.87 Safari/537.36"
94.72.101.21 - - [02/Nov/2024:20:29:00 +0000] "GET /config/env/mailer_url.env HTTP/1.1" 404 564 "-" "Mozilla/5.0 (Macintosh; Intel Mac OS X 10_12_3) AppleWebKit/537.36 (KHTML, like Gecko) Chrome/56.0.2924.87 Safari/537.36"
94.72.101.21 - - [02/Nov/2024:20:29:00 +0000] "GET /instance/mailer_url.py HTTP/1.1" 404 564 "-" "Mozilla/5.0 (Macintosh; Intel Mac OS X 10_12_3) AppleWebKit/537.36 (KHTML, like Gecko) Chrome/56.0.2924.87 Safari/537.36"
94.72.101.21 - - [02/Nov/2024:20:29:01 +0000] "GET /mailer_url.txt HTTP/1.1" 404 564 "-" "Mozilla/5.0 (Macintosh; Intel Mac OS X 10_12_3) AppleWebKit/537.36 (KHTML, like Gecko) Chrome/56.0.2924.87 Safari/537.36"
94.72.101.21 - - [02/Nov/2024:20:29:01 +0000] "GET /mailer_url.py HTTP/1.1" 404 564 "-" "Mozilla/5.0 (Macintosh; Intel Mac OS X 10_12_3) AppleWebKit/537.36 (KHTML, like Gecko) Chrome/56.0.2924.87 Safari/537.36"
94.72.101.21 - - [02/Nov/2024:20:29:01 +0000] "GET /keys/mailer_url.json HTTP/1.1" 404 564 "-" "Mozilla/5.0 (Macintosh; Intel Mac OS X 10_12_3) AppleWebKit/537.36 (KHTML, like Gecko) Chrome/56.0.2924.87 Safari/537.36"
94.72.101.21 - - [02/Nov/2024:20:29:01 +0000] "GET /api_keys/mailer_url.json HTTP/1.1" 404 564 "-" "Mozilla/5.0 (Macintosh; Intel Mac OS X 10_12_3) AppleWebKit/537.36 (KHTML, like Gecko) Chrome/56.0.2924.87 Safari/537.36"
94.72.101.21 - - [02/Nov/2024:20:29:02 +0000] "GET /config/aws.php HTTP/1.1" 404 564 "-" "Mozilla/5.0 (Macintosh; Intel Mac OS X 10_12_3) AppleWebKit/537.36 (KHTML, like Gecko) Chrome/56.0.2924.87 Safari/537.36"
94.72.101.21 - - [02/Nov/2024:20:29:02 +0000] "GET /config/mailgun.php HTTP/1.1" 404 564 "-" "Mozilla/5.0 (Macintosh; Intel Mac OS X 10_12_3) AppleWebKit/537.36 (KHTML, like Gecko) Chrome/56.0.2924.87 Safari/537.36"
94.72.101.21 - - [02/Nov/2024:20:29:02 +0000] "GET /config/mandrill.php HTTP/1.1" 404 564 "-" "Mozilla/5.0 (Macintosh; Intel Mac OS X 10_12_3) AppleWebKit/537.36 (KHTML, like Gecko) Chrome/56.0.2924.87 Safari/537.36"
94.72.101.21 - - [02/Nov/2024:20:29:03 +0000] "GET /config/mailjet.php HTTP/1.1" 404 564 "-" "Mozilla/5.0 (Macintosh; Intel Mac OS X 10_12_3) AppleWebKit/537.36 (KHTML, like Gecko) Chrome/56.0.2924.87 Safari/537.36"
94.72.101.21 - - [02/Nov/2024:20:29:03 +0000] "GET /config/sendgrid.php HTTP/1.1" 404 564 "-" "Mozilla/5.0 (Macintosh; Intel Mac OS X 10_12_3) AppleWebKit/537.36 (KHTML, like Gecko) Chrome/56.0.2924.87 Safari/537.36"
94.72.101.21 - - [02/Nov/2024:20:29:03 +0000] "GET /config/sparkpost.php HTTP/1.1" 404 564 "-" "Mozilla/5.0 (Macintosh; Intel Mac OS X 10_12_3) AppleWebKit/537.36 (KHTML, like Gecko) Chrome/56.0.2924.87 Safari/537.36"
94.72.101.21 - - [02/Nov/2024:20:29:03 +0000] "GET /config/mailer_dsn.php HTTP/1.1" 404 564 "-" "Mozilla/5.0 (Macintosh; Intel Mac OS X 10_12_3) AppleWebKit/537.36 (KHTML, like Gecko) Chrome/56.0.2924.87 Safari/537.36"
94.72.101.21 - - [02/Nov/2024:20:29:04 +0000] "GET /config/mailer_url.php HTTP/1.1" 404 564 "-" "Mozilla/5.0 (Macintosh; Intel Mac OS X 10_12_3) AppleWebKit/537.36 (KHTML, like Gecko) Chrome/56.0.2924.87 Safari/537.36"
94.72.101.21 - - [02/Nov/2024:20:29:04 +0000] "GET /config/services.php HTTP/1.1" 404 564 "-" "Mozilla/5.0 (Macintosh; Intel Mac OS X 10_12_3) AppleWebKit/537.36 (KHTML, like Gecko) Chrome/56.0.2924.87 Safari/537.36"
94.72.101.21 - - [02/Nov/2024:20:29:04 +0000] "GET /config/services.json HTTP/1.1" 404 564 "-" "Mozilla/5.0 (Macintosh; Intel Mac OS X 10_12_3) AppleWebKit/537.36 (KHTML, like Gecko) Chrome/56.0.2924.87 Safari/537.36"
94.72.101.21 - - [02/Nov/2024:20:29:05 +0000] "GET /storage/aws.json HTTP/1.1" 404 564 "-" "Mozilla/5.0 (Macintosh; Intel Mac OS X 10_12_3) AppleWebKit/537.36 (KHTML, like Gecko) Chrome/56.0.2924.87 Safari/537.36"
94.72.101.21 - - [02/Nov/2024:20:29:05 +0000] "GET /storage/mailgun.json HTTP/1.1" 404 564 "-" "Mozilla/5.0 (Macintosh; Intel Mac OS X 10_12_3) AppleWebKit/537.36 (KHTML, like Gecko) Chrome/56.0.2924.87 Safari/537.36"
94.72.101.21 - - [02/Nov/2024:20:29:05 +0000] "GET /storage/mandrill.json HTTP/1.1" 404 564 "-" "Mozilla/5.0 (Macintosh; Intel Mac OS X 10_12_3) AppleWebKit/537.36 (KHTML, like Gecko) Chrome/56.0.2924.87 Safari/537.36"
94.72.101.21 - - [02/Nov/2024:20:29:05 +0000] "GET /storage/mailjet.json HTTP/1.1" 404 564 "-" "Mozilla/5.0 (Macintosh; Intel Mac OS X 10_12_3) AppleWebKit/537.36 (KHTML, like Gecko) Chrome/56.0.2924.87 Safari/537.36"
94.72.101.21 - - [02/Nov/2024:20:29:06 +0000] "GET /storage/sendgrid.json HTTP/1.1" 404 564 "-" "Mozilla/5.0 (Macintosh; Intel Mac OS X 10_12_3) AppleWebKit/537.36 (KHTML, like Gecko) Chrome/56.0.2924.87 Safari/537.36"
94.72.101.21 - - [02/Nov/2024:20:29:06 +0000] "GET /storage/sparkpost.json HTTP/1.1" 404 564 "-" "Mozilla/5.0 (Macintosh; Intel Mac OS X 10_12_3) AppleWebKit/537.36 (KHTML, like Gecko) Chrome/56.0.2924.87 Safari/537.36"
94.72.101.21 - - [02/Nov/2024:20:29:06 +0000] "GET /storage/mailer_dsn.json HTTP/1.1" 404 564 "-" "Mozilla/5.0 (Macintosh; Intel Mac OS X 10_12_3) AppleWebKit/537.36 (KHTML, like Gecko) Chrome/56.0.2924.87 Safari/537.36"
94.72.101.21 - - [02/Nov/2024:20:29:06 +0000] "GET /storage/mailer_url.json HTTP/1.1" 404 564 "-" "Mozilla/5.0 (Macintosh; Intel Mac OS X 10_12_3) AppleWebKit/537.36 (KHTML, like Gecko) Chrome/56.0.2924.87 Safari/537.36"
94.72.101.21 - - [02/Nov/2024:20:29:06 +0000] "GET /backup/aws.json HTTP/1.1" 404 564 "-" "Mozilla/5.0 (Macintosh; Intel Mac OS X 10_12_3) AppleWebKit/537.36 (KHTML, like Gecko) Chrome/56.0.2924.87 Safari/537.36"
94.72.101.21 - - [02/Nov/2024:20:29:07 +0000] "GET /backup/mailgun.json HTTP/1.1" 404 564 "-" "Mozilla/5.0 (Macintosh; Intel Mac OS X 10_12_3) AppleWebKit/537.36 (KHTML, like Gecko) Chrome/56.0.2924.87 Safari/537.36"
94.72.101.21 - - [02/Nov/2024:20:29:07 +0000] "GET /backup/mandrill.json HTTP/1.1" 404 564 "-" "Mozilla/5.0 (Macintosh; Intel Mac OS X 10_12_3) AppleWebKit/537.36 (KHTML, like Gecko) Chrome/56.0.2924.87 Safari/537.36"
94.72.101.21 - - [02/Nov/2024:20:29:07 +0000] "GET /backup/mailjet.json HTTP/1.1" 404 564 "-" "Mozilla/5.0 (Macintosh; Intel Mac OS X 10_12_3) AppleWebKit/537.36 (KHTML, like Gecko) Chrome/56.0.2924.87 Safari/537.36"
94.72.101.21 - - [02/Nov/2024:20:29:07 +0000] "GET /backup/sendgrid.json HTTP/1.1" 404 564 "-" "Mozilla/5.0 (Macintosh; Intel Mac OS X 10_12_3) AppleWebKit/537.36 (KHTML, like Gecko) Chrome/56.0.2924.87 Safari/537.36"
94.72.101.21 - - [02/Nov/2024:20:29:07 +0000] "GET /backup/sparkpost.json HTTP/1.1" 404 564 "-" "Mozilla/5.0 (Macintosh; Intel Mac OS X 10_12_3) AppleWebKit/537.36 (KHTML, like Gecko) Chrome/56.0.2924.87 Safari/537.36"
94.72.101.21 - - [02/Nov/2024:20:29:07 +0000] "GET /backup/mailer_dsn.json HTTP/1.1" 404 564 "-" "Mozilla/5.0 (Macintosh; Intel Mac OS X 10_12_3) AppleWebKit/537.36 (KHTML, like Gecko) Chrome/56.0.2924.87 Safari/537.36"
94.72.101.21 - - [02/Nov/2024:20:29:08 +0000] "GET /backup/mailer_url.json HTTP/1.1" 404 564 "-" "Mozilla/5.0 (Macintosh; Intel Mac OS X 10_12_3) AppleWebKit/537.36 (KHTML, like Gecko) Chrome/56.0.2924.87 Safari/537.36"
94.72.101.21 - - [02/Nov/2024:20:29:08 +0000] "GET /secrets/aws.json HTTP/1.1" 404 564 "-" "Mozilla/5.0 (Macintosh; Intel Mac OS X 10_12_3) AppleWebKit/537.36 (KHTML, like Gecko) Chrome/56.0.2924.87 Safari/537.36"
94.72.101.21 - - [02/Nov/2024:20:29:08 +0000] "GET /secrets/mailgun.json HTTP/1.1" 404 564 "-" "Mozilla/5.0 (Macintosh; Intel Mac OS X 10_12_3) AppleWebKit/537.36 (KHTML, like Gecko) Chrome/56.0.2924.87 Safari/537.36"
94.72.101.21 - - [02/Nov/2024:20:29:09 +0000] "GET /secrets/mandrill.json HTTP/1.1" 404 564 "-" "Mozilla/5.0 (Macintosh; Intel Mac OS X 10_12_3) AppleWebKit/537.36 (KHTML, like Gecko) Chrome/56.0.2924.87 Safari/537.36"
94.72.101.21 - - [02/Nov/2024:20:29:09 +0000] "GET /secrets/mailjet.json HTTP/1.1" 404 564 "-" "Mozilla/5.0 (Macintosh; Intel Mac OS X 10_12_3) AppleWebKit/537.36 (KHTML, like Gecko) Chrome/56.0.2924.87 Safari/537.36"
94.72.101.21 - - [02/Nov/2024:20:29:09 +0000] "GET /secrets/sendgrid.json HTTP/1.1" 404 564 "-" "Mozilla/5.0 (Macintosh; Intel Mac OS X 10_12_3) AppleWebKit/537.36 (KHTML, like Gecko) Chrome/56.0.2924.87 Safari/537.36"
94.72.101.21 - - [02/Nov/2024:20:29:10 +0000] "GET /secrets/sparkpost.json HTTP/1.1" 404 564 "-" "Mozilla/5.0 (Macintosh; Intel Mac OS X 10_12_3) AppleWebKit/537.36 (KHTML, like Gecko) Chrome/56.0.2924.87 Safari/537.36"
94.72.101.21 - - [02/Nov/2024:20:29:10 +0000] "GET /secrets/mailer_dsn.json HTTP/1.1" 404 564 "-" "Mozilla/5.0 (Macintosh; Intel Mac OS X 10_12_3) AppleWebKit/537.36 (KHTML, like Gecko) Chrome/56.0.2924.87 Safari/537.36"
94.72.101.21 - - [02/Nov/2024:20:29:10 +0000] "GET /secrets/mailer_url.json HTTP/1.1" 404 564 "-" "Mozilla/5.0 (Macintosh; Intel Mac OS X 10_12_3) AppleWebKit/537.36 (KHTML, like Gecko) Chrome/56.0.2924.87 Safari/537.36"
94.72.101.21 - - [02/Nov/2024:20:29:10 +0000] "GET /config/aws.js HTTP/1.1" 404 564 "-" "Mozilla/5.0 (Macintosh; Intel Mac OS X 10_12_3) AppleWebKit/537.36 (KHTML, like Gecko) Chrome/56.0.2924.87 Safari/537.36"
94.72.101.21 - - [02/Nov/2024:20:29:11 +0000] "GET /config/mailgun.js HTTP/1.1" 404 564 "-" "Mozilla/5.0 (Macintosh; Intel Mac OS X 10_12_3) AppleWebKit/537.36 (KHTML, like Gecko) Chrome/56.0.2924.87 Safari/537.36"
94.72.101.21 - - [02/Nov/2024:20:29:11 +0000] "GET /config/mandrill.js HTTP/1.1" 404 564 "-" "Mozilla/5.0 (Macintosh; Intel Mac OS X 10_12_3) AppleWebKit/537.36 (KHTML, like Gecko) Chrome/56.0.2924.87 Safari/537.36"
94.72.101.21 - - [02/Nov/2024:20:29:11 +0000] "GET /config/mailjet.js HTTP/1.1" 404 564 "-" "Mozilla/5.0 (Macintosh; Intel Mac OS X 10_12_3) AppleWebKit/537.36 (KHTML, like Gecko) Chrome/56.0.2924.87 Safari/537.36"
94.72.101.21 - - [02/Nov/2024:20:29:12 +0000] "GET /config/sendgrid.js HTTP/1.1" 404 564 "-" "Mozilla/5.0 (Macintosh; Intel Mac OS X 10_12_3) AppleWebKit/537.36 (KHTML, like Gecko) Chrome/56.0.2924.87 Safari/537.36"
94.72.101.21 - - [02/Nov/2024:20:29:13 +0000] "GET /config/sparkpost.js HTTP/1.1" 404 564 "-" "Mozilla/5.0 (Macintosh; Intel Mac OS X 10_12_3) AppleWebKit/537.36 (KHTML, like Gecko) Chrome/56.0.2924.87 Safari/537.36"
94.72.101.21 - - [02/Nov/2024:20:29:13 +0000] "GET /config/mailer_dsn.js HTTP/1.1" 404 564 "-" "Mozilla/5.0 (Macintosh; Intel Mac OS X 10_12_3) AppleWebKit/537.36 (KHTML, like Gecko) Chrome/56.0.2924.87 Safari/537.36"
94.72.101.21 - - [02/Nov/2024:20:29:13 +0000] "GET /config/mailer_url.js HTTP/1.1" 404 564 "-" "Mozilla/5.0 (Macintosh; Intel Mac OS X 10_12_3) AppleWebKit/537.36 (KHTML, like Gecko) Chrome/56.0.2924.87 Safari/537.36"
94.72.101.21 - - [02/Nov/2024:20:29:14 +0000] "GET /private/aws.json HTTP/1.1" 404 564 "-" "Mozilla/5.0 (Macintosh; Intel Mac OS X 10_12_3) AppleWebKit/537.36 (KHTML, like Gecko) Chrome/56.0.2924.87 Safari/537.36"
94.72.101.21 - - [02/Nov/2024:20:29:14 +0000] "GET /private/mailgun.json HTTP/1.1" 404 564 "-" "Mozilla/5.0 (Macintosh; Intel Mac OS X 10_12_3) AppleWebKit/537.36 (KHTML, like Gecko) Chrome/56.0.2924.87 Safari/537.36"
94.72.101.21 - - [02/Nov/2024:20:29:15 +0000] "GET /private/mandrill.json HTTP/1.1" 404 564 "-" "Mozilla/5.0 (Macintosh; Intel Mac OS X 10_12_3) AppleWebKit/537.36 (KHTML, like Gecko) Chrome/56.0.2924.87 Safari/537.36"
94.72.101.21 - - [02/Nov/2024:20:29:15 +0000] "GET /private/mailjet.json HTTP/1.1" 404 564 "-" "Mozilla/5.0 (Macintosh; Intel Mac OS X 10_12_3) AppleWebKit/537.36 (KHTML, like Gecko) Chrome/56.0.2924.87 Safari/537.36"
94.72.101.21 - - [02/Nov/2024:20:29:16 +0000] "GET /private/sendgrid.json HTTP/1.1" 404 564 "-" "Mozilla/5.0 (Macintosh; Intel Mac OS X 10_12_3) AppleWebKit/537.36 (KHTML, like Gecko) Chrome/56.0.2924.87 Safari/537.36"
94.72.101.21 - - [02/Nov/2024:20:29:16 +0000] "GET /private/sparkpost.json HTTP/1.1" 404 564 "-" "Mozilla/5.0 (Macintosh; Intel Mac OS X 10_12_3) AppleWebKit/537.36 (KHTML, like Gecko) Chrome/56.0.2924.87 Safari/537.36"
94.72.101.21 - - [02/Nov/2024:20:29:16 +0000] "GET /private/mailer_dsn.json HTTP/1.1" 404 564 "-" "Mozilla/5.0 (Macintosh; Intel Mac OS X 10_12_3) AppleWebKit/537.36 (KHTML, like Gecko) Chrome/56.0.2924.87 Safari/537.36"
94.72.101.21 - - [02/Nov/2024:20:29:17 +0000] "GET /private/mailer_url.json HTTP/1.1" 404 564 "-" "Mozilla/5.0 (Macintosh; Intel Mac OS X 10_12_3) AppleWebKit/537.36 (KHTML, like Gecko) Chrome/56.0.2924.87 Safari/537.36"
94.72.101.21 - - [02/Nov/2024:20:29:17 +0000] "GET /instance/config.py HTTP/1.1" 404 564 "-" "Mozilla/5.0 (Macintosh; Intel Mac OS X 10_12_3) AppleWebKit/537.36 (KHTML, like Gecko) Chrome/56.0.2924.87 Safari/537.36"
94.72.101.21 - - [02/Nov/2024:20:29:17 +0000] "GET /backup/php_info.php HTTP/1.1" 404 564 "-" "Mozilla/5.0 (Macintosh; Intel Mac OS X 10_12_3) AppleWebKit/537.36 (KHTML, like Gecko) Chrome/56.0.2924.87 Safari/537.36"
94.72.101.21 - - [02/Nov/2024:20:29:17 +0000] "GET /private/phpinfo.php HTTP/1.1" 404 564 "-" "Mozilla/5.0 (Macintosh; Intel Mac OS X 10_12_3) AppleWebKit/537.36 (KHTML, like Gecko) Chrome/56.0.2924.87 Safari/537.36"
94.72.101.21 - - [02/Nov/2024:20:29:17 +0000] "GET /private/php_info.php HTTP/1.1" 404 564 "-" "Mozilla/5.0 (Macintosh; Intel Mac OS X 10_12_3) AppleWebKit/537.36 (KHTML, like Gecko) Chrome/56.0.2924.87 Safari/537.36"
94.72.101.21 - - [02/Nov/2024:20:29:18 +0000] "GET /private/info.php HTTP/1.1" 404 564 "-" "Mozilla/5.0 (Macintosh; Intel Mac OS X 10_12_3) AppleWebKit/537.36 (KHTML, like Gecko) Chrome/56.0.2924.87 Safari/537.36"
94.72.101.21 - - [02/Nov/2024:20:29:18 +0000] "GET /secrets/phpinfo.php HTTP/1.1" 404 564 "-" "Mozilla/5.0 (Macintosh; Intel Mac OS X 10_12_3) AppleWebKit/537.36 (KHTML, like Gecko) Chrome/56.0.2924.87 Safari/537.36"
94.72.101.21 - - [02/Nov/2024:20:29:19 +0000] "GET /secrets/php_info.php HTTP/1.1" 404 564 "-" "Mozilla/5.0 (Macintosh; Intel Mac OS X 10_12_3) AppleWebKit/537.36 (KHTML, like Gecko) Chrome/56.0.2924.87 Safari/537.36"
94.72.101.21 - - [02/Nov/2024:20:29:19 +0000] "GET /secrets/info.php HTTP/1.1" 404 564 "-" "Mozilla/5.0 (Macintosh; Intel Mac OS X 10_12_3) AppleWebKit/537.36 (KHTML, like Gecko) Chrome/56.0.2924.87 Safari/537.36"
94.72.101.21 - - [02/Nov/2024:20:29:19 +0000] "GET /.wp-config.php.bak HTTP/1.1" 404 564 "-" "Mozilla/5.0 (Macintosh; Intel Mac OS X 10_12_3) AppleWebKit/537.36 (KHTML, like Gecko) Chrome/56.0.2924.87 Safari/537.36"
94.72.101.21 - - [02/Nov/2024:20:29:19 +0000] "GET /sites/default/files/tmp/debug.log HTTP/1.1" 404 564 "-" "Mozilla/5.0 (Macintosh; Intel Mac OS X 10_12_3) AppleWebKit/537.36 (KHTML, like Gecko) Chrome/56.0.2924.87 Safari/537.36"
94.72.101.21 - - [02/Nov/2024:20:29:20 +0000] "GET /sites/default/files/private/settings.php HTTP/1.1" 404 564 "-" "Mozilla/5.0 (Macintosh; Intel Mac OS X 10_12_3) AppleWebKit/537.36 (KHTML, like Gecko) Chrome/56.0.2924.87 Safari/537.36"
94.72.101.21 - - [02/Nov/2024:20:29:20 +0000] "GET /app/etc/env.php HTTP/1.1" 404 564 "-" "Mozilla/5.0 (Macintosh; Intel Mac OS X 10_12_3) AppleWebKit/537.36 (KHTML, like Gecko) Chrome/56.0.2924.87 Safari/537.36"
94.72.101.21 - - [02/Nov/2024:20:29:21 +0000] "GET /var/log/system.log HTTP/1.1" 404 564 "-" "Mozilla/5.0 (Macintosh; Intel Mac OS X 10_12_3) AppleWebKit/537.36 (KHTML, like Gecko) Chrome/56.0.2924.87 Safari/537.36"
94.72.101.21 - - [02/Nov/2024:20:29:21 +0000] "GET /var/log/debug.log HTTP/1.1" 404 564 "-" "Mozilla/5.0 (Macintosh; Intel Mac OS X 10_12_3) AppleWebKit/537.36 (KHTML, like Gecko) Chrome/56.0.2924.87 Safari/537.36"
94.72.101.21 - - [02/Nov/2024:20:29:21 +0000] "GET /storage/logs/laravel.log HTTP/1.1" 404 564 "-" "Mozilla/5.0 (Macintosh; Intel Mac OS X 10_12_3) AppleWebKit/537.36 (KHTML, like Gecko) Chrome/56.0.2924.87 Safari/537.36"
94.72.101.21 - - [02/Nov/2024:20:29:22 +0000] "GET /var/logs/dev.log HTTP/1.1" 404 564 "-" "Mozilla/5.0 (Macintosh; Intel Mac OS X 10_12_3) AppleWebKit/537.36 (KHTML, like Gecko) Chrome/56.0.2924.87 Safari/537.36"
94.72.101.21 - - [02/Nov/2024:20:29:22 +0000] "GET /tmp/logs/error.log HTTP/1.1" 404 564 "-" "Mozilla/5.0 (Macintosh; Intel Mac OS X 10_12_3) AppleWebKit/537.36 (KHTML, like Gecko) Chrome/56.0.2924.87 Safari/537.36"
94.72.101.21 - - [02/Nov/2024:20:29:22 +0000] "GET /tmp/logs/debug.log HTTP/1.1" 404 564 "-" "Mozilla/5.0 (Macintosh; Intel Mac OS X 10_12_3) AppleWebKit/537.36 (KHTML, like Gecko) Chrome/56.0.2924.87 Safari/537.36"
94.72.101.21 - - [02/Nov/2024:20:29:22 +0000] "GET /config/database.yml HTTP/1.1" 404 564 "-" "Mozilla/5.0 (Macintosh; Intel Mac OS X 10_12_3) AppleWebKit/537.36 (KHTML, like Gecko) Chrome/56.0.2924.87 Safari/537.36"
94.72.101.21 - - [02/Nov/2024:20:29:22 +0000] "GET /log/development.log HTTP/1.1" 404 564 "-" "Mozilla/5.0 (Macintosh; Intel Mac OS X 10_12_3) AppleWebKit/537.36 (KHTML, like Gecko) Chrome/56.0.2924.87 Safari/537.36"
94.72.101.21 - - [02/Nov/2024:20:29:22 +0000] "GET /log/production.log HTTP/1.1" 404 564 "-" "Mozilla/5.0 (Macintosh; Intel Mac OS X 10_12_3) AppleWebKit/537.36 (KHTML, like Gecko) Chrome/56.0.2924.87 Safari/537.36"
94.72.101.21 - - [02/Nov/2024:20:29:23 +0000] "GET /api_keys.php HTTP/1.1" 404 564 "-" "Mozilla/5.0 (Macintosh; Intel Mac OS X 10_12_3) AppleWebKit/537.36 (KHTML, like Gecko) Chrome/56.0.2924.87 Safari/537.36"
94.72.101.21 - - [02/Nov/2024:20:29:23 +0000] "GET /keys.txt HTTP/1.1" 404 564 "-" "Mozilla/5.0 (Macintosh; Intel Mac OS X 10_12_3) AppleWebKit/537.36 (KHTML, like Gecko) Chrome/56.0.2924.87 Safari/537.36"
94.72.101.21 - - [02/Nov/2024:20:29:23 +0000] "GET /keys.php HTTP/1.1" 404 564 "-" "Mozilla/5.0 (Macintosh; Intel Mac OS X 10_12_3) AppleWebKit/537.36 (KHTML, like Gecko) Chrome/56.0.2924.87 Safari/537.36"
94.72.101.21 - - [02/Nov/2024:20:29:23 +0000] "GET /secret_keys.php HTTP/1.1" 404 564 "-" "Mozilla/5.0 (Macintosh; Intel Mac OS X 10_12_3) AppleWebKit/537.36 (KHTML, like Gecko) Chrome/56.0.2924.87 Safari/537.36"
94.72.101.21 - - [02/Nov/2024:20:29:23 +0000] "GET /apikeys.txt HTTP/1.1" 404 564 "-" "Mozilla/5.0 (Macintosh; Intel Mac OS X 10_12_3) AppleWebKit/537.36 (KHTML, like Gecko) Chrome/56.0.2924.87 Safari/537.36"
94.72.101.21 - - [02/Nov/2024:20:29:24 +0000] "GET /apikeys.php HTTP/1.1" 404 564 "-" "Mozilla/5.0 (Macintosh; Intel Mac OS X 10_12_3) AppleWebKit/537.36 (KHTML, like Gecko) Chrome/56.0.2924.87 Safari/537.36"
94.72.101.21 - - [02/Nov/2024:20:29:24 +0000] "GET /secrets.txt HTTP/1.1" 404 564 "-" "Mozilla/5.0 (Macintosh; Intel Mac OS X 10_12_3) AppleWebKit/537.36 (KHTML, like Gecko) Chrome/56.0.2924.87 Safari/537.36"
94.72.101.21 - - [02/Nov/2024:20:29:24 +0000] "GET /secrets.php HTTP/1.1" 404 564 "-" "Mozilla/5.0 (Macintosh; Intel Mac OS X 10_12_3) AppleWebKit/537.36 (KHTML, like Gecko) Chrome/56.0.2924.87 Safari/537.36"
94.72.101.21 - - [02/Nov/2024:20:29:24 +0000] "GET /aws_credentials HTTP/1.1" 404 564 "-" "Mozilla/5.0 (Macintosh; Intel Mac OS X 10_12_3) AppleWebKit/537.36 (KHTML, like Gecko) Chrome/56.0.2924.87 Safari/537.36"
94.72.101.21 - - [02/Nov/2024:20:29:25 +0000] "GET /aws_config HTTP/1.1" 404 564 "-" "Mozilla/5.0 (Macintosh; Intel Mac OS X 10_12_3) AppleWebKit/537.36 (KHTML, like Gecko) Chrome/56.0.2924.87 Safari/537.36"
94.72.101.21 - - [02/Nov/2024:20:29:25 +0000] "GET /gcp_credentials.json HTTP/1.1" 404 564 "-" "Mozilla/5.0 (Macintosh; Intel Mac OS X 10_12_3) AppleWebKit/537.36 (KHTML, like Gecko) Chrome/56.0.2924.87 Safari/537.36"
94.72.101.21 - - [02/Nov/2024:20:29:25 +0000] "GET /azure_credentials.json HTTP/1.1" 404 564 "-" "Mozilla/5.0 (Macintosh; Intel Mac OS X 10_12_3) AppleWebKit/537.36 (KHTML, like Gecko) Chrome/56.0.2924.87 Safari/537.36"
94.72.101.21 - - [02/Nov/2024:20:29:25 +0000] "GET /temp.txt HTTP/1.1" 404 564 "-" "Mozilla/5.0 (Macintosh; Intel Mac OS X 10_12_3) AppleWebKit/537.36 (KHTML, like Gecko) Chrome/56.0.2924.87 Safari/537.36"
94.72.101.21 - - [02/Nov/2024:20:29:25 +0000] "GET /tmp.txt HTTP/1.1" 404 564 "-" "Mozilla/5.0 (Macintosh; Intel Mac OS X 10_12_3) AppleWebKit/537.36 (KHTML, like Gecko) Chrome/56.0.2924.87 Safari/537.36"
94.72.101.21 - - [02/Nov/2024:20:29:26 +0000] "GET /config/config.yaml HTTP/1.1" 404 564 "-" "Mozilla/5.0 (Macintosh; Intel Mac OS X 10_12_3) AppleWebKit/537.36 (KHTML, like Gecko) Chrome/56.0.2924.87 Safari/537.36"
94.72.101.21 - - [02/Nov/2024:20:29:26 +0000] "GET /config/config.yml HTTP/1.1" 404 564 "-" "Mozilla/5.0 (Macintosh; Intel Mac OS X 10_12_3) AppleWebKit/537.36 (KHTML, like Gecko) Chrome/56.0.2924.87 Safari/537.36"
94.72.101.21 - - [02/Nov/2024:20:29:26 +0000] "GET /config/env.php HTTP/1.1" 404 564 "-" "Mozilla/5.0 (Macintosh; Intel Mac OS X 10_12_3) AppleWebKit/537.36 (KHTML, like Gecko) Chrome/56.0.2924.87 Safari/537.36"
94.72.101.21 - - [02/Nov/2024:20:29:26 +0000] "GET /app/settings.php HTTP/1.1" 404 564 "-" "Mozilla/5.0 (Macintosh; Intel Mac OS X 10_12_3) AppleWebKit/537.36 (KHTML, like Gecko) Chrome/56.0.2924.87 Safari/537.36"
94.72.101.21 - - [02/Nov/2024:20:29:27 +0000] "GET /app/config.yaml HTTP/1.1" 404 564 "-" "Mozilla/5.0 (Macintosh; Intel Mac OS X 10_12_3) AppleWebKit/537.36 (KHTML, like Gecko) Chrome/56.0.2924.87 Safari/537.36"
94.72.101.21 - - [02/Nov/2024:20:29:27 +0000] "GET /config/api.php HTTP/1.1" 404 564 "-" "Mozilla/5.0 (Macintosh; Intel Mac OS X 10_12_3) AppleWebKit/537.36 (KHTML, like Gecko) Chrome/56.0.2924.87 Safari/537.36"
94.72.101.21 - - [02/Nov/2024:20:29:27 +0000] "GET /config/session.php HTTP/1.1" 404 564 "-" "Mozilla/5.0 (Macintosh; Intel Mac OS X 10_12_3) AppleWebKit/537.36 (KHTML, like Gecko) Chrome/56.0.2924.87 Safari/537.36"
94.72.101.21 - - [02/Nov/2024:20:29:27 +0000] "GET /config/view.php HTTP/1.1" 404 564 "-" "Mozilla/5.0 (Macintosh; Intel Mac OS X 10_12_3) AppleWebKit/537.36 (KHTML, like Gecko) Chrome/56.0.2924.87 Safari/537.36"
94.72.101.21 - - [02/Nov/2024:20:29:28 +0000] "GET /config/queue.php HTTP/1.1" 404 564 "-" "Mozilla/5.0 (Macintosh; Intel Mac OS X 10_12_3) AppleWebKit/537.36 (KHTML, like Gecko) Chrome/56.0.2924.87 Safari/537.36"
94.72.101.21 - - [02/Nov/2024:20:29:28 +0000] "GET /config/broadcasting.php HTTP/1.1" 404 564 "-" "Mozilla/5.0 (Macintosh; Intel Mac OS X 10_12_3) AppleWebKit/537.36 (KHTML, like Gecko) Chrome/56.0.2924.87 Safari/537.36"
94.72.101.21 - - [02/Nov/2024:20:29:28 +0000] "GET /config/logging.php HTTP/1.1" 404 564 "-" "Mozilla/5.0 (Macintosh; Intel Mac OS X 10_12_3) AppleWebKit/537.36 (KHTML, like Gecko) Chrome/56.0.2924.87 Safari/537.36"
94.72.101.21 - - [02/Nov/2024:20:29:28 +0000] "GET /database/config.php HTTP/1.1" 404 564 "-" "Mozilla/5.0 (Macintosh; Intel Mac OS X 10_12_3) AppleWebKit/537.36 (KHTML, like Gecko) Chrome/56.0.2924.87 Safari/537.36"
94.72.101.21 - - [02/Nov/2024:20:29:28 +0000] "GET /.config/database.php HTTP/1.1" 404 564 "-" "Mozilla/5.0 (Macintosh; Intel Mac OS X 10_12_3) AppleWebKit/537.36 (KHTML, like Gecko) Chrome/56.0.2924.87 Safari/537.36"
94.72.101.21 - - [02/Nov/2024:20:29:29 +0000] "GET /.config/mail.php HTTP/1.1" 404 564 "-" "Mozilla/5.0 (Macintosh; Intel Mac OS X 10_12_3) AppleWebKit/537.36 (KHTML, like Gecko) Chrome/56.0.2924.87 Safari/537.36"
94.72.101.21 - - [02/Nov/2024:20:29:29 +0000] "GET /.config/api.php HTTP/1.1" 404 564 "-" "Mozilla/5.0 (Macintosh; Intel Mac OS X 10_12_3) AppleWebKit/537.36 (KHTML, like Gecko) Chrome/56.0.2924.87 Safari/537.36"
94.72.101.21 - - [02/Nov/2024:20:29:29 +0000] "GET /.config/auth.php HTTP/1.1" 404 564 "-" "Mozilla/5.0 (Macintosh; Intel Mac OS X 10_12_3) AppleWebKit/537.36 (KHTML, like Gecko) Chrome/56.0.2924.87 Safari/537.36"
94.72.101.21 - - [02/Nov/2024:20:29:29 +0000] "GET /.config/cache.php HTTP/1.1" 404 564 "-" "Mozilla/5.0 (Macintosh; Intel Mac OS X 10_12_3) AppleWebKit/537.36 (KHTML, like Gecko) Chrome/56.0.2924.87 Safari/537.36"
94.72.101.21 - - [02/Nov/2024:20:29:30 +0000] "GET /.config/session.php HTTP/1.1" 404 564 "-" "Mozilla/5.0 (Macintosh; Intel Mac OS X 10_12_3) AppleWebKit/537.36 (KHTML, like Gecko) Chrome/56.0.2924.87 Safari/537.36"
94.72.101.21 - - [02/Nov/2024:20:29:30 +0000] "GET /.config/view.php HTTP/1.1" 404 564 "-" "Mozilla/5.0 (Macintosh; Intel Mac OS X 10_12_3) AppleWebKit/537.36 (KHTML, like Gecko) Chrome/56.0.2924.87 Safari/537.36"
94.72.101.21 - - [02/Nov/2024:20:29:30 +0000] "GET /.config/filesystems.php HTTP/1.1" 404 564 "-" "Mozilla/5.0 (Macintosh; Intel Mac OS X 10_12_3) AppleWebKit/537.36 (KHTML, like Gecko) Chrome/56.0.2924.87 Safari/537.36"
94.72.101.21 - - [02/Nov/2024:20:29:30 +0000] "GET /.config/queue.php HTTP/1.1" 404 564 "-" "Mozilla/5.0 (Macintosh; Intel Mac OS X 10_12_3) AppleWebKit/537.36 (KHTML, like Gecko) Chrome/56.0.2924.87 Safari/537.36"
94.72.101.21 - - [02/Nov/2024:20:29:31 +0000] "GET /.config/broadcasting.php HTTP/1.1" 404 564 "-" "Mozilla/5.0 (Macintosh; Intel Mac OS X 10_12_3) AppleWebKit/537.36 (KHTML, like Gecko) Chrome/56.0.2924.87 Safari/537.36"
94.72.101.21 - - [02/Nov/2024:20:29:31 +0000] "GET /.config/logging.php HTTP/1.1" 404 564 "-" "Mozilla/5.0 (Macintosh; Intel Mac OS X 10_12_3) AppleWebKit/537.36 (KHTML, like Gecko) Chrome/56.0.2924.87 Safari/537.36"
94.72.101.21 - - [02/Nov/2024:20:29:31 +0000] "GET /.config/app.php HTTP/1.1" 404 564 "-" "Mozilla/5.0 (Macintosh; Intel Mac OS X 10_12_3) AppleWebKit/537.36 (KHTML, like Gecko) Chrome/56.0.2924.87 Safari/537.36"
94.72.101.21 - - [02/Nov/2024:20:29:31 +0000] "GET /private/config.yml HTTP/1.1" 404 564 "-" "Mozilla/5.0 (Macintosh; Intel Mac OS X 10_12_3) AppleWebKit/537.36 (KHTML, like Gecko) Chrome/56.0.2924.87 Safari/537.36"
94.72.101.21 - - [02/Nov/2024:20:29:31 +0000] "GET /private/env.php HTTP/1.1" 404 564 "-" "Mozilla/5.0 (Macintosh; Intel Mac OS X 10_12_3) AppleWebKit/537.36 (KHTML, like Gecko) Chrome/56.0.2924.87 Safari/537.36"
94.72.101.21 - - [02/Nov/2024:20:29:32 +0000] "GET /private/api_keys.json HTTP/1.1" 404 564 "-" "Mozilla/5.0 (Macintosh; Intel Mac OS X 10_12_3) AppleWebKit/537.36 (KHTML, like Gecko) Chrome/56.0.2924.87 Safari/537.36"
94.72.101.21 - - [02/Nov/2024:20:29:32 +0000] "GET /private/api_keys.php HTTP/1.1" 404 564 "-" "Mozilla/5.0 (Macintosh; Intel Mac OS X 10_12_3) AppleWebKit/537.36 (KHTML, like Gecko) Chrome/56.0.2924.87 Safari/537.36"
94.72.101.21 - - [02/Nov/2024:20:29:32 +0000] "GET /private/keys.txt HTTP/1.1" 404 564 "-" "Mozilla/5.0 (Macintosh; Intel Mac OS X 10_12_3) AppleWebKit/537.36 (KHTML, like Gecko) Chrome/56.0.2924.87 Safari/537.36"
94.72.101.21 - - [02/Nov/2024:20:29:32 +0000] "GET /private/keys.php HTTP/1.1" 404 564 "-" "Mozilla/5.0 (Macintosh; Intel Mac OS X 10_12_3) AppleWebKit/537.36 (KHTML, like Gecko) Chrome/56.0.2924.87 Safari/537.36"
94.72.101.21 - - [02/Nov/2024:20:29:33 +0000] "GET /private/secret_keys.php HTTP/1.1" 404 564 "-" "Mozilla/5.0 (Macintosh; Intel Mac OS X 10_12_3) AppleWebKit/537.36 (KHTML, like Gecko) Chrome/56.0.2924.87 Safari/537.36"
94.72.101.21 - - [02/Nov/2024:20:29:34 +0000] "GET /private/apikeys.txt HTTP/1.1" 404 564 "-" "Mozilla/5.0 (Macintosh; Intel Mac OS X 10_12_3) AppleWebKit/537.36 (KHTML, like Gecko) Chrome/56.0.2924.87 Safari/537.36"
94.72.101.21 - - [02/Nov/2024:20:29:34 +0000] "GET /private/apikeys.php HTTP/1.1" 404 564 "-" "Mozilla/5.0 (Macintosh; Intel Mac OS X 10_12_3) AppleWebKit/537.36 (KHTML, like Gecko) Chrome/56.0.2924.87 Safari/537.36"
94.72.101.21 - - [02/Nov/2024:20:29:34 +0000] "GET /private/secrets.txt HTTP/1.1" 404 564 "-" "Mozilla/5.0 (Macintosh; Intel Mac OS X 10_12_3) AppleWebKit/537.36 (KHTML, like Gecko) Chrome/56.0.2924.87 Safari/537.36"
94.72.101.21 - - [02/Nov/2024:20:29:35 +0000] "GET /private/secrets.php HTTP/1.1" 404 564 "-" "Mozilla/5.0 (Macintosh; Intel Mac OS X 10_12_3) AppleWebKit/537.36 (KHTML, like Gecko) Chrome/56.0.2924.87 Safari/537.36"
94.72.101.21 - - [02/Nov/2024:20:29:35 +0000] "GET /private/gcp_credentials.json HTTP/1.1" 404 564 "-" "Mozilla/5.0 (Macintosh; Intel Mac OS X 10_12_3) AppleWebKit/537.36 (KHTML, like Gecko) Chrome/56.0.2924.87 Safari/537.36"
94.72.101.21 - - [02/Nov/2024:20:29:36 +0000] "GET /private/azure_credentials.json HTTP/1.1" 404 564 "-" "Mozilla/5.0 (Macintosh; Intel Mac OS X 10_12_3) AppleWebKit/537.36 (KHTML, like Gecko) Chrome/56.0.2924.87 Safari/537.36"
94.72.101.21 - - [02/Nov/2024:20:29:36 +0000] "GET /backup/config.php HTTP/1.1" 404 564 "-" "Mozilla/5.0 (Macintosh; Intel Mac OS X 10_12_3) AppleWebKit/537.36 (KHTML, like Gecko) Chrome/56.0.2924.87 Safari/537.36"
94.72.101.21 - - [02/Nov/2024:20:29:36 +0000] "GET /backup/settings.php HTTP/1.1" 404 564 "-" "Mozilla/5.0 (Macintosh; Intel Mac OS X 10_12_3) AppleWebKit/537.36 (KHTML, like Gecko) Chrome/56.0.2924.87 Safari/537.36"
94.72.101.21 - - [02/Nov/2024:20:29:37 +0000] "GET /backup/config.json HTTP/1.1" 404 564 "-" "Mozilla/5.0 (Macintosh; Intel Mac OS X 10_12_3) AppleWebKit/537.36 (KHTML, like Gecko) Chrome/56.0.2924.87 Safari/537.36"
94.72.101.21 - - [02/Nov/2024:20:29:38 +0000] "GET /backup/config.yml HTTP/1.1" 404 564 "-" "Mozilla/5.0 (Macintosh; Intel Mac OS X 10_12_3) AppleWebKit/537.36 (KHTML, like Gecko) Chrome/56.0.2924.87 Safari/537.36"
94.72.101.21 - - [02/Nov/2024:20:29:38 +0000] "GET /backup/env.php HTTP/1.1" 404 564 "-" "Mozilla/5.0 (Macintosh; Intel Mac OS X 10_12_3) AppleWebKit/537.36 (KHTML, like Gecko) Chrome/56.0.2924.87 Safari/537.36"
94.72.101.21 - - [02/Nov/2024:20:29:38 +0000] "GET /backup/api_keys.json HTTP/1.1" 404 564 "-" "Mozilla/5.0 (Macintosh; Intel Mac OS X 10_12_3) AppleWebKit/537.36 (KHTML, like Gecko) Chrome/56.0.2924.87 Safari/537.36"
94.72.101.21 - - [02/Nov/2024:20:29:38 +0000] "GET /backup/api_keys.php HTTP/1.1" 404 564 "-" "Mozilla/5.0 (Macintosh; Intel Mac OS X 10_12_3) AppleWebKit/537.36 (KHTML, like Gecko) Chrome/56.0.2924.87 Safari/537.36"
94.72.101.21 - - [02/Nov/2024:20:29:39 +0000] "GET /backup/keys.txt HTTP/1.1" 404 564 "-" "Mozilla/5.0 (Macintosh; Intel Mac OS X 10_12_3) AppleWebKit/537.36 (KHTML, like Gecko) Chrome/56.0.2924.87 Safari/537.36"
94.72.101.21 - - [02/Nov/2024:20:29:39 +0000] "GET /backup/keys.php HTTP/1.1" 404 564 "-" "Mozilla/5.0 (Macintosh; Intel Mac OS X 10_12_3) AppleWebKit/537.36 (KHTML, like Gecko) Chrome/56.0.2924.87 Safari/537.36"
94.72.101.21 - - [02/Nov/2024:20:29:39 +0000] "GET /backup/secret_keys.php HTTP/1.1" 404 564 "-" "Mozilla/5.0 (Macintosh; Intel Mac OS X 10_12_3) AppleWebKit/537.36 (KHTML, like Gecko) Chrome/56.0.2924.87 Safari/537.36"
94.72.101.21 - - [02/Nov/2024:20:29:40 +0000] "GET /backup/apikeys.txt HTTP/1.1" 404 564 "-" "Mozilla/5.0 (Macintosh; Intel Mac OS X 10_12_3) AppleWebKit/537.36 (KHTML, like Gecko) Chrome/56.0.2924.87 Safari/537.36"
94.72.101.21 - - [02/Nov/2024:20:29:40 +0000] "GET /backup/apikeys.php HTTP/1.1" 404 564 "-" "Mozilla/5.0 (Macintosh; Intel Mac OS X 10_12_3) AppleWebKit/537.36 (KHTML, like Gecko) Chrome/56.0.2924.87 Safari/537.36"
94.72.101.21 - - [02/Nov/2024:20:29:40 +0000] "GET /backup/secrets.txt HTTP/1.1" 404 564 "-" "Mozilla/5.0 (Macintosh; Intel Mac OS X 10_12_3) AppleWebKit/537.36 (KHTML, like Gecko) Chrome/56.0.2924.87 Safari/537.36"
94.72.101.21 - - [02/Nov/2024:20:29:40 +0000] "GET /backup/secrets.php HTTP/1.1" 404 564 "-" "Mozilla/5.0 (Macintosh; Intel Mac OS X 10_12_3) AppleWebKit/537.36 (KHTML, like Gecko) Chrome/56.0.2924.87 Safari/537.36"
94.72.101.21 - - [02/Nov/2024:20:29:40 +0000] "GET /secrets/config.php HTTP/1.1" 404 564 "-" "Mozilla/5.0 (Macintosh; Intel Mac OS X 10_12_3) AppleWebKit/537.36 (KHTML, like Gecko) Chrome/56.0.2924.87 Safari/537.36"
94.72.101.21 - - [02/Nov/2024:20:29:41 +0000] "GET /secrets/settings.php HTTP/1.1" 404 564 "-" "Mozilla/5.0 (Macintosh; Intel Mac OS X 10_12_3) AppleWebKit/537.36 (KHTML, like Gecko) Chrome/56.0.2924.87 Safari/537.36"
94.72.101.21 - - [02/Nov/2024:20:29:41 +0000] "GET /secrets/config.json HTTP/1.1" 404 564 "-" "Mozilla/5.0 (Macintosh; Intel Mac OS X 10_12_3) AppleWebKit/537.36 (KHTML, like Gecko) Chrome/56.0.2924.87 Safari/537.36"
94.72.101.21 - - [02/Nov/2024:20:29:41 +0000] "GET /secrets/config.yaml HTTP/1.1" 404 564 "-" "Mozilla/5.0 (Macintosh; Intel Mac OS X 10_12_3) AppleWebKit/537.36 (KHTML, like Gecko) Chrome/56.0.2924.87 Safari/537.36"
94.72.101.21 - - [02/Nov/2024:20:29:41 +0000] "GET /secrets/config.yml HTTP/1.1" 404 564 "-" "Mozilla/5.0 (Macintosh; Intel Mac OS X 10_12_3) AppleWebKit/537.36 (KHTML, like Gecko) Chrome/56.0.2924.87 Safari/537.36"
94.72.101.21 - - [02/Nov/2024:20:29:41 +0000] "GET /secrets/env.php HTTP/1.1" 404 564 "-" "Mozilla/5.0 (Macintosh; Intel Mac OS X 10_12_3) AppleWebKit/537.36 (KHTML, like Gecko) Chrome/56.0.2924.87 Safari/537.36"
94.72.101.21 - - [02/Nov/2024:20:29:41 +0000] "GET /secrets/api_keys.json HTTP/1.1" 404 564 "-" "Mozilla/5.0 (Macintosh; Intel Mac OS X 10_12_3) AppleWebKit/537.36 (KHTML, like Gecko) Chrome/56.0.2924.87 Safari/537.36"
94.72.101.21 - - [02/Nov/2024:20:29:42 +0000] "GET /secrets/api_keys.php HTTP/1.1" 404 564 "-" "Mozilla/5.0 (Macintosh; Intel Mac OS X 10_12_3) AppleWebKit/537.36 (KHTML, like Gecko) Chrome/56.0.2924.87 Safari/537.36"
94.72.101.21 - - [02/Nov/2024:20:29:42 +0000] "GET /secrets/keys.txt HTTP/1.1" 404 564 "-" "Mozilla/5.0 (Macintosh; Intel Mac OS X 10_12_3) AppleWebKit/537.36 (KHTML, like Gecko) Chrome/56.0.2924.87 Safari/537.36"
94.72.101.21 - - [02/Nov/2024:20:29:42 +0000] "GET /secrets/keys.php HTTP/1.1" 404 564 "-" "Mozilla/5.0 (Macintosh; Intel Mac OS X 10_12_3) AppleWebKit/537.36 (KHTML, like Gecko) Chrome/56.0.2924.87 Safari/537.36"
94.72.101.21 - - [02/Nov/2024:20:29:42 +0000] "GET /secrets/secret_keys.php HTTP/1.1" 404 564 "-" "Mozilla/5.0 (Macintosh; Intel Mac OS X 10_12_3) AppleWebKit/537.36 (KHTML, like Gecko) Chrome/56.0.2924.87 Safari/537.36"
94.72.101.21 - - [02/Nov/2024:20:29:42 +0000] "GET /secrets/apikeys.txt HTTP/1.1" 404 564 "-" "Mozilla/5.0 (Macintosh; Intel Mac OS X 10_12_3) AppleWebKit/537.36 (KHTML, like Gecko) Chrome/56.0.2924.87 Safari/537.36"
94.72.101.21 - - [02/Nov/2024:20:29:43 +0000] "GET /secrets/apikeys.php HTTP/1.1" 404 564 "-" "Mozilla/5.0 (Macintosh; Intel Mac OS X 10_12_3) AppleWebKit/537.36 (KHTML, like Gecko) Chrome/56.0.2924.87 Safari/537.36"
94.72.101.21 - - [02/Nov/2024:20:29:43 +0000] "GET /secrets/secrets.txt HTTP/1.1" 404 564 "-" "Mozilla/5.0 (Macintosh; Intel Mac OS X 10_12_3) AppleWebKit/537.36 (KHTML, like Gecko) Chrome/56.0.2924.87 Safari/537.36"
94.72.101.21 - - [02/Nov/2024:20:29:43 +0000] "GET /secrets/secrets.php HTTP/1.1" 404 564 "-" "Mozilla/5.0 (Macintosh; Intel Mac OS X 10_12_3) AppleWebKit/537.36 (KHTML, like Gecko) Chrome/56.0.2924.87 Safari/537.36"
143.110.222.166 - - [02/Nov/2024:20:56:30 +0000] "GET / HTTP/1.1" 200 396 "-" "Mozilla/5.0 (iPhone; CPU iPhone OS 16_1 like Mac OS X) AppleWebKit/605.1.15 (KHTML, like Gecko) Version/16.1 Mobile/15E148 Safari/604.1"
167.94.138.50 - - [02/Nov/2024:21:06:23 +0000] "GET / HTTP/1.1" 200 612 "-" "-"
167.94.138.50 - - [02/Nov/2024:21:06:29 +0000] "GET / HTTP/1.1" 200 396 "-" "Mozilla/5.0 (compatible; CensysInspect/1.1; +https://about.censys.io/)"
167.94.138.50 - - [02/Nov/2024:21:06:32 +0000] "GET /favicon.ico HTTP/1.1" 404 134 "-" "Mozilla/5.0 (compatible; CensysInspect/1.1; +https://about.censys.io/)"
167.94.138.50 - - [02/Nov/2024:21:06:37 +0000] "PRI * HTTP/2.0" 400 166 "-" "-"
87.120.112.106 - - [02/Nov/2024:21:07:04 +0000] "GET /.env HTTP/1.1" 404 134 "-" "Mozilla/5.0 (X11; U; SunOS i86pc; en-US; rv:1.8.1.12) Gecko/20080303 SeaMonkey/1.1.8"
80.82.77.202 - - [02/Nov/2024:21:26:59 +0000] "GET / HTTP/1.0" 200 612 "-" "Mozilla/5.0 (Android; Mobile; rv:35.0) Gecko/35.0 Firefox/35.0"
185.191.126.248 - - [02/Nov/2024:21:28:49 +0000] "GET / HTTP/1.1" 200 612 "-" "-"
82.78.48.108 - - [02/Nov/2024:21:37:26 +0000] "GET / HTTP/1.1" 200 612 "-" "Mozilla/5.0 (Windows NT 10.0; WOW64) AppleWebKit/537.36 (KHTML, like Gecko) Chrome/51.0.2704.103 Safari/537.36"
5.8.11.202 - - [02/Nov/2024:21:40:27 +0000] "GET / HTTP/1.0" 200 612 "-" "Mozilla/5.0 (Windows NT 10.0; WOW64) AppleWebKit/537.36 (KHTML, like Gecko) Chrome/75.0.3770.143 YaBrowser/19.7.1.114 Yowser/2.5 Safari/537.36"
143.110.222.166 - - [02/Nov/2024:22:07:27 +0000] "GET / HTTP/1.1" 200 396 "-" "Mozilla/5.0 (iPhone; CPU iPhone OS 16_1 like Mac OS X) AppleWebKit/605.1.15 (KHTML, like Gecko) Version/16.1 Mobile/15E148 Safari/604.1"
141.98.11.178 - - [02/Nov/2024:22:30:48 +0000] "GET /cgi-bin/luci/;stok=/locale HTTP/1.1" 404 162 "-" "Hello"
141.98.11.178 - - [02/Nov/2024:22:33:13 +0000] "GET /cgi-bin/luci/;stok=/locale HTTP/1.1" 404 162 "-" "Hello"
185.191.126.248 - - [02/Nov/2024:22:34:27 +0000] "GET / HTTP/1.1" 200 612 "-" "-"
95.214.53.91 - - [02/Nov/2024:22:38:46 +0000] "GET / HTTP/1.1" 200 396 "-" "Mozilla/5.0 (Windows NT 10.0; Win64; x64) AppleWebKit/537.36 (KHTML, like Gecko) Chrome/90.0.4430.85 Safari/537.36 Edg/90.0.818.46"
93.174.93.12 - - [02/Nov/2024:22:46:03 +0000] "GET / HTTP/1.0" 200 612 "-" "Mozilla/5.0 (X11; CrOS x86_64 11647.154.0) AppleWebKit/537.36 (KHTML, like Gecko) Chrome/73.0.3683.114 Safari/537.36"
87.120.113.56 - - [02/Nov/2024:22:48:41 +0000] "GET /.env HTTP/1.1" 404 134 "-" "Mozilla/5.0 (Mobile; Windows Phone 8.1; Android 4.0; ARM; Trident/7.0; Touch; rv:11.0; IEMobile/11.0; NOKIA; Lumia 929) like iPhone OS 7_0_3 Mac OS X AppleWebKit/537 (KHTML, like Gecko) Mobile Safari/537"
71.6.146.130 - - [02/Nov/2024:23:04:17 +0000] "GET / HTTP/1.1" 200 612 "-" "Mozilla/5.0 (Windows NT 6.1) AppleWebKit/537.36 (KHTML, like Gecko) Chrome/41.0.2228.0 Safari/537.36"
71.6.146.130 - - [02/Nov/2024:23:04:18 +0000] "GET /robots.txt HTTP/1.1" 404 162 "-" "-"
71.6.146.130 - - [02/Nov/2024:23:04:19 +0000] "GET /sitemap.xml HTTP/1.1" 404 162 "-" "-"
71.6.146.130 - - [02/Nov/2024:23:04:19 +0000] "GET /.well-known/security.txt HTTP/1.1" 404 162 "-" "-"
71.6.146.130 - - [02/Nov/2024:23:04:20 +0000] "GET /favicon.ico HTTP/1.1" 404 197 "-" "Mozilla/5.0 (Windows NT 10.0; Win64; x64) AppleWebKit/537.36 (KHTML, like Gecko) Chrome/102.0.5005.63 Safari/537.36"
157.131.95.205 - - [02/Nov/2024:23:13:10 +0000] "GET /favicon.png HTTP/1.1" 200 1881 "-" "Mozilla/5.0 (Windows NT 10.0; Win64; x64) AppleWebKit/537.36 (KHTML, like Gecko) Chrome/130.0.0.0 Safari/537.36 Edg/130.0.0.0"
143.110.222.166 - - [02/Nov/2024:23:15:15 +0000] "GET / HTTP/1.1" 200 396 "-" "Mozilla/5.0 (iPhone; CPU iPhone OS 16_1 like Mac OS X) AppleWebKit/605.1.15 (KHTML, like Gecko) Version/16.1 Mobile/15E148 Safari/604.1"
178.215.238.68 - - [02/Nov/2024:23:24:09 +0000] "GET /login.rsp HTTP/1.1" 404 162 "-" "Hello World"
185.191.126.248 - - [02/Nov/2024:23:27:15 +0000] "GET / HTTP/1.1" 200 612 "-" "-"
92.255.57.58 - - [02/Nov/2024:23:41:10 +0000] "GET /?XDEBUG_SESSION_START=phpstorm HTTP/1.1" 200 396 "-" "Mozilla/5.0 (Windows NT 10.0; Win64; x64) AppleWebKit/537.36 (KHTML, like Gecko) Chrome/78.0.3904.108 Safari/537.36"
90.194.151.126 - - [02/Nov/2024:23:41:34 +0000] "GET /ws HTTP/1.1" 101 1784 "-" "Mozilla/5.0 (Macintosh; Intel Mac OS X 10_15_7) AppleWebKit/537.36 (KHTML, like Gecko) Chrome/130.0.0.0 Safari/537.36"
103.145.255.68 - - [02/Nov/2024:23:59:17 +0000] "GET /.env HTTP/1.1" 404 197 "-" "Mozilla/5.0 (X11; Linux x86_64) AppleWebKit/537.36 (KHTML, like Gecko) Chrome/81.0.4044.129 Safari/537.36"
103.145.255.68 - - [02/Nov/2024:23:59:18 +0000] "POST / HTTP/1.1" 405 568 "-" "Mozilla/5.0 (X11; Linux x86_64) AppleWebKit/537.36 (KHTML, like Gecko) Chrome/81.0.4044.129 Safari/537.36"
45.84.89.2 - - [02/Nov/2024:23:59:54 +0000] "GET / HTTP/1.1" 200 612 "-" "Mozilla/6.0 (Windows NT 10.0; Win64; x64) AppleWebKit/537.36 (KHTML, like Gecko) Chrome/127.0.0.0 Safari/537.36 Inspici (www.inspici.com)"
192.29.251.248 - - [01/Nov/2024:00:00:00 +0000] "GET /login HTTP/1.1" 200 12471 "-" "Mozilla/5.0 (Linux; Android 10; K) AppleWebKit/537.36 (KHTML, like Gecko) Chrome/120.0.0.0 Mobile Safari/537.36" web-03.example.com
220.50.48.207 - - [01/Nov/2024:00:00:02 +0000] "GET /profile HTTP/1.1" 200 5704 "-" "Mozilla/5.0 (Macintosh; Intel Mac OS X 10_15_7) AppleWebKit/537.36 (KHTML, like Gecko) Chrome/120.0.0.0 Safari/537.36" web-01.example.com
10.170.192.131 - - [01/Nov/2024:00:00:12 +0000] "DELETE /about HTTP/1.1" 301 10953 "-" "Mozilla/5.0 (Windows NT 10.0; Win64; x64; rv:109.0) Gecko/20100101 Firefox/115.0" web-02.example.com
130.169.168.157 - - [01/Nov/2024:00:00:22 +0000] "GET /images/logo.png HTTP/1.1" 200 13526 "-" "Mozilla/5.0 (Macintosh; Intel Mac OS X 10_15_7) AppleWebKit/537.36 (KHTML, like Gecko) Chrome/120.0.0.0 Safari/537.36" web-02.example.com
203.0.113.179 - - [01/Nov/2024:00:00:29 +0000] "GET /static/main.js HTTP/1.1" 200 4172 "-" "Mozilla/5.0 (Windows NT 10.0; Win64; x64; rv:109.0) Gecko/20100101 Firefox/115.0" web-02.example.com
10.166.122.8 - - [01/Nov/2024:00:00:38 +0000] "GET /blog/post-2 HTTP/1.1" 200 2341 "-" "Mozilla/5.0 (Linux; Android 10; K) AppleWebKit/537.36 (KHTML, like Gecko) Chrome/120.0.0.0 Mobile Safari/537.36" web-01.example.com
207.227.205.16 - - [01/Nov/2024:00:00:39 +0000] "GET /login HTTP/1.1" 200 6661 "-" "Mozilla/5.0 (Windows NT 10.0; Win64; x64; rv:109.0) Gecko/20100101 Firefox/115.0" web-03.example.com
148.73.73.74 - - [01/Nov/2024:00:00:44 +0000] "GET /dashboard HTTP/1.1" 200 14361 "-" "Mozilla/5.0 (Windows NT 10.0; Win64; x64) AppleWebKit/537.36 (KHTML, like Gecko) Chrome/120.0.0.0 Safari/537.36" web-03.example.com
129.67.64.70 - - [01/Nov/2024:00:00:46 +0000] "POST /login HTTP/1.1" 301 11282 "-" "Mozilla/5.0 (Macintosh; Intel Mac OS X 10_15_7) AppleWebKit/537.36 (KHTML, like Gecko) Chrome/120.0.0.0 Safari/537.36" web-02.example.com
85.84.30.85 - - [01/Nov/2024:00:00:49 +0000] "GET / HTTP/1.1" 404 3091 "-" "Mozilla/5.0 (iPhone; CPU iPhone OS 16_6_1 like Mac OS X) AppleWebKit/605.1.15 (KHTML, like Gecko) Version/16.6 Mobile/15E148 Safari/604.1" web-02.example.com
207.107.162.189 - - [01/Nov/2024:00:00:56 +0000] "POST /login HTTP/1.1" 302 5160 "-" "Mozilla/5.0 (Macintosh; Intel Mac OS X 10_15_7) AppleWebKit/537.36 (KHTML, like Gecko) Chrome/120.0.0.0 Safari/537.36" web-02.example.com
58.213.125.28 - - [01/Nov/2024:00:01:04 +0000] "POST /static/main.css HTTP/1.1" 200 8901 "-" "Mozilla/5.0 (Windows NT 10.0; Win64; x64; rv:109.0) Gecko/20100101 Firefox/115.0" web-02.example.com
10.192.121.252 - - [01/Nov/2024:00:01:13 +0000] "DELETE /blog HTTP/1.1" 200 2446 "-" "Mozilla/5.0 (Linux; Android 10; K) AppleWebKit/537.36 (KHTML, like Gecko) Chrome/120.0.0.0 Mobile Safari/537.36" web-02.example.com
172.25.89.80 - - [01/Nov/2024:00:01:15 +0000] "HEAD /api/v1/users HTTP/1.1" 200 12618 "-" "Mozilla/5.0 (Linux; Android 10; K) AppleWebKit/537.36 (KHTML, like Gecko) Chrome/120.0.0.0 Mobile Safari/537.36" web-03.example.com
161.67.178.179 - - [01/Nov/2024:00:01:17 +0000] "GET /blog/post-1 HTTP/1.1" 200 1540 "-" "Mozilla/5.0 (Windows NT 10.0; Win64; x64) AppleWebKit/537.36 (KHTML, like Gecko) Chrome/120.0.0.0 Safari/537.36" web-03.example.com
11.167.162.190 - - [01/Nov/2024:00:01:23 +0000] "GET /profile HTTP/1.1" 200 3281 "-" "Mozilla/5.0 (Windows NT 10.0; Win64; x64; rv:109.0) Gecko/20100101 Firefox/115.0" web-03.example.com
89.76.19.115 - - [01/Nov/2024:00:01:27 +0000] "GET /logout HTTP/1.1" 200 14623 "-" "Mozilla/5.0 (Linux; Android 10; K) AppleWebKit/537.36 (KHTML, like Gecko) Chrome/120.0.0.0 Mobile Safari/537.36" web-03.example.com
203.3.211.72 - - [01/Nov/2024:00:01:37 +0000] "POST /dashboard HTTP/1.1" 200 893 "-" "Mozilla/5.0 (iPhone; CPU iPhone OS 16_6_1 like Mac OS X) AppleWebKit/605.1.15 (KHTML, like Gecko) Version/16.6 Mobile/15E148 Safari/604.1" web-03.example.com
204.162.169.35 - - [01/Nov/2024:00:01:38 +0000] "GET / HTTP/1.1" 301 728 "-" "Mozilla/5.0 (Windows NT 10.0; Win64; x64) AppleWebKit/537.36 (KHTML, like Gecko) Chrome/120.0.0.0 Safari/537.36" web-02.example.com
203.0.113.51 - - [01/Nov/2024:00:01:47 +0000] "GET /dashboard HTTP/1.1" 200 11229 "-" "Mozilla/5.0 (Linux; Android 10; K) AppleWebKit/537.36 (KHTML, like Gecko) Chrome/120.0.0.0 Mobile Safari/537.36" web-01.example.com
45.211.164.112 - - [01/Nov/2024:00:01:50 +0000] "PUT /favicon.ico HTTP/1.1" 301 2770 "-" "Mozilla/5.0 (iPhone; CPU iPhone OS 16_6_1 like Mac OS X) AppleWebKit/605.1.15 (KHTML, like Gecko) Version/16.6 Mobile/15E148 Safari/604.1" web-01.example.com
66.171.35.214 - - [01/Nov/2024:00:01:55 +0000] "POST /static/main.js HTTP/1.1" 503 5928 "-" "Mozilla/5.0 (Linux; Android 10; K) AppleWebKit/537.36 (KHTML, like Gecko) Chrome/120.0.0.0 Mobile Safari/537.36" web-01.example.com
64.152.79.15 - - [01/Nov/2024:00:02:03 +0000] "GET /logout HTTP/1.1" 200 3436 "-" "Mozilla/5.0 (iPhone; CPU iPhone OS 16_6_1 like Mac OS X) AppleWebKit/605.1.15 (KHTML, like Gecko) Version/16.6 Mobile/15E148 Safari/604.1" web-01.example.com
13.252.198.160 - - [01/Nov/2024:00:02:08 +0000] "POST /blog HTTP/1.1" 200 7681 "-" "Mozilla/5.0 (Macintosh; Intel Mac OS X 10_15_7) AppleWebKit/537.36 (KHTML, like Gecko) Chrome/120.0.0.0 Safari/537.36" web-03.example.com
194.32.254.124 - - [01/Nov/2024:00:02:12 +0000] "POST /blog HTTP/1.1" 200 12132 "-" "Mozilla/5.0 (Windows NT 10.0; Win64; x64; rv:109.0) Gecko/20100101 Firefox/115.0" web-03.example.com
138.116.156.65 - - [01/Nov/2024:00:02:19 +0000] "POST /favicon.ico HTTP/1.1" 304 0 "-" "Mozilla/5.0 (Windows NT 10.0; Win64; x64; rv:109.0) Gecko/20100101 Firefox/115.0" web-02.example.com
11.137.142.35 - - [01/Nov/2024:00:02:20 +0000] "GET /login HTTP/1.1" 200 1924 "-" "Mozilla/5.0 (Macintosh; Intel Mac OS X 10_15_7) AppleWebKit/537.36 (KHTML, like Gecko) Chrome/120.0.0.0 Safari/537.36" web-02.example.com
183.162.37.218 - - [01/Nov/2024:00:02:27 +0000] "POST /blog/post-1 HTTP/1.1" 200 5108 "-" "Mozilla/5.0 (Windows NT 10.0; Win64; x64; rv:109.0) Gecko/20100101 Firefox/115.0" web-03.example.com
156.25.84.34 - - [01/Nov/2024:00:02:28 +0000] "GET /static/main.css HTTP/1.1" 200 12490 "-" "Mozilla/5.0 (iPhone; CPU iPhone OS 16_6_1 like Mac OS X) AppleWebKit/605.1.15 (KHTML, like Gecko) Version/16.6 Mobile/15E148 Safari/604.1" web-01.example.com
78.131.223.253 - - [01/Nov/2024:00:02:33 +0000] "GET /static/main.js HTTP/1.1" 200 8342 "-" "Mozilla/5.0 (Windows NT 10.0; Win64; x64) AppleWebKit/537.36 (KHTML, like Gecko) Chrome/120.0.0.0 Safari/537.36" web-01.example.com
122.230.66.191 - - [01/Nov/2024:00:02:43 +0000] "GET /favicon.ico HTTP/1.1" 200 2752 "-" "Mozilla/5.0 (Windows NT 10.0; Win64; x64; rv:109.0) Gecko/20100101 Firefox/115.0" web-02.example.com
203.0.113.17 - - [01/Nov/2024:00:02:51 +0000] "POST /api/v1/users HTTP/1.1" 200 3123 "-" "Mozilla/5.0 (Windows NT 10.0; Win64; x64) AppleWebKit/537.36 (KHTML, like Gecko) Chrome/120.0.0.0 Safari/537.36" web-01.example.com
58.123.86.3 - - [01/Nov/2024:00:02:57 +0000] "GET /about HTTP/1.1" 200 13320 "-" "Mozilla/5.0 (Linux; Android 10; K) AppleWebKit/537.36 (KHTML, like Gecko) Chrome/120.0.0.0 Mobile Safari/537.36" web-03.example.com
10.74.127.189 - - [01/Nov/2024:00:03:02 +0000] "POST / HTTP/1.1" 200 7210 "-" "Mozilla/5.0 (Windows NT 10.0; Win64; x64; rv:109.0) Gecko/20100101 Firefox/115.0" web-01.example.com
133.97.152.195 - - [01/Nov/2024:00:03:09 +0000] "GET /login HTTP/1.1" 200 14219 "-" "Mozilla/5.0 (Windows NT 10.0; Win64; x64; rv:109.0) Gecko/20100101 Firefox/115.0" web-01.example.com
192.21.174.46 - - [01/Nov/2024:00:03:19 +0000] "GET /login HTTP/1.1" 200 8299 "-" "Mozilla/5.0 (Windows NT 10.0; Win64; x64) AppleWebKit/537.36 (KHTML, like Gecko) Chrome/120.0.0.0 Safari/537.36" web-01.example.com
6.131.56.207 - - [01/Nov/2024:00:03:26 +0000] "GET /about HTTP/1.1" 404 9865 "-" "Mozilla/5.0 (Linux; Android 10; K) AppleWebKit/537.36 (KHTML, like Gecko) Chrome/120.0.0.0 Mobile Safari/537.36" web-03.example.com
120.225.103.210 - - [01/Nov/2024:00:03:27 +0000] "GET / HTTP/1.1" 200 13080 "-" "Mozilla/5.0 (Macintosh; Intel Mac OS X 10_15_7) AppleWebKit/537.36 (KHTML, like Gecko) Chrome/120.0.0.0 Safari/537.36" web-01.example.com
10.71.160.191 - - [01/Nov/2024:00:03:32 +0000] "GET /blog HTTP/1.1" 200 7533 "-" "Mozilla/5.0 (Windows NT 10.0; Win64; x64) AppleWebKit/537.36 (KHTML, like Gecko) Chrome/120.0.0.0 Safari/537.36" web-02.example.com
20.64.137.103 - - [01/Nov/2024:00:03:34 +0000] "GET /logout HTTP/1.1" 200 3999 "-" "Mozilla/5.0 (Windows NT 10.0; Win64; x64) AppleWebKit/537.36 (KHTML, like Gecko) Chrome/120.0.0.0 Safari/537.36" web-02.example.com
26.46.160.92 - - [01/Nov/2024:00:03:40 +0000] "GET /logout HTTP/1.1" 200 6360 "-" "Mozilla/5.0 (iPhone; CPU iPhone OS 16_6_1 like Mac OS X) AppleWebKit/605.1.15 (KHTML, like Gecko) Version/16.6 Mobile/15E148 Safari/604.1" web-03.example.com
64.59.193.67 - - [01/Nov/2024:00:03:49 +0000] "GET /images/logo.png HTTP/1.1" 200 8702 "-" "Mozilla/5.0 (Linux; Android 10; K) AppleWebKit/537.36 (KHTML, like Gecko) Chrome/120.0.0.0 Mobile Safari/537.36" web-02.example.com
192.168.134.199 - - [01/Nov/2024:00:03:53 +0000] "GET /api/v1/products HTTP/1.1" 200 7877 "-" "Mozilla/5.0 (Linux; Android 10; K) AppleWebKit/537.36 (KHTML, like Gecko) Chrome/120.0.0.0 Mobile Safari/537.36" web-02.example.com
172.26.249.46 - - [01/Nov/2024:00:03:59 +0000] "GET /static/main.js HTTP/1.1" 200 7254 "-" "Mozilla/5.0 (Windows NT 10.0; Win64; x64) AppleWebKit/537.36 (KHTML, like Gecko) Chrome/120.0.0.0 Safari/537.36" web-01.example.com
168.8.40.112 - - [01/Nov/2024:00:04:01 +0000] "GET /api/v1/users HTTP/1.1" 200 2664 "-" "Mozilla/5.0 (Windows NT 10.0; Win64; x64) AppleWebKit/537.36 (KHTML, like Gecko) Chrome/120.0.0.0 Safari/537.36" web-03.example.com
10.119.147.145 - - [01/Nov/2024:00:04:03 +0000] "GET /api/v1/users HTTP/1.1" 200 4353 "-" "Mozilla/5.0 (Windows NT 10.0; Win64; x64) AppleWebKit/537.36 (KHTML, like Gecko) Chrome/120.0.0.0 Safari/537.36" web-02.example.com
91.210.140.232 - - [01/Nov/2024:00:04:12 +0000] "GET /blog/post-2 HTTP/1.1" 200 11895 "-" "Mozilla/5.0 (Windows NT 10.0; Win64; x64) AppleWebKit/537.36 (KHTML, like Gecko) Chrome/120.0.0.0 Safari/537.36" web-03.example.com
203.0.113.18 - - [01/Nov/2024:00:04:20 +0000] "GET /blog/post-2 HTTP/1.1" 304 0 "-" "Mozilla/5.0 (iPhone; CPU iPhone OS 16_6_1 like Mac OS X) AppleWebKit/605.1.15 (KHTML, like Gecko) Version/16.6 Mobile/15E148 Safari/604.1" web-02.example.com
72.209.234.29 - - [01/Nov/2024:00:04:21 +0000] "GET /images/logo.png HTTP/1.1" 200 4682 "-" "Mozilla/5.0 (Macintosh; Intel Mac OS X 10_15_7) AppleWebKit/537.36 (KHTML, like Gecko) Chrome/120.0.0.0 Safari/537.36" web-02.example.com
124.170.213.154 - - [01/Nov/2024:00:04:27 +0000] "GET /static/main.js HTTP/1.1" 400 13709 "-" "Mozilla/5.0 (Macintosh; Intel Mac OS X 10_15_7) AppleWebKit/537.36 (KHTML, like Gecko) Chrome/120.0.0.0 Safari/537.36" web-01.example.com
10.8.21.195 - - [01/Nov/2024:00:04:36 +0000] "GET /blog/post-2 HTTP/1.1" 304 0 "-" "Mozilla/5.0 (Linux; Android 10; K) AppleWebKit/537.36 (KHTML, like Gecko) Chrome/120.0.0.0 Mobile Safari/537.36" web-03.example.com
159.47.4.170 - - [01/Nov/2024:00:04:37 +0000] "POST /api/v1/users HTTP/1.1" 200 2333 "-" "Mozilla/5.0 (Macintosh; Intel Mac OS X 10_15_7) AppleWebKit/537.36 (KHTML, like Gecko) Chrome/120.0.0.0 Safari/537.36" web-01.example.com
138.186.187.148 - - [01/Nov/2024:00:04:45 +0000] "GET /dashboard HTTP/1.1" 200 13502 "-" "Mozilla/5.0 (Linux; Android 10; K) AppleWebKit/537.36 (KHTML, like Gecko) Chrome/120.0.0.0 Mobile Safari/537.36" web-02.example.com
124.105.192.140 - - [01/Nov/2024:00:04:52 +0000] "DELETE /api/v1/products HTTP/1.1" 302 628 "-" "Mozilla/5.0 (Linux; Android 10; K) AppleWebKit/537.36 (KHTML, like Gecko) Chrome/120.0.0.0 Mobile Safari/537.36" web-03.example.com
203.0.113.81 - - [01/Nov/2024:00:04:57 +0000] "GET /api/v1/users HTTP/1.1" 200 7844 "-" "Mozilla/5.0 (Windows NT 10.0; Win64; x64; rv:109.0) Gecko/20100101 Firefox/115.0" web-03.example.com
167.93.169.211 - - [01/Nov/2024:00:04:59 +0000] "GET /images/logo.png HTTP/1.1" 200 1584 "-" "Mozilla/5.0 (Linux; Android 10; K) AppleWebKit/537.36 (KHTML, like Gecko) Chrome/120.0.0.0 Mobile Safari/537.36" web-02.example.com
79.196.190.147 - - [01/Nov/2024:00:05:07 +0000] "GET /dashboard HTTP/1.1" 200 7060 "-" "Mozilla/5.0 (Windows NT 10.0; Win64; x64; rv:109.0) Gecko/20100101 Firefox/115.0" web-03.example.com
10.174.245.252 - - [01/Nov/2024:00:05:08 +0000] "POST /blog/post-1 HTTP/1.1" 200 7774 "-" "Mozilla/5.0 (iPhone; CPU iPhone OS 16_6_1 like Mac OS X) AppleWebKit/605.1.15 (KHTML, like Gecko) Version/16.6 Mobile/15E148 Safari/604.1" web-02.example.com
205.219.195.179 - - [01/Nov/2024:00:05:18 +0000] "GET /contact HTTP/1.1" 302 6554 "-" "Mozilla/5.0 (Linux; Android 10; K) AppleWebKit/537.36 (KHTML, like Gecko) Chrome/120.0.0.0 Mobile Safari/537.36" web-01.example.com
203.0.113.236 - - [01/Nov/2024:00:05:19 +0000] "GET /login HTTP/1.1" 200 9015 "-" "Mozilla/5.0 (iPhone; CPU iPhone OS 16_6_1 like Mac OS X) AppleWebKit/605.1.15 (KHTML, like Gecko) Version/16.6 Mobile/15E148 Safari/604.1" web-01.example.com
7.130.248.175 - - [01/Nov/2024:00:05:21 +0000] "GET /api/v1/users HTTP/1.1" 200 1893 "-" "Mozilla/5.0 (Linux; Android 10; K) AppleWebKit/537.36 (KHTML, like Gecko) Chrome/120.0.0.0 Mobile Safari/537.36" web-03.example.com
12.107.236.58 - - [01/Nov/2024:00:05:23 +0000] "GET /api/v1/products HTTP/1.1" 304 0 "-" "Mozilla/5.0 (Windows NT 10.0; Win64; x64) AppleWebKit/537.36 (KHTML, like Gecko) Chrome/120.0.0.0 Safari/537.36" web-01.example.com
203.0.113.139 - - [01/Nov/2024:00:05:32 +0000] "GET /blog/post-1 HTTP/1.1" 200 3578 "-" "Mozilla/5.0 (Windows NT 10.0; Win64; x64; rv:109.0) Gecko/20100101 Firefox/115.0" web-01.example.com
18.237.200.85 - - [01/Nov/2024:00:05:33 +0000] "GET /logout HTTP/1.1" 403 11288 "-" "Mozilla/5.0 (iPhone; CPU iPhone OS 16_6_1 like Mac OS X) AppleWebKit/605.1.15 (KHTML, like Gecko) Version/16.6 Mobile/15E148 Safari/604.1" web-02.example.com
205.11.242.84 - - [01/Nov/2024:00:05:43 +0000] "GET /images/logo.png HTTP/1.1" 200 4973 "-" "Mozilla/5.0 (Windows NT 10.0; Win64; x64) AppleWebKit/537.36 (KHTML, like Gecko) Chrome/120.0.0.0 Safari/537.36" web-02.example.com
10.115.38.63 - - [01/Nov/2024:00:05:45 +0000] "GET /static/main.js HTTP/1.1" 200 12433 "-" "Mozilla/5.0 (iPhone; CPU iPhone OS 16_6_1 like Mac OS X) AppleWebKit/605.1.15 (KHTML, like Gecko) Version/16.6 Mobile/15E148 Safari/604.1" web-01.example.com
172.28.209.179 - - [01/Nov/2024:00:05:52 +0000] "HEAD /blog/post-2 HTTP/1.1" 200 6156 "-" "Mozilla/5.0 (Windows NT 10.0; Win64; x64) AppleWebKit/537.36 (KHTML, like Gecko) Chrome/120.0.0.0 Safari/537.36" web-02.example.com
10.61.105.84 - - [01/Nov/2024:00:05:53 +0000] "GET /blog/post-2 HTTP/1.1" 404 4222 "-" "Mozilla/5.0 (iPhone; CPU iPhone OS 16_6_1 like Mac OS X) AppleWebKit/605.1.15 (KHTML, like Gecko) Version/16.6 Mobile/15E148 Safari/604.1" web-02.example.com
177.135.29.69 - - [01/Nov/2024:00:05:58 +0000] "GET /api/v1/products HTTP/1.1" 200 7538 "-" "Mozilla/5.0 (Macintosh; Intel Mac OS X 10_15_7) AppleWebKit/537.36 (KHTML, like Gecko) Chrome/120.0.0.0 Safari/537.36" web-01.example.com
114.175.61.34 - - [01/Nov/2024:00:06:00 +0000] "GET / HTTP/1.1" 200 5618 "-" "Mozilla/5.0 (Linux; Android 10; K) AppleWebKit/537.36 (KHTML, like Gecko) Chrome/120.0.0.0 Mobile Safari/537.36" web-03.example.com
109.144.243.204 - - [01/Nov/2024:00:06:05 +0000] "POST /dashboard HTTP/1.1" 404 12501 "-" "Mozilla/5.0 (Macintosh; Intel Mac OS X 10_15_7) AppleWebKit/537.36 (KHTML, like Gecko) Chrome/120.0.0.0 Safari/537.36" web-01.example.com
93.111.93.230 - - [01/Nov/2024:00:06:14 +0000] "GET /images/logo.png HTTP/1.1" 200 1354 "-" "Mozilla/5.0 (Windows NT 10.0; Win64; x64) AppleWebKit/537.36 (KHTML, like Gecko) Chrome/120.0.0.0 Safari/537.36" web-01.example.com
157.232.55.47 - - [01/Nov/2024:00:06:15 +0000] "GET /login HTTP/1.1" 200 14794 "-" "Mozilla/5.0 (Windows NT 10.0; Win64; x64) AppleWebKit/537.36 (KHTML, like Gecko) Chrome/120.0.0.0 Safari/537.36" web-03.example.com
119.151.49.119 - - [01/Nov/2024:00:06:25 +0000] "POST / HTTP/1.1" 301 2935 "-" "Mozilla/5.0 (Windows NT 10.0; Win64; x64) AppleWebKit/537.36 (KHTML, like Gecko) Chrome/120.0.0.0 Safari/537.36" web-01.example.com
27.254.20.173 - - [01/Nov/2024:00:06:29 +0000] "GET /static/main.js HTTP/1.1" 304 0 "-" "Mozilla/5.0 (Macintosh; Intel Mac OS X 10_15_7) AppleWebKit/537.36 (KHTML, like Gecko) Chrome/120.0.0.0 Safari/537.36" web-03.example.com
124.169.137.122 - - [01/Nov/2024:00:06:30 +0000] "POST /images/logo.png HTTP/1.1" 200 6772 "-" "Mozilla/5.0 (iPhone; CPU iPhone OS 16_6_1 like Mac OS X) AppleWebKit/605.1.15 (KHTML, like Gecko) Version/16.6 Mobile/15E148 Safari/604.1" web-03.example.com
177.0.107.95 - - [01/Nov/2024:00:06:36 +0000] "GET / HTTP/1.1" 200 1618 "-" "Mozilla/5.0 (iPhone; CPU iPhone OS 16_6_1 like Mac OS X) AppleWebKit/605.1.15 (KHTML, like Gecko) Version/16.6 Mobile/15E148 Safari/604.1" web-03.example.com
133.56.84.227 - - [01/Nov/2024:00:06:39 +0000] "GET /about HTTP/1.1" 404 10140 "-" "Mozilla/5.0 (iPhone; CPU iPhone OS 16_6_1 like Mac OS X) AppleWebKit/605.1.15 (KHTML, like Gecko) Version/16.6 Mobile/15E148 Safari/604.1" web-03.example.com
192.168.169.197 - - [01/Nov/2024:00:06:47 +0000] "GET /dashboard HTTP/1.1" 200 5798 "-" "Mozilla/5.0 (Macintosh; Intel Mac OS X 10_15_7) AppleWebKit/537.36 (KHTML, like Gecko) Chrome/120.0.0.0 Safari/537.36" web-02.example.com
112.28.61.80 - - [01/Nov/2024:00:06:56 +0000] "POST /login HTTP/1.1" 200 10148 "-" "Mozilla/5.0 (Macintosh; Intel Mac OS X 10_15_7) AppleWebKit/537.36 (KHTML, like Gecko) Chrome/120.0.0.0 Safari/537.36" web-01.example.com
165.162.183.20 - - [01/Nov/2024:00:07:06 +0000] "GET /dashboard HTTP/1.1" 301 12201 "-" "Mozilla/5.0 (Linux; Android 10; K) AppleWebKit/537.36 (KHTML, like Gecko) Chrome/120.0.0.0 Mobile Safari/537.36" web-03.example.com
142.134.212.155 - - [01/Nov/2024:00:07:09 +0000] "GET /about HTTP/1.1" 200 2375 "-" "Mozilla/5.0 (Windows NT 10.0; Win64; x64) AppleWebKit/537.36 (KHTML, like Gecko) Chrome/120.0.0.0 Safari/537.36" web-01.example.com
151.146.212.60 - - [01/Nov/2024:00:07:11 +0000] "GET / HTTP/1.1" 200 9204 "-" "Mozilla/5.0 (iPhone; CPU iPhone OS 16_6_1 like Mac OS X) AppleWebKit/605.1.15 (KHTML, like Gecko) Version/16.6 Mobile/15E148 Safari/604.1" web-01.example.com
10.52.64.43 - - [01/Nov/2024:00:07:19 +0000] "GET / HTTP/1.1" 200 6951 "-" "Mozilla/5.0 (Linux; Android 10; K) AppleWebKit/537.36 (KHTML, like Gecko) Chrome/120.0.0.0 Mobile Safari/537.36" web-01.example.com
151.134.228.13 - - [01/Nov/2024:00:07:29 +0000] "GET /images/logo.png HTTP/1.1" 200 2588 "-" "Mozilla/5.0 (Linux; Android 10; K) AppleWebKit/537.36 (KHTML, like Gecko) Chrome/120.0.0.0 Mobile Safari/537.36" web-01.example.com
217.110.235.95 - - [01/Nov/2024:00:07:36 +0000] "PUT /static/main.css HTTP/1.1" 200 5500 "-" "Mozilla/5.0 (iPhone; CPU iPhone OS 16_6_1 like Mac OS X) AppleWebKit/605.1.15 (KHTML, like Gecko) Version/16.6 Mobile/15E148 Safari/604.1" web-01.example.com
211.10.84.47 - - [01/Nov/2024:00:07:39 +0000] "GET /blog HTTP/1.1" 304 0 "-" "Mozilla/5.0 (Windows NT 10.0; Win64; x64; rv:109.0) Gecko/20100101 Firefox/115.0" web-03.example.com
18.32.23.208 - - [01/Nov/2024:00:07:41 +0000] "POST /logout HTTP/1.1" 200 5942 "-" "Mozilla/5.0 (Windows NT 10.0; Win64; x64) AppleWebKit/537.36 (KHTML, like Gecko) Chrome/120.0.0.0 Safari/537.36" web-02.example.com
203.0.113.86 - - [01/Nov/2024:00:07:49 +0000] "GET /profile HTTP/1.1" 200 3372 "-" "Mozilla/5.0 (Windows NT 10.0; Win64; x64) AppleWebKit/537.36 (KHTML, like Gecko) Chrome/120.0.0.0 Safari/537.36" web-01.example.com
15.199.67.128 - - [01/Nov/2024:00:07:57 +0000] "GET /blog/post-1 HTTP/1.1" 200 6184 "-" "Mozilla/5.0 (Windows NT 10.0; Win64; x64) AppleWebKit/537.36 (KHTML, like Gecko) Chrome/120.0.0.0 Safari/537.36" web-02.example.com
71.170.183.222 - - [01/Nov/2024:00:08:07 +0000] "POST /logout HTTP/1.1" 200 2052 "-" "Mozilla/5.0 (Macintosh; Intel Mac OS X 10_15_7) AppleWebKit/537.36 (KHTML, like Gecko) Chrome/120.0.0.0 Safari/537.36" web-02.example.com
121.89.146.66 - - [01/Nov/2024:00:08:17 +0000] "GET /api/v1/products HTTP/1.1" 304 0 "-" "Mozilla/5.0 (Windows NT 10.0; Win64; x64; rv:109.0) Gecko/20100101 Firefox/115.0" web-02.example.com
210.102.47.150 - - [01/Nov/2024:00:08:19 +0000] "GET /profile HTTP/1.1" 200 5923 "-" "Mozilla/5.0 (Windows NT 10.0; Win64; x64; rv:109.0) Gecko/20100101 Firefox/115.0" web-03.example.com
157.148.143.68 - - [01/Nov/2024:00:08:21 +0000] "POST /static/main.css HTTP/1.1" 200 1280 "-" "Mozilla/5.0 (Windows NT 10.0; Win64; x64; rv:109.0) Gecko/20100101 Firefox/115.0" web-01.example.com
214.38.147.65 - - [01/Nov/2024:00:08:28 +0000] "PUT /blog HTTP/1.1" 502 3483 "-" "Mozilla/5.0 (Macintosh; Intel Mac OS X 10_15_7) AppleWebKit/537.36 (KHTML, like Gecko) Chrome/120.0.0.0 Safari/537.36" web-02.example.com
11.70.253.187 - - [01/Nov/2024:00:08:33 +0000] "GET /blog HTTP/1.1" 200 4744 "-" "Mozilla/5.0 (Windows NT 10.0; Win64; x64) AppleWebKit/537.36 (KHTML, like Gecko) Chrome/120.0.0.0 Safari/537.36" web-03.example.com
49.88.109.174 - - [01/Nov/2024:00:08:43 +0000] "POST / HTTP/1.1" 200 8199 "-" "Mozilla/5.0 (Linux; Android 10; K) AppleWebKit/537.36 (KHTML, like Gecko) Chrome/120.0.0.0 Mobile Safari/537.36" web-01.example.com
143.222.20.253 - - [01/Nov/2024:00:08:44 +0000] "GET /api/v1/users HTTP/1.1" 200 1968 "-" "Mozilla/5.0 (Windows NT 10.0; Win64; x64; rv:109.0) Gecko/20100101 Firefox/115.0" web-01.example.com
75.222.8.122 - - [01/Nov/2024:00:08:51 +0000] "GET /about HTTP/1.1" 301 10162 "-" "Mozilla/5.0 (Windows NT 10.0; Win64; x64; rv:109.0) Gecko/20100101 Firefox/115.0" web-03.example.com
212.51.109.243 - - [01/Nov/2024:00:08:52 +0000] "GET /logout HTTP/1.1" 200 14352 "-" "Mozilla/5.0 (Windows NT 10.0; Win64; x64; rv:109.0) Gecko/20100101 Firefox/115.0" web-02.example.com
166.150.136.129 - - [01/Nov/2024:00:08:55 +0000] "GET /blog HTTP/1.1" 200 10423 "-" "Mozilla/5.0 (Linux; Android 10; K) AppleWebKit/537.36 (KHTML, like Gecko) Chrome/120.0.0.0 Mobile Safari/537.36" web-03.example.com
111.170.133.96 - - [01/Nov/2024:00:09:05 +0000] "GET /images/logo.png HTTP/1.1" 200 7136 "-" "Mozilla/5.0 (Macintosh; Intel Mac OS X 10_15_7) AppleWebKit/537.36 (KHTML, like Gecko) Chrome/120.0.0.0 Safari/537.36" web-01.example.com
216.111.201.46 - - [01/Nov/2024:00:09:10 +0000] "POST /contact HTTP/1.1" 200 12764 "-" "Mozilla/5.0 (Macintosh; Intel Mac OS X 10_15_7) AppleWebKit/537.36 (KHTML, like Gecko) Chrome/120.0.0.0 Safari/537.36" web-01.example.com
145.113.219.62 - - [01/Nov/2024:00:09:17 +0000] "POST / HTTP/1.1" 200 14851 "-" "Mozilla/5.0 (Linux; Android 10; K) AppleWebKit/537.36 (KHTML, like Gecko) Chrome/120.0.0.0 Mobile Safari/537.36" web-03.example.com
112.204.163.188 - - [01/Nov/2024:00:09:21 +0000] "GET /api/v1/products HTTP/1.1" 200 4165 "-" "Mozilla/5.0 (Macintosh; Intel Mac OS X 10_15_7) AppleWebKit/537.36 (KHTML, like Gecko) Chrome/120.0.0.0 Safari/537.36" web-01.example.com
31.236.151.40 - - [01/Nov/2024:00:09:23 +0000] "POST /profile HTTP/1.1" 503 531 "-" "Mozilla/5.0 (Linux; Android 10; K) AppleWebKit/537.36 (KHTML, like Gecko) Chrome/120.0.0.0 Mobile Safari/537.36" web-02.example.com
152.241.40.115 - - [01/Nov/2024:00:09:27 +0000] "GET /contact HTTP/1.1" 200 3944 "-" "Mozilla/5.0 (iPhone; CPU iPhone OS 16_6_1 like Mac OS X) AppleWebKit/605.1.15 (KHTML, like Gecko) Version/16.6 Mobile/15E148 Safari/604.1" web-03.example.com
213.47.120.231 - - [01/Nov/2024:00:09:29 +0000] "PUT /blog HTTP/1.1" 200 2874 "-" "Mozilla/5.0 (Windows NT 10.0; Win64; x64) AppleWebKit/537.36 (KHTML, like Gecko) Chrome/120.0.0.0 Safari/537.36" web-01.example.com
66.244.19.22 - - [01/Nov/2024:00:09:32 +0000] "GET / HTTP/1.1" 200 7479 "-" "Mozilla/5.0 (Linux; Android 10; K) AppleWebKit/537.36 (KHTML, like Gecko) Chrome/120.0.0.0 Mobile Safari/537.36" web-01.example.com
111.110.46.251 - - [01/Nov/2024:00:09:33 +0000] "HEAD /profile HTTP/1.1" 200 12604 "-" "Mozilla/5.0 (Macintosh; Intel Mac OS X 10_15_7) AppleWebKit/537.36 (KHTML, like Gecko) Chrome/120.0.0.0 Safari/537.36" web-02.example.com
192.168.57.224 - - [01/Nov/2024:00:09:40 +0000] "GET /favicon.ico HTTP/1.1" 200 2627 "-" "Mozilla/5.0 (Linux; Android 10; K) AppleWebKit/537.36 (KHTML, like Gecko) Chrome/120.0.0.0 Mobile Safari/537.36" web-02.example.com
192.168.94.166 - - [01/Nov/2024:00:09:45 +0000] "GET /dashboard HTTP/1.1" 200 1224 "-" "Mozilla/5.0 (Windows NT 10.0; Win64; x64; rv:109.0) Gecko/20100101 Firefox/115.0" web-02.example.com
203.0.113.71 - - [01/Nov/2024:00:09:54 +0000] "POST /blog HTTP/1.1" 200 13122 "-" "Mozilla/5.0 (Macintosh; Intel Mac OS X 10_15_7) AppleWebKit/537.36 (KHTML, like Gecko) Chrome/120.0.0.0 Safari/537.36" web-02.example.com
120.102.27.63 - - [01/Nov/2024:00:09:57 +0000] "GET /images/logo.png HTTP/1.1" 200 2377 "-" "Mozilla/5.0 (Windows NT 10.0; Win64; x64) AppleWebKit/537.36 (KHTML, like Gecko) Chrome/120.0.0.0 Safari/537.36" web-03.example.com
10.19.87.202 - - [01/Nov/2024:00:10:07 +0000] "POST /api/v1/users HTTP/1.1" 200 8339 "-" "Mozilla/5.0 (Linux; Android 10; K) AppleWebKit/537.36 (KHTML, like Gecko) Chrome/120.0.0.0 Mobile Safari/537.36" web-03.example.com
209.114.127.250 - - [01/Nov/2024:00:10:09 +0000] "POST /images/logo.png HTTP/1.1" 200 1763 "-" "Mozilla/5.0 (iPhone; CPU iPhone OS 16_6_1 like Mac OS X) AppleWebKit/605.1.15 (KHTML, like Gecko) Version/16.6 Mobile/15E148 Safari/604.1" web-03.example.com
192.168.228.237 - - [01/Nov/2024:00:10:19 +0000] "GET /profile HTTP/1.1" 200 13257 "-" "Mozilla/5.0 (Windows NT 10.0; Win64; x64; rv:109.0) Gecko/20100101 Firefox/115.0" web-01.example.com
196.253.159.152 - - [01/Nov/2024:00:10:26 +0000] "GET /about HTTP/1.1" 200 10762 "-" "Mozilla/5.0 (iPhone; CPU iPhone OS 16_6_1 like Mac OS X) AppleWebKit/605.1.15 (KHTML, like Gecko) Version/16.6 Mobile/15E148 Safari/604.1" web-01.example.com
192.168.240.25 - - [01/Nov/2024:00:10:32 +0000] "GET /static/main.css HTTP/1.1" 200 4437 "-" "Mozilla/5.0 (Linux; Android 10; K) AppleWebKit/537.36 (KHTML, like Gecko) Chrome/120.0.0.0 Mobile Safari/537.36" web-02.example.com
117.152.99.33 - - [01/Nov/2024:00:10:34 +0000] "GET / HTTP/1.1" 304 0 "-" "Mozilla/5.0 (Linux; Android 10; K) AppleWebKit/537.36 (KHTML, like Gecko) Chrome/120.0.0.0 Mobile Safari/537.36" web-01.example.com
192.168.9.111 - - [01/Nov/2024:00:10:42 +0000] "GET /static/main.js HTTP/1.1" 200 7578 "-" "Mozilla/5.0 (Linux; Android 10; K) AppleWebKit/537.36 (KHTML, like Gecko) Chrome/120.0.0.0 Mobile Safari/537.36" web-01.example.com
120.139.113.86 - - [01/Nov/2024:00:10:49 +0000] "GET / HTTP/1.1" 200 11440 "-" "Mozilla/5.0 (Windows NT 10.0; Win64; x64; rv:109.0) Gecko/20100101 Firefox/115.0" web-02.example.com
10.54.188.19 - - [01/Nov/2024:00:10:50 +0000] "GET /blog/post-2 HTTP/1.1" 301 12354 "-" "Mozilla/5.0 (Windows NT 10.0; Win64; x64; rv:109.0) Gecko/20100101 Firefox/115.0" web-01.example.com
99.237.10.174 - - [01/Nov/2024:00:10:51 +0000] "GET /favicon.ico HTTP/1.1" 200 14141 "-" "Mozilla/5.0 (Linux; Android 10; K) AppleWebKit/537.36 (KHTML, like Gecko) Chrome/120.0.0.0 Mobile Safari/537.36" web-01.example.com
192.168.53.142 - - [01/Nov/2024:00:11:00 +0000] "GET /api/v1/products HTTP/1.1" 200 6500 "-" "Mozilla/5.0 (Windows NT 10.0; Win64; x64) AppleWebKit/537.36 (KHTML, like Gecko) Chrome/120.0.0.0 Safari/537.36" web-03.example.com
9.242.132.64 - - [01/Nov/2024:00:11:09 +0000] "DELETE /static/main.css HTTP/1.1" 503 10160 "-" "Mozilla/5.0 (Windows NT 10.0; Win64; x64; rv:109.0) Gecko/20100101 Firefox/115.0" web-02.example.com
192.168.185.60 - - [01/Nov/2024:00:11:10 +0000] "GET /logout HTTP/1.1" 200 7663 "-" "Mozilla/5.0 (Linux; Android 10; K) AppleWebKit/537.36 (KHTML, like Gecko) Chrome/120.0.0.0 Mobile Safari/537.36" web-02.example.com
14.93.85.37 - - [01/Nov/2024:00:11:18 +0000] "GET /static/main.css HTTP/1.1" 200 6038 "-" "Mozilla/5.0 (Linux; Android 10; K) AppleWebKit/537.36 (KHTML, like Gecko) Chrome/120.0.0.0 Mobile Safari/537.36" web-02.example.com
192.168.29.209 - - [01/Nov/2024:00:11:21 +0000] "POST /static/main.css HTTP/1.1" 200 555 "-" "Mozilla/5.0 (Linux; Android 10; K) AppleWebKit/537.36 (KHTML, like Gecko) Chrome/120.0.0.0 Mobile Safari/537.36" web-02.example.com
136.7.222.91 - - [01/Nov/2024:00:11:23 +0000] "POST /api/v1/products HTTP/1.1" 200 1761 "-" "Mozilla/5.0 (Macintosh; Intel Mac OS X 10_15_7) AppleWebKit/537.36 (KHTML, like Gecko) Chrome/120.0.0.0 Safari/537.36" web-02.example.com
186.200.82.188 - - [01/Nov/2024:00:11:33 +0000] "DELETE /static/main.js HTTP/1.1" 200 3676 "-" "Mozilla/5.0 (Macintosh; Intel Mac OS X 10_15_7) AppleWebKit/537.36 (KHTML, like Gecko) Chrome/120.0.0.0 Safari/537.36" web-01.example.com
104.58.168.128 - - [01/Nov/2024:00:11:40 +0000] "GET /static/main.css HTTP/1.1" 304 0 "-" "Mozilla/5.0 (iPhone; CPU iPhone OS 16_6_1 like Mac OS X) AppleWebKit/605.1.15 (KHTML, like Gecko) Version/16.6 Mobile/15E148 Safari/604.1" web-02.example.com
172.16.219.177 - - [01/Nov/2024:00:11:50 +0000] "PUT /blog HTTP/1.1" 302 13736 "-" "Mozilla/5.0 (Windows NT 10.0; Win64; x64; rv:109.0) Gecko/20100101 Firefox/115.0" web-01.example.com
203.0.113.171 - - [01/Nov/2024:00:11:54 +0000] "GET /profile HTTP/1.1" 200 11638 "-" "Mozilla/5.0 (Windows NT 10.0; Win64; x64; rv:109.0) Gecko/20100101 Firefox/115.0" web-01.example.com
114.27.139.171 - - [01/Nov/2024:00:12:01 +0000] "POST /favicon.ico HTTP/1.1" 200 13642 "-" "Mozilla/5.0 (Macintosh; Intel Mac OS X 10_15_7) AppleWebKit/537.36 (KHTML, like Gecko) Chrome/120.0.0.0 Safari/537.36" web-03.example.com
112.66.143.30 - - [01/Nov/2024:00:12:06 +0000] "GET /api/v1/products HTTP/1.1" 200 4814 "-" "Mozilla/5.0 (Linux; Android 10; K) AppleWebKit/537.36 (KHTML, like Gecko) Chrome/120.0.0.0 Mobile Safari/537.36" web-03.example.com
203.0.113.149 - - [01/Nov/2024:00:12:15 +0000] "GET /api/v1/users HTTP/1.1" 200 12305 "-" "Mozilla/5.0 (Windows NT 10.0; Win64; x64; rv:109.0) Gecko/20100101 Firefox/115.0" web-03.example.com
172.23.61.244 - - [01/Nov/2024:00:12:25 +0000] "GET /api/v1/users HTTP/1.1" 301 9384 "-" "Mozilla/5.0 (iPhone; CPU iPhone OS 16_6_1 like Mac OS X) AppleWebKit/605.1.15 (KHTML, like Gecko) Version/16.6 Mobile/15E148 Safari/604.1" web-03.example.com
110.123.205.216 - - [01/Nov/2024:00:12:33 +0000] "GET /blog HTTP/1.1" 200 1761 "-" "Mozilla/5.0 (iPhone; CPU iPhone OS 16_6_1 like Mac OS X) AppleWebKit/605.1.15 (KHTML, like Gecko) Version/16.6 Mobile/15E148 Safari/604.1" web-02.example.com
124.5.81.164 - - [01/Nov/2024:00:12:35 +0000] "PUT /about HTTP/1.1" 403 1373 "-" "Mozilla/5.0 (Linux; Android 10; K) AppleWebKit/537.36 (KHTML, like Gecko) Chrome/120.0.0.0 Mobile Safari/537.36" web-03.example.com
164.204.236.177 - - [01/Nov/2024:00:12:42 +0000] "GET /images/logo.png HTTP/1.1" 302 4240 "-" "Mozilla/5.0 (Macintosh; Intel Mac OS X 10_15_7) AppleWebKit/537.36 (KHTML, like Gecko) Chrome/120.0.0.0 Safari/537.36" web-02.example.com
172.20.180.149 - - [01/Nov/2024:00:12:46 +0000] "GET /static/main.css HTTP/1.1" 200 13408 "-" "Mozilla/5.0 (Linux; Android 10; K) AppleWebKit/537.36 (KHTML, like Gecko) Chrome/120.0.0.0 Mobile Safari/537.36" web-03.example.com
85.247.67.3 - - [01/Nov/2024:00:12:54 +0000] "GET /blog/post-2 HTTP/1.1" 200 13310 "-" "Mozilla/5.0 (Windows NT 10.0; Win64; x64) AppleWebKit/537.36 (KHTML, like Gecko) Chrome/120.0.0.0 Safari/537.36" web-01.example.com
79.102.224.105 - - [01/Nov/2024:00:12:56 +0000] "POST /login HTTP/1.1" 200 1938 "-" "Mozilla/5.0 (Windows NT 10.0; Win64; x64) AppleWebKit/537.36 (KHTML, like Gecko) Chrome/120.0.0.0 Safari/537.36" web-01.example.com
14.28.160.177 - - [01/Nov/2024:00:13:00 +0000] "GET /images/logo.png HTTP/1.1" 200 11291 "-" "Mozilla/5.0 (iPhone; CPU iPhone OS 16_6_1 like Mac OS X) AppleWebKit/605.1.15 (KHTML, like Gecko) Version/16.6 Mobile/15E148 Safari/604.1" web-02.example.com
203.0.113.175 - - [01/Nov/2024:00:13:02 +0000] "GET /login HTTP/1.1" 200 6055 "-" "Mozilla/5.0 (Macintosh; Intel Mac OS X 10_15_7) AppleWebKit/537.36 (KHTML, like Gecko) Chrome/120.0.0.0 Safari/537.36" web-01.example.com
153.95.8.200 - - [01/Nov/2024:00:13:10 +0000] "PUT /blog/post-1 HTTP/1.1" 200 14179 "-" "Mozilla/5.0 (Windows NT 10.0; Win64; x64; rv:109.0) Gecko/20100101 Firefox/115.0" web-02.example.com
8.218.80.101 - - [01/Nov/2024:00:13:19 +0000] "GET /blog/post-1 HTTP/1.1" 200 4629 "-" "Mozilla/5.0 (iPhone; CPU iPhone OS 16_6_1 like Mac OS X) AppleWebKit/605.1.15 (KHTML, like Gecko) Version/16.6 Mobile/15E148 Safari/604.1" web-01.example.com
145.2.3.68 - - [01/Nov/2024:00:13:26 +0000] "GET /blog/post-1 HTTP/1.1" 200 4550 "-" "Mozilla/5.0 (Macintosh; Intel Mac OS X 10_15_7) AppleWebKit/537.36 (KHTML, like Gecko) Chrome/120.0.0.0 Safari/537.36" web-03.example.com
51.132.226.241 - - [01/Nov/2024:00:13:32 +0000] "GET /about HTTP/1.1" 200 6663 "-" "Mozilla/5.0 (Windows NT 10.0; Win64; x64; rv:109.0) Gecko/20100101 Firefox/115.0" web-02.example.com
82.226.105.59 - - [01/Nov/2024:00:13:41 +0000] "GET /api/v1/products HTTP/1.1" 200 1623 "-" "Mozilla/5.0 (Windows NT 10.0; Win64; x64; rv:109.0) Gecko/20100101 Firefox/115.0" web-03.example.com
69.144.156.228 - - [01/Nov/2024:00:13:51 +0000] "GET /blog/post-2 HTTP/1.1" 200 9026 "-" "Mozilla/5.0 (Linux; Android 10; K) AppleWebKit/537.36 (KHTML, like Gecko) Chrome/120.0.0.0 Mobile Safari/537.36" web-02.example.com
51.32.46.74 - - [01/Nov/2024:00:13:56 +0000] "GET /logout HTTP/1.1" 502 1180 "-" "Mozilla/5.0 (Linux; Android 10; K) AppleWebKit/537.36 (KHTML, like Gecko) Chrome/120.0.0.0 Mobile Safari/537.36" web-03.example.com
6.105.169.190 - - [01/Nov/2024:00:14:05 +0000] "GET /api/v1/users HTTP/1.1" 200 14419 "-" "Mozilla/5.0 (iPhone; CPU iPhone OS 16_6_1 like Mac OS X) AppleWebKit/605.1.15 (KHTML, like Gecko) Version/16.6 Mobile/15E148 Safari/604.1" web-02.example.com
203.0.113.134 - - [01/Nov/2024:00:14:10 +0000] "GET /favicon.ico HTTP/1.1" 200 3444 "-" "Mozilla/5.0 (Windows NT 10.0; Win64; x64; rv:109.0) Gecko/20100101 Firefox/115.0" web-01.example.com
203.0.113.52 - - [01/Nov/2024:00:14:13 +0000] "GET /api/v1/products HTTP/1.1" 200 2264 "-" "Mozilla/5.0 (iPhone; CPU iPhone OS 16_6_1 like Mac OS X) AppleWebKit/605.1.15 (KHTML, like Gecko) Version/16.6 Mobile/15E148 Safari/604.1" web-01.example.com
92.185.237.230 - - [01/Nov/2024:00:14:21 +0000] "GET / HTTP/1.1" 200 9310 "-" "Mozilla/5.0 (iPhone; CPU iPhone OS 16_6_1 like Mac OS X) AppleWebKit/605.1.15 (KHTML, like Gecko) Version/16.6 Mobile/15E148 Safari/604.1" web-01.example.com
197.13.84.36 - - [01/Nov/2024:00:14:25 +0000] "GET /api/v1/users HTTP/1.1" 200 2338 "-" "Mozilla/5.0 (Linux; Android 10; K) AppleWebKit/537.36 (KHTML, like Gecko) Chrome/120.0.0.0 Mobile Safari/537.36" web-01.example.com
13.206.221.62 - - [01/Nov/2024:00:14:30 +0000] "POST /login HTTP/1.1" 200 2617 "-" "Mozilla/5.0 (Windows NT 10.0; Win64; x64; rv:109.0) Gecko/20100101 Firefox/115.0" web-01.example.com
159.252.120.2 - - [01/Nov/2024:00:14:39 +0000] "GET /blog HTTP/1.1" 200 702 "-" "Mozilla/5.0 (iPhone; CPU iPhone OS 16_6_1 like Mac OS X) AppleWebKit/605.1.15 (KHTML, like Gecko) Version/16.6 Mobile/15E148 Safari/604.1" web-03.example.com
77.231.237.245 - - [01/Nov/2024:00:14:43 +0000] "GET /login HTTP/1.1" 200 10316 "-" "Mozilla/5.0 (Macintosh; Intel Mac OS X 10_15_7) AppleWebKit/537.36 (KHTML, like Gecko) Chrome/120.0.0.0 Safari/537.36" web-03.example.com
192.168.203.49 - - [01/Nov/2024:00:14:53 +0000] "GET /about HTTP/1.1" 200 4282 "-" "Mozilla/5.0 (Linux; Android 10; K) AppleWebKit/537.36 (KHTML, like Gecko) Chrome/120.0.0.0 Mobile Safari/537.36" web-01.example.com
52.18.147.58 - - [01/Nov/2024:00:14:54 +0000] "GET /blog/post-2 HTTP/1.1" 200 3262 "-" "Mozilla/5.0 (Windows NT 10.0; Win64; x64) AppleWebKit/537.36 (KHTML, like Gecko) Chrome/120.0.0.0 Safari/537.36" web-02.example.com
172.16.160.119 - - [01/Nov/2024:00:15:01 +0000] "GET /favicon.ico HTTP/1.1" 200 11648 "-" "Mozilla/5.0 (Windows NT 10.0; Win64; x64) AppleWebKit/537.36 (KHTML, like Gecko) Chrome/120.0.0.0 Safari/537.36" web-01.example.com
10.209.73.236 - - [01/Nov/2024:00:15:07 +0000] "GET /images/logo.png HTTP/1.1" 200 12304 "-" "Mozilla/5.0 (Windows NT 10.0; Win64; x64; rv:109.0) Gecko/20100101 Firefox/115.0" web-02.example.com
167.75.230.9 - - [01/Nov/2024:00:15:12 +0000] "GET /static/main.css HTTP/1.1" 200 8574 "-" "Mozilla/5.0 (iPhone; CPU iPhone OS 16_6_1 like Mac OS X) AppleWebKit/605.1.15 (KHTML, like Gecko) Version/16.6 Mobile/15E148 Safari/604.1" web-01.example.com
139.124.131.149 - - [01/Nov/2024:00:15:15 +0000] "POST /api/v1/users HTTP/1.1" 200 3887 "-" "Mozilla/5.0 (Linux; Android 10; K) AppleWebKit/537.36 (KHTML, like Gecko) Chrome/120.0.0.0 Mobile Safari/537.36" web-03.example.com
107.101.6.166 - - [01/Nov/2024:00:15:20 +0000] "GET /api/v1/products HTTP/1.1" 400 6681 "-" "Mozilla/5.0 (Linux; Android 10; K) AppleWebKit/537.36 (KHTML, like Gecko) Chrome/120.0.0.0 Mobile Safari/537.36" web-01.example.com
169.78.41.243 - - [01/Nov/2024:00:15:27 +0000] "GET /dashboard HTTP/1.1" 304 0 "-" "Mozilla/5.0 (Windows NT 10.0; Win64; x64; rv:109.0) Gecko/20100101 Firefox/115.0" web-01.example.com
50.5.8.80 - - [01/Nov/2024:00:15:33 +0000] "POST /about HTTP/1.1" 200 3190 "-" "Mozilla/5.0 (Linux; Android 10; K) AppleWebKit/537.36 (KHTML, like Gecko) Chrome/120.0.0.0 Mobile Safari/537.36" web-03.example.com
10.226.148.202 - - [01/Nov/2024:00:15:39 +0000] "POST /blog/post-1 HTTP/1.1" 200 9755 "-" "Mozilla/5.0 (iPhone; CPU iPhone OS 16_6_1 like Mac OS X) AppleWebKit/605.1.15 (KHTML, like Gecko) Version/16.6 Mobile/15E148 Safari/604.1" web-01.example.com
11.107.193.230 - - [01/Nov/2024:00:15:42 +0000] "POST /blog/post-1 HTTP/1.1" 200 8845 "-" "Mozilla/5.0 (Linux; Android 10; K) AppleWebKit/537.36 (KHTML, like Gecko) Chrome/120.0.0.0 Mobile Safari/537.36" web-03.example.com
10.246.160.14 - - [01/Nov/2024:00:15:43 +0000] "GET /images/logo.png HTTP/1.1" 400 12797 "-" "Mozilla/5.0 (Macintosh; Intel Mac OS X 10_15_7) AppleWebKit/537.36 (KHTML, like Gecko) Chrome/120.0.0.0 Safari/537.36" web-01.example.com
41.170.27.237 - - [01/Nov/2024:00:15:51 +0000] "GET /favicon.ico HTTP/1.1" 200 14413 "-" "Mozilla/5.0 (Windows NT 10.0; Win64; x64; rv:109.0) Gecko/20100101 Firefox/115.0" web-03.example.com
1.153.139.100 - - [01/Nov/2024:00:15:53 +0000] "GET /images/logo.png HTTP/1.1" 200 4682 "-" "Mozilla/5.0 (Windows NT 10.0; Win64; x64) AppleWebKit/537.36 (KHTML, like Gecko) Chrome/120.0.0.0 Safari/537.36" web-03.example.com
221.254.212.238 - - [01/Nov/2024:00:16:01 +0000] "GET /about HTTP/1.1" 302 6099 "-" "Mozilla/5.0 (Windows NT 10.0; Win64; x64; rv:109.0) Gecko/20100101 Firefox/115.0" web-01.example.com
192.12.252.96 - - [01/Nov/2024:00:16:04 +0000] "POST /blog/post-2 HTTP/1.1" 200 7242 "-" "Mozilla/5.0 (Windows NT 10.0; Win64; x64) AppleWebKit/537.36 (KHTML, like Gecko) Chrome/120.0.0.0 Safari/537.36" web-02.example.com
170.88.157.114 - - [01/Nov/2024:00:16:07 +0000] "POST /contact HTTP/1.1" 200 13550 "-" "Mozilla/5.0 (Linux; Android 10; K) AppleWebKit/537.36 (KHTML, like Gecko) Chrome/120.0.0.0 Mobile Safari/537.36" web-03.example.com
171.51.70.246 - - [01/Nov/2024:00:16:11 +0000] "POST /logout HTTP/1.1" 200 13739 "-" "Mozilla/5.0 (Windows NT 10.0; Win64; x64) AppleWebKit/537.36 (KHTML, like Gecko) Chrome/120.0.0.0 Safari/537.36" web-02.example.com
204.4.254.239 - - [01/Nov/2024:00:16:13 +0000] "GET /about HTTP/1.1" 301 6228 "-" "Mozilla/5.0 (Windows NT 10.0; Win64; x64) AppleWebKit/537.36 (KHTML, like Gecko) Chrome/120.0.0.0 Safari/537.36" web-02.example.com
10.136.216.235 - - [01/Nov/2024:00:16:16 +0000] "GET /blog HTTP/1.1" 302 3582 "-" "Mozilla/5.0 (Windows NT 10.0; Win64; x64) AppleWebKit/537.36 (KHTML, like Gecko) Chrome/120.0.0.0 Safari/537.36" web-01.example.com
172.18.238.68 - - [01/Nov/2024:00:16:17 +0000] "GET /api/v1/users HTTP/1.1" 200 11860 "-" "Mozilla/5.0 (Macintosh; Intel Mac OS X 10_15_7) AppleWebKit/537.36 (KHTML, like Gecko) Chrome/120.0.0.0 Safari/537.36" web-01.example.com
8.139.245.222 - - [01/Nov/2024:00:16:19 +0000] "POST /contact HTTP/1.1" 200 4179 "-" "Mozilla/5.0 (Windows NT 10.0; Win64; x64) AppleWebKit/537.36 (KHTML, like Gecko) Chrome/120.0.0.0 Safari/537.36" web-01.example.com
42.239.130.64 - - [01/Nov/2024:00:16:26 +0000] "GET /api/v1/products HTTP/1.1" 200 4167 "-" "Mozilla/5.0 (Linux; Android 10; K) AppleWebKit/537.36 (KHTML, like Gecko) Chrome/120.0.0.0 Mobile Safari/537.36" web-01.example.com
64.155.17.222 - - [01/Nov/2024:00:16:34 +0000] "GET /static/main.css HTTP/1.1" 200 14733 "-" "Mozilla/5.0 (Macintosh; Intel Mac OS X 10_15_7) AppleWebKit/537.36 (KHTML, like Gecko) Chrome/120.0.0.0 Safari/537.36" web-01.example.com
94.196.88.147 - - [01/Nov/2024:00:16:39 +0000] "GET /static/main.css HTTP/1.1" 200 13729 "-" "Mozilla/5.0 (Windows NT 10.0; Win64; x64) AppleWebKit/537.36 (KHTML, like Gecko) Chrome/120.0.0.0 Safari/537.36" web-03.example.com
52.0.20.71 - - [01/Nov/2024:00:16:47 +0000] "GET /logout HTTP/1.1" 200 8369 "-" "Mozilla/5.0 (Windows NT 10.0; Win64; x64; rv:109.0) Gecko/20100101 Firefox/115.0" web-02.example.com
73.0.132.184 - - [01/Nov/2024:00:16:54 +0000] "POST /favicon.ico HTTP/1.1" 200 7957 "-" "Mozilla/5.0 (Linux; Android 10; K) AppleWebKit/537.36 (KHTML, like Gecko) Chrome/120.0.0.0 Mobile Safari/537.36" web-03.example.com
10.204.114.238 - - [01/Nov/2024:00:17:02 +0000] "GET /blog/post-1 HTTP/1.1" 200 11672 "-" "Mozilla/5.0 (Macintosh; Intel Mac OS X 10_15_7) AppleWebKit/537.36 (KHTML, like Gecko) Chrome/120.0.0.0 Safari/537.36" web-01.example.com
39.208.51.57 - - [01/Nov/2024:00:17:12 +0000] "POST /logout HTTP/1.1" 200 7414 "-" "Mozilla/5.0 (Windows NT 10.0; Win64; x64) AppleWebKit/537.36 (KHTML, like Gecko) Chrome/120.0.0.0 Safari/537.36" web-02.example.com
89.167.145.199 - - [01/Nov/2024:00:17:18 +0000] "GET /static/main.css HTTP/1.1" 200 2917 "-" "Mozilla/5.0 (iPhone; CPU iPhone OS 16_6_1 like Mac OS X) AppleWebKit/605.1.15 (KHTML, like Gecko) Version/16.6 Mobile/15E148 Safari/604.1" web-02.example.com
127.78.241.28 - - [01/Nov/2024:00:17:28 +0000] "GET /api/v1/users HTTP/1.1" 200 5704 "-" "Mozilla/5.0 (Macintosh; Intel Mac OS X 10_15_7) AppleWebKit/537.36 (KHTML, like Gecko) Chrome/120.0.0.0 Safari/537.36" web-01.example.com
187.109.214.188 - - [01/Nov/2024:00:17:29 +0000] "GET /about HTTP/1.1" 200 14759 "-" "Mozilla/5.0 (Windows NT 10.0; Win64; x64; rv:109.0) Gecko/20100101 Firefox/115.0" web-01.example.com
158.147.243.128 - - [01/Nov/2024:00:17:35 +0000] "GET /logout HTTP/1.1" 200 14720 "-" "Mozilla/5.0 (iPhone; CPU iPhone OS 16_6_1 like Mac OS X) AppleWebKit/605.1.15 (KHTML, like Gecko) Version/16.6 Mobile/15E148 Safari/604.1" web-01.example.com
10.112.155.14 - - [01/Nov/2024:00:17:41 +0000] "POST /favicon.ico HTTP/1.1" 200 5257 "-" "Mozilla/5.0 (Windows NT 10.0; Win64; x64; rv:109.0) Gecko/20100101 Firefox/115.0" web-02.example.com
172.31.171.135 - - [01/Nov/2024:00:17:42 +0000] "GET /about HTTP/1.1" 200 4799 "-" "Mozilla/5.0 (Macintosh; Intel Mac OS X 10_15_7) AppleWebKit/537.36 (KHTML, like Gecko) Chrome/120.0.0.0 Safari/537.36" web-01.example.com
165.115.53.112 - - [01/Nov/2024:00:17:52 +0000] "GET /blog HTTP/1.1" 404 6874 "-" "Mozilla/5.0 (Windows NT 10.0; Win64; x64) AppleWebKit/537.36 (KHTML, like Gecko) Chrome/120.0.0.0 Safari/537.36" web-01.example.com
197.147.102.70 - - [01/Nov/2024:00:17:53 +0000] "GET /dashboard HTTP/1.1" 200 8798 "-" "Mozilla/5.0 (Windows NT 10.0; Win64; x64; rv:109.0) Gecko/20100101 Firefox/115.0" web-01.example.com
59.64.6.202 - - [01/Nov/2024:00:17:58 +0000] "GET /static/main.css HTTP/1.1" 200 8417 "-" "Mozilla/5.0 (iPhone; CPU iPhone OS 16_6_1 like Mac OS X) AppleWebKit/605.1.15 (KHTML, like Gecko) Version/16.6 Mobile/15E148 Safari/604.1" web-01.example.com
215.255.69.220 - - [01/Nov/2024:00:18:05 +0000] "GET /images/logo.png HTTP/1.1" 200 1629 "-" "Mozilla/5.0 (Windows NT 10.0; Win64; x64) AppleWebKit/537.36 (KHTML, like Gecko) Chrome/120.0.0.0 Safari/537.36" web-03.example.com
195.220.51.148 - - [01/Nov/2024:00:18:10 +0000] "GET /api/v1/users HTTP/1.1" 200 5139 "-" "Mozilla/5.0 (Windows NT 10.0; Win64; x64) AppleWebKit/537.36 (KHTML, like Gecko) Chrome/120.0.0.0 Safari/537.36" web-03.example.com
221.215.205.31 - - [01/Nov/2024:00:18:17 +0000] "GET / HTTP/1.1" 301 2584 "-" "Mozilla/5.0 (Macintosh; Intel Mac OS X 10_15_7) AppleWebKit/537.36 (KHTML, like Gecko) Chrome/120.0.0.0 Safari/537.36" web-01.example.com
98.48.122.48 - - [01/Nov/2024:00:18:18 +0000] "GET /profile HTTP/1.1" 200 10139 "-" "Mozilla/5.0 (Windows NT 10.0; Win64; x64; rv:109.0) Gecko/20100101 Firefox/115.0" web-01.example.com
103.132.206.174 - - [01/Nov/2024:00:18:20 +0000] "GET /login HTTP/1.1" 200 6193 "-" "Mozilla/5.0 (Windows NT 10.0; Win64; x64; rv:109.0) Gecko/20100101 Firefox/115.0" web-01.example.com
10.72.72.211 - - [01/Nov/2024:00:18:24 +0000] "GET /contact HTTP/1.1" 302 14805 "-" "Mozilla/5.0 (Macintosh; Intel Mac OS X 10_15_7) AppleWebKit/537.36 (KHTML, like Gecko) Chrome/120.0.0.0 Safari/537.36" web-01.example.com
87.7.10.84 - - [01/Nov/2024:00:18:25 +0000] "GET /static/main.js HTTP/1.1" 200 5300 "-" "Mozilla/5.0 (Macintosh; Intel Mac OS X 10_15_7) AppleWebKit/537.36 (KHTML, like Gecko) Chrome/120.0.0.0 Safari/537.36" web-03.example.com
6.166.208.53 - - [01/Nov/2024:00:18:30 +0000] "GET /logout HTTP/1.1" 200 5674 "-" "Mozilla/5.0 (Linux; Android 10; K) AppleWebKit/537.36 (KHTML, like Gecko) Chrome/120.0.0.0 Mobile Safari/537.36" web-02.example.com
203.0.113.100 - - [01/Nov/2024:00:18:31 +0000] "POST /favicon.ico HTTP/1.1" 200 5577 "-" "Mozilla/5.0 (iPhone; CPU iPhone OS 16_6_1 like Mac OS X) AppleWebKit/605.1.15 (KHTML, like Gecko) Version/16.6 Mobile/15E148 Safari/604.1" web-01.example.com
172.22.154.30 - - [01/Nov/2024:00:18:37 +0000] "GET /about HTTP/1.1" 200 2499 "-" "Mozilla/5.0 (iPhone; CPU iPhone OS 16_6_1 like Mac OS X) AppleWebKit/605.1.15 (KHTML, like Gecko) Version/16.6 Mobile/15E148 Safari/604.1" web-02.example.com
192.168.146.158 - - [01/Nov/2024:00:18:40 +0000] "GET /blog/post-2 HTTP/1.1" 200 5736 "-" "Mozilla/5.0 (Macintosh; Intel Mac OS X 10_15_7) AppleWebKit/537.36 (KHTML, like Gecko) Chrome/120.0.0.0 Safari/537.36" web-01.example.com
186.125.192.8 - - [01/Nov/2024:00:18:46 +0000] "GET /dashboard HTTP/1.1" 302 343 "-" "Mozilla/5.0 (Windows NT 10.0; Win64; x64) AppleWebKit/537.36 (KHTML, like Gecko) Chrome/120.0.0.0 Safari/537.36" web-03.example.com
10.213.22.80 - - [01/Nov/2024:00:18:55 +0000] "GET /logout HTTP/1.1" 200 335 "-" "Mozilla/5.0 (Linux; Android 10; K) AppleWebKit/537.36 (KHTML, like Gecko) Chrome/120.0.0.0 Mobile Safari/537.36" web-03.example.com
203.0.113.69 - - [01/Nov/2024:00:18:56 +0000] "POST /api/v1/products HTTP/1.1" 403 6851 "-" "Mozilla/5.0 (Macintosh; Intel Mac OS X 10_15_7) AppleWebKit/537.36 (KHTML, like Gecko) Chrome/120.0.0.0 Safari/537.36" web-03.example.com
38.22.243.169 - - [01/Nov/2024:00:19:02 +0000] "POST /static/main.css HTTP/1.1" 200 8766 "-" "Mozilla/5.0 (Linux; Android 10; K) AppleWebKit/537.36 (KHTML, like Gecko) Chrome/120.0.0.0 Mobile Safari/537.36" web-03.example.com
203.0.113.131 - - [01/Nov/2024:00:19:12 +0000] "GET /blog HTTP/1.1" 302 6322 "-" "Mozilla/5.0 (Windows NT 10.0; Win64; x64) AppleWebKit/537.36 (KHTML, like Gecko) Chrome/120.0.0.0 Safari/537.36" web-03.example.com
69.27.49.195 - - [01/Nov/2024:00:19:14 +0000] "GET /api/v1/products HTTP/1.1" 302 808 "-" "Mozilla/5.0 (Macintosh; Intel Mac OS X 10_15_7) AppleWebKit/537.36 (KHTML, like Gecko) Chrome/120.0.0.0 Safari/537.36" web-03.example.com
146.94.34.246 - - [01/Nov/2024:00:19:23 +0000] "GET /static/main.js HTTP/1.1" 200 10949 "-" "Mozilla/5.0 (Windows NT 10.0; Win64; x64) AppleWebKit/537.36 (KHTML, like Gecko) Chrome/120.0.0.0 Safari/537.36" web-03.example.com
110.125.22.243 - - [01/Nov/2024:00:19:30 +0000] "GET /about HTTP/1.1" 200 5793 "-" "Mozilla/5.0 (Linux; Android 10; K) AppleWebKit/537.36 (KHTML, like Gecko) Chrome/120.0.0.0 Mobile Safari/537.36" web-02.example.com
10.126.93.117 - - [01/Nov/2024:00:19:36 +0000] "GET /login HTTP/1.1" 502 13789 "-" "Mozilla/5.0 (Macintosh; Intel Mac OS X 10_15_7) AppleWebKit/537.36 (KHTML, like Gecko) Chrome/120.0.0.0 Safari/537.36" web-02.example.com
44.51.153.51 - - [01/Nov/2024:00:19:44 +0000] "GET /contact HTTP/1.1" 500 11159 "-" "Mozilla/5.0 (iPhone; CPU iPhone OS 16_6_1 like Mac OS X) AppleWebKit/605.1.15 (KHTML, like Gecko) Version/16.6 Mobile/15E148 Safari/604.1" web-02.example.com
127.188.137.99 - - [01/Nov/2024:00:19:48 +0000] "GET /dashboard HTTP/1.1" 302 2775 "-" "Mozilla/5.0 (Windows NT 10.0; Win64; x64; rv:109.0) Gecko/20100101 Firefox/115.0" web-03.example.com
172.30.186.177 - - [01/Nov/2024:00:19:54 +0000] "POST /contact HTTP/1.1" 200 4310 "-" "Mozilla/5.0 (iPhone; CPU iPhone OS 16_6_1 like Mac OS X) AppleWebKit/605.1.15 (KHTML, like Gecko) Version/16.6 Mobile/15E148 Safari/604.1" web-03.example.com
10.49.72.165 - - [01/Nov/2024:00:19:57 +0000] "GET /contact HTTP/1.1" 400 5993 "-" "Mozilla/5.0 (iPhone; CPU iPhone OS 16_6_1 like Mac OS X) AppleWebKit/605.1.15 (KHTML, like Gecko) Version/16.6 Mobile/15E148 Safari/604.1" web-03.example.com
196.0.81.46 - - [01/Nov/2024:00:19:58 +0000] "GET /api/v1/users HTTP/1.1" 200 756 "-" "Mozilla/5.0 (Windows NT 10.0; Win64; x64; rv:109.0) Gecko/20100101 Firefox/115.0" web-03.example.com
192.168.83.157 - - [01/Nov/2024:00:20:08 +0000] "POST /contact HTTP/1.1" 200 2367 "-" "Mozilla/5.0 (Windows NT 10.0; Win64; x64; rv:109.0) Gecko/20100101 Firefox/115.0" web-01.example.com
10.18.5.181 - - [01/Nov/2024:00:20:09 +0000] "GET /api/v1/users HTTP/1.1" 200 2807 "-" "Mozilla/5.0 (Windows NT 10.0; Win64; x64) AppleWebKit/537.36 (KHTML, like Gecko) Chrome/120.0.0.0 Safari/537.36" web-02.example.com
192.168.132.88 - - [01/Nov/2024:00:20:16 +0000] "GET /blog HTTP/1.1" 200 2513 "-" "Mozilla/5.0 (iPhone; CPU iPhone OS 16_6_1 like Mac OS X) AppleWebKit/605.1.15 (KHTML, like Gecko) Version/16.6 Mobile/15E148 Safari/604.1" web-03.example.com
69.89.229.170 - - [01/Nov/2024:00:20:24 +0000] "POST /blog HTTP/1.1" 200 2591 "-" "Mozilla/5.0 (iPhone; CPU iPhone OS 16_6_1 like Mac OS X) AppleWebKit/605.1.15 (KHTML, like Gecko) Version/16.6 Mobile/15E148 Safari/604.1" web-03.example.com
106.125.33.228 - - [01/Nov/2024:00:20:32 +0000] "POST /dashboard HTTP/1.1" 200 13758 "-" "Mozilla/5.0 (iPhone; CPU iPhone OS 16_6_1 like Mac OS X) AppleWebKit/605.1.15 (KHTML, like Gecko) Version/16.6 Mobile/15E148 Safari/604.1" web-01.example.com
73.74.230.18 - - [01/Nov/2024:00:20:39 +0000] "GET /blog HTTP/1.1" 400 5361 "-" "Mozilla/5.0 (iPhone; CPU iPhone OS 16_6_1 like Mac OS X) AppleWebKit/605.1.15 (KHTML, like Gecko) Version/16.6 Mobile/15E148 Safari/604.1" web-02.example.com
194.102.71.144 - - [01/Nov/2024:00:20:43 +0000] "GET /blog/post-2 HTTP/1.1" 304 0 "-" "Mozilla/5.0 (Macintosh; Intel Mac OS X 10_15_7) AppleWebKit/537.36 (KHTML, like Gecko) Chrome/120.0.0.0 Safari/537.36" web-02.example.com
172.21.20.142 - - [01/Nov/2024:00:20:45 +0000] "GET /blog HTTP/1.1" 200 13655 "-" "Mozilla/5.0 (iPhone; CPU iPhone OS 16_6_1 like Mac OS X) AppleWebKit/605.1.15 (KHTML, like Gecko) Version/16.6 Mobile/15E148 Safari/604.1" web-03.example.com
13.190.109.52 - - [01/Nov/2024:00:20:49 +0000] "GET / HTTP/1.1" 200 10789 "-" "Mozilla/5.0 (Linux; Android 10; K) AppleWebKit/537.36 (KHTML, like Gecko) Chrome/120.0.0.0 Mobile Safari/537.36" web-01.example.com
192.168.154.142 - - [01/Nov/2024:00:20:51 +0000] "GET /contact HTTP/1.1" 200 4645 "-" "Mozilla/5.0 (Windows NT 10.0; Win64; x64; rv:109.0) Gecko/20100101 Firefox/115.0" web-01.example.com
56.94.126.114 - - [01/Nov/2024:00:20:58 +0000] "GET /static/main.css HTTP/1.1" 200 2288 "-" "Mozilla/5.0 (Windows NT 10.0; Win64; x64; rv:109.0) Gecko/20100101 Firefox/115.0" web-03.example.com
21.34.43.126 - - [01/Nov/2024:00:21:08 +0000] "GET /blog/post-2 HTTP/1.1" 500 5269 "-" "Mozilla/5.0 (Linux; Android 10; K) AppleWebKit/537.36 (KHTML, like Gecko) Chrome/120.0.0.0 Mobile Safari/537.36" web-02.example.com
96.117.49.42 - - [01/Nov/2024:00:21:17 +0000] "POST /static/main.js HTTP/1.1" 403 8104 "-" "Mozilla/5.0 (Windows NT 10.0; Win64; x64; rv:109.0) Gecko/20100101 Firefox/115.0" web-03.example.com
192.168.44.152 - - [01/Nov/2024:00:21:24 +0000] "GET /blog HTTP/1.1" 200 2493 "-" "Mozilla/5.0 (Linux; Android 10; K) AppleWebKit/537.36 (KHTML, like Gecko) Chrome/120.0.0.0 Mobile Safari/537.36" web-03.example.com
59.161.181.209 - - [01/Nov/2024:00:21:28 +0000] "POST /dashboard HTTP/1.1" 200 14201 "-" "Mozilla/5.0 (Macintosh; Intel Mac OS X 10_15_7) AppleWebKit/537.36 (KHTML, like Gecko) Chrome/120.0.0.0 Safari/537.36" web-02.example.com
10.168.160.221 - - [01/Nov/2024:00:21:36 +0000] "GET /api/v1/products HTTP/1.1" 304 0 "-" "Mozilla/5.0 (Windows NT 10.0; Win64; x64) AppleWebKit/537.36 (KHTML, like Gecko) Chrome/120.0.0.0 Safari/537.36" web-02.example.com
135.81.23.220 - - [01/Nov/2024:00:21:39 +0000] "GET /login HTTP/1.1" 200 12874 "-" "Mozilla/5.0 (Windows NT 10.0; Win64; x64) AppleWebKit/537.36 (KHTML, like Gecko) Chrome/120.0.0.0 Safari/537.36" web-02.example.com
124.179.251.96 - - [01/Nov/2024:00:21:44 +0000] "GET /images/logo.png HTTP/1.1" 200 1266 "-" "Mozilla/5.0 (Macintosh; Intel Mac OS X 10_15_7) AppleWebKit/537.36 (KHTML, like Gecko) Chrome/120.0.0.0 Safari/537.36" web-02.example.com
110.5.81.191 - - [01/Nov/2024:00:21:53 +0000] "GET /blog/post-1 HTTP/1.1" 302 11857 "-" "Mozilla/5.0 (Linux; Android 10; K) AppleWebKit/537.36 (KHTML, like Gecko) Chrome/120.0.0.0 Mobile Safari/537.36" web-03.example.com
10.243.88.213 - - [01/Nov/2024:00:21:55 +0000] "GET /api/v1/users HTTP/1.1" 200 1543 "-" "Mozilla/5.0 (Macintosh; Intel Mac OS X 10_15_7) AppleWebKit/537.36 (KHTML, like Gecko) Chrome/120.0.0.0 Safari/537.36" web-01.example.com
10.30.2.132 - - [01/Nov/2024:00:22:04 +0000] "GET / HTTP/1.1" 200 7502 "-" "Mozilla/5.0 (Windows NT 10.0; Win64; x64; rv:109.0) Gecko/20100101 Firefox/115.0" web-03.example.com
116.197.5.4 - - [01/Nov/2024:00:22:09 +0000] "DELETE / HTTP/1.1" 200 4818 "-" "Mozilla/5.0 (Macintosh; Intel Mac OS X 10_15_7) AppleWebKit/537.36 (KHTML, like Gecko) Chrome/120.0.0.0 Safari/537.36" web-03.example.com
3.61.221.35 - - [01/Nov/2024:00:22:11 +0000] "HEAD /logout HTTP/1.1" 200 3519 "-" "Mozilla/5.0 (iPhone; CPU iPhone OS 16_6_1 like Mac OS X) AppleWebKit/605.1.15 (KHTML, like Gecko) Version/16.6 Mobile/15E148 Safari/604.1" web-02.example.com
10.246.178.220 - - [01/Nov/2024:00:22:15 +0000] "POST /blog/post-2 HTTP/1.1" 200 5793 "-" "Mozilla/5.0 (iPhone; CPU iPhone OS 16_6_1 like Mac OS X) AppleWebKit/605.1.15 (KHTML, like Gecko) Version/16.6 Mobile/15E148 Safari/604.1" web-03.example.com
44.147.228.161 - - [01/Nov/2024:00:22:17 +0000] "GET /about HTTP/1.1" 400 8217 "-" "Mozilla/5.0 (iPhone; CPU iPhone OS 16_6_1 like Mac OS X) AppleWebKit/605.1.15 (KHTML, like Gecko) Version/16.6 Mobile/15E148 Safari/604.1" web-02.example.com
203.0.113.59 - - [01/Nov/2024:00:22:23 +0000] "GET /about HTTP/1.1" 200 6832 "-" "Mozilla/5.0 (Windows NT 10.0; Win64; x64) AppleWebKit/537.36 (KHTML, like Gecko) Chrome/120.0.0.0 Safari/537.36" web-01.example.com
10.186.17.163 - - [01/Nov/2024:00:22:28 +0000] "GET /blog/post-2 HTTP/1.1" 200 9495 "-" "Mozilla/5.0 (Macintosh; Intel Mac OS X 10_15_7) AppleWebKit/537.36 (KHTML, like Gecko) Chrome/120.0.0.0 Safari/537.36" web-02.example.com
78.249.135.26 - - [01/Nov/2024:00:22:32 +0000] "GET /blog/post-1 HTTP/1.1" 200 4692 "-" "Mozilla/5.0 (Macintosh; Intel Mac OS X 10_15_7) AppleWebKit/537.36 (KHTML, like Gecko) Chrome/120.0.0.0 Safari/537.36" web-03.example.com
71.169.128.28 - - [01/Nov/2024:00:22:40 +0000] "POST /static/main.js HTTP/1.1" 200 11505 "-" "Mozilla/5.0 (iPhone; CPU iPhone OS 16_6_1 like Mac OS X) AppleWebKit/605.1.15 (KHTML, like Gecko) Version/16.6 Mobile/15E148 Safari/604.1" web-02.example.com
9.155.236.242 - - [01/Nov/2024:00:22:46 +0000] "GET /api/v1/users HTTP/1.1" 200 9239 "-" "Mozilla/5.0 (Windows NT 10.0; Win64; x64; rv:109.0) Gecko/20100101 Firefox/115.0" web-02.example.com
192.168.13.188 - - [01/Nov/2024:00:22:51 +0000] "GET / HTTP/1.1" 502 3145 "-" "Mozilla/5.0 (iPhone; CPU iPhone OS 16_6_1 like Mac OS X) AppleWebKit/605.1.15 (KHTML, like Gecko) Version/16.6 Mobile/15E148 Safari/604.1" web-01.example.com
43.155.57.185 - - [01/Nov/2024:00:22:58 +0000] "GET /profile HTTP/1.1" 200 4801 "-" "Mozilla/5.0 (Windows NT 10.0; Win64; x64; rv:109.0) Gecko/20100101 Firefox/115.0" web-02.example.com
172.29.67.51 - - [01/Nov/2024:00:23:06 +0000] "GET /favicon.ico HTTP/1.1" 403 8132 "-" "Mozilla/5.0 (Linux; Android 10; K) AppleWebKit/537.36 (KHTML, like Gecko) Chrome/120.0.0.0 Mobile Safari/537.36" web-02.example.com
10.125.115.50 - - [01/Nov/2024:00:23:12 +0000] "POST / HTTP/1.1" 200 5486 "-" "Mozilla/5.0 (Windows NT 10.0; Win64; x64) AppleWebKit/537.36 (KHTML, like Gecko) Chrome/120.0.0.0 Safari/537.36" web-02.example.com
90.34.110.203 - - [01/Nov/2024:00:23:14 +0000] "POST /static/main.js HTTP/1.1" 200 5746 "-" "Mozilla/5.0 (iPhone; CPU iPhone OS 16_6_1 like Mac OS X) AppleWebKit/605.1.15 (KHTML, like Gecko) Version/16.6 Mobile/15E148 Safari/604.1" web-01.example.com
192.168.102.118 - - [01/Nov/2024:00:23:16 +0000] "GET /login HTTP/1.1" 200 10002 "-" "Mozilla/5.0 (Macintosh; Intel Mac OS X 10_15_7) AppleWebKit/537.36 (KHTML, like Gecko) Chrome/120.0.0.0 Safari/537.36" web-01.example.com
206.163.57.49 - - [01/Nov/2024:00:23:24 +0000] "GET /logout HTTP/1.1" 200 10356 "-" "Mozilla/5.0 (Windows NT 10.0; Win64; x64) AppleWebKit/537.36 (KHTML, like Gecko) Chrome/120.0.0.0 Safari/537.36" web-03.example.com
5.231.225.253 - - [01/Nov/2024:00:23:30 +0000] "GET /about HTTP/1.1" 200 4960 "-" "Mozilla/5.0 (Linux; Android 10; K) AppleWebKit/537.36 (KHTML, like Gecko) Chrome/120.0.0.0 Mobile Safari/537.36" web-02.example.com
203.0.113.10 - - [01/Nov/2024:00:23:33 +0000] "PUT /favicon.ico HTTP/1.1" 403 2853 "-" "Mozilla/5.0 (Windows NT 10.0; Win64; x64; rv:109.0) Gecko/20100101 Firefox/115.0" web-02.example.com
127.100.37.11 - - [01/Nov/2024:00:23:34 +0000] "GET /login HTTP/1.1" 301 10712 "-" "Mozilla/5.0 (Windows NT 10.0; Win64; x64) AppleWebKit/537.36 (KHTML, like Gecko) Chrome/120.0.0.0 Safari/537.36" web-02.example.com
10.79.17.117 - - [01/Nov/2024:00:23:39 +0000] "DELETE / HTTP/1.1" 304 0 "-" "Mozilla/5.0 (iPhone; CPU iPhone OS 16_6_1 like Mac OS X) AppleWebKit/605.1.15 (KHTML, like Gecko) Version/16.6 Mobile/15E148 Safari/604.1" web-02.example.com
99.18.144.0 - - [01/Nov/2024:00:23:48 +0000] "GET /favicon.ico HTTP/1.1" 200 8018 "-" "Mozilla/5.0 (iPhone; CPU iPhone OS 16_6_1 like Mac OS X) AppleWebKit/605.1.15 (KHTML, like Gecko) Version/16.6 Mobile/15E148 Safari/604.1" web-03.example.com
83.84.19.236 - - [01/Nov/2024:00:23:50 +0000] "GET /static/main.css HTTP/1.1" 200 7979 "-" "Mozilla/5.0 (Windows NT 10.0; Win64; x64) AppleWebKit/537.36 (KHTML, like Gecko) Chrome/120.0.0.0 Safari/537.36" web-02.example.com
172.31.184.80 - - [01/Nov/2024:00:23:58 +0000] "GET /static/main.css HTTP/1.1" 200 6049 "-" "Mozilla/5.0 (Linux; Android 10; K) AppleWebKit/537.36 (KHTML, like Gecko) Chrome/120.0.0.0 Mobile Safari/537.36" web-03.example.com
182.202.126.178 - - [01/Nov/2024:00:23:59 +0000] "GET /favicon.ico HTTP/1.1" 200 1731 "-" "Mozilla/5.0 (Linux; Android 10; K) AppleWebKit/537.36 (KHTML, like Gecko) Chrome/120.0.0.0 Mobile Safari/537.36" web-02.example.com
85.173.42.236 - - [01/Nov/2024:00:24:07 +0000] "GET /logout HTTP/1.1" 200 10790 "-" "Mozilla/5.0 (Macintosh; Intel Mac OS X 10_15_7) AppleWebKit/537.36 (KHTML, like Gecko) Chrome/120.0.0.0 Safari/537.36" web-03.example.com
203.0.113.249 - - [01/Nov/2024:00:24:14 +0000] "GET /favicon.ico HTTP/1.1" 200 5493 "-" "Mozilla/5.0 (Windows NT 10.0; Win64; x64) AppleWebKit/537.36 (KHTML, like Gecko) Chrome/120.0.0.0 Safari/537.36" web-03.example.com
63.185.85.170 - - [01/Nov/2024:00:24:24 +0000] "GET /login HTTP/1.1" 200 8832 "-" "Mozilla/5.0 (Linux; Android 10; K) AppleWebKit/537.36 (KHTML, like Gecko) Chrome/120.0.0.0 Mobile Safari/537.36" web-02.example.com
172.23.4.120 - - [01/Nov/2024:00:24:26 +0000] "GET /profile HTTP/1.1" 200 10256 "-" "Mozilla/5.0 (Macintosh; Intel Mac OS X 10_15_7) AppleWebKit/537.36 (KHTML, like Gecko) Chrome/120.0.0.0 Safari/537.36" web-01.example.com
217.249.129.93 - - [01/Nov/2024:00:24:35 +0000] "GET /profile HTTP/1.1" 200 8836 "-" "Mozilla/5.0 (Windows NT 10.0; Win64; x64; rv:109.0) Gecko/20100101 Firefox/115.0" web-03.example.com
191.126.243.174 - - [01/Nov/2024:00:24:36 +0000] "GET / HTTP/1.1" 200 9511 "-" "Mozilla/5.0 (Linux; Android 10; K) AppleWebKit/537.36 (KHTML, like Gecko) Chrome/120.0.0.0 Mobile Safari/537.36" web-01.example.com
151.45.69.10 - - [01/Nov/2024:00:24:37 +0000] "GET /logout HTTP/1.1" 200 6548 "-" "Mozilla/5.0 (iPhone; CPU iPhone OS 16_6_1 like Mac OS X) AppleWebKit/605.1.15 (KHTML, like Gecko) Version/16.6 Mobile/15E148 Safari/604.1" web-01.example.com
101.105.36.182 - - [01/Nov/2024:00:24:43 +0000] "GET /contact HTTP/1.1" 400 4026 "-" "Mozilla/5.0 (Windows NT 10.0; Win64; x64) AppleWebKit/537.36 (KHTML, like Gecko) Chrome/120.0.0.0 Safari/537.36" web-02.example.com
138.236.36.5 - - [01/Nov/2024:00:24:44 +0000] "GET / HTTP/1.1" 200 4847 "-" "Mozilla/5.0 (iPhone; CPU iPhone OS 16_6_1 like Mac OS X) AppleWebKit/605.1.15 (KHTML, like Gecko) Version/16.6 Mobile/15E148 Safari/604.1" web-03.example.com
172.24.51.151 - - [01/Nov/2024:00:24:51 +0000] "GET /contact HTTP/1.1" 200 520 "-" "Mozilla/5.0 (Linux; Android 10; K) AppleWebKit/537.36 (KHTML, like Gecko) Chrome/120.0.0.0 Mobile Safari/537.36" web-02.example.com
192.168.88.3 - - [01/Nov/2024:00:24:56 +0000] "GET /profile HTTP/1.1" 302 14620 "-" "Mozilla/5.0 (iPhone; CPU iPhone OS 16_6_1 like Mac OS X) AppleWebKit/605.1.15 (KHTML, like Gecko) Version/16.6 Mobile/15E148 Safari/604.1" web-03.example.com
116.189.212.119 - - [01/Nov/2024:00:25:00 +0000] "GET /static/main.js HTTP/1.1" 200 7807 "-" "Mozilla/5.0 (Macintosh; Intel Mac OS X 10_15_7) AppleWebKit/537.36 (KHTML, like Gecko) Chrome/120.0.0.0 Safari/537.36" web-03.example.com
26.217.172.206 - - [01/Nov/2024:00:25:03 +0000] "GET /favicon.ico HTTP/1.1" 200 5370 "-" "Mozilla/5.0 (Linux; Android 10; K) AppleWebKit/537.36 (KHTML, like Gecko) Chrome/120.0.0.0 Mobile Safari/537.36" web-02.example.com
182.41.188.193 - - [01/Nov/2024:00:25:11 +0000] "GET /static/main.css HTTP/1.1" 200 3269 "-" "Mozilla/5.0 (Windows NT 10.0; Win64; x64) AppleWebKit/537.36 (KHTML, like Gecko) Chrome/120.0.0.0 Safari/537.36" web-03.example.com
25.111.241.201 - - [01/Nov/2024:00:25:20 +0000] "GET /static/main.js HTTP/1.1" 200 4588 "-" "Mozilla/5.0 (Linux; Android 10; K) AppleWebKit/537.36 (KHTML, like Gecko) Chrome/120.0.0.0 Mobile Safari/537.36" web-02.example.com
161.87.150.8 - - [01/Nov/2024:00:25:21 +0000] "GET /login HTTP/1.1" 200 1481 "-" "Mozilla/5.0 (iPhone; CPU iPhone OS 16_6_1 like Mac OS X) AppleWebKit/605.1.15 (KHTML, like Gecko) Version/16.6 Mobile/15E148 Safari/604.1" web-03.example.com
16.183.244.230 - - [01/Nov/2024:00:25:30 +0000] "GET / HTTP/1.1" 200 9648 "-" "Mozilla/5.0 (Macintosh; Intel Mac OS X 10_15_7) AppleWebKit/537.36 (KHTML, like Gecko) Chrome/120.0.0.0 Safari/537.36" web-02.example.com
175.165.101.129 - - [01/Nov/2024:00:25:38 +0000] "GET /api/v1/users HTTP/1.1" 200 4232 "-" "Mozilla/5.0 (Windows NT 10.0; Win64; x64; rv:109.0) Gecko/20100101 Firefox/115.0" web-02.example.com
29.88.154.222 - - [01/Nov/2024:00:25:39 +0000] "POST /api/v1/products HTTP/1.1" 200 6907 "-" "Mozilla/5.0 (Linux; Android 10; K) AppleWebKit/537.36 (KHTML, like Gecko) Chrome/120.0.0.0 Mobile Safari/537.36" web-03.example.com
194.206.152.22 - - [01/Nov/2024:00:25:48 +0000] "GET /blog HTTP/1.1" 200 625 "-" "Mozilla/5.0 (iPhone; CPU iPhone OS 16_6_1 like Mac OS X) AppleWebKit/605.1.15 (KHTML, like Gecko) Version/16.6 Mobile/15E148 Safari/604.1" web-02.example.com
203.0.113.215 - - [01/Nov/2024:00:25:58 +0000] "POST /static/main.js HTTP/1.1" 400 6629 "-" "Mozilla/5.0 (Macintosh; Intel Mac OS X 10_15_7) AppleWebKit/537.36 (KHTML, like Gecko) Chrome/120.0.0.0 Safari/537.36" web-02.example.com
108.78.151.237 - - [01/Nov/2024:00:26:00 +0000] "GET /blog/post-2 HTTP/1.1" 200 7939 "-" "Mozilla/5.0 (Linux; Android 10; K) AppleWebKit/537.36 (KHTML, like Gecko) Chrome/120.0.0.0 Mobile Safari/537.36" web-03.example.com
136.29.188.40 - - [01/Nov/2024:00:26:01 +0000] "GET /blog/post-2 HTTP/1.1" 200 11088 "-" "Mozilla/5.0 (Macintosh; Intel Mac OS X 10_15_7) AppleWebKit/537.36 (KHTML, like Gecko) Chrome/120.0.0.0 Safari/537.36" web-03.example.com
105.35.9.198 - - [01/Nov/2024:00:26:03 +0000] "GET / HTTP/1.1" 200 9878 "-" "Mozilla/5.0 (Linux; Android 10; K) AppleWebKit/537.36 (KHTML, like Gecko) Chrome/120.0.0.0 Mobile Safari/537.36" web-02.example.com
74.56.113.169 - - [01/Nov/2024:00:26:10 +0000] "GET /images/logo.png HTTP/1.1" 200 13476 "-" "Mozilla/5.0 (Windows NT 10.0; Win64; x64; rv:109.0) Gecko/20100101 Firefox/115.0" web-01.example.com
10.36.21.92 - - [01/Nov/2024:00:26:19 +0000] "HEAD /static/main.css HTTP/1.1" 200 9822 "-" "Mozilla/5.0 (iPhone; CPU iPhone OS 16_6_1 like Mac OS X) AppleWebKit/605.1.15 (KHTML, like Gecko) Version/16.6 Mobile/15E148 Safari/604.1" web-03.example.com
119.242.149.115 - - [01/Nov/2024:00:26:20 +0000] "GET /about HTTP/1.1" 200 6078 "-" "Mozilla/5.0 (Windows NT 10.0; Win64; x64; rv:109.0) Gecko/20100101 Firefox/115.0" web-03.example.com
17.48.221.153 - - [01/Nov/2024:00:26:23 +0000] "DELETE /api/v1/products HTTP/1.1" 200 14613 "-" "Mozilla/5.0 (Macintosh; Intel Mac OS X 10_15_7) AppleWebKit/537.36 (KHTML, like Gecko) Chrome/120.0.0.0 Safari/537.36" web-02.example.com
152.128.68.206 - - [01/Nov/2024:00:26:30 +0000] "GET /blog/post-1 HTTP/1.1" 200 13307 "-" "Mozilla/5.0 (Windows NT 10.0; Win64; x64) AppleWebKit/537.36 (KHTML, like Gecko) Chrome/120.0.0.0 Safari/537.36" web-02.example.com
172.22.126.194 - - [01/Nov/2024:00:26:34 +0000] "GET /contact HTTP/1.1" 200 10821 "-" "Mozilla/5.0 (Macintosh; Intel Mac OS X 10_15_7) AppleWebKit/537.36 (KHTML, like Gecko) Chrome/120.0.0.0 Safari/537.36" web-03.example.com
75.239.165.63 - - [01/Nov/2024:00:26:41 +0000] "GET /profile HTTP/1.1" 302 7441 "-" "Mozilla/5.0 (Macintosh; Intel Mac OS X 10_15_7) AppleWebKit/537.36 (KHTML, like Gecko) Chrome/120.0.0.0 Safari/537.36" web-01.example.com
220.62.193.253 - - [01/Nov/2024:00:26:49 +0000] "GET /profile HTTP/1.1" 200 12273 "-" "Mozilla/5.0 (Windows NT 10.0; Win64; x64; rv:109.0) Gecko/20100101 Firefox/115.0" web-01.example.com
10.6.158.235 - - [01/Nov/2024:00:26:57 +0000] "GET / HTTP/1.1" 502 1359 "-" "Mozilla/5.0 (Macintosh; Intel Mac OS X 10_15_7) AppleWebKit/537.36 (KHTML, like Gecko) Chrome/120.0.0.0 Safari/537.36" web-03.example.com
206.190.47.113 - - [01/Nov/2024:00:27:01 +0000] "GET /images/logo.png HTTP/1.1" 404 6410 "-" "Mozilla/5.0 (Windows NT 10.0; Win64; x64) AppleWebKit/537.36 (KHTML, like Gecko) Chrome/120.0.0.0 Safari/537.36" web-01.example.com
2.185.160.165 - - [01/Nov/2024:00:27:07 +0000] "GET / HTTP/1.1" 404 3323 "-" "Mozilla/5.0 (Linux; Android 10; K) AppleWebKit/537.36 (KHTML, like Gecko) Chrome/120.0.0.0 Mobile Safari/537.36" web-03.example.com
86.151.47.172 - - [01/Nov/2024:00:27:17 +0000] "GET /blog/post-1 HTTP/1.1" 200 6915 "-" "Mozilla/5.0 (Linux; Android 10; K) AppleWebKit/537.36 (KHTML, like Gecko) Chrome/120.0.0.0 Mobile Safari/537.36" web-01.example.com
43.146.231.44 - - [01/Nov/2024:00:27:27 +0000] "GET /api/v1/users HTTP/1.1" 200 2052 "-" "Mozilla/5.0 (Windows NT 10.0; Win64; x64) AppleWebKit/537.36 (KHTML, like Gecko) Chrome/120.0.0.0 Safari/537.36" web-02.example.com
80.233.254.236 - - [01/Nov/2024:00:27:30 +0000] "GET /api/v1/users HTTP/1.1" 301 8186 "-" "Mozilla/5.0 (Linux; Android 10; K) AppleWebKit/537.36 (KHTML, like Gecko) Chrome/120.0.0.0 Mobile Safari/537.36" web-02.example.com
139.59.121.84 - - [01/Nov/2024:00:27:32 +0000] "GET /profile HTTP/1.1" 301 9520 "-" "Mozilla/5.0 (Windows NT 10.0; Win64; x64) AppleWebKit/537.36 (KHTML, like Gecko) Chrome/120.0.0.0 Safari/537.36" web-02.example.com
193.23.34.25 - - [01/Nov/2024:00:27:37 +0000] "GET /static/main.css HTTP/1.1" 200 12546 "-" "Mozilla/5.0 (Linux; Android 10; K) AppleWebKit/537.36 (KHTML, like Gecko) Chrome/120.0.0.0 Mobile Safari/537.36" web-02.example.com
115.166.168.230 - - [01/Nov/2024:00:27:39 +0000] "GET /favicon.ico HTTP/1.1" 200 5745 "-" "Mozilla/5.0 (Windows NT 10.0; Win64; x64) AppleWebKit/537.36 (KHTML, like Gecko) Chrome/120.0.0.0 Safari/537.36" web-01.example.com
192.168.114.157 - - [01/Nov/2024:00:27:46 +0000] "GET /blog/post-1 HTTP/1.1" 200 8090 "-" "Mozilla/5.0 (Macintosh; Intel Mac OS X 10_15_7) AppleWebKit/537.36 (KHTML, like Gecko) Chrome/120.0.0.0 Safari/537.36" web-02.example.com
175.163.30.243 - - [01/Nov/2024:00:27:50 +0000] "PUT /api/v1/users HTTP/1.1" 200 7382 "-" "Mozilla/5.0 (Windows NT 10.0; Win64; x64; rv:109.0) Gecko/20100101 Firefox/115.0" web-01.example.com
130.138.155.242 - - [01/Nov/2024:00:27:52 +0000] "GET /blog HTTP/1.1" 304 0 "-" "Mozilla/5.0 (Windows NT 10.0; Win64; x64) AppleWebKit/537.36 (KHTML, like Gecko) Chrome/120.0.0.0 Safari/537.36" web-01.example.com
172.23.129.33 - - [01/Nov/2024:00:27:59 +0000] "DELETE /static/main.js HTTP/1.1" 200 9811 "-" "Mozilla/5.0 (iPhone; CPU iPhone OS 16_6_1 like Mac OS X) AppleWebKit/605.1.15 (KHTML, like Gecko) Version/16.6 Mobile/15E148 Safari/604.1" web-03.example.com
192.168.105.151 - - [01/Nov/2024:00:28:06 +0000] "GET /images/logo.png HTTP/1.1" 200 8387 "-" "Mozilla/5.0 (iPhone; CPU iPhone OS 16_6_1 like Mac OS X) AppleWebKit/605.1.15 (KHTML, like Gecko) Version/16.6 Mobile/15E148 Safari/604.1" web-03.example.com
176.253.226.239 - - [01/Nov/2024:00:28:09 +0000] "GET /static/main.css HTTP/1.1" 500 8881 "-" "Mozilla/5.0 (Windows NT 10.0; Win64; x64; rv:109.0) Gecko/20100101 Firefox/115.0" web-01.example.com
131.163.219.70 - - [01/Nov/2024:00:28:15 +0000] "GET /favicon.ico HTTP/1.1" 302 5307 "-" "Mozilla/5.0 (Macintosh; Intel Mac OS X 10_15_7) AppleWebKit/537.36 (KHTML, like Gecko) Chrome/120.0.0.0 Safari/537.36" web-02.example.com
193.113.129.199 - - [01/Nov/2024:00:28:24 +0000] "GET /images/logo.png HTTP/1.1" 200 1952 "-" "Mozilla/5.0 (Linux; Android 10; K) AppleWebKit/537.36 (KHTML, like Gecko) Chrome/120.0.0.0 Mobile Safari/537.36" web-03.example.com
3.95.46.235 - - [01/Nov/2024:00:28:32 +0000] "GET /static/main.css HTTP/1.1" 200 8357 "-" "Mozilla/5.0 (Macintosh; Intel Mac OS X 10_15_7) AppleWebKit/537.36 (KHTML, like Gecko) Chrome/120.0.0.0 Safari/537.36" web-03.example.com
172.27.170.108 - - [01/Nov/2024:00:28:36 +0000] "GET /static/main.js HTTP/1.1" 200 1596 "-" "Mozilla/5.0 (Macintosh; Intel Mac OS X 10_15_7) AppleWebKit/537.36 (KHTML, like Gecko) Chrome/120.0.0.0 Safari/537.36" web-01.example.com
162.159.37.108 - - [01/Nov/2024:00:28:43 +0000] "DELETE /static/main.css HTTP/1.1" 200 4312 "-" "Mozilla/5.0 (Linux; Android 10; K) AppleWebKit/537.36 (KHTML, like Gecko) Chrome/120.0.0.0 Mobile Safari/537.36" web-02.example.com
44.159.54.194 - - [01/Nov/2024:00:28:48 +0000] "GET /profile HTTP/1.1" 302 11427 "-" "Mozilla/5.0 (Windows NT 10.0; Win64; x64) AppleWebKit/537.36 (KHTML, like Gecko) Chrome/120.0.0.0 Safari/537.36" web-03.example.com
2.127.21.114 - - [01/Nov/2024:00:28:51 +0000] "GET / HTTP/1.1" 200 6588 "-" "Mozilla/5.0 (Windows NT 10.0; Win64; x64) AppleWebKit/537.36 (KHTML, like Gecko) Chrome/120.0.0.0 Safari/537.36" web-03.example.com
93.14.201.137 - - [01/Nov/2024:00:28:52 +0000] "GET /profile HTTP/1.1" 302 13440 "-" "Mozilla/5.0 (Linux; Android 10; K) AppleWebKit/537.36 (KHTML, like Gecko) Chrome/120.0.0.0 Mobile Safari/537.36" web-01.example.com
25.91.14.72 - - [01/Nov/2024:00:28:56 +0000] "GET /images/logo.png HTTP/1.1" 301 13925 "-" "Mozilla/5.0 (iPhone; CPU iPhone OS 16_6_1 like Mac OS X) AppleWebKit/605.1.15 (KHTML, like Gecko) Version/16.6 Mobile/15E148 Safari/604.1" web-02.example.com
52.27.113.19 - - [01/Nov/2024:00:29:06 +0000] "GET /about HTTP/1.1" 200 4995 "-" "Mozilla/5.0 (Windows NT 10.0; Win64; x64) AppleWebKit/537.36 (KHTML, like Gecko) Chrome/120.0.0.0 Safari/537.36" web-02.example.com
147.143.80.179 - - [01/Nov/2024:00:29:07 +0000] "GET /api/v1/users HTTP/1.1" 200 3763 "-" "Mozilla/5.0 (Linux; Android 10; K) AppleWebKit/537.36 (KHTML, like Gecko) Chrome/120.0.0.0 Mobile Safari/537.36" web-02.example.com
203.0.113.64 - - [01/Nov/2024:00:29:17 +0000] "GET /profile HTTP/1.1" 200 12586 "-" "Mozilla/5.0 (Linux; Android 10; K) AppleWebKit/537.36 (KHTML, like Gecko) Chrome/120.0.0.0 Mobile Safari/537.36" web-02.example.com
190.253.16.10 - - [01/Nov/2024:00:29:21 +0000] "GET / HTTP/1.1" 200 7326 "-" "Mozilla/5.0 (Macintosh; Intel Mac OS X 10_15_7) AppleWebKit/537.36 (KHTML, like Gecko) Chrome/120.0.0.0 Safari/537.36" web-03.example.com
172.27.50.11 - - [01/Nov/2024:00:29:27 +0000] "GET /about HTTP/1.1" 200 3099 "-" "Mozilla/5.0 (Macintosh; Intel Mac OS X 10_15_7) AppleWebKit/537.36 (KHTML, like Gecko) Chrome/120.0.0.0 Safari/537.36" web-02.example.com
34.209.171.133 - - [01/Nov/2024:00:29:36 +0000] "GET /static/main.css HTTP/1.1" 200 14316 "-" "Mozilla/5.0 (Windows NT 10.0; Win64; x64) AppleWebKit/537.36 (KHTML, like Gecko) Chrome/120.0.0.0 Safari/537.36" web-03.example.com
203.0.113.204 - - [01/Nov/2024:00:29:43 +0000] "GET /blog/post-1 HTTP/1.1" 200 11919 "-" "Mozilla/5.0 (Windows NT 10.0; Win64; x64; rv:109.0) Gecko/20100101 Firefox/115.0" web-03.example.com
10.128.217.23 - - [01/Nov/2024:00:29:52 +0000] "GET /contact HTTP/1.1" 301 7120 "-" "Mozilla/5.0 (iPhone; CPU iPhone OS 16_6_1 like Mac OS X) AppleWebKit/605.1.15 (KHTML, like Gecko) Version/16.6 Mobile/15E148 Safari/604.1" web-03.example.com
147.93.0.191 - - [01/Nov/2024:00:30:02 +0000] "GET /favicon.ico HTTP/1.1" 200 1549 "-" "Mozilla/5.0 (iPhone; CPU iPhone OS 16_6_1 like Mac OS X) AppleWebKit/605.1.15 (KHTML, like Gecko) Version/16.6 Mobile/15E148 Safari/604.1" web-03.example.com
220.178.196.185 - - [01/Nov/2024:00:30:09 +0000] "GET /contact HTTP/1.1" 200 8600 "-" "Mozilla/5.0 (Windows NT 10.0; Win64; x64) AppleWebKit/537.36 (KHTML, like Gecko) Chrome/120.0.0.0 Safari/537.36" web-02.example.com
108.119.12.4 - - [01/Nov/2024:00:30:10 +0000] "GET /static/main.css HTTP/1.1" 200 13939 "-" "Mozilla/5.0 (Macintosh; Intel Mac OS X 10_15_7) AppleWebKit/537.36 (KHTML, like Gecko) Chrome/120.0.0.0 Safari/537.36" web-01.example.com
11.24.211.183 - - [01/Nov/2024:00:30:19 +0000] "POST /favicon.ico HTTP/1.1" 200 11675 "-" "Mozilla/5.0 (Windows NT 10.0; Win64; x64) AppleWebKit/537.36 (KHTML, like Gecko) Chrome/120.0.0.0 Safari/537.36" web-02.example.com
44.32.19.71 - - [01/Nov/2024:00:30:27 +0000] "GET /favicon.ico HTTP/1.1" 200 7090 "-" "Mozilla/5.0 (Windows NT 10.0; Win64; x64; rv:109.0) Gecko/20100101 Firefox/115.0" web-02.example.com
168.251.192.149 - - [01/Nov/2024:00:30:33 +0000] "GET /api/v1/products HTTP/1.1" 200 9822 "-" "Mozilla/5.0 (Macintosh; Intel Mac OS X 10_15_7) AppleWebKit/537.36 (KHTML, like Gecko) Chrome/120.0.0.0 Safari/537.36" web-03.example.com
172.17.88.149 - - [01/Nov/2024:00:30:37 +0000] "GET /logout HTTP/1.1" 301 12044 "-" "Mozilla/5.0 (iPhone; CPU iPhone OS 16_6_1 like Mac OS X) AppleWebKit/605.1.15 (KHTML, like Gecko) Version/16.6 Mobile/15E148 Safari/604.1" web-02.example.com
172.22.69.183 - - [01/Nov/2024:00:30:38 +0000] "PUT /static/main.css HTTP/1.1" 200 12555 "-" "Mozilla/5.0 (Windows NT 10.0; Win64; x64; rv:109.0) Gecko/20100101 Firefox/115.0" web-03.example.com
111.143.220.188 - - [01/Nov/2024:00:30:42 +0000] "POST /static/main.css HTTP/1.1" 304 0 "-" "Mozilla/5.0 (Macintosh; Intel Mac OS X 10_15_7) AppleWebKit/537.36 (KHTML, like Gecko) Chrome/120.0.0.0 Safari/537.36" web-01.example.com
192.168.236.180 - - [01/Nov/2024:00:30:43 +0000] "GET /api/v1/products HTTP/1.1" 404 6687 "-" "Mozilla/5.0 (Windows NT 10.0; Win64; x64) AppleWebKit/537.36 (KHTML, like Gecko) Chrome/120.0.0.0 Safari/537.36" web-03.example.com
121.151.179.249 - - [01/Nov/2024:00:30:52 +0000] "POST /api/v1/products HTTP/1.1" 200 7621 "-" "Mozilla/5.0 (Windows NT 10.0; Win64; x64; rv:109.0) Gecko/20100101 Firefox/115.0" web-01.example.com
175.79.45.72 - - [01/Nov/2024:00:30:55 +0000] "GET /api/v1/products HTTP/1.1" 200 10327 "-" "Mozilla/5.0 (Windows NT 10.0; Win64; x64; rv:109.0) Gecko/20100101 Firefox/115.0" web-03.example.com
203.0.113.58 - - [01/Nov/2024:00:31:02 +0000] "GET /login HTTP/1.1" 200 2202 "-" "Mozilla/5.0 (Windows NT 10.0; Win64; x64) AppleWebKit/537.36 (KHTML, like Gecko) Chrome/120.0.0.0 Safari/537.36" web-01.example.com
120.181.51.139 - - [01/Nov/2024:00:31:11 +0000] "GET /images/logo.png HTTP/1.1" 200 6085 "-" "Mozilla/5.0 (Windows NT 10.0; Win64; x64; rv:109.0) Gecko/20100101 Firefox/115.0" web-02.example.com
201.187.227.25 - - [01/Nov/2024:00:31:12 +0000] "GET /about HTTP/1.1" 200 3835 "-" "Mozilla/5.0 (Macintosh; Intel Mac OS X 10_15_7) AppleWebKit/537.36 (KHTML, like Gecko) Chrome/120.0.0.0 Safari/537.36" web-01.example.com
158.126.152.33 - - [01/Nov/2024:00:31:14 +0000] "GET /static/main.js HTTP/1.1" 200 2351 "-" "Mozilla/5.0 (Windows NT 10.0; Win64; x64; rv:109.0) Gecko/20100101 Firefox/115.0" web-02.example.com
31.241.229.206 - - [01/Nov/2024:00:31:18 +0000] "GET /images/logo.png HTTP/1.1" 301 7067 "-" "Mozilla/5.0 (Windows NT 10.0; Win64; x64; rv:109.0) Gecko/20100101 Firefox/115.0" web-02.example.com
192.168.250.165 - - [01/Nov/2024:00:31:23 +0000] "GET /login HTTP/1.1" 200 6690 "-" "Mozilla/5.0 (Windows NT 10.0; Win64; x64) AppleWebKit/537.36 (KHTML, like Gecko) Chrome/120.0.0.0 Safari/537.36" web-01.example.com
13.65.156.86 - - [01/Nov/2024:00:31:27 +0000] "GET /static/main.css HTTP/1.1" 200 8411 "-" "Mozilla/5.0 (Windows NT 10.0; Win64; x64; rv:109.0) Gecko/20100101 Firefox/115.0" web-01.example.com
137.93.61.176 - - [01/Nov/2024:00:31:30 +0000] "GET /static/main.css HTTP/1.1" 200 9128 "-" "Mozilla/5.0 (Windows NT 10.0; Win64; x64; rv:109.0) Gecko/20100101 Firefox/115.0" web-03.example.com
203.0.113.187 - - [01/Nov/2024:00:31:35 +0000] "GET /login HTTP/1.1" 200 13005 "-" "Mozilla/5.0 (Windows NT 10.0; Win64; x64) AppleWebKit/537.36 (KHTML, like Gecko) Chrome/120.0.0.0 Safari/537.36" web-02.example.com
102.109.172.217 - - [01/Nov/2024:00:31:38 +0000] "POST /blog/post-1 HTTP/1.1" 301 2701 "-" "Mozilla/5.0 (Windows NT 10.0; Win64; x64; rv:109.0) Gecko/20100101 Firefox/115.0" web-02.example.com
192.168.39.186 - - [01/Nov/2024:00:31:40 +0000] "GET /profile HTTP/1.1" 200 5253 "-" "Mozilla/5.0 (Windows NT 10.0; Win64; x64; rv:109.0) Gecko/20100101 Firefox/115.0" web-03.example.com
203.0.113.104 - - [01/Nov/2024:00:31:43 +0000] "POST /profile HTTP/1.1" 200 9026 "-" "Mozilla/5.0 (Windows NT 10.0; Win64; x64; rv:109.0) Gecko/20100101 Firefox/115.0" web-01.example.com
123.120.14.109 - - [01/Nov/2024:00:31:52 +0000] "GET /static/main.js HTTP/1.1" 200 8959 "-" "Mozilla/5.0 (Linux; Android 10; K) AppleWebKit/537.36 (KHTML, like Gecko) Chrome/120.0.0.0 Mobile Safari/537.36" web-03.example.com
190.128.116.136 - - [01/Nov/2024:00:31:53 +0000] "GET /favicon.ico HTTP/1.1" 200 5357 "-" "Mozilla/5.0 (Windows NT 10.0; Win64; x64) AppleWebKit/537.36 (KHTML, like Gecko) Chrome/120.0.0.0 Safari/537.36" web-01.example.com
52.158.155.77 - - [01/Nov/2024:00:31:59 +0000] "GET /static/main.css HTTP/1.1" 200 789 "-" "Mozilla/5.0 (Windows NT 10.0; Win64; x64) AppleWebKit/537.36 (KHTML, like Gecko) Chrome/120.0.0.0 Safari/537.36" web-03.example.com
205.205.123.151 - - [01/Nov/2024:00:32:01 +0000] "PUT /blog/post-2 HTTP/1.1" 200 14064 "-" "Mozilla/5.0 (Linux; Android 10; K) AppleWebKit/537.36 (KHTML, like Gecko) Chrome/120.0.0.0 Mobile Safari/537.36" web-02.example.com
211.89.82.236 - - [01/Nov/2024:00:32:11 +0000] "GET /blog/post-1 HTTP/1.1" 200 2866 "-" "Mozilla/5.0 (Windows NT 10.0; Win64; x64) AppleWebKit/537.36 (KHTML, like Gecko) Chrome/120.0.0.0 Safari/537.36" web-03.example.com
175.231.169.189 - - [01/Nov/2024:00:32:13 +0000] "POST /dashboard HTTP/1.1" 301 4042 "-" "Mozilla/5.0 (Linux; Android 10; K) AppleWebKit/537.36 (KHTML, like Gecko) Chrome/120.0.0.0 Mobile Safari/537.36" web-03.example.com
57.157.144.176 - - [01/Nov/2024:00:32:16 +0000] "GET /about HTTP/1.1" 200 3995 "-" "Mozilla/5.0 (Windows NT 10.0; Win64; x64) AppleWebKit/537.36 (KHTML, like Gecko) Chrome/120.0.0.0 Safari/537.36" web-03.example.com
205.22.116.156 - - [01/Nov/2024:00:32:25 +0000] "GET /static/main.css HTTP/1.1" 200 13808 "-" "Mozilla/5.0 (Linux; Android 10; K) AppleWebKit/537.36 (KHTML, like Gecko) Chrome/120.0.0.0 Mobile Safari/537.36" web-01.example.com
13.76.195.146 - - [01/Nov/2024:00:32:35 +0000] "GET /logout HTTP/1.1" 200 4436 "-" "Mozilla/5.0 (Linux; Android 10; K) AppleWebKit/537.36 (KHTML, like Gecko) Chrome/120.0.0.0 Mobile Safari/537.36" web-02.example.com
203.109.84.108 - - [01/Nov/2024:00:32:39 +0000] "GET /about HTTP/1.1" 404 2072 "-" "Mozilla/5.0 (Windows NT 10.0; Win64; x64) AppleWebKit/537.36 (KHTML, like Gecko) Chrome/120.0.0.0 Safari/537.36" web-03.example.com
220.113.251.239 - - [01/Nov/2024:00:32:46 +0000] "GET /dashboard HTTP/1.1" 200 5243 "-" "Mozilla/5.0 (Windows NT 10.0; Win64; x64) AppleWebKit/537.36 (KHTML, like Gecko) Chrome/120.0.0.0 Safari/537.36" web-01.example.com
89.7.106.108 - - [01/Nov/2024:00:32:49 +0000] "GET /blog HTTP/1.1" 200 3293 "-" "Mozilla/5.0 (Macintosh; Intel Mac OS X 10_15_7) AppleWebKit/537.36 (KHTML, like Gecko) Chrome/120.0.0.0 Safari/537.36" web-02.example.com
172.16.13.89 - - [01/Nov/2024:00:32:56 +0000] "GET /favicon.ico HTTP/1.1" 200 8591 "-" "Mozilla/5.0 (iPhone; CPU iPhone OS 16_6_1 like Mac OS X) AppleWebKit/605.1.15 (KHTML, like Gecko) Version/16.6 Mobile/15E148 Safari/604.1" web-02.example.com
121.234.195.132 - - [01/Nov/2024:00:33:06 +0000] "POST /dashboard HTTP/1.1" 200 11668 "-" "Mozilla/5.0 (Windows NT 10.0; Win64; x64; rv:109.0) Gecko/20100101 Firefox/115.0" web-02.example.com
147.42.8.116 - - [01/Nov/2024:00:33:09 +0000] "GET /about HTTP/1.1" 304 0 "-" "Mozilla/5.0 (Macintosh; Intel Mac OS X 10_15_7) AppleWebKit/537.36 (KHTML, like Gecko) Chrome/120.0.0.0 Safari/537.36" web-02.example.com
183.145.230.10 - - [01/Nov/2024:00:33:15 +0000] "GET /contact HTTP/1.1" 200 3557 "-" "Mozilla/5.0 (Windows NT 10.0; Win64; x64; rv:109.0) Gecko/20100101 Firefox/115.0" web-02.example.com
179.54.161.75 - - [01/Nov/2024:00:33:25 +0000] "GET /login HTTP/1.1" 301 14894 "-" "Mozilla/5.0 (iPhone; CPU iPhone OS 16_6_1 like Mac OS X) AppleWebKit/605.1.15 (KHTML, like Gecko) Version/16.6 Mobile/15E148 Safari/604.1" web-02.example.com
203.0.113.124 - - [01/Nov/2024:00:33:30 +0000] "GET /images/logo.png HTTP/1.1" 200 11688 "-" "Mozilla/5.0 (Macintosh; Intel Mac OS X 10_15_7) AppleWebKit/537.36 (KHTML, like Gecko) Chrome/120.0.0.0 Safari/537.36" web-02.example.com
221.36.128.248 - - [01/Nov/2024:00:33:32 +0000] "GET /api/v1/products HTTP/1.1" 200 10087 "-" "Mozilla/5.0 (iPhone; CPU iPhone OS 16_6_1 like Mac OS X) AppleWebKit/605.1.15 (KHTML, like Gecko) Version/16.6 Mobile/15E148 Safari/604.1" web-01.example.com
10.50.215.136 - - [01/Nov/2024:00:33:37 +0000] "PUT /profile HTTP/1.1" 200 6791 "-" "Mozilla/5.0 (Macintosh; Intel Mac OS X 10_15_7) AppleWebKit/537.36 (KHTML, like Gecko) Chrome/120.0.0.0 Safari/537.36" web-02.example.com
148.119.113.143 - - [01/Nov/2024:00:33:42 +0000] "GET /blog HTTP/1.1" 200 3215 "-" "Mozilla/5.0 (Linux; Android 10; K) AppleWebKit/537.36 (KHTML, like Gecko) Chrome/120.0.0.0 Mobile Safari/537.36" web-01.example.com
1.176.184.87 - - [01/Nov/2024:00:33:50 +0000] "GET /static/main.css HTTP/1.1" 200 9105 "-" "Mozilla/5.0 (iPhone; CPU iPhone OS 16_6_1 like Mac OS X) AppleWebKit/605.1.15 (KHTML, like Gecko) Version/16.6 Mobile/15E148 Safari/604.1" web-02.example.com
172.21.188.250 - - [01/Nov/2024:00:33:54 +0000] "GET /static/main.js HTTP/1.1" 200 3681 "-" "Mozilla/5.0 (Windows NT 10.0; Win64; x64) AppleWebKit/537.36 (KHTML, like Gecko) Chrome/120.0.0.0 Safari/537.36" web-02.example.com
99.9.69.254 - - [01/Nov/2024:00:33:56 +0000] "GET /api/v1/products HTTP/1.1" 200 9027 "-" "Mozilla/5.0 (iPhone; CPU iPhone OS 16_6_1 like Mac OS X) AppleWebKit/605.1.15 (KHTML, like Gecko) Version/16.6 Mobile/15E148 Safari/604.1" web-03.example.com
203.0.113.162 - - [01/Nov/2024:00:34:05 +0000] "GET /api/v1/users HTTP/1.1" 200 12086 "-" "Mozilla/5.0 (Windows NT 10.0; Win64; x64) AppleWebKit/537.36 (KHTML, like Gecko) Chrome/120.0.0.0 Safari/537.36" web-03.example.com
86.21.56.224 - - [01/Nov/2024:00:34:10 +0000] "GET /blog HTTP/1.1" 200 1939 "-" "Mozilla/5.0 (Macintosh; Intel Mac OS X 10_15_7) AppleWebKit/537.36 (KHTML, like Gecko) Chrome/120.0.0.0 Safari/537.36" web-01.example.com
146.106.162.233 - - [01/Nov/2024:00:34:17 +0000] "GET /static/main.css HTTP/1.1" 200 7612 "-" "Mozilla/5.0 (Macintosh; Intel Mac OS X 10_15_7) AppleWebKit/537.36 (KHTML, like Gecko) Chrome/120.0.0.0 Safari/537.36" web-02.example.com
129.110.244.146 - - [01/Nov/2024:00:34:20 +0000] "GET /api/v1/users HTTP/1.1" 200 1574 "-" "Mozilla/5.0 (Windows NT 10.0; Win64; x64) AppleWebKit/537.36 (KHTML, like Gecko) Chrome/120.0.0.0 Safari/537.36" web-01.example.com
10.121.193.104 - - [01/Nov/2024:00:34:26 +0000] "GET /blog/post-1 HTTP/1.1" 200 7017 "-" "Mozilla/5.0 (Windows NT 10.0; Win64; x64; rv:109.0) Gecko/20100101 Firefox/115.0" web-03.example.com
36.253.49.31 - - [01/Nov/2024:00:34:32 +0000] "GET /logout HTTP/1.1" 200 3486 "-" "Mozilla/5.0 (Macintosh; Intel Mac OS X 10_15_7) AppleWebKit/537.36 (KHTML, like Gecko) Chrome/120.0.0.0 Safari/537.36" web-02.example.com
169.142.192.214 - - [01/Nov/2024:00:34:38 +0000] "GET /dashboard HTTP/1.1" 304 0 "-" "Mozilla/5.0 (Windows NT 10.0; Win64; x64) AppleWebKit/537.36 (KHTML, like Gecko) Chrome/120.0.0.0 Safari/537.36" web-01.example.com
10.121.9.39 - - [01/Nov/2024:00:34:43 +0000] "GET /images/logo.png HTTP/1.1" 304 0 "-" "Mozilla/5.0 (Linux; Android 10; K) AppleWebKit/537.36 (KHTML, like Gecko) Chrome/120.0.0.0 Mobile Safari/537.36" web-03.example.com
192.168.7.161 - - [01/Nov/2024:00:34:44 +0000] "GET /favicon.ico HTTP/1.1" 200 8232 "-" "Mozilla/5.0 (Linux; Android 10; K) AppleWebKit/537.36 (KHTML, like Gecko) Chrome/120.0.0.0 Mobile Safari/537.36" web-03.example.com
194.173.207.164 - - [01/Nov/2024:00:34:53 +0000] "GET /favicon.ico HTTP/1.1" 500 4870 "-" "Mozilla/5.0 (Linux; Android 10; K) AppleWebKit/537.36 (KHTML, like Gecko) Chrome/120.0.0.0 Mobile Safari/537.36" web-01.example.com
126.226.167.97 - - [01/Nov/2024:00:35:03 +0000] "GET /api/v1/users HTTP/1.1" 200 13486 "-" "Mozilla/5.0 (Macintosh; Intel Mac OS X 10_15_7) AppleWebKit/537.36 (KHTML, like Gecko) Chrome/120.0.0.0 Safari/537.36" web-02.example.com
142.3.239.171 - - [01/Nov/2024:00:35:04 +0000] "HEAD /static/main.css HTTP/1.1" 200 3550 "-" "Mozilla/5.0 (Windows NT 10.0; Win64; x64) AppleWebKit/537.36 (KHTML, like Gecko) Chrome/120.0.0.0 Safari/537.36" web-03.example.com
172.27.143.6 - - [01/Nov/2024:00:35:14 +0000] "GET /dashboard HTTP/1.1" 200 2474 "-" "Mozilla/5.0 (Windows NT 10.0; Win64; x64) AppleWebKit/537.36 (KHTML, like Gecko) Chrome/120.0.0.0 Safari/537.36" web-03.example.com
10.84.162.212 - - [01/Nov/2024:00:35:24 +0000] "POST / HTTP/1.1" 200 2575 "-" "Mozilla/5.0 (Windows NT 10.0; Win64; x64) AppleWebKit/537.36 (KHTML, like Gecko) Chrome/120.0.0.0 Safari/537.36" web-03.example.com
187.48.88.63 - - [01/Nov/2024:00:35:27 +0000] "POST /profile HTTP/1.1" 200 705 "-" "Mozilla/5.0 (iPhone; CPU iPhone OS 16_6_1 like Mac OS X) AppleWebKit/605.1.15 (KHTML, like Gecko) Version/16.6 Mobile/15E148 Safari/604.1" web-03.example.com
192.160.234.51 - - [01/Nov/2024:00:35:33 +0000] "GET /about HTTP/1.1" 200 14428 "-" "Mozilla/5.0 (Windows NT 10.0; Win64; x64) AppleWebKit/537.36 (KHTML, like Gecko) Chrome/120.0.0.0 Safari/537.36" web-03.example.com
192.168.109.9 - - [01/Nov/2024:00:35:40 +0000] "GET /blog/post-1 HTTP/1.1" 200 14808 "-" "Mozilla/5.0 (Windows NT 10.0; Win64; x64; rv:109.0) Gecko/20100101 Firefox/115.0" web-01.example.com
10.15.138.230 - - [01/Nov/2024:00:35:44 +0000] "POST /blog/post-1 HTTP/1.1" 302 307 "-" "Mozilla/5.0 (Windows NT 10.0; Win64; x64; rv:109.0) Gecko/20100101 Firefox/115.0" web-01.example.com
172.23.216.128 - - [01/Nov/2024:00:35:47 +0000] "GET /login HTTP/1.1" 200 4916 "-" "Mozilla/5.0 (iPhone; CPU iPhone OS 16_6_1 like Mac OS X) AppleWebKit/605.1.15 (KHTML, like Gecko) Version/16.6 Mobile/15E148 Safari/604.1" web-02.example.com
71.192.113.208 - - [01/Nov/2024:00:35:52 +0000] "GET /logout HTTP/1.1" 200 2482 "-" "Mozilla/5.0 (Windows NT 10.0; Win64; x64; rv:109.0) Gecko/20100101 Firefox/115.0" web-01.example.com
192.168.29.69 - - [01/Nov/2024:00:36:02 +0000] "GET /login HTTP/1.1" 200 6160 "-" "Mozilla/5.0 (iPhone; CPU iPhone OS 16_6_1 like Mac OS X) AppleWebKit/605.1.15 (KHTML, like Gecko) Version/16.6 Mobile/15E148 Safari/604.1" web-03.example.com
186.191.55.188 - - [01/Nov/2024:00:36:09 +0000] "GET /api/v1/users HTTP/1.1" 200 1429 "-" "Mozilla/5.0 (Windows NT 10.0; Win64; x64; rv:109.0) Gecko/20100101 Firefox/115.0" web-01.example.com
19.31.18.101 - - [01/Nov/2024:00:36:15 +0000] "GET / HTTP/1.1" 400 7344 "-" "Mozilla/5.0 (Windows NT 10.0; Win64; x64; rv:109.0) Gecko/20100101 Firefox/115.0" web-02.example.com
57.226.168.97 - - [01/Nov/2024:00:36:21 +0000] "GET /api/v1/users HTTP/1.1" 200 925 "-" "Mozilla/5.0 (Windows NT 10.0; Win64; x64; rv:109.0) Gecko/20100101 Firefox/115.0" web-01.example.com
27.4.4.186 - - [01/Nov/2024:00:36:29 +0000] "GET /about HTTP/1.1" 200 1373 "-" "Mozilla/5.0 (Linux; Android 10; K) AppleWebKit/537.36 (KHTML, like Gecko) Chrome/120.0.0.0 Mobile Safari/537.36" web-03.example.com
172.27.234.21 - - [01/Nov/2024:00:36:32 +0000] "POST /dashboard HTTP/1.1" 200 5004 "-" "Mozilla/5.0 (Windows NT 10.0; Win64; x64) AppleWebKit/537.36 (KHTML, like Gecko) Chrome/120.0.0.0 Safari/537.36" web-02.example.com
203.0.113.54 - - [01/Nov/2024:00:36:36 +0000] "POST / HTTP/1.1" 302 12468 "-" "Mozilla/5.0 (Macintosh; Intel Mac OS X 10_15_7) AppleWebKit/537.36 (KHTML, like Gecko) Chrome/120.0.0.0 Safari/537.36" web-02.example.com
73.193.237.75 - - [01/Nov/2024:00:36:39 +0000] "POST /api/v1/users HTTP/1.1" 200 9294 "-" "Mozilla/5.0 (Windows NT 10.0; Win64; x64; rv:109.0) Gecko/20100101 Firefox/115.0" web-03.example.com
138.96.179.166 - - [01/Nov/2024:00:36:40 +0000] "GET /contact HTTP/1.1" 403 5509 "-" "Mozilla/5.0 (iPhone; CPU iPhone OS 16_6_1 like Mac OS X) AppleWebKit/605.1.15 (KHTML, like Gecko) Version/16.6 Mobile/15E148 Safari/604.1" web-01.example.com
172.24.61.104 - - [01/Nov/2024:00:36:45 +0000] "GET /favicon.ico HTTP/1.1" 200 6543 "-" "Mozilla/5.0 (iPhone; CPU iPhone OS 16_6_1 like Mac OS X) AppleWebKit/605.1.15 (KHTML, like Gecko) Version/16.6 Mobile/15E148 Safari/604.1" web-02.example.com
109.226.23.237 - - [01/Nov/2024:00:36:48 +0000] "GET /api/v1/users HTTP/1.1" 200 5611 "-" "Mozilla/5.0 (Linux; Android 10; K) AppleWebKit/537.36 (KHTML, like Gecko) Chrome/120.0.0.0 Mobile Safari/537.36" web-02.example.com
192.168.250.190 - - [01/Nov/2024:00:36:49 +0000] "GET / HTTP/1.1" 200 8340 "-" "Mozilla/5.0 (Linux; Android 10; K) AppleWebKit/537.36 (KHTML, like Gecko) Chrome/120.0.0.0 Mobile Safari/537.36" web-01.example.com
172.26.65.21 - - [01/Nov/2024:00:36:55 +0000] "GET /contact HTTP/1.1" 301 9248 "-" "Mozilla/5.0 (Linux; Android 10; K) AppleWebKit/537.36 (KHTML, like Gecko) Chrome/120.0.0.0 Mobile Safari/537.36" web-03.example.com
80.239.12.62 - - [01/Nov/2024:00:37:01 +0000] "GET /api/v1/users HTTP/1.1" 200 5290 "-" "Mozilla/5.0 (iPhone; CPU iPhone OS 16_6_1 like Mac OS X) AppleWebKit/605.1.15 (KHTML, like Gecko) Version/16.6 Mobile/15E148 Safari/604.1" web-01.example.com
162.142.124.126 - - [01/Nov/2024:00:37:08 +0000] "GET /about HTTP/1.1" 200 12350 "-" "Mozilla/5.0 (Linux; Android 10; K) AppleWebKit/537.36 (KHTML, like Gecko) Chrome/120.0.0.0 Mobile Safari/537.36" web-01.example.com
142.136.36.233 - - [01/Nov/2024:00:37:13 +0000] "GET /blog/post-2 HTTP/1.1" 200 3931 "-" "Mozilla/5.0 (iPhone; CPU iPhone OS 16_6_1 like Mac OS X) AppleWebKit/605.1.15 (KHTML, like Gecko) Version/16.6 Mobile/15E148 Safari/604.1" web-03.example.com
10.174.244.110 - - [01/Nov/2024:00:37:17 +0000] "GET /static/main.js HTTP/1.1" 200 11659 "-" "Mozilla/5.0 (Windows NT 10.0; Win64; x64) AppleWebKit/537.36 (KHTML, like Gecko) Chrome/120.0.0.0 Safari/537.36" web-02.example.com
172.25.77.53 - - [01/Nov/2024:00:37:23 +0000] "POST /static/main.css HTTP/1.1" 200 5339 "-" "Mozilla/5.0 (Windows NT 10.0; Win64; x64; rv:109.0) Gecko/20100101 Firefox/115.0" web-03.example.com
39.220.166.61 - - [01/Nov/2024:00:37:25 +0000] "GET /contact HTTP/1.1" 200 13037 "-" "Mozilla/5.0 (Linux; Android 10; K) AppleWebKit/537.36 (KHTML, like Gecko) Chrome/120.0.0.0 Mobile Safari/537.36" web-03.example.com
172.25.150.22 - - [01/Nov/2024:00:37:30 +0000] "POST /contact HTTP/1.1" 200 564 "-" "Mozilla/5.0 (Macintosh; Intel Mac OS X 10_15_7) AppleWebKit/537.36 (KHTML, like Gecko) Chrome/120.0.0.0 Safari/537.36" web-01.example.com
9.142.41.212 - - [01/Nov/2024:00:37:36 +0000] "GET /blog/post-2 HTTP/1.1" 200 13418 "-" "Mozilla/5.0 (Windows NT 10.0; Win64; x64) AppleWebKit/537.36 (KHTML, like Gecko) Chrome/120.0.0.0 Safari/537.36" web-03.example.com
179.72.60.93 - - [01/Nov/2024:00:37:45 +0000] "GET /static/main.css HTTP/1.1" 200 3833 "-" "Mozilla/5.0 (Windows NT 10.0; Win64; x64; rv:109.0) Gecko/20100101 Firefox/115.0" web-01.example.com
213.34.215.109 - - [01/Nov/2024:00:37:55 +0000] "GET /contact HTTP/1.1" 200 2854 "-" "Mozilla/5.0 (iPhone; CPU iPhone OS 16_6_1 like Mac OS X) AppleWebKit/605.1.15 (KHTML, like Gecko) Version/16.6 Mobile/15E148 Safari/604.1" web-02.example.com
180.93.188.168 - - [01/Nov/2024:00:38:00 +0000] "POST /api/v1/products HTTP/1.1" 200 6665 "-" "Mozilla/5.0 (Windows NT 10.0; Win64; x64) AppleWebKit/537.36 (KHTML, like Gecko) Chrome/120.0.0.0 Safari/537.36" web-03.example.com
172.26.249.49 - - [01/Nov/2024:00:38:01 +0000] "PUT /blog/post-1 HTTP/1.1" 200 14108 "-" "Mozilla/5.0 (Macintosh; Intel Mac OS X 10_15_7) AppleWebKit/537.36 (KHTML, like Gecko) Chrome/120.0.0.0 Safari/537.36" web-01.example.com
192.168.255.147 - - [01/Nov/2024:00:38:09 +0000] "GET /favicon.ico HTTP/1.1" 200 12036 "-" "Mozilla/5.0 (iPhone; CPU iPhone OS 16_6_1 like Mac OS X) AppleWebKit/605.1.15 (KHTML, like Gecko) Version/16.6 Mobile/15E148 Safari/604.1" web-02.example.com
206.94.212.128 - - [01/Nov/2024:00:38:17 +0000] "GET /blog/post-1 HTTP/1.1" 200 426 "-" "Mozilla/5.0 (Linux; Android 10; K) AppleWebKit/537.36 (KHTML, like Gecko) Chrome/120.0.0.0 Mobile Safari/537.36" web-03.example.com
127.120.150.150 - - [01/Nov/2024:00:38:24 +0000] "GET /api/v1/users HTTP/1.1" 200 2817 "-" "Mozilla/5.0 (Linux; Android 10; K) AppleWebKit/537.36 (KHTML, like Gecko) Chrome/120.0.0.0 Mobile Safari/537.36" web-02.example.com
65.232.129.93 - - [01/Nov/2024:00:38:28 +0000] "GET /blog/post-1 HTTP/1.1" 200 6021 "-" "Mozilla/5.0 (Macintosh; Intel Mac OS X 10_15_7) AppleWebKit/537.36 (KHTML, like Gecko) Chrome/120.0.0.0 Safari/537.36" web-03.example.com
160.224.7.118 - - [01/Nov/2024:00:38:35 +0000] "GET /blog/post-1 HTTP/1.1" 200 12070 "-" "Mozilla/5.0 (Linux; Android 10; K) AppleWebKit/537.36 (KHTML, like Gecko) Chrome/120.0.0.0 Mobile Safari/537.36" web-01.example.com
53.223.227.17 - - [01/Nov/2024:00:38:37 +0000] "GET /images/logo.png HTTP/1.1" 200 14092 "-" "Mozilla/5.0 (Windows NT 10.0; Win64; x64) AppleWebKit/537.36 (KHTML, like Gecko) Chrome/120.0.0.0 Safari/537.36" web-02.example.com
10.44.163.173 - - [01/Nov/2024:00:38:39 +0000] "GET /favicon.ico HTTP/1.1" 403 796 "-" "Mozilla/5.0 (Macintosh; Intel Mac OS X 10_15_7) AppleWebKit/537.36 (KHTML, like Gecko) Chrome/120.0.0.0 Safari/537.36" web-01.example.com
203.0.113.185 - - [01/Nov/2024:00:38:44 +0000] "PUT /api/v1/products HTTP/1.1" 200 10653 "-" "Mozilla/5.0 (Windows NT 10.0; Win64; x64) AppleWebKit/537.36 (KHTML, like Gecko) Chrome/120.0.0.0 Safari/537.36" web-03.example.com
72.60.14.189 - - [01/Nov/2024:00:38:53 +0000] "GET /api/v1/products HTTP/1.1" 304 0 "-" "Mozilla/5.0 (Windows NT 10.0; Win64; x64) AppleWebKit/537.36 (KHTML, like Gecko) Chrome/120.0.0.0 Safari/537.36" web-01.example.com
28.39.31.253 - - [01/Nov/2024:00:38:56 +0000] "DELETE /static/main.css HTTP/1.1" 502 3081 "-" "Mozilla/5.0 (Windows NT 10.0; Win64; x64; rv:109.0) Gecko/20100101 Firefox/115.0" web-02.example.com
132.90.50.173 - - [01/Nov/2024:00:39:02 +0000] "GET /blog/post-2 HTTP/1.1" 200 14389 "-" "Mozilla/5.0 (Windows NT 10.0; Win64; x64) AppleWebKit/537.36 (KHTML, like Gecko) Chrome/120.0.0.0 Safari/537.36" web-01.example.com
62.210.48.253 - - [01/Nov/2024:00:39:12 +0000] "GET /dashboard HTTP/1.1" 304 0 "-" "Mozilla/5.0 (iPhone; CPU iPhone OS 16_6_1 like Mac OS X) AppleWebKit/605.1.15 (KHTML, like Gecko) Version/16.6 Mobile/15E148 Safari/604.1" web-01.example.com
154.79.1.38 - - [01/Nov/2024:00:39:15 +0000] "POST /api/v1/users HTTP/1.1" 200 3042 "-" "Mozilla/5.0 (Linux; Android 10; K) AppleWebKit/537.36 (KHTML, like Gecko) Chrome/120.0.0.0 Mobile Safari/537.36" web-01.example.com
64.231.214.80 - - [01/Nov/2024:00:39:20 +0000] "GET /about HTTP/1.1" 200 6771 "-" "Mozilla/5.0 (Windows NT 10.0; Win64; x64; rv:109.0) Gecko/20100101 Firefox/115.0" web-03.example.com
33.242.65.138 - - [01/Nov/2024:00:39:26 +0000] "GET /blog/post-1 HTTP/1.1" 200 12396 "-" "Mozilla/5.0 (Linux; Android 10; K) AppleWebKit/537.36 (KHTML, like Gecko) Chrome/120.0.0.0 Mobile Safari/537.36" web-01.example.com
166.205.214.90 - - [01/Nov/2024:00:39:34 +0000] "POST /blog HTTP/1.1" 200 14989 "-" "Mozilla/5.0 (Windows NT 10.0; Win64; x64; rv:109.0) Gecko/20100101 Firefox/115.0" web-03.example.com
67.137.185.141 - - [01/Nov/2024:00:39:38 +0000] "GET / HTTP/1.1" 200 12658 "-" "Mozilla/5.0 (Macintosh; Intel Mac OS X 10_15_7) AppleWebKit/537.36 (KHTML, like Gecko) Chrome/120.0.0.0 Safari/537.36" web-03.example.com
90.239.138.109 - - [01/Nov/2024:00:39:41 +0000] "GET /favicon.ico HTTP/1.1" 200 7881 "-" "Mozilla/5.0 (Linux; Android 10; K) AppleWebKit/537.36 (KHTML, like Gecko) Chrome/120.0.0.0 Mobile Safari/537.36" web-01.example.com
45.217.200.240 - - [01/Nov/2024:00:39:47 +0000] "GET /static/main.js HTTP/1.1" 200 11701 "-" "Mozilla/5.0 (Windows NT 10.0; Win64; x64; rv:109.0) Gecko/20100101 Firefox/115.0" web-02.example.com
172.29.121.215 - - [01/Nov/2024:00:39:57 +0000] "GET /static/main.css HTTP/1.1" 200 6172 "-" "Mozilla/5.0 (iPhone; CPU iPhone OS 16_6_1 like Mac OS X) AppleWebKit/605.1.15 (KHTML, like Gecko) Version/16.6 Mobile/15E148 Safari/604.1" web-01.example.com
162.80.111.209 - - [01/Nov/2024:00:40:07 +0000] "GET /logout HTTP/1.1" 200 6902 "-" "Mozilla/5.0 (Macintosh; Intel Mac OS X 10_15_7) AppleWebKit/537.36 (KHTML, like Gecko) Chrome/120.0.0.0 Safari/537.36" web-01.example.com
222.104.197.193 - - [01/Nov/2024:00:40:16 +0000] "POST /images/logo.png HTTP/1.1" 200 11459 "-" "Mozilla/5.0 (Linux; Android 10; K) AppleWebKit/537.36 (KHTML, like Gecko) Chrome/120.0.0.0 Mobile Safari/537.36" web-03.example.com
10.91.151.58 - - [01/Nov/2024:00:40:24 +0000] "GET /images/logo.png HTTP/1.1" 200 816 "-" "Mozilla/5.0 (Linux; Android 10; K) AppleWebKit/537.36 (KHTML, like Gecko) Chrome/120.0.0.0 Mobile Safari/537.36" web-01.example.com
139.231.40.238 - - [01/Nov/2024:00:40:29 +0000] "POST /static/main.js HTTP/1.1" 200 10481 "-" "Mozilla/5.0 (Windows NT 10.0; Win64; x64) AppleWebKit/537.36 (KHTML, like Gecko) Chrome/120.0.0.0 Safari/537.36" web-01.example.com
206.229.159.173 - - [01/Nov/2024:00:40:31 +0000] "GET /login HTTP/1.1" 200 7235 "-" "Mozilla/5.0 (iPhone; CPU iPhone OS 16_6_1 like Mac OS X) AppleWebKit/605.1.15 (KHTML, like Gecko) Version/16.6 Mobile/15E148 Safari/604.1" web-01.example.com
2.156.35.187 - - [01/Nov/2024:00:40:32 +0000] "GET /blog/post-2 HTTP/1.1" 200 8353 "-" "Mozilla/5.0 (Macintosh; Intel Mac OS X 10_15_7) AppleWebKit/537.36 (KHTML, like Gecko) Chrome/120.0.0.0 Safari/537.36" web-01.example.com
211.68.125.141 - - [01/Nov/2024:00:40:38 +0000] "GET /favicon.ico HTTP/1.1" 200 3679 "-" "Mozilla/5.0 (Macintosh; Intel Mac OS X 10_15_7) AppleWebKit/537.36 (KHTML, like Gecko) Chrome/120.0.0.0 Safari/537.36" web-02.example.com
10.125.69.190 - - [01/Nov/2024:00:40:44 +0000] "GET /favicon.ico HTTP/1.1" 200 8645 "-" "Mozilla/5.0 (Linux; Android 10; K) AppleWebKit/537.36 (KHTML, like Gecko) Chrome/120.0.0.0 Mobile Safari/537.36" web-01.example.com
27.190.187.145 - - [01/Nov/2024:00:40:49 +0000] "GET /profile HTTP/1.1" 200 4816 "-" "Mozilla/5.0 (Windows NT 10.0; Win64; x64) AppleWebKit/537.36 (KHTML, like Gecko) Chrome/120.0.0.0 Safari/537.36" web-02.example.com
10.179.143.137 - - [01/Nov/2024:00:40:50 +0000] "GET /profile HTTP/1.1" 404 12287 "-" "Mozilla/5.0 (Linux; Android 10; K) AppleWebKit/537.36 (KHTML, like Gecko) Chrome/120.0.0.0 Mobile Safari/537.36" web-01.example.com
203.0.113.42 - - [01/Nov/2024:00:40:59 +0000] "GET /login HTTP/1.1" 304 0 "-" "Mozilla/5.0 (Macintosh; Intel Mac OS X 10_15_7) AppleWebKit/537.36 (KHTML, like Gecko) Chrome/120.0.0.0 Safari/537.36" web-03.example.com
12.221.45.17 - - [01/Nov/2024:00:41:05 +0000] "GET /api/v1/users HTTP/1.1" 200 357 "-" "Mozilla/5.0 (Windows NT 10.0; Win64; x64) AppleWebKit/537.36 (KHTML, like Gecko) Chrome/120.0.0.0 Safari/537.36" web-03.example.com
21.8.177.232 - - [01/Nov/2024:00:41:06 +0000] "GET /about HTTP/1.1" 304 0 "-" "Mozilla/5.0 (Macintosh; Intel Mac OS X 10_15_7) AppleWebKit/537.36 (KHTML, like Gecko) Chrome/120.0.0.0 Safari/537.36" web-01.example.com
90.187.251.217 - - [01/Nov/2024:00:41:10 +0000] "POST /api/v1/products HTTP/1.1" 200 8508 "-" "Mozilla/5.0 (iPhone; CPU iPhone OS 16_6_1 like Mac OS X) AppleWebKit/605.1.15 (KHTML, like Gecko) Version/16.6 Mobile/15E148 Safari/604.1" web-01.example.com
151.109.86.235 - - [01/Nov/2024:00:41:12 +0000] "GET /blog/post-1 HTTP/1.1" 200 14851 "-" "Mozilla/5.0 (Macintosh; Intel Mac OS X 10_15_7) AppleWebKit/537.36 (KHTML, like Gecko) Chrome/120.0.0.0 Safari/537.36" web-02.example.com
172.25.108.147 - - [01/Nov/2024:00:41:20 +0000] "GET /static/main.css HTTP/1.1" 200 6898 "-" "Mozilla/5.0 (Linux; Android 10; K) AppleWebKit/537.36 (KHTML, like Gecko) Chrome/120.0.0.0 Mobile Safari/537.36" web-01.example.com
184.171.233.64 - - [01/Nov/2024:00:41:24 +0000] "GET /logout HTTP/1.1" 200 2365 "-" "Mozilla/5.0 (Linux; Android 10; K) AppleWebKit/537.36 (KHTML, like Gecko) Chrome/120.0.0.0 Mobile Safari/537.36" web-01.example.com
203.207.77.129 - - [01/Nov/2024:00:41:31 +0000] "GET /dashboard HTTP/1.1" 200 5501 "-" "Mozilla/5.0 (Windows NT 10.0; Win64; x64; rv:109.0) Gecko/20100101 Firefox/115.0" web-02.example.com
192.168.45.168 - - [01/Nov/2024:00:41:35 +0000] "GET /blog HTTP/1.1" 200 9115 "-" "Mozilla/5.0 (iPhone; CPU iPhone OS 16_6_1 like Mac OS X) AppleWebKit/605.1.15 (KHTML, like Gecko) Version/16.6 Mobile/15E148 Safari/604.1" web-01.example.com
172.31.245.78 - - [01/Nov/2024:00:41:37 +0000] "GET /images/logo.png HTTP/1.1" 200 14149 "-" "Mozilla/5.0 (Windows NT 10.0; Win64; x64) AppleWebKit/537.36 (KHTML, like Gecko) Chrome/120.0.0.0 Safari/537.36" web-03.example.com
192.168.47.180 - - [01/Nov/2024:00:41:44 +0000] "GET /static/main.css HTTP/1.1" 200 10918 "-" "Mozilla/5.0 (Linux; Android 10; K) AppleWebKit/537.36 (KHTML, like Gecko) Chrome/120.0.0.0 Mobile Safari/537.36" web-02.example.com
8.153.72.80 - - [01/Nov/2024:00:41:51 +0000] "GET /logout HTTP/1.1" 200 8020 "-" "Mozilla/5.0 (Linux; Android 10; K) AppleWebKit/537.36 (KHTML, like Gecko) Chrome/120.0.0.0 Mobile Safari/537.36" web-03.example.com
181.70.179.184 - - [01/Nov/2024:00:41:53 +0000] "GET /images/logo.png HTTP/1.1" 200 5422 "-" "Mozilla/5.0 (iPhone; CPU iPhone OS 16_6_1 like Mac OS X) AppleWebKit/605.1.15 (KHTML, like Gecko) Version/16.6 Mobile/15E148 Safari/604.1" web-02.example.com
192.168.229.150 - - [01/Nov/2024:00:41:56 +0000] "POST /static/main.css HTTP/1.1" 200 12472 "-" "Mozilla/5.0 (Macintosh; Intel Mac OS X 10_15_7) AppleWebKit/537.36 (KHTML, like Gecko) Chrome/120.0.0.0 Safari/537.36" web-01.example.com
153.102.13.47 - - [01/Nov/2024:00:41:59 +0000] "GET /static/main.css HTTP/1.1" 200 1757 "-" "Mozilla/5.0 (iPhone; CPU iPhone OS 16_6_1 like Mac OS X) AppleWebKit/605.1.15 (KHTML, like Gecko) Version/16.6 Mobile/15E148 Safari/604.1" web-03.example.com
172.22.25.18 - - [01/Nov/2024:00:42:00 +0000] "GET /logout HTTP/1.1" 200 5177 "-" "Mozilla/5.0 (Windows NT 10.0; Win64; x64; rv:109.0) Gecko/20100101 Firefox/115.0" web-03.example.com
169.179.82.160 - - [01/Nov/2024:00:42:03 +0000] "GET /api/v1/users HTTP/1.1" 200 2601 "-" "Mozilla/5.0 (Linux; Android 10; K) AppleWebKit/537.36 (KHTML, like Gecko) Chrome/120.0.0.0 Mobile Safari/537.36" web-02.example.com
35.234.74.240 - - [01/Nov/2024:00:42:13 +0000] "GET /static/main.js HTTP/1.1" 200 4902 "-" "Mozilla/5.0 (Windows NT 10.0; Win64; x64) AppleWebKit/537.36 (KHTML, like Gecko) Chrome/120.0.0.0 Safari/537.36" web-01.example.com
26.103.172.245 - - [01/Nov/2024:00:42:18 +0000] "GET /dashboard HTTP/1.1" 200 13019 "-" "Mozilla/5.0 (Macintosh; Intel Mac OS X 10_15_7) AppleWebKit/537.36 (KHTML, like Gecko) Chrome/120.0.0.0 Safari/537.36" web-02.example.com
116.242.123.65 - - [01/Nov/2024:00:42:27 +0000] "GET /images/logo.png HTTP/1.1" 404 14391 "-" "Mozilla/5.0 (iPhone; CPU iPhone OS 16_6_1 like Mac OS X) AppleWebKit/605.1.15 (KHTML, like Gecko) Version/16.6 Mobile/15E148 Safari/604.1" web-01.example.com
203.0.113.123 - - [01/Nov/2024:00:42:29 +0000] "GET /blog HTTP/1.1" 200 6131 "-" "Mozilla/5.0 (Macintosh; Intel Mac OS X 10_15_7) AppleWebKit/537.36 (KHTML, like Gecko) Chrome/120.0.0.0 Safari/537.36" web-03.example.com
1.155.24.224 - - [01/Nov/2024:00:42:35 +0000] "GET /favicon.ico HTTP/1.1" 200 456 "-" "Mozilla/5.0 (Windows NT 10.0; Win64; x64) AppleWebKit/537.36 (KHTML, like Gecko) Chrome/120.0.0.0 Safari/537.36" web-03.example.com
119.225.27.141 - - [01/Nov/2024:00:42:41 +0000] "POST /blog/post-1 HTTP/1.1" 200 12076 "-" "Mozilla/5.0 (iPhone; CPU iPhone OS 16_6_1 like Mac OS X) AppleWebKit/605.1.15 (KHTML, like Gecko) Version/16.6 Mobile/15E148 Safari/604.1" web-01.example.com
131.127.117.141 - - [01/Nov/2024:00:42:50 +0000] "GET /profile HTTP/1.1" 304 0 "-" "Mozilla/5.0 (Windows NT 10.0; Win64; x64) AppleWebKit/537.36 (KHTML, like Gecko) Chrome/120.0.0.0 Safari/537.36" web-01.example.com
112.19.211.196 - - [01/Nov/2024:00:42:56 +0000] "GET /static/main.css HTTP/1.1" 403 2720 "-" "Mozilla/5.0 (Windows NT 10.0; Win64; x64) AppleWebKit/537.36 (KHTML, like Gecko) Chrome/120.0.0.0 Safari/537.36" web-02.example.com
207.179.221.200 - - [01/Nov/2024:00:43:00 +0000] "GET / HTTP/1.1" 200 12573 "-" "Mozilla/5.0 (Linux; Android 10; K) AppleWebKit/537.36 (KHTML, like Gecko) Chrome/120.0.0.0 Mobile Safari/537.36" web-01.example.com
203.0.113.118 - - [01/Nov/2024:00:43:07 +0000] "GET /static/main.js HTTP/1.1" 200 13014 "-" "Mozilla/5.0 (Windows NT 10.0; Win64; x64) AppleWebKit/537.36 (KHTML, like Gecko) Chrome/120.0.0.0 Safari/537.36" web-01.example.com
170.248.0.81 - - [01/Nov/2024:00:43:15 +0000] "GET /favicon.ico HTTP/1.1" 304 0 "-" "Mozilla/5.0 (Macintosh; Intel Mac OS X 10_15_7) AppleWebKit/537.36 (KHTML, like Gecko) Chrome/120.0.0.0 Safari/537.36" web-03.example.com
123.168.94.166 - - [01/Nov/2024:00:43:24 +0000] "GET /dashboard HTTP/1.1" 200 3743 "-" "Mozilla/5.0 (Linux; Android 10; K) AppleWebKit/537.36 (KHTML, like Gecko) Chrome/120.0.0.0 Mobile Safari/537.36" web-01.example.com
10.85.99.62 - - [01/Nov/2024:00:43:30 +0000] "GET /login HTTP/1.1" 404 9457 "-" "Mozilla/5.0 (Windows NT 10.0; Win64; x64) AppleWebKit/537.36 (KHTML, like Gecko) Chrome/120.0.0.0 Safari/537.36" web-01.example.com
131.37.132.85 - - [01/Nov/2024:00:43:35 +0000] "POST /static/main.css HTTP/1.1" 200 8678 "-" "Mozilla/5.0 (Linux; Android 10; K) AppleWebKit/537.36 (KHTML, like Gecko) Chrome/120.0.0.0 Mobile Safari/537.36" web-03.example.com
105.230.232.222 - - [01/Nov/2024:00:43:38 +0000] "GET /static/main.css HTTP/1.1" 200 13978 "-" "Mozilla/5.0 (Linux; Android 10; K) AppleWebKit/537.36 (KHTML, like Gecko) Chrome/120.0.0.0 Mobile Safari/537.36" web-01.example.com
194.26.149.189 - - [01/Nov/2024:00:43:41 +0000] "GET /blog/post-1 HTTP/1.1" 200 227 "-" "Mozilla/5.0 (Windows NT 10.0; Win64; x64) AppleWebKit/537.36 (KHTML, like Gecko) Chrome/120.0.0.0 Safari/537.36" web-03.example.com
197.64.232.229 - - [01/Nov/2024:00:43:42 +0000] "GET /static/main.css HTTP/1.1" 200 2879 "-" "Mozilla/5.0 (Linux; Android 10; K) AppleWebKit/537.36 (KHTML, like Gecko) Chrome/120.0.0.0 Mobile Safari/537.36" web-03.example.com
153.235.7.165 - - [01/Nov/2024:00:43:43 +0000] "GET /profile HTTP/1.1" 200 5544 "-" "Mozilla/5.0 (Linux; Android 10; K) AppleWebKit/537.36 (KHTML, like Gecko) Chrome/120.0.0.0 Mobile Safari/537.36" web-01.example.com
171.22.232.95 - - [01/Nov/2024:00:43:49 +0000] "GET /blog HTTP/1.1" 403 2799 "-" "Mozilla/5.0 (Windows NT 10.0; Win64; x64) AppleWebKit/537.36 (KHTML, like Gecko) Chrome/120.0.0.0 Safari/537.36" web-03.example.com
66.186.168.23 - - [01/Nov/2024:00:43:56 +0000] "GET /api/v1/products HTTP/1.1" 200 2636 "-" "Mozilla/5.0 (iPhone; CPU iPhone OS 16_6_1 like Mac OS X) AppleWebKit/605.1.15 (KHTML, like Gecko) Version/16.6 Mobile/15E148 Safari/604.1" web-01.example.com
85.97.33.136 - - [01/Nov/2024:00:44:04 +0000] "POST / HTTP/1.1" 200 13997 "-" "Mozilla/5.0 (Linux; Android 10; K) AppleWebKit/537.36 (KHTML, like Gecko) Chrome/120.0.0.0 Mobile Safari/537.36" web-02.example.com
69.144.160.14 - - [01/Nov/2024:00:44:09 +0000] "GET /login HTTP/1.1" 503 6657 "-" "Mozilla/5.0 (iPhone; CPU iPhone OS 16_6_1 like Mac OS X) AppleWebKit/605.1.15 (KHTML, like Gecko) Version/16.6 Mobile/15E148 Safari/604.1" web-01.example.com
108.108.148.132 - - [01/Nov/2024:00:44:15 +0000] "GET /logout HTTP/1.1" 200 2847 "-" "Mozilla/5.0 (Linux; Android 10; K) AppleWebKit/537.36 (KHTML, like Gecko) Chrome/120.0.0.0 Mobile Safari/537.36" web-02.example.com
95.116.137.72 - - [01/Nov/2024:00:44:17 +0000] "GET /profile HTTP/1.1" 200 6069 "-" "Mozilla/5.0 (Linux; Android 10; K) AppleWebKit/537.36 (KHTML, like Gecko) Chrome/120.0.0.0 Mobile Safari/537.36" web-01.example.com
78.78.185.205 - - [01/Nov/2024:00:44:22 +0000] "GET /api/v1/products HTTP/1.1" 200 11949 "-" "Mozilla/5.0 (Macintosh; Intel Mac OS X 10_15_7) AppleWebKit/537.36 (KHTML, like Gecko) Chrome/120.0.0.0 Safari/537.36" web-01.example.com
148.90.178.37 - - [01/Nov/2024:00:44:25 +0000] "GET /api/v1/users HTTP/1.1" 200 14328 "-" "Mozilla/5.0 (Windows NT 10.0; Win64; x64; rv:109.0) Gecko/20100101 Firefox/115.0" web-01.example.com
62.250.73.133 - - [01/Nov/2024:00:44:26 +0000] "GET /profile HTTP/1.1" 200 11554 "-" "Mozilla/5.0 (iPhone; CPU iPhone OS 16_6_1 like Mac OS X) AppleWebKit/605.1.15 (KHTML, like Gecko) Version/16.6 Mobile/15E148 Safari/604.1" web-03.example.com
44.239.170.204 - - [01/Nov/2024:00:44:28 +0000] "GET /about HTTP/1.1" 304 0 "-" "Mozilla/5.0 (iPhone; CPU iPhone OS 16_6_1 like Mac OS X) AppleWebKit/605.1.15 (KHTML, like Gecko) Version/16.6 Mobile/15E148 Safari/604.1" web-01.example.com
172.27.215.194 - - [01/Nov/2024:00:44:29 +0000] "GET /logout HTTP/1.1" 200 12403 "-" "Mozilla/5.0 (iPhone; CPU iPhone OS 16_6_1 like Mac OS X) AppleWebKit/605.1.15 (KHTML, like Gecko) Version/16.6 Mobile/15E148 Safari/604.1" web-01.example.com
172.19.199.96 - - [01/Nov/2024:00:44:39 +0000] "HEAD /about HTTP/1.1" 200 8486 "-" "Mozilla/5.0 (Windows NT 10.0; Win64; x64) AppleWebKit/537.36 (KHTML, like Gecko) Chrome/120.0.0.0 Safari/537.36" web-01.example.com
115.250.0.116 - - [01/Nov/2024:00:44:45 +0000] "GET /api/v1/products HTTP/1.1" 200 6662 "-" "Mozilla/5.0 (Linux; Android 10; K) AppleWebKit/537.36 (KHTML, like Gecko) Chrome/120.0.0.0 Mobile Safari/537.36" web-03.example.com
172.29.70.238 - - [01/Nov/2024:00:44:48 +0000] "GET /static/main.css HTTP/1.1" 200 246 "-" "Mozilla/5.0 (Linux; Android 10; K) AppleWebKit/537.36 (KHTML, like Gecko) Chrome/120.0.0.0 Mobile Safari/537.36" web-01.example.com
16.191.242.42 - - [01/Nov/2024:00:44:53 +0000] "GET /login HTTP/1.1" 304 0 "-" "Mozilla/5.0 (Windows NT 10.0; Win64; x64) AppleWebKit/537.36 (KHTML, like Gecko) Chrome/120.0.0.0 Safari/537.36" web-03.example.com
157.126.188.53 - - [01/Nov/2024:00:44:56 +0000] "GET /images/logo.png HTTP/1.1" 200 3835 "-" "Mozilla/5.0 (Windows NT 10.0; Win64; x64) AppleWebKit/537.36 (KHTML, like Gecko) Chrome/120.0.0.0 Safari/537.36" web-02.example.com
192.168.187.45 - - [01/Nov/2024:00:45:00 +0000] "HEAD /static/main.js HTTP/1.1" 200 493 "-" "Mozilla/5.0 (Macintosh; Intel Mac OS X 10_15_7) AppleWebKit/537.36 (KHTML, like Gecko) Chrome/120.0.0.0 Safari/537.36" web-03.example.com
113.238.212.122 - - [01/Nov/2024:00:45:07 +0000] "GET /static/main.css HTTP/1.1" 200 970 "-" "Mozilla/5.0 (Windows NT 10.0; Win64; x64) AppleWebKit/537.36 (KHTML, like Gecko) Chrome/120.0.0.0 Safari/537.36" web-03.example.com
59.110.79.174 - - [01/Nov/2024:00:45:17 +0000] "GET /static/main.css HTTP/1.1" 200 13786 "-" "Mozilla/5.0 (Windows NT 10.0; Win64; x64; rv:109.0) Gecko/20100101 Firefox/115.0" web-02.example.com
120.157.112.215 - - [01/Nov/2024:00:45:18 +0000] "DELETE /about HTTP/1.1" 200 5466 "-" "Mozilla/5.0 (Windows NT 10.0; Win64; x64; rv:109.0) Gecko/20100101 Firefox/115.0" web-03.example.com
80.229.146.78 - - [01/Nov/2024:00:45:20 +0000] "GET /profile HTTP/1.1" 302 6738 "-" "Mozilla/5.0 (Linux; Android 10; K) AppleWebKit/537.36 (KHTML, like Gecko) Chrome/120.0.0.0 Mobile Safari/537.36" web-01.example.com
141.185.49.179 - - [01/Nov/2024:00:45:21 +0000] "GET /blog HTTP/1.1" 200 366 "-" "Mozilla/5.0 (iPhone; CPU iPhone OS 16_6_1 like Mac OS X) AppleWebKit/605.1.15 (KHTML, like Gecko) Version/16.6 Mobile/15E148 Safari/604.1" web-01.example.com
223.72.177.187 - - [01/Nov/2024:00:45:23 +0000] "GET / HTTP/1.1" 200 11948 "-" "Mozilla/5.0 (Windows NT 10.0; Win64; x64; rv:109.0) Gecko/20100101 Firefox/115.0" web-02.example.com
199.249.77.13 - - [01/Nov/2024:00:45:27 +0000] "GET /blog HTTP/1.1" 200 758 "-" "Mozilla/5.0 (Windows NT 10.0; Win64; x64; rv:109.0) Gecko/20100101 Firefox/115.0" web-03.example.com
97.222.70.90 - - [01/Nov/2024:00:45:36 +0000] "GET /blog HTTP/1.1" 304 0 "-" "Mozilla/5.0 (Linux; Android 10; K) AppleWebKit/537.36 (KHTML, like Gecko) Chrome/120.0.0.0 Mobile Safari/537.36" web-02.example.com
107.232.8.84 - - [01/Nov/2024:00:45:46 +0000] "GET /images/logo.png HTTP/1.1" 200 4329 "-" "Mozilla/5.0 (Macintosh; Intel Mac OS X 10_15_7) AppleWebKit/537.36 (KHTML, like Gecko) Chrome/120.0.0.0 Safari/537.36" web-01.example.com
10.143.50.10 - - [01/Nov/2024:00:45:54 +0000] "POST /contact HTTP/1.1" 200 6712 "-" "Mozilla/5.0 (Windows NT 10.0; Win64; x64; rv:109.0) Gecko/20100101 Firefox/115.0" web-03.example.com
203.0.113.171 - - [01/Nov/2024:00:46:01 +0000] "GET /favicon.ico HTTP/1.1" 200 889 "-" "Mozilla/5.0 (Macintosh; Intel Mac OS X 10_15_7) AppleWebKit/537.36 (KHTML, like Gecko) Chrome/120.0.0.0 Safari/537.36" web-02.example.com
192.168.227.117 - - [01/Nov/2024:00:46:08 +0000] "POST /logout HTTP/1.1" 404 7764 "-" "Mozilla/5.0 (Windows NT 10.0; Win64; x64; rv:109.0) Gecko/20100101 Firefox/115.0" web-03.example.com
59.58.64.189 - - [01/Nov/2024:00:46:13 +0000] "POST /static/main.js HTTP/1.1" 302 8560 "-" "Mozilla/5.0 (Windows NT 10.0; Win64; x64) AppleWebKit/537.36 (KHTML, like Gecko) Chrome/120.0.0.0 Safari/537.36" web-01.example.com
10.156.156.133 - - [01/Nov/2024:00:46:19 +0000] "GET /images/logo.png HTTP/1.1" 200 8508 "-" "Mozilla/5.0 (iPhone; CPU iPhone OS 16_6_1 like Mac OS X) AppleWebKit/605.1.15 (KHTML, like Gecko) Version/16.6 Mobile/15E148 Safari/604.1" web-03.example.com
203.0.113.100 - - [01/Nov/2024:00:46:20 +0000] "GET /images/logo.png HTTP/1.1" 302 3706 "-" "Mozilla/5.0 (Macintosh; Intel Mac OS X 10_15_7) AppleWebKit/537.36 (KHTML, like Gecko) Chrome/120.0.0.0 Safari/537.36" web-02.example.com
173.232.124.217 - - [01/Nov/2024:00:46:22 +0000] "GET /profile HTTP/1.1" 301 12969 "-" "Mozilla/5.0 (Windows NT 10.0; Win64; x64) AppleWebKit/537.36 (KHTML, like Gecko) Chrome/120.0.0.0 Safari/537.36" web-03.example.com
158.230.235.11 - - [01/Nov/2024:00:46:23 +0000] "POST /blog/post-2 HTTP/1.1" 200 9754 "-" "Mozilla/5.0 (Macintosh; Intel Mac OS X 10_15_7) AppleWebKit/537.36 (KHTML, like Gecko) Chrome/120.0.0.0 Safari/537.36" web-02.example.com
203.0.113.251 - - [01/Nov/2024:00:46:24 +0000] "GET /contact HTTP/1.1" 302 10567 "-" "Mozilla/5.0 (Windows NT 10.0; Win64; x64; rv:109.0) Gecko/20100101 Firefox/115.0" web-03.example.com
203.0.113.51 - - [01/Nov/2024:00:46:33 +0000] "GET /contact HTTP/1.1" 200 12477 "-" "Mozilla/5.0 (Linux; Android 10; K) AppleWebKit/537.36 (KHTML, like Gecko) Chrome/120.0.0.0 Mobile Safari/537.36" web-01.example.com
13.8.39.182 - - [01/Nov/2024:00:46:39 +0000] "GET /images/logo.png HTTP/1.1" 301 13085 "-" "Mozilla/5.0 (Macintosh; Intel Mac OS X 10_15_7) AppleWebKit/537.36 (KHTML, like Gecko) Chrome/120.0.0.0 Safari/537.36" web-01.example.com
132.46.91.51 - - [01/Nov/2024:00:46:41 +0000] "GET /logout HTTP/1.1" 304 0 "-" "Mozilla/5.0 (iPhone; CPU iPhone OS 16_6_1 like Mac OS X) AppleWebKit/605.1.15 (KHTML, like Gecko) Version/16.6 Mobile/15E148 Safari/604.1" web-02.example.com
29.111.143.176 - - [01/Nov/2024:00:46:48 +0000] "GET /static/main.css HTTP/1.1" 200 14338 "-" "Mozilla/5.0 (Macintosh; Intel Mac OS X 10_15_7) AppleWebKit/537.36 (KHTML, like Gecko) Chrome/120.0.0.0 Safari/537.36" web-03.example.com
172.22.54.6 - - [01/Nov/2024:00:46:56 +0000] "GET /blog/post-2 HTTP/1.1" 200 2496 "-" "Mozilla/5.0 (Windows NT 10.0; Win64; x64; rv:109.0) Gecko/20100101 Firefox/115.0" web-02.example.com
43.236.80.175 - - [01/Nov/2024:00:47:05 +0000] "GET /dashboard HTTP/1.1" 200 3037 "-" "Mozilla/5.0 (Windows NT 10.0; Win64; x64; rv:109.0) Gecko/20100101 Firefox/115.0" web-03.example.com
92.207.5.47 - - [01/Nov/2024:00:47:07 +0000] "GET /login HTTP/1.1" 200 1507 "-" "Mozilla/5.0 (Macintosh; Intel Mac OS X 10_15_7) AppleWebKit/537.36 (KHTML, like Gecko) Chrome/120.0.0.0 Safari/537.36" web-01.example.com
12.71.141.243 - - [01/Nov/2024:00:47:08 +0000] "GET / HTTP/1.1" 200 3839 "-" "Mozilla/5.0 (Linux; Android 10; K) AppleWebKit/537.36 (KHTML, like Gecko) Chrome/120.0.0.0 Mobile Safari/537.36" web-01.example.com
8.214.126.251 - - [01/Nov/2024:00:47:09 +0000] "DELETE /contact HTTP/1.1" 200 14449 "-" "Mozilla/5.0 (Linux; Android 10; K) AppleWebKit/537.36 (KHTML, like Gecko) Chrome/120.0.0.0 Mobile Safari/537.36" web-03.example.com
75.199.19.143 - - [01/Nov/2024:00:47:15 +0000] "GET /static/main.css HTTP/1.1" 200 4828 "-" "Mozilla/5.0 (Windows NT 10.0; Win64; x64; rv:109.0) Gecko/20100101 Firefox/115.0" web-02.example.com
203.0.113.206 - - [01/Nov/2024:00:47:19 +0000] "PUT /profile HTTP/1.1" 200 434 "-" "Mozilla/5.0 (iPhone; CPU iPhone OS 16_6_1 like Mac OS X) AppleWebKit/605.1.15 (KHTML, like Gecko) Version/16.6 Mobile/15E148 Safari/604.1" web-02.example.com
203.0.113.2 - - [01/Nov/2024:00:47:29 +0000] "GET /images/logo.png HTTP/1.1" 200 12967 "-" "Mozilla/5.0 (Windows NT 10.0; Win64; x64; rv:109.0) Gecko/20100101 Firefox/115.0" web-02.example.com
55.76.4.126 - - [01/Nov/2024:00:47:34 +0000] "GET /favicon.ico HTTP/1.1" 200 7823 "-" "Mozilla/5.0 (Windows NT 10.0; Win64; x64) AppleWebKit/537.36 (KHTML, like Gecko) Chrome/120.0.0.0 Safari/537.36" web-03.example.com
2.4.59.139 - - [01/Nov/2024:00:47:42 +0000] "POST /contact HTTP/1.1" 200 1908 "-" "Mozilla/5.0 (iPhone; CPU iPhone OS 16_6_1 like Mac OS X) AppleWebKit/605.1.15 (KHTML, like Gecko) Version/16.6 Mobile/15E148 Safari/604.1" web-01.example.com
210.86.197.82 - - [01/Nov/2024:00:47:45 +0000] "GET /api/v1/users HTTP/1.1" 200 1397 "-" "Mozilla/5.0 (Macintosh; Intel Mac OS X 10_15_7) AppleWebKit/537.36 (KHTML, like Gecko) Chrome/120.0.0.0 Safari/537.36" web-03.example.com
10.201.54.41 - - [01/Nov/2024:00:47:55 +0000] "POST /images/logo.png HTTP/1.1" 200 8834 "-" "Mozilla/5.0 (Windows NT 10.0; Win64; x64) AppleWebKit/537.36 (KHTML, like Gecko) Chrome/120.0.0.0 Safari/537.36" web-02.example.com
203.0.113.102 - - [01/Nov/2024:00:48:01 +0000] "POST /api/v1/products HTTP/1.1" 200 3767 "-" "Mozilla/5.0 (Windows NT 10.0; Win64; x64; rv:109.0) Gecko/20100101 Firefox/115.0" web-02.example.com
192.168.11.140 - - [01/Nov/2024:00:48:04 +0000] "POST /login HTTP/1.1" 200 10833 "-" "Mozilla/5.0 (iPhone; CPU iPhone OS 16_6_1 like Mac OS X) AppleWebKit/605.1.15 (KHTML, like Gecko) Version/16.6 Mobile/15E148 Safari/604.1" web-02.example.com
11.50.25.148 - - [01/Nov/2024:00:48:09 +0000] "GET /contact HTTP/1.1" 200 4474 "-" "Mozilla/5.0 (Windows NT 10.0; Win64; x64) AppleWebKit/537.36 (KHTML, like Gecko) Chrome/120.0.0.0 Safari/537.36" web-02.example.com
173.81.40.92 - - [01/Nov/2024:00:48:13 +0000] "GET /static/main.css HTTP/1.1" 200 5123 "-" "Mozilla/5.0 (Macintosh; Intel Mac OS X 10_15_7) AppleWebKit/537.36 (KHTML, like Gecko) Chrome/120.0.0.0 Safari/537.36" web-01.example.com
98.155.193.101 - - [01/Nov/2024:00:48:20 +0000] "GET /login HTTP/1.1" 200 5231 "-" "Mozilla/5.0 (Macintosh; Intel Mac OS X 10_15_7) AppleWebKit/537.36 (KHTML, like Gecko) Chrome/120.0.0.0 Safari/537.36" web-01.example.com
116.33.62.116 - - [01/Nov/2024:00:48:23 +0000] "GET /static/main.js HTTP/1.1" 200 7232 "-" "Mozilla/5.0 (Macintosh; Intel Mac OS X 10_15_7) AppleWebKit/537.36 (KHTML, like Gecko) Chrome/120.0.0.0 Safari/537.36" web-03.example.com
159.192.51.0 - - [01/Nov/2024:00:48:32 +0000] "GET /about HTTP/1.1" 200 8310 "-" "Mozilla/5.0 (Linux; Android 10; K) AppleWebKit/537.36 (KHTML, like Gecko) Chrome/120.0.0.0 Mobile Safari/537.36" web-03.example.com
181.87.6.81 - - [01/Nov/2024:00:48:38 +0000] "GET / HTTP/1.1" 302 9845 "-" "Mozilla/5.0 (Windows NT 10.0; Win64; x64; rv:109.0) Gecko/20100101 Firefox/115.0" web-02.example.com
138.202.193.221 - - [01/Nov/2024:00:48:40 +0000] "GET /static/main.css HTTP/1.1" 200 4049 "-" "Mozilla/5.0 (Windows NT 10.0; Win64; x64; rv:109.0) Gecko/20100101 Firefox/115.0" web-03.example.com
181.221.216.42 - - [01/Nov/2024:00:48:41 +0000] "POST /login HTTP/1.1" 502 608 "-" "Mozilla/5.0 (iPhone; CPU iPhone OS 16_6_1 like Mac OS X) AppleWebKit/605.1.15 (KHTML, like Gecko) Version/16.6 Mobile/15E148 Safari/604.1" web-02.example.com
192.168.91.205 - - [01/Nov/2024:00:48:51 +0000] "GET /login HTTP/1.1" 502 8089 "-" "Mozilla/5.0 (Windows NT 10.0; Win64; x64) AppleWebKit/537.36 (KHTML, like Gecko) Chrome/120.0.0.0 Safari/537.36" web-01.example.com
192.168.11.148 - - [01/Nov/2024:00:49:00 +0000] "GET /blog/post-2 HTTP/1.1" 200 1259 "-" "Mozilla/5.0 (Windows NT 10.0; Win64; x64) AppleWebKit/537.36 (KHTML, like Gecko) Chrome/120.0.0.0 Safari/537.36" web-02.example.com
116.234.160.119 - - [01/Nov/2024:00:49:06 +0000] "GET /profile HTTP/1.1" 200 4816 "-" "Mozilla/5.0 (iPhone; CPU iPhone OS 16_6_1 like Mac OS X) AppleWebKit/605.1.15 (KHTML, like Gecko) Version/16.6 Mobile/15E148 Safari/604.1" web-01.example.com
174.103.35.242 - - [01/Nov/2024:00:49:13 +0000] "PUT /api/v1/products HTTP/1.1" 404 9609 "-" "Mozilla/5.0 (Macintosh; Intel Mac OS X 10_15_7) AppleWebKit/537.36 (KHTML, like Gecko) Chrome/120.0.0.0 Safari/537.36" web-03.example.com
101.156.157.68 - - [01/Nov/2024:00:49:21 +0000] "POST /blog/post-2 HTTP/1.1" 200 5494 "-" "Mozilla/5.0 (Windows NT 10.0; Win64; x64; rv:109.0) Gecko/20100101 Firefox/115.0" web-01.example.com
59.118.129.13 - - [01/Nov/2024:00:49:29 +0000] "GET /login HTTP/1.1" 200 6927 "-" "Mozilla/5.0 (Windows NT 10.0; Win64; x64) AppleWebKit/537.36 (KHTML, like Gecko) Chrome/120.0.0.0 Safari/537.36" web-02.example.com
203.0.113.175 - - [01/Nov/2024:00:49:34 +0000] "POST /favicon.ico HTTP/1.1" 403 8214 "-" "Mozilla/5.0 (Windows NT 10.0; Win64; x64; rv:109.0) Gecko/20100101 Firefox/115.0" web-01.example.com
11.113.26.184 - - [01/Nov/2024:00:49:41 +0000] "GET /profile HTTP/1.1" 304 0 "-" "Mozilla/5.0 (Linux; Android 10; K) AppleWebKit/537.36 (KHTML, like Gecko) Chrome/120.0.0.0 Mobile Safari/537.36" web-02.example.com
203.0.113.148 - - [01/Nov/2024:00:49:50 +0000] "GET /dashboard HTTP/1.1" 200 4734 "-" "Mozilla/5.0 (Windows NT 10.0; Win64; x64; rv:109.0) Gecko/20100101 Firefox/115.0" web-03.example.com
70.84.197.142 - - [01/Nov/2024:00:49:59 +0000] "GET /login HTTP/1.1" 200 6498 "-" "Mozilla/5.0 (Linux; Android 10; K) AppleWebKit/537.36 (KHTML, like Gecko) Chrome/120.0.0.0 Mobile Safari/537.36" web-02.example.com
186.56.202.63 - - [01/Nov/2024:00:50:00 +0000] "POST /dashboard HTTP/1.1" 200 13311 "-" "Mozilla/5.0 (Linux; Android 10; K) AppleWebKit/537.36 (KHTML, like Gecko) Chrome/120.0.0.0 Mobile Safari/537.36" web-01.example.com
42.125.47.100 - - [01/Nov/2024:00:50:05 +0000] "GET /login HTTP/1.1" 200 7115 "-" "Mozilla/5.0 (Windows NT 10.0; Win64; x64) AppleWebKit/537.36 (KHTML, like Gecko) Chrome/120.0.0.0 Safari/537.36" web-03.example.com
68.111.172.242 - - [01/Nov/2024:00:50:15 +0000] "GET /favicon.ico HTTP/1.1" 200 12561 "-" "Mozilla/5.0 (Windows NT 10.0; Win64; x64; rv:109.0) Gecko/20100101 Firefox/115.0" web-02.example.com
172.27.246.51 - - [01/Nov/2024:00:50:24 +0000] "GET /blog/post-1 HTTP/1.1" 200 13358 "-" "Mozilla/5.0 (iPhone; CPU iPhone OS 16_6_1 like Mac OS X) AppleWebKit/605.1.15 (KHTML, like Gecko) Version/16.6 Mobile/15E148 Safari/604.1" web-02.example.com
191.97.149.55 - - [01/Nov/2024:00:50:33 +0000] "GET /images/logo.png HTTP/1.1" 200 1278 "-" "Mozilla/5.0 (iPhone; CPU iPhone OS 16_6_1 like Mac OS X) AppleWebKit/605.1.15 (KHTML, like Gecko) Version/16.6 Mobile/15E148 Safari/604.1" web-03.example.com
122.223.185.205 - - [01/Nov/2024:00:50:38 +0000] "POST /contact HTTP/1.1" 200 5690 "-" "Mozilla/5.0 (Linux; Android 10; K) AppleWebKit/537.36 (KHTML, like Gecko) Chrome/120.0.0.0 Mobile Safari/537.36" web-01.example.com
10.44.154.53 - - [01/Nov/2024:00:50:46 +0000] "PUT /blog/post-1 HTTP/1.1" 200 246 "-" "Mozilla/5.0 (Windows NT 10.0; Win64; x64) AppleWebKit/537.36 (KHTML, like Gecko) Chrome/120.0.0.0 Safari/537.36" web-02.example.com
203.0.113.141 - - [01/Nov/2024:00:50:48 +0000] "GET /blog/post-1 HTTP/1.1" 200 5231 "-" "Mozilla/5.0 (Macintosh; Intel Mac OS X 10_15_7) AppleWebKit/537.36 (KHTML, like Gecko) Chrome/120.0.0.0 Safari/537.36" web-02.example.com
80.93.88.129 - - [01/Nov/2024:00:50:49 +0000] "GET /about HTTP/1.1" 200 495 "-" "Mozilla/5.0 (Macintosh; Intel Mac OS X 10_15_7) AppleWebKit/537.36 (KHTML, like Gecko) Chrome/120.0.0.0 Safari/537.36" web-03.example.com
203.0.113.199 - - [01/Nov/2024:00:50:54 +0000] "GET /login HTTP/1.1" 200 5814 "-" "Mozilla/5.0 (Windows NT 10.0; Win64; x64; rv:109.0) Gecko/20100101 Firefox/115.0" web-01.example.com
111.109.166.214 - - [01/Nov/2024:00:51:02 +0000] "GET /api/v1/products HTTP/1.1" 200 5376 "-" "Mozilla/5.0 (Windows NT 10.0; Win64; x64; rv:109.0) Gecko/20100101 Firefox/115.0" web-03.example.com
63.112.19.20 - - [01/Nov/2024:00:51:04 +0000] "GET /about HTTP/1.1" 200 3728 "-" "Mozilla/5.0 (Macintosh; Intel Mac OS X 10_15_7) AppleWebKit/537.36 (KHTML, like Gecko) Chrome/120.0.0.0 Safari/537.36" web-02.example.com
124.213.247.207 - - [01/Nov/2024:00:51:13 +0000] "GET /api/v1/products HTTP/1.1" 200 3430 "-" "Mozilla/5.0 (Windows NT 10.0; Win64; x64) AppleWebKit/537.36 (KHTML, like Gecko) Chrome/120.0.0.0 Safari/537.36" web-02.example.com
191.56.2.51 - - [01/Nov/2024:00:51:15 +0000] "GET /blog/post-1 HTTP/1.1" 200 13367 "-" "Mozilla/5.0 (Linux; Android 10; K) AppleWebKit/537.36 (KHTML, like Gecko) Chrome/120.0.0.0 Mobile Safari/537.36" web-02.example.com
54.146.130.88 - - [01/Nov/2024:00:51:18 +0000] "GET /static/main.css HTTP/1.1" 200 2698 "-" "Mozilla/5.0 (iPhone; CPU iPhone OS 16_6_1 like Mac OS X) AppleWebKit/605.1.15 (KHTML, like Gecko) Version/16.6 Mobile/15E148 Safari/604.1" web-01.example.com
157.77.167.66 - - [01/Nov/2024:00:51:26 +0000] "POST /api/v1/users HTTP/1.1" 403 298 "-" "Mozilla/5.0 (Windows NT 10.0; Win64; x64) AppleWebKit/537.36 (KHTML, like Gecko) Chrome/120.0.0.0 Safari/537.36" web-02.example.com
92.220.197.19 - - [01/Nov/2024:00:51:35 +0000] "GET /blog HTTP/1.1" 301 13636 "-" "Mozilla/5.0 (Windows NT 10.0; Win64; x64) AppleWebKit/537.36 (KHTML, like Gecko) Chrome/120.0.0.0 Safari/537.36" web-01.example.com
219.230.94.94 - - [01/Nov/2024:00:51:45 +0000] "GET /about HTTP/1.1" 200 11464 "-" "Mozilla/5.0 (Windows NT 10.0; Win64; x64) AppleWebKit/537.36 (KHTML, like Gecko) Chrome/120.0.0.0 Safari/537.36" web-03.example.com
36.184.7.5 - - [01/Nov/2024:00:51:54 +0000] "GET /contact HTTP/1.1" 200 8633 "-" "Mozilla/5.0 (Windows NT 10.0; Win64; x64; rv:109.0) Gecko/20100101 Firefox/115.0" web-03.example.com
192.168.129.10 - - [01/Nov/2024:00:51:56 +0000] "POST /favicon.ico HTTP/1.1" 200 3466 "-" "Mozilla/5.0 (Windows NT 10.0; Win64; x64; rv:109.0) Gecko/20100101 Firefox/115.0" web-03.example.com
172.24.230.107 - - [01/Nov/2024:00:52:06 +0000] "POST /contact HTTP/1.1" 200 3179 "-" "Mozilla/5.0 (Linux; Android 10; K) AppleWebKit/537.36 (KHTML, like Gecko) Chrome/120.0.0.0 Mobile Safari/537.36" web-01.example.com
56.55.133.104 - - [01/Nov/2024:00:52:09 +0000] "GET /static/main.css HTTP/1.1" 200 9070 "-" "Mozilla/5.0 (Linux; Android 10; K) AppleWebKit/537.36 (KHTML, like Gecko) Chrome/120.0.0.0 Mobile Safari/537.36" web-03.example.com
203.0.113.240 - - [01/Nov/2024:00:52:18 +0000] "GET /static/main.css HTTP/1.1" 200 3943 "-" "Mozilla/5.0 (Linux; Android 10; K) AppleWebKit/537.36 (KHTML, like Gecko) Chrome/120.0.0.0 Mobile Safari/537.36" web-03.example.com
134.156.239.198 - - [01/Nov/2024:00:52:21 +0000] "GET /profile HTTP/1.1" 200 6629 "-" "Mozilla/5.0 (Windows NT 10.0; Win64; x64) AppleWebKit/537.36 (KHTML, like Gecko) Chrome/120.0.0.0 Safari/537.36" web-01.example.com
4.165.120.226 - - [01/Nov/2024:00:52:22 +0000] "GET /blog/post-1 HTTP/1.1" 200 6330 "-" "Mozilla/5.0 (iPhone; CPU iPhone OS 16_6_1 like Mac OS X) AppleWebKit/605.1.15 (KHTML, like Gecko) Version/16.6 Mobile/15E148 Safari/604.1" web-03.example.com
157.46.43.146 - - [01/Nov/2024:00:52:27 +0000] "GET /blog HTTP/1.1" 200 10231 "-" "Mozilla/5.0 (Windows NT 10.0; Win64; x64; rv:109.0) Gecko/20100101 Firefox/115.0" web-01.example.com
67.51.206.231 - - [01/Nov/2024:00:52:30 +0000] "GET /logout HTTP/1.1" 400 8221 "-" "Mozilla/5.0 (Windows NT 10.0; Win64; x64; rv:109.0) Gecko/20100101 Firefox/115.0" web-02.example.com
23.231.99.234 - - [01/Nov/2024:00:52:40 +0000] "GET /login HTTP/1.1" 403 491 "-" "Mozilla/5.0 (iPhone; CPU iPhone OS 16_6_1 like Mac OS X) AppleWebKit/605.1.15 (KHTML, like Gecko) Version/16.6 Mobile/15E148 Safari/604.1" web-01.example.com
116.108.81.152 - - [01/Nov/2024:00:52:47 +0000] "GET /login HTTP/1.1" 200 6194 "-" "Mozilla/5.0 (Windows NT 10.0; Win64; x64) AppleWebKit/537.36 (KHTML, like Gecko) Chrome/120.0.0.0 Safari/537.36" web-02.example.com
91.245.97.214 - - [01/Nov/2024:00:52:48 +0000] "PUT /static/main.js HTTP/1.1" 403 13062 "-" "Mozilla/5.0 (iPhone; CPU iPhone OS 16_6_1 like Mac OS X) AppleWebKit/605.1.15 (KHTML, like Gecko) Version/16.6 Mobile/15E148 Safari/604.1" web-03.example.com
162.57.64.106 - - [01/Nov/2024:00:52:58 +0000] "GET /login HTTP/1.1" 200 9827 "-" "Mozilla/5.0 (Windows NT 10.0; Win64; x64; rv:109.0) Gecko/20100101 Firefox/115.0" web-02.example.com
140.86.94.243 - - [01/Nov/2024:00:53:00 +0000] "GET /images/logo.png HTTP/1.1" 304 0 "-" "Mozilla/5.0 (Windows NT 10.0; Win64; x64) AppleWebKit/537.36 (KHTML, like Gecko) Chrome/120.0.0.0 Safari/537.36" web-01.example.com
111.17.43.243 - - [01/Nov/2024:00:53:10 +0000] "POST /blog/post-1 HTTP/1.1" 200 273 "-" "Mozilla/5.0 (iPhone; CPU iPhone OS 16_6_1 like Mac OS X) AppleWebKit/605.1.15 (KHTML, like Gecko) Version/16.6 Mobile/15E148 Safari/604.1" web-02.example.com
203.0.113.0 - - [01/Nov/2024:00:53:12 +0000] "GET /blog HTTP/1.1" 200 4013 "-" "Mozilla/5.0 (Windows NT 10.0; Win64; x64; rv:109.0) Gecko/20100101 Firefox/115.0" web-01.example.com
167.61.136.196 - - [01/Nov/2024:00:53:18 +0000] "GET / HTTP/1.1" 200 11605 "-" "Mozilla/5.0 (Linux; Android 10; K) AppleWebKit/537.36 (KHTML, like Gecko) Chrome/120.0.0.0 Mobile Safari/537.36" web-02.example.com
70.137.115.124 - - [01/Nov/2024:00:53:19 +0000] "POST /favicon.ico HTTP/1.1" 200 11503 "-" "Mozilla/5.0 (Windows NT 10.0; Win64; x64; rv:109.0) Gecko/20100101 Firefox/115.0" web-03.example.com
154.216.172.128 - - [01/Nov/2024:00:53:24 +0000] "GET /contact HTTP/1.1" 200 6175 "-" "Mozilla/5.0 (Linux; Android 10; K) AppleWebKit/537.36 (KHTML, like Gecko) Chrome/120.0.0.0 Mobile Safari/537.36" web-02.example.com
172.22.53.41 - - [01/Nov/2024:00:53:31 +0000] "GET /static/main.js HTTP/1.1" 302 3207 "-" "Mozilla/5.0 (iPhone; CPU iPhone OS 16_6_1 like Mac OS X) AppleWebKit/605.1.15 (KHTML, like Gecko) Version/16.6 Mobile/15E148 Safari/604.1" web-01.example.com
6.1.141.204 - - [01/Nov/2024:00:53:36 +0000] "GET /logout HTTP/1.1" 200 6184 "-" "Mozilla/5.0 (Windows NT 10.0; Win64; x64; rv:109.0) Gecko/20100101 Firefox/115.0" web-03.example.com
104.153.35.143 - - [01/Nov/2024:00:53:40 +0000] "GET /logout HTTP/1.1" 200 11082 "-" "Mozilla/5.0 (iPhone; CPU iPhone OS 16_6_1 like Mac OS X) AppleWebKit/605.1.15 (KHTML, like Gecko) Version/16.6 Mobile/15E148 Safari/604.1" web-01.example.com
203.0.113.152 - - [01/Nov/2024:00:53:41 +0000] "GET /api/v1/products HTTP/1.1" 200 6942 "-" "Mozilla/5.0 (Windows NT 10.0; Win64; x64; rv:109.0) Gecko/20100101 Firefox/115.0" web-03.example.com
198.30.4.132 - - [01/Nov/2024:00:53:47 +0000] "GET /profile HTTP/1.1" 200 1675 "-" "Mozilla/5.0 (Linux; Android 10; K) AppleWebKit/537.36 (KHTML, like Gecko) Chrome/120.0.0.0 Mobile Safari/537.36" web-02.example.com
128.168.63.170 - - [01/Nov/2024:00:53:56 +0000] "GET /blog HTTP/1.1" 200 5972 "-" "Mozilla/5.0 (Windows NT 10.0; Win64; x64; rv:109.0) Gecko/20100101 Firefox/115.0" web-01.example.com
10.93.29.115 - - [01/Nov/2024:00:54:01 +0000] "GET /logout HTTP/1.1" 200 12275 "-" "Mozilla/5.0 (Linux; Android 10; K) AppleWebKit/537.36 (KHTML, like Gecko) Chrome/120.0.0.0 Mobile Safari/537.36" web-02.example.com
172.25.193.193 - - [01/Nov/2024:00:54:09 +0000] "GET /blog HTTP/1.1" 200 4222 "-" "Mozilla/5.0 (Linux; Android 10; K) AppleWebKit/537.36 (KHTML, like Gecko) Chrome/120.0.0.0 Mobile Safari/537.36" web-02.example.com
203.0.113.37 - - [01/Nov/2024:00:54:17 +0000] "GET /favicon.ico HTTP/1.1" 200 3141 "-" "Mozilla/5.0 (Windows NT 10.0; Win64; x64; rv:109.0) Gecko/20100101 Firefox/115.0" web-01.example.com
203.0.113.240 - - [01/Nov/2024:00:54:23 +0000] "GET /api/v1/products HTTP/1.1" 301 11546 "-" "Mozilla/5.0 (Windows NT 10.0; Win64; x64) AppleWebKit/537.36 (KHTML, like Gecko) Chrome/120.0.0.0 Safari/537.36" web-01.example.com
177.45.65.64 - - [01/Nov/2024:00:54:24 +0000] "DELETE /static/main.css HTTP/1.1" 200 3315 "-" "Mozilla/5.0 (iPhone; CPU iPhone OS 16_6_1 like Mac OS X) AppleWebKit/605.1.15 (KHTML, like Gecko) Version/16.6 Mobile/15E148 Safari/604.1" web-03.example.com
199.4.131.156 - - [01/Nov/2024:00:54:26 +0000] "GET /profile HTTP/1.1" 404 7292 "-" "Mozilla/5.0 (iPhone; CPU iPhone OS 16_6_1 like Mac OS X) AppleWebKit/605.1.15 (KHTML, like Gecko) Version/16.6 Mobile/15E148 Safari/604.1" web-03.example.com
37.142.223.210 - - [01/Nov/2024:00:54:27 +0000] "GET /about HTTP/1.1" 200 5749 "-" "Mozilla/5.0 (Windows NT 10.0; Win64; x64) AppleWebKit/537.36 (KHTML, like Gecko) Chrome/120.0.0.0 Safari/537.36" web-02.example.com
10.152.91.118 - - [01/Nov/2024:00:54:28 +0000] "GET /blog/post-1 HTTP/1.1" 200 9462 "-" "Mozilla/5.0 (Macintosh; Intel Mac OS X 10_15_7) AppleWebKit/537.36 (KHTML, like Gecko) Chrome/120.0.0.0 Safari/537.36" web-01.example.com
185.217.56.229 - - [01/Nov/2024:00:54:32 +0000] "GET /api/v1/users HTTP/1.1" 200 13326 "-" "Mozilla/5.0 (Windows NT 10.0; Win64; x64; rv:109.0) Gecko/20100101 Firefox/115.0" web-01.example.com
95.246.247.255 - - [01/Nov/2024:00:54:34 +0000] "GET /api/v1/products HTTP/1.1" 304 0 "-" "Mozilla/5.0 (iPhone; CPU iPhone OS 16_6_1 like Mac OS X) AppleWebKit/605.1.15 (KHTML, like Gecko) Version/16.6 Mobile/15E148 Safari/604.1" web-03.example.com
59.30.48.146 - - [01/Nov/2024:00:54:36 +0000] "DELETE /static/main.js HTTP/1.1" 200 14412 "-" "Mozilla/5.0 (Linux; Android 10; K) AppleWebKit/537.36 (KHTML, like Gecko) Chrome/120.0.0.0 Mobile Safari/537.36" web-01.example.com
174.14.36.80 - - [01/Nov/2024:00:54:41 +0000] "GET /profile HTTP/1.1" 200 11965 "-" "Mozilla/5.0 (iPhone; CPU iPhone OS 16_6_1 like Mac OS X) AppleWebKit/605.1.15 (KHTML, like Gecko) Version/16.6 Mobile/15E148 Safari/604.1" web-02.example.com
45.169.210.144 - - [01/Nov/2024:00:54:50 +0000] "GET /images/logo.png HTTP/1.1" 200 2387 "-" "Mozilla/5.0 (Linux; Android 10; K) AppleWebKit/537.36 (KHTML, like Gecko) Chrome/120.0.0.0 Mobile Safari/537.36" web-02.example.com
43.38.109.122 - - [01/Nov/2024:00:54:55 +0000] "GET /static/main.js HTTP/1.1" 200 3210 "-" "Mozilla/5.0 (Windows NT 10.0; Win64; x64) AppleWebKit/537.36 (KHTML, like Gecko) Chrome/120.0.0.0 Safari/537.36" web-01.example.com
27.162.9.48 - - [01/Nov/2024:00:55:03 +0000] "POST /blog/post-1 HTTP/1.1" 302 10293 "-" "Mozilla/5.0 (Windows NT 10.0; Win64; x64) AppleWebKit/537.36 (KHTML, like Gecko) Chrome/120.0.0.0 Safari/537.36" web-01.example.com
143.49.37.227 - - [01/Nov/2024:00:55:05 +0000] "POST /blog HTTP/1.1" 200 800 "-" "Mozilla/5.0 (Windows NT 10.0; Win64; x64; rv:109.0) Gecko/20100101 Firefox/115.0" web-03.example.com
215.255.37.147 - - [01/Nov/2024:00:55:07 +0000] "GET /blog/post-2 HTTP/1.1" 200 13664 "-" "Mozilla/5.0 (Windows NT 10.0; Win64; x64; rv:109.0) Gecko/20100101 Firefox/115.0" web-01.example.com
130.52.160.192 - - [01/Nov/2024:00:55:09 +0000] "GET /static/main.css HTTP/1.1" 200 2177 "-" "Mozilla/5.0 (Linux; Android 10; K) AppleWebKit/537.36 (KHTML, like Gecko) Chrome/120.0.0.0 Mobile Safari/537.36" web-03.example.com
150.246.162.57 - - [01/Nov/2024:00:55:11 +0000] "GET /blog HTTP/1.1" 200 9555 "-" "Mozilla/5.0 (Windows NT 10.0; Win64; x64) AppleWebKit/537.36 (KHTML, like Gecko) Chrome/120.0.0.0 Safari/537.36" web-01.example.com
172.29.111.55 - - [01/Nov/2024:00:55:12 +0000] "GET /dashboard HTTP/1.1" 200 14562 "-" "Mozilla/5.0 (Macintosh; Intel Mac OS X 10_15_7) AppleWebKit/537.36 (KHTML, like Gecko) Chrome/120.0.0.0 Safari/537.36" web-02.example.com
129.174.193.249 - - [01/Nov/2024:00:55:18 +0000] "GET /blog HTTP/1.1" 200 13737 "-" "Mozilla/5.0 (Windows NT 10.0; Win64; x64) AppleWebKit/537.36 (KHTML, like Gecko) Chrome/120.0.0.0 Safari/537.36" web-01.example.com
172.28.69.245 - - [01/Nov/2024:00:55:24 +0000] "GET /about HTTP/1.1" 200 3388 "-" "Mozilla/5.0 (Linux; Android 10; K) AppleWebKit/537.36 (KHTML, like Gecko) Chrome/120.0.0.0 Mobile Safari/537.36" web-01.example.com
76.94.129.41 - - [01/Nov/2024:00:55:32 +0000] "POST /contact HTTP/1.1" 200 5286 "-" "Mozilla/5.0 (iPhone; CPU iPhone OS 16_6_1 like Mac OS X) AppleWebKit/605.1.15 (KHTML, like Gecko) Version/16.6 Mobile/15E148 Safari/604.1" web-02.example.com
30.55.29.48 - - [01/Nov/2024:00:55:36 +0000] "POST /images/logo.png HTTP/1.1" 200 295 "-" "Mozilla/5.0 (iPhone; CPU iPhone OS 16_6_1 like Mac OS X) AppleWebKit/605.1.15 (KHTML, like Gecko) Version/16.6 Mobile/15E148 Safari/604.1" web-01.example.com
203.0.113.160 - - [01/Nov/2024:00:55:45 +0000] "GET /dashboard HTTP/1.1" 200 8584 "-" "Mozilla/5.0 (Macintosh; Intel Mac OS X 10_15_7) AppleWebKit/537.36 (KHTML, like Gecko) Chrome/120.0.0.0 Safari/537.36" web-02.example.com
40.148.176.252 - - [01/Nov/2024:00:55:55 +0000] "POST /dashboard HTTP/1.1" 200 3870 "-" "Mozilla/5.0 (Linux; Android 10; K) AppleWebKit/537.36 (KHTML, like Gecko) Chrome/120.0.0.0 Mobile Safari/537.36" web-02.example.com
51.103.120.57 - - [01/Nov/2024:00:56:01 +0000] "GET /api/v1/products HTTP/1.1" 200 10794 "-" "Mozilla/5.0 (Linux; Android 10; K) AppleWebKit/537.36 (KHTML, like Gecko) Chrome/120.0.0.0 Mobile Safari/537.36" web-03.example.com
144.14.79.164 - - [01/Nov/2024:00:56:11 +0000] "POST /blog/post-1 HTTP/1.1" 200 4990 "-" "Mozilla/5.0 (Linux; Android 10; K) AppleWebKit/537.36 (KHTML, like Gecko) Chrome/120.0.0.0 Mobile Safari/537.36" web-02.example.com
214.138.165.161 - - [01/Nov/2024:00:56:13 +0000] "GET /blog/post-1 HTTP/1.1" 200 13437 "-" "Mozilla/5.0 (Linux; Android 10; K) AppleWebKit/537.36 (KHTML, like Gecko) Chrome/120.0.0.0 Mobile Safari/537.36" web-01.example.com
201.148.131.11 - - [01/Nov/2024:00:56:20 +0000] "GET /images/logo.png HTTP/1.1" 304 0 "-" "Mozilla/5.0 (iPhone; CPU iPhone OS 16_6_1 like Mac OS X) AppleWebKit/605.1.15 (KHTML, like Gecko) Version/16.6 Mobile/15E148 Safari/604.1" web-03.example.com
203.0.113.16 - - [01/Nov/2024:00:56:24 +0000] "GET /images/logo.png HTTP/1.1" 503 1363 "-" "Mozilla/5.0 (Windows NT 10.0; Win64; x64; rv:109.0) Gecko/20100101 Firefox/115.0" web-01.example.com
80.214.52.230 - - [01/Nov/2024:00:56:34 +0000] "GET / HTTP/1.1" 304 0 "-" "Mozilla/5.0 (Windows NT 10.0; Win64; x64; rv:109.0) Gecko/20100101 Firefox/115.0" web-02.example.com
172.20.6.29 - - [01/Nov/2024:00:56:35 +0000] "GET /static/main.css HTTP/1.1" 200 3105 "-" "Mozilla/5.0 (Windows NT 10.0; Win64; x64; rv:109.0) Gecko/20100101 Firefox/115.0" web-01.example.com
112.212.188.143 - - [01/Nov/2024:00:56:40 +0000] "GET /about HTTP/1.1" 200 451 "-" "Mozilla/5.0 (iPhone; CPU iPhone OS 16_6_1 like Mac OS X) AppleWebKit/605.1.15 (KHTML, like Gecko) Version/16.6 Mobile/15E148 Safari/604.1" web-02.example.com
179.224.178.198 - - [01/Nov/2024:00:56:48 +0000] "POST /api/v1/products HTTP/1.1" 200 6176 "-" "Mozilla/5.0 (Windows NT 10.0; Win64; x64) AppleWebKit/537.36 (KHTML, like Gecko) Chrome/120.0.0.0 Safari/537.36" web-03.example.com
13.129.120.8 - - [01/Nov/2024:00:56:51 +0000] "PUT /static/main.css HTTP/1.1" 200 13769 "-" "Mozilla/5.0 (Macintosh; Intel Mac OS X 10_15_7) AppleWebKit/537.36 (KHTML, like Gecko) Chrome/120.0.0.0 Safari/537.36" web-02.example.com
69.117.134.118 - - [01/Nov/2024:00:56:52 +0000] "GET /logout HTTP/1.1" 200 4416 "-" "Mozilla/5.0 (Windows NT 10.0; Win64; x64) AppleWebKit/537.36 (KHTML, like Gecko) Chrome/120.0.0.0 Safari/537.36" web-02.example.com
203.0.113.72 - - [01/Nov/2024:00:56:56 +0000] "POST /about HTTP/1.1" 200 6854 "-" "Mozilla/5.0 (iPhone; CPU iPhone OS 16_6_1 like Mac OS X) AppleWebKit/605.1.15 (KHTML, like Gecko) Version/16.6 Mobile/15E148 Safari/604.1" web-03.example.com
46.148.119.144 - - [01/Nov/2024:00:57:00 +0000] "GET /static/main.css HTTP/1.1" 200 8121 "-" "Mozilla/5.0 (Linux; Android 10; K) AppleWebKit/537.36 (KHTML, like Gecko) Chrome/120.0.0.0 Mobile Safari/537.36" web-01.example.com
123.24.125.91 - - [01/Nov/2024:00:57:02 +0000] "GET /profile HTTP/1.1" 200 13625 "-" "Mozilla/5.0 (Macintosh; Intel Mac OS X 10_15_7) AppleWebKit/537.36 (KHTML, like Gecko) Chrome/120.0.0.0 Safari/537.36" web-02.example.com
189.132.181.59 - - [01/Nov/2024:00:57:07 +0000] "POST /api/v1/users HTTP/1.1" 200 11205 "-" "Mozilla/5.0 (iPhone; CPU iPhone OS 16_6_1 like Mac OS X) AppleWebKit/605.1.15 (KHTML, like Gecko) Version/16.6 Mobile/15E148 Safari/604.1" web-02.example.com
192.168.22.222 - - [01/Nov/2024:00:57:10 +0000] "GET /dashboard HTTP/1.1" 200 3557 "-" "Mozilla/5.0 (Linux; Android 10; K) AppleWebKit/537.36 (KHTML, like Gecko) Chrome/120.0.0.0 Mobile Safari/537.36" web-01.example.com
187.191.234.27 - - [01/Nov/2024:00:57:16 +0000] "POST / HTTP/1.1" 404 9264 "-" "Mozilla/5.0 (Linux; Android 10; K) AppleWebKit/537.36 (KHTML, like Gecko) Chrome/120.0.0.0 Mobile Safari/537.36" web-03.example.com
80.185.9.227 - - [01/Nov/2024:00:57:20 +0000] "GET /static/main.js HTTP/1.1" 503 5404 "-" "Mozilla/5.0 (Linux; Android 10; K) AppleWebKit/537.36 (KHTML, like Gecko) Chrome/120.0.0.0 Mobile Safari/537.36" web-03.example.com
146.204.48.59 - - [01/Nov/2024:00:57:21 +0000] "GET /api/v1/users HTTP/1.1" 200 2813 "-" "Mozilla/5.0 (iPhone; CPU iPhone OS 16_6_1 like Mac OS X) AppleWebKit/605.1.15 (KHTML, like Gecko) Version/16.6 Mobile/15E148 Safari/604.1" web-01.example.com
187.72.217.68 - - [01/Nov/2024:00:57:28 +0000] "GET /dashboard HTTP/1.1" 200 1577 "-" "Mozilla/5.0 (Linux; Android 10; K) AppleWebKit/537.36 (KHTML, like Gecko) Chrome/120.0.0.0 Mobile Safari/537.36" web-02.example.com
172.20.41.206 - - [01/Nov/2024:00:57:31 +0000] "GET /images/logo.png HTTP/1.1" 200 3537 "-" "Mozilla/5.0 (Windows NT 10.0; Win64; x64) AppleWebKit/537.36 (KHTML, like Gecko) Chrome/120.0.0.0 Safari/537.36" web-01.example.com
181.57.50.78 - - [01/Nov/2024:00:57:36 +0000] "GET /static/main.css HTTP/1.1" 200 14976 "-" "Mozilla/5.0 (Windows NT 10.0; Win64; x64; rv:109.0) Gecko/20100101 Firefox/115.0" web-03.example.com
106.41.71.162 - - [01/Nov/2024:00:57:39 +0000] "POST /favicon.ico HTTP/1.1" 200 5104 "-" "Mozilla/5.0 (iPhone; CPU iPhone OS 16_6_1 like Mac OS X) AppleWebKit/605.1.15 (KHTML, like Gecko) Version/16.6 Mobile/15E148 Safari/604.1" web-02.example.com
203.0.113.13 - - [01/Nov/2024:00:57:41 +0000] "GET /blog/post-2 HTTP/1.1" 200 2377 "-" "Mozilla/5.0 (Linux; Android 10; K) AppleWebKit/537.36 (KHTML, like Gecko) Chrome/120.0.0.0 Mobile Safari/537.36" web-03.example.com
203.0.113.199 - - [01/Nov/2024:00:57:51 +0000] "GET /blog/post-1 HTTP/1.1" 200 12876 "-" "Mozilla/5.0 (Windows NT 10.0; Win64; x64; rv:109.0) Gecko/20100101 Firefox/115.0" web-02.example.com
182.51.101.106 - - [01/Nov/2024:00:58:01 +0000] "POST /profile HTTP/1.1" 200 7399 "-" "Mozilla/5.0 (Macintosh; Intel Mac OS X 10_15_7) AppleWebKit/537.36 (KHTML, like Gecko) Chrome/120.0.0.0 Safari/537.36" web-03.example.com
10.22.143.247 - - [01/Nov/2024:00:58:07 +0000] "GET /static/main.js HTTP/1.1" 302 6210 "-" "Mozilla/5.0 (Macintosh; Intel Mac OS X 10_15_7) AppleWebKit/537.36 (KHTML, like Gecko) Chrome/120.0.0.0 Safari/537.36" web-02.example.com
203.0.113.64 - - [01/Nov/2024:00:58:10 +0000] "POST /blog/post-1 HTTP/1.1" 200 12883 "-" "Mozilla/5.0 (Windows NT 10.0; Win64; x64) AppleWebKit/537.36 (KHTML, like Gecko) Chrome/120.0.0.0 Safari/537.36" web-01.example.com
144.136.210.72 - - [01/Nov/2024:00:58:11 +0000] "GET /about HTTP/1.1" 302 14591 "-" "Mozilla/5.0 (Windows NT 10.0; Win64; x64) AppleWebKit/537.36 (KHTML, like Gecko) Chrome/120.0.0.0 Safari/537.36" web-02.example.com
2.71.160.217 - - [01/Nov/2024:00:58:15 +0000] "GET / HTTP/1.1" 200 14820 "-" "Mozilla/5.0 (iPhone; CPU iPhone OS 16_6_1 like Mac OS X) AppleWebKit/605.1.15 (KHTML, like Gecko) Version/16.6 Mobile/15E148 Safari/604.1" web-02.example.com
23.62.76.9 - - [01/Nov/2024:00:58:17 +0000] "HEAD /logout HTTP/1.1" 200 6693 "-" "Mozilla/5.0 (Windows NT 10.0; Win64; x64) AppleWebKit/537.36 (KHTML, like Gecko) Chrome/120.0.0.0 Safari/537.36" web-03.example.com
140.78.149.53 - - [01/Nov/2024:00:58:23 +0000] "GET /static/main.css HTTP/1.1" 301 481 "-" "Mozilla/5.0 (Windows NT 10.0; Win64; x64; rv:109.0) Gecko/20100101 Firefox/115.0" web-01.example.com
75.151.152.191 - - [01/Nov/2024:00:58:32 +0000] "GET /images/logo.png HTTP/1.1" 200 2057 "-" "Mozilla/5.0 (Windows NT 10.0; Win64; x64) AppleWebKit/537.36 (KHTML, like Gecko) Chrome/120.0.0.0 Safari/537.36" web-03.example.com
98.189.136.102 - - [01/Nov/2024:00:58:40 +0000] "GET /contact HTTP/1.1" 200 13192 "-" "Mozilla/5.0 (Windows NT 10.0; Win64; x64; rv:109.0) Gecko/20100101 Firefox/115.0" web-01.example.com
87.17.212.220 - - [01/Nov/2024:00:58:50 +0000] "POST /api/v1/products HTTP/1.1" 200 12531 "-" "Mozilla/5.0 (Linux; Android 10; K) AppleWebKit/537.36 (KHTML, like Gecko) Chrome/120.0.0.0 Mobile Safari/537.36" web-03.example.com
139.109.84.240 - - [01/Nov/2024:00:58:56 +0000] "GET /images/logo.png HTTP/1.1" 200 12374 "-" "Mozilla/5.0 (Macintosh; Intel Mac OS X 10_15_7) AppleWebKit/537.36 (KHTML, like Gecko) Chrome/120.0.0.0 Safari/537.36" web-03.example.com
83.83.80.92 - - [01/Nov/2024:00:59:00 +0000] "GET /images/logo.png HTTP/1.1" 302 13271 "-" "Mozilla/5.0 (iPhone; CPU iPhone OS 16_6_1 like Mac OS X) AppleWebKit/605.1.15 (KHTML, like Gecko) Version/16.6 Mobile/15E148 Safari/604.1" web-01.example.com
57.17.217.29 - - [01/Nov/2024:00:59:09 +0000] "GET /blog HTTP/1.1" 200 2978 "-" "Mozilla/5.0 (Windows NT 10.0; Win64; x64; rv:109.0) Gecko/20100101 Firefox/115.0" web-01.example.com
155.85.24.19 - - [01/Nov/2024:00:59:15 +0000] "GET /login HTTP/1.1" 301 5309 "-" "Mozilla/5.0 (Linux; Android 10; K) AppleWebKit/537.36 (KHTML, like Gecko) Chrome/120.0.0.0 Mobile Safari/537.36" web-02.example.com
155.80.0.61 - - [01/Nov/2024:00:59:16 +0000] "GET /blog HTTP/1.1" 200 14939 "-" "Mozilla/5.0 (Windows NT 10.0; Win64; x64) AppleWebKit/537.36 (KHTML, like Gecko) Chrome/120.0.0.0 Safari/537.36" web-01.example.com
172.31.93.27 - - [01/Nov/2024:00:59:18 +0000] "GET /profile HTTP/1.1" 200 4757 "-" "Mozilla/5.0 (Linux; Android 10; K) AppleWebKit/537.36 (KHTML, like Gecko) Chrome/120.0.0.0 Mobile Safari/537.36" web-02.example.com
203.0.113.120 - - [01/Nov/2024:00:59:27 +0000] "GET /static/main.css HTTP/1.1" 200 7015 "-" "Mozilla/5.0 (Linux; Android 10; K) AppleWebKit/537.36 (KHTML, like Gecko) Chrome/120.0.0.0 Mobile Safari/537.36" web-03.example.com
192.33.93.41 - - [01/Nov/2024:00:59:30 +0000] "GET /profile HTTP/1.1" 200 4087 "-" "Mozilla/5.0 (iPhone; CPU iPhone OS 16_6_1 like Mac OS X) AppleWebKit/605.1.15 (KHTML, like Gecko) Version/16.6 Mobile/15E148 Safari/604.1" web-03.example.com
142.108.13.148 - - [01/Nov/2024:00:59:38 +0000] "POST /blog/post-1 HTTP/1.1" 200 12296 "-" "Mozilla/5.0 (Windows NT 10.0; Win64; x64) AppleWebKit/537.36 (KHTML, like Gecko) Chrome/120.0.0.0 Safari/537.36" web-02.example.com
169.14.155.201 - - [01/Nov/2024:00:59:45 +0000] "GET /api/v1/products HTTP/1.1" 200 1652 "-" "Mozilla/5.0 (iPhone; CPU iPhone OS 16_6_1 like Mac OS X) AppleWebKit/605.1.15 (KHTML, like Gecko) Version/16.6 Mobile/15E148 Safari/604.1" web-01.example.com
10.191.171.16 - - [01/Nov/2024:00:59:48 +0000] "GET /api/v1/products HTTP/1.1" 302 8234 "-" "Mozilla/5.0 (Macintosh; Intel Mac OS X 10_15_7) AppleWebKit/537.36 (KHTML, like Gecko) Chrome/120.0.0.0 Safari/537.36" web-02.example.com
22.229.211.144 - - [01/Nov/2024:00:59:55 +0000] "GET /favicon.ico HTTP/1.1" 200 5721 "-" "Mozilla/5.0 (Macintosh; Intel Mac OS X 10_15_7) AppleWebKit/537.36 (KHTML, like Gecko) Chrome/120.0.0.0 Safari/537.36" web-02.example.com
220.176.61.105 - - [01/Nov/2024:00:59:57 +0000] "GET /login HTTP/1.1" 200 600 "-" "Mozilla/5.0 (iPhone; CPU iPhone OS 16_6_1 like Mac OS X) AppleWebKit/605.1.15 (KHTML, like Gecko) Version/16.6 Mobile/15E148 Safari/604.1" web-01.example.com
10.14.126.172 - - [01/Nov/2024:00:59:58 +0000] "GET /api/v1/users HTTP/1.1" 200 8198 "-" "Mozilla/5.0 (Linux; Android 10; K) AppleWebKit/537.36 (KHTML, like Gecko) Chrome/120.0.0.0 Mobile Safari/537.36" web-01.example.com
10.205.50.120 - - [01/Nov/2024:01:00:03 +0000] "GET /favicon.ico HTTP/1.1" 200 8754 "-" "Mozilla/5.0 (Windows NT 10.0; Win64; x64) AppleWebKit/537.36 (KHTML, like Gecko) Chrome/120.0.0.0 Safari/537.36" web-01.example.com
218.207.208.199 - - [01/Nov/2024:01:00:07 +0000] "POST /images/logo.png HTTP/1.1" 200 2558 "-" "Mozilla/5.0 (Windows NT 10.0; Win64; x64; rv:109.0) Gecko/20100101 Firefox/115.0" web-01.example.com
83.183.1.109 - - [01/Nov/2024:01:00:14 +0000] "GET /api/v1/products HTTP/1.1" 200 9478 "-" "Mozilla/5.0 (Windows NT 10.0; Win64; x64; rv:109.0) Gecko/20100101 Firefox/115.0" web-01.example.com
185.161.74.162 - - [01/Nov/2024:01:00:16 +0000] "POST /dashboard HTTP/1.1" 200 3702 "-" "Mozilla/5.0 (Windows NT 10.0; Win64; x64) AppleWebKit/537.36 (KHTML, like Gecko) Chrome/120.0.0.0 Safari/537.36" web-02.example.com
147.81.159.158 - - [01/Nov/2024:01:00:17 +0000] "GET /images/logo.png HTTP/1.1" 200 2980 "-" "Mozilla/5.0 (Linux; Android 10; K) AppleWebKit/537.36 (KHTML, like Gecko) Chrome/120.0.0.0 Mobile Safari/537.36" web-02.example.com
159.59.29.215 - - [01/Nov/2024:01:00:25 +0000] "GET /dashboard HTTP/1.1" 404 14226 "-" "Mozilla/5.0 (Macintosh; Intel Mac OS X 10_15_7) AppleWebKit/537.36 (KHTML, like Gecko) Chrome/120.0.0.0 Safari/537.36" web-02.example.com
25.36.102.235 - - [01/Nov/2024:01:00:32 +0000] "POST /about HTTP/1.1" 200 8781 "-" "Mozilla/5.0 (Linux; Android 10; K) AppleWebKit/537.36 (KHTML, like Gecko) Chrome/120.0.0.0 Mobile Safari/537.36" web-02.example.com
193.30.119.20 - - [01/Nov/2024:01:00:36 +0000] "POST /static/main.css HTTP/1.1" 403 13226 "-" "Mozilla/5.0 (Windows NT 10.0; Win64; x64; rv:109.0) Gecko/20100101 Firefox/115.0" web-01.example.com
121.68.251.89 - - [01/Nov/2024:01:00:40 +0000] "PUT /blog/post-2 HTTP/1.1" 200 9453 "-" "Mozilla/5.0 (Windows NT 10.0; Win64; x64) AppleWebKit/537.36 (KHTML, like Gecko) Chrome/120.0.0.0 Safari/537.36" web-03.example.com
124.209.248.10 - - [01/Nov/2024:01:00:47 +0000] "GET /about HTTP/1.1" 200 5990 "-" "Mozilla/5.0 (Linux; Android 10; K) AppleWebKit/537.36 (KHTML, like Gecko) Chrome/120.0.0.0 Mobile Safari/537.36" web-02.example.com
203.0.113.73 - - [01/Nov/2024:01:00:55 +0000] "PUT /static/main.js HTTP/1.1" 200 1446 "-" "Mozilla/5.0 (Windows NT 10.0; Win64; x64) AppleWebKit/537.36 (KHTML, like Gecko) Chrome/120.0.0.0 Safari/537.36" web-01.example.com
50.113.49.0 - - [01/Nov/2024:01:00:57 +0000] "GET /contact HTTP/1.1" 200 650 "-" "Mozilla/5.0 (Linux; Android 10; K) AppleWebKit/537.36 (KHTML, like Gecko) Chrome/120.0.0.0 Mobile Safari/537.36" web-03.example.com
10.125.119.82 - - [01/Nov/2024:01:01:07 +0000] "POST /blog/post-1 HTTP/1.1" 200 14674 "-" "Mozilla/5.0 (iPhone; CPU iPhone OS 16_6_1 like Mac OS X) AppleWebKit/605.1.15 (KHTML, like Gecko) Version/16.6 Mobile/15E148 Safari/604.1" web-02.example.com
203.0.113.230 - - [01/Nov/2024:01:01:16 +0000] "POST / HTTP/1.1" 200 619 "-" "Mozilla/5.0 (Macintosh; Intel Mac OS X 10_15_7) AppleWebKit/537.36 (KHTML, like Gecko) Chrome/120.0.0.0 Safari/537.36" web-01.example.com
133.65.52.190 - - [01/Nov/2024:01:01:19 +0000] "GET /static/main.css HTTP/1.1" 301 8754 "-" "Mozilla/5.0 (Windows NT 10.0; Win64; x64) AppleWebKit/537.36 (KHTML, like Gecko) Chrome/120.0.0.0 Safari/537.36" web-02.example.com
49.133.156.248 - - [01/Nov/2024:01:01:29 +0000] "GET /blog/post-1 HTTP/1.1" 200 8536 "-" "Mozilla/5.0 (Macintosh; Intel Mac OS X 10_15_7) AppleWebKit/537.36 (KHTML, like Gecko) Chrome/120.0.0.0 Safari/537.36" web-01.example.com
134.217.136.69 - - [01/Nov/2024:01:01:37 +0000] "GET /blog/post-1 HTTP/1.1" 301 12021 "-" "Mozilla/5.0 (Macintosh; Intel Mac OS X 10_15_7) AppleWebKit/537.36 (KHTML, like Gecko) Chrome/120.0.0.0 Safari/537.36" web-03.example.com
106.111.75.133 - - [01/Nov/2024:01:01:46 +0000] "GET /api/v1/products HTTP/1.1" 302 13567 "-" "Mozilla/5.0 (Linux; Android 10; K) AppleWebKit/537.36 (KHTML, like Gecko) Chrome/120.0.0.0 Mobile Safari/537.36" web-03.example.com
10.91.125.66 - - [01/Nov/2024:01:01:54 +0000] "GET /static/main.css HTTP/1.1" 304 0 "-" "Mozilla/5.0 (Windows NT 10.0; Win64; x64) AppleWebKit/537.36 (KHTML, like Gecko) Chrome/120.0.0.0 Safari/537.36" web-03.example.com
202.217.176.62 - - [01/Nov/2024:01:01:59 +0000] "GET /static/main.css HTTP/1.1" 400 3894 "-" "Mozilla/5.0 (Macintosh; Intel Mac OS X 10_15_7) AppleWebKit/537.36 (KHTML, like Gecko) Chrome/120.0.0.0 Safari/537.36" web-03.example.com
143.147.147.65 - - [01/Nov/2024:01:02:07 +0000] "GET /images/logo.png HTTP/1.1" 200 2646 "-" "Mozilla/5.0 (Windows NT 10.0; Win64; x64) AppleWebKit/537.36 (KHTML, like Gecko) Chrome/120.0.0.0 Safari/537.36" web-01.example.com
4.58.133.195 - - [01/Nov/2024:01:02:09 +0000] "GET /favicon.ico HTTP/1.1" 200 2597 "-" "Mozilla/5.0 (Windows NT 10.0; Win64; x64; rv:109.0) Gecko/20100101 Firefox/115.0" web-01.example.com
91.109.255.72 - - [01/Nov/2024:01:02:13 +0000] "GET /static/main.css HTTP/1.1" 200 11524 "-" "Mozilla/5.0 (Windows NT 10.0; Win64; x64; rv:109.0) Gecko/20100101 Firefox/115.0" web-01.example.com
192.168.253.61 - - [01/Nov/2024:01:02:22 +0000] "GET /api/v1/users HTTP/1.1" 200 12874 "-" "Mozilla/5.0 (Windows NT 10.0; Win64; x64; rv:109.0) Gecko/20100101 Firefox/115.0" web-03.example.com
49.210.89.227 - - [01/Nov/2024:01:02:27 +0000] "GET /logout HTTP/1.1" 502 8591 "-" "Mozilla/5.0 (Windows NT 10.0; Win64; x64) AppleWebKit/537.36 (KHTML, like Gecko) Chrome/120.0.0.0 Safari/537.36" web-03.example.com
10.131.16.192 - - [01/Nov/2024:01:02:33 +0000] "POST /dashboard HTTP/1.1" 200 10499 "-" "Mozilla/5.0 (Windows NT 10.0; Win64; x64) AppleWebKit/537.36 (KHTML, like Gecko) Chrome/120.0.0.0 Safari/537.36" web-01.example.com
127.227.42.73 - - [01/Nov/2024:01:02:38 +0000] "GET /static/main.js HTTP/1.1" 200 13818 "-" "Mozilla/5.0 (Linux; Android 10; K) AppleWebKit/537.36 (KHTML, like Gecko) Chrome/120.0.0.0 Mobile Safari/537.36" web-02.example.com
172.16.37.135 - - [01/Nov/2024:01:02:43 +0000] "GET /blog/post-2 HTTP/1.1" 301 6718 "-" "Mozilla/5.0 (Linux; Android 10; K) AppleWebKit/537.36 (KHTML, like Gecko) Chrome/120.0.0.0 Mobile Safari/537.36" web-03.example.com
134.11.28.157 - - [01/Nov/2024:01:02:47 +0000] "GET /login HTTP/1.1" 301 6016 "-" "Mozilla/5.0 (Linux; Android 10; K) AppleWebKit/537.36 (KHTML, like Gecko) Chrome/120.0.0.0 Mobile Safari/537.36" web-01.example.com
207.42.147.122 - - [01/Nov/2024:01:02:53 +0000] "GET /static/main.css HTTP/1.1" 200 7265 "-" "Mozilla/5.0 (Macintosh; Intel Mac OS X 10_15_7) AppleWebKit/537.36 (KHTML, like Gecko) Chrome/120.0.0.0 Safari/537.36" web-01.example.com
215.68.125.173 - - [01/Nov/2024:01:02:56 +0000] "GET /login HTTP/1.1" 200 6910 "-" "Mozilla/5.0 (Linux; Android 10; K) AppleWebKit/537.36 (KHTML, like Gecko) Chrome/120.0.0.0 Mobile Safari/537.36" web-01.example.com
203.0.113.123 - - [01/Nov/2024:01:03:02 +0000] "GET /blog/post-1 HTTP/1.1" 403 12646 "-" "Mozilla/5.0 (iPhone; CPU iPhone OS 16_6_1 like Mac OS X) AppleWebKit/605.1.15 (KHTML, like Gecko) Version/16.6 Mobile/15E148 Safari/604.1" web-03.example.com
203.0.113.162 - - [01/Nov/2024:01:03:06 +0000] "GET /dashboard HTTP/1.1" 403 13997 "-" "Mozilla/5.0 (Macintosh; Intel Mac OS X 10_15_7) AppleWebKit/537.36 (KHTML, like Gecko) Chrome/120.0.0.0 Safari/537.36" web-01.example.com
83.131.128.87 - - [01/Nov/2024:01:03:07 +0000] "GET /api/v1/users HTTP/1.1" 200 3827 "-" "Mozilla/5.0 (Linux; Android 10; K) AppleWebKit/537.36 (KHTML, like Gecko) Chrome/120.0.0.0 Mobile Safari/537.36" web-02.example.com
99.254.3.46 - - [01/Nov/2024:01:03:15 +0000] "GET /blog/post-2 HTTP/1.1" 200 628 "-" "Mozilla/5.0 (Windows NT 10.0; Win64; x64) AppleWebKit/537.36 (KHTML, like Gecko) Chrome/120.0.0.0 Safari/537.36" web-03.example.com
155.160.209.60 - - [01/Nov/2024:01:03:19 +0000] "GET /logout HTTP/1.1" 200 7396 "-" "Mozilla/5.0 (Windows NT 10.0; Win64; x64) AppleWebKit/537.36 (KHTML, like Gecko) Chrome/120.0.0.0 Safari/537.36" web-02.example.com
110.80.231.97 - - [01/Nov/2024:01:03:27 +0000] "GET /api/v1/products HTTP/1.1" 200 501 "-" "Mozilla/5.0 (Windows NT 10.0; Win64; x64; rv:109.0) Gecko/20100101 Firefox/115.0" web-03.example.com
3.245.67.122 - - [01/Nov/2024:01:03:36 +0000] "POST /favicon.ico HTTP/1.1" 200 12138 "-" "Mozilla/5.0 (Macintosh; Intel Mac OS X 10_15_7) AppleWebKit/537.36 (KHTML, like Gecko) Chrome/120.0.0.0 Safari/537.36" web-02.example.com
192.168.178.216 - - [01/Nov/2024:01:03:46 +0000] "GET /blog HTTP/1.1" 301 10936 "-" "Mozilla/5.0 (iPhone; CPU iPhone OS 16_6_1 like Mac OS X) AppleWebKit/605.1.15 (KHTML, like Gecko) Version/16.6 Mobile/15E148 Safari/604.1" web-02.example.com
181.254.1.210 - - [01/Nov/2024:01:03:49 +0000] "GET /profile HTTP/1.1" 200 2529 "-" "Mozilla/5.0 (Windows NT 10.0; Win64; x64; rv:109.0) Gecko/20100101 Firefox/115.0" web-03.example.com
205.159.171.249 - - [01/Nov/2024:01:03:58 +0000] "GET / HTTP/1.1" 200 14591 "-" "Mozilla/5.0 (Windows NT 10.0; Win64; x64) AppleWebKit/537.36 (KHTML, like Gecko) Chrome/120.0.0.0 Safari/537.36" web-03.example.com
170.107.186.55 - - [01/Nov/2024:01:03:59 +0000] "GET /static/main.css HTTP/1.1" 200 4433 "-" "Mozilla/5.0 (Linux; Android 10; K) AppleWebKit/537.36 (KHTML, like Gecko) Chrome/120.0.0.0 Mobile Safari/537.36" web-03.example.com
203.0.113.152 - - [01/Nov/2024:01:04:03 +0000] "DELETE /about HTTP/1.1" 200 12442 "-" "Mozilla/5.0 (Macintosh; Intel Mac OS X 10_15_7) AppleWebKit/537.36 (KHTML, like Gecko) Chrome/120.0.0.0 Safari/537.36" web-03.example.com
203.0.113.96 - - [01/Nov/2024:01:04:12 +0000] "GET /api/v1/users HTTP/1.1" 200 7177 "-" "Mozilla/5.0 (iPhone; CPU iPhone OS 16_6_1 like Mac OS X) AppleWebKit/605.1.15 (KHTML, like Gecko) Version/16.6 Mobile/15E148 Safari/604.1" web-01.example.com
203.0.113.80 - - [01/Nov/2024:01:04:14 +0000] "GET /blog HTTP/1.1" 200 14929 "-" "Mozilla/5.0 (Windows NT 10.0; Win64; x64; rv:109.0) Gecko/20100101 Firefox/115.0" web-03.example.com
175.130.188.43 - - [01/Nov/2024:01:04:19 +0000] "POST /static/main.css HTTP/1.1" 200 7258 "-" "Mozilla/5.0 (Windows NT 10.0; Win64; x64) AppleWebKit/537.36 (KHTML, like Gecko) Chrome/120.0.0.0 Safari/537.36" web-03.example.com
187.201.202.7 - - [01/Nov/2024:01:04:24 +0000] "GET / HTTP/1.1" 200 13141 "-" "Mozilla/5.0 (Windows NT 10.0; Win64; x64) AppleWebKit/537.36 (KHTML, like Gecko) Chrome/120.0.0.0 Safari/537.36" web-02.example.com
91.163.91.72 - - [01/Nov/2024:01:04:25 +0000] "GET /api/v1/users HTTP/1.1" 200 3801 "-" "Mozilla/5.0 (Linux; Android 10; K) AppleWebKit/537.36 (KHTML, like Gecko) Chrome/120.0.0.0 Mobile Safari/537.36" web-03.example.com
112.93.120.120 - - [01/Nov/2024:01:04:29 +0000] "GET /about HTTP/1.1" 200 11261 "-" "Mozilla/5.0 (iPhone; CPU iPhone OS 16_6_1 like Mac OS X) AppleWebKit/605.1.15 (KHTML, like Gecko) Version/16.6 Mobile/15E148 Safari/604.1" web-01.example.com
89.38.89.246 - - [01/Nov/2024:01:04:35 +0000] "POST /favicon.ico HTTP/1.1" 200 8547 "-" "Mozilla/5.0 (Windows NT 10.0; Win64; x64) AppleWebKit/537.36 (KHTML, like Gecko) Chrome/120.0.0.0 Safari/537.36" web-01.example.com
10.77.122.250 - - [01/Nov/2024:01:04:43 +0000] "GET /static/main.js HTTP/1.1" 304 0 "-" "Mozilla/5.0 (iPhone; CPU iPhone OS 16_6_1 like Mac OS X) AppleWebKit/605.1.15 (KHTML, like Gecko) Version/16.6 Mobile/15E148 Safari/604.1" web-01.example.com
97.133.103.24 - - [01/Nov/2024:01:04:44 +0000] "GET /login HTTP/1.1" 200 11407 "-" "Mozilla/5.0 (Windows NT 10.0; Win64; x64; rv:109.0) Gecko/20100101 Firefox/115.0" web-01.example.com
82.85.167.32 - - [01/Nov/2024:01:04:54 +0000] "GET /api/v1/users HTTP/1.1" 200 12605 "-" "Mozilla/5.0 (Windows NT 10.0; Win64; x64) AppleWebKit/537.36 (KHTML, like Gecko) Chrome/120.0.0.0 Safari/537.36" web-03.example.com
172.28.19.180 - - [01/Nov/2024:01:05:00 +0000] "GET /profile HTTP/1.1" 200 2106 "-" "Mozilla/5.0 (Macintosh; Intel Mac OS X 10_15_7) AppleWebKit/537.36 (KHTML, like Gecko) Chrome/120.0.0.0 Safari/537.36" web-01.example.com
6.254.191.151 - - [01/Nov/2024:01:05:02 +0000] "GET / HTTP/1.1" 200 9882 "-" "Mozilla/5.0 (iPhone; CPU iPhone OS 16_6_1 like Mac OS X) AppleWebKit/605.1.15 (KHTML, like Gecko) Version/16.6 Mobile/15E148 Safari/604.1" web-03.example.com
172.28.183.253 - - [01/Nov/2024:01:05:05 +0000] "GET /about HTTP/1.1" 200 4078 "-" "Mozilla/5.0 (Macintosh; Intel Mac OS X 10_15_7) AppleWebKit/537.36 (KHTML, like Gecko) Chrome/120.0.0.0 Safari/537.36" web-03.example.com
91.39.228.200 - - [01/Nov/2024:01:05:15 +0000] "GET /logout HTTP/1.1" 200 10721 "-" "Mozilla/5.0 (Windows NT 10.0; Win64; x64; rv:109.0) Gecko/20100101 Firefox/115.0" web-02.example.com
108.75.24.62 - - [01/Nov/2024:01:05:23 +0000] "GET /static/main.js HTTP/1.1" 200 5327 "-" "Mozilla/5.0 (Windows NT 10.0; Win64; x64) AppleWebKit/537.36 (KHTML, like Gecko) Chrome/120.0.0.0 Safari/537.36" web-02.example.com
216.96.248.171 - - [01/Nov/2024:01:05:27 +0000] "GET /login HTTP/1.1" 200 10545 "-" "Mozilla/5.0 (Windows NT 10.0; Win64; x64; rv:109.0) Gecko/20100101 Firefox/115.0" web-01.example.com
208.125.205.234 - - [01/Nov/2024:01:05:30 +0000] "GET /blog HTTP/1.1" 200 13822 "-" "Mozilla/5.0 (Linux; Android 10; K) AppleWebKit/537.36 (KHTML, like Gecko) Chrome/120.0.0.0 Mobile Safari/537.36" web-03.example.com
172.17.225.207 - - [01/Nov/2024:01:05:38 +0000] "POST / HTTP/1.1" 200 9179 "-" "Mozilla/5.0 (Windows NT 10.0; Win64; x64) AppleWebKit/537.36 (KHTML, like Gecko) Chrome/120.0.0.0 Safari/537.36" web-03.example.com
33.143.57.68 - - [01/Nov/2024:01:05:40 +0000] "GET /dashboard HTTP/1.1" 200 11011 "-" "Mozilla/5.0 (Macintosh; Intel Mac OS X 10_15_7) AppleWebKit/537.36 (KHTML, like Gecko) Chrome/120.0.0.0 Safari/537.36" web-01.example.com
111.58.214.182 - - [01/Nov/2024:01:05:42 +0000] "GET /dashboard HTTP/1.1" 404 9394 "-" "Mozilla/5.0 (Windows NT 10.0; Win64; x64; rv:109.0) Gecko/20100101 Firefox/115.0" web-01.example.com
203.0.113.235 - - [01/Nov/2024:01:05:49 +0000] "HEAD /about HTTP/1.1" 200 11119 "-" "Mozilla/5.0 (Windows NT 10.0; Win64; x64) AppleWebKit/537.36 (KHTML, like Gecko) Chrome/120.0.0.0 Safari/537.36" web-03.example.com
175.5.50.252 - - [01/Nov/2024:01:05:56 +0000] "GET /about HTTP/1.1" 200 12090 "-" "Mozilla/5.0 (Linux; Android 10; K) AppleWebKit/537.36 (KHTML, like Gecko) Chrome/120.0.0.0 Mobile Safari/537.36" web-03.example.com
5.37.107.138 - - [01/Nov/2024:01:06:04 +0000] "GET /static/main.js HTTP/1.1" 200 12115 "-" "Mozilla/5.0 (Windows NT 10.0; Win64; x64) AppleWebKit/537.36 (KHTML, like Gecko) Chrome/120.0.0.0 Safari/537.36" web-02.example.com
35.54.5.57 - - [01/Nov/2024:01:06:09 +0000] "GET /login HTTP/1.1" 302 3007 "-" "Mozilla/5.0 (iPhone; CPU iPhone OS 16_6_1 like Mac OS X) AppleWebKit/605.1.15 (KHTML, like Gecko) Version/16.6 Mobile/15E148 Safari/604.1" web-01.example.com
121.252.219.247 - - [01/Nov/2024:01:06:10 +0000] "GET /api/v1/users HTTP/1.1" 200 12091 "-" "Mozilla/5.0 (Macintosh; Intel Mac OS X 10_15_7) AppleWebKit/537.36 (KHTML, like Gecko) Chrome/120.0.0.0 Safari/537.36" web-01.example.com
190.130.250.30 - - [01/Nov/2024:01:06:16 +0000] "GET /favicon.ico HTTP/1.1" 200 522 "-" "Mozilla/5.0 (iPhone; CPU iPhone OS 16_6_1 like Mac OS X) AppleWebKit/605.1.15 (KHTML, like Gecko) Version/16.6 Mobile/15E148 Safari/604.1" web-03.example.com
209.185.59.94 - - [01/Nov/2024:01:06:20 +0000] "GET /blog HTTP/1.1" 200 12347 "-" "Mozilla/5.0 (iPhone; CPU iPhone OS 16_6_1 like Mac OS X) AppleWebKit/605.1.15 (KHTML, like Gecko) Version/16.6 Mobile/15E148 Safari/604.1" web-01.example.com
69.88.165.41 - - [01/Nov/2024:01:06:25 +0000] "GET /images/logo.png HTTP/1.1" 200 5134 "-" "Mozilla/5.0 (Macintosh; Intel Mac OS X 10_15_7) AppleWebKit/537.36 (KHTML, like Gecko) Chrome/120.0.0.0 Safari/537.36" web-01.example.com
192.168.121.90 - - [01/Nov/2024:01:06:30 +0000] "GET /profile HTTP/1.1" 200 10517 "-" "Mozilla/5.0 (Linux; Android 10; K) AppleWebKit/537.36 (KHTML, like Gecko) Chrome/120.0.0.0 Mobile Safari/537.36" web-01.example.com
215.88.233.206 - - [01/Nov/2024:01:06:39 +0000] "HEAD /login HTTP/1.1" 200 7708 "-" "Mozilla/5.0 (Linux; Android 10; K) AppleWebKit/537.36 (KHTML, like Gecko) Chrome/120.0.0.0 Mobile Safari/537.36" web-02.example.com
96.237.71.95 - - [01/Nov/2024:01:06:41 +0000] "GET /contact HTTP/1.1" 200 1257 "-" "Mozilla/5.0 (Windows NT 10.0; Win64; x64; rv:109.0) Gecko/20100101 Firefox/115.0" web-01.example.com
154.138.190.178 - - [01/Nov/2024:01:06:50 +0000] "POST /about HTTP/1.1" 304 0 "-" "Mozilla/5.0 (Windows NT 10.0; Win64; x64) AppleWebKit/537.36 (KHTML, like Gecko) Chrome/120.0.0.0 Safari/537.36" web-01.example.com
122.148.213.80 - - [01/Nov/2024:01:06:51 +0000] "GET /blog/post-1 HTTP/1.1" 200 11854 "-" "Mozilla/5.0 (Linux; Android 10; K) AppleWebKit/537.36 (KHTML, like Gecko) Chrome/120.0.0.0 Mobile Safari/537.36" web-02.example.com
192.168.203.87 - - [01/Nov/2024:01:06:52 +0000] "GET /blog/post-2 HTTP/1.1" 200 1901 "-" "Mozilla/5.0 (Macintosh; Intel Mac OS X 10_15_7) AppleWebKit/537.36 (KHTML, like Gecko) Chrome/120.0.0.0 Safari/537.36" web-02.example.com
109.239.26.236 - - [01/Nov/2024:01:07:02 +0000] "GET /static/main.js HTTP/1.1" 200 9745 "-" "Mozilla/5.0 (Linux; Android 10; K) AppleWebKit/537.36 (KHTML, like Gecko) Chrome/120.0.0.0 Mobile Safari/537.36" web-01.example.com
62.113.190.86 - - [01/Nov/2024:01:07:03 +0000] "POST /api/v1/users HTTP/1.1" 200 7232 "-" "Mozilla/5.0 (Macintosh; Intel Mac OS X 10_15_7) AppleWebKit/537.36 (KHTML, like Gecko) Chrome/120.0.0.0 Safari/537.36" web-02.example.com
110.107.73.202 - - [01/Nov/2024:01:07:10 +0000] "GET /api/v1/products HTTP/1.1" 200 5060 "-" "Mozilla/5.0 (Windows NT 10.0; Win64; x64; rv:109.0) Gecko/20100101 Firefox/115.0" web-01.example.com
27.5.62.154 - - [01/Nov/2024:01:07:13 +0000] "GET / HTTP/1.1" 200 13704 "-" "Mozilla/5.0 (iPhone; CPU iPhone OS 16_6_1 like Mac OS X) AppleWebKit/605.1.15 (KHTML, like Gecko) Version/16.6 Mobile/15E148 Safari/604.1" web-03.example.com
192.168.206.86 - - [01/Nov/2024:01:07:23 +0000] "POST /static/main.js HTTP/1.1" 200 8052 "-" "Mozilla/5.0 (Windows NT 10.0; Win64; x64; rv:109.0) Gecko/20100101 Firefox/115.0" web-01.example.com
192.168.254.127 - - [01/Nov/2024:01:07:30 +0000] "GET /api/v1/users HTTP/1.1" 200 12326 "-" "Mozilla/5.0 (Linux; Android 10; K) AppleWebKit/537.36 (KHTML, like Gecko) Chrome/120.0.0.0 Mobile Safari/537.36" web-01.example.com
192.168.119.56 - - [01/Nov/2024:01:07:35 +0000] "POST /about HTTP/1.1" 302 4428 "-" "Mozilla/5.0 (iPhone; CPU iPhone OS 16_6_1 like Mac OS X) AppleWebKit/605.1.15 (KHTML, like Gecko) Version/16.6 Mobile/15E148 Safari/604.1" web-02.example.com
53.233.27.185 - - [01/Nov/2024:01:07:39 +0000] "GET /favicon.ico HTTP/1.1" 301 4605 "-" "Mozilla/5.0 (Linux; Android 10; K) AppleWebKit/537.36 (KHTML, like Gecko) Chrome/120.0.0.0 Mobile Safari/537.36" web-02.example.com
203.0.113.185 - - [01/Nov/2024:01:07:47 +0000] "GET /contact HTTP/1.1" 200 4627 "-" "Mozilla/5.0 (Linux; Android 10; K) AppleWebKit/537.36 (KHTML, like Gecko) Chrome/120.0.0.0 Mobile Safari/537.36" web-02.example.com
203.0.113.74 - - [01/Nov/2024:01:07:56 +0000] "GET /static/main.js HTTP/1.1" 200 8146 "-" "Mozilla/5.0 (Windows NT 10.0; Win64; x64) AppleWebKit/537.36 (KHTML, like Gecko) Chrome/120.0.0.0 Safari/537.36" web-02.example.com
10.37.71.255 - - [01/Nov/2024:01:08:00 +0000] "DELETE /about HTTP/1.1" 404 5145 "-" "Mozilla/5.0 (Linux; Android 10; K) AppleWebKit/537.36 (KHTML, like Gecko) Chrome/120.0.0.0 Mobile Safari/537.36" web-02.example.com
10.118.171.253 - - [01/Nov/2024:01:08:01 +0000] "GET /profile HTTP/1.1" 200 8446 "-" "Mozilla/5.0 (Linux; Android 10; K) AppleWebKit/537.36 (KHTML, like Gecko) Chrome/120.0.0.0 Mobile Safari/537.36" web-02.example.com
10.145.167.107 - - [01/Nov/2024:01:08:10 +0000] "GET /dashboard HTTP/1.1" 302 5659 "-" "Mozilla/5.0 (Windows NT 10.0; Win64; x64) AppleWebKit/537.36 (KHTML, like Gecko) Chrome/120.0.0.0 Safari/537.36" web-03.example.com
35.111.105.163 - - [01/Nov/2024:01:08:18 +0000] "POST /blog/post-1 HTTP/1.1" 200 4846 "-" "Mozilla/5.0 (iPhone; CPU iPhone OS 16_6_1 like Mac OS X) AppleWebKit/605.1.15 (KHTML, like Gecko) Version/16.6 Mobile/15E148 Safari/604.1" web-03.example.com
170.246.57.148 - - [01/Nov/2024:01:08:19 +0000] "GET /blog/post-1 HTTP/1.1" 200 5331 "-" "Mozilla/5.0 (Macintosh; Intel Mac OS X 10_15_7) AppleWebKit/537.36 (KHTML, like Gecko) Chrome/120.0.0.0 Safari/537.36" web-03.example.com
172.19.18.55 - - [01/Nov/2024:01:08:20 +0000] "GET /api/v1/products HTTP/1.1" 302 13282 "-" "Mozilla/5.0 (Windows NT 10.0; Win64; x64) AppleWebKit/537.36 (KHTML, like Gecko) Chrome/120.0.0.0 Safari/537.36" web-01.example.com
94.202.93.15 - - [01/Nov/2024:01:08:22 +0000] "GET / HTTP/1.1" 200 3490 "-" "Mozilla/5.0 (Windows NT 10.0; Win64; x64) AppleWebKit/537.36 (KHTML, like Gecko) Chrome/120.0.0.0 Safari/537.36" web-02.example.com
10.108.205.63 - - [01/Nov/2024:01:08:31 +0000] "PUT /contact HTTP/1.1" 200 10144 "-" "Mozilla/5.0 (Linux; Android 10; K) AppleWebKit/537.36 (KHTML, like Gecko) Chrome/120.0.0.0 Mobile Safari/537.36" web-01.example.com
10.83.95.254 - - [01/Nov/2024:01:08:41 +0000] "POST /blog HTTP/1.1" 200 9800 "-" "Mozilla/5.0 (Windows NT 10.0; Win64; x64; rv:109.0) Gecko/20100101 Firefox/115.0" web-03.example.com
102.244.150.181 - - [01/Nov/2024:01:08:45 +0000] "GET /images/logo.png HTTP/1.1" 502 11668 "-" "Mozilla/5.0 (Windows NT 10.0; Win64; x64; rv:109.0) Gecko/20100101 Firefox/115.0" web-03.example.com
107.150.126.30 - - [01/Nov/2024:01:08:50 +0000] "GET /blog HTTP/1.1" 200 9453 "-" "Mozilla/5.0 (Linux; Android 10; K) AppleWebKit/537.36 (KHTML, like Gecko) Chrome/120.0.0.0 Mobile Safari/537.36" web-01.example.com
109.195.37.29 - - [01/Nov/2024:01:08:56 +0000] "GET /api/v1/products HTTP/1.1" 200 925 "-" "Mozilla/5.0 (Linux; Android 10; K) AppleWebKit/537.36 (KHTML, like Gecko) Chrome/120.0.0.0 Mobile Safari/537.36" web-02.example.com
96.30.81.55 - - [01/Nov/2024:01:09:02 +0000] "GET /favicon.ico HTTP/1.1" 304 0 "-" "Mozilla/5.0 (Macintosh; Intel Mac OS X 10_15_7) AppleWebKit/537.36 (KHTML, like Gecko) Chrome/120.0.0.0 Safari/537.36" web-02.example.com
27.172.119.216 - - [01/Nov/2024:01:09:06 +0000] "GET /contact HTTP/1.1" 200 14754 "-" "Mozilla/5.0 (Macintosh; Intel Mac OS X 10_15_7) AppleWebKit/537.36 (KHTML, like Gecko) Chrome/120.0.0.0 Safari/537.36" web-03.example.com
10.151.119.78 - - [01/Nov/2024:01:09:11 +0000] "GET /blog/post-2 HTTP/1.1" 200 3971 "-" "Mozilla/5.0 (Macintosh; Intel Mac OS X 10_15_7) AppleWebKit/537.36 (KHTML, like Gecko) Chrome/120.0.0.0 Safari/537.36" web-02.example.com
101.0.46.180 - - [01/Nov/2024:01:09:14 +0000] "GET /login HTTP/1.1" 200 1871 "-" "Mozilla/5.0 (Linux; Android 10; K) AppleWebKit/537.36 (KHTML, like Gecko) Chrome/120.0.0.0 Mobile Safari/537.36" web-01.example.com
108.77.247.116 - - [01/Nov/2024:01:09:15 +0000] "GET /logout HTTP/1.1" 200 9535 "-" "Mozilla/5.0 (Linux; Android 10; K) AppleWebKit/537.36 (KHTML, like Gecko) Chrome/120.0.0.0 Mobile Safari/537.36" web-02.example.com
181.154.125.199 - - [01/Nov/2024:01:09:21 +0000] "GET /contact HTTP/1.1" 200 8813 "-" "Mozilla/5.0 (Linux; Android 10; K) AppleWebKit/537.36 (KHTML, like Gecko) Chrome/120.0.0.0 Mobile Safari/537.36" web-01.example.com
172.30.225.60 - - [01/Nov/2024:01:09:22 +0000] "GET /logout HTTP/1.1" 200 3995 "-" "Mozilla/5.0 (Macintosh; Intel Mac OS X 10_15_7) AppleWebKit/537.36 (KHTML, like Gecko) Chrome/120.0.0.0 Safari/537.36" web-02.example.com
115.41.166.189 - - [01/Nov/2024:01:09:29 +0000] "GET /images/logo.png HTTP/1.1" 200 9476 "-" "Mozilla/5.0 (Windows NT 10.0; Win64; x64) AppleWebKit/537.36 (KHTML, like Gecko) Chrome/120.0.0.0 Safari/537.36" web-01.example.com
220.5.66.142 - - [01/Nov/2024:01:09:31 +0000] "GET /login HTTP/1.1" 200 10061 "-" "Mozilla/5.0 (Windows NT 10.0; Win64; x64; rv:109.0) Gecko/20100101 Firefox/115.0" web-03.example.com
93.104.226.108 - - [01/Nov/2024:01:09:37 +0000] "GET /favicon.ico HTTP/1.1" 200 5098 "-" "Mozilla/5.0 (Windows NT 10.0; Win64; x64) AppleWebKit/537.36 (KHTML, like Gecko) Chrome/120.0.0.0 Safari/537.36" web-02.example.com
32.208.38.49 - - [01/Nov/2024:01:09:44 +0000] "GET /blog/post-2 HTTP/1.1" 200 4483 "-" "Mozilla/5.0 (iPhone; CPU iPhone OS 16_6_1 like Mac OS X) AppleWebKit/605.1.15 (KHTML, like Gecko) Version/16.6 Mobile/15E148 Safari/604.1" web-03.example.com
187.7.62.75 - - [01/Nov/2024:01:09:53 +0000] "GET /login HTTP/1.1" 200 3944 "-" "Mozilla/5.0 (Linux; Android 10; K) AppleWebKit/537.36 (KHTML, like Gecko) Chrome/120.0.0.0 Mobile Safari/537.36" web-01.example.com
127.147.85.149 - - [01/Nov/2024:01:09:58 +0000] "GET /blog/post-2 HTTP/1.1" 200 8957 "-" "Mozilla/5.0 (Windows NT 10.0; Win64; x64) AppleWebKit/537.36 (KHTML, like Gecko) Chrome/120.0.0.0 Safari/537.36" web-01.example.com
154.36.148.250 - - [01/Nov/2024:01:10:01 +0000] "GET / HTTP/1.1" 200 5615 "-" "Mozilla/5.0 (Macintosh; Intel Mac OS X 10_15_7) AppleWebKit/537.36 (KHTML, like Gecko) Chrome/120.0.0.0 Safari/537.36" web-02.example.com
96.225.88.204 - - [01/Nov/2024:01:10:03 +0000] "GET / HTTP/1.1" 200 7200 "-" "Mozilla/5.0 (Windows NT 10.0; Win64; x64) AppleWebKit/537.36 (KHTML, like Gecko) Chrome/120.0.0.0 Safari/537.36" web-01.example.com
136.129.57.63 - - [01/Nov/2024:01:10:09 +0000] "GET /logout HTTP/1.1" 404 13708 "-" "Mozilla/5.0 (Windows NT 10.0; Win64; x64; rv:109.0) Gecko/20100101 Firefox/115.0" web-02.example.com
172.27.173.74 - - [01/Nov/2024:01:10:16 +0000] "GET /logout HTTP/1.1" 200 8600 "-" "Mozilla/5.0 (Macintosh; Intel Mac OS X 10_15_7) AppleWebKit/537.36 (KHTML, like Gecko) Chrome/120.0.0.0 Safari/537.36" web-01.example.com
73.168.169.12 - - [01/Nov/2024:01:10:21 +0000] "GET /logout HTTP/1.1" 200 14534 "-" "Mozilla/5.0 (Windows NT 10.0; Win64; x64; rv:109.0) Gecko/20100101 Firefox/115.0" web-01.example.com
203.0.113.139 - - [01/Nov/2024:01:10:24 +0000] "GET /dashboard HTTP/1.1" 200 2514 "-" "Mozilla/5.0 (iPhone; CPU iPhone OS 16_6_1 like Mac OS X) AppleWebKit/605.1.15 (KHTML, like Gecko) Version/16.6 Mobile/15E148 Safari/604.1" web-02.example.com
126.72.122.46 - - [01/Nov/2024:01:10:33 +0000] "GET /api/v1/products HTTP/1.1" 200 3596 "-" "Mozilla/5.0 (Linux; Android 10; K) AppleWebKit/537.36 (KHTML, like Gecko) Chrome/120.0.0.0 Mobile Safari/537.36" web-03.example.com
145.164.138.73 - - [01/Nov/2024:01:10:43 +0000] "GET /dashboard HTTP/1.1" 200 4428 "-" "Mozilla/5.0 (Linux; Android 10; K) AppleWebKit/537.36 (KHTML, like Gecko) Chrome/120.0.0.0 Mobile Safari/537.36" web-02.example.com
181.56.167.45 - - [01/Nov/2024:01:10:45 +0000] "GET /logout HTTP/1.1" 200 7578 "-" "Mozilla/5.0 (Macintosh; Intel Mac OS X 10_15_7) AppleWebKit/537.36 (KHTML, like Gecko) Chrome/120.0.0.0 Safari/537.36" web-02.example.com
201.120.161.134 - - [01/Nov/2024:01:10:47 +0000] "GET /login HTTP/1.1" 200 4894 "-" "Mozilla/5.0 (Windows NT 10.0; Win64; x64; rv:109.0) Gecko/20100101 Firefox/115.0" web-03.example.com
53.219.33.234 - - [01/Nov/2024:01:10:55 +0000] "GET /static/main.css HTTP/1.1" 301 4783 "-" "Mozilla/5.0 (iPhone; CPU iPhone OS 16_6_1 like Mac OS X) AppleWebKit/605.1.15 (KHTML, like Gecko) Version/16.6 Mobile/15E148 Safari/604.1" web-03.example.com
95.250.84.160 - - [01/Nov/2024:01:11:05 +0000] "GET /api/v1/products HTTP/1.1" 304 0 "-" "Mozilla/5.0 (Windows NT 10.0; Win64; x64) AppleWebKit/537.36 (KHTML, like Gecko) Chrome/120.0.0.0 Safari/537.36" web-03.example.com
207.31.20.19 - - [01/Nov/2024:01:11:12 +0000] "GET /favicon.ico HTTP/1.1" 302 9924 "-" "Mozilla/5.0 (Windows NT 10.0; Win64; x64; rv:109.0) Gecko/20100101 Firefox/115.0" web-01.example.com
181.207.231.190 - - [01/Nov/2024:01:11:13 +0000] "GET /dashboard HTTP/1.1" 200 10223 "-" "Mozilla/5.0 (iPhone; CPU iPhone OS 16_6_1 like Mac OS X) AppleWebKit/605.1.15 (KHTML, like Gecko) Version/16.6 Mobile/15E148 Safari/604.1" web-03.example.com
10.106.108.199 - - [01/Nov/2024:01:11:18 +0000] "GET /about HTTP/1.1" 200 14660 "-" "Mozilla/5.0 (Windows NT 10.0; Win64; x64) AppleWebKit/537.36 (KHTML, like Gecko) Chrome/120.0.0.0 Safari/537.36" web-01.example.com
172.19.5.77 - - [01/Nov/2024:01:11:19 +0000] "GET /api/v1/users HTTP/1.1" 200 1690 "-" "Mozilla/5.0 (Linux; Android 10; K) AppleWebKit/537.36 (KHTML, like Gecko) Chrome/120.0.0.0 Mobile Safari/537.36" web-02.example.com
97.247.221.212 - - [01/Nov/2024:01:11:22 +0000] "GET /about HTTP/1.1" 200 1349 "-" "Mozilla/5.0 (Windows NT 10.0; Win64; x64; rv:109.0) Gecko/20100101 Firefox/115.0" web-03.example.com
140.147.20.155 - - [01/Nov/2024:01:11:27 +0000] "GET /api/v1/users HTTP/1.1" 200 10217 "-" "Mozilla/5.0 (Windows NT 10.0; Win64; x64; rv:109.0) Gecko/20100101 Firefox/115.0" web-03.example.com
162.110.42.240 - - [01/Nov/2024:01:11:37 +0000] "GET /favicon.ico HTTP/1.1" 200 11226 "-" "Mozilla/5.0 (Windows NT 10.0; Win64; x64; rv:109.0) Gecko/20100101 Firefox/115.0" web-02.example.com
138.178.63.103 - - [01/Nov/2024:01:11:47 +0000] "GET /dashboard HTTP/1.1" 301 5451 "-" "Mozilla/5.0 (Linux; Android 10; K) AppleWebKit/537.36 (KHTML, like Gecko) Chrome/120.0.0.0 Mobile Safari/537.36" web-02.example.com
192.168.10.97 - - [01/Nov/2024:01:11:53 +0000] "GET /login HTTP/1.1" 302 7925 "-" "Mozilla/5.0 (Windows NT 10.0; Win64; x64; rv:109.0) Gecko/20100101 Firefox/115.0" web-01.example.com
10.7.167.69 - - [01/Nov/2024:01:12:01 +0000] "GET /profile HTTP/1.1" 200 3331 "-" "Mozilla/5.0 (Macintosh; Intel Mac OS X 10_15_7) AppleWebKit/537.36 (KHTML, like Gecko) Chrome/120.0.0.0 Safari/537.36" web-03.example.com
46.72.120.3 - - [01/Nov/2024:01:12:11 +0000] "GET /dashboard HTTP/1.1" 503 6563 "-" "Mozilla/5.0 (Windows NT 10.0; Win64; x64) AppleWebKit/537.36 (KHTML, like Gecko) Chrome/120.0.0.0 Safari/537.36" web-02.example.com
10.111.18.41 - - [01/Nov/2024:01:12:20 +0000] "GET /blog/post-1 HTTP/1.1" 200 5547 "-" "Mozilla/5.0 (Linux; Android 10; K) AppleWebKit/537.36 (KHTML, like Gecko) Chrome/120.0.0.0 Mobile Safari/537.36" web-01.example.com
88.49.171.160 - - [01/Nov/2024:01:12:24 +0000] "POST /login HTTP/1.1" 304 0 "-" "Mozilla/5.0 (Macintosh; Intel Mac OS X 10_15_7) AppleWebKit/537.36 (KHTML, like Gecko) Chrome/120.0.0.0 Safari/537.36" web-01.example.com
203.0.113.174 - - [01/Nov/2024:01:12:31 +0000] "GET /contact HTTP/1.1" 200 6155 "-" "Mozilla/5.0 (Macintosh; Intel Mac OS X 10_15_7) AppleWebKit/537.36 (KHTML, like Gecko) Chrome/120.0.0.0 Safari/537.36" web-02.example.com
148.7.33.48 - - [01/Nov/2024:01:12:39 +0000] "GET /contact HTTP/1.1" 200 2820 "-" "Mozilla/5.0 (Windows NT 10.0; Win64; x64) AppleWebKit/537.36 (KHTML, like Gecko) Chrome/120.0.0.0 Safari/537.36" web-01.example.com
189.147.100.63 - - [01/Nov/2024:01:12:42 +0000] "GET /blog/post-1 HTTP/1.1" 200 9296 "-" "Mozilla/5.0 (Macintosh; Intel Mac OS X 10_15_7) AppleWebKit/537.36 (KHTML, like Gecko) Chrome/120.0.0.0 Safari/537.36" web-02.example.com
137.31.138.74 - - [01/Nov/2024:01:12:43 +0000] "GET / HTTP/1.1" 200 5198 "-" "Mozilla/5.0 (Linux; Android 10; K) AppleWebKit/537.36 (KHTML, like Gecko) Chrome/120.0.0.0 Mobile Safari/537.36" web-03.example.com
43.168.41.252 - - [01/Nov/2024:01:12:51 +0000] "POST /blog/post-1 HTTP/1.1" 200 3616 "-" "Mozilla/5.0 (Macintosh; Intel Mac OS X 10_15_7) AppleWebKit/537.36 (KHTML, like Gecko) Chrome/120.0.0.0 Safari/537.36" web-01.example.com
156.120.60.116 - - [01/Nov/2024:01:13:01 +0000] "GET /static/main.js HTTP/1.1" 302 504 "-" "Mozilla/5.0 (Macintosh; Intel Mac OS X 10_15_7) AppleWebKit/537.36 (KHTML, like Gecko) Chrome/120.0.0.0 Safari/537.36" web-01.example.com
96.30.66.170 - - [01/Nov/2024:01:13:06 +0000] "GET /about HTTP/1.1" 200 11406 "-" "Mozilla/5.0 (iPhone; CPU iPhone OS 16_6_1 like Mac OS X) AppleWebKit/605.1.15 (KHTML, like Gecko) Version/16.6 Mobile/15E148 Safari/604.1" web-03.example.com
86.74.176.121 - - [01/Nov/2024:01:13:16 +0000] "GET /blog/post-1 HTTP/1.1" 302 14550 "-" "Mozilla/5.0 (Macintosh; Intel Mac OS X 10_15_7) AppleWebKit/537.36 (KHTML, like Gecko) Chrome/120.0.0.0 Safari/537.36" web-01.example.com
172.30.73.56 - - [01/Nov/2024:01:13:25 +0000] "GET /images/logo.png HTTP/1.1" 301 6810 "-" "Mozilla/5.0 (Windows NT 10.0; Win64; x64; rv:109.0) Gecko/20100101 Firefox/115.0" web-03.example.com
192.168.97.214 - - [01/Nov/2024:01:13:35 +0000] "GET /static/main.css HTTP/1.1" 302 7516 "-" "Mozilla/5.0 (Macintosh; Intel Mac OS X 10_15_7) AppleWebKit/537.36 (KHTML, like Gecko) Chrome/120.0.0.0 Safari/537.36" web-01.example.com
3.98.147.146 - - [01/Nov/2024:01:13:40 +0000] "GET /profile HTTP/1.1" 301 11179 "-" "Mozilla/5.0 (Macintosh; Intel Mac OS X 10_15_7) AppleWebKit/537.36 (KHTML, like Gecko) Chrome/120.0.0.0 Safari/537.36" web-03.example.com
118.67.53.36 - - [01/Nov/2024:01:13:47 +0000] "DELETE /static/main.js HTTP/1.1" 200 11715 "-" "Mozilla/5.0 (Windows NT 10.0; Win64; x64) AppleWebKit/537.36 (KHTML, like Gecko) Chrome/120.0.0.0 Safari/537.36" web-02.example.com
169.48.126.152 - - [01/Nov/2024:01:13:57 +0000] "GET /blog HTTP/1.1" 304 0 "-" "Mozilla/5.0 (Windows NT 10.0; Win64; x64) AppleWebKit/537.36 (KHTML, like Gecko) Chrome/120.0.0.0 Safari/537.36" web-02.example.com
121.188.101.243 - - [01/Nov/2024:01:14:03 +0000] "GET /logout HTTP/1.1" 200 4019 "-" "Mozilla/5.0 (Linux; Android 10; K) AppleWebKit/537.36 (KHTML, like Gecko) Chrome/120.0.0.0 Mobile Safari/537.36" web-03.example.com
192.168.102.74 - - [01/Nov/2024:01:14:09 +0000] "POST /blog/post-2 HTTP/1.1" 200 348 "-" "Mozilla/5.0 (Linux; Android 10; K) AppleWebKit/537.36 (KHTML, like Gecko) Chrome/120.0.0.0 Mobile Safari/537.36" web-03.example.com
216.217.173.172 - - [01/Nov/2024:01:14:17 +0000] "GET /api/v1/users HTTP/1.1" 200 12291 "-" "Mozilla/5.0 (Windows NT 10.0; Win64; x64; rv:109.0) Gecko/20100101 Firefox/115.0" web-01.example.com
203.0.113.236 - - [01/Nov/2024:01:14:23 +0000] "POST /api/v1/users HTTP/1.1" 403 11724 "-" "Mozilla/5.0 (Windows NT 10.0; Win64; x64; rv:109.0) Gecko/20100101 Firefox/115.0" web-01.example.com
146.157.87.125 - - [01/Nov/2024:01:14:31 +0000] "GET / HTTP/1.1" 200 7188 "-" "Mozilla/5.0 (Windows NT 10.0; Win64; x64) AppleWebKit/537.36 (KHTML, like Gecko) Chrome/120.0.0.0 Safari/537.36" web-02.example.com
203.0.113.103 - - [01/Nov/2024:01:14:41 +0000] "GET /blog/post-1 HTTP/1.1" 200 1934 "-" "Mozilla/5.0 (iPhone; CPU iPhone OS 16_6_1 like Mac OS X) AppleWebKit/605.1.15 (KHTML, like Gecko) Version/16.6 Mobile/15E148 Safari/604.1" web-03.example.com
172.31.45.120 - - [01/Nov/2024:01:14:51 +0000] "GET /images/logo.png HTTP/1.1" 200 5449 "-" "Mozilla/5.0 (Linux; Android 10; K) AppleWebKit/537.36 (KHTML, like Gecko) Chrome/120.0.0.0 Mobile Safari/537.36" web-01.example.com
95.53.77.239 - - [01/Nov/2024:01:14:59 +0000] "GET /login HTTP/1.1" 200 5728 "-" "Mozilla/5.0 (Windows NT 10.0; Win64; x64) AppleWebKit/537.36 (KHTML, like Gecko) Chrome/120.0.0.0 Safari/537.36" web-02.example.com
10.195.190.45 - - [01/Nov/2024:01:15:08 +0000] "GET /api/v1/users HTTP/1.1" 200 9225 "-" "Mozilla/5.0 (iPhone; CPU iPhone OS 16_6_1 like Mac OS X) AppleWebKit/605.1.15 (KHTML, like Gecko) Version/16.6 Mobile/15E148 Safari/604.1" web-02.example.com
103.158.89.171 - - [01/Nov/2024:01:15:15 +0000] "GET /images/logo.png HTTP/1.1" 200 11822 "-" "Mozilla/5.0 (Macintosh; Intel Mac OS X 10_15_7) AppleWebKit/537.36 (KHTML, like Gecko) Chrome/120.0.0.0 Safari/537.36" web-02.example.com
10.2.234.94 - - [01/Nov/2024:01:15:21 +0000] "POST /favicon.ico HTTP/1.1" 403 11338 "-" "Mozilla/5.0 (Linux; Android 10; K) AppleWebKit/537.36 (KHTML, like Gecko) Chrome/120.0.0.0 Mobile Safari/537.36" web-03.example.com
161.70.110.122 - - [01/Nov/2024:01:15:26 +0000] "GET /api/v1/products HTTP/1.1" 200 3377 "-" "Mozilla/5.0 (Windows NT 10.0; Win64; x64) AppleWebKit/537.36 (KHTML, like Gecko) Chrome/120.0.0.0 Safari/537.36" web-02.example.com
22.160.40.205 - - [01/Nov/2024:01:15:32 +0000] "GET /logout HTTP/1.1" 200 1607 "-" "Mozilla/5.0 (iPhone; CPU iPhone OS 16_6_1 like Mac OS X) AppleWebKit/605.1.15 (KHTML, like Gecko) Version/16.6 Mobile/15E148 Safari/604.1" web-01.example.com
60.25.23.196 - - [01/Nov/2024:01:15:36 +0000] "GET /contact HTTP/1.1" 200 11178 "-" "Mozilla/5.0 (Macintosh; Intel Mac OS X 10_15_7) AppleWebKit/537.36 (KHTML, like Gecko) Chrome/120.0.0.0 Safari/537.36" web-01.example.com
33.168.217.77 - - [01/Nov/2024:01:15:45 +0000] "GET /favicon.ico HTTP/1.1" 200 14827 "-" "Mozilla/5.0 (Windows NT 10.0; Win64; x64; rv:109.0) Gecko/20100101 Firefox/115.0" web-02.example.com
116.6.42.94 - - [01/Nov/2024:01:15:52 +0000] "GET /blog/post-2 HTTP/1.1" 301 5571 "-" "Mozilla/5.0 (Windows NT 10.0; Win64; x64) AppleWebKit/537.36 (KHTML, like Gecko) Chrome/120.0.0.0 Safari/537.36" web-01.example.com
1.170.31.8 - - [01/Nov/2024:01:16:02 +0000] "GET /contact HTTP/1.1" 200 8550 "-" "Mozilla/5.0 (Windows NT 10.0; Win64; x64) AppleWebKit/537.36 (KHTML, like Gecko) Chrome/120.0.0.0 Safari/537.36" web-01.example.com
197.220.115.180 - - [01/Nov/2024:01:16:12 +0000] "GET / HTTP/1.1" 302 2402 "-" "Mozilla/5.0 (Windows NT 10.0; Win64; x64; rv:109.0) Gecko/20100101 Firefox/115.0" web-02.example.com
203.0.113.94 - - [01/Nov/2024:01:16:15 +0000] "GET / HTTP/1.1" 200 1919 "-" "Mozilla/5.0 (Windows NT 10.0; Win64; x64) AppleWebKit/537.36 (KHTML, like Gecko) Chrome/120.0.0.0 Safari/537.36" web-02.example.com
117.38.240.91 - - [01/Nov/2024:01:16:23 +0000] "GET /about HTTP/1.1" 200 7976 "-" "Mozilla/5.0 (Macintosh; Intel Mac OS X 10_15_7) AppleWebKit/537.36 (KHTML, like Gecko) Chrome/120.0.0.0 Safari/537.36" web-03.example.com
203.0.113.97 - - [01/Nov/2024:01:16:27 +0000] "GET /images/logo.png HTTP/1.1" 200 2422 "-" "Mozilla/5.0 (iPhone; CPU iPhone OS 16_6_1 like Mac OS X) AppleWebKit/605.1.15 (KHTML, like Gecko) Version/16.6 Mobile/15E148 Safari/604.1" web-03.example.com
179.201.146.181 - - [01/Nov/2024:01:16:37 +0000] "GET /api/v1/products HTTP/1.1" 200 6372 "-" "Mozilla/5.0 (Windows NT 10.0; Win64; x64; rv:109.0) Gecko/20100101 Firefox/115.0" web-03.example.com
178.217.142.185 - - [01/Nov/2024:01:16:41 +0000] "GET / HTTP/1.1" 200 13147 "-" "Mozilla/5.0 (iPhone; CPU iPhone OS 16_6_1 like Mac OS X) AppleWebKit/605.1.15 (KHTML, like Gecko) Version/16.6 Mobile/15E148 Safari/604.1" web-02.example.com
192.168.239.61 - - [01/Nov/2024:01:16:47 +0000] "GET /logout HTTP/1.1" 200 6588 "-" "Mozilla/5.0 (Macintosh; Intel Mac OS X 10_15_7) AppleWebKit/537.36 (KHTML, like Gecko) Chrome/120.0.0.0 Safari/537.36" web-02.example.com
203.0.113.216 - - [01/Nov/2024:01:16:52 +0000] "GET /images/logo.png HTTP/1.1" 200 13020 "-" "Mozilla/5.0 (Linux; Android 10; K) AppleWebKit/537.36 (KHTML, like Gecko) Chrome/120.0.0.0 Mobile Safari/537.36" web-03.example.com
203.0.113.70 - - [01/Nov/2024:01:16:54 +0000] "GET /dashboard HTTP/1.1" 302 14296 "-" "Mozilla/5.0 (Linux; Android 10; K) AppleWebKit/537.36 (KHTML, like Gecko) Chrome/120.0.0.0 Mobile Safari/537.36" web-01.example.com
162.44.102.246 - - [01/Nov/2024:01:16:59 +0000] "GET /api/v1/users HTTP/1.1" 200 4815 "-" "Mozilla/5.0 (iPhone; CPU iPhone OS 16_6_1 like Mac OS X) AppleWebKit/605.1.15 (KHTML, like Gecko) Version/16.6 Mobile/15E148 Safari/604.1" web-03.example.com
165.74.201.6 - - [01/Nov/2024:01:17:06 +0000] "GET /static/main.js HTTP/1.1" 200 5304 "-" "Mozilla/5.0 (iPhone; CPU iPhone OS 16_6_1 like Mac OS X) AppleWebKit/605.1.15 (KHTML, like Gecko) Version/16.6 Mobile/15E148 Safari/604.1" web-02.example.com
129.83.1.160 - - [01/Nov/2024:01:17:16 +0000] "GET /api/v1/products HTTP/1.1" 200 12086 "-" "Mozilla/5.0 (Macintosh; Intel Mac OS X 10_15_7) AppleWebKit/537.36 (KHTML, like Gecko) Chrome/120.0.0.0 Safari/537.36" web-03.example.com
133.135.250.255 - - [01/Nov/2024:01:17:26 +0000] "GET /profile HTTP/1.1" 200 6584 "-" "Mozilla/5.0 (Linux; Android 10; K) AppleWebKit/537.36 (KHTML, like Gecko) Chrome/120.0.0.0 Mobile Safari/537.36" web-01.example.com
203.0.113.19 - - [01/Nov/2024:01:17:32 +0000] "GET /api/v1/products HTTP/1.1" 200 11203 "-" "Mozilla/5.0 (Linux; Android 10; K) AppleWebKit/537.36 (KHTML, like Gecko) Chrome/120.0.0.0 Mobile Safari/537.36" web-02.example.com
216.72.115.202 - - [01/Nov/2024:01:17:33 +0000] "GET / HTTP/1.1" 502 3385 "-" "Mozilla/5.0 (Windows NT 10.0; Win64; x64) AppleWebKit/537.36 (KHTML, like Gecko) Chrome/120.0.0.0 Safari/537.36" web-02.example.com
130.150.165.138 - - [01/Nov/2024:01:17:34 +0000] "POST /logout HTTP/1.1" 200 12185 "-" "Mozilla/5.0 (Macintosh; Intel Mac OS X 10_15_7) AppleWebKit/537.36 (KHTML, like Gecko) Chrome/120.0.0.0 Safari/537.36" web-03.example.com
172.27.152.50 - - [01/Nov/2024:01:17:37 +0000] "GET /login HTTP/1.1" 200 6238 "-" "Mozilla/5.0 (Macintosh; Intel Mac OS X 10_15_7) AppleWebKit/537.36 (KHTML, like Gecko) Chrome/120.0.0.0 Safari/537.36" web-01.example.com
10.200.148.202 - - [01/Nov/2024:01:17:44 +0000] "GET /blog/post-2 HTTP/1.1" 503 4587 "-" "Mozilla/5.0 (Macintosh; Intel Mac OS X 10_15_7) AppleWebKit/537.36 (KHTML, like Gecko) Chrome/120.0.0.0 Safari/537.36" web-03.example.com
172.30.134.235 - - [01/Nov/2024:01:17:53 +0000] "GET /blog/post-1 HTTP/1.1" 403 13057 "-" "Mozilla/5.0 (Windows NT 10.0; Win64; x64) AppleWebKit/537.36 (KHTML, like Gecko) Chrome/120.0.0.0 Safari/537.36" web-03.example.com
181.148.187.219 - - [01/Nov/2024:01:18:02 +0000] "GET /images/logo.png HTTP/1.1" 200 6578 "-" "Mozilla/5.0 (Windows NT 10.0; Win64; x64) AppleWebKit/537.36 (KHTML, like Gecko) Chrome/120.0.0.0 Safari/537.36" web-02.example.com
171.251.46.44 - - [01/Nov/2024:01:18:12 +0000] "GET /images/logo.png HTTP/1.1" 200 8446 "-" "Mozilla/5.0 (Windows NT 10.0; Win64; x64) AppleWebKit/537.36 (KHTML, like Gecko) Chrome/120.0.0.0 Safari/537.36" web-03.example.com
195.135.51.29 - - [01/Nov/2024:01:18:22 +0000] "POST /blog HTTP/1.1" 200 13286 "-" "Mozilla/5.0 (iPhone; CPU iPhone OS 16_6_1 like Mac OS X) AppleWebKit/605.1.15 (KHTML, like Gecko) Version/16.6 Mobile/15E148 Safari/604.1" web-03.example.com
213.64.170.112 - - [01/Nov/2024:01:18:32 +0000] "POST /static/main.js HTTP/1.1" 302 7734 "-" "Mozilla/5.0 (Windows NT 10.0; Win64; x64) AppleWebKit/537.36 (KHTML, like Gecko) Chrome/120.0.0.0 Safari/537.36" web-03.example.com
223.79.153.58 - - [01/Nov/2024:01:18:35 +0000] "GET /about HTTP/1.1" 301 7571 "-" "Mozilla/5.0 (Windows NT 10.0; Win64; x64; rv:109.0) Gecko/20100101 Firefox/115.0" web-03.example.com
10.23.113.253 - - [01/Nov/2024:01:18:36 +0000] "GET /blog/post-1 HTTP/1.1" 200 13975 "-" "Mozilla/5.0 (Windows NT 10.0; Win64; x64) AppleWebKit/537.36 (KHTML, like Gecko) Chrome/120.0.0.0 Safari/537.36" web-01.example.com
172.28.28.93 - - [01/Nov/2024:01:18:42 +0000] "POST /static/main.css HTTP/1.1" 200 8074 "-" "Mozilla/5.0 (Windows NT 10.0; Win64; x64) AppleWebKit/537.36 (KHTML, like Gecko) Chrome/120.0.0.0 Safari/537.36" web-01.example.com
137.76.122.251 - - [01/Nov/2024:01:18:47 +0000] "GET /contact HTTP/1.1" 200 4648 "-" "Mozilla/5.0 (Windows NT 10.0; Win64; x64; rv:109.0) Gecko/20100101 Firefox/115.0" web-01.example.com
40.149.54.66 - - [01/Nov/2024:01:18:57 +0000] "GET /images/logo.png HTTP/1.1" 200 6359 "-" "Mozilla/5.0 (Linux; Android 10; K) AppleWebKit/537.36 (KHTML, like Gecko) Chrome/120.0.0.0 Mobile Safari/537.36" web-02.example.com
88.134.194.90 - - [01/Nov/2024:01:19:00 +0000] "GET /contact HTTP/1.1" 304 0 "-" "Mozilla/5.0 (Macintosh; Intel Mac OS X 10_15_7) AppleWebKit/537.36 (KHTML, like Gecko) Chrome/120.0.0.0 Safari/537.36" web-02.example.com
115.237.35.250 - - [01/Nov/2024:01:19:07 +0000] "POST /contact HTTP/1.1" 400 11655 "-" "Mozilla/5.0 (Macintosh; Intel Mac OS X 10_15_7) AppleWebKit/537.36 (KHTML, like Gecko) Chrome/120.0.0.0 Safari/537.36" web-01.example.com
172.19.150.18 - - [01/Nov/2024:01:19:16 +0000] "GET /api/v1/products HTTP/1.1" 502 8514 "-" "Mozilla/5.0 (Windows NT 10.0; Win64; x64; rv:109.0) Gecko/20100101 Firefox/115.0" web-03.example.com
192.168.114.179 - - [01/Nov/2024:01:19:17 +0000] "GET /images/logo.png HTTP/1.1" 200 1594 "-" "Mozilla/5.0 (Linux; Android 10; K) AppleWebKit/537.36 (KHTML, like Gecko) Chrome/120.0.0.0 Mobile Safari/537.36" web-02.example.com
56.55.171.33 - - [01/Nov/2024:01:19:18 +0000] "GET /blog HTTP/1.1" 200 2348 "-" "Mozilla/5.0 (Linux; Android 10; K) AppleWebKit/537.36 (KHTML, like Gecko) Chrome/120.0.0.0 Mobile Safari/537.36" web-01.example.com
203.0.113.207 - - [01/Nov/2024:01:19:28 +0000] "GET /about HTTP/1.1" 200 2335 "-" "Mozilla/5.0 (Linux; Android 10; K) AppleWebKit/537.36 (KHTML, like Gecko) Chrome/120.0.0.0 Mobile Safari/537.36" web-03.example.com
101.91.179.75 - - [01/Nov/2024:01:19:29 +0000] "GET /static/main.css HTTP/1.1" 404 8758 "-" "Mozilla/5.0 (Windows NT 10.0; Win64; x64) AppleWebKit/537.36 (KHTML, like Gecko) Chrome/120.0.0.0 Safari/537.36" web-03.example.com
149.118.123.51 - - [01/Nov/2024:01:19:32 +0000] "GET /about HTTP/1.1" 200 6165 "-" "Mozilla/5.0 (Windows NT 10.0; Win64; x64) AppleWebKit/537.36 (KHTML, like Gecko) Chrome/120.0.0.0 Safari/537.36" web-01.example.com
12.183.146.144 - - [01/Nov/2024:01:19:34 +0000] "GET / HTTP/1.1" 200 6094 "-" "Mozilla/5.0 (Windows NT 10.0; Win64; x64) AppleWebKit/537.36 (KHTML, like Gecko) Chrome/120.0.0.0 Safari/537.36" web-01.example.com
165.112.1.55 - - [01/Nov/2024:01:19:43 +0000] "GET /blog/post-1 HTTP/1.1" 200 7770 "-" "Mozilla/5.0 (Macintosh; Intel Mac OS X 10_15_7) AppleWebKit/537.36 (KHTML, like Gecko) Chrome/120.0.0.0 Safari/537.36" web-01.example.com
146.110.232.200 - - [01/Nov/2024:01:19:46 +0000] "GET / HTTP/1.1" 200 5204 "-" "Mozilla/5.0 (iPhone; CPU iPhone OS 16_6_1 like Mac OS X) AppleWebKit/605.1.15 (KHTML, like Gecko) Version/16.6 Mobile/15E148 Safari/604.1" web-01.example.com
114.154.39.34 - - [01/Nov/2024:01:19:48 +0000] "HEAD /static/main.css HTTP/1.1" 200 6737 "-" "Mozilla/5.0 (Windows NT 10.0; Win64; x64) AppleWebKit/537.36 (KHTML, like Gecko) Chrome/120.0.0.0 Safari/537.36" web-03.example.com
62.112.250.49 - - [01/Nov/2024:01:19:49 +0000] "GET /images/logo.png HTTP/1.1" 302 718 "-" "Mozilla/5.0 (Macintosh; Intel Mac OS X 10_15_7) AppleWebKit/537.36 (KHTML, like Gecko) Chrome/120.0.0.0 Safari/537.36" web-01.example.com
192.168.194.100 - - [01/Nov/2024:01:19:50 +0000] "PUT /images/logo.png HTTP/1.1" 200 1920 "-" "Mozilla/5.0 (Windows NT 10.0; Win64; x64; rv:109.0) Gecko/20100101 Firefox/115.0" web-02.example.com
9.186.193.60 - - [01/Nov/2024:01:19:53 +0000] "POST /dashboard HTTP/1.1" 200 2360 "-" "Mozilla/5.0 (iPhone; CPU iPhone OS 16_6_1 like Mac OS X) AppleWebKit/605.1.15 (KHTML, like Gecko) Version/16.6 Mobile/15E148 Safari/604.1" web-01.example.com
10.134.169.83 - - [01/Nov/2024:01:19:59 +0000] "GET /static/main.js HTTP/1.1" 200 8315 "-" "Mozilla/5.0 (Windows NT 10.0; Win64; x64) AppleWebKit/537.36 (KHTML, like Gecko) Chrome/120.0.0.0 Safari/537.36" web-02.example.com
10.112.29.204 - - [01/Nov/2024:01:20:09 +0000] "GET /blog/post-2 HTTP/1.1" 301 13547 "-" "Mozilla/5.0 (Macintosh; Intel Mac OS X 10_15_7) AppleWebKit/537.36 (KHTML, like Gecko) Chrome/120.0.0.0 Safari/537.36" web-02.example.com
10.24.43.81 - - [01/Nov/2024:01:20:19 +0000] "GET /api/v1/products HTTP/1.1" 200 4475 "-" "Mozilla/5.0 (Windows NT 10.0; Win64; x64) AppleWebKit/537.36 (KHTML, like Gecko) Chrome/120.0.0.0 Safari/537.36" web-01.example.com
172.24.175.10 - - [01/Nov/2024:01:20:27 +0000] "GET /login HTTP/1.1" 200 8073 "-" "Mozilla/5.0 (Macintosh; Intel Mac OS X 10_15_7) AppleWebKit/537.36 (KHTML, like Gecko) Chrome/120.0.0.0 Safari/537.36" web-03.example.com
175.195.200.131 - - [01/Nov/2024:01:20:36 +0000] "GET /dashboard HTTP/1.1" 404 4187 "-" "Mozilla/5.0 (iPhone; CPU iPhone OS 16_6_1 like Mac OS X) AppleWebKit/605.1.15 (KHTML, like Gecko) Version/16.6 Mobile/15E148 Safari/604.1" web-02.example.com
169.226.45.151 - - [01/Nov/2024:01:20:44 +0000] "GET /api/v1/users HTTP/1.1" 304 0 "-" "Mozilla/5.0 (Windows NT 10.0; Win64; x64) AppleWebKit/537.36 (KHTML, like Gecko) Chrome/120.0.0.0 Safari/537.36" web-02.example.com
48.179.25.164 - - [01/Nov/2024:01:20:48 +0000] "GET /about HTTP/1.1" 200 3362 "-" "Mozilla/5.0 (Macintosh; Intel Mac OS X 10_15_7) AppleWebKit/537.36 (KHTML, like Gecko) Chrome/120.0.0.0 Safari/537.36" web-01.example.com
7.247.120.93 - - [01/Nov/2024:01:20:56 +0000] "GET /dashboard HTTP/1.1" 200 8239 "-" "Mozilla/5.0 (Windows NT 10.0; Win64; x64) AppleWebKit/537.36 (KHTML, like Gecko) Chrome/120.0.0.0 Safari/537.36" web-01.example.com
4.172.19.142 - - [01/Nov/2024:01:21:03 +0000] "GET /profile HTTP/1.1" 200 13052 "-" "Mozilla/5.0 (Macintosh; Intel Mac OS X 10_15_7) AppleWebKit/537.36 (KHTML, like Gecko) Chrome/120.0.0.0 Safari/537.36" web-03.example.com
51.240.147.34 - - [01/Nov/2024:01:21:11 +0000] "GET /blog/post-2 HTTP/1.1" 200 14609 "-" "Mozilla/5.0 (Macintosh; Intel Mac OS X 10_15_7) AppleWebKit/537.36 (KHTML, like Gecko) Chrome/120.0.0.0 Safari/537.36" web-01.example.com
101.155.38.94 - - [01/Nov/2024:01:21:13 +0000] "GET /contact HTTP/1.1" 200 12450 "-" "Mozilla/5.0 (Macintosh; Intel Mac OS X 10_15_7) AppleWebKit/537.36 (KHTML, like Gecko) Chrome/120.0.0.0 Safari/537.36" web-01.example.com
99.117.126.205 - - [01/Nov/2024:01:21:17 +0000] "GET /dashboard HTTP/1.1" 301 13651 "-" "Mozilla/5.0 (Windows NT 10.0; Win64; x64; rv:109.0) Gecko/20100101 Firefox/115.0" web-02.example.com
172.29.175.70 - - [01/Nov/2024:01:21:22 +0000] "PUT /login HTTP/1.1" 304 0 "-" "Mozilla/5.0 (Windows NT 10.0; Win64; x64; rv:109.0) Gecko/20100101 Firefox/115.0" web-02.example.com
172.16.232.90 - - [01/Nov/2024:01:21:24 +0000] "DELETE /favicon.ico HTTP/1.1" 200 5197 "-" "Mozilla/5.0 (Windows NT 10.0; Win64; x64) AppleWebKit/537.36 (KHTML, like Gecko) Chrome/120.0.0.0 Safari/537.36" web-03.example.com
10.222.176.77 - - [01/Nov/2024:01:21:30 +0000] "GET /static/main.css HTTP/1.1" 200 653 "-" "Mozilla/5.0 (iPhone; CPU iPhone OS 16_6_1 like Mac OS X) AppleWebKit/605.1.15 (KHTML, like Gecko) Version/16.6 Mobile/15E148 Safari/604.1" web-02.example.com
5.137.47.171 - - [01/Nov/2024:01:21:33 +0000] "POST /images/logo.png HTTP/1.1" 301 7849 "-" "Mozilla/5.0 (Windows NT 10.0; Win64; x64; rv:109.0) Gecko/20100101 Firefox/115.0" web-02.example.com
203.0.113.175 - - [01/Nov/2024:01:21:41 +0000] "PUT /dashboard HTTP/1.1" 200 1581 "-" "Mozilla/5.0 (iPhone; CPU iPhone OS 16_6_1 like Mac OS X) AppleWebKit/605.1.15 (KHTML, like Gecko) Version/16.6 Mobile/15E148 Safari/604.1" web-03.example.com
110.87.30.143 - - [01/Nov/2024:01:21:42 +0000] "POST /images/logo.png HTTP/1.1" 200 6336 "-" "Mozilla/5.0 (Windows NT 10.0; Win64; x64) AppleWebKit/537.36 (KHTML, like Gecko) Chrome/120.0.0.0 Safari/537.36" web-03.example.com
183.123.151.182 - - [01/Nov/2024:01:21:44 +0000] "GET / HTTP/1.1" 200 14134 "-" "Mozilla/5.0 (Windows NT 10.0; Win64; x64; rv:109.0) Gecko/20100101 Firefox/115.0" web-01.example.com
69.79.32.29 - - [01/Nov/2024:01:21:48 +0000] "GET /blog HTTP/1.1" 200 10292 "-" "Mozilla/5.0 (Windows NT 10.0; Win64; x64) AppleWebKit/537.36 (KHTML, like Gecko) Chrome/120.0.0.0 Safari/537.36" web-01.example.com
192.168.1.17 - - [01/Nov/2024:01:21:52 +0000] "GET /blog/post-1 HTTP/1.1" 200 2866 "-" "Mozilla/5.0 (Linux; Android 10; K) AppleWebKit/537.36 (KHTML, like Gecko) Chrome/120.0.0.0 Mobile Safari/537.36" web-02.example.com
10.146.36.99 - - [01/Nov/2024:01:22:00 +0000] "GET /favicon.ico HTTP/1.1" 200 12454 "-" "Mozilla/5.0 (Macintosh; Intel Mac OS X 10_15_7) AppleWebKit/537.36 (KHTML, like Gecko) Chrome/120.0.0.0 Safari/537.36" web-02.example.com
41.236.132.161 - - [01/Nov/2024:01:22:01 +0000] "GET /blog/post-2 HTTP/1.1" 200 5868 "-" "Mozilla/5.0 (iPhone; CPU iPhone OS 16_6_1 like Mac OS X) AppleWebKit/605.1.15 (KHTML, like Gecko) Version/16.6 Mobile/15E148 Safari/604.1" web-01.example.com
52.49.242.253 - - [01/Nov/2024:01:22:05 +0000] "GET /about HTTP/1.1" 200 11661 "-" "Mozilla/5.0 (Linux; Android 10; K) AppleWebKit/537.36 (KHTML, like Gecko) Chrome/120.0.0.0 Mobile Safari/537.36" web-02.example.com
11.92.141.39 - - [01/Nov/2024:01:22:06 +0000] "GET /contact HTTP/1.1" 302 14725 "-" "Mozilla/5.0 (Linux; Android 10; K) AppleWebKit/537.36 (KHTML, like Gecko) Chrome/120.0.0.0 Mobile Safari/537.36" web-01.example.com
172.21.68.103 - - [01/Nov/2024:01:22:12 +0000] "GET /api/v1/users HTTP/1.1" 400 14508 "-" "Mozilla/5.0 (Windows NT 10.0; Win64; x64) AppleWebKit/537.36 (KHTML, like Gecko) Chrome/120.0.0.0 Safari/537.36" web-03.example.com
44.25.6.56 - - [01/Nov/2024:01:22:18 +0000] "POST /contact HTTP/1.1" 200 6095 "-" "Mozilla/5.0 (iPhone; CPU iPhone OS 16_6_1 like Mac OS X) AppleWebKit/605.1.15 (KHTML, like Gecko) Version/16.6 Mobile/15E148 Safari/604.1" web-03.example.com
10.191.45.99 - - [01/Nov/2024:01:22:21 +0000] "GET /api/v1/users HTTP/1.1" 200 8795 "-" "Mozilla/5.0 (Macintosh; Intel Mac OS X 10_15_7) AppleWebKit/537.36 (KHTML, like Gecko) Chrome/120.0.0.0 Safari/537.36" web-03.example.com
64.170.117.74 - - [01/Nov/2024:01:22:25 +0000] "POST /static/main.js HTTP/1.1" 304 0 "-" "Mozilla/5.0 (iPhone; CPU iPhone OS 16_6_1 like Mac OS X) AppleWebKit/605.1.15 (KHTML, like Gecko) Version/16.6 Mobile/15E148 Safari/604.1" web-03.example.com
192.168.173.140 - - [01/Nov/2024:01:22:27 +0000] "GET /static/main.js HTTP/1.1" 200 10873 "-" "Mozilla/5.0 (Windows NT 10.0; Win64; x64) AppleWebKit/537.36 (KHTML, like Gecko) Chrome/120.0.0.0 Safari/537.36" web-02.example.com
112.218.35.230 - - [01/Nov/2024:01:22:31 +0000] "GET /profile HTTP/1.1" 302 6958 "-" "Mozilla/5.0 (Linux; Android 10; K) AppleWebKit/537.36 (KHTML, like Gecko) Chrome/120.0.0.0 Mobile Safari/537.36" web-01.example.com
118.170.165.17 - - [01/Nov/2024:01:22:41 +0000] "GET /contact HTTP/1.1" 200 14168 "-" "Mozilla/5.0 (Macintosh; Intel Mac OS X 10_15_7) AppleWebKit/537.36 (KHTML, like Gecko) Chrome/120.0.0.0 Safari/537.36" web-01.example.com
203.0.113.94 - - [01/Nov/2024:01:22:49 +0000] "GET /static/main.css HTTP/1.1" 200 2331 "-" "Mozilla/5.0 (iPhone; CPU iPhone OS 16_6_1 like Mac OS X) AppleWebKit/605.1.15 (KHTML, like Gecko) Version/16.6 Mobile/15E148 Safari/604.1" web-03.example.com
130.171.43.2 - - [01/Nov/2024:01:22:55 +0000] "GET /blog/post-1 HTTP/1.1" 200 13209 "-" "Mozilla/5.0 (Linux; Android 10; K) AppleWebKit/537.36 (KHTML, like Gecko) Chrome/120.0.0.0 Mobile Safari/537.36" web-02.example.com
122.57.23.13 - - [01/Nov/2024:01:23:03 +0000] "GET /blog HTTP/1.1" 200 13875 "-" "Mozilla/5.0 (Windows NT 10.0; Win64; x64) AppleWebKit/537.36 (KHTML, like Gecko) Chrome/120.0.0.0 Safari/537.36" web-03.example.com
192.168.179.225 - - [01/Nov/2024:01:23:07 +0000] "GET /api/v1/users HTTP/1.1" 200 14470 "-" "Mozilla/5.0 (iPhone; CPU iPhone OS 16_6_1 like Mac OS X) AppleWebKit/605.1.15 (KHTML, like Gecko) Version/16.6 Mobile/15E148 Safari/604.1" web-02.example.com
42.171.162.112 - - [01/Nov/2024:01:23:12 +0000] "POST /api/v1/products HTTP/1.1" 200 2018 "-" "Mozilla/5.0 (Windows NT 10.0; Win64; x64; rv:109.0) Gecko/20100101 Firefox/115.0" web-03.example.com
148.94.200.128 - - [01/Nov/2024:01:23:15 +0000] "GET / HTTP/1.1" 200 7082 "-" "Mozilla/5.0 (Linux; Android 10; K) AppleWebKit/537.36 (KHTML, like Gecko) Chrome/120.0.0.0 Mobile Safari/537.36" web-03.example.com
209.88.100.105 - - [01/Nov/2024:01:23:20 +0000] "GET /profile HTTP/1.1" 304 0 "-" "Mozilla/5.0 (Linux; Android 10; K) AppleWebKit/537.36 (KHTML, like Gecko) Chrome/120.0.0.0 Mobile Safari/537.36" web-03.example.com
219.232.101.159 - - [01/Nov/2024:01:23:29 +0000] "GET /static/main.css HTTP/1.1" 200 8570 "-" "Mozilla/5.0 (Macintosh; Intel Mac OS X 10_15_7) AppleWebKit/537.36 (KHTML, like Gecko) Chrome/120.0.0.0 Safari/537.36" web-03.example.com
140.162.252.128 - - [01/Nov/2024:01:23:31 +0000] "GET /dashboard HTTP/1.1" 200 2861 "-" "Mozilla/5.0 (iPhone; CPU iPhone OS 16_6_1 like Mac OS X) AppleWebKit/605.1.15 (KHTML, like Gecko) Version/16.6 Mobile/15E148 Safari/604.1" web-01.example.com
113.194.149.245 - - [01/Nov/2024:01:23:34 +0000] "DELETE /dashboard HTTP/1.1" 200 9831 "-" "Mozilla/5.0 (Macintosh; Intel Mac OS X 10_15_7) AppleWebKit/537.36 (KHTML, like Gecko) Chrome/120.0.0.0 Safari/537.36" web-03.example.com
61.236.166.4 - - [01/Nov/2024:01:23:42 +0000] "POST /blog/post-1 HTTP/1.1" 200 12956 "-" "Mozilla/5.0 (Windows NT 10.0; Win64; x64; rv:109.0) Gecko/20100101 Firefox/115.0" web-03.example.com
10.184.222.110 - - [01/Nov/2024:01:23:48 +0000] "GET /profile HTTP/1.1" 301 5381 "-" "Mozilla/5.0 (Linux; Android 10; K) AppleWebKit/537.36 (KHTML, like Gecko) Chrome/120.0.0.0 Mobile Safari/537.36" web-03.example.com
31.189.15.232 - - [01/Nov/2024:01:23:56 +0000] "GET /dashboard HTTP/1.1" 200 6521 "-" "Mozilla/5.0 (Linux; Android 10; K) AppleWebKit/537.36 (KHTML, like Gecko) Chrome/120.0.0.0 Mobile Safari/537.36" web-02.example.com
154.250.64.215 - - [01/Nov/2024:01:24:05 +0000] "GET /dashboard HTTP/1.1" 200 4761 "-" "Mozilla/5.0 (Macintosh; Intel Mac OS X 10_15_7) AppleWebKit/537.36 (KHTML, like Gecko) Chrome/120.0.0.0 Safari/537.36" web-02.example.com
51.141.235.194 - - [01/Nov/2024:01:24:10 +0000] "GET /api/v1/products HTTP/1.1" 200 4225 "-" "Mozilla/5.0 (iPhone; CPU iPhone OS 16_6_1 like Mac OS X) AppleWebKit/605.1.15 (KHTML, like Gecko) Version/16.6 Mobile/15E148 Safari/604.1" web-02.example.com
50.189.172.74 - - [01/Nov/2024:01:24:18 +0000] "POST / HTTP/1.1" 301 9182 "-" "Mozilla/5.0 (Macintosh; Intel Mac OS X 10_15_7) AppleWebKit/537.36 (KHTML, like Gecko) Chrome/120.0.0.0 Safari/537.36" web-02.example.com
64.39.203.104 - - [01/Nov/2024:01:24:26 +0000] "GET /profile HTTP/1.1" 400 8483 "-" "Mozilla/5.0 (iPhone; CPU iPhone OS 16_6_1 like Mac OS X) AppleWebKit/605.1.15 (KHTML, like Gecko) Version/16.6 Mobile/15E148 Safari/604.1" web-01.example.com
30.17.147.165 - - [01/Nov/2024:01:24:34 +0000] "GET /contact HTTP/1.1" 400 10071 "-" "Mozilla/5.0 (iPhone; CPU iPhone OS 16_6_1 like Mac OS X) AppleWebKit/605.1.15 (KHTML, like Gecko) Version/16.6 Mobile/15E148 Safari/604.1" web-01.example.com
172.246.7.110 - - [01/Nov/2024:01:24:39 +0000] "DELETE /favicon.ico HTTP/1.1" 200 6421 "-" "Mozilla/5.0 (iPhone; CPU iPhone OS 16_6_1 like Mac OS X) AppleWebKit/605.1.15 (KHTML, like Gecko) Version/16.6 Mobile/15E148 Safari/604.1" web-02.example.com
203.0.113.78 - - [01/Nov/2024:01:24:46 +0000] "GET /images/logo.png HTTP/1.1" 200 1860 "-" "Mozilla/5.0 (Linux; Android 10; K) AppleWebKit/537.36 (KHTML, like Gecko) Chrome/120.0.0.0 Mobile Safari/537.36" web-02.example.com
2.43.241.63 - - [01/Nov/2024:01:24:54 +0000] "POST /about HTTP/1.1" 200 3260 "-" "Mozilla/5.0 (Windows NT 10.0; Win64; x64) AppleWebKit/537.36 (KHTML, like Gecko) Chrome/120.0.0.0 Safari/537.36" web-03.example.com
188.190.206.171 - - [01/Nov/2024:01:25:03 +0000] "GET /blog/post-1 HTTP/1.1" 200 6490 "-" "Mozilla/5.0 (iPhone; CPU iPhone OS 16_6_1 like Mac OS X) AppleWebKit/605.1.15 (KHTML, like Gecko) Version/16.6 Mobile/15E148 Safari/604.1" web-02.example.com
121.118.59.191 - - [01/Nov/2024:01:25:06 +0000] "GET /profile HTTP/1.1" 404 10144 "-" "Mozilla/5.0 (Windows NT 10.0; Win64; x64; rv:109.0) Gecko/20100101 Firefox/115.0" web-03.example.com
118.158.5.4 - - [01/Nov/2024:01:25:08 +0000] "GET /blog/post-1 HTTP/1.1" 200 2313 "-" "Mozilla/5.0 (Windows NT 10.0; Win64; x64) AppleWebKit/537.36 (KHTML, like Gecko) Chrome/120.0.0.0 Safari/537.36" web-01.example.com
197.167.35.236 - - [01/Nov/2024:01:25:15 +0000] "GET /static/main.js HTTP/1.1" 200 2668 "-" "Mozilla/5.0 (Macintosh; Intel Mac OS X 10_15_7) AppleWebKit/537.36 (KHTML, like Gecko) Chrome/120.0.0.0 Safari/537.36" web-02.example.com
137.128.127.69 - - [01/Nov/2024:01:25:19 +0000] "DELETE /logout HTTP/1.1" 200 5092 "-" "Mozilla/5.0 (Macintosh; Intel Mac OS X 10_15_7) AppleWebKit/537.36 (KHTML, like Gecko) Chrome/120.0.0.0 Safari/537.36" web-02.example.com
80.41.22.159 - - [01/Nov/2024:01:25:24 +0000] "GET /about HTTP/1.1" 500 8844 "-" "Mozilla/5.0 (Windows NT 10.0; Win64; x64; rv:109.0) Gecko/20100101 Firefox/115.0" web-02.example.com
10.194.225.110 - - [01/Nov/2024:01:25:31 +0000] "GET /favicon.ico HTTP/1.1" 200 1272 "-" "Mozilla/5.0 (Macintosh; Intel Mac OS X 10_15_7) AppleWebKit/537.36 (KHTML, like Gecko) Chrome/120.0.0.0 Safari/537.36" web-01.example.com
194.247.122.9 - - [01/Nov/2024:01:25:37 +0000] "GET /login HTTP/1.1" 200 12458 "-" "Mozilla/5.0 (Macintosh; Intel Mac OS X 10_15_7) AppleWebKit/537.36 (KHTML, like Gecko) Chrome/120.0.0.0 Safari/537.36" web-01.example.com
46.53.150.215 - - [01/Nov/2024:01:25:43 +0000] "GET /logout HTTP/1.1" 400 7518 "-" "Mozilla/5.0 (Windows NT 10.0; Win64; x64; rv:109.0) Gecko/20100101 Firefox/115.0" web-01.example.com
192.168.180.28 - - [01/Nov/2024:01:25:50 +0000] "GET /images/logo.png HTTP/1.1" 302 8622 "-" "Mozilla/5.0 (Windows NT 10.0; Win64; x64) AppleWebKit/537.36 (KHTML, like Gecko) Chrome/120.0.0.0 Safari/537.36" web-03.example.com
203.0.113.82 - - [01/Nov/2024:01:25:52 +0000] "POST /static/main.js HTTP/1.1" 200 2356 "-" "Mozilla/5.0 (Windows NT 10.0; Win64; x64) AppleWebKit/537.36 (KHTML, like Gecko) Chrome/120.0.0.0 Safari/537.36" web-01.example.com
113.158.2.151 - - [01/Nov/2024:01:25:53 +0000] "GET /favicon.ico HTTP/1.1" 200 218 "-" "Mozilla/5.0 (Linux; Android 10; K) AppleWebKit/537.36 (KHTML, like Gecko) Chrome/120.0.0.0 Mobile Safari/537.36" web-01.example.com
203.0.113.21 - - [01/Nov/2024:01:25:58 +0000] "GET /favicon.ico HTTP/1.1" 200 6430 "-" "Mozilla/5.0 (iPhone; CPU iPhone OS 16_6_1 like Mac OS X) AppleWebKit/605.1.15 (KHTML, like Gecko) Version/16.6 Mobile/15E148 Safari/604.1" web-01.example.com
18.112.144.146 - - [01/Nov/2024:01:26:04 +0000] "GET / HTTP/1.1" 304 0 "-" "Mozilla/5.0 (iPhone; CPU iPhone OS 16_6_1 like Mac OS X) AppleWebKit/605.1.15 (KHTML, like Gecko) Version/16.6 Mobile/15E148 Safari/604.1" web-01.example.com
10.222.232.22 - - [01/Nov/2024:01:26:06 +0000] "GET /dashboard HTTP/1.1" 200 985 "-" "Mozilla/5.0 (Windows NT 10.0; Win64; x64) AppleWebKit/537.36 (KHTML, like Gecko) Chrome/120.0.0.0 Safari/537.36" web-01.example.com
10.230.24.230 - - [01/Nov/2024:01:26:15 +0000] "GET /images/logo.png HTTP/1.1" 200 9420 "-" "Mozilla/5.0 (Windows NT 10.0; Win64; x64; rv:109.0) Gecko/20100101 Firefox/115.0" web-01.example.com
172.172.239.135 - - [01/Nov/2024:01:26:23 +0000] "GET /logout HTTP/1.1" 200 11242 "-" "Mozilla/5.0 (Windows NT 10.0; Win64; x64; rv:109.0) Gecko/20100101 Firefox/115.0" web-03.example.com
69.64.77.100 - - [01/Nov/2024:01:26:31 +0000] "GET /static/main.js HTTP/1.1" 200 2334 "-" "Mozilla/5.0 (Macintosh; Intel Mac OS X 10_15_7) AppleWebKit/537.36 (KHTML, like Gecko) Chrome/120.0.0.0 Safari/537.36" web-01.example.com
166.84.26.140 - - [01/Nov/2024:01:26:33 +0000] "GET /favicon.ico HTTP/1.1" 200 10557 "-" "Mozilla/5.0 (Windows NT 10.0; Win64; x64; rv:109.0) Gecko/20100101 Firefox/115.0" web-01.example.com
39.125.23.152 - - [01/Nov/2024:01:26:43 +0000] "GET /dashboard HTTP/1.1" 200 12392 "-" "Mozilla/5.0 (Windows NT 10.0; Win64; x64) AppleWebKit/537.36 (KHTML, like Gecko) Chrome/120.0.0.0 Safari/537.36" web-02.example.com
203.0.113.210 - - [01/Nov/2024:01:26:45 +0000] "GET /blog/post-1 HTTP/1.1" 200 13387 "-" "Mozilla/5.0 (iPhone; CPU iPhone OS 16_6_1 like Mac OS X) AppleWebKit/605.1.15 (KHTML, like Gecko) Version/16.6 Mobile/15E148 Safari/604.1" web-02.example.com
35.242.123.142 - - [01/Nov/2024:01:26:48 +0000] "HEAD /blog HTTP/1.1" 200 8310 "-" "Mozilla/5.0 (Windows NT 10.0; Win64; x64) AppleWebKit/537.36 (KHTML, like Gecko) Chrome/120.0.0.0 Safari/537.36" web-03.example.com
159.18.10.229 - - [01/Nov/2024:01:26:53 +0000] "GET / HTTP/1.1" 200 12728 "-" "Mozilla/5.0 (Linux; Android 10; K) AppleWebKit/537.36 (KHTML, like Gecko) Chrome/120.0.0.0 Mobile Safari/537.36" web-02.example.com
192.168.138.96 - - [01/Nov/2024:01:27:02 +0000] "GET / HTTP/1.1" 200 6473 "-" "Mozilla/5.0 (Linux; Android 10; K) AppleWebKit/537.36 (KHTML, like Gecko) Chrome/120.0.0.0 Mobile Safari/537.36" web-01.example.com
172.17.119.181 - - [01/Nov/2024:01:27:12 +0000] "GET /profile HTTP/1.1" 200 8479 "-" "Mozilla/5.0 (Macintosh; Intel Mac OS X 10_15_7) AppleWebKit/537.36 (KHTML, like Gecko) Chrome/120.0.0.0 Safari/537.36" web-02.example.com
175.167.57.141 - - [01/Nov/2024:01:27:14 +0000] "GET /blog/post-2 HTTP/1.1" 304 0 "-" "Mozilla/5.0 (Linux; Android 10; K) AppleWebKit/537.36 (KHTML, like Gecko) Chrome/120.0.0.0 Mobile Safari/537.36" web-01.example.com
185.52.77.243 - - [01/Nov/2024:01:27:16 +0000] "GET /api/v1/products HTTP/1.1" 200 11975 "-" "Mozilla/5.0 (iPhone; CPU iPhone OS 16_6_1 like Mac OS X) AppleWebKit/605.1.15 (KHTML, like Gecko) Version/16.6 Mobile/15E148 Safari/604.1" web-03.example.com
144.87.219.5 - - [01/Nov/2024:01:27:19 +0000] "GET /images/logo.png HTTP/1.1" 200 449 "-" "Mozilla/5.0 (Linux; Android 10; K) AppleWebKit/537.36 (KHTML, like Gecko) Chrome/120.0.0.0 Mobile Safari/537.36" web-01.example.com
12.215.213.204 - - [01/Nov/2024:01:27:29 +0000] "GET /api/v1/products HTTP/1.1" 403 7942 "-" "Mozilla/5.0 (iPhone; CPU iPhone OS 16_6_1 like Mac OS X) AppleWebKit/605.1.15 (KHTML, like Gecko) Version/16.6 Mobile/15E148 Safari/604.1" web-02.example.com
158.0.232.36 - - [01/Nov/2024:01:27:38 +0000] "GET /about HTTP/1.1" 200 6220 "-" "Mozilla/5.0 (Windows NT 10.0; Win64; x64; rv:109.0) Gecko/20100101 Firefox/115.0" web-01.example.com
145.9.54.148 - - [01/Nov/2024:01:27:40 +0000] "GET /about HTTP/1.1" 200 6142 "-" "Mozilla/5.0 (Windows NT 10.0; Win64; x64) AppleWebKit/537.36 (KHTML, like Gecko) Chrome/120.0.0.0 Safari/537.36" web-02.example.com
172.19.151.98 - - [01/Nov/2024:01:27:50 +0000] "GET /favicon.ico HTTP/1.1" 200 3710 "-" "Mozilla/5.0 (Linux; Android 10; K) AppleWebKit/537.36 (KHTML, like Gecko) Chrome/120.0.0.0 Mobile Safari/537.36" web-03.example.com
117.200.94.101 - - [01/Nov/2024:01:28:00 +0000] "DELETE /about HTTP/1.1" 200 1556 "-" "Mozilla/5.0 (iPhone; CPU iPhone OS 16_6_1 like Mac OS X) AppleWebKit/605.1.15 (KHTML, like Gecko) Version/16.6 Mobile/15E148 Safari/604.1" web-01.example.com
222.58.192.221 - - [01/Nov/2024:01:28:08 +0000] "GET /dashboard HTTP/1.1" 200 10632 "-" "Mozilla/5.0 (Windows NT 10.0; Win64; x64) AppleWebKit/537.36 (KHTML, like Gecko) Chrome/120.0.0.0 Safari/537.36" web-02.example.com
87.11.125.74 - - [01/Nov/2024:01:28:18 +0000] "GET / HTTP/1.1" 200 14388 "-" "Mozilla/5.0 (Windows NT 10.0; Win64; x64; rv:109.0) Gecko/20100101 Firefox/115.0" web-03.example.com
81.160.55.134 - - [01/Nov/2024:01:28:20 +0000] "POST /blog HTTP/1.1" 502 10597 "-" "Mozilla/5.0 (Linux; Android 10; K) AppleWebKit/537.36 (KHTML, like Gecko) Chrome/120.0.0.0 Mobile Safari/537.36" web-03.example.com
128.64.219.157 - - [01/Nov/2024:01:28:27 +0000] "GET / HTTP/1.1" 400 5089 "-" "Mozilla/5.0 (Linux; Android 10; K) AppleWebKit/537.36 (KHTML, like Gecko) Chrome/120.0.0.0 Mobile Safari/537.36" web-01.example.com
10.183.185.194 - - [01/Nov/2024:01:28:37 +0000] "GET /api/v1/users HTTP/1.1" 200 10498 "-" "Mozilla/5.0 (Windows NT 10.0; Win64; x64; rv:109.0) Gecko/20100101 Firefox/115.0" web-03.example.com
39.55.239.254 - - [01/Nov/2024:01:28:46 +0000] "GET /blog HTTP/1.1" 301 7291 "-" "Mozilla/5.0 (Macintosh; Intel Mac OS X 10_15_7) AppleWebKit/537.36 (KHTML, like Gecko) Chrome/120.0.0.0 Safari/537.36" web-02.example.com
81.84.240.24 - - [01/Nov/2024:01:28:52 +0000] "GET / HTTP/1.1" 200 7396 "-" "Mozilla/5.0 (Linux; Android 10; K) AppleWebKit/537.36 (KHTML, like Gecko) Chrome/120.0.0.0 Mobile Safari/537.36" web-01.example.com
172.23.109.224 - - [01/Nov/2024:01:28:54 +0000] "GET /login HTTP/1.1" 200 4036 "-" "Mozilla/5.0 (Linux; Android 10; K) AppleWebKit/537.36 (KHTML, like Gecko) Chrome/120.0.0.0 Mobile Safari/537.36" web-03.example.com
192.168.171.248 - - [01/Nov/2024:01:29:01 +0000] "POST /blog/post-1 HTTP/1.1" 200 1481 "-" "Mozilla/5.0 (Windows NT 10.0; Win64; x64) AppleWebKit/537.36 (KHTML, like Gecko) Chrome/120.0.0.0 Safari/537.36" web-02.example.com
10.221.208.51 - - [01/Nov/2024:01:29:06 +0000] "POST /images/logo.png HTTP/1.1" 200 2598 "-" "Mozilla/5.0 (Windows NT 10.0; Win64; x64; rv:109.0) Gecko/20100101 Firefox/115.0" web-02.example.com
193.13.26.20 - - [01/Nov/2024:01:29:09 +0000] "GET /api/v1/products HTTP/1.1" 400 4522 "-" "Mozilla/5.0 (Macintosh; Intel Mac OS X 10_15_7) AppleWebKit/537.36 (KHTML, like Gecko) Chrome/120.0.0.0 Safari/537.36" web-01.example.com
192.168.203.136 - - [01/Nov/2024:01:29:15 +0000] "GET /api/v1/products HTTP/1.1" 200 13833 "-" "Mozilla/5.0 (iPhone; CPU iPhone OS 16_6_1 like Mac OS X) AppleWebKit/605.1.15 (KHTML, like Gecko) Version/16.6 Mobile/15E148 Safari/604.1" web-01.example.com
194.76.251.242 - - [01/Nov/2024:01:29:22 +0000] "GET /static/main.css HTTP/1.1" 200 5315 "-" "Mozilla/5.0 (Windows NT 10.0; Win64; x64) AppleWebKit/537.36 (KHTML, like Gecko) Chrome/120.0.0.0 Safari/537.36" web-02.example.com
79.96.155.159 - - [01/Nov/2024:01:29:23 +0000] "GET /blog HTTP/1.1" 200 13755 "-" "Mozilla/5.0 (Macintosh; Intel Mac OS X 10_15_7) AppleWebKit/537.36 (KHTML, like Gecko) Chrome/120.0.0.0 Safari/537.36" web-03.example.com
31.255.36.42 - - [01/Nov/2024:01:29:32 +0000] "GET /about HTTP/1.1" 200 7249 "-" "Mozilla/5.0 (Windows NT 10.0; Win64; x64; rv:109.0) Gecko/20100101 Firefox/115.0" web-03.example.com
193.57.128.3 - - [01/Nov/2024:01:29:35 +0000] "GET / HTTP/1.1" 302 3904 "-" "Mozilla/5.0 (iPhone; CPU iPhone OS 16_6_1 like Mac OS X) AppleWebKit/605.1.15 (KHTML, like Gecko) Version/16.6 Mobile/15E148 Safari/604.1" web-02.example.com
172.18.42.188 - - [01/Nov/2024:01:29:36 +0000] "GET /favicon.ico HTTP/1.1" 200 6191 "-" "Mozilla/5.0 (iPhone; CPU iPhone OS 16_6_1 like Mac OS X) AppleWebKit/605.1.15 (KHTML, like Gecko) Version/16.6 Mobile/15E148 Safari/604.1" web-03.example.com
187.246.19.39 - - [01/Nov/2024:01:29:38 +0000] "GET / HTTP/1.1" 200 774 "-" "Mozilla/5.0 (Macintosh; Intel Mac OS X 10_15_7) AppleWebKit/537.36 (KHTML, like Gecko) Chrome/120.0.0.0 Safari/537.36" web-02.example.com
172.26.32.250 - - [01/Nov/2024:01:29:41 +0000] "GET /blog/post-2 HTTP/1.1" 200 4601 "-" "Mozilla/5.0 (Windows NT 10.0; Win64; x64; rv:109.0) Gecko/20100101 Firefox/115.0" web-01.example.com
180.22.43.69 - - [01/Nov/2024:01:29:47 +0000] "GET /profile HTTP/1.1" 200 13710 "-" "Mozilla/5.0 (Macintosh; Intel Mac OS X 10_15_7) AppleWebKit/537.36 (KHTML, like Gecko) Chrome/120.0.0.0 Safari/537.36" web-03.example.com
172.29.199.31 - - [01/Nov/2024:01:29:51 +0000] "POST /profile HTTP/1.1" 200 13463 "-" "Mozilla/5.0 (Linux; Android 10; K) AppleWebKit/537.36 (KHTML, like Gecko) Chrome/120.0.0.0 Mobile Safari/537.36" web-03.example.com
120.144.142.150 - - [01/Nov/2024:01:29:55 +0000] "GET /contact HTTP/1.1" 302 4873 "-" "Mozilla/5.0 (Windows NT 10.0; Win64; x64) AppleWebKit/537.36 (KHTML, like Gecko) Chrome/120.0.0.0 Safari/537.36" web-01.example.com
158.172.229.180 - - [01/Nov/2024:01:30:04 +0000] "POST /profile HTTP/1.1" 304 0 "-" "Mozilla/5.0 (Linux; Android 10; K) AppleWebKit/537.36 (KHTML, like Gecko) Chrome/120.0.0.0 Mobile Safari/537.36" web-02.example.com
39.89.237.88 - - [01/Nov/2024:01:30:06 +0000] "GET /logout HTTP/1.1" 200 12376 "-" "Mozilla/5.0 (Windows NT 10.0; Win64; x64; rv:109.0) Gecko/20100101 Firefox/115.0" web-03.example.com
